2018-09-23 10:43:26,582 - mylogger - INFO - 123
2018-09-23 10:58:43,475 - mylogger - INFO - 进入排位赛
2018-09-23 10:58:43,517 - mylogger - INFO - 正在匹配中......
2018-09-23 10:58:53,816 - mylogger - INFO - 匹配成功
2018-09-23 10:58:53,817 - mylogger - INFO - 获取题目
2018-09-23 10:58:56,827 - mylogger - INFO - 成语“背水一战”是哪位楚汉时期历史人物的典故？
2018-09-23 10:58:57,740 - mylogger - INFO - ['赵云', '韩信', '诸葛亮']
2018-09-23 10:58:57,744 - mylogger - INFO - 数据库中检索答案
2018-09-23 10:58:57,744 - mylogger - INFO - 数据中无答案
2018-09-23 10:58:57,744 - mylogger - INFO - 在线检索答案
2018-09-23 10:58:58,726 - mylogger - INFO - 我的答案：韩信
2018-09-23 10:58:59,367 - mylogger - INFO - 选择选项
2018-09-23 10:59:01,841 - mylogger - INFO - 答案正确
2018-09-23 10:59:01,841 - mylogger - INFO - 更新答案
2018-09-23 10:59:03,195 - mylogger - INFO - 获取题目
2018-09-23 10:59:05,004 - mylogger - INFO - 我国古代著名的农书《齐民要术》的作者是谁？
2018-09-23 10:59:05,994 - mylogger - INFO - ['宋应星', '范蠡', '贾思勰']
2018-09-23 10:59:05,999 - mylogger - INFO - 数据库中检索答案
2018-09-23 10:59:05,999 - mylogger - INFO - 数据中无答案
2018-09-23 10:59:06,000 - mylogger - INFO - 在线检索答案
2018-09-23 10:59:06,466 - mylogger - INFO - 我的答案：贾思勰
2018-09-23 10:59:06,993 - mylogger - INFO - 选择选项
2018-09-23 10:59:09,416 - mylogger - INFO - 答案正确
2018-09-23 10:59:09,416 - mylogger - INFO - 更新答案
2018-09-23 10:59:10,765 - mylogger - INFO - 获取题目
2018-09-23 10:59:13,720 - mylogger - INFO - 以下哪一架是现代世界上最小巧的超音速战略轰炸机？
2018-09-23 10:59:14,652 - mylogger - INFO - ['图-95', 'B-29', '幻影IV']
2018-09-23 10:59:14,657 - mylogger - INFO - 数据库中检索答案
2018-09-23 10:59:14,658 - mylogger - INFO - 数据中无答案
2018-09-23 10:59:14,658 - mylogger - INFO - 在线检索答案
2018-09-23 10:59:15,584 - mylogger - INFO - 我的答案：幻影IV
2018-09-23 10:59:16,309 - mylogger - INFO - 选择选项
2018-09-23 10:59:18,711 - mylogger - INFO - 答案正确
2018-09-23 10:59:18,712 - mylogger - INFO - 更新答案
2018-09-23 10:59:20,049 - mylogger - INFO - 获取题目
2018-09-23 10:59:21,912 - mylogger - INFO - ofo小黄车的代言人是谁？
2018-09-23 10:59:22,843 - mylogger - INFO - ['鹿晗', '吴亦凡', '谢娜']
2018-09-23 10:59:22,847 - mylogger - INFO - 数据库中检索答案
2018-09-23 10:59:22,847 - mylogger - INFO - 数据中无答案
2018-09-23 10:59:22,848 - mylogger - INFO - 在线检索答案
2018-09-23 10:59:23,661 - mylogger - INFO - 我的答案：鹿晗
2018-09-23 10:59:24,220 - mylogger - INFO - 选择选项
2018-09-23 10:59:26,651 - mylogger - INFO - 答案正确
2018-09-23 10:59:26,651 - mylogger - INFO - 更新答案
2018-09-23 10:59:28,053 - mylogger - INFO - 获取题目
2018-09-23 10:59:31,041 - mylogger - INFO - 有微笑天使之称的宠物犬是什么犬？
2018-09-23 10:59:32,029 - mylogger - INFO - ['拉布拉多', '阿拉斯加', '萨摩耶']
2018-09-23 10:59:32,034 - mylogger - INFO - 数据库中检索答案
2018-09-23 10:59:32,034 - mylogger - INFO - 数据中无答案
2018-09-23 10:59:32,034 - mylogger - INFO - 在线检索答案
2018-09-23 10:59:33,046 - mylogger - INFO - 我的答案：萨摩耶
2018-09-23 10:59:33,618 - mylogger - INFO - 选择选项
2018-09-23 10:59:36,022 - mylogger - INFO - 答案正确
2018-09-23 10:59:36,023 - mylogger - INFO - 更新答案
2018-09-23 10:59:50,514 - mylogger - INFO - 进入排位赛
2018-09-23 10:59:50,515 - mylogger - INFO - 正在匹配中......
2018-09-23 11:00:03,034 - mylogger - INFO - 匹配成功
2018-09-23 11:00:03,035 - mylogger - INFO - 获取题目
2018-09-23 11:00:06,079 - mylogger - INFO - 英格兰男足国家队上一任主帅是？
2018-09-23 11:00:06,970 - mylogger - INFO - ['霍奇森', '阿勒代斯', '埃里克森']
2018-09-23 11:00:06,975 - mylogger - INFO - 数据库中检索答案
2018-09-23 11:00:06,975 - mylogger - INFO - 数据中无答案
2018-09-23 11:00:06,975 - mylogger - INFO - 在线检索答案
2018-09-23 11:00:08,012 - mylogger - INFO - 我的答案：霍奇森
2018-09-23 11:00:08,586 - mylogger - INFO - 选择选项
2018-09-23 11:00:11,013 - mylogger - INFO - 答案错误
2018-09-23 11:00:11,147 - mylogger - INFO - 正确答案是；阿勒代斯
2018-09-23 11:00:11,147 - mylogger - INFO - 更新答案
2018-09-23 11:00:12,443 - mylogger - INFO - 获取题目
2018-09-23 11:00:14,219 - mylogger - INFO - 熟油海椒是哪个菜系经常使用的调味品？
2018-09-23 11:00:15,108 - mylogger - INFO - ['闽菜', '粤菜', '川菜']
2018-09-23 11:00:15,114 - mylogger - INFO - 数据库中检索答案
2018-09-23 11:00:15,114 - mylogger - INFO - 数据中无答案
2018-09-23 11:00:15,114 - mylogger - INFO - 在线检索答案
2018-09-23 11:00:15,903 - mylogger - INFO - 我的答案：川菜
2018-09-23 11:00:16,439 - mylogger - INFO - 选择选项
2018-09-23 11:00:18,896 - mylogger - INFO - 答案正确
2018-09-23 11:00:18,896 - mylogger - INFO - 更新答案
2018-09-23 11:00:22,343 - mylogger - INFO - 获取题目
2018-09-23 11:00:25,216 - mylogger - INFO - 第一宇宙速度是多少？
2018-09-23 11:00:26,071 - mylogger - INFO - ['5 km/s', '7.9 km/s', '6.5 km/s']
2018-09-23 11:00:26,075 - mylogger - INFO - 数据库中检索答案
2018-09-23 11:00:26,076 - mylogger - INFO - 数据中无答案
2018-09-23 11:00:26,076 - mylogger - INFO - 在线检索答案
2018-09-23 11:00:26,868 - mylogger - INFO - 我的答案：5 km/s
2018-09-23 11:00:27,440 - mylogger - INFO - 选择选项
2018-09-23 11:00:29,872 - mylogger - INFO - 答案错误
2018-09-23 11:00:30,016 - mylogger - INFO - 正确答案是；7.9 km/s
2018-09-23 11:00:30,016 - mylogger - INFO - 更新答案
2018-09-23 11:00:31,371 - mylogger - INFO - 获取题目
2018-09-23 11:00:33,204 - mylogger - INFO - 电视节目《饭局狼人杀》的主持人是以下哪位？
2018-09-23 11:00:34,100 - mylogger - INFO - ['陈赫', '吴秀波', '马东']
2018-09-23 11:00:34,105 - mylogger - INFO - 数据库中检索答案
2018-09-23 11:00:34,106 - mylogger - INFO - 数据中无答案
2018-09-23 11:00:34,106 - mylogger - INFO - 在线检索答案
2018-09-23 11:00:35,039 - mylogger - INFO - 我的答案：马东
2018-09-23 11:00:35,599 - mylogger - INFO - 选择选项
2018-09-23 11:00:38,089 - mylogger - INFO - 答案正确
2018-09-23 11:00:38,089 - mylogger - INFO - 更新答案
2018-09-23 11:00:41,554 - mylogger - INFO - 获取题目
2018-09-23 11:00:44,509 - mylogger - INFO - 一年四季中，蝴蝶兰花常在什么时候开花？
2018-09-23 11:00:45,404 - mylogger - INFO - ['秋季', '春季', '夏季']
2018-09-23 11:00:45,409 - mylogger - INFO - 数据库中检索答案
2018-09-23 11:00:45,409 - mylogger - INFO - 数据中无答案
2018-09-23 11:00:45,410 - mylogger - INFO - 在线检索答案
2018-09-23 11:00:46,251 - mylogger - INFO - 我的答案：秋季
2018-09-23 11:00:46,829 - mylogger - INFO - 选择选项
2018-09-23 11:00:49,277 - mylogger - INFO - 答案错误
2018-09-23 11:00:49,501 - mylogger - INFO - 正确答案是；春季
2018-09-23 11:00:49,501 - mylogger - INFO - 更新答案
2018-09-23 11:01:00,465 - mylogger - INFO - 进入排位赛
2018-09-23 11:01:00,466 - mylogger - INFO - 正在匹配中......
2018-09-23 11:01:14,171 - mylogger - INFO - 匹配成功
2018-09-23 11:01:14,172 - mylogger - INFO - 获取题目
2018-09-23 11:01:17,130 - mylogger - INFO - 美国队长是漫威漫画旗下超级英雄，他拥有什么能力？
2018-09-23 11:01:18,193 - mylogger - INFO - ['超常的体力和行动速度', '心灵感应', '催眠']
2018-09-23 11:01:18,197 - mylogger - INFO - 数据库中检索答案
2018-09-23 11:01:18,197 - mylogger - INFO - 数据中无答案
2018-09-23 11:01:18,198 - mylogger - INFO - 在线检索答案
2018-09-23 11:01:19,117 - mylogger - INFO - 我的答案：超常的体力和行动速度
2018-09-23 11:01:19,709 - mylogger - INFO - 选择选项
2018-09-23 11:01:22,166 - mylogger - INFO - 答案正确
2018-09-23 11:01:22,166 - mylogger - INFO - 更新答案
2018-09-23 11:01:23,496 - mylogger - INFO - 获取题目
2018-09-23 11:01:26,603 - mylogger - INFO - 电视剧《雍正王朝》中，雍正的饰演者是哪位男演员？
2018-09-23 11:01:27,534 - mylogger - INFO - ['唐国强', '陈道明', '陈宝国']
2018-09-23 11:01:27,539 - mylogger - INFO - 数据库中检索答案
2018-09-23 11:01:27,540 - mylogger - INFO - 数据中无答案
2018-09-23 11:01:27,540 - mylogger - INFO - 在线检索答案
2018-09-23 11:01:28,601 - mylogger - INFO - 我的答案：唐国强
2018-09-23 11:01:29,189 - mylogger - INFO - 选择选项
2018-09-23 11:01:31,593 - mylogger - INFO - 答案正确
2018-09-23 11:01:31,594 - mylogger - INFO - 更新答案
2018-09-23 11:01:32,938 - mylogger - INFO - 获取题目
2018-09-23 11:01:34,766 - mylogger - INFO - “复值接舆醉，狂歌五柳前”中“五柳”指的是？
2018-09-23 11:01:35,722 - mylogger - INFO - ['山涛', '陶渊明', '许由']
2018-09-23 11:01:35,727 - mylogger - INFO - 数据库中检索答案
2018-09-23 11:01:35,728 - mylogger - INFO - 数据中无答案
2018-09-23 11:01:35,729 - mylogger - INFO - 在线检索答案
2018-09-23 11:01:36,693 - mylogger - INFO - 我的答案：陶渊明
2018-09-23 11:01:37,222 - mylogger - INFO - 选择选项
2018-09-23 11:01:39,634 - mylogger - INFO - 答案正确
2018-09-23 11:01:39,634 - mylogger - INFO - 更新答案
2018-09-23 11:01:45,436 - mylogger - INFO - 获取题目
2018-09-23 11:01:47,291 - mylogger - INFO - 10英里大约等于多少千米？
2018-09-23 11:01:48,230 - mylogger - INFO - ['16千米', '10千米', '20千米']
2018-09-23 11:01:48,235 - mylogger - INFO - 数据库中检索答案
2018-09-23 11:01:48,236 - mylogger - INFO - 数据中无答案
2018-09-23 11:01:48,236 - mylogger - INFO - 在线检索答案
2018-09-23 11:01:48,955 - mylogger - INFO - 我的答案：16千米
2018-09-23 11:01:49,498 - mylogger - INFO - 选择选项
2018-09-23 11:01:51,956 - mylogger - INFO - 答案正确
2018-09-23 11:01:51,956 - mylogger - INFO - 更新答案
2018-09-23 11:01:57,827 - mylogger - INFO - 获取题目
2018-09-23 11:01:59,695 - mylogger - INFO - 名句“安得广厦千万间，大庇天下寒士俱欢颜”的作者是？
2018-09-23 11:02:00,750 - mylogger - INFO - ['孟浩然', '杜甫', '陆游']
2018-09-23 11:02:00,755 - mylogger - INFO - 数据库中检索答案
2018-09-23 11:02:00,755 - mylogger - INFO - 数据中无答案
2018-09-23 11:02:00,755 - mylogger - INFO - 在线检索答案
2018-09-23 11:02:01,786 - mylogger - INFO - 我的答案：杜甫
2018-09-23 11:02:02,363 - mylogger - INFO - 选择选项
2018-09-23 11:02:04,817 - mylogger - INFO - 答案正确
2018-09-23 11:02:04,817 - mylogger - INFO - 更新答案
2018-09-23 11:02:20,545 - mylogger - INFO - 进入排位赛
2018-09-23 11:02:20,546 - mylogger - INFO - 正在匹配中......
2018-09-23 11:02:51,749 - mylogger - INFO - 匹配成功
2018-09-23 11:02:51,750 - mylogger - INFO - 获取题目
2018-09-23 11:02:54,777 - mylogger - INFO - 我们常吃“碳烤生蚝”，请问生蚝的学名是什么？
2018-09-23 11:02:55,809 - mylogger - INFO - ['牡蛎', '文蛤', '贻贝']
2018-09-23 11:02:55,813 - mylogger - INFO - 数据库中检索答案
2018-09-23 11:02:55,813 - mylogger - INFO - 数据中无答案
2018-09-23 11:02:55,815 - mylogger - INFO - 在线检索答案
2018-09-23 11:02:57,191 - mylogger - INFO - 我的答案：牡蛎
2018-09-23 11:02:57,730 - mylogger - INFO - 选择选项
2018-09-23 11:03:00,102 - mylogger - INFO - 答案正确
2018-09-23 11:03:00,102 - mylogger - INFO - 更新答案
2018-09-23 11:03:04,810 - mylogger - INFO - 获取题目
2018-09-23 11:03:06,570 - mylogger - INFO - 韩红演唱的歌曲《天路》中的“天路”指的是？
2018-09-23 11:03:07,490 - mylogger - INFO - ['青藏铁路', '宝成铁路', '兰新铁路']
2018-09-23 11:03:07,495 - mylogger - INFO - 数据库中检索答案
2018-09-23 11:03:07,495 - mylogger - INFO - 数据中无答案
2018-09-23 11:03:07,496 - mylogger - INFO - 在线检索答案
2018-09-23 11:03:08,300 - mylogger - INFO - 我的答案：青藏铁路
2018-09-23 11:03:08,874 - mylogger - INFO - 选择选项
2018-09-23 11:03:11,262 - mylogger - INFO - 答案正确
2018-09-23 11:03:11,262 - mylogger - INFO - 更新答案
2018-09-23 11:03:12,598 - mylogger - INFO - 获取题目
2018-09-23 11:03:15,602 - mylogger - INFO - 《中国好声音》第一季的导师不包括以下哪位？
2018-09-23 11:03:16,593 - mylogger - INFO - ['那英', '章子怡', '刘欢']
2018-09-23 11:03:16,598 - mylogger - INFO - 数据库中检索答案
2018-09-23 11:03:16,598 - mylogger - INFO - 数据中无答案
2018-09-23 11:03:16,599 - mylogger - INFO - 在线检索答案
2018-09-23 11:03:20,544 - mylogger - INFO - 我的答案：刘欢
2018-09-23 11:03:21,151 - mylogger - INFO - 选择选项
2018-09-23 11:03:23,578 - mylogger - INFO - 答案错误
2018-09-23 11:03:23,815 - mylogger - INFO - 正确答案是；章子怡
2018-09-23 11:03:23,815 - mylogger - INFO - 更新答案
2018-09-23 11:03:25,200 - mylogger - INFO - 获取题目
2018-09-23 11:03:27,004 - mylogger - INFO - 全国目前唯一一种以阴刻为主、重彩点染的剪纸艺术形式是
2018-09-23 11:03:27,919 - mylogger - INFO - ['蔚县剪纸', '佛山剪纸', '扬州剪纸']
2018-09-23 11:03:27,925 - mylogger - INFO - 数据库中检索答案
2018-09-23 11:03:27,925 - mylogger - INFO - 数据中无答案
2018-09-23 11:03:27,925 - mylogger - INFO - 在线检索答案
2018-09-23 11:03:29,363 - mylogger - INFO - 我的答案：蔚县剪纸
2018-09-23 11:03:29,899 - mylogger - INFO - 选择选项
2018-09-23 11:03:32,381 - mylogger - INFO - 答案正确
2018-09-23 11:03:32,381 - mylogger - INFO - 更新答案
2018-09-23 11:03:38,124 - mylogger - INFO - 获取题目
2018-09-23 11:03:40,003 - mylogger - INFO - 下列哪位明星担任过电视节目《饭局的诱惑 第二季》的嘉宾？
2018-09-23 11:03:40,965 - mylogger - INFO - ['唐嫣', '肖骁', '吴京']
2018-09-23 11:03:40,970 - mylogger - INFO - 数据库中检索答案
2018-09-23 11:03:40,970 - mylogger - INFO - 数据中无答案
2018-09-23 11:03:40,971 - mylogger - INFO - 在线检索答案
2018-09-23 11:03:41,848 - mylogger - INFO - 我的答案：肖骁
2018-09-23 11:03:42,360 - mylogger - INFO - 选择选项
2018-09-23 11:03:44,808 - mylogger - INFO - 答案正确
2018-09-23 11:03:44,808 - mylogger - INFO - 更新答案
2018-09-23 11:09:38,630 - mylogger - INFO - 进入排位赛
2018-09-23 11:09:38,630 - mylogger - INFO - 正在匹配中......
2018-09-23 11:09:41,213 - mylogger - INFO - 匹配成功
2018-09-23 11:09:41,214 - mylogger - INFO - 获取题目
2018-09-23 11:09:44,429 - mylogger - INFO - 中国第一位探索太空的航天员是谁？
2018-09-23 11:09:45,375 - mylogger - INFO - ['费俊龙', '杨利伟', '景海鹏']
2018-09-23 11:09:45,379 - mylogger - INFO - 数据库中检索答案
2018-09-23 11:09:45,380 - mylogger - INFO - 数据中无答案
2018-09-23 11:09:45,380 - mylogger - INFO - 在线检索答案
2018-09-23 11:09:46,394 - mylogger - INFO - 我的答案：杨利伟
2018-09-23 11:09:46,987 - mylogger - INFO - 选择选项
2018-09-23 11:09:49,406 - mylogger - INFO - 答案正确
2018-09-23 11:09:49,407 - mylogger - INFO - 更新答案
2018-09-23 11:09:50,751 - mylogger - INFO - 获取题目
2018-09-23 11:09:52,591 - mylogger - INFO - 提出日心说的科学家是谁？
2018-09-23 11:09:53,444 - mylogger - INFO - ['布鲁诺', '牛顿', '哥白尼']
2018-09-23 11:09:53,447 - mylogger - INFO - 数据库中检索答案
2018-09-23 11:09:53,448 - mylogger - INFO - 数据中无答案
2018-09-23 11:09:53,448 - mylogger - INFO - 在线检索答案
2018-09-23 11:09:54,433 - mylogger - INFO - 我的答案：哥白尼
2018-09-23 11:09:55,014 - mylogger - INFO - 选择选项
2018-09-23 11:09:57,495 - mylogger - INFO - 答案正确
2018-09-23 11:09:57,495 - mylogger - INFO - 更新答案
2018-09-23 11:09:58,832 - mylogger - INFO - 获取题目
2018-09-23 11:10:00,639 - mylogger - INFO - 演员殷桃和范冰冰演过的同个角色是哪个？
2018-09-23 11:10:01,635 - mylogger - INFO - ['杨贵妃', '金锁', '晚娘']
2018-09-23 11:10:01,639 - mylogger - INFO - 数据库中检索答案
2018-09-23 11:10:01,639 - mylogger - INFO - 数据中无答案
2018-09-23 11:10:01,639 - mylogger - INFO - 在线检索答案
2018-09-23 11:10:02,572 - mylogger - INFO - 我的答案：杨贵妃
2018-09-23 11:10:03,127 - mylogger - INFO - 选择选项
2018-09-23 11:10:05,578 - mylogger - INFO - 答案正确
2018-09-23 11:10:05,579 - mylogger - INFO - 更新答案
2018-09-23 11:10:06,964 - mylogger - INFO - 获取题目
2018-09-23 11:10:08,795 - mylogger - INFO - 在第几届奥运会开始有男子体操六项比赛？
2018-09-23 11:10:09,788 - mylogger - INFO - ['11', '12', '13']
2018-09-23 11:10:09,794 - mylogger - INFO - 数据库中检索答案
2018-09-23 11:10:09,794 - mylogger - INFO - 数据中无答案
2018-09-23 11:10:09,794 - mylogger - INFO - 在线检索答案
2018-09-23 11:10:10,770 - mylogger - INFO - 我的答案：11
2018-09-23 11:10:11,383 - mylogger - INFO - 选择选项
2018-09-23 11:10:13,682 - mylogger - INFO - 答案正确
2018-09-23 11:10:13,682 - mylogger - INFO - 更新答案
2018-09-23 11:10:16,036 - mylogger - INFO - 获取题目
2018-09-23 11:10:17,764 - mylogger - INFO - 仙剑四中，游戏剧情里的光纪寒图是谁遗落人间之物？
2018-09-23 11:10:18,737 - mylogger - INFO - ['天帝', '冬神', '水神']
2018-09-23 11:10:18,740 - mylogger - INFO - 数据库中检索答案
2018-09-23 11:10:18,741 - mylogger - INFO - 数据中无答案
2018-09-23 11:10:18,741 - mylogger - INFO - 在线检索答案
2018-09-23 11:10:19,460 - mylogger - INFO - 我的答案：冬神
2018-09-23 11:10:20,003 - mylogger - INFO - 选择选项
2018-09-23 11:10:22,388 - mylogger - INFO - 答案正确
2018-09-23 11:10:22,388 - mylogger - INFO - 更新答案
2018-09-23 11:17:11,653 - mylogger - INFO - 进入排位赛
2018-09-23 11:17:11,654 - mylogger - INFO - 正在匹配中......
2018-09-23 11:17:17,701 - mylogger - INFO - 匹配成功
2018-09-23 11:17:17,701 - mylogger - INFO - 获取题目
2018-09-23 11:17:20,705 - mylogger - INFO - 瓦伦西亚球员扎扎在场上的位置是？
2018-09-23 11:17:21,689 - mylogger - INFO - ['守门员', '中场', '前锋']
2018-09-23 11:17:21,693 - mylogger - INFO - 数据库中检索答案
2018-09-23 11:17:21,693 - mylogger - INFO - 数据中无答案
2018-09-23 11:17:21,694 - mylogger - INFO - 在线检索答案
2018-09-23 11:17:22,599 - mylogger - INFO - 我的答案：前锋
2018-09-23 11:17:23,125 - mylogger - INFO - 选择选项
2018-09-23 11:17:25,521 - mylogger - INFO - 答案正确
2018-09-23 11:17:25,522 - mylogger - INFO - 更新答案
2018-09-23 11:17:28,015 - mylogger - INFO - 本题结束
2018-09-23 11:17:28,017 - mylogger - INFO - 获取题目
2018-09-23 11:17:31,126 - mylogger - INFO - 下面属于一类保护鸟类的是？
2018-09-23 11:17:32,286 - mylogger - INFO - ['朱鹮', '斑鸠', '白天鹅']
2018-09-23 11:17:32,291 - mylogger - INFO - 数据库中检索答案
2018-09-23 11:17:32,291 - mylogger - INFO - 数据中无答案
2018-09-23 11:17:32,292 - mylogger - INFO - 在线检索答案
2018-09-23 11:17:33,141 - mylogger - INFO - 我的答案：朱鹮
2018-09-23 11:17:33,681 - mylogger - INFO - 选择选项
2018-09-23 11:17:36,130 - mylogger - INFO - 答案正确
2018-09-23 11:17:36,130 - mylogger - INFO - 更新答案
2018-09-23 11:17:37,518 - mylogger - INFO - 本题结束
2018-09-23 11:17:37,520 - mylogger - INFO - 获取题目
2018-09-23 11:17:39,286 - mylogger - INFO - 二战期间，日本产量最大的战斗机是哪一种？
2018-09-23 11:17:40,278 - mylogger - INFO - ['零式舰载战斗机', '“月光”夜间战斗机', '九六式舰载战斗机']
2018-09-23 11:17:40,284 - mylogger - INFO - 数据库中检索答案
2018-09-23 11:17:40,285 - mylogger - INFO - 数据中无答案
2018-09-23 11:17:40,285 - mylogger - INFO - 在线检索答案
2018-09-23 11:17:41,264 - mylogger - INFO - 我的答案：零式舰载战斗机
2018-09-23 11:17:41,830 - mylogger - INFO - 选择选项
2018-09-23 11:17:44,259 - mylogger - INFO - 答案正确
2018-09-23 11:17:44,259 - mylogger - INFO - 更新答案
2018-09-23 11:17:45,665 - mylogger - INFO - 本题结束
2018-09-23 11:17:45,667 - mylogger - INFO - 获取题目
2018-09-23 11:17:47,459 - mylogger - INFO - 世界上最大的鱼类是什么动物？
2018-09-23 11:17:48,435 - mylogger - INFO - ['抹香鲸', '大白鲨', '鲸鲨']
2018-09-23 11:17:48,439 - mylogger - INFO - 数据库中检索答案
2018-09-23 11:17:48,440 - mylogger - INFO - 数据中无答案
2018-09-23 11:17:48,440 - mylogger - INFO - 在线检索答案
2018-09-23 11:17:49,348 - mylogger - INFO - 我的答案：鲸鲨
2018-09-23 11:17:49,886 - mylogger - INFO - 选择选项
2018-09-23 11:17:52,353 - mylogger - INFO - 答案正确
2018-09-23 11:17:52,354 - mylogger - INFO - 更新答案
2018-09-23 11:17:55,949 - mylogger - INFO - 本题结束
2018-09-23 11:17:55,950 - mylogger - INFO - 获取题目
2018-09-23 11:17:57,754 - mylogger - INFO - 金星位于什么哪两颗行星之间？
2018-09-23 11:17:58,779 - mylogger - INFO - ['水星和地球', '土星和水星', '火星和地球']
2018-09-23 11:17:58,783 - mylogger - INFO - 数据库中检索答案
2018-09-23 11:17:58,783 - mylogger - INFO - 数据中无答案
2018-09-23 11:17:58,783 - mylogger - INFO - 在线检索答案
2018-09-23 11:17:59,692 - mylogger - INFO - 我的答案：水星和地球
2018-09-23 11:18:00,231 - mylogger - INFO - 选择选项
2018-09-23 11:18:02,728 - mylogger - INFO - 答案正确
2018-09-23 11:18:02,729 - mylogger - INFO - 更新答案
2018-09-23 11:18:06,271 - mylogger - INFO - 本题结束
2018-09-23 11:21:53,465 - mylogger - INFO - 进入排位赛
2018-09-23 11:21:53,475 - mylogger - INFO - 正在匹配中......
2018-09-23 11:22:09,582 - mylogger - INFO - 匹配成功
2018-09-23 11:22:09,582 - mylogger - INFO - 第 1 题
2018-09-23 11:22:09,612 - mylogger - INFO - 获取题目
2018-09-23 11:22:12,573 - mylogger - INFO - 流星坠落时发光的原因是？
2018-09-23 11:22:13,531 - mylogger - INFO - ['燃烧', '反射', '爆炸']
2018-09-23 11:22:13,534 - mylogger - INFO - 数据库中检索答案
2018-09-23 11:22:13,534 - mylogger - INFO - 数据中无答案
2018-09-23 11:22:13,534 - mylogger - INFO - 在线检索答案
2018-09-23 11:22:14,339 - mylogger - INFO - 我的答案：燃烧
2018-09-23 11:22:14,853 - mylogger - INFO - 选择选项
2018-09-23 11:22:17,285 - mylogger - INFO - 答案正确
2018-09-23 11:22:17,285 - mylogger - INFO - 更新答案
2018-09-23 11:22:18,656 - mylogger - INFO - 本题结束
2018-09-23 11:22:18,660 - mylogger - INFO - 第 2 题
2018-09-23 11:22:18,660 - mylogger - INFO - 获取题目
2018-09-23 11:22:21,622 - mylogger - INFO - 国画《送子天王图》是谁的作品？
2018-09-23 11:22:22,594 - mylogger - INFO - ['颜真卿', '唐伯虎', '吴道子']
2018-09-23 11:22:22,598 - mylogger - INFO - 数据库中检索答案
2018-09-23 11:22:22,598 - mylogger - INFO - 数据中无答案
2018-09-23 11:22:22,598 - mylogger - INFO - 在线检索答案
2018-09-23 11:22:23,518 - mylogger - INFO - 我的答案：吴道子
2018-09-23 11:22:24,045 - mylogger - INFO - 选择选项
2018-09-23 11:22:26,450 - mylogger - INFO - 答案正确
2018-09-23 11:22:26,451 - mylogger - INFO - 更新答案
2018-09-23 11:22:27,773 - mylogger - INFO - 本题结束
2018-09-23 11:22:27,774 - mylogger - INFO - 第 3 题
2018-09-23 11:22:27,774 - mylogger - INFO - 获取题目
2018-09-23 11:22:29,561 - mylogger - INFO - 法国网球公开赛的场地是何种场地？
2018-09-23 11:22:30,424 - mylogger - INFO - ['红土球场', '硬地球场', '草地球场']
2018-09-23 11:22:30,428 - mylogger - INFO - 数据库中检索答案
2018-09-23 11:22:30,428 - mylogger - INFO - 数据中无答案
2018-09-23 11:22:30,429 - mylogger - INFO - 在线检索答案
2018-09-23 11:22:31,649 - mylogger - INFO - 我的答案：红土球场
2018-09-23 11:22:32,174 - mylogger - INFO - 选择选项
2018-09-23 11:22:34,593 - mylogger - INFO - 答案正确
2018-09-23 11:22:34,594 - mylogger - INFO - 更新答案
2018-09-23 11:22:35,943 - mylogger - INFO - 本题结束
2018-09-23 11:22:35,954 - mylogger - INFO - 第 4 题
2018-09-23 11:22:35,954 - mylogger - INFO - 获取题目
2018-09-23 11:22:38,850 - mylogger - INFO - 一年四季中，风信子常在什么时候开花？
2018-09-23 11:22:39,774 - mylogger - INFO - ['秋季', '春季', '夏季']
2018-09-23 11:22:39,778 - mylogger - INFO - 数据库中检索答案
2018-09-23 11:22:39,778 - mylogger - INFO - 数据中无答案
2018-09-23 11:22:39,779 - mylogger - INFO - 在线检索答案
2018-09-23 11:22:40,791 - mylogger - INFO - 我的答案：秋季
2018-09-23 11:22:41,430 - mylogger - INFO - 选择选项
2018-09-23 11:22:43,865 - mylogger - INFO - 答案错误
2018-09-23 11:22:44,011 - mylogger - INFO - 正确答案是；春季
2018-09-23 11:22:44,012 - mylogger - INFO - 更新答案
2018-09-23 11:22:46,423 - mylogger - INFO - 本题结束
2018-09-23 11:22:46,425 - mylogger - INFO - 第 5 题
2018-09-23 11:22:46,426 - mylogger - INFO - 获取题目
2018-09-23 11:22:49,355 - mylogger - INFO - 我国古代的很多事物都有雅称，如我们常说的“润笔”指的是什么？
2018-09-23 11:22:50,269 - mylogger - INFO - ['文章书画稿费', '替人研磨墨汁', '为人作序']
2018-09-23 11:22:50,273 - mylogger - INFO - 数据库中检索答案
2018-09-23 11:22:50,273 - mylogger - INFO - 数据中无答案
2018-09-23 11:22:50,274 - mylogger - INFO - 在线检索答案
2018-09-23 11:22:51,429 - mylogger - INFO - 我的答案：文章书画稿费
2018-09-23 11:22:51,954 - mylogger - INFO - 选择选项
2018-09-23 11:22:54,381 - mylogger - INFO - 答案正确
2018-09-23 11:22:54,381 - mylogger - INFO - 更新答案
2018-09-23 11:22:59,143 - mylogger - INFO - 本题结束
2018-09-23 11:24:25,265 - mylogger - INFO - 进入排位赛
2018-09-23 11:24:25,266 - mylogger - INFO - 正在匹配中......
2018-09-23 11:25:17,948 - mylogger - INFO - 匹配成功
2018-09-23 11:25:17,948 - mylogger - INFO - 第 1 题
2018-09-23 11:25:17,949 - mylogger - INFO - 获取题目
2018-09-23 11:25:20,903 - mylogger - INFO - 计算机网络战的技术不包括哪一个？
2018-09-23 11:25:21,825 - mylogger - INFO - ['计算机网络防御', '计算机网络维护', '计算机网络侦察']
2018-09-23 11:25:21,829 - mylogger - INFO - 数据库中检索答案
2018-09-23 11:25:21,829 - mylogger - INFO - 数据中无答案
2018-09-23 11:25:21,829 - mylogger - INFO - 在线检索答案
2018-09-23 11:25:22,899 - mylogger - INFO - 我的答案：计算机网络防御
2018-09-23 11:25:23,489 - mylogger - INFO - 选择选项
2018-09-23 11:25:25,885 - mylogger - INFO - 答案错误
2018-09-23 11:25:26,030 - mylogger - INFO - 正确答案是；计算机网络维护
2018-09-23 11:25:26,031 - mylogger - INFO - 更新答案
2018-09-23 11:25:28,407 - mylogger - INFO - 本题结束
2018-09-23 11:25:28,409 - mylogger - INFO - 第 2 题
2018-09-23 11:25:28,410 - mylogger - INFO - 获取题目
2018-09-23 11:25:31,279 - mylogger - INFO - 临床常制成缓释制剂使用的是
2018-09-23 11:25:32,274 - mylogger - INFO - ['布洛芬', '阿司匹林', '吡罗昔康']
2018-09-23 11:25:32,279 - mylogger - INFO - 数据库中检索答案
2018-09-23 11:25:32,280 - mylogger - INFO - 数据中无答案
2018-09-23 11:25:32,280 - mylogger - INFO - 在线检索答案
2018-09-23 11:25:33,534 - mylogger - INFO - 我的答案：布洛芬
2018-09-23 11:25:34,069 - mylogger - INFO - 选择选项
2018-09-23 11:25:36,503 - mylogger - INFO - 答案正确
2018-09-23 11:25:36,503 - mylogger - INFO - 更新答案
2018-09-23 11:25:39,024 - mylogger - INFO - 本题结束
2018-09-23 11:25:39,025 - mylogger - INFO - 第 3 题
2018-09-23 11:25:39,025 - mylogger - INFO - 获取题目
2018-09-23 11:25:40,825 - mylogger - INFO - “八达岭”是长城的一个隘口，也是哪个关的前哨？
2018-09-23 11:25:41,722 - mylogger - INFO - ['居庸关', '山海关', '嘉峪关']
2018-09-23 11:25:41,725 - mylogger - INFO - 数据库中检索答案
2018-09-23 11:25:41,725 - mylogger - INFO - 数据中无答案
2018-09-23 11:25:41,726 - mylogger - INFO - 在线检索答案
2018-09-23 11:25:43,102 - mylogger - INFO - 我的答案：居庸关
2018-09-23 11:25:43,670 - mylogger - INFO - 选择选项
2018-09-23 11:25:46,078 - mylogger - INFO - 答案正确
2018-09-23 11:25:46,079 - mylogger - INFO - 更新答案
2018-09-23 11:25:48,529 - mylogger - INFO - 本题结束
2018-09-23 11:25:48,531 - mylogger - INFO - 第 4 题
2018-09-23 11:25:48,531 - mylogger - INFO - 获取题目
2018-09-23 11:25:50,214 - mylogger - INFO - 动画片《足球小将》中的男主人公叫什么名？
2018-09-23 11:25:51,026 - mylogger - INFO - ['岬太郎', '大空翼', '日向小次郎']
2018-09-23 11:25:51,030 - mylogger - INFO - 数据库中检索答案
2018-09-23 11:25:51,030 - mylogger - INFO - 数据中无答案
2018-09-23 11:25:51,031 - mylogger - INFO - 在线检索答案
2018-09-23 11:25:51,977 - mylogger - INFO - 我的答案：岬太郎
2018-09-23 11:25:52,526 - mylogger - INFO - 选择选项
2018-09-23 11:25:54,968 - mylogger - INFO - 答案错误
2018-09-23 11:25:55,102 - mylogger - INFO - 正确答案是；大空翼
2018-09-23 11:25:55,103 - mylogger - INFO - 更新答案
2018-09-23 11:25:56,345 - mylogger - INFO - 本题结束
2018-09-23 11:25:56,347 - mylogger - INFO - 第 5 题
2018-09-23 11:25:56,347 - mylogger - INFO - 获取题目
2018-09-23 11:25:59,298 - mylogger - INFO - 世界军舰史上，最后退役的战列舰是下列的哪一个？
2018-09-23 11:26:00,201 - mylogger - INFO - ['北卡罗来纳号战列舰', '大和号战列舰', '密苏里号战列舰']
2018-09-23 11:26:00,205 - mylogger - INFO - 数据库中检索答案
2018-09-23 11:26:00,206 - mylogger - INFO - 数据中无答案
2018-09-23 11:26:00,206 - mylogger - INFO - 在线检索答案
2018-09-23 11:26:01,089 - mylogger - INFO - 我的答案：北卡罗来纳号战列舰
2018-09-23 11:26:01,543 - mylogger - INFO - 选择选项
2018-09-23 11:26:03,932 - mylogger - INFO - 答案错误
2018-09-23 11:26:04,150 - mylogger - INFO - 正确答案是；密苏里号战列舰
2018-09-23 11:26:04,150 - mylogger - INFO - 更新答案
2018-09-23 11:26:05,530 - mylogger - INFO - 本题结束
2018-09-23 11:26:05,646 - mylogger - INFO - 本场比赛结束
2018-09-23 11:26:05,926 - mylogger - INFO - 返回游戏页面
2018-09-23 11:26:07,524 - mylogger - INFO - 进入排位赛
2018-09-23 11:26:07,524 - mylogger - INFO - 正在匹配中......
2018-09-23 11:26:16,862 - mylogger - INFO - 匹配成功
2018-09-23 11:26:16,863 - mylogger - INFO - 第 1 题
2018-09-23 11:26:16,863 - mylogger - INFO - 获取题目
2018-09-23 11:26:19,820 - mylogger - INFO - 使用时需要点燃的芳香用品是？
2018-09-23 11:26:20,936 - mylogger - INFO - ['香氛蜡烛', '扩香石', '香水']
2018-09-23 11:26:20,940 - mylogger - INFO - 数据库中检索答案
2018-09-23 11:26:20,940 - mylogger - INFO - 数据中无答案
2018-09-23 11:26:20,941 - mylogger - INFO - 在线检索答案
2018-09-23 11:26:21,878 - mylogger - INFO - 我的答案：香氛蜡烛
2018-09-23 11:26:22,404 - mylogger - INFO - 选择选项
2018-09-23 11:26:24,852 - mylogger - INFO - 答案正确
2018-09-23 11:26:24,852 - mylogger - INFO - 更新答案
2018-09-23 11:26:34,093 - mylogger - INFO - 本题结束
2018-09-23 11:26:34,095 - mylogger - INFO - 第 2 题
2018-09-23 11:26:34,095 - mylogger - INFO - 获取题目
2018-09-23 11:26:35,951 - mylogger - INFO - 一般来说纳豆是由哪种豆发酵而成的？
2018-09-23 11:26:36,916 - mylogger - INFO - ['黑豆', '红豆', '黄豆']
2018-09-23 11:26:36,921 - mylogger - INFO - 数据库中检索答案
2018-09-23 11:26:36,921 - mylogger - INFO - 数据中无答案
2018-09-23 11:26:36,921 - mylogger - INFO - 在线检索答案
2018-09-23 11:26:37,768 - mylogger - INFO - 我的答案：黄豆
2018-09-23 11:26:38,384 - mylogger - INFO - 选择选项
2018-09-23 11:26:40,826 - mylogger - INFO - 答案正确
2018-09-23 11:26:40,827 - mylogger - INFO - 更新答案
2018-09-23 11:26:51,127 - mylogger - INFO - 本题结束
2018-09-23 11:26:51,128 - mylogger - INFO - 第 3 题
2018-09-23 11:26:51,128 - mylogger - INFO - 获取题目
2018-09-23 11:26:53,009 - mylogger - INFO - 小华家电灯丝断了，他把灯泡晃了晃使灯丝又搭上了，再用时会发现
2018-09-23 11:26:53,952 - mylogger - INFO - ['灯比原来亮了', '灯比原来暗了', '跟原来一样']
2018-09-23 11:26:53,955 - mylogger - INFO - 数据库中检索答案
2018-09-23 11:26:53,956 - mylogger - INFO - 数据中无答案
2018-09-23 11:26:53,956 - mylogger - INFO - 在线检索答案
2018-09-23 11:26:55,056 - mylogger - INFO - 我的答案：灯比原来亮了
2018-09-23 11:26:55,585 - mylogger - INFO - 选择选项
2018-09-23 11:26:58,054 - mylogger - INFO - 答案正确
2018-09-23 11:26:58,055 - mylogger - INFO - 更新答案
2018-09-23 11:27:08,277 - mylogger - INFO - 本题结束
2018-09-23 11:27:08,278 - mylogger - INFO - 第 4 题
2018-09-23 11:27:08,278 - mylogger - INFO - 获取题目
2018-09-23 11:27:10,075 - mylogger - INFO - 下列影片中斯皮尔伯格执导的是哪一部？
2018-09-23 11:27:10,962 - mylogger - INFO - ['泰坦尼克号', '蝙蝠侠', '辛德勒名单']
2018-09-23 11:27:10,966 - mylogger - INFO - 数据库中检索答案
2018-09-23 11:27:10,967 - mylogger - INFO - 数据中无答案
2018-09-23 11:27:10,967 - mylogger - INFO - 在线检索答案
2018-09-23 11:27:11,851 - mylogger - INFO - 我的答案：辛德勒名单
2018-09-23 11:27:12,395 - mylogger - INFO - 选择选项
2018-09-23 11:27:14,884 - mylogger - INFO - 答案正确
2018-09-23 11:27:14,885 - mylogger - INFO - 更新答案
2018-09-23 11:27:25,230 - mylogger - INFO - 本题结束
2018-09-23 11:27:25,231 - mylogger - INFO - 第 5 题
2018-09-23 11:27:25,232 - mylogger - INFO - 获取题目
2018-09-23 11:27:27,150 - mylogger - INFO - 《蓝皮鼠和大脸猫》中，他们的搭档金豆豆和绿芳芳是什么动物？
2018-09-23 11:27:28,178 - mylogger - INFO - ['松鼠', '甲虫', '蜜蜂']
2018-09-23 11:27:28,181 - mylogger - INFO - 数据库中检索答案
2018-09-23 11:27:28,182 - mylogger - INFO - 数据中无答案
2018-09-23 11:27:28,182 - mylogger - INFO - 在线检索答案
2018-09-23 11:27:29,260 - mylogger - INFO - 我的答案：甲虫
2018-09-23 11:27:29,798 - mylogger - INFO - 选择选项
2018-09-23 11:27:32,258 - mylogger - INFO - 答案正确
2018-09-23 11:27:32,259 - mylogger - INFO - 更新答案
2018-09-23 11:27:42,566 - mylogger - INFO - 本题结束
2018-09-23 11:27:42,670 - mylogger - INFO - 本场比赛结束
2018-09-23 11:27:42,936 - mylogger - INFO - 返回游戏页面
2018-09-23 11:27:44,508 - mylogger - INFO - 进入排位赛
2018-09-23 11:27:44,509 - mylogger - INFO - 正在匹配中......
2018-09-23 11:28:09,234 - mylogger - INFO - 匹配成功
2018-09-23 11:28:09,234 - mylogger - INFO - 第 1 题
2018-09-23 11:28:09,234 - mylogger - INFO - 获取题目
2018-09-23 11:28:12,288 - mylogger - INFO - 2016-2017赛季马德里竞技的联赛总进球为？
2018-09-23 11:28:13,232 - mylogger - INFO - ['77球', '70球', '89球']
2018-09-23 11:28:13,236 - mylogger - INFO - 数据库中检索答案
2018-09-23 11:28:13,236 - mylogger - INFO - 数据中无答案
2018-09-23 11:28:13,236 - mylogger - INFO - 在线检索答案
2018-09-23 11:28:13,996 - mylogger - INFO - 我的答案：77球
2018-09-23 11:28:14,543 - mylogger - INFO - 选择选项
2018-09-23 11:28:16,958 - mylogger - INFO - 答案错误
2018-09-23 11:28:17,100 - mylogger - INFO - 正确答案是；70球
2018-09-23 11:28:17,101 - mylogger - INFO - 更新答案
2018-09-23 11:28:19,495 - mylogger - INFO - 本题结束
2018-09-23 11:28:19,502 - mylogger - INFO - 第 2 题
2018-09-23 11:28:19,503 - mylogger - INFO - 获取题目
2018-09-23 11:28:21,218 - mylogger - INFO - 在中国被称为“黄金水道”的是哪条大河？
2018-09-23 11:28:22,177 - mylogger - INFO - ['雅鲁藏布江', '黄河', '长江']
2018-09-23 11:28:22,181 - mylogger - INFO - 数据库中检索答案
2018-09-23 11:28:22,181 - mylogger - INFO - 数据中无答案
2018-09-23 11:28:22,181 - mylogger - INFO - 在线检索答案
2018-09-23 11:28:23,074 - mylogger - INFO - 我的答案：长江
2018-09-23 11:28:23,594 - mylogger - INFO - 选择选项
2018-09-23 11:28:26,001 - mylogger - INFO - 答案正确
2018-09-23 11:28:26,002 - mylogger - INFO - 更新答案
2018-09-23 11:28:30,608 - mylogger - INFO - 本题结束
2018-09-23 11:28:30,609 - mylogger - INFO - 第 3 题
2018-09-23 11:28:30,609 - mylogger - INFO - 获取题目
2018-09-23 11:28:33,625 - mylogger - INFO - 在26个字母表中，倒数第四个的字母是什么？
2018-09-23 11:28:34,632 - mylogger - INFO - ['U', 'V', 'W']
2018-09-23 11:28:34,635 - mylogger - INFO - 数据库中检索答案
2018-09-23 11:28:34,636 - mylogger - INFO - 数据中无答案
2018-09-23 11:28:34,636 - mylogger - INFO - 在线检索答案
2018-09-23 11:28:35,742 - mylogger - INFO - 我的答案：V
2018-09-23 11:28:36,281 - mylogger - INFO - 选择选项
2018-09-23 11:28:38,755 - mylogger - INFO - 答案错误
2018-09-23 11:28:38,989 - mylogger - INFO - 正确答案是；W
2018-09-23 11:28:38,991 - mylogger - INFO - 更新答案
2018-09-23 11:28:42,520 - mylogger - INFO - 本题结束
2018-09-23 11:28:42,522 - mylogger - INFO - 第 4 题
2018-09-23 11:28:42,522 - mylogger - INFO - 获取题目
2018-09-23 11:28:45,437 - mylogger - INFO - 键盘盲打时，左右手的两个食指分别在哪个键上？
2018-09-23 11:28:46,370 - mylogger - INFO - ['G、H', 'F、J', 'F、G']
2018-09-23 11:28:46,374 - mylogger - INFO - 数据库中检索答案
2018-09-23 11:28:46,375 - mylogger - INFO - 数据中无答案
2018-09-23 11:28:46,375 - mylogger - INFO - 在线检索答案
2018-09-23 11:28:47,239 - mylogger - INFO - 我的答案：G、H
2018-09-23 11:28:47,796 - mylogger - INFO - 选择选项
2018-09-23 11:28:50,306 - mylogger - INFO - 答案错误
2018-09-23 11:28:50,418 - mylogger - INFO - 正确答案是；F、J
2018-09-23 11:28:50,419 - mylogger - INFO - 更新答案
2018-09-23 11:28:56,224 - mylogger - INFO - 本题结束
2018-09-23 11:28:56,225 - mylogger - INFO - 第 5 题
2018-09-23 11:28:56,225 - mylogger - INFO - 获取题目
2018-09-23 11:28:59,385 - mylogger - INFO - 奥斯卡影后凯特·温丝莱特是哪国人？
2018-09-23 11:29:00,373 - mylogger - INFO - ['美国', '英国', '法国']
2018-09-23 11:29:00,375 - mylogger - INFO - 数据库中检索答案
2018-09-23 11:29:00,377 - mylogger - INFO - 数据中无答案
2018-09-23 11:29:00,377 - mylogger - INFO - 在线检索答案
2018-09-23 11:29:01,229 - mylogger - INFO - 我的答案：美国
2018-09-23 11:29:01,770 - mylogger - INFO - 选择选项
2018-09-23 11:29:04,245 - mylogger - INFO - 答案错误
2018-09-23 11:29:04,362 - mylogger - INFO - 正确答案是；英国
2018-09-23 11:29:04,362 - mylogger - INFO - 更新答案
2018-09-23 11:29:07,953 - mylogger - INFO - 本题结束
2018-09-23 11:29:08,058 - mylogger - INFO - 本场比赛结束
2018-09-23 11:29:08,329 - mylogger - INFO - 返回游戏页面
2018-09-23 11:29:09,935 - mylogger - INFO - 进入排位赛
2018-09-23 11:29:09,936 - mylogger - INFO - 正在匹配中......
2018-09-23 11:29:29,606 - mylogger - INFO - 匹配成功
2018-09-23 11:29:29,607 - mylogger - INFO - 第 1 题
2018-09-23 11:29:29,607 - mylogger - INFO - 获取题目
2018-09-23 11:29:32,543 - mylogger - INFO - 下列选项中，哪一个不是元宵节的习俗？
2018-09-23 11:29:33,415 - mylogger - INFO - ['舞狮子', '猜灯谜', '插茱萸']
2018-09-23 11:29:33,420 - mylogger - INFO - 数据库中检索答案
2018-09-23 11:29:33,421 - mylogger - INFO - 数据中无答案
2018-09-23 11:29:33,421 - mylogger - INFO - 在线检索答案
2018-09-23 11:29:34,245 - mylogger - INFO - 我的答案：插茱萸
2018-09-23 11:29:34,762 - mylogger - INFO - 选择选项
2018-09-23 11:29:37,249 - mylogger - INFO - 答案正确
2018-09-23 11:29:37,249 - mylogger - INFO - 更新答案
2018-09-23 11:29:47,509 - mylogger - INFO - 本题结束
2018-09-23 11:29:47,510 - mylogger - INFO - 第 2 题
2018-09-23 11:29:47,510 - mylogger - INFO - 获取题目
2018-09-23 11:29:49,377 - mylogger - INFO - 奥斯卡奖项是多长时间举办一次的？
2018-09-23 11:29:50,329 - mylogger - INFO - ['两年', '每个季度', '一年']
2018-09-23 11:29:50,332 - mylogger - INFO - 数据库中检索答案
2018-09-23 11:29:50,333 - mylogger - INFO - 数据中无答案
2018-09-23 11:29:50,333 - mylogger - INFO - 在线检索答案
2018-09-23 11:29:51,251 - mylogger - INFO - 我的答案：一年
2018-09-23 11:29:51,848 - mylogger - INFO - 选择选项
2018-09-23 11:29:54,284 - mylogger - INFO - 答案正确
2018-09-23 11:29:54,284 - mylogger - INFO - 更新答案
2018-09-23 11:30:04,621 - mylogger - INFO - 本题结束
2018-09-23 11:30:04,623 - mylogger - INFO - 第 3 题
2018-09-23 11:30:04,623 - mylogger - INFO - 获取题目
2018-09-23 11:30:05,326 - mylogger - INFO - 化学元素铅的元素类别是以下哪个？
2018-09-23 11:30:06,337 - mylogger - INFO - ['贫金属', '镧系元素', '稀有气体']
2018-09-23 11:30:06,341 - mylogger - INFO - 数据库中检索答案
2018-09-23 11:30:06,342 - mylogger - INFO - 数据中无答案
2018-09-23 11:30:06,342 - mylogger - INFO - 在线检索答案
2018-09-23 11:30:07,185 - mylogger - INFO - 我的答案：贫金属
2018-09-23 11:30:07,701 - mylogger - INFO - 选择选项
2018-09-23 11:30:59,646 - mylogger - INFO - 进入排位赛
2018-09-23 11:30:59,647 - mylogger - INFO - 正在匹配中......
2018-09-23 11:32:00,501 - mylogger - WARNING - 匹配失败
2018-09-23 11:32:00,501 - mylogger - INFO - 第 1 题
2018-09-23 11:32:00,501 - mylogger - INFO - 获取题目
2018-09-23 11:32:10,698 - mylogger - INFO - 第 2 题
2018-09-23 11:32:10,699 - mylogger - INFO - 获取题目
2018-09-23 11:32:19,281 - mylogger - INFO - 清代以珍珠加工而成的妆粉称为什么？
2018-09-23 11:32:20,245 - mylogger - INFO - ['紫粉', '珠粉', '玉簪粉']
2018-09-23 11:32:20,250 - mylogger - INFO - 数据库中检索答案
2018-09-23 11:32:20,250 - mylogger - INFO - 数据中无答案
2018-09-23 11:32:20,251 - mylogger - INFO - 在线检索答案
2018-09-23 11:32:21,061 - mylogger - INFO - 我的答案：珠粉
2018-09-23 11:32:21,654 - mylogger - INFO - 选择选项
2018-09-23 11:32:24,034 - mylogger - INFO - 答案正确
2018-09-23 11:32:24,035 - mylogger - INFO - 更新答案
2018-09-23 11:32:25,350 - mylogger - INFO - 本题结束
2018-09-23 11:32:25,352 - mylogger - INFO - 第 3 题
2018-09-23 11:32:25,352 - mylogger - INFO - 获取题目
2018-09-23 11:32:27,251 - mylogger - INFO - 名画《清明上河图》描写哪个城市的世俗生活与节日景象？
2018-09-23 11:32:28,229 - mylogger - INFO - ['南京', '北京', '开封']
2018-09-23 11:32:28,232 - mylogger - INFO - 数据库中检索答案
2018-09-23 11:32:28,232 - mylogger - INFO - 数据中无答案
2018-09-23 11:32:28,233 - mylogger - INFO - 在线检索答案
2018-09-23 11:32:29,280 - mylogger - INFO - 我的答案：开封
2018-09-23 11:32:29,767 - mylogger - INFO - 选择选项
2018-09-23 11:32:32,175 - mylogger - INFO - 答案正确
2018-09-23 11:32:32,175 - mylogger - INFO - 更新答案
2018-09-23 11:32:33,462 - mylogger - INFO - 本题结束
2018-09-23 11:32:33,463 - mylogger - INFO - 第 4 题
2018-09-23 11:32:33,464 - mylogger - INFO - 获取题目
2018-09-23 11:32:35,363 - mylogger - INFO - 大力神杯是足球赛事的奖杯，请问苏迪曼杯是哪项体育赛事的奖杯？
2018-09-23 11:32:36,416 - mylogger - INFO - ['羽毛球', '足球', '篮球']
2018-09-23 11:32:36,420 - mylogger - INFO - 数据库中检索答案
2018-09-23 11:32:36,421 - mylogger - INFO - 数据中无答案
2018-09-23 11:32:36,421 - mylogger - INFO - 在线检索答案
2018-09-23 11:32:37,546 - mylogger - INFO - 我的答案：足球
2018-09-23 11:32:38,102 - mylogger - INFO - 选择选项
2018-09-23 11:32:40,555 - mylogger - INFO - 答案错误
2018-09-23 11:32:40,699 - mylogger - INFO - 正确答案是；羽毛球
2018-09-23 11:32:40,700 - mylogger - INFO - 更新答案
2018-09-23 11:32:42,008 - mylogger - INFO - 本题结束
2018-09-23 11:32:42,010 - mylogger - INFO - 第 5 题
2018-09-23 11:32:42,010 - mylogger - INFO - 获取题目
2018-09-23 11:32:43,815 - mylogger - INFO - “生活就像一盒巧克力”是下列哪一部电影的台词？
2018-09-23 11:32:44,807 - mylogger - INFO - ['《查理和巧克力工厂》', '《神偷奶爸》', '《阿甘正传》']
2018-09-23 11:32:44,809 - mylogger - INFO - 数据库中检索答案
2018-09-23 11:32:44,810 - mylogger - INFO - 数据中无答案
2018-09-23 11:32:44,810 - mylogger - INFO - 在线检索答案
2018-09-23 11:32:45,837 - mylogger - INFO - 我的答案：《阿甘正传》
2018-09-23 11:32:46,451 - mylogger - INFO - 选择选项
2018-09-23 11:32:48,879 - mylogger - INFO - 答案正确
2018-09-23 11:32:48,880 - mylogger - INFO - 更新答案
2018-09-23 11:32:50,262 - mylogger - INFO - 本题结束
2018-09-23 11:33:00,679 - mylogger - INFO - 本场比赛结束
2018-09-23 11:33:00,948 - mylogger - INFO - 返回游戏页面
2018-09-23 11:33:02,536 - mylogger - INFO - 进入排位赛
2018-09-23 11:33:02,537 - mylogger - INFO - 正在匹配中......
2018-09-23 11:33:27,608 - mylogger - INFO - 匹配成功
2018-09-23 11:33:27,609 - mylogger - INFO - 第 1 题
2018-09-23 11:33:27,609 - mylogger - INFO - 获取题目
2018-09-23 11:33:30,634 - mylogger - INFO - 法拉利车队的赛车命名时头一个字母是 ？
2018-09-23 11:33:31,745 - mylogger - INFO - ['A', 'Y', 'F']
2018-09-23 11:33:31,749 - mylogger - INFO - 数据库中检索答案
2018-09-23 11:33:31,750 - mylogger - INFO - 数据中无答案
2018-09-23 11:33:31,750 - mylogger - INFO - 在线检索答案
2018-09-23 11:33:32,996 - mylogger - INFO - 我的答案：F
2018-09-23 11:33:33,777 - mylogger - INFO - 选择选项
2018-09-23 11:33:36,331 - mylogger - INFO - 答案正确
2018-09-23 11:33:36,331 - mylogger - INFO - 更新答案
2018-09-23 11:33:37,805 - mylogger - INFO - 本题结束
2018-09-23 11:33:37,807 - mylogger - INFO - 第 2 题
2018-09-23 11:33:37,807 - mylogger - INFO - 获取题目
2018-09-23 11:33:39,782 - mylogger - INFO - 成语“徐娘半老”指的是哪位历史人物？
2018-09-23 11:33:40,894 - mylogger - INFO - ['徐昭佩', '李裹儿', '刘楚玉']
2018-09-23 11:33:40,898 - mylogger - INFO - 数据库中检索答案
2018-09-23 11:33:40,898 - mylogger - INFO - 数据中无答案
2018-09-23 11:33:40,898 - mylogger - INFO - 在线检索答案
2018-09-23 11:33:41,931 - mylogger - INFO - 我的答案：徐昭佩
2018-09-23 11:33:42,470 - mylogger - INFO - 选择选项
2018-09-23 11:33:44,866 - mylogger - INFO - 答案正确
2018-09-23 11:33:44,866 - mylogger - INFO - 更新答案
2018-09-23 11:33:46,206 - mylogger - INFO - 本题结束
2018-09-23 11:33:46,208 - mylogger - INFO - 第 3 题
2018-09-23 11:33:46,208 - mylogger - INFO - 获取题目
2018-09-23 11:33:48,049 - mylogger - INFO - 风衣起源于哪一款服饰？
2018-09-23 11:33:49,063 - mylogger - INFO - ['军队的防风雨外衣', '滑雪斗篷', '骑马披风']
2018-09-23 11:33:49,067 - mylogger - INFO - 数据库中检索答案
2018-09-23 11:33:49,067 - mylogger - INFO - 数据中无答案
2018-09-23 11:33:49,068 - mylogger - INFO - 在线检索答案
2018-09-23 11:33:49,997 - mylogger - INFO - 我的答案：军队的防风雨外衣
2018-09-23 11:33:50,557 - mylogger - INFO - 选择选项
2018-09-23 11:33:52,961 - mylogger - INFO - 答案正确
2018-09-23 11:33:52,961 - mylogger - INFO - 更新答案
2018-09-23 11:33:54,375 - mylogger - INFO - 本题结束
2018-09-23 11:33:54,378 - mylogger - INFO - 第 4 题
2018-09-23 11:33:54,379 - mylogger - INFO - 获取题目
2018-09-23 11:33:56,183 - mylogger - INFO - 不良的家庭氛围，不包括以下哪一个选项？
2018-09-23 11:33:57,146 - mylogger - INFO - ['欣赏沟通型', '怨天尤人型', '扼杀快乐型']
2018-09-23 11:33:57,150 - mylogger - INFO - 数据库中检索答案
2018-09-23 11:33:57,150 - mylogger - INFO - 数据中无答案
2018-09-23 11:33:57,151 - mylogger - INFO - 在线检索答案
2018-09-23 11:33:58,077 - mylogger - INFO - 我的答案：欣赏沟通型
2018-09-23 11:33:58,614 - mylogger - INFO - 选择选项
2018-09-23 11:34:01,019 - mylogger - INFO - 答案正确
2018-09-23 11:34:01,020 - mylogger - INFO - 更新答案
2018-09-23 11:34:02,335 - mylogger - INFO - 本题结束
2018-09-23 11:34:02,337 - mylogger - INFO - 第 5 题
2018-09-23 11:34:02,337 - mylogger - INFO - 获取题目
2018-09-23 11:34:05,262 - mylogger - INFO - 《荒野行动》的最远视距是
2018-09-23 11:34:06,257 - mylogger - INFO - ['300m', '500m', '1000m']
2018-09-23 11:34:06,261 - mylogger - INFO - 数据库中检索答案
2018-09-23 11:34:06,261 - mylogger - INFO - 数据中无答案
2018-09-23 11:34:06,262 - mylogger - INFO - 在线检索答案
2018-09-23 11:34:07,092 - mylogger - INFO - 我的答案：300m
2018-09-23 11:34:07,639 - mylogger - INFO - 选择选项
2018-09-23 11:34:10,045 - mylogger - INFO - 答案错误
2018-09-23 11:34:10,426 - mylogger - INFO - 更新答案
2018-09-23 11:34:10,789 - mylogger - INFO - 本题结束
2018-09-23 11:34:10,907 - mylogger - INFO - 本场比赛结束
2018-09-23 11:34:11,172 - mylogger - INFO - 返回游戏页面
2018-09-23 11:34:12,820 - mylogger - INFO - 进入排位赛
2018-09-23 11:34:12,821 - mylogger - INFO - 正在匹配中......
2018-09-23 11:34:53,023 - mylogger - INFO - 匹配成功
2018-09-23 11:34:53,023 - mylogger - INFO - 第 1 题
2018-09-23 11:34:53,024 - mylogger - INFO - 获取题目
2018-09-23 11:34:56,065 - mylogger - INFO - 德国队中被中国球迷称为“小猪”的球员是？
2018-09-23 11:34:57,054 - mylogger - INFO - ['克洛泽', '托马斯·穆勒', '施魏因施泰格']
2018-09-23 11:34:57,058 - mylogger - INFO - 数据库中检索答案
2018-09-23 11:34:57,058 - mylogger - INFO - 数据中无答案
2018-09-23 11:34:57,059 - mylogger - INFO - 在线检索答案
2018-09-23 11:34:57,891 - mylogger - INFO - 我的答案：施魏因施泰格
2018-09-23 11:34:58,482 - mylogger - INFO - 选择选项
2018-09-23 11:35:00,907 - mylogger - INFO - 答案正确
2018-09-23 11:35:00,907 - mylogger - INFO - 更新答案
2018-09-23 11:35:02,205 - mylogger - INFO - 本题结束
2018-09-23 11:35:02,207 - mylogger - INFO - 第 2 题
2018-09-23 11:35:02,207 - mylogger - INFO - 获取题目
2018-09-23 11:35:05,158 - mylogger - INFO - 歌词“冷暖哪可休，回头多少个秋”是出自陈百强的哪一首歌？
2018-09-23 11:35:06,249 - mylogger - INFO - ['《一生何求》', '《爱你在心口难开》', '《左手边》']
2018-09-23 11:35:06,253 - mylogger - INFO - 数据库中检索答案
2018-09-23 11:35:06,254 - mylogger - INFO - 数据中无答案
2018-09-23 11:35:06,254 - mylogger - INFO - 在线检索答案
2018-09-23 11:35:07,209 - mylogger - INFO - 我的答案：《一生何求》
2018-09-23 11:35:07,728 - mylogger - INFO - 选择选项
2018-09-23 11:35:10,141 - mylogger - INFO - 答案正确
2018-09-23 11:35:10,141 - mylogger - INFO - 更新答案
2018-09-23 11:35:12,585 - mylogger - INFO - 本题结束
2018-09-23 11:35:12,587 - mylogger - INFO - 第 3 题
2018-09-23 11:35:12,587 - mylogger - INFO - 获取题目
2018-09-23 11:35:15,580 - mylogger - INFO - 下列坦克中，哪种是二战时期德国使用的主战坦克？
2018-09-23 11:35:16,681 - mylogger - INFO - ['百夫长坦克', '虎式坦克', 'KV-2坦克']
2018-09-23 11:35:16,685 - mylogger - INFO - 数据库中检索答案
2018-09-23 11:35:16,685 - mylogger - INFO - 数据中无答案
2018-09-23 11:35:16,687 - mylogger - INFO - 在线检索答案
2018-09-23 11:35:17,680 - mylogger - INFO - 我的答案：百夫长坦克
2018-09-23 11:35:18,216 - mylogger - INFO - 选择选项
2018-09-23 11:35:20,682 - mylogger - INFO - 答案错误
2018-09-23 11:35:20,814 - mylogger - INFO - 正确答案是；虎式坦克
2018-09-23 11:35:20,814 - mylogger - INFO - 更新答案
2018-09-23 11:35:22,157 - mylogger - INFO - 本题结束
2018-09-23 11:35:22,159 - mylogger - INFO - 第 4 题
2018-09-23 11:35:22,159 - mylogger - INFO - 获取题目
2018-09-23 11:35:23,954 - mylogger - INFO - 巴基斯坦的F-22P型护卫舰，其中最后一艘是在哪里建造的？
2018-09-23 11:35:24,810 - mylogger - INFO - ['大连', '上海', '卡拉奇']
2018-09-23 11:35:24,814 - mylogger - INFO - 数据库中检索答案
2018-09-23 11:35:24,814 - mylogger - INFO - 数据中无答案
2018-09-23 11:35:24,815 - mylogger - INFO - 在线检索答案
2018-09-23 11:35:25,752 - mylogger - INFO - 我的答案：上海
2018-09-23 11:35:26,291 - mylogger - INFO - 选择选项
2018-09-23 11:35:28,728 - mylogger - INFO - 答案错误
2018-09-23 11:35:28,984 - mylogger - INFO - 正确答案是；卡拉奇
2018-09-23 11:35:28,985 - mylogger - INFO - 更新答案
2018-09-23 11:35:31,451 - mylogger - INFO - 本题结束
2018-09-23 11:35:31,453 - mylogger - INFO - 第 5 题
2018-09-23 11:35:31,453 - mylogger - INFO - 获取题目
2018-09-23 11:35:33,214 - mylogger - INFO - 下列立体图形中，有五个面的是哪个？
2018-09-23 11:35:34,238 - mylogger - INFO - ['四棱锥', '五棱柱', '四棱柱']
2018-09-23 11:35:34,241 - mylogger - INFO - 数据库中检索答案
2018-09-23 11:35:34,243 - mylogger - INFO - 数据中无答案
2018-09-23 11:35:34,243 - mylogger - INFO - 在线检索答案
2018-09-23 11:35:35,361 - mylogger - INFO - 我的答案：四棱锥
2018-09-23 11:35:35,881 - mylogger - INFO - 选择选项
2018-09-23 11:35:38,265 - mylogger - INFO - 答案正确
2018-09-23 11:35:38,265 - mylogger - INFO - 更新答案
2018-09-23 11:35:40,629 - mylogger - INFO - 本题结束
2018-09-23 11:35:40,766 - mylogger - INFO - 本场比赛结束
2018-09-23 11:35:41,046 - mylogger - INFO - 返回游戏页面
2018-09-23 11:35:42,566 - mylogger - INFO - 进入排位赛
2018-09-23 11:35:42,566 - mylogger - INFO - 正在匹配中......
2018-09-23 11:36:24,253 - mylogger - INFO - 匹配成功
2018-09-23 11:36:24,253 - mylogger - INFO - 第 1 题
2018-09-23 11:36:24,254 - mylogger - INFO - 获取题目
2018-09-23 11:36:27,164 - mylogger - INFO - 美国进行的登月计划叫作？
2018-09-23 11:36:28,068 - mylogger - INFO - ['阿波罗', '阿凡达', '天宫']
2018-09-23 11:36:28,072 - mylogger - INFO - 数据库中检索答案
2018-09-23 11:36:28,073 - mylogger - INFO - 数据中无答案
2018-09-23 11:36:28,074 - mylogger - INFO - 在线检索答案
2018-09-23 11:36:29,354 - mylogger - INFO - 我的答案：阿波罗
2018-09-23 11:36:29,930 - mylogger - INFO - 选择选项
2018-09-23 11:36:32,339 - mylogger - INFO - 答案正确
2018-09-23 11:36:33,221 - mylogger - INFO - 更新答案
2018-09-23 11:36:41,285 - mylogger - INFO - 本题结束
2018-09-23 11:36:41,286 - mylogger - INFO - 第 2 题
2018-09-23 11:36:41,286 - mylogger - INFO - 获取题目
2018-09-23 11:36:44,317 - mylogger - INFO - 古代，压岁钱并不是市场上流通的货币，那么最早它是什么呢？
2018-09-23 11:36:45,234 - mylogger - INFO - ['货币', '玩赏物', '桃木']
2018-09-23 11:36:45,238 - mylogger - INFO - 数据库中检索答案
2018-09-23 11:36:45,239 - mylogger - INFO - 数据中无答案
2018-09-23 11:36:45,239 - mylogger - INFO - 在线检索答案
2018-09-23 11:36:46,557 - mylogger - INFO - 我的答案：玩赏物
2018-09-23 11:36:47,089 - mylogger - INFO - 选择选项
2018-09-23 11:36:49,493 - mylogger - INFO - 答案正确
2018-09-23 11:36:49,493 - mylogger - INFO - 更新答案
2018-09-23 11:36:56,462 - mylogger - INFO - 本题结束
2018-09-23 11:36:56,463 - mylogger - INFO - 第 3 题
2018-09-23 11:36:56,463 - mylogger - INFO - 获取题目
2018-09-23 11:36:58,211 - mylogger - INFO - 家庭中煤气中毒主要指一氧化碳中毒，煤气中毒是什么原因引起的？
2018-09-23 11:36:59,113 - mylogger - INFO - ['煤气与血红蛋白易结合', '煤气破坏血红蛋白', '由煤气浓度高']
2018-09-23 11:36:59,117 - mylogger - INFO - 数据库中检索答案
2018-09-23 11:36:59,117 - mylogger - INFO - 数据中无答案
2018-09-23 11:36:59,118 - mylogger - INFO - 在线检索答案
2018-09-23 11:37:00,161 - mylogger - INFO - 我的答案：煤气与血红蛋白易结合
2018-09-23 11:37:00,649 - mylogger - INFO - 选择选项
2018-09-23 11:37:03,021 - mylogger - INFO - 答案正确
2018-09-23 11:37:03,022 - mylogger - INFO - 更新答案
2018-09-23 11:37:11,009 - mylogger - INFO - 本题结束
2018-09-23 11:37:11,010 - mylogger - INFO - 第 4 题
2018-09-23 11:37:11,010 - mylogger - INFO - 获取题目
2018-09-23 11:37:12,818 - mylogger - INFO - 以下哪个品牌不是路威酩轩集团旗下的品牌？
2018-09-23 11:37:13,757 - mylogger - INFO - ['Dior', '海蓝之谜', '娇兰']
2018-09-23 11:37:13,761 - mylogger - INFO - 数据库中检索答案
2018-09-23 11:37:13,761 - mylogger - INFO - 数据中无答案
2018-09-23 11:37:13,761 - mylogger - INFO - 在线检索答案
2018-09-23 11:37:14,616 - mylogger - INFO - 我的答案：Dior
2018-09-23 11:37:15,118 - mylogger - INFO - 选择选项
2018-09-23 11:37:17,642 - mylogger - INFO - 答案错误
2018-09-23 11:37:17,793 - mylogger - INFO - 正确答案是；海蓝之谜
2018-09-23 11:37:17,794 - mylogger - INFO - 更新答案
2018-09-23 11:37:24,515 - mylogger - INFO - 本题结束
2018-09-23 11:37:24,516 - mylogger - INFO - 第 5 题
2018-09-23 11:37:24,516 - mylogger - INFO - 获取题目
2018-09-23 11:37:27,302 - mylogger - INFO - 山东临沂的特色早餐“糁”是一种？
2018-09-23 11:37:28,083 - mylogger - INFO - ['炒饭', '汤', '甜品']
2018-09-23 11:37:28,087 - mylogger - INFO - 数据库中检索答案
2018-09-23 11:37:28,087 - mylogger - INFO - 数据中无答案
2018-09-23 11:37:28,087 - mylogger - INFO - 在线检索答案
2018-09-23 11:37:29,139 - mylogger - INFO - 我的答案：汤
2018-09-23 11:37:29,590 - mylogger - INFO - 选择选项
2018-09-23 11:37:31,959 - mylogger - INFO - 答案正确
2018-09-23 11:37:31,959 - mylogger - INFO - 更新答案
2018-09-23 11:37:40,036 - mylogger - INFO - 本题结束
2018-09-23 11:37:40,185 - mylogger - INFO - 本场比赛结束
2018-09-23 11:37:40,460 - mylogger - INFO - 返回游戏页面
2018-09-23 11:37:42,008 - mylogger - INFO - 进入排位赛
2018-09-23 11:37:42,008 - mylogger - INFO - 正在匹配中......
2018-09-23 11:38:03,628 - mylogger - INFO - 匹配成功
2018-09-23 11:38:03,629 - mylogger - INFO - 第 1 题
2018-09-23 11:38:03,629 - mylogger - INFO - 获取题目
2018-09-23 11:38:06,560 - mylogger - INFO - 电视剧《转角遇到爱》的片尾曲是哪一首？
2018-09-23 11:38:07,365 - mylogger - INFO - ['《爱转角》', '《好眼泪坏眼泪》', '《发现》']
2018-09-23 11:38:07,368 - mylogger - INFO - 数据库中检索答案
2018-09-23 11:38:07,368 - mylogger - INFO - 数据中无答案
2018-09-23 11:38:07,369 - mylogger - INFO - 在线检索答案
2018-09-23 11:38:08,279 - mylogger - INFO - 我的答案：《爱转角》
2018-09-23 11:38:08,824 - mylogger - INFO - 选择选项
2018-09-23 11:38:11,215 - mylogger - INFO - 答案正确
2018-09-23 11:38:11,216 - mylogger - INFO - 更新答案
2018-09-23 11:38:21,564 - mylogger - INFO - 本题结束
2018-09-23 11:38:21,565 - mylogger - INFO - 第 2 题
2018-09-23 11:38:21,565 - mylogger - INFO - 获取题目
2018-09-23 11:38:23,386 - mylogger - INFO - “云中谁寄锦书来，雁字回时，月满西楼”，这句词的作者是谁？
2018-09-23 11:38:24,262 - mylogger - INFO - ['苏轼', '李清照', '杨万里']
2018-09-23 11:38:24,265 - mylogger - INFO - 数据库中检索答案
2018-09-23 11:38:24,265 - mylogger - INFO - 数据中无答案
2018-09-23 11:38:24,266 - mylogger - INFO - 在线检索答案
2018-09-23 11:38:25,170 - mylogger - INFO - 我的答案：李清照
2018-09-23 11:38:25,693 - mylogger - INFO - 选择选项
2018-09-23 11:38:28,090 - mylogger - INFO - 答案正确
2018-09-23 11:38:28,090 - mylogger - INFO - 更新答案
2018-09-23 11:38:37,250 - mylogger - INFO - 本题结束
2018-09-23 11:38:37,251 - mylogger - INFO - 第 3 题
2018-09-23 11:38:37,251 - mylogger - INFO - 获取题目
2018-09-23 11:38:39,054 - mylogger - INFO - 在奥斯卡最佳外语片《卧虎藏龙》中，李慕白的扮演者是谁？
2018-09-23 11:38:39,966 - mylogger - INFO - ['梁朝伟', '刘德华', '周润发']
2018-09-23 11:38:39,971 - mylogger - INFO - 数据库中检索答案
2018-09-23 11:38:39,971 - mylogger - INFO - 数据中无答案
2018-09-23 11:38:39,971 - mylogger - INFO - 在线检索答案
2018-09-23 11:38:40,862 - mylogger - INFO - 我的答案：周润发
2018-09-23 11:38:41,349 - mylogger - INFO - 选择选项
2018-09-23 11:38:43,841 - mylogger - INFO - 答案正确
2018-09-23 11:38:43,842 - mylogger - INFO - 更新答案
2018-09-23 11:38:47,356 - mylogger - INFO - 本题结束
2018-09-23 11:38:47,363 - mylogger - INFO - 第 4 题
2018-09-23 11:38:47,364 - mylogger - INFO - 获取题目
2018-09-23 11:38:49,198 - mylogger - INFO - 纵波和横波相比，哪个传播的更快？
2018-09-23 11:38:50,083 - mylogger - INFO - ['纵波', '一样快', '横波']
2018-09-23 11:38:50,086 - mylogger - INFO - 数据库中检索答案
2018-09-23 11:38:50,087 - mylogger - INFO - 数据中无答案
2018-09-23 11:38:50,087 - mylogger - INFO - 在线检索答案
2018-09-23 11:38:51,577 - mylogger - INFO - 我的答案：纵波
2018-09-23 11:38:52,135 - mylogger - INFO - 选择选项
2018-09-23 11:38:54,517 - mylogger - INFO - 答案正确
2018-09-23 11:38:54,517 - mylogger - INFO - 更新答案
2018-09-23 11:38:55,923 - mylogger - INFO - 本题结束
2018-09-23 11:38:55,934 - mylogger - INFO - 第 5 题
2018-09-23 11:38:55,935 - mylogger - INFO - 获取题目
2018-09-23 11:38:57,716 - mylogger - INFO - 歌手陈粒推出的首张个人音乐专辑叫什么？
2018-09-23 11:38:58,647 - mylogger - INFO - ['《一万个舍不得》', '《如也》', '《G.E.M.》']
2018-09-23 11:38:58,650 - mylogger - INFO - 数据库中检索答案
2018-09-23 11:38:58,651 - mylogger - INFO - 数据中无答案
2018-09-23 11:38:58,651 - mylogger - INFO - 在线检索答案
2018-09-23 11:38:59,677 - mylogger - INFO - 我的答案：《如也》
2018-09-23 11:39:00,190 - mylogger - INFO - 选择选项
2018-09-23 11:39:02,607 - mylogger - INFO - 答案正确
2018-09-23 11:39:02,607 - mylogger - INFO - 更新答案
2018-09-23 11:39:04,000 - mylogger - INFO - 本题结束
2018-09-23 11:39:04,155 - mylogger - INFO - 本场比赛结束
2018-09-23 11:39:04,422 - mylogger - INFO - 返回游戏页面
2018-09-23 11:39:06,016 - mylogger - INFO - 进入排位赛
2018-09-23 11:39:06,016 - mylogger - INFO - 正在匹配中......
2018-09-23 11:39:20,813 - mylogger - INFO - 匹配成功
2018-09-23 11:39:20,813 - mylogger - INFO - 第 1 题
2018-09-23 11:39:20,814 - mylogger - INFO - 获取题目
2018-09-23 11:39:23,708 - mylogger - INFO - 小米IoT开发者大会上，官方宣布小米人工智能的名字是什么？
2018-09-23 11:39:24,604 - mylogger - INFO - ['小茗同学', '小岛同学', '小爱同学']
2018-09-23 11:39:24,607 - mylogger - INFO - 数据库中检索答案
2018-09-23 11:39:24,607 - mylogger - INFO - 数据中无答案
2018-09-23 11:39:24,608 - mylogger - INFO - 在线检索答案
2018-09-23 11:39:25,572 - mylogger - INFO - 我的答案：小茗同学
2018-09-23 11:39:26,241 - mylogger - INFO - 选择选项
2018-09-23 11:39:28,614 - mylogger - INFO - 答案错误
2018-09-23 11:39:28,880 - mylogger - INFO - 正确答案是；小爱同学
2018-09-23 11:39:28,881 - mylogger - INFO - 更新答案
2018-09-23 11:39:29,107 - mylogger - INFO - 本题结束
2018-09-23 11:39:29,108 - mylogger - INFO - 第 2 题
2018-09-23 11:39:29,109 - mylogger - INFO - 获取题目
2018-09-23 11:39:32,080 - mylogger - INFO - 《我的歌声里》原唱音乐人是？
2018-09-23 11:39:33,073 - mylogger - INFO - ['曲婉婷', '李代沫', '黄龄']
2018-09-23 11:39:33,076 - mylogger - INFO - 数据库中检索答案
2018-09-23 11:39:33,077 - mylogger - INFO - 数据中无答案
2018-09-23 11:39:33,077 - mylogger - INFO - 在线检索答案
2018-09-23 11:39:34,645 - mylogger - INFO - 我的答案：曲婉婷
2018-09-23 11:39:35,164 - mylogger - INFO - 选择选项
2018-09-23 11:39:37,560 - mylogger - INFO - 答案正确
2018-09-23 11:39:37,561 - mylogger - INFO - 更新答案
2018-09-23 11:39:40,988 - mylogger - INFO - 本题结束
2018-09-23 11:39:40,988 - mylogger - INFO - 第 3 题
2018-09-23 11:39:40,990 - mylogger - INFO - 获取题目
2018-09-23 11:39:42,777 - mylogger - INFO - 下列影片中不是由侯孝贤执导的是？
2018-09-23 11:39:43,673 - mylogger - INFO - ['《重庆森林》', '《悲情城市》', '《童年往事》']
2018-09-23 11:39:43,676 - mylogger - INFO - 数据库中检索答案
2018-09-23 11:39:43,677 - mylogger - INFO - 数据中无答案
2018-09-23 11:39:43,677 - mylogger - INFO - 在线检索答案
2018-09-23 11:39:44,548 - mylogger - INFO - 我的答案：《重庆森林》
2018-09-23 11:39:45,095 - mylogger - INFO - 选择选项
2018-09-23 11:39:47,519 - mylogger - INFO - 答案正确
2018-09-23 11:39:47,519 - mylogger - INFO - 更新答案
2018-09-23 11:39:48,879 - mylogger - INFO - 本题结束
2018-09-23 11:39:48,881 - mylogger - INFO - 第 4 题
2018-09-23 11:39:48,881 - mylogger - INFO - 获取题目
2018-09-23 11:39:50,665 - mylogger - INFO - 2013年电影《恐怖直播》是哪个国家的电影？
2018-09-23 11:39:51,588 - mylogger - INFO - ['意大利', '韩国', '日本']
2018-09-23 11:39:51,591 - mylogger - INFO - 数据库中检索答案
2018-09-23 11:39:51,591 - mylogger - INFO - 数据中无答案
2018-09-23 11:39:51,591 - mylogger - INFO - 在线检索答案
2018-09-23 11:39:52,415 - mylogger - INFO - 我的答案：韩国
2018-09-23 11:39:52,949 - mylogger - INFO - 选择选项
2018-09-23 11:39:55,357 - mylogger - INFO - 答案正确
2018-09-23 11:39:55,358 - mylogger - INFO - 更新答案
2018-09-23 11:39:58,848 - mylogger - INFO - 本题结束
2018-09-23 11:39:58,849 - mylogger - INFO - 第 5 题
2018-09-23 11:39:58,849 - mylogger - INFO - 获取题目
2018-09-23 11:40:00,701 - mylogger - INFO - “唐三彩”主要由哪三种色釉组成？
2018-09-23 11:40:01,758 - mylogger - INFO - ['白、黄、绿', '白、黄、蓝', '白、赫、绿']
2018-09-23 11:40:01,761 - mylogger - INFO - 数据库中检索答案
2018-09-23 11:40:01,761 - mylogger - INFO - 数据中无答案
2018-09-23 11:40:01,762 - mylogger - INFO - 在线检索答案
2018-09-23 11:40:03,052 - mylogger - INFO - 我的答案：白、黄、绿
2018-09-23 11:40:03,568 - mylogger - INFO - 选择选项
2018-09-23 11:40:05,996 - mylogger - INFO - 答案正确
2018-09-23 11:40:05,997 - mylogger - INFO - 更新答案
2018-09-23 11:40:07,342 - mylogger - INFO - 本题结束
2018-09-23 11:40:07,454 - mylogger - INFO - 本场比赛结束
2018-09-23 11:40:07,733 - mylogger - INFO - 返回游戏页面
2018-09-23 11:40:09,310 - mylogger - INFO - 进入排位赛
2018-09-23 11:40:09,311 - mylogger - INFO - 正在匹配中......
2018-09-23 11:40:28,842 - mylogger - INFO - 匹配成功
2018-09-23 11:40:28,842 - mylogger - INFO - 第 1 题
2018-09-23 11:40:28,842 - mylogger - INFO - 获取题目
2018-09-23 11:40:31,812 - mylogger - INFO - 京剧剧目《李逵探母》，取材于古典四大名著中的哪一部？
2018-09-23 11:40:32,747 - mylogger - INFO - ['《水浒传》', '《三国演义》', '《红楼梦》']
2018-09-23 11:40:32,751 - mylogger - INFO - 数据库中检索答案
2018-09-23 11:40:32,752 - mylogger - INFO - 数据中无答案
2018-09-23 11:40:32,752 - mylogger - INFO - 在线检索答案
2018-09-23 11:40:33,976 - mylogger - INFO - 我的答案：《水浒传》
2018-09-23 11:40:34,512 - mylogger - INFO - 选择选项
2018-09-23 11:40:36,911 - mylogger - INFO - 答案正确
2018-09-23 11:40:36,912 - mylogger - INFO - 更新答案
2018-09-23 11:40:39,377 - mylogger - INFO - 本题结束
2018-09-23 11:40:39,378 - mylogger - INFO - 第 2 题
2018-09-23 11:40:39,379 - mylogger - INFO - 获取题目
2018-09-23 11:40:41,299 - mylogger - INFO - “星女郎”林允的本名是什么？
2018-09-23 11:40:42,272 - mylogger - INFO - ['费霞', '杨颖', '张燕']
2018-09-23 11:40:42,275 - mylogger - INFO - 数据库中检索答案
2018-09-23 11:40:42,275 - mylogger - INFO - 数据中无答案
2018-09-23 11:40:42,276 - mylogger - INFO - 在线检索答案
2018-09-23 11:40:43,311 - mylogger - INFO - 我的答案：费霞
2018-09-23 11:40:43,854 - mylogger - INFO - 选择选项
2018-09-23 11:40:46,316 - mylogger - INFO - 答案正确
2018-09-23 11:40:46,316 - mylogger - INFO - 更新答案
2018-09-23 11:40:48,749 - mylogger - INFO - 本题结束
2018-09-23 11:40:48,751 - mylogger - INFO - 第 3 题
2018-09-23 11:40:48,751 - mylogger - INFO - 获取题目
2018-09-23 11:40:51,654 - mylogger - INFO - 李娜和韩红都演唱过的因为高音而出名的一首歌是什么？
2018-09-23 11:40:52,592 - mylogger - INFO - ['黄土高坡', '山路十八弯', '青藏高原']
2018-09-23 11:40:52,594 - mylogger - INFO - 数据库中检索答案
2018-09-23 11:40:52,595 - mylogger - INFO - 数据中无答案
2018-09-23 11:40:52,595 - mylogger - INFO - 在线检索答案
2018-09-23 11:40:53,956 - mylogger - INFO - 我的答案：青藏高原
2018-09-23 11:40:54,499 - mylogger - INFO - 选择选项
2018-09-23 11:40:56,975 - mylogger - INFO - 答案正确
2018-09-23 11:40:56,976 - mylogger - INFO - 更新答案
2018-09-23 11:41:00,551 - mylogger - INFO - 本题结束
2018-09-23 11:41:00,557 - mylogger - INFO - 第 4 题
2018-09-23 11:41:00,557 - mylogger - INFO - 获取题目
2018-09-23 11:41:03,655 - mylogger - INFO - 甲5天加工70个零件，乙3天加工42个，每天工作量相同。谁的效率高？
2018-09-23 11:41:04,645 - mylogger - INFO - ['不能比较', '甲', '一样高']
2018-09-23 11:41:04,649 - mylogger - INFO - 数据库中检索答案
2018-09-23 11:41:04,650 - mylogger - INFO - 数据中无答案
2018-09-23 11:41:04,650 - mylogger - INFO - 在线检索答案
2018-09-23 11:41:05,737 - mylogger - INFO - 我的答案：甲
2018-09-23 11:41:06,248 - mylogger - INFO - 选择选项
2018-09-23 11:41:08,717 - mylogger - INFO - 答案错误
2018-09-23 11:41:08,932 - mylogger - INFO - 正确答案是；一样高
2018-09-23 11:41:08,932 - mylogger - INFO - 更新答案
2018-09-23 11:41:15,802 - mylogger - INFO - 本题结束
2018-09-23 11:41:15,803 - mylogger - INFO - 第 5 题
2018-09-23 11:41:15,804 - mylogger - INFO - 获取题目
2018-09-23 11:41:18,789 - mylogger - INFO - 中国名酒中有“三沟一河”的说法，其中“三沟”不包括？
2018-09-23 11:41:19,725 - mylogger - INFO - ['洋沟酒', '高沟酒', '双沟酒']
2018-09-23 11:41:19,728 - mylogger - INFO - 数据库中检索答案
2018-09-23 11:41:19,730 - mylogger - INFO - 数据中无答案
2018-09-23 11:41:19,730 - mylogger - INFO - 在线检索答案
2018-09-23 11:41:20,611 - mylogger - INFO - 我的答案：洋沟酒
2018-09-23 11:41:21,167 - mylogger - INFO - 选择选项
2018-09-23 11:41:23,567 - mylogger - INFO - 答案正确
2018-09-23 11:41:23,568 - mylogger - INFO - 更新答案
2018-09-23 11:41:30,517 - mylogger - INFO - 本题结束
2018-09-23 11:41:30,624 - mylogger - INFO - 本场比赛结束
2018-09-23 11:41:30,886 - mylogger - INFO - 返回游戏页面
2018-09-23 11:41:32,424 - mylogger - INFO - 进入排位赛
2018-09-23 11:41:32,425 - mylogger - INFO - 正在匹配中......
2018-09-23 11:41:46,159 - mylogger - INFO - 匹配成功
2018-09-23 11:41:46,159 - mylogger - INFO - 第 1 题
2018-09-23 11:41:46,159 - mylogger - INFO - 获取题目
2018-09-23 11:41:49,163 - mylogger - INFO - 《叶问》中叶问最擅长哪种功夫？
2018-09-23 11:41:50,034 - mylogger - INFO - ['咏春拳', '螳螂拳', '醉拳']
2018-09-23 11:41:50,037 - mylogger - INFO - 数据库中检索答案
2018-09-23 11:41:50,038 - mylogger - INFO - 数据中无答案
2018-09-23 11:41:50,038 - mylogger - INFO - 在线检索答案
2018-09-23 11:41:50,814 - mylogger - INFO - 我的答案：咏春拳
2018-09-23 11:41:51,392 - mylogger - INFO - 选择选项
2018-09-23 11:41:53,782 - mylogger - INFO - 答案正确
2018-09-23 11:41:53,782 - mylogger - INFO - 更新答案
2018-09-23 11:41:55,149 - mylogger - INFO - 本题结束
2018-09-23 11:41:55,150 - mylogger - INFO - 第 2 题
2018-09-23 11:41:55,151 - mylogger - INFO - 获取题目
2018-09-23 11:41:56,967 - mylogger - INFO - 光年是什么的单位？
2018-09-23 11:41:58,043 - mylogger - INFO - ['质量', '时间', '距离']
2018-09-23 11:41:58,047 - mylogger - INFO - 数据库中检索答案
2018-09-23 11:41:58,048 - mylogger - INFO - 数据中无答案
2018-09-23 11:41:58,048 - mylogger - INFO - 在线检索答案
2018-09-23 11:41:58,880 - mylogger - INFO - 我的答案：距离
2018-09-23 11:41:59,422 - mylogger - INFO - 选择选项
2018-09-23 11:42:01,853 - mylogger - INFO - 答案正确
2018-09-23 11:42:01,853 - mylogger - INFO - 更新答案
2018-09-23 11:42:03,223 - mylogger - INFO - 本题结束
2018-09-23 11:42:03,224 - mylogger - INFO - 第 3 题
2018-09-23 11:42:03,224 - mylogger - INFO - 获取题目
2018-09-23 11:42:05,003 - mylogger - INFO - 国际瑜伽日是每年的哪一天？
2018-09-23 11:42:05,989 - mylogger - INFO - ['5月21日', '6月21日', '3月21日']
2018-09-23 11:42:05,993 - mylogger - INFO - 数据库中检索答案
2018-09-23 11:42:05,993 - mylogger - INFO - 数据中无答案
2018-09-23 11:42:05,994 - mylogger - INFO - 在线检索答案
2018-09-23 11:42:06,848 - mylogger - INFO - 我的答案：6月21日
2018-09-23 11:42:07,418 - mylogger - INFO - 选择选项
2018-09-23 11:42:09,926 - mylogger - INFO - 答案正确
2018-09-23 11:42:09,927 - mylogger - INFO - 更新答案
2018-09-23 11:42:12,288 - mylogger - INFO - 本题结束
2018-09-23 11:42:12,290 - mylogger - INFO - 第 4 题
2018-09-23 11:42:12,290 - mylogger - INFO - 获取题目
2018-09-23 11:42:15,374 - mylogger - INFO - 世界上第一位机器人索菲亚，她被授予哪个国家的国籍？
2018-09-23 11:42:16,335 - mylogger - INFO - ['沙特', '日本', '美国']
2018-09-23 11:42:16,339 - mylogger - INFO - 数据库中检索答案
2018-09-23 11:42:16,339 - mylogger - INFO - 数据中无答案
2018-09-23 11:42:16,340 - mylogger - INFO - 在线检索答案
2018-09-23 11:42:17,190 - mylogger - INFO - 我的答案：沙特
2018-09-23 11:42:17,763 - mylogger - INFO - 选择选项
2018-09-23 11:42:20,174 - mylogger - INFO - 答案正确
2018-09-23 11:42:20,175 - mylogger - INFO - 更新答案
2018-09-23 11:42:21,579 - mylogger - INFO - 本题结束
2018-09-23 11:42:21,580 - mylogger - INFO - 第 5 题
2018-09-23 11:42:21,581 - mylogger - INFO - 获取题目
2018-09-23 11:42:24,519 - mylogger - INFO - 酿造白兰地酒的原料是什么？
2018-09-23 11:42:25,532 - mylogger - INFO - ['大麦', '高粱', '水果']
2018-09-23 11:42:25,536 - mylogger - INFO - 数据库中检索答案
2018-09-23 11:42:25,536 - mylogger - INFO - 数据中无答案
2018-09-23 11:42:25,536 - mylogger - INFO - 在线检索答案
2018-09-23 11:42:26,694 - mylogger - INFO - 我的答案：水果
2018-09-23 11:42:27,280 - mylogger - INFO - 选择选项
2018-09-23 11:42:29,674 - mylogger - INFO - 答案正确
2018-09-23 11:42:29,674 - mylogger - INFO - 更新答案
2018-09-23 11:42:30,957 - mylogger - INFO - 本题结束
2018-09-23 11:42:31,128 - mylogger - INFO - 本场比赛结束
2018-09-23 11:42:31,387 - mylogger - INFO - 返回游戏页面
2018-09-23 11:42:32,927 - mylogger - INFO - 进入排位赛
2018-09-23 11:42:32,928 - mylogger - INFO - 正在匹配中......
2018-09-23 11:42:53,313 - mylogger - INFO - 匹配成功
2018-09-23 11:42:53,314 - mylogger - INFO - 第 1 题
2018-09-23 11:42:53,314 - mylogger - INFO - 获取题目
2018-09-23 11:42:56,388 - mylogger - INFO - 挪威的货币名称是什么？
2018-09-23 11:42:57,285 - mylogger - INFO - ['卢布', '克郎', '元']
2018-09-23 11:42:57,287 - mylogger - INFO - 数据库中检索答案
2018-09-23 11:42:57,288 - mylogger - INFO - 数据中无答案
2018-09-23 11:42:57,288 - mylogger - INFO - 在线检索答案
2018-09-23 11:42:58,184 - mylogger - INFO - 我的答案：元
2018-09-23 11:42:58,776 - mylogger - INFO - 选择选项
2018-09-23 11:43:01,154 - mylogger - INFO - 答案错误
2018-09-23 11:43:01,421 - mylogger - INFO - 正确答案是；克郎
2018-09-23 11:43:01,422 - mylogger - INFO - 更新答案
2018-09-23 11:43:01,625 - mylogger - INFO - 本题结束
2018-09-23 11:43:01,626 - mylogger - INFO - 第 2 题
2018-09-23 11:43:01,627 - mylogger - INFO - 获取题目
2018-09-23 11:43:04,553 - mylogger - INFO - 以下哪个动物是世界上最大的熊？
2018-09-23 11:43:05,461 - mylogger - INFO - ['北极熊', '棕熊', '灰熊']
2018-09-23 11:43:05,466 - mylogger - INFO - 数据库中检索答案
2018-09-23 11:43:05,466 - mylogger - INFO - 数据中无答案
2018-09-23 11:43:05,466 - mylogger - INFO - 在线检索答案
2018-09-23 11:43:07,089 - mylogger - INFO - 我的答案：棕熊
2018-09-23 11:43:07,639 - mylogger - INFO - 选择选项
2018-09-23 11:43:10,078 - mylogger - INFO - 答案正确
2018-09-23 11:43:10,078 - mylogger - INFO - 更新答案
2018-09-23 11:43:11,386 - mylogger - INFO - 本题结束
2018-09-23 11:43:11,387 - mylogger - INFO - 第 3 题
2018-09-23 11:43:11,387 - mylogger - INFO - 获取题目
2018-09-23 11:43:14,361 - mylogger - INFO - 清明的前面是以下哪个节气？
2018-09-23 11:43:15,382 - mylogger - INFO - ['冬至', '春分', '芒种']
2018-09-23 11:43:15,385 - mylogger - INFO - 数据库中检索答案
2018-09-23 11:43:15,386 - mylogger - INFO - 数据中无答案
2018-09-23 11:43:15,386 - mylogger - INFO - 在线检索答案
2018-09-23 11:43:16,402 - mylogger - INFO - 我的答案：春分
2018-09-23 11:43:16,989 - mylogger - INFO - 选择选项
2018-09-23 11:43:19,453 - mylogger - INFO - 答案正确
2018-09-23 11:43:19,453 - mylogger - INFO - 更新答案
2018-09-23 11:43:20,804 - mylogger - INFO - 本题结束
2018-09-23 11:43:20,805 - mylogger - INFO - 第 4 题
2018-09-23 11:43:20,805 - mylogger - INFO - 获取题目
2018-09-23 11:43:22,555 - mylogger - INFO - 关于英法“百年战争”的叙述，错误的是哪一个？
2018-09-23 11:43:23,480 - mylogger - INFO - ['以法国人退出英国告终', '圣女贞德在此役中成名', '领土争夺是重要原因']
2018-09-23 11:43:23,484 - mylogger - INFO - 数据库中检索答案
2018-09-23 11:43:23,484 - mylogger - INFO - 数据中无答案
2018-09-23 11:43:23,484 - mylogger - INFO - 在线检索答案
2018-09-23 11:43:24,955 - mylogger - INFO - 我的答案：以法国人退出英国告终
2018-09-23 11:43:25,474 - mylogger - INFO - 选择选项
2018-09-23 11:43:27,898 - mylogger - INFO - 答案正确
2018-09-23 11:43:27,898 - mylogger - INFO - 更新答案
2018-09-23 11:43:32,653 - mylogger - INFO - 本题结束
2018-09-23 11:43:32,665 - mylogger - INFO - 第 5 题
2018-09-23 11:43:32,666 - mylogger - INFO - 获取题目
2018-09-23 11:43:35,598 - mylogger - INFO - 2017年拍摄的新版《流星花园》中，道明寺的姐姐将由谁出演？
2018-09-23 11:43:36,542 - mylogger - INFO - ['小s', '钱韦杉', '大s']
2018-09-23 11:43:36,546 - mylogger - INFO - 数据库中检索答案
2018-09-23 11:43:36,546 - mylogger - INFO - 数据中无答案
2018-09-23 11:43:36,546 - mylogger - INFO - 在线检索答案
2018-09-23 11:43:37,374 - mylogger - INFO - 我的答案：小s
2018-09-23 11:43:37,891 - mylogger - INFO - 选择选项
2018-09-23 11:43:40,218 - mylogger - INFO - 答案正确
2018-09-23 11:43:40,218 - mylogger - INFO - 更新答案
2018-09-23 11:43:42,685 - mylogger - INFO - 本题结束
2018-09-23 11:43:42,794 - mylogger - INFO - 本场比赛结束
2018-09-23 11:43:43,066 - mylogger - INFO - 返回游戏页面
2018-09-23 11:43:44,697 - mylogger - INFO - 进入排位赛
2018-09-23 11:43:44,697 - mylogger - INFO - 正在匹配中......
2018-09-23 11:44:15,258 - mylogger - INFO - 匹配成功
2018-09-23 11:44:15,258 - mylogger - INFO - 第 1 题
2018-09-23 11:44:15,258 - mylogger - INFO - 获取题目
2018-09-23 11:44:18,308 - mylogger - INFO - 在游戏《马里奥兄弟》中，一开始被怪兽抓走的公主叫什么名字？
2018-09-23 11:44:19,199 - mylogger - INFO - ['白雪公主', '太平公主', '碧琪公主']
2018-09-23 11:44:19,202 - mylogger - INFO - 数据库中检索答案
2018-09-23 11:44:19,203 - mylogger - INFO - 数据中无答案
2018-09-23 11:44:19,203 - mylogger - INFO - 在线检索答案
2018-09-23 11:44:20,504 - mylogger - INFO - 我的答案：碧琪公主
2018-09-23 11:44:21,060 - mylogger - INFO - 选择选项
2018-09-23 11:44:23,522 - mylogger - INFO - 答案正确
2018-09-23 11:44:23,522 - mylogger - INFO - 更新答案
2018-09-23 11:44:25,914 - mylogger - INFO - 本题结束
2018-09-23 11:44:25,914 - mylogger - INFO - 第 2 题
2018-09-23 11:44:25,916 - mylogger - INFO - 获取题目
2018-09-23 11:44:27,712 - mylogger - INFO - 下列选项中，哪一个城市不属于“七大古都”之一？
2018-09-23 11:44:28,605 - mylogger - INFO - ['沈阳', '安阳', '北京']
2018-09-23 11:44:28,608 - mylogger - INFO - 数据库中检索答案
2018-09-23 11:44:28,609 - mylogger - INFO - 数据中无答案
2018-09-23 11:44:28,609 - mylogger - INFO - 在线检索答案
2018-09-23 11:44:29,429 - mylogger - INFO - 我的答案：沈阳
2018-09-23 11:44:30,043 - mylogger - INFO - 选择选项
2018-09-23 11:44:32,500 - mylogger - INFO - 答案正确
2018-09-23 11:44:32,501 - mylogger - INFO - 更新答案
2018-09-23 11:44:33,845 - mylogger - INFO - 本题结束
2018-09-23 11:44:33,846 - mylogger - INFO - 第 3 题
2018-09-23 11:44:33,847 - mylogger - INFO - 获取题目
2018-09-23 11:44:36,821 - mylogger - INFO - 以小说《魔戒》改编而成的《指环王》，是在哪里取景的？
2018-09-23 11:44:37,789 - mylogger - INFO - ['意大利', '澳大利亚', '新西兰']
2018-09-23 11:44:37,794 - mylogger - INFO - 数据库中检索答案
2018-09-23 11:44:37,794 - mylogger - INFO - 数据中无答案
2018-09-23 11:44:37,794 - mylogger - INFO - 在线检索答案
2018-09-23 11:44:38,752 - mylogger - INFO - 我的答案：新西兰
2018-09-23 11:44:39,336 - mylogger - INFO - 选择选项
2018-09-23 11:44:41,774 - mylogger - INFO - 答案正确
2018-09-23 11:44:41,774 - mylogger - INFO - 更新答案
2018-09-23 11:44:44,217 - mylogger - INFO - 本题结束
2018-09-23 11:44:44,219 - mylogger - INFO - 第 4 题
2018-09-23 11:44:44,219 - mylogger - INFO - 获取题目
2018-09-23 11:44:46,089 - mylogger - INFO - “科尔维特”属于下列哪种车型？
2018-09-23 11:44:47,122 - mylogger - INFO - ['跑车', '皮卡', '小型车']
2018-09-23 11:44:47,126 - mylogger - INFO - 数据库中检索答案
2018-09-23 11:44:47,126 - mylogger - INFO - 数据中无答案
2018-09-23 11:44:47,126 - mylogger - INFO - 在线检索答案
2018-09-23 11:44:47,953 - mylogger - INFO - 我的答案：跑车
2018-09-23 11:44:48,512 - mylogger - INFO - 选择选项
2018-09-23 11:44:50,924 - mylogger - INFO - 答案正确
2018-09-23 11:44:50,924 - mylogger - INFO - 更新答案
2018-09-23 11:44:52,226 - mylogger - INFO - 本题结束
2018-09-23 11:44:52,227 - mylogger - INFO - 第 5 题
2018-09-23 11:44:52,227 - mylogger - INFO - 获取题目
2018-09-23 11:44:55,154 - mylogger - INFO - 我国喝腊八粥的习俗最早开始于？
2018-09-23 11:44:56,144 - mylogger - INFO - ['唐朝', '五代十国', '宋朝']
2018-09-23 11:44:56,149 - mylogger - INFO - 数据库中检索答案
2018-09-23 11:44:56,149 - mylogger - INFO - 数据中无答案
2018-09-23 11:44:56,149 - mylogger - INFO - 在线检索答案
2018-09-23 11:44:57,178 - mylogger - INFO - 我的答案：宋朝
2018-09-23 11:44:57,745 - mylogger - INFO - 选择选项
2018-09-23 11:45:00,327 - mylogger - INFO - 答案正确
2018-09-23 11:45:00,328 - mylogger - INFO - 更新答案
2018-09-23 11:45:00,652 - mylogger - INFO - 本题结束
2018-09-23 11:45:00,890 - mylogger - INFO - 本场比赛结束
2018-09-23 11:45:01,137 - mylogger - INFO - 返回游戏页面
2018-09-23 11:45:02,781 - mylogger - INFO - 进入排位赛
2018-09-23 11:45:02,782 - mylogger - INFO - 正在匹配中......
2018-09-23 11:46:03,727 - mylogger - WARNING - 匹配失败
2018-09-23 11:46:03,727 - mylogger - INFO - 第 1 题
2018-09-23 11:46:03,728 - mylogger - INFO - 获取题目
2018-09-23 11:46:25,934 - mylogger - INFO - 进入排位赛
2018-09-23 11:46:25,935 - mylogger - INFO - 正在匹配中......
2018-09-23 11:46:54,176 - mylogger - INFO - 匹配成功
2018-09-23 11:46:54,176 - mylogger - INFO - 第 1 题
2018-09-23 11:46:54,177 - mylogger - INFO - 获取题目
2018-09-23 11:46:57,190 - mylogger - INFO - 赵丽蓉小品《打工奇遇》中“群英荟萃”这道菜以什么为主食材
2018-09-23 11:46:58,174 - mylogger - INFO - ['萝卜', '土豆', '黄瓜']
2018-09-23 11:46:58,178 - mylogger - INFO - 数据库中检索答案
2018-09-23 11:46:58,179 - mylogger - INFO - 数据中无答案
2018-09-23 11:46:58,180 - mylogger - INFO - 在线检索答案
2018-09-23 11:46:59,059 - mylogger - INFO - 我的答案：萝卜
2018-09-23 11:47:00,726 - mylogger - INFO - 选择选项
2018-09-23 11:47:03,181 - mylogger - INFO - 答案正确
2018-09-23 11:47:03,182 - mylogger - INFO - 更新答案
2018-09-23 11:47:04,625 - mylogger - INFO - 本题结束
2018-09-23 11:47:04,627 - mylogger - INFO - 第 2 题
2018-09-23 11:47:04,627 - mylogger - INFO - 获取题目
2018-09-23 11:47:06,475 - mylogger - INFO - 第一艘登上月球的载人飞船是哪个国家的？
2018-09-23 11:47:07,503 - mylogger - INFO - ['前苏联', '美国', '德国']
2018-09-23 11:47:07,507 - mylogger - INFO - 数据库中检索答案
2018-09-23 11:47:07,507 - mylogger - INFO - 数据中无答案
2018-09-23 11:47:07,507 - mylogger - INFO - 在线检索答案
2018-09-23 11:47:10,099 - mylogger - INFO - 我的答案：美国
2018-09-23 11:47:10,623 - mylogger - INFO - 选择选项
2018-09-23 11:47:13,038 - mylogger - INFO - 答案正确
2018-09-23 11:47:13,039 - mylogger - INFO - 更新答案
2018-09-23 11:47:14,372 - mylogger - INFO - 本题结束
2018-09-23 11:47:14,374 - mylogger - INFO - 第 3 题
2018-09-23 11:47:14,374 - mylogger - INFO - 获取题目
2018-09-23 11:47:16,271 - mylogger - INFO - 五行是中国古代道家的一种系统观，其中五行学说“木”克什么？
2018-09-23 11:47:17,212 - mylogger - INFO - ['火', '水', '土']
2018-09-23 11:47:17,216 - mylogger - INFO - 数据库中检索答案
2018-09-23 11:47:17,216 - mylogger - INFO - 数据中无答案
2018-09-23 11:47:17,217 - mylogger - INFO - 在线检索答案
2018-09-23 11:47:18,497 - mylogger - INFO - 我的答案：火
2018-09-23 11:47:18,997 - mylogger - INFO - 选择选项
2018-09-23 11:47:21,545 - mylogger - INFO - 答案错误
2018-09-23 11:47:21,744 - mylogger - INFO - 正确答案是；土
2018-09-23 11:47:21,745 - mylogger - INFO - 更新答案
2018-09-23 11:47:26,454 - mylogger - INFO - 本题结束
2018-09-23 11:47:26,467 - mylogger - INFO - 第 4 题
2018-09-23 11:47:26,467 - mylogger - INFO - 获取题目
2018-09-23 11:47:29,396 - mylogger - INFO - 代表维纳斯女神的行星是
2018-09-23 11:47:30,484 - mylogger - INFO - ['金星', '天王星', '水星']
2018-09-23 11:47:30,487 - mylogger - INFO - 数据库中检索答案
2018-09-23 11:47:30,488 - mylogger - INFO - 数据中无答案
2018-09-23 11:47:30,488 - mylogger - INFO - 在线检索答案
2018-09-23 11:47:31,405 - mylogger - INFO - 我的答案：金星
2018-09-23 11:47:31,945 - mylogger - INFO - 选择选项
2018-09-23 11:47:34,362 - mylogger - INFO - 答案正确
2018-09-23 11:47:34,363 - mylogger - INFO - 更新答案
2018-09-23 11:47:35,668 - mylogger - INFO - 本题结束
2018-09-23 11:47:35,669 - mylogger - INFO - 第 5 题
2018-09-23 11:47:35,670 - mylogger - INFO - 获取题目
2018-09-23 11:47:38,632 - mylogger - INFO - 关于植物的光合作用，以下哪一个说法是不正确的？
2018-09-23 11:47:39,657 - mylogger - INFO - ['消耗氧气', '吸收光能', '调节大气']
2018-09-23 11:47:39,661 - mylogger - INFO - 数据库中检索答案
2018-09-23 11:47:39,661 - mylogger - INFO - 数据中无答案
2018-09-23 11:47:39,662 - mylogger - INFO - 在线检索答案
2018-09-23 11:47:40,634 - mylogger - INFO - 我的答案：消耗氧气
2018-09-23 11:47:41,195 - mylogger - INFO - 选择选项
2018-09-23 11:47:43,666 - mylogger - INFO - 答案正确
2018-09-23 11:47:43,666 - mylogger - INFO - 更新答案
2018-09-23 11:47:47,182 - mylogger - INFO - 本题结束
2018-09-23 11:47:47,304 - mylogger - INFO - 本场比赛结束
2018-09-23 11:47:47,576 - mylogger - INFO - 返回游戏页面
2018-09-23 11:47:49,121 - mylogger - INFO - 进入排位赛
2018-09-23 11:47:49,122 - mylogger - INFO - 正在匹配中......
2018-09-23 11:47:56,160 - mylogger - INFO - 匹配成功
2018-09-23 11:47:56,161 - mylogger - INFO - 第 1 题
2018-09-23 11:47:56,162 - mylogger - INFO - 获取题目
2018-09-23 11:47:59,155 - mylogger - INFO - 世界第一个踏上月球的宇航员是谁？
2018-09-23 11:48:00,093 - mylogger - INFO - ['嫦娥', '阿姆斯特朗', '玉兔']
2018-09-23 11:48:00,096 - mylogger - INFO - 数据库中检索答案
2018-09-23 11:48:00,096 - mylogger - INFO - 数据中无答案
2018-09-23 11:48:00,096 - mylogger - INFO - 在线检索答案
2018-09-23 11:48:00,999 - mylogger - INFO - 我的答案：阿姆斯特朗
2018-09-23 11:48:01,506 - mylogger - INFO - 选择选项
2018-09-23 11:48:03,886 - mylogger - INFO - 答案正确
2018-09-23 11:48:03,886 - mylogger - INFO - 更新答案
2018-09-23 11:48:05,223 - mylogger - INFO - 本题结束
2018-09-23 11:48:05,226 - mylogger - INFO - 第 2 题
2018-09-23 11:48:05,227 - mylogger - INFO - 获取题目
2018-09-23 11:48:08,243 - mylogger - INFO - 人们常说的“兰蔻小黑瓶”指的是？
2018-09-23 11:48:09,249 - mylogger - INFO - ['防晒乳', '粉底液', '精华肌底液']
2018-09-23 11:48:09,251 - mylogger - INFO - 数据库中检索答案
2018-09-23 11:48:09,252 - mylogger - INFO - 数据中无答案
2018-09-23 11:48:09,252 - mylogger - INFO - 在线检索答案
2018-09-23 11:48:10,098 - mylogger - INFO - 我的答案：精华肌底液
2018-09-23 11:48:10,677 - mylogger - INFO - 选择选项
2018-09-23 11:48:13,028 - mylogger - INFO - 答案正确
2018-09-23 11:48:13,029 - mylogger - INFO - 更新答案
2018-09-23 11:48:15,455 - mylogger - INFO - 本题结束
2018-09-23 11:48:15,456 - mylogger - INFO - 第 3 题
2018-09-23 11:48:15,457 - mylogger - INFO - 获取题目
2018-09-23 11:48:17,274 - mylogger - INFO - 英式台球“斯诺克”的意思是什么？
2018-09-23 11:48:18,247 - mylogger - INFO - ['阻碍', '得分', '撞击']
2018-09-23 11:48:18,251 - mylogger - INFO - 数据库中检索答案
2018-09-23 11:48:18,251 - mylogger - INFO - 数据中无答案
2018-09-23 11:48:18,251 - mylogger - INFO - 在线检索答案
2018-09-23 11:48:19,218 - mylogger - INFO - 我的答案：阻碍
2018-09-23 11:48:19,734 - mylogger - INFO - 选择选项
2018-09-23 11:48:22,186 - mylogger - INFO - 答案正确
2018-09-23 11:48:22,186 - mylogger - INFO - 更新答案
2018-09-23 11:48:24,635 - mylogger - INFO - 本题结束
2018-09-23 11:48:24,637 - mylogger - INFO - 第 4 题
2018-09-23 11:48:24,638 - mylogger - INFO - 获取题目
2018-09-23 11:48:27,606 - mylogger - INFO - 车尔尼雪夫斯基在《艺术与现实的审美关系》中提出了什么定义？
2018-09-23 11:48:28,593 - mylogger - INFO - ['“美是生活”', '“美是自然”', '“美是和谐”']
2018-09-23 11:48:28,625 - mylogger - INFO - 数据库中检索答案
2018-09-23 11:48:28,626 - mylogger - INFO - 数据中无答案
2018-09-23 11:48:28,627 - mylogger - INFO - 在线检索答案
2018-09-23 11:48:29,883 - mylogger - INFO - 我的答案：“美是生活”
2018-09-23 11:48:30,390 - mylogger - INFO - 选择选项
2018-09-23 11:48:32,815 - mylogger - INFO - 答案正确
2018-09-23 11:48:32,816 - mylogger - INFO - 更新答案
2018-09-23 11:48:34,082 - mylogger - INFO - 本题结束
2018-09-23 11:48:34,084 - mylogger - INFO - 第 5 题
2018-09-23 11:48:34,084 - mylogger - INFO - 获取题目
2018-09-23 11:48:35,823 - mylogger - INFO - 广东省的第二大江是哪一个？
2018-09-23 11:48:36,923 - mylogger - INFO - ['珠江', '北江', '韩江']
2018-09-23 11:48:36,927 - mylogger - INFO - 数据库中检索答案
2018-09-23 11:48:36,927 - mylogger - INFO - 数据中无答案
2018-09-23 11:48:36,927 - mylogger - INFO - 在线检索答案
2018-09-23 11:48:38,763 - mylogger - INFO - 我的答案：韩江
2018-09-23 11:48:39,278 - mylogger - INFO - 选择选项
2018-09-23 11:48:41,843 - mylogger - INFO - 答案正确
2018-09-23 11:48:41,844 - mylogger - INFO - 更新答案
2018-09-23 11:48:42,067 - mylogger - INFO - 本题结束
2018-09-23 11:48:42,246 - mylogger - INFO - 本场比赛结束
2018-09-23 11:48:42,510 - mylogger - INFO - 返回游戏页面
2018-09-23 11:48:44,067 - mylogger - INFO - 进入排位赛
2018-09-23 11:48:44,068 - mylogger - INFO - 正在匹配中......
2018-09-23 11:48:53,305 - mylogger - INFO - 匹配成功
2018-09-23 11:48:53,305 - mylogger - INFO - 第 1 题
2018-09-23 11:48:53,305 - mylogger - INFO - 获取题目
2018-09-23 11:48:56,360 - mylogger - INFO - 提出“日心说”的哥白尼是哪国人？
2018-09-23 11:48:57,244 - mylogger - INFO - ['英国', '埃及', '波兰']
2018-09-23 11:48:57,247 - mylogger - INFO - 数据库中检索答案
2018-09-23 11:48:57,248 - mylogger - INFO - 数据中无答案
2018-09-23 11:48:57,248 - mylogger - INFO - 在线检索答案
2018-09-23 11:48:58,321 - mylogger - INFO - 我的答案：波兰
2018-09-23 11:48:58,863 - mylogger - INFO - 选择选项
2018-09-23 11:49:01,175 - mylogger - INFO - 答案正确
2018-09-23 11:49:01,176 - mylogger - INFO - 更新答案
2018-09-23 11:49:03,623 - mylogger - INFO - 本题结束
2018-09-23 11:49:03,624 - mylogger - INFO - 第 2 题
2018-09-23 11:49:03,625 - mylogger - INFO - 获取题目
2018-09-23 11:49:05,526 - mylogger - INFO - 下列哪一个不是互联网直播平台？
2018-09-23 11:49:06,446 - mylogger - INFO - ['虎牙', '斗鱼', '花瓣']
2018-09-23 11:49:06,450 - mylogger - INFO - 数据库中检索答案
2018-09-23 11:49:06,451 - mylogger - INFO - 数据中无答案
2018-09-23 11:49:06,451 - mylogger - INFO - 在线检索答案
2018-09-23 11:49:07,361 - mylogger - INFO - 我的答案：花瓣
2018-09-23 11:49:07,860 - mylogger - INFO - 选择选项
2018-09-23 11:49:10,353 - mylogger - INFO - 答案正确
2018-09-23 11:49:10,353 - mylogger - INFO - 更新答案
2018-09-23 11:49:16,191 - mylogger - INFO - 本题结束
2018-09-23 11:49:16,193 - mylogger - INFO - 第 3 题
2018-09-23 11:49:16,193 - mylogger - INFO - 获取题目
2018-09-23 11:49:19,180 - mylogger - INFO - 李安执导的电影《饮食男女》，老朱的二女儿是由谁扮演的？
2018-09-23 11:49:20,213 - mylogger - INFO - ['张艾嘉', '归亚蕾', '吴倩莲']
2018-09-23 11:49:20,217 - mylogger - INFO - 数据库中检索答案
2018-09-23 11:49:20,217 - mylogger - INFO - 数据中无答案
2018-09-23 11:49:20,217 - mylogger - INFO - 在线检索答案
2018-09-23 11:49:21,298 - mylogger - INFO - 我的答案：张艾嘉
2018-09-23 11:49:21,872 - mylogger - INFO - 选择选项
2018-09-23 11:49:24,360 - mylogger - INFO - 答案错误
2018-09-23 11:49:24,585 - mylogger - INFO - 正确答案是；吴倩莲
2018-09-23 11:49:24,585 - mylogger - INFO - 更新答案
2018-09-23 11:49:26,984 - mylogger - INFO - 本题结束
2018-09-23 11:49:26,985 - mylogger - INFO - 第 4 题
2018-09-23 11:49:26,986 - mylogger - INFO - 获取题目
2018-09-23 11:49:29,937 - mylogger - INFO - 以下关于行政指导的叙述中，哪一项是正确的？
2018-09-23 11:49:30,907 - mylogger - INFO - ['具有法律强制力', '能够直接产生法律后果', '属于"积极行政"的范畴']
2018-09-23 11:49:30,912 - mylogger - INFO - 数据库中检索答案
2018-09-23 11:49:30,912 - mylogger - INFO - 数据中无答案
2018-09-23 11:49:30,912 - mylogger - INFO - 在线检索答案
2018-09-23 11:49:31,713 - mylogger - INFO - 我的答案：具有法律强制力
2018-09-23 11:49:32,260 - mylogger - INFO - 选择选项
2018-09-23 11:49:34,754 - mylogger - INFO - 答案错误
2018-09-23 11:49:34,972 - mylogger - INFO - 正确答案是；属于"积极行政"的范畴
2018-09-23 11:49:34,972 - mylogger - INFO - 更新答案
2018-09-23 11:49:40,637 - mylogger - INFO - 本题结束
2018-09-23 11:49:40,638 - mylogger - INFO - 第 5 题
2018-09-23 11:49:40,639 - mylogger - INFO - 获取题目
2018-09-23 11:49:42,551 - mylogger - INFO - 2015年，崔雪莉退出了哪个韩国偶像团体？
2018-09-23 11:49:43,437 - mylogger - INFO - ['少女时代', 'SISTAR', 'f(x)']
2018-09-23 11:49:43,441 - mylogger - INFO - 数据库中检索答案
2018-09-23 11:49:43,441 - mylogger - INFO - 数据中无答案
2018-09-23 11:49:43,441 - mylogger - INFO - 在线检索答案
2018-09-23 11:49:44,300 - mylogger - INFO - 我的答案：f(x)
2018-09-23 11:49:44,857 - mylogger - INFO - 选择选项
2018-09-23 11:49:47,286 - mylogger - INFO - 答案正确
2018-09-23 11:49:47,286 - mylogger - INFO - 更新答案
2018-09-23 11:49:48,682 - mylogger - INFO - 本题结束
2018-09-23 11:49:48,850 - mylogger - INFO - 本场比赛结束
2018-09-23 11:49:49,119 - mylogger - INFO - 返回游戏页面
2018-09-23 11:49:50,718 - mylogger - INFO - 进入排位赛
2018-09-23 11:49:50,718 - mylogger - INFO - 正在匹配中......
2018-09-23 11:49:57,802 - mylogger - INFO - 匹配成功
2018-09-23 11:49:57,802 - mylogger - INFO - 第 1 题
2018-09-23 11:49:57,803 - mylogger - INFO - 获取题目
2018-09-23 11:50:00,746 - mylogger - INFO - 儿童的智商是智力年龄与实际年龄的
2018-09-23 11:50:01,751 - mylogger - INFO - ['比值', '差', '和']
2018-09-23 11:50:01,756 - mylogger - INFO - 数据库中检索答案
2018-09-23 11:50:01,756 - mylogger - INFO - 数据中无答案
2018-09-23 11:50:01,756 - mylogger - INFO - 在线检索答案
2018-09-23 11:50:02,327 - mylogger - INFO - 我的答案：和
2018-09-23 11:50:02,833 - mylogger - INFO - 选择选项
2018-09-23 11:50:05,361 - mylogger - INFO - 答案错误
2018-09-23 11:50:05,487 - mylogger - INFO - 正确答案是；比值
2018-09-23 11:50:05,487 - mylogger - INFO - 更新答案
2018-09-23 11:50:13,514 - mylogger - INFO - 本题结束
2018-09-23 11:50:13,523 - mylogger - INFO - 第 2 题
2018-09-23 11:50:13,523 - mylogger - INFO - 获取题目
2018-09-23 11:50:16,623 - mylogger - INFO - 哪个化学家是元素周期律的最早创造者？
2018-09-23 11:50:17,569 - mylogger - INFO - ['居里夫人', '门捷列夫', '玛丽·居里']
2018-09-23 11:50:17,572 - mylogger - INFO - 数据库中检索答案
2018-09-23 11:50:17,573 - mylogger - INFO - 数据中无答案
2018-09-23 11:50:17,573 - mylogger - INFO - 在线检索答案
2018-09-23 11:50:18,627 - mylogger - INFO - 我的答案：门捷列夫
2018-09-23 11:50:19,138 - mylogger - INFO - 选择选项
2018-09-23 11:50:21,536 - mylogger - INFO - 答案正确
2018-09-23 11:50:21,537 - mylogger - INFO - 更新答案
2018-09-23 11:50:28,498 - mylogger - INFO - 本题结束
2018-09-23 11:50:28,526 - mylogger - INFO - 第 3 题
2018-09-23 11:50:28,526 - mylogger - INFO - 获取题目
2018-09-23 11:50:31,396 - mylogger - INFO - 某单元的4位住户家里都养了1条狗，请问他们每家养了几条狗？
2018-09-23 11:50:32,321 - mylogger - INFO - ['4条', '1条', '2条']
2018-09-23 11:50:32,326 - mylogger - INFO - 数据库中检索答案
2018-09-23 11:50:32,326 - mylogger - INFO - 数据中无答案
2018-09-23 11:50:32,327 - mylogger - INFO - 在线检索答案
2018-09-23 11:50:33,381 - mylogger - INFO - 我的答案：4条
2018-09-23 11:50:33,911 - mylogger - INFO - 选择选项
2018-09-23 11:50:36,329 - mylogger - INFO - 答案错误
2018-09-23 11:50:36,460 - mylogger - INFO - 正确答案是；1条
2018-09-23 11:50:36,461 - mylogger - INFO - 更新答案
2018-09-23 11:50:41,135 - mylogger - INFO - 本题结束
2018-09-23 11:50:41,136 - mylogger - INFO - 第 4 题
2018-09-23 11:50:41,136 - mylogger - INFO - 获取题目
2018-09-23 11:50:44,104 - mylogger - INFO - “战士军前半死生”的下一句是？
2018-09-23 11:50:45,040 - mylogger - INFO - ['少妇城南欲断肠', '美人帐下犹歌舞', '孤城落日斗兵稀']
2018-09-23 11:50:45,044 - mylogger - INFO - 数据库中检索答案
2018-09-23 11:50:45,044 - mylogger - INFO - 数据中无答案
2018-09-23 11:50:45,044 - mylogger - INFO - 在线检索答案
2018-09-23 11:50:45,863 - mylogger - INFO - 我的答案：美人帐下犹歌舞
2018-09-23 11:50:46,401 - mylogger - INFO - 选择选项
2018-09-23 11:50:48,860 - mylogger - INFO - 答案正确
2018-09-23 11:50:48,860 - mylogger - INFO - 更新答案
2018-09-23 11:50:52,380 - mylogger - INFO - 本题结束
2018-09-23 11:50:52,381 - mylogger - INFO - 第 5 题
2018-09-23 11:50:52,382 - mylogger - INFO - 获取题目
2018-09-23 11:50:54,274 - mylogger - INFO - 下列哪个国家很忌用人物肖像作商标?
2018-09-23 11:50:55,181 - mylogger - INFO - ['法国', '日本', '英国']
2018-09-23 11:50:55,185 - mylogger - INFO - 数据库中检索答案
2018-09-23 11:50:55,185 - mylogger - INFO - 数据中无答案
2018-09-23 11:50:55,185 - mylogger - INFO - 在线检索答案
2018-09-23 11:50:56,284 - mylogger - INFO - 我的答案：英国
2018-09-23 11:50:56,824 - mylogger - INFO - 选择选项
2018-09-23 11:50:59,236 - mylogger - INFO - 答案正确
2018-09-23 11:50:59,237 - mylogger - INFO - 更新答案
2018-09-23 11:51:01,586 - mylogger - INFO - 本题结束
2018-09-23 11:51:01,698 - mylogger - INFO - 本场比赛结束
2018-09-23 11:51:01,963 - mylogger - INFO - 返回游戏页面
2018-09-23 11:51:03,518 - mylogger - INFO - 进入排位赛
2018-09-23 11:51:03,519 - mylogger - INFO - 正在匹配中......
2018-09-23 11:51:23,897 - mylogger - INFO - 匹配成功
2018-09-23 11:51:23,898 - mylogger - INFO - 第 1 题
2018-09-23 11:51:23,898 - mylogger - INFO - 获取题目
2018-09-23 11:51:25,791 - mylogger - INFO - “春种一粒粟”粟指什么
2018-09-23 11:51:26,778 - mylogger - INFO - ['高粱', '大米', '谷子']
2018-09-23 11:51:26,782 - mylogger - INFO - 数据库中检索答案
2018-09-23 11:51:26,782 - mylogger - INFO - 数据中无答案
2018-09-23 11:51:26,783 - mylogger - INFO - 在线检索答案
2018-09-23 11:51:28,048 - mylogger - INFO - 我的答案：谷子
2018-09-23 11:51:28,639 - mylogger - INFO - 选择选项
2018-09-23 11:51:31,126 - mylogger - INFO - 答案正确
2018-09-23 11:51:31,126 - mylogger - INFO - 更新答案
2018-09-23 11:51:33,547 - mylogger - INFO - 本题结束
2018-09-23 11:51:33,548 - mylogger - INFO - 第 2 题
2018-09-23 11:51:33,549 - mylogger - INFO - 获取题目
2018-09-23 11:51:35,343 - mylogger - INFO - 围棋的棋盘上有九个圆点，称为（）
2018-09-23 11:51:36,391 - mylogger - INFO - ['星位', '天元', '星元']
2018-09-23 11:51:36,394 - mylogger - INFO - 数据库中检索答案
2018-09-23 11:51:36,395 - mylogger - INFO - 数据中无答案
2018-09-23 11:51:36,395 - mylogger - INFO - 在线检索答案
2018-09-23 11:51:37,472 - mylogger - INFO - 我的答案：天元
2018-09-23 11:51:38,006 - mylogger - INFO - 选择选项
2018-09-23 11:51:40,412 - mylogger - INFO - 答案错误
2018-09-23 11:51:40,535 - mylogger - INFO - 正确答案是；星位
2018-09-23 11:51:40,535 - mylogger - INFO - 更新答案
2018-09-23 11:51:41,903 - mylogger - INFO - 本题结束
2018-09-23 11:51:41,905 - mylogger - INFO - 第 3 题
2018-09-23 11:51:41,905 - mylogger - INFO - 获取题目
2018-09-23 11:51:44,933 - mylogger - INFO - 低音谱号用什么字母表示？
2018-09-23 11:51:45,871 - mylogger - INFO - ['C', 'F', 'G']
2018-09-23 11:51:45,875 - mylogger - INFO - 数据库中检索答案
2018-09-23 11:51:45,875 - mylogger - INFO - 数据中无答案
2018-09-23 11:51:45,876 - mylogger - INFO - 在线检索答案
2018-09-23 11:51:46,689 - mylogger - INFO - 我的答案：G
2018-09-23 11:51:47,246 - mylogger - INFO - 选择选项
2018-09-23 11:51:49,793 - mylogger - INFO - 答案错误
2018-09-23 11:51:50,025 - mylogger - INFO - 更新答案
2018-09-23 11:51:50,285 - mylogger - INFO - 本题结束
2018-09-23 11:51:50,285 - mylogger - INFO - 第 4 题
2018-09-23 11:51:50,286 - mylogger - INFO - 获取题目
2018-09-23 11:51:53,254 - mylogger - INFO - 在行星状星云的中心可以找到一颗
2018-09-23 11:51:54,240 - mylogger - INFO - ['超巨星', '白矮星', '中子星']
2018-09-23 11:51:54,244 - mylogger - INFO - 数据库中检索答案
2018-09-23 11:51:54,244 - mylogger - INFO - 数据中无答案
2018-09-23 11:51:54,245 - mylogger - INFO - 在线检索答案
2018-09-23 11:51:55,604 - mylogger - INFO - 我的答案：白矮星
2018-09-23 11:51:56,111 - mylogger - INFO - 选择选项
2018-09-23 11:51:58,580 - mylogger - INFO - 答案正确
2018-09-23 11:51:58,580 - mylogger - INFO - 更新答案
2018-09-23 11:51:59,925 - mylogger - INFO - 本题结束
2018-09-23 11:51:59,927 - mylogger - INFO - 第 5 题
2018-09-23 11:51:59,927 - mylogger - INFO - 获取题目
2018-09-23 11:52:01,715 - mylogger - INFO - 科学减肥的“两少”不包括以下哪个选项
2018-09-23 11:52:02,712 - mylogger - INFO - ['避免久坐', '控制能源摄入', '清理肠道']
2018-09-23 11:52:02,716 - mylogger - INFO - 数据库中检索答案
2018-09-23 11:52:02,717 - mylogger - INFO - 数据中无答案
2018-09-23 11:52:02,717 - mylogger - INFO - 在线检索答案
2018-09-23 11:52:03,667 - mylogger - INFO - 我的答案：避免久坐
2018-09-23 11:52:04,143 - mylogger - INFO - 选择选项
2018-09-23 11:52:06,547 - mylogger - INFO - 答案正确
2018-09-23 11:52:06,548 - mylogger - INFO - 更新答案
2018-09-23 11:52:12,299 - mylogger - INFO - 本题结束
2018-09-23 11:52:12,404 - mylogger - INFO - 本场比赛结束
2018-09-23 11:52:12,672 - mylogger - INFO - 返回游戏页面
2018-09-23 11:52:14,190 - mylogger - INFO - 进入排位赛
2018-09-23 11:52:14,190 - mylogger - INFO - 正在匹配中......
2018-09-23 11:52:45,774 - mylogger - INFO - 匹配成功
2018-09-23 11:52:45,774 - mylogger - INFO - 第 1 题
2018-09-23 11:52:45,774 - mylogger - INFO - 获取题目
2018-09-23 11:52:47,673 - mylogger - INFO - 在“夸父逐日”中，“夸父”是怎样追逐太阳的？
2018-09-23 11:52:48,646 - mylogger - INFO - ['奔跑', '飞行', '骑马']
2018-09-23 11:52:49,079 - mylogger - INFO - 数据库中检索答案
2018-09-23 11:52:49,079 - mylogger - INFO - 数据中无答案
2018-09-23 11:52:49,079 - mylogger - INFO - 在线检索答案
2018-09-23 11:52:49,374 - mylogger - INFO - 我的答案：奔跑
2018-09-23 11:52:49,988 - mylogger - INFO - 选择选项
2018-09-23 11:52:52,415 - mylogger - INFO - 答案正确
2018-09-23 11:52:52,415 - mylogger - INFO - 更新答案
2018-09-23 11:52:56,944 - mylogger - INFO - 本题结束
2018-09-23 11:52:56,945 - mylogger - INFO - 第 2 题
2018-09-23 11:52:56,945 - mylogger - INFO - 获取题目
2018-09-23 11:52:58,746 - mylogger - INFO - 在电影《云水谣》中，男主角以哪种身份与女主角相识？
2018-09-23 11:52:59,725 - mylogger - INFO - ['家庭教师', '管家', '同事']
2018-09-23 11:52:59,729 - mylogger - INFO - 数据库中检索答案
2018-09-23 11:52:59,729 - mylogger - INFO - 数据中无答案
2018-09-23 11:52:59,729 - mylogger - INFO - 在线检索答案
2018-09-23 11:53:00,828 - mylogger - INFO - 我的答案：家庭教师
2018-09-23 11:53:01,389 - mylogger - INFO - 选择选项
2018-09-23 11:53:03,802 - mylogger - INFO - 答案正确
2018-09-23 11:53:03,803 - mylogger - INFO - 更新答案
2018-09-23 11:53:06,198 - mylogger - INFO - 本题结束
2018-09-23 11:53:06,200 - mylogger - INFO - 第 3 题
2018-09-23 11:53:06,200 - mylogger - INFO - 获取题目
2018-09-23 11:53:09,166 - mylogger - INFO - 2013年版的《一代宗师》，其导演是谁？
2018-09-23 11:53:10,274 - mylogger - INFO - ['王家卫', '徐克', '陈凯歌']
2018-09-23 11:53:10,278 - mylogger - INFO - 数据库中检索答案
2018-09-23 11:53:10,278 - mylogger - INFO - 数据中无答案
2018-09-23 11:53:10,279 - mylogger - INFO - 在线检索答案
2018-09-23 11:53:11,276 - mylogger - INFO - 我的答案：王家卫
2018-09-23 11:53:11,811 - mylogger - INFO - 选择选项
2018-09-23 11:53:14,198 - mylogger - INFO - 答案正确
2018-09-23 11:53:14,198 - mylogger - INFO - 更新答案
2018-09-23 11:53:15,520 - mylogger - INFO - 本题结束
2018-09-23 11:53:15,522 - mylogger - INFO - 第 4 题
2018-09-23 11:53:15,522 - mylogger - INFO - 获取题目
2018-09-23 11:53:17,307 - mylogger - INFO - 距今离地球最远的人造卫星是哪一个？
2018-09-23 11:53:18,268 - mylogger - INFO - ['先驱者11号', '先驱者1号', '先驱者9号']
2018-09-23 11:53:18,271 - mylogger - INFO - 数据库中检索答案
2018-09-23 11:53:18,272 - mylogger - INFO - 数据中无答案
2018-09-23 11:53:18,272 - mylogger - INFO - 在线检索答案
2018-09-23 11:53:19,057 - mylogger - INFO - 我的答案：先驱者11号
2018-09-23 11:53:19,622 - mylogger - INFO - 选择选项
2018-09-23 11:53:22,095 - mylogger - INFO - 答案错误
2018-09-23 11:53:22,220 - mylogger - INFO - 正确答案是；先驱者1号
2018-09-23 11:53:22,221 - mylogger - INFO - 更新答案
2018-09-23 11:53:25,809 - mylogger - INFO - 本题结束
2018-09-23 11:53:25,811 - mylogger - INFO - 第 5 题
2018-09-23 11:53:25,811 - mylogger - INFO - 获取题目
2018-09-23 11:53:27,567 - mylogger - INFO - SpaceX公司的CEO埃隆·马斯克出生于哪个国家？
2018-09-23 11:53:28,491 - mylogger - INFO - ['南非', '墨西哥', '美国']
2018-09-23 11:53:28,495 - mylogger - INFO - 数据库中检索答案
2018-09-23 11:53:28,495 - mylogger - INFO - 数据中无答案
2018-09-23 11:53:28,496 - mylogger - INFO - 在线检索答案
2018-09-23 11:53:29,393 - mylogger - INFO - 我的答案：南非
2018-09-23 11:53:29,951 - mylogger - INFO - 选择选项
2018-09-23 11:53:32,461 - mylogger - INFO - 答案正确
2018-09-23 11:53:32,462 - mylogger - INFO - 更新答案
2018-09-23 11:53:34,821 - mylogger - INFO - 本题结束
2018-09-23 11:53:34,962 - mylogger - INFO - 本场比赛结束
2018-09-23 11:53:35,227 - mylogger - INFO - 返回游戏页面
2018-09-23 11:53:36,863 - mylogger - INFO - 进入排位赛
2018-09-23 11:53:36,864 - mylogger - INFO - 正在匹配中......
2018-09-23 11:55:28,730 - mylogger - INFO - 匹配成功
2018-09-23 11:55:28,731 - mylogger - INFO - 第 1 题
2018-09-23 11:55:28,731 - mylogger - INFO - 获取题目
2018-09-23 11:55:31,836 - mylogger - INFO - 歌唱组合“至上励合”中的金恩圣，他的别称叫什么？
2018-09-23 11:55:33,609 - mylogger - INFO - ['小圣', '小美', '小五']
2018-09-23 11:55:33,612 - mylogger - INFO - 数据库中检索答案
2018-09-23 11:55:33,613 - mylogger - INFO - 数据中无答案
2018-09-23 11:55:33,613 - mylogger - INFO - 在线检索答案
2018-09-23 11:55:34,831 - mylogger - INFO - 我的答案：小五
2018-09-23 11:55:35,377 - mylogger - INFO - 选择选项
2018-09-23 11:55:37,823 - mylogger - INFO - 答案正确
2018-09-23 11:55:37,824 - mylogger - INFO - 更新答案
2018-09-23 11:55:41,296 - mylogger - INFO - 本题结束
2018-09-23 11:55:41,301 - mylogger - INFO - 第 2 题
2018-09-23 11:55:41,301 - mylogger - INFO - 获取题目
2018-09-23 11:55:44,256 - mylogger - INFO - 迫击炮是一种什么特点的火炮？
2018-09-23 11:55:45,161 - mylogger - INFO - ['弹道弯曲', '弹道竖直', '弹道垂直']
2018-09-23 11:55:45,165 - mylogger - INFO - 数据库中检索答案
2018-09-23 11:55:45,166 - mylogger - INFO - 数据中无答案
2018-09-23 11:55:45,166 - mylogger - INFO - 在线检索答案
2018-09-23 11:55:46,174 - mylogger - INFO - 我的答案：弹道弯曲
2018-09-23 11:55:46,730 - mylogger - INFO - 选择选项
2018-09-23 11:55:49,142 - mylogger - INFO - 答案正确
2018-09-23 11:55:49,143 - mylogger - INFO - 更新答案
2018-09-23 11:55:51,607 - mylogger - INFO - 本题结束
2018-09-23 11:55:51,608 - mylogger - INFO - 第 3 题
2018-09-23 11:55:51,609 - mylogger - INFO - 获取题目
2018-09-23 11:55:53,406 - mylogger - INFO - 土星已经确认的有多少颗卫星？
2018-09-23 11:55:54,381 - mylogger - INFO - ['62颗', '47颗', '12颗']
2018-09-23 11:55:54,385 - mylogger - INFO - 数据库中检索答案
2018-09-23 11:55:54,385 - mylogger - INFO - 数据中无答案
2018-09-23 11:55:54,385 - mylogger - INFO - 在线检索答案
2018-09-23 11:55:55,983 - mylogger - INFO - 我的答案：62颗
2018-09-23 11:55:56,488 - mylogger - INFO - 选择选项
2018-09-23 11:55:58,886 - mylogger - INFO - 答案正确
2018-09-23 11:55:58,887 - mylogger - INFO - 更新答案
2018-09-23 11:56:01,322 - mylogger - INFO - 本题结束
2018-09-23 11:56:01,324 - mylogger - INFO - 第 4 题
2018-09-23 11:56:01,324 - mylogger - INFO - 获取题目
2018-09-23 11:56:03,182 - mylogger - INFO - 恒星的周日视运动是地球的什么运动的反映
2018-09-23 11:56:04,193 - mylogger - INFO - ['公转', '自转', '绕银河系中心运动']
2018-09-23 11:56:04,196 - mylogger - INFO - 数据库中检索答案
2018-09-23 11:56:04,196 - mylogger - INFO - 数据中无答案
2018-09-23 11:56:04,196 - mylogger - INFO - 在线检索答案
2018-09-23 11:56:05,070 - mylogger - INFO - 我的答案：自转
2018-09-23 11:56:05,585 - mylogger - INFO - 选择选项
2018-09-23 11:56:08,090 - mylogger - INFO - 答案正确
2018-09-23 11:56:08,091 - mylogger - INFO - 更新答案
2018-09-23 11:56:12,789 - mylogger - INFO - 本题结束
2018-09-23 11:56:12,791 - mylogger - INFO - 第 5 题
2018-09-23 11:56:12,791 - mylogger - INFO - 获取题目
2018-09-23 11:56:15,842 - mylogger - INFO - 试用期内，劳动者何时可以通知用人单位解除劳动合同？
2018-09-23 11:56:16,938 - mylogger - INFO - ['随时', '1个月以上', '试用期结束']
2018-09-23 11:56:16,942 - mylogger - INFO - 数据库中检索答案
2018-09-23 11:56:16,942 - mylogger - INFO - 数据中无答案
2018-09-23 11:56:16,942 - mylogger - INFO - 在线检索答案
2018-09-23 11:56:18,371 - mylogger - INFO - 我的答案：随时
2018-09-23 11:56:18,922 - mylogger - INFO - 选择选项
2018-09-23 11:56:21,325 - mylogger - INFO - 答案正确
2018-09-23 11:56:21,326 - mylogger - INFO - 更新答案
2018-09-23 11:56:22,667 - mylogger - INFO - 本题结束
2018-09-23 11:56:22,779 - mylogger - INFO - 本场比赛结束
2018-09-23 11:56:23,033 - mylogger - INFO - 返回游戏页面
2018-09-23 11:56:24,615 - mylogger - INFO - 进入排位赛
2018-09-23 11:56:24,615 - mylogger - INFO - 正在匹配中......
2018-09-23 11:57:37,869 - mylogger - INFO - 匹配成功
2018-09-23 11:57:37,870 - mylogger - INFO - 第 1 题
2018-09-23 11:57:37,870 - mylogger - INFO - 获取题目
2018-09-23 11:57:40,833 - mylogger - INFO - 蜜蜂使用什么建造房子？
2018-09-23 11:57:41,775 - mylogger - INFO - ['花瓣', '蜘蛛网', '蜂蜡']
2018-09-23 11:57:41,779 - mylogger - INFO - 数据库中检索答案
2018-09-23 11:57:41,779 - mylogger - INFO - 数据中无答案
2018-09-23 11:57:41,780 - mylogger - INFO - 在线检索答案
2018-09-23 11:57:42,742 - mylogger - INFO - 我的答案：蜂蜡
2018-09-23 11:57:43,422 - mylogger - INFO - 选择选项
2018-09-23 11:57:45,840 - mylogger - INFO - 答案正确
2018-09-23 11:57:45,840 - mylogger - INFO - 更新答案
2018-09-23 11:57:47,160 - mylogger - INFO - 本题结束
2018-09-23 11:57:47,161 - mylogger - INFO - 第 2 题
2018-09-23 11:57:47,161 - mylogger - INFO - 获取题目
2018-09-23 11:57:49,025 - mylogger - INFO - 海绵宝宝在日常生活中最可能遇到谁？
2018-09-23 11:57:49,950 - mylogger - INFO - ['尼莫', '阿宝', '花木兰']
2018-09-23 11:57:49,955 - mylogger - INFO - 数据库中检索答案
2018-09-23 11:57:49,956 - mylogger - INFO - 数据中无答案
2018-09-23 11:57:49,956 - mylogger - INFO - 在线检索答案
2018-09-23 11:57:50,827 - mylogger - INFO - 我的答案：尼莫
2018-09-23 11:57:51,386 - mylogger - INFO - 选择选项
2018-09-23 11:57:53,863 - mylogger - INFO - 答案正确
2018-09-23 11:57:53,863 - mylogger - INFO - 更新答案
2018-09-23 11:57:57,456 - mylogger - INFO - 本题结束
2018-09-23 11:57:57,463 - mylogger - INFO - 第 3 题
2018-09-23 11:57:57,463 - mylogger - INFO - 获取题目
2018-09-23 11:58:00,484 - mylogger - INFO - 企业销售下列哪种货物的行为不适用13％的低税率？
2018-09-23 11:58:01,443 - mylogger - INFO - ['销售烟酒', '销售杂志', '销售图书']
2018-09-23 11:58:01,450 - mylogger - INFO - 数据库中检索答案
2018-09-23 11:58:01,451 - mylogger - INFO - 数据中无答案
2018-09-23 11:58:01,451 - mylogger - INFO - 在线检索答案
2018-09-23 11:58:02,920 - mylogger - INFO - 我的答案：销售杂志
2018-09-23 11:58:03,458 - mylogger - INFO - 选择选项
2018-09-23 11:58:05,953 - mylogger - INFO - 答案错误
2018-09-23 11:58:06,110 - mylogger - INFO - 正确答案是；销售烟酒
2018-09-23 11:58:06,111 - mylogger - INFO - 更新答案
2018-09-23 11:58:08,513 - mylogger - INFO - 本题结束
2018-09-23 11:58:08,514 - mylogger - INFO - 第 4 题
2018-09-23 11:58:08,515 - mylogger - INFO - 获取题目
2018-09-23 11:58:11,693 - mylogger - INFO - 经典遗传学创始人孟德尔是哪国人？
2018-09-23 11:58:12,784 - mylogger - INFO - ['奥地利', '法国', '英国']
2018-09-23 11:58:12,789 - mylogger - INFO - 数据库中检索答案
2018-09-23 11:58:12,790 - mylogger - INFO - 数据中无答案
2018-09-23 11:58:12,790 - mylogger - INFO - 在线检索答案
2018-09-23 11:58:13,270 - mylogger - INFO - 我的答案：奥地利
2018-09-23 11:58:13,811 - mylogger - INFO - 选择选项
2018-09-23 11:58:16,227 - mylogger - INFO - 答案正确
2018-09-23 11:58:16,227 - mylogger - INFO - 更新答案
2018-09-23 11:58:17,574 - mylogger - INFO - 本题结束
2018-09-23 11:58:17,579 - mylogger - INFO - 第 5 题
2018-09-23 11:58:17,580 - mylogger - INFO - 获取题目
2018-09-23 11:58:19,432 - mylogger - INFO - 以下不属于缺乏叶酸引起的疾病是？
2018-09-23 11:58:20,433 - mylogger - INFO - ['贫血', '胎盘发育不良', '皮炎']
2018-09-23 11:58:20,438 - mylogger - INFO - 数据库中检索答案
2018-09-23 11:58:20,438 - mylogger - INFO - 数据中无答案
2018-09-23 11:58:20,439 - mylogger - INFO - 在线检索答案
2018-09-23 11:58:21,339 - mylogger - INFO - 我的答案：胎盘发育不良
2018-09-23 11:58:21,902 - mylogger - INFO - 选择选项
2018-09-23 11:58:24,427 - mylogger - INFO - 答案错误
2018-09-23 11:58:24,651 - mylogger - INFO - 正确答案是；皮炎
2018-09-23 11:58:24,652 - mylogger - INFO - 更新答案
2018-09-23 11:58:28,286 - mylogger - INFO - 本题结束
2018-09-23 11:58:28,396 - mylogger - INFO - 本场比赛结束
2018-09-23 11:58:28,655 - mylogger - INFO - 返回游戏页面
2018-09-23 11:58:30,223 - mylogger - INFO - 进入排位赛
2018-09-23 11:58:30,224 - mylogger - INFO - 正在匹配中......
2018-09-23 11:59:04,689 - mylogger - INFO - 匹配成功
2018-09-23 11:59:04,689 - mylogger - INFO - 第 1 题
2018-09-23 11:59:04,689 - mylogger - INFO - 获取题目
2018-09-23 11:59:07,797 - mylogger - INFO - “晚清四大名臣”指的是李鸿章、张之洞、曾国藩和谁？
2018-09-23 11:59:08,770 - mylogger - INFO - ['袁文重', '左宗棠', '胡雪岩']
2018-09-23 11:59:08,775 - mylogger - INFO - 数据库中检索答案
2018-09-23 11:59:08,776 - mylogger - INFO - 数据中无答案
2018-09-23 11:59:08,776 - mylogger - INFO - 在线检索答案
2018-09-23 11:59:09,692 - mylogger - INFO - 我的答案：左宗棠
2018-09-23 11:59:10,239 - mylogger - INFO - 选择选项
2018-09-23 11:59:12,653 - mylogger - INFO - 答案正确
2018-09-23 11:59:12,653 - mylogger - INFO - 更新答案
2018-09-23 11:59:14,004 - mylogger - INFO - 本题结束
2018-09-23 11:59:14,006 - mylogger - INFO - 第 2 题
2018-09-23 11:59:14,006 - mylogger - INFO - 获取题目
2018-09-23 11:59:15,898 - mylogger - INFO - “南水北调”中的东线工程是利用哪个省的江水进行北调？
2018-09-23 11:59:16,826 - mylogger - INFO - ['江苏', '河南', '山东']
2018-09-23 11:59:16,832 - mylogger - INFO - 数据库中检索答案
2018-09-23 11:59:16,832 - mylogger - INFO - 数据中无答案
2018-09-23 11:59:16,833 - mylogger - INFO - 在线检索答案
2018-09-23 11:59:17,892 - mylogger - INFO - 我的答案：江苏
2018-09-23 11:59:18,430 - mylogger - INFO - 选择选项
2018-09-23 11:59:20,895 - mylogger - INFO - 答案正确
2018-09-23 11:59:20,895 - mylogger - INFO - 更新答案
2018-09-23 11:59:24,494 - mylogger - INFO - 本题结束
2018-09-23 11:59:24,495 - mylogger - INFO - 第 3 题
2018-09-23 11:59:24,495 - mylogger - INFO - 获取题目
2018-09-23 11:59:26,394 - mylogger - INFO - 阿姆斯特朗和奥尔德林停留在月球表面时，在指令舱里的宇航员是？
2018-09-23 11:59:27,388 - mylogger - INFO - ['维吉尔·格里森', '迈克尔·柯林斯', '大卫·斯科特']
2018-09-23 11:59:27,391 - mylogger - INFO - 数据库中检索答案
2018-09-23 11:59:27,391 - mylogger - INFO - 数据中无答案
2018-09-23 11:59:27,391 - mylogger - INFO - 在线检索答案
2018-09-23 11:59:28,569 - mylogger - INFO - 我的答案：维吉尔·格里森
2018-09-23 11:59:29,086 - mylogger - INFO - 选择选项
2018-09-23 11:59:31,509 - mylogger - INFO - 答案错误
2018-09-23 11:59:31,663 - mylogger - INFO - 正确答案是；迈克尔·柯林斯
2018-09-23 11:59:31,663 - mylogger - INFO - 更新答案
2018-09-23 11:59:32,980 - mylogger - INFO - 本题结束
2018-09-23 11:59:32,992 - mylogger - INFO - 第 4 题
2018-09-23 11:59:32,993 - mylogger - INFO - 获取题目
2018-09-23 11:59:34,855 - mylogger - INFO - 歌词“夜空中最亮的星，请指引我靠近你”是出自哪个歌手的代表作？
2018-09-23 11:59:36,042 - mylogger - INFO - ['逃跑计划', '张恒远', '张杰']
2018-09-23 11:59:36,047 - mylogger - INFO - 数据库中检索答案
2018-09-23 11:59:36,048 - mylogger - INFO - 数据中无答案
2018-09-23 11:59:36,048 - mylogger - INFO - 在线检索答案
2018-09-23 11:59:36,951 - mylogger - INFO - 我的答案：逃跑计划
2018-09-23 11:59:37,515 - mylogger - INFO - 选择选项
2018-09-23 11:59:39,862 - mylogger - INFO - 答案正确
2018-09-23 11:59:39,863 - mylogger - INFO - 更新答案
2018-09-23 11:59:42,277 - mylogger - INFO - 本题结束
2018-09-23 11:59:42,279 - mylogger - INFO - 第 5 题
2018-09-23 11:59:42,279 - mylogger - INFO - 获取题目
2018-09-23 11:59:44,187 - mylogger - INFO - 汽车尾气中的主要有害物质主要有？
2018-09-23 11:59:45,204 - mylogger - INFO - ['一氧化碳、碳氢化合物', '一氧化碳、氮氧化物', '二氧化碳、碳氧化物']
2018-09-23 11:59:45,208 - mylogger - INFO - 数据库中检索答案
2018-09-23 11:59:45,208 - mylogger - INFO - 数据中无答案
2018-09-23 11:59:45,209 - mylogger - INFO - 在线检索答案
2018-09-23 11:59:46,320 - mylogger - INFO - 我的答案：一氧化碳、碳氢化合物
2018-09-23 11:59:46,859 - mylogger - INFO - 选择选项
2018-09-23 11:59:49,372 - mylogger - INFO - 答案错误
2018-09-23 11:59:49,503 - mylogger - INFO - 正确答案是；一氧化碳、氮氧化物
2018-09-23 11:59:49,504 - mylogger - INFO - 更新答案
2018-09-23 11:59:54,176 - mylogger - INFO - 本题结束
2018-09-23 11:59:54,339 - mylogger - INFO - 本场比赛结束
2018-09-23 11:59:54,607 - mylogger - INFO - 返回游戏页面
2018-09-23 11:59:56,137 - mylogger - INFO - 进入排位赛
2018-09-23 11:59:56,137 - mylogger - INFO - 正在匹配中......
2018-09-23 12:01:15,690 - mylogger - INFO - 匹配成功
2018-09-23 12:01:15,691 - mylogger - INFO - 第 1 题
2018-09-23 12:01:15,691 - mylogger - INFO - 获取题目
2018-09-23 12:01:18,706 - mylogger - INFO - 花式九球中关键八号球是什么颜色的？
2018-09-23 12:01:19,747 - mylogger - INFO - ['黑色', '蓝色', '白色']
2018-09-23 12:01:19,750 - mylogger - INFO - 数据库中检索答案
2018-09-23 12:01:19,750 - mylogger - INFO - 数据中无答案
2018-09-23 12:01:19,751 - mylogger - INFO - 在线检索答案
2018-09-23 12:01:20,774 - mylogger - INFO - 我的答案：黑色
2018-09-23 12:01:21,291 - mylogger - INFO - 选择选项
2018-09-23 12:01:23,690 - mylogger - INFO - 答案正确
2018-09-23 12:01:23,691 - mylogger - INFO - 更新答案
2018-09-23 12:01:24,969 - mylogger - INFO - 本题结束
2018-09-23 12:01:24,969 - mylogger - INFO - 第 2 题
2018-09-23 12:01:24,969 - mylogger - INFO - 获取题目
2018-09-23 12:01:27,969 - mylogger - INFO - “寒声萧飒落梅花”的下一句是？
2018-09-23 12:01:28,875 - mylogger - INFO - ['吹作征人鬓中雪', '楼上银壶漏初歇', '海波镜净寂不动']
2018-09-23 12:01:28,879 - mylogger - INFO - 数据库中检索答案
2018-09-23 12:01:28,879 - mylogger - INFO - 数据中无答案
2018-09-23 12:01:28,880 - mylogger - INFO - 在线检索答案
2018-09-23 12:01:29,668 - mylogger - INFO - 我的答案：吹作征人鬓中雪
2018-09-23 12:01:30,202 - mylogger - INFO - 选择选项
2018-09-23 12:01:32,634 - mylogger - INFO - 答案正确
2018-09-23 12:01:32,635 - mylogger - INFO - 更新答案
2018-09-23 12:01:37,228 - mylogger - INFO - 本题结束
2018-09-23 12:01:37,229 - mylogger - INFO - 第 3 题
2018-09-23 12:01:37,229 - mylogger - INFO - 获取题目
2018-09-23 12:01:40,171 - mylogger - INFO - 我国首个Cinema LED电影荧幕在哪里投入商用？
2018-09-23 12:01:41,039 - mylogger - INFO - ['北京', '上海', '杭州']
2018-09-23 12:01:41,043 - mylogger - INFO - 数据库中检索答案
2018-09-23 12:01:41,044 - mylogger - INFO - 数据中无答案
2018-09-23 12:01:41,045 - mylogger - INFO - 在线检索答案
2018-09-23 12:01:41,971 - mylogger - INFO - 我的答案：上海
2018-09-23 12:01:42,538 - mylogger - INFO - 选择选项
2018-09-23 12:01:44,916 - mylogger - INFO - 答案正确
2018-09-23 12:01:44,916 - mylogger - INFO - 更新答案
2018-09-23 12:01:46,308 - mylogger - INFO - 本题结束
2018-09-23 12:01:46,310 - mylogger - INFO - 第 4 题
2018-09-23 12:01:46,310 - mylogger - INFO - 获取题目
2018-09-23 12:01:48,154 - mylogger - INFO - 螺蛳粉是广西哪座城市的小吃？
2018-09-23 12:01:49,180 - mylogger - INFO - ['北海', '柳州', '南宁']
2018-09-23 12:01:49,184 - mylogger - INFO - 数据库中检索答案
2018-09-23 12:01:49,185 - mylogger - INFO - 数据中无答案
2018-09-23 12:01:49,185 - mylogger - INFO - 在线检索答案
2018-09-23 12:01:50,058 - mylogger - INFO - 我的答案：柳州
2018-09-23 12:01:50,519 - mylogger - INFO - 选择选项
2018-09-23 12:01:52,937 - mylogger - INFO - 答案正确
2018-09-23 12:01:52,938 - mylogger - INFO - 更新答案
2018-09-23 12:01:55,390 - mylogger - INFO - 本题结束
2018-09-23 12:01:55,391 - mylogger - INFO - 第 5 题
2018-09-23 12:01:55,392 - mylogger - INFO - 获取题目
2018-09-23 12:01:58,365 - mylogger - INFO - 给小孩补充赖氨酸将它搀在下列哪种食品中比较好？
2018-09-23 12:01:59,289 - mylogger - INFO - ['牛奶', '大米饭', '面条']
2018-09-23 12:01:59,292 - mylogger - INFO - 数据库中检索答案
2018-09-23 12:01:59,293 - mylogger - INFO - 数据中无答案
2018-09-23 12:01:59,293 - mylogger - INFO - 在线检索答案
2018-09-23 12:02:00,693 - mylogger - INFO - 我的答案：大米饭
2018-09-23 12:02:01,259 - mylogger - INFO - 选择选项
2018-09-23 12:02:03,701 - mylogger - INFO - 答案正确
2018-09-23 12:02:03,702 - mylogger - INFO - 更新答案
2018-09-23 12:02:05,083 - mylogger - INFO - 本题结束
2018-09-23 12:02:05,192 - mylogger - INFO - 本场比赛结束
2018-09-23 12:02:05,442 - mylogger - INFO - 返回游戏页面
2018-09-23 12:02:07,009 - mylogger - INFO - 进入排位赛
2018-09-23 12:02:07,009 - mylogger - INFO - 正在匹配中......
2018-09-23 12:02:14,020 - mylogger - INFO - 匹配成功
2018-09-23 12:02:14,021 - mylogger - INFO - 第 1 题
2018-09-23 12:02:14,021 - mylogger - INFO - 获取题目
2018-09-23 12:02:17,029 - mylogger - INFO - 缺少哪种维生素后，儿童易患佝偻病，成人易得软骨病？
2018-09-23 12:02:17,893 - mylogger - INFO - ['维生素C', '维生素D', '维生素A']
2018-09-23 12:02:17,896 - mylogger - INFO - 数据库中检索答案
2018-09-23 12:02:17,896 - mylogger - INFO - 数据中无答案
2018-09-23 12:02:17,897 - mylogger - INFO - 在线检索答案
2018-09-23 12:02:19,229 - mylogger - INFO - 我的答案：维生素D
2018-09-23 12:02:19,773 - mylogger - INFO - 选择选项
2018-09-23 12:02:22,191 - mylogger - INFO - 答案正确
2018-09-23 12:02:22,192 - mylogger - INFO - 更新答案
2018-09-23 12:02:23,526 - mylogger - INFO - 本题结束
2018-09-23 12:02:23,529 - mylogger - INFO - 第 2 题
2018-09-23 12:02:23,530 - mylogger - INFO - 获取题目
2018-09-23 12:02:25,345 - mylogger - INFO - 节气小寒在哪个季节？
2018-09-23 12:02:26,301 - mylogger - INFO - ['秋季', '冬季', '夏季']
2018-09-23 12:02:26,304 - mylogger - INFO - 数据库中检索答案
2018-09-23 12:02:26,306 - mylogger - INFO - 数据中无答案
2018-09-23 12:02:26,306 - mylogger - INFO - 在线检索答案
2018-09-23 12:02:27,265 - mylogger - INFO - 我的答案：冬季
2018-09-23 12:02:27,816 - mylogger - INFO - 选择选项
2018-09-23 12:02:30,232 - mylogger - INFO - 答案正确
2018-09-23 12:02:30,233 - mylogger - INFO - 更新答案
2018-09-23 12:02:32,703 - mylogger - INFO - 本题结束
2018-09-23 12:02:32,704 - mylogger - INFO - 第 3 题
2018-09-23 12:02:32,704 - mylogger - INFO - 获取题目
2018-09-23 12:02:34,533 - mylogger - INFO - 1981年在伦敦首演后被翻译成二十多种文字在全世界出演的音乐剧是
2018-09-23 12:02:35,546 - mylogger - INFO - ['《狗》', '《雨》', '《猫》']
2018-09-23 12:02:35,550 - mylogger - INFO - 数据库中检索答案
2018-09-23 12:02:35,550 - mylogger - INFO - 数据中无答案
2018-09-23 12:02:35,551 - mylogger - INFO - 在线检索答案
2018-09-23 12:02:36,788 - mylogger - INFO - 我的答案：《猫》
2018-09-23 12:02:37,303 - mylogger - INFO - 选择选项
2018-09-23 12:02:39,701 - mylogger - INFO - 答案正确
2018-09-23 12:02:39,701 - mylogger - INFO - 更新答案
2018-09-23 12:02:41,036 - mylogger - INFO - 本题结束
2018-09-23 12:02:41,037 - mylogger - INFO - 第 4 题
2018-09-23 12:02:41,038 - mylogger - INFO - 获取题目
2018-09-23 12:02:42,860 - mylogger - INFO - 以下哪个女演员是韩剧《云画的月光》女主演？
2018-09-23 12:02:43,718 - mylogger - INFO - ['南宝拉', '金所炫', '金裕贞']
2018-09-23 12:02:43,721 - mylogger - INFO - 数据库中检索答案
2018-09-23 12:02:43,721 - mylogger - INFO - 数据中无答案
2018-09-23 12:02:43,721 - mylogger - INFO - 在线检索答案
2018-09-23 12:02:44,869 - mylogger - INFO - 我的答案：金裕贞
2018-09-23 12:02:45,467 - mylogger - INFO - 选择选项
2018-09-23 12:02:47,916 - mylogger - INFO - 答案正确
2018-09-23 12:02:47,917 - mylogger - INFO - 更新答案
2018-09-23 12:02:53,685 - mylogger - INFO - 本题结束
2018-09-23 12:02:53,686 - mylogger - INFO - 第 5 题
2018-09-23 12:02:53,686 - mylogger - INFO - 获取题目
2018-09-23 12:02:55,392 - mylogger - INFO - 以下哪个品牌不在2017年3·15晚会的曝光名单中？
2018-09-23 12:02:56,323 - mylogger - INFO - ['耐克', '无印良品', '特步']
2018-09-23 12:02:56,328 - mylogger - INFO - 数据库中检索答案
2018-09-23 12:02:56,328 - mylogger - INFO - 数据中无答案
2018-09-23 12:02:56,328 - mylogger - INFO - 在线检索答案
2018-09-23 12:02:57,469 - mylogger - INFO - 我的答案：耐克
2018-09-23 12:02:58,047 - mylogger - INFO - 选择选项
2018-09-23 12:03:00,663 - mylogger - INFO - 答案错误
2018-09-23 12:03:00,987 - mylogger - INFO - 正确答案是；特步
2018-09-23 12:03:00,987 - mylogger - INFO - 更新答案
2018-09-23 12:03:03,491 - mylogger - INFO - 本题结束
2018-09-23 12:03:03,623 - mylogger - INFO - 本场比赛结束
2018-09-23 12:03:03,887 - mylogger - INFO - 返回游戏页面
2018-09-23 12:03:05,412 - mylogger - INFO - 进入排位赛
2018-09-23 12:03:05,412 - mylogger - INFO - 正在匹配中......
2018-09-23 12:04:59,497 - mylogger - INFO - 匹配成功
2018-09-23 12:04:59,498 - mylogger - INFO - 第 1 题
2018-09-23 12:04:59,498 - mylogger - INFO - 获取题目
2018-09-23 12:05:02,417 - mylogger - INFO - 在《逃学威龙1》中，周星驰所演的角色叫什么名字？
2018-09-23 12:05:03,468 - mylogger - INFO - ['周星星', '周大福', '周至尊']
2018-09-23 12:05:03,471 - mylogger - INFO - 数据库中检索答案
2018-09-23 12:05:03,472 - mylogger - INFO - 数据中无答案
2018-09-23 12:05:03,472 - mylogger - INFO - 在线检索答案
2018-09-23 12:05:04,326 - mylogger - INFO - 我的答案：周星星
2018-09-23 12:05:04,906 - mylogger - INFO - 选择选项
2018-09-23 12:05:07,355 - mylogger - INFO - 答案正确
2018-09-23 12:05:07,356 - mylogger - INFO - 更新答案
2018-09-23 12:05:12,045 - mylogger - INFO - 本题结束
2018-09-23 12:05:12,046 - mylogger - INFO - 第 2 题
2018-09-23 12:05:12,047 - mylogger - INFO - 获取题目
2018-09-23 12:05:13,905 - mylogger - INFO - 自导自演电影《天台爱情》的男明星是谁？
2018-09-23 12:05:14,964 - mylogger - INFO - ['曾志伟', '王力宏', '周杰伦']
2018-09-23 12:05:14,966 - mylogger - INFO - 数据库中检索答案
2018-09-23 12:05:14,967 - mylogger - INFO - 数据中无答案
2018-09-23 12:05:14,967 - mylogger - INFO - 在线检索答案
2018-09-23 12:05:15,902 - mylogger - INFO - 我的答案：周杰伦
2018-09-23 12:05:16,460 - mylogger - INFO - 选择选项
2018-09-23 12:05:18,860 - mylogger - INFO - 答案正确
2018-09-23 12:05:18,861 - mylogger - INFO - 更新答案
2018-09-23 12:05:23,613 - mylogger - INFO - 本题结束
2018-09-23 12:05:23,621 - mylogger - INFO - 第 3 题
2018-09-23 12:05:23,621 - mylogger - INFO - 获取题目
2018-09-23 12:05:25,677 - mylogger - INFO - 下列属于化学武器的是：
2018-09-23 12:05:26,786 - mylogger - INFO - ['芥子气', '中子弹', '天花病毒']
2018-09-23 12:05:26,789 - mylogger - INFO - 数据库中检索答案
2018-09-23 12:05:26,790 - mylogger - INFO - 数据中无答案
2018-09-23 12:05:26,790 - mylogger - INFO - 在线检索答案
2018-09-23 12:05:27,670 - mylogger - INFO - 我的答案：芥子气
2018-09-23 12:05:28,236 - mylogger - INFO - 选择选项
2018-09-23 12:05:30,739 - mylogger - INFO - 答案正确
2018-09-23 12:05:30,740 - mylogger - INFO - 更新答案
2018-09-23 12:05:34,329 - mylogger - INFO - 本题结束
2018-09-23 12:05:34,335 - mylogger - INFO - 第 4 题
2018-09-23 12:05:34,336 - mylogger - INFO - 获取题目
2018-09-23 12:05:37,386 - mylogger - INFO - 什么的广泛应用，使得冷兵器普及，使战争规模迅速扩大
2018-09-23 12:05:38,329 - mylogger - INFO - ['青铜', '火器', '铁器']
2018-09-23 12:05:38,333 - mylogger - INFO - 数据库中检索答案
2018-09-23 12:05:38,334 - mylogger - INFO - 数据中无答案
2018-09-23 12:05:38,334 - mylogger - INFO - 在线检索答案
2018-09-23 12:05:39,246 - mylogger - INFO - 我的答案：铁器
2018-09-23 12:05:39,810 - mylogger - INFO - 选择选项
2018-09-23 12:05:42,223 - mylogger - INFO - 答案正确
2018-09-23 12:05:42,223 - mylogger - INFO - 更新答案
2018-09-23 12:05:46,873 - mylogger - INFO - 本题结束
2018-09-23 12:05:46,874 - mylogger - INFO - 第 5 题
2018-09-23 12:05:46,874 - mylogger - INFO - 获取题目
2018-09-23 12:05:48,649 - mylogger - INFO - 以下哪座山不是位于月球上的？
2018-09-23 12:05:49,619 - mylogger - INFO - ['奥林帕斯山', '哥白尼环形山', '阿基米德环形山']
2018-09-23 12:05:49,623 - mylogger - INFO - 数据库中检索答案
2018-09-23 12:05:49,623 - mylogger - INFO - 数据中无答案
2018-09-23 12:05:49,624 - mylogger - INFO - 在线检索答案
2018-09-23 12:05:50,498 - mylogger - INFO - 我的答案：奥林帕斯山
2018-09-23 12:05:51,066 - mylogger - INFO - 选择选项
2018-09-23 12:05:53,488 - mylogger - INFO - 答案正确
2018-09-23 12:05:53,488 - mylogger - INFO - 更新答案
2018-09-23 12:05:57,077 - mylogger - INFO - 本题结束
2018-09-23 12:05:57,182 - mylogger - INFO - 本场比赛结束
2018-09-23 12:05:57,467 - mylogger - INFO - 返回游戏页面
2018-09-23 12:05:59,020 - mylogger - INFO - 进入排位赛
2018-09-23 12:05:59,020 - mylogger - INFO - 正在匹配中......
2018-09-23 12:06:50,106 - mylogger - INFO - 匹配成功
2018-09-23 12:06:50,106 - mylogger - INFO - 第 1 题
2018-09-23 12:06:50,106 - mylogger - INFO - 获取题目
2018-09-23 12:06:53,210 - mylogger - INFO - 沙皮是以下哪种功能的狗?
2018-09-23 12:06:54,321 - mylogger - INFO - ['家庭犬', '枪猎犬', '玩具犬']
2018-09-23 12:06:54,325 - mylogger - INFO - 数据库中检索答案
2018-09-23 12:06:54,326 - mylogger - INFO - 数据中无答案
2018-09-23 12:06:54,326 - mylogger - INFO - 在线检索答案
2018-09-23 12:06:55,142 - mylogger - INFO - 我的答案：家庭犬
2018-09-23 12:06:55,677 - mylogger - INFO - 选择选项
2018-09-23 12:06:58,126 - mylogger - INFO - 答案正确
2018-09-23 12:06:58,126 - mylogger - INFO - 更新答案
2018-09-23 12:06:59,446 - mylogger - INFO - 本题结束
2018-09-23 12:06:59,447 - mylogger - INFO - 第 2 题
2018-09-23 12:06:59,448 - mylogger - INFO - 获取题目
2018-09-23 12:07:02,395 - mylogger - INFO - 我国东南地区把哪种毒蛇根据其外形称为“饭铲头”？
2018-09-23 12:07:03,318 - mylogger - INFO - ['眼镜蛇', '七步蛇', '白眉蝮']
2018-09-23 12:07:03,322 - mylogger - INFO - 数据库中检索答案
2018-09-23 12:07:03,322 - mylogger - INFO - 数据中无答案
2018-09-23 12:07:03,323 - mylogger - INFO - 在线检索答案
2018-09-23 12:07:04,554 - mylogger - INFO - 我的答案：眼镜蛇
2018-09-23 12:07:05,053 - mylogger - INFO - 选择选项
2018-09-23 12:07:07,442 - mylogger - INFO - 答案正确
2018-09-23 12:07:07,443 - mylogger - INFO - 更新答案
2018-09-23 12:07:09,802 - mylogger - INFO - 本题结束
2018-09-23 12:07:09,804 - mylogger - INFO - 第 3 题
2018-09-23 12:07:09,804 - mylogger - INFO - 获取题目
2018-09-23 12:07:11,715 - mylogger - INFO - 下列门窗中，保温、耐火、防水、防腐、隔音效果最好的是
2018-09-23 12:07:12,666 - mylogger - INFO - ['塑钢门窗', '钢门窗', '铝合金门窗']
2018-09-23 12:07:12,670 - mylogger - INFO - 数据库中检索答案
2018-09-23 12:07:12,670 - mylogger - INFO - 数据中无答案
2018-09-23 12:07:12,670 - mylogger - INFO - 在线检索答案
2018-09-23 12:07:14,058 - mylogger - INFO - 我的答案：钢门窗
2018-09-23 12:07:14,642 - mylogger - INFO - 选择选项
2018-09-23 12:07:17,045 - mylogger - INFO - 答案错误
2018-09-23 12:07:17,188 - mylogger - INFO - 正确答案是；塑钢门窗
2018-09-23 12:07:17,189 - mylogger - INFO - 更新答案
2018-09-23 12:07:20,663 - mylogger - INFO - 本题结束
2018-09-23 12:07:20,684 - mylogger - INFO - 第 4 题
2018-09-23 12:07:20,684 - mylogger - INFO - 获取题目
2018-09-23 12:07:22,557 - mylogger - INFO - “待到山花烂漫时，她在丛中笑”描写的是哪种花？
2018-09-23 12:07:23,547 - mylogger - INFO - ['菊花', '梨花', '梅花']
2018-09-23 12:07:23,552 - mylogger - INFO - 数据库中检索答案
2018-09-23 12:07:23,552 - mylogger - INFO - 数据中无答案
2018-09-23 12:07:23,553 - mylogger - INFO - 在线检索答案
2018-09-23 12:07:24,421 - mylogger - INFO - 我的答案：梅花
2018-09-23 12:07:24,973 - mylogger - INFO - 选择选项
2018-09-23 12:07:27,418 - mylogger - INFO - 答案正确
2018-09-23 12:07:27,419 - mylogger - INFO - 更新答案
2018-09-23 12:07:33,114 - mylogger - INFO - 本题结束
2018-09-23 12:07:33,116 - mylogger - INFO - 第 5 题
2018-09-23 12:07:33,116 - mylogger - INFO - 获取题目
2018-09-23 12:07:35,962 - mylogger - INFO - 我国第一部长篇动画片是哪部？
2018-09-23 12:07:37,058 - mylogger - INFO - ['《大闹天宫》', '《铁扇公主》', '《猪八戒吃西瓜》']
2018-09-23 12:07:37,063 - mylogger - INFO - 数据库中检索答案
2018-09-23 12:07:37,063 - mylogger - INFO - 数据中无答案
2018-09-23 12:07:37,064 - mylogger - INFO - 在线检索答案
2018-09-23 12:07:38,157 - mylogger - INFO - 我的答案：《铁扇公主》
2018-09-23 12:07:38,686 - mylogger - INFO - 选择选项
2018-09-23 12:07:41,102 - mylogger - INFO - 答案正确
2018-09-23 12:07:41,103 - mylogger - INFO - 更新答案
2018-09-23 12:07:42,559 - mylogger - INFO - 本题结束
2018-09-23 12:07:42,679 - mylogger - INFO - 本场比赛结束
2018-09-23 12:07:42,939 - mylogger - INFO - 返回游戏页面
2018-09-23 12:07:44,504 - mylogger - INFO - 进入排位赛
2018-09-23 12:07:44,505 - mylogger - INFO - 正在匹配中......
2018-09-23 12:08:08,007 - mylogger - INFO - 匹配成功
2018-09-23 12:08:08,007 - mylogger - INFO - 第 1 题
2018-09-23 12:08:08,007 - mylogger - INFO - 获取题目
2018-09-23 12:08:10,968 - mylogger - INFO - 肯德基的创始人是什么军衔？
2018-09-23 12:08:11,940 - mylogger - INFO - ['上校', '上尉', '大校']
2018-09-23 12:08:11,943 - mylogger - INFO - 数据库中检索答案
2018-09-23 12:08:11,944 - mylogger - INFO - 数据中无答案
2018-09-23 12:08:11,944 - mylogger - INFO - 在线检索答案
2018-09-23 12:08:12,545 - mylogger - INFO - 我的答案：上校
2018-09-23 12:08:13,073 - mylogger - INFO - 选择选项
2018-09-23 12:08:15,499 - mylogger - INFO - 答案正确
2018-09-23 12:08:15,499 - mylogger - INFO - 更新答案
2018-09-23 12:08:16,757 - mylogger - INFO - 本题结束
2018-09-23 12:08:16,758 - mylogger - INFO - 第 2 题
2018-09-23 12:08:16,759 - mylogger - INFO - 获取题目
2018-09-23 12:08:18,541 - mylogger - INFO - “生存还是毁灭，这是一个值得考虑的问题”出自莎士比亚哪部作品
2018-09-23 12:08:19,457 - mylogger - INFO - ['哈姆雷特', '基督山伯爵', '茶花女']
2018-09-23 12:08:19,461 - mylogger - INFO - 数据库中检索答案
2018-09-23 12:08:19,461 - mylogger - INFO - 数据中无答案
2018-09-23 12:08:19,462 - mylogger - INFO - 在线检索答案
2018-09-23 12:08:20,379 - mylogger - INFO - 我的答案：哈姆雷特
2018-09-23 12:08:20,893 - mylogger - INFO - 选择选项
2018-09-23 12:08:23,272 - mylogger - INFO - 答案正确
2018-09-23 12:08:23,274 - mylogger - INFO - 更新答案
2018-09-23 12:08:26,903 - mylogger - INFO - 本题结束
2018-09-23 12:08:26,903 - mylogger - INFO - 第 3 题
2018-09-23 12:08:26,904 - mylogger - INFO - 获取题目
2018-09-23 12:08:30,083 - mylogger - INFO - 太阳系现有几颗大行星？
2018-09-23 12:08:31,092 - mylogger - INFO - ['9颗', '许许多多', '8颗']
2018-09-23 12:08:31,097 - mylogger - INFO - 数据库中检索答案
2018-09-23 12:08:31,097 - mylogger - INFO - 数据中无答案
2018-09-23 12:08:31,097 - mylogger - INFO - 在线检索答案
2018-09-23 12:08:31,916 - mylogger - INFO - 我的答案：8颗
2018-09-23 12:08:32,468 - mylogger - INFO - 选择选项
2018-09-23 12:08:34,910 - mylogger - INFO - 答案正确
2018-09-23 12:08:34,910 - mylogger - INFO - 更新答案
2018-09-23 12:08:36,245 - mylogger - INFO - 本题结束
2018-09-23 12:08:36,247 - mylogger - INFO - 第 4 题
2018-09-23 12:08:36,247 - mylogger - INFO - 获取题目
2018-09-23 12:08:38,157 - mylogger - INFO - 清明节起源于哪个地区？
2018-09-23 12:08:39,077 - mylogger - INFO - ['山东', '山西', '北京']
2018-09-23 12:08:39,081 - mylogger - INFO - 数据库中检索答案
2018-09-23 12:08:39,082 - mylogger - INFO - 数据中无答案
2018-09-23 12:08:39,082 - mylogger - INFO - 在线检索答案
2018-09-23 12:08:39,859 - mylogger - INFO - 我的答案：山东
2018-09-23 12:08:40,532 - mylogger - INFO - 选择选项
2018-09-23 12:08:42,897 - mylogger - INFO - 答案错误
2018-09-23 12:08:43,054 - mylogger - INFO - 正确答案是；山西
2018-09-23 12:08:43,054 - mylogger - INFO - 更新答案
2018-09-23 12:08:44,408 - mylogger - INFO - 本题结束
2018-09-23 12:08:44,410 - mylogger - INFO - 第 5 题
2018-09-23 12:08:44,410 - mylogger - INFO - 获取题目
2018-09-23 12:08:46,161 - mylogger - INFO - 会计师事务所要成为负有限责任的法人，条件之一是注册资本须
2018-09-23 12:08:47,278 - mylogger - INFO - ['不少于10万元', '不少于20万元', '不少于30万元']
2018-09-23 12:08:47,282 - mylogger - INFO - 数据库中检索答案
2018-09-23 12:08:47,283 - mylogger - INFO - 数据中无答案
2018-09-23 12:08:47,283 - mylogger - INFO - 在线检索答案
2018-09-23 12:08:48,475 - mylogger - INFO - 我的答案：不少于30万元
2018-09-23 12:08:49,053 - mylogger - INFO - 选择选项
2018-09-23 12:08:51,469 - mylogger - INFO - 答案正确
2018-09-23 12:08:51,470 - mylogger - INFO - 更新答案
2018-09-23 12:08:52,841 - mylogger - INFO - 本题结束
2018-09-23 12:08:52,975 - mylogger - INFO - 本场比赛结束
2018-09-23 12:08:53,229 - mylogger - INFO - 返回游戏页面
2018-09-23 12:08:54,818 - mylogger - INFO - 进入排位赛
2018-09-23 12:08:54,819 - mylogger - INFO - 正在匹配中......
2018-09-23 12:09:01,913 - mylogger - INFO - 匹配成功
2018-09-23 12:09:01,914 - mylogger - INFO - 第 1 题
2018-09-23 12:09:01,914 - mylogger - INFO - 获取题目
2018-09-23 12:09:03,714 - mylogger - INFO - 鱼腥草除具有清热解毒消痈之功外，还能：
2018-09-23 12:09:04,658 - mylogger - INFO - ['利尿', '除痹', '祛瘀']
2018-09-23 12:09:04,662 - mylogger - INFO - 数据库中检索答案
2018-09-23 12:09:04,662 - mylogger - INFO - 数据中无答案
2018-09-23 12:09:04,662 - mylogger - INFO - 在线检索答案
2018-09-23 12:09:05,918 - mylogger - INFO - 我的答案：利尿
2018-09-23 12:09:06,519 - mylogger - INFO - 选择选项
2018-09-23 12:09:08,969 - mylogger - INFO - 答案正确
2018-09-23 12:09:08,970 - mylogger - INFO - 更新答案
2018-09-23 12:09:12,619 - mylogger - INFO - 本题结束
2018-09-23 12:09:12,620 - mylogger - INFO - 第 2 题
2018-09-23 12:09:12,620 - mylogger - INFO - 获取题目
2018-09-23 12:09:14,506 - mylogger - INFO - 《葫芦娃》中蛇妖的如意簪咒语是什么？
2018-09-23 12:09:15,522 - mylogger - INFO - ['如意如意随我心意', '如意如意听我命令', '如意如意请听我命令']
2018-09-23 12:09:15,527 - mylogger - INFO - 数据库中检索答案
2018-09-23 12:09:15,527 - mylogger - INFO - 数据中无答案
2018-09-23 12:09:15,528 - mylogger - INFO - 在线检索答案
2018-09-23 12:09:16,864 - mylogger - INFO - 我的答案：如意如意随我心意
2018-09-23 12:09:17,402 - mylogger - INFO - 选择选项
2018-09-23 12:09:19,899 - mylogger - INFO - 答案正确
2018-09-23 12:09:19,899 - mylogger - INFO - 更新答案
2018-09-23 12:09:23,366 - mylogger - INFO - 本题结束
2018-09-23 12:09:23,372 - mylogger - INFO - 第 3 题
2018-09-23 12:09:23,373 - mylogger - INFO - 获取题目
2018-09-23 12:09:26,219 - mylogger - INFO - 吴亦凡没有出演下列哪部电影？
2018-09-23 12:09:27,162 - mylogger - INFO - ['《摆渡人》', '《老炮儿》', '《西游伏妖篇》']
2018-09-23 12:09:27,166 - mylogger - INFO - 数据库中检索答案
2018-09-23 12:09:27,166 - mylogger - INFO - 数据中无答案
2018-09-23 12:09:27,166 - mylogger - INFO - 在线检索答案
2018-09-23 12:09:28,108 - mylogger - INFO - 我的答案：《老炮儿》
2018-09-23 12:09:28,666 - mylogger - INFO - 选择选项
2018-09-23 12:09:31,129 - mylogger - INFO - 答案错误
2018-09-23 12:09:31,253 - mylogger - INFO - 正确答案是；《摆渡人》
2018-09-23 12:09:31,253 - mylogger - INFO - 更新答案
2018-09-23 12:09:33,687 - mylogger - INFO - 本题结束
2018-09-23 12:09:33,688 - mylogger - INFO - 第 4 题
2018-09-23 12:09:33,688 - mylogger - INFO - 获取题目
2018-09-23 12:09:35,496 - mylogger - INFO - 诗经 《采菽》中“菽”指的是？
2018-09-23 12:09:36,356 - mylogger - INFO - ['高粱', '水稻', '大豆']
2018-09-23 12:09:36,360 - mylogger - INFO - 数据库中检索答案
2018-09-23 12:09:36,360 - mylogger - INFO - 数据中无答案
2018-09-23 12:09:36,361 - mylogger - INFO - 在线检索答案
2018-09-23 12:09:37,433 - mylogger - INFO - 我的答案：大豆
2018-09-23 12:09:37,964 - mylogger - INFO - 选择选项
2018-09-23 12:09:40,420 - mylogger - INFO - 答案正确
2018-09-23 12:09:40,420 - mylogger - INFO - 更新答案
2018-09-23 12:09:48,457 - mylogger - INFO - 本题结束
2018-09-23 12:09:48,458 - mylogger - INFO - 第 5 题
2018-09-23 12:09:48,458 - mylogger - INFO - 获取题目
2018-09-23 12:09:50,272 - mylogger - INFO - 名句“纵有健妇把锄犁，禾生陇亩无东西”是谁的作品？
2018-09-23 12:09:51,196 - mylogger - INFO - ['韦应物', '杜甫', '柳宗元']
2018-09-23 12:09:51,202 - mylogger - INFO - 数据库中检索答案
2018-09-23 12:09:51,202 - mylogger - INFO - 数据中无答案
2018-09-23 12:09:51,203 - mylogger - INFO - 在线检索答案
2018-09-23 12:09:52,287 - mylogger - INFO - 我的答案：杜甫
2018-09-23 12:09:52,855 - mylogger - INFO - 选择选项
2018-09-23 12:09:55,277 - mylogger - INFO - 答案正确
2018-09-23 12:09:55,278 - mylogger - INFO - 更新答案
2018-09-23 12:10:02,072 - mylogger - INFO - 本题结束
2018-09-23 12:10:02,260 - mylogger - INFO - 本场比赛结束
2018-09-23 12:10:02,525 - mylogger - INFO - 返回游戏页面
2018-09-23 12:10:04,102 - mylogger - INFO - 进入排位赛
2018-09-23 12:10:04,102 - mylogger - INFO - 正在匹配中......
2018-09-23 12:10:05,568 - mylogger - INFO - 匹配成功
2018-09-23 12:10:05,569 - mylogger - INFO - 第 1 题
2018-09-23 12:10:05,569 - mylogger - INFO - 获取题目
2018-09-23 12:10:08,752 - mylogger - INFO - 春节期间吃饺子的寓意是什么？
2018-09-23 12:10:09,718 - mylogger - INFO - ['年年有余', '更岁饺子', '五谷丰登']
2018-09-23 12:10:09,721 - mylogger - INFO - 数据库中检索答案
2018-09-23 12:10:09,722 - mylogger - INFO - 数据中无答案
2018-09-23 12:10:09,722 - mylogger - INFO - 在线检索答案
2018-09-23 12:10:10,639 - mylogger - INFO - 我的答案：年年有余
2018-09-23 12:10:11,165 - mylogger - INFO - 选择选项
2018-09-23 12:10:13,655 - mylogger - INFO - 答案错误
2018-09-23 12:10:13,773 - mylogger - INFO - 正确答案是；更岁饺子
2018-09-23 12:10:13,774 - mylogger - INFO - 更新答案
2018-09-23 12:10:17,253 - mylogger - INFO - 本题结束
2018-09-23 12:10:17,254 - mylogger - INFO - 第 2 题
2018-09-23 12:10:17,254 - mylogger - INFO - 获取题目
2018-09-23 12:10:20,170 - mylogger - INFO - 1840年英国发行了世界上第一枚邮票，它被称为什么？
2018-09-23 12:10:21,234 - mylogger - INFO - ['黑便士', '红便士', '蓝便士']
2018-09-23 12:10:21,238 - mylogger - INFO - 数据库中检索答案
2018-09-23 12:10:21,239 - mylogger - INFO - 数据中无答案
2018-09-23 12:10:21,239 - mylogger - INFO - 在线检索答案
2018-09-23 12:10:22,313 - mylogger - INFO - 我的答案：黑便士
2018-09-23 12:10:22,893 - mylogger - INFO - 选择选项
2018-09-23 12:10:25,293 - mylogger - INFO - 答案正确
2018-09-23 12:10:25,294 - mylogger - INFO - 更新答案
2018-09-23 12:10:26,643 - mylogger - INFO - 本题结束
2018-09-23 12:10:26,645 - mylogger - INFO - 第 3 题
2018-09-23 12:10:26,645 - mylogger - INFO - 获取题目
2018-09-23 12:10:28,458 - mylogger - INFO - 于谦诗歌《石灰吟》中，“千锤万凿出深山”的下一句是？
2018-09-23 12:10:29,455 - mylogger - INFO - ['粉身碎骨浑不怕', '要留清白在人间', '烈火焚烧若等闲']
2018-09-23 12:10:29,458 - mylogger - INFO - 数据库中检索答案
2018-09-23 12:10:29,459 - mylogger - INFO - 数据中无答案
2018-09-23 12:10:29,459 - mylogger - INFO - 在线检索答案
2018-09-23 12:10:30,892 - mylogger - INFO - 我的答案：烈火焚烧若等闲
2018-09-23 12:10:31,418 - mylogger - INFO - 选择选项
2018-09-23 12:10:33,874 - mylogger - INFO - 答案正确
2018-09-23 12:10:33,875 - mylogger - INFO - 更新答案
2018-09-23 12:10:35,229 - mylogger - INFO - 本题结束
2018-09-23 12:10:35,232 - mylogger - INFO - 第 4 题
2018-09-23 12:10:35,232 - mylogger - INFO - 获取题目
2018-09-23 12:10:37,067 - mylogger - INFO - 我们平时所坐的升降电梯的显示屏上会用哪个英文字母来表示地下层
2018-09-23 12:10:38,067 - mylogger - INFO - ['D', 'E', 'B']
2018-09-23 12:10:38,072 - mylogger - INFO - 数据库中检索答案
2018-09-23 12:10:38,073 - mylogger - INFO - 数据中无答案
2018-09-23 12:10:38,073 - mylogger - INFO - 在线检索答案
2018-09-23 12:10:39,474 - mylogger - INFO - 我的答案：B
2018-09-23 12:10:40,063 - mylogger - INFO - 选择选项
2018-09-23 12:10:42,582 - mylogger - INFO - 答案正确
2018-09-23 12:10:42,582 - mylogger - INFO - 更新答案
2018-09-23 12:10:46,268 - mylogger - INFO - 本题结束
2018-09-23 12:10:46,277 - mylogger - INFO - 第 5 题
2018-09-23 12:10:46,278 - mylogger - INFO - 获取题目
2018-09-23 12:10:48,134 - mylogger - INFO - 我国在哪年成功发射第一颗人造卫星？
2018-09-23 12:10:49,103 - mylogger - INFO - ['1964年', '1957年', '1970年']
2018-09-23 12:10:49,108 - mylogger - INFO - 数据库中检索答案
2018-09-23 12:10:49,108 - mylogger - INFO - 数据中无答案
2018-09-23 12:10:49,109 - mylogger - INFO - 在线检索答案
2018-09-23 12:10:49,977 - mylogger - INFO - 我的答案：1970年
2018-09-23 12:10:50,512 - mylogger - INFO - 选择选项
2018-09-23 12:10:52,940 - mylogger - INFO - 答案正确
2018-09-23 12:10:52,940 - mylogger - INFO - 更新答案
2018-09-23 12:10:55,450 - mylogger - INFO - 本题结束
2018-09-23 12:10:55,576 - mylogger - INFO - 本场比赛结束
2018-09-23 12:10:55,841 - mylogger - INFO - 返回游戏页面
2018-09-23 12:10:57,419 - mylogger - INFO - 进入排位赛
2018-09-23 12:10:57,420 - mylogger - INFO - 正在匹配中......
2018-09-23 12:11:16,731 - mylogger - INFO - 匹配成功
2018-09-23 12:11:16,731 - mylogger - INFO - 第 1 题
2018-09-23 12:11:16,732 - mylogger - INFO - 获取题目
2018-09-23 12:11:19,683 - mylogger - INFO - 京剧中4指全扣向掌心，唯独伸直大拇指的指法叫
2018-09-23 12:11:20,584 - mylogger - INFO - ['剑诀指', '怒指', '英雄指']
2018-09-23 12:11:20,587 - mylogger - INFO - 数据库中检索答案
2018-09-23 12:11:20,588 - mylogger - INFO - 数据中无答案
2018-09-23 12:11:20,589 - mylogger - INFO - 在线检索答案
2018-09-23 12:11:21,692 - mylogger - INFO - 我的答案：英雄指
2018-09-23 12:11:22,258 - mylogger - INFO - 选择选项
2018-09-23 12:11:24,734 - mylogger - INFO - 答案正确
2018-09-23 12:11:24,734 - mylogger - INFO - 更新答案
2018-09-23 12:11:28,327 - mylogger - INFO - 本题结束
2018-09-23 12:11:28,328 - mylogger - INFO - 第 2 题
2018-09-23 12:11:28,329 - mylogger - INFO - 获取题目
2018-09-23 12:11:30,192 - mylogger - INFO - 电影《分手合约》主题曲《我们不是说好了吗》是彭于晏和谁唱的？
2018-09-23 12:11:31,220 - mylogger - INFO - ['舒淇', '白百何', '高圆圆']
2018-09-23 12:11:31,224 - mylogger - INFO - 数据库中检索答案
2018-09-23 12:11:31,225 - mylogger - INFO - 数据中无答案
2018-09-23 12:11:31,225 - mylogger - INFO - 在线检索答案
2018-09-23 12:11:32,070 - mylogger - INFO - 我的答案：舒淇
2018-09-23 12:11:32,579 - mylogger - INFO - 选择选项
2018-09-23 12:11:35,022 - mylogger - INFO - 答案错误
2018-09-23 12:11:35,168 - mylogger - INFO - 正确答案是；白百何
2018-09-23 12:11:35,169 - mylogger - INFO - 更新答案
2018-09-23 12:11:45,321 - mylogger - INFO - 本题结束
2018-09-23 12:11:45,322 - mylogger - INFO - 第 3 题
2018-09-23 12:11:45,322 - mylogger - INFO - 获取题目
2018-09-23 12:11:46,058 - mylogger - INFO - 组成人类细胞基因得30亿对核苷酸分子有几种不同的碱基类型？
2018-09-23 12:11:47,078 - mylogger - INFO - ['5', '4', '7']
2018-09-23 12:11:47,082 - mylogger - INFO - 数据库中检索答案
2018-09-23 12:11:47,082 - mylogger - INFO - 数据中无答案
2018-09-23 12:11:47,082 - mylogger - INFO - 在线检索答案
2018-09-23 12:11:48,621 - mylogger - INFO - 我的答案：7
2018-09-23 12:11:49,200 - mylogger - INFO - 选择选项
2018-09-23 12:14:40,028 - mylogger - INFO - 进入排位赛
2018-09-23 12:14:40,029 - mylogger - INFO - 正在匹配中......
2018-09-23 12:15:30,558 - mylogger - INFO - 匹配成功
2018-09-23 12:15:30,558 - mylogger - INFO - 第 1 题
2018-09-23 12:15:30,559 - mylogger - INFO - 获取题目
2018-09-23 12:15:33,639 - mylogger - INFO - 《人间喜剧》是哪位法国批判现实主义作家的小说集？
2018-09-23 12:15:34,720 - mylogger - INFO - ['罗曼.罗兰', '墨里哀', '巴尔扎克']
2018-09-23 12:15:34,723 - mylogger - INFO - 数据库中检索答案
2018-09-23 12:15:34,724 - mylogger - INFO - 数据中无答案
2018-09-23 12:15:34,724 - mylogger - INFO - 在线检索答案
2018-09-23 12:15:36,318 - mylogger - INFO - 我的答案：巴尔扎克
2018-09-23 12:15:36,990 - mylogger - INFO - 选择选项
2018-09-23 12:15:39,415 - mylogger - INFO - 答案正确
2018-09-23 12:15:39,415 - mylogger - INFO - 更新答案
2018-09-23 12:15:40,766 - mylogger - INFO - 本题结束
2018-09-23 12:15:40,768 - mylogger - INFO - 第 2 题
2018-09-23 12:15:40,768 - mylogger - INFO - 获取题目
2018-09-23 12:15:42,563 - mylogger - INFO - 在古装电视剧《隋唐英雄4》中，哪个演员饰演程咬金？
2018-09-23 12:15:43,563 - mylogger - INFO - ['吴京', '张卫健', '黄渤']
2018-09-23 12:15:43,567 - mylogger - INFO - 数据库中检索答案
2018-09-23 12:15:43,568 - mylogger - INFO - 数据中无答案
2018-09-23 12:15:43,568 - mylogger - INFO - 在线检索答案
2018-09-23 12:15:44,796 - mylogger - INFO - 我的答案：张卫健
2018-09-23 12:15:45,347 - mylogger - INFO - 选择选项
2018-09-23 12:15:47,819 - mylogger - INFO - 答案正确
2018-09-23 12:15:47,819 - mylogger - INFO - 更新答案
2018-09-23 12:15:51,339 - mylogger - INFO - 本题结束
2018-09-23 12:15:51,340 - mylogger - INFO - 第 3 题
2018-09-23 12:15:51,340 - mylogger - INFO - 获取题目
2018-09-23 12:15:54,354 - mylogger - INFO - 歌手黄丽玲推出的首张专辑叫什么？
2018-09-23 12:15:55,376 - mylogger - INFO - ['《罪恶感》', '《失恋无罪》', '《天生歌姬》']
2018-09-23 12:15:55,380 - mylogger - INFO - 数据库中检索答案
2018-09-23 12:15:55,380 - mylogger - INFO - 数据中无答案
2018-09-23 12:15:55,381 - mylogger - INFO - 在线检索答案
2018-09-23 12:15:56,806 - mylogger - INFO - 我的答案：《失恋无罪》
2018-09-23 12:15:57,436 - mylogger - INFO - 选择选项
2018-09-23 12:15:59,908 - mylogger - INFO - 答案正确
2018-09-23 12:15:59,908 - mylogger - INFO - 更新答案
2018-09-23 12:16:01,189 - mylogger - INFO - 本题结束
2018-09-23 12:16:01,191 - mylogger - INFO - 第 4 题
2018-09-23 12:16:01,191 - mylogger - INFO - 获取题目
2018-09-23 12:16:03,031 - mylogger - INFO - 下列哪句诗与“霜叶红于二月花”描述的季节相同？
2018-09-23 12:16:04,099 - mylogger - INFO - ['接天莲叶无穷碧', '沾衣欲湿杏花雨', '红藕香残玉簟秋']
2018-09-23 12:16:04,102 - mylogger - INFO - 数据库中检索答案
2018-09-23 12:16:04,103 - mylogger - INFO - 数据中无答案
2018-09-23 12:16:04,103 - mylogger - INFO - 在线检索答案
2018-09-23 12:16:05,052 - mylogger - INFO - 我的答案：接天莲叶无穷碧
2018-09-23 12:16:05,603 - mylogger - INFO - 选择选项
2018-09-23 12:16:08,059 - mylogger - INFO - 答案错误
2018-09-23 12:16:08,309 - mylogger - INFO - 正确答案是；红藕香残玉簟秋
2018-09-23 12:16:08,309 - mylogger - INFO - 更新答案
2018-09-23 12:16:13,097 - mylogger - INFO - 本题结束
2018-09-23 12:16:13,103 - mylogger - INFO - 第 5 题
2018-09-23 12:16:13,104 - mylogger - INFO - 获取题目
2018-09-23 12:16:14,920 - mylogger - INFO - 聂卫平在中日围棋擂台赛上创造了（）连胜的奇迹
2018-09-23 12:16:15,864 - mylogger - INFO - ['9', '10', '11']
2018-09-23 12:16:15,869 - mylogger - INFO - 数据库中检索答案
2018-09-23 12:16:15,869 - mylogger - INFO - 数据中无答案
2018-09-23 12:16:15,869 - mylogger - INFO - 在线检索答案
2018-09-23 12:16:16,829 - mylogger - INFO - 我的答案：11
2018-09-23 12:16:17,366 - mylogger - INFO - 选择选项
2018-09-23 12:16:19,818 - mylogger - INFO - 答案正确
2018-09-23 12:16:19,818 - mylogger - INFO - 更新答案
2018-09-23 12:16:22,342 - mylogger - INFO - 本题结束
2018-09-23 12:16:22,499 - mylogger - INFO - 本场比赛结束
2018-09-23 12:16:22,757 - mylogger - INFO - 返回游戏页面
2018-09-23 12:16:24,261 - mylogger - INFO - 进入排位赛
2018-09-23 12:16:24,261 - mylogger - INFO - 正在匹配中......
2018-09-23 12:18:08,457 - mylogger - INFO - 匹配成功
2018-09-23 12:18:08,457 - mylogger - INFO - 第 1 题
2018-09-23 12:18:08,458 - mylogger - INFO - 获取题目
2018-09-23 12:18:11,565 - mylogger - INFO - “寒号鸟”是属于什么类的动物？
2018-09-23 12:18:13,005 - mylogger - INFO - ['爬行类', '两栖类', '哺乳类']
2018-09-23 12:18:13,009 - mylogger - INFO - 数据库中检索答案
2018-09-23 12:18:13,010 - mylogger - INFO - 数据中无答案
2018-09-23 12:18:13,010 - mylogger - INFO - 在线检索答案
2018-09-23 12:18:13,867 - mylogger - INFO - 我的答案：哺乳类
2018-09-23 12:18:14,456 - mylogger - INFO - 选择选项
2018-09-23 12:18:16,896 - mylogger - INFO - 答案正确
2018-09-23 12:18:16,896 - mylogger - INFO - 更新答案
2018-09-23 12:18:19,330 - mylogger - INFO - 本题结束
2018-09-23 12:18:19,333 - mylogger - INFO - 第 2 题
2018-09-23 12:18:19,333 - mylogger - INFO - 获取题目
2018-09-23 12:18:21,066 - mylogger - INFO - 第三宇宙速度是
2018-09-23 12:18:22,094 - mylogger - INFO - ['18.7千米/秒', '16.7千米/秒', '7.9千米/秒']
2018-09-23 12:18:22,098 - mylogger - INFO - 数据库中检索答案
2018-09-23 12:18:22,098 - mylogger - INFO - 数据中无答案
2018-09-23 12:18:22,099 - mylogger - INFO - 在线检索答案
2018-09-23 12:18:22,804 - mylogger - INFO - 我的答案：16.7千米/秒
2018-09-23 12:18:23,309 - mylogger - INFO - 选择选项
2018-09-23 12:18:25,761 - mylogger - INFO - 答案正确
2018-09-23 12:18:25,761 - mylogger - INFO - 更新答案
2018-09-23 12:18:29,383 - mylogger - INFO - 本题结束
2018-09-23 12:18:29,384 - mylogger - INFO - 第 3 题
2018-09-23 12:18:29,384 - mylogger - INFO - 获取题目
2018-09-23 12:18:31,219 - mylogger - INFO - 以下哪种活动是无氧运动？
2018-09-23 12:18:32,172 - mylogger - INFO - ['短跑', '慢跑', '游泳']
2018-09-23 12:18:32,175 - mylogger - INFO - 数据库中检索答案
2018-09-23 12:18:32,176 - mylogger - INFO - 数据中无答案
2018-09-23 12:18:32,176 - mylogger - INFO - 在线检索答案
2018-09-23 12:18:32,954 - mylogger - INFO - 我的答案：短跑
2018-09-23 12:18:33,466 - mylogger - INFO - 选择选项
2018-09-23 12:18:35,950 - mylogger - INFO - 答案正确
2018-09-23 12:18:35,950 - mylogger - INFO - 更新答案
2018-09-23 12:18:39,582 - mylogger - INFO - 本题结束
2018-09-23 12:18:39,583 - mylogger - INFO - 第 4 题
2018-09-23 12:18:39,583 - mylogger - INFO - 获取题目
2018-09-23 12:18:41,368 - mylogger - INFO - 茶道一词是由谁首先提出来的？
2018-09-23 12:18:42,348 - mylogger - INFO - ['陆羽', '荣西禅师', '皎然']
2018-09-23 12:18:42,353 - mylogger - INFO - 数据库中检索答案
2018-09-23 12:18:42,353 - mylogger - INFO - 数据中无答案
2018-09-23 12:18:42,354 - mylogger - INFO - 在线检索答案
2018-09-23 12:18:43,149 - mylogger - INFO - 我的答案：皎然
2018-09-23 12:18:43,745 - mylogger - INFO - 选择选项
2018-09-23 12:18:46,270 - mylogger - INFO - 答案正确
2018-09-23 12:18:46,270 - mylogger - INFO - 更新答案
2018-09-23 12:18:49,887 - mylogger - INFO - 本题结束
2018-09-23 12:18:49,888 - mylogger - INFO - 第 5 题
2018-09-23 12:18:49,888 - mylogger - INFO - 获取题目
2018-09-23 12:18:51,765 - mylogger - INFO - 哪个罗马皇帝，将罗马帝国一分为二？
2018-09-23 12:18:52,731 - mylogger - INFO - ['涅尔瓦', '戴克里先', '马克西米安']
2018-09-23 12:18:52,735 - mylogger - INFO - 数据库中检索答案
2018-09-23 12:18:52,735 - mylogger - INFO - 数据中无答案
2018-09-23 12:18:52,735 - mylogger - INFO - 在线检索答案
2018-09-23 12:18:54,013 - mylogger - INFO - 我的答案：戴克里先
2018-09-23 12:18:54,608 - mylogger - INFO - 选择选项
2018-09-23 12:18:56,983 - mylogger - INFO - 答案正确
2018-09-23 12:18:56,983 - mylogger - INFO - 更新答案
2018-09-23 12:19:00,543 - mylogger - INFO - 本题结束
2018-09-23 12:19:00,652 - mylogger - INFO - 本场比赛结束
2018-09-23 12:19:00,923 - mylogger - INFO - 返回游戏页面
2018-09-23 12:19:02,455 - mylogger - INFO - 进入排位赛
2018-09-23 12:19:02,456 - mylogger - INFO - 正在匹配中......
2018-09-23 12:19:24,899 - mylogger - INFO - 匹配成功
2018-09-23 12:19:24,900 - mylogger - INFO - 第 1 题
2018-09-23 12:19:24,900 - mylogger - INFO - 获取题目
2018-09-23 12:19:27,901 - mylogger - INFO - 火遍全球的游戏《Pokemon Go》由哪家公司发行？
2018-09-23 12:19:28,778 - mylogger - INFO - ['任天堂', '动视暴雪', '育碧']
2018-09-23 12:19:28,782 - mylogger - INFO - 数据库中检索答案
2018-09-23 12:19:28,782 - mylogger - INFO - 数据中无答案
2018-09-23 12:19:28,782 - mylogger - INFO - 在线检索答案
2018-09-23 12:19:29,768 - mylogger - INFO - 我的答案：任天堂
2018-09-23 12:19:30,323 - mylogger - INFO - 选择选项
2018-09-23 12:19:32,770 - mylogger - INFO - 答案正确
2018-09-23 12:19:32,770 - mylogger - INFO - 更新答案
2018-09-23 12:19:37,436 - mylogger - INFO - 本题结束
2018-09-23 12:19:37,437 - mylogger - INFO - 第 2 题
2018-09-23 12:19:37,437 - mylogger - INFO - 获取题目
2018-09-23 12:19:39,200 - mylogger - INFO - 下列哪个互联网企业于2014年启动无人驾驶汽车研发计划？
2018-09-23 12:19:40,101 - mylogger - INFO - ['小米', '百度', '奇虎360']
2018-09-23 12:19:40,105 - mylogger - INFO - 数据库中检索答案
2018-09-23 12:19:40,105 - mylogger - INFO - 数据中无答案
2018-09-23 12:19:40,105 - mylogger - INFO - 在线检索答案
2018-09-23 12:19:41,280 - mylogger - INFO - 我的答案：百度
2018-09-23 12:19:41,840 - mylogger - INFO - 选择选项
2018-09-23 12:19:44,252 - mylogger - INFO - 答案正确
2018-09-23 12:19:44,253 - mylogger - INFO - 更新答案
2018-09-23 12:19:45,628 - mylogger - INFO - 本题结束
2018-09-23 12:19:45,629 - mylogger - INFO - 第 3 题
2018-09-23 12:19:45,630 - mylogger - INFO - 获取题目
2018-09-23 12:19:47,414 - mylogger - INFO - 南宋的都城临安，是现今何处？
2018-09-23 12:19:48,524 - mylogger - INFO - ['常熟', '杭州', '南京']
2018-09-23 12:19:48,528 - mylogger - INFO - 数据库中检索答案
2018-09-23 12:19:48,529 - mylogger - INFO - 数据中无答案
2018-09-23 12:19:48,529 - mylogger - INFO - 在线检索答案
2018-09-23 12:19:49,718 - mylogger - INFO - 我的答案：杭州
2018-09-23 12:19:50,253 - mylogger - INFO - 选择选项
2018-09-23 12:19:52,637 - mylogger - INFO - 答案正确
2018-09-23 12:19:52,637 - mylogger - INFO - 更新答案
2018-09-23 12:19:53,928 - mylogger - INFO - 本题结束
2018-09-23 12:19:53,930 - mylogger - INFO - 第 4 题
2018-09-23 12:19:53,931 - mylogger - INFO - 获取题目
2018-09-23 12:19:55,773 - mylogger - INFO - 古代被称为大食的国家是？
2018-09-23 12:19:56,815 - mylogger - INFO - ['波斯', '阿拉伯', '蒙古']
2018-09-23 12:19:56,819 - mylogger - INFO - 数据库中检索答案
2018-09-23 12:19:56,819 - mylogger - INFO - 数据中无答案
2018-09-23 12:19:56,819 - mylogger - INFO - 在线检索答案
2018-09-23 12:19:57,614 - mylogger - INFO - 我的答案：阿拉伯
2018-09-23 12:19:58,185 - mylogger - INFO - 选择选项
2018-09-23 12:20:00,603 - mylogger - INFO - 答案正确
2018-09-23 12:20:00,604 - mylogger - INFO - 更新答案
2018-09-23 12:20:01,935 - mylogger - INFO - 本题结束
2018-09-23 12:20:01,953 - mylogger - INFO - 第 5 题
2018-09-23 12:20:01,953 - mylogger - INFO - 获取题目
2018-09-23 12:20:03,786 - mylogger - INFO - 确定“万有引力常数”和“地球平均密度”的物理学家是谁？
2018-09-23 12:20:04,757 - mylogger - INFO - ['卡文迪许', '牛顿', '伽利略']
2018-09-23 12:20:04,762 - mylogger - INFO - 数据库中检索答案
2018-09-23 12:20:04,762 - mylogger - INFO - 数据中无答案
2018-09-23 12:20:04,763 - mylogger - INFO - 在线检索答案
2018-09-23 12:20:06,039 - mylogger - INFO - 我的答案：卡文迪许
2018-09-23 12:20:06,554 - mylogger - INFO - 选择选项
2018-09-23 12:20:08,974 - mylogger - INFO - 答案正确
2018-09-23 12:20:08,975 - mylogger - INFO - 更新答案
2018-09-23 12:20:10,391 - mylogger - INFO - 本题结束
2018-09-23 12:20:10,548 - mylogger - INFO - 本场比赛结束
2018-09-23 12:20:10,781 - mylogger - INFO - 返回游戏页面
2018-09-23 12:20:12,335 - mylogger - INFO - 进入排位赛
2018-09-23 12:20:12,335 - mylogger - INFO - 正在匹配中......
2018-09-23 12:20:36,943 - mylogger - INFO - 匹配成功
2018-09-23 12:20:36,944 - mylogger - INFO - 第 1 题
2018-09-23 12:20:36,944 - mylogger - INFO - 获取题目
2018-09-23 12:20:39,879 - mylogger - INFO - 按生产进程分，建筑业应属于哪一产业？
2018-09-23 12:20:40,864 - mylogger - INFO - ['第二产业', '第三产业', '第一产业']
2018-09-23 12:20:40,869 - mylogger - INFO - 数据库中检索答案
2018-09-23 12:20:40,870 - mylogger - INFO - 数据中无答案
2018-09-23 12:20:40,871 - mylogger - INFO - 在线检索答案
2018-09-23 12:20:42,348 - mylogger - INFO - 我的答案：第二产业
2018-09-23 12:20:42,896 - mylogger - INFO - 选择选项
2018-09-23 12:20:45,388 - mylogger - INFO - 答案正确
2018-09-23 12:20:45,389 - mylogger - INFO - 更新答案
2018-09-23 12:20:54,531 - mylogger - INFO - 本题结束
2018-09-23 12:20:54,536 - mylogger - INFO - 第 2 题
2018-09-23 12:20:54,536 - mylogger - INFO - 获取题目
2018-09-23 12:20:56,357 - mylogger - INFO - “尔来四万八千岁，不与秦塞通人烟”的作者是谁？
2018-09-23 12:20:57,247 - mylogger - INFO - ['孟浩然', '李白', '王维']
2018-09-23 12:20:57,249 - mylogger - INFO - 数据库中检索答案
2018-09-23 12:20:57,250 - mylogger - INFO - 数据中无答案
2018-09-23 12:20:57,250 - mylogger - INFO - 在线检索答案
2018-09-23 12:20:58,149 - mylogger - INFO - 我的答案：孟浩然
2018-09-23 12:20:58,700 - mylogger - INFO - 选择选项
2018-09-23 12:21:01,203 - mylogger - INFO - 答案错误
2018-09-23 12:21:01,316 - mylogger - INFO - 正确答案是；李白
2018-09-23 12:21:01,317 - mylogger - INFO - 更新答案
2018-09-23 12:21:11,748 - mylogger - INFO - 本题结束
2018-09-23 12:21:11,749 - mylogger - INFO - 第 3 题
2018-09-23 12:21:11,749 - mylogger - INFO - 获取题目
2018-09-23 12:21:13,621 - mylogger - INFO - 夫妻因感情不和分居满几年的，且调解无效的，应准予离婚？
2018-09-23 12:21:14,633 - mylogger - INFO - ['1年', '2年', '3年']
2018-09-23 12:21:14,637 - mylogger - INFO - 数据库中检索答案
2018-09-23 12:21:14,637 - mylogger - INFO - 数据中无答案
2018-09-23 12:21:14,638 - mylogger - INFO - 在线检索答案
2018-09-23 12:21:16,015 - mylogger - INFO - 我的答案：1年
2018-09-23 12:21:16,557 - mylogger - INFO - 选择选项
2018-09-23 12:21:19,050 - mylogger - INFO - 答案错误
2018-09-23 12:21:19,173 - mylogger - INFO - 正确答案是；2年
2018-09-23 12:21:19,173 - mylogger - INFO - 更新答案
2018-09-23 12:21:28,356 - mylogger - INFO - 本题结束
2018-09-23 12:21:28,358 - mylogger - INFO - 第 4 题
2018-09-23 12:21:28,358 - mylogger - INFO - 获取题目
2018-09-23 12:21:31,338 - mylogger - INFO - 赵本山在春晚中表演过以下哪个小品？
2018-09-23 12:21:32,366 - mylogger - INFO - ['同桌的你', '老伴', '拍电影']
2018-09-23 12:21:32,370 - mylogger - INFO - 数据库中检索答案
2018-09-23 12:21:32,370 - mylogger - INFO - 数据中无答案
2018-09-23 12:21:32,370 - mylogger - INFO - 在线检索答案
2018-09-23 12:21:33,364 - mylogger - INFO - 我的答案：同桌的你
2018-09-23 12:21:33,916 - mylogger - INFO - 选择选项
2018-09-23 12:21:36,361 - mylogger - INFO - 答案正确
2018-09-23 12:21:36,362 - mylogger - INFO - 更新答案
2018-09-23 12:21:45,524 - mylogger - INFO - 本题结束
2018-09-23 12:21:45,525 - mylogger - INFO - 第 5 题
2018-09-23 12:21:45,525 - mylogger - INFO - 获取题目
2018-09-23 12:21:47,334 - mylogger - INFO - “相见争如不见，有情何似无情”的作者是？
2018-09-23 12:21:48,375 - mylogger - INFO - ['司马光', '柳永', '王安国']
2018-09-23 12:21:48,379 - mylogger - INFO - 数据库中检索答案
2018-09-23 12:21:48,379 - mylogger - INFO - 数据中无答案
2018-09-23 12:21:48,379 - mylogger - INFO - 在线检索答案
2018-09-23 12:21:49,254 - mylogger - INFO - 我的答案：柳永
2018-09-23 12:21:49,773 - mylogger - INFO - 选择选项
2018-09-23 12:21:52,238 - mylogger - INFO - 答案错误
2018-09-23 12:21:52,362 - mylogger - INFO - 正确答案是；司马光
2018-09-23 12:21:52,362 - mylogger - INFO - 更新答案
2018-09-23 12:22:02,717 - mylogger - INFO - 本题结束
2018-09-23 12:22:02,843 - mylogger - INFO - 本场比赛结束
2018-09-23 12:22:03,125 - mylogger - INFO - 返回游戏页面
2018-09-23 12:22:14,519 - mylogger - INFO - 进入排位赛失败
2018-09-23 12:22:14,520 - mylogger - INFO - 第 1 题
2018-09-23 12:22:14,521 - mylogger - INFO - 获取题目
2018-09-23 12:22:24,715 - mylogger - INFO - 第 2 题
2018-09-23 12:22:24,716 - mylogger - INFO - 获取题目
2018-09-23 12:22:48,716 - mylogger - INFO - 进入排位赛
2018-09-23 12:22:48,717 - mylogger - INFO - 正在匹配中......
2018-09-23 12:23:15,962 - mylogger - INFO - 匹配成功
2018-09-23 12:23:15,962 - mylogger - INFO - 第 1 题
2018-09-23 12:23:15,962 - mylogger - INFO - 获取题目
2018-09-23 12:23:18,998 - mylogger - INFO - 以下哪个动漫人物拥有黄色皮肤？
2018-09-23 12:23:19,935 - mylogger - INFO - ['蓝精灵', '小黄人', '巴斯光年']
2018-09-23 12:23:19,938 - mylogger - INFO - 数据库中检索答案
2018-09-23 12:23:19,939 - mylogger - INFO - 数据中无答案
2018-09-23 12:23:19,940 - mylogger - INFO - 在线检索答案
2018-09-23 12:23:20,645 - mylogger - INFO - 我的答案：蓝精灵
2018-09-23 12:23:21,182 - mylogger - INFO - 选择选项
2018-09-23 12:23:23,601 - mylogger - INFO - 答案错误
2018-09-23 12:23:23,785 - mylogger - INFO - 正确答案是；小黄人
2018-09-23 12:23:23,786 - mylogger - INFO - 更新答案
2018-09-23 12:23:26,259 - mylogger - INFO - 本题结束
2018-09-23 12:23:26,261 - mylogger - INFO - 第 2 题
2018-09-23 12:23:26,261 - mylogger - INFO - 获取题目
2018-09-23 12:23:28,139 - mylogger - INFO - SARS病毒是什么形状？
2018-09-23 12:23:29,139 - mylogger - INFO - ['球状', '冠状', '树状']
2018-09-23 12:23:29,143 - mylogger - INFO - 数据库中检索答案
2018-09-23 12:23:29,143 - mylogger - INFO - 数据中无答案
2018-09-23 12:23:29,143 - mylogger - INFO - 在线检索答案
2018-09-23 12:23:29,594 - mylogger - INFO - 我的答案：冠状
2018-09-23 12:23:30,122 - mylogger - INFO - 选择选项
2018-09-23 12:23:32,621 - mylogger - INFO - 答案正确
2018-09-23 12:23:32,621 - mylogger - INFO - 更新答案
2018-09-23 12:23:35,060 - mylogger - INFO - 本题结束
2018-09-23 12:23:35,062 - mylogger - INFO - 第 3 题
2018-09-23 12:23:35,062 - mylogger - INFO - 获取题目
2018-09-23 12:23:38,103 - mylogger - INFO - 1993年郭达和蔡明主演的春晚小品叫什么？
2018-09-23 12:23:39,068 - mylogger - INFO - ['《柳暗花明》', '《黄土坡》', '《吃饺子》']
2018-09-23 12:23:39,071 - mylogger - INFO - 数据库中检索答案
2018-09-23 12:23:39,071 - mylogger - INFO - 数据中无答案
2018-09-23 12:23:39,072 - mylogger - INFO - 在线检索答案
2018-09-23 12:23:39,888 - mylogger - INFO - 我的答案：《黄土坡》
2018-09-23 12:23:40,382 - mylogger - INFO - 选择选项
2018-09-23 12:23:42,795 - mylogger - INFO - 答案正确
2018-09-23 12:23:42,796 - mylogger - INFO - 更新答案
2018-09-23 12:23:45,200 - mylogger - INFO - 本题结束
2018-09-23 12:23:45,201 - mylogger - INFO - 第 4 题
2018-09-23 12:23:45,201 - mylogger - INFO - 获取题目
2018-09-23 12:23:48,146 - mylogger - INFO - 美国独立日是几月几号？
2018-09-23 12:23:49,094 - mylogger - INFO - ['7月6日', ' 7月4日', '7月1日']
2018-09-23 12:23:49,098 - mylogger - INFO - 数据库中检索答案
2018-09-23 12:23:49,100 - mylogger - INFO - 数据中无答案
2018-09-23 12:23:49,100 - mylogger - INFO - 在线检索答案
2018-09-23 12:23:49,659 - mylogger - INFO - 我的答案：7月6日
2018-09-23 12:23:50,176 - mylogger - INFO - 选择选项
2018-09-23 12:23:52,621 - mylogger - INFO - 答案错误
2018-09-23 12:23:52,776 - mylogger - INFO - 正确答案是； 7月4日
2018-09-23 12:23:52,777 - mylogger - INFO - 更新答案
2018-09-23 12:23:54,175 - mylogger - INFO - 本题结束
2018-09-23 12:23:54,186 - mylogger - INFO - 第 5 题
2018-09-23 12:23:54,186 - mylogger - INFO - 获取题目
2018-09-23 12:23:56,052 - mylogger - INFO - 享有“宝石之王”美誉的宝石是哪一种？
2018-09-23 12:23:57,068 - mylogger - INFO - ['金刚石', '红宝石', '蓝宝石']
2018-09-23 12:23:57,071 - mylogger - INFO - 数据库中检索答案
2018-09-23 12:23:57,071 - mylogger - INFO - 数据中无答案
2018-09-23 12:23:57,072 - mylogger - INFO - 在线检索答案
2018-09-23 12:23:58,299 - mylogger - INFO - 我的答案：金刚石
2018-09-23 12:23:58,851 - mylogger - INFO - 选择选项
2018-09-23 12:24:01,309 - mylogger - INFO - 答案正确
2018-09-23 12:24:01,310 - mylogger - INFO - 更新答案
2018-09-23 12:24:05,967 - mylogger - INFO - 本题结束
2018-09-23 12:24:06,103 - mylogger - INFO - 本场比赛结束
2018-09-23 12:24:06,352 - mylogger - INFO - 返回游戏页面
2018-09-23 12:24:07,908 - mylogger - INFO - 进入排位赛
2018-09-23 12:24:07,908 - mylogger - INFO - 正在匹配中......
2018-09-23 12:26:37,610 - mylogger - INFO - 进入排位赛
2018-09-23 12:26:37,611 - mylogger - INFO - 正在匹配中......
2018-09-23 12:27:04,272 - mylogger - INFO - 匹配成功
2018-09-23 12:27:04,273 - mylogger - INFO - 第 1 题
2018-09-23 12:27:04,274 - mylogger - INFO - 获取题目
2018-09-23 12:27:11,796 - mylogger - INFO - 以下哪项是指影响国家安全或战争全局的客观情况和条件
2018-09-23 12:27:12,676 - mylogger - INFO - ['地理环境', '政治环境', '战略环境']
2018-09-23 12:27:12,679 - mylogger - INFO - 数据库中检索答案
2018-09-23 12:27:12,680 - mylogger - INFO - 数据中无答案
2018-09-23 12:27:12,681 - mylogger - INFO - 在线检索答案
2018-09-23 12:27:13,547 - mylogger - INFO - 我的答案：战略环境
2018-09-23 12:27:14,077 - mylogger - INFO - 选择选项
2018-09-23 12:27:16,489 - mylogger - INFO - 答案正确
2018-09-23 12:27:16,489 - mylogger - INFO - 更新答案
2018-09-23 12:27:17,856 - mylogger - INFO - 本题结束
2018-09-23 12:27:17,857 - mylogger - INFO - 第 2 题
2018-09-23 12:27:17,858 - mylogger - INFO - 获取题目
2018-09-23 12:27:19,660 - mylogger - INFO - 米其林餐厅最多几星？
2018-09-23 12:27:20,500 - mylogger - INFO - ['四星', '两星', '三星']
2018-09-23 12:27:20,502 - mylogger - INFO - 数据库中检索答案
2018-09-23 12:27:20,502 - mylogger - INFO - 数据中无答案
2018-09-23 12:27:20,503 - mylogger - INFO - 在线检索答案
2018-09-23 12:27:21,309 - mylogger - INFO - 我的答案：三星
2018-09-23 12:27:21,791 - mylogger - INFO - 选择选项
2018-09-23 12:27:24,362 - mylogger - INFO - 答案正确
2018-09-23 12:27:24,362 - mylogger - INFO - 更新答案
2018-09-23 12:27:33,599 - mylogger - INFO - 本题结束
2018-09-23 12:27:33,601 - mylogger - INFO - 第 3 题
2018-09-23 12:27:33,601 - mylogger - INFO - 获取题目
2018-09-23 12:27:36,622 - mylogger - INFO - 北宋在“靖康之变”后，被哪个国家灭亡的？
2018-09-23 12:27:37,651 - mylogger - INFO - ['金国', '辽国', '西夏国']
2018-09-23 12:27:37,656 - mylogger - INFO - 数据库中检索答案
2018-09-23 12:27:37,656 - mylogger - INFO - 数据中无答案
2018-09-23 12:27:37,657 - mylogger - INFO - 在线检索答案
2018-09-23 12:27:38,548 - mylogger - INFO - 我的答案：金国
2018-09-23 12:27:39,090 - mylogger - INFO - 选择选项
2018-09-23 12:27:41,546 - mylogger - INFO - 答案正确
2018-09-23 12:27:41,546 - mylogger - INFO - 更新答案
2018-09-23 12:27:45,181 - mylogger - INFO - 本题结束
2018-09-23 12:27:45,181 - mylogger - INFO - 第 4 题
2018-09-23 12:27:45,182 - mylogger - INFO - 获取题目
2018-09-23 12:27:47,089 - mylogger - INFO - 下列哪一首歌，是吴亦凡为电影《有一个地方只有我们知道》演唱的主题曲？
2018-09-23 12:27:47,999 - mylogger - INFO - ['《有一个地方》', '《有一个地方我们知道》', '《我们知道一个地方》']
2018-09-23 12:27:48,004 - mylogger - INFO - 数据库中检索答案
2018-09-23 12:27:48,004 - mylogger - INFO - 数据中无答案
2018-09-23 12:27:48,005 - mylogger - INFO - 在线检索答案
2018-09-23 12:27:49,004 - mylogger - INFO - 我的答案：《有一个地方》
2018-09-23 12:27:49,561 - mylogger - INFO - 选择选项
2018-09-23 12:27:51,935 - mylogger - INFO - 答案正确
2018-09-23 12:27:51,935 - mylogger - INFO - 更新答案
2018-09-23 12:27:58,818 - mylogger - INFO - 本题结束
2018-09-23 12:27:58,819 - mylogger - INFO - 第 5 题
2018-09-23 12:27:58,820 - mylogger - INFO - 获取题目
2018-09-23 12:28:00,688 - mylogger - INFO - 孙燕姿2011年出的新专辑的名字？
2018-09-23 12:28:01,593 - mylogger - INFO - ['《我要的幸福》', '《风筝》', '《是时候》']
2018-09-23 12:28:01,597 - mylogger - INFO - 数据库中检索答案
2018-09-23 12:28:01,598 - mylogger - INFO - 数据中无答案
2018-09-23 12:28:01,598 - mylogger - INFO - 在线检索答案
2018-09-23 12:28:02,812 - mylogger - INFO - 我的答案：《是时候》
2018-09-23 12:28:03,394 - mylogger - INFO - 选择选项
2018-09-23 12:28:05,971 - mylogger - INFO - 答案正确
2018-09-23 12:28:05,971 - mylogger - INFO - 更新答案
2018-09-23 12:28:09,545 - mylogger - INFO - 本题结束
2018-09-23 12:28:09,699 - mylogger - INFO - 本场比赛结束
2018-09-23 12:28:09,974 - mylogger - INFO - 返回游戏页面
2018-09-23 12:28:11,534 - mylogger - INFO - 进入排位赛
2018-09-23 12:28:11,535 - mylogger - INFO - 正在匹配中......
2018-09-23 12:30:23,145 - mylogger - INFO - 匹配成功
2018-09-23 12:30:23,146 - mylogger - INFO - 第 1 题
2018-09-23 12:30:23,146 - mylogger - INFO - 获取题目
2018-09-23 12:30:26,162 - mylogger - INFO - 以下没有获得诺贝尔物理学奖的是？
2018-09-23 12:30:27,204 - mylogger - INFO - ['丁肇中', '杨振宁', '李远哲']
2018-09-23 12:30:28,002 - mylogger - INFO - 数据库中检索答案
2018-09-23 12:30:28,002 - mylogger - INFO - 数据中无答案
2018-09-23 12:30:28,003 - mylogger - INFO - 在线检索答案
2018-09-23 12:30:29,046 - mylogger - INFO - 我的答案：杨振宁
2018-09-23 12:30:29,575 - mylogger - INFO - 选择选项
2018-09-23 12:30:31,951 - mylogger - INFO - 答案错误
2018-09-23 12:30:32,168 - mylogger - INFO - 正确答案是；李远哲
2018-09-23 12:30:32,169 - mylogger - INFO - 更新答案
2018-09-23 12:30:36,839 - mylogger - INFO - 本题结束
2018-09-23 12:30:36,840 - mylogger - INFO - 第 2 题
2018-09-23 12:30:36,840 - mylogger - INFO - 获取题目
2018-09-23 12:30:39,817 - mylogger - INFO - 壮族过春节舞春牛所用的“春牛”是什么做的？
2018-09-23 12:30:40,740 - mylogger - INFO - ['铁片', '柳枝', '竹片']
2018-09-23 12:30:40,744 - mylogger - INFO - 数据库中检索答案
2018-09-23 12:30:40,745 - mylogger - INFO - 数据中无答案
2018-09-23 12:30:40,745 - mylogger - INFO - 在线检索答案
2018-09-23 12:30:42,046 - mylogger - INFO - 我的答案：竹片
2018-09-23 12:30:42,624 - mylogger - INFO - 选择选项
2018-09-23 12:30:45,094 - mylogger - INFO - 答案正确
2018-09-23 12:30:45,094 - mylogger - INFO - 更新答案
2018-09-23 12:30:46,396 - mylogger - INFO - 本题结束
2018-09-23 12:30:46,397 - mylogger - INFO - 第 3 题
2018-09-23 12:30:46,397 - mylogger - INFO - 获取题目
2018-09-23 12:30:49,420 - mylogger - INFO - 《快乐的大脚》的故事背景是发生在哪里？
2018-09-23 12:30:50,434 - mylogger - INFO - ['北极洲', '非洲', '南极洲']
2018-09-23 12:30:50,438 - mylogger - INFO - 数据库中检索答案
2018-09-23 12:30:50,438 - mylogger - INFO - 数据中无答案
2018-09-23 12:30:50,439 - mylogger - INFO - 在线检索答案
2018-09-23 12:30:51,690 - mylogger - INFO - 我的答案：南极洲
2018-09-23 12:30:52,261 - mylogger - INFO - 选择选项
2018-09-23 12:30:54,796 - mylogger - INFO - 答案正确
2018-09-23 12:30:54,796 - mylogger - INFO - 更新答案
2018-09-23 12:30:56,150 - mylogger - INFO - 本题结束
2018-09-23 12:30:56,161 - mylogger - INFO - 第 4 题
2018-09-23 12:30:56,161 - mylogger - INFO - 获取题目
2018-09-23 12:30:57,961 - mylogger - INFO - 下列演员中，哪位不是古装宫斗剧《金枝欲孽》的主演？
2018-09-23 12:30:58,918 - mylogger - INFO - ['佘诗曼', '黎姿', '杨怡']
2018-09-23 12:30:58,922 - mylogger - INFO - 数据库中检索答案
2018-09-23 12:30:58,922 - mylogger - INFO - 数据中无答案
2018-09-23 12:30:58,922 - mylogger - INFO - 在线检索答案
2018-09-23 12:31:00,466 - mylogger - INFO - 我的答案：杨怡
2018-09-23 12:31:01,105 - mylogger - INFO - 选择选项
2018-09-23 12:31:03,621 - mylogger - INFO - 答案正确
2018-09-23 12:31:03,621 - mylogger - INFO - 更新答案
2018-09-23 12:31:10,613 - mylogger - INFO - 本题结束
2018-09-23 12:31:10,615 - mylogger - INFO - 第 5 题
2018-09-23 12:31:10,615 - mylogger - INFO - 获取题目
2018-09-23 12:31:12,425 - mylogger - INFO - 发回重审的民事案件应当
2018-09-23 12:31:13,378 - mylogger - INFO - ['按重审程序审理', '按再审程序审理', '按第一审程序审理']
2018-09-23 12:31:13,381 - mylogger - INFO - 数据库中检索答案
2018-09-23 12:31:13,382 - mylogger - INFO - 数据中无答案
2018-09-23 12:31:13,382 - mylogger - INFO - 在线检索答案
2018-09-23 12:31:14,644 - mylogger - INFO - 我的答案：按重审程序审理
2018-09-23 12:31:15,173 - mylogger - INFO - 选择选项
2018-09-23 12:32:27,241 - mylogger - INFO - 进入排位赛
2018-09-23 12:32:27,242 - mylogger - INFO - 正在匹配中......
2018-09-23 12:33:00,293 - mylogger - INFO - 匹配成功
2018-09-23 12:33:00,293 - mylogger - INFO - 第 1 题
2018-09-23 12:33:00,294 - mylogger - INFO - 获取题目
2018-09-23 12:34:00,310 - mylogger - INFO - 进入排位赛
2018-09-23 12:34:00,310 - mylogger - INFO - 正在匹配中......
2018-09-23 12:35:43,862 - mylogger - INFO - 进入排位赛
2018-09-23 12:35:43,863 - mylogger - INFO - 正在匹配中......
2018-09-23 12:35:56,937 - mylogger - INFO - 匹配成功
2018-09-23 12:35:56,938 - mylogger - INFO - 第 1 题
2018-09-23 12:35:56,938 - mylogger - INFO - 获取题目
2018-09-23 12:35:59,979 - mylogger - INFO - 微信朋友圈是在哪一年推出的？
2018-09-23 12:36:01,050 - mylogger - INFO - ['2001年', '2017年', '2012年']
2018-09-23 12:36:01,054 - mylogger - INFO - 数据库中检索答案
2018-09-23 12:36:01,055 - mylogger - INFO - 数据中无答案
2018-09-23 12:36:01,055 - mylogger - INFO - 在线检索答案
2018-09-23 12:36:02,186 - mylogger - INFO - 我的答案：2012年
2018-09-23 12:36:02,762 - mylogger - INFO - 选择选项
2018-09-23 12:36:05,199 - mylogger - INFO - 答案正确
2018-09-23 12:36:05,199 - mylogger - INFO - 更新答案
2018-09-23 12:36:06,695 - mylogger - INFO - 本题结束
2018-09-23 12:36:06,696 - mylogger - INFO - 第 2 题
2018-09-23 12:36:06,697 - mylogger - INFO - 获取题目
2018-09-23 12:36:09,726 - mylogger - INFO - 以下哪一个是《王者荣耀》英雄百里玄策的技能？
2018-09-23 12:36:10,655 - mylogger - INFO - ['时间沙漏', '瞬镰闪', '湮灭']
2018-09-23 12:36:10,659 - mylogger - INFO - 数据库中检索答案
2018-09-23 12:36:10,660 - mylogger - INFO - 数据中无答案
2018-09-23 12:36:10,660 - mylogger - INFO - 在线检索答案
2018-09-23 12:36:11,404 - mylogger - INFO - 我的答案：瞬镰闪
2018-09-23 12:36:11,938 - mylogger - INFO - 选择选项
2018-09-23 12:36:14,405 - mylogger - INFO - 答案正确
2018-09-23 12:36:14,406 - mylogger - INFO - 更新答案
2018-09-23 12:36:18,207 - mylogger - INFO - 本题结束
2018-09-23 12:36:18,242 - mylogger - INFO - 第 3 题
2018-09-23 12:36:18,242 - mylogger - INFO - 获取题目
2018-09-23 12:36:19,999 - mylogger - INFO - 首次在亚洲燃起的冬运之火是在第几届？
2018-09-23 12:36:21,030 - mylogger - INFO - ['11', '12', '14']
2018-09-23 12:36:21,034 - mylogger - INFO - 数据库中检索答案
2018-09-23 12:36:21,034 - mylogger - INFO - 数据中无答案
2018-09-23 12:36:21,034 - mylogger - INFO - 在线检索答案
2018-09-23 12:36:22,371 - mylogger - INFO - 我的答案：11
2018-09-23 12:36:22,903 - mylogger - INFO - 选择选项
2018-09-23 12:36:25,359 - mylogger - INFO - 答案正确
2018-09-23 12:36:25,360 - mylogger - INFO - 更新答案
2018-09-23 12:36:26,949 - mylogger - INFO - 本题结束
2018-09-23 12:36:26,966 - mylogger - INFO - 第 4 题
2018-09-23 12:36:26,967 - mylogger - INFO - 获取题目
2018-09-23 12:36:29,870 - mylogger - INFO - 2018 年CES 科技展，三星展出的TV名为？
2018-09-23 12:36:30,935 - mylogger - INFO - ['Smart TV', 'The Wall', 'Great Wall']
2018-09-23 12:36:30,938 - mylogger - INFO - 数据库中检索答案
2018-09-23 12:36:30,939 - mylogger - INFO - 数据中无答案
2018-09-23 12:36:30,939 - mylogger - INFO - 在线检索答案
2018-09-23 12:36:31,772 - mylogger - INFO - 我的答案：The Wall
2018-09-23 12:36:32,296 - mylogger - INFO - 选择选项
2018-09-23 12:36:58,979 - mylogger - INFO - 进入排位赛
2018-09-23 12:36:58,979 - mylogger - INFO - 正在匹配中......
2018-09-23 12:37:44,758 - mylogger - INFO - 匹配成功
2018-09-23 12:37:44,758 - mylogger - INFO - 第 1 题
2018-09-23 12:37:44,758 - mylogger - INFO - 获取题目
2018-09-23 12:37:47,670 - mylogger - INFO - 根据有关规定，职工的试用期最长不得超过：
2018-09-23 12:37:48,634 - mylogger - INFO - ['6个月', '一年', '3个月']
2018-09-23 12:37:48,639 - mylogger - INFO - 数据库中检索答案
2018-09-23 12:37:48,639 - mylogger - INFO - 数据中无答案
2018-09-23 12:37:48,639 - mylogger - INFO - 在线检索答案
2018-09-23 12:37:50,331 - mylogger - INFO - 我的答案：6个月
2018-09-23 12:37:51,042 - mylogger - INFO - 选择选项
2018-09-23 12:37:53,494 - mylogger - INFO - 答案正确
2018-09-23 12:37:53,495 - mylogger - INFO - 更新答案
2018-09-23 12:37:53,963 - mylogger - INFO - 本题结束
2018-09-23 12:37:53,964 - mylogger - INFO - 第 2 题
2018-09-23 12:37:53,964 - mylogger - INFO - 获取题目
2018-09-23 12:37:56,995 - mylogger - INFO - 湖南卫视《百变大咖秀》的主持是何炅和谁？
2018-09-23 12:37:58,007 - mylogger - INFO - ['杨乐乐', '沈梦辰', '谢娜']
2018-09-23 12:37:58,010 - mylogger - INFO - 数据库中检索答案
2018-09-23 12:37:58,010 - mylogger - INFO - 数据中无答案
2018-09-23 12:37:58,011 - mylogger - INFO - 在线检索答案
2018-09-23 12:37:59,047 - mylogger - INFO - 我的答案：谢娜
2018-09-23 12:37:59,635 - mylogger - INFO - 选择选项
2018-09-23 12:38:02,073 - mylogger - INFO - 答案正确
2018-09-23 12:38:02,073 - mylogger - INFO - 更新答案
2018-09-23 12:38:04,746 - mylogger - INFO - 本题结束
2018-09-23 12:38:04,748 - mylogger - INFO - 第 3 题
2018-09-23 12:38:04,749 - mylogger - INFO - 获取题目
2018-09-23 12:38:06,582 - mylogger - INFO - “千古兴亡多少事？悠悠”接的下句是？
2018-09-23 12:38:07,620 - mylogger - INFO - ['不尽长江滚滚流', '奔流到海不复回', '位卑未敢忘忧国']
2018-09-23 12:38:07,624 - mylogger - INFO - 数据库中检索答案
2018-09-23 12:38:07,625 - mylogger - INFO - 数据中无答案
2018-09-23 12:38:07,625 - mylogger - INFO - 在线检索答案
2018-09-23 12:38:08,577 - mylogger - INFO - 我的答案：不尽长江滚滚流
2018-09-23 12:38:09,112 - mylogger - INFO - 选择选项
2018-09-23 12:38:11,527 - mylogger - INFO - 答案正确
2018-09-23 12:38:11,528 - mylogger - INFO - 更新答案
2018-09-23 12:38:14,258 - mylogger - INFO - 本题结束
2018-09-23 12:38:14,265 - mylogger - INFO - 第 4 题
2018-09-23 12:38:14,266 - mylogger - INFO - 获取题目
2018-09-23 12:38:16,140 - mylogger - INFO - 世界第一支重型轰机部队出现在哪个国家？
2018-09-23 12:38:17,179 - mylogger - INFO - ['美国', '俄国', '法国']
2018-09-23 12:38:17,183 - mylogger - INFO - 数据库中检索答案
2018-09-23 12:38:17,184 - mylogger - INFO - 数据中无答案
2018-09-23 12:38:17,184 - mylogger - INFO - 在线检索答案
2018-09-23 12:38:18,464 - mylogger - INFO - 我的答案：俄国
2018-09-23 12:38:19,032 - mylogger - INFO - 选择选项
2018-09-23 12:38:21,512 - mylogger - INFO - 答案正确
2018-09-23 12:38:21,512 - mylogger - INFO - 更新答案
2018-09-23 12:38:23,174 - mylogger - INFO - 本题结束
2018-09-23 12:38:23,175 - mylogger - INFO - 第 5 题
2018-09-23 12:38:23,175 - mylogger - INFO - 获取题目
2018-09-23 12:38:25,087 - mylogger - INFO - 哪个民族隆重的传统节日是“三月三”，亦称“乌饭节”？
2018-09-23 12:38:26,112 - mylogger - INFO - ['佤族', '瑶族', '畲族']
2018-09-23 12:38:26,115 - mylogger - INFO - 数据库中检索答案
2018-09-23 12:38:26,116 - mylogger - INFO - 数据中无答案
2018-09-23 12:38:26,116 - mylogger - INFO - 在线检索答案
2018-09-23 12:38:27,369 - mylogger - INFO - 我的答案：畲族
2018-09-23 12:38:27,943 - mylogger - INFO - 选择选项
2018-09-23 12:38:30,385 - mylogger - INFO - 答案正确
2018-09-23 12:38:30,385 - mylogger - INFO - 更新答案
2018-09-23 12:38:30,926 - mylogger - INFO - 本题结束
2018-09-23 12:38:31,117 - mylogger - INFO - 本场比赛结束
2018-09-23 12:38:31,381 - mylogger - INFO - 返回游戏页面
2018-09-23 12:38:32,936 - mylogger - INFO - 进入排位赛
2018-09-23 12:38:32,936 - mylogger - INFO - 正在匹配中......
2018-09-23 12:38:39,972 - mylogger - INFO - 匹配成功
2018-09-23 12:38:39,972 - mylogger - INFO - 第 1 题
2018-09-23 12:38:39,973 - mylogger - INFO - 获取题目
2018-09-23 12:38:42,937 - mylogger - INFO - 下列数字中哪一个是西方人最忌讳的？
2018-09-23 12:38:43,984 - mylogger - INFO - ['4', '7', '13']
2018-09-23 12:38:43,988 - mylogger - INFO - 数据库中检索答案
2018-09-23 12:38:43,988 - mylogger - INFO - 数据中无答案
2018-09-23 12:38:43,989 - mylogger - INFO - 在线检索答案
2018-09-23 12:38:45,491 - mylogger - INFO - 我的答案：13
2018-09-23 12:38:46,069 - mylogger - INFO - 选择选项
2018-09-23 12:38:48,569 - mylogger - INFO - 答案正确
2018-09-23 12:38:48,569 - mylogger - INFO - 更新答案
2018-09-23 12:38:49,030 - mylogger - INFO - 本题结束
2018-09-23 12:38:49,031 - mylogger - INFO - 第 2 题
2018-09-23 12:38:49,032 - mylogger - INFO - 获取题目
2018-09-23 12:38:51,913 - mylogger - INFO - 股东大会是股份公司的
2018-09-23 12:38:52,843 - mylogger - INFO - ['执行机构', '监督机构', '权力机构']
2018-09-23 12:38:52,847 - mylogger - INFO - 数据库中检索答案
2018-09-23 12:38:52,848 - mylogger - INFO - 数据中无答案
2018-09-23 12:38:52,848 - mylogger - INFO - 在线检索答案
2018-09-23 12:38:54,125 - mylogger - INFO - 我的答案：权力机构
2018-09-23 12:38:54,701 - mylogger - INFO - 选择选项
2018-09-23 12:38:57,124 - mylogger - INFO - 答案正确
2018-09-23 12:38:57,124 - mylogger - INFO - 更新答案
2018-09-23 12:38:58,711 - mylogger - INFO - 本题结束
2018-09-23 12:38:58,713 - mylogger - INFO - 第 3 题
2018-09-23 12:38:58,713 - mylogger - INFO - 获取题目
2018-09-23 12:39:00,550 - mylogger - INFO - 第5届世界杯足球赛举办国是？
2018-09-23 12:39:01,481 - mylogger - INFO - ['瑞士', '芬兰', '日内瓦']
2018-09-23 12:39:01,486 - mylogger - INFO - 数据库中检索答案
2018-09-23 12:39:01,486 - mylogger - INFO - 数据中无答案
2018-09-23 12:39:01,487 - mylogger - INFO - 在线检索答案
2018-09-23 12:39:03,121 - mylogger - INFO - 我的答案：瑞士
2018-09-23 12:39:03,673 - mylogger - INFO - 选择选项
2018-09-23 12:39:06,091 - mylogger - INFO - 答案正确
2018-09-23 12:39:06,091 - mylogger - INFO - 更新答案
2018-09-23 12:39:07,624 - mylogger - INFO - 本题结束
2018-09-23 12:39:07,648 - mylogger - INFO - 第 4 题
2018-09-23 12:39:07,649 - mylogger - INFO - 获取题目
2018-09-23 12:39:09,477 - mylogger - INFO - 主演韩剧《屋塔房王世子》的韩国男明星是谁？
2018-09-23 12:39:10,489 - mylogger - INFO - ['李敏镐', '金秀贤', '朴有天']
2018-09-23 12:39:10,494 - mylogger - INFO - 数据库中检索答案
2018-09-23 12:39:10,494 - mylogger - INFO - 数据中无答案
2018-09-23 12:39:10,494 - mylogger - INFO - 在线检索答案
2018-09-23 12:39:11,412 - mylogger - INFO - 我的答案：朴有天
2018-09-23 12:39:11,937 - mylogger - INFO - 选择选项
2018-09-23 12:39:14,366 - mylogger - INFO - 答案正确
2018-09-23 12:39:14,366 - mylogger - INFO - 更新答案
2018-09-23 12:39:17,022 - mylogger - INFO - 本题结束
2018-09-23 12:39:17,023 - mylogger - INFO - 第 5 题
2018-09-23 12:39:17,024 - mylogger - INFO - 获取题目
2018-09-23 12:39:18,827 - mylogger - INFO - 耳孙的前一世被称为什么？
2018-09-23 12:39:19,780 - mylogger - INFO - ['晜孙', '来孙', '云孙']
2018-09-23 12:39:19,784 - mylogger - INFO - 数据库中检索答案
2018-09-23 12:39:19,785 - mylogger - INFO - 数据中无答案
2018-09-23 12:39:19,785 - mylogger - INFO - 在线检索答案
2018-09-23 12:39:20,628 - mylogger - INFO - 我的答案：云孙
2018-09-23 12:39:21,174 - mylogger - INFO - 选择选项
2018-09-23 12:39:23,534 - mylogger - INFO - 答案正确
2018-09-23 12:39:23,534 - mylogger - INFO - 更新答案
2018-09-23 12:39:25,097 - mylogger - INFO - 本题结束
2018-09-23 12:39:25,225 - mylogger - INFO - 本场比赛结束
2018-09-23 12:39:25,490 - mylogger - INFO - 返回游戏页面
2018-09-23 12:39:27,022 - mylogger - INFO - 进入排位赛
2018-09-23 12:39:27,023 - mylogger - INFO - 正在匹配中......
2018-09-23 12:39:52,055 - mylogger - INFO - 匹配成功
2018-09-23 12:39:52,056 - mylogger - INFO - 第 1 题
2018-09-23 12:39:52,056 - mylogger - INFO - 获取题目
2018-09-23 12:39:55,056 - mylogger - INFO - 原料广泛，最讲究鲜嫩和酥脆的菜系是哪一个？
2018-09-23 12:39:56,005 - mylogger - INFO - ['湘菜', '粤菜', '川菜']
2018-09-23 12:39:56,008 - mylogger - INFO - 数据库中检索答案
2018-09-23 12:39:56,009 - mylogger - INFO - 数据中无答案
2018-09-23 12:39:56,009 - mylogger - INFO - 在线检索答案
2018-09-23 12:39:57,075 - mylogger - INFO - 我的答案：粤菜
2018-09-23 12:39:57,707 - mylogger - INFO - 选择选项
2018-09-23 12:40:00,204 - mylogger - INFO - 答案正确
2018-09-23 12:40:01,253 - mylogger - INFO - 更新答案
2018-09-23 12:40:09,434 - mylogger - INFO - 本题结束
2018-09-23 12:40:09,435 - mylogger - INFO - 第 2 题
2018-09-23 12:40:09,435 - mylogger - INFO - 获取题目
2018-09-23 12:40:12,547 - mylogger - INFO - GLONASS是哪个国家的系统？
2018-09-23 12:40:13,480 - mylogger - INFO - ['美国', '俄罗斯', '德国']
2018-09-23 12:40:13,484 - mylogger - INFO - 数据库中检索答案
2018-09-23 12:40:13,485 - mylogger - INFO - 数据中无答案
2018-09-23 12:40:13,485 - mylogger - INFO - 在线检索答案
2018-09-23 12:40:14,377 - mylogger - INFO - 我的答案：俄罗斯
2018-09-23 12:40:14,976 - mylogger - INFO - 选择选项
2018-09-23 12:40:17,404 - mylogger - INFO - 答案正确
2018-09-23 12:40:17,405 - mylogger - INFO - 更新答案
2018-09-23 12:40:26,848 - mylogger - INFO - 本题结束
2018-09-23 12:40:26,849 - mylogger - INFO - 第 3 题
2018-09-23 12:40:26,849 - mylogger - INFO - 获取题目
2018-09-23 12:40:29,890 - mylogger - INFO - 两人去旅行，甲地比乙远，比丙近，丁比乙近，两人去哪里最远？
2018-09-23 12:40:30,864 - mylogger - INFO - ['丁地', '丙地', '甲地']
2018-09-23 12:40:30,869 - mylogger - INFO - 数据库中检索答案
2018-09-23 12:40:30,870 - mylogger - INFO - 数据中无答案
2018-09-23 12:40:30,870 - mylogger - INFO - 在线检索答案
2018-09-23 12:40:31,723 - mylogger - INFO - 我的答案：甲地
2018-09-23 12:40:32,224 - mylogger - INFO - 选择选项
2018-09-23 12:40:34,681 - mylogger - INFO - 答案错误
2018-09-23 12:40:34,893 - mylogger - INFO - 正确答案是；丙地
2018-09-23 12:40:34,893 - mylogger - INFO - 更新答案
2018-09-23 12:40:44,411 - mylogger - INFO - 本题结束
2018-09-23 12:40:44,413 - mylogger - INFO - 第 4 题
2018-09-23 12:40:44,413 - mylogger - INFO - 获取题目
2018-09-23 12:40:46,362 - mylogger - INFO - 具有观赏价值的如意，最初的功能是什么？
2018-09-23 12:40:47,331 - mylogger - INFO - ['拜佛', '祭祀', '抓痒']
2018-09-23 12:40:47,336 - mylogger - INFO - 数据库中检索答案
2018-09-23 12:40:47,336 - mylogger - INFO - 数据中无答案
2018-09-23 12:40:47,337 - mylogger - INFO - 在线检索答案
2018-09-23 12:40:48,702 - mylogger - INFO - 我的答案：抓痒
2018-09-23 12:40:49,305 - mylogger - INFO - 选择选项
2018-09-23 12:40:51,805 - mylogger - INFO - 答案正确
2018-09-23 12:40:51,805 - mylogger - INFO - 更新答案
2018-09-23 12:41:01,078 - mylogger - INFO - 本题结束
2018-09-23 12:41:01,080 - mylogger - INFO - 第 5 题
2018-09-23 12:41:01,080 - mylogger - INFO - 获取题目
2018-09-23 12:41:04,079 - mylogger - INFO - 平毛寻回犬是以下哪种功能的狗?
2018-09-23 12:41:05,066 - mylogger - INFO - ['畜牧犬', '狩猎犬', '枪猎犬']
2018-09-23 12:41:05,070 - mylogger - INFO - 数据库中检索答案
2018-09-23 12:41:05,071 - mylogger - INFO - 数据中无答案
2018-09-23 12:41:05,071 - mylogger - INFO - 在线检索答案
2018-09-23 12:41:05,905 - mylogger - INFO - 我的答案：畜牧犬
2018-09-23 12:41:06,433 - mylogger - INFO - 选择选项
2018-09-23 12:41:08,874 - mylogger - INFO - 答案错误
2018-09-23 12:41:09,114 - mylogger - INFO - 正确答案是；枪猎犬
2018-09-23 12:41:09,115 - mylogger - INFO - 更新答案
2018-09-23 12:41:18,782 - mylogger - INFO - 本题结束
2018-09-23 12:41:18,919 - mylogger - INFO - 本场比赛结束
2018-09-23 12:41:19,206 - mylogger - INFO - 返回游戏页面
2018-09-23 12:41:20,767 - mylogger - INFO - 进入排位赛
2018-09-23 12:41:20,767 - mylogger - INFO - 正在匹配中......
2018-09-23 13:02:56,631 - mylogger - INFO - 进入排位赛
2018-09-23 13:02:56,635 - mylogger - INFO - 正在匹配中......
2018-09-23 13:03:17,397 - mylogger - INFO - 匹配成功
2018-09-23 13:03:17,398 - mylogger - INFO - 第 1 题
2018-09-23 13:03:17,400 - mylogger - INFO - 获取题目
2018-09-23 13:03:20,833 - mylogger - INFO - “一从大圣成仙后，千古风流说到今。”打一生肖？
2018-09-23 13:03:21,925 - mylogger - INFO - ['狗', '猴', '鸡']
2018-09-23 13:03:21,929 - mylogger - INFO - 数据库中检索答案
2018-09-23 13:03:21,929 - mylogger - INFO - 数据中无答案
2018-09-23 13:03:21,930 - mylogger - INFO - 在线检索答案
2018-09-23 13:03:23,096 - mylogger - INFO - 我的答案：猴
2018-09-23 13:03:23,780 - mylogger - INFO - 选择选项
2018-09-23 13:11:19,799 - mylogger - INFO - 进入排位赛
2018-09-23 13:11:19,799 - mylogger - INFO - 正在匹配中......
2018-09-23 13:11:26,012 - mylogger - INFO - 匹配成功
2018-09-23 13:11:26,013 - mylogger - INFO - 获取题目
2018-09-23 13:11:29,053 - mylogger - INFO - 第 1 题
2018-09-23 13:11:29,312 - mylogger - INFO - 弹道导弹通常采用怎样的发射方式，使导弹平稳起飞上升？
2018-09-23 13:11:30,337 - mylogger - INFO - ['垂直', '水下', '倾斜']
2018-09-23 13:11:30,342 - mylogger - INFO - 数据库中检索答案
2018-09-23 13:11:30,342 - mylogger - INFO - 数据中无答案
2018-09-23 13:11:30,343 - mylogger - INFO - 在线检索答案
2018-09-23 13:11:31,277 - mylogger - INFO - 我的答案：垂直
2018-09-23 13:11:31,868 - mylogger - INFO - 选择选项
2018-09-23 13:11:34,272 - mylogger - INFO - 答案正确
2018-09-23 13:11:34,272 - mylogger - INFO - 更新答案
2018-09-23 13:11:36,982 - mylogger - INFO - 本题结束
2018-09-23 13:11:36,984 - mylogger - INFO - 获取题目
2018-09-23 13:11:38,846 - mylogger - INFO - 第 2 题
2018-09-23 13:11:39,206 - mylogger - INFO - 太空育种是利用环境诱变，使种子产生什么的育种新技术？
2018-09-23 13:11:40,334 - mylogger - INFO - ['克隆技术', '变异', '基因重组']
2018-09-23 13:11:40,338 - mylogger - INFO - 数据库中检索答案
2018-09-23 13:11:40,339 - mylogger - INFO - 数据中无答案
2018-09-23 13:11:40,339 - mylogger - INFO - 在线检索答案
2018-09-23 13:11:41,727 - mylogger - INFO - 我的答案：变异
2018-09-23 13:11:42,332 - mylogger - INFO - 选择选项
2018-09-23 13:11:44,820 - mylogger - INFO - 答案正确
2018-09-23 13:11:44,821 - mylogger - INFO - 更新答案
2018-09-23 13:11:46,378 - mylogger - INFO - 本题结束
2018-09-23 13:11:46,380 - mylogger - INFO - 获取题目
2018-09-23 13:11:48,280 - mylogger - INFO - 第 3 题
2018-09-23 13:11:48,657 - mylogger - INFO - 《儒林外史》是哪个朝代的人写的？
2018-09-23 13:11:49,646 - mylogger - INFO - ['明朝', '唐朝', '清朝']
2018-09-23 13:11:49,650 - mylogger - INFO - 数据库中检索答案
2018-09-23 13:11:49,650 - mylogger - INFO - 数据中无答案
2018-09-23 13:11:49,651 - mylogger - INFO - 在线检索答案
2018-09-23 13:11:50,432 - mylogger - INFO - 我的答案：清朝
2018-09-23 13:11:51,014 - mylogger - INFO - 选择选项
2018-09-23 13:11:53,484 - mylogger - INFO - 答案正确
2018-09-23 13:11:53,484 - mylogger - INFO - 更新答案
2018-09-23 13:11:55,076 - mylogger - INFO - 本题结束
2018-09-23 13:11:55,077 - mylogger - INFO - 获取题目
2018-09-23 13:11:56,969 - mylogger - INFO - 第 4 题
2018-09-23 13:11:57,293 - mylogger - INFO - 《全金属狂潮》原作者是谁？
2018-09-23 13:11:58,410 - mylogger - INFO - ['贺东招二', '龟垣一', '米谷良知']
2018-09-23 13:11:58,415 - mylogger - INFO - 数据库中检索答案
2018-09-23 13:11:58,416 - mylogger - INFO - 数据中无答案
2018-09-23 13:11:58,417 - mylogger - INFO - 在线检索答案
2018-09-23 13:11:59,463 - mylogger - INFO - 我的答案：贺东招二
2018-09-23 13:12:00,058 - mylogger - INFO - 选择选项
2018-09-23 13:12:02,555 - mylogger - INFO - 答案正确
2018-09-23 13:12:02,556 - mylogger - INFO - 更新答案
2018-09-23 13:12:03,081 - mylogger - INFO - 本题结束
2018-09-23 13:12:03,082 - mylogger - INFO - 获取题目
2018-09-23 13:12:06,207 - mylogger - INFO - 第 5 题
2018-09-23 13:12:06,518 - mylogger - INFO - 腾讯游戏成立于哪年？
2018-09-23 13:12:07,651 - mylogger - INFO - ['1999', '2001', '2002']
2018-09-23 13:12:07,656 - mylogger - INFO - 数据库中检索答案
2018-09-23 13:12:07,656 - mylogger - INFO - 数据中无答案
2018-09-23 13:12:07,657 - mylogger - INFO - 在线检索答案
2018-09-23 13:12:08,553 - mylogger - INFO - 我的答案：1999
2018-09-23 13:12:09,097 - mylogger - INFO - 选择选项
2018-09-23 13:12:11,649 - mylogger - INFO - 答案正确
2018-09-23 13:12:11,649 - mylogger - INFO - 更新答案
2018-09-23 13:12:12,175 - mylogger - INFO - 本题结束
2018-09-23 13:12:12,354 - mylogger - INFO - 本场比赛结束
2018-09-23 13:12:12,619 - mylogger - INFO - 返回游戏页面
2018-09-23 13:12:14,162 - mylogger - INFO - 进入排位赛
2018-09-23 13:12:14,162 - mylogger - INFO - 正在匹配中......
2018-09-23 13:12:44,531 - mylogger - INFO - 进入排位赛
2018-09-23 13:12:44,531 - mylogger - INFO - 正在匹配中......
2018-09-23 13:13:08,326 - mylogger - INFO - 匹配成功
2018-09-23 13:13:08,326 - mylogger - INFO - 获取题目
2018-09-23 13:13:10,289 - mylogger - INFO - 第 1 题
2018-09-23 13:13:10,607 - mylogger - INFO - 豆芽的别称叫什么？
2018-09-23 13:13:11,629 - mylogger - INFO - ['黄豆芽', '绿豆芽', '芽苗菜']
2018-09-23 13:13:11,635 - mylogger - INFO - 数据库中检索答案
2018-09-23 13:13:11,636 - mylogger - INFO - 数据中无答案
2018-09-23 13:13:11,636 - mylogger - INFO - 在线检索答案
2018-09-23 13:13:12,478 - mylogger - INFO - 我的答案：绿豆芽
2018-09-23 13:13:13,055 - mylogger - INFO - 选择选项
2018-09-23 13:13:15,459 - mylogger - INFO - 答案错误
2018-09-23 13:13:15,861 - mylogger - INFO - 正确答案是；芽苗菜
2018-09-23 13:13:15,861 - mylogger - INFO - 更新答案
2018-09-23 13:13:16,236 - mylogger - INFO - 本题结束
2018-09-23 13:13:16,238 - mylogger - INFO - 获取题目
2018-09-23 13:13:19,369 - mylogger - INFO - 第 2 题
2018-09-23 13:13:19,686 - mylogger - INFO - 造型艺术是艺术形态之一，下列当中哪一个选项是属于造型艺术的？
2018-09-23 13:13:20,684 - mylogger - INFO - ['绘画', '舞蹈', '文学']
2018-09-23 13:13:20,688 - mylogger - INFO - 数据库中检索答案
2018-09-23 13:13:20,688 - mylogger - INFO - 数据中无答案
2018-09-23 13:13:20,689 - mylogger - INFO - 在线检索答案
2018-09-23 13:13:21,896 - mylogger - INFO - 我的答案：绘画
2018-09-23 13:13:22,443 - mylogger - INFO - 选择选项
2018-09-23 13:13:24,988 - mylogger - INFO - 答案正确
2018-09-23 13:13:24,988 - mylogger - INFO - 更新答案
2018-09-23 13:13:28,642 - mylogger - INFO - 本题结束
2018-09-23 13:13:28,642 - mylogger - INFO - 获取题目
2018-09-23 13:13:30,482 - mylogger - INFO - 第 3 题
2018-09-23 13:13:30,805 - mylogger - INFO - 《中二病也要谈恋爱》系列中的女主角小鸟游六花的枪是哪一个？
2018-09-23 13:13:31,771 - mylogger - INFO - ['死神之枪', '永恒之枪', '幽灵之枪']
2018-09-23 13:13:31,776 - mylogger - INFO - 数据库中检索答案
2018-09-23 13:13:31,776 - mylogger - INFO - 数据中无答案
2018-09-23 13:13:31,777 - mylogger - INFO - 在线检索答案
2018-09-23 13:13:32,620 - mylogger - INFO - 我的答案：死神之枪
2018-09-23 13:13:33,137 - mylogger - INFO - 选择选项
2018-09-23 13:13:35,706 - mylogger - INFO - 答案错误
2018-09-23 13:13:35,829 - mylogger - INFO - 正确答案是；永恒之枪
2018-09-23 13:13:35,829 - mylogger - INFO - 更新答案
2018-09-23 13:13:39,507 - mylogger - INFO - 本题结束
2018-09-23 13:13:39,515 - mylogger - INFO - 获取题目
2018-09-23 13:13:41,391 - mylogger - INFO - 第 4 题
2018-09-23 13:13:41,699 - mylogger - INFO - “吾日三省吾身”是出自谁的名句？
2018-09-23 13:13:42,707 - mylogger - INFO - ['孔子', '曾子', '颜回']
2018-09-23 13:13:42,711 - mylogger - INFO - 数据库中检索答案
2018-09-23 13:13:42,711 - mylogger - INFO - 数据中无答案
2018-09-23 13:13:42,711 - mylogger - INFO - 在线检索答案
2018-09-23 13:13:43,728 - mylogger - INFO - 我的答案：曾子
2018-09-23 13:13:44,365 - mylogger - INFO - 选择选项
2018-09-23 13:13:46,782 - mylogger - INFO - 答案正确
2018-09-23 13:13:46,783 - mylogger - INFO - 更新答案
2018-09-23 13:13:48,194 - mylogger - INFO - 本题结束
2018-09-23 13:13:48,195 - mylogger - INFO - 获取题目
2018-09-23 13:13:50,107 - mylogger - INFO - 第 5 题
2018-09-23 13:13:50,398 - mylogger - INFO - 按照一般的定义，中程弹道导弹的射程范围是多少千米？
2018-09-23 13:13:51,458 - mylogger - INFO - ['1000-5000', '5000-8000', '1000-3000']
2018-09-23 13:13:51,463 - mylogger - INFO - 数据库中检索答案
2018-09-23 13:13:51,464 - mylogger - INFO - 数据中无答案
2018-09-23 13:13:51,464 - mylogger - INFO - 在线检索答案
2018-09-23 13:13:52,904 - mylogger - INFO - 我的答案：1000-5000
2018-09-23 13:13:53,481 - mylogger - INFO - 选择选项
2018-09-23 13:13:55,926 - mylogger - INFO - 答案错误
2018-09-23 13:13:56,230 - mylogger - INFO - 正确答案是；5000-8000
2018-09-23 13:13:56,230 - mylogger - INFO - 更新答案
2018-09-23 13:13:56,527 - mylogger - INFO - 本题结束
2018-09-23 13:13:56,685 - mylogger - INFO - 本场比赛结束
2018-09-23 13:13:56,939 - mylogger - INFO - 返回游戏页面
2018-09-23 13:13:58,552 - mylogger - INFO - 进入排位赛
2018-09-23 13:13:58,552 - mylogger - INFO - 正在匹配中......
2018-09-23 13:14:20,272 - mylogger - INFO - 匹配成功
2018-09-23 13:14:20,273 - mylogger - INFO - 获取题目
2018-09-23 13:14:23,427 - mylogger - INFO - 第 1 题
2018-09-23 13:14:23,788 - mylogger - INFO - 火星大气层的主要成分是？
2018-09-23 13:14:24,740 - mylogger - INFO - ['氩气', '氧气', '二氧化碳']
2018-09-23 13:14:24,745 - mylogger - INFO - 数据库中检索答案
2018-09-23 13:14:24,745 - mylogger - INFO - 数据中无答案
2018-09-23 13:14:24,746 - mylogger - INFO - 在线检索答案
2018-09-23 13:14:25,800 - mylogger - INFO - 我的答案：二氧化碳
2018-09-23 13:14:26,491 - mylogger - INFO - 选择选项
2018-09-23 13:14:28,894 - mylogger - INFO - 答案正确
2018-09-23 13:14:28,894 - mylogger - INFO - 更新答案
2018-09-23 13:14:30,238 - mylogger - INFO - 本题结束
2018-09-23 13:14:30,239 - mylogger - INFO - 获取题目
2018-09-23 13:14:32,119 - mylogger - INFO - 第 2 题
2018-09-23 13:14:32,488 - mylogger - INFO - “岱宗夫如何？齐鲁青未了”出自谁的笔下？
2018-09-23 13:14:33,468 - mylogger - INFO - ['杜甫', '李白', '王维']
2018-09-23 13:14:33,470 - mylogger - INFO - 数据库中检索答案
2018-09-23 13:14:33,471 - mylogger - INFO - 数据中无答案
2018-09-23 13:14:33,471 - mylogger - INFO - 在线检索答案
2018-09-23 13:14:34,379 - mylogger - INFO - 我的答案：杜甫
2018-09-23 13:14:34,988 - mylogger - INFO - 选择选项
2018-09-23 13:14:37,428 - mylogger - INFO - 答案正确
2018-09-23 13:14:37,428 - mylogger - INFO - 更新答案
2018-09-23 13:14:38,709 - mylogger - INFO - 本题结束
2018-09-23 13:14:38,711 - mylogger - INFO - 获取题目
2018-09-23 13:14:41,741 - mylogger - INFO - 第 3 题
2018-09-23 13:14:42,121 - mylogger - INFO - 下列哪里是我国年画重要产地？
2018-09-23 13:14:43,140 - mylogger - INFO - ['江西景德镇', '山东周村', '天津杨柳青']
2018-09-23 13:14:43,143 - mylogger - INFO - 数据库中检索答案
2018-09-23 13:14:43,144 - mylogger - INFO - 数据中无答案
2018-09-23 13:14:43,144 - mylogger - INFO - 在线检索答案
2018-09-23 13:14:44,101 - mylogger - INFO - 我的答案：天津杨柳青
2018-09-23 13:14:44,649 - mylogger - INFO - 选择选项
2018-09-23 13:14:47,118 - mylogger - INFO - 答案正确
2018-09-23 13:14:47,119 - mylogger - INFO - 更新答案
2018-09-23 13:14:48,539 - mylogger - INFO - 本题结束
2018-09-23 13:14:48,543 - mylogger - INFO - 获取题目
2018-09-23 13:14:50,405 - mylogger - INFO - 第 4 题
2018-09-23 13:14:50,742 - mylogger - INFO - 毕加索曾这样形容自己的艺术风格“让优美绝灭吧”这种艺术风格是
2018-09-23 13:14:51,813 - mylogger - INFO - ['古典主义', '现实主义', '现代主义']
2018-09-23 13:14:51,817 - mylogger - INFO - 数据库中检索答案
2018-09-23 13:14:51,817 - mylogger - INFO - 数据中无答案
2018-09-23 13:14:51,817 - mylogger - INFO - 在线检索答案
2018-09-23 13:14:52,890 - mylogger - INFO - 我的答案：现代主义
2018-09-23 13:14:53,424 - mylogger - INFO - 选择选项
2018-09-23 13:14:55,846 - mylogger - INFO - 答案正确
2018-09-23 13:14:55,847 - mylogger - INFO - 更新答案
2018-09-23 13:14:57,325 - mylogger - INFO - 本题结束
2018-09-23 13:14:57,329 - mylogger - INFO - 获取题目
2018-09-23 13:15:00,349 - mylogger - INFO - 第 5 题
2018-09-23 13:15:00,645 - mylogger - INFO - 林丹在2004年3月的瑞士公开赛决赛中战胜了谁后获得冠军？
2018-09-23 13:15:01,665 - mylogger - INFO - ['夏煊泽', '鲍春来', '陶菲克']
2018-09-23 13:15:01,669 - mylogger - INFO - 数据库中检索答案
2018-09-23 13:15:01,670 - mylogger - INFO - 数据中无答案
2018-09-23 13:15:01,670 - mylogger - INFO - 在线检索答案
2018-09-23 13:15:02,758 - mylogger - INFO - 我的答案：鲍春来
2018-09-23 13:15:03,355 - mylogger - INFO - 选择选项
2018-09-23 13:15:05,824 - mylogger - INFO - 答案正确
2018-09-23 13:15:05,825 - mylogger - INFO - 更新答案
2018-09-23 13:15:07,262 - mylogger - INFO - 本题结束
2018-09-23 13:15:07,397 - mylogger - INFO - 本场比赛结束
2018-09-23 13:15:07,661 - mylogger - INFO - 返回游戏页面
2018-09-23 13:15:09,198 - mylogger - INFO - 进入排位赛
2018-09-23 13:15:09,198 - mylogger - INFO - 正在匹配中......
2018-09-23 13:15:34,319 - mylogger - INFO - 匹配成功
2018-09-23 13:15:34,320 - mylogger - INFO - 获取题目
2018-09-23 13:15:37,292 - mylogger - INFO - 第 1 题
2018-09-23 13:15:37,595 - mylogger - INFO - 诗句“黄河水绕汉宫墙，河上秋风雁几行”出自李梦阳的哪首作品？
2018-09-23 13:15:38,536 - mylogger - INFO - ['《秋望》', '《湘妃怨》', '《泰山》']
2018-09-23 13:15:38,540 - mylogger - INFO - 数据库中检索答案
2018-09-23 13:15:38,540 - mylogger - INFO - 数据中无答案
2018-09-23 13:15:38,540 - mylogger - INFO - 在线检索答案
2018-09-23 13:15:39,532 - mylogger - INFO - 我的答案：《秋望》
2018-09-23 13:15:40,070 - mylogger - INFO - 选择选项
2018-09-23 13:15:42,493 - mylogger - INFO - 答案正确
2018-09-23 13:15:42,493 - mylogger - INFO - 更新答案
2018-09-23 13:15:47,290 - mylogger - INFO - 本题结束
2018-09-23 13:15:47,291 - mylogger - INFO - 获取题目
2018-09-23 13:15:49,175 - mylogger - INFO - 第 2 题
2018-09-23 13:15:49,483 - mylogger - INFO - 中央电视台第一届春晚是哪一个生肖年？
2018-09-23 13:15:50,488 - mylogger - INFO - ['猪年', '鼠年', '蛇年']
2018-09-23 13:15:50,492 - mylogger - INFO - 数据库中检索答案
2018-09-23 13:15:50,492 - mylogger - INFO - 数据中无答案
2018-09-23 13:15:50,492 - mylogger - INFO - 在线检索答案
2018-09-23 13:15:51,484 - mylogger - INFO - 我的答案：猪年
2018-09-23 13:15:52,047 - mylogger - INFO - 选择选项
2018-09-23 13:15:54,523 - mylogger - INFO - 答案正确
2018-09-23 13:15:54,524 - mylogger - INFO - 更新答案
2018-09-23 13:15:58,099 - mylogger - INFO - 本题结束
2018-09-23 13:15:58,100 - mylogger - INFO - 获取题目
2018-09-23 13:15:59,968 - mylogger - INFO - 第 3 题
2018-09-23 13:16:00,324 - mylogger - INFO - 被称为“绿茶茶王”的是安徽的哪种茶？
2018-09-23 13:16:01,298 - mylogger - INFO - ['五山盖米茶', '太平猴魁', '庐山云雾']
2018-09-23 13:16:01,301 - mylogger - INFO - 数据库中检索答案
2018-09-23 13:16:01,302 - mylogger - INFO - 数据中无答案
2018-09-23 13:16:01,302 - mylogger - INFO - 在线检索答案
2018-09-23 13:16:02,239 - mylogger - INFO - 我的答案：太平猴魁
2018-09-23 13:16:02,871 - mylogger - INFO - 选择选项
2018-09-23 13:16:05,301 - mylogger - INFO - 答案正确
2018-09-23 13:16:05,301 - mylogger - INFO - 更新答案
2018-09-23 13:16:06,720 - mylogger - INFO - 本题结束
2018-09-23 13:16:06,721 - mylogger - INFO - 获取题目
2018-09-23 13:16:08,607 - mylogger - INFO - 第 4 题
2018-09-23 13:16:08,932 - mylogger - INFO - 《王者荣耀》英雄兰陵王拥有什么技能？
2018-09-23 13:16:09,901 - mylogger - INFO - ['陷阵之志', '秘技极意', '长城巡守者']
2018-09-23 13:16:09,905 - mylogger - INFO - 数据库中检索答案
2018-09-23 13:16:09,905 - mylogger - INFO - 数据中无答案
2018-09-23 13:16:09,906 - mylogger - INFO - 在线检索答案
2018-09-23 13:16:10,936 - mylogger - INFO - 我的答案：陷阵之志
2018-09-23 13:16:11,476 - mylogger - INFO - 选择选项
2018-09-23 13:16:13,839 - mylogger - INFO - 答案错误
2018-09-23 13:16:13,969 - mylogger - INFO - 正确答案是；秘技极意
2018-09-23 13:16:13,970 - mylogger - INFO - 更新答案
2018-09-23 13:16:16,426 - mylogger - INFO - 本题结束
2018-09-23 13:16:16,428 - mylogger - INFO - 获取题目
2018-09-23 13:16:18,313 - mylogger - INFO - 第 5 题
2018-09-23 13:16:18,625 - mylogger - INFO - 2017年春晚上,张艺兴是和哪个男艺人合作
2018-09-23 13:16:19,561 - mylogger - INFO - ['陈伟霆', '井柏然', '马天宇']
2018-09-23 13:16:19,565 - mylogger - INFO - 数据库中检索答案
2018-09-23 13:16:19,565 - mylogger - INFO - 数据中无答案
2018-09-23 13:16:19,566 - mylogger - INFO - 在线检索答案
2018-09-23 13:16:20,462 - mylogger - INFO - 我的答案：井柏然
2018-09-23 13:16:20,992 - mylogger - INFO - 选择选项
2018-09-23 13:16:23,448 - mylogger - INFO - 答案正确
2018-09-23 13:16:23,448 - mylogger - INFO - 更新答案
2018-09-23 13:16:30,528 - mylogger - INFO - 本题结束
2018-09-23 13:16:30,658 - mylogger - INFO - 本场比赛结束
2018-09-23 13:16:30,929 - mylogger - INFO - 返回游戏页面
2018-09-23 13:16:32,532 - mylogger - INFO - 进入排位赛
2018-09-23 13:16:32,532 - mylogger - INFO - 正在匹配中......
2018-09-23 13:16:50,921 - mylogger - INFO - 匹配成功
2018-09-23 13:16:50,921 - mylogger - INFO - 获取题目
2018-09-23 13:16:54,155 - mylogger - INFO - 第 1 题
2018-09-23 13:16:54,523 - mylogger - INFO - “国色朝酣酒，天香夜染衣”该诗句赞美的是什么花？
2018-09-23 13:16:55,565 - mylogger - INFO - ['茉莉', '莲花', '牡丹']
2018-09-23 13:16:55,569 - mylogger - INFO - 数据库中检索答案
2018-09-23 13:16:55,569 - mylogger - INFO - 数据中无答案
2018-09-23 13:16:55,569 - mylogger - INFO - 在线检索答案
2018-09-23 13:16:56,510 - mylogger - INFO - 我的答案：牡丹
2018-09-23 13:16:57,082 - mylogger - INFO - 选择选项
2018-09-23 13:16:59,621 - mylogger - INFO - 答案正确
2018-09-23 13:16:59,622 - mylogger - INFO - 更新答案
2018-09-23 13:17:04,400 - mylogger - INFO - 本题结束
2018-09-23 13:17:04,403 - mylogger - INFO - 获取题目
2018-09-23 13:17:07,447 - mylogger - INFO - 第 2 题
2018-09-23 13:17:07,755 - mylogger - INFO - 假如一头牛一个月产10斤奶，那么十头牛半个月产几斤奶？
2018-09-23 13:17:08,699 - mylogger - INFO - ['25斤', '100斤', '50斤']
2018-09-23 13:17:08,703 - mylogger - INFO - 数据库中检索答案
2018-09-23 13:17:08,704 - mylogger - INFO - 数据中无答案
2018-09-23 13:17:08,705 - mylogger - INFO - 在线检索答案
2018-09-23 13:17:10,496 - mylogger - INFO - 我的答案：25斤
2018-09-23 13:17:11,089 - mylogger - INFO - 选择选项
2018-09-23 13:17:13,659 - mylogger - INFO - 答案错误
2018-09-23 13:17:13,882 - mylogger - INFO - 正确答案是；50斤
2018-09-23 13:17:13,883 - mylogger - INFO - 更新答案
2018-09-23 13:17:16,401 - mylogger - INFO - 本题结束
2018-09-23 13:17:16,405 - mylogger - INFO - 获取题目
2018-09-23 13:17:18,298 - mylogger - INFO - 第 3 题
2018-09-23 13:17:18,660 - mylogger - INFO - 下面哪对CP出自王牌校草漫画？
2018-09-23 13:17:19,659 - mylogger - INFO - ['立夏X傅小司', '唐茉茉X凌曜', '楚玉X容止']
2018-09-23 13:17:19,663 - mylogger - INFO - 数据库中检索答案
2018-09-23 13:17:19,664 - mylogger - INFO - 数据中无答案
2018-09-23 13:17:19,664 - mylogger - INFO - 在线检索答案
2018-09-23 13:17:20,527 - mylogger - INFO - 我的答案：立夏X傅小司
2018-09-23 13:17:21,091 - mylogger - INFO - 选择选项
2018-09-23 13:17:23,618 - mylogger - INFO - 答案错误
2018-09-23 13:17:23,739 - mylogger - INFO - 正确答案是；唐茉茉X凌曜
2018-09-23 13:17:23,739 - mylogger - INFO - 更新答案
2018-09-23 13:17:27,393 - mylogger - INFO - 本题结束
2018-09-23 13:17:27,394 - mylogger - INFO - 获取题目
2018-09-23 13:17:29,279 - mylogger - INFO - 第 4 题
2018-09-23 13:17:29,595 - mylogger - INFO - 起诉虐待案件应是什么部门受理？
2018-09-23 13:17:30,592 - mylogger - INFO - ['人民检察院', '人民法院', '公安机关']
2018-09-23 13:17:30,596 - mylogger - INFO - 数据库中检索答案
2018-09-23 13:17:30,596 - mylogger - INFO - 数据中无答案
2018-09-23 13:17:30,596 - mylogger - INFO - 在线检索答案
2018-09-23 13:17:31,923 - mylogger - INFO - 我的答案：公安机关
2018-09-23 13:17:32,501 - mylogger - INFO - 选择选项
2018-09-23 13:17:34,925 - mylogger - INFO - 答案错误
2018-09-23 13:17:35,140 - mylogger - INFO - 正确答案是；人民法院
2018-09-23 13:17:35,141 - mylogger - INFO - 更新答案
2018-09-23 13:17:45,612 - mylogger - INFO - 本题结束
2018-09-23 13:17:45,614 - mylogger - INFO - 获取题目
2018-09-23 13:17:46,300 - mylogger - INFO - 第 5 题
2018-09-23 13:17:46,644 - mylogger - INFO - 著名的Adobe公司取名源自
2018-09-23 13:17:47,660 - mylogger - INFO - ['一条河', '一个岛', '一个岛']
2018-09-23 13:17:47,664 - mylogger - INFO - 数据库中检索答案
2018-09-23 13:17:47,664 - mylogger - INFO - 数据中无答案
2018-09-23 13:17:47,665 - mylogger - INFO - 在线检索答案
2018-09-23 13:17:48,629 - mylogger - INFO - 我的答案：一条河
2018-09-23 13:17:49,272 - mylogger - INFO - 选择选项
2018-09-23 13:28:23,366 - mylogger - INFO - 进入排位赛
2018-09-23 13:28:23,370 - mylogger - INFO - 正在匹配中......
2018-09-23 13:29:07,133 - mylogger - INFO - 匹配成功
2018-09-23 13:29:07,133 - mylogger - INFO - 获取题目
2018-09-23 13:29:10,267 - mylogger - INFO - 第 1 题
2018-09-23 13:29:10,583 - mylogger - INFO - 有权做出批准或决定逮捕决定的国家机关是？
2018-09-23 13:29:11,515 - mylogger - INFO - ['公安局', '司法局', '人民检察院']
2018-09-23 13:29:11,517 - mylogger - INFO - 数据库中检索答案
2018-09-23 13:29:11,517 - mylogger - INFO - 数据中无答案
2018-09-23 13:29:11,518 - mylogger - INFO - 在线检索答案
2018-09-23 13:29:12,314 - mylogger - INFO - 我的答案：人民检察院
2018-09-23 13:29:12,879 - mylogger - INFO - 选择选项
2018-09-23 13:44:41,831 - mylogger - INFO - 进入排位赛
2018-09-23 13:44:41,837 - mylogger - INFO - 正在匹配中......
2018-09-23 13:45:40,521 - mylogger - INFO - 匹配成功
2018-09-23 13:45:40,522 - mylogger - INFO - 获取题目
2018-09-23 13:45:43,670 - mylogger - INFO - 第 1 题
2018-09-23 13:45:43,978 - mylogger - INFO - 0
2018-09-23 13:45:45,082 - mylogger - INFO - ['', '日是哪一天？', '7月4日']
2018-09-23 13:45:45,178 - mylogger - INFO - 数据库中检索答案
2018-09-23 13:45:45,178 - mylogger - INFO - 数据中无答案
2018-09-23 13:45:45,178 - mylogger - INFO - 在线检索答案
2018-09-23 13:45:45,651 - mylogger - INFO - 我的答案：
2018-09-23 13:48:07,891 - mylogger - INFO - 进入排位赛
2018-09-23 13:48:07,892 - mylogger - INFO - 正在匹配中......
2018-09-23 13:48:23,954 - mylogger - INFO - 匹配成功
2018-09-23 13:48:23,954 - mylogger - INFO - 获取题目
2018-09-23 13:48:26,941 - mylogger - INFO - 第 1 题
2018-09-23 13:48:27,254 - mylogger - INFO - 钢含有下列哪两种元素？
2018-09-23 13:48:28,203 - mylogger - INFO - ['铜、碳', '铁、碳', '铁、铝']
2018-09-23 13:48:28,209 - mylogger - INFO - 数据库中检索答案
2018-09-23 13:48:28,210 - mylogger - INFO - 数据中无答案
2018-09-23 13:48:28,210 - mylogger - INFO - 在线检索答案
2018-09-23 13:48:29,071 - mylogger - INFO - 我的答案：铜、碳
2018-09-23 13:48:29,669 - mylogger - INFO - 选择选项
2018-09-23 13:48:32,070 - mylogger - INFO - 答案错误
2018-09-23 13:48:32,198 - mylogger - INFO - 正确答案是；铁、碳
2018-09-23 13:48:32,198 - mylogger - INFO - 更新答案
2018-09-23 13:48:34,654 - mylogger - INFO - 本题结束
2018-09-23 13:48:34,655 - mylogger - INFO - 获取题目
2018-09-23 13:48:36,522 - mylogger - INFO - 第 2 题
2018-09-23 13:48:36,830 - mylogger - INFO - 银杏树的果实俗称叫什么？
2018-09-23 13:48:37,987 - mylogger - INFO - ['白果', '黄果', '金果']
2018-09-23 13:48:37,991 - mylogger - INFO - 数据库中检索答案
2018-09-23 13:48:37,992 - mylogger - INFO - 数据中无答案
2018-09-23 13:48:37,992 - mylogger - INFO - 在线检索答案
2018-09-23 13:48:38,892 - mylogger - INFO - 我的答案：白果
2018-09-23 13:48:39,497 - mylogger - INFO - 选择选项
2018-09-23 13:48:41,948 - mylogger - INFO - 答案正确
2018-09-23 13:48:41,949 - mylogger - INFO - 更新答案
2018-09-23 13:48:43,318 - mylogger - INFO - 本题结束
2018-09-23 13:48:43,320 - mylogger - INFO - 获取题目
2018-09-23 13:48:45,157 - mylogger - INFO - 第 3 题
2018-09-23 13:48:45,469 - mylogger - INFO - 颅脑手术后的患者采取的卧位是
2018-09-23 13:48:46,418 - mylogger - INFO - ['平卧位', '头低足高位', '头高足低位']
2018-09-23 13:48:46,422 - mylogger - INFO - 数据库中检索答案
2018-09-23 13:48:46,423 - mylogger - INFO - 数据中无答案
2018-09-23 13:48:46,423 - mylogger - INFO - 在线检索答案
2018-09-23 13:48:47,481 - mylogger - INFO - 我的答案：头高足低位
2018-09-23 13:48:48,026 - mylogger - INFO - 选择选项
2018-09-23 13:48:50,530 - mylogger - INFO - 答案正确
2018-09-23 13:48:50,530 - mylogger - INFO - 更新答案
2018-09-23 13:48:55,203 - mylogger - INFO - 本题结束
2018-09-23 13:48:55,204 - mylogger - INFO - 获取题目
2018-09-23 13:48:58,257 - mylogger - INFO - 第 4 题
2018-09-23 13:48:58,585 - mylogger - INFO - 昂贵的“猫屎咖啡”主要产自东南亚的哪个国家？
2018-09-23 13:48:59,631 - mylogger - INFO - ['菲律宾', '马来西亚', '印度尼西亚']
2018-09-23 13:48:59,636 - mylogger - INFO - 数据库中检索答案
2018-09-23 13:48:59,636 - mylogger - INFO - 数据中无答案
2018-09-23 13:48:59,637 - mylogger - INFO - 在线检索答案
2018-09-23 13:49:01,600 - mylogger - INFO - 我的答案：印度尼西亚
2018-09-23 13:49:02,312 - mylogger - INFO - 选择选项
2018-09-23 13:49:04,824 - mylogger - INFO - 答案正确
2018-09-23 13:49:04,825 - mylogger - INFO - 更新答案
2018-09-23 13:49:06,157 - mylogger - INFO - 本题结束
2018-09-23 13:49:06,159 - mylogger - INFO - 获取题目
2018-09-23 13:49:08,119 - mylogger - INFO - 第 5 题
2018-09-23 13:49:08,462 - mylogger - INFO - “虫洞理论”是由纳森·罗森和谁提出来的？
2018-09-23 13:49:09,453 - mylogger - INFO - ['霍金', '爱因斯坦', '麦克斯韦']
2018-09-23 13:49:09,457 - mylogger - INFO - 数据库中检索答案
2018-09-23 13:49:09,457 - mylogger - INFO - 数据中无答案
2018-09-23 13:49:09,458 - mylogger - INFO - 在线检索答案
2018-09-23 13:49:10,581 - mylogger - INFO - 我的答案：爱因斯坦
2018-09-23 13:49:11,212 - mylogger - INFO - 选择选项
2018-09-23 13:49:13,669 - mylogger - INFO - 答案正确
2018-09-23 13:49:13,669 - mylogger - INFO - 更新答案
2018-09-23 13:49:14,995 - mylogger - INFO - 本题结束
2018-09-23 13:49:15,110 - mylogger - INFO - 本场比赛结束
2018-09-23 13:49:15,386 - mylogger - INFO - 返回游戏页面
2018-09-23 13:49:17,034 - mylogger - INFO - 进入排位赛
2018-09-23 13:49:17,035 - mylogger - INFO - 正在匹配中......
2018-09-23 13:50:00,996 - mylogger - INFO - 匹配成功
2018-09-23 13:50:00,997 - mylogger - INFO - 获取题目
2018-09-23 13:50:04,121 - mylogger - INFO - 第 1 题
2018-09-23 13:50:04,477 - mylogger - INFO - 内蒙古的风季是指？
2018-09-23 13:50:05,417 - mylogger - INFO - ['春季', '夏季', '秋季']
2018-09-23 13:50:05,421 - mylogger - INFO - 数据库中检索答案
2018-09-23 13:50:05,421 - mylogger - INFO - 数据中无答案
2018-09-23 13:50:05,421 - mylogger - INFO - 在线检索答案
2018-09-23 13:50:06,363 - mylogger - INFO - 我的答案：春季
2018-09-23 13:50:06,900 - mylogger - INFO - 选择选项
2018-09-23 13:50:09,380 - mylogger - INFO - 答案正确
2018-09-23 13:50:09,380 - mylogger - INFO - 更新答案
2018-09-23 13:50:11,826 - mylogger - INFO - 本题结束
2018-09-23 13:50:11,828 - mylogger - INFO - 获取题目
2018-09-23 13:50:14,875 - mylogger - INFO - 第 2 题
2018-09-23 13:50:15,350 - mylogger - INFO - 我国首颗私人卫星叫什么？
2018-09-23 13:50:16,358 - mylogger - INFO - ['水马牛一号', '火马牛一号', '风马牛一号']
2018-09-23 13:50:16,362 - mylogger - INFO - 数据库中检索答案
2018-09-23 13:50:16,363 - mylogger - INFO - 数据中无答案
2018-09-23 13:50:16,363 - mylogger - INFO - 在线检索答案
2018-09-23 13:50:17,213 - mylogger - INFO - 我的答案：风马牛一号
2018-09-23 13:50:17,817 - mylogger - INFO - 选择选项
2018-09-23 13:50:20,283 - mylogger - INFO - 答案正确
2018-09-23 13:50:20,284 - mylogger - INFO - 更新答案
2018-09-23 13:50:21,688 - mylogger - INFO - 本题结束
2018-09-23 13:50:21,690 - mylogger - INFO - 获取题目
2018-09-23 13:50:23,498 - mylogger - INFO - 第 3 题
2018-09-23 13:50:23,893 - mylogger - INFO - “无可奈何花落去，似曾相识燕归来”的作者是？
2018-09-23 13:50:25,022 - mylogger - INFO - ['范仲淹', '李煜', '晏殊']
2018-09-23 13:50:25,027 - mylogger - INFO - 数据库中检索答案
2018-09-23 13:50:25,028 - mylogger - INFO - 数据中无答案
2018-09-23 13:50:25,028 - mylogger - INFO - 在线检索答案
2018-09-23 13:50:25,861 - mylogger - INFO - 我的答案：晏殊
2018-09-23 13:50:26,441 - mylogger - INFO - 选择选项
2018-09-23 13:50:28,903 - mylogger - INFO - 答案正确
2018-09-23 13:50:28,904 - mylogger - INFO - 更新答案
2018-09-23 13:50:33,665 - mylogger - INFO - 本题结束
2018-09-23 13:50:33,666 - mylogger - INFO - 获取题目
2018-09-23 13:50:35,537 - mylogger - INFO - 第 4 题
2018-09-23 13:50:35,829 - mylogger - INFO - 世界人口日是哪一天？
2018-09-23 13:50:36,845 - mylogger - INFO - ['7月1日', '11月8日', '7月11日']
2018-09-23 13:50:36,847 - mylogger - INFO - 数据库中检索答案
2018-09-23 13:50:36,847 - mylogger - INFO - 数据中无答案
2018-09-23 13:50:36,848 - mylogger - INFO - 在线检索答案
2018-09-23 13:50:38,217 - mylogger - INFO - 我的答案：7月11日
2018-09-23 13:50:38,773 - mylogger - INFO - 选择选项
2018-09-23 13:50:41,231 - mylogger - INFO - 答案正确
2018-09-23 13:50:41,232 - mylogger - INFO - 更新答案
2018-09-23 13:50:42,671 - mylogger - INFO - 本题结束
2018-09-23 13:50:42,672 - mylogger - INFO - 获取题目
2018-09-23 13:50:45,731 - mylogger - INFO - 第 5 题
2018-09-23 13:50:46,040 - mylogger - INFO - 白兔的眼睛是红色的,灰兔的眼睛是
2018-09-23 13:50:47,002 - mylogger - INFO - ['红色', '灰色', '黑色']
2018-09-23 13:50:47,006 - mylogger - INFO - 数据库中检索答案
2018-09-23 13:50:47,007 - mylogger - INFO - 数据中无答案
2018-09-23 13:50:47,007 - mylogger - INFO - 在线检索答案
2018-09-23 13:50:48,035 - mylogger - INFO - 我的答案：红色
2018-09-23 13:50:48,596 - mylogger - INFO - 选择选项
2018-09-23 13:50:50,991 - mylogger - INFO - 答案错误
2018-09-23 13:50:51,131 - mylogger - INFO - 正确答案是；灰色
2018-09-23 13:50:51,133 - mylogger - INFO - 更新答案
2018-09-23 13:50:53,643 - mylogger - INFO - 本题结束
2018-09-23 13:50:53,783 - mylogger - INFO - 本场比赛结束
2018-09-23 13:50:54,138 - mylogger - INFO - 返回游戏页面
2018-09-23 13:50:55,708 - mylogger - INFO - 进入排位赛
2018-09-23 13:50:55,708 - mylogger - INFO - 正在匹配中......
2018-09-23 13:51:07,298 - mylogger - INFO - 匹配成功
2018-09-23 13:51:07,299 - mylogger - INFO - 获取题目
2018-09-23 13:51:10,604 - mylogger - INFO - 第 1 题
2018-09-23 13:51:10,883 - mylogger - INFO - 以下品牌与创始人不同名的是？
2018-09-23 13:51:11,796 - mylogger - INFO - ['雅诗兰黛', '赫莲娜', '兰蔻']
2018-09-23 13:51:11,801 - mylogger - INFO - 数据库中检索答案
2018-09-23 13:51:11,802 - mylogger - INFO - 数据中无答案
2018-09-23 13:51:11,802 - mylogger - INFO - 在线检索答案
2018-09-23 13:51:12,714 - mylogger - INFO - 我的答案：雅诗兰黛
2018-09-23 13:51:13,349 - mylogger - INFO - 选择选项
2018-09-23 13:51:15,912 - mylogger - INFO - 答案错误
2018-09-23 13:51:16,132 - mylogger - INFO - 正确答案是；兰蔻
2018-09-23 13:51:16,132 - mylogger - INFO - 更新答案
2018-09-23 13:51:18,650 - mylogger - INFO - 本题结束
2018-09-23 13:51:18,651 - mylogger - INFO - 获取题目
2018-09-23 13:51:20,526 - mylogger - INFO - 第 2 题
2018-09-23 13:51:20,908 - mylogger - INFO - 罗马数字XXI表示阿拉伯数字的多少？
2018-09-23 13:51:21,895 - mylogger - INFO - ['21', '201', '12']
2018-09-23 13:51:21,898 - mylogger - INFO - 数据库中检索答案
2018-09-23 13:51:21,899 - mylogger - INFO - 数据中无答案
2018-09-23 13:51:21,899 - mylogger - INFO - 在线检索答案
2018-09-23 13:51:23,562 - mylogger - INFO - 我的答案：21
2018-09-23 13:51:24,184 - mylogger - INFO - 选择选项
2018-09-23 13:51:26,629 - mylogger - INFO - 答案正确
2018-09-23 13:51:26,630 - mylogger - INFO - 更新答案
2018-09-23 13:51:28,079 - mylogger - INFO - 本题结束
2018-09-23 13:51:28,080 - mylogger - INFO - 获取题目
2018-09-23 13:51:29,964 - mylogger - INFO - 第 3 题
2018-09-23 13:51:30,333 - mylogger - INFO - 以下哪个是气态巨行星？
2018-09-23 13:51:31,384 - mylogger - INFO - ['金星', '火星', '木星']
2018-09-23 13:51:31,389 - mylogger - INFO - 数据库中检索答案
2018-09-23 13:51:31,390 - mylogger - INFO - 数据中无答案
2018-09-23 13:51:31,390 - mylogger - INFO - 在线检索答案
2018-09-23 13:51:32,161 - mylogger - INFO - 我的答案：木星
2018-09-23 13:51:32,675 - mylogger - INFO - 选择选项
2018-09-23 13:51:35,244 - mylogger - INFO - 答案正确
2018-09-23 13:51:35,244 - mylogger - INFO - 更新答案
2018-09-23 13:51:37,839 - mylogger - INFO - 本题结束
2018-09-23 13:51:37,853 - mylogger - INFO - 获取题目
2018-09-23 13:51:40,893 - mylogger - INFO - 第 4 题
2018-09-23 13:51:41,200 - mylogger - INFO - 减数分裂时，等位基因的DNA片段的交换和重组通常发生在什么时期？
2018-09-23 13:51:42,193 - mylogger - INFO - ['偶线期', '粗线期', '双线期']
2018-09-23 13:51:42,198 - mylogger - INFO - 数据库中检索答案
2018-09-23 13:51:42,199 - mylogger - INFO - 数据中无答案
2018-09-23 13:51:42,199 - mylogger - INFO - 在线检索答案
2018-09-23 13:51:43,708 - mylogger - INFO - 我的答案：偶线期
2018-09-23 13:51:44,299 - mylogger - INFO - 选择选项
2018-09-23 13:51:46,808 - mylogger - INFO - 答案错误
2018-09-23 13:51:46,933 - mylogger - INFO - 正确答案是；粗线期
2018-09-23 13:51:46,934 - mylogger - INFO - 更新答案
2018-09-23 13:51:50,529 - mylogger - INFO - 本题结束
2018-09-23 13:51:50,530 - mylogger - INFO - 获取题目
2018-09-23 13:51:52,344 - mylogger - INFO - 第 5 题
2018-09-23 13:51:52,745 - mylogger - INFO - 伊斯坦布尔为土耳其的欧洲领土，这一地区在古希腊时代被称为什么？
2018-09-23 13:51:53,724 - mylogger - INFO - ['马其顿', '色雷斯', '高卢']
2018-09-23 13:51:53,728 - mylogger - INFO - 数据库中检索答案
2018-09-23 13:51:53,729 - mylogger - INFO - 数据中无答案
2018-09-23 13:51:53,729 - mylogger - INFO - 在线检索答案
2018-09-23 13:51:54,689 - mylogger - INFO - 我的答案：马其顿
2018-09-23 13:51:55,265 - mylogger - INFO - 选择选项
2018-09-23 13:51:57,705 - mylogger - INFO - 答案错误
2018-09-23 13:51:57,828 - mylogger - INFO - 正确答案是；色雷斯
2018-09-23 13:51:57,828 - mylogger - INFO - 更新答案
2018-09-23 13:52:02,638 - mylogger - INFO - 本题结束
2018-09-23 13:52:02,750 - mylogger - INFO - 本场比赛结束
2018-09-23 13:52:03,020 - mylogger - INFO - 返回游戏页面
2018-09-23 13:52:04,574 - mylogger - INFO - 进入排位赛
2018-09-23 13:52:04,574 - mylogger - INFO - 正在匹配中......
2018-09-23 13:53:05,443 - mylogger - WARNING - 匹配失败
2018-09-23 13:53:15,940 - mylogger - INFO - 进入排位赛失败
2018-09-23 13:53:26,437 - mylogger - INFO - 进入排位赛失败
2018-09-23 13:53:36,859 - mylogger - INFO - 进入排位赛失败
2018-09-23 13:53:47,498 - mylogger - INFO - 进入排位赛失败
2018-09-23 13:53:57,906 - mylogger - INFO - 进入排位赛失败
2018-09-23 13:54:00,774 - mylogger - INFO - 进入排位赛
2018-09-23 13:54:00,774 - mylogger - INFO - 正在匹配中......
2018-09-23 13:54:56,136 - mylogger - INFO - 匹配成功
2018-09-23 13:54:56,136 - mylogger - INFO - 获取题目
2018-09-23 13:54:59,200 - mylogger - INFO - 第 1 题
2018-09-23 13:54:59,541 - mylogger - INFO - 人类首次登上月球是在哪一年？
2018-09-23 13:55:00,560 - mylogger - INFO - ['1967 年', '1971 年', '1969 年']
2018-09-23 13:55:00,564 - mylogger - INFO - 数据库中检索答案
2018-09-23 13:55:00,564 - mylogger - INFO - 数据中无答案
2018-09-23 13:55:00,565 - mylogger - INFO - 在线检索答案
2018-09-23 13:55:01,673 - mylogger - INFO - 我的答案：1967 年
2018-09-23 13:55:02,290 - mylogger - INFO - 选择选项
2018-09-23 13:55:04,724 - mylogger - INFO - 答案错误
2018-09-23 13:55:04,989 - mylogger - INFO - 正确答案是；1969 年
2018-09-23 13:55:04,989 - mylogger - INFO - 更新答案
2018-09-23 13:55:06,279 - mylogger - INFO - 本题结束
2018-09-23 13:55:06,281 - mylogger - INFO - 获取题目
2018-09-23 13:55:08,245 - mylogger - INFO - 第 2 题
2018-09-23 13:55:08,581 - mylogger - INFO - 松狮是以下哪种功能的狗?
2018-09-23 13:55:09,671 - mylogger - INFO - ['梗类犬', '家庭犬', '枪猎犬']
2018-09-23 13:55:09,675 - mylogger - INFO - 数据库中检索答案
2018-09-23 13:55:09,676 - mylogger - INFO - 数据中无答案
2018-09-23 13:55:09,676 - mylogger - INFO - 在线检索答案
2018-09-23 13:55:10,488 - mylogger - INFO - 我的答案：家庭犬
2018-09-23 13:55:11,070 - mylogger - INFO - 选择选项
2018-09-23 13:55:13,548 - mylogger - INFO - 答案正确
2018-09-23 13:55:13,549 - mylogger - INFO - 更新答案
2018-09-23 13:55:23,830 - mylogger - INFO - 本题结束
2018-09-23 13:55:23,831 - mylogger - INFO - 获取题目
2018-09-23 13:55:24,514 - mylogger - INFO - 第 /5 题
2018-09-23 13:55:24,998 - mylogger - INFO - 2000年11月6日在珠海开幕的中国航空航天博览会是第几届？
2018-09-23 13:55:26,246 - mylogger - INFO - ['第一届', '第二届', '']
2018-09-23 13:55:26,249 - mylogger - INFO - 数据库中检索答案
2018-09-23 13:55:26,250 - mylogger - INFO - 数据中无答案
2018-09-23 13:55:26,250 - mylogger - INFO - 在线检索答案
2018-09-23 13:55:28,826 - mylogger - INFO - 我的答案：第一届
2018-09-23 14:30:16,255 - mylogger - INFO - 进入排位赛
2018-09-23 14:30:16,261 - mylogger - INFO - 正在匹配中......
2018-09-23 14:30:34,509 - mylogger - INFO - 匹配成功
2018-09-23 14:30:34,509 - mylogger - INFO - 获取题目
2018-09-23 14:30:36,454 - mylogger - INFO - 第 1 题
2018-09-23 14:30:36,792 - mylogger - INFO - 海湾战争中，伊拉克多次向沙特等国发射的弹道导弹叫什么？
2018-09-23 14:30:37,796 - mylogger - INFO - ['大浦洞', 'S-300', '飞毛腿']
2018-09-23 14:30:37,849 - mylogger - INFO - 数据库中检索答案
2018-09-23 14:30:37,849 - mylogger - INFO - 数据中无答案
2018-09-23 14:30:37,850 - mylogger - INFO - 在线检索答案
2018-09-23 14:30:38,995 - mylogger - INFO - 我的答案：飞毛腿
2018-09-23 14:30:39,634 - mylogger - INFO - 选择选项
2018-09-23 14:30:42,082 - mylogger - INFO - 答案正确
2018-09-23 14:30:42,083 - mylogger - INFO - 更新答案
2018-09-23 14:30:43,450 - mylogger - INFO - 本题结束
2018-09-23 14:30:43,452 - mylogger - INFO - 获取题目
2018-09-23 14:30:45,270 - mylogger - INFO - 第 2 题
2018-09-23 14:30:45,573 - mylogger - INFO - 与好莱坞电影《卡萨布兰卡》同名的城市在哪里？
2018-09-23 14:30:46,569 - mylogger - INFO - ['印度', '摩洛哥', '洛杉矶']
2018-09-23 14:30:46,605 - mylogger - INFO - 数据库中检索答案
2018-09-23 14:30:46,605 - mylogger - INFO - 数据中无答案
2018-09-23 14:30:46,607 - mylogger - INFO - 在线检索答案
2018-09-23 14:30:47,594 - mylogger - INFO - 我的答案：摩洛哥
2018-09-23 14:30:48,183 - mylogger - INFO - 选择选项
2018-09-23 14:30:50,538 - mylogger - INFO - 答案正确
2018-09-23 14:30:50,538 - mylogger - INFO - 更新答案
2018-09-23 14:30:52,949 - mylogger - INFO - 本题结束
2018-09-23 14:30:52,950 - mylogger - INFO - 获取题目
2018-09-23 14:30:56,001 - mylogger - INFO - 第 3 题
2018-09-23 14:30:56,325 - mylogger - INFO - 《大话西游之大圣娶亲》的插曲《一生所爱》是由谁作曲并演唱的？
2018-09-23 14:30:57,237 - mylogger - INFO - ['罗家英', '卢冠廷', '周星驰']
2018-09-23 14:30:57,241 - mylogger - INFO - 数据库中检索答案
2018-09-23 14:30:57,241 - mylogger - INFO - 数据中无答案
2018-09-23 14:30:57,242 - mylogger - INFO - 在线检索答案
2018-09-23 14:30:58,034 - mylogger - INFO - 我的答案：卢冠廷
2018-09-23 14:30:58,565 - mylogger - INFO - 选择选项
2018-09-23 14:31:01,094 - mylogger - INFO - 答案正确
2018-09-23 14:31:01,094 - mylogger - INFO - 更新答案
2018-09-23 14:31:04,755 - mylogger - INFO - 本题结束
2018-09-23 14:31:04,756 - mylogger - INFO - 获取题目
2018-09-23 14:31:06,617 - mylogger - INFO - 第 4 题
2018-09-23 14:31:06,986 - mylogger - INFO - Miu Miu品牌历史上第一款香水在哪一年发布的？
2018-09-23 14:31:07,930 - mylogger - INFO - ['2015年', '1997年', '2017年']
2018-09-23 14:31:07,933 - mylogger - INFO - 数据库中检索答案
2018-09-23 14:31:07,933 - mylogger - INFO - 数据中无答案
2018-09-23 14:31:07,935 - mylogger - INFO - 在线检索答案
2018-09-23 14:31:09,040 - mylogger - INFO - 我的答案：2015年
2018-09-23 14:31:09,584 - mylogger - INFO - 选择选项
2018-09-23 14:31:12,113 - mylogger - INFO - 答案正确
2018-09-23 14:31:12,113 - mylogger - INFO - 更新答案
2018-09-23 14:31:15,762 - mylogger - INFO - 本题结束
2018-09-23 14:31:15,779 - mylogger - INFO - 获取题目
2018-09-23 14:31:17,634 - mylogger - INFO - 第 5 题
2018-09-23 14:31:17,979 - mylogger - INFO - 身体质量指数是指以下的哪一个？
2018-09-23 14:31:19,022 - mylogger - INFO - ['BIM指数', 'BMI指数', 'MIB指数']
2018-09-23 14:31:19,026 - mylogger - INFO - 数据库中检索答案
2018-09-23 14:31:19,026 - mylogger - INFO - 数据中无答案
2018-09-23 14:31:19,027 - mylogger - INFO - 在线检索答案
2018-09-23 14:31:19,846 - mylogger - INFO - 我的答案：BIM指数
2018-09-23 14:31:20,377 - mylogger - INFO - 选择选项
2018-09-23 14:31:22,866 - mylogger - INFO - 答案错误
2018-09-23 14:31:22,984 - mylogger - INFO - 正确答案是；BMI指数
2018-09-23 14:31:22,984 - mylogger - INFO - 更新答案
2018-09-23 14:31:27,710 - mylogger - INFO - 本题结束
2018-09-23 14:31:27,874 - mylogger - INFO - 本场比赛结束
2018-09-23 14:31:28,161 - mylogger - INFO - 返回游戏页面
2018-09-23 14:31:29,736 - mylogger - INFO - 进入排位赛
2018-09-23 14:31:29,736 - mylogger - INFO - 正在匹配中......
2018-09-23 14:32:11,211 - mylogger - INFO - 匹配成功
2018-09-23 14:32:11,212 - mylogger - INFO - 获取题目
2018-09-23 14:32:13,113 - mylogger - INFO - 第 1 题
2018-09-23 14:32:13,459 - mylogger - INFO - “世界红十字日”的创始人是谁？
2018-09-23 14:32:14,517 - mylogger - INFO - ['亨利·杜南', '莫奈', '康德']
2018-09-23 14:32:14,522 - mylogger - INFO - 数据库中检索答案
2018-09-23 14:32:14,524 - mylogger - INFO - 数据中无答案
2018-09-23 14:32:14,524 - mylogger - INFO - 在线检索答案
2018-09-23 14:32:15,617 - mylogger - INFO - 我的答案：亨利·杜南
2018-09-23 14:32:16,204 - mylogger - INFO - 选择选项
2018-09-23 14:32:18,698 - mylogger - INFO - 答案正确
2018-09-23 14:32:18,699 - mylogger - INFO - 更新答案
2018-09-23 14:32:20,167 - mylogger - INFO - 本题结束
2018-09-23 14:32:20,168 - mylogger - INFO - 获取题目
2018-09-23 14:32:22,069 - mylogger - INFO - 第 2 题
2018-09-23 14:32:22,408 - mylogger - INFO - 继阿姆斯特朗之后，踏上月球的第二人是哪位美国宇航员？
2018-09-23 14:32:23,472 - mylogger - INFO - ['奥尔德林', '詹姆斯', '威廉']
2018-09-23 14:32:23,475 - mylogger - INFO - 数据库中检索答案
2018-09-23 14:32:23,475 - mylogger - INFO - 数据中无答案
2018-09-23 14:32:23,476 - mylogger - INFO - 在线检索答案
2018-09-23 14:32:25,028 - mylogger - INFO - 我的答案：奥尔德林
2018-09-23 14:32:25,614 - mylogger - INFO - 选择选项
2018-09-23 14:32:28,017 - mylogger - INFO - 答案正确
2018-09-23 14:32:28,018 - mylogger - INFO - 更新答案
2018-09-23 14:32:29,364 - mylogger - INFO - 本题结束
2018-09-23 14:32:29,367 - mylogger - INFO - 获取题目
2018-09-23 14:32:31,312 - mylogger - INFO - 第 3 题
2018-09-23 14:32:31,680 - mylogger - INFO - 除夕夜在烧红的煤炭上浇上醋是哪个地区的习俗？
2018-09-23 14:32:32,682 - mylogger - INFO - ['陕北', '云南', '山西']
2018-09-23 14:32:32,687 - mylogger - INFO - 数据库中检索答案
2018-09-23 14:32:32,688 - mylogger - INFO - 数据中无答案
2018-09-23 14:32:32,688 - mylogger - INFO - 在线检索答案
2018-09-23 14:32:33,563 - mylogger - INFO - 我的答案：陕北
2018-09-23 14:32:34,129 - mylogger - INFO - 选择选项
2018-09-23 14:32:36,571 - mylogger - INFO - 答案正确
2018-09-23 14:32:36,571 - mylogger - INFO - 更新答案
2018-09-23 14:32:37,881 - mylogger - INFO - 本题结束
2018-09-23 14:32:37,883 - mylogger - INFO - 获取题目
2018-09-23 14:32:39,729 - mylogger - INFO - 第 4 题
2018-09-23 14:32:40,098 - mylogger - INFO - 伊朗和伊拉克的两伊战争总共持续了几年？
2018-09-23 14:32:41,173 - mylogger - INFO - ['5年', '7年', '8年']
2018-09-23 14:32:41,177 - mylogger - INFO - 数据库中检索答案
2018-09-23 14:32:41,177 - mylogger - INFO - 数据中无答案
2018-09-23 14:32:41,177 - mylogger - INFO - 在线检索答案
2018-09-23 14:32:41,982 - mylogger - INFO - 我的答案：8年
2018-09-23 14:32:42,637 - mylogger - INFO - 选择选项
2018-09-23 14:32:45,078 - mylogger - INFO - 答案正确
2018-09-23 14:32:45,079 - mylogger - INFO - 更新答案
2018-09-23 14:32:46,471 - mylogger - INFO - 本题结束
2018-09-23 14:32:46,475 - mylogger - INFO - 获取题目
2018-09-23 14:32:48,343 - mylogger - INFO - 第 5 题
2018-09-23 14:32:48,730 - mylogger - INFO - 以下哪一个设计师是人情化建筑理论的倡导者？
2018-09-23 14:32:49,830 - mylogger - INFO - 数据库中检索答案
2018-09-23 14:32:49,831 - mylogger - INFO - 数据中无答案
2018-09-23 14:32:49,831 - mylogger - INFO - 在线检索答案
2018-09-23 14:32:50,876 - mylogger - INFO - 我的答案：阿尔瓦·阿尔托
2018-09-23 14:32:51,435 - mylogger - INFO - 选择选项
2018-09-23 14:32:53,938 - mylogger - INFO - 答案正确
2018-09-23 14:32:53,939 - mylogger - INFO - 更新答案
2018-09-23 14:32:55,362 - mylogger - INFO - 本题结束
2018-09-23 14:32:55,496 - mylogger - INFO - 本场比赛结束
2018-09-23 14:32:55,723 - mylogger - INFO - 返回游戏页面
2018-09-23 14:32:57,263 - mylogger - INFO - 进入排位赛
2018-09-23 14:32:57,264 - mylogger - INFO - 正在匹配中......
2018-09-23 14:33:51,686 - mylogger - INFO - 匹配成功
2018-09-23 14:33:51,686 - mylogger - INFO - 获取题目
2018-09-23 14:33:53,568 - mylogger - INFO - 第 1 题
2018-09-23 14:33:53,925 - mylogger - INFO - 谢娜在其主演的《娜娜的玫瑰战争》中扮演什么角色？
2018-09-23 14:33:54,896 - mylogger - INFO - ['丁娜', '唐薇', '美凤']
2018-09-23 14:33:54,902 - mylogger - INFO - 数据库中检索答案
2018-09-23 14:33:54,903 - mylogger - INFO - 数据中无答案
2018-09-23 14:33:54,903 - mylogger - INFO - 在线检索答案
2018-09-23 14:33:56,359 - mylogger - INFO - 我的答案：丁娜
2018-09-23 14:33:56,901 - mylogger - INFO - 选择选项
2018-09-23 14:33:59,489 - mylogger - INFO - 答案正确
2018-09-23 14:33:59,490 - mylogger - INFO - 更新答案
2018-09-23 14:34:02,083 - mylogger - INFO - 本题结束
2018-09-23 14:34:02,084 - mylogger - INFO - 获取题目
2018-09-23 14:34:05,154 - mylogger - INFO - 第 2 题
2018-09-23 14:34:05,478 - mylogger - INFO - 下面哪一项不是世界三大饮料之一？
2018-09-23 14:34:06,573 - mylogger - INFO - ['啤酒', '茶', '咖啡']
2018-09-23 14:34:06,576 - mylogger - INFO - 数据库中检索答案
2018-09-23 14:34:06,577 - mylogger - INFO - 数据中无答案
2018-09-23 14:34:06,577 - mylogger - INFO - 在线检索答案
2018-09-23 14:34:07,572 - mylogger - INFO - 我的答案：啤酒
2018-09-23 14:34:08,133 - mylogger - INFO - 选择选项
2018-09-23 14:34:10,612 - mylogger - INFO - 答案正确
2018-09-23 14:34:10,613 - mylogger - INFO - 更新答案
2018-09-23 14:34:13,044 - mylogger - INFO - 本题结束
2018-09-23 14:34:13,046 - mylogger - INFO - 获取题目
2018-09-23 14:34:16,042 - mylogger - INFO - 第 3 题
2018-09-23 14:34:16,388 - mylogger - INFO - 下列选项中，哪一个是建筑师弗兰克·盖里的代表作？
2018-09-23 14:34:17,502 - mylogger - INFO - ['魏斯曼博物馆', '大伦敦府楼', '赤腊角新机场']
2018-09-23 14:34:17,506 - mylogger - INFO - 数据库中检索答案
2018-09-23 14:34:17,506 - mylogger - INFO - 数据中无答案
2018-09-23 14:34:17,506 - mylogger - INFO - 在线检索答案
2018-09-23 14:34:18,445 - mylogger - INFO - 我的答案：魏斯曼博物馆
2018-09-23 14:34:18,985 - mylogger - INFO - 选择选项
2018-09-23 14:34:21,524 - mylogger - INFO - 答案正确
2018-09-23 14:34:21,525 - mylogger - INFO - 更新答案
2018-09-23 14:34:24,007 - mylogger - INFO - 本题结束
2018-09-23 14:34:24,008 - mylogger - INFO - 获取题目
2018-09-23 14:34:27,066 - mylogger - INFO - 第 4 题
2018-09-23 14:34:27,437 - mylogger - INFO - 罗汉斋最早记载于宋代朱彧的《萍洲可谈》卷二里，其发源于？
2018-09-23 14:34:28,433 - mylogger - INFO - ['广州', '上海', '南京']
2018-09-23 14:34:28,438 - mylogger - INFO - 数据库中检索答案
2018-09-23 14:34:28,439 - mylogger - INFO - 数据中无答案
2018-09-23 14:34:28,439 - mylogger - INFO - 在线检索答案
2018-09-23 14:34:29,179 - mylogger - INFO - 我的答案：广州
2018-09-23 14:34:29,746 - mylogger - INFO - 选择选项
2018-09-23 14:34:32,153 - mylogger - INFO - 答案正确
2018-09-23 14:34:32,153 - mylogger - INFO - 更新答案
2018-09-23 14:34:34,573 - mylogger - INFO - 本题结束
2018-09-23 14:34:34,577 - mylogger - INFO - 获取题目
2018-09-23 14:34:36,570 - mylogger - INFO - 第 5 题
2018-09-23 14:34:36,937 - mylogger - INFO - 很多人一害羞就脸红，请问，脸变红是由人体的哪一个部位指挥的？
2018-09-23 14:34:37,939 - mylogger - INFO - ['脸部', '肾上腺', '大脑']
2018-09-23 14:34:37,943 - mylogger - INFO - 数据库中检索答案
2018-09-23 14:34:37,943 - mylogger - INFO - 数据中无答案
2018-09-23 14:34:37,943 - mylogger - INFO - 在线检索答案
2018-09-23 14:34:39,726 - mylogger - INFO - 我的答案：肾上腺
2018-09-23 14:34:40,310 - mylogger - INFO - 选择选项
2018-09-23 14:34:42,716 - mylogger - INFO - 答案错误
2018-09-23 14:34:43,074 - mylogger - INFO - 正确答案是；大脑
2018-09-23 14:34:43,074 - mylogger - INFO - 更新答案
2018-09-23 14:34:43,310 - mylogger - INFO - 本题结束
2018-09-23 14:34:43,477 - mylogger - INFO - 本场比赛结束
2018-09-23 14:34:43,738 - mylogger - INFO - 返回游戏页面
2018-09-23 14:34:45,286 - mylogger - INFO - 进入排位赛
2018-09-23 14:34:45,286 - mylogger - INFO - 正在匹配中......
2018-09-23 14:35:06,947 - mylogger - INFO - 匹配成功
2018-09-23 14:35:06,948 - mylogger - INFO - 获取题目
2018-09-23 14:35:10,091 - mylogger - INFO - 第 1 题
2018-09-23 14:35:10,456 - mylogger - INFO - 下列哪项不属于“小说三要素”之一？
2018-09-23 14:35:11,519 - mylogger - INFO - ['时间', '故事情节', '人物形象']
2018-09-23 14:35:11,523 - mylogger - INFO - 数据库中检索答案
2018-09-23 14:35:11,525 - mylogger - INFO - 数据中无答案
2018-09-23 14:35:11,525 - mylogger - INFO - 在线检索答案
2018-09-23 14:35:12,384 - mylogger - INFO - 我的答案：人物形象
2018-09-23 14:35:13,027 - mylogger - INFO - 选择选项
2018-09-23 14:35:15,423 - mylogger - INFO - 答案错误
2018-09-23 14:35:15,571 - mylogger - INFO - 正确答案是；时间
2018-09-23 14:35:15,571 - mylogger - INFO - 更新答案
2018-09-23 14:35:17,014 - mylogger - INFO - 本题结束
2018-09-23 14:35:17,015 - mylogger - INFO - 获取题目
2018-09-23 14:35:18,858 - mylogger - INFO - 第 2 题
2018-09-23 14:35:19,167 - mylogger - INFO - 下列哪位演员的外号是“巩皇”？
2018-09-23 14:35:20,223 - mylogger - INFO - ['巩汉林', '巩俐', '冯巩']
2018-09-23 14:35:20,228 - mylogger - INFO - 数据库中检索答案
2018-09-23 14:35:20,228 - mylogger - INFO - 数据中无答案
2018-09-23 14:35:20,229 - mylogger - INFO - 在线检索答案
2018-09-23 14:35:21,250 - mylogger - INFO - 我的答案：巩俐
2018-09-23 14:35:21,842 - mylogger - INFO - 选择选项
2018-09-23 14:35:24,249 - mylogger - INFO - 答案正确
2018-09-23 14:35:24,249 - mylogger - INFO - 更新答案
2018-09-23 14:35:26,765 - mylogger - INFO - 本题结束
2018-09-23 14:35:26,767 - mylogger - INFO - 获取题目
2018-09-23 14:35:28,657 - mylogger - INFO - 第 3 题
2018-09-23 14:35:28,970 - mylogger - INFO - 中国茶的种类也很繁多，请问乌龙茶属于什么茶？
2018-09-23 14:35:29,970 - mylogger - INFO - ['青茶', '黑茶', '花茶']
2018-09-23 14:35:29,975 - mylogger - INFO - 数据库中检索答案
2018-09-23 14:35:29,975 - mylogger - INFO - 数据中无答案
2018-09-23 14:35:29,975 - mylogger - INFO - 在线检索答案
2018-09-23 14:35:31,439 - mylogger - INFO - 我的答案：青茶
2018-09-23 14:35:31,988 - mylogger - INFO - 选择选项
2018-09-23 14:35:34,430 - mylogger - INFO - 答案正确
2018-09-23 14:35:34,430 - mylogger - INFO - 更新答案
2018-09-23 14:35:35,795 - mylogger - INFO - 本题结束
2018-09-23 14:35:35,797 - mylogger - INFO - 获取题目
2018-09-23 14:35:38,892 - mylogger - INFO - 第 4 题
2018-09-23 14:35:39,217 - mylogger - INFO - 美国道琼斯股票最初包括下列哪种公司的股票？
2018-09-23 14:35:40,272 - mylogger - INFO - ['金融公司', '铁路公司', '电信公司']
2018-09-23 14:35:40,274 - mylogger - INFO - 数据库中检索答案
2018-09-23 14:35:40,275 - mylogger - INFO - 数据中无答案
2018-09-23 14:35:40,275 - mylogger - INFO - 在线检索答案
2018-09-23 14:35:41,287 - mylogger - INFO - 我的答案：铁路公司
2018-09-23 14:35:41,827 - mylogger - INFO - 选择选项
2018-09-23 14:35:44,264 - mylogger - INFO - 答案正确
2018-09-23 14:35:44,265 - mylogger - INFO - 更新答案
2018-09-23 14:35:46,799 - mylogger - INFO - 本题结束
2018-09-23 14:35:46,799 - mylogger - INFO - 获取题目
2018-09-23 14:35:48,669 - mylogger - INFO - 第 5 题
2018-09-23 14:35:48,973 - mylogger - INFO - 世界上第一艘装甲军舰是哪个国家的？
2018-09-23 14:35:49,969 - mylogger - INFO - ['美国', '法国', '俄国']
2018-09-23 14:35:49,973 - mylogger - INFO - 数据库中检索答案
2018-09-23 14:35:49,973 - mylogger - INFO - 数据中无答案
2018-09-23 14:35:49,974 - mylogger - INFO - 在线检索答案
2018-09-23 14:35:52,052 - mylogger - INFO - 我的答案：美国
2018-09-23 14:35:52,632 - mylogger - INFO - 选择选项
2018-09-23 14:35:55,173 - mylogger - INFO - 答案错误
2018-09-23 14:35:55,301 - mylogger - INFO - 正确答案是；法国
2018-09-23 14:35:55,301 - mylogger - INFO - 更新答案
2018-09-23 14:35:57,822 - mylogger - INFO - 本题结束
2018-09-23 14:35:57,961 - mylogger - INFO - 本场比赛结束
2018-09-23 14:35:58,225 - mylogger - INFO - 返回游戏页面
2018-09-23 14:35:59,857 - mylogger - INFO - 进入排位赛
2018-09-23 14:35:59,857 - mylogger - INFO - 正在匹配中......
2018-09-23 14:36:43,391 - mylogger - INFO - 匹配成功
2018-09-23 14:36:43,391 - mylogger - INFO - 获取题目
2018-09-23 14:36:46,464 - mylogger - INFO - 第 1 题
2018-09-23 14:36:46,795 - mylogger - INFO - “冠道”是什么类型的车？
2018-09-23 14:36:47,840 - mylogger - INFO - ['中型SUV', '皮卡', '小型SUV']
2018-09-23 14:36:47,843 - mylogger - INFO - 数据库中检索答案
2018-09-23 14:36:47,844 - mylogger - INFO - 数据中无答案
2018-09-23 14:36:47,844 - mylogger - INFO - 在线检索答案
2018-09-23 14:36:50,166 - mylogger - INFO - 我的答案：中型SUV
2018-09-23 14:36:50,795 - mylogger - INFO - 选择选项
2018-09-23 14:36:53,186 - mylogger - INFO - 答案正确
2018-09-23 14:36:53,187 - mylogger - INFO - 更新答案
2018-09-23 14:36:55,687 - mylogger - INFO - 本题结束
2018-09-23 14:36:55,688 - mylogger - INFO - 获取题目
2018-09-23 14:36:58,791 - mylogger - INFO - 第 2 题
2018-09-23 14:36:59,140 - mylogger - INFO - 在名目繁多的乒乓球比赛中，最负盛名的是哪个？
2018-09-23 14:37:00,280 - mylogger - INFO - ['世界乒乓球锦标赛', '国际乒乓球锦标赛', '全国乒乓球锦标赛']
2018-09-23 14:37:00,284 - mylogger - INFO - 数据库中检索答案
2018-09-23 14:37:00,284 - mylogger - INFO - 数据中无答案
2018-09-23 14:37:00,286 - mylogger - INFO - 在线检索答案
2018-09-23 14:37:01,831 - mylogger - INFO - 我的答案：世界乒乓球锦标赛
2018-09-23 14:37:02,385 - mylogger - INFO - 选择选项
2018-09-23 14:37:04,876 - mylogger - INFO - 答案正确
2018-09-23 14:37:04,876 - mylogger - INFO - 更新答案
2018-09-23 14:37:06,209 - mylogger - INFO - 本题结束
2018-09-23 14:37:06,214 - mylogger - INFO - 获取题目
2018-09-23 14:37:08,076 - mylogger - INFO - 第 3 题
2018-09-23 14:37:08,460 - mylogger - INFO - 地球同步卫星运行的速度是多少？
2018-09-23 14:37:09,585 - mylogger - INFO - ['3.08km/s', '8 km/s', '2.68 km/s']
2018-09-23 14:37:09,590 - mylogger - INFO - 数据库中检索答案
2018-09-23 14:37:09,590 - mylogger - INFO - 数据中无答案
2018-09-23 14:37:09,591 - mylogger - INFO - 在线检索答案
2018-09-23 14:37:13,546 - mylogger - INFO - 我的答案：3.08km/s
2018-09-23 14:37:14,134 - mylogger - INFO - 选择选项
2018-09-23 14:37:16,575 - mylogger - INFO - 答案正确
2018-09-23 14:37:16,576 - mylogger - INFO - 更新答案
2018-09-23 14:37:17,910 - mylogger - INFO - 本题结束
2018-09-23 14:37:17,911 - mylogger - INFO - 获取题目
2018-09-23 14:37:19,820 - mylogger - INFO - 第 4 题
2018-09-23 14:37:20,138 - mylogger - INFO - 以下哪个品牌不是日本品牌？
2018-09-23 14:37:21,166 - mylogger - INFO - ['THREE', '资生堂', '三生花']
2018-09-23 14:37:21,169 - mylogger - INFO - 数据库中检索答案
2018-09-23 14:37:21,170 - mylogger - INFO - 数据中无答案
2018-09-23 14:37:21,171 - mylogger - INFO - 在线检索答案
2018-09-23 14:37:22,163 - mylogger - INFO - 我的答案：THREE
2018-09-23 14:37:22,733 - mylogger - INFO - 选择选项
2018-09-23 14:37:25,204 - mylogger - INFO - 答案错误
2018-09-23 14:37:25,493 - mylogger - INFO - 正确答案是；三生花
2018-09-23 14:37:25,494 - mylogger - INFO - 更新答案
2018-09-23 14:37:29,151 - mylogger - INFO - 本题结束
2018-09-23 14:37:29,152 - mylogger - INFO - 获取题目
2018-09-23 14:37:31,998 - mylogger - INFO - 第 5 题
2018-09-23 14:37:32,293 - mylogger - INFO - 6D MarkⅡ是哪家公司的产品？
2018-09-23 14:37:33,241 - mylogger - INFO - ['尼康', '佳能', '索尼']
2018-09-23 14:37:33,245 - mylogger - INFO - 数据库中检索答案
2018-09-23 14:37:33,246 - mylogger - INFO - 数据中无答案
2018-09-23 14:37:33,246 - mylogger - INFO - 在线检索答案
2018-09-23 14:37:42,332 - mylogger - INFO - 我的答案：佳能
2018-09-23 14:37:42,942 - mylogger - INFO - 选择选项
2018-09-23 14:40:20,500 - mylogger - INFO - 进入排位赛
2018-09-23 14:40:20,501 - mylogger - INFO - 正在匹配中......
2018-09-23 14:41:21,512 - mylogger - WARNING - 匹配失败
2018-09-23 14:41:31,785 - mylogger - INFO - 进入排位赛失败
2018-09-23 14:41:36,859 - mylogger - INFO - 进入排位赛
2018-09-23 14:41:36,860 - mylogger - INFO - 正在匹配中......
2018-09-23 14:42:37,169 - mylogger - WARNING - 匹配失败
2018-09-23 14:42:47,542 - mylogger - INFO - 进入排位赛失败
2018-09-23 14:43:55,438 - mylogger - INFO - 进入排位赛
2018-09-23 14:43:55,438 - mylogger - INFO - 正在匹配中......
2018-09-23 14:44:55,657 - mylogger - WARNING - 匹配失败
2018-09-23 14:44:55,936 - mylogger - INFO - 返回游戏页面
2018-09-23 14:44:57,504 - mylogger - INFO - 进入排位赛
2018-09-23 14:44:57,504 - mylogger - INFO - 正在匹配中......
2018-09-23 14:45:10,251 - mylogger - INFO - 匹配成功
2018-09-23 14:45:10,252 - mylogger - INFO - 获取题目
2018-09-23 14:45:13,287 - mylogger - INFO - 第 1 题
2018-09-23 14:45:13,632 - mylogger - INFO - 下列《哆啦A梦》的人物中，学习最好的是谁？
2018-09-23 14:45:14,681 - mylogger - INFO - ['胖虎', '小夫', '出木杉英才']
2018-09-23 14:45:14,686 - mylogger - INFO - 数据库中检索答案
2018-09-23 14:45:14,686 - mylogger - INFO - 数据中无答案
2018-09-23 14:45:18,033 - mylogger - INFO - 在线检索答案：
2018-09-23 14:45:18,033 - mylogger - INFO - 我的答案：胖虎
2018-09-23 14:45:18,645 - mylogger - INFO - 选择选项
2018-09-23 14:45:21,086 - mylogger - INFO - 答案错误
2018-09-23 14:45:21,397 - mylogger - INFO - 正确答案；出木杉英才
2018-09-23 14:45:21,397 - mylogger - INFO - 更新答案
2018-09-23 14:45:21,666 - mylogger - INFO - 本题结束
2018-09-23 14:45:21,667 - mylogger - INFO - 获取题目
2018-09-23 14:45:24,721 - mylogger - INFO - 第 2 题
2018-09-23 14:45:25,045 - mylogger - INFO - “自由女神像”是法国赠送给美国的“独立多少周年”的礼物？
2018-09-23 14:45:26,036 - mylogger - INFO - ['80', '90', '100']
2018-09-23 14:45:26,040 - mylogger - INFO - 数据库中检索答案
2018-09-23 14:45:26,041 - mylogger - INFO - 数据中无答案
2018-09-23 14:45:27,842 - mylogger - INFO - 在线检索答案：100
2018-09-23 14:45:27,843 - mylogger - INFO - 我的答案：100
2018-09-23 14:45:28,384 - mylogger - INFO - 选择选项
2018-09-23 14:45:30,862 - mylogger - INFO - 答案正确
2018-09-23 14:45:30,863 - mylogger - INFO - 更新答案
2018-09-23 14:45:41,197 - mylogger - INFO - 本题结束
2018-09-23 14:45:41,198 - mylogger - INFO - 获取题目
2018-09-23 14:45:41,941 - mylogger - INFO - 第 3 题
2018-09-23 14:45:42,333 - mylogger - INFO - 以下哪个缩写指代的是淡香水？
2018-09-23 14:45:43,431 - mylogger - INFO - ['Parfum', 'EDT', 'EDC']
2018-09-23 14:45:43,437 - mylogger - INFO - 数据库中检索答案
2018-09-23 14:45:43,437 - mylogger - INFO - 数据中无答案
2018-09-23 14:45:44,249 - mylogger - INFO - 在线检索答案：EDT
2018-09-23 14:45:44,251 - mylogger - INFO - 我的答案：EDT
2018-09-23 14:45:44,863 - mylogger - INFO - 选择选项
2018-09-23 14:46:16,808 - mylogger - INFO - 进入排位赛
2018-09-23 14:46:16,808 - mylogger - INFO - 正在匹配中......
2018-09-23 14:46:33,835 - mylogger - INFO - 匹配成功
2018-09-23 14:46:33,836 - mylogger - INFO - 获取题目
2018-09-23 14:46:36,926 - mylogger - INFO - 第 1 题
2018-09-23 14:46:37,371 - mylogger - INFO - 新年发红包，妈妈发的红包比奶奶少，妈妈发的红包比爸爸多，问谁发的最多？
2018-09-23 14:46:38,429 - mylogger - INFO - ['奶奶', '妈妈', '爸爸']
2018-09-23 14:46:38,434 - mylogger - INFO - 数据库中检索答案
2018-09-23 14:46:38,435 - mylogger - INFO - 数据中无答案
2018-09-23 14:46:39,985 - mylogger - INFO - 在线检索答案：妈妈
2018-09-23 14:46:39,986 - mylogger - INFO - 我的答案：妈妈
2018-09-23 14:46:40,536 - mylogger - INFO - 选择选项
2018-09-23 14:46:42,961 - mylogger - INFO - 答案错误
2018-09-23 14:46:43,095 - mylogger - INFO - 正确答案；奶奶
2018-09-23 14:46:43,096 - mylogger - INFO - 更新答案
2018-09-23 14:46:45,564 - mylogger - INFO - 本题结束
2018-09-23 14:46:45,566 - mylogger - INFO - 获取题目
2018-09-23 14:46:47,460 - mylogger - INFO - 第 2 题
2018-09-23 14:46:47,784 - mylogger - INFO - 利用空气浮力升空的飞行器是
2018-09-23 14:46:48,734 - mylogger - INFO - ['滑翔机', '飞艇', '火箭']
2018-09-23 14:46:48,738 - mylogger - INFO - 数据库中检索答案
2018-09-23 14:46:48,739 - mylogger - INFO - 数据中无答案
2018-09-23 14:46:51,231 - mylogger - INFO - 在线检索答案：飞艇
2018-09-23 14:46:51,231 - mylogger - INFO - 我的答案：飞艇
2018-09-23 14:46:51,830 - mylogger - INFO - 选择选项
2018-09-23 14:46:54,262 - mylogger - INFO - 答案正确
2018-09-23 14:46:54,263 - mylogger - INFO - 更新答案
2018-09-23 14:46:55,557 - mylogger - INFO - 本题结束
2018-09-23 14:46:55,560 - mylogger - INFO - 获取题目
2018-09-23 14:46:58,641 - mylogger - INFO - 第 3 题
2018-09-23 14:46:59,002 - mylogger - INFO - “北京时间”来自哪个授时点？
2018-09-23 14:47:00,089 - mylogger - INFO - ['陕西天文台', '南昌天文台', '南京天文台']
2018-09-23 14:47:00,092 - mylogger - INFO - 数据库中检索答案
2018-09-23 14:47:00,092 - mylogger - INFO - 数据中无答案
2018-09-23 14:47:03,221 - mylogger - INFO - 在线检索答案：陕西天文台
2018-09-23 14:47:03,221 - mylogger - INFO - 我的答案：陕西天文台
2018-09-23 14:47:03,829 - mylogger - INFO - 选择选项
2018-09-23 14:47:06,277 - mylogger - INFO - 答案正确
2018-09-23 14:47:06,277 - mylogger - INFO - 更新答案
2018-09-23 14:47:08,753 - mylogger - INFO - 本题结束
2018-09-23 14:47:08,754 - mylogger - INFO - 获取题目
2018-09-23 14:47:10,673 - mylogger - INFO - 第 4 题
2018-09-23 14:47:10,978 - mylogger - INFO - 我国商业性发射通讯卫星最多的运载火箭是？
2018-09-23 14:47:11,982 - mylogger - INFO - ['长征二号丙', '长征二号', '长征三号甲']
2018-09-23 14:47:11,986 - mylogger - INFO - 数据库中检索答案
2018-09-23 14:47:11,986 - mylogger - INFO - 数据中无答案
2018-09-23 14:47:14,281 - mylogger - INFO - 在线检索答案：长征二号丙
2018-09-23 14:47:14,281 - mylogger - INFO - 我的答案：长征二号丙
2018-09-23 14:47:14,885 - mylogger - INFO - 选择选项
2018-09-23 14:47:17,390 - mylogger - INFO - 答案正确
2018-09-23 14:47:17,391 - mylogger - INFO - 更新答案
2018-09-23 14:47:18,799 - mylogger - INFO - 本题结束
2018-09-23 14:47:18,801 - mylogger - INFO - 获取题目
2018-09-23 14:47:20,598 - mylogger - INFO - 第 5 题
2018-09-23 14:47:20,930 - mylogger - INFO - “国际和平与民主自由斗争日”是几月份设立的？
2018-09-23 14:47:21,889 - mylogger - INFO - ['5月', '6月', '7月']
2018-09-23 14:47:21,892 - mylogger - INFO - 数据库中检索答案
2018-09-23 14:47:21,893 - mylogger - INFO - 数据中无答案
2018-09-23 14:47:22,846 - mylogger - INFO - 在线检索答案：
2018-09-23 14:47:22,846 - mylogger - INFO - 我的答案：5月
2018-09-23 14:47:23,494 - mylogger - INFO - 选择选项
2018-09-23 14:47:25,977 - mylogger - INFO - 答案错误
2018-09-23 14:47:26,370 - mylogger - INFO - 正确答案；7月
2018-09-23 14:47:26,370 - mylogger - INFO - 更新答案
2018-09-23 14:47:26,562 - mylogger - INFO - 本题结束
2018-09-23 14:47:26,708 - mylogger - INFO - 本场比赛结束
2018-09-23 14:47:26,963 - mylogger - INFO - 返回游戏页面
2018-09-23 14:47:28,553 - mylogger - INFO - 进入排位赛
2018-09-23 14:47:28,554 - mylogger - INFO - 正在匹配中......
2018-09-23 14:47:30,127 - mylogger - INFO - 匹配成功
2018-09-23 14:47:30,128 - mylogger - INFO - 获取题目
2018-09-23 14:47:33,226 - mylogger - INFO - 第 1 题
2018-09-23 14:47:33,550 - mylogger - INFO - 假如保留2位小数，那么88÷3=？
2018-09-23 14:47:34,528 - mylogger - INFO - ['29.33', '29.29', '28.62']
2018-09-23 14:47:34,533 - mylogger - INFO - 数据库中检索答案
2018-09-23 14:47:34,533 - mylogger - INFO - 数据中无答案
2018-09-23 14:47:39,180 - mylogger - INFO - 在线检索答案：
2018-09-23 14:47:39,180 - mylogger - INFO - 我的答案：29.33
2018-09-23 14:47:39,766 - mylogger - INFO - 选择选项
2018-09-23 14:47:42,276 - mylogger - INFO - 答案正确
2018-09-23 14:47:42,276 - mylogger - INFO - 更新答案
2018-09-23 14:47:43,613 - mylogger - INFO - 本题结束
2018-09-23 14:47:43,613 - mylogger - INFO - 获取题目
2018-09-23 14:47:45,475 - mylogger - INFO - 第 2 题
2018-09-23 14:47:45,858 - mylogger - INFO - 蜘蛛属于什么类动物？
2018-09-23 14:47:46,886 - mylogger - INFO - ['昆虫', '节肢动物', '爬行动物']
2018-09-23 14:47:46,891 - mylogger - INFO - 数据库中检索答案
2018-09-23 14:47:46,892 - mylogger - INFO - 数据中无答案
2018-09-23 14:47:50,627 - mylogger - INFO - 在线检索答案：节肢动物
2018-09-23 14:47:50,627 - mylogger - INFO - 我的答案：节肢动物
2018-09-23 14:47:51,186 - mylogger - INFO - 选择选项
2018-09-23 14:47:53,637 - mylogger - INFO - 答案正确
2018-09-23 14:47:53,637 - mylogger - INFO - 更新答案
2018-09-23 14:47:55,070 - mylogger - INFO - 本题结束
2018-09-23 14:47:55,070 - mylogger - INFO - 获取题目
2018-09-23 14:47:56,988 - mylogger - INFO - 第 3 题
2018-09-23 14:47:57,316 - mylogger - INFO - 正宗的煎饼果子中，摊饼所使用的是哪种面粉？
2018-09-23 14:47:58,325 - mylogger - INFO - ['绿豆面', '小麦面粉', '紫米面']
2018-09-23 14:47:58,329 - mylogger - INFO - 数据库中检索答案
2018-09-23 14:47:58,329 - mylogger - INFO - 数据中无答案
2018-09-23 14:48:03,373 - mylogger - INFO - 在线检索答案：
2018-09-23 14:48:03,374 - mylogger - INFO - 我的答案：绿豆面
2018-09-23 14:48:03,988 - mylogger - INFO - 选择选项
2018-09-23 14:48:06,430 - mylogger - INFO - 答案正确
2018-09-23 14:48:06,431 - mylogger - INFO - 更新答案
2018-09-23 14:48:07,795 - mylogger - INFO - 本题结束
2018-09-23 14:48:07,797 - mylogger - INFO - 获取题目
2018-09-23 14:48:14,409 - mylogger - INFO - 第 4 题
2018-09-23 14:48:14,808 - mylogger - INFO - 健全的成年人，大约有多少块肌肉？
2018-09-23 14:48:15,820 - mylogger - INFO - ['892块', '233块', '639块']
2018-09-23 14:48:15,824 - mylogger - INFO - 数据库中检索答案
2018-09-23 14:48:15,824 - mylogger - INFO - 数据中无答案
2018-09-23 14:48:18,588 - mylogger - INFO - 在线检索答案：639块
2018-09-23 14:48:18,588 - mylogger - INFO - 我的答案：639块
2018-09-23 14:48:19,136 - mylogger - INFO - 选择选项
2018-09-23 14:48:21,508 - mylogger - INFO - 答案正确
2018-09-23 14:48:21,508 - mylogger - INFO - 更新答案
2018-09-23 14:48:22,838 - mylogger - INFO - 本题结束
2018-09-23 14:48:22,839 - mylogger - INFO - 获取题目
2018-09-23 14:48:24,702 - mylogger - INFO - 第 5 题
2018-09-23 14:48:25,031 - mylogger - INFO - 金毛是以下哪种功能的狗?
2018-09-23 14:48:25,989 - mylogger - INFO - ['枪猎犬', '家庭犬', '玩具犬']
2018-09-23 14:48:25,993 - mylogger - INFO - 数据库中检索答案
2018-09-23 14:48:25,994 - mylogger - INFO - 数据中无答案
2018-09-23 14:48:28,418 - mylogger - INFO - 在线检索答案：枪猎犬
2018-09-23 14:48:28,419 - mylogger - INFO - 我的答案：枪猎犬
2018-09-23 14:48:29,021 - mylogger - INFO - 选择选项
2018-09-23 14:48:31,450 - mylogger - INFO - 答案正确
2018-09-23 14:48:31,451 - mylogger - INFO - 更新答案
2018-09-23 14:48:32,906 - mylogger - INFO - 本题结束
2018-09-23 14:48:33,042 - mylogger - INFO - 本场比赛结束
2018-09-23 14:48:33,330 - mylogger - INFO - 返回游戏页面
2018-09-23 14:48:34,880 - mylogger - INFO - 进入排位赛
2018-09-23 14:48:34,881 - mylogger - INFO - 正在匹配中......
2018-09-23 14:48:48,966 - mylogger - INFO - 匹配成功
2018-09-23 14:48:48,967 - mylogger - INFO - 获取题目
2018-09-23 14:48:52,018 - mylogger - INFO - 第 1 题
2018-09-23 14:48:52,330 - mylogger - INFO - “宇称不守恒定律”的提出者是谁？
2018-09-23 14:48:53,461 - mylogger - INFO - ['特斯拉', '爱迪生', '杨振宁和李政道']
2018-09-23 14:48:53,464 - mylogger - INFO - 数据库中检索答案
2018-09-23 14:48:53,464 - mylogger - INFO - 数据中无答案
2018-09-23 14:48:55,679 - mylogger - INFO - 在线检索答案：特斯拉
2018-09-23 14:48:55,681 - mylogger - INFO - 我的答案：特斯拉
2018-09-23 14:48:56,243 - mylogger - INFO - 选择选项
2018-09-23 14:48:58,687 - mylogger - INFO - 答案错误
2018-09-23 14:48:58,938 - mylogger - INFO - 正确答案；杨振宁和李政道
2018-09-23 14:48:58,938 - mylogger - INFO - 更新答案
2018-09-23 14:49:09,230 - mylogger - INFO - 本题结束
2018-09-23 14:49:09,231 - mylogger - INFO - 获取题目
2018-09-23 14:49:09,996 - mylogger - INFO - 第 2 题
2018-09-23 14:49:10,371 - mylogger - INFO - 目前观测到的距地球最近的一颗恒星位于：
2018-09-23 14:49:11,658 - mylogger - INFO - ['织女座', '仙女座', '']
2018-09-23 14:49:11,662 - mylogger - INFO - 数据库中检索答案
2018-09-23 14:49:11,663 - mylogger - INFO - 数据中无答案
2018-09-23 14:49:12,970 - mylogger - INFO - 在线检索答案：
2018-09-23 14:49:12,970 - mylogger - INFO - 我的答案：织女座
2018-09-23 14:49:13,554 - mylogger - INFO - 选择选项
2018-09-23 15:29:46,617 - mylogger - INFO - 进入排位赛
2018-09-23 15:29:46,620 - mylogger - INFO - 正在匹配中......
2018-09-23 15:29:54,918 - mylogger - INFO - 匹配成功
2018-09-23 15:29:54,918 - mylogger - INFO - 获取题目
2018-09-23 15:29:58,009 - mylogger - INFO - 第 1 题
2018-09-23 15:29:58,329 - mylogger - INFO - NBA球员麦迪创造了35秒拿下13分的“麦迪时刻”时在哪只球队？
2018-09-23 15:29:59,393 - mylogger - INFO - ['火箭队', '湖人队', '热火队']
2018-09-23 15:29:59,431 - mylogger - INFO - 数据库中检索答案
2018-09-23 15:29:59,432 - mylogger - INFO - 数据中无答案
2018-09-23 15:30:01,326 - mylogger - INFO - 在线检索答案：火箭队
2018-09-23 15:30:01,327 - mylogger - INFO - 我的答案：火箭队
2018-09-23 15:30:01,947 - mylogger - INFO - 选择选项
2018-09-23 15:30:04,518 - mylogger - INFO - 答案正确
2018-09-23 15:30:04,518 - mylogger - INFO - 更新答案
2018-09-23 15:30:09,247 - mylogger - INFO - 本题结束
2018-09-23 15:30:09,248 - mylogger - INFO - 获取题目
2018-09-23 15:30:11,138 - mylogger - INFO - 第 2 题
2018-09-23 15:30:11,458 - mylogger - INFO - 下列哪一个选项是建筑师汉斯·霍莱因的代表作？
2018-09-23 15:30:12,487 - mylogger - INFO - ['门兴格拉德巴赫博物馆', '六甲集合住宅', '上海国际设计中心']
2018-09-23 15:30:12,489 - mylogger - INFO - 数据库中检索答案
2018-09-23 15:30:12,489 - mylogger - INFO - 数据中无答案
2018-09-23 15:30:13,224 - mylogger - INFO - 在线检索答案：
2018-09-23 15:30:13,225 - mylogger - INFO - 我的答案：门兴格拉德巴赫博物馆
2018-09-23 15:30:13,759 - mylogger - INFO - 选择选项
2018-09-23 15:30:16,156 - mylogger - INFO - 答案正确
2018-09-23 15:30:16,156 - mylogger - INFO - 更新答案
2018-09-23 15:30:22,057 - mylogger - INFO - 本题结束
2018-09-23 15:30:22,058 - mylogger - INFO - 获取题目
2018-09-23 15:30:23,847 - mylogger - INFO - 第 3 题
2018-09-23 15:30:24,152 - mylogger - INFO - 名曲《十面埋伏》的主奏乐器是什么？
2018-09-23 15:30:25,187 - mylogger - INFO - ['二胡', '古筝', '琵琶']
2018-09-23 15:30:25,191 - mylogger - INFO - 数据库中检索答案
2018-09-23 15:30:25,192 - mylogger - INFO - 数据中无答案
2018-09-23 15:30:26,171 - mylogger - INFO - 在线检索答案：琵琶
2018-09-23 15:30:26,171 - mylogger - INFO - 我的答案：琵琶
2018-09-23 15:30:26,738 - mylogger - INFO - 选择选项
2018-09-23 15:30:30,053 - mylogger - INFO - 答案正确
2018-09-23 15:30:30,053 - mylogger - INFO - 更新答案
2018-09-23 15:30:35,826 - mylogger - INFO - 本题结束
2018-09-23 15:30:35,826 - mylogger - INFO - 获取题目
2018-09-23 15:30:37,699 - mylogger - INFO - 第 4 题
2018-09-23 15:30:38,051 - mylogger - INFO - “回头贪兔魄，失意放渔竿”中的“兔魄”指什么？
2018-09-23 15:30:39,106 - mylogger - INFO - ['鱼鲜', '山林', '月亮']
2018-09-23 15:30:39,110 - mylogger - INFO - 数据库中检索答案
2018-09-23 15:30:39,110 - mylogger - INFO - 数据中无答案
2018-09-23 15:30:39,960 - mylogger - INFO - 在线检索答案：月亮
2018-09-23 15:30:39,960 - mylogger - INFO - 我的答案：月亮
2018-09-23 15:30:40,509 - mylogger - INFO - 选择选项
2018-09-23 15:30:43,104 - mylogger - INFO - 答案正确
2018-09-23 15:30:43,104 - mylogger - INFO - 更新答案
2018-09-23 15:30:48,933 - mylogger - INFO - 本题结束
2018-09-23 15:30:48,934 - mylogger - INFO - 获取题目
2018-09-23 15:30:52,043 - mylogger - INFO - 第 5 题
2018-09-23 15:30:52,406 - mylogger - INFO - 下面哪个品牌不属于上海家化公司？
2018-09-23 15:30:53,376 - mylogger - INFO - ['百雀羚', '佰草集', '玉泽']
2018-09-23 15:30:53,381 - mylogger - INFO - 数据库中检索答案
2018-09-23 15:30:53,381 - mylogger - INFO - 数据中无答案
2018-09-23 15:30:54,184 - mylogger - INFO - 在线检索答案：百雀羚
2018-09-23 15:30:54,184 - mylogger - INFO - 我的答案：百雀羚
2018-09-23 15:30:54,715 - mylogger - INFO - 选择选项
2018-09-23 15:30:57,222 - mylogger - INFO - 答案正确
2018-09-23 15:30:57,222 - mylogger - INFO - 更新答案
2018-09-23 15:31:02,013 - mylogger - INFO - 本题结束
2018-09-23 15:31:02,199 - mylogger - INFO - 本场比赛结束
2018-09-23 15:31:02,444 - mylogger - INFO - 返回游戏页面
2018-09-23 15:31:04,012 - mylogger - INFO - 进入排位赛
2018-09-23 15:31:04,013 - mylogger - INFO - 正在匹配中......
2018-09-23 15:31:05,518 - mylogger - INFO - 匹配成功
2018-09-23 15:31:05,518 - mylogger - INFO - 获取题目
2018-09-23 15:31:08,757 - mylogger - INFO - 第 1 题
2018-09-23 15:31:09,137 - mylogger - INFO - 深市中的涨停版与跌停版的是多少？
2018-09-23 15:31:10,073 - mylogger - INFO - ['15%', '20%', '10%']
2018-09-23 15:31:10,076 - mylogger - INFO - 数据库中检索答案
2018-09-23 15:31:10,077 - mylogger - INFO - 数据中无答案
2018-09-23 15:31:12,488 - mylogger - INFO - 在线检索答案：10%
2018-09-23 15:31:12,488 - mylogger - INFO - 我的答案：10%
2018-09-23 15:31:13,080 - mylogger - INFO - 选择选项
2018-09-23 15:31:15,600 - mylogger - INFO - 答案正确
2018-09-23 15:31:15,600 - mylogger - INFO - 更新答案
2018-09-23 15:31:16,929 - mylogger - INFO - 本题结束
2018-09-23 15:31:16,931 - mylogger - INFO - 获取题目
2018-09-23 15:31:18,733 - mylogger - INFO - 第 2 题
2018-09-23 15:31:19,029 - mylogger - INFO - 唐代最初设置的监察区称为以下哪个？
2018-09-23 15:31:20,029 - mylogger - INFO - ['道', '县', '州']
2018-09-23 15:31:20,034 - mylogger - INFO - 数据库中检索答案
2018-09-23 15:31:20,034 - mylogger - INFO - 数据中无答案
2018-09-23 15:31:20,938 - mylogger - INFO - 在线检索答案：道
2018-09-23 15:31:20,939 - mylogger - INFO - 我的答案：道
2018-09-23 15:31:21,467 - mylogger - INFO - 选择选项
2018-09-23 15:31:23,850 - mylogger - INFO - 答案正确
2018-09-23 15:31:23,851 - mylogger - INFO - 更新答案
2018-09-23 15:31:25,187 - mylogger - INFO - 本题结束
2018-09-23 15:31:25,188 - mylogger - INFO - 获取题目
2018-09-23 15:31:28,109 - mylogger - INFO - 第 3 题
2018-09-23 15:31:28,465 - mylogger - INFO - 粽子一般有正三角形、尖三角形等形状，为什么粽子的形状大多以角为主？
2018-09-23 15:31:29,469 - mylogger - INFO - ['象征牛，祭祖', '象征剑，勇猛', '象征果实，丰收']
2018-09-23 15:31:29,473 - mylogger - INFO - 数据库中检索答案
2018-09-23 15:31:29,473 - mylogger - INFO - 数据中无答案
2018-09-23 15:31:31,403 - mylogger - INFO - 在线检索答案：
2018-09-23 15:31:31,403 - mylogger - INFO - 我的答案：象征牛，祭祖
2018-09-23 15:31:31,965 - mylogger - INFO - 选择选项
2018-09-23 15:31:34,458 - mylogger - INFO - 答案正确
2018-09-23 15:31:34,459 - mylogger - INFO - 更新答案
2018-09-23 15:31:35,820 - mylogger - INFO - 本题结束
2018-09-23 15:31:35,821 - mylogger - INFO - 获取题目
2018-09-23 15:31:37,709 - mylogger - INFO - 第 4 题
2018-09-23 15:31:38,081 - mylogger - INFO - 下面有一个帖不属于乾隆皇帝“三希堂”的三希之一
2018-09-23 15:31:39,078 - mylogger - INFO - ['王羲之《兰亭序》', '王羲之《快雪时晴帖》', '王珣《伯远帖》']
2018-09-23 15:31:39,082 - mylogger - INFO - 数据库中检索答案
2018-09-23 15:31:39,082 - mylogger - INFO - 数据中无答案
2018-09-23 15:31:39,939 - mylogger - INFO - 在线检索答案：王羲之《兰亭序》
2018-09-23 15:31:39,939 - mylogger - INFO - 我的答案：王羲之《兰亭序》
2018-09-23 15:31:40,514 - mylogger - INFO - 选择选项
2018-09-23 15:31:42,946 - mylogger - INFO - 答案正确
2018-09-23 15:31:42,947 - mylogger - INFO - 更新答案
2018-09-23 15:31:44,273 - mylogger - INFO - 本题结束
2018-09-23 15:31:44,275 - mylogger - INFO - 获取题目
2018-09-23 15:31:47,242 - mylogger - INFO - 第 5 题
2018-09-23 15:31:47,493 - mylogger - INFO - 古时戒指用来表示什么？
2018-09-23 15:31:48,635 - mylogger - INFO - ['荣誉', '富贵', '禁戒']
2018-09-23 15:31:48,639 - mylogger - INFO - 数据库中检索答案
2018-09-23 15:31:48,640 - mylogger - INFO - 数据中无答案
2018-09-23 15:31:49,273 - mylogger - INFO - 在线检索答案：禁戒
2018-09-23 15:31:49,274 - mylogger - INFO - 我的答案：禁戒
2018-09-23 15:31:49,862 - mylogger - INFO - 选择选项
2018-09-23 15:31:52,290 - mylogger - INFO - 答案正确
2018-09-23 15:31:52,291 - mylogger - INFO - 更新答案
2018-09-23 15:31:53,555 - mylogger - INFO - 本题结束
2018-09-23 15:31:53,683 - mylogger - INFO - 本场比赛结束
2018-09-23 15:31:53,939 - mylogger - INFO - 返回游戏页面
2018-09-23 15:31:55,502 - mylogger - INFO - 进入排位赛
2018-09-23 15:31:55,503 - mylogger - INFO - 正在匹配中......
2018-09-23 15:32:01,448 - mylogger - INFO - 匹配成功
2018-09-23 15:32:01,448 - mylogger - INFO - 获取题目
2018-09-23 15:32:04,483 - mylogger - INFO - 第 1 题
2018-09-23 15:32:04,847 - mylogger - INFO - 古人在立春有采花的习俗，那么立春在公历的几月？
2018-09-23 15:32:05,954 - mylogger - INFO - ['十二月', '二月', '一月']
2018-09-23 15:32:05,958 - mylogger - INFO - 数据库中检索答案
2018-09-23 15:32:05,958 - mylogger - INFO - 数据中无答案
2018-09-23 15:32:06,938 - mylogger - INFO - 在线检索答案：二月
2018-09-23 15:32:06,939 - mylogger - INFO - 我的答案：二月
2018-09-23 15:32:07,560 - mylogger - INFO - 选择选项
2018-09-23 15:32:10,031 - mylogger - INFO - 答案正确
2018-09-23 15:32:10,032 - mylogger - INFO - 更新答案
2018-09-23 15:32:12,473 - mylogger - INFO - 本题结束
2018-09-23 15:32:12,477 - mylogger - INFO - 获取题目
2018-09-23 15:32:20,150 - mylogger - INFO - 第 2 题
2018-09-23 15:32:20,468 - mylogger - INFO - 《琵琶行》中“前月浮梁买茶去”中“浮梁”指的是现在江西哪个镇？
2018-09-23 15:32:21,516 - mylogger - INFO - ['景德镇', '九江', '上饶']
2018-09-23 15:32:21,520 - mylogger - INFO - 数据库中检索答案
2018-09-23 15:32:21,521 - mylogger - INFO - 数据中无答案
2018-09-23 15:32:22,349 - mylogger - INFO - 在线检索答案：景德镇
2018-09-23 15:32:22,349 - mylogger - INFO - 我的答案：景德镇
2018-09-23 15:32:23,011 - mylogger - INFO - 选择选项
2018-09-23 15:32:25,423 - mylogger - INFO - 答案正确
2018-09-23 15:32:25,423 - mylogger - INFO - 更新答案
2018-09-23 15:32:26,705 - mylogger - INFO - 本题结束
2018-09-23 15:32:26,707 - mylogger - INFO - 获取题目
2018-09-23 15:32:28,565 - mylogger - INFO - 第 3 题
2018-09-23 15:32:28,918 - mylogger - INFO - 二战期间举行了雅尔塔会议，请问雅尔塔位于哪个半岛？
2018-09-23 15:32:30,053 - mylogger - INFO - ['亚平宁半岛', '克里米亚半岛', '巴尔干半岛']
2018-09-23 15:32:30,057 - mylogger - INFO - 数据库中检索答案
2018-09-23 15:32:30,058 - mylogger - INFO - 数据中无答案
2018-09-23 15:32:30,923 - mylogger - INFO - 在线检索答案：克里米亚半岛
2018-09-23 15:32:30,923 - mylogger - INFO - 我的答案：克里米亚半岛
2018-09-23 15:32:31,495 - mylogger - INFO - 选择选项
2018-09-23 15:32:34,018 - mylogger - INFO - 答案正确
2018-09-23 15:32:34,018 - mylogger - INFO - 更新答案
2018-09-23 15:32:38,751 - mylogger - INFO - 本题结束
2018-09-23 15:32:38,752 - mylogger - INFO - 获取题目
2018-09-23 15:32:40,596 - mylogger - INFO - 第 4 题
2018-09-23 15:32:40,912 - mylogger - INFO - 以下哪一个人物是“闪击战”的创始人，还被称为“德军装甲兵之父”？
2018-09-23 15:32:41,878 - mylogger - INFO - ['古德里安', '隆美尔', '曼施坦因']
2018-09-23 15:32:41,882 - mylogger - INFO - 数据库中检索答案
2018-09-23 15:32:41,883 - mylogger - INFO - 数据中无答案
2018-09-23 15:32:42,925 - mylogger - INFO - 在线检索答案：古德里安
2018-09-23 15:32:42,926 - mylogger - INFO - 我的答案：古德里安
2018-09-23 15:32:43,451 - mylogger - INFO - 选择选项
2018-09-23 15:32:45,923 - mylogger - INFO - 答案正确
2018-09-23 15:32:45,924 - mylogger - INFO - 更新答案
2018-09-23 15:32:48,388 - mylogger - INFO - 本题结束
2018-09-23 15:32:48,389 - mylogger - INFO - 获取题目
2018-09-23 15:32:50,219 - mylogger - INFO - 第 5 题
2018-09-23 15:32:50,590 - mylogger - INFO - 下列动物中，无法通过身体外部结构辨别雌雄的是
2018-09-23 15:32:51,585 - mylogger - INFO - ['人蛔虫', '日本沼虾', '紫贻贝']
2018-09-23 15:32:51,589 - mylogger - INFO - 数据库中检索答案
2018-09-23 15:32:51,589 - mylogger - INFO - 数据中无答案
2018-09-23 15:32:52,792 - mylogger - INFO - 在线检索答案：日本沼虾
2018-09-23 15:32:52,793 - mylogger - INFO - 我的答案：日本沼虾
2018-09-23 15:32:53,376 - mylogger - INFO - 选择选项
2018-09-23 15:32:55,824 - mylogger - INFO - 答案错误
2018-09-23 15:32:56,065 - mylogger - INFO - 正确答案；紫贻贝
2018-09-23 15:32:56,065 - mylogger - INFO - 更新答案
2018-09-23 15:32:57,468 - mylogger - INFO - 本题结束
2018-09-23 15:32:57,581 - mylogger - INFO - 本场比赛结束
2018-09-23 15:32:57,845 - mylogger - INFO - 返回游戏页面
2018-09-23 15:32:59,312 - mylogger - INFO - 进入排位赛
2018-09-23 15:32:59,313 - mylogger - INFO - 正在匹配中......
2018-09-23 15:33:17,563 - mylogger - INFO - 匹配成功
2018-09-23 15:33:17,564 - mylogger - INFO - 获取题目
2018-09-23 15:33:20,615 - mylogger - INFO - 第 1 题
2018-09-23 15:33:20,925 - mylogger - INFO - 服装是指人穿戴了什么和首饰、包袋、围巾、帽子等的着装形象？
2018-09-23 15:33:21,865 - mylogger - INFO - ['上衣、鞋子', '上衣、下裳', '下裳、鞋子']
2018-09-23 15:33:21,870 - mylogger - INFO - 数据库中检索答案
2018-09-23 15:33:21,871 - mylogger - INFO - 数据中无答案
2018-09-23 15:33:23,643 - mylogger - INFO - 在线检索答案：
2018-09-23 15:33:23,643 - mylogger - INFO - 我的答案：上衣、鞋子
2018-09-23 15:33:24,160 - mylogger - INFO - 选择选项
2018-09-23 15:33:26,601 - mylogger - INFO - 答案错误
2018-09-23 15:33:26,771 - mylogger - INFO - 正确答案；上衣、下裳
2018-09-23 15:33:26,771 - mylogger - INFO - 更新答案
2018-09-23 15:33:34,009 - mylogger - INFO - 本题结束
2018-09-23 15:33:34,010 - mylogger - INFO - 获取题目
2018-09-23 15:33:35,859 - mylogger - INFO - 第 2 题
2018-09-23 15:33:36,163 - mylogger - INFO - 对“光电效应”作出正确解释的是谁？
2018-09-23 15:33:37,163 - mylogger - INFO - ['康普顿', '普朗克', '爱因斯坦']
2018-09-23 15:33:37,167 - mylogger - INFO - 数据库中检索答案
2018-09-23 15:33:37,168 - mylogger - INFO - 数据中无答案
2018-09-23 15:33:37,912 - mylogger - INFO - 在线检索答案：普朗克
2018-09-23 15:33:37,913 - mylogger - INFO - 我的答案：普朗克
2018-09-23 15:33:38,470 - mylogger - INFO - 选择选项
2018-09-23 15:33:40,900 - mylogger - INFO - 答案错误
2018-09-23 15:33:41,121 - mylogger - INFO - 正确答案；爱因斯坦
2018-09-23 15:33:41,121 - mylogger - INFO - 更新答案
2018-09-23 15:33:42,468 - mylogger - INFO - 本题结束
2018-09-23 15:33:42,469 - mylogger - INFO - 获取题目
2018-09-23 15:33:45,554 - mylogger - INFO - 第 3 题
2018-09-23 15:33:45,868 - mylogger - INFO - 水结冰后为什么体积会膨胀？
2018-09-23 15:33:46,943 - mylogger - INFO - ['加入了吸如空气', '水分子变大', '水分子排列松散']
2018-09-23 15:33:46,948 - mylogger - INFO - 数据库中检索答案
2018-09-23 15:33:46,949 - mylogger - INFO - 数据中无答案
2018-09-23 15:33:47,846 - mylogger - INFO - 在线检索答案：
2018-09-23 15:33:47,846 - mylogger - INFO - 我的答案：加入了吸如空气
2018-09-23 15:33:48,437 - mylogger - INFO - 选择选项
2018-09-23 15:33:50,865 - mylogger - INFO - 答案错误
2018-09-23 15:33:51,188 - mylogger - INFO - 正确答案；水分子排列松散
2018-09-23 15:33:51,188 - mylogger - INFO - 更新答案
2018-09-23 15:33:51,405 - mylogger - INFO - 本题结束
2018-09-23 15:33:51,406 - mylogger - INFO - 获取题目
2018-09-23 15:33:54,452 - mylogger - INFO - 第 4 题
2018-09-23 15:33:54,769 - mylogger - INFO - “赔了夫人又折兵”中的“夫人”是三国中的哪位人物？
2018-09-23 15:33:55,720 - mylogger - INFO - ['大乔', '蔡文姬', '孙尚香']
2018-09-23 15:33:55,724 - mylogger - INFO - 数据库中检索答案
2018-09-23 15:33:55,725 - mylogger - INFO - 数据中无答案
2018-09-23 15:33:56,646 - mylogger - INFO - 在线检索答案：孙尚香
2018-09-23 15:33:56,646 - mylogger - INFO - 我的答案：孙尚香
2018-09-23 15:33:57,279 - mylogger - INFO - 选择选项
2018-09-23 15:33:59,730 - mylogger - INFO - 答案正确
2018-09-23 15:33:59,731 - mylogger - INFO - 更新答案
2018-09-23 15:34:02,281 - mylogger - INFO - 本题结束
2018-09-23 15:34:02,283 - mylogger - INFO - 获取题目
2018-09-23 15:34:04,123 - mylogger - INFO - 第 5 题
2018-09-23 15:34:04,452 - mylogger - INFO - 下列不是寒食节的别称的是？
2018-09-23 15:34:05,476 - mylogger - INFO - ['禁烟节', '冷节', '祭扫节']
2018-09-23 15:34:05,481 - mylogger - INFO - 数据库中检索答案
2018-09-23 15:34:05,481 - mylogger - INFO - 数据中无答案
2018-09-23 15:34:06,581 - mylogger - INFO - 在线检索答案：祭扫节
2018-09-23 15:34:06,581 - mylogger - INFO - 我的答案：祭扫节
2018-09-23 15:34:07,172 - mylogger - INFO - 选择选项
2018-09-23 15:34:09,703 - mylogger - INFO - 答案正确
2018-09-23 15:34:09,704 - mylogger - INFO - 更新答案
2018-09-23 15:34:15,500 - mylogger - INFO - 本题结束
2018-09-23 15:34:15,627 - mylogger - INFO - 本场比赛结束
2018-09-23 15:34:15,900 - mylogger - INFO - 返回游戏页面
2018-09-23 15:34:17,472 - mylogger - INFO - 进入排位赛
2018-09-23 15:34:17,472 - mylogger - INFO - 正在匹配中......
2018-09-23 15:34:45,574 - mylogger - INFO - 匹配成功
2018-09-23 15:34:45,575 - mylogger - INFO - 获取题目
2018-09-23 15:34:48,758 - mylogger - INFO - 第 1 题
2018-09-23 15:34:49,070 - mylogger - INFO - 蒙台梭利倡导学校应为儿童设计量身定做的专属环境提出了“敏感期”和：
2018-09-23 15:34:50,174 - mylogger - INFO - ['触觉', '视觉', '吸收性心智']
2018-09-23 15:34:50,179 - mylogger - INFO - 数据库中检索答案
2018-09-23 15:34:50,179 - mylogger - INFO - 数据中无答案
2018-09-23 15:34:51,116 - mylogger - INFO - 在线检索答案：吸收性心智
2018-09-23 15:34:51,116 - mylogger - INFO - 我的答案：吸收性心智
2018-09-23 15:34:51,683 - mylogger - INFO - 选择选项
2018-09-23 15:34:54,175 - mylogger - INFO - 答案正确
2018-09-23 15:34:54,176 - mylogger - INFO - 更新答案
2018-09-23 15:34:56,623 - mylogger - INFO - 本题结束
2018-09-23 15:34:56,624 - mylogger - INFO - 获取题目
2018-09-23 15:34:59,702 - mylogger - INFO - 第 2 题
2018-09-23 15:35:00,020 - mylogger - INFO - 在2000年为张国荣《热·情》演唱会设计舞台服饰的设计师是：
2018-09-23 15:35:01,209 - mylogger - INFO - ['让·保罗·高提耶', '约翰·加利亚诺', '伊夫·圣·洛朗']
2018-09-23 15:35:01,211 - mylogger - INFO - 数据库中检索答案
2018-09-23 15:35:01,212 - mylogger - INFO - 数据中无答案
2018-09-23 15:35:02,428 - mylogger - INFO - 在线检索答案：
2018-09-23 15:35:02,428 - mylogger - INFO - 我的答案：让·保罗·高提耶
2018-09-23 15:35:03,004 - mylogger - INFO - 选择选项
2018-09-23 15:35:05,493 - mylogger - INFO - 答案正确
2018-09-23 15:35:05,494 - mylogger - INFO - 更新答案
2018-09-23 15:35:07,963 - mylogger - INFO - 本题结束
2018-09-23 15:35:07,966 - mylogger - INFO - 获取题目
2018-09-23 15:35:09,851 - mylogger - INFO - 第 3 题
2018-09-23 15:35:10,183 - mylogger - INFO - 中文星名“南河三”对应的西方星名是
2018-09-23 15:35:11,220 - mylogger - INFO - ['双子座β', '双子座α', '小犬座α']
2018-09-23 15:35:11,224 - mylogger - INFO - 数据库中检索答案
2018-09-23 15:35:11,224 - mylogger - INFO - 数据中无答案
2018-09-23 15:35:13,285 - mylogger - INFO - 在线检索答案：双子座α
2018-09-23 15:35:13,285 - mylogger - INFO - 我的答案：双子座α
2018-09-23 15:35:13,906 - mylogger - INFO - 选择选项
2018-09-23 15:35:16,327 - mylogger - INFO - 答案错误
2018-09-23 15:35:16,591 - mylogger - INFO - 正确答案；小犬座α
2018-09-23 15:35:16,592 - mylogger - INFO - 更新答案
2018-09-23 15:35:26,785 - mylogger - INFO - 本题结束
2018-09-23 15:35:26,786 - mylogger - INFO - 获取题目
2018-09-23 15:35:27,470 - mylogger - INFO - 第 4 题
2018-09-23 15:35:27,780 - mylogger - INFO - 近代最早的银行出现在以下哪座城市?
2018-09-23 15:35:28,839 - mylogger - INFO - ['巴黎', '东京', '威尼斯']
2018-09-23 15:35:28,843 - mylogger - INFO - 数据库中检索答案
2018-09-23 15:35:28,843 - mylogger - INFO - 数据中无答案
2018-09-23 15:35:29,781 - mylogger - INFO - 在线检索答案：威尼斯
2018-09-23 15:35:29,781 - mylogger - INFO - 我的答案：威尼斯
2018-09-23 15:35:30,319 - mylogger - INFO - 选择选项
2018-09-23 15:35:32,707 - mylogger - INFO - 答案正确
2018-09-23 15:35:32,707 - mylogger - INFO - 更新答案
2018-09-23 15:35:34,092 - mylogger - INFO - 本题结束
2018-09-23 15:35:34,094 - mylogger - INFO - 获取题目
2018-09-23 15:35:35,916 - mylogger - INFO - 第 5 题
2018-09-23 15:35:36,243 - mylogger - INFO - 中国最早在太空行走的宇航员是以下哪个？
2018-09-23 15:35:37,351 - mylogger - INFO - ['刘洋', '杨利伟', '翟志刚']
2018-09-23 15:35:37,356 - mylogger - INFO - 数据库中检索答案
2018-09-23 15:35:37,357 - mylogger - INFO - 数据中无答案
2018-09-23 15:35:38,137 - mylogger - INFO - 在线检索答案：翟志刚
2018-09-23 15:35:38,137 - mylogger - INFO - 我的答案：翟志刚
2018-09-23 15:35:38,792 - mylogger - INFO - 选择选项
2018-09-23 15:35:41,412 - mylogger - INFO - 答案正确
2018-09-23 15:35:41,412 - mylogger - INFO - 更新答案
2018-09-23 15:35:41,642 - mylogger - INFO - 本题结束
2018-09-23 15:35:41,784 - mylogger - INFO - 本场比赛结束
2018-09-23 15:35:42,059 - mylogger - INFO - 返回游戏页面
2018-09-23 15:35:43,619 - mylogger - INFO - 进入排位赛
2018-09-23 15:35:43,620 - mylogger - INFO - 正在匹配中......
2018-09-23 15:42:52,233 - mylogger - INFO - 进入排位赛
2018-09-23 15:42:52,234 - mylogger - INFO - 正在匹配中......
2018-09-23 15:45:56,982 - mylogger - INFO - 进入排位赛
2018-09-23 15:45:56,983 - mylogger - INFO - 正在匹配中......
2018-09-23 15:46:55,068 - mylogger - INFO - 匹配成功
2018-09-23 15:46:55,068 - mylogger - INFO - 获取题目
2018-09-23 15:46:58,067 - mylogger - INFO - 第 1 题
2018-09-23 15:46:58,979 - mylogger - INFO - 电视节目《最强大脑 第二季》的主持人是以下哪位？
2018-09-23 15:47:00,031 - mylogger - INFO - ['谢娜', '吴秀波', '蒋昌建']
2018-09-23 15:47:00,035 - mylogger - INFO - 数据库中检索答案
2018-09-23 15:47:00,036 - mylogger - INFO - 数据中无答案
2018-09-23 15:47:01,019 - mylogger - INFO - 在线检索答案：蒋昌建
2018-09-23 15:47:01,019 - mylogger - INFO - 我的答案：蒋昌建
2018-09-23 15:47:01,585 - mylogger - INFO - 选择选项
2018-09-23 15:47:04,063 - mylogger - INFO - 答案正确
2018-09-23 15:47:04,064 - mylogger - INFO - 更新答案
2018-09-23 15:47:05,464 - mylogger - INFO - 本题结束
2018-09-23 15:47:05,467 - mylogger - INFO - 获取题目
2018-09-23 15:47:07,331 - mylogger - INFO - 第 2 题
2018-09-23 15:47:07,670 - mylogger - INFO - 一只工蜂找到蜜源后，会跳起“8”字舞来招引伙伴，说明蜜蜂具有什么行为？
2018-09-23 15:47:08,671 - mylogger - INFO - ['防御行为', '繁殖行为', '社群(会)行为']
2018-09-23 15:47:08,676 - mylogger - INFO - 数据库中检索答案
2018-09-23 15:47:08,676 - mylogger - INFO - 数据中无答案
2018-09-23 15:47:10,455 - mylogger - INFO - 在线检索答案：防御行为
2018-09-23 15:47:10,455 - mylogger - INFO - 我的答案：防御行为
2018-09-23 15:47:11,035 - mylogger - INFO - 选择选项
2018-09-23 15:47:13,594 - mylogger - INFO - 答案错误
2018-09-23 15:47:13,900 - mylogger - INFO - 正确答案；社群(会)行为
2018-09-23 15:47:13,901 - mylogger - INFO - 更新答案
2018-09-23 15:47:15,269 - mylogger - INFO - 本题结束
2018-09-23 15:47:15,271 - mylogger - INFO - 获取题目
2018-09-23 15:47:17,116 - mylogger - INFO - 第 3 题
2018-09-23 15:47:17,476 - mylogger - INFO - 哪个不是斑马条纹的作用？
2018-09-23 15:47:18,569 - mylogger - INFO - ['家庭联络', '防水', '保护色']
2018-09-23 15:47:18,574 - mylogger - INFO - 数据库中检索答案
2018-09-23 15:47:18,574 - mylogger - INFO - 数据中无答案
2018-09-23 15:47:19,387 - mylogger - INFO - 在线检索答案：家庭联络
2018-09-23 15:47:19,387 - mylogger - INFO - 我的答案：家庭联络
2018-09-23 15:47:19,996 - mylogger - INFO - 选择选项
2018-09-23 15:47:22,480 - mylogger - INFO - 答案错误
2018-09-23 15:47:22,600 - mylogger - INFO - 正确答案；防水
2018-09-23 15:47:22,601 - mylogger - INFO - 更新答案
2018-09-23 15:47:25,072 - mylogger - INFO - 本题结束
2018-09-23 15:47:25,074 - mylogger - INFO - 获取题目
2018-09-23 15:47:27,008 - mylogger - INFO - 第 4 题
2018-09-23 15:47:27,385 - mylogger - INFO - 第一次登上月球的航天器是哪个？
2018-09-23 15:47:28,360 - mylogger - INFO - ['土星2号', '月球3号', '阿波罗11号']
2018-09-23 15:47:28,364 - mylogger - INFO - 数据库中检索答案
2018-09-23 15:47:28,364 - mylogger - INFO - 数据中无答案
2018-09-23 15:47:29,319 - mylogger - INFO - 在线检索答案：阿波罗11号
2018-09-23 15:47:29,320 - mylogger - INFO - 我的答案：阿波罗11号
2018-09-23 15:47:29,865 - mylogger - INFO - 选择选项
2018-09-23 15:47:32,284 - mylogger - INFO - 答案正确
2018-09-23 15:47:32,285 - mylogger - INFO - 更新答案
2018-09-23 15:47:33,623 - mylogger - INFO - 本题结束
2018-09-23 15:47:33,625 - mylogger - INFO - 获取题目
2018-09-23 15:47:35,529 - mylogger - INFO - 第 5 题
2018-09-23 15:47:35,924 - mylogger - INFO - ChinaJoy的全称是？
2018-09-23 15:47:36,965 - mylogger - INFO - ['中国国际数码互动娱乐展览会', '中国国际动漫游戏博览会', '中国国际数字互动娱乐展览会']
2018-09-23 15:47:36,969 - mylogger - INFO - 数据库中检索答案
2018-09-23 15:47:36,969 - mylogger - INFO - 数据中无答案
2018-09-23 15:47:37,669 - mylogger - INFO - 在线检索答案：中国国际数码互动娱乐展览会
2018-09-23 15:47:37,669 - mylogger - INFO - 我的答案：中国国际数码互动娱乐展览会
2018-09-23 15:47:38,196 - mylogger - INFO - 选择选项
2018-09-23 15:47:40,653 - mylogger - INFO - 答案正确
2018-09-23 15:47:40,654 - mylogger - INFO - 更新答案
2018-09-23 15:47:48,672 - mylogger - INFO - 本题结束
2018-09-23 15:47:48,790 - mylogger - INFO - 本场比赛结束
2018-09-23 15:47:49,070 - mylogger - INFO - 返回游戏页面
2018-09-23 15:47:50,629 - mylogger - INFO - 进入排位赛
2018-09-23 15:47:50,630 - mylogger - INFO - 正在匹配中......
2018-09-23 15:48:16,899 - mylogger - INFO - 匹配成功
2018-09-23 15:48:16,899 - mylogger - INFO - 获取题目
2018-09-23 15:48:20,006 - mylogger - INFO - 第 1 题
2018-09-23 15:48:20,836 - mylogger - INFO - 以下哪个女主持人自称为“太阳女神”？
2018-09-23 15:48:21,964 - mylogger - INFO - ['汪涵', '何炅', '谢娜']
2018-09-23 15:48:21,968 - mylogger - INFO - 数据库中检索答案
2018-09-23 15:48:21,968 - mylogger - INFO - 数据中无答案
2018-09-23 15:48:22,698 - mylogger - INFO - 在线检索答案：谢娜
2018-09-23 15:48:22,699 - mylogger - INFO - 我的答案：谢娜
2018-09-23 15:48:23,276 - mylogger - INFO - 选择选项
2018-09-23 15:48:25,730 - mylogger - INFO - 答案正确
2018-09-23 15:48:25,731 - mylogger - INFO - 更新答案
2018-09-23 15:48:27,088 - mylogger - INFO - 本题结束
2018-09-23 15:48:27,089 - mylogger - INFO - 获取题目
2018-09-23 15:48:28,915 - mylogger - INFO - 第 2 题
2018-09-23 15:48:29,211 - mylogger - INFO - 4y－24＝16，y是几？
2018-09-23 15:48:30,123 - mylogger - INFO - ['12', '11', '10']
2018-09-23 15:48:30,127 - mylogger - INFO - 数据库中检索答案
2018-09-23 15:48:30,128 - mylogger - INFO - 数据中无答案
2018-09-23 15:48:30,856 - mylogger - INFO - 在线检索答案：10
2018-09-23 15:48:30,856 - mylogger - INFO - 我的答案：10
2018-09-23 15:48:31,404 - mylogger - INFO - 选择选项
2018-09-23 15:48:33,825 - mylogger - INFO - 答案正确
2018-09-23 15:48:33,825 - mylogger - INFO - 更新答案
2018-09-23 15:48:36,210 - mylogger - INFO - 本题结束
2018-09-23 15:48:36,211 - mylogger - INFO - 获取题目
2018-09-23 15:48:38,015 - mylogger - INFO - 第 3 题
2018-09-23 15:48:38,312 - mylogger - INFO - 以下哪位没有出演2016年的春晚？
2018-09-23 15:48:39,263 - mylogger - INFO - ['马天宇', '邓紫棋', '张杰']
2018-09-23 15:48:39,268 - mylogger - INFO - 数据库中检索答案
2018-09-23 15:48:39,269 - mylogger - INFO - 数据中无答案
2018-09-23 15:48:40,115 - mylogger - INFO - 在线检索答案：
2018-09-23 15:48:40,115 - mylogger - INFO - 我的答案：马天宇
2018-09-23 15:48:40,674 - mylogger - INFO - 选择选项
2018-09-23 15:48:43,130 - mylogger - INFO - 答案错误
2018-09-23 15:48:43,261 - mylogger - INFO - 正确答案；邓紫棋
2018-09-23 15:48:43,261 - mylogger - INFO - 更新答案
2018-09-23 15:48:46,747 - mylogger - INFO - 本题结束
2018-09-23 15:48:46,748 - mylogger - INFO - 获取题目
2018-09-23 15:48:54,261 - mylogger - INFO - 第 4 题
2018-09-23 15:48:54,567 - mylogger - INFO - 中国收藏最早的年画中画有哪位美人？
2018-09-23 15:48:55,538 - mylogger - INFO - ['西施', '王昭君', '貂蝉']
2018-09-23 15:48:55,540 - mylogger - INFO - 数据库中检索答案
2018-09-23 15:48:55,541 - mylogger - INFO - 数据中无答案
2018-09-23 15:48:56,311 - mylogger - INFO - 在线检索答案：
2018-09-23 15:48:56,311 - mylogger - INFO - 我的答案：西施
2018-09-23 15:48:56,804 - mylogger - INFO - 选择选项
2018-09-23 15:48:59,168 - mylogger - INFO - 答案错误
2018-09-23 15:48:59,347 - mylogger - INFO - 正确答案；王昭君
2018-09-23 15:48:59,348 - mylogger - INFO - 更新答案
2018-09-23 15:49:00,698 - mylogger - INFO - 本题结束
2018-09-23 15:49:00,700 - mylogger - INFO - 获取题目
2018-09-23 15:49:02,558 - mylogger - INFO - 第 5 题
2018-09-23 15:49:02,877 - mylogger - INFO - “闭路电视监控系统”的英文缩写是什么？
2018-09-23 15:49:03,788 - mylogger - INFO - ['Letv', 'CCTV', 'PPTV']
2018-09-23 15:49:03,794 - mylogger - INFO - 数据库中检索答案
2018-09-23 15:49:03,794 - mylogger - INFO - 数据中无答案
2018-09-23 15:49:04,696 - mylogger - INFO - 在线检索答案：CCTV
2018-09-23 15:49:04,696 - mylogger - INFO - 我的答案：CCTV
2018-09-23 15:49:05,239 - mylogger - INFO - 选择选项
2018-09-23 15:49:07,668 - mylogger - INFO - 答案正确
2018-09-23 15:49:07,669 - mylogger - INFO - 更新答案
2018-09-23 15:49:09,023 - mylogger - INFO - 本题结束
2018-09-23 15:49:09,124 - mylogger - INFO - 本场比赛结束
2018-09-23 15:49:09,372 - mylogger - INFO - 返回游戏页面
2018-09-23 15:49:10,965 - mylogger - INFO - 进入排位赛
2018-09-23 15:49:10,966 - mylogger - INFO - 正在匹配中......
2018-09-23 15:49:20,361 - mylogger - INFO - 匹配成功
2018-09-23 15:49:20,361 - mylogger - INFO - 获取题目
2018-09-23 15:49:23,445 - mylogger - INFO - 第 1 题
2018-09-23 15:49:23,764 - mylogger - INFO - 《三国杀》最先有的是
2018-09-23 15:49:24,741 - mylogger - INFO - ['手机游戏', '桌面游戏', '实体小说']
2018-09-23 15:49:24,746 - mylogger - INFO - 数据库中检索答案
2018-09-23 15:49:24,747 - mylogger - INFO - 数据中无答案
2018-09-23 15:49:28,285 - mylogger - INFO - 在线检索答案：
2018-09-23 15:49:28,286 - mylogger - INFO - 我的答案：手机游戏
2018-09-23 15:49:28,947 - mylogger - INFO - 选择选项
2018-09-23 15:49:31,387 - mylogger - INFO - 答案错误
2018-09-23 15:49:31,576 - mylogger - INFO - 正确答案；桌面游戏
2018-09-23 15:49:31,576 - mylogger - INFO - 更新答案
2018-09-23 15:49:31,791 - mylogger - INFO - 本题结束
2018-09-23 15:49:31,792 - mylogger - INFO - 获取题目
2018-09-23 15:49:34,901 - mylogger - INFO - 第 2 题
2018-09-23 15:49:35,212 - mylogger - INFO - 获得最多世界冠军，具有“官子天下第一”“石佛”称呼的著名棋手是（）
2018-09-23 15:49:36,137 - mylogger - INFO - ['刘昌赫', '李昌镐', '李世石']
2018-09-23 15:49:36,141 - mylogger - INFO - 数据库中检索答案
2018-09-23 15:49:36,142 - mylogger - INFO - 数据中无答案
2018-09-23 15:49:37,412 - mylogger - INFO - 在线检索答案：李昌镐
2018-09-23 15:49:37,412 - mylogger - INFO - 我的答案：李昌镐
2018-09-23 15:49:37,980 - mylogger - INFO - 选择选项
2018-09-23 15:49:40,474 - mylogger - INFO - 答案正确
2018-09-23 15:49:40,475 - mylogger - INFO - 更新答案
2018-09-23 15:49:41,836 - mylogger - INFO - 本题结束
2018-09-23 15:49:41,839 - mylogger - INFO - 获取题目
2018-09-23 15:49:43,700 - mylogger - INFO - 第 3 题
2018-09-23 15:49:44,011 - mylogger - INFO - 我国第一辆国产三轮汽车诞生于哪一年？
2018-09-23 15:49:45,025 - mylogger - INFO - ['1950年', '1957年', '1960年']
2018-09-23 15:49:45,030 - mylogger - INFO - 数据库中检索答案
2018-09-23 15:49:45,031 - mylogger - INFO - 数据中无答案
2018-09-23 15:49:45,803 - mylogger - INFO - 在线检索答案：1957年
2018-09-23 15:49:45,804 - mylogger - INFO - 我的答案：1957年
2018-09-23 15:49:46,439 - mylogger - INFO - 选择选项
2018-09-23 15:49:48,960 - mylogger - INFO - 答案正确
2018-09-23 15:49:48,961 - mylogger - INFO - 更新答案
2018-09-23 15:49:51,369 - mylogger - INFO - 本题结束
2018-09-23 15:49:51,371 - mylogger - INFO - 获取题目
2018-09-23 15:49:53,383 - mylogger - INFO - 第 4 题
2018-09-23 15:49:53,732 - mylogger - INFO - 《存在与时间》是谁的作品？
2018-09-23 15:49:54,719 - mylogger - INFO - ['海德格尔', '黑格尔', '胡塞尔']
2018-09-23 15:49:54,722 - mylogger - INFO - 数据库中检索答案
2018-09-23 15:49:54,723 - mylogger - INFO - 数据中无答案
2018-09-23 15:49:55,042 - mylogger - INFO - 在线检索答案：海德格尔
2018-09-23 15:49:55,042 - mylogger - INFO - 我的答案：海德格尔
2018-09-23 15:49:55,663 - mylogger - INFO - 选择选项
2018-09-23 15:49:58,107 - mylogger - INFO - 答案正确
2018-09-23 15:49:58,108 - mylogger - INFO - 更新答案
2018-09-23 15:49:59,447 - mylogger - INFO - 本题结束
2018-09-23 15:49:59,451 - mylogger - INFO - 获取题目
2018-09-23 15:50:02,570 - mylogger - INFO - 第 5 题
2018-09-23 15:50:02,842 - mylogger - INFO - 建筑师扎哈·哈迪德的代表作品不包括以下哪一个？
2018-09-23 15:50:03,691 - mylogger - INFO - ['伦敦伊顿广场', '卡迪夫湾歌剧院', '密尔沃基美术馆']
2018-09-23 15:50:03,695 - mylogger - INFO - 数据库中检索答案
2018-09-23 15:50:03,695 - mylogger - INFO - 数据中无答案
2018-09-23 15:50:04,526 - mylogger - INFO - 在线检索答案：伦敦伊顿广场
2018-09-23 15:50:04,526 - mylogger - INFO - 我的答案：伦敦伊顿广场
2018-09-23 15:50:05,168 - mylogger - INFO - 选择选项
2018-09-23 15:50:07,722 - mylogger - INFO - 答案错误
2018-09-23 15:50:07,939 - mylogger - INFO - 正确答案；密尔沃基美术馆
2018-09-23 15:50:07,939 - mylogger - INFO - 更新答案
2018-09-23 15:50:10,362 - mylogger - INFO - 本题结束
2018-09-23 15:50:10,496 - mylogger - INFO - 本场比赛结束
2018-09-23 15:50:10,775 - mylogger - INFO - 返回游戏页面
2018-09-23 15:50:12,355 - mylogger - INFO - 进入排位赛
2018-09-23 15:50:12,355 - mylogger - INFO - 正在匹配中......
2018-09-23 15:50:40,592 - mylogger - INFO - 匹配成功
2018-09-23 15:50:40,592 - mylogger - INFO - 获取题目
2018-09-23 15:50:42,528 - mylogger - INFO - 第 1 题
2018-09-23 15:50:42,889 - mylogger - INFO - 观看别人下棋时，应该（）
2018-09-23 15:50:43,860 - mylogger - INFO - ['保持一定距离', '吵闹喧哗', '移动对局者已下的棋']
2018-09-23 15:50:43,863 - mylogger - INFO - 数据库中检索答案
2018-09-23 15:50:43,863 - mylogger - INFO - 数据中无答案
2018-09-23 15:50:45,038 - mylogger - INFO - 在线检索答案：保持一定距离
2018-09-23 15:50:45,317 - mylogger - INFO - 我的答案：保持一定距离
2018-09-23 15:50:45,905 - mylogger - INFO - 选择选项
2018-09-23 15:50:48,321 - mylogger - INFO - 答案正确
2018-09-23 15:50:48,322 - mylogger - INFO - 更新答案
2018-09-23 15:50:50,732 - mylogger - INFO - 本题结束
2018-09-23 15:50:50,733 - mylogger - INFO - 获取题目
2018-09-23 15:50:53,760 - mylogger - INFO - 第 2 题
2018-09-23 15:50:54,100 - mylogger - INFO - 歌词“我得到没有，没法解释得失错漏”是出自陈百强的哪一首歌？
2018-09-23 15:50:55,150 - mylogger - INFO - ['《泡沫》', '《无悔这一生》', '《一生何求》']
2018-09-23 15:50:55,155 - mylogger - INFO - 数据库中检索答案
2018-09-23 15:50:55,155 - mylogger - INFO - 数据中无答案
2018-09-23 15:50:56,173 - mylogger - INFO - 在线检索答案：《一生何求》
2018-09-23 15:50:56,173 - mylogger - INFO - 我的答案：《一生何求》
2018-09-23 15:50:56,744 - mylogger - INFO - 选择选项
2018-09-23 15:50:59,185 - mylogger - INFO - 答案正确
2018-09-23 15:50:59,186 - mylogger - INFO - 更新答案
2018-09-23 15:51:03,938 - mylogger - INFO - 本题结束
2018-09-23 15:51:03,939 - mylogger - INFO - 获取题目
2018-09-23 15:51:06,958 - mylogger - INFO - 第 3 题
2018-09-23 15:51:07,276 - mylogger - INFO - 圆舞曲《蓝色多瑙河》的作者是哪一位施特劳斯？
2018-09-23 15:51:08,217 - mylogger - INFO - ['约翰', '约瑟夫', '弗朗茨']
2018-09-23 15:51:08,221 - mylogger - INFO - 数据库中检索答案
2018-09-23 15:51:08,222 - mylogger - INFO - 数据中无答案
2018-09-23 15:51:10,317 - mylogger - INFO - 在线检索答案：约翰
2018-09-23 15:51:10,318 - mylogger - INFO - 我的答案：约翰
2018-09-23 15:51:10,906 - mylogger - INFO - 选择选项
2018-09-23 15:51:13,401 - mylogger - INFO - 答案正确
2018-09-23 15:51:13,402 - mylogger - INFO - 更新答案
2018-09-23 15:51:14,750 - mylogger - INFO - 本题结束
2018-09-23 15:51:14,752 - mylogger - INFO - 获取题目
2018-09-23 15:51:16,629 - mylogger - INFO - 第 4 题
2018-09-23 15:51:16,938 - mylogger - INFO - 中国国家男子足球队于哪一年首次跻身世界杯决赛圈？
2018-09-23 15:51:17,858 - mylogger - INFO - ['2006年', '2001年', '2010年']
2018-09-23 15:51:17,862 - mylogger - INFO - 数据库中检索答案
2018-09-23 15:51:17,863 - mylogger - INFO - 数据中无答案
2018-09-23 15:51:18,836 - mylogger - INFO - 在线检索答案：2001年
2018-09-23 15:51:18,836 - mylogger - INFO - 我的答案：2001年
2018-09-23 15:51:19,410 - mylogger - INFO - 选择选项
2018-09-23 15:51:21,924 - mylogger - INFO - 答案正确
2018-09-23 15:51:21,925 - mylogger - INFO - 更新答案
2018-09-23 15:51:27,752 - mylogger - INFO - 本题结束
2018-09-23 15:51:27,753 - mylogger - INFO - 获取题目
2018-09-23 15:51:29,674 - mylogger - INFO - 第 5 题
2018-09-23 15:51:30,012 - mylogger - INFO - 哪种动物被称为“野生世界中的建筑师”？
2018-09-23 15:51:31,048 - mylogger - INFO - ['猫鼬', '河狸', '水獭']
2018-09-23 15:51:31,052 - mylogger - INFO - 数据库中检索答案
2018-09-23 15:51:31,052 - mylogger - INFO - 数据中无答案
2018-09-23 15:51:31,827 - mylogger - INFO - 在线检索答案：河狸
2018-09-23 15:51:31,827 - mylogger - INFO - 我的答案：河狸
2018-09-23 15:51:32,394 - mylogger - INFO - 选择选项
2018-09-23 15:51:34,891 - mylogger - INFO - 答案正确
2018-09-23 15:51:34,892 - mylogger - INFO - 更新答案
2018-09-23 15:51:39,585 - mylogger - INFO - 本题结束
2018-09-23 15:51:39,702 - mylogger - INFO - 本场比赛结束
2018-09-23 15:51:39,963 - mylogger - INFO - 返回游戏页面
2018-09-23 15:51:41,562 - mylogger - INFO - 进入排位赛
2018-09-23 15:51:41,562 - mylogger - INFO - 正在匹配中......
2018-09-23 15:52:03,401 - mylogger - INFO - 匹配成功
2018-09-23 15:52:03,402 - mylogger - INFO - 获取题目
2018-09-23 15:52:06,574 - mylogger - INFO - 第 1 题
2018-09-23 15:52:06,924 - mylogger - INFO - “春分后十五日，斗指丁，为清明。”下列说法与清明不符的是
2018-09-23 15:52:07,984 - mylogger - INFO - ['清明前后,点瓜种豆', '忽如一夜春风来', '清明时节雨纷纷']
2018-09-23 15:52:07,990 - mylogger - INFO - 数据库中检索答案
2018-09-23 15:52:07,990 - mylogger - INFO - 数据中无答案
2018-09-23 15:52:08,898 - mylogger - INFO - 在线检索答案：忽如一夜春风来
2018-09-23 15:52:08,899 - mylogger - INFO - 我的答案：忽如一夜春风来
2018-09-23 15:52:09,456 - mylogger - INFO - 选择选项
2018-09-23 15:52:11,896 - mylogger - INFO - 答案正确
2018-09-23 15:52:11,896 - mylogger - INFO - 更新答案
2018-09-23 15:52:14,338 - mylogger - INFO - 本题结束
2018-09-23 15:52:14,339 - mylogger - INFO - 获取题目
2018-09-23 15:52:16,126 - mylogger - INFO - 第 2 题
2018-09-23 15:52:16,436 - mylogger - INFO - 艾滋感染者的潜伏期一般在多久后才会发展成艾滋病病人？
2018-09-23 15:52:17,381 - mylogger - INFO - ['1年以内', '9~10年', '1~2年']
2018-09-23 15:52:17,386 - mylogger - INFO - 数据库中检索答案
2018-09-23 15:52:17,387 - mylogger - INFO - 数据中无答案
2018-09-23 15:52:18,267 - mylogger - INFO - 在线检索答案：
2018-09-23 15:52:18,267 - mylogger - INFO - 我的答案：1年以内
2018-09-23 15:52:18,824 - mylogger - INFO - 选择选项
2018-09-23 15:52:21,260 - mylogger - INFO - 答案错误
2018-09-23 15:52:21,400 - mylogger - INFO - 正确答案；9~10年
2018-09-23 15:52:21,400 - mylogger - INFO - 更新答案
2018-09-23 15:52:28,529 - mylogger - INFO - 本题结束
2018-09-23 15:52:28,530 - mylogger - INFO - 获取题目
2018-09-23 15:52:31,641 - mylogger - INFO - 第 3 题
2018-09-23 15:52:31,950 - mylogger - INFO - 华晨宇在2016年的“天籁之战”节目上改编了哪首“神曲”？
2018-09-23 15:52:32,949 - mylogger - INFO - ['《我离孤单几公里》', '《我的滑板鞋》', '《忐忑》']
2018-09-23 15:52:32,953 - mylogger - INFO - 数据库中检索答案
2018-09-23 15:52:32,954 - mylogger - INFO - 数据中无答案
2018-09-23 15:52:33,763 - mylogger - INFO - 在线检索答案：《我的滑板鞋》
2018-09-23 15:52:33,763 - mylogger - INFO - 我的答案：《我的滑板鞋》
2018-09-23 15:52:34,300 - mylogger - INFO - 选择选项
2018-09-23 15:52:36,847 - mylogger - INFO - 答案正确
2018-09-23 15:52:36,847 - mylogger - INFO - 更新答案
2018-09-23 15:52:46,151 - mylogger - INFO - 本题结束
2018-09-23 15:52:46,152 - mylogger - INFO - 获取题目
2018-09-23 15:52:47,957 - mylogger - INFO - 第 4 题
2018-09-23 15:52:48,237 - mylogger - INFO - 古文献记载未解决十二生肖的文化源头，古今学者主要有几种说法？
2018-09-23 15:52:49,169 - mylogger - INFO - ['3', '4', '5']
2018-09-23 15:52:49,172 - mylogger - INFO - 数据库中检索答案
2018-09-23 15:52:49,172 - mylogger - INFO - 数据中无答案
2018-09-23 15:52:50,179 - mylogger - INFO - 在线检索答案：5
2018-09-23 15:52:50,179 - mylogger - INFO - 我的答案：5
2018-09-23 15:52:50,706 - mylogger - INFO - 选择选项
2018-09-23 15:52:53,256 - mylogger - INFO - 答案错误
2018-09-23 15:52:53,521 - mylogger - INFO - 正确答案；4
2018-09-23 15:52:53,521 - mylogger - INFO - 更新答案
2018-09-23 15:53:02,790 - mylogger - INFO - 本题结束
2018-09-23 15:53:02,791 - mylogger - INFO - 获取题目
2018-09-23 15:53:05,851 - mylogger - INFO - 第 5 题
2018-09-23 15:53:06,190 - mylogger - INFO - IBM总部位于？
2018-09-23 15:53:07,119 - mylogger - INFO - ['阿蒙克', '伯明翰', '洛杉矶']
2018-09-23 15:53:07,124 - mylogger - INFO - 数据库中检索答案
2018-09-23 15:53:07,125 - mylogger - INFO - 数据中无答案
2018-09-23 15:53:07,947 - mylogger - INFO - 在线检索答案：阿蒙克
2018-09-23 15:53:07,948 - mylogger - INFO - 我的答案：阿蒙克
2018-09-23 15:53:08,536 - mylogger - INFO - 选择选项
2018-09-23 15:53:11,057 - mylogger - INFO - 答案正确
2018-09-23 15:53:11,058 - mylogger - INFO - 更新答案
2018-09-23 15:53:20,390 - mylogger - INFO - 本题结束
2018-09-23 15:53:20,523 - mylogger - INFO - 本场比赛结束
2018-09-23 15:53:20,787 - mylogger - INFO - 返回游戏页面
2018-09-23 15:53:22,403 - mylogger - INFO - 进入排位赛
2018-09-23 15:53:22,404 - mylogger - INFO - 正在匹配中......
2018-09-23 15:53:54,973 - mylogger - INFO - 匹配成功
2018-09-23 15:53:54,974 - mylogger - INFO - 获取题目
2018-09-23 15:53:58,204 - mylogger - INFO - 第 1 题
2018-09-23 15:53:58,525 - mylogger - INFO - 小数0.618被称作什么？
2018-09-23 15:53:59,425 - mylogger - INFO - ['黄金分割点', '圆周率', '重力加速度']
2018-09-23 15:53:59,429 - mylogger - INFO - 数据库中检索答案
2018-09-23 15:53:59,429 - mylogger - INFO - 数据中无答案
2018-09-23 15:54:00,079 - mylogger - INFO - 在线检索答案：黄金分割点
2018-09-23 15:54:00,079 - mylogger - INFO - 我的答案：黄金分割点
2018-09-23 15:54:00,628 - mylogger - INFO - 选择选项
2018-09-23 15:54:03,585 - mylogger - INFO - 答案正确
2018-09-23 15:54:03,586 - mylogger - INFO - 更新答案
2018-09-23 15:54:07,232 - mylogger - INFO - 本题结束
2018-09-23 15:54:07,233 - mylogger - INFO - 获取题目
2018-09-23 15:54:09,081 - mylogger - INFO - 第 2 题
2018-09-23 15:54:09,449 - mylogger - INFO - 电动吸引器吸痰是利用
2018-09-23 15:54:10,478 - mylogger - INFO - ['空吸作用', '负压作用', '静压作用']
2018-09-23 15:54:10,482 - mylogger - INFO - 数据库中检索答案
2018-09-23 15:54:10,483 - mylogger - INFO - 数据中无答案
2018-09-23 15:54:11,388 - mylogger - INFO - 在线检索答案：负压作用
2018-09-23 15:54:11,388 - mylogger - INFO - 我的答案：负压作用
2018-09-23 15:54:11,933 - mylogger - INFO - 选择选项
2018-09-23 15:54:14,438 - mylogger - INFO - 答案正确
2018-09-23 15:54:14,439 - mylogger - INFO - 更新答案
2018-09-23 15:54:17,997 - mylogger - INFO - 本题结束
2018-09-23 15:54:17,999 - mylogger - INFO - 获取题目
2018-09-23 15:54:21,002 - mylogger - INFO - 第 3 题
2018-09-23 15:54:21,313 - mylogger - INFO - 二战时期，创造“狼群”战术的德国海军将令是？
2018-09-23 15:54:22,357 - mylogger - INFO - ['舍尔', '邓尼茨', '吕特晏斯']
2018-09-23 15:54:22,361 - mylogger - INFO - 数据库中检索答案
2018-09-23 15:54:22,362 - mylogger - INFO - 数据中无答案
2018-09-23 15:54:23,347 - mylogger - INFO - 在线检索答案：邓尼茨
2018-09-23 15:54:23,347 - mylogger - INFO - 我的答案：邓尼茨
2018-09-23 15:54:23,897 - mylogger - INFO - 选择选项
2018-09-23 15:54:26,352 - mylogger - INFO - 答案正确
2018-09-23 15:54:26,353 - mylogger - INFO - 更新答案
2018-09-23 15:54:28,806 - mylogger - INFO - 本题结束
2018-09-23 15:54:28,818 - mylogger - INFO - 获取题目
2018-09-23 15:54:30,662 - mylogger - INFO - 第 4 题
2018-09-23 15:54:30,970 - mylogger - INFO - 以下选项中，哪一个是世界上最早投入实战的弹道导弹？
2018-09-23 15:54:32,119 - mylogger - INFO - ['飞毛腿导弹', '爱国者导弹', 'V-2导弹']
2018-09-23 15:54:32,123 - mylogger - INFO - 数据库中检索答案
2018-09-23 15:54:32,124 - mylogger - INFO - 数据中无答案
2018-09-23 15:54:34,141 - mylogger - INFO - 在线检索答案：V-2导弹
2018-09-23 15:54:34,141 - mylogger - INFO - 我的答案：V-2导弹
2018-09-23 15:54:34,706 - mylogger - INFO - 选择选项
2018-09-23 15:54:37,276 - mylogger - INFO - 答案正确
2018-09-23 15:54:37,277 - mylogger - INFO - 更新答案
2018-09-23 15:54:39,731 - mylogger - INFO - 本题结束
2018-09-23 15:54:39,733 - mylogger - INFO - 获取题目
2018-09-23 15:54:42,870 - mylogger - INFO - 第 5 题
2018-09-23 15:54:43,227 - mylogger - INFO - 以下哪道菜不属于鲁菜的代表菜？
2018-09-23 15:54:44,214 - mylogger - INFO - ['糟溜鱼片', '锅包肉', '九转大肠']
2018-09-23 15:54:44,218 - mylogger - INFO - 数据库中检索答案
2018-09-23 15:54:44,218 - mylogger - INFO - 数据中无答案
2018-09-23 15:54:45,025 - mylogger - INFO - 在线检索答案：糟溜鱼片
2018-09-23 15:54:45,025 - mylogger - INFO - 我的答案：糟溜鱼片
2018-09-23 15:54:45,643 - mylogger - INFO - 选择选项
2018-09-23 15:54:48,111 - mylogger - INFO - 答案错误
2018-09-23 15:54:48,354 - mylogger - INFO - 正确答案；锅包肉
2018-09-23 15:54:48,355 - mylogger - INFO - 更新答案
2018-09-23 15:54:50,795 - mylogger - INFO - 本题结束
2018-09-23 15:54:51,003 - mylogger - INFO - 本场比赛结束
2018-09-23 15:54:51,259 - mylogger - INFO - 返回游戏页面
2018-09-23 15:54:52,763 - mylogger - INFO - 进入排位赛
2018-09-23 15:54:52,763 - mylogger - INFO - 正在匹配中......
2018-09-23 15:55:53,257 - mylogger - WARNING - 匹配失败
2018-09-23 15:55:53,504 - mylogger - INFO - 返回游戏页面
2018-09-23 15:55:55,089 - mylogger - INFO - 进入排位赛
2018-09-23 15:55:55,089 - mylogger - INFO - 正在匹配中......
2018-09-23 15:56:25,567 - mylogger - INFO - 匹配成功
2018-09-23 15:56:25,567 - mylogger - INFO - 获取题目
2018-09-23 15:56:28,807 - mylogger - INFO - 第 1 题
2018-09-23 15:56:29,127 - mylogger - INFO - 都梁的哪部小说被改编为由刘烨主演的同名电视剧？
2018-09-23 15:56:30,107 - mylogger - INFO - ['《追凶者也》', '《王的盛宴》', '《血色浪漫》']
2018-09-23 15:56:30,115 - mylogger - INFO - 数据库中检索答案
2018-09-23 15:56:30,115 - mylogger - INFO - 数据中无答案
2018-09-23 15:56:32,267 - mylogger - INFO - 在线检索答案：《血色浪漫》
2018-09-23 15:56:32,267 - mylogger - INFO - 我的答案：《血色浪漫》
2018-09-23 15:56:32,887 - mylogger - INFO - 选择选项
2018-09-23 15:56:35,314 - mylogger - INFO - 答案正确
2018-09-23 15:56:35,315 - mylogger - INFO - 更新答案
2018-09-23 15:56:36,674 - mylogger - INFO - 本题结束
2018-09-23 15:56:36,675 - mylogger - INFO - 获取题目
2018-09-23 15:56:38,539 - mylogger - INFO - 第 2 题
2018-09-23 15:56:38,843 - mylogger - INFO - 以下哪一次战争，是世界历史上第一次欧亚两洲大规模国际战争？
2018-09-23 15:56:39,795 - mylogger - INFO - ['高加索战争', '希波战争', '布匿战争']
2018-09-23 15:56:39,799 - mylogger - INFO - 数据库中检索答案
2018-09-23 15:56:39,800 - mylogger - INFO - 数据中无答案
2018-09-23 15:56:40,998 - mylogger - INFO - 在线检索答案：希波战争
2018-09-23 15:56:40,999 - mylogger - INFO - 我的答案：希波战争
2018-09-23 15:56:41,575 - mylogger - INFO - 选择选项
2018-09-23 15:56:44,111 - mylogger - INFO - 答案正确
2018-09-23 15:56:44,111 - mylogger - INFO - 更新答案
2018-09-23 15:56:48,847 - mylogger - INFO - 本题结束
2018-09-23 15:56:48,848 - mylogger - INFO - 获取题目
2018-09-23 15:56:51,812 - mylogger - INFO - 第 3 题
2018-09-23 15:56:52,130 - mylogger - INFO - 下列不属于《三十六计》的是
2018-09-23 15:56:53,143 - mylogger - INFO - ['浑水摸鱼', '反戈一击', '笑里藏刀']
2018-09-23 15:56:53,148 - mylogger - INFO - 数据库中检索答案
2018-09-23 15:56:53,148 - mylogger - INFO - 数据中无答案
2018-09-23 15:56:54,373 - mylogger - INFO - 在线检索答案：笑里藏刀
2018-09-23 15:56:54,373 - mylogger - INFO - 我的答案：笑里藏刀
2018-09-23 15:56:54,935 - mylogger - INFO - 选择选项
2018-09-23 15:56:57,411 - mylogger - INFO - 答案错误
2018-09-23 15:56:57,666 - mylogger - INFO - 正确答案；反戈一击
2018-09-23 15:56:57,667 - mylogger - INFO - 更新答案
2018-09-23 15:56:58,993 - mylogger - INFO - 本题结束
2018-09-23 15:56:58,996 - mylogger - INFO - 获取题目
2018-09-23 15:57:00,821 - mylogger - INFO - 第 4 题
2018-09-23 15:57:01,125 - mylogger - INFO - 以下哪种特征不属于苹果型身材？
2018-09-23 15:57:02,053 - mylogger - INFO - ['下肢纤细修长', '腰细臀宽', '腰腹突出']
2018-09-23 15:57:02,059 - mylogger - INFO - 数据库中检索答案
2018-09-23 15:57:02,060 - mylogger - INFO - 数据中无答案
2018-09-23 15:57:02,893 - mylogger - INFO - 在线检索答案：腰细臀宽
2018-09-23 15:57:02,894 - mylogger - INFO - 我的答案：腰细臀宽
2018-09-23 15:57:03,446 - mylogger - INFO - 选择选项
2018-09-23 15:57:05,898 - mylogger - INFO - 答案正确
2018-09-23 15:57:05,899 - mylogger - INFO - 更新答案
2018-09-23 15:57:07,163 - mylogger - INFO - 本题结束
2018-09-23 15:57:07,164 - mylogger - INFO - 获取题目
2018-09-23 15:57:10,257 - mylogger - INFO - 第 5 题
2018-09-23 15:57:10,559 - mylogger - INFO - 以制造拖拉机起家的意大利著名汽车品牌是？
2018-09-23 15:57:11,532 - mylogger - INFO - ['保时捷', '法拉利', '兰博基尼']
2018-09-23 15:57:11,538 - mylogger - INFO - 数据库中检索答案
2018-09-23 15:57:11,538 - mylogger - INFO - 数据中无答案
2018-09-23 15:57:13,658 - mylogger - INFO - 在线检索答案：兰博基尼
2018-09-23 15:57:13,658 - mylogger - INFO - 我的答案：兰博基尼
2018-09-23 15:57:14,248 - mylogger - INFO - 选择选项
2018-09-23 15:57:16,649 - mylogger - INFO - 答案正确
2018-09-23 15:57:16,649 - mylogger - INFO - 更新答案
2018-09-23 15:57:19,286 - mylogger - INFO - 本题结束
2018-09-23 15:57:19,404 - mylogger - INFO - 本场比赛结束
2018-09-23 15:57:19,690 - mylogger - INFO - 返回游戏页面
2018-09-23 15:57:21,253 - mylogger - INFO - 进入排位赛
2018-09-23 15:57:21,254 - mylogger - INFO - 正在匹配中......
2018-09-23 15:57:46,124 - mylogger - INFO - 匹配成功
2018-09-23 15:57:46,124 - mylogger - INFO - 获取题目
2018-09-23 15:57:49,205 - mylogger - INFO - 第 1 题
2018-09-23 15:57:49,890 - mylogger - INFO - 贵州茅台酒属于哪种白酒香型？
2018-09-23 15:57:51,031 - mylogger - INFO - ['清香型', '酱香型', '米香型']
2018-09-23 15:57:51,038 - mylogger - INFO - 数据库中检索答案
2018-09-23 15:57:51,039 - mylogger - INFO - 数据中无答案
2018-09-23 15:57:51,957 - mylogger - INFO - 在线检索答案：酱香型
2018-09-23 15:57:51,957 - mylogger - INFO - 我的答案：酱香型
2018-09-23 15:57:52,575 - mylogger - INFO - 选择选项
2018-09-23 15:57:55,011 - mylogger - INFO - 答案正确
2018-09-23 15:57:55,011 - mylogger - INFO - 更新答案
2018-09-23 15:57:56,422 - mylogger - INFO - 本题结束
2018-09-23 15:57:56,434 - mylogger - INFO - 获取题目
2018-09-23 15:57:58,253 - mylogger - INFO - 第 2 题
2018-09-23 15:57:58,577 - mylogger - INFO - “程菲跳”是程菲在哪个项目的独创动作？
2018-09-23 15:57:59,640 - mylogger - INFO - ['跳马', '平衡木', '自由体操']
2018-09-23 15:57:59,646 - mylogger - INFO - 数据库中检索答案
2018-09-23 15:57:59,646 - mylogger - INFO - 数据中无答案
2018-09-23 15:58:00,524 - mylogger - INFO - 在线检索答案：跳马
2018-09-23 15:58:00,524 - mylogger - INFO - 我的答案：跳马
2018-09-23 15:58:01,147 - mylogger - INFO - 选择选项
2018-09-23 15:58:03,568 - mylogger - INFO - 答案正确
2018-09-23 15:58:03,569 - mylogger - INFO - 更新答案
2018-09-23 15:58:06,097 - mylogger - INFO - 本题结束
2018-09-23 15:58:06,098 - mylogger - INFO - 获取题目
2018-09-23 15:58:09,160 - mylogger - INFO - 第 3 题
2018-09-23 15:58:09,528 - mylogger - INFO - “我善养吾浩然之气”是谁说的？
2018-09-23 15:58:10,552 - mylogger - INFO - ['孔子', '韩非子', '孟子']
2018-09-23 15:58:10,557 - mylogger - INFO - 数据库中检索答案
2018-09-23 15:58:10,558 - mylogger - INFO - 数据中无答案
2018-09-23 15:58:10,957 - mylogger - INFO - 在线检索答案：孟子
2018-09-23 15:58:10,957 - mylogger - INFO - 我的答案：孟子
2018-09-23 15:58:11,526 - mylogger - INFO - 选择选项
2018-09-23 15:58:13,944 - mylogger - INFO - 答案正确
2018-09-23 15:58:13,945 - mylogger - INFO - 更新答案
2018-09-23 15:58:15,291 - mylogger - INFO - 本题结束
2018-09-23 15:58:15,295 - mylogger - INFO - 获取题目
2018-09-23 15:58:17,190 - mylogger - INFO - 第 4 题
2018-09-23 15:58:17,548 - mylogger - INFO - 穿雾能力最强的光是
2018-09-23 15:58:18,556 - mylogger - INFO - ['蓝色光', '黄色光', '红色光']
2018-09-23 15:58:18,562 - mylogger - INFO - 数据库中检索答案
2018-09-23 15:58:18,563 - mylogger - INFO - 数据中无答案
2018-09-23 15:58:19,389 - mylogger - INFO - 在线检索答案：黄色光
2018-09-23 15:58:19,390 - mylogger - INFO - 我的答案：黄色光
2018-09-23 15:58:19,930 - mylogger - INFO - 选择选项
2018-09-23 15:58:22,322 - mylogger - INFO - 答案正确
2018-09-23 15:58:22,323 - mylogger - INFO - 更新答案
2018-09-23 15:58:24,770 - mylogger - INFO - 本题结束
2018-09-23 15:58:24,775 - mylogger - INFO - 获取题目
2018-09-23 15:58:26,663 - mylogger - INFO - 第 5 题
2018-09-23 15:58:26,961 - mylogger - INFO - 下围棋时，棋子被包围，（）不是做活的方法。
2018-09-23 15:58:27,880 - mylogger - INFO - ['扩大眼位', '占领眼位要点', '缩小眼位']
2018-09-23 15:58:27,885 - mylogger - INFO - 数据库中检索答案
2018-09-23 15:58:27,886 - mylogger - INFO - 数据中无答案
2018-09-23 15:58:28,700 - mylogger - INFO - 在线检索答案：缩小眼位
2018-09-23 15:58:28,700 - mylogger - INFO - 我的答案：缩小眼位
2018-09-23 15:58:29,318 - mylogger - INFO - 选择选项
2018-09-23 15:58:31,788 - mylogger - INFO - 答案正确
2018-09-23 15:58:31,789 - mylogger - INFO - 更新答案
2018-09-23 15:58:36,679 - mylogger - INFO - 本题结束
2018-09-23 15:58:36,800 - mylogger - INFO - 本场比赛结束
2018-09-23 15:58:37,066 - mylogger - INFO - 返回游戏页面
2018-09-23 15:58:38,632 - mylogger - INFO - 进入排位赛
2018-09-23 15:58:38,632 - mylogger - INFO - 正在匹配中......
2018-09-23 15:59:39,159 - mylogger - INFO - 匹配成功
2018-09-23 15:59:39,160 - mylogger - INFO - 获取题目
2018-09-23 15:59:42,152 - mylogger - INFO - 第 1 题
2018-09-23 15:59:42,536 - mylogger - INFO - 演员魏晨是参加哪个节目而出道的？
2018-09-23 15:59:44,495 - mylogger - INFO - ['《超级女声》', '《快乐男声》', '《我是歌手》']
2018-09-23 15:59:44,501 - mylogger - INFO - 数据库中检索答案
2018-09-23 15:59:44,502 - mylogger - INFO - 数据中无答案
2018-09-23 15:59:45,369 - mylogger - INFO - 在线检索答案：《快乐男声》
2018-09-23 15:59:45,369 - mylogger - INFO - 我的答案：《快乐男声》
2018-09-23 15:59:45,825 - mylogger - INFO - 选择选项
2018-09-23 15:59:48,287 - mylogger - INFO - 答案正确
2018-09-23 15:59:48,287 - mylogger - INFO - 更新答案
2018-09-23 15:59:50,748 - mylogger - INFO - 本题结束
2018-09-23 15:59:50,749 - mylogger - INFO - 获取题目
2018-09-23 15:59:53,883 - mylogger - INFO - 第 2 题
2018-09-23 15:59:54,319 - mylogger - INFO - 深情动听的男女对唱金曲《有一点动心》是张信哲与谁合唱的？
2018-09-23 15:59:55,323 - mylogger - INFO - ['张柏芝', '刘嘉玲', '张爱玲']
2018-09-23 15:59:55,326 - mylogger - INFO - 数据库中检索答案
2018-09-23 15:59:55,327 - mylogger - INFO - 数据中无答案
2018-09-23 15:59:56,126 - mylogger - INFO - 在线检索答案：刘嘉玲
2018-09-23 15:59:56,126 - mylogger - INFO - 我的答案：刘嘉玲
2018-09-23 15:59:56,774 - mylogger - INFO - 选择选项
2018-09-23 15:59:59,227 - mylogger - INFO - 答案正确
2018-09-23 15:59:59,227 - mylogger - INFO - 更新答案
2018-09-23 16:00:00,603 - mylogger - INFO - 本题结束
2018-09-23 16:00:00,603 - mylogger - INFO - 获取题目
2018-09-23 16:00:02,423 - mylogger - INFO - 第 3 题
2018-09-23 16:00:02,731 - mylogger - INFO - 心理学的英文名称是
2018-09-23 16:00:03,462 - mylogger - INFO - ['Psychologist', 'Psychology', 'Psychopath']
2018-09-23 16:00:03,463 - mylogger - INFO - 数据库中检索答案
2018-09-23 16:00:03,463 - mylogger - INFO - 数据中无答案
2018-09-23 16:00:03,814 - mylogger - INFO - 在线检索答案：Psychologist
2018-09-23 16:00:03,814 - mylogger - INFO - 我的答案：Psychologist
2018-09-23 16:00:04,379 - mylogger - INFO - 选择选项
2018-09-23 16:00:06,789 - mylogger - INFO - 答案错误
2018-09-23 16:00:06,916 - mylogger - INFO - 正确答案；Psychology
2018-09-23 16:00:06,916 - mylogger - INFO - 更新答案
2018-09-23 16:00:08,283 - mylogger - INFO - 本题结束
2018-09-23 16:00:08,286 - mylogger - INFO - 获取题目
2018-09-23 16:00:11,321 - mylogger - INFO - 第 4 题
2018-09-23 16:00:11,636 - mylogger - INFO - 中药白芍的主要作用
2018-09-23 16:00:12,768 - mylogger - INFO - ['调和营卫', '敛阴止汗', '缓急利小便']
2018-09-23 16:00:12,772 - mylogger - INFO - 数据库中检索答案
2018-09-23 16:00:12,773 - mylogger - INFO - 数据中无答案
2018-09-23 16:00:13,177 - mylogger - INFO - 在线检索答案：敛阴止汗
2018-09-23 16:00:13,178 - mylogger - INFO - 我的答案：敛阴止汗
2018-09-23 16:00:13,708 - mylogger - INFO - 选择选项
2018-09-23 16:00:16,150 - mylogger - INFO - 答案错误
2018-09-23 16:00:16,363 - mylogger - INFO - 正确答案；缓急利小便
2018-09-23 16:00:16,364 - mylogger - INFO - 更新答案
2018-09-23 16:00:17,682 - mylogger - INFO - 本题结束
2018-09-23 16:00:17,684 - mylogger - INFO - 获取题目
2018-09-23 16:00:19,532 - mylogger - INFO - 第 5 题
2018-09-23 16:00:19,861 - mylogger - INFO - 最能反映人体体温的是
2018-09-23 16:00:20,913 - mylogger - INFO - ['腋窝温度', '口腔温度', '直肠温度']
2018-09-23 16:00:20,918 - mylogger - INFO - 数据库中检索答案
2018-09-23 16:00:20,918 - mylogger - INFO - 数据中无答案
2018-09-23 16:00:21,705 - mylogger - INFO - 在线检索答案：口腔温度
2018-09-23 16:00:21,705 - mylogger - INFO - 我的答案：口腔温度
2018-09-23 16:00:22,307 - mylogger - INFO - 选择选项
2018-09-23 16:00:24,942 - mylogger - INFO - 答案错误
2018-09-23 16:00:25,165 - mylogger - INFO - 更新答案
2018-09-23 16:00:25,378 - mylogger - INFO - 本题结束
2018-09-23 16:00:25,521 - mylogger - INFO - 本场比赛结束
2018-09-23 16:00:25,780 - mylogger - INFO - 返回游戏页面
2018-09-23 16:00:27,380 - mylogger - INFO - 进入排位赛
2018-09-23 16:00:27,381 - mylogger - INFO - 正在匹配中......
2018-09-23 16:00:45,657 - mylogger - INFO - 匹配成功
2018-09-23 16:00:45,657 - mylogger - INFO - 获取题目
2018-09-23 16:00:48,737 - mylogger - INFO - 第 1 题
2018-09-23 16:00:49,110 - mylogger - INFO - 干冰的化学式表达式是？
2018-09-23 16:00:50,266 - mylogger - INFO - ['Na', 'H2O', 'CO2']
2018-09-23 16:00:50,270 - mylogger - INFO - 数据库中检索答案
2018-09-23 16:00:50,270 - mylogger - INFO - 数据中无答案
2018-09-23 16:00:51,051 - mylogger - INFO - 在线检索答案：CO2
2018-09-23 16:00:51,051 - mylogger - INFO - 我的答案：CO2
2018-09-23 16:00:51,613 - mylogger - INFO - 选择选项
2018-09-23 16:00:54,024 - mylogger - INFO - 答案正确
2018-09-23 16:00:54,024 - mylogger - INFO - 更新答案
2018-09-23 16:00:56,489 - mylogger - INFO - 本题结束
2018-09-23 16:00:56,490 - mylogger - INFO - 获取题目
2018-09-23 16:00:58,406 - mylogger - INFO - 第 2 题
2018-09-23 16:00:58,722 - mylogger - INFO - 微软小冰推出的原创诗集是什么？
2018-09-23 16:00:59,781 - mylogger - INFO - ['《阳光失了玻璃窗》', '《利维坦》', '《没有太阳的日子》']
2018-09-23 16:00:59,785 - mylogger - INFO - 数据库中检索答案
2018-09-23 16:00:59,785 - mylogger - INFO - 数据中无答案
2018-09-23 16:01:00,685 - mylogger - INFO - 在线检索答案：《阳光失了玻璃窗》
2018-09-23 16:01:00,686 - mylogger - INFO - 我的答案：《阳光失了玻璃窗》
2018-09-23 16:01:01,287 - mylogger - INFO - 选择选项
2018-09-23 16:01:03,741 - mylogger - INFO - 答案正确
2018-09-23 16:01:03,742 - mylogger - INFO - 更新答案
2018-09-23 16:01:05,010 - mylogger - INFO - 本题结束
2018-09-23 16:01:05,012 - mylogger - INFO - 获取题目
2018-09-23 16:01:06,895 - mylogger - INFO - 第 3 题
2018-09-23 16:01:07,228 - mylogger - INFO - 《无法触碰》又译“触不可及”，该作品是哪个国家的影片？
2018-09-23 16:01:08,258 - mylogger - INFO - ['韩国', '美国', '法国']
2018-09-23 16:01:08,261 - mylogger - INFO - 数据库中检索答案
2018-09-23 16:01:08,262 - mylogger - INFO - 数据中无答案
2018-09-23 16:01:09,063 - mylogger - INFO - 在线检索答案：韩国
2018-09-23 16:01:09,063 - mylogger - INFO - 我的答案：韩国
2018-09-23 16:01:09,610 - mylogger - INFO - 选择选项
2018-09-23 16:01:12,054 - mylogger - INFO - 答案错误
2018-09-23 16:01:12,290 - mylogger - INFO - 正确答案；法国
2018-09-23 16:01:12,291 - mylogger - INFO - 更新答案
2018-09-23 16:01:14,732 - mylogger - INFO - 本题结束
2018-09-23 16:01:14,743 - mylogger - INFO - 获取题目
2018-09-23 16:01:16,607 - mylogger - INFO - 第 4 题
2018-09-23 16:01:16,971 - mylogger - INFO - 由中国举办的第一届“春兰杯”世界职业围棋锦标赛是哪一年开始的？
2018-09-23 16:01:17,934 - mylogger - INFO - ['1997', '1998', '1999']
2018-09-23 16:01:17,939 - mylogger - INFO - 数据库中检索答案
2018-09-23 16:01:17,939 - mylogger - INFO - 数据中无答案
2018-09-23 16:01:18,803 - mylogger - INFO - 在线检索答案：1998
2018-09-23 16:01:18,804 - mylogger - INFO - 我的答案：1998
2018-09-23 16:01:19,487 - mylogger - INFO - 选择选项
2018-09-23 16:01:22,037 - mylogger - INFO - 答案正确
2018-09-23 16:01:22,037 - mylogger - INFO - 更新答案
2018-09-23 16:01:24,497 - mylogger - INFO - 本题结束
2018-09-23 16:01:24,499 - mylogger - INFO - 获取题目
2018-09-23 16:01:27,595 - mylogger - INFO - 第 5 题
2018-09-23 16:01:27,897 - mylogger - INFO - 元宵节是哪个皇帝设定的节日？
2018-09-23 16:01:28,901 - mylogger - INFO - ['汉武帝', '汉文帝', '汉献帝']
2018-09-23 16:01:28,905 - mylogger - INFO - 数据库中检索答案
2018-09-23 16:01:28,906 - mylogger - INFO - 数据中无答案
2018-09-23 16:01:29,682 - mylogger - INFO - 在线检索答案：汉武帝
2018-09-23 16:01:29,682 - mylogger - INFO - 我的答案：汉武帝
2018-09-23 16:01:30,298 - mylogger - INFO - 选择选项
2018-09-23 16:01:33,044 - mylogger - INFO - 答案错误
2018-09-23 16:01:33,236 - mylogger - INFO - 更新答案
2018-09-23 16:01:33,454 - mylogger - INFO - 本题结束
2018-09-23 16:01:33,563 - mylogger - INFO - 本场比赛结束
2018-09-23 16:01:33,846 - mylogger - INFO - 返回游戏页面
2018-09-23 16:01:35,411 - mylogger - INFO - 进入排位赛
2018-09-23 16:01:35,411 - mylogger - INFO - 正在匹配中......
2018-09-23 16:01:57,364 - mylogger - INFO - 匹配成功
2018-09-23 16:01:57,365 - mylogger - INFO - 获取题目
2018-09-23 16:02:00,455 - mylogger - INFO - 第 1 题
2018-09-23 16:02:00,764 - mylogger - INFO - 巴拿马运河连接了哪两个大洋？
2018-09-23 16:02:01,707 - mylogger - INFO - ['印度洋，太平洋', '大西洋，太平洋', '太平洋，北冰洋']
2018-09-23 16:02:01,710 - mylogger - INFO - 数据库中检索答案
2018-09-23 16:02:01,710 - mylogger - INFO - 数据中无答案
2018-09-23 16:02:03,428 - mylogger - INFO - 在线检索答案：
2018-09-23 16:02:03,428 - mylogger - INFO - 我的答案：印度洋，太平洋
2018-09-23 16:02:03,979 - mylogger - INFO - 选择选项
2018-09-23 16:02:06,406 - mylogger - INFO - 答案错误
2018-09-23 16:02:06,599 - mylogger - INFO - 正确答案；大西洋，太平洋
2018-09-23 16:02:06,600 - mylogger - INFO - 更新答案
2018-09-23 16:02:07,922 - mylogger - INFO - 本题结束
2018-09-23 16:02:07,923 - mylogger - INFO - 获取题目
2018-09-23 16:02:09,845 - mylogger - INFO - 第 2 题
2018-09-23 16:02:10,217 - mylogger - INFO - 被入选2015年度“长江学者奖励计划”特聘教授名单的建筑师是谁？
2018-09-23 16:02:11,257 - mylogger - INFO - ['伊东丰雄', '王澍', '贝建中']
2018-09-23 16:02:11,262 - mylogger - INFO - 数据库中检索答案
2018-09-23 16:02:11,262 - mylogger - INFO - 数据中无答案
2018-09-23 16:02:12,127 - mylogger - INFO - 在线检索答案：王澍
2018-09-23 16:02:12,128 - mylogger - INFO - 我的答案：王澍
2018-09-23 16:02:12,701 - mylogger - INFO - 选择选项
2018-09-23 16:02:15,141 - mylogger - INFO - 答案正确
2018-09-23 16:02:15,142 - mylogger - INFO - 更新答案
2018-09-23 16:02:16,557 - mylogger - INFO - 本题结束
2018-09-23 16:02:16,559 - mylogger - INFO - 获取题目
2018-09-23 16:02:18,513 - mylogger - INFO - 第 3 题
2018-09-23 16:02:18,841 - mylogger - INFO - 池塘里荷花每天增长一倍，20天长满池塘。荷花长满半个池塘需要多少天？
2018-09-23 16:02:19,916 - mylogger - INFO - ['五天', '15天', '19天']
2018-09-23 16:02:19,920 - mylogger - INFO - 数据库中检索答案
2018-09-23 16:02:19,921 - mylogger - INFO - 数据中无答案
2018-09-23 16:02:20,870 - mylogger - INFO - 在线检索答案：19天
2018-09-23 16:02:20,870 - mylogger - INFO - 我的答案：19天
2018-09-23 16:02:21,472 - mylogger - INFO - 选择选项
2018-09-23 16:02:23,927 - mylogger - INFO - 答案正确
2018-09-23 16:02:23,927 - mylogger - INFO - 更新答案
2018-09-23 16:02:25,244 - mylogger - INFO - 本题结束
2018-09-23 16:02:25,246 - mylogger - INFO - 获取题目
2018-09-23 16:02:27,069 - mylogger - INFO - 第 4 题
2018-09-23 16:02:27,378 - mylogger - INFO - 名句“云破月来花弄影”出自谁的手笔？
2018-09-23 16:02:28,368 - mylogger - INFO - ['柳永', '张先', '韦庄']
2018-09-23 16:02:28,372 - mylogger - INFO - 数据库中检索答案
2018-09-23 16:02:28,373 - mylogger - INFO - 数据中无答案
2018-09-23 16:02:29,108 - mylogger - INFO - 在线检索答案：张先
2018-09-23 16:02:29,108 - mylogger - INFO - 我的答案：张先
2018-09-23 16:02:29,794 - mylogger - INFO - 选择选项
2018-09-23 16:02:32,232 - mylogger - INFO - 答案正确
2018-09-23 16:02:32,233 - mylogger - INFO - 更新答案
2018-09-23 16:02:33,512 - mylogger - INFO - 本题结束
2018-09-23 16:02:33,513 - mylogger - INFO - 获取题目
2018-09-23 16:02:35,443 - mylogger - INFO - 第 5 题
2018-09-23 16:02:35,822 - mylogger - INFO - 除夕前一日，“家置酒宴，亲友间拜访”称为？
2018-09-23 16:02:36,785 - mylogger - INFO - ['别岁', '跨岁', '拜岁']
2018-09-23 16:02:36,791 - mylogger - INFO - 数据库中检索答案
2018-09-23 16:02:36,791 - mylogger - INFO - 数据中无答案
2018-09-23 16:02:37,649 - mylogger - INFO - 在线检索答案：别岁
2018-09-23 16:02:37,650 - mylogger - INFO - 我的答案：别岁
2018-09-23 16:02:38,188 - mylogger - INFO - 选择选项
2018-09-23 16:02:40,589 - mylogger - INFO - 答案正确
2018-09-23 16:02:40,590 - mylogger - INFO - 更新答案
2018-09-23 16:02:43,188 - mylogger - INFO - 本题结束
2018-09-23 16:02:43,305 - mylogger - INFO - 本场比赛结束
2018-09-23 16:02:43,582 - mylogger - INFO - 返回游戏页面
2018-09-23 16:02:45,150 - mylogger - INFO - 进入排位赛
2018-09-23 16:02:45,151 - mylogger - INFO - 正在匹配中......
2018-09-23 16:02:52,430 - mylogger - INFO - 匹配成功
2018-09-23 16:02:52,431 - mylogger - INFO - 获取题目
2018-09-23 16:02:55,506 - mylogger - INFO - 第 1 题
2018-09-23 16:02:55,803 - mylogger - INFO - 世界最大的淡水湖是哪个？
2018-09-23 16:02:56,826 - mylogger - INFO - ['里海', '青海湖', '苏必利尔湖']
2018-09-23 16:02:56,831 - mylogger - INFO - 数据库中检索答案
2018-09-23 16:02:56,831 - mylogger - INFO - 数据中无答案
2018-09-23 16:02:57,737 - mylogger - INFO - 在线检索答案：苏必利尔湖
2018-09-23 16:02:57,738 - mylogger - INFO - 我的答案：苏必利尔湖
2018-09-23 16:02:58,383 - mylogger - INFO - 选择选项
2018-09-23 16:03:00,839 - mylogger - INFO - 答案正确
2018-09-23 16:03:00,839 - mylogger - INFO - 更新答案
2018-09-23 16:03:02,242 - mylogger - INFO - 本题结束
2018-09-23 16:03:02,244 - mylogger - INFO - 获取题目
2018-09-23 16:03:04,140 - mylogger - INFO - 第 2 题
2018-09-23 16:03:04,436 - mylogger - INFO - “四体不勤，五谷不分”出自？
2018-09-23 16:03:05,381 - mylogger - INFO - ['论语', '资治通鉴', '三国志']
2018-09-23 16:03:05,383 - mylogger - INFO - 数据库中检索答案
2018-09-23 16:03:05,383 - mylogger - INFO - 数据中无答案
2018-09-23 16:03:06,135 - mylogger - INFO - 在线检索答案：资治通鉴
2018-09-23 16:03:06,137 - mylogger - INFO - 我的答案：资治通鉴
2018-09-23 16:03:06,753 - mylogger - INFO - 选择选项
2018-09-23 16:03:09,185 - mylogger - INFO - 答案错误
2018-09-23 16:03:09,324 - mylogger - INFO - 正确答案；论语
2018-09-23 16:03:09,325 - mylogger - INFO - 更新答案
2018-09-23 16:03:10,594 - mylogger - INFO - 本题结束
2018-09-23 16:03:10,595 - mylogger - INFO - 获取题目
2018-09-23 16:03:13,692 - mylogger - INFO - 第 3 题
2018-09-23 16:03:14,004 - mylogger - INFO - 马可波罗是在谁在位的时候来到中国的？
2018-09-23 16:03:15,035 - mylogger - INFO - ['忽必烈', '成吉思汗', '李世民']
2018-09-23 16:03:15,039 - mylogger - INFO - 数据库中检索答案
2018-09-23 16:03:15,040 - mylogger - INFO - 数据中无答案
2018-09-23 16:03:15,933 - mylogger - INFO - 在线检索答案：忽必烈
2018-09-23 16:03:15,933 - mylogger - INFO - 我的答案：忽必烈
2018-09-23 16:03:16,475 - mylogger - INFO - 选择选项
2018-09-23 16:03:18,891 - mylogger - INFO - 答案正确
2018-09-23 16:03:18,892 - mylogger - INFO - 更新答案
2018-09-23 16:03:20,210 - mylogger - INFO - 本题结束
2018-09-23 16:03:20,212 - mylogger - INFO - 获取题目
2018-09-23 16:03:23,299 - mylogger - INFO - 第 4 题
2018-09-23 16:03:23,614 - mylogger - INFO - “大珠小珠落玉盘”的上一句是？
2018-09-23 16:03:24,496 - mylogger - INFO - ['嘈嘈切切错杂弹', '转轴拨弦三两声', '轻拢慢捻抹复挑']
2018-09-23 16:03:24,500 - mylogger - INFO - 数据库中检索答案
2018-09-23 16:03:24,501 - mylogger - INFO - 数据中无答案
2018-09-23 16:03:25,229 - mylogger - INFO - 在线检索答案：嘈嘈切切错杂弹
2018-09-23 16:03:25,229 - mylogger - INFO - 我的答案：嘈嘈切切错杂弹
2018-09-23 16:03:25,845 - mylogger - INFO - 选择选项
2018-09-23 16:03:28,286 - mylogger - INFO - 答案正确
2018-09-23 16:03:28,287 - mylogger - INFO - 更新答案
2018-09-23 16:03:29,643 - mylogger - INFO - 本题结束
2018-09-23 16:03:29,645 - mylogger - INFO - 获取题目
2018-09-23 16:03:31,532 - mylogger - INFO - 第 5 题
2018-09-23 16:03:31,848 - mylogger - INFO - “世有伯乐，然后又千里马”中伯乐的原名叫什么？
2018-09-23 16:03:32,772 - mylogger - INFO - ['孙伯乐', '孙阳', '李伯乐']
2018-09-23 16:03:32,775 - mylogger - INFO - 数据库中检索答案
2018-09-23 16:03:32,776 - mylogger - INFO - 数据中无答案
2018-09-23 16:03:33,483 - mylogger - INFO - 在线检索答案：孙阳
2018-09-23 16:03:33,483 - mylogger - INFO - 我的答案：孙阳
2018-09-23 16:03:34,005 - mylogger - INFO - 选择选项
2018-09-23 16:03:36,376 - mylogger - INFO - 答案正确
2018-09-23 16:03:36,376 - mylogger - INFO - 更新答案
2018-09-23 16:03:41,101 - mylogger - INFO - 本题结束
2018-09-23 16:03:41,248 - mylogger - INFO - 本场比赛结束
2018-09-23 16:03:41,511 - mylogger - INFO - 返回游戏页面
2018-09-23 16:03:43,108 - mylogger - INFO - 进入排位赛
2018-09-23 16:03:43,108 - mylogger - INFO - 正在匹配中......
2018-09-23 16:04:25,612 - mylogger - INFO - 匹配成功
2018-09-23 16:04:25,612 - mylogger - INFO - 获取题目
2018-09-23 16:04:27,603 - mylogger - INFO - 第 1 题
2018-09-23 16:04:27,905 - mylogger - INFO - 动画电影与动画片的最大区别是什么？
2018-09-23 16:04:28,859 - mylogger - INFO - ['有好几个女主角', '只有一集', '更没有人看']
2018-09-23 16:04:28,863 - mylogger - INFO - 数据库中检索答案
2018-09-23 16:04:28,863 - mylogger - INFO - 数据中无答案
2018-09-23 16:04:29,769 - mylogger - INFO - 在线检索答案：
2018-09-23 16:04:29,769 - mylogger - INFO - 我的答案：有好几个女主角
2018-09-23 16:04:30,378 - mylogger - INFO - 选择选项
2018-09-23 16:04:32,946 - mylogger - INFO - 答案错误
2018-09-23 16:04:33,063 - mylogger - INFO - 正确答案；只有一集
2018-09-23 16:04:33,064 - mylogger - INFO - 更新答案
2018-09-23 16:04:36,863 - mylogger - INFO - 本题结束
2018-09-23 16:04:36,863 - mylogger - INFO - 获取题目
2018-09-23 16:04:38,727 - mylogger - INFO - 第 2 题
2018-09-23 16:04:39,118 - mylogger - INFO - 以下哪一个是日军在二战中唯一投入量产的两栖战车？
2018-09-23 16:04:40,107 - mylogger - INFO - ['特三式内火艇', '特3号战车', '特二式内火艇']
2018-09-23 16:04:40,111 - mylogger - INFO - 数据库中检索答案
2018-09-23 16:04:40,112 - mylogger - INFO - 数据中无答案
2018-09-23 16:04:40,904 - mylogger - INFO - 在线检索答案：特二式内火艇
2018-09-23 16:04:40,904 - mylogger - INFO - 我的答案：特二式内火艇
2018-09-23 16:04:41,434 - mylogger - INFO - 选择选项
2018-09-23 16:04:43,924 - mylogger - INFO - 答案正确
2018-09-23 16:04:43,924 - mylogger - INFO - 更新答案
2018-09-23 16:04:47,526 - mylogger - INFO - 本题结束
2018-09-23 16:04:47,534 - mylogger - INFO - 获取题目
2018-09-23 16:04:50,628 - mylogger - INFO - 第 3 题
2018-09-23 16:04:50,983 - mylogger - INFO - 以下不属于中国四大名醋之一的是？
2018-09-23 16:04:52,059 - mylogger - INFO - ['镇江香醋', '保宁醋', '岐山醋']
2018-09-23 16:04:52,064 - mylogger - INFO - 数据库中检索答案
2018-09-23 16:04:52,065 - mylogger - INFO - 数据中无答案
2018-09-23 16:04:53,094 - mylogger - INFO - 在线检索答案：岐山醋
2018-09-23 16:04:53,095 - mylogger - INFO - 我的答案：岐山醋
2018-09-23 16:04:53,795 - mylogger - INFO - 选择选项
2018-09-23 16:04:56,308 - mylogger - INFO - 答案正确
2018-09-23 16:04:56,308 - mylogger - INFO - 更新答案
2018-09-23 16:04:57,673 - mylogger - INFO - 本题结束
2018-09-23 16:04:57,674 - mylogger - INFO - 获取题目
2018-09-23 16:04:59,576 - mylogger - INFO - 第 4 题
2018-09-23 16:04:59,890 - mylogger - INFO - 以下哪位是电视节目《奇葩说 第四季》的主持人？
2018-09-23 16:05:00,940 - mylogger - INFO - ['何炅', '吴秀波', '陈鲁豫']
2018-09-23 16:05:00,945 - mylogger - INFO - 数据库中检索答案
2018-09-23 16:05:00,945 - mylogger - INFO - 数据中无答案
2018-09-23 16:05:02,197 - mylogger - INFO - 在线检索答案：何炅
2018-09-23 16:05:02,197 - mylogger - INFO - 我的答案：何炅
2018-09-23 16:05:02,784 - mylogger - INFO - 选择选项
2018-09-23 16:05:05,209 - mylogger - INFO - 答案正确
2018-09-23 16:05:05,210 - mylogger - INFO - 更新答案
2018-09-23 16:05:06,518 - mylogger - INFO - 本题结束
2018-09-23 16:05:06,519 - mylogger - INFO - 获取题目
2018-09-23 16:05:09,605 - mylogger - INFO - 第 5 题
2018-09-23 16:05:09,912 - mylogger - INFO - 全国范围内经营保险业务的保险公司，实收货币资本金不低于人民币
2018-09-23 16:05:11,108 - mylogger - INFO - ['5亿元', '3亿元', '2亿元']
2018-09-23 16:05:11,112 - mylogger - INFO - 数据库中检索答案
2018-09-23 16:05:11,112 - mylogger - INFO - 数据中无答案
2018-09-23 16:05:12,986 - mylogger - INFO - 在线检索答案：3亿元
2018-09-23 16:05:12,987 - mylogger - INFO - 我的答案：3亿元
2018-09-23 16:05:13,548 - mylogger - INFO - 选择选项
2018-09-23 16:05:16,073 - mylogger - INFO - 答案错误
2018-09-23 16:05:16,208 - mylogger - INFO - 正确答案；5亿元
2018-09-23 16:05:16,208 - mylogger - INFO - 更新答案
2018-09-23 16:05:17,668 - mylogger - INFO - 本题结束
2018-09-23 16:05:17,836 - mylogger - INFO - 本场比赛结束
2018-09-23 16:05:18,100 - mylogger - INFO - 返回游戏页面
2018-09-23 16:05:19,661 - mylogger - INFO - 进入排位赛
2018-09-23 16:05:19,662 - mylogger - INFO - 正在匹配中......
2018-09-23 16:05:47,288 - mylogger - INFO - 匹配成功
2018-09-23 16:05:47,289 - mylogger - INFO - 获取题目
2018-09-23 16:05:50,394 - mylogger - INFO - 第 1 题
2018-09-23 16:05:50,718 - mylogger - INFO - 哪个星座是出生在6月22日-7月22日之间的？
2018-09-23 16:05:51,801 - mylogger - INFO - ['巨蟹座', '金牛座', '双子座']
2018-09-23 16:05:51,806 - mylogger - INFO - 数据库中检索答案
2018-09-23 16:05:51,806 - mylogger - INFO - 数据中无答案
2018-09-23 16:05:52,975 - mylogger - INFO - 在线检索答案：巨蟹座
2018-09-23 16:05:52,975 - mylogger - INFO - 我的答案：巨蟹座
2018-09-23 16:05:53,529 - mylogger - INFO - 选择选项
2018-09-23 16:05:56,032 - mylogger - INFO - 答案正确
2018-09-23 16:05:56,032 - mylogger - INFO - 更新答案
2018-09-23 16:05:59,523 - mylogger - INFO - 本题结束
2018-09-23 16:05:59,530 - mylogger - INFO - 获取题目
2018-09-23 16:06:01,365 - mylogger - INFO - 第 2 题
2018-09-23 16:06:01,702 - mylogger - INFO - 在电视剧《来不及说我爱你》中，女主角是谁饰演的？
2018-09-23 16:06:02,707 - mylogger - INFO - ['Angelababy', '李小冉', '赵丽颖']
2018-09-23 16:06:02,711 - mylogger - INFO - 数据库中检索答案
2018-09-23 16:06:02,711 - mylogger - INFO - 数据中无答案
2018-09-23 16:06:03,989 - mylogger - INFO - 在线检索答案：Angelababy
2018-09-23 16:06:03,989 - mylogger - INFO - 我的答案：Angelababy
2018-09-23 16:06:04,575 - mylogger - INFO - 选择选项
2018-09-23 16:06:07,005 - mylogger - INFO - 答案错误
2018-09-23 16:06:07,170 - mylogger - INFO - 正确答案；李小冉
2018-09-23 16:06:07,171 - mylogger - INFO - 更新答案
2018-09-23 16:06:09,645 - mylogger - INFO - 本题结束
2018-09-23 16:06:09,646 - mylogger - INFO - 获取题目
2018-09-23 16:06:11,496 - mylogger - INFO - 第 3 题
2018-09-23 16:06:11,826 - mylogger - INFO - 以下选项中，哪种鱼一次产卵量最多？
2018-09-23 16:06:13,063 - mylogger - INFO - ['鳟鱼', '鲤鱼', '翻车鱼']
2018-09-23 16:06:13,067 - mylogger - INFO - 数据库中检索答案
2018-09-23 16:06:13,067 - mylogger - INFO - 数据中无答案
2018-09-23 16:06:14,902 - mylogger - INFO - 在线检索答案：翻车鱼
2018-09-23 16:06:14,902 - mylogger - INFO - 我的答案：翻车鱼
2018-09-23 16:06:15,530 - mylogger - INFO - 选择选项
2018-09-23 16:06:17,952 - mylogger - INFO - 答案正确
2018-09-23 16:06:17,953 - mylogger - INFO - 更新答案
2018-09-23 16:06:19,278 - mylogger - INFO - 本题结束
2018-09-23 16:06:19,280 - mylogger - INFO - 获取题目
2018-09-23 16:06:21,123 - mylogger - INFO - 第 4 题
2018-09-23 16:06:21,472 - mylogger - INFO - 一个三角形面积是165平方厘米，高是33厘米，底是多少？
2018-09-23 16:06:22,456 - mylogger - INFO - ['10厘米', '5厘米', '20厘米']
2018-09-23 16:06:22,460 - mylogger - INFO - 数据库中检索答案
2018-09-23 16:06:22,461 - mylogger - INFO - 数据中无答案
2018-09-23 16:06:23,392 - mylogger - INFO - 在线检索答案：10厘米
2018-09-23 16:06:23,392 - mylogger - INFO - 我的答案：10厘米
2018-09-23 16:06:23,959 - mylogger - INFO - 选择选项
2018-09-23 16:06:26,349 - mylogger - INFO - 答案正确
2018-09-23 16:06:26,349 - mylogger - INFO - 更新答案
2018-09-23 16:06:31,082 - mylogger - INFO - 本题结束
2018-09-23 16:06:31,082 - mylogger - INFO - 获取题目
2018-09-23 16:06:34,144 - mylogger - INFO - 第 5 题
2018-09-23 16:06:34,472 - mylogger - INFO - 参演过周杰伦《四面楚歌》MV的是以下哪位女星？
2018-09-23 16:06:35,500 - mylogger - INFO - ['杨幂', '蔡依林', '周迅']
2018-09-23 16:06:35,504 - mylogger - INFO - 数据库中检索答案
2018-09-23 16:06:35,504 - mylogger - INFO - 数据中无答案
2018-09-23 16:06:36,862 - mylogger - INFO - 在线检索答案：周迅
2018-09-23 16:06:36,863 - mylogger - INFO - 我的答案：周迅
2018-09-23 16:06:37,379 - mylogger - INFO - 选择选项
2018-09-23 16:06:39,807 - mylogger - INFO - 答案正确
2018-09-23 16:06:39,807 - mylogger - INFO - 更新答案
2018-09-23 16:06:42,264 - mylogger - INFO - 本题结束
2018-09-23 16:06:42,400 - mylogger - INFO - 本场比赛结束
2018-09-23 16:06:42,667 - mylogger - INFO - 返回游戏页面
2018-09-23 16:06:44,339 - mylogger - INFO - 进入排位赛
2018-09-23 16:06:44,340 - mylogger - INFO - 正在匹配中......
2018-09-23 16:07:06,167 - mylogger - INFO - 匹配成功
2018-09-23 16:07:06,168 - mylogger - INFO - 获取题目
2018-09-23 16:07:09,221 - mylogger - INFO - 第 1 题
2018-09-23 16:07:09,607 - mylogger - INFO - 中国哪个传统节日又叫“团圆节”？
2018-09-23 16:07:10,597 - mylogger - INFO - ['中秋节', '元宵节', '除夕']
2018-09-23 16:07:10,601 - mylogger - INFO - 数据库中检索答案
2018-09-23 16:07:10,602 - mylogger - INFO - 数据中无答案
2018-09-23 16:07:11,550 - mylogger - INFO - 在线检索答案：中秋节
2018-09-23 16:07:11,550 - mylogger - INFO - 我的答案：中秋节
2018-09-23 16:07:12,061 - mylogger - INFO - 选择选项
2018-09-23 16:07:14,487 - mylogger - INFO - 答案正确
2018-09-23 16:07:14,487 - mylogger - INFO - 更新答案
2018-09-23 16:07:15,836 - mylogger - INFO - 本题结束
2018-09-23 16:07:15,839 - mylogger - INFO - 获取题目
2018-09-23 16:07:17,756 - mylogger - INFO - 第 2 题
2018-09-23 16:07:18,064 - mylogger - INFO - 周文王的大儿子叫什么名字？
2018-09-23 16:07:19,113 - mylogger - INFO - ['雷震子', '姬发', '伯邑考']
2018-09-23 16:07:19,117 - mylogger - INFO - 数据库中检索答案
2018-09-23 16:07:19,118 - mylogger - INFO - 数据中无答案
2018-09-23 16:07:19,812 - mylogger - INFO - 在线检索答案：伯邑考
2018-09-23 16:07:19,812 - mylogger - INFO - 我的答案：伯邑考
2018-09-23 16:07:20,442 - mylogger - INFO - 选择选项
2018-09-23 16:07:22,891 - mylogger - INFO - 答案正确
2018-09-23 16:07:22,891 - mylogger - INFO - 更新答案
2018-09-23 16:07:24,245 - mylogger - INFO - 本题结束
2018-09-23 16:07:24,247 - mylogger - INFO - 获取题目
2018-09-23 16:07:26,121 - mylogger - INFO - 第 3 题
2018-09-23 16:07:26,442 - mylogger - INFO - “chili”是哪个品牌的口红色号？
2018-09-23 16:07:27,366 - mylogger - INFO - ['Dior', 'M.A.C', 'YSL']
2018-09-23 16:07:27,371 - mylogger - INFO - 数据库中检索答案
2018-09-23 16:07:27,372 - mylogger - INFO - 数据中无答案
2018-09-23 16:07:27,995 - mylogger - INFO - 在线检索答案：
2018-09-23 16:07:27,996 - mylogger - INFO - 我的答案：Dior
2018-09-23 16:07:28,626 - mylogger - INFO - 选择选项
2018-09-23 16:07:31,102 - mylogger - INFO - 答案错误
2018-09-23 16:07:31,273 - mylogger - INFO - 正确答案；M.A.C
2018-09-23 16:07:31,274 - mylogger - INFO - 更新答案
2018-09-23 16:07:32,624 - mylogger - INFO - 本题结束
2018-09-23 16:07:32,625 - mylogger - INFO - 获取题目
2018-09-23 16:07:34,466 - mylogger - INFO - 第 4 题
2018-09-23 16:07:34,771 - mylogger - INFO - 《笑傲江湖》“屁股向后平沙落雁式”是令狐冲奚落哪个门派时所说？
2018-09-23 16:07:35,714 - mylogger - INFO - ['恒山派', '华山派', '青城派']
2018-09-23 16:07:35,719 - mylogger - INFO - 数据库中检索答案
2018-09-23 16:07:35,720 - mylogger - INFO - 数据中无答案
2018-09-23 16:07:37,539 - mylogger - INFO - 在线检索答案：青城派
2018-09-23 16:07:37,540 - mylogger - INFO - 我的答案：青城派
2018-09-23 16:07:38,220 - mylogger - INFO - 选择选项
2018-09-23 16:07:40,663 - mylogger - INFO - 答案正确
2018-09-23 16:07:40,664 - mylogger - INFO - 更新答案
2018-09-23 16:07:41,985 - mylogger - INFO - 本题结束
2018-09-23 16:07:41,986 - mylogger - INFO - 获取题目
2018-09-23 16:07:43,847 - mylogger - INFO - 第 5 题
2018-09-23 16:07:44,206 - mylogger - INFO - 在斯诺克的彩球里面，咖啡球是多少分值？
2018-09-23 16:07:45,235 - mylogger - INFO - ['4分', '5分', '6分']
2018-09-23 16:07:45,239 - mylogger - INFO - 数据库中检索答案
2018-09-23 16:07:45,240 - mylogger - INFO - 数据中无答案
2018-09-23 16:07:46,172 - mylogger - INFO - 在线检索答案：4分
2018-09-23 16:07:46,173 - mylogger - INFO - 我的答案：4分
2018-09-23 16:07:46,754 - mylogger - INFO - 选择选项
2018-09-23 16:07:49,173 - mylogger - INFO - 答案正确
2018-09-23 16:07:49,173 - mylogger - INFO - 更新答案
2018-09-23 16:07:50,711 - mylogger - INFO - 本题结束
2018-09-23 16:07:50,865 - mylogger - INFO - 本场比赛结束
2018-09-23 16:07:51,114 - mylogger - INFO - 返回游戏页面
2018-09-23 16:07:52,717 - mylogger - INFO - 进入排位赛
2018-09-23 16:07:52,717 - mylogger - INFO - 正在匹配中......
2018-09-23 16:08:53,587 - mylogger - WARNING - 匹配失败
2018-09-23 16:08:53,861 - mylogger - INFO - 返回游戏页面
2018-09-23 16:08:55,370 - mylogger - INFO - 进入排位赛
2018-09-23 16:08:55,370 - mylogger - INFO - 正在匹配中......
2018-09-23 16:09:56,377 - mylogger - WARNING - 匹配失败
2018-09-23 16:09:56,639 - mylogger - INFO - 返回游戏页面
2018-09-23 16:09:58,231 - mylogger - INFO - 进入排位赛
2018-09-23 16:09:58,232 - mylogger - INFO - 正在匹配中......
2018-09-23 16:10:27,973 - mylogger - INFO - 匹配成功
2018-09-23 16:10:27,973 - mylogger - INFO - 获取题目
2018-09-23 16:10:31,235 - mylogger - INFO - 第 1 题
2018-09-23 16:10:31,529 - mylogger - INFO - “人性本恶”论又是谁提出的呢？
2018-09-23 16:10:32,512 - mylogger - INFO - ['老子', '荀子', '墨子']
2018-09-23 16:10:32,516 - mylogger - INFO - 数据库中检索答案
2018-09-23 16:10:32,516 - mylogger - INFO - 数据中无答案
2018-09-23 16:10:33,740 - mylogger - INFO - 在线检索答案：荀子
2018-09-23 16:10:33,740 - mylogger - INFO - 我的答案：荀子
2018-09-23 16:10:34,380 - mylogger - INFO - 选择选项
2018-09-23 16:10:36,762 - mylogger - INFO - 答案正确
2018-09-23 16:10:36,763 - mylogger - INFO - 更新答案
2018-09-23 16:10:37,968 - mylogger - INFO - 本题结束
2018-09-23 16:10:37,970 - mylogger - INFO - 获取题目
2018-09-23 16:10:39,870 - mylogger - INFO - 第 2 题
2018-09-23 16:10:40,174 - mylogger - INFO - 杜甫《闻官军收河南河北》一诗中“白日放歌须纵酒”下一句是？
2018-09-23 16:10:41,169 - mylogger - INFO - ['人生得意须尽欢', '青春作伴好还乡', '潦倒新停浊酒杯']
2018-09-23 16:10:41,174 - mylogger - INFO - 数据库中检索答案
2018-09-23 16:10:41,174 - mylogger - INFO - 数据中无答案
2018-09-23 16:10:41,905 - mylogger - INFO - 在线检索答案：青春作伴好还乡
2018-09-23 16:10:41,906 - mylogger - INFO - 我的答案：青春作伴好还乡
2018-09-23 16:10:42,499 - mylogger - INFO - 选择选项
2018-09-23 16:10:45,044 - mylogger - INFO - 答案正确
2018-09-23 16:10:45,045 - mylogger - INFO - 更新答案
2018-09-23 16:10:48,607 - mylogger - INFO - 本题结束
2018-09-23 16:10:48,609 - mylogger - INFO - 获取题目
2018-09-23 16:10:50,522 - mylogger - INFO - 第 3 题
2018-09-23 16:10:50,866 - mylogger - INFO - 《遥远的她》获得1986年十大劲歌金曲，这是由哪位男歌手演唱的？
2018-09-23 16:10:51,962 - mylogger - INFO - ['张学友', '张国荣', '刘德华']
2018-09-23 16:10:51,966 - mylogger - INFO - 数据库中检索答案
2018-09-23 16:10:51,967 - mylogger - INFO - 数据中无答案
2018-09-23 16:10:52,830 - mylogger - INFO - 在线检索答案：张学友
2018-09-23 16:10:52,830 - mylogger - INFO - 我的答案：张学友
2018-09-23 16:10:53,457 - mylogger - INFO - 选择选项
2018-09-23 16:10:55,868 - mylogger - INFO - 答案正确
2018-09-23 16:10:55,868 - mylogger - INFO - 更新答案
2018-09-23 16:10:57,217 - mylogger - INFO - 本题结束
2018-09-23 16:10:57,218 - mylogger - INFO - 获取题目
2018-09-23 16:10:59,046 - mylogger - INFO - 第 4 题
2018-09-23 16:10:59,358 - mylogger - INFO - 金庸小说《神雕侠侣》中，完颜萍一共去找耶律楚材报了几次仇?
2018-09-23 16:11:00,408 - mylogger - INFO - ['两次', '三次', '四次']
2018-09-23 16:11:00,412 - mylogger - INFO - 数据库中检索答案
2018-09-23 16:11:00,413 - mylogger - INFO - 数据中无答案
2018-09-23 16:11:01,208 - mylogger - INFO - 在线检索答案：
2018-09-23 16:11:01,208 - mylogger - INFO - 我的答案：两次
2018-09-23 16:11:01,810 - mylogger - INFO - 选择选项
2018-09-23 16:11:04,318 - mylogger - INFO - 答案错误
2018-09-23 16:11:04,530 - mylogger - INFO - 正确答案；四次
2018-09-23 16:11:04,531 - mylogger - INFO - 更新答案
2018-09-23 16:11:08,099 - mylogger - INFO - 本题结束
2018-09-23 16:11:08,100 - mylogger - INFO - 获取题目
2018-09-23 16:11:11,139 - mylogger - INFO - 第 5 题
2018-09-23 16:11:11,492 - mylogger - INFO - 羽毛球规格中，球重4.74-5.50克，那么标准的羽毛球为多重？
2018-09-23 16:11:12,484 - mylogger - INFO - ['5克', '4.7克', '5.5克']
2018-09-23 16:11:12,488 - mylogger - INFO - 数据库中检索答案
2018-09-23 16:11:12,489 - mylogger - INFO - 数据中无答案
2018-09-23 16:11:13,484 - mylogger - INFO - 在线检索答案：5克
2018-09-23 16:11:13,484 - mylogger - INFO - 我的答案：5克
2018-09-23 16:11:14,103 - mylogger - INFO - 选择选项
2018-09-23 16:11:16,499 - mylogger - INFO - 答案正确
2018-09-23 16:11:16,500 - mylogger - INFO - 更新答案
2018-09-23 16:11:17,827 - mylogger - INFO - 本题结束
2018-09-23 16:11:17,944 - mylogger - INFO - 本场比赛结束
2018-09-23 16:11:18,199 - mylogger - INFO - 返回游戏页面
2018-09-23 16:11:19,833 - mylogger - INFO - 进入排位赛
2018-09-23 16:11:19,833 - mylogger - INFO - 正在匹配中......
2018-09-23 16:12:17,063 - mylogger - INFO - 匹配成功
2018-09-23 16:12:17,064 - mylogger - INFO - 获取题目
2018-09-23 16:12:23,654 - mylogger - INFO - 第 1 题
2018-09-23 16:12:23,993 - mylogger - INFO - 计算机网络最突出的优点是？
2018-09-23 16:12:24,934 - mylogger - INFO - ['运算速度快', '精度高', '共享资源']
2018-09-23 16:12:24,940 - mylogger - INFO - 数据库中检索答案
2018-09-23 16:12:24,940 - mylogger - INFO - 数据中无答案
2018-09-23 16:12:25,744 - mylogger - INFO - 在线检索答案：精度高
2018-09-23 16:12:25,745 - mylogger - INFO - 我的答案：精度高
2018-09-23 16:12:26,362 - mylogger - INFO - 选择选项
2018-09-23 16:12:28,812 - mylogger - INFO - 答案错误
2018-09-23 16:12:29,107 - mylogger - INFO - 正确答案；共享资源
2018-09-23 16:12:29,107 - mylogger - INFO - 更新答案
2018-09-23 16:12:29,354 - mylogger - INFO - 本题结束
2018-09-23 16:12:29,355 - mylogger - INFO - 获取题目
2018-09-23 16:12:32,399 - mylogger - INFO - 第 2 题
2018-09-23 16:12:32,773 - mylogger - INFO - 2017年哪个饮料品牌跨界推出了面膜？
2018-09-23 16:12:33,867 - mylogger - INFO - ['百事可乐', '康师傅', '农夫山泉']
2018-09-23 16:12:33,873 - mylogger - INFO - 数据库中检索答案
2018-09-23 16:12:33,873 - mylogger - INFO - 数据中无答案
2018-09-23 16:12:34,653 - mylogger - INFO - 在线检索答案：农夫山泉
2018-09-23 16:12:34,653 - mylogger - INFO - 我的答案：农夫山泉
2018-09-23 16:12:35,290 - mylogger - INFO - 选择选项
2018-09-23 16:12:37,753 - mylogger - INFO - 答案正确
2018-09-23 16:12:37,753 - mylogger - INFO - 更新答案
2018-09-23 16:12:39,116 - mylogger - INFO - 本题结束
2018-09-23 16:12:39,117 - mylogger - INFO - 获取题目
2018-09-23 16:12:40,875 - mylogger - INFO - 第 3 题
2018-09-23 16:12:41,196 - mylogger - INFO - 下面的名字里已经被命名为小行星名字的是
2018-09-23 16:12:42,263 - mylogger - INFO - ['齐锐', '孟奂', '张大庆']
2018-09-23 16:12:42,267 - mylogger - INFO - 数据库中检索答案
2018-09-23 16:12:42,268 - mylogger - INFO - 数据中无答案
2018-09-23 16:12:43,257 - mylogger - INFO - 在线检索答案：
2018-09-23 16:12:43,257 - mylogger - INFO - 我的答案：齐锐
2018-09-23 16:12:43,823 - mylogger - INFO - 选择选项
2018-09-23 16:12:46,254 - mylogger - INFO - 答案错误
2018-09-23 16:12:46,383 - mylogger - INFO - 正确答案；孟奂
2018-09-23 16:12:46,383 - mylogger - INFO - 更新答案
2018-09-23 16:12:47,677 - mylogger - INFO - 本题结束
2018-09-23 16:12:47,679 - mylogger - INFO - 获取题目
2018-09-23 16:12:49,548 - mylogger - INFO - 第 4 题
2018-09-23 16:12:49,863 - mylogger - INFO - 以下哪位诗人不是建安七子之一？
2018-09-23 16:12:50,943 - mylogger - INFO - ['陈琳', '王粲', '蔡邕']
2018-09-23 16:12:50,947 - mylogger - INFO - 数据库中检索答案
2018-09-23 16:12:50,948 - mylogger - INFO - 数据中无答案
2018-09-23 16:12:51,929 - mylogger - INFO - 在线检索答案：蔡邕
2018-09-23 16:12:51,930 - mylogger - INFO - 我的答案：蔡邕
2018-09-23 16:12:52,503 - mylogger - INFO - 选择选项
2018-09-23 16:12:54,945 - mylogger - INFO - 答案正确
2018-09-23 16:12:54,945 - mylogger - INFO - 更新答案
2018-09-23 16:12:57,426 - mylogger - INFO - 本题结束
2018-09-23 16:12:57,428 - mylogger - INFO - 获取题目
2018-09-23 16:12:59,233 - mylogger - INFO - 第 5 题
2018-09-23 16:12:59,551 - mylogger - INFO - 一年四季中，富贵竹常在什么时候开花？
2018-09-23 16:13:00,559 - mylogger - INFO - ['秋季', '夏季', '春季']
2018-09-23 16:13:00,564 - mylogger - INFO - 数据库中检索答案
2018-09-23 16:13:00,564 - mylogger - INFO - 数据中无答案
2018-09-23 16:13:01,336 - mylogger - INFO - 在线检索答案：夏季
2018-09-23 16:13:01,337 - mylogger - INFO - 我的答案：夏季
2018-09-23 16:13:01,909 - mylogger - INFO - 选择选项
2018-09-23 16:13:04,303 - mylogger - INFO - 答案正确
2018-09-23 16:13:04,304 - mylogger - INFO - 更新答案
2018-09-23 16:13:05,669 - mylogger - INFO - 本题结束
2018-09-23 16:13:05,796 - mylogger - INFO - 本场比赛结束
2018-09-23 16:13:06,066 - mylogger - INFO - 返回游戏页面
2018-09-23 16:13:07,631 - mylogger - INFO - 进入排位赛
2018-09-23 16:13:07,631 - mylogger - INFO - 正在匹配中......
2018-09-23 16:14:07,970 - mylogger - WARNING - 匹配失败
2018-09-23 16:14:08,234 - mylogger - INFO - 返回游戏页面
2018-09-23 16:14:09,807 - mylogger - INFO - 进入排位赛
2018-09-23 16:14:09,807 - mylogger - INFO - 正在匹配中......
2018-09-23 16:14:30,615 - mylogger - INFO - 匹配成功
2018-09-23 16:14:30,616 - mylogger - INFO - 获取题目
2018-09-23 16:14:33,820 - mylogger - INFO - 第 1 题
2018-09-23 16:14:34,201 - mylogger - INFO - 响尾蛇可以利用什么感应附近的动物？
2018-09-23 16:14:35,257 - mylogger - INFO - ['红外线', '紫外线', '超声波']
2018-09-23 16:14:35,264 - mylogger - INFO - 数据库中检索答案
2018-09-23 16:14:35,265 - mylogger - INFO - 数据中无答案
2018-09-23 16:14:37,166 - mylogger - INFO - 在线检索答案：红外线
2018-09-23 16:14:37,166 - mylogger - INFO - 我的答案：红外线
2018-09-23 16:14:37,818 - mylogger - INFO - 选择选项
2018-09-23 16:14:40,285 - mylogger - INFO - 答案正确
2018-09-23 16:14:40,286 - mylogger - INFO - 更新答案
2018-09-23 16:14:41,699 - mylogger - INFO - 本题结束
2018-09-23 16:14:41,707 - mylogger - INFO - 获取题目
2018-09-23 16:14:43,631 - mylogger - INFO - 第 2 题
2018-09-23 16:14:43,960 - mylogger - INFO - 白蚁和蚂蚁的区别正确的是？
2018-09-23 16:14:44,982 - mylogger - INFO - ['是否居住在热带地区', '是否畏光', '是否存在蚁后']
2018-09-23 16:14:44,985 - mylogger - INFO - 数据库中检索答案
2018-09-23 16:14:44,985 - mylogger - INFO - 数据中无答案
2018-09-23 16:14:46,098 - mylogger - INFO - 在线检索答案：
2018-09-23 16:14:46,099 - mylogger - INFO - 我的答案：是否居住在热带地区
2018-09-23 16:14:46,614 - mylogger - INFO - 选择选项
2018-09-23 16:14:49,020 - mylogger - INFO - 答案错误
2018-09-23 16:14:49,176 - mylogger - INFO - 正确答案；是否畏光
2018-09-23 16:14:49,176 - mylogger - INFO - 更新答案
2018-09-23 16:14:51,578 - mylogger - INFO - 本题结束
2018-09-23 16:14:51,579 - mylogger - INFO - 获取题目
2018-09-23 16:14:53,464 - mylogger - INFO - 第 3 题
2018-09-23 16:14:53,782 - mylogger - INFO - 以下哪位球星不是“雷霆三少”之一？
2018-09-23 16:14:54,731 - mylogger - INFO - ['凯文·杜兰特', '拉塞尔·威斯布鲁克', '勒布朗·詹姆斯']
2018-09-23 16:14:54,736 - mylogger - INFO - 数据库中检索答案
2018-09-23 16:14:54,737 - mylogger - INFO - 数据中无答案
2018-09-23 16:14:55,465 - mylogger - INFO - 在线检索答案：勒布朗·詹姆斯
2018-09-23 16:14:55,466 - mylogger - INFO - 我的答案：勒布朗·詹姆斯
2018-09-23 16:14:56,011 - mylogger - INFO - 选择选项
2018-09-23 16:14:58,446 - mylogger - INFO - 答案正确
2018-09-23 16:14:58,447 - mylogger - INFO - 更新答案
2018-09-23 16:14:59,753 - mylogger - INFO - 本题结束
2018-09-23 16:14:59,764 - mylogger - INFO - 获取题目
2018-09-23 16:15:02,881 - mylogger - INFO - 第 4 题
2018-09-23 16:15:03,180 - mylogger - INFO - 由中国围棋协会命名的第一个围棋之乡是
2018-09-23 16:15:04,093 - mylogger - INFO - ['浙江省慈溪县', '浙江省天台县', '浙江省余姚县']
2018-09-23 16:15:04,098 - mylogger - INFO - 数据库中检索答案
2018-09-23 16:15:04,098 - mylogger - INFO - 数据中无答案
2018-09-23 16:15:05,484 - mylogger - INFO - 在线检索答案：浙江省天台县
2018-09-23 16:15:05,484 - mylogger - INFO - 我的答案：浙江省天台县
2018-09-23 16:15:06,078 - mylogger - INFO - 选择选项
2018-09-23 16:15:08,495 - mylogger - INFO - 答案正确
2018-09-23 16:15:08,496 - mylogger - INFO - 更新答案
2018-09-23 16:15:10,974 - mylogger - INFO - 本题结束
2018-09-23 16:15:10,975 - mylogger - INFO - 获取题目
2018-09-23 16:15:13,987 - mylogger - INFO - 第 5 题
2018-09-23 16:15:14,289 - mylogger - INFO - 科菲·安南是联合国第几任秘书长？
2018-09-23 16:15:15,452 - mylogger - INFO - ['9', '6', '7']
2018-09-23 16:15:15,458 - mylogger - INFO - 数据库中检索答案
2018-09-23 16:15:15,459 - mylogger - INFO - 数据中无答案
2018-09-23 16:15:16,213 - mylogger - INFO - 在线检索答案：9
2018-09-23 16:15:16,213 - mylogger - INFO - 我的答案：9
2018-09-23 16:15:16,847 - mylogger - INFO - 选择选项
2018-09-23 16:15:19,320 - mylogger - INFO - 答案错误
2018-09-23 16:15:19,705 - mylogger - INFO - 正确答案；7
2018-09-23 16:15:19,706 - mylogger - INFO - 更新答案
2018-09-23 16:15:20,021 - mylogger - INFO - 本题结束
2018-09-23 16:15:20,169 - mylogger - INFO - 本场比赛结束
2018-09-23 16:15:20,433 - mylogger - INFO - 返回游戏页面
2018-09-23 16:15:21,994 - mylogger - INFO - 进入排位赛
2018-09-23 16:15:21,995 - mylogger - INFO - 正在匹配中......
2018-09-23 16:15:36,814 - mylogger - INFO - 匹配成功
2018-09-23 16:15:36,815 - mylogger - INFO - 获取题目
2018-09-23 16:15:39,962 - mylogger - INFO - 第 1 题
2018-09-23 16:15:40,311 - mylogger - INFO - “勇气”号火星探测器是哪个国家宇航局发射的？
2018-09-23 16:15:41,363 - mylogger - INFO - ['中国', '俄罗斯', '美国']
2018-09-23 16:15:41,369 - mylogger - INFO - 数据库中检索答案
2018-09-23 16:15:41,369 - mylogger - INFO - 数据中无答案
2018-09-23 16:15:42,381 - mylogger - INFO - 在线检索答案：美国
2018-09-23 16:15:42,381 - mylogger - INFO - 我的答案：美国
2018-09-23 16:15:42,986 - mylogger - INFO - 选择选项
2018-09-23 16:15:45,403 - mylogger - INFO - 答案正确
2018-09-23 16:15:45,403 - mylogger - INFO - 更新答案
2018-09-23 16:15:46,753 - mylogger - INFO - 本题结束
2018-09-23 16:15:46,755 - mylogger - INFO - 获取题目
2018-09-23 16:15:48,557 - mylogger - INFO - 第 2 题
2018-09-23 16:15:48,896 - mylogger - INFO - 在影片《我老公不靠谱》中，女主角马瑶瑶开了一间什么店？
2018-09-23 16:15:49,934 - mylogger - INFO - ['燕窝店', '小卖铺', '服装店']
2018-09-23 16:15:49,937 - mylogger - INFO - 数据库中检索答案
2018-09-23 16:15:49,937 - mylogger - INFO - 数据中无答案
2018-09-23 16:15:50,774 - mylogger - INFO - 在线检索答案：燕窝店
2018-09-23 16:15:50,775 - mylogger - INFO - 我的答案：燕窝店
2018-09-23 16:15:51,353 - mylogger - INFO - 选择选项
2018-09-23 16:15:53,906 - mylogger - INFO - 答案错误
2018-09-23 16:15:54,116 - mylogger - INFO - 正确答案；服装店
2018-09-23 16:15:54,116 - mylogger - INFO - 更新答案
2018-09-23 16:15:56,581 - mylogger - INFO - 本题结束
2018-09-23 16:15:56,626 - mylogger - INFO - 获取题目
2018-09-23 16:15:58,522 - mylogger - INFO - 第 3 题
2018-09-23 16:15:58,840 - mylogger - INFO - 以下哪部电视剧不是由池昌旭主演的？
2018-09-23 16:15:59,857 - mylogger - INFO - ['《我的公主》', '《奇怪的搭档》', '《Healer》']
2018-09-23 16:15:59,864 - mylogger - INFO - 数据库中检索答案
2018-09-23 16:15:59,865 - mylogger - INFO - 数据中无答案
2018-09-23 16:16:00,723 - mylogger - INFO - 在线检索答案：《我的公主》
2018-09-23 16:16:00,724 - mylogger - INFO - 我的答案：《我的公主》
2018-09-23 16:16:01,299 - mylogger - INFO - 选择选项
2018-09-23 16:16:03,704 - mylogger - INFO - 答案正确
2018-09-23 16:16:03,704 - mylogger - INFO - 更新答案
2018-09-23 16:16:06,137 - mylogger - INFO - 本题结束
2018-09-23 16:16:06,139 - mylogger - INFO - 获取题目
2018-09-23 16:16:07,981 - mylogger - INFO - 第 4 题
2018-09-23 16:16:08,307 - mylogger - INFO - 冯大辉在创业前，曾在2010到2016年间任职于哪家互联网公司？
2018-09-23 16:16:09,337 - mylogger - INFO - ['甲骨文', '腾讯', '丁香园']
2018-09-23 16:16:09,345 - mylogger - INFO - 数据库中检索答案
2018-09-23 16:16:09,345 - mylogger - INFO - 数据中无答案
2018-09-23 16:16:10,144 - mylogger - INFO - 在线检索答案：丁香园
2018-09-23 16:16:10,144 - mylogger - INFO - 我的答案：丁香园
2018-09-23 16:16:10,757 - mylogger - INFO - 选择选项
2018-09-23 16:16:13,198 - mylogger - INFO - 答案正确
2018-09-23 16:16:13,199 - mylogger - INFO - 更新答案
2018-09-23 16:16:16,749 - mylogger - INFO - 本题结束
2018-09-23 16:16:16,751 - mylogger - INFO - 获取题目
2018-09-23 16:16:18,576 - mylogger - INFO - 第 5 题
2018-09-23 16:16:18,928 - mylogger - INFO - 中国国内第一家网上银行是？
2018-09-23 16:16:20,001 - mylogger - INFO - ['光大银行', '中国银行', '招商银行']
2018-09-23 16:16:20,007 - mylogger - INFO - 数据库中检索答案
2018-09-23 16:16:20,007 - mylogger - INFO - 数据中无答案
2018-09-23 16:16:21,012 - mylogger - INFO - 在线检索答案：招商银行
2018-09-23 16:16:21,012 - mylogger - INFO - 我的答案：招商银行
2018-09-23 16:16:21,639 - mylogger - INFO - 选择选项
2018-09-23 16:16:24,093 - mylogger - INFO - 答案错误
2018-09-23 16:16:24,485 - mylogger - INFO - 正确答案；中国银行
2018-09-23 16:16:24,486 - mylogger - INFO - 更新答案
2018-09-23 16:16:24,724 - mylogger - INFO - 本题结束
2018-09-23 16:16:24,910 - mylogger - INFO - 本场比赛结束
2018-09-23 16:16:25,194 - mylogger - INFO - 返回游戏页面
2018-09-23 16:16:26,780 - mylogger - INFO - 进入排位赛
2018-09-23 16:16:26,780 - mylogger - INFO - 正在匹配中......
2018-09-23 16:16:28,312 - mylogger - INFO - 匹配成功
2018-09-23 16:16:28,313 - mylogger - INFO - 获取题目
2018-09-23 16:16:31,482 - mylogger - INFO - 第 B.  大雁 题
2018-09-23 16:16:31,796 - mylogger - INFO - 1
2018-09-23 16:16:32,733 - mylogger - INFO - ['', '', '雄相守，从一而终的比翼鸟是什么动物？']
2018-09-23 16:16:32,738 - mylogger - INFO - 数据库中检索答案
2018-09-23 16:16:32,739 - mylogger - INFO - 数据中无答案
2018-09-23 16:16:33,115 - mylogger - INFO - 在线检索答案：
2018-09-23 16:16:33,116 - mylogger - INFO - 我的答案：
2018-09-23 16:19:26,063 - mylogger - INFO - 进入排位赛
2018-09-23 16:19:26,064 - mylogger - INFO - 正在匹配中......
2018-09-23 16:20:02,846 - mylogger - INFO - 匹配成功
2018-09-23 16:20:02,846 - mylogger - INFO - 获取题目
2018-09-23 16:20:05,838 - mylogger - INFO - 第 1 题
2018-09-23 16:20:06,181 - mylogger - INFO - 丈夫的爷爷的儿子叫什么？
2018-09-23 16:20:07,181 - mylogger - INFO - ['爸爸', '爷爷', '公公']
2018-09-23 16:20:07,186 - mylogger - INFO - 数据库中检索答案
2018-09-23 16:20:07,187 - mylogger - INFO - 数据中无答案
2018-09-23 16:20:08,050 - mylogger - INFO - 在线检索答案：爷爷
2018-09-23 16:20:08,050 - mylogger - INFO - 我的答案：爷爷
2018-09-23 16:20:08,632 - mylogger - INFO - 选择选项
2018-09-23 16:20:11,131 - mylogger - INFO - 答案错误
2018-09-23 16:20:11,342 - mylogger - INFO - 正确答案；公公
2018-09-23 16:20:11,343 - mylogger - INFO - 更新答案
2018-09-23 16:20:16,087 - mylogger - INFO - 本题结束
2018-09-23 16:20:16,089 - mylogger - INFO - 获取题目
2018-09-23 16:20:17,993 - mylogger - INFO - 第 2 题
2018-09-23 16:20:18,297 - mylogger - INFO - 《偶像练习生》选手范丞丞的经纪公司是？
2018-09-23 16:20:19,265 - mylogger - INFO - ['乐华娱乐', '坤音娱乐', '华谊兄弟']
2018-09-23 16:20:19,270 - mylogger - INFO - 数据库中检索答案
2018-09-23 16:20:19,270 - mylogger - INFO - 数据中无答案
2018-09-23 16:20:20,219 - mylogger - INFO - 在线检索答案：乐华娱乐
2018-09-23 16:20:20,219 - mylogger - INFO - 我的答案：乐华娱乐
2018-09-23 16:20:20,914 - mylogger - INFO - 选择选项
2018-09-23 16:20:23,377 - mylogger - INFO - 答案正确
2018-09-23 16:20:23,378 - mylogger - INFO - 更新答案
2018-09-23 16:20:24,661 - mylogger - INFO - 本题结束
2018-09-23 16:20:24,662 - mylogger - INFO - 获取题目
2018-09-23 16:20:27,661 - mylogger - INFO - 第 3 题
2018-09-23 16:20:27,963 - mylogger - INFO - 若p是真命题，q是假命题，以下哪个说法正确？
2018-09-23 16:20:28,930 - mylogger - INFO - ['p或q是假命题', '非q是真命题', '非p是真命题']
2018-09-23 16:20:28,934 - mylogger - INFO - 数据库中检索答案
2018-09-23 16:20:28,934 - mylogger - INFO - 数据中无答案
2018-09-23 16:20:30,279 - mylogger - INFO - 在线检索答案：
2018-09-23 16:20:30,280 - mylogger - INFO - 我的答案：p或q是假命题
2018-09-23 16:20:30,838 - mylogger - INFO - 选择选项
2018-09-23 16:20:33,312 - mylogger - INFO - 答案错误
2018-09-23 16:20:33,441 - mylogger - INFO - 正确答案；非q是真命题
2018-09-23 16:20:33,441 - mylogger - INFO - 更新答案
2018-09-23 16:20:39,446 - mylogger - INFO - 本题结束
2018-09-23 16:20:39,447 - mylogger - INFO - 获取题目
2018-09-23 16:20:42,340 - mylogger - INFO - 第 4 题
2018-09-23 16:20:42,650 - mylogger - INFO - 飞机专用电子设备之一的“黑匣子”是什么颜色的？
2018-09-23 16:20:43,618 - mylogger - INFO - ['红色', '黑色', '橙色']
2018-09-23 16:20:43,623 - mylogger - INFO - 数据库中检索答案
2018-09-23 16:20:43,623 - mylogger - INFO - 数据中无答案
2018-09-23 16:20:45,314 - mylogger - INFO - 在线检索答案：黑色
2018-09-23 16:20:45,314 - mylogger - INFO - 我的答案：黑色
2018-09-23 16:20:45,948 - mylogger - INFO - 选择选项
2018-09-23 16:20:48,356 - mylogger - INFO - 答案错误
2018-09-23 16:20:48,578 - mylogger - INFO - 正确答案；橙色
2018-09-23 16:20:48,579 - mylogger - INFO - 更新答案
2018-09-23 16:20:49,922 - mylogger - INFO - 本题结束
2018-09-23 16:20:49,923 - mylogger - INFO - 获取题目
2018-09-23 16:20:51,800 - mylogger - INFO - 第 5 题
2018-09-23 16:20:52,115 - mylogger - INFO - 下列哪首歌是1927年的流行歌曲，也是我国的第一首流行歌曲？
2018-09-23 16:20:53,120 - mylogger - INFO - ['《毛毛雨》', '《卖报歌》', '《夜来香》']
2018-09-23 16:20:53,124 - mylogger - INFO - 数据库中检索答案
2018-09-23 16:20:53,124 - mylogger - INFO - 数据中无答案
2018-09-23 16:20:54,077 - mylogger - INFO - 在线检索答案：《毛毛雨》
2018-09-23 16:20:54,077 - mylogger - INFO - 我的答案：《毛毛雨》
2018-09-23 16:20:54,713 - mylogger - INFO - 选择选项
2018-09-23 16:20:57,161 - mylogger - INFO - 答案正确
2018-09-23 16:20:57,161 - mylogger - INFO - 更新答案
2018-09-23 16:21:00,792 - mylogger - INFO - 本题结束
2018-09-23 16:21:00,956 - mylogger - INFO - 本场比赛结束
2018-09-23 16:21:01,235 - mylogger - INFO - 返回游戏页面
2018-09-23 16:21:02,787 - mylogger - INFO - 进入排位赛
2018-09-23 16:21:02,788 - mylogger - INFO - 正在匹配中......
2018-09-23 16:21:16,755 - mylogger - INFO - 匹配成功
2018-09-23 16:21:16,756 - mylogger - INFO - 获取题目
2018-09-23 16:21:19,875 - mylogger - INFO - 第 1 题
2018-09-23 16:21:20,160 - mylogger - INFO - 仙剑3中徐长卿登场的身份是？
2018-09-23 16:21:21,168 - mylogger - INFO - ['蜀山掌门', '蜀山弃徒', '蜀山大弟子']
2018-09-23 16:21:21,180 - mylogger - INFO - 数据库中检索答案
2018-09-23 16:21:21,180 - mylogger - INFO - 数据中无答案
2018-09-23 16:21:21,965 - mylogger - INFO - 在线检索答案：蜀山掌门
2018-09-23 16:21:21,966 - mylogger - INFO - 我的答案：蜀山掌门
2018-09-23 16:21:22,585 - mylogger - INFO - 选择选项
2018-09-23 16:21:25,022 - mylogger - INFO - 答案错误
2018-09-23 16:21:25,249 - mylogger - INFO - 正确答案；蜀山大弟子
2018-09-23 16:21:25,249 - mylogger - INFO - 更新答案
2018-09-23 16:21:26,619 - mylogger - INFO - 本题结束
2018-09-23 16:21:26,634 - mylogger - INFO - 获取题目
2018-09-23 16:21:28,449 - mylogger - INFO - 第 2 题
2018-09-23 16:21:28,767 - mylogger - INFO - 歌曲《我怀念的》的原唱歌手叫什么名字？
2018-09-23 16:21:29,833 - mylogger - INFO - ['陈绮贞', '孙燕姿', '蔡健雅']
2018-09-23 16:21:29,840 - mylogger - INFO - 数据库中检索答案
2018-09-23 16:21:29,841 - mylogger - INFO - 数据中无答案
2018-09-23 16:21:30,859 - mylogger - INFO - 在线检索答案：孙燕姿
2018-09-23 16:21:30,860 - mylogger - INFO - 我的答案：孙燕姿
2018-09-23 16:21:31,542 - mylogger - INFO - 选择选项
2018-09-23 16:21:34,017 - mylogger - INFO - 答案正确
2018-09-23 16:21:34,018 - mylogger - INFO - 更新答案
2018-09-23 16:21:35,362 - mylogger - INFO - 本题结束
2018-09-23 16:21:35,364 - mylogger - INFO - 获取题目
2018-09-23 16:21:37,304 - mylogger - INFO - 第 3 题
2018-09-23 16:21:37,620 - mylogger - INFO - 正常成人的血液总量，约占男子体重多少？
2018-09-23 16:21:38,647 - mylogger - INFO - ['8%', '15%', '20%']
2018-09-23 16:21:38,650 - mylogger - INFO - 数据库中检索答案
2018-09-23 16:21:38,650 - mylogger - INFO - 数据中无答案
2018-09-23 16:21:39,750 - mylogger - INFO - 在线检索答案：8%
2018-09-23 16:21:39,750 - mylogger - INFO - 我的答案：8%
2018-09-23 16:21:40,369 - mylogger - INFO - 选择选项
2018-09-23 16:21:42,903 - mylogger - INFO - 答案正确
2018-09-23 16:21:42,903 - mylogger - INFO - 更新答案
2018-09-23 16:21:44,225 - mylogger - INFO - 本题结束
2018-09-23 16:21:44,225 - mylogger - INFO - 获取题目
2018-09-23 16:21:46,084 - mylogger - INFO - 第 4 题
2018-09-23 16:21:46,406 - mylogger - INFO - 抗原的基本性质不包括以下哪一个？
2018-09-23 16:21:47,488 - mylogger - INFO - ['小分子性', '特异性', '大分子性']
2018-09-23 16:21:47,493 - mylogger - INFO - 数据库中检索答案
2018-09-23 16:21:47,493 - mylogger - INFO - 数据中无答案
2018-09-23 16:21:48,395 - mylogger - INFO - 在线检索答案：小分子性
2018-09-23 16:21:48,396 - mylogger - INFO - 我的答案：小分子性
2018-09-23 16:21:48,985 - mylogger - INFO - 选择选项
2018-09-23 16:21:51,422 - mylogger - INFO - 答案正确
2018-09-23 16:21:51,423 - mylogger - INFO - 更新答案
2018-09-23 16:22:00,590 - mylogger - INFO - 本题结束
2018-09-23 16:22:00,590 - mylogger - INFO - 获取题目
2018-09-23 16:22:03,605 - mylogger - INFO - 第 5 题
2018-09-23 16:22:03,965 - mylogger - INFO - 曼陀罗花的开花时间为？
2018-09-23 16:22:04,938 - mylogger - INFO - ['10月', '9月', '8月']
2018-09-23 16:22:04,940 - mylogger - INFO - 数据库中检索答案
2018-09-23 16:22:04,940 - mylogger - INFO - 数据中无答案
2018-09-23 16:22:05,659 - mylogger - INFO - 在线检索答案：9月
2018-09-23 16:22:05,659 - mylogger - INFO - 我的答案：9月
2018-09-23 16:22:06,224 - mylogger - INFO - 选择选项
2018-09-23 16:22:08,654 - mylogger - INFO - 答案错误
2018-09-23 16:22:08,893 - mylogger - INFO - 正确答案；8月
2018-09-23 16:22:08,893 - mylogger - INFO - 更新答案
2018-09-23 16:22:18,352 - mylogger - INFO - 本题结束
2018-09-23 16:22:18,492 - mylogger - INFO - 本场比赛结束
2018-09-23 16:22:18,777 - mylogger - INFO - 返回游戏页面
2018-09-23 16:22:20,315 - mylogger - INFO - 进入排位赛
2018-09-23 16:22:20,316 - mylogger - INFO - 正在匹配中......
2018-09-23 16:22:43,091 - mylogger - INFO - 匹配成功
2018-09-23 16:22:43,092 - mylogger - INFO - 获取题目
2018-09-23 16:22:46,163 - mylogger - INFO - 第 1 题
2018-09-23 16:22:46,520 - mylogger - INFO - 2018年2月6日，被重型运载火箭送上天的特斯拉，有谁坐在车里了？
2018-09-23 16:22:47,535 - mylogger - INFO - ['一只狗', '一只鸟', '假人航天员']
2018-09-23 16:22:47,541 - mylogger - INFO - 数据库中检索答案
2018-09-23 16:22:47,541 - mylogger - INFO - 数据中无答案
2018-09-23 16:22:48,350 - mylogger - INFO - 在线检索答案：
2018-09-23 16:22:48,350 - mylogger - INFO - 我的答案：一只狗
2018-09-23 16:22:48,973 - mylogger - INFO - 选择选项
2018-09-23 16:22:51,398 - mylogger - INFO - 答案错误
2018-09-23 16:22:51,653 - mylogger - INFO - 正确答案；假人航天员
2018-09-23 16:22:51,654 - mylogger - INFO - 更新答案
2018-09-23 16:22:53,047 - mylogger - INFO - 本题结束
2018-09-23 16:22:53,050 - mylogger - INFO - 获取题目
2018-09-23 16:22:54,955 - mylogger - INFO - 第 2 题
2018-09-23 16:22:55,326 - mylogger - INFO - “小黑裙”指的是哪个品牌旗下的产品？
2018-09-23 16:22:56,434 - mylogger - INFO - ['卡诗', '娇韵诗', '娇兰']
2018-09-23 16:22:56,439 - mylogger - INFO - 数据库中检索答案
2018-09-23 16:22:56,440 - mylogger - INFO - 数据中无答案
2018-09-23 16:22:57,264 - mylogger - INFO - 在线检索答案：娇兰
2018-09-23 16:22:57,265 - mylogger - INFO - 我的答案：娇兰
2018-09-23 16:22:57,892 - mylogger - INFO - 选择选项
2018-09-23 16:23:00,294 - mylogger - INFO - 答案正确
2018-09-23 16:23:00,295 - mylogger - INFO - 更新答案
2018-09-23 16:23:01,638 - mylogger - INFO - 本题结束
2018-09-23 16:23:01,640 - mylogger - INFO - 获取题目
2018-09-23 16:23:03,416 - mylogger - INFO - 第 3 题
2018-09-23 16:23:03,726 - mylogger - INFO - 逻辑上和“森林∶郁郁葱葱”相似的是？
2018-09-23 16:23:04,732 - mylogger - INFO - ['校园∶勤奋好学', '法庭∶庄严肃穆', '公园∶嬉戏玩闹']
2018-09-23 16:23:04,740 - mylogger - INFO - 数据库中检索答案
2018-09-23 16:23:04,741 - mylogger - INFO - 数据中无答案
2018-09-23 16:23:05,651 - mylogger - INFO - 在线检索答案：法庭∶庄严肃穆
2018-09-23 16:23:05,651 - mylogger - INFO - 我的答案：法庭∶庄严肃穆
2018-09-23 16:23:06,212 - mylogger - INFO - 选择选项
2018-09-23 16:23:08,621 - mylogger - INFO - 答案正确
2018-09-23 16:23:08,621 - mylogger - INFO - 更新答案
2018-09-23 16:23:13,401 - mylogger - INFO - 本题结束
2018-09-23 16:23:13,401 - mylogger - INFO - 获取题目
2018-09-23 16:23:16,413 - mylogger - INFO - 第 4 题
2018-09-23 16:23:16,707 - mylogger - INFO - 单机游戏《魂斗罗》中的两兄弟的头发分别是什么颜色？
2018-09-23 16:23:17,715 - mylogger - INFO - ['蓝色和红色', '红色和黄色', '蓝色和黄色']
2018-09-23 16:23:17,723 - mylogger - INFO - 数据库中检索答案
2018-09-23 16:23:17,723 - mylogger - INFO - 数据中无答案
2018-09-23 16:23:20,340 - mylogger - INFO - 在线检索答案：
2018-09-23 16:23:20,341 - mylogger - INFO - 我的答案：蓝色和红色
2018-09-23 16:23:20,893 - mylogger - INFO - 选择选项
2018-09-23 16:23:23,345 - mylogger - INFO - 答案错误
2018-09-23 16:23:23,556 - mylogger - INFO - 正确答案；蓝色和黄色
2018-09-23 16:23:23,556 - mylogger - INFO - 更新答案
2018-09-23 16:23:24,938 - mylogger - INFO - 本题结束
2018-09-23 16:23:24,939 - mylogger - INFO - 获取题目
2018-09-23 16:23:26,848 - mylogger - INFO - 第 5 题
2018-09-23 16:23:27,172 - mylogger - INFO - 下列选项中不是腊月有过的别称的是？
2018-09-23 16:23:28,163 - mylogger - INFO - ['嘉平', '清祀', '腊日']
2018-09-23 16:23:28,168 - mylogger - INFO - 数据库中检索答案
2018-09-23 16:23:28,169 - mylogger - INFO - 数据中无答案
2018-09-23 16:23:29,021 - mylogger - INFO - 在线检索答案：腊日
2018-09-23 16:23:29,021 - mylogger - INFO - 我的答案：腊日
2018-09-23 16:23:29,591 - mylogger - INFO - 选择选项
2018-09-23 16:23:32,012 - mylogger - INFO - 答案正确
2018-09-23 16:23:32,013 - mylogger - INFO - 更新答案
2018-09-23 16:23:34,515 - mylogger - INFO - 本题结束
2018-09-23 16:23:34,659 - mylogger - INFO - 本场比赛结束
2018-09-23 16:23:34,913 - mylogger - INFO - 返回游戏页面
2018-09-23 16:23:36,471 - mylogger - INFO - 进入排位赛
2018-09-23 16:23:36,472 - mylogger - INFO - 正在匹配中......
2018-09-23 16:24:36,786 - mylogger - WARNING - 匹配失败
2018-09-23 16:24:37,036 - mylogger - INFO - 返回游戏页面
2018-09-23 16:24:38,596 - mylogger - INFO - 进入排位赛
2018-09-23 16:24:38,596 - mylogger - INFO - 正在匹配中......
2018-09-23 16:25:31,659 - mylogger - INFO - 匹配成功
2018-09-23 16:25:31,660 - mylogger - INFO - 获取题目
2018-09-23 16:25:34,814 - mylogger - INFO - 第 1 题
2018-09-23 16:25:35,100 - mylogger - INFO - 世界上最低的盆地是哪个？
2018-09-23 16:25:36,040 - mylogger - INFO - ['塔里木盆地', '柴达木盆地', '吐鲁番盆地']
2018-09-23 16:25:36,046 - mylogger - INFO - 数据库中检索答案
2018-09-23 16:25:36,047 - mylogger - INFO - 数据中无答案
2018-09-23 16:25:36,776 - mylogger - INFO - 在线检索答案：吐鲁番盆地
2018-09-23 16:25:36,776 - mylogger - INFO - 我的答案：吐鲁番盆地
2018-09-23 16:25:37,406 - mylogger - INFO - 选择选项
2018-09-23 16:25:39,955 - mylogger - INFO - 答案正确
2018-09-23 16:25:39,955 - mylogger - INFO - 更新答案
2018-09-23 16:25:41,341 - mylogger - INFO - 本题结束
2018-09-23 16:25:41,343 - mylogger - INFO - 获取题目
2018-09-23 16:25:43,252 - mylogger - INFO - 第 2 题
2018-09-23 16:25:43,527 - mylogger - INFO - 辛弃疾的诗句“却将万字平戎策”的下一句是什么？
2018-09-23 16:25:44,548 - mylogger - INFO - ['壮岁旌旗拥万夫', '换得东家种树书', '燕兵夜娖银胡觮']
2018-09-23 16:25:44,554 - mylogger - INFO - 数据库中检索答案
2018-09-23 16:25:44,555 - mylogger - INFO - 数据中无答案
2018-09-23 16:25:45,330 - mylogger - INFO - 在线检索答案：换得东家种树书
2018-09-23 16:25:45,331 - mylogger - INFO - 我的答案：换得东家种树书
2018-09-23 16:25:45,982 - mylogger - INFO - 选择选项
2018-09-23 16:25:48,523 - mylogger - INFO - 答案正确
2018-09-23 16:25:48,524 - mylogger - INFO - 更新答案
2018-09-23 16:25:52,095 - mylogger - INFO - 本题结束
2018-09-23 16:25:52,102 - mylogger - INFO - 获取题目
2018-09-23 16:25:55,226 - mylogger - INFO - 第 3 题
2018-09-23 16:25:55,623 - mylogger - INFO - 长征五号火箭芯一级的燃料是什么？
2018-09-23 16:25:56,694 - mylogger - INFO - ['液氧液氢', '偏二甲肼+液氧', '液氧煤油']
2018-09-23 16:25:56,696 - mylogger - INFO - 数据库中检索答案
2018-09-23 16:25:56,696 - mylogger - INFO - 数据中无答案
2018-09-23 16:25:57,702 - mylogger - INFO - 在线检索答案：液氧煤油
2018-09-23 16:25:57,702 - mylogger - INFO - 我的答案：液氧煤油
2018-09-23 16:25:58,304 - mylogger - INFO - 选择选项
2018-09-23 16:26:00,736 - mylogger - INFO - 答案错误
2018-09-23 16:26:00,856 - mylogger - INFO - 正确答案；液氧液氢
2018-09-23 16:26:00,856 - mylogger - INFO - 更新答案
2018-09-23 16:26:11,275 - mylogger - INFO - 本题结束
2018-09-23 16:26:11,276 - mylogger - INFO - 获取题目
2018-09-23 16:26:12,093 - mylogger - INFO - 第 4 题
2018-09-23 16:26:12,385 - mylogger - INFO - 公元7世纪时，实行“大化革新”的日本君主是谁？
2018-09-23 16:26:13,480 - mylogger - INFO - ['推古天皇', '嵯峨天皇', '']
2018-09-23 16:26:13,485 - mylogger - INFO - 数据库中检索答案
2018-09-23 16:26:13,486 - mylogger - INFO - 数据中无答案
2018-09-23 16:26:15,134 - mylogger - INFO - 在线检索答案：
2018-09-23 16:26:15,135 - mylogger - INFO - 我的答案：推古天皇
2018-09-23 16:26:15,745 - mylogger - INFO - 选择选项
2018-09-23 16:27:19,714 - mylogger - INFO - 进入排位赛
2018-09-23 16:27:19,715 - mylogger - INFO - 正在匹配中......
2018-09-23 16:28:20,704 - mylogger - WARNING - 匹配失败
2018-09-23 16:28:20,978 - mylogger - INFO - 返回游戏页面
2018-09-23 16:28:22,570 - mylogger - INFO - 进入排位赛
2018-09-23 16:28:22,571 - mylogger - INFO - 正在匹配中......
2018-09-23 16:29:09,419 - mylogger - INFO - 匹配成功
2018-09-23 16:29:09,420 - mylogger - INFO - 获取题目
2018-09-23 16:29:12,468 - mylogger - INFO - 第 1 题
2018-09-23 16:29:12,767 - mylogger - INFO - 2018年江苏卫视跨年晚会上，吴亦凡与谁合唱了《想你》？
2018-09-23 16:29:13,667 - mylogger - INFO - ['赵丽颖', '杨幂', '杨紫']
2018-09-23 16:29:13,671 - mylogger - INFO - 数据库中检索答案
2018-09-23 16:29:13,671 - mylogger - INFO - 数据中无答案
2018-09-23 16:29:14,429 - mylogger - INFO - 在线检索答案：赵丽颖
2018-09-23 16:29:14,429 - mylogger - INFO - 我的答案：赵丽颖
2018-09-23 16:29:15,021 - mylogger - INFO - 选择选项
2018-09-23 16:29:17,409 - mylogger - INFO - 答案正确
2018-09-23 16:29:17,410 - mylogger - INFO - 更新答案
2018-09-23 16:29:21,093 - mylogger - INFO - 本题结束
2018-09-23 16:29:21,094 - mylogger - INFO - 获取题目
2018-09-23 16:29:24,202 - mylogger - INFO - 第 2 题
2018-09-23 16:29:24,558 - mylogger - INFO - 后发座流星雨发生在每年的几月
2018-09-23 16:29:25,532 - mylogger - INFO - ['12', '6', '3']
2018-09-23 16:29:25,538 - mylogger - INFO - 数据库中检索答案
2018-09-23 16:29:25,539 - mylogger - INFO - 数据中无答案
2018-09-23 16:29:26,561 - mylogger - INFO - 在线检索答案：12
2018-09-23 16:29:26,562 - mylogger - INFO - 我的答案：12
2018-09-23 16:29:27,126 - mylogger - INFO - 选择选项
2018-09-23 16:29:29,538 - mylogger - INFO - 答案正确
2018-09-23 16:29:29,538 - mylogger - INFO - 更新答案
2018-09-23 16:29:30,972 - mylogger - INFO - 本题结束
2018-09-23 16:29:30,974 - mylogger - INFO - 获取题目
2018-09-23 16:29:32,758 - mylogger - INFO - 第 3 题
2018-09-23 16:29:33,037 - mylogger - INFO - 钉钉（DingTalk）是哪个公司旗下的沟通平台？
2018-09-23 16:29:34,006 - mylogger - INFO - ['腾讯集团', '阿里巴巴集团', '百度公司']
2018-09-23 16:29:34,011 - mylogger - INFO - 数据库中检索答案
2018-09-23 16:29:34,012 - mylogger - INFO - 数据中无答案
2018-09-23 16:29:34,934 - mylogger - INFO - 在线检索答案：阿里巴巴集团
2018-09-23 16:29:34,934 - mylogger - INFO - 我的答案：阿里巴巴集团
2018-09-23 16:29:35,527 - mylogger - INFO - 选择选项
2018-09-23 16:29:37,908 - mylogger - INFO - 答案正确
2018-09-23 16:29:37,909 - mylogger - INFO - 更新答案
2018-09-23 16:29:41,579 - mylogger - INFO - 本题结束
2018-09-23 16:29:41,587 - mylogger - INFO - 获取题目
2018-09-23 16:29:43,501 - mylogger - INFO - 第 4 题
2018-09-23 16:29:43,790 - mylogger - INFO - GNP指 ？
2018-09-23 16:29:44,706 - mylogger - INFO - ['人均国民收入', '国民生产总值', '国内生产总值']
2018-09-23 16:29:44,712 - mylogger - INFO - 数据库中检索答案
2018-09-23 16:29:44,712 - mylogger - INFO - 数据中无答案
2018-09-23 16:29:45,445 - mylogger - INFO - 在线检索答案：国民生产总值
2018-09-23 16:29:45,446 - mylogger - INFO - 我的答案：国民生产总值
2018-09-23 16:29:46,019 - mylogger - INFO - 选择选项
2018-09-23 16:29:48,416 - mylogger - INFO - 答案正确
2018-09-23 16:29:48,416 - mylogger - INFO - 更新答案
2018-09-23 16:29:52,043 - mylogger - INFO - 本题结束
2018-09-23 16:29:52,050 - mylogger - INFO - 获取题目
2018-09-23 16:29:55,193 - mylogger - INFO - 第 5 题
2018-09-23 16:29:55,513 - mylogger - INFO - “像你恨它一样驾驶它”是哪一个汽车品牌商的广告语？
2018-09-23 16:29:56,434 - mylogger - INFO - ['  路虎 ', '福特 ', '沃尔沃']
2018-09-23 16:29:56,438 - mylogger - INFO - 数据库中检索答案
2018-09-23 16:29:56,439 - mylogger - INFO - 数据中无答案
2018-09-23 16:29:58,263 - mylogger - INFO - 在线检索答案：
2018-09-23 16:29:58,263 - mylogger - INFO - 我的答案：  路虎 
2018-09-23 16:29:58,829 - mylogger - INFO - 选择选项
2018-09-23 16:30:01,246 - mylogger - INFO - 答案错误
2018-09-23 16:30:01,509 - mylogger - INFO - 正确答案；沃尔沃
2018-09-23 16:30:01,509 - mylogger - INFO - 更新答案
2018-09-23 16:30:04,032 - mylogger - INFO - 本题结束
2018-09-23 16:30:04,149 - mylogger - INFO - 本场比赛结束
2018-09-23 16:30:04,422 - mylogger - INFO - 返回游戏页面
2018-09-23 16:30:05,974 - mylogger - INFO - 进入排位赛
2018-09-23 16:30:05,974 - mylogger - INFO - 正在匹配中......
2018-09-23 16:30:43,786 - mylogger - INFO - 匹配成功
2018-09-23 16:30:43,786 - mylogger - INFO - 获取题目
2018-09-23 16:30:46,822 - mylogger - INFO - 第 1 题
2018-09-23 16:30:47,110 - mylogger - INFO - 再过三天后是周一，那么昨天是周几？
2018-09-23 16:30:48,094 - mylogger - INFO - ['周三', '周二', '周一']
2018-09-23 16:30:48,099 - mylogger - INFO - 数据库中检索答案
2018-09-23 16:30:48,100 - mylogger - INFO - 数据中无答案
2018-09-23 16:30:48,853 - mylogger - INFO - 在线检索答案：周一
2018-09-23 16:30:48,853 - mylogger - INFO - 我的答案：周一
2018-09-23 16:30:49,474 - mylogger - INFO - 选择选项
2018-09-23 16:30:51,963 - mylogger - INFO - 答案错误
2018-09-23 16:30:52,083 - mylogger - INFO - 正确答案；周三
2018-09-23 16:30:52,083 - mylogger - INFO - 更新答案
2018-09-23 16:30:55,696 - mylogger - INFO - 本题结束
2018-09-23 16:30:55,697 - mylogger - INFO - 获取题目
2018-09-23 16:30:58,724 - mylogger - INFO - 第 2 题
2018-09-23 16:30:59,087 - mylogger - INFO - 在电影《二代妖精之今生有幸》中，男主角是冯绍峰，女主角是哪个女演员？
2018-09-23 16:31:00,065 - mylogger - INFO - ['刘诗诗', '刘亦菲', '李沁']
2018-09-23 16:31:00,072 - mylogger - INFO - 数据库中检索答案
2018-09-23 16:31:00,073 - mylogger - INFO - 数据中无答案
2018-09-23 16:31:01,271 - mylogger - INFO - 在线检索答案：刘亦菲
2018-09-23 16:31:01,271 - mylogger - INFO - 我的答案：刘亦菲
2018-09-23 16:31:01,830 - mylogger - INFO - 选择选项
2018-09-23 16:31:04,238 - mylogger - INFO - 答案正确
2018-09-23 16:31:04,238 - mylogger - INFO - 更新答案
2018-09-23 16:31:07,876 - mylogger - INFO - 本题结束
2018-09-23 16:31:07,877 - mylogger - INFO - 获取题目
2018-09-23 16:31:11,132 - mylogger - INFO - 第 3 题
2018-09-23 16:31:11,498 - mylogger - INFO - 世界上体积最大的动物是哪一种?
2018-09-23 16:31:12,613 - mylogger - INFO - ['鲸鱼', '水母', '恐龙']
2018-09-23 16:31:12,620 - mylogger - INFO - 数据库中检索答案
2018-09-23 16:31:12,621 - mylogger - INFO - 数据中无答案
2018-09-23 16:31:13,613 - mylogger - INFO - 在线检索答案：
2018-09-23 16:31:13,614 - mylogger - INFO - 我的答案：鲸鱼
2018-09-23 16:31:14,238 - mylogger - INFO - 选择选项
2018-09-23 16:31:16,688 - mylogger - INFO - 答案错误
2018-09-23 16:31:16,807 - mylogger - INFO - 正确答案；水母
2018-09-23 16:31:16,808 - mylogger - INFO - 更新答案
2018-09-23 16:31:18,175 - mylogger - INFO - 本题结束
2018-09-23 16:31:18,177 - mylogger - INFO - 获取题目
2018-09-23 16:31:21,132 - mylogger - INFO - 第 4 题
2018-09-23 16:31:21,461 - mylogger - INFO - 南宋诗人陆游的名句“书到用时方恨少”的下句是什么？
2018-09-23 16:31:22,450 - mylogger - INFO - ['事非经过不知难', '有书不读子孙愚', '老来方悔读书迟']
2018-09-23 16:31:22,453 - mylogger - INFO - 数据库中检索答案
2018-09-23 16:31:22,453 - mylogger - INFO - 数据中无答案
2018-09-23 16:31:23,674 - mylogger - INFO - 在线检索答案：事非经过不知难
2018-09-23 16:31:23,674 - mylogger - INFO - 我的答案：事非经过不知难
2018-09-23 16:31:24,255 - mylogger - INFO - 选择选项
2018-09-23 16:31:26,709 - mylogger - INFO - 答案正确
2018-09-23 16:31:26,710 - mylogger - INFO - 更新答案
2018-09-23 16:31:29,153 - mylogger - INFO - 本题结束
2018-09-23 16:31:29,155 - mylogger - INFO - 获取题目
2018-09-23 16:31:31,142 - mylogger - INFO - 第 5 题
2018-09-23 16:31:31,487 - mylogger - INFO - 下列哪位明星与刘诗诗、杨幂、杨颖在2013年并称为“四小花旦”？
2018-09-23 16:31:32,554 - mylogger - INFO - ['倪妮', '郑爽', '唐嫣']
2018-09-23 16:31:32,560 - mylogger - INFO - 数据库中检索答案
2018-09-23 16:31:32,561 - mylogger - INFO - 数据中无答案
2018-09-23 16:31:34,096 - mylogger - INFO - 在线检索答案：倪妮
2018-09-23 16:31:34,097 - mylogger - INFO - 我的答案：倪妮
2018-09-23 16:31:34,805 - mylogger - INFO - 选择选项
2018-09-23 16:31:37,253 - mylogger - INFO - 答案正确
2018-09-23 16:31:37,254 - mylogger - INFO - 更新答案
2018-09-23 16:31:38,564 - mylogger - INFO - 本题结束
2018-09-23 16:31:38,719 - mylogger - INFO - 本场比赛结束
2018-09-23 16:31:38,984 - mylogger - INFO - 返回游戏页面
2018-09-23 16:31:40,607 - mylogger - INFO - 进入排位赛
2018-09-23 16:31:40,608 - mylogger - INFO - 正在匹配中......
2018-09-23 16:32:41,654 - mylogger - WARNING - 匹配失败
2018-09-23 16:32:41,921 - mylogger - INFO - 返回游戏页面
2018-09-23 16:32:43,435 - mylogger - INFO - 进入排位赛
2018-09-23 16:32:43,436 - mylogger - INFO - 正在匹配中......
2018-09-23 16:32:55,155 - mylogger - INFO - 匹配成功
2018-09-23 16:32:55,156 - mylogger - INFO - 获取题目
2018-09-23 16:32:58,199 - mylogger - INFO - 第 1 题
2018-09-23 16:32:58,532 - mylogger - INFO - 电影《我的老公不靠谱》的主演是谁？
2018-09-23 16:32:59,426 - mylogger - INFO - ['喜羊羊和美羊羊', '春娇和志明', '蔡卓妍和郑伊健']
2018-09-23 16:32:59,432 - mylogger - INFO - 数据库中检索答案
2018-09-23 16:32:59,433 - mylogger - INFO - 数据中无答案
2018-09-23 16:33:02,265 - mylogger - INFO - 在线检索答案：喜羊羊和美羊羊
2018-09-23 16:33:02,266 - mylogger - INFO - 我的答案：喜羊羊和美羊羊
2018-09-23 16:33:02,850 - mylogger - INFO - 选择选项
2018-09-23 16:33:05,264 - mylogger - INFO - 答案错误
2018-09-23 16:33:05,626 - mylogger - INFO - 正确答案；蔡卓妍和郑伊健
2018-09-23 16:33:05,628 - mylogger - INFO - 更新答案
2018-09-23 16:33:05,903 - mylogger - INFO - 本题结束
2018-09-23 16:33:05,914 - mylogger - INFO - 获取题目
2018-09-23 16:33:09,046 - mylogger - INFO - 第 2 题
2018-09-23 16:33:09,386 - mylogger - INFO - 陈皮是以哪种水果的表皮为原料制作的蜜饯？
2018-09-23 16:33:10,468 - mylogger - INFO - ['柚子', '橙子', '   橘子']
2018-09-23 16:33:10,470 - mylogger - INFO - 数据库中检索答案
2018-09-23 16:33:10,470 - mylogger - INFO - 数据中无答案
2018-09-23 16:33:11,630 - mylogger - INFO - 在线检索答案：柚子
2018-09-23 16:33:11,630 - mylogger - INFO - 我的答案：柚子
2018-09-23 16:33:12,246 - mylogger - INFO - 选择选项
2018-09-23 16:33:14,627 - mylogger - INFO - 答案错误
2018-09-23 16:33:14,874 - mylogger - INFO - 正确答案；   橘子
2018-09-23 16:33:14,875 - mylogger - INFO - 更新答案
2018-09-23 16:33:16,266 - mylogger - INFO - 本题结束
2018-09-23 16:33:16,268 - mylogger - INFO - 获取题目
2018-09-23 16:33:18,222 - mylogger - INFO - 第 3 题
2018-09-23 16:33:18,538 - mylogger - INFO - 在《致我们单纯的小美好》饰演男主角的胡一天，他的身高是多少？
2018-09-23 16:33:19,594 - mylogger - INFO - ['1米88', '1米85', '1米83']
2018-09-23 16:33:19,599 - mylogger - INFO - 数据库中检索答案
2018-09-23 16:33:19,599 - mylogger - INFO - 数据中无答案
2018-09-23 16:33:20,576 - mylogger - INFO - 在线检索答案：
2018-09-23 16:33:20,577 - mylogger - INFO - 我的答案：1米88
2018-09-23 16:33:21,122 - mylogger - INFO - 选择选项
2018-09-23 16:33:23,473 - mylogger - INFO - 答案正确
2018-09-23 16:33:23,474 - mylogger - INFO - 更新答案
2018-09-23 16:33:24,880 - mylogger - INFO - 本题结束
2018-09-23 16:33:24,891 - mylogger - INFO - 获取题目
2018-09-23 16:33:26,800 - mylogger - INFO - 第 4 题
2018-09-23 16:33:27,090 - mylogger - INFO - 米-24没有装备过下列哪种设备？
2018-09-23 16:33:28,131 - mylogger - INFO - ['23毫米机炮', '30毫米机炮', '长弓雷达']
2018-09-23 16:33:28,136 - mylogger - INFO - 数据库中检索答案
2018-09-23 16:33:28,136 - mylogger - INFO - 数据中无答案
2018-09-23 16:33:29,489 - mylogger - INFO - 在线检索答案：
2018-09-23 16:33:29,489 - mylogger - INFO - 我的答案：23毫米机炮
2018-09-23 16:33:30,054 - mylogger - INFO - 选择选项
2018-09-23 16:33:32,474 - mylogger - INFO - 答案错误
2018-09-23 16:33:32,735 - mylogger - INFO - 正确答案；长弓雷达
2018-09-23 16:33:32,736 - mylogger - INFO - 更新答案
2018-09-23 16:33:34,020 - mylogger - INFO - 本题结束
2018-09-23 16:33:34,021 - mylogger - INFO - 获取题目
2018-09-23 16:33:37,116 - mylogger - INFO - 第 5 题
2018-09-23 16:33:37,466 - mylogger - INFO - 清劲风是风力几级的风？ 
2018-09-23 16:33:38,493 - mylogger - INFO - ['3', '4', '5']
2018-09-23 16:33:38,496 - mylogger - INFO - 数据库中检索答案
2018-09-23 16:33:38,496 - mylogger - INFO - 数据中无答案
2018-09-23 16:33:39,349 - mylogger - INFO - 在线检索答案：3
2018-09-23 16:33:39,349 - mylogger - INFO - 我的答案：3
2018-09-23 16:33:39,931 - mylogger - INFO - 选择选项
2018-09-23 16:33:42,358 - mylogger - INFO - 答案错误
2018-09-23 16:33:42,946 - mylogger - INFO - 正确答案；5
2018-09-23 16:33:42,946 - mylogger - INFO - 更新答案
2018-09-23 16:33:43,181 - mylogger - INFO - 本题结束
2018-09-23 16:33:43,293 - mylogger - INFO - 本场比赛结束
2018-09-23 16:33:43,552 - mylogger - INFO - 返回游戏页面
2018-09-23 16:33:45,152 - mylogger - INFO - 进入排位赛
2018-09-23 16:33:45,152 - mylogger - INFO - 正在匹配中......
2018-09-23 16:34:34,181 - mylogger - INFO - 匹配成功
2018-09-23 16:34:34,181 - mylogger - INFO - 获取题目
2018-09-23 16:34:36,185 - mylogger - INFO - 第 1 题
2018-09-23 16:34:36,501 - mylogger - INFO - 以下哪个选项不属于道教三经？
2018-09-23 16:34:37,467 - mylogger - INFO - ['《南华经》', '《道德经》', '《圆觉经》']
2018-09-23 16:34:38,363 - mylogger - INFO - 数据库中检索答案
2018-09-23 16:34:38,363 - mylogger - INFO - 数据中无答案
2018-09-23 16:34:39,016 - mylogger - INFO - 在线检索答案：《南华经》
2018-09-23 16:34:39,016 - mylogger - INFO - 我的答案：《南华经》
2018-09-23 16:34:39,644 - mylogger - INFO - 选择选项
2018-09-23 16:34:42,016 - mylogger - INFO - 答案错误
2018-09-23 16:34:42,234 - mylogger - INFO - 正确答案；《圆觉经》
2018-09-23 16:34:42,234 - mylogger - INFO - 更新答案
2018-09-23 16:34:44,722 - mylogger - INFO - 本题结束
2018-09-23 16:34:44,723 - mylogger - INFO - 获取题目
2018-09-23 16:34:46,512 - mylogger - INFO - 第 2 题
2018-09-23 16:34:46,844 - mylogger - INFO - 以下哪一个计划成功地进行了世界上第一次核爆炸？
2018-09-23 16:34:47,835 - mylogger - INFO - ['曼哈顿计划', '海狮计划', '马歇尔计划']
2018-09-23 16:34:47,839 - mylogger - INFO - 数据库中检索答案
2018-09-23 16:34:47,839 - mylogger - INFO - 数据中无答案
2018-09-23 16:34:48,966 - mylogger - INFO - 在线检索答案：曼哈顿计划
2018-09-23 16:34:48,966 - mylogger - INFO - 我的答案：曼哈顿计划
2018-09-23 16:34:49,649 - mylogger - INFO - 选择选项
2018-09-23 16:34:52,055 - mylogger - INFO - 答案正确
2018-09-23 16:34:52,056 - mylogger - INFO - 更新答案
2018-09-23 16:34:53,401 - mylogger - INFO - 本题结束
2018-09-23 16:34:53,402 - mylogger - INFO - 获取题目
2018-09-23 16:34:56,405 - mylogger - INFO - 第 3 题
2018-09-23 16:34:56,753 - mylogger - INFO - “开司米”原本是指：
2018-09-23 16:34:57,674 - mylogger - INFO - ['合成纤维', '山羊绒', '棉织品']
2018-09-23 16:34:57,678 - mylogger - INFO - 数据库中检索答案
2018-09-23 16:34:57,679 - mylogger - INFO - 数据中无答案
2018-09-23 16:34:58,226 - mylogger - INFO - 在线检索答案：山羊绒
2018-09-23 16:34:58,226 - mylogger - INFO - 我的答案：山羊绒
2018-09-23 16:34:58,800 - mylogger - INFO - 选择选项
2018-09-23 16:35:01,247 - mylogger - INFO - 答案正确
2018-09-23 16:35:01,247 - mylogger - INFO - 更新答案
2018-09-23 16:35:02,517 - mylogger - INFO - 本题结束
2018-09-23 16:35:02,528 - mylogger - INFO - 获取题目
2018-09-23 16:35:04,318 - mylogger - INFO - 第 4 题
2018-09-23 16:35:04,682 - mylogger - INFO - 黛珂是哪个集团旗下的品牌？
2018-09-23 16:35:05,604 - mylogger - INFO - ['高丝', '资生堂', '欧莱雅']
2018-09-23 16:35:05,611 - mylogger - INFO - 数据库中检索答案
2018-09-23 16:35:05,612 - mylogger - INFO - 数据中无答案
2018-09-23 16:35:06,257 - mylogger - INFO - 在线检索答案：高丝
2018-09-23 16:35:06,257 - mylogger - INFO - 我的答案：高丝
2018-09-23 16:35:06,885 - mylogger - INFO - 选择选项
2018-09-23 16:35:09,335 - mylogger - INFO - 答案正确
2018-09-23 16:35:09,335 - mylogger - INFO - 更新答案
2018-09-23 16:35:13,056 - mylogger - INFO - 本题结束
2018-09-23 16:35:13,063 - mylogger - INFO - 获取题目
2018-09-23 16:35:14,964 - mylogger - INFO - 第 5 题
2018-09-23 16:35:15,286 - mylogger - INFO - 春节放假三天（打一字）
2018-09-23 16:35:16,209 - mylogger - INFO - ['时', '茶', '人']
2018-09-23 16:35:16,211 - mylogger - INFO - 数据库中检索答案
2018-09-23 16:35:16,212 - mylogger - INFO - 数据中无答案
2018-09-23 16:35:17,262 - mylogger - INFO - 在线检索答案：人
2018-09-23 16:35:17,262 - mylogger - INFO - 我的答案：人
2018-09-23 16:35:17,872 - mylogger - INFO - 选择选项
2018-09-23 16:35:20,312 - mylogger - INFO - 答案正确
2018-09-23 16:35:20,313 - mylogger - INFO - 更新答案
2018-09-23 16:35:21,588 - mylogger - INFO - 本题结束
2018-09-23 16:35:21,786 - mylogger - INFO - 本场比赛结束
2018-09-23 16:35:22,040 - mylogger - INFO - 返回游戏页面
2018-09-23 16:35:23,623 - mylogger - INFO - 进入排位赛
2018-09-23 16:35:23,624 - mylogger - INFO - 正在匹配中......
2018-09-23 16:36:12,468 - mylogger - INFO - 匹配成功
2018-09-23 16:36:12,468 - mylogger - INFO - 获取题目
2018-09-23 16:36:15,585 - mylogger - INFO - 第 1 题
2018-09-23 16:36:15,979 - mylogger - INFO - 《即兴幻想曲》是哪位钢琴家的代表作？
2018-09-23 16:36:17,015 - mylogger - INFO - ['贝多芬', '肖邦', '巴赫']
2018-09-23 16:36:17,017 - mylogger - INFO - 数据库中检索答案
2018-09-23 16:36:17,018 - mylogger - INFO - 数据中无答案
2018-09-23 16:36:18,783 - mylogger - INFO - 在线检索答案：肖邦
2018-09-23 16:36:18,783 - mylogger - INFO - 我的答案：肖邦
2018-09-23 16:36:19,323 - mylogger - INFO - 选择选项
2018-09-23 16:36:21,795 - mylogger - INFO - 答案正确
2018-09-23 16:36:21,795 - mylogger - INFO - 更新答案
2018-09-23 16:36:24,281 - mylogger - INFO - 本题结束
2018-09-23 16:36:24,291 - mylogger - INFO - 获取题目
2018-09-23 16:36:26,217 - mylogger - INFO - 第 2 题
2018-09-23 16:36:26,693 - mylogger - INFO - 二十八星宿中各宿的区域大小相差很大，最小的觜宿只占
2018-09-23 16:36:27,830 - mylogger - INFO - ['3°', '1°', '2°']
2018-09-23 16:36:27,834 - mylogger - INFO - 数据库中检索答案
2018-09-23 16:36:27,834 - mylogger - INFO - 数据中无答案
2018-09-23 16:36:30,037 - mylogger - INFO - 在线检索答案：3°
2018-09-23 16:36:30,037 - mylogger - INFO - 我的答案：3°
2018-09-23 16:36:30,604 - mylogger - INFO - 选择选项
2018-09-23 16:36:33,139 - mylogger - INFO - 答案错误
2018-09-23 16:36:33,259 - mylogger - INFO - 正确答案；1°
2018-09-23 16:36:33,260 - mylogger - INFO - 更新答案
2018-09-23 16:36:43,700 - mylogger - INFO - 本题结束
2018-09-23 16:36:43,714 - mylogger - INFO - 获取题目
2018-09-23 16:36:44,468 - mylogger - INFO - 第 3 题
2018-09-23 16:36:44,802 - mylogger - INFO - 人的五感中哪个感觉反应最快？
2018-09-23 16:36:45,830 - mylogger - INFO - ['味觉', '视觉', '']
2018-09-23 16:36:45,835 - mylogger - INFO - 数据库中检索答案
2018-09-23 16:36:45,835 - mylogger - INFO - 数据中无答案
2018-09-23 16:36:47,729 - mylogger - INFO - 在线检索答案：
2018-09-23 16:36:47,730 - mylogger - INFO - 我的答案：味觉
2018-09-23 16:36:48,354 - mylogger - INFO - 选择选项
2018-09-23 16:37:53,905 - mylogger - INFO - 进入排位赛
2018-09-23 16:37:53,905 - mylogger - INFO - 正在匹配中......
2018-09-23 16:38:54,835 - mylogger - WARNING - 匹配失败
2018-09-23 16:38:55,089 - mylogger - INFO - 返回游戏页面
2018-09-23 16:38:56,578 - mylogger - INFO - 进入排位赛
2018-09-23 16:38:57,303 - mylogger - INFO - 正在匹配中......
2018-09-23 16:39:09,532 - mylogger - INFO - 匹配成功
2018-09-23 16:39:09,532 - mylogger - INFO - 获取题目
2018-09-23 16:39:12,654 - mylogger - INFO - 第 1 题
2018-09-23 16:39:12,974 - mylogger - INFO - 哪位女演员的老公不是知名导演？
2018-09-23 16:39:13,939 - mylogger - INFO - ['杨幂', '陈红', '徐帆']
2018-09-23 16:39:13,941 - mylogger - INFO - 数据库中检索答案
2018-09-23 16:39:13,941 - mylogger - INFO - 数据中无答案
2018-09-23 16:39:15,346 - mylogger - INFO - 在线检索答案：杨幂
2018-09-23 16:39:15,346 - mylogger - INFO - 我的答案：杨幂
2018-09-23 16:39:15,922 - mylogger - INFO - 选择选项
2018-09-23 16:39:18,362 - mylogger - INFO - 答案正确
2018-09-23 16:39:18,363 - mylogger - INFO - 更新答案
2018-09-23 16:39:19,842 - mylogger - INFO - 本题结束
2018-09-23 16:39:19,844 - mylogger - INFO - 获取题目
2018-09-23 16:39:21,627 - mylogger - INFO - 第 2 题
2018-09-23 16:39:21,935 - mylogger - INFO - 韩国组合Super Junior唯一中国籍成员是谁？
2018-09-23 16:39:22,917 - mylogger - INFO - ['陈志朋', '韩庚', '吴奇隆']
2018-09-23 16:39:22,923 - mylogger - INFO - 数据库中检索答案
2018-09-23 16:39:22,924 - mylogger - INFO - 数据中无答案
2018-09-23 16:39:24,159 - mylogger - INFO - 在线检索答案：韩庚
2018-09-23 16:39:24,159 - mylogger - INFO - 我的答案：韩庚
2018-09-23 16:39:24,754 - mylogger - INFO - 选择选项
2018-09-23 16:39:27,193 - mylogger - INFO - 答案正确
2018-09-23 16:39:27,194 - mylogger - INFO - 更新答案
2018-09-23 16:39:28,505 - mylogger - INFO - 本题结束
2018-09-23 16:39:28,506 - mylogger - INFO - 获取题目
2018-09-23 16:39:30,343 - mylogger - INFO - 第 3 题
2018-09-23 16:39:30,715 - mylogger - INFO - 三明治需要涂酱料，3个三层的三明治，共需要涂几层？
2018-09-23 16:39:31,713 - mylogger - INFO - ['6', '3', '9']
2018-09-23 16:39:31,717 - mylogger - INFO - 数据库中检索答案
2018-09-23 16:39:31,718 - mylogger - INFO - 数据中无答案
2018-09-23 16:39:32,842 - mylogger - INFO - 在线检索答案：3
2018-09-23 16:39:32,842 - mylogger - INFO - 我的答案：3
2018-09-23 16:39:33,432 - mylogger - INFO - 选择选项
2018-09-23 16:39:35,904 - mylogger - INFO - 答案错误
2018-09-23 16:39:36,030 - mylogger - INFO - 正确答案；6
2018-09-23 16:39:36,031 - mylogger - INFO - 更新答案
2018-09-23 16:39:38,599 - mylogger - INFO - 本题结束
2018-09-23 16:39:38,601 - mylogger - INFO - 获取题目
2018-09-23 16:39:41,681 - mylogger - INFO - 第 4 题
2018-09-23 16:39:42,012 - mylogger - INFO - 在韩剧《我的女孩》中担任女主角的韩国女演员叫什么名字？
2018-09-23 16:39:42,997 - mylogger - INFO - ['金泰熙', '宋慧乔', '李多海']
2018-09-23 16:39:43,002 - mylogger - INFO - 数据库中检索答案
2018-09-23 16:39:43,003 - mylogger - INFO - 数据中无答案
2018-09-23 16:39:43,864 - mylogger - INFO - 在线检索答案：李多海
2018-09-23 16:39:43,864 - mylogger - INFO - 我的答案：李多海
2018-09-23 16:39:44,452 - mylogger - INFO - 选择选项
2018-09-23 16:39:46,907 - mylogger - INFO - 答案正确
2018-09-23 16:39:46,907 - mylogger - INFO - 更新答案
2018-09-23 16:39:48,217 - mylogger - INFO - 本题结束
2018-09-23 16:39:48,217 - mylogger - INFO - 获取题目
2018-09-23 16:39:51,277 - mylogger - INFO - 第 5 题
2018-09-23 16:39:51,584 - mylogger - INFO - 《歌手2017》是湖南卫视推出的音乐竞技节目，第一季总冠军是谁？
2018-09-23 16:39:52,496 - mylogger - INFO - ['林志炫', '林忆莲', '迪玛希']
2018-09-23 16:39:52,498 - mylogger - INFO - 数据库中检索答案
2018-09-23 16:39:52,498 - mylogger - INFO - 数据中无答案
2018-09-23 16:39:53,661 - mylogger - INFO - 在线检索答案：林忆莲
2018-09-23 16:39:53,662 - mylogger - INFO - 我的答案：林忆莲
2018-09-23 16:39:54,204 - mylogger - INFO - 选择选项
2018-09-23 16:39:56,697 - mylogger - INFO - 答案正确
2018-09-23 16:39:56,698 - mylogger - INFO - 更新答案
2018-09-23 16:40:00,223 - mylogger - INFO - 本题结束
2018-09-23 16:40:00,368 - mylogger - INFO - 本场比赛结束
2018-09-23 16:40:00,628 - mylogger - INFO - 返回游戏页面
2018-09-23 16:40:02,177 - mylogger - INFO - 进入排位赛
2018-09-23 16:40:02,177 - mylogger - INFO - 正在匹配中......
2018-09-23 16:40:57,707 - mylogger - INFO - 匹配成功
2018-09-23 16:40:57,707 - mylogger - INFO - 获取题目
2018-09-23 16:41:00,768 - mylogger - INFO - 第 1 题
2018-09-23 16:41:01,141 - mylogger - INFO - 排球是哪一年传入亚洲？
2018-09-23 16:41:02,134 - mylogger - INFO - ['1900年', '1901年', '1902年']
2018-09-23 16:41:03,020 - mylogger - INFO - 数据库中检索答案
2018-09-23 16:41:03,020 - mylogger - INFO - 数据中无答案
2018-09-23 16:41:05,442 - mylogger - INFO - 在线检索答案：1900年
2018-09-23 16:41:05,442 - mylogger - INFO - 我的答案：1900年
2018-09-23 16:41:05,963 - mylogger - INFO - 选择选项
2018-09-23 16:41:08,379 - mylogger - INFO - 答案正确
2018-09-23 16:41:08,380 - mylogger - INFO - 更新答案
2018-09-23 16:41:09,727 - mylogger - INFO - 本题结束
2018-09-23 16:41:09,728 - mylogger - INFO - 获取题目
2018-09-23 16:41:11,612 - mylogger - INFO - 第 2 题
2018-09-23 16:41:11,961 - mylogger - INFO - 以尖拱、高塔、大窗户和花窗玻璃为特色的建筑风格叫做？
2018-09-23 16:41:12,995 - mylogger - INFO - ['哥特式', '罗马式', '巴洛克式']
2018-09-23 16:41:12,997 - mylogger - INFO - 数据库中检索答案
2018-09-23 16:41:12,998 - mylogger - INFO - 数据中无答案
2018-09-23 16:41:13,785 - mylogger - INFO - 在线检索答案：哥特式
2018-09-23 16:41:13,786 - mylogger - INFO - 我的答案：哥特式
2018-09-23 16:41:14,379 - mylogger - INFO - 选择选项
2018-09-23 16:41:16,874 - mylogger - INFO - 答案正确
2018-09-23 16:41:16,874 - mylogger - INFO - 更新答案
2018-09-23 16:41:18,188 - mylogger - INFO - 本题结束
2018-09-23 16:41:18,189 - mylogger - INFO - 获取题目
2018-09-23 16:41:20,047 - mylogger - INFO - 第 3 题
2018-09-23 16:41:20,328 - mylogger - INFO - 正方形长20米，每边栽5棵数（每个角顶点栽一棵），共栽几棵？
2018-09-23 16:41:21,308 - mylogger - INFO - ['18棵', '16棵', '19棵']
2018-09-23 16:41:21,310 - mylogger - INFO - 数据库中检索答案
2018-09-23 16:41:21,310 - mylogger - INFO - 数据中无答案
2018-09-23 16:41:22,982 - mylogger - INFO - 在线检索答案：16棵
2018-09-23 16:41:22,983 - mylogger - INFO - 我的答案：16棵
2018-09-23 16:41:23,522 - mylogger - INFO - 选择选项
2018-09-23 16:41:26,033 - mylogger - INFO - 答案正确
2018-09-23 16:41:26,034 - mylogger - INFO - 更新答案
2018-09-23 16:41:29,658 - mylogger - INFO - 本题结束
2018-09-23 16:41:29,664 - mylogger - INFO - 获取题目
2018-09-23 16:41:31,510 - mylogger - INFO - 第 4 题
2018-09-23 16:41:31,886 - mylogger - INFO - 以下哪部不是郭沫若的作品？
2018-09-23 16:41:33,013 - mylogger - INFO - ['《女神》', '《星空》', '《日出》']
2018-09-23 16:41:33,015 - mylogger - INFO - 数据库中检索答案
2018-09-23 16:41:33,016 - mylogger - INFO - 数据中无答案
2018-09-23 16:41:33,735 - mylogger - INFO - 在线检索答案：《女神》
2018-09-23 16:41:33,735 - mylogger - INFO - 我的答案：《女神》
2018-09-23 16:41:34,327 - mylogger - INFO - 选择选项
2018-09-23 16:41:36,793 - mylogger - INFO - 答案错误
2018-09-23 16:41:37,113 - mylogger - INFO - 正确答案；《日出》
2018-09-23 16:41:37,114 - mylogger - INFO - 更新答案
2018-09-23 16:41:37,418 - mylogger - INFO - 本题结束
2018-09-23 16:41:37,418 - mylogger - INFO - 获取题目
2018-09-23 16:41:40,438 - mylogger - INFO - 第 5 题
2018-09-23 16:41:40,749 - mylogger - INFO - 太阳系的外部结构由外到里分为哪三层？
2018-09-23 16:41:41,725 - mylogger - INFO - ['日冕色球光球', '色球光球日冕', '色球日冕光球']
2018-09-23 16:41:41,727 - mylogger - INFO - 数据库中检索答案
2018-09-23 16:41:41,728 - mylogger - INFO - 数据中无答案
2018-09-23 16:41:42,071 - mylogger - INFO - 在线检索答案：日冕色球光球
2018-09-23 16:41:42,072 - mylogger - INFO - 我的答案：日冕色球光球
2018-09-23 16:41:42,655 - mylogger - INFO - 选择选项
2018-09-23 16:41:45,051 - mylogger - INFO - 答案正确
2018-09-23 16:41:45,052 - mylogger - INFO - 更新答案
2018-09-23 16:41:46,352 - mylogger - INFO - 本题结束
2018-09-23 16:41:46,501 - mylogger - INFO - 本场比赛结束
2018-09-23 16:41:46,767 - mylogger - INFO - 返回游戏页面
2018-09-23 16:41:48,334 - mylogger - INFO - 进入排位赛
2018-09-23 16:41:48,334 - mylogger - INFO - 正在匹配中......
2018-09-23 16:41:59,720 - mylogger - INFO - 匹配成功
2018-09-23 16:41:59,720 - mylogger - INFO - 获取题目
2018-09-23 16:42:02,862 - mylogger - INFO - 第 1 题
2018-09-23 16:42:03,183 - mylogger - INFO - 常量滴定管中最常用的是容积为多少毫升的滴定管
2018-09-23 16:42:04,181 - mylogger - INFO - ['25', '50', '100']
2018-09-23 16:42:04,183 - mylogger - INFO - 数据库中检索答案
2018-09-23 16:42:04,184 - mylogger - INFO - 数据中无答案
2018-09-23 16:42:05,478 - mylogger - INFO - 在线检索答案：50
2018-09-23 16:42:05,478 - mylogger - INFO - 我的答案：50
2018-09-23 16:42:05,981 - mylogger - INFO - 选择选项
2018-09-23 16:42:08,442 - mylogger - INFO - 答案正确
2018-09-23 16:42:08,442 - mylogger - INFO - 更新答案
2018-09-23 16:42:13,435 - mylogger - INFO - 本题结束
2018-09-23 16:42:13,507 - mylogger - INFO - 获取题目
2018-09-23 16:42:15,507 - mylogger - INFO - 第 2 题
2018-09-23 16:42:15,880 - mylogger - INFO - 一个数除以2的余数是1，除以5的余数是1，那么这个数除以10的余数是
2018-09-23 16:42:17,011 - mylogger - INFO - ['7', '2', '1']
2018-09-23 16:42:17,013 - mylogger - INFO - 数据库中检索答案
2018-09-23 16:42:17,014 - mylogger - INFO - 数据中无答案
2018-09-23 16:42:18,386 - mylogger - INFO - 在线检索答案：1
2018-09-23 16:42:18,386 - mylogger - INFO - 我的答案：1
2018-09-23 16:42:18,955 - mylogger - INFO - 选择选项
2018-09-23 16:42:21,380 - mylogger - INFO - 答案正确
2018-09-23 16:42:21,380 - mylogger - INFO - 更新答案
2018-09-23 16:42:27,409 - mylogger - INFO - 本题结束
2018-09-23 16:42:27,410 - mylogger - INFO - 获取题目
2018-09-23 16:42:29,250 - mylogger - INFO - 第 3 题
2018-09-23 16:42:29,640 - mylogger - INFO - 《贵妃醉酒》在经梅兰芳改进以前，属于什么应工戏
2018-09-23 16:42:30,642 - mylogger - INFO - ['花旦', '刀马旦', '正旦']
2018-09-23 16:42:30,644 - mylogger - INFO - 数据库中检索答案
2018-09-23 16:42:30,644 - mylogger - INFO - 数据中无答案
2018-09-23 16:42:31,830 - mylogger - INFO - 在线检索答案：刀马旦
2018-09-23 16:42:31,830 - mylogger - INFO - 我的答案：刀马旦
2018-09-23 16:42:32,359 - mylogger - INFO - 选择选项
2018-09-23 16:42:34,823 - mylogger - INFO - 答案正确
2018-09-23 16:42:34,823 - mylogger - INFO - 更新答案
2018-09-23 16:42:36,238 - mylogger - INFO - 本题结束
2018-09-23 16:42:36,240 - mylogger - INFO - 获取题目
2018-09-23 16:42:39,185 - mylogger - INFO - 第 4 题
2018-09-23 16:42:39,541 - mylogger - INFO - 在电视剧版《画皮》中，小唯的扮演者是谁？
2018-09-23 16:42:40,456 - mylogger - INFO - ['周迅', '薛凯琪', '赵薇']
2018-09-23 16:42:40,460 - mylogger - INFO - 数据库中检索答案
2018-09-23 16:42:40,461 - mylogger - INFO - 数据中无答案
2018-09-23 16:42:41,765 - mylogger - INFO - 在线检索答案：薛凯琪
2018-09-23 16:42:41,766 - mylogger - INFO - 我的答案：薛凯琪
2018-09-23 16:42:42,332 - mylogger - INFO - 选择选项
2018-09-23 16:42:44,771 - mylogger - INFO - 答案正确
2018-09-23 16:42:44,771 - mylogger - INFO - 更新答案
2018-09-23 16:42:46,099 - mylogger - INFO - 本题结束
2018-09-23 16:42:46,100 - mylogger - INFO - 获取题目
2018-09-23 16:42:47,988 - mylogger - INFO - 第 5 题
2018-09-23 16:42:48,327 - mylogger - INFO - 红葡萄酒中的栎皮黄素具有什么功效？
2018-09-23 16:42:49,239 - mylogger - INFO - ['预防感冒', '抗衰老', '抗癌物质']
2018-09-23 16:42:49,242 - mylogger - INFO - 数据库中检索答案
2018-09-23 16:42:49,242 - mylogger - INFO - 数据中无答案
2018-09-23 16:42:51,385 - mylogger - INFO - 在线检索答案：抗癌物质
2018-09-23 16:42:51,386 - mylogger - INFO - 我的答案：抗癌物质
2018-09-23 16:42:51,955 - mylogger - INFO - 选择选项
2018-09-23 16:42:54,414 - mylogger - INFO - 答案正确
2018-09-23 16:42:54,414 - mylogger - INFO - 更新答案
2018-09-23 16:42:55,710 - mylogger - INFO - 本题结束
2018-09-23 16:42:55,844 - mylogger - INFO - 本场比赛结束
2018-09-23 16:42:56,107 - mylogger - INFO - 返回游戏页面
2018-09-23 16:42:57,639 - mylogger - INFO - 进入排位赛
2018-09-23 16:42:57,640 - mylogger - INFO - 正在匹配中......
2018-09-23 16:43:23,697 - mylogger - INFO - 匹配成功
2018-09-23 16:43:23,698 - mylogger - INFO - 获取题目
2018-09-23 16:43:26,883 - mylogger - INFO - 第 1 题
2018-09-23 16:43:27,192 - mylogger - INFO - 莎士比亚的三部传奇剧是《辛白林》，《冬天的故事》和？
2018-09-23 16:43:28,253 - mylogger - INFO - ['《哈姆雷特》', '《仲夏夜之梦》', '《李尔王》']
2018-09-23 16:43:28,255 - mylogger - INFO - 数据库中检索答案
2018-09-23 16:43:28,255 - mylogger - INFO - 数据中无答案
2018-09-23 16:43:31,008 - mylogger - INFO - 在线检索答案：《仲夏夜之梦》
2018-09-23 16:43:31,008 - mylogger - INFO - 我的答案：《仲夏夜之梦》
2018-09-23 16:43:31,548 - mylogger - INFO - 选择选项
2018-09-23 16:43:33,983 - mylogger - INFO - 答案正确
2018-09-23 16:43:33,983 - mylogger - INFO - 更新答案
2018-09-23 16:43:35,271 - mylogger - INFO - 本题结束
2018-09-23 16:43:35,272 - mylogger - INFO - 获取题目
2018-09-23 16:43:37,125 - mylogger - INFO - 第 2 题
2018-09-23 16:43:37,450 - mylogger - INFO - 根号64与2的立方谁大？
2018-09-23 16:43:38,533 - mylogger - INFO - ['一样大', '2的立方', '根号64']
2018-09-23 16:43:38,536 - mylogger - INFO - 数据库中检索答案
2018-09-23 16:43:38,536 - mylogger - INFO - 数据中无答案
2018-09-23 16:43:39,396 - mylogger - INFO - 在线检索答案：根号64
2018-09-23 16:43:39,396 - mylogger - INFO - 我的答案：根号64
2018-09-23 16:43:39,949 - mylogger - INFO - 选择选项
2018-09-23 16:43:42,395 - mylogger - INFO - 答案错误
2018-09-23 16:43:42,517 - mylogger - INFO - 正确答案；一样大
2018-09-23 16:43:42,517 - mylogger - INFO - 更新答案
2018-09-23 16:43:43,942 - mylogger - INFO - 本题结束
2018-09-23 16:43:43,943 - mylogger - INFO - 获取题目
2018-09-23 16:43:46,943 - mylogger - INFO - 第 3 题
2018-09-23 16:43:47,301 - mylogger - INFO - 用钴60验证宇称不守恒定律的”东方居里夫人“是谁？
2018-09-23 16:43:48,310 - mylogger - INFO - ['吴健雄', '屠呦呦', '袁隆平']
2018-09-23 16:43:48,312 - mylogger - INFO - 数据库中检索答案
2018-09-23 16:43:48,312 - mylogger - INFO - 数据中无答案
2018-09-23 16:43:49,034 - mylogger - INFO - 在线检索答案：屠呦呦
2018-09-23 16:43:49,034 - mylogger - INFO - 我的答案：屠呦呦
2018-09-23 16:43:49,565 - mylogger - INFO - 选择选项
2018-09-23 16:43:52,025 - mylogger - INFO - 答案错误
2018-09-23 16:43:52,141 - mylogger - INFO - 正确答案；吴健雄
2018-09-23 16:43:52,141 - mylogger - INFO - 更新答案
2018-09-23 16:43:55,690 - mylogger - INFO - 本题结束
2018-09-23 16:43:55,697 - mylogger - INFO - 获取题目
2018-09-23 16:43:58,658 - mylogger - INFO - 第 4 题
2018-09-23 16:43:58,950 - mylogger - INFO - 飞机上的黑匣子被安放在飞机上的哪个部位？
2018-09-23 16:43:59,942 - mylogger - INFO - ['机头', '机身中部', '机尾']
2018-09-23 16:43:59,944 - mylogger - INFO - 数据库中检索答案
2018-09-23 16:43:59,945 - mylogger - INFO - 数据中无答案
2018-09-23 16:44:02,106 - mylogger - INFO - 在线检索答案：机尾
2018-09-23 16:44:02,107 - mylogger - INFO - 我的答案：机尾
2018-09-23 16:44:02,774 - mylogger - INFO - 选择选项
2018-09-23 16:44:05,199 - mylogger - INFO - 答案正确
2018-09-23 16:44:05,199 - mylogger - INFO - 更新答案
2018-09-23 16:44:06,605 - mylogger - INFO - 本题结束
2018-09-23 16:44:06,607 - mylogger - INFO - 获取题目
2018-09-23 16:44:08,504 - mylogger - INFO - 第 5 题
2018-09-23 16:44:08,808 - mylogger - INFO - 电视剧《致我们单纯的小美好》中男主角的饰演者是？
2018-09-23 16:44:09,744 - mylogger - INFO - ['吴磊', '董子健', '胡一天']
2018-09-23 16:44:09,752 - mylogger - INFO - 数据库中检索答案
2018-09-23 16:44:09,753 - mylogger - INFO - 数据中无答案
2018-09-23 16:44:10,869 - mylogger - INFO - 在线检索答案：胡一天
2018-09-23 16:44:10,870 - mylogger - INFO - 我的答案：胡一天
2018-09-23 16:44:11,412 - mylogger - INFO - 选择选项
2018-09-23 16:44:13,794 - mylogger - INFO - 答案正确
2018-09-23 16:44:13,795 - mylogger - INFO - 更新答案
2018-09-23 16:44:15,152 - mylogger - INFO - 本题结束
2018-09-23 16:44:15,310 - mylogger - INFO - 本场比赛结束
2018-09-23 16:44:15,572 - mylogger - INFO - 返回游戏页面
2018-09-23 16:44:17,089 - mylogger - INFO - 进入排位赛
2018-09-23 16:44:17,090 - mylogger - INFO - 正在匹配中......
2018-09-23 16:44:34,456 - mylogger - INFO - 匹配成功
2018-09-23 16:44:34,456 - mylogger - INFO - 获取题目
2018-09-23 16:44:37,546 - mylogger - INFO - 第 1 题
2018-09-23 16:44:37,860 - mylogger - INFO - 钱学森曾经参与创建的NASA研究中心是？
2018-09-23 16:44:38,729 - mylogger - INFO - ['兰利研究中心', '马歇尔中心', '喷气推进实验室']
2018-09-23 16:44:38,734 - mylogger - INFO - 数据库中检索答案
2018-09-23 16:44:38,735 - mylogger - INFO - 数据中无答案
2018-09-23 16:44:39,458 - mylogger - INFO - 在线检索答案：喷气推进实验室
2018-09-23 16:44:39,459 - mylogger - INFO - 我的答案：喷气推进实验室
2018-09-23 16:44:40,103 - mylogger - INFO - 选择选项
2018-09-23 16:44:42,558 - mylogger - INFO - 答案正确
2018-09-23 16:44:42,558 - mylogger - INFO - 更新答案
2018-09-23 16:44:51,708 - mylogger - INFO - 本题结束
2018-09-23 16:44:51,723 - mylogger - INFO - 获取题目
2018-09-23 16:44:53,563 - mylogger - INFO - 第 2 题
2018-09-23 16:44:53,884 - mylogger - INFO - 《王者荣耀》英雄王昭君拥有什么技能？
2018-09-23 16:44:54,838 - mylogger - INFO - ['凛冬已至', '连锁反应', '时之波动']
2018-09-23 16:44:54,844 - mylogger - INFO - 数据库中检索答案
2018-09-23 16:44:54,845 - mylogger - INFO - 数据中无答案
2018-09-23 16:44:55,725 - mylogger - INFO - 在线检索答案：
2018-09-23 16:44:55,726 - mylogger - INFO - 我的答案：凛冬已至
2018-09-23 16:44:56,275 - mylogger - INFO - 选择选项
2018-09-23 16:44:58,689 - mylogger - INFO - 答案正确
2018-09-23 16:44:58,690 - mylogger - INFO - 更新答案
2018-09-23 16:44:59,974 - mylogger - INFO - 本题结束
2018-09-23 16:44:59,976 - mylogger - INFO - 获取题目
2018-09-23 16:45:03,053 - mylogger - INFO - 第 3 题
2018-09-23 16:45:03,325 - mylogger - INFO - 北京奥运会颁奖礼服是以下哪一个设计师的代表作品？
2018-09-23 16:45:04,271 - mylogger - INFO - ['郭培', '韩璐璐', '刘清扬']
2018-09-23 16:45:04,274 - mylogger - INFO - 数据库中检索答案
2018-09-23 16:45:04,274 - mylogger - INFO - 数据中无答案
2018-09-23 16:45:05,017 - mylogger - INFO - 在线检索答案：郭培
2018-09-23 16:45:05,018 - mylogger - INFO - 我的答案：郭培
2018-09-23 16:45:05,565 - mylogger - INFO - 选择选项
2018-09-23 16:45:07,992 - mylogger - INFO - 答案正确
2018-09-23 16:45:07,992 - mylogger - INFO - 更新答案
2018-09-23 16:45:10,455 - mylogger - INFO - 本题结束
2018-09-23 16:45:10,456 - mylogger - INFO - 获取题目
2018-09-23 16:45:12,324 - mylogger - INFO - 第 4 题
2018-09-23 16:45:12,621 - mylogger - INFO - 谁写过以“天净沙”为曲牌名，以“春、夏、秋、冬”为题的作品？
2018-09-23 16:45:13,523 - mylogger - INFO - ['冯子振', '白朴', '关汉卿']
2018-09-23 16:45:13,529 - mylogger - INFO - 数据库中检索答案
2018-09-23 16:45:13,530 - mylogger - INFO - 数据中无答案
2018-09-23 16:45:14,348 - mylogger - INFO - 在线检索答案：白朴
2018-09-23 16:45:14,348 - mylogger - INFO - 我的答案：白朴
2018-09-23 16:45:14,902 - mylogger - INFO - 选择选项
2018-09-23 16:45:17,499 - mylogger - INFO - 答案正确
2018-09-23 16:45:17,499 - mylogger - INFO - 更新答案
2018-09-23 16:45:19,919 - mylogger - INFO - 本题结束
2018-09-23 16:45:19,920 - mylogger - INFO - 获取题目
2018-09-23 16:45:22,902 - mylogger - INFO - 第 5 题
2018-09-23 16:45:23,212 - mylogger - INFO - 天狼星位于
2018-09-23 16:45:24,127 - mylogger - INFO - ['小熊座', '不知道', '大犬座']
2018-09-23 16:45:24,132 - mylogger - INFO - 数据库中检索答案
2018-09-23 16:45:24,133 - mylogger - INFO - 数据中无答案
2018-09-23 16:45:24,799 - mylogger - INFO - 在线检索答案：大犬座
2018-09-23 16:45:24,799 - mylogger - INFO - 我的答案：大犬座
2018-09-23 16:45:25,427 - mylogger - INFO - 选择选项
2018-09-23 16:45:27,864 - mylogger - INFO - 答案正确
2018-09-23 16:45:27,864 - mylogger - INFO - 更新答案
2018-09-23 16:45:29,199 - mylogger - INFO - 本题结束
2018-09-23 16:45:29,337 - mylogger - INFO - 本场比赛结束
2018-09-23 16:45:29,585 - mylogger - INFO - 返回游戏页面
2018-09-23 16:45:31,235 - mylogger - INFO - 进入排位赛
2018-09-23 16:45:31,236 - mylogger - INFO - 正在匹配中......
2018-09-23 16:46:32,428 - mylogger - WARNING - 匹配失败
2018-09-23 16:46:32,756 - mylogger - INFO - 返回游戏页面
2018-09-23 16:46:34,367 - mylogger - INFO - 进入排位赛
2018-09-23 16:46:34,367 - mylogger - INFO - 正在匹配中......
2018-09-23 16:46:45,949 - mylogger - INFO - 匹配成功
2018-09-23 16:46:45,949 - mylogger - INFO - 获取题目
2018-09-23 16:46:48,934 - mylogger - INFO - 第 1 题
2018-09-23 16:46:49,254 - mylogger - INFO - 中国戏曲中的“花脸”是四个行当中的哪一个？
2018-09-23 16:46:50,249 - mylogger - INFO - ['净', '生', '丑']
2018-09-23 16:46:50,252 - mylogger - INFO - 数据库中检索答案
2018-09-23 16:46:50,252 - mylogger - INFO - 数据中无答案
2018-09-23 16:46:51,635 - mylogger - INFO - 在线检索答案：生
2018-09-23 16:46:51,635 - mylogger - INFO - 我的答案：生
2018-09-23 16:46:52,205 - mylogger - INFO - 选择选项
2018-09-23 16:46:54,659 - mylogger - INFO - 答案错误
2018-09-23 16:46:54,781 - mylogger - INFO - 正确答案；净
2018-09-23 16:46:54,781 - mylogger - INFO - 更新答案
2018-09-23 16:47:04,049 - mylogger - INFO - 本题结束
2018-09-23 16:47:04,056 - mylogger - INFO - 获取题目
2018-09-23 16:47:06,006 - mylogger - INFO - 第 2 题
2018-09-23 16:47:06,305 - mylogger - INFO - 在美军装备的飞机中，被称之为“战隼”的战机型号是哪个？
2018-09-23 16:47:07,276 - mylogger - INFO - ['F-17', 'F-16', 'F-18']
2018-09-23 16:47:07,279 - mylogger - INFO - 数据库中检索答案
2018-09-23 16:47:07,280 - mylogger - INFO - 数据中无答案
2018-09-23 16:47:09,408 - mylogger - INFO - 在线检索答案：F-16
2018-09-23 16:47:09,408 - mylogger - INFO - 我的答案：F-16
2018-09-23 16:47:09,973 - mylogger - INFO - 选择选项
2018-09-23 16:47:12,408 - mylogger - INFO - 答案正确
2018-09-23 16:47:12,408 - mylogger - INFO - 更新答案
2018-09-23 16:47:19,360 - mylogger - INFO - 本题结束
2018-09-23 16:47:19,366 - mylogger - INFO - 获取题目
2018-09-23 16:47:21,202 - mylogger - INFO - 第 3 题
2018-09-23 16:47:21,526 - mylogger - INFO - 沪深300股指期货的最小变动价位为
2018-09-23 16:47:22,493 - mylogger - INFO - ['0.2点', '0.01点', '0.1点']
2018-09-23 16:47:22,499 - mylogger - INFO - 数据库中检索答案
2018-09-23 16:47:22,500 - mylogger - INFO - 数据中无答案
2018-09-23 16:47:24,103 - mylogger - INFO - 在线检索答案：0.01点
2018-09-23 16:47:24,104 - mylogger - INFO - 我的答案：0.01点
2018-09-23 16:47:24,684 - mylogger - INFO - 选择选项
2018-09-23 16:47:27,321 - mylogger - INFO - 答案错误
2018-09-23 16:47:27,491 - mylogger - INFO - 更新答案
2018-09-23 16:47:33,497 - mylogger - INFO - 本题结束
2018-09-23 16:47:33,497 - mylogger - INFO - 获取题目
2018-09-23 16:47:36,513 - mylogger - INFO - 第 4 题
2018-09-23 16:47:36,825 - mylogger - INFO - 下面哪种细胞器是单层膜结构？
2018-09-23 16:47:37,835 - mylogger - INFO - ['液泡', '细胞核', '线粒体']
2018-09-23 16:47:37,837 - mylogger - INFO - 数据库中检索答案
2018-09-23 16:47:37,837 - mylogger - INFO - 数据中无答案
2018-09-23 16:47:39,726 - mylogger - INFO - 在线检索答案：液泡
2018-09-23 16:47:39,726 - mylogger - INFO - 我的答案：液泡
2018-09-23 16:47:40,318 - mylogger - INFO - 选择选项
2018-09-23 16:47:42,819 - mylogger - INFO - 答案正确
2018-09-23 16:47:42,819 - mylogger - INFO - 更新答案
2018-09-23 16:47:50,995 - mylogger - INFO - 本题结束
2018-09-23 16:47:51,001 - mylogger - INFO - 获取题目
2018-09-23 16:47:52,815 - mylogger - INFO - 第 5 题
2018-09-23 16:47:53,119 - mylogger - INFO - 《中华人民共和国教育法》颁布于什么时候？
2018-09-23 16:47:54,095 - mylogger - INFO - ['1993年3月', '1994年3月', '1995年3月']
2018-09-23 16:47:54,097 - mylogger - INFO - 数据库中检索答案
2018-09-23 16:47:54,098 - mylogger - INFO - 数据中无答案
2018-09-23 16:47:55,487 - mylogger - INFO - 在线检索答案：1995年3月
2018-09-23 16:47:55,488 - mylogger - INFO - 我的答案：1995年3月
2018-09-23 16:47:56,084 - mylogger - INFO - 选择选项
2018-09-23 16:47:58,498 - mylogger - INFO - 答案正确
2018-09-23 16:47:58,498 - mylogger - INFO - 更新答案
2018-09-23 16:48:02,159 - mylogger - INFO - 本题结束
2018-09-23 16:48:02,280 - mylogger - INFO - 本场比赛结束
2018-09-23 16:48:02,540 - mylogger - INFO - 返回游戏页面
2018-09-23 16:48:11,380 - mylogger - INFO - 进入排位赛
2018-09-23 16:48:11,380 - mylogger - INFO - 正在匹配中......
2018-09-23 16:48:28,449 - mylogger - INFO - 匹配成功
2018-09-23 16:48:28,449 - mylogger - INFO - 获取题目
2018-09-23 16:48:31,570 - mylogger - INFO - 第 1 题
2018-09-23 16:48:31,882 - mylogger - INFO - 宝瓶座流星雨的母体彗星是
2018-09-23 16:48:32,821 - mylogger - INFO - ['哈雷彗星', '恩克彗星', '百武彗星']
2018-09-23 16:48:32,823 - mylogger - INFO - 数据库中检索答案
2018-09-23 16:48:32,823 - mylogger - INFO - 数据中无答案
2018-09-23 16:48:33,975 - mylogger - INFO - 在线检索答案：哈雷彗星
2018-09-23 16:48:33,976 - mylogger - INFO - 我的答案：哈雷彗星
2018-09-23 16:48:34,488 - mylogger - INFO - 选择选项
2018-09-23 16:48:37,009 - mylogger - INFO - 答案正确
2018-09-23 16:48:37,010 - mylogger - INFO - 更新答案
2018-09-23 16:48:45,098 - mylogger - INFO - 本题结束
2018-09-23 16:48:45,099 - mylogger - INFO - 获取题目
2018-09-23 16:48:47,978 - mylogger - INFO - 第 2 题
2018-09-23 16:48:48,262 - mylogger - INFO - 意大利著名甜点“提拉米苏”在意文中的意思是？
2018-09-23 16:48:49,188 - mylogger - INFO - ['再见再也不见', '我喜欢你', '马上把我带走']
2018-09-23 16:48:49,190 - mylogger - INFO - 数据库中检索答案
2018-09-23 16:48:49,190 - mylogger - INFO - 数据中无答案
2018-09-23 16:48:49,966 - mylogger - INFO - 在线检索答案：
2018-09-23 16:48:49,966 - mylogger - INFO - 我的答案：再见再也不见
2018-09-23 16:48:50,539 - mylogger - INFO - 选择选项
2018-09-23 16:48:53,013 - mylogger - INFO - 答案错误
2018-09-23 16:48:53,209 - mylogger - INFO - 正确答案；马上把我带走
2018-09-23 16:48:53,209 - mylogger - INFO - 更新答案
2018-09-23 16:48:55,584 - mylogger - INFO - 本题结束
2018-09-23 16:48:55,584 - mylogger - INFO - 获取题目
2018-09-23 16:48:57,470 - mylogger - INFO - 第 3 题
2018-09-23 16:48:57,855 - mylogger - INFO - 地震波有纵波、横波之分，请问纵波和横波分别用什么字母表示？
2018-09-23 16:48:58,874 - mylogger - INFO - ['P波、S波', 'P波、L波', 'X波、H波']
2018-09-23 16:48:58,876 - mylogger - INFO - 数据库中检索答案
2018-09-23 16:48:58,876 - mylogger - INFO - 数据中无答案
2018-09-23 16:49:00,261 - mylogger - INFO - 在线检索答案：
2018-09-23 16:49:00,262 - mylogger - INFO - 我的答案：P波、S波
2018-09-23 16:49:00,818 - mylogger - INFO - 选择选项
2018-09-23 16:49:03,294 - mylogger - INFO - 答案正确
2018-09-23 16:49:03,294 - mylogger - INFO - 更新答案
2018-09-23 16:49:12,569 - mylogger - INFO - 本题结束
2018-09-23 16:49:12,570 - mylogger - INFO - 获取题目
2018-09-23 16:49:14,408 - mylogger - INFO - 第 4 题
2018-09-23 16:49:14,725 - mylogger - INFO - 在《凤囚凰》漫画里的主CP是哪一对？
2018-09-23 16:49:15,635 - mylogger - INFO - ['楚乔和宇文玥', '唐茉茉和凌曜', '楚玉和容止']
2018-09-23 16:49:15,641 - mylogger - INFO - 数据库中检索答案
2018-09-23 16:49:15,641 - mylogger - INFO - 数据中无答案
2018-09-23 16:49:16,308 - mylogger - INFO - 在线检索答案：楚玉和容止
2018-09-23 16:49:16,309 - mylogger - INFO - 我的答案：楚玉和容止
2018-09-23 16:49:16,852 - mylogger - INFO - 选择选项
2018-09-23 16:49:19,428 - mylogger - INFO - 答案正确
2018-09-23 16:49:19,428 - mylogger - INFO - 更新答案
2018-09-23 16:49:29,737 - mylogger - INFO - 本题结束
2018-09-23 16:49:29,751 - mylogger - INFO - 获取题目
2018-09-23 16:49:31,582 - mylogger - INFO - 第 5 题
2018-09-23 16:49:32,002 - mylogger - INFO - 开在青藏高原上的花大多是什么颜色的？
2018-09-23 16:49:33,282 - mylogger - INFO - ['白色', '紫色', '黄色']
2018-09-23 16:49:33,286 - mylogger - INFO - 数据库中检索答案
2018-09-23 16:49:33,286 - mylogger - INFO - 数据中无答案
2018-09-23 16:49:34,069 - mylogger - INFO - 在线检索答案：紫色
2018-09-23 16:49:34,069 - mylogger - INFO - 我的答案：紫色
2018-09-23 16:49:34,613 - mylogger - INFO - 选择选项
2018-09-23 16:49:37,017 - mylogger - INFO - 答案正确
2018-09-23 16:49:37,017 - mylogger - INFO - 更新答案
2018-09-23 16:49:46,217 - mylogger - INFO - 本题结束
2018-09-23 16:49:46,340 - mylogger - INFO - 本场比赛结束
2018-09-23 16:49:46,607 - mylogger - INFO - 返回游戏页面
2018-09-23 16:49:48,195 - mylogger - INFO - 进入排位赛
2018-09-23 16:49:48,196 - mylogger - INFO - 正在匹配中......
2018-09-23 16:50:49,047 - mylogger - WARNING - 匹配失败
2018-09-23 16:50:49,303 - mylogger - INFO - 返回游戏页面
2018-09-23 16:50:50,884 - mylogger - INFO - 进入排位赛
2018-09-23 16:50:50,884 - mylogger - INFO - 正在匹配中......
2018-09-23 16:51:51,873 - mylogger - WARNING - 匹配失败
2018-09-23 16:51:52,138 - mylogger - INFO - 返回游戏页面
2018-09-23 16:51:53,624 - mylogger - INFO - 进入排位赛
2018-09-23 16:51:53,625 - mylogger - INFO - 正在匹配中......
2018-09-23 16:52:43,616 - mylogger - INFO - 匹配成功
2018-09-23 16:52:43,616 - mylogger - INFO - 获取题目
2018-09-23 16:52:46,540 - mylogger - INFO - 第 1 题
2018-09-23 16:52:46,840 - mylogger - INFO - 截至2017年，下列哪位模特没有登上过维密大秀的舞台？
2018-09-23 16:52:47,776 - mylogger - INFO - ['孙菲菲', '奚梦瑶', '刘雯']
2018-09-23 16:52:47,780 - mylogger - INFO - 数据库中检索答案
2018-09-23 16:52:47,781 - mylogger - INFO - 数据中无答案
2018-09-23 16:52:48,605 - mylogger - INFO - 在线检索答案：刘雯
2018-09-23 16:52:48,606 - mylogger - INFO - 我的答案：刘雯
2018-09-23 16:52:49,147 - mylogger - INFO - 选择选项
2018-09-23 16:52:51,540 - mylogger - INFO - 答案错误
2018-09-23 16:52:51,712 - mylogger - INFO - 正确答案；孙菲菲
2018-09-23 16:52:51,712 - mylogger - INFO - 更新答案
2018-09-23 16:53:00,955 - mylogger - INFO - 本题结束
2018-09-23 16:53:00,961 - mylogger - INFO - 获取题目
2018-09-23 16:53:02,824 - mylogger - INFO - 第 2 题
2018-09-23 16:53:03,154 - mylogger - INFO - 《逍遥法外》又称“猫鼠游戏”，该影片的导演是以下哪一位？
2018-09-23 16:53:04,076 - mylogger - INFO - ['伍迪·艾伦', '斯蒂文·斯皮尔伯格', '克里斯托弗·诺兰']
2018-09-23 16:53:04,078 - mylogger - INFO - 数据库中检索答案
2018-09-23 16:53:04,078 - mylogger - INFO - 数据中无答案
2018-09-23 16:53:04,879 - mylogger - INFO - 在线检索答案：
2018-09-23 16:53:04,879 - mylogger - INFO - 我的答案：伍迪·艾伦
2018-09-23 16:53:05,439 - mylogger - INFO - 选择选项
2018-09-23 16:53:07,878 - mylogger - INFO - 答案错误
2018-09-23 16:53:08,031 - mylogger - INFO - 正确答案；斯蒂文·斯皮尔伯格
2018-09-23 16:53:08,032 - mylogger - INFO - 更新答案
2018-09-23 16:53:18,348 - mylogger - INFO - 本题结束
2018-09-23 16:53:18,349 - mylogger - INFO - 获取题目
2018-09-23 16:53:20,221 - mylogger - INFO - 第 3 题
2018-09-23 16:53:20,513 - mylogger - INFO - “创建一个所有人都有使命感的世界！”这句话是谁在哈佛毕业的演讲主题？
2018-09-23 16:53:21,475 - mylogger - INFO - ['扎克伯格', '库克', '埃里森']
2018-09-23 16:53:21,477 - mylogger - INFO - 数据库中检索答案
2018-09-23 16:53:21,477 - mylogger - INFO - 数据中无答案
2018-09-23 16:53:22,434 - mylogger - INFO - 在线检索答案：扎克伯格
2018-09-23 16:53:22,434 - mylogger - INFO - 我的答案：扎克伯格
2018-09-23 16:53:23,010 - mylogger - INFO - 选择选项
2018-09-23 16:53:25,394 - mylogger - INFO - 答案正确
2018-09-23 16:53:25,394 - mylogger - INFO - 更新答案
2018-09-23 16:53:27,831 - mylogger - INFO - 本题结束
2018-09-23 16:53:27,832 - mylogger - INFO - 获取题目
2018-09-23 16:53:29,735 - mylogger - INFO - 第 4 题
2018-09-23 16:53:30,106 - mylogger - INFO - 中秋节被列入国家级非物质文化遗产名录是在哪一年？
2018-09-23 16:53:31,030 - mylogger - INFO - ['2006年', '2008年', '2010年']
2018-09-23 16:53:31,034 - mylogger - INFO - 数据库中检索答案
2018-09-23 16:53:31,035 - mylogger - INFO - 数据中无答案
2018-09-23 16:53:31,820 - mylogger - INFO - 在线检索答案：2006年
2018-09-23 16:53:31,820 - mylogger - INFO - 我的答案：2006年
2018-09-23 16:53:32,400 - mylogger - INFO - 选择选项
2018-09-23 16:53:34,831 - mylogger - INFO - 答案正确
2018-09-23 16:53:34,832 - mylogger - INFO - 更新答案
2018-09-23 16:53:36,121 - mylogger - INFO - 本题结束
2018-09-23 16:53:36,122 - mylogger - INFO - 获取题目
2018-09-23 16:53:39,315 - mylogger - INFO - 第 5 题
2018-09-23 16:53:39,646 - mylogger - INFO - 下列哪项不是田径运动的大分类？
2018-09-23 16:53:40,567 - mylogger - INFO - ['马拉松', '竞走', '跑']
2018-09-23 16:53:40,571 - mylogger - INFO - 数据库中检索答案
2018-09-23 16:53:40,571 - mylogger - INFO - 数据中无答案
2018-09-23 16:53:41,649 - mylogger - INFO - 在线检索答案：竞走
2018-09-23 16:53:41,649 - mylogger - INFO - 我的答案：竞走
2018-09-23 16:53:42,197 - mylogger - INFO - 选择选项
2018-09-23 16:53:44,645 - mylogger - INFO - 答案错误
2018-09-23 16:53:44,946 - mylogger - INFO - 正确答案；马拉松
2018-09-23 16:53:44,946 - mylogger - INFO - 更新答案
2018-09-23 16:53:45,221 - mylogger - INFO - 本题结束
2018-09-23 16:53:45,398 - mylogger - INFO - 本场比赛结束
2018-09-23 16:53:45,662 - mylogger - INFO - 返回游戏页面
2018-09-23 16:53:47,184 - mylogger - INFO - 进入排位赛
2018-09-23 16:53:47,184 - mylogger - INFO - 正在匹配中......
2018-09-23 16:54:17,514 - mylogger - INFO - 匹配成功
2018-09-23 16:54:17,514 - mylogger - INFO - 获取题目
2018-09-23 16:54:20,563 - mylogger - INFO - 第 1 题
2018-09-23 16:54:20,860 - mylogger - INFO - “枝上柳绵吹又少，天涯何处无芳草”出自谁的手笔？
2018-09-23 16:54:21,844 - mylogger - INFO - ['白居易', '辛弃疾', '苏轼']
2018-09-23 16:54:21,846 - mylogger - INFO - 数据库中检索答案
2018-09-23 16:54:21,847 - mylogger - INFO - 数据中无答案
2018-09-23 16:54:24,717 - mylogger - INFO - 在线检索答案：苏轼
2018-09-23 16:54:24,717 - mylogger - INFO - 我的答案：苏轼
2018-09-23 16:54:25,438 - mylogger - INFO - 选择选项
2018-09-23 16:54:27,868 - mylogger - INFO - 答案正确
2018-09-23 16:54:27,868 - mylogger - INFO - 更新答案
2018-09-23 16:54:29,222 - mylogger - INFO - 本题结束
2018-09-23 16:54:29,231 - mylogger - INFO - 获取题目
2018-09-23 16:54:31,068 - mylogger - INFO - 第 2 题
2018-09-23 16:54:31,388 - mylogger - INFO - 风靡美妆圈的正红色999#是哪个品牌的口红？
2018-09-23 16:54:32,306 - mylogger - INFO - ['CPB', '兰蔻', '迪奥']
2018-09-23 16:54:32,308 - mylogger - INFO - 数据库中检索答案
2018-09-23 16:54:32,308 - mylogger - INFO - 数据中无答案
2018-09-23 16:54:33,296 - mylogger - INFO - 在线检索答案：迪奥
2018-09-23 16:54:33,297 - mylogger - INFO - 我的答案：迪奥
2018-09-23 16:54:33,853 - mylogger - INFO - 选择选项
2018-09-23 16:54:36,298 - mylogger - INFO - 答案正确
2018-09-23 16:54:36,299 - mylogger - INFO - 更新答案
2018-09-23 16:54:38,670 - mylogger - INFO - 本题结束
2018-09-23 16:54:38,673 - mylogger - INFO - 获取题目
2018-09-23 16:54:48,489 - mylogger - INFO - 第 3 题
2018-09-23 16:54:48,848 - mylogger - INFO - a>0，下面各式中，得数大于二分之a的是
2018-09-23 16:54:49,756 - mylogger - INFO - ['a×三分之一', 'a×二分之一', 'a÷二分之一']
2018-09-23 16:54:49,759 - mylogger - INFO - 数据库中检索答案
2018-09-23 16:54:49,759 - mylogger - INFO - 数据中无答案
2018-09-23 16:54:51,921 - mylogger - INFO - 在线检索答案：a×二分之一
2018-09-23 16:54:51,922 - mylogger - INFO - 我的答案：a×二分之一
2018-09-23 16:54:52,604 - mylogger - INFO - 选择选项
2018-09-23 16:55:56,535 - mylogger - INFO - 进入排位赛
2018-09-23 16:55:56,536 - mylogger - INFO - 正在匹配中......
2018-09-23 16:56:19,481 - mylogger - INFO - 匹配成功
2018-09-23 16:56:19,481 - mylogger - INFO - 获取题目
2018-09-23 16:56:22,430 - mylogger - INFO - 第 1 题
2018-09-23 16:56:22,714 - mylogger - INFO - 下列哪个不是三国演义中的人物？
2018-09-23 16:56:23,602 - mylogger - INFO - ['陈达', '陈宫', '许攸']
2018-09-23 16:56:23,606 - mylogger - INFO - 数据库中检索答案
2018-09-23 16:56:23,607 - mylogger - INFO - 数据中无答案
2018-09-23 16:56:25,503 - mylogger - INFO - 在线检索答案：陈宫
2018-09-23 16:56:25,503 - mylogger - INFO - 我的答案：陈宫
2018-09-23 16:56:26,040 - mylogger - INFO - 选择选项
2018-09-23 16:56:28,466 - mylogger - INFO - 答案错误
2018-09-23 16:56:28,641 - mylogger - INFO - 正确答案；陈达
2018-09-23 16:56:28,641 - mylogger - INFO - 更新答案
2018-09-23 16:56:29,932 - mylogger - INFO - 本题结束
2018-09-23 16:56:29,933 - mylogger - INFO - 获取题目
2018-09-23 16:56:31,822 - mylogger - INFO - 第 2 题
2018-09-23 16:56:32,117 - mylogger - INFO - 解释区域经济协调发展的“循环累计因果原理”由哪位学者提出？
2018-09-23 16:56:33,005 - mylogger - INFO - ['赫希曼', '缪尔达尔', '纳克斯']
2018-09-23 16:56:33,007 - mylogger - INFO - 数据库中检索答案
2018-09-23 16:56:33,007 - mylogger - INFO - 数据中无答案
2018-09-23 16:56:34,702 - mylogger - INFO - 在线检索答案：缪尔达尔
2018-09-23 16:56:34,703 - mylogger - INFO - 我的答案：缪尔达尔
2018-09-23 16:56:35,208 - mylogger - INFO - 选择选项
2018-09-23 16:56:37,597 - mylogger - INFO - 答案正确
2018-09-23 16:56:37,598 - mylogger - INFO - 更新答案
2018-09-23 16:56:39,970 - mylogger - INFO - 本题结束
2018-09-23 16:56:39,971 - mylogger - INFO - 获取题目
2018-09-23 16:56:41,809 - mylogger - INFO - 第 3 题
2018-09-23 16:56:42,105 - mylogger - INFO - 在“对马海战”中，被日本舰队歼灭的俄国舰队是哪一个？
2018-09-23 16:56:42,998 - mylogger - INFO - ['波罗的海舰队', '太平洋舰队', '大西洋舰队']
2018-09-23 16:56:43,001 - mylogger - INFO - 数据库中检索答案
2018-09-23 16:56:43,001 - mylogger - INFO - 数据中无答案
2018-09-23 16:56:43,906 - mylogger - INFO - 在线检索答案：太平洋舰队
2018-09-23 16:56:43,906 - mylogger - INFO - 我的答案：太平洋舰队
2018-09-23 16:56:44,412 - mylogger - INFO - 选择选项
2018-09-23 16:56:46,930 - mylogger - INFO - 答案错误
2018-09-23 16:56:47,066 - mylogger - INFO - 正确答案；波罗的海舰队
2018-09-23 16:56:47,066 - mylogger - INFO - 更新答案
2018-09-23 16:56:49,538 - mylogger - INFO - 本题结束
2018-09-23 16:56:49,542 - mylogger - INFO - 获取题目
2018-09-23 16:56:51,363 - mylogger - INFO - 第 4 题
2018-09-23 16:56:51,666 - mylogger - INFO - 前中国职业篮球运动员王仕鹏，他获得了几次CBA总冠军？
2018-09-23 16:56:52,547 - mylogger - INFO - ['6次', '7次', '8次']
2018-09-23 16:56:52,550 - mylogger - INFO - 数据库中检索答案
2018-09-23 16:56:52,550 - mylogger - INFO - 数据中无答案
2018-09-23 16:56:53,391 - mylogger - INFO - 在线检索答案：8次
2018-09-23 16:56:53,391 - mylogger - INFO - 我的答案：8次
2018-09-23 16:56:53,939 - mylogger - INFO - 选择选项
2018-09-23 16:56:56,471 - mylogger - INFO - 答案正确
2018-09-23 16:56:56,471 - mylogger - INFO - 更新答案
2018-09-23 16:57:00,026 - mylogger - INFO - 本题结束
2018-09-23 16:57:00,027 - mylogger - INFO - 获取题目
2018-09-23 16:57:02,979 - mylogger - INFO - 第 5 题
2018-09-23 16:57:03,347 - mylogger - INFO - 古代的“闹蛾”指的是什么？
2018-09-23 16:57:04,355 - mylogger - INFO - ['喧闹的蛾子', '女性头饰', '蚕宝宝']
2018-09-23 16:57:04,362 - mylogger - INFO - 数据库中检索答案
2018-09-23 16:57:04,363 - mylogger - INFO - 数据中无答案
2018-09-23 16:57:05,035 - mylogger - INFO - 在线检索答案：
2018-09-23 16:57:05,036 - mylogger - INFO - 我的答案：喧闹的蛾子
2018-09-23 16:57:05,623 - mylogger - INFO - 选择选项
2018-09-23 16:57:08,060 - mylogger - INFO - 答案错误
2018-09-23 16:57:08,342 - mylogger - INFO - 正确答案；女性头饰
2018-09-23 16:57:08,342 - mylogger - INFO - 更新答案
2018-09-23 16:57:08,622 - mylogger - INFO - 本题结束
2018-09-23 16:57:08,779 - mylogger - INFO - 本场比赛结束
2018-09-23 16:57:09,046 - mylogger - INFO - 返回游戏页面
2018-09-23 16:57:10,585 - mylogger - INFO - 进入排位赛
2018-09-23 16:57:10,585 - mylogger - INFO - 正在匹配中......
2018-09-23 16:58:11,070 - mylogger - WARNING - 匹配失败
2018-09-23 16:58:11,321 - mylogger - INFO - 返回游戏页面
2018-09-23 16:58:12,849 - mylogger - INFO - 进入排位赛
2018-09-23 16:58:12,849 - mylogger - INFO - 正在匹配中......
2018-09-23 16:58:22,543 - mylogger - INFO - 匹配成功
2018-09-23 16:58:22,543 - mylogger - INFO - 获取题目
2018-09-23 16:58:25,502 - mylogger - INFO - 第 1 题
2018-09-23 16:58:25,810 - mylogger - INFO - 拿破仑死于哪一年？
2018-09-23 16:58:26,778 - mylogger - INFO - ['1816年', '1821年', '1826年']
2018-09-23 16:58:26,783 - mylogger - INFO - 数据库中检索答案
2018-09-23 16:58:26,784 - mylogger - INFO - 数据中无答案
2018-09-23 16:58:30,093 - mylogger - INFO - 在线检索答案：1821年
2018-09-23 16:58:30,093 - mylogger - INFO - 我的答案：1821年
2018-09-23 16:58:30,729 - mylogger - INFO - 选择选项
2018-09-23 16:58:33,145 - mylogger - INFO - 答案正确
2018-09-23 16:58:33,145 - mylogger - INFO - 更新答案
2018-09-23 16:58:34,489 - mylogger - INFO - 本题结束
2018-09-23 16:58:34,491 - mylogger - INFO - 获取题目
2018-09-23 16:58:36,330 - mylogger - INFO - 第 2 题
2018-09-23 16:58:36,663 - mylogger - INFO - 《拯救大兵瑞恩》中美国作战总指挥部派出了多少人去拯救瑞恩？
2018-09-23 16:58:37,600 - mylogger - INFO - ['8个', '3个', '10个']
2018-09-23 16:58:37,604 - mylogger - INFO - 数据库中检索答案
2018-09-23 16:58:37,605 - mylogger - INFO - 数据中无答案
2018-09-23 16:58:39,423 - mylogger - INFO - 在线检索答案：
2018-09-23 16:58:39,423 - mylogger - INFO - 我的答案：8个
2018-09-23 16:58:39,982 - mylogger - INFO - 选择选项
2018-09-23 16:58:42,447 - mylogger - INFO - 答案正确
2018-09-23 16:58:42,448 - mylogger - INFO - 更新答案
2018-09-23 16:58:44,886 - mylogger - INFO - 本题结束
2018-09-23 16:58:44,888 - mylogger - INFO - 获取题目
2018-09-23 16:58:47,874 - mylogger - INFO - 第 3 题
2018-09-23 16:58:48,182 - mylogger - INFO - 以下哪句诗不是李白写的？
2018-09-23 16:58:49,075 - mylogger - INFO - ['白日放歌须纵酒', '人生得意须尽欢', '天生我材必有用']
2018-09-23 16:58:49,077 - mylogger - INFO - 数据库中检索答案
2018-09-23 16:58:49,077 - mylogger - INFO - 数据中无答案
2018-09-23 16:58:49,774 - mylogger - INFO - 在线检索答案：白日放歌须纵酒
2018-09-23 16:58:49,774 - mylogger - INFO - 我的答案：白日放歌须纵酒
2018-09-23 16:58:50,312 - mylogger - INFO - 选择选项
2018-09-23 16:58:52,722 - mylogger - INFO - 答案正确
2018-09-23 16:58:52,722 - mylogger - INFO - 更新答案
2018-09-23 16:58:54,060 - mylogger - INFO - 本题结束
2018-09-23 16:58:54,061 - mylogger - INFO - 获取题目
2018-09-23 16:58:57,078 - mylogger - INFO - 第 4 题
2018-09-23 16:58:57,399 - mylogger - INFO - 在《忠犬八公的故事》影片中，八公在之后依然每天按时在车站等待等了几年？
2018-09-23 16:58:58,307 - mylogger - INFO - ['9年', '10年', '7年']
2018-09-23 16:58:58,311 - mylogger - INFO - 数据库中检索答案
2018-09-23 16:58:58,312 - mylogger - INFO - 数据中无答案
2018-09-23 16:58:59,275 - mylogger - INFO - 在线检索答案：9年
2018-09-23 16:58:59,275 - mylogger - INFO - 我的答案：9年
2018-09-23 16:58:59,850 - mylogger - INFO - 选择选项
2018-09-23 16:59:02,381 - mylogger - INFO - 答案正确
2018-09-23 16:59:02,381 - mylogger - INFO - 更新答案
2018-09-23 16:59:04,812 - mylogger - INFO - 本题结束
2018-09-23 16:59:04,813 - mylogger - INFO - 获取题目
2018-09-23 16:59:06,763 - mylogger - INFO - 第 5 题
2018-09-23 16:59:07,084 - mylogger - INFO - 第一届中国围棋甲级联赛冠军队伍是？
2018-09-23 16:59:08,136 - mylogger - INFO - ['上海移动通信队', '重庆建设摩托队', '北京大宝队']
2018-09-23 16:59:08,140 - mylogger - INFO - 数据库中检索答案
2018-09-23 16:59:08,140 - mylogger - INFO - 数据中无答案
2018-09-23 16:59:09,049 - mylogger - INFO - 在线检索答案：上海移动通信队
2018-09-23 16:59:09,049 - mylogger - INFO - 我的答案：上海移动通信队
2018-09-23 16:59:09,647 - mylogger - INFO - 选择选项
2018-09-23 16:59:12,028 - mylogger - INFO - 答案错误
2018-09-23 16:59:12,222 - mylogger - INFO - 正确答案；重庆建设摩托队
2018-09-23 16:59:12,222 - mylogger - INFO - 更新答案
2018-09-23 16:59:12,488 - mylogger - INFO - 本题结束
2018-09-23 16:59:12,636 - mylogger - INFO - 本场比赛结束
2018-09-23 16:59:12,892 - mylogger - INFO - 返回游戏页面
2018-09-23 16:59:14,384 - mylogger - INFO - 进入排位赛
2018-09-23 16:59:14,385 - mylogger - INFO - 正在匹配中......
2018-09-23 16:59:30,480 - mylogger - INFO - 匹配成功
2018-09-23 16:59:30,480 - mylogger - INFO - 获取题目
2018-09-23 16:59:33,445 - mylogger - INFO - 第 1 题
2018-09-23 16:59:33,764 - mylogger - INFO - 安妮·海瑟薇主演的电影《星际穿越》是哪一家公司发行的？
2018-09-23 16:59:34,714 - mylogger - INFO - ['派拉蒙影业公司', '福克斯电影公司', '华纳兄弟电影公司']
2018-09-23 16:59:34,718 - mylogger - INFO - 数据库中检索答案
2018-09-23 16:59:34,719 - mylogger - INFO - 数据中无答案
2018-09-23 16:59:35,591 - mylogger - INFO - 在线检索答案：
2018-09-23 16:59:35,591 - mylogger - INFO - 我的答案：派拉蒙影业公司
2018-09-23 16:59:36,136 - mylogger - INFO - 选择选项
2018-09-23 16:59:38,590 - mylogger - INFO - 答案错误
2018-09-23 16:59:38,832 - mylogger - INFO - 正确答案；华纳兄弟电影公司
2018-09-23 16:59:38,832 - mylogger - INFO - 更新答案
2018-09-23 16:59:40,163 - mylogger - INFO - 本题结束
2018-09-23 16:59:40,164 - mylogger - INFO - 获取题目
2018-09-23 16:59:43,164 - mylogger - INFO - 第 2 题
2018-09-23 16:59:43,474 - mylogger - INFO - 在3、7、15、63、127...这组数中少了哪个数？
2018-09-23 16:59:44,414 - mylogger - INFO - ['29', '31', '32']
2018-09-23 16:59:44,418 - mylogger - INFO - 数据库中检索答案
2018-09-23 16:59:44,418 - mylogger - INFO - 数据中无答案
2018-09-23 16:59:45,355 - mylogger - INFO - 在线检索答案：31
2018-09-23 16:59:45,355 - mylogger - INFO - 我的答案：31
2018-09-23 16:59:45,889 - mylogger - INFO - 选择选项
2018-09-23 16:59:48,294 - mylogger - INFO - 答案正确
2018-09-23 16:59:48,295 - mylogger - INFO - 更新答案
2018-09-23 16:59:54,158 - mylogger - INFO - 本题结束
2018-09-23 16:59:54,173 - mylogger - INFO - 获取题目
2018-09-23 16:59:56,038 - mylogger - INFO - 第 3 题
2018-09-23 16:59:56,385 - mylogger - INFO - “红酥手，黄藤酒，满城春色宫墙柳”是以下哪首词中的语句？
2018-09-23 16:59:57,272 - mylogger - INFO - ['如梦令', '钗头凤', '渔歌子']
2018-09-23 16:59:57,274 - mylogger - INFO - 数据库中检索答案
2018-09-23 16:59:57,275 - mylogger - INFO - 数据中无答案
2018-09-23 16:59:58,535 - mylogger - INFO - 在线检索答案：钗头凤
2018-09-23 16:59:58,536 - mylogger - INFO - 我的答案：钗头凤
2018-09-23 16:59:59,073 - mylogger - INFO - 选择选项
2018-09-23 17:00:01,489 - mylogger - INFO - 答案正确
2018-09-23 17:00:01,490 - mylogger - INFO - 更新答案
2018-09-23 17:00:05,042 - mylogger - INFO - 本题结束
2018-09-23 17:00:05,043 - mylogger - INFO - 获取题目
2018-09-23 17:00:06,823 - mylogger - INFO - 第 4 题
2018-09-23 17:00:07,120 - mylogger - INFO - 以下谁没有担任过春晚的导演？
2018-09-23 17:00:08,146 - mylogger - INFO - ['黄一鹤', '张艺谋', '冯小刚']
2018-09-23 17:00:08,148 - mylogger - INFO - 数据库中检索答案
2018-09-23 17:00:08,148 - mylogger - INFO - 数据中无答案
2018-09-23 17:00:08,856 - mylogger - INFO - 在线检索答案：黄一鹤
2018-09-23 17:00:08,856 - mylogger - INFO - 我的答案：黄一鹤
2018-09-23 17:00:09,413 - mylogger - INFO - 选择选项
2018-09-23 17:00:11,783 - mylogger - INFO - 答案错误
2018-09-23 17:00:11,962 - mylogger - INFO - 正确答案；张艺谋
2018-09-23 17:00:11,962 - mylogger - INFO - 更新答案
2018-09-23 17:00:16,740 - mylogger - INFO - 本题结束
2018-09-23 17:00:16,741 - mylogger - INFO - 获取题目
2018-09-23 17:00:18,467 - mylogger - INFO - 第 5 题
2018-09-23 17:00:18,767 - mylogger - INFO - 经济法概念提出的是：
2018-09-23 17:00:19,755 - mylogger - INFO - ['法国', '德国', '英国']
2018-09-23 17:00:19,758 - mylogger - INFO - 数据库中检索答案
2018-09-23 17:00:19,758 - mylogger - INFO - 数据中无答案
2018-09-23 17:00:21,004 - mylogger - INFO - 在线检索答案：法国
2018-09-23 17:00:21,004 - mylogger - INFO - 我的答案：法国
2018-09-23 17:00:21,562 - mylogger - INFO - 选择选项
2018-09-23 17:00:23,983 - mylogger - INFO - 答案正确
2018-09-23 17:00:23,984 - mylogger - INFO - 更新答案
2018-09-23 17:00:25,518 - mylogger - INFO - 本题结束
2018-09-23 17:00:25,647 - mylogger - INFO - 本场比赛结束
2018-09-23 17:00:25,908 - mylogger - INFO - 返回游戏页面
2018-09-23 17:00:27,479 - mylogger - INFO - 进入排位赛
2018-09-23 17:00:27,480 - mylogger - INFO - 正在匹配中......
2018-09-23 17:00:29,015 - mylogger - INFO - 匹配成功
2018-09-23 17:00:29,016 - mylogger - INFO - 获取题目
2018-09-23 17:00:32,151 - mylogger - INFO - 第 1 题
2018-09-23 17:00:32,471 - mylogger - INFO - 一部手机1000元，先提价20%，再降价20%处理，现价是？
2018-09-23 17:00:33,495 - mylogger - INFO - ['960元', '900元', '1100元']
2018-09-23 17:00:33,497 - mylogger - INFO - 数据库中检索答案
2018-09-23 17:00:33,497 - mylogger - INFO - 数据中无答案
2018-09-23 17:00:34,334 - mylogger - INFO - 在线检索答案：960元
2018-09-23 17:00:34,334 - mylogger - INFO - 我的答案：960元
2018-09-23 17:00:34,948 - mylogger - INFO - 选择选项
2018-09-23 17:00:37,454 - mylogger - INFO - 答案正确
2018-09-23 17:00:37,455 - mylogger - INFO - 更新答案
2018-09-23 17:00:39,921 - mylogger - INFO - 本题结束
2018-09-23 17:00:39,932 - mylogger - INFO - 获取题目
2018-09-23 17:00:43,003 - mylogger - INFO - 第 2 题
2018-09-23 17:00:43,355 - mylogger - INFO - 以下哪个景点的地理位置不位于海南三亚？
2018-09-23 17:00:44,308 - mylogger - INFO - ['蜈支洲岛', '亚龙湾', '南澳岛']
2018-09-23 17:00:44,310 - mylogger - INFO - 数据库中检索答案
2018-09-23 17:00:44,311 - mylogger - INFO - 数据中无答案
2018-09-23 17:00:45,220 - mylogger - INFO - 在线检索答案：亚龙湾
2018-09-23 17:00:45,220 - mylogger - INFO - 我的答案：亚龙湾
2018-09-23 17:00:45,736 - mylogger - INFO - 选择选项
2018-09-23 17:00:48,231 - mylogger - INFO - 答案错误
2018-09-23 17:00:48,518 - mylogger - INFO - 正确答案；南澳岛
2018-09-23 17:00:48,519 - mylogger - INFO - 更新答案
2018-09-23 17:00:52,196 - mylogger - INFO - 本题结束
2018-09-23 17:00:52,202 - mylogger - INFO - 获取题目
2018-09-23 17:00:55,255 - mylogger - INFO - 第 3 题
2018-09-23 17:00:55,560 - mylogger - INFO - “柏林少女”是哪个香水品牌的明星产品？
2018-09-23 17:00:56,549 - mylogger - INFO - ['芦丹氏', '祖马龙', '香邂格蕾']
2018-09-23 17:00:56,551 - mylogger - INFO - 数据库中检索答案
2018-09-23 17:00:56,551 - mylogger - INFO - 数据中无答案
2018-09-23 17:00:57,320 - mylogger - INFO - 在线检索答案：芦丹氏
2018-09-23 17:00:57,320 - mylogger - INFO - 我的答案：芦丹氏
2018-09-23 17:00:57,879 - mylogger - INFO - 选择选项
2018-09-23 17:01:00,383 - mylogger - INFO - 答案正确
2018-09-23 17:01:00,383 - mylogger - INFO - 更新答案
2018-09-23 17:01:07,431 - mylogger - INFO - 本题结束
2018-09-23 17:01:07,438 - mylogger - INFO - 获取题目
2018-09-23 17:01:09,292 - mylogger - INFO - 第 4 题
2018-09-23 17:01:09,617 - mylogger - INFO - 夏至日不能在本国领土上看到午夜的太阳的国家是？
2018-09-23 17:01:10,556 - mylogger - INFO - ['瑞典', '西班牙', '俄罗斯']
2018-09-23 17:01:10,559 - mylogger - INFO - 数据库中检索答案
2018-09-23 17:01:10,560 - mylogger - INFO - 数据中无答案
2018-09-23 17:01:12,646 - mylogger - INFO - 在线检索答案：俄罗斯
2018-09-23 17:01:12,646 - mylogger - INFO - 我的答案：俄罗斯
2018-09-23 17:01:13,194 - mylogger - INFO - 选择选项
2018-09-23 17:01:15,685 - mylogger - INFO - 答案错误
2018-09-23 17:01:15,917 - mylogger - INFO - 正确答案；西班牙
2018-09-23 17:01:15,917 - mylogger - INFO - 更新答案
2018-09-23 17:01:20,725 - mylogger - INFO - 本题结束
2018-09-23 17:01:20,726 - mylogger - INFO - 获取题目
2018-09-23 17:01:22,561 - mylogger - INFO - 第 5 题
2018-09-23 17:01:22,879 - mylogger - INFO - 诗句“莺啼燕语报新年”出自哪一首古诗？
2018-09-23 17:01:23,978 - mylogger - INFO - ['《春望》', '《春思》', '《春晓》']
2018-09-23 17:01:23,981 - mylogger - INFO - 数据库中检索答案
2018-09-23 17:01:23,981 - mylogger - INFO - 数据中无答案
2018-09-23 17:01:24,764 - mylogger - INFO - 在线检索答案：《春思》
2018-09-23 17:01:24,764 - mylogger - INFO - 我的答案：《春思》
2018-09-23 17:01:25,313 - mylogger - INFO - 选择选项
2018-09-23 17:01:27,776 - mylogger - INFO - 答案正确
2018-09-23 17:01:27,776 - mylogger - INFO - 更新答案
2018-09-23 17:01:30,333 - mylogger - INFO - 本题结束
2018-09-23 17:01:30,449 - mylogger - INFO - 本场比赛结束
2018-09-23 17:01:30,693 - mylogger - INFO - 返回游戏页面
2018-09-23 17:01:32,314 - mylogger - INFO - 进入排位赛
2018-09-23 17:01:32,314 - mylogger - INFO - 正在匹配中......
2018-09-23 17:02:33,483 - mylogger - WARNING - 匹配失败
2018-09-23 17:02:33,733 - mylogger - INFO - 返回游戏页面
2018-09-23 17:02:36,184 - mylogger - INFO - 进入排位赛
2018-09-23 17:02:36,184 - mylogger - INFO - 正在匹配中......
2018-09-23 17:03:36,547 - mylogger - WARNING - 匹配失败
2018-09-23 17:03:36,791 - mylogger - INFO - 返回游戏页面
2018-09-23 17:03:38,435 - mylogger - INFO - 进入排位赛
2018-09-23 17:03:38,623 - mylogger - INFO - 正在匹配中......
2018-09-23 17:04:38,697 - mylogger - WARNING - 匹配失败
2018-09-23 17:04:38,936 - mylogger - INFO - 返回游戏页面
2018-09-23 17:04:41,496 - mylogger - INFO - 进入排位赛
2018-09-23 17:04:41,497 - mylogger - INFO - 正在匹配中......
2018-09-23 17:04:53,271 - mylogger - INFO - 匹配成功
2018-09-23 17:04:53,271 - mylogger - INFO - 获取题目
2018-09-23 17:04:56,282 - mylogger - INFO - 第 1 题
2018-09-23 17:04:56,578 - mylogger - INFO - 艺人韩庚是哪个少数民族的人？
2018-09-23 17:04:57,473 - mylogger - INFO - ['赫哲族', '鄂伦春族', '鄂温克族']
2018-09-23 17:04:57,476 - mylogger - INFO - 数据库中检索答案
2018-09-23 17:04:57,476 - mylogger - INFO - 数据中无答案
2018-09-23 17:04:58,286 - mylogger - INFO - 在线检索答案：赫哲族
2018-09-23 17:04:58,286 - mylogger - INFO - 我的答案：赫哲族
2018-09-23 17:04:58,966 - mylogger - INFO - 选择选项
2018-09-23 17:05:01,443 - mylogger - INFO - 答案正确
2018-09-23 17:05:01,444 - mylogger - INFO - 更新答案
2018-09-23 17:05:03,903 - mylogger - INFO - 本题结束
2018-09-23 17:05:03,906 - mylogger - INFO - 获取题目
2018-09-23 17:05:05,802 - mylogger - INFO - 第 2 题
2018-09-23 17:05:06,142 - mylogger - INFO - 电视剧《甄嬛传》中，因歌声好听被封为“鹂妃”的人物是谁？
2018-09-23 17:05:07,138 - mylogger - INFO - ['甄嬛', '沈眉庄', '安陵容']
2018-09-23 17:05:07,141 - mylogger - INFO - 数据库中检索答案
2018-09-23 17:05:07,141 - mylogger - INFO - 数据中无答案
2018-09-23 17:05:08,325 - mylogger - INFO - 在线检索答案：甄嬛
2018-09-23 17:05:08,325 - mylogger - INFO - 我的答案：甄嬛
2018-09-23 17:05:08,866 - mylogger - INFO - 选择选项
2018-09-23 17:05:11,297 - mylogger - INFO - 答案错误
2018-09-23 17:05:11,499 - mylogger - INFO - 正确答案；安陵容
2018-09-23 17:05:11,499 - mylogger - INFO - 更新答案
2018-09-23 17:05:12,885 - mylogger - INFO - 本题结束
2018-09-23 17:05:12,888 - mylogger - INFO - 获取题目
2018-09-23 17:05:14,716 - mylogger - INFO - 第 3 题
2018-09-23 17:05:15,019 - mylogger - INFO - 演唱《桃花朵朵开》的马来西亚歌手陈庆祥的艺名是什么？
2018-09-23 17:05:15,994 - mylogger - INFO - ['阿庆', '阿翔', '阿牛']
2018-09-23 17:05:15,996 - mylogger - INFO - 数据库中检索答案
2018-09-23 17:05:15,996 - mylogger - INFO - 数据中无答案
2018-09-23 17:05:17,423 - mylogger - INFO - 在线检索答案：阿牛
2018-09-23 17:05:17,423 - mylogger - INFO - 我的答案：阿牛
2018-09-23 17:05:17,932 - mylogger - INFO - 选择选项
2018-09-23 17:05:20,391 - mylogger - INFO - 答案正确
2018-09-23 17:05:20,391 - mylogger - INFO - 更新答案
2018-09-23 17:05:21,789 - mylogger - INFO - 本题结束
2018-09-23 17:05:21,792 - mylogger - INFO - 获取题目
2018-09-23 17:05:23,663 - mylogger - INFO - 第 4 题
2018-09-23 17:05:23,976 - mylogger - INFO - 联合国日为哪一天？
2018-09-23 17:05:24,951 - mylogger - INFO - ['6月24日', '10月24日', '8月24日']
2018-09-23 17:05:24,953 - mylogger - INFO - 数据库中检索答案
2018-09-23 17:05:24,953 - mylogger - INFO - 数据中无答案
2018-09-23 17:05:25,716 - mylogger - INFO - 在线检索答案：10月24日
2018-09-23 17:05:25,717 - mylogger - INFO - 我的答案：10月24日
2018-09-23 17:05:26,255 - mylogger - INFO - 选择选项
2018-09-23 17:05:28,675 - mylogger - INFO - 答案正确
2018-09-23 17:05:28,676 - mylogger - INFO - 更新答案
2018-09-23 17:05:31,130 - mylogger - INFO - 本题结束
2018-09-23 17:05:31,131 - mylogger - INFO - 获取题目
2018-09-23 17:05:32,995 - mylogger - INFO - 第 5 题
2018-09-23 17:05:33,340 - mylogger - INFO - “碧海年年，试问取、冰轮为谁圆缺？”中秋节盛行于哪个时期？
2018-09-23 17:05:34,367 - mylogger - INFO - ['隋唐', '宋朝', '明清']
2018-09-23 17:05:34,369 - mylogger - INFO - 数据库中检索答案
2018-09-23 17:05:34,370 - mylogger - INFO - 数据中无答案
2018-09-23 17:05:35,210 - mylogger - INFO - 在线检索答案：宋朝
2018-09-23 17:05:35,210 - mylogger - INFO - 我的答案：宋朝
2018-09-23 17:05:35,824 - mylogger - INFO - 选择选项
2018-09-23 17:05:38,231 - mylogger - INFO - 答案正确
2018-09-23 17:05:38,231 - mylogger - INFO - 更新答案
2018-09-23 17:05:44,113 - mylogger - INFO - 本题结束
2018-09-23 17:05:44,247 - mylogger - INFO - 本场比赛结束
2018-09-23 17:05:44,484 - mylogger - INFO - 返回游戏页面
2018-09-23 17:05:46,079 - mylogger - INFO - 进入排位赛
2018-09-23 17:05:46,080 - mylogger - INFO - 正在匹配中......
2018-09-23 17:06:46,841 - mylogger - WARNING - 匹配失败
2018-09-23 17:06:47,107 - mylogger - INFO - 返回游戏页面
2018-09-23 17:06:49,749 - mylogger - INFO - 进入排位赛
2018-09-23 17:06:49,750 - mylogger - INFO - 正在匹配中......
2018-09-23 17:07:50,262 - mylogger - WARNING - 匹配失败
2018-09-23 17:07:50,518 - mylogger - INFO - 返回游戏页面
2018-09-23 17:07:51,996 - mylogger - INFO - 进入排位赛
2018-09-23 17:07:52,175 - mylogger - INFO - 正在匹配中......
2018-09-23 17:08:03,681 - mylogger - INFO - 匹配成功
2018-09-23 17:08:03,681 - mylogger - INFO - 获取题目
2018-09-23 17:08:06,871 - mylogger - INFO - 第 1 题
2018-09-23 17:08:07,182 - mylogger - INFO - 成语“环肥燕瘦”中的“环”指的是哪位唐朝美女？
2018-09-23 17:08:08,380 - mylogger - INFO - ['杨玉环', '上官婉儿', '文成公主']
2018-09-23 17:08:08,384 - mylogger - INFO - 数据库中检索答案
2018-09-23 17:08:08,384 - mylogger - INFO - 数据中无答案
2018-09-23 17:08:09,139 - mylogger - INFO - 在线检索答案：杨玉环
2018-09-23 17:08:09,139 - mylogger - INFO - 我的答案：杨玉环
2018-09-23 17:08:09,661 - mylogger - INFO - 选择选项
2018-09-23 17:08:12,087 - mylogger - INFO - 答案正确
2018-09-23 17:08:12,087 - mylogger - INFO - 更新答案
2018-09-23 17:08:13,477 - mylogger - INFO - 本题结束
2018-09-23 17:08:13,477 - mylogger - INFO - 获取题目
2018-09-23 17:08:15,286 - mylogger - INFO - 第 2 题
2018-09-23 17:08:15,595 - mylogger - INFO - 以下哪一位不是少年偶像组合TFBOYS的成员之一？
2018-09-23 17:08:16,533 - mylogger - INFO - ['吴磊', '王源', '王俊凯']
2018-09-23 17:08:16,535 - mylogger - INFO - 数据库中检索答案
2018-09-23 17:08:16,535 - mylogger - INFO - 数据中无答案
2018-09-23 17:08:17,905 - mylogger - INFO - 在线检索答案：吴磊
2018-09-23 17:08:17,906 - mylogger - INFO - 我的答案：吴磊
2018-09-23 17:08:18,510 - mylogger - INFO - 选择选项
2018-09-23 17:08:20,932 - mylogger - INFO - 答案正确
2018-09-23 17:08:20,933 - mylogger - INFO - 更新答案
2018-09-23 17:08:22,270 - mylogger - INFO - 本题结束
2018-09-23 17:08:22,271 - mylogger - INFO - 获取题目
2018-09-23 17:08:24,130 - mylogger - INFO - 第 3 题
2018-09-23 17:08:24,431 - mylogger - INFO - 为宣传消防安全，哪一天定为了“中国消防宣传日”？
2018-09-23 17:08:25,383 - mylogger - INFO - ['10月3日', '11月9日', '11月10日']
2018-09-23 17:08:25,385 - mylogger - INFO - 数据库中检索答案
2018-09-23 17:08:25,386 - mylogger - INFO - 数据中无答案
2018-09-23 17:08:26,606 - mylogger - INFO - 在线检索答案：11月9日
2018-09-23 17:08:26,606 - mylogger - INFO - 我的答案：11月9日
2018-09-23 17:08:27,222 - mylogger - INFO - 选择选项
2018-09-23 17:08:29,605 - mylogger - INFO - 答案正确
2018-09-23 17:08:29,605 - mylogger - INFO - 更新答案
2018-09-23 17:08:30,957 - mylogger - INFO - 本题结束
2018-09-23 17:08:30,959 - mylogger - INFO - 获取题目
2018-09-23 17:08:32,822 - mylogger - INFO - 第 4 题
2018-09-23 17:08:33,147 - mylogger - INFO - 钟点房每小时130元，小明使用了179分钟，他共花了多少钱？
2018-09-23 17:08:34,147 - mylogger - INFO - ['390元', '520元', '260元']
2018-09-23 17:08:34,150 - mylogger - INFO - 数据库中检索答案
2018-09-23 17:08:34,150 - mylogger - INFO - 数据中无答案
2018-09-23 17:08:34,837 - mylogger - INFO - 在线检索答案：
2018-09-23 17:08:34,837 - mylogger - INFO - 我的答案：390元
2018-09-23 17:08:35,399 - mylogger - INFO - 选择选项
2018-09-23 17:08:37,824 - mylogger - INFO - 答案正确
2018-09-23 17:08:37,824 - mylogger - INFO - 更新答案
2018-09-23 17:08:44,914 - mylogger - INFO - 本题结束
2018-09-23 17:08:44,921 - mylogger - INFO - 获取题目
2018-09-23 17:08:46,792 - mylogger - INFO - 第 5 题
2018-09-23 17:08:47,084 - mylogger - INFO - 《大魔术师》是讲述一个用魔术改变命运的传奇故事，其历史背景在什么时期？
2018-09-23 17:08:48,012 - mylogger - INFO - ['清朝时期', '北洋时期', '二战时期']
2018-09-23 17:08:48,016 - mylogger - INFO - 数据库中检索答案
2018-09-23 17:08:48,016 - mylogger - INFO - 数据中无答案
2018-09-23 17:08:48,887 - mylogger - INFO - 在线检索答案：北洋时期
2018-09-23 17:08:48,887 - mylogger - INFO - 我的答案：北洋时期
2018-09-23 17:08:49,425 - mylogger - INFO - 选择选项
2018-09-23 17:08:51,857 - mylogger - INFO - 答案正确
2018-09-23 17:08:51,857 - mylogger - INFO - 更新答案
2018-09-23 17:08:53,277 - mylogger - INFO - 本题结束
2018-09-23 17:08:53,419 - mylogger - INFO - 本场比赛结束
2018-09-23 17:08:53,692 - mylogger - INFO - 返回游戏页面
2018-09-23 17:08:55,207 - mylogger - INFO - 进入排位赛
2018-09-23 17:08:55,207 - mylogger - INFO - 正在匹配中......
2018-09-23 17:09:56,226 - mylogger - WARNING - 匹配失败
2018-09-23 17:09:56,484 - mylogger - INFO - 返回游戏页面
2018-09-23 17:09:58,089 - mylogger - INFO - 进入排位赛
2018-09-23 17:09:58,090 - mylogger - INFO - 正在匹配中......
2018-09-23 17:10:33,975 - mylogger - INFO - 匹配成功
2018-09-23 17:10:33,975 - mylogger - INFO - 获取题目
2018-09-23 17:10:35,964 - mylogger - INFO - 第 1 题
2018-09-23 17:10:36,304 - mylogger - INFO - “反身、转体、臂立”是哪个体育项目的动作术语？
2018-09-23 17:10:37,228 - mylogger - INFO - ['跳水', '跳高', '体操']
2018-09-23 17:10:37,231 - mylogger - INFO - 数据库中检索答案
2018-09-23 17:10:37,231 - mylogger - INFO - 数据中无答案
2018-09-23 17:10:39,137 - mylogger - INFO - 在线检索答案：跳水
2018-09-23 17:10:39,137 - mylogger - INFO - 我的答案：跳水
2018-09-23 17:10:39,686 - mylogger - INFO - 选择选项
2018-09-23 17:10:42,253 - mylogger - INFO - 答案正确
2018-09-23 17:10:42,253 - mylogger - INFO - 更新答案
2018-09-23 17:10:44,781 - mylogger - INFO - 本题结束
2018-09-23 17:10:44,783 - mylogger - INFO - 获取题目
2018-09-23 17:10:47,820 - mylogger - INFO - 第 2 题
2018-09-23 17:10:48,152 - mylogger - INFO - 明代的“大明宝钞”是哪一年印造的？
2018-09-23 17:10:49,201 - mylogger - INFO - ['景泰元年', '洪武八年', '永乐六年']
2018-09-23 17:10:49,205 - mylogger - INFO - 数据库中检索答案
2018-09-23 17:10:49,206 - mylogger - INFO - 数据中无答案
2018-09-23 17:10:50,041 - mylogger - INFO - 在线检索答案：洪武八年
2018-09-23 17:10:50,041 - mylogger - INFO - 我的答案：洪武八年
2018-09-23 17:10:50,568 - mylogger - INFO - 选择选项
2018-09-23 17:10:53,121 - mylogger - INFO - 答案正确
2018-09-23 17:10:53,122 - mylogger - INFO - 更新答案
2018-09-23 17:11:02,420 - mylogger - INFO - 本题结束
2018-09-23 17:11:02,438 - mylogger - INFO - 获取题目
2018-09-23 17:11:04,265 - mylogger - INFO - 第 3 题
2018-09-23 17:11:04,569 - mylogger - INFO - 《钢壳都市雷吉欧斯》中男主角雷弗所在的小队是：
2018-09-23 17:11:05,504 - mylogger - INFO - ['第十小队', '第十五小队', '第十七小队']
2018-09-23 17:11:05,506 - mylogger - INFO - 数据库中检索答案
2018-09-23 17:11:05,506 - mylogger - INFO - 数据中无答案
2018-09-23 17:11:06,283 - mylogger - INFO - 在线检索答案：第十七小队
2018-09-23 17:11:06,283 - mylogger - INFO - 我的答案：第十七小队
2018-09-23 17:11:06,924 - mylogger - INFO - 选择选项
2018-09-23 17:11:09,381 - mylogger - INFO - 答案正确
2018-09-23 17:11:09,381 - mylogger - INFO - 更新答案
2018-09-23 17:11:19,821 - mylogger - INFO - 本题结束
2018-09-23 17:11:19,840 - mylogger - INFO - 获取题目
2018-09-23 17:11:21,817 - mylogger - INFO - 第 4 题
2018-09-23 17:11:22,141 - mylogger - INFO - 以下哪一个是《吸血鬼骑士》里面的虚拟人物？
2018-09-23 17:11:23,051 - mylogger - INFO - ['卡卡西', '玖兰枢', 'D伯爵']
2018-09-23 17:11:23,053 - mylogger - INFO - 数据库中检索答案
2018-09-23 17:11:23,054 - mylogger - INFO - 数据中无答案
2018-09-23 17:11:23,710 - mylogger - INFO - 在线检索答案：玖兰枢
2018-09-23 17:11:23,711 - mylogger - INFO - 我的答案：玖兰枢
2018-09-23 17:11:24,337 - mylogger - INFO - 选择选项
2018-09-23 17:11:26,822 - mylogger - INFO - 答案正确
2018-09-23 17:11:26,822 - mylogger - INFO - 更新答案
2018-09-23 17:11:36,131 - mylogger - INFO - 本题结束
2018-09-23 17:11:36,132 - mylogger - INFO - 获取题目
2018-09-23 17:11:39,208 - mylogger - INFO - 第 5 题
2018-09-23 17:11:39,526 - mylogger - INFO - 川菜的特点是百菜百味和什么？
2018-09-23 17:11:40,518 - mylogger - INFO - ['食材新鲜', '一菜一格', '精雕细刻']
2018-09-23 17:11:40,521 - mylogger - INFO - 数据库中检索答案
2018-09-23 17:11:40,522 - mylogger - INFO - 数据中无答案
2018-09-23 17:11:41,191 - mylogger - INFO - 在线检索答案：一菜一格
2018-09-23 17:11:41,192 - mylogger - INFO - 我的答案：一菜一格
2018-09-23 17:11:41,758 - mylogger - INFO - 选择选项
2018-09-23 17:11:44,258 - mylogger - INFO - 答案正确
2018-09-23 17:11:44,258 - mylogger - INFO - 更新答案
2018-09-23 17:11:53,569 - mylogger - INFO - 本题结束
2018-09-23 17:11:53,706 - mylogger - INFO - 本场比赛结束
2018-09-23 17:11:53,958 - mylogger - INFO - 返回游戏页面
2018-09-23 17:11:55,532 - mylogger - INFO - 进入排位赛
2018-09-23 17:11:55,532 - mylogger - INFO - 正在匹配中......
2018-09-23 17:12:56,246 - mylogger - WARNING - 匹配失败
2018-09-23 17:12:56,509 - mylogger - INFO - 返回游戏页面
2018-09-23 17:12:59,139 - mylogger - INFO - 进入排位赛
2018-09-23 17:12:59,140 - mylogger - INFO - 正在匹配中......
2018-09-23 17:13:59,860 - mylogger - WARNING - 匹配失败
2018-09-23 17:14:00,120 - mylogger - INFO - 返回游戏页面
2018-09-23 17:14:01,785 - mylogger - INFO - 进入排位赛
2018-09-23 17:14:01,786 - mylogger - INFO - 正在匹配中......
2018-09-23 17:14:32,522 - mylogger - INFO - 匹配成功
2018-09-23 17:14:32,523 - mylogger - INFO - 获取题目
2018-09-23 17:14:35,758 - mylogger - INFO - 第 1 题
2018-09-23 17:14:36,078 - mylogger - INFO - 下列选项中，哪一种属于“早成鸟”？
2018-09-23 17:14:37,090 - mylogger - INFO - ['麻雀', '鸡', '家鸽']
2018-09-23 17:14:37,092 - mylogger - INFO - 数据库中检索答案
2018-09-23 17:14:37,092 - mylogger - INFO - 数据中无答案
2018-09-23 17:14:38,315 - mylogger - INFO - 在线检索答案：鸡
2018-09-23 17:14:38,315 - mylogger - INFO - 我的答案：鸡
2018-09-23 17:14:38,874 - mylogger - INFO - 选择选项
2018-09-23 17:14:41,267 - mylogger - INFO - 答案正确
2018-09-23 17:14:41,268 - mylogger - INFO - 更新答案
2018-09-23 17:14:42,599 - mylogger - INFO - 本题结束
2018-09-23 17:14:42,603 - mylogger - INFO - 获取题目
2018-09-23 17:14:44,526 - mylogger - INFO - 第 2 题
2018-09-23 17:14:44,838 - mylogger - INFO - 宝鸡出土的四大青铜器被誉为“清末四大国宝”，不包括以下哪个？
2018-09-23 17:14:45,762 - mylogger - INFO - ['虢季子白盘', '散氏盘', '四羊方尊']
2018-09-23 17:14:45,766 - mylogger - INFO - 数据库中检索答案
2018-09-23 17:14:45,766 - mylogger - INFO - 数据中无答案
2018-09-23 17:14:46,664 - mylogger - INFO - 在线检索答案：四羊方尊
2018-09-23 17:14:46,664 - mylogger - INFO - 我的答案：四羊方尊
2018-09-23 17:14:47,237 - mylogger - INFO - 选择选项
2018-09-23 17:14:49,699 - mylogger - INFO - 答案正确
2018-09-23 17:14:49,699 - mylogger - INFO - 更新答案
2018-09-23 17:14:54,398 - mylogger - INFO - 本题结束
2018-09-23 17:14:54,417 - mylogger - INFO - 获取题目
2018-09-23 17:14:56,511 - mylogger - INFO - 第 3 题
2018-09-23 17:14:56,823 - mylogger - INFO - 某人由于营养不良，身体浮肿，其食疗补救措施是？
2018-09-23 17:14:57,938 - mylogger - INFO - ['多喝豆汁', '多喝水', '多吃蔬菜']
2018-09-23 17:14:57,940 - mylogger - INFO - 数据库中检索答案
2018-09-23 17:14:57,941 - mylogger - INFO - 数据中无答案
2018-09-23 17:14:59,205 - mylogger - INFO - 在线检索答案：多喝豆汁
2018-09-23 17:14:59,205 - mylogger - INFO - 我的答案：多喝豆汁
2018-09-23 17:14:59,802 - mylogger - INFO - 选择选项
2018-09-23 17:15:02,424 - mylogger - INFO - 答案正确
2018-09-23 17:15:02,424 - mylogger - INFO - 更新答案
2018-09-23 17:15:04,828 - mylogger - INFO - 本题结束
2018-09-23 17:15:04,830 - mylogger - INFO - 获取题目
2018-09-23 17:15:07,800 - mylogger - INFO - 第 4 题
2018-09-23 17:15:08,147 - mylogger - INFO - “宁可少活十年，休得一日无权”表现了作者什么样的感情？
2018-09-23 17:15:09,071 - mylogger - INFO - ['对权贵的向往', '对权贵的谴责', '对权贵的赞美']
2018-09-23 17:15:09,076 - mylogger - INFO - 数据库中检索答案
2018-09-23 17:15:09,076 - mylogger - INFO - 数据中无答案
2018-09-23 17:15:09,812 - mylogger - INFO - 在线检索答案：
2018-09-23 17:15:09,812 - mylogger - INFO - 我的答案：对权贵的向往
2018-09-23 17:15:10,382 - mylogger - INFO - 选择选项
2018-09-23 17:15:12,885 - mylogger - INFO - 答案错误
2018-09-23 17:15:13,028 - mylogger - INFO - 正确答案；对权贵的谴责
2018-09-23 17:15:13,028 - mylogger - INFO - 更新答案
2018-09-23 17:15:16,685 - mylogger - INFO - 本题结束
2018-09-23 17:15:16,687 - mylogger - INFO - 获取题目
2018-09-23 17:15:19,793 - mylogger - INFO - 第 5 题
2018-09-23 17:15:20,143 - mylogger - INFO - 世界第二高峰是哪条山脉的主峰？
2018-09-23 17:15:21,121 - mylogger - INFO - ['喀喇昆仑山脉', '昆仑山脉', '喜马拉雅山脉']
2018-09-23 17:15:21,124 - mylogger - INFO - 数据库中检索答案
2018-09-23 17:15:21,125 - mylogger - INFO - 数据中无答案
2018-09-23 17:15:22,566 - mylogger - INFO - 在线检索答案：昆仑山脉
2018-09-23 17:15:22,567 - mylogger - INFO - 我的答案：昆仑山脉
2018-09-23 17:15:23,168 - mylogger - INFO - 选择选项
2018-09-23 17:15:25,633 - mylogger - INFO - 答案错误
2018-09-23 17:15:25,979 - mylogger - INFO - 正确答案；喀喇昆仑山脉
2018-09-23 17:15:25,979 - mylogger - INFO - 更新答案
2018-09-23 17:15:26,200 - mylogger - INFO - 本题结束
2018-09-23 17:15:26,351 - mylogger - INFO - 本场比赛结束
2018-09-23 17:15:26,603 - mylogger - INFO - 返回游戏页面
2018-09-23 17:15:28,105 - mylogger - INFO - 进入排位赛
2018-09-23 17:15:28,105 - mylogger - INFO - 正在匹配中......
2018-09-23 17:16:28,530 - mylogger - WARNING - 匹配失败
2018-09-23 17:16:28,794 - mylogger - INFO - 返回游戏页面
2018-09-23 17:16:30,370 - mylogger - INFO - 进入排位赛
2018-09-23 17:16:30,370 - mylogger - INFO - 正在匹配中......
2018-09-23 17:17:31,002 - mylogger - WARNING - 匹配失败
2018-09-23 17:17:31,269 - mylogger - INFO - 返回游戏页面
2018-09-23 17:17:32,752 - mylogger - INFO - 进入排位赛
2018-09-23 17:17:32,753 - mylogger - INFO - 正在匹配中......
2018-09-23 17:18:33,591 - mylogger - WARNING - 匹配失败
2018-09-23 17:18:33,852 - mylogger - INFO - 返回游戏页面
2018-09-23 17:18:35,390 - mylogger - INFO - 进入排位赛
2018-09-23 17:18:35,438 - mylogger - INFO - 正在匹配中......
2018-09-23 17:19:35,170 - mylogger - INFO - 匹配成功
2018-09-23 17:19:35,171 - mylogger - INFO - 获取题目
2018-09-23 17:19:38,350 - mylogger - INFO - 第 1 题
2018-09-23 17:19:38,670 - mylogger - INFO - 下列演员中，哪位没有参演电视剧《十八岁的天空》？
2018-09-23 17:19:39,604 - mylogger - INFO - ['金莎', '李智楠', '黄圣依']
2018-09-23 17:19:39,608 - mylogger - INFO - 数据库中检索答案
2018-09-23 17:19:39,609 - mylogger - INFO - 数据中无答案
2018-09-23 17:19:40,423 - mylogger - INFO - 在线检索答案：李智楠
2018-09-23 17:19:40,423 - mylogger - INFO - 我的答案：李智楠
2018-09-23 17:19:41,100 - mylogger - INFO - 选择选项
2018-09-23 17:19:43,635 - mylogger - INFO - 答案错误
2018-09-23 17:19:43,877 - mylogger - INFO - 正确答案；黄圣依
2018-09-23 17:19:43,877 - mylogger - INFO - 更新答案
2018-09-23 17:19:53,201 - mylogger - INFO - 本题结束
2018-09-23 17:19:53,209 - mylogger - INFO - 获取题目
2018-09-23 17:19:55,095 - mylogger - INFO - 第 2 题
2018-09-23 17:19:55,414 - mylogger - INFO - 根据《流星花园》改编的真人作品不包含哪个国家？
2018-09-23 17:19:56,396 - mylogger - INFO - ['韩国', '泰国', '印度']
2018-09-23 17:19:56,399 - mylogger - INFO - 数据库中检索答案
2018-09-23 17:19:56,399 - mylogger - INFO - 数据中无答案
2018-09-23 17:19:57,190 - mylogger - INFO - 在线检索答案：泰国
2018-09-23 17:19:57,190 - mylogger - INFO - 我的答案：泰国
2018-09-23 17:19:57,770 - mylogger - INFO - 选择选项
2018-09-23 17:20:00,271 - mylogger - INFO - 答案错误
2018-09-23 17:20:00,499 - mylogger - INFO - 正确答案；印度
2018-09-23 17:20:00,499 - mylogger - INFO - 更新答案
2018-09-23 17:20:09,961 - mylogger - INFO - 本题结束
2018-09-23 17:20:09,972 - mylogger - INFO - 获取题目
2018-09-23 17:20:11,955 - mylogger - INFO - 第 3 题
2018-09-23 17:20:12,262 - mylogger - INFO - 循环经济本质上是一种什么经济
2018-09-23 17:20:13,187 - mylogger - INFO - ['市场经济', '计划经济', '生态经济']
2018-09-23 17:20:13,189 - mylogger - INFO - 数据库中检索答案
2018-09-23 17:20:13,189 - mylogger - INFO - 数据中无答案
2018-09-23 17:20:14,030 - mylogger - INFO - 在线检索答案：生态经济
2018-09-23 17:20:14,031 - mylogger - INFO - 我的答案：生态经济
2018-09-23 17:20:14,608 - mylogger - INFO - 选择选项
2018-09-23 17:20:17,081 - mylogger - INFO - 答案正确
2018-09-23 17:20:17,081 - mylogger - INFO - 更新答案
2018-09-23 17:20:27,611 - mylogger - INFO - 本题结束
2018-09-23 17:20:27,613 - mylogger - INFO - 获取题目
2018-09-23 17:20:29,369 - mylogger - INFO - 第 4 题
2018-09-23 17:20:29,700 - mylogger - INFO - 《森林法实施细则》规定，全国森林覆盖率的奋斗目标为：
2018-09-23 17:20:30,665 - mylogger - INFO - ['百分之二十', '百分之二十五', '百分之三十']
2018-09-23 17:20:30,669 - mylogger - INFO - 数据库中检索答案
2018-09-23 17:20:30,669 - mylogger - INFO - 数据中无答案
2018-09-23 17:20:32,465 - mylogger - INFO - 在线检索答案：百分之二十
2018-09-23 17:20:32,465 - mylogger - INFO - 我的答案：百分之二十
2018-09-23 17:20:33,067 - mylogger - INFO - 选择选项
2018-09-23 17:20:35,610 - mylogger - INFO - 答案错误
2018-09-23 17:20:35,860 - mylogger - INFO - 正确答案；百分之三十
2018-09-23 17:20:35,860 - mylogger - INFO - 更新答案
2018-09-23 17:20:44,114 - mylogger - INFO - 本题结束
2018-09-23 17:20:44,115 - mylogger - INFO - 获取题目
2018-09-23 17:20:47,241 - mylogger - INFO - 第 5 题
2018-09-23 17:20:47,565 - mylogger - INFO - 俄罗斯一千多年历史上的第一个王朝是什么？
2018-09-23 17:20:48,481 - mylogger - INFO - ['罗曼诺夫王朝', '留里克王朝', '金雀花王朝']
2018-09-23 17:20:48,485 - mylogger - INFO - 数据库中检索答案
2018-09-23 17:20:48,485 - mylogger - INFO - 数据中无答案
2018-09-23 17:20:50,171 - mylogger - INFO - 在线检索答案：留里克王朝
2018-09-23 17:20:50,172 - mylogger - INFO - 我的答案：留里克王朝
2018-09-23 17:20:50,764 - mylogger - INFO - 选择选项
2018-09-23 17:20:53,282 - mylogger - INFO - 答案正确
2018-09-23 17:20:53,282 - mylogger - INFO - 更新答案
2018-09-23 17:21:03,155 - mylogger - INFO - 本题结束
2018-09-23 17:21:03,361 - mylogger - INFO - 本场比赛结束
2018-09-23 17:21:03,644 - mylogger - INFO - 返回游戏页面
2018-09-23 17:21:10,014 - mylogger - INFO - 进入排位赛
2018-09-23 17:21:10,015 - mylogger - INFO - 正在匹配中......
2018-09-23 17:22:10,568 - mylogger - WARNING - 匹配失败
2018-09-23 17:22:10,831 - mylogger - INFO - 返回游戏页面
2018-09-23 17:22:12,372 - mylogger - INFO - 进入排位赛
2018-09-23 17:22:12,373 - mylogger - INFO - 正在匹配中......
2018-09-23 17:22:24,045 - mylogger - INFO - 匹配成功
2018-09-23 17:22:24,045 - mylogger - INFO - 获取题目
2018-09-23 17:22:27,228 - mylogger - INFO - 第 1 题
2018-09-23 17:22:27,534 - mylogger - INFO - 一次地震存在多少个震级？
2018-09-23 17:22:28,622 - mylogger - INFO - ['有多个震级', '有两个震级', '只有一个震级']
2018-09-23 17:22:28,626 - mylogger - INFO - 数据库中检索答案
2018-09-23 17:22:28,626 - mylogger - INFO - 数据中无答案
2018-09-23 17:22:30,253 - mylogger - INFO - 在线检索答案：只有一个震级
2018-09-23 17:22:30,253 - mylogger - INFO - 我的答案：只有一个震级
2018-09-23 17:22:30,869 - mylogger - INFO - 选择选项
2018-09-23 17:22:33,401 - mylogger - INFO - 答案正确
2018-09-23 17:22:33,401 - mylogger - INFO - 更新答案
2018-09-23 17:22:42,009 - mylogger - INFO - 本题结束
2018-09-23 17:22:42,030 - mylogger - INFO - 获取题目
2018-09-23 17:22:43,884 - mylogger - INFO - 第 2 题
2018-09-23 17:22:44,189 - mylogger - INFO - 以下哪个国家的国旗上面印有本国领土外型？
2018-09-23 17:22:45,122 - mylogger - INFO - ['以色列', '塞浦路斯', '黎巴嫩']
2018-09-23 17:22:45,125 - mylogger - INFO - 数据库中检索答案
2018-09-23 17:22:45,125 - mylogger - INFO - 数据中无答案
2018-09-23 17:22:46,754 - mylogger - INFO - 在线检索答案：塞浦路斯
2018-09-23 17:22:46,754 - mylogger - INFO - 我的答案：塞浦路斯
2018-09-23 17:22:47,317 - mylogger - INFO - 选择选项
2018-09-23 17:22:49,967 - mylogger - INFO - 答案正确
2018-09-23 17:22:49,967 - mylogger - INFO - 更新答案
2018-09-23 17:22:58,390 - mylogger - INFO - 本题结束
2018-09-23 17:22:58,414 - mylogger - INFO - 获取题目
2018-09-23 17:23:01,578 - mylogger - INFO - 第 3 题
2018-09-23 17:23:01,914 - mylogger - INFO - “红颜弃轩冕，白首卧松云”是李白夸赞哪位诗人的句子？
2018-09-23 17:23:02,842 - mylogger - INFO - ['白居易', '孟浩然', '杜甫']
2018-09-23 17:23:02,844 - mylogger - INFO - 数据库中检索答案
2018-09-23 17:23:02,844 - mylogger - INFO - 数据中无答案
2018-09-23 17:23:03,680 - mylogger - INFO - 在线检索答案：孟浩然
2018-09-23 17:23:03,680 - mylogger - INFO - 我的答案：孟浩然
2018-09-23 17:23:04,270 - mylogger - INFO - 选择选项
2018-09-23 17:23:06,703 - mylogger - INFO - 答案正确
2018-09-23 17:23:06,703 - mylogger - INFO - 更新答案
2018-09-23 17:23:16,302 - mylogger - INFO - 本题结束
2018-09-23 17:23:16,304 - mylogger - INFO - 获取题目
2018-09-23 17:23:18,178 - mylogger - INFO - 第 4 题
2018-09-23 17:23:18,474 - mylogger - INFO - 米糠腌菜起源于哪国？
2018-09-23 17:23:19,451 - mylogger - INFO - ['日本', '中国', '马来西亚']
2018-09-23 17:23:19,453 - mylogger - INFO - 数据库中检索答案
2018-09-23 17:23:19,453 - mylogger - INFO - 数据中无答案
2018-09-23 17:23:20,050 - mylogger - INFO - 在线检索答案：日本
2018-09-23 17:23:20,050 - mylogger - INFO - 我的答案：日本
2018-09-23 17:23:20,604 - mylogger - INFO - 选择选项
2018-09-23 17:23:23,141 - mylogger - INFO - 答案正确
2018-09-23 17:23:23,141 - mylogger - INFO - 更新答案
2018-09-23 17:23:33,772 - mylogger - INFO - 本题结束
2018-09-23 17:23:33,797 - mylogger - INFO - 获取题目
2018-09-23 17:23:35,708 - mylogger - INFO - 第 5 题
2018-09-23 17:23:36,008 - mylogger - INFO - 歌词“我会学着放弃你，是因为我太爱你”出自哪首歌曲？
2018-09-23 17:23:36,912 - mylogger - INFO - ['《安静》', '《借口》', '《彩虹》']
2018-09-23 17:23:36,916 - mylogger - INFO - 数据库中检索答案
2018-09-23 17:23:36,916 - mylogger - INFO - 数据中无答案
2018-09-23 17:23:37,748 - mylogger - INFO - 在线检索答案：《安静》
2018-09-23 17:23:37,748 - mylogger - INFO - 我的答案：《安静》
2018-09-23 17:23:38,296 - mylogger - INFO - 选择选项
2018-09-23 17:23:40,786 - mylogger - INFO - 答案正确
2018-09-23 17:23:40,786 - mylogger - INFO - 更新答案
2018-09-23 17:23:50,351 - mylogger - INFO - 本题结束
2018-09-23 17:23:50,485 - mylogger - INFO - 本场比赛结束
2018-09-23 17:23:50,748 - mylogger - INFO - 返回游戏页面
2018-09-23 17:23:52,313 - mylogger - INFO - 进入排位赛
2018-09-23 17:23:52,314 - mylogger - INFO - 正在匹配中......
2018-09-23 17:24:52,471 - mylogger - WARNING - 匹配失败
2018-09-23 17:24:52,742 - mylogger - INFO - 返回游戏页面
2018-09-23 17:24:54,292 - mylogger - INFO - 进入排位赛
2018-09-23 17:24:54,600 - mylogger - INFO - 正在匹配中......
2018-09-23 17:25:55,511 - mylogger - WARNING - 匹配失败
2018-09-23 17:25:55,766 - mylogger - INFO - 返回游戏页面
2018-09-23 17:25:57,266 - mylogger - INFO - 进入排位赛
2018-09-23 17:25:57,266 - mylogger - INFO - 正在匹配中......
2018-09-23 17:26:57,920 - mylogger - WARNING - 匹配失败
2018-09-23 17:26:58,172 - mylogger - INFO - 返回游戏页面
2018-09-23 17:27:09,964 - mylogger - INFO - 进入排位赛
2018-09-23 17:27:09,964 - mylogger - INFO - 正在匹配中......
2018-09-23 17:28:10,415 - mylogger - WARNING - 匹配失败
2018-09-23 17:28:10,663 - mylogger - INFO - 返回游戏页面
2018-09-23 18:24:35,981 - mylogger - INFO - 进入排位赛
2018-09-23 18:24:35,993 - mylogger - INFO - 正在匹配中......
2018-09-23 18:25:36,575 - mylogger - WARNING - 匹配失败
2018-09-23 18:25:36,862 - mylogger - INFO - 返回游戏页面
2018-09-23 18:25:38,496 - mylogger - INFO - 进入排位赛
2018-09-23 18:25:38,497 - mylogger - INFO - 正在匹配中......
2018-09-23 18:26:36,218 - mylogger - INFO - 匹配成功
2018-09-23 18:26:36,218 - mylogger - INFO - 获取题目
2018-09-23 18:26:39,355 - mylogger - INFO - 第 1 题
2018-09-23 18:26:39,710 - mylogger - INFO - 101×99=？
2018-09-23 18:26:40,845 - mylogger - INFO - ['9999', '9099', '9199']
2018-09-23 18:26:40,911 - mylogger - INFO - 数据库中检索答案
2018-09-23 18:26:40,911 - mylogger - INFO - 数据中无答案
2018-09-23 18:26:42,292 - mylogger - INFO - 在线检索答案：9999
2018-09-23 18:26:42,292 - mylogger - INFO - 我的答案：9999
2018-09-23 18:26:42,890 - mylogger - INFO - 选择选项
2018-09-23 18:26:45,397 - mylogger - INFO - 答案正确
2018-09-23 18:26:45,397 - mylogger - INFO - 更新答案
2018-09-23 18:26:48,926 - mylogger - INFO - 本题结束
2018-09-23 18:26:48,941 - mylogger - INFO - 获取题目
2018-09-23 18:26:50,763 - mylogger - INFO - 第 2 题
2018-09-23 18:26:51,124 - mylogger - INFO - BAE系统公司，是哪个国家的军火公司？
2018-09-23 18:26:52,136 - mylogger - INFO - ['英国', '俄罗斯', '法国']
2018-09-23 18:26:52,141 - mylogger - INFO - 数据库中检索答案
2018-09-23 18:26:52,141 - mylogger - INFO - 数据中无答案
2018-09-23 18:26:53,228 - mylogger - INFO - 在线检索答案：英国
2018-09-23 18:26:53,229 - mylogger - INFO - 我的答案：英国
2018-09-23 18:26:53,790 - mylogger - INFO - 选择选项
2018-09-23 18:26:56,192 - mylogger - INFO - 答案正确
2018-09-23 18:26:56,192 - mylogger - INFO - 更新答案
2018-09-23 18:26:58,671 - mylogger - INFO - 本题结束
2018-09-23 18:26:58,687 - mylogger - INFO - 获取题目
2018-09-23 18:27:00,532 - mylogger - INFO - 第 3 题
2018-09-23 18:27:00,893 - mylogger - INFO - 写出“粉身碎骨全不怕，要留清白在人间”的人是？
2018-09-23 18:27:01,968 - mylogger - INFO - ['文天祥', '于谦', '王昌龄']
2018-09-23 18:27:01,973 - mylogger - INFO - 数据库中检索答案
2018-09-23 18:27:01,973 - mylogger - INFO - 数据中无答案
2018-09-23 18:27:03,268 - mylogger - INFO - 在线检索答案：文天祥
2018-09-23 18:27:03,269 - mylogger - INFO - 我的答案：文天祥
2018-09-23 18:27:03,813 - mylogger - INFO - 选择选项
2018-09-23 18:27:06,257 - mylogger - INFO - 答案错误
2018-09-23 18:27:06,446 - mylogger - INFO - 正确答案；于谦
2018-09-23 18:27:06,448 - mylogger - INFO - 更新答案
2018-09-23 18:27:07,792 - mylogger - INFO - 本题结束
2018-09-23 18:27:07,793 - mylogger - INFO - 获取题目
2018-09-23 18:27:09,707 - mylogger - INFO - 第 4 题
2018-09-23 18:27:10,063 - mylogger - INFO - 赵照创作的歌曲《当你老了》的歌词借鉴了哪位爱尔兰诗人的诗歌？
2018-09-23 18:27:11,200 - mylogger - INFO - ['歌德', '叶芝', '叶赛宁']
2018-09-23 18:27:11,205 - mylogger - INFO - 数据库中检索答案
2018-09-23 18:27:11,206 - mylogger - INFO - 数据中无答案
2018-09-23 18:27:12,271 - mylogger - INFO - 在线检索答案：叶芝
2018-09-23 18:27:12,271 - mylogger - INFO - 我的答案：叶芝
2018-09-23 18:27:12,907 - mylogger - INFO - 选择选项
2018-09-23 18:27:15,378 - mylogger - INFO - 答案正确
2018-09-23 18:27:15,379 - mylogger - INFO - 更新答案
2018-09-23 18:27:25,635 - mylogger - INFO - 本题结束
2018-09-23 18:27:25,646 - mylogger - INFO - 获取题目
2018-09-23 18:27:26,334 - mylogger - INFO - 第 5 题
2018-09-23 18:27:26,707 - mylogger - INFO - 皮划艇比赛运动员是如何比赛？
2018-09-23 18:27:27,777 - mylogger - INFO - ['背向前进方向', '站着进行比赛', '面向前进方向']
2018-09-23 18:27:27,781 - mylogger - INFO - 数据库中检索答案
2018-09-23 18:27:27,781 - mylogger - INFO - 数据中无答案
2018-09-23 18:27:29,073 - mylogger - INFO - 在线检索答案：背向前进方向
2018-09-23 18:27:29,073 - mylogger - INFO - 我的答案：背向前进方向
2018-09-23 18:27:29,707 - mylogger - INFO - 选择选项
2018-09-23 18:27:32,075 - mylogger - INFO - 答案错误
2018-09-23 18:27:32,540 - mylogger - INFO - 更新答案
2018-09-23 18:27:32,688 - mylogger - INFO - 本题结束
2018-09-23 18:27:32,832 - mylogger - INFO - 本场比赛结束
2018-09-23 18:27:33,127 - mylogger - INFO - 返回游戏页面
2018-09-23 18:27:34,692 - mylogger - INFO - 进入排位赛
2018-09-23 18:27:34,692 - mylogger - INFO - 正在匹配中......
2018-09-23 18:28:35,165 - mylogger - WARNING - 匹配失败
2018-09-23 18:28:35,446 - mylogger - INFO - 返回游戏页面
2018-09-23 18:28:36,987 - mylogger - INFO - 进入排位赛
2018-09-23 18:28:36,987 - mylogger - INFO - 正在匹配中......
2018-09-23 18:29:37,854 - mylogger - WARNING - 匹配失败
2018-09-23 18:29:38,125 - mylogger - INFO - 返回游戏页面
2018-09-23 18:29:39,703 - mylogger - INFO - 进入排位赛
2018-09-23 18:29:40,246 - mylogger - INFO - 正在匹配中......
2018-09-23 18:29:58,387 - mylogger - INFO - 匹配成功
2018-09-23 18:29:58,387 - mylogger - INFO - 获取题目
2018-09-23 18:30:01,543 - mylogger - INFO - 第 1 题
2018-09-23 18:30:01,850 - mylogger - INFO - 1997年电影《变脸》的导演是？
2018-09-23 18:30:03,003 - mylogger - INFO - ['吴宇森', '杜琪峰', '陈可辛']
2018-09-23 18:30:03,008 - mylogger - INFO - 数据库中检索答案
2018-09-23 18:30:03,009 - mylogger - INFO - 数据中无答案
2018-09-23 18:30:04,116 - mylogger - INFO - 在线检索答案：吴宇森
2018-09-23 18:30:04,117 - mylogger - INFO - 我的答案：吴宇森
2018-09-23 18:30:04,679 - mylogger - INFO - 选择选项
2018-09-23 18:30:07,142 - mylogger - INFO - 答案正确
2018-09-23 18:30:07,565 - mylogger - INFO - 更新答案
2018-09-23 18:30:09,002 - mylogger - INFO - 本题结束
2018-09-23 18:30:09,004 - mylogger - INFO - 获取题目
2018-09-23 18:30:10,922 - mylogger - INFO - 第 2 题
2018-09-23 18:30:11,282 - mylogger - INFO - 人口在多少万以上的城市应建立特请消防站？
2018-09-23 18:30:12,330 - mylogger - INFO - ['40', '30', '50']
2018-09-23 18:30:12,334 - mylogger - INFO - 数据库中检索答案
2018-09-23 18:30:12,335 - mylogger - INFO - 数据中无答案
2018-09-23 18:30:13,263 - mylogger - INFO - 在线检索答案：50
2018-09-23 18:30:13,263 - mylogger - INFO - 我的答案：50
2018-09-23 18:30:13,890 - mylogger - INFO - 选择选项
2018-09-23 18:30:16,335 - mylogger - INFO - 答案正确
2018-09-23 18:30:16,336 - mylogger - INFO - 更新答案
2018-09-23 18:30:17,664 - mylogger - INFO - 本题结束
2018-09-23 18:30:17,665 - mylogger - INFO - 获取题目
2018-09-23 18:30:19,476 - mylogger - INFO - 第 3 题
2018-09-23 18:30:19,820 - mylogger - INFO - 诗句“惨惨柴门风雪夜，此时有子不如无”出自以下哪部作品？
2018-09-23 18:30:20,875 - mylogger - INFO - ['《别老父》', '《别老母》', '《别犬子》']
2018-09-23 18:30:20,879 - mylogger - INFO - 数据库中检索答案
2018-09-23 18:30:20,880 - mylogger - INFO - 数据中无答案
2018-09-23 18:30:21,937 - mylogger - INFO - 在线检索答案：《别老父》
2018-09-23 18:30:21,937 - mylogger - INFO - 我的答案：《别老父》
2018-09-23 18:30:22,554 - mylogger - INFO - 选择选项
2018-09-23 18:30:25,000 - mylogger - INFO - 答案错误
2018-09-23 18:30:25,152 - mylogger - INFO - 正确答案；《别老母》
2018-09-23 18:30:25,152 - mylogger - INFO - 更新答案
2018-09-23 18:30:28,677 - mylogger - INFO - 本题结束
2018-09-23 18:30:28,678 - mylogger - INFO - 获取题目
2018-09-23 18:30:31,712 - mylogger - INFO - 第 4 题
2018-09-23 18:30:32,028 - mylogger - INFO - 100-200中所有的偶数之和比奇数之和大多少？
2018-09-23 18:30:33,000 - mylogger - INFO - ['200', '150', '100']
2018-09-23 18:30:33,005 - mylogger - INFO - 数据库中检索答案
2018-09-23 18:30:33,005 - mylogger - INFO - 数据中无答案
2018-09-23 18:30:34,093 - mylogger - INFO - 在线检索答案：100
2018-09-23 18:30:34,094 - mylogger - INFO - 我的答案：100
2018-09-23 18:30:34,660 - mylogger - INFO - 选择选项
2018-09-23 18:30:37,202 - mylogger - INFO - 答案错误
2018-09-23 18:30:37,417 - mylogger - INFO - 正确答案；150
2018-09-23 18:30:37,417 - mylogger - INFO - 更新答案
2018-09-23 18:30:39,923 - mylogger - INFO - 本题结束
2018-09-23 18:30:39,929 - mylogger - INFO - 获取题目
2018-09-23 18:30:41,805 - mylogger - INFO - 第 5 题
2018-09-23 18:30:42,156 - mylogger - INFO - “蟹状星云”在梅西叶星云星团表中的编号是
2018-09-23 18:30:43,157 - mylogger - INFO - ['M7', 'M81', 'M1']
2018-09-23 18:30:43,162 - mylogger - INFO - 数据库中检索答案
2018-09-23 18:30:43,162 - mylogger - INFO - 数据中无答案
2018-09-23 18:30:44,509 - mylogger - INFO - 在线检索答案：M1
2018-09-23 18:30:44,509 - mylogger - INFO - 我的答案：M1
2018-09-23 18:30:45,093 - mylogger - INFO - 选择选项
2018-09-23 18:30:47,550 - mylogger - INFO - 答案正确
2018-09-23 18:30:47,550 - mylogger - INFO - 更新答案
2018-09-23 18:30:50,076 - mylogger - INFO - 本题结束
2018-09-23 18:30:50,281 - mylogger - INFO - 本场比赛结束
2018-09-23 18:30:50,557 - mylogger - INFO - 返回游戏页面
2018-09-23 18:30:52,197 - mylogger - INFO - 进入排位赛
2018-09-23 18:30:52,197 - mylogger - INFO - 正在匹配中......
2018-09-23 18:31:52,639 - mylogger - WARNING - 匹配失败
2018-09-23 18:31:52,917 - mylogger - INFO - 返回游戏页面
2018-09-23 18:31:54,492 - mylogger - INFO - 进入排位赛
2018-09-23 18:31:54,492 - mylogger - INFO - 正在匹配中......
2018-09-23 18:32:55,185 - mylogger - WARNING - 匹配失败
2018-09-23 18:32:55,473 - mylogger - INFO - 返回游戏页面
2018-09-23 18:32:57,041 - mylogger - INFO - 进入排位赛
2018-09-23 18:32:57,042 - mylogger - INFO - 正在匹配中......
2018-09-23 18:33:41,335 - mylogger - INFO - 匹配成功
2018-09-23 18:33:41,336 - mylogger - INFO - 获取题目
2018-09-23 18:33:44,496 - mylogger - INFO - 第 1 题
2018-09-23 18:33:44,839 - mylogger - INFO - 屈原的老板是？
2018-09-23 18:33:45,987 - mylogger - INFO - ['楚怀王', '秦始皇', '汉武帝']
2018-09-23 18:33:45,991 - mylogger - INFO - 数据库中检索答案
2018-09-23 18:33:45,991 - mylogger - INFO - 数据中无答案
2018-09-23 18:33:46,827 - mylogger - INFO - 在线检索答案：楚怀王
2018-09-23 18:33:46,828 - mylogger - INFO - 我的答案：楚怀王
2018-09-23 18:33:47,443 - mylogger - INFO - 选择选项
2018-09-23 18:33:49,928 - mylogger - INFO - 答案正确
2018-09-23 18:33:49,928 - mylogger - INFO - 更新答案
2018-09-23 18:33:51,238 - mylogger - INFO - 本题结束
2018-09-23 18:33:51,240 - mylogger - INFO - 获取题目
2018-09-23 18:33:53,108 - mylogger - INFO - 第 2 题
2018-09-23 18:33:53,428 - mylogger - INFO - 股票交易以手为单位，一手股票是多少股？
2018-09-23 18:33:54,491 - mylogger - INFO - ['100股', '200股', '500股']
2018-09-23 18:33:54,495 - mylogger - INFO - 数据库中检索答案
2018-09-23 18:33:54,496 - mylogger - INFO - 数据中无答案
2018-09-23 18:33:55,757 - mylogger - INFO - 在线检索答案：100股
2018-09-23 18:33:55,757 - mylogger - INFO - 我的答案：100股
2018-09-23 18:33:56,319 - mylogger - INFO - 选择选项
2018-09-23 18:33:58,772 - mylogger - INFO - 答案正确
2018-09-23 18:33:58,772 - mylogger - INFO - 更新答案
2018-09-23 18:34:00,177 - mylogger - INFO - 本题结束
2018-09-23 18:34:00,178 - mylogger - INFO - 获取题目
2018-09-23 18:34:02,029 - mylogger - INFO - 第 3 题
2018-09-23 18:34:02,364 - mylogger - INFO - “欲得周郎顾，时时误拂弦”中“周郎”指的是谁？
2018-09-23 18:34:03,341 - mylogger - INFO - ['周邦彦', '周瑜', '周凯']
2018-09-23 18:34:03,346 - mylogger - INFO - 数据库中检索答案
2018-09-23 18:34:03,346 - mylogger - INFO - 数据中无答案
2018-09-23 18:34:04,554 - mylogger - INFO - 在线检索答案：周瑜
2018-09-23 18:34:04,554 - mylogger - INFO - 我的答案：周瑜
2018-09-23 18:34:05,225 - mylogger - INFO - 选择选项
2018-09-23 18:34:07,620 - mylogger - INFO - 答案正确
2018-09-23 18:34:07,622 - mylogger - INFO - 更新答案
2018-09-23 18:34:10,082 - mylogger - INFO - 本题结束
2018-09-23 18:34:10,084 - mylogger - INFO - 获取题目
2018-09-23 18:34:13,029 - mylogger - INFO - 第 4 题
2018-09-23 18:34:13,383 - mylogger - INFO - 4的二次方除以3的余数是多少？
2018-09-23 18:34:14,438 - mylogger - INFO - ['2', '3', '1']
2018-09-23 18:34:14,442 - mylogger - INFO - 数据库中检索答案
2018-09-23 18:34:14,443 - mylogger - INFO - 数据中无答案
2018-09-23 18:34:15,290 - mylogger - INFO - 在线检索答案：3
2018-09-23 18:34:15,290 - mylogger - INFO - 我的答案：3
2018-09-23 18:34:15,848 - mylogger - INFO - 选择选项
2018-09-23 18:34:18,390 - mylogger - INFO - 答案错误
2018-09-23 18:34:18,642 - mylogger - INFO - 正确答案；1
2018-09-23 18:34:18,642 - mylogger - INFO - 更新答案
2018-09-23 18:34:22,291 - mylogger - INFO - 本题结束
2018-09-23 18:34:22,297 - mylogger - INFO - 获取题目
2018-09-23 18:34:24,209 - mylogger - INFO - 第 5 题
2018-09-23 18:34:24,539 - mylogger - INFO - SpaceX公司在2月6日成功发射了目前世界运载能力最强的火箭叫什么？
2018-09-23 18:34:25,553 - mylogger - INFO - ['雄鹰重型', '猎鹰重型', '飞鹰重型']
2018-09-23 18:34:25,558 - mylogger - INFO - 数据库中检索答案
2018-09-23 18:34:25,559 - mylogger - INFO - 数据中无答案
2018-09-23 18:34:26,874 - mylogger - INFO - 在线检索答案：猎鹰重型
2018-09-23 18:34:26,875 - mylogger - INFO - 我的答案：猎鹰重型
2018-09-23 18:34:27,440 - mylogger - INFO - 选择选项
2018-09-23 18:34:30,132 - mylogger - INFO - 答案正确
2018-09-23 18:34:30,133 - mylogger - INFO - 更新答案
2018-09-23 18:34:30,441 - mylogger - INFO - 本题结束
2018-09-23 18:34:30,582 - mylogger - INFO - 本场比赛结束
2018-09-23 18:34:30,835 - mylogger - INFO - 返回游戏页面
2018-09-23 18:34:32,361 - mylogger - INFO - 进入排位赛
2018-09-23 18:34:32,361 - mylogger - INFO - 正在匹配中......
2018-09-23 18:35:33,301 - mylogger - WARNING - 匹配失败
2018-09-23 18:35:33,584 - mylogger - INFO - 返回游戏页面
2018-09-23 18:35:35,148 - mylogger - INFO - 进入排位赛
2018-09-23 18:35:35,148 - mylogger - INFO - 正在匹配中......
2018-09-23 18:35:50,382 - mylogger - INFO - 匹配成功
2018-09-23 18:35:50,382 - mylogger - INFO - 获取题目
2018-09-23 18:35:53,405 - mylogger - INFO - 第 1 题
2018-09-23 18:35:53,737 - mylogger - INFO - 唐朝设置宫廷棋土棋博士、棋待诏，最先设置翰林棋待诏的是（）
2018-09-23 18:35:54,710 - mylogger - INFO - ['武则天', '唐玄宗', '唐宣宗']
2018-09-23 18:35:54,713 - mylogger - INFO - 数据库中检索答案
2018-09-23 18:35:54,714 - mylogger - INFO - 数据中无答案
2018-09-23 18:35:55,763 - mylogger - INFO - 在线检索答案：武则天
2018-09-23 18:35:55,763 - mylogger - INFO - 我的答案：武则天
2018-09-23 18:35:56,389 - mylogger - INFO - 选择选项
2018-09-23 18:35:58,815 - mylogger - INFO - 答案错误
2018-09-23 18:35:58,966 - mylogger - INFO - 正确答案；唐玄宗
2018-09-23 18:35:58,967 - mylogger - INFO - 更新答案
2018-09-23 18:36:02,493 - mylogger - INFO - 本题结束
2018-09-23 18:36:02,494 - mylogger - INFO - 获取题目
2018-09-23 18:36:04,330 - mylogger - INFO - 第 2 题
2018-09-23 18:36:04,646 - mylogger - INFO - 小王比小李小，小张比小王大，小李比小张小，问谁的年纪最小？
2018-09-23 18:36:05,658 - mylogger - INFO - ['小张', '小李', '小王']
2018-09-23 18:36:05,663 - mylogger - INFO - 数据库中检索答案
2018-09-23 18:36:05,664 - mylogger - INFO - 数据中无答案
2018-09-23 18:36:06,705 - mylogger - INFO - 在线检索答案：小张
2018-09-23 18:36:06,705 - mylogger - INFO - 我的答案：小张
2018-09-23 18:36:07,381 - mylogger - INFO - 选择选项
2018-09-23 18:36:09,843 - mylogger - INFO - 答案错误
2018-09-23 18:36:10,099 - mylogger - INFO - 正确答案；小王
2018-09-23 18:36:10,100 - mylogger - INFO - 更新答案
2018-09-23 18:36:15,135 - mylogger - INFO - 本题结束
2018-09-23 18:36:15,170 - mylogger - INFO - 获取题目
2018-09-23 18:36:16,950 - mylogger - INFO - 第 3 题
2018-09-23 18:36:17,300 - mylogger - INFO - 恐龙是冷血(变温)动物还是温血(恒温)动物?
2018-09-23 18:36:18,316 - mylogger - INFO - ['恒温', '尚无定论', '变温']
2018-09-23 18:36:18,321 - mylogger - INFO - 数据库中检索答案
2018-09-23 18:36:18,322 - mylogger - INFO - 数据中无答案
2018-09-23 18:36:19,721 - mylogger - INFO - 在线检索答案：恒温
2018-09-23 18:36:19,722 - mylogger - INFO - 我的答案：恒温
2018-09-23 18:36:20,290 - mylogger - INFO - 选择选项
2018-09-23 18:36:22,803 - mylogger - INFO - 答案错误
2018-09-23 18:36:22,919 - mylogger - INFO - 正确答案；尚无定论
2018-09-23 18:36:22,920 - mylogger - INFO - 更新答案
2018-09-23 18:36:29,065 - mylogger - INFO - 本题结束
2018-09-23 18:36:29,067 - mylogger - INFO - 获取题目
2018-09-23 18:36:30,827 - mylogger - INFO - 第 4 题
2018-09-23 18:36:31,174 - mylogger - INFO - “木兰桨子藕花乡,唱罢厅红晚气凉”描述的是哪个节日？
2018-09-23 18:36:32,155 - mylogger - INFO - ['端午节', '七夕', '元宵']
2018-09-23 18:36:32,159 - mylogger - INFO - 数据库中检索答案
2018-09-23 18:36:32,160 - mylogger - INFO - 数据中无答案
2018-09-23 18:36:33,039 - mylogger - INFO - 在线检索答案：七夕
2018-09-23 18:36:33,039 - mylogger - INFO - 我的答案：七夕
2018-09-23 18:36:33,626 - mylogger - INFO - 选择选项
2018-09-23 18:36:36,135 - mylogger - INFO - 答案正确
2018-09-23 18:36:36,135 - mylogger - INFO - 更新答案
2018-09-23 18:36:43,473 - mylogger - INFO - 本题结束
2018-09-23 18:36:43,497 - mylogger - INFO - 获取题目
2018-09-23 18:36:46,479 - mylogger - INFO - 第 5 题
2018-09-23 18:36:46,787 - mylogger - INFO - 经济学中的“资本资产定价模型”是由哪一位提出的？
2018-09-23 18:36:47,824 - mylogger - INFO - ['弗里德曼', '夏普', '马科维茨']
2018-09-23 18:36:47,827 - mylogger - INFO - 数据库中检索答案
2018-09-23 18:36:47,828 - mylogger - INFO - 数据中无答案
2018-09-23 18:36:49,021 - mylogger - INFO - 在线检索答案：夏普
2018-09-23 18:36:49,022 - mylogger - INFO - 我的答案：夏普
2018-09-23 18:36:49,688 - mylogger - INFO - 选择选项
2018-09-23 18:36:52,240 - mylogger - INFO - 答案正确
2018-09-23 18:36:52,241 - mylogger - INFO - 更新答案
2018-09-23 18:36:52,611 - mylogger - INFO - 本题结束
2018-09-23 18:36:52,752 - mylogger - INFO - 本场比赛结束
2018-09-23 18:36:53,030 - mylogger - INFO - 返回游戏页面
2018-09-23 18:36:54,591 - mylogger - INFO - 进入排位赛
2018-09-23 18:36:54,591 - mylogger - INFO - 正在匹配中......
2018-09-23 18:37:48,769 - mylogger - INFO - 匹配成功
2018-09-23 18:37:48,769 - mylogger - INFO - 获取题目
2018-09-23 18:37:51,887 - mylogger - INFO - 第 1 题
2018-09-23 18:37:52,234 - mylogger - INFO - 2月2号是周一，2月9号是周几？
2018-09-23 18:37:53,249 - mylogger - INFO - ['周二', '周一', '周三']
2018-09-23 18:37:53,254 - mylogger - INFO - 数据库中检索答案
2018-09-23 18:37:53,254 - mylogger - INFO - 数据中无答案
2018-09-23 18:37:54,497 - mylogger - INFO - 在线检索答案：周一
2018-09-23 18:37:54,498 - mylogger - INFO - 我的答案：周一
2018-09-23 18:37:55,091 - mylogger - INFO - 选择选项
2018-09-23 18:37:57,534 - mylogger - INFO - 答案正确
2018-09-23 18:37:57,534 - mylogger - INFO - 更新答案
2018-09-23 18:37:59,084 - mylogger - INFO - 本题结束
2018-09-23 18:37:59,085 - mylogger - INFO - 获取题目
2018-09-23 18:38:02,059 - mylogger - INFO - 第 2 题
2018-09-23 18:38:02,383 - mylogger - INFO - 我国第一座佛教寺院是哪一座
2018-09-23 18:38:03,334 - mylogger - INFO - ['少林寺', '洛阳白马寺', '大昭寺']
2018-09-23 18:38:03,339 - mylogger - INFO - 数据库中检索答案
2018-09-23 18:38:03,340 - mylogger - INFO - 数据中无答案
2018-09-23 18:38:04,401 - mylogger - INFO - 在线检索答案：洛阳白马寺
2018-09-23 18:38:04,402 - mylogger - INFO - 我的答案：洛阳白马寺
2018-09-23 18:38:04,914 - mylogger - INFO - 选择选项
2018-09-23 18:38:07,397 - mylogger - INFO - 答案正确
2018-09-23 18:38:07,398 - mylogger - INFO - 更新答案
2018-09-23 18:38:07,839 - mylogger - INFO - 本题结束
2018-09-23 18:38:07,942 - mylogger - INFO - 获取题目
2018-09-23 18:38:10,998 - mylogger - INFO - 第 3 题
2018-09-23 18:38:11,318 - mylogger - INFO - 京九铁路没有经过哪一城市？
2018-09-23 18:38:12,314 - mylogger - INFO - ['长沙', '北京', '南昌']
2018-09-23 18:38:12,318 - mylogger - INFO - 数据库中检索答案
2018-09-23 18:38:12,319 - mylogger - INFO - 数据中无答案
2018-09-23 18:38:13,598 - mylogger - INFO - 在线检索答案：北京
2018-09-23 18:38:13,599 - mylogger - INFO - 我的答案：北京
2018-09-23 18:38:14,132 - mylogger - INFO - 选择选项
2018-09-23 18:38:16,566 - mylogger - INFO - 答案错误
2018-09-23 18:38:16,711 - mylogger - INFO - 正确答案；长沙
2018-09-23 18:38:16,712 - mylogger - INFO - 更新答案
2018-09-23 18:38:19,385 - mylogger - INFO - 本题结束
2018-09-23 18:38:19,386 - mylogger - INFO - 获取题目
2018-09-23 18:38:21,237 - mylogger - INFO - 第 4 题
2018-09-23 18:38:21,540 - mylogger - INFO - 文件型病毒传染的对象主要是哪种扩展名的文件？
2018-09-23 18:38:22,589 - mylogger - INFO - ['EXE', 'TXT', 'INI']
2018-09-23 18:38:22,594 - mylogger - INFO - 数据库中检索答案
2018-09-23 18:38:22,594 - mylogger - INFO - 数据中无答案
2018-09-23 18:38:24,049 - mylogger - INFO - 在线检索答案：EXE
2018-09-23 18:38:24,049 - mylogger - INFO - 我的答案：EXE
2018-09-23 18:38:24,628 - mylogger - INFO - 选择选项
2018-09-23 18:38:27,097 - mylogger - INFO - 答案正确
2018-09-23 18:38:27,097 - mylogger - INFO - 更新答案
2018-09-23 18:38:31,991 - mylogger - INFO - 本题结束
2018-09-23 18:38:32,011 - mylogger - INFO - 获取题目
2018-09-23 18:38:33,866 - mylogger - INFO - 第 5 题
2018-09-23 18:38:34,192 - mylogger - INFO - 哪家做出行服务的互联网公司在去年宣布进军外卖业务？
2018-09-23 18:38:35,237 - mylogger - INFO - ['腾讯', '滴滴', '小米']
2018-09-23 18:38:35,241 - mylogger - INFO - 数据库中检索答案
2018-09-23 18:38:35,241 - mylogger - INFO - 数据中无答案
2018-09-23 18:38:36,183 - mylogger - INFO - 在线检索答案：滴滴
2018-09-23 18:38:36,183 - mylogger - INFO - 我的答案：滴滴
2018-09-23 18:38:36,748 - mylogger - INFO - 选择选项
2018-09-23 18:38:39,154 - mylogger - INFO - 答案正确
2018-09-23 18:38:39,154 - mylogger - INFO - 更新答案
2018-09-23 18:38:42,923 - mylogger - INFO - 本题结束
2018-09-23 18:38:43,062 - mylogger - INFO - 本场比赛结束
2018-09-23 18:38:43,332 - mylogger - INFO - 返回游戏页面
2018-09-23 18:38:44,913 - mylogger - INFO - 进入排位赛
2018-09-23 18:38:44,914 - mylogger - INFO - 正在匹配中......
2018-09-23 18:39:32,062 - mylogger - INFO - 匹配成功
2018-09-23 18:39:32,063 - mylogger - INFO - 获取题目
2018-09-23 18:39:35,318 - mylogger - INFO - 第 1 题
2018-09-23 18:39:35,751 - mylogger - INFO - “角黍包金，菖蒲泛玉”这句诗中的“角黍”指什么?
2018-09-23 18:39:37,014 - mylogger - INFO - ['玉米', '豆角', '粽子']
2018-09-23 18:39:37,019 - mylogger - INFO - 数据库中检索答案
2018-09-23 18:39:37,020 - mylogger - INFO - 数据中无答案
2018-09-23 18:39:38,054 - mylogger - INFO - 在线检索答案：粽子
2018-09-23 18:39:38,054 - mylogger - INFO - 我的答案：粽子
2018-09-23 18:39:38,638 - mylogger - INFO - 选择选项
2018-09-23 18:39:41,263 - mylogger - INFO - 答案正确
2018-09-23 18:39:41,264 - mylogger - INFO - 更新答案
2018-09-23 18:39:43,854 - mylogger - INFO - 本题结束
2018-09-23 18:39:43,856 - mylogger - INFO - 获取题目
2018-09-23 18:39:45,808 - mylogger - INFO - 第 2 题
2018-09-23 18:39:46,251 - mylogger - INFO - 下列哪艘日本战舰不属于大和级？
2018-09-23 18:39:47,476 - mylogger - INFO - ['葛城号', '武藏号', '信浓号']
2018-09-23 18:39:47,482 - mylogger - INFO - 数据库中检索答案
2018-09-23 18:39:47,483 - mylogger - INFO - 数据中无答案
2018-09-23 18:39:48,312 - mylogger - INFO - 在线检索答案：葛城号
2018-09-23 18:39:48,312 - mylogger - INFO - 我的答案：葛城号
2018-09-23 18:39:48,923 - mylogger - INFO - 选择选项
2018-09-23 18:39:51,490 - mylogger - INFO - 答案正确
2018-09-23 18:39:51,490 - mylogger - INFO - 更新答案
2018-09-23 18:39:51,937 - mylogger - INFO - 本题结束
2018-09-23 18:39:51,939 - mylogger - INFO - 获取题目
2018-09-23 18:39:55,084 - mylogger - INFO - 第 3 题
2018-09-23 18:39:55,515 - mylogger - INFO - 在电影《食神》中，少林寺方丈的发号是什么？
2018-09-23 18:39:56,776 - mylogger - INFO - ['玄慈', '梦遗', '悟饭']
2018-09-23 18:39:56,781 - mylogger - INFO - 数据库中检索答案
2018-09-23 18:39:56,781 - mylogger - INFO - 数据中无答案
2018-09-23 18:39:58,104 - mylogger - INFO - 在线检索答案：梦遗
2018-09-23 18:39:58,104 - mylogger - INFO - 我的答案：梦遗
2018-09-23 18:39:58,696 - mylogger - INFO - 选择选项
2018-09-23 18:40:01,296 - mylogger - INFO - 答案正确
2018-09-23 18:40:01,296 - mylogger - INFO - 更新答案
2018-09-23 18:40:01,710 - mylogger - INFO - 本题结束
2018-09-23 18:40:01,711 - mylogger - INFO - 获取题目
2018-09-23 18:40:04,952 - mylogger - INFO - 第 4 题
2018-09-23 18:40:05,385 - mylogger - INFO - 烟酸缺乏可以引起以下哪种疾病？
2018-09-23 18:40:06,712 - mylogger - INFO - ['溶血病', '瘌皮病', '软骨病']
2018-09-23 18:40:06,718 - mylogger - INFO - 数据库中检索答案
2018-09-23 18:40:06,718 - mylogger - INFO - 数据中无答案
2018-09-23 18:40:07,554 - mylogger - INFO - 在线检索答案：溶血病
2018-09-23 18:40:07,554 - mylogger - INFO - 我的答案：溶血病
2018-09-23 18:40:08,216 - mylogger - INFO - 选择选项
2018-09-23 18:40:10,922 - mylogger - INFO - 答案错误
2018-09-23 18:40:11,080 - mylogger - INFO - 正确答案；瘌皮病
2018-09-23 18:40:11,081 - mylogger - INFO - 更新答案
2018-09-23 18:40:13,811 - mylogger - INFO - 本题结束
2018-09-23 18:40:13,829 - mylogger - INFO - 获取题目
2018-09-23 18:40:15,859 - mylogger - INFO - 第 5 题
2018-09-23 18:40:16,261 - mylogger - INFO - 乔布斯当年创办苹果公司时曾邀请哪家“卖糖水”公司的CEO共同创业
2018-09-23 18:40:17,552 - mylogger - INFO - ['加多宝', '可口可乐', '百事可乐']
2018-09-23 18:40:17,556 - mylogger - INFO - 数据库中检索答案
2018-09-23 18:40:17,556 - mylogger - INFO - 数据中无答案
2018-09-23 18:40:18,739 - mylogger - INFO - 在线检索答案：百事可乐
2018-09-23 18:40:18,740 - mylogger - INFO - 我的答案：百事可乐
2018-09-23 18:40:19,423 - mylogger - INFO - 选择选项
2018-09-23 18:40:21,994 - mylogger - INFO - 答案正确
2018-09-23 18:40:21,995 - mylogger - INFO - 更新答案
2018-09-23 18:40:25,879 - mylogger - INFO - 本题结束
2018-09-23 18:40:26,026 - mylogger - INFO - 本场比赛结束
2018-09-23 18:40:26,300 - mylogger - INFO - 返回游戏页面
2018-09-23 18:40:27,852 - mylogger - INFO - 进入排位赛
2018-09-23 18:40:27,853 - mylogger - INFO - 正在匹配中......
2018-09-23 18:40:38,500 - mylogger - INFO - 匹配成功
2018-09-23 18:40:38,501 - mylogger - INFO - 获取题目
2018-09-23 18:40:41,613 - mylogger - INFO - 第 1 题
2018-09-23 18:40:42,050 - mylogger - INFO - 中国的第一套邮票是什么?
2018-09-23 18:40:43,622 - mylogger - INFO - ['印花票', '"小龙"票', '"大龙"票']
2018-09-23 18:40:43,627 - mylogger - INFO - 数据库中检索答案
2018-09-23 18:40:43,628 - mylogger - INFO - 数据中无答案
2018-09-23 18:40:44,959 - mylogger - INFO - 在线检索答案：
2018-09-23 18:40:44,959 - mylogger - INFO - 我的答案：印花票
2018-09-23 18:40:45,589 - mylogger - INFO - 选择选项
2018-09-23 18:40:48,177 - mylogger - INFO - 答案错误
2018-09-23 18:40:48,462 - mylogger - INFO - 更新答案
2018-09-23 18:40:48,807 - mylogger - INFO - 本题结束
2018-09-23 18:40:48,808 - mylogger - INFO - 获取题目
2018-09-23 18:40:51,977 - mylogger - INFO - 第 2 题
2018-09-23 18:40:52,405 - mylogger - INFO - 下列哪颗行星几乎没有大气？
2018-09-23 18:40:53,722 - mylogger - INFO - ['金星', '水星', '土星']
2018-09-23 18:40:53,726 - mylogger - INFO - 数据库中检索答案
2018-09-23 18:40:53,726 - mylogger - INFO - 数据中无答案
2018-09-23 18:40:54,865 - mylogger - INFO - 在线检索答案：水星
2018-09-23 18:40:54,865 - mylogger - INFO - 我的答案：水星
2018-09-23 18:40:55,453 - mylogger - INFO - 选择选项
2018-09-23 18:40:57,958 - mylogger - INFO - 答案正确
2018-09-23 18:40:57,959 - mylogger - INFO - 更新答案
2018-09-23 18:40:59,510 - mylogger - INFO - 本题结束
2018-09-23 18:40:59,528 - mylogger - INFO - 获取题目
2018-09-23 18:41:01,572 - mylogger - INFO - 第 3 题
2018-09-23 18:41:02,015 - mylogger - INFO - 卓别林是哪国人？
2018-09-23 18:41:03,463 - mylogger - INFO - ['英国', '德国', '法国']
2018-09-23 18:41:03,468 - mylogger - INFO - 数据库中检索答案
2018-09-23 18:41:03,469 - mylogger - INFO - 数据中无答案
2018-09-23 18:41:04,515 - mylogger - INFO - 在线检索答案：英国
2018-09-23 18:41:04,515 - mylogger - INFO - 我的答案：英国
2018-09-23 18:41:05,169 - mylogger - INFO - 选择选项
2018-09-23 18:41:07,758 - mylogger - INFO - 答案正确
2018-09-23 18:41:07,759 - mylogger - INFO - 更新答案
2018-09-23 18:41:08,273 - mylogger - INFO - 本题结束
2018-09-23 18:41:08,298 - mylogger - INFO - 获取题目
2018-09-23 18:41:10,452 - mylogger - INFO - 第 4 题
2018-09-23 18:41:10,874 - mylogger - INFO - SHE出道于哪一年？
2018-09-23 18:41:12,130 - mylogger - INFO - ['2003年', '2002年', '2001年']
2018-09-23 18:41:12,135 - mylogger - INFO - 数据库中检索答案
2018-09-23 18:41:12,135 - mylogger - INFO - 数据中无答案
2018-09-23 18:41:13,630 - mylogger - INFO - 在线检索答案：2001年
2018-09-23 18:41:13,631 - mylogger - INFO - 我的答案：2001年
2018-09-23 18:41:14,362 - mylogger - INFO - 选择选项
2018-09-23 18:41:16,960 - mylogger - INFO - 答案正确
2018-09-23 18:41:16,960 - mylogger - INFO - 更新答案
2018-09-23 18:41:17,361 - mylogger - INFO - 本题结束
2018-09-23 18:41:17,363 - mylogger - INFO - 获取题目
2018-09-23 18:41:20,520 - mylogger - INFO - 第 5 题
2018-09-23 18:41:20,935 - mylogger - INFO - 真核细胞中脂类分子合成的主要场所是
2018-09-23 18:41:22,180 - mylogger - INFO - ['内质网', '高尔基体', '溶酶体']
2018-09-23 18:41:22,183 - mylogger - INFO - 数据库中检索答案
2018-09-23 18:41:22,183 - mylogger - INFO - 数据中无答案
2018-09-23 18:41:23,250 - mylogger - INFO - 在线检索答案：内质网
2018-09-23 18:41:23,251 - mylogger - INFO - 我的答案：内质网
2018-09-23 18:41:23,899 - mylogger - INFO - 选择选项
2018-09-23 18:41:26,466 - mylogger - INFO - 答案正确
2018-09-23 18:41:26,467 - mylogger - INFO - 更新答案
2018-09-23 18:41:31,436 - mylogger - INFO - 本题结束
2018-09-23 18:41:31,636 - mylogger - INFO - 本场比赛结束
2018-09-23 18:41:31,913 - mylogger - INFO - 返回游戏页面
2018-09-23 18:41:33,446 - mylogger - INFO - 进入排位赛
2018-09-23 18:41:33,446 - mylogger - INFO - 正在匹配中......
2018-09-23 18:42:02,993 - mylogger - INFO - 匹配成功
2018-09-23 18:42:02,993 - mylogger - INFO - 获取题目
2018-09-23 18:42:06,294 - mylogger - INFO - 第 1 题
2018-09-23 18:42:06,732 - mylogger - INFO - Dior Beauty 的全球首位亚洲代言人是谁？
2018-09-23 18:42:08,089 - mylogger - INFO - ['石原里美', 'Angelababy', '水原希子']
2018-09-23 18:42:08,093 - mylogger - INFO - 数据库中检索答案
2018-09-23 18:42:08,093 - mylogger - INFO - 数据中无答案
2018-09-23 18:42:09,189 - mylogger - INFO - 在线检索答案：水原希子
2018-09-23 18:42:09,189 - mylogger - INFO - 我的答案：水原希子
2018-09-23 18:42:09,937 - mylogger - INFO - 选择选项
2018-09-23 18:42:12,538 - mylogger - INFO - 答案正确
2018-09-23 18:42:12,539 - mylogger - INFO - 更新答案
2018-09-23 18:42:12,928 - mylogger - INFO - 本题结束
2018-09-23 18:42:12,930 - mylogger - INFO - 获取题目
2018-09-23 18:42:16,161 - mylogger - INFO - 第 2 题
2018-09-23 18:42:16,574 - mylogger - INFO - 下列电影中，哪部由陈凯歌的儿子陈飞宇主演？
2018-09-23 18:42:17,925 - mylogger - INFO - ['《悟空传》', '《秘果》', '《妖猫传》']
2018-09-23 18:42:17,929 - mylogger - INFO - 数据库中检索答案
2018-09-23 18:42:17,929 - mylogger - INFO - 数据中无答案
2018-09-23 18:42:19,158 - mylogger - INFO - 在线检索答案：《秘果》
2018-09-23 18:42:19,158 - mylogger - INFO - 我的答案：《秘果》
2018-09-23 18:42:19,782 - mylogger - INFO - 选择选项
2018-09-23 18:42:22,304 - mylogger - INFO - 答案正确
2018-09-23 18:42:22,305 - mylogger - INFO - 更新答案
2018-09-23 18:42:22,867 - mylogger - INFO - 本题结束
2018-09-23 18:42:22,869 - mylogger - INFO - 获取题目
2018-09-23 18:42:26,027 - mylogger - INFO - 第 3 题
2018-09-23 18:42:26,438 - mylogger - INFO - 在《海绵宝宝》中，动画角色“章鱼哥”的乐器是什么？
2018-09-23 18:42:27,754 - mylogger - INFO - ['萨克斯', '小提琴', '单簧管']
2018-09-23 18:42:27,758 - mylogger - INFO - 数据库中检索答案
2018-09-23 18:42:27,759 - mylogger - INFO - 数据中无答案
2018-09-23 18:42:28,904 - mylogger - INFO - 在线检索答案：
2018-09-23 18:42:28,905 - mylogger - INFO - 我的答案：萨克斯
2018-09-23 18:42:29,517 - mylogger - INFO - 选择选项
2018-09-23 18:42:32,134 - mylogger - INFO - 答案错误
2018-09-23 18:42:32,394 - mylogger - INFO - 更新答案
2018-09-23 18:42:32,800 - mylogger - INFO - 本题结束
2018-09-23 18:42:32,801 - mylogger - INFO - 获取题目
2018-09-23 18:42:35,999 - mylogger - INFO - 第 4 题
2018-09-23 18:42:36,389 - mylogger - INFO - 最早期的热气球是用来做什么的？
2018-09-23 18:42:37,760 - mylogger - INFO - [' 空中监视', '旅行', '气象探测']
2018-09-23 18:42:37,763 - mylogger - INFO - 数据库中检索答案
2018-09-23 18:42:37,765 - mylogger - INFO - 数据中无答案
2018-09-23 18:42:38,817 - mylogger - INFO - 在线检索答案：旅行
2018-09-23 18:42:38,817 - mylogger - INFO - 我的答案：旅行
2018-09-23 18:42:39,446 - mylogger - INFO - 选择选项
2018-09-23 18:42:42,082 - mylogger - INFO - 答案错误
2018-09-23 18:42:42,295 - mylogger - INFO - 正确答案； 空中监视
2018-09-23 18:42:42,296 - mylogger - INFO - 更新答案
2018-09-23 18:42:42,703 - mylogger - INFO - 本题结束
2018-09-23 18:42:42,705 - mylogger - INFO - 获取题目
2018-09-23 18:42:44,737 - mylogger - INFO - 第 5 题
2018-09-23 18:42:45,179 - mylogger - INFO - 恐龙英文名是什么？
2018-09-23 18:42:46,418 - mylogger - INFO - ['konglong', 'konglseg', 'Dinosaur']
2018-09-23 18:42:46,422 - mylogger - INFO - 数据库中检索答案
2018-09-23 18:42:46,423 - mylogger - INFO - 数据中无答案
2018-09-23 18:42:47,282 - mylogger - INFO - 在线检索答案：Dinosaur
2018-09-23 18:42:47,282 - mylogger - INFO - 我的答案：Dinosaur
2018-09-23 18:42:47,962 - mylogger - INFO - 选择选项
2018-09-23 18:43:54,212 - mylogger - INFO - 进入排位赛
2018-09-23 18:43:54,213 - mylogger - INFO - 正在匹配中......
2018-09-23 18:44:36,666 - mylogger - INFO - 匹配成功
2018-09-23 18:44:36,668 - mylogger - INFO - 获取题目
2018-09-23 18:44:40,099 - mylogger - INFO - 第 1 题
2018-09-23 18:44:40,495 - mylogger - INFO - 世界上最早的专业化公共消防队诞生于我国哪个朝代?
2018-09-23 18:44:41,899 - mylogger - INFO - ['明代', '宋代', '清代']
2018-09-23 18:44:42,573 - mylogger - INFO - 数据库中检索答案
2018-09-23 18:44:42,573 - mylogger - INFO - 数据中无答案
2018-09-23 18:44:43,550 - mylogger - INFO - 在线检索答案：宋代
2018-09-23 18:44:43,550 - mylogger - INFO - 我的答案：宋代
2018-09-23 18:44:44,219 - mylogger - INFO - 选择选项
2018-09-23 18:44:46,755 - mylogger - INFO - 答案正确
2018-09-23 18:44:46,756 - mylogger - INFO - 更新答案
2018-09-23 18:44:47,251 - mylogger - INFO - 本题结束
2018-09-23 18:44:47,268 - mylogger - INFO - 获取题目
2018-09-23 18:44:50,511 - mylogger - INFO - 第 2 题
2018-09-23 18:44:51,024 - mylogger - INFO - 松滋侯”是什么的雅号或戏称
2018-09-23 18:44:52,197 - mylogger - INFO - ['墨', '砚', '纸']
2018-09-23 18:44:52,200 - mylogger - INFO - 数据库中检索答案
2018-09-23 18:44:52,201 - mylogger - INFO - 数据中无答案
2018-09-23 18:44:53,028 - mylogger - INFO - 在线检索答案：墨
2018-09-23 18:44:53,028 - mylogger - INFO - 我的答案：墨
2018-09-23 18:44:53,655 - mylogger - INFO - 选择选项
2018-09-23 18:44:56,222 - mylogger - INFO - 答案正确
2018-09-23 18:44:56,222 - mylogger - INFO - 更新答案
2018-09-23 18:44:56,563 - mylogger - INFO - 本题结束
2018-09-23 18:44:56,565 - mylogger - INFO - 获取题目
2018-09-23 18:44:59,877 - mylogger - INFO - 第 3 题
2018-09-23 18:45:00,280 - mylogger - INFO - 我国古代诗歌史上被称为“双璧”是《孔雀东南飞》和另外哪一篇
2018-09-23 18:45:01,512 - mylogger - INFO - ['《木兰诗》', '《木兰辞》', '《离骚》']
2018-09-23 18:45:01,516 - mylogger - INFO - 数据库中检索答案
2018-09-23 18:45:01,517 - mylogger - INFO - 数据中无答案
2018-09-23 18:45:02,690 - mylogger - INFO - 在线检索答案：《木兰诗》
2018-09-23 18:45:02,690 - mylogger - INFO - 我的答案：《木兰诗》
2018-09-23 18:45:03,344 - mylogger - INFO - 选择选项
2018-09-23 18:45:05,840 - mylogger - INFO - 答案正确
2018-09-23 18:45:05,841 - mylogger - INFO - 更新答案
2018-09-23 18:45:06,341 - mylogger - INFO - 本题结束
2018-09-23 18:45:06,342 - mylogger - INFO - 获取题目
2018-09-23 18:45:09,561 - mylogger - INFO - 第 4 题
2018-09-23 18:45:09,971 - mylogger - INFO - 以下哪个导演不属于法国电影“左岸派”？
2018-09-23 18:45:11,252 - mylogger - INFO - 数据库中检索答案
2018-09-23 18:45:11,252 - mylogger - INFO - 数据中无答案
2018-09-23 18:45:13,352 - mylogger - INFO - 选择选项
2018-09-23 18:45:16,032 - mylogger - INFO - 答案错误
2018-09-23 18:45:16,335 - mylogger - INFO - 更新答案
2018-09-23 18:45:19,049 - mylogger - INFO - 本题结束
2018-09-23 18:45:19,050 - mylogger - INFO - 获取题目
2018-09-23 18:45:20,987 - mylogger - INFO - 第 5 题
2018-09-23 18:45:21,381 - mylogger - INFO - 从风的分类来讲，3级风属于什么风？
2018-09-23 18:45:22,693 - mylogger - INFO - ['软风', '轻风', '微风']
2018-09-23 18:45:22,698 - mylogger - INFO - 数据库中检索答案
2018-09-23 18:45:22,699 - mylogger - INFO - 数据中无答案
2018-09-23 18:45:23,848 - mylogger - INFO - 在线检索答案：微风
2018-09-23 18:45:23,848 - mylogger - INFO - 我的答案：微风
2018-09-23 18:45:24,553 - mylogger - INFO - 选择选项
2018-09-23 18:45:27,136 - mylogger - INFO - 答案正确
2018-09-23 18:45:27,137 - mylogger - INFO - 更新答案
2018-09-23 18:45:31,197 - mylogger - INFO - 本题结束
2018-09-23 18:45:31,354 - mylogger - INFO - 本场比赛结束
2018-09-23 18:45:31,621 - mylogger - INFO - 返回游戏页面
2018-09-23 18:45:33,222 - mylogger - INFO - 进入排位赛
2018-09-23 18:45:33,223 - mylogger - INFO - 正在匹配中......
2018-09-23 18:45:50,654 - mylogger - INFO - 匹配成功
2018-09-23 18:45:50,655 - mylogger - INFO - 获取题目
2018-09-23 18:45:53,880 - mylogger - INFO - 第 1 题
2018-09-23 18:45:54,328 - mylogger - INFO - 漫画作品《银魂》中的男主角是谁？
2018-09-23 18:45:55,738 - mylogger - INFO - ['坂田银时', '坂田金时', '坂田三木']
2018-09-23 18:45:55,742 - mylogger - INFO - 数据库中检索答案
2018-09-23 18:45:55,743 - mylogger - INFO - 数据中无答案
2018-09-23 18:45:56,875 - mylogger - INFO - 在线检索答案：坂田银时
2018-09-23 18:45:56,875 - mylogger - INFO - 我的答案：坂田银时
2018-09-23 18:45:57,564 - mylogger - INFO - 选择选项
2018-09-23 18:46:00,110 - mylogger - INFO - 答案正确
2018-09-23 18:46:00,111 - mylogger - INFO - 更新答案
2018-09-23 18:46:00,616 - mylogger - INFO - 本题结束
2018-09-23 18:46:00,617 - mylogger - INFO - 获取题目
2018-09-23 18:46:03,823 - mylogger - INFO - 第 2 题
2018-09-23 18:46:04,224 - mylogger - INFO - “九局下半”是哪项体育运动的专有名词？
2018-09-23 18:46:05,562 - mylogger - INFO - ['羽毛球', '台球', '棒球']
2018-09-23 18:46:05,566 - mylogger - INFO - 数据库中检索答案
2018-09-23 18:46:05,567 - mylogger - INFO - 数据中无答案
2018-09-23 18:46:06,901 - mylogger - INFO - 在线检索答案：棒球
2018-09-23 18:46:06,901 - mylogger - INFO - 我的答案：棒球
2018-09-23 18:46:07,607 - mylogger - INFO - 选择选项
2018-09-23 18:46:10,162 - mylogger - INFO - 答案正确
2018-09-23 18:46:10,163 - mylogger - INFO - 更新答案
2018-09-23 18:46:10,630 - mylogger - INFO - 本题结束
2018-09-23 18:46:10,631 - mylogger - INFO - 获取题目
2018-09-23 18:46:13,931 - mylogger - INFO - 第 3 题
2018-09-23 18:46:14,376 - mylogger - INFO - 在电影《海角七号》中，戏里面的乐队主唱是谁？
2018-09-23 18:46:15,688 - mylogger - INFO - ['阿信', '叶峰', '阿嘉']
2018-09-23 18:46:15,692 - mylogger - INFO - 数据库中检索答案
2018-09-23 18:46:15,693 - mylogger - INFO - 数据中无答案
2018-09-23 18:46:16,459 - mylogger - INFO - 在线检索答案：
2018-09-23 18:46:16,459 - mylogger - INFO - 我的答案：阿信
2018-09-23 18:46:17,130 - mylogger - INFO - 选择选项
2018-09-23 18:46:19,763 - mylogger - INFO - 答案错误
2018-09-23 18:46:20,060 - mylogger - INFO - 更新答案
2018-09-23 18:46:20,537 - mylogger - INFO - 本题结束
2018-09-23 18:46:20,538 - mylogger - INFO - 获取题目
2018-09-23 18:46:22,543 - mylogger - INFO - 第 4 题
2018-09-23 18:46:22,951 - mylogger - INFO - 雅诗兰黛是哪个国家的品牌？
2018-09-23 18:46:24,469 - mylogger - INFO - ['法国', '西班牙', '美国']
2018-09-23 18:46:24,473 - mylogger - INFO - 数据库中检索答案
2018-09-23 18:46:24,474 - mylogger - INFO - 数据中无答案
2018-09-23 18:46:25,775 - mylogger - INFO - 在线检索答案：美国
2018-09-23 18:46:25,775 - mylogger - INFO - 我的答案：美国
2018-09-23 18:46:26,382 - mylogger - INFO - 选择选项
2018-09-23 18:46:28,930 - mylogger - INFO - 答案正确
2018-09-23 18:46:28,930 - mylogger - INFO - 更新答案
2018-09-23 18:46:29,370 - mylogger - INFO - 本题结束
2018-09-23 18:46:29,372 - mylogger - INFO - 获取题目
2018-09-23 18:46:32,721 - mylogger - INFO - 第 5 题
2018-09-23 18:46:33,125 - mylogger - INFO - 农历正月初六又称？
2018-09-23 18:46:34,640 - mylogger - INFO - ['鸡日', '人日', '马日']
2018-09-23 18:46:34,644 - mylogger - INFO - 数据库中检索答案
2018-09-23 18:46:34,644 - mylogger - INFO - 数据中无答案
2018-09-23 18:46:35,797 - mylogger - INFO - 在线检索答案：马日
2018-09-23 18:46:35,797 - mylogger - INFO - 我的答案：马日
2018-09-23 18:46:36,437 - mylogger - INFO - 选择选项
2018-09-23 18:47:57,115 - mylogger - INFO - 进入排位赛失败
2018-09-23 18:47:57,415 - mylogger - INFO - 返回游戏页面
2018-09-23 18:48:08,854 - mylogger - INFO - 进入排位赛失败
2018-09-23 18:48:09,177 - mylogger - INFO - 返回游戏页面
2018-09-23 18:48:20,875 - mylogger - INFO - 进入排位赛失败
2018-09-23 18:48:21,138 - mylogger - INFO - 返回游戏页面
2018-09-23 18:48:32,546 - mylogger - INFO - 进入排位赛失败
2018-09-23 18:48:32,825 - mylogger - INFO - 返回游戏页面
2018-09-23 18:48:38,514 - mylogger - INFO - 进入排位赛
2018-09-23 18:48:38,514 - mylogger - INFO - 正在匹配中......
2018-09-23 18:48:51,790 - mylogger - INFO - 匹配成功
2018-09-23 18:48:51,791 - mylogger - INFO - 获取题目
2018-09-23 18:48:54,909 - mylogger - INFO - 第 1 题
2018-09-23 18:48:55,307 - mylogger - INFO - 施华洛世奇这个品牌是如何命名的？
2018-09-23 18:48:56,518 - mylogger - INFO - ['创始人名字', '水晶材质名称', '创始人妻子名字']
2018-09-23 18:48:56,523 - mylogger - INFO - 数据库中检索答案
2018-09-23 18:48:56,523 - mylogger - INFO - 数据中无答案
2018-09-23 18:48:57,546 - mylogger - INFO - 在线检索答案：
2018-09-23 18:48:57,546 - mylogger - INFO - 我的答案：创始人名字
2018-09-23 18:48:58,169 - mylogger - INFO - 选择选项
2018-09-23 18:49:00,727 - mylogger - INFO - 答案正确
2018-09-23 18:49:00,728 - mylogger - INFO - 更新答案
2018-09-23 18:49:03,456 - mylogger - INFO - 本题结束
2018-09-23 18:49:03,457 - mylogger - INFO - 获取题目
2018-09-23 18:49:06,652 - mylogger - INFO - 第 2 题
2018-09-23 18:49:07,047 - mylogger - INFO - 《歌代啸》的作者是
2018-09-23 18:49:08,309 - mylogger - INFO - ['马致远', '郑光祖', '徐渭']
2018-09-23 18:49:08,313 - mylogger - INFO - 数据库中检索答案
2018-09-23 18:49:08,314 - mylogger - INFO - 数据中无答案
2018-09-23 18:49:09,157 - mylogger - INFO - 在线检索答案：徐渭
2018-09-23 18:49:09,158 - mylogger - INFO - 我的答案：徐渭
2018-09-23 18:49:09,853 - mylogger - INFO - 选择选项
2018-09-23 18:49:12,416 - mylogger - INFO - 答案正确
2018-09-23 18:49:12,417 - mylogger - INFO - 更新答案
2018-09-23 18:49:13,987 - mylogger - INFO - 本题结束
2018-09-23 18:49:13,990 - mylogger - INFO - 获取题目
2018-09-23 18:49:17,191 - mylogger - INFO - 第 3 题
2018-09-23 18:49:17,588 - mylogger - INFO - 桂花蛋是哪个地方的食物？
2018-09-23 18:49:18,895 - mylogger - INFO - ['江苏', '河南', '浙江']
2018-09-23 18:49:18,901 - mylogger - INFO - 数据库中检索答案
2018-09-23 18:49:18,902 - mylogger - INFO - 数据中无答案
2018-09-23 18:49:20,052 - mylogger - INFO - 在线检索答案：河南
2018-09-23 18:49:20,052 - mylogger - INFO - 我的答案：河南
2018-09-23 18:49:20,727 - mylogger - INFO - 选择选项
2018-09-23 18:49:23,348 - mylogger - INFO - 答案正确
2018-09-23 18:49:23,349 - mylogger - INFO - 更新答案
2018-09-23 18:49:23,854 - mylogger - INFO - 本题结束
2018-09-23 18:49:23,856 - mylogger - INFO - 获取题目
2018-09-23 18:49:26,100 - mylogger - INFO - 第 4 题
2018-09-23 18:49:26,519 - mylogger - INFO - 1969年到1972年阿波罗登月成功几次？
2018-09-23 18:49:27,783 - mylogger - INFO - ['8次', '7次', '6次']
2018-09-23 18:49:27,787 - mylogger - INFO - 数据库中检索答案
2018-09-23 18:49:27,788 - mylogger - INFO - 数据中无答案
2018-09-23 18:49:28,729 - mylogger - INFO - 在线检索答案：6次
2018-09-23 18:49:28,729 - mylogger - INFO - 我的答案：6次
2018-09-23 18:49:29,396 - mylogger - INFO - 选择选项
2018-09-23 18:49:32,024 - mylogger - INFO - 答案正确
2018-09-23 18:49:32,025 - mylogger - INFO - 更新答案
2018-09-23 18:49:32,420 - mylogger - INFO - 本题结束
2018-09-23 18:49:32,421 - mylogger - INFO - 获取题目
2018-09-23 18:49:35,596 - mylogger - INFO - 第 5 题
2018-09-23 18:49:35,972 - mylogger - INFO - 哪个国家举办了第一个“国际气象节”？
2018-09-23 18:49:37,213 - mylogger - INFO - ['美国', '英国', '法国']
2018-09-23 18:49:37,217 - mylogger - INFO - 数据库中检索答案
2018-09-23 18:49:37,218 - mylogger - INFO - 数据中无答案
2018-09-23 18:49:38,279 - mylogger - INFO - 在线检索答案：法国
2018-09-23 18:49:38,280 - mylogger - INFO - 我的答案：法国
2018-09-23 18:49:38,920 - mylogger - INFO - 选择选项
2018-09-23 18:49:41,564 - mylogger - INFO - 答案正确
2018-09-23 18:49:41,564 - mylogger - INFO - 更新答案
2018-09-23 18:49:42,051 - mylogger - INFO - 本题结束
2018-09-23 18:49:42,254 - mylogger - INFO - 本场比赛结束
2018-09-23 18:49:42,784 - mylogger - INFO - 返回游戏页面
2018-09-23 18:49:44,441 - mylogger - INFO - 进入排位赛
2018-09-23 18:49:44,442 - mylogger - INFO - 正在匹配中......
2018-09-23 18:49:51,697 - mylogger - INFO - 匹配成功
2018-09-23 18:49:51,698 - mylogger - INFO - 获取题目
2018-09-23 18:49:54,985 - mylogger - INFO - 第 1 题
2018-09-23 18:49:55,384 - mylogger - INFO - 垂柳可以吸收有害气体 问这种有害气体是什么?
2018-09-23 18:49:56,561 - mylogger - INFO - ['硫化氢', '二氧化硫', '二氧化碳']
2018-09-23 18:49:56,565 - mylogger - INFO - 数据库中检索答案
2018-09-23 18:49:56,565 - mylogger - INFO - 数据中无答案
2018-09-23 18:49:57,389 - mylogger - INFO - 在线检索答案：二氧化硫
2018-09-23 18:49:57,390 - mylogger - INFO - 我的答案：二氧化硫
2018-09-23 18:49:58,077 - mylogger - INFO - 选择选项
2018-09-23 18:50:00,597 - mylogger - INFO - 答案正确
2018-09-23 18:50:00,597 - mylogger - INFO - 更新答案
2018-09-23 18:50:02,170 - mylogger - INFO - 本题结束
2018-09-23 18:50:02,171 - mylogger - INFO - 获取题目
2018-09-23 18:50:05,350 - mylogger - INFO - 第 2 题
2018-09-23 18:50:05,745 - mylogger - INFO - “扭伤后不能揉”最合理的解释是？
2018-09-23 18:50:06,955 - mylogger - INFO - ['手上有细菌', '会让伤口发肿', '以便确定骨伤范围']
2018-09-23 18:50:06,959 - mylogger - INFO - 数据库中检索答案
2018-09-23 18:50:06,959 - mylogger - INFO - 数据中无答案
2018-09-23 18:50:08,182 - mylogger - INFO - 在线检索答案：手上有细菌
2018-09-23 18:50:08,182 - mylogger - INFO - 我的答案：手上有细菌
2018-09-23 18:50:08,869 - mylogger - INFO - 选择选项
2018-09-23 18:50:11,493 - mylogger - INFO - 答案错误
2018-09-23 18:50:11,634 - mylogger - INFO - 正确答案；会让伤口发肿
2018-09-23 18:50:11,634 - mylogger - INFO - 更新答案
2018-09-23 18:50:15,542 - mylogger - INFO - 本题结束
2018-09-23 18:50:15,543 - mylogger - INFO - 获取题目
2018-09-23 18:50:17,496 - mylogger - INFO - 第 3 题
2018-09-23 18:50:17,897 - mylogger - INFO - 第一届春节联欢晚会是什么年？
2018-09-23 18:50:19,250 - mylogger - INFO - ['猪年', '虎年', '牛年']
2018-09-23 18:50:19,254 - mylogger - INFO - 数据库中检索答案
2018-09-23 18:50:19,254 - mylogger - INFO - 数据中无答案
2018-09-23 18:50:20,347 - mylogger - INFO - 在线检索答案：猪年
2018-09-23 18:50:20,348 - mylogger - INFO - 我的答案：猪年
2018-09-23 18:50:21,010 - mylogger - INFO - 选择选项
2018-09-23 18:50:23,610 - mylogger - INFO - 答案正确
2018-09-23 18:50:23,611 - mylogger - INFO - 更新答案
2018-09-23 18:50:24,147 - mylogger - INFO - 本题结束
2018-09-23 18:50:24,148 - mylogger - INFO - 获取题目
2018-09-23 18:50:30,874 - mylogger - INFO - 第 4 题
2018-09-23 18:50:31,276 - mylogger - INFO - 截至2017年，下列哪一部漫画没有同名影视作品？
2018-09-23 18:50:32,502 - mylogger - INFO - ['三生三世十里桃花', '魁拔', '绝世武神']
2018-09-23 18:50:32,506 - mylogger - INFO - 数据库中检索答案
2018-09-23 18:50:32,506 - mylogger - INFO - 数据中无答案
2018-09-23 18:50:33,577 - mylogger - INFO - 在线检索答案：
2018-09-23 18:50:33,577 - mylogger - INFO - 我的答案：三生三世十里桃花
2018-09-23 18:50:34,155 - mylogger - INFO - 选择选项
2018-09-23 18:50:36,684 - mylogger - INFO - 答案错误
2018-09-23 18:50:37,022 - mylogger - INFO - 正确答案；绝世武神
2018-09-23 18:50:37,023 - mylogger - INFO - 更新答案
2018-09-23 18:50:37,473 - mylogger - INFO - 本题结束
2018-09-23 18:50:37,473 - mylogger - INFO - 获取题目
2018-09-23 18:50:39,526 - mylogger - INFO - 第 5 题
2018-09-23 18:50:39,912 - mylogger - INFO - 名句“空独倚东风”的下一句是？
2018-09-23 18:50:41,223 - mylogger - INFO - ['芳思谁寄', '亭亭明月低', '亭亭明月底']
2018-09-23 18:50:41,227 - mylogger - INFO - 数据库中检索答案
2018-09-23 18:50:41,228 - mylogger - INFO - 数据中无答案
2018-09-23 18:50:43,207 - mylogger - INFO - 在线检索答案：芳思谁寄
2018-09-23 18:50:43,207 - mylogger - INFO - 我的答案：芳思谁寄
2018-09-23 18:50:43,805 - mylogger - INFO - 选择选项
2018-09-23 18:50:46,318 - mylogger - INFO - 答案正确
2018-09-23 18:50:46,319 - mylogger - INFO - 更新答案
2018-09-23 18:50:51,377 - mylogger - INFO - 本题结束
2018-09-23 18:50:51,503 - mylogger - INFO - 本场比赛结束
2018-09-23 18:50:51,775 - mylogger - INFO - 返回游戏页面
2018-09-23 18:50:53,411 - mylogger - INFO - 进入排位赛
2018-09-23 18:50:53,412 - mylogger - INFO - 正在匹配中......
2018-09-23 18:51:09,453 - mylogger - INFO - 匹配成功
2018-09-23 18:51:09,453 - mylogger - INFO - 获取题目
2018-09-23 18:51:11,557 - mylogger - INFO - 第 1 题
2018-09-23 18:51:11,968 - mylogger - INFO - 总怕别人不知道自己是谁，喜欢把头衔写在脑门上的家伙是？
2018-09-23 18:51:13,148 - mylogger - INFO - ['老虎', '袋鼠', '企鹅']
2018-09-23 18:51:13,153 - mylogger - INFO - 数据库中检索答案
2018-09-23 18:51:13,154 - mylogger - INFO - 数据中无答案
2018-09-23 18:51:14,119 - mylogger - INFO - 在线检索答案：袋鼠
2018-09-23 18:51:14,139 - mylogger - INFO - 我的答案：袋鼠
2018-09-23 18:51:14,755 - mylogger - INFO - 选择选项
2018-09-23 18:51:17,254 - mylogger - INFO - 答案错误
2018-09-23 18:51:17,469 - mylogger - INFO - 正确答案；老虎
2018-09-23 18:51:17,470 - mylogger - INFO - 更新答案
2018-09-23 18:51:17,969 - mylogger - INFO - 本题结束
2018-09-23 18:51:17,969 - mylogger - INFO - 获取题目
2018-09-23 18:51:21,096 - mylogger - INFO - 第 2 题
2018-09-23 18:51:21,504 - mylogger - INFO - 英语“耳朵”的单词是？
2018-09-23 18:51:22,797 - mylogger - INFO - ['eye', 'ear', 'eat']
2018-09-23 18:51:22,802 - mylogger - INFO - 数据库中检索答案
2018-09-23 18:51:22,802 - mylogger - INFO - 数据中无答案
2018-09-23 18:51:24,168 - mylogger - INFO - 在线检索答案：ear
2018-09-23 18:51:24,169 - mylogger - INFO - 我的答案：ear
2018-09-23 18:51:24,803 - mylogger - INFO - 选择选项
2018-09-23 18:51:27,418 - mylogger - INFO - 答案正确
2018-09-23 18:51:27,419 - mylogger - INFO - 更新答案
2018-09-23 18:51:27,824 - mylogger - INFO - 本题结束
2018-09-23 18:51:27,825 - mylogger - INFO - 获取题目
2018-09-23 18:51:30,901 - mylogger - INFO - 第 3 题
2018-09-23 18:51:31,311 - mylogger - INFO - 具有降血脂和防癌功能的植物是？
2018-09-23 18:51:32,700 - mylogger - INFO - ['生姜', '葱', '大蒜']
2018-09-23 18:51:32,706 - mylogger - INFO - 数据库中检索答案
2018-09-23 18:51:32,707 - mylogger - INFO - 数据中无答案
2018-09-23 18:51:34,200 - mylogger - INFO - 在线检索答案：生姜
2018-09-23 18:51:34,200 - mylogger - INFO - 我的答案：生姜
2018-09-23 18:51:34,880 - mylogger - INFO - 选择选项
2018-09-23 18:51:37,405 - mylogger - INFO - 答案错误
2018-09-23 18:51:37,793 - mylogger - INFO - 正确答案；大蒜
2018-09-23 18:51:37,793 - mylogger - INFO - 更新答案
2018-09-23 18:51:38,191 - mylogger - INFO - 本题结束
2018-09-23 18:51:38,192 - mylogger - INFO - 获取题目
2018-09-23 18:51:41,329 - mylogger - INFO - 第 4 题
2018-09-23 18:51:41,727 - mylogger - INFO - 哈密瓜24元一个，小明和小红分享一个瓜，他们一共花了多少钱？
2018-09-23 18:51:42,966 - mylogger - INFO - ['12元', '24元', '36元']
2018-09-23 18:51:42,970 - mylogger - INFO - 数据库中检索答案
2018-09-23 18:51:42,970 - mylogger - INFO - 数据中无答案
2018-09-23 18:51:44,234 - mylogger - INFO - 在线检索答案：24元
2018-09-23 18:51:44,234 - mylogger - INFO - 我的答案：24元
2018-09-23 18:51:44,981 - mylogger - INFO - 选择选项
2018-09-23 18:51:47,523 - mylogger - INFO - 答案正确
2018-09-23 18:51:47,523 - mylogger - INFO - 更新答案
2018-09-23 18:51:47,954 - mylogger - INFO - 本题结束
2018-09-23 18:51:47,955 - mylogger - INFO - 获取题目
2018-09-23 18:51:51,118 - mylogger - INFO - 第 5 题
2018-09-23 18:51:51,518 - mylogger - INFO - 36米等于多少毫米？
2018-09-23 18:51:52,754 - mylogger - INFO - ['36000毫米', '360000毫米', '3600000毫米']
2018-09-23 18:51:52,758 - mylogger - INFO - 数据库中检索答案
2018-09-23 18:51:52,758 - mylogger - INFO - 数据中无答案
2018-09-23 18:51:54,089 - mylogger - INFO - 在线检索答案：
2018-09-23 18:51:54,089 - mylogger - INFO - 我的答案：36000毫米
2018-09-23 18:51:54,739 - mylogger - INFO - 选择选项
2018-09-23 18:51:57,252 - mylogger - INFO - 答案正确
2018-09-23 18:51:57,253 - mylogger - INFO - 更新答案
2018-09-23 18:51:58,955 - mylogger - INFO - 本题结束
2018-09-23 18:51:59,107 - mylogger - INFO - 本场比赛结束
2018-09-23 18:51:59,375 - mylogger - INFO - 返回游戏页面
2018-09-23 18:52:00,968 - mylogger - INFO - 进入排位赛
2018-09-23 18:52:00,968 - mylogger - INFO - 正在匹配中......
2018-09-23 18:52:18,654 - mylogger - INFO - 匹配成功
2018-09-23 18:52:18,655 - mylogger - INFO - 获取题目
2018-09-23 18:52:20,820 - mylogger - INFO - 第 1 题
2018-09-23 18:52:21,224 - mylogger - INFO - 足球中，选位和盯人属于哪种战术？
2018-09-23 18:52:22,427 - mylogger - INFO - ['集体进攻战术', '个人进攻战术', '个人防守战术']
2018-09-23 18:52:22,432 - mylogger - INFO - 数据库中检索答案
2018-09-23 18:52:22,432 - mylogger - INFO - 数据中无答案
2018-09-23 18:52:23,565 - mylogger - INFO - 在线检索答案：个人防守战术
2018-09-23 18:52:23,565 - mylogger - INFO - 我的答案：个人防守战术
2018-09-23 18:52:24,178 - mylogger - INFO - 选择选项
2018-09-23 18:52:26,782 - mylogger - INFO - 答案正确
2018-09-23 18:52:26,783 - mylogger - INFO - 更新答案
2018-09-23 18:52:31,741 - mylogger - INFO - 本题结束
2018-09-23 18:52:31,743 - mylogger - INFO - 获取题目
2018-09-23 18:52:33,763 - mylogger - INFO - 第 2 题
2018-09-23 18:52:34,161 - mylogger - INFO - 端午节大人为小孩香囊，放朱砂、雄黄、香药等代表的意义是什么?
2018-09-23 18:52:35,360 - mylogger - INFO - ['吉祥', '驱邪避瘟', '治病防身']
2018-09-23 18:52:35,365 - mylogger - INFO - 数据库中检索答案
2018-09-23 18:52:35,365 - mylogger - INFO - 数据中无答案
2018-09-23 18:52:36,529 - mylogger - INFO - 在线检索答案：吉祥
2018-09-23 18:52:36,529 - mylogger - INFO - 我的答案：吉祥
2018-09-23 18:52:37,136 - mylogger - INFO - 选择选项
2018-09-23 18:52:39,694 - mylogger - INFO - 答案错误
2018-09-23 18:52:39,904 - mylogger - INFO - 正确答案；驱邪避瘟
2018-09-23 18:52:39,904 - mylogger - INFO - 更新答案
2018-09-23 18:52:40,089 - mylogger - INFO - 本题结束
2018-09-23 18:52:40,091 - mylogger - INFO - 获取题目
2018-09-23 18:52:43,423 - mylogger - INFO - 第 3 题
2018-09-23 18:52:43,824 - mylogger - INFO - 某医院的医生每天接诊205名患者，请问工作五天共接诊了多少名患者？
2018-09-23 18:52:45,104 - mylogger - INFO - ['925名', '1025名', '1250名']
2018-09-23 18:52:45,109 - mylogger - INFO - 数据库中检索答案
2018-09-23 18:52:45,110 - mylogger - INFO - 数据中无答案
2018-09-23 18:52:46,083 - mylogger - INFO - 在线检索答案：
2018-09-23 18:52:46,083 - mylogger - INFO - 我的答案：925名
2018-09-23 18:52:46,721 - mylogger - INFO - 选择选项
2018-09-23 18:52:49,335 - mylogger - INFO - 答案错误
2018-09-23 18:52:49,536 - mylogger - INFO - 正确答案；1025名
2018-09-23 18:52:49,537 - mylogger - INFO - 更新答案
2018-09-23 18:52:53,243 - mylogger - INFO - 本题结束
2018-09-23 18:52:53,245 - mylogger - INFO - 获取题目
2018-09-23 18:52:55,218 - mylogger - INFO - 第 4 题
2018-09-23 18:52:55,636 - mylogger - INFO - 我们平时所说的太白星或启明星，实际上就是哪个行星？
2018-09-23 18:52:57,120 - mylogger - INFO - ['金星', '土星', '火星']
2018-09-23 18:52:57,125 - mylogger - INFO - 数据库中检索答案
2018-09-23 18:52:57,126 - mylogger - INFO - 数据中无答案
2018-09-23 18:52:58,173 - mylogger - INFO - 在线检索答案：金星
2018-09-23 18:52:58,173 - mylogger - INFO - 我的答案：金星
2018-09-23 18:52:58,785 - mylogger - INFO - 选择选项
2018-09-23 18:53:01,344 - mylogger - INFO - 答案正确
2018-09-23 18:53:01,344 - mylogger - INFO - 更新答案
2018-09-23 18:53:02,798 - mylogger - INFO - 本题结束
2018-09-23 18:53:02,800 - mylogger - INFO - 获取题目
2018-09-23 18:53:04,790 - mylogger - INFO - 第 5 题
2018-09-23 18:53:05,201 - mylogger - INFO - 平面构成中最基本的形态要素是线、面和什么？
2018-09-23 18:53:06,401 - mylogger - INFO - ['圆', '点', '图形']
2018-09-23 18:53:06,405 - mylogger - INFO - 数据库中检索答案
2018-09-23 18:53:06,406 - mylogger - INFO - 数据中无答案
2018-09-23 18:53:07,596 - mylogger - INFO - 在线检索答案：点
2018-09-23 18:53:07,597 - mylogger - INFO - 我的答案：点
2018-09-23 18:53:08,169 - mylogger - INFO - 选择选项
2018-09-23 18:54:16,664 - mylogger - INFO - 进入排位赛
2018-09-23 18:54:16,664 - mylogger - INFO - 正在匹配中......
2018-09-23 18:55:16,936 - mylogger - WARNING - 匹配失败
2018-09-23 18:55:17,208 - mylogger - INFO - 返回游戏页面
2018-09-23 18:55:18,851 - mylogger - INFO - 进入排位赛
2018-09-23 18:55:18,851 - mylogger - INFO - 正在匹配中......
2018-09-23 18:55:35,116 - mylogger - INFO - 匹配成功
2018-09-23 18:55:35,116 - mylogger - INFO - 获取题目
2018-09-23 18:55:38,383 - mylogger - INFO - 第 1 题
2018-09-23 18:55:38,835 - mylogger - INFO - 《国语》的体例属于？
2018-09-23 18:55:40,144 - mylogger - INFO - ['国别体', '编年体', '纪传体']
2018-09-23 18:55:40,148 - mylogger - INFO - 数据库中检索答案
2018-09-23 18:55:40,148 - mylogger - INFO - 数据中无答案
2018-09-23 18:55:41,202 - mylogger - INFO - 在线检索答案：国别体
2018-09-23 18:55:41,202 - mylogger - INFO - 我的答案：国别体
2018-09-23 18:55:41,811 - mylogger - INFO - 选择选项
2018-09-23 18:55:44,361 - mylogger - INFO - 答案正确
2018-09-23 18:55:44,362 - mylogger - INFO - 更新答案
2018-09-23 18:55:45,737 - mylogger - INFO - 本题结束
2018-09-23 18:55:45,737 - mylogger - INFO - 获取题目
2018-09-23 18:55:47,802 - mylogger - INFO - 第 2 题
2018-09-23 18:55:48,201 - mylogger - INFO - 哪个解剖学家与哥白尼是齐名的近代科学开创者？
2018-09-23 18:55:49,437 - mylogger - INFO - ['白求恩', '李时珍', '维萨留斯']
2018-09-23 18:55:49,443 - mylogger - INFO - 数据库中检索答案
2018-09-23 18:55:49,443 - mylogger - INFO - 数据中无答案
2018-09-23 18:55:50,291 - mylogger - INFO - 在线检索答案：维萨留斯
2018-09-23 18:55:50,292 - mylogger - INFO - 我的答案：维萨留斯
2018-09-23 18:55:50,917 - mylogger - INFO - 选择选项
2018-09-23 18:55:53,529 - mylogger - INFO - 答案正确
2018-09-23 18:55:53,530 - mylogger - INFO - 更新答案
2018-09-23 18:55:54,877 - mylogger - INFO - 本题结束
2018-09-23 18:55:54,880 - mylogger - INFO - 获取题目
2018-09-23 18:55:56,863 - mylogger - INFO - 第 3 题
2018-09-23 18:55:57,288 - mylogger - INFO - 下列哪个选项都是闽菜？
2018-09-23 18:55:58,500 - mylogger - INFO - ['福州鱼丸、回锅肉', '佛跳墙、海蛎煎', '沙县拌面、泡椒鱼头']
2018-09-23 18:55:58,505 - mylogger - INFO - 数据库中检索答案
2018-09-23 18:55:58,505 - mylogger - INFO - 数据中无答案
2018-09-23 18:55:59,519 - mylogger - INFO - 在线检索答案：
2018-09-23 18:55:59,520 - mylogger - INFO - 我的答案：福州鱼丸、回锅肉
2018-09-23 18:56:00,168 - mylogger - INFO - 选择选项
2018-09-23 18:56:02,751 - mylogger - INFO - 答案错误
2018-09-23 18:56:02,905 - mylogger - INFO - 正确答案；佛跳墙、海蛎煎
2018-09-23 18:56:02,905 - mylogger - INFO - 更新答案
2018-09-23 18:56:04,309 - mylogger - INFO - 本题结束
2018-09-23 18:56:04,311 - mylogger - INFO - 获取题目
2018-09-23 18:56:06,353 - mylogger - INFO - 第 4 题
2018-09-23 18:56:06,765 - mylogger - INFO - 哪位画家发表了“现实主义宣言”？
2018-09-23 18:56:08,077 - mylogger - INFO - ['库尔贝', '毕加索', '米勒']
2018-09-23 18:56:08,081 - mylogger - INFO - 数据库中检索答案
2018-09-23 18:56:08,081 - mylogger - INFO - 数据中无答案
2018-09-23 18:56:09,257 - mylogger - INFO - 在线检索答案：库尔贝
2018-09-23 18:56:09,257 - mylogger - INFO - 我的答案：库尔贝
2018-09-23 18:56:09,885 - mylogger - INFO - 选择选项
2018-09-23 18:56:12,474 - mylogger - INFO - 答案正确
2018-09-23 18:56:12,474 - mylogger - INFO - 更新答案
2018-09-23 18:56:13,845 - mylogger - INFO - 本题结束
2018-09-23 18:56:13,845 - mylogger - INFO - 获取题目
2018-09-23 18:56:15,861 - mylogger - INFO - 第 5 题
2018-09-23 18:56:16,279 - mylogger - INFO - “雪径偷开碧浅花，冰根乱吐小红芽”形容的是什么花？
2018-09-23 18:56:17,537 - mylogger - INFO - ['梅花', '月季花', '兰花']
2018-09-23 18:56:17,541 - mylogger - INFO - 数据库中检索答案
2018-09-23 18:56:17,542 - mylogger - INFO - 数据中无答案
2018-09-23 18:56:18,985 - mylogger - INFO - 在线检索答案：兰花
2018-09-23 18:56:18,985 - mylogger - INFO - 我的答案：兰花
2018-09-23 18:56:19,721 - mylogger - INFO - 选择选项
2018-09-23 18:57:39,989 - mylogger - INFO - 进入排位赛失败
2018-09-23 18:57:40,269 - mylogger - INFO - 返回游戏页面
2018-09-23 18:57:51,350 - mylogger - INFO - 进入排位赛失败
2018-09-23 18:57:51,622 - mylogger - INFO - 返回游戏页面
2018-09-23 18:58:02,672 - mylogger - INFO - 进入排位赛失败
2018-09-23 18:58:02,942 - mylogger - INFO - 返回游戏页面
2018-09-23 18:58:14,000 - mylogger - INFO - 进入排位赛失败
2018-09-23 18:58:14,265 - mylogger - INFO - 返回游戏页面
2018-09-23 18:58:26,390 - mylogger - INFO - 进入排位赛失败
2018-09-23 18:58:26,658 - mylogger - INFO - 返回游戏页面
2018-09-23 18:58:37,724 - mylogger - INFO - 进入排位赛失败
2018-09-23 18:58:37,996 - mylogger - INFO - 返回游戏页面
2018-09-23 18:58:49,131 - mylogger - INFO - 进入排位赛失败
2018-09-23 18:58:49,394 - mylogger - INFO - 返回游戏页面
2018-09-23 18:59:00,656 - mylogger - INFO - 进入排位赛失败
2018-09-23 18:59:00,919 - mylogger - INFO - 返回游戏页面
2018-09-23 18:59:12,084 - mylogger - INFO - 进入排位赛失败
2018-09-23 18:59:12,357 - mylogger - INFO - 返回游戏页面
2018-09-23 18:59:23,478 - mylogger - INFO - 进入排位赛失败
2018-09-23 18:59:23,749 - mylogger - INFO - 返回游戏页面
2018-09-23 18:59:34,889 - mylogger - INFO - 进入排位赛失败
2018-09-23 18:59:35,169 - mylogger - INFO - 返回游戏页面
2018-09-23 18:59:46,265 - mylogger - INFO - 进入排位赛失败
2018-09-23 18:59:46,542 - mylogger - INFO - 返回游戏页面
2018-09-23 18:59:57,748 - mylogger - INFO - 进入排位赛失败
2018-09-23 18:59:58,010 - mylogger - INFO - 返回游戏页面
2018-09-23 19:00:09,130 - mylogger - INFO - 进入排位赛失败
2018-09-23 19:00:09,407 - mylogger - INFO - 返回游戏页面
2018-09-23 19:00:20,536 - mylogger - INFO - 进入排位赛失败
2018-09-23 19:00:20,823 - mylogger - INFO - 返回游戏页面
2018-09-23 19:00:31,887 - mylogger - INFO - 进入排位赛失败
2018-09-23 19:00:32,157 - mylogger - INFO - 返回游戏页面
2018-09-23 19:00:43,293 - mylogger - INFO - 进入排位赛失败
2018-09-23 19:00:43,563 - mylogger - INFO - 返回游戏页面
2018-09-23 19:00:54,786 - mylogger - INFO - 进入排位赛失败
2018-09-23 19:00:55,057 - mylogger - INFO - 返回游戏页面
2018-09-23 19:01:06,255 - mylogger - INFO - 进入排位赛失败
2018-09-23 19:01:06,522 - mylogger - INFO - 返回游戏页面
2018-09-23 19:01:17,795 - mylogger - INFO - 进入排位赛失败
2018-09-23 19:01:18,050 - mylogger - INFO - 返回游戏页面
2018-09-23 19:01:29,245 - mylogger - INFO - 进入排位赛失败
2018-09-23 19:01:29,506 - mylogger - INFO - 返回游戏页面
2018-09-23 19:01:40,712 - mylogger - INFO - 进入排位赛失败
2018-09-23 19:01:40,997 - mylogger - INFO - 返回游戏页面
2018-09-23 19:01:52,124 - mylogger - INFO - 进入排位赛失败
2018-09-23 19:01:53,278 - mylogger - INFO - 返回游戏页面
2018-09-23 19:01:57,751 - mylogger - INFO - 进入排位赛
2018-09-23 19:01:57,751 - mylogger - INFO - 正在匹配中......
2018-09-23 19:02:24,037 - mylogger - INFO - 匹配成功
2018-09-23 19:02:24,037 - mylogger - INFO - 获取题目
2018-09-23 19:02:27,144 - mylogger - INFO - 第 1 题
2018-09-23 19:02:27,553 - mylogger - INFO - 兰博基尼属于哪个汽车厂商？
2018-09-23 19:02:28,898 - mylogger - INFO - ['大众', '科尼塞克', '帕加尼']
2018-09-23 19:02:28,903 - mylogger - INFO - 数据库中检索答案
2018-09-23 19:02:28,904 - mylogger - INFO - 数据中无答案
2018-09-23 19:02:30,206 - mylogger - INFO - 在线检索答案：大众
2018-09-23 19:02:30,207 - mylogger - INFO - 我的答案：大众
2018-09-23 19:02:30,805 - mylogger - INFO - 选择选项
2018-09-23 19:02:33,404 - mylogger - INFO - 答案正确
2018-09-23 19:02:33,404 - mylogger - INFO - 更新答案
2018-09-23 19:02:34,745 - mylogger - INFO - 本题结束
2018-09-23 19:02:34,747 - mylogger - INFO - 获取题目
2018-09-23 19:02:36,681 - mylogger - INFO - 第 2 题
2018-09-23 19:02:37,094 - mylogger - INFO - 下列艺人中，哪位是刘亦菲的大学同班同学？
2018-09-23 19:02:38,461 - mylogger - INFO - ['王凯', '朱亚文', '杨幂']
2018-09-23 19:02:38,466 - mylogger - INFO - 数据库中检索答案
2018-09-23 19:02:38,467 - mylogger - INFO - 数据中无答案
2018-09-23 19:02:39,627 - mylogger - INFO - 在线检索答案：朱亚文
2018-09-23 19:02:39,627 - mylogger - INFO - 我的答案：朱亚文
2018-09-23 19:02:40,256 - mylogger - INFO - 选择选项
2018-09-23 19:02:42,862 - mylogger - INFO - 答案正确
2018-09-23 19:02:42,862 - mylogger - INFO - 更新答案
2018-09-23 19:02:44,208 - mylogger - INFO - 本题结束
2018-09-23 19:02:44,226 - mylogger - INFO - 获取题目
2018-09-23 19:02:46,222 - mylogger - INFO - 第 3 题
2018-09-23 19:02:46,618 - mylogger - INFO - 下面哪种鱼翅是能直接运用的半成品？
2018-09-23 19:02:47,857 - mylogger - INFO - ['原翅', '净翅', '堆翅']
2018-09-23 19:02:47,861 - mylogger - INFO - 数据库中检索答案
2018-09-23 19:02:47,862 - mylogger - INFO - 数据中无答案
2018-09-23 19:02:48,549 - mylogger - INFO - 在线检索答案：堆翅
2018-09-23 19:02:48,549 - mylogger - INFO - 我的答案：堆翅
2018-09-23 19:02:49,277 - mylogger - INFO - 选择选项
2018-09-23 19:02:51,845 - mylogger - INFO - 答案正确
2018-09-23 19:02:51,846 - mylogger - INFO - 更新答案
2018-09-23 19:02:53,194 - mylogger - INFO - 本题结束
2018-09-23 19:02:53,199 - mylogger - INFO - 获取题目
2018-09-23 19:02:55,165 - mylogger - INFO - 第 4 题
2018-09-23 19:02:55,570 - mylogger - INFO - 被称为第七艺术的是
2018-09-23 19:02:57,058 - mylogger - INFO - ['抽象画', '电影', '电视']
2018-09-23 19:02:57,063 - mylogger - INFO - 数据库中检索答案
2018-09-23 19:02:57,064 - mylogger - INFO - 数据中无答案
2018-09-23 19:02:58,258 - mylogger - INFO - 在线检索答案：电影
2018-09-23 19:02:58,259 - mylogger - INFO - 我的答案：电影
2018-09-23 19:02:58,871 - mylogger - INFO - 选择选项
2018-09-23 19:03:01,396 - mylogger - INFO - 答案正确
2018-09-23 19:03:01,396 - mylogger - INFO - 更新答案
2018-09-23 19:03:02,799 - mylogger - INFO - 本题结束
2018-09-23 19:03:02,802 - mylogger - INFO - 获取题目
2018-09-23 19:03:04,770 - mylogger - INFO - 第 5 题
2018-09-23 19:03:05,172 - mylogger - INFO - 两个氨基酸缩合成二肽并生成水，水分子中的氧原子来自氨基酸的
2018-09-23 19:03:06,519 - mylogger - INFO - ['氨基和羧基', 'R基', '羧基']
2018-09-23 19:03:06,523 - mylogger - INFO - 数据库中检索答案
2018-09-23 19:03:06,523 - mylogger - INFO - 数据中无答案
2018-09-23 19:03:07,785 - mylogger - INFO - 在线检索答案：羧基
2018-09-23 19:03:07,787 - mylogger - INFO - 我的答案：羧基
2018-09-23 19:03:08,438 - mylogger - INFO - 选择选项
2018-09-23 21:49:09,321 - mylogger - INFO - 进入排位赛失败
2018-09-23 21:49:09,644 - mylogger - INFO - 返回游戏页面
2018-09-23 21:49:21,792 - mylogger - INFO - 进入排位赛
2018-09-23 21:49:21,793 - mylogger - INFO - 正在匹配中......
2018-09-23 21:49:47,310 - mylogger - INFO - 匹配成功
2018-09-23 21:49:47,310 - mylogger - INFO - 获取题目
2018-09-23 21:49:57,383 - mylogger - INFO - 第 1 题
2018-09-23 21:49:57,787 - mylogger - INFO - A.  重型战机
2018-09-23 21:49:58,921 - mylogger - INFO - ['重型战机', '三角翼布局', '采用美国发动机']
2018-09-23 21:49:58,923 - mylogger - INFO - 数据库中检索答案
2018-09-23 21:49:58,923 - mylogger - INFO - 数据中无答案
2018-09-23 21:50:00,141 - mylogger - INFO - 在线检索答案：重型战机
2018-09-23 21:50:00,141 - mylogger - INFO - 我的答案：重型战机
2018-09-23 21:50:00,894 - mylogger - INFO - 选择选项
2018-09-23 21:51:07,160 - mylogger - INFO - 进入排位赛
2018-09-23 21:51:07,160 - mylogger - INFO - 正在匹配中......
2018-09-23 21:51:33,315 - mylogger - INFO - 匹配成功
2018-09-23 21:51:33,315 - mylogger - INFO - 获取题目
2018-09-23 21:51:36,340 - mylogger - INFO - 第 1 题
2018-09-23 21:51:36,655 - mylogger - INFO - 下列因素中，可能引起窦性心动过缓的是
2018-09-23 21:51:37,770 - mylogger - INFO - ['失血性贫血', '缺氧', '高钾']
2018-09-23 21:51:37,775 - mylogger - INFO - 数据库中检索答案
2018-09-23 21:51:37,775 - mylogger - INFO - 数据中无答案
2018-09-23 21:51:39,964 - mylogger - INFO - 在线检索答案：缺氧
2018-09-23 21:51:40,344 - mylogger - INFO - 我的答案：缺氧
2018-09-23 21:51:40,939 - mylogger - INFO - 选择选项
2018-09-23 21:51:43,431 - mylogger - INFO - 答案错误
2018-09-23 21:51:43,741 - mylogger - INFO - 正确答案；高钾
2018-09-23 21:51:43,741 - mylogger - INFO - 更新答案
2018-09-23 21:51:43,984 - mylogger - INFO - 本题结束
2018-09-23 21:51:43,985 - mylogger - INFO - 获取题目
2018-09-23 21:51:46,891 - mylogger - INFO - 第 2 题
2018-09-23 21:51:47,204 - mylogger - INFO - 希腊神话中的阿瑞斯是什么神？
2018-09-23 21:51:48,161 - mylogger - INFO - ['战神', '太阳神', '智慧之神']
2018-09-23 21:51:48,165 - mylogger - INFO - 数据库中检索答案
2018-09-23 21:51:48,165 - mylogger - INFO - 数据中无答案
2018-09-23 21:51:49,085 - mylogger - INFO - 在线检索答案：战神
2018-09-23 21:51:49,087 - mylogger - INFO - 我的答案：战神
2018-09-23 21:51:49,654 - mylogger - INFO - 选择选项
2018-09-23 21:51:52,048 - mylogger - INFO - 答案正确
2018-09-23 21:51:52,049 - mylogger - INFO - 更新答案
2018-09-23 21:51:53,376 - mylogger - INFO - 本题结束
2018-09-23 21:51:53,377 - mylogger - INFO - 获取题目
2018-09-23 21:51:56,428 - mylogger - INFO - 第 3 题
2018-09-23 21:51:56,755 - mylogger - INFO - 语言中最小的声音和意义的结合体称为
2018-09-23 21:51:57,716 - mylogger - INFO - ['音素', '音节', '语素']
2018-09-23 21:51:57,720 - mylogger - INFO - 数据库中检索答案
2018-09-23 21:51:57,720 - mylogger - INFO - 数据中无答案
2018-09-23 21:51:59,831 - mylogger - INFO - 在线检索答案：语素
2018-09-23 21:51:59,832 - mylogger - INFO - 我的答案：语素
2018-09-23 21:52:00,459 - mylogger - INFO - 选择选项
2018-09-23 21:52:02,926 - mylogger - INFO - 答案正确
2018-09-23 21:52:02,928 - mylogger - INFO - 更新答案
2018-09-23 21:52:04,194 - mylogger - INFO - 本题结束
2018-09-23 21:52:04,195 - mylogger - INFO - 获取题目
2018-09-23 21:52:07,221 - mylogger - INFO - 第 4 题
2018-09-23 21:52:07,547 - mylogger - INFO - 以下哪部作品在1992年举办的威尼斯电影节上获得了金狮奖。
2018-09-23 21:52:08,580 - mylogger - INFO - ['红高粱', '秋菊打官司', '老井']
2018-09-23 21:52:08,584 - mylogger - INFO - 数据库中检索答案
2018-09-23 21:52:08,585 - mylogger - INFO - 数据中无答案
2018-09-23 21:52:10,289 - mylogger - INFO - 在线检索答案：秋菊打官司
2018-09-23 21:52:10,289 - mylogger - INFO - 我的答案：秋菊打官司
2018-09-23 21:52:10,951 - mylogger - INFO - 选择选项
2018-09-23 21:52:13,411 - mylogger - INFO - 答案正确
2018-09-23 21:52:13,412 - mylogger - INFO - 更新答案
2018-09-23 21:52:14,729 - mylogger - INFO - 本题结束
2018-09-23 21:52:14,731 - mylogger - INFO - 获取题目
2018-09-23 21:52:16,702 - mylogger - INFO - 第 5 题
2018-09-23 21:52:17,044 - mylogger - INFO - 做梦现象多发生在睡眠的哪一个阶段？
2018-09-23 21:52:18,041 - mylogger - INFO - ['轻睡期', '沉睡期', '快速眼动睡眠阶段']
2018-09-23 21:52:18,046 - mylogger - INFO - 数据库中检索答案
2018-09-23 21:52:18,046 - mylogger - INFO - 数据中无答案
2018-09-23 21:52:20,106 - mylogger - INFO - 在线检索答案：轻睡期
2018-09-23 21:52:20,106 - mylogger - INFO - 我的答案：轻睡期
2018-09-23 21:52:20,792 - mylogger - INFO - 选择选项
2018-09-23 21:52:23,431 - mylogger - INFO - 答案错误
2018-09-23 21:52:23,632 - mylogger - INFO - 更新答案
2018-09-23 21:52:23,826 - mylogger - INFO - 本题结束
2018-09-23 21:52:23,972 - mylogger - INFO - 本场比赛结束
2018-09-23 21:52:24,248 - mylogger - INFO - 返回游戏页面
2018-09-23 21:52:25,912 - mylogger - INFO - 进入排位赛
2018-09-23 21:52:25,912 - mylogger - INFO - 正在匹配中......
2018-09-23 21:52:43,350 - mylogger - INFO - 匹配成功
2018-09-23 21:52:43,351 - mylogger - INFO - 获取题目
2018-09-23 21:52:46,462 - mylogger - INFO - 第 1 题
2018-09-23 21:52:46,802 - mylogger - INFO - 身长近一丈，鼻在头顶上，腹白背青黑，安家在海洋。(打一动物)
2018-09-23 21:52:47,818 - mylogger - INFO - ['海豚', '海豹', '鲸鱼']
2018-09-23 21:52:47,822 - mylogger - INFO - 数据库中检索答案
2018-09-23 21:52:47,823 - mylogger - INFO - 数据中无答案
2018-09-23 21:52:49,601 - mylogger - INFO - 在线检索答案：海豚
2018-09-23 21:52:49,602 - mylogger - INFO - 我的答案：海豚
2018-09-23 21:52:50,181 - mylogger - INFO - 选择选项
2018-09-23 21:52:52,662 - mylogger - INFO - 答案正确
2018-09-23 21:52:52,662 - mylogger - INFO - 更新答案
2018-09-23 21:52:56,369 - mylogger - INFO - 本题结束
2018-09-23 21:52:56,378 - mylogger - INFO - 获取题目
2018-09-23 21:52:58,222 - mylogger - INFO - 第 2 题
2018-09-23 21:52:58,527 - mylogger - INFO - 在发炎时，什么细胞能直接吞噬和消化病原菌？
2018-09-23 21:52:59,540 - mylogger - INFO - ['嗜中性白细胞', '嗜酸性白细胞', '淋巴细胞']
2018-09-23 21:52:59,544 - mylogger - INFO - 数据库中检索答案
2018-09-23 21:52:59,545 - mylogger - INFO - 数据中无答案
2018-09-23 21:53:00,771 - mylogger - INFO - 在线检索答案：嗜中性白细胞
2018-09-23 21:53:00,771 - mylogger - INFO - 我的答案：嗜中性白细胞
2018-09-23 21:53:01,354 - mylogger - INFO - 选择选项
2018-09-23 21:53:03,793 - mylogger - INFO - 答案正确
2018-09-23 21:53:03,794 - mylogger - INFO - 更新答案
2018-09-23 21:53:06,270 - mylogger - INFO - 本题结束
2018-09-23 21:53:06,271 - mylogger - INFO - 获取题目
2018-09-23 21:53:08,158 - mylogger - INFO - 第 3 题
2018-09-23 21:53:08,482 - mylogger - INFO - 曾囊括日本七项正式比赛桂冠并有“番棋魔鬼”之称的是
2018-09-23 21:53:09,431 - mylogger - INFO - ['赵治勋', '小林光一', '藤泽秀行']
2018-09-23 21:53:09,435 - mylogger - INFO - 数据库中检索答案
2018-09-23 21:53:09,436 - mylogger - INFO - 数据中无答案
2018-09-23 21:53:11,204 - mylogger - INFO - 在线检索答案：小林光一
2018-09-23 21:53:11,204 - mylogger - INFO - 我的答案：小林光一
2018-09-23 21:53:11,818 - mylogger - INFO - 选择选项
2018-09-23 21:53:14,360 - mylogger - INFO - 答案错误
2018-09-23 21:53:14,487 - mylogger - INFO - 正确答案；赵治勋
2018-09-23 21:53:14,488 - mylogger - INFO - 更新答案
2018-09-23 21:53:18,157 - mylogger - INFO - 本题结束
2018-09-23 21:53:18,161 - mylogger - INFO - 获取题目
2018-09-23 21:53:20,027 - mylogger - INFO - 第 4 题
2018-09-23 21:53:20,343 - mylogger - INFO - 网上通常会把倒霉运叫做什么？
2018-09-23 21:53:21,402 - mylogger - INFO - ['水逆', '倒退', '栽了']
2018-09-23 21:53:21,407 - mylogger - INFO - 数据库中检索答案
2018-09-23 21:53:21,407 - mylogger - INFO - 数据中无答案
2018-09-23 21:53:22,170 - mylogger - INFO - 在线检索答案：水逆
2018-09-23 21:53:22,171 - mylogger - INFO - 我的答案：水逆
2018-09-23 21:53:22,736 - mylogger - INFO - 选择选项
2018-09-23 21:53:25,234 - mylogger - INFO - 答案正确
2018-09-23 21:53:25,234 - mylogger - INFO - 更新答案
2018-09-23 21:53:27,656 - mylogger - INFO - 本题结束
2018-09-23 21:53:27,658 - mylogger - INFO - 获取题目
2018-09-23 21:53:29,503 - mylogger - INFO - 第 5 题
2018-09-23 21:53:29,822 - mylogger - INFO - 世界建筑大师安藤忠雄的代表作品是哪一个？
2018-09-23 21:53:30,771 - mylogger - INFO - ['卡迪夫湾歌剧院', '六甲集合住宅', '密尔沃基美术馆']
2018-09-23 21:53:30,776 - mylogger - INFO - 数据库中检索答案
2018-09-23 21:53:30,777 - mylogger - INFO - 数据中无答案
2018-09-23 21:53:31,999 - mylogger - INFO - 在线检索答案：
2018-09-23 21:53:31,999 - mylogger - INFO - 我的答案：卡迪夫湾歌剧院
2018-09-23 21:53:32,695 - mylogger - INFO - 选择选项
2018-09-23 21:53:35,139 - mylogger - INFO - 答案错误
2018-09-23 21:53:35,300 - mylogger - INFO - 正确答案；六甲集合住宅
2018-09-23 21:53:35,301 - mylogger - INFO - 更新答案
2018-09-23 21:53:36,722 - mylogger - INFO - 本题结束
2018-09-23 21:53:36,927 - mylogger - INFO - 本场比赛结束
2018-09-23 21:53:37,203 - mylogger - INFO - 返回游戏页面
2018-09-23 21:53:38,706 - mylogger - INFO - 进入排位赛
2018-09-23 21:53:38,707 - mylogger - INFO - 正在匹配中......
2018-09-23 21:54:07,980 - mylogger - INFO - 匹配成功
2018-09-23 21:54:07,980 - mylogger - INFO - 获取题目
2018-09-23 21:54:11,013 - mylogger - INFO - 第 1 题
2018-09-23 21:54:11,318 - mylogger - INFO - 化学元素钾属于哪个元素类别？
2018-09-23 21:54:12,331 - mylogger - INFO - ['卤素', '贫金属', '碱金属']
2018-09-23 21:54:12,337 - mylogger - INFO - 数据库中检索答案
2018-09-23 21:54:12,338 - mylogger - INFO - 数据中无答案
2018-09-23 21:54:13,999 - mylogger - INFO - 在线检索答案：碱金属
2018-09-23 21:54:14,000 - mylogger - INFO - 我的答案：碱金属
2018-09-23 21:54:14,664 - mylogger - INFO - 选择选项
2018-09-23 21:54:17,114 - mylogger - INFO - 答案正确
2018-09-23 21:54:17,115 - mylogger - INFO - 更新答案
2018-09-23 21:54:18,511 - mylogger - INFO - 本题结束
2018-09-23 21:54:18,512 - mylogger - INFO - 获取题目
2018-09-23 21:54:21,509 - mylogger - INFO - 第 2 题
2018-09-23 21:54:21,896 - mylogger - INFO - 太阳离我们地球很远，大约有多少公里
2018-09-23 21:54:22,901 - mylogger - INFO - ['1.5亿', '3.5亿', '4亿']
2018-09-23 21:54:22,907 - mylogger - INFO - 数据库中检索答案
2018-09-23 21:54:22,907 - mylogger - INFO - 数据中无答案
2018-09-23 21:54:23,827 - mylogger - INFO - 在线检索答案：1.5亿
2018-09-23 21:54:23,827 - mylogger - INFO - 我的答案：1.5亿
2018-09-23 21:54:24,405 - mylogger - INFO - 选择选项
2018-09-23 21:54:26,931 - mylogger - INFO - 答案正确
2018-09-23 21:54:26,931 - mylogger - INFO - 更新答案
2018-09-23 21:54:28,349 - mylogger - INFO - 本题结束
2018-09-23 21:54:28,350 - mylogger - INFO - 获取题目
2018-09-23 21:54:31,450 - mylogger - INFO - 第 3 题
2018-09-23 21:54:31,797 - mylogger - INFO - 宪法规定公民有受教育的什么呢？
2018-09-23 21:54:32,730 - mylogger - INFO - ['义务', '权力和义务', '权利和义务']
2018-09-23 21:54:32,736 - mylogger - INFO - 数据库中检索答案
2018-09-23 21:54:32,736 - mylogger - INFO - 数据中无答案
2018-09-23 21:54:34,469 - mylogger - INFO - 在线检索答案：义务
2018-09-23 21:54:34,469 - mylogger - INFO - 我的答案：义务
2018-09-23 21:54:34,991 - mylogger - INFO - 选择选项
2018-09-23 21:54:37,416 - mylogger - INFO - 答案错误
2018-09-23 21:54:37,843 - mylogger - INFO - 正确答案；权利和义务
2018-09-23 21:54:37,844 - mylogger - INFO - 更新答案
2018-09-23 21:54:38,085 - mylogger - INFO - 本题结束
2018-09-23 21:54:38,087 - mylogger - INFO - 获取题目
2018-09-23 21:54:41,088 - mylogger - INFO - 第 4 题
2018-09-23 21:54:41,388 - mylogger - INFO - 耀斑出现在太阳的什么部位？
2018-09-23 21:54:42,416 - mylogger - INFO - ['色球层', '光球层', '日冕']
2018-09-23 21:54:42,422 - mylogger - INFO - 数据库中检索答案
2018-09-23 21:54:42,422 - mylogger - INFO - 数据中无答案
2018-09-23 21:54:43,622 - mylogger - INFO - 在线检索答案：色球层
2018-09-23 21:54:43,623 - mylogger - INFO - 我的答案：色球层
2018-09-23 21:54:44,194 - mylogger - INFO - 选择选项
2018-09-23 21:54:46,616 - mylogger - INFO - 答案正确
2018-09-23 21:54:46,617 - mylogger - INFO - 更新答案
2018-09-23 21:54:47,924 - mylogger - INFO - 本题结束
2018-09-23 21:54:47,925 - mylogger - INFO - 获取题目
2018-09-23 21:54:49,839 - mylogger - INFO - 第 5 题
2018-09-23 21:54:50,154 - mylogger - INFO - “瓤子饼”又名？
2018-09-23 21:54:51,104 - mylogger - INFO - ['酱香饼', '千层饼', ' 手抓饼']
2018-09-23 21:54:51,109 - mylogger - INFO - 数据库中检索答案
2018-09-23 21:54:51,109 - mylogger - INFO - 数据中无答案
2018-09-23 21:54:51,775 - mylogger - INFO - 在线检索答案：千层饼
2018-09-23 21:54:51,775 - mylogger - INFO - 我的答案：千层饼
2018-09-23 21:54:52,442 - mylogger - INFO - 选择选项
2018-09-23 21:54:54,895 - mylogger - INFO - 答案正确
2018-09-23 21:54:54,895 - mylogger - INFO - 更新答案
2018-09-23 21:54:56,209 - mylogger - INFO - 本题结束
2018-09-23 21:54:56,360 - mylogger - INFO - 本场比赛结束
2018-09-23 21:54:56,660 - mylogger - INFO - 返回游戏页面
2018-09-23 21:54:58,199 - mylogger - INFO - 进入排位赛
2018-09-23 21:54:58,199 - mylogger - INFO - 正在匹配中......
2018-09-23 21:55:15,471 - mylogger - INFO - 匹配成功
2018-09-23 21:55:15,472 - mylogger - INFO - 获取题目
2018-09-23 21:55:18,791 - mylogger - INFO - 第 1 题
2018-09-23 21:55:19,183 - mylogger - INFO - 以下哪一个是联合国安理会常任理事国之一?
2018-09-23 21:55:20,164 - mylogger - INFO - ['加拿大', '德国', '法国']
2018-09-23 21:55:20,170 - mylogger - INFO - 数据库中检索答案
2018-09-23 21:55:20,171 - mylogger - INFO - 数据中无答案
2018-09-23 21:55:21,990 - mylogger - INFO - 在线检索答案：法国
2018-09-23 21:55:21,991 - mylogger - INFO - 我的答案：法国
2018-09-23 21:55:22,651 - mylogger - INFO - 选择选项
2018-09-23 21:55:25,095 - mylogger - INFO - 答案正确
2018-09-23 21:55:25,095 - mylogger - INFO - 更新答案
2018-09-23 21:55:26,457 - mylogger - INFO - 本题结束
2018-09-23 21:55:26,458 - mylogger - INFO - 获取题目
2018-09-23 21:55:28,345 - mylogger - INFO - 第 2 题
2018-09-23 21:55:28,661 - mylogger - INFO - 二战中击沉日本超级战列舰大和号的是？
2018-09-23 21:55:29,689 - mylogger - INFO - [' 美国海军航空兵', ' 美国陆军坦克兵', '美国陆军步兵']
2018-09-23 21:55:29,695 - mylogger - INFO - 数据库中检索答案
2018-09-23 21:55:29,696 - mylogger - INFO - 数据中无答案
2018-09-23 21:55:31,405 - mylogger - INFO - 在线检索答案：
2018-09-23 21:55:31,405 - mylogger - INFO - 我的答案： 美国海军航空兵
2018-09-23 21:55:32,048 - mylogger - INFO - 选择选项
2018-09-23 21:55:34,472 - mylogger - INFO - 答案正确
2018-09-23 21:55:34,472 - mylogger - INFO - 更新答案
2018-09-23 21:55:36,941 - mylogger - INFO - 本题结束
2018-09-23 21:55:36,942 - mylogger - INFO - 获取题目
2018-09-23 21:55:38,794 - mylogger - INFO - 第 3 题
2018-09-23 21:55:39,136 - mylogger - INFO - 以下选项中，哪一个不属于建筑师王澍的代表作？
2018-09-23 21:55:40,171 - mylogger - INFO - ['宁波美术馆', '南京华侨大厦', '梦露大厦']
2018-09-23 21:55:40,176 - mylogger - INFO - 数据库中检索答案
2018-09-23 21:55:40,177 - mylogger - INFO - 数据中无答案
2018-09-23 21:55:40,948 - mylogger - INFO - 在线检索答案：宁波美术馆
2018-09-23 21:55:40,948 - mylogger - INFO - 我的答案：宁波美术馆
2018-09-23 21:55:41,553 - mylogger - INFO - 选择选项
2018-09-23 21:55:43,920 - mylogger - INFO - 答案错误
2018-09-23 21:55:44,189 - mylogger - INFO - 正确答案；梦露大厦
2018-09-23 21:55:44,190 - mylogger - INFO - 更新答案
2018-09-23 21:55:45,536 - mylogger - INFO - 本题结束
2018-09-23 21:55:45,536 - mylogger - INFO - 获取题目
2018-09-23 21:55:47,330 - mylogger - INFO - 第 4 题
2018-09-23 21:55:47,665 - mylogger - INFO - 汉白玉是什么：
2018-09-23 21:55:48,693 - mylogger - INFO - ['碧玺', '一种名贵的石头', '木材']
2018-09-23 21:55:48,697 - mylogger - INFO - 数据库中检索答案
2018-09-23 21:55:48,698 - mylogger - INFO - 数据中无答案
2018-09-23 21:55:49,121 - mylogger - INFO - 在线检索答案：
2018-09-23 21:55:49,121 - mylogger - INFO - 我的答案：碧玺
2018-09-23 21:55:49,705 - mylogger - INFO - 选择选项
2018-09-23 21:55:52,131 - mylogger - INFO - 答案错误
2018-09-23 21:55:52,314 - mylogger - INFO - 正确答案；一种名贵的石头
2018-09-23 21:55:52,314 - mylogger - INFO - 更新答案
2018-09-23 21:55:53,649 - mylogger - INFO - 本题结束
2018-09-23 21:55:53,651 - mylogger - INFO - 获取题目
2018-09-23 21:55:55,521 - mylogger - INFO - 第 5 题
2018-09-23 21:55:55,838 - mylogger - INFO - 哈勃望远镜是以下哪个国家发射的？
2018-09-23 21:55:56,966 - mylogger - INFO - ['美国', '俄国', '德国']
2018-09-23 21:55:56,971 - mylogger - INFO - 数据库中检索答案
2018-09-23 21:55:56,972 - mylogger - INFO - 数据中无答案
2018-09-23 21:55:58,745 - mylogger - INFO - 在线检索答案：美国
2018-09-23 21:55:58,746 - mylogger - INFO - 我的答案：美国
2018-09-23 21:55:59,326 - mylogger - INFO - 选择选项
2018-09-23 21:56:01,727 - mylogger - INFO - 答案正确
2018-09-23 21:56:01,727 - mylogger - INFO - 更新答案
2018-09-23 21:56:03,185 - mylogger - INFO - 本题结束
2018-09-23 21:56:03,338 - mylogger - INFO - 本场比赛结束
2018-09-23 21:56:03,613 - mylogger - INFO - 返回游戏页面
2018-09-23 21:56:05,161 - mylogger - INFO - 进入排位赛
2018-09-23 21:56:05,162 - mylogger - INFO - 正在匹配中......
2018-09-23 21:56:12,358 - mylogger - INFO - 匹配成功
2018-09-23 21:56:12,359 - mylogger - INFO - 获取题目
2018-09-23 21:56:15,351 - mylogger - INFO - 第 1 题
2018-09-23 21:56:15,682 - mylogger - INFO - 化学性砷中毒的特效解毒剂是哪个？
2018-09-23 21:56:16,607 - mylogger - INFO - ['二巯丙磺钠', '美兰', '高锰酸钾']
2018-09-23 21:56:16,613 - mylogger - INFO - 数据库中检索答案
2018-09-23 21:56:16,613 - mylogger - INFO - 数据中无答案
2018-09-23 21:56:17,899 - mylogger - INFO - 在线检索答案：美兰
2018-09-23 21:56:17,900 - mylogger - INFO - 我的答案：美兰
2018-09-23 21:56:18,450 - mylogger - INFO - 选择选项
2018-09-23 21:56:20,891 - mylogger - INFO - 答案错误
2018-09-23 21:56:21,007 - mylogger - INFO - 正确答案；二巯丙磺钠
2018-09-23 21:56:21,008 - mylogger - INFO - 更新答案
2018-09-23 21:56:22,436 - mylogger - INFO - 本题结束
2018-09-23 21:56:22,437 - mylogger - INFO - 获取题目
2018-09-23 21:56:24,271 - mylogger - INFO - 第 2 题
2018-09-23 21:56:24,576 - mylogger - INFO - “怕人寻问，咽泪装欢。瞒，瞒，瞒！”出自宋代哪位诗人之手？
2018-09-23 21:56:25,654 - mylogger - INFO - ['李商隐', '李清照', '唐婉']
2018-09-23 21:56:25,659 - mylogger - INFO - 数据库中检索答案
2018-09-23 21:56:25,660 - mylogger - INFO - 数据中无答案
2018-09-23 21:56:26,609 - mylogger - INFO - 在线检索答案：唐婉
2018-09-23 21:56:26,609 - mylogger - INFO - 我的答案：唐婉
2018-09-23 21:56:27,227 - mylogger - INFO - 选择选项
2018-09-23 21:56:29,638 - mylogger - INFO - 答案正确
2018-09-23 21:56:29,639 - mylogger - INFO - 更新答案
2018-09-23 21:56:32,080 - mylogger - INFO - 本题结束
2018-09-23 21:56:32,081 - mylogger - INFO - 获取题目
2018-09-23 21:56:35,162 - mylogger - INFO - 第 3 题
2018-09-23 21:56:35,475 - mylogger - INFO - 以下哪个选项不属于SK-II四大王牌产品？
2018-09-23 21:56:36,431 - mylogger - INFO - ['小红瓶', '肌源修护焕采眼霜', '红腰子']
2018-09-23 21:56:36,434 - mylogger - INFO - 数据库中检索答案
2018-09-23 21:56:36,436 - mylogger - INFO - 数据中无答案
2018-09-23 21:56:37,273 - mylogger - INFO - 在线检索答案：小红瓶
2018-09-23 21:56:37,273 - mylogger - INFO - 我的答案：小红瓶
2018-09-23 21:56:37,811 - mylogger - INFO - 选择选项
2018-09-23 21:56:40,348 - mylogger - INFO - 答案错误
2018-09-23 21:56:40,614 - mylogger - INFO - 正确答案；红腰子
2018-09-23 21:56:40,615 - mylogger - INFO - 更新答案
2018-09-23 21:56:43,092 - mylogger - INFO - 本题结束
2018-09-23 21:56:43,093 - mylogger - INFO - 获取题目
2018-09-23 21:56:46,104 - mylogger - INFO - 第 4 题
2018-09-23 21:56:46,489 - mylogger - INFO - 《中华人民共和国安全生产法》自什么时候起施行
2018-09-23 21:56:47,448 - mylogger - INFO - ['2002年9月1日', '2002年10月1日', '2002年11月1日']
2018-09-23 21:56:47,453 - mylogger - INFO - 数据库中检索答案
2018-09-23 21:56:47,454 - mylogger - INFO - 数据中无答案
2018-09-23 21:56:48,739 - mylogger - INFO - 在线检索答案：2002年11月1日
2018-09-23 21:56:48,740 - mylogger - INFO - 我的答案：2002年11月1日
2018-09-23 21:56:49,367 - mylogger - INFO - 选择选项
2018-09-23 21:56:51,804 - mylogger - INFO - 答案正确
2018-09-23 21:56:51,805 - mylogger - INFO - 更新答案
2018-09-23 21:56:54,299 - mylogger - INFO - 本题结束
2018-09-23 21:56:54,306 - mylogger - INFO - 获取题目
2018-09-23 21:56:57,338 - mylogger - INFO - 第 5 题
2018-09-23 21:56:57,644 - mylogger - INFO - 《真盖塔》是谁创作的漫画？
2018-09-23 21:56:58,600 - mylogger - INFO - ['真岛浩', '石川贤', '诸志祥']
2018-09-23 21:56:58,607 - mylogger - INFO - 数据库中检索答案
2018-09-23 21:56:58,607 - mylogger - INFO - 数据中无答案
2018-09-23 21:57:00,298 - mylogger - INFO - 在线检索答案：石川贤
2018-09-23 21:57:00,298 - mylogger - INFO - 我的答案：石川贤
2018-09-23 21:57:00,912 - mylogger - INFO - 选择选项
2018-09-23 21:57:03,292 - mylogger - INFO - 答案正确
2018-09-23 21:57:03,293 - mylogger - INFO - 更新答案
2018-09-23 21:57:04,725 - mylogger - INFO - 本题结束
2018-09-23 21:57:04,889 - mylogger - INFO - 本场比赛结束
2018-09-23 21:57:05,164 - mylogger - INFO - 返回游戏页面
2018-09-23 21:57:06,736 - mylogger - INFO - 进入排位赛
2018-09-23 21:57:06,736 - mylogger - INFO - 正在匹配中......
2018-09-23 21:58:04,597 - mylogger - INFO - 匹配成功
2018-09-23 21:58:04,598 - mylogger - INFO - 获取题目
2018-09-23 21:58:06,537 - mylogger - INFO - 第 1 题
2018-09-23 21:58:06,861 - mylogger - INFO - 1+2+3+4+5+6+7+8+9等于？
2018-09-23 21:58:07,836 - mylogger - INFO - ['35', '55', '45']
2018-09-23 21:58:07,841 - mylogger - INFO - 数据库中检索答案
2018-09-23 21:58:07,841 - mylogger - INFO - 数据中无答案
2018-09-23 21:58:09,110 - mylogger - INFO - 在线检索答案：45
2018-09-23 21:58:09,110 - mylogger - INFO - 我的答案：45
2018-09-23 21:58:09,706 - mylogger - INFO - 选择选项
2018-09-23 21:58:12,096 - mylogger - INFO - 答案正确
2018-09-23 21:58:12,097 - mylogger - INFO - 更新答案
2018-09-23 21:58:13,449 - mylogger - INFO - 本题结束
2018-09-23 21:58:13,450 - mylogger - INFO - 获取题目
2018-09-23 21:58:15,288 - mylogger - INFO - 第 2 题
2018-09-23 21:58:15,603 - mylogger - INFO - 下列选项中，哪一个是最典型的南北向山系山脉？
2018-09-23 21:58:16,608 - mylogger - INFO - ['喜马拉雅山脉', '横断山脉', '大巴山脉']
2018-09-23 21:58:16,613 - mylogger - INFO - 数据库中检索答案
2018-09-23 21:58:16,613 - mylogger - INFO - 数据中无答案
2018-09-23 21:58:17,509 - mylogger - INFO - 在线检索答案：横断山脉
2018-09-23 21:58:17,509 - mylogger - INFO - 我的答案：横断山脉
2018-09-23 21:58:18,083 - mylogger - INFO - 选择选项
2018-09-23 21:58:20,525 - mylogger - INFO - 答案正确
2018-09-23 21:58:20,525 - mylogger - INFO - 更新答案
2018-09-23 21:58:25,352 - mylogger - INFO - 本题结束
2018-09-23 21:58:25,353 - mylogger - INFO - 获取题目
2018-09-23 21:58:28,299 - mylogger - INFO - 第 3 题
2018-09-23 21:58:28,608 - mylogger - INFO - 第一季《跨界歌王》的总冠军是？
2018-09-23 21:58:29,740 - mylogger - INFO - ['王凯', '刘涛', '巴图']
2018-09-23 21:58:29,745 - mylogger - INFO - 数据库中检索答案
2018-09-23 21:58:29,745 - mylogger - INFO - 数据中无答案
2018-09-23 21:58:30,631 - mylogger - INFO - 在线检索答案：王凯
2018-09-23 21:58:30,631 - mylogger - INFO - 我的答案：王凯
2018-09-23 21:58:31,279 - mylogger - INFO - 选择选项
2018-09-23 21:58:33,721 - mylogger - INFO - 答案错误
2018-09-23 21:58:33,888 - mylogger - INFO - 正确答案；刘涛
2018-09-23 21:58:33,888 - mylogger - INFO - 更新答案
2018-09-23 21:58:35,198 - mylogger - INFO - 本题结束
2018-09-23 21:58:35,199 - mylogger - INFO - 获取题目
2018-09-23 21:58:36,988 - mylogger - INFO - 第 4 题
2018-09-23 21:58:37,324 - mylogger - INFO - SpaceX 首次为美国军方发射的间谍卫星是？
2018-09-23 21:58:38,309 - mylogger - INFO - ['NROL-76', 'Zuma', 'Orbcomm-G2']
2018-09-23 21:58:38,313 - mylogger - INFO - 数据库中检索答案
2018-09-23 21:58:38,314 - mylogger - INFO - 数据中无答案
2018-09-23 21:58:39,917 - mylogger - INFO - 在线检索答案：
2018-09-23 21:58:39,918 - mylogger - INFO - 我的答案：NROL-76
2018-09-23 21:58:40,587 - mylogger - INFO - 选择选项
2018-09-23 21:58:43,026 - mylogger - INFO - 答案正确
2018-09-23 21:58:43,026 - mylogger - INFO - 更新答案
2018-09-23 21:58:44,403 - mylogger - INFO - 本题结束
2018-09-23 21:58:44,404 - mylogger - INFO - 获取题目
2018-09-23 21:58:46,196 - mylogger - INFO - 第 5 题
2018-09-23 21:58:46,501 - mylogger - INFO - 形制完整的文人五言诗，最早出现的时期是：
2018-09-23 21:58:47,469 - mylogger - INFO - ['西汉', '东汉', '三国']
2018-09-23 21:58:47,474 - mylogger - INFO - 数据库中检索答案
2018-09-23 21:58:47,475 - mylogger - INFO - 数据中无答案
2018-09-23 21:58:49,152 - mylogger - INFO - 在线检索答案：东汉
2018-09-23 21:58:49,153 - mylogger - INFO - 我的答案：东汉
2018-09-23 21:58:49,857 - mylogger - INFO - 选择选项
2018-09-23 21:58:52,299 - mylogger - INFO - 答案错误
2018-09-23 21:58:52,437 - mylogger - INFO - 正确答案；西汉
2018-09-23 21:58:52,437 - mylogger - INFO - 更新答案
2018-09-23 21:58:53,831 - mylogger - INFO - 本题结束
2018-09-23 21:58:53,950 - mylogger - INFO - 本场比赛结束
2018-09-23 21:58:54,229 - mylogger - INFO - 返回游戏页面
2018-09-23 21:58:55,849 - mylogger - INFO - 进入排位赛
2018-09-23 21:58:55,849 - mylogger - INFO - 正在匹配中......
2018-09-23 21:59:12,047 - mylogger - INFO - 匹配成功
2018-09-23 21:59:12,048 - mylogger - INFO - 获取题目
2018-09-23 21:59:15,099 - mylogger - INFO - 第 1 题
2018-09-23 21:59:15,435 - mylogger - INFO - 享有“东方夏威夷”之称，泰国东海岸边的海景度假胜地叫什么？
2018-09-23 21:59:16,406 - mylogger - INFO - ['芭提雅', '巴厘岛', '普吉岛']
2018-09-23 21:59:16,413 - mylogger - INFO - 数据库中检索答案
2018-09-23 21:59:16,414 - mylogger - INFO - 数据中无答案
2018-09-23 21:59:18,213 - mylogger - INFO - 在线检索答案：芭提雅
2018-09-23 21:59:18,213 - mylogger - INFO - 我的答案：芭提雅
2018-09-23 21:59:18,784 - mylogger - INFO - 选择选项
2018-09-23 21:59:21,216 - mylogger - INFO - 答案正确
2018-09-23 21:59:21,216 - mylogger - INFO - 更新答案
2018-09-23 21:59:22,567 - mylogger - INFO - 本题结束
2018-09-23 21:59:22,568 - mylogger - INFO - 获取题目
2018-09-23 21:59:24,407 - mylogger - INFO - 第 2 题
2018-09-23 21:59:24,734 - mylogger - INFO - 春晚小品《拍电影》中的导演是谁出演的？
2018-09-23 21:59:25,762 - mylogger - INFO - ['朱时茂', '陈佩斯', '马季']
2018-09-23 21:59:25,767 - mylogger - INFO - 数据库中检索答案
2018-09-23 21:59:25,768 - mylogger - INFO - 数据中无答案
2018-09-23 21:59:27,053 - mylogger - INFO - 在线检索答案：陈佩斯
2018-09-23 21:59:27,053 - mylogger - INFO - 我的答案：陈佩斯
2018-09-23 21:59:27,611 - mylogger - INFO - 选择选项
2018-09-23 21:59:30,133 - mylogger - INFO - 答案错误
2018-09-23 21:59:30,264 - mylogger - INFO - 正确答案；朱时茂
2018-09-23 21:59:30,265 - mylogger - INFO - 更新答案
2018-09-23 21:59:33,818 - mylogger - INFO - 本题结束
2018-09-23 21:59:33,819 - mylogger - INFO - 获取题目
2018-09-23 21:59:36,824 - mylogger - INFO - 第 3 题
2018-09-23 21:59:37,143 - mylogger - INFO - 2009年第一季度和第二季度的总天数差异是？
2018-09-23 21:59:38,107 - mylogger - INFO - ['第二季度多一天', '一样多', '奖金高的季度多一天']
2018-09-23 21:59:38,112 - mylogger - INFO - 数据库中检索答案
2018-09-23 21:59:38,113 - mylogger - INFO - 数据中无答案
2018-09-23 21:59:39,844 - mylogger - INFO - 在线检索答案：
2018-09-23 21:59:39,846 - mylogger - INFO - 我的答案：第二季度多一天
2018-09-23 21:59:40,432 - mylogger - INFO - 选择选项
2018-09-23 21:59:42,927 - mylogger - INFO - 答案正确
2018-09-23 21:59:42,927 - mylogger - INFO - 更新答案
2018-09-23 21:59:45,422 - mylogger - INFO - 本题结束
2018-09-23 21:59:45,423 - mylogger - INFO - 获取题目
2018-09-23 21:59:48,551 - mylogger - INFO - 第 4 题
2018-09-23 21:59:48,863 - mylogger - INFO - 哈勃望远镜是以下什么望远镜？
2018-09-23 21:59:49,823 - mylogger - INFO - ['空间望远镜', '光学望远镜', '以上都不是']
2018-09-23 21:59:49,829 - mylogger - INFO - 数据库中检索答案
2018-09-23 21:59:49,830 - mylogger - INFO - 数据中无答案
2018-09-23 21:59:51,412 - mylogger - INFO - 在线检索答案：空间望远镜
2018-09-23 21:59:51,412 - mylogger - INFO - 我的答案：空间望远镜
2018-09-23 21:59:52,050 - mylogger - INFO - 选择选项
2018-09-23 21:59:54,453 - mylogger - INFO - 答案正确
2018-09-23 21:59:54,454 - mylogger - INFO - 更新答案
2018-09-23 21:59:55,814 - mylogger - INFO - 本题结束
2018-09-23 21:59:55,815 - mylogger - INFO - 获取题目
2018-09-23 21:59:57,637 - mylogger - INFO - 第 5 题
2018-09-23 21:59:57,999 - mylogger - INFO - “学我者生，似我者死”是哪位著名画家的名言？
2018-09-23 21:59:58,903 - mylogger - INFO - ['张大千', '齐白石', '徐悲鸿']
2018-09-23 21:59:58,908 - mylogger - INFO - 数据库中检索答案
2018-09-23 21:59:58,908 - mylogger - INFO - 数据中无答案
2018-09-23 22:00:00,438 - mylogger - INFO - 在线检索答案：齐白石
2018-09-23 22:00:00,438 - mylogger - INFO - 我的答案：齐白石
2018-09-23 22:00:01,095 - mylogger - INFO - 选择选项
2018-09-23 22:00:03,576 - mylogger - INFO - 答案正确
2018-09-23 22:00:03,577 - mylogger - INFO - 更新答案
2018-09-23 22:00:07,237 - mylogger - INFO - 本题结束
2018-09-23 22:00:07,364 - mylogger - INFO - 本场比赛结束
2018-09-23 22:00:07,637 - mylogger - INFO - 返回游戏页面
2018-09-23 22:00:09,352 - mylogger - INFO - 进入排位赛
2018-09-23 22:00:09,353 - mylogger - INFO - 正在匹配中......
2018-09-23 22:00:48,044 - mylogger - INFO - 匹配成功
2018-09-23 22:00:48,045 - mylogger - INFO - 获取题目
2018-09-23 22:00:51,122 - mylogger - INFO - 第 1 题
2018-09-23 22:00:51,425 - mylogger - INFO - 世界麻将组织于哪一年举办首届世界麻将锦标赛？
2018-09-23 22:00:52,459 - mylogger - INFO - ['2007年', '2008年', '2009年']
2018-09-23 22:00:52,464 - mylogger - INFO - 数据库中检索答案
2018-09-23 22:00:52,465 - mylogger - INFO - 数据中无答案
2018-09-23 22:00:53,276 - mylogger - INFO - 在线检索答案：2007年
2018-09-23 22:00:53,276 - mylogger - INFO - 我的答案：2007年
2018-09-23 22:00:53,838 - mylogger - INFO - 选择选项
2018-09-23 22:00:56,349 - mylogger - INFO - 答案正确
2018-09-23 22:00:56,349 - mylogger - INFO - 更新答案
2018-09-23 22:00:59,997 - mylogger - INFO - 本题结束
2018-09-23 22:00:59,998 - mylogger - INFO - 获取题目
2018-09-23 22:01:01,810 - mylogger - INFO - 第 2 题
2018-09-23 22:01:02,158 - mylogger - INFO - 我国最大的滑雪场是位于黑龙江的哪个滑雪场？
2018-09-23 22:01:03,144 - mylogger - INFO - ['明月岛滑雪场', '亚布力滑雪场', '牡丹峰滑雪场']
2018-09-23 22:01:03,148 - mylogger - INFO - 数据库中检索答案
2018-09-23 22:01:03,149 - mylogger - INFO - 数据中无答案
2018-09-23 22:01:04,024 - mylogger - INFO - 在线检索答案：亚布力滑雪场
2018-09-23 22:01:04,024 - mylogger - INFO - 我的答案：亚布力滑雪场
2018-09-23 22:01:04,635 - mylogger - INFO - 选择选项
2018-09-23 22:01:07,042 - mylogger - INFO - 答案正确
2018-09-23 22:01:07,043 - mylogger - INFO - 更新答案
2018-09-23 22:01:08,341 - mylogger - INFO - 本题结束
2018-09-23 22:01:08,342 - mylogger - INFO - 获取题目
2018-09-23 22:01:10,115 - mylogger - INFO - 第 3 题
2018-09-23 22:01:10,460 - mylogger - INFO - 麻团是一种古老的传统特色油炸面食，以下哪个不是它的别称？
2018-09-23 22:01:11,448 - mylogger - INFO - ['春盘', '煎堆', '珍袋']
2018-09-23 22:01:11,453 - mylogger - INFO - 数据库中检索答案
2018-09-23 22:01:11,453 - mylogger - INFO - 数据中无答案
2018-09-23 22:01:12,208 - mylogger - INFO - 在线检索答案：春盘
2018-09-23 22:01:12,209 - mylogger - INFO - 我的答案：春盘
2018-09-23 22:01:12,848 - mylogger - INFO - 选择选项
2018-09-23 22:01:15,269 - mylogger - INFO - 答案正确
2018-09-23 22:01:15,270 - mylogger - INFO - 更新答案
2018-09-23 22:01:19,885 - mylogger - INFO - 本题结束
2018-09-23 22:01:19,887 - mylogger - INFO - 获取题目
2018-09-23 22:01:22,889 - mylogger - INFO - 第 4 题
2018-09-23 22:01:23,203 - mylogger - INFO - 太阳的中心温度可达摄氏多少度左右？
2018-09-23 22:01:24,156 - mylogger - INFO - ['2万', '5000万', '1500万']
2018-09-23 22:01:24,160 - mylogger - INFO - 数据库中检索答案
2018-09-23 22:01:24,161 - mylogger - INFO - 数据中无答案
2018-09-23 22:01:25,018 - mylogger - INFO - 在线检索答案：1500万
2018-09-23 22:01:25,018 - mylogger - INFO - 我的答案：1500万
2018-09-23 22:01:25,580 - mylogger - INFO - 选择选项
2018-09-23 22:01:28,037 - mylogger - INFO - 答案正确
2018-09-23 22:01:28,037 - mylogger - INFO - 更新答案
2018-09-23 22:01:29,343 - mylogger - INFO - 本题结束
2018-09-23 22:01:29,344 - mylogger - INFO - 获取题目
2018-09-23 22:01:32,271 - mylogger - INFO - 第 5 题
2018-09-23 22:01:32,567 - mylogger - INFO - 下面哪个不是SUQQU的眼影色号？
2018-09-23 22:01:33,651 - mylogger - INFO - ['蜜茶', '红茶重', '花织']
2018-09-23 22:01:33,656 - mylogger - INFO - 数据库中检索答案
2018-09-23 22:01:33,656 - mylogger - INFO - 数据中无答案
2018-09-23 22:01:34,944 - mylogger - INFO - 在线检索答案：红茶重
2018-09-23 22:01:34,944 - mylogger - INFO - 我的答案：红茶重
2018-09-23 22:01:35,527 - mylogger - INFO - 选择选项
2018-09-23 22:01:38,004 - mylogger - INFO - 答案错误
2018-09-23 22:01:38,223 - mylogger - INFO - 正确答案；花织
2018-09-23 22:01:38,224 - mylogger - INFO - 更新答案
2018-09-23 22:01:39,546 - mylogger - INFO - 本题结束
2018-09-23 22:01:39,668 - mylogger - INFO - 本场比赛结束
2018-09-23 22:01:39,948 - mylogger - INFO - 返回游戏页面
2018-09-23 22:01:41,496 - mylogger - INFO - 进入排位赛
2018-09-23 22:01:41,497 - mylogger - INFO - 正在匹配中......
2018-09-23 22:02:08,865 - mylogger - INFO - 匹配成功
2018-09-23 22:02:08,866 - mylogger - INFO - 获取题目
2018-09-23 22:02:11,897 - mylogger - INFO - 第 1 题
2018-09-23 22:02:12,233 - mylogger - INFO - 空气是一种无色、无味、透明的混合气体，其中含哪种气体最多？
2018-09-23 22:02:13,186 - mylogger - INFO - ['氮气', '氧气', '二氧化碳']
2018-09-23 22:02:13,191 - mylogger - INFO - 数据库中检索答案
2018-09-23 22:02:13,192 - mylogger - INFO - 数据中无答案
2018-09-23 22:02:15,288 - mylogger - INFO - 在线检索答案：氮气
2018-09-23 22:02:15,289 - mylogger - INFO - 我的答案：氮气
2018-09-23 22:02:15,997 - mylogger - INFO - 选择选项
2018-09-23 22:02:18,452 - mylogger - INFO - 答案正确
2018-09-23 22:02:18,452 - mylogger - INFO - 更新答案
2018-09-23 22:02:19,791 - mylogger - INFO - 本题结束
2018-09-23 22:02:19,793 - mylogger - INFO - 获取题目
2018-09-23 22:02:21,650 - mylogger - INFO - 第 2 题
2018-09-23 22:02:22,007 - mylogger - INFO - 小明家里养了一只松狮，请问这是属于什么体型的狗?
2018-09-23 22:02:23,013 - mylogger - INFO - ['小型犬', '超大型犬', '中型犬']
2018-09-23 22:02:23,018 - mylogger - INFO - 数据库中检索答案
2018-09-23 22:02:23,018 - mylogger - INFO - 数据中无答案
2018-09-23 22:02:23,891 - mylogger - INFO - 在线检索答案：
2018-09-23 22:02:23,891 - mylogger - INFO - 我的答案：小型犬
2018-09-23 22:02:24,493 - mylogger - INFO - 选择选项
2018-09-23 22:02:27,062 - mylogger - INFO - 答案错误
2018-09-23 22:02:27,313 - mylogger - INFO - 正确答案；中型犬
2018-09-23 22:02:27,314 - mylogger - INFO - 更新答案
2018-09-23 22:02:29,739 - mylogger - INFO - 本题结束
2018-09-23 22:02:29,757 - mylogger - INFO - 获取题目
2018-09-23 22:02:32,926 - mylogger - INFO - 第 3 题
2018-09-23 22:02:33,255 - mylogger - INFO - 眼保健操的第三节是揉按颧骨处的哪个穴位？
2018-09-23 22:02:34,258 - mylogger - INFO - ['四白穴', '天应穴', '睛明穴']
2018-09-23 22:02:34,263 - mylogger - INFO - 数据库中检索答案
2018-09-23 22:02:34,264 - mylogger - INFO - 数据中无答案
2018-09-23 22:02:35,064 - mylogger - INFO - 在线检索答案：四白穴
2018-09-23 22:02:35,064 - mylogger - INFO - 我的答案：四白穴
2018-09-23 22:02:35,610 - mylogger - INFO - 选择选项
2018-09-23 22:02:38,074 - mylogger - INFO - 答案正确
2018-09-23 22:02:38,075 - mylogger - INFO - 更新答案
2018-09-23 22:02:41,595 - mylogger - INFO - 本题结束
2018-09-23 22:02:41,597 - mylogger - INFO - 获取题目
2018-09-23 22:02:44,668 - mylogger - INFO - 第 4 题
2018-09-23 22:02:45,034 - mylogger - INFO - 我国第一次参加冬奥会是在哪一年？
2018-09-23 22:02:45,938 - mylogger - INFO - ['1981年', '1985年', '1980年']
2018-09-23 22:02:45,943 - mylogger - INFO - 数据库中检索答案
2018-09-23 22:02:45,943 - mylogger - INFO - 数据中无答案
2018-09-23 22:02:46,838 - mylogger - INFO - 在线检索答案：1980年
2018-09-23 22:02:46,839 - mylogger - INFO - 我的答案：1980年
2018-09-23 22:02:47,451 - mylogger - INFO - 选择选项
2018-09-23 22:02:49,916 - mylogger - INFO - 答案正确
2018-09-23 22:02:49,916 - mylogger - INFO - 更新答案
2018-09-23 22:02:52,321 - mylogger - INFO - 本题结束
2018-09-23 22:02:52,322 - mylogger - INFO - 获取题目
2018-09-23 22:02:54,238 - mylogger - INFO - 第 5 题
2018-09-23 22:02:54,542 - mylogger - INFO - 南方农村许多地区在春耕前过“牛节”。人们喂牛吃什么？
2018-09-23 22:02:55,546 - mylogger - INFO - ['糯米饭团', '豆渣饼', '草']
2018-09-23 22:02:55,551 - mylogger - INFO - 数据库中检索答案
2018-09-23 22:02:55,552 - mylogger - INFO - 数据中无答案
2018-09-23 22:02:57,164 - mylogger - INFO - 在线检索答案：草
2018-09-23 22:02:57,164 - mylogger - INFO - 我的答案：草
2018-09-23 22:02:57,807 - mylogger - INFO - 选择选项
2018-09-23 22:03:00,296 - mylogger - INFO - 答案错误
2018-09-23 22:03:00,599 - mylogger - INFO - 正确答案；糯米饭团
2018-09-23 22:03:00,600 - mylogger - INFO - 更新答案
2018-09-23 22:03:00,785 - mylogger - INFO - 本题结束
2018-09-23 22:03:00,931 - mylogger - INFO - 本场比赛结束
2018-09-23 22:03:01,200 - mylogger - INFO - 返回游戏页面
2018-09-23 22:03:02,844 - mylogger - INFO - 进入排位赛
2018-09-23 22:03:02,844 - mylogger - INFO - 正在匹配中......
2018-09-23 22:03:50,355 - mylogger - INFO - 匹配成功
2018-09-23 22:03:50,355 - mylogger - INFO - 获取题目
2018-09-23 22:03:53,306 - mylogger - INFO - 第 1 题
2018-09-23 22:03:53,614 - mylogger - INFO - 在日本被称为“流行教主”的明星是谁？
2018-09-23 22:03:54,589 - mylogger - INFO - ['滨崎步', '安室奈美惠', '花泽香菜']
2018-09-23 22:03:54,594 - mylogger - INFO - 数据库中检索答案
2018-09-23 22:03:54,594 - mylogger - INFO - 数据中无答案
2018-09-23 22:03:55,445 - mylogger - INFO - 在线检索答案：滨崎步
2018-09-23 22:03:55,445 - mylogger - INFO - 我的答案：滨崎步
2018-09-23 22:03:56,042 - mylogger - INFO - 选择选项
2018-09-23 22:03:58,435 - mylogger - INFO - 答案正确
2018-09-23 22:03:58,436 - mylogger - INFO - 更新答案
2018-09-23 22:04:06,403 - mylogger - INFO - 本题结束
2018-09-23 22:04:06,404 - mylogger - INFO - 获取题目
2018-09-23 22:04:09,440 - mylogger - INFO - 第 2 题
2018-09-23 22:04:09,754 - mylogger - INFO - 诗句“爆竹声中一岁除，春风送暖入屠苏。”中的屠苏指什么？
2018-09-23 22:04:10,707 - mylogger - INFO - ['代指百姓', '代指屠苏酒', '代指房子']
2018-09-23 22:04:10,711 - mylogger - INFO - 数据库中检索答案
2018-09-23 22:04:10,711 - mylogger - INFO - 数据中无答案
2018-09-23 22:04:12,454 - mylogger - INFO - 在线检索答案：
2018-09-23 22:04:12,454 - mylogger - INFO - 我的答案：代指百姓
2018-09-23 22:04:13,054 - mylogger - INFO - 选择选项
2018-09-23 22:04:15,555 - mylogger - INFO - 答案错误
2018-09-23 22:04:15,694 - mylogger - INFO - 正确答案；代指屠苏酒
2018-09-23 22:04:15,695 - mylogger - INFO - 更新答案
2018-09-23 22:04:20,516 - mylogger - INFO - 本题结束
2018-09-23 22:04:20,517 - mylogger - INFO - 获取题目
2018-09-23 22:04:23,507 - mylogger - INFO - 第 3 题
2018-09-23 22:04:23,827 - mylogger - INFO - 在郭敬明执导的《小时代》电影中，顾里和顾准是什么关系？
2018-09-23 22:04:24,764 - mylogger - INFO - ['兄妹', '姐弟', '母子']
2018-09-23 22:04:24,768 - mylogger - INFO - 数据库中检索答案
2018-09-23 22:04:24,769 - mylogger - INFO - 数据中无答案
2018-09-23 22:04:25,659 - mylogger - INFO - 在线检索答案：
2018-09-23 22:04:25,659 - mylogger - INFO - 我的答案：兄妹
2018-09-23 22:04:26,247 - mylogger - INFO - 选择选项
2018-09-23 22:04:28,666 - mylogger - INFO - 答案错误
2018-09-23 22:04:28,800 - mylogger - INFO - 正确答案；姐弟
2018-09-23 22:04:28,801 - mylogger - INFO - 更新答案
2018-09-23 22:04:30,101 - mylogger - INFO - 本题结束
2018-09-23 22:04:30,103 - mylogger - INFO - 获取题目
2018-09-23 22:04:31,911 - mylogger - INFO - 第 4 题
2018-09-23 22:04:32,215 - mylogger - INFO - 6个钥匙6把锁，现在不知道怎么开锁，那么最多要试几次才能把锁都打开？
2018-09-23 22:04:33,140 - mylogger - INFO - ['21', '24', '6']
2018-09-23 22:04:33,144 - mylogger - INFO - 数据库中检索答案
2018-09-23 22:04:33,145 - mylogger - INFO - 数据中无答案
2018-09-23 22:04:34,361 - mylogger - INFO - 在线检索答案：24
2018-09-23 22:04:34,361 - mylogger - INFO - 我的答案：24
2018-09-23 22:04:34,904 - mylogger - INFO - 选择选项
2018-09-23 22:04:37,379 - mylogger - INFO - 答案错误
2018-09-23 22:04:37,499 - mylogger - INFO - 正确答案；21
2018-09-23 22:04:37,499 - mylogger - INFO - 更新答案
2018-09-23 22:04:43,308 - mylogger - INFO - 本题结束
2018-09-23 22:04:43,309 - mylogger - INFO - 获取题目
2018-09-23 22:04:46,276 - mylogger - INFO - 第 5 题
2018-09-23 22:04:46,584 - mylogger - INFO - 哪款战机世界上第一种实用化的具有超音速平飞能力的喷气式战斗机？
2018-09-23 22:04:47,568 - mylogger - INFO - ['F-100“超级佩刀”', '米格-15战斗机', 'F-86F“佩刀”']
2018-09-23 22:04:47,572 - mylogger - INFO - 数据库中检索答案
2018-09-23 22:04:47,573 - mylogger - INFO - 数据中无答案
2018-09-23 22:04:48,497 - mylogger - INFO - 在线检索答案：
2018-09-23 22:04:48,497 - mylogger - INFO - 我的答案：F-100“超级佩刀”
2018-09-23 22:04:49,044 - mylogger - INFO - 选择选项
2018-09-23 22:04:51,534 - mylogger - INFO - 答案正确
2018-09-23 22:04:51,534 - mylogger - INFO - 更新答案
2018-09-23 22:04:55,144 - mylogger - INFO - 本题结束
2018-09-23 22:04:55,256 - mylogger - INFO - 本场比赛结束
2018-09-23 22:04:55,516 - mylogger - INFO - 返回游戏页面
2018-09-23 22:04:57,156 - mylogger - INFO - 进入排位赛
2018-09-23 22:04:57,157 - mylogger - INFO - 正在匹配中......
2018-09-23 22:05:22,325 - mylogger - INFO - 匹配成功
2018-09-23 22:05:22,325 - mylogger - INFO - 获取题目
2018-09-23 22:05:25,318 - mylogger - INFO - 第 1 题
2018-09-23 22:05:25,653 - mylogger - INFO - 猎户座中最亮的是哪一个星？
2018-09-23 22:05:26,660 - mylogger - INFO - ['β星', 'α星', 'δ星']
2018-09-23 22:05:26,666 - mylogger - INFO - 数据库中检索答案
2018-09-23 22:05:26,666 - mylogger - INFO - 数据中无答案
2018-09-23 22:05:27,607 - mylogger - INFO - 在线检索答案：β星
2018-09-23 22:05:27,608 - mylogger - INFO - 我的答案：β星
2018-09-23 22:05:28,189 - mylogger - INFO - 选择选项
2018-09-23 22:05:30,610 - mylogger - INFO - 答案正确
2018-09-23 22:05:30,610 - mylogger - INFO - 更新答案
2018-09-23 22:05:33,026 - mylogger - INFO - 本题结束
2018-09-23 22:05:33,029 - mylogger - INFO - 获取题目
2018-09-23 22:05:34,906 - mylogger - INFO - 第 2 题
2018-09-23 22:05:35,258 - mylogger - INFO - 以下哪一架是世界上最大的轰炸机？
2018-09-23 22:05:36,266 - mylogger - INFO - ['B-52', '图-95', '图-160']
2018-09-23 22:05:36,270 - mylogger - INFO - 数据库中检索答案
2018-09-23 22:05:36,271 - mylogger - INFO - 数据中无答案
2018-09-23 22:05:37,541 - mylogger - INFO - 在线检索答案：B-52
2018-09-23 22:05:37,542 - mylogger - INFO - 我的答案：B-52
2018-09-23 22:05:38,093 - mylogger - INFO - 选择选项
2018-09-23 22:05:40,531 - mylogger - INFO - 答案错误
2018-09-23 22:05:40,747 - mylogger - INFO - 正确答案；图-160
2018-09-23 22:05:40,748 - mylogger - INFO - 更新答案
2018-09-23 22:05:42,082 - mylogger - INFO - 本题结束
2018-09-23 22:05:42,083 - mylogger - INFO - 获取题目
2018-09-23 22:05:43,978 - mylogger - INFO - 第 3 题
2018-09-23 22:05:44,318 - mylogger - INFO - 在2016年《南都娱乐周刊》评选的“90后四小花旦”中，不包括谁？
2018-09-23 22:05:45,291 - mylogger - INFO - ['关晓彤', '周冬雨', '迪丽热巴']
2018-09-23 22:05:45,296 - mylogger - INFO - 数据库中检索答案
2018-09-23 22:05:45,296 - mylogger - INFO - 数据中无答案
2018-09-23 22:05:46,149 - mylogger - INFO - 在线检索答案：迪丽热巴
2018-09-23 22:05:46,150 - mylogger - INFO - 我的答案：迪丽热巴
2018-09-23 22:05:46,807 - mylogger - INFO - 选择选项
2018-09-23 22:05:49,337 - mylogger - INFO - 答案正确
2018-09-23 22:05:49,337 - mylogger - INFO - 更新答案
2018-09-23 22:05:52,807 - mylogger - INFO - 本题结束
2018-09-23 22:05:52,808 - mylogger - INFO - 获取题目
2018-09-23 22:05:55,815 - mylogger - INFO - 第 4 题
2018-09-23 22:05:56,131 - mylogger - INFO - 美国第十六任总统是谁？
2018-09-23 22:05:57,151 - mylogger - INFO - ['罗斯福', '里根', '林肯']
2018-09-23 22:05:57,155 - mylogger - INFO - 数据库中检索答案
2018-09-23 22:05:57,156 - mylogger - INFO - 数据中无答案
2018-09-23 22:05:58,029 - mylogger - INFO - 在线检索答案：林肯
2018-09-23 22:05:58,030 - mylogger - INFO - 我的答案：林肯
2018-09-23 22:05:58,596 - mylogger - INFO - 选择选项
2018-09-23 22:06:01,056 - mylogger - INFO - 答案正确
2018-09-23 22:06:01,057 - mylogger - INFO - 更新答案
2018-09-23 22:06:02,334 - mylogger - INFO - 本题结束
2018-09-23 22:06:02,335 - mylogger - INFO - 获取题目
2018-09-23 22:06:04,207 - mylogger - INFO - 第 5 题
2018-09-23 22:06:04,511 - mylogger - INFO - 1只猴重4千克，等于2只兔或4只猫的质量，1只兔和1只猫共重多少？
2018-09-23 22:06:05,476 - mylogger - INFO - ['2千克', '3千克', '2.5千克']
2018-09-23 22:06:05,481 - mylogger - INFO - 数据库中检索答案
2018-09-23 22:06:05,481 - mylogger - INFO - 数据中无答案
2018-09-23 22:06:07,129 - mylogger - INFO - 在线检索答案：2千克
2018-09-23 22:06:07,129 - mylogger - INFO - 我的答案：2千克
2018-09-23 22:06:07,730 - mylogger - INFO - 选择选项
2018-09-23 22:06:10,168 - mylogger - INFO - 答案错误
2018-09-23 22:06:10,304 - mylogger - INFO - 正确答案；3千克
2018-09-23 22:06:10,305 - mylogger - INFO - 更新答案
2018-09-23 22:06:13,955 - mylogger - INFO - 本题结束
2018-09-23 22:06:14,089 - mylogger - INFO - 本场比赛结束
2018-09-23 22:06:14,372 - mylogger - INFO - 返回游戏页面
2018-09-23 22:06:16,024 - mylogger - INFO - 进入排位赛
2018-09-23 22:06:16,024 - mylogger - INFO - 正在匹配中......
2018-09-23 22:06:23,140 - mylogger - INFO - 匹配成功
2018-09-23 22:06:23,140 - mylogger - INFO - 获取题目
2018-09-23 22:06:26,119 - mylogger - INFO - 第 1 题
2018-09-23 22:06:26,466 - mylogger - INFO - 获得了2017微博之夜“微博Queen”的女明星是？
2018-09-23 22:06:27,456 - mylogger - INFO - ['唐嫣', '范冰冰', '杨幂']
2018-09-23 22:06:27,462 - mylogger - INFO - 数据库中检索答案
2018-09-23 22:06:27,462 - mylogger - INFO - 数据中无答案
2018-09-23 22:06:29,149 - mylogger - INFO - 在线检索答案：杨幂
2018-09-23 22:06:29,150 - mylogger - INFO - 我的答案：杨幂
2018-09-23 22:06:29,748 - mylogger - INFO - 选择选项
2018-09-23 22:06:32,178 - mylogger - INFO - 答案正确
2018-09-23 22:06:32,178 - mylogger - INFO - 更新答案
2018-09-23 22:06:33,541 - mylogger - INFO - 本题结束
2018-09-23 22:06:33,542 - mylogger - INFO - 获取题目
2018-09-23 22:06:35,386 - mylogger - INFO - 第 2 题
2018-09-23 22:06:35,688 - mylogger - INFO - 著名珠宝品牌蒂芙尼的代表色是哪个颜色？
2018-09-23 22:06:36,692 - mylogger - INFO - ['蓝色', '黄色', '粉色']
2018-09-23 22:06:36,697 - mylogger - INFO - 数据库中检索答案
2018-09-23 22:06:36,698 - mylogger - INFO - 数据中无答案
2018-09-23 22:06:37,671 - mylogger - INFO - 在线检索答案：蓝色
2018-09-23 22:06:37,671 - mylogger - INFO - 我的答案：蓝色
2018-09-23 22:06:38,213 - mylogger - INFO - 选择选项
2018-09-23 22:06:40,674 - mylogger - INFO - 答案正确
2018-09-23 22:06:40,675 - mylogger - INFO - 更新答案
2018-09-23 22:06:42,074 - mylogger - INFO - 本题结束
2018-09-23 22:06:42,075 - mylogger - INFO - 获取题目
2018-09-23 22:06:45,012 - mylogger - INFO - 第 3 题
2018-09-23 22:06:45,304 - mylogger - INFO - 名句“置酒高堂，悲歌临觞。人寿几何，逝如朝霜”出自哪位诗人？
2018-09-23 22:06:46,257 - mylogger - INFO - ['阮籍', '陆机', '曹操']
2018-09-23 22:06:46,262 - mylogger - INFO - 数据库中检索答案
2018-09-23 22:06:46,263 - mylogger - INFO - 数据中无答案
2018-09-23 22:06:47,997 - mylogger - INFO - 在线检索答案：陆机
2018-09-23 22:06:47,997 - mylogger - INFO - 我的答案：陆机
2018-09-23 22:06:48,587 - mylogger - INFO - 选择选项
2018-09-23 22:06:50,992 - mylogger - INFO - 答案正确
2018-09-23 22:06:50,992 - mylogger - INFO - 更新答案
2018-09-23 22:06:53,435 - mylogger - INFO - 本题结束
2018-09-23 22:06:53,437 - mylogger - INFO - 获取题目
2018-09-23 22:06:55,241 - mylogger - INFO - 第 4 题
2018-09-23 22:06:55,549 - mylogger - INFO - 全球第一款安卓手机是哪家企业生产的？
2018-09-23 22:06:56,553 - mylogger - INFO - ['Google', 'HTC', '三星']
2018-09-23 22:06:56,559 - mylogger - INFO - 数据库中检索答案
2018-09-23 22:06:56,559 - mylogger - INFO - 数据中无答案
2018-09-23 22:06:57,928 - mylogger - INFO - 在线检索答案：HTC
2018-09-23 22:06:57,928 - mylogger - INFO - 我的答案：HTC
2018-09-23 22:06:58,541 - mylogger - INFO - 选择选项
2018-09-23 22:07:00,973 - mylogger - INFO - 答案正确
2018-09-23 22:07:00,974 - mylogger - INFO - 更新答案
2018-09-23 22:07:03,425 - mylogger - INFO - 本题结束
2018-09-23 22:07:03,426 - mylogger - INFO - 获取题目
2018-09-23 22:07:06,437 - mylogger - INFO - 第 5 题
2018-09-23 22:07:06,749 - mylogger - INFO - 2500平方厘米等于多少平方米？
2018-09-23 22:07:07,685 - mylogger - INFO - ['0.25平方米', '0.025平方米', '25平方米']
2018-09-23 22:07:07,689 - mylogger - INFO - 数据库中检索答案
2018-09-23 22:07:07,689 - mylogger - INFO - 数据中无答案
2018-09-23 22:07:08,516 - mylogger - INFO - 在线检索答案：25平方米
2018-09-23 22:07:08,516 - mylogger - INFO - 我的答案：25平方米
2018-09-23 22:07:09,049 - mylogger - INFO - 选择选项
2018-09-23 22:07:11,586 - mylogger - INFO - 答案错误
2018-09-23 22:07:11,730 - mylogger - INFO - 正确答案；0.25平方米
2018-09-23 22:07:11,730 - mylogger - INFO - 更新答案
2018-09-23 22:07:14,121 - mylogger - INFO - 本题结束
2018-09-23 22:07:14,278 - mylogger - INFO - 本场比赛结束
2018-09-23 22:07:14,550 - mylogger - INFO - 返回游戏页面
2018-09-23 22:07:16,095 - mylogger - INFO - 进入排位赛
2018-09-23 22:07:16,095 - mylogger - INFO - 正在匹配中......
2018-09-23 22:08:09,577 - mylogger - INFO - 匹配成功
2018-09-23 22:08:09,578 - mylogger - INFO - 获取题目
2018-09-23 22:08:12,564 - mylogger - INFO - 第 1 题
2018-09-23 22:08:12,882 - mylogger - INFO - 下列哪个国家的国旗是由三种颜色构成的？
2018-09-23 22:08:13,828 - mylogger - INFO - ['古巴', '乌克兰', '日本']
2018-09-23 22:08:13,833 - mylogger - INFO - 数据库中检索答案
2018-09-23 22:08:13,833 - mylogger - INFO - 数据中无答案
2018-09-23 22:08:15,542 - mylogger - INFO - 在线检索答案：
2018-09-23 22:08:15,543 - mylogger - INFO - 我的答案：古巴
2018-09-23 22:08:16,128 - mylogger - INFO - 选择选项
2018-09-23 22:08:18,617 - mylogger - INFO - 答案正确
2018-09-23 22:08:18,617 - mylogger - INFO - 更新答案
2018-09-23 22:08:23,404 - mylogger - INFO - 本题结束
2018-09-23 22:08:23,405 - mylogger - INFO - 获取题目
2018-09-23 22:08:25,174 - mylogger - INFO - 第 2 题
2018-09-23 22:08:25,506 - mylogger - INFO - 第一位把中国禅宗茶理带到日本的僧人是谁？
2018-09-23 22:08:26,470 - mylogger - INFO - ['玄奘', '皎然', '荣西禅师']
2018-09-23 22:08:26,475 - mylogger - INFO - 数据库中检索答案
2018-09-23 22:08:26,475 - mylogger - INFO - 数据中无答案
2018-09-23 22:08:27,322 - mylogger - INFO - 在线检索答案：玄奘
2018-09-23 22:08:27,323 - mylogger - INFO - 我的答案：玄奘
2018-09-23 22:08:27,852 - mylogger - INFO - 选择选项
2018-09-23 22:08:30,349 - mylogger - INFO - 答案错误
2018-09-23 22:08:30,548 - mylogger - INFO - 正确答案；荣西禅师
2018-09-23 22:08:30,548 - mylogger - INFO - 更新答案
2018-09-23 22:08:36,362 - mylogger - INFO - 本题结束
2018-09-23 22:08:36,363 - mylogger - INFO - 获取题目
2018-09-23 22:08:38,183 - mylogger - INFO - 第 3 题
2018-09-23 22:08:38,510 - mylogger - INFO - “东风无力，欲皱还休”是以下哪首词中的语句？
2018-09-23 22:08:39,408 - mylogger - INFO - ['点绛唇', '眼儿媚', '巽离络']
2018-09-23 22:08:39,413 - mylogger - INFO - 数据库中检索答案
2018-09-23 22:08:39,414 - mylogger - INFO - 数据中无答案
2018-09-23 22:08:41,544 - mylogger - INFO - 在线检索答案：眼儿媚
2018-09-23 22:08:41,545 - mylogger - INFO - 我的答案：眼儿媚
2018-09-23 22:08:42,113 - mylogger - INFO - 选择选项
2018-09-23 22:08:44,585 - mylogger - INFO - 答案正确
2018-09-23 22:08:44,586 - mylogger - INFO - 更新答案
2018-09-23 22:08:48,241 - mylogger - INFO - 本题结束
2018-09-23 22:08:48,242 - mylogger - INFO - 获取题目
2018-09-23 22:08:50,050 - mylogger - INFO - 第 4 题
2018-09-23 22:08:50,370 - mylogger - INFO - 电视剧《秦时明月》的演员包括？
2018-09-23 22:08:51,274 - mylogger - INFO - ['彭于晏', '陈妍希', '昆凌']
2018-09-23 22:08:51,279 - mylogger - INFO - 数据库中检索答案
2018-09-23 22:08:51,279 - mylogger - INFO - 数据中无答案
2018-09-23 22:08:52,118 - mylogger - INFO - 在线检索答案：陈妍希
2018-09-23 22:08:52,119 - mylogger - INFO - 我的答案：陈妍希
2018-09-23 22:08:52,754 - mylogger - INFO - 选择选项
2018-09-23 22:08:55,257 - mylogger - INFO - 答案正确
2018-09-23 22:08:55,258 - mylogger - INFO - 更新答案
2018-09-23 22:08:58,796 - mylogger - INFO - 本题结束
2018-09-23 22:08:58,797 - mylogger - INFO - 获取题目
2018-09-23 22:09:00,682 - mylogger - INFO - 第 5 题
2018-09-23 22:09:00,983 - mylogger - INFO - “吴宫花草埋幽径，晋代衣冠成古丘”出自谁的诗？
2018-09-23 22:09:01,939 - mylogger - INFO - ['王维', '杜牧', '李白']
2018-09-23 22:09:01,943 - mylogger - INFO - 数据库中检索答案
2018-09-23 22:09:01,944 - mylogger - INFO - 数据中无答案
2018-09-23 22:09:03,173 - mylogger - INFO - 在线检索答案：李白
2018-09-23 22:09:03,173 - mylogger - INFO - 我的答案：李白
2018-09-23 22:09:03,714 - mylogger - INFO - 选择选项
2018-09-23 22:09:06,134 - mylogger - INFO - 答案正确
2018-09-23 22:09:06,134 - mylogger - INFO - 更新答案
2018-09-23 22:09:10,858 - mylogger - INFO - 本题结束
2018-09-23 22:09:11,018 - mylogger - INFO - 本场比赛结束
2018-09-23 22:09:11,286 - mylogger - INFO - 返回游戏页面
2018-09-23 22:09:12,891 - mylogger - INFO - 进入排位赛
2018-09-23 22:09:12,891 - mylogger - INFO - 正在匹配中......
2018-09-23 22:09:31,103 - mylogger - INFO - 匹配成功
2018-09-23 22:09:31,103 - mylogger - INFO - 获取题目
2018-09-23 22:09:34,139 - mylogger - INFO - 第 1 题
2018-09-23 22:09:34,447 - mylogger - INFO - 2018年春晚有一件珍贵的国家宝藏回归了，它是？
2018-09-23 22:09:35,507 - mylogger - INFO - ['商虎食人卣', '潇湘卧游图卷', '丝路山水地图']
2018-09-23 22:09:35,510 - mylogger - INFO - 数据库中检索答案
2018-09-23 22:09:35,511 - mylogger - INFO - 数据中无答案
2018-09-23 22:09:36,239 - mylogger - INFO - 在线检索答案：丝路山水地图
2018-09-23 22:09:36,240 - mylogger - INFO - 我的答案：丝路山水地图
2018-09-23 22:09:36,815 - mylogger - INFO - 选择选项
2018-09-23 22:09:39,171 - mylogger - INFO - 答案正确
2018-09-23 22:09:39,891 - mylogger - INFO - 更新答案
2018-09-23 22:09:43,555 - mylogger - INFO - 本题结束
2018-09-23 22:09:43,562 - mylogger - INFO - 获取题目
2018-09-23 22:09:45,507 - mylogger - INFO - 第 2 题
2018-09-23 22:09:45,829 - mylogger - INFO - 下列哪个是有生命的物体？
2018-09-23 22:09:46,764 - mylogger - INFO - ['机器人', '气体', '小草']
2018-09-23 22:09:46,770 - mylogger - INFO - 数据库中检索答案
2018-09-23 22:09:46,770 - mylogger - INFO - 数据中无答案
2018-09-23 22:09:48,010 - mylogger - INFO - 在线检索答案：
2018-09-23 22:09:48,010 - mylogger - INFO - 我的答案：机器人
2018-09-23 22:09:48,601 - mylogger - INFO - 选择选项
2018-09-23 22:09:51,003 - mylogger - INFO - 答案错误
2018-09-23 22:09:51,210 - mylogger - INFO - 正确答案；小草
2018-09-23 22:09:51,211 - mylogger - INFO - 更新答案
2018-09-23 22:09:53,635 - mylogger - INFO - 本题结束
2018-09-23 22:09:53,637 - mylogger - INFO - 获取题目
2018-09-23 22:09:55,417 - mylogger - INFO - 第 3 题
2018-09-23 22:09:55,725 - mylogger - INFO - 小明家住在5楼，小明从一楼回到家共爬了几层楼梯？
2018-09-23 22:09:56,757 - mylogger - INFO - ['4层', '6层', '3层']
2018-09-23 22:09:56,763 - mylogger - INFO - 数据库中检索答案
2018-09-23 22:09:56,763 - mylogger - INFO - 数据中无答案
2018-09-23 22:09:57,945 - mylogger - INFO - 在线检索答案：
2018-09-23 22:09:57,946 - mylogger - INFO - 我的答案：4层
2018-09-23 22:09:58,568 - mylogger - INFO - 选择选项
2018-09-23 22:10:01,007 - mylogger - INFO - 答案正确
2018-09-23 22:10:01,008 - mylogger - INFO - 更新答案
2018-09-23 22:10:02,334 - mylogger - INFO - 本题结束
2018-09-23 22:10:02,335 - mylogger - INFO - 获取题目
2018-09-23 22:10:04,153 - mylogger - INFO - 第 4 题
2018-09-23 22:10:04,485 - mylogger - INFO - 下列哪位明星担任过电视节目《我是歌手 第一季》的嘉宾？
2018-09-23 22:10:05,422 - mylogger - INFO - ['Jessie J', '黄贯中', '迪丽热巴']
2018-09-23 22:10:05,426 - mylogger - INFO - 数据库中检索答案
2018-09-23 22:10:05,427 - mylogger - INFO - 数据中无答案
2018-09-23 22:10:06,665 - mylogger - INFO - 在线检索答案：黄贯中
2018-09-23 22:10:06,666 - mylogger - INFO - 我的答案：黄贯中
2018-09-23 22:10:07,242 - mylogger - INFO - 选择选项
2018-09-23 22:10:09,653 - mylogger - INFO - 答案正确
2018-09-23 22:10:09,654 - mylogger - INFO - 更新答案
2018-09-23 22:10:12,090 - mylogger - INFO - 本题结束
2018-09-23 22:10:12,091 - mylogger - INFO - 获取题目
2018-09-23 22:10:13,889 - mylogger - INFO - 第 5 题
2018-09-23 22:10:14,173 - mylogger - INFO - 《王者荣耀》中英雄周瑜的定位是下列哪一个？
2018-09-23 22:10:15,109 - mylogger - INFO - ['辅助', '刺客', '法师']
2018-09-23 22:10:15,114 - mylogger - INFO - 数据库中检索答案
2018-09-23 22:10:15,114 - mylogger - INFO - 数据中无答案
2018-09-23 22:10:16,384 - mylogger - INFO - 在线检索答案：法师
2018-09-23 22:10:16,384 - mylogger - INFO - 我的答案：法师
2018-09-23 22:10:17,021 - mylogger - INFO - 选择选项
2018-09-23 22:10:19,639 - mylogger - INFO - 答案正确
2018-09-23 22:10:19,639 - mylogger - INFO - 更新答案
2018-09-23 22:10:19,816 - mylogger - INFO - 本题结束
2018-09-23 22:10:20,025 - mylogger - INFO - 本场比赛结束
2018-09-23 22:10:20,291 - mylogger - INFO - 返回游戏页面
2018-09-23 22:10:21,909 - mylogger - INFO - 进入排位赛
2018-09-23 22:10:21,911 - mylogger - INFO - 正在匹配中......
2018-09-23 22:10:29,055 - mylogger - INFO - 匹配成功
2018-09-23 22:10:29,055 - mylogger - INFO - 获取题目
2018-09-23 22:10:32,015 - mylogger - INFO - 第 1 题
2018-09-23 22:10:32,388 - mylogger - INFO - 《火影忍者》在忍者的打斗中经常用来脱身的忍术是什么？
2018-09-23 22:10:33,362 - mylogger - INFO - ['替身术', '变身术', '分身术']
2018-09-23 22:10:33,367 - mylogger - INFO - 数据库中检索答案
2018-09-23 22:10:33,368 - mylogger - INFO - 数据中无答案
2018-09-23 22:10:34,218 - mylogger - INFO - 在线检索答案：分身术
2018-09-23 22:10:34,218 - mylogger - INFO - 我的答案：分身术
2018-09-23 22:10:34,762 - mylogger - INFO - 选择选项
2018-09-23 22:10:37,320 - mylogger - INFO - 答案错误
2018-09-23 22:10:37,478 - mylogger - INFO - 正确答案；替身术
2018-09-23 22:10:37,479 - mylogger - INFO - 更新答案
2018-09-23 22:10:40,013 - mylogger - INFO - 本题结束
2018-09-23 22:10:40,015 - mylogger - INFO - 获取题目
2018-09-23 22:10:43,104 - mylogger - INFO - 第 2 题
2018-09-23 22:10:43,419 - mylogger - INFO - 哪个篮球运动员获得CBA历史上首个常规赛MVP？
2018-09-23 22:10:44,387 - mylogger - INFO - ['孙军', '李楠', '胡卫东']
2018-09-23 22:10:44,392 - mylogger - INFO - 数据库中检索答案
2018-09-23 22:10:44,392 - mylogger - INFO - 数据中无答案
2018-09-23 22:10:45,270 - mylogger - INFO - 在线检索答案：胡卫东
2018-09-23 22:10:45,270 - mylogger - INFO - 我的答案：胡卫东
2018-09-23 22:10:45,848 - mylogger - INFO - 选择选项
2018-09-23 22:10:48,391 - mylogger - INFO - 答案正确
2018-09-23 22:10:48,392 - mylogger - INFO - 更新答案
2018-09-23 22:10:51,923 - mylogger - INFO - 本题结束
2018-09-23 22:10:51,925 - mylogger - INFO - 获取题目
2018-09-23 22:10:54,919 - mylogger - INFO - 第 3 题
2018-09-23 22:10:55,206 - mylogger - INFO - 著名跳水运动员伏明霞赢得第一个奥运冠军时多少岁？
2018-09-23 22:10:56,200 - mylogger - INFO - ['20岁', '16岁', '14岁']
2018-09-23 22:10:56,205 - mylogger - INFO - 数据库中检索答案
2018-09-23 22:10:56,205 - mylogger - INFO - 数据中无答案
2018-09-23 22:10:56,951 - mylogger - INFO - 在线检索答案：14岁
2018-09-23 22:10:56,951 - mylogger - INFO - 我的答案：14岁
2018-09-23 22:10:57,603 - mylogger - INFO - 选择选项
2018-09-23 22:10:59,973 - mylogger - INFO - 答案正确
2018-09-23 22:10:59,973 - mylogger - INFO - 更新答案
2018-09-23 22:11:02,448 - mylogger - INFO - 本题结束
2018-09-23 22:11:02,450 - mylogger - INFO - 获取题目
2018-09-23 22:11:05,548 - mylogger - INFO - 第 4 题
2018-09-23 22:11:05,868 - mylogger - INFO - 下列哪项是碳水化合物的生理作用 
2018-09-23 22:11:06,857 - mylogger - INFO - ['供给热能', '储存热能', '维持体内环境稳定']
2018-09-23 22:11:06,862 - mylogger - INFO - 数据库中检索答案
2018-09-23 22:11:06,862 - mylogger - INFO - 数据中无答案
2018-09-23 22:11:07,701 - mylogger - INFO - 在线检索答案：供给热能
2018-09-23 22:11:07,701 - mylogger - INFO - 我的答案：供给热能
2018-09-23 22:11:08,250 - mylogger - INFO - 选择选项
2018-09-23 22:11:10,638 - mylogger - INFO - 答案正确
2018-09-23 22:11:10,639 - mylogger - INFO - 更新答案
2018-09-23 22:11:15,359 - mylogger - INFO - 本题结束
2018-09-23 22:11:15,361 - mylogger - INFO - 获取题目
2018-09-23 22:11:17,193 - mylogger - INFO - 第 5 题
2018-09-23 22:11:17,496 - mylogger - INFO - 过年吃饺子源于哪个朝代？
2018-09-23 22:11:18,475 - mylogger - INFO - ['宋朝', '秦朝', '战国']
2018-09-23 22:11:18,480 - mylogger - INFO - 数据库中检索答案
2018-09-23 22:11:18,481 - mylogger - INFO - 数据中无答案
2018-09-23 22:11:19,165 - mylogger - INFO - 在线检索答案：战国
2018-09-23 22:11:19,165 - mylogger - INFO - 我的答案：战国
2018-09-23 22:11:19,732 - mylogger - INFO - 选择选项
2018-09-23 22:11:22,142 - mylogger - INFO - 答案正确
2018-09-23 22:11:22,143 - mylogger - INFO - 更新答案
2018-09-23 22:11:29,203 - mylogger - INFO - 本题结束
2018-09-23 22:11:29,356 - mylogger - INFO - 本场比赛结束
2018-09-23 22:11:29,617 - mylogger - INFO - 返回游戏页面
2018-09-23 22:11:31,139 - mylogger - INFO - 进入排位赛
2018-09-23 22:11:31,139 - mylogger - INFO - 正在匹配中......
2018-09-23 22:12:28,219 - mylogger - INFO - 匹配成功
2018-09-23 22:12:28,219 - mylogger - INFO - 获取题目
2018-09-23 22:12:31,287 - mylogger - INFO - 第 1 题
2018-09-23 22:12:31,596 - mylogger - INFO - 启明星在天文学上叫什么？
2018-09-23 22:12:32,623 - mylogger - INFO - ['土星', '金星', '木星']
2018-09-23 22:12:32,627 - mylogger - INFO - 数据库中检索答案
2018-09-23 22:12:32,627 - mylogger - INFO - 数据中无答案
2018-09-23 22:12:33,301 - mylogger - INFO - 在线检索答案：金星
2018-09-23 22:12:33,302 - mylogger - INFO - 我的答案：金星
2018-09-23 22:12:33,932 - mylogger - INFO - 选择选项
2018-09-23 22:12:36,368 - mylogger - INFO - 答案正确
2018-09-23 22:12:36,368 - mylogger - INFO - 更新答案
2018-09-23 22:12:37,597 - mylogger - INFO - 本题结束
2018-09-23 22:12:37,598 - mylogger - INFO - 获取题目
2018-09-23 22:12:39,444 - mylogger - INFO - 第 2 题
2018-09-23 22:12:39,724 - mylogger - INFO - 下列哪座山不属于中国佛教的四大名山之一？
2018-09-23 22:12:40,640 - mylogger - INFO - ['雁荡山', '五台山', '九华山']
2018-09-23 22:12:40,644 - mylogger - INFO - 数据库中检索答案
2018-09-23 22:12:40,645 - mylogger - INFO - 数据中无答案
2018-09-23 22:12:42,826 - mylogger - INFO - 在线检索答案：雁荡山
2018-09-23 22:12:42,826 - mylogger - INFO - 我的答案：雁荡山
2018-09-23 22:12:43,428 - mylogger - INFO - 选择选项
2018-09-23 22:12:45,888 - mylogger - INFO - 答案正确
2018-09-23 22:12:45,889 - mylogger - INFO - 更新答案
2018-09-23 22:12:47,294 - mylogger - INFO - 本题结束
2018-09-23 22:12:47,295 - mylogger - INFO - 获取题目
2018-09-23 22:12:50,332 - mylogger - INFO - 第 3 题
2018-09-23 22:12:50,638 - mylogger - INFO - 《孟子》中“通国之善弈者”是指？
2018-09-23 22:12:51,589 - mylogger - INFO - ['尧帝', '弈秋', '黄龙士']
2018-09-23 22:12:51,594 - mylogger - INFO - 数据库中检索答案
2018-09-23 22:12:51,594 - mylogger - INFO - 数据中无答案
2018-09-23 22:12:52,457 - mylogger - INFO - 在线检索答案：弈秋
2018-09-23 22:12:52,457 - mylogger - INFO - 我的答案：弈秋
2018-09-23 22:12:53,056 - mylogger - INFO - 选择选项
2018-09-23 22:12:55,527 - mylogger - INFO - 答案正确
2018-09-23 22:12:55,528 - mylogger - INFO - 更新答案
2018-09-23 22:12:56,883 - mylogger - INFO - 本题结束
2018-09-23 22:12:56,885 - mylogger - INFO - 获取题目
2018-09-23 22:12:58,737 - mylogger - INFO - 第 4 题
2018-09-23 22:12:59,020 - mylogger - INFO - 当战争进入信息化时代后，什么系统必然成为战争新的主流武器。
2018-09-23 22:12:59,989 - mylogger - INFO - ['信息化武器', '机械化武器', '核武器']
2018-09-23 22:12:59,995 - mylogger - INFO - 数据库中检索答案
2018-09-23 22:12:59,995 - mylogger - INFO - 数据中无答案
2018-09-23 22:13:01,250 - mylogger - INFO - 在线检索答案：信息化武器
2018-09-23 22:13:01,251 - mylogger - INFO - 我的答案：信息化武器
2018-09-23 22:13:01,809 - mylogger - INFO - 选择选项
2018-09-23 22:13:04,212 - mylogger - INFO - 答案正确
2018-09-23 22:13:04,213 - mylogger - INFO - 更新答案
2018-09-23 22:13:05,605 - mylogger - INFO - 本题结束
2018-09-23 22:13:05,607 - mylogger - INFO - 获取题目
2018-09-23 22:13:07,465 - mylogger - INFO - 第 5 题
2018-09-23 22:13:07,761 - mylogger - INFO - 流感流行的季节，你应该怎么做？
2018-09-23 22:13:08,662 - mylogger - INFO - ['少去公共场所，多锻炼', '自己吃感冒药预防', '在家关好窗户']
2018-09-23 22:13:08,666 - mylogger - INFO - 数据库中检索答案
2018-09-23 22:13:08,666 - mylogger - INFO - 数据中无答案
2018-09-23 22:13:09,550 - mylogger - INFO - 在线检索答案：自己吃感冒药预防
2018-09-23 22:13:09,550 - mylogger - INFO - 我的答案：自己吃感冒药预防
2018-09-23 22:13:10,196 - mylogger - INFO - 选择选项
2018-09-23 22:13:12,622 - mylogger - INFO - 答案错误
2018-09-23 22:13:12,757 - mylogger - INFO - 正确答案；少去公共场所，多锻炼
2018-09-23 22:13:12,757 - mylogger - INFO - 更新答案
2018-09-23 22:13:14,152 - mylogger - INFO - 本题结束
2018-09-23 22:13:14,265 - mylogger - INFO - 本场比赛结束
2018-09-23 22:13:14,538 - mylogger - INFO - 返回游戏页面
2018-09-23 22:13:16,073 - mylogger - INFO - 进入排位赛
2018-09-23 22:13:16,074 - mylogger - INFO - 正在匹配中......
2018-09-23 22:13:45,478 - mylogger - INFO - 匹配成功
2018-09-23 22:13:45,479 - mylogger - INFO - 获取题目
2018-09-23 22:13:48,531 - mylogger - INFO - 第 1 题
2018-09-23 22:13:48,859 - mylogger - INFO - 寒食节是为了纪念谁？
2018-09-23 22:13:49,940 - mylogger - INFO - ['屈原', '介子推', '晋文公']
2018-09-23 22:13:49,945 - mylogger - INFO - 数据库中检索答案
2018-09-23 22:13:49,946 - mylogger - INFO - 数据中无答案
2018-09-23 22:13:50,308 - mylogger - INFO - 在线检索答案：介子推
2018-09-23 22:13:50,309 - mylogger - INFO - 我的答案：介子推
2018-09-23 22:13:50,921 - mylogger - INFO - 选择选项
2018-09-23 22:13:53,457 - mylogger - INFO - 答案正确
2018-09-23 22:13:53,457 - mylogger - INFO - 更新答案
2018-09-23 22:13:57,063 - mylogger - INFO - 本题结束
2018-09-23 22:13:57,072 - mylogger - INFO - 获取题目
2018-09-23 22:14:00,175 - mylogger - INFO - 第 2 题
2018-09-23 22:14:00,508 - mylogger - INFO - 以下哪一种是世界上爬行速度最快的蛇，也是全世界最致命的蛇？
2018-09-23 22:14:01,478 - mylogger - INFO - ['响尾蛇', '黑曼巴', '五步蛇']
2018-09-23 22:14:01,484 - mylogger - INFO - 数据库中检索答案
2018-09-23 22:14:01,484 - mylogger - INFO - 数据中无答案
2018-09-23 22:14:02,396 - mylogger - INFO - 在线检索答案：黑曼巴
2018-09-23 22:14:02,396 - mylogger - INFO - 我的答案：黑曼巴
2018-09-23 22:14:02,986 - mylogger - INFO - 选择选项
2018-09-23 22:14:05,494 - mylogger - INFO - 答案正确
2018-09-23 22:14:05,494 - mylogger - INFO - 更新答案
2018-09-23 22:14:11,289 - mylogger - INFO - 本题结束
2018-09-23 22:14:11,290 - mylogger - INFO - 获取题目
2018-09-23 22:14:13,252 - mylogger - INFO - 第 3 题
2018-09-23 22:14:13,589 - mylogger - INFO - 哪个诗人在7岁已三步成诗，40出头就成为宰相？
2018-09-23 22:14:14,571 - mylogger - INFO - ['寇准', '王安石', '苏轼']
2018-09-23 22:14:14,577 - mylogger - INFO - 数据库中检索答案
2018-09-23 22:14:14,578 - mylogger - INFO - 数据中无答案
2018-09-23 22:14:15,279 - mylogger - INFO - 在线检索答案：寇准
2018-09-23 22:14:15,279 - mylogger - INFO - 我的答案：寇准
2018-09-23 22:14:15,920 - mylogger - INFO - 选择选项
2018-09-23 22:14:18,355 - mylogger - INFO - 答案错误
2018-09-23 22:14:18,608 - mylogger - INFO - 正确答案；苏轼
2018-09-23 22:14:18,609 - mylogger - INFO - 更新答案
2018-09-23 22:14:27,812 - mylogger - INFO - 本题结束
2018-09-23 22:14:27,812 - mylogger - INFO - 获取题目
2018-09-23 22:14:30,792 - mylogger - INFO - 第 4 题
2018-09-23 22:14:31,134 - mylogger - INFO - 在天球上两个天体之间的距离的量度单位是：
2018-09-23 22:14:32,140 - mylogger - INFO - ['天文单位', '角度单位', '光年']
2018-09-23 22:14:32,145 - mylogger - INFO - 数据库中检索答案
2018-09-23 22:14:32,145 - mylogger - INFO - 数据中无答案
2018-09-23 22:14:33,312 - mylogger - INFO - 在线检索答案：光年
2018-09-23 22:14:33,312 - mylogger - INFO - 我的答案：光年
2018-09-23 22:14:33,840 - mylogger - INFO - 选择选项
2018-09-23 22:14:36,327 - mylogger - INFO - 答案错误
2018-09-23 22:14:36,580 - mylogger - INFO - 正确答案；角度单位
2018-09-23 22:14:36,580 - mylogger - INFO - 更新答案
2018-09-23 22:14:45,379 - mylogger - INFO - 本题结束
2018-09-23 22:14:45,380 - mylogger - INFO - 获取题目
2018-09-23 22:14:47,277 - mylogger - INFO - 第 5 题
2018-09-23 22:14:47,598 - mylogger - INFO - 在《围棋少年》中，以下哪个人物在年轻时就是围棋界的“棋圣”？
2018-09-23 22:14:48,569 - mylogger - INFO - ['林心诚', '江流儿', '聂卫平']
2018-09-23 22:14:48,575 - mylogger - INFO - 数据库中检索答案
2018-09-23 22:14:48,575 - mylogger - INFO - 数据中无答案
2018-09-23 22:14:49,509 - mylogger - INFO - 在线检索答案：林心诚
2018-09-23 22:14:49,509 - mylogger - INFO - 我的答案：林心诚
2018-09-23 22:14:50,201 - mylogger - INFO - 选择选项
2018-09-23 22:14:52,630 - mylogger - INFO - 答案正确
2018-09-23 22:14:52,631 - mylogger - INFO - 更新答案
2018-09-23 22:14:55,142 - mylogger - INFO - 本题结束
2018-09-23 22:14:55,282 - mylogger - INFO - 本场比赛结束
2018-09-23 22:14:55,565 - mylogger - INFO - 返回游戏页面
2018-09-23 22:14:57,150 - mylogger - INFO - 进入排位赛
2018-09-23 22:14:57,150 - mylogger - INFO - 正在匹配中......
2018-09-23 22:15:27,475 - mylogger - INFO - 匹配成功
2018-09-23 22:15:27,475 - mylogger - INFO - 获取题目
2018-09-23 22:15:30,862 - mylogger - INFO - 第 1 题
2018-09-23 22:15:31,166 - mylogger - INFO - 德国的哪个城市被称为“啤酒城”？
2018-09-23 22:15:32,195 - mylogger - INFO - ['慕尼黑', '柏林', '汉诺威']
2018-09-23 22:15:32,200 - mylogger - INFO - 数据库中检索答案
2018-09-23 22:15:32,201 - mylogger - INFO - 数据中无答案
2018-09-23 22:15:33,533 - mylogger - INFO - 在线检索答案：慕尼黑
2018-09-23 22:15:33,533 - mylogger - INFO - 我的答案：慕尼黑
2018-09-23 22:15:34,102 - mylogger - INFO - 选择选项
2018-09-23 22:15:36,656 - mylogger - INFO - 答案正确
2018-09-23 22:15:36,656 - mylogger - INFO - 更新答案
2018-09-23 22:15:46,951 - mylogger - INFO - 本题结束
2018-09-23 22:15:46,952 - mylogger - INFO - 获取题目
2018-09-23 22:15:47,785 - mylogger - INFO - 第 2 题
2018-09-23 22:15:48,192 - mylogger - INFO - 哪一个海是中国最小的海？
2018-09-23 22:15:49,344 - mylogger - INFO - ['黄海', '渤海', '']
2018-09-23 22:15:49,349 - mylogger - INFO - 数据库中检索答案
2018-09-23 22:15:49,350 - mylogger - INFO - 数据中无答案
2018-09-23 22:15:51,049 - mylogger - INFO - 在线检索答案：
2018-09-23 22:15:51,050 - mylogger - INFO - 我的答案：黄海
2018-09-23 22:15:51,683 - mylogger - INFO - 选择选项
2018-09-23 22:16:57,709 - mylogger - INFO - 进入排位赛
2018-09-23 22:16:57,709 - mylogger - INFO - 正在匹配中......
2018-09-23 22:17:25,328 - mylogger - INFO - 匹配成功
2018-09-23 22:17:25,328 - mylogger - INFO - 获取题目
2018-09-23 22:17:28,412 - mylogger - INFO - 第 1 题
2018-09-23 22:17:28,708 - mylogger - INFO - 歌曲《渔光曲》的作曲者是谁？
2018-09-23 22:17:29,616 - mylogger - INFO - ['任光', '聂耳', '冼星海']
2018-09-23 22:17:29,620 - mylogger - INFO - 数据库中检索答案
2018-09-23 22:17:29,621 - mylogger - INFO - 数据中无答案
2018-09-23 22:17:30,379 - mylogger - INFO - 在线检索答案：任光
2018-09-23 22:17:30,380 - mylogger - INFO - 我的答案：任光
2018-09-23 22:17:31,037 - mylogger - INFO - 选择选项
2018-09-23 22:17:33,504 - mylogger - INFO - 答案正确
2018-09-23 22:17:33,504 - mylogger - INFO - 更新答案
2018-09-23 22:17:34,752 - mylogger - INFO - 本题结束
2018-09-23 22:17:34,754 - mylogger - INFO - 获取题目
2018-09-23 22:17:37,728 - mylogger - INFO - 第 2 题
2018-09-23 22:17:38,020 - mylogger - INFO - 天妇罗是日本有名食品，其主要烹调方式是？
2018-09-23 22:17:39,011 - mylogger - INFO - ['水煮', '油炸', '火烤']
2018-09-23 22:17:39,017 - mylogger - INFO - 数据库中检索答案
2018-09-23 22:17:39,017 - mylogger - INFO - 数据中无答案
2018-09-23 22:17:39,898 - mylogger - INFO - 在线检索答案：油炸
2018-09-23 22:17:39,898 - mylogger - INFO - 我的答案：油炸
2018-09-23 22:17:40,464 - mylogger - INFO - 选择选项
2018-09-23 22:17:42,880 - mylogger - INFO - 答案正确
2018-09-23 22:17:42,881 - mylogger - INFO - 更新答案
2018-09-23 22:17:44,179 - mylogger - INFO - 本题结束
2018-09-23 22:17:44,179 - mylogger - INFO - 获取题目
2018-09-23 22:17:47,205 - mylogger - INFO - 第 3 题
2018-09-23 22:17:47,533 - mylogger - INFO - 元代诗人张翥名字中的“翥”音同哪个字？
2018-09-23 22:17:48,473 - mylogger - INFO - ['者', '祝', '羽']
2018-09-23 22:17:48,477 - mylogger - INFO - 数据库中检索答案
2018-09-23 22:17:48,478 - mylogger - INFO - 数据中无答案
2018-09-23 22:17:49,320 - mylogger - INFO - 在线检索答案：者
2018-09-23 22:17:49,321 - mylogger - INFO - 我的答案：者
2018-09-23 22:17:49,921 - mylogger - INFO - 选择选项
2018-09-23 22:17:52,406 - mylogger - INFO - 答案错误
2018-09-23 22:17:52,525 - mylogger - INFO - 正确答案；祝
2018-09-23 22:17:52,525 - mylogger - INFO - 更新答案
2018-09-23 22:17:53,814 - mylogger - INFO - 本题结束
2018-09-23 22:17:53,816 - mylogger - INFO - 获取题目
2018-09-23 22:17:55,693 - mylogger - INFO - 第 4 题
2018-09-23 22:17:55,997 - mylogger - INFO - 处于地球上什么位置可以看到全天的恒星？
2018-09-23 22:17:56,968 - mylogger - INFO - ['南回归线', '南极', '北极']
2018-09-23 22:17:56,973 - mylogger - INFO - 数据库中检索答案
2018-09-23 22:17:56,973 - mylogger - INFO - 数据中无答案
2018-09-23 22:17:58,238 - mylogger - INFO - 在线检索答案：北极
2018-09-23 22:17:58,239 - mylogger - INFO - 我的答案：北极
2018-09-23 22:17:58,849 - mylogger - INFO - 选择选项
2018-09-23 22:18:01,343 - mylogger - INFO - 答案正确
2018-09-23 22:18:01,344 - mylogger - INFO - 更新答案
2018-09-23 22:18:04,974 - mylogger - INFO - 本题结束
2018-09-23 22:18:04,975 - mylogger - INFO - 获取题目
2018-09-23 22:18:06,783 - mylogger - INFO - 第 5 题
2018-09-23 22:18:07,101 - mylogger - INFO - 2018年春晚节目《告白气球》是在哪个会场演出的？
2018-09-23 22:18:08,047 - mylogger - INFO - ['贵州黔东南', '广东珠海', '主会场']
2018-09-23 22:18:08,052 - mylogger - INFO - 数据库中检索答案
2018-09-23 22:18:08,053 - mylogger - INFO - 数据中无答案
2018-09-23 22:18:08,979 - mylogger - INFO - 在线检索答案：广东珠海
2018-09-23 22:18:08,979 - mylogger - INFO - 我的答案：广东珠海
2018-09-23 22:18:09,518 - mylogger - INFO - 选择选项
2018-09-23 22:18:11,987 - mylogger - INFO - 答案错误
2018-09-23 22:18:12,198 - mylogger - INFO - 正确答案；主会场
2018-09-23 22:18:12,199 - mylogger - INFO - 更新答案
2018-09-23 22:18:14,725 - mylogger - INFO - 本题结束
2018-09-23 22:18:14,886 - mylogger - INFO - 本场比赛结束
2018-09-23 22:18:15,178 - mylogger - INFO - 返回游戏页面
2018-09-23 22:18:16,754 - mylogger - INFO - 进入排位赛
2018-09-23 22:18:16,755 - mylogger - INFO - 正在匹配中......
2018-09-23 22:18:57,716 - mylogger - INFO - 匹配成功
2018-09-23 22:18:57,716 - mylogger - INFO - 获取题目
2018-09-23 22:19:00,760 - mylogger - INFO - 第 1 题
2018-09-23 22:19:01,071 - mylogger - INFO - 以下哪一个人物是《东方Project》游戏的主要角色？
2018-09-23 22:19:02,103 - mylogger - INFO - ['小丸子', '博丽灵梦', '野原新之助']
2018-09-23 22:19:02,108 - mylogger - INFO - 数据库中检索答案
2018-09-23 22:19:02,108 - mylogger - INFO - 数据中无答案
2018-09-23 22:19:03,467 - mylogger - INFO - 在线检索答案：
2018-09-23 22:19:03,467 - mylogger - INFO - 我的答案：小丸子
2018-09-23 22:19:04,034 - mylogger - INFO - 选择选项
2018-09-23 22:19:06,420 - mylogger - INFO - 答案错误
2018-09-23 22:19:06,548 - mylogger - INFO - 正确答案；博丽灵梦
2018-09-23 22:19:06,549 - mylogger - INFO - 更新答案
2018-09-23 22:19:07,821 - mylogger - INFO - 本题结束
2018-09-23 22:19:07,822 - mylogger - INFO - 获取题目
2018-09-23 22:19:10,870 - mylogger - INFO - 第 2 题
2018-09-23 22:19:11,191 - mylogger - INFO - 夜盲症即夜视力下降，主要是由于体内缺乏。
2018-09-23 22:19:12,141 - mylogger - INFO - ['维生素D', '维生素C', '维生素A']
2018-09-23 22:19:12,146 - mylogger - INFO - 数据库中检索答案
2018-09-23 22:19:12,146 - mylogger - INFO - 数据中无答案
2018-09-23 22:19:13,402 - mylogger - INFO - 在线检索答案：维生素D
2018-09-23 22:19:13,402 - mylogger - INFO - 我的答案：维生素D
2018-09-23 22:19:14,100 - mylogger - INFO - 选择选项
2018-09-23 22:19:16,597 - mylogger - INFO - 答案错误
2018-09-23 22:19:16,941 - mylogger - INFO - 正确答案；维生素A
2018-09-23 22:19:16,941 - mylogger - INFO - 更新答案
2018-09-23 22:19:17,113 - mylogger - INFO - 本题结束
2018-09-23 22:19:17,114 - mylogger - INFO - 获取题目
2018-09-23 22:19:20,286 - mylogger - INFO - 第 3 题
2018-09-23 22:19:20,617 - mylogger - INFO - 凯瑟琳.赫本共得过几次奥斯卡奖？
2018-09-23 22:19:21,533 - mylogger - INFO - ['三次', '四次', '五次']
2018-09-23 22:19:21,538 - mylogger - INFO - 数据库中检索答案
2018-09-23 22:19:21,538 - mylogger - INFO - 数据中无答案
2018-09-23 22:19:23,347 - mylogger - INFO - 在线检索答案：四次
2018-09-23 22:19:23,347 - mylogger - INFO - 我的答案：四次
2018-09-23 22:19:23,948 - mylogger - INFO - 选择选项
2018-09-23 22:19:26,351 - mylogger - INFO - 答案正确
2018-09-23 22:19:26,351 - mylogger - INFO - 更新答案
2018-09-23 22:19:27,697 - mylogger - INFO - 本题结束
2018-09-23 22:19:27,699 - mylogger - INFO - 获取题目
2018-09-23 22:19:29,517 - mylogger - INFO - 第 4 题
2018-09-23 22:19:29,806 - mylogger - INFO - 希腊神话中宙斯也就是罗马神话中的？
2018-09-23 22:19:30,798 - mylogger - INFO - ['朱庇特', '阿波罗', '缪斯']
2018-09-23 22:19:30,803 - mylogger - INFO - 数据库中检索答案
2018-09-23 22:19:30,803 - mylogger - INFO - 数据中无答案
2018-09-23 22:19:31,728 - mylogger - INFO - 在线检索答案：朱庇特
2018-09-23 22:19:31,728 - mylogger - INFO - 我的答案：朱庇特
2018-09-23 22:19:32,381 - mylogger - INFO - 选择选项
2018-09-23 22:19:34,793 - mylogger - INFO - 答案正确
2018-09-23 22:19:34,793 - mylogger - INFO - 更新答案
2018-09-23 22:19:37,233 - mylogger - INFO - 本题结束
2018-09-23 22:19:37,234 - mylogger - INFO - 获取题目
2018-09-23 22:19:39,046 - mylogger - INFO - 第 5 题
2018-09-23 22:19:39,362 - mylogger - INFO - 日本「成人之日」是为了祝贺年满多少岁的青年而举行的仪式？
2018-09-23 22:19:40,353 - mylogger - INFO - ['16 岁', '20 岁', '18 岁']
2018-09-23 22:19:40,359 - mylogger - INFO - 数据库中检索答案
2018-09-23 22:19:40,360 - mylogger - INFO - 数据中无答案
2018-09-23 22:19:41,666 - mylogger - INFO - 在线检索答案：
2018-09-23 22:19:41,666 - mylogger - INFO - 我的答案：16 岁
2018-09-23 22:19:42,215 - mylogger - INFO - 选择选项
2018-09-23 22:19:44,590 - mylogger - INFO - 答案错误
2018-09-23 22:19:44,706 - mylogger - INFO - 正确答案；20 岁
2018-09-23 22:19:44,706 - mylogger - INFO - 更新答案
2018-09-23 22:19:47,223 - mylogger - INFO - 本题结束
2018-09-23 22:19:47,367 - mylogger - INFO - 本场比赛结束
2018-09-23 22:19:47,622 - mylogger - INFO - 返回游戏页面
2018-09-23 22:19:49,311 - mylogger - INFO - 进入排位赛
2018-09-23 22:19:49,311 - mylogger - INFO - 正在匹配中......
2018-09-23 22:20:00,976 - mylogger - INFO - 匹配成功
2018-09-23 22:20:00,977 - mylogger - INFO - 获取题目
2018-09-23 22:20:03,909 - mylogger - INFO - 第 1 题
2018-09-23 22:20:04,211 - mylogger - INFO - 根据2010年第六次全国人口普查数据，我国哪个姓氏的人口比例最多？
2018-09-23 22:20:05,151 - mylogger - INFO - ['王', '李', '张']
2018-09-23 22:20:05,156 - mylogger - INFO - 数据库中检索答案
2018-09-23 22:20:05,156 - mylogger - INFO - 数据中无答案
2018-09-23 22:20:06,039 - mylogger - INFO - 在线检索答案：李
2018-09-23 22:20:06,040 - mylogger - INFO - 我的答案：李
2018-09-23 22:20:06,679 - mylogger - INFO - 选择选项
2018-09-23 22:20:09,144 - mylogger - INFO - 答案正确
2018-09-23 22:20:09,144 - mylogger - INFO - 更新答案
2018-09-23 22:20:18,448 - mylogger - INFO - 本题结束
2018-09-23 22:20:18,450 - mylogger - INFO - 获取题目
2018-09-23 22:20:20,383 - mylogger - INFO - 第 2 题
2018-09-23 22:20:20,698 - mylogger - INFO - 以下哪位球员不是在1996年NBA选秀中选出的？
2018-09-23 22:20:21,720 - mylogger - INFO - ['斯蒂芬·马布里', '科比·布莱恩特', '夸梅·布朗']
2018-09-23 22:20:21,725 - mylogger - INFO - 数据库中检索答案
2018-09-23 22:20:21,725 - mylogger - INFO - 数据中无答案
2018-09-23 22:20:22,640 - mylogger - INFO - 在线检索答案：斯蒂芬·马布里
2018-09-23 22:20:22,641 - mylogger - INFO - 我的答案：斯蒂芬·马布里
2018-09-23 22:20:23,176 - mylogger - INFO - 选择选项
2018-09-23 22:20:25,685 - mylogger - INFO - 答案错误
2018-09-23 22:20:25,929 - mylogger - INFO - 正确答案；夸梅·布朗
2018-09-23 22:20:25,930 - mylogger - INFO - 更新答案
2018-09-23 22:20:30,666 - mylogger - INFO - 本题结束
2018-09-23 22:20:30,667 - mylogger - INFO - 获取题目
2018-09-23 22:20:32,488 - mylogger - INFO - 第 3 题
2018-09-23 22:20:32,829 - mylogger - INFO - “天下虽安，忘战必危”出自于
2018-09-23 22:20:33,781 - mylogger - INFO - ['《孙子兵法》', '《孙膑兵法》', '《司马法》']
2018-09-23 22:20:33,786 - mylogger - INFO - 数据库中检索答案
2018-09-23 22:20:33,787 - mylogger - INFO - 数据中无答案
2018-09-23 22:20:34,509 - mylogger - INFO - 在线检索答案：《司马法》
2018-09-23 22:20:34,509 - mylogger - INFO - 我的答案：《司马法》
2018-09-23 22:20:35,084 - mylogger - INFO - 选择选项
2018-09-23 22:20:37,529 - mylogger - INFO - 答案正确
2018-09-23 22:20:37,529 - mylogger - INFO - 更新答案
2018-09-23 22:20:43,411 - mylogger - INFO - 本题结束
2018-09-23 22:20:43,412 - mylogger - INFO - 获取题目
2018-09-23 22:20:45,244 - mylogger - INFO - 第 4 题
2018-09-23 22:20:45,560 - mylogger - INFO - 1952年的赫尔辛基奥运会，奥运火种乘坐哪种交通工具从雅典运到丹麦？
2018-09-23 22:20:46,686 - mylogger - INFO - ['飞机', '火箭', '帆船']
2018-09-23 22:20:46,691 - mylogger - INFO - 数据库中检索答案
2018-09-23 22:20:46,691 - mylogger - INFO - 数据中无答案
2018-09-23 22:20:47,514 - mylogger - INFO - 在线检索答案：飞机
2018-09-23 22:20:47,514 - mylogger - INFO - 我的答案：飞机
2018-09-23 22:20:48,092 - mylogger - INFO - 选择选项
2018-09-23 22:20:50,631 - mylogger - INFO - 答案正确
2018-09-23 22:20:50,631 - mylogger - INFO - 更新答案
2018-09-23 22:20:57,601 - mylogger - INFO - 本题结束
2018-09-23 22:20:57,601 - mylogger - INFO - 获取题目
2018-09-23 22:20:59,465 - mylogger - INFO - 第 5 题
2018-09-23 22:20:59,822 - mylogger - INFO - 利用利率期货进行空头套期保值，主要是担心
2018-09-23 22:21:00,840 - mylogger - INFO - ['市场利率会上升', '市场利率波动变小', '市场利率波动变大']
2018-09-23 22:21:00,845 - mylogger - INFO - 数据库中检索答案
2018-09-23 22:21:00,845 - mylogger - INFO - 数据中无答案
2018-09-23 22:21:02,040 - mylogger - INFO - 在线检索答案：市场利率会上升
2018-09-23 22:21:02,040 - mylogger - INFO - 我的答案：市场利率会上升
2018-09-23 22:21:02,635 - mylogger - INFO - 选择选项
2018-09-23 22:21:05,142 - mylogger - INFO - 答案正确
2018-09-23 22:21:05,142 - mylogger - INFO - 更新答案
2018-09-23 22:21:12,172 - mylogger - INFO - 本题结束
2018-09-23 22:21:12,289 - mylogger - INFO - 本场比赛结束
2018-09-23 22:21:12,546 - mylogger - INFO - 返回游戏页面
2018-09-23 22:21:14,082 - mylogger - INFO - 进入排位赛
2018-09-23 22:21:14,082 - mylogger - INFO - 正在匹配中......
2018-09-23 22:21:33,793 - mylogger - INFO - 匹配成功
2018-09-23 22:21:33,794 - mylogger - INFO - 获取题目
2018-09-23 22:21:36,775 - mylogger - INFO - 第 1 题
2018-09-23 22:21:37,078 - mylogger - INFO - “春江花朝秋月夜，往往取酒还独倾”的作者是？
2018-09-23 22:21:38,035 - mylogger - INFO - ['白居易', '王昌龄', '杜甫']
2018-09-23 22:21:38,040 - mylogger - INFO - 数据库中检索答案
2018-09-23 22:21:38,041 - mylogger - INFO - 数据中无答案
2018-09-23 22:21:38,730 - mylogger - INFO - 在线检索答案：白居易
2018-09-23 22:21:38,731 - mylogger - INFO - 我的答案：白居易
2018-09-23 22:21:39,412 - mylogger - INFO - 选择选项
2018-09-23 22:21:41,803 - mylogger - INFO - 答案正确
2018-09-23 22:21:41,803 - mylogger - INFO - 更新答案
2018-09-23 22:21:45,426 - mylogger - INFO - 本题结束
2018-09-23 22:21:45,427 - mylogger - INFO - 获取题目
2018-09-23 22:21:47,251 - mylogger - INFO - 第 2 题
2018-09-23 22:21:47,563 - mylogger - INFO - 在电视剧《金太郎的幸福生活》中，范明饰演的角色叫什么？
2018-09-23 22:21:48,464 - mylogger - INFO - ['金亮', '金大柱', '米范']
2018-09-23 22:21:48,469 - mylogger - INFO - 数据库中检索答案
2018-09-23 22:21:48,469 - mylogger - INFO - 数据中无答案
2018-09-23 22:21:49,700 - mylogger - INFO - 在线检索答案：米范
2018-09-23 22:21:49,701 - mylogger - INFO - 我的答案：米范
2018-09-23 22:21:50,342 - mylogger - INFO - 选择选项
2018-09-23 22:21:52,750 - mylogger - INFO - 答案正确
2018-09-23 22:21:52,751 - mylogger - INFO - 更新答案
2018-09-23 22:21:54,111 - mylogger - INFO - 本题结束
2018-09-23 22:21:54,112 - mylogger - INFO - 获取题目
2018-09-23 22:21:55,931 - mylogger - INFO - 第 3 题
2018-09-23 22:21:56,263 - mylogger - INFO - 《阿甘正传》的阿甘成为橄榄球巨星后获得了以下哪位总统的召见？
2018-09-23 22:21:57,215 - mylogger - INFO - ['肯尼迪', '林肯', '尼克松']
2018-09-23 22:21:57,220 - mylogger - INFO - 数据库中检索答案
2018-09-23 22:21:57,221 - mylogger - INFO - 数据中无答案
2018-09-23 22:21:58,082 - mylogger - INFO - 在线检索答案：肯尼迪
2018-09-23 22:21:58,082 - mylogger - INFO - 我的答案：肯尼迪
2018-09-23 22:21:58,728 - mylogger - INFO - 选择选项
2018-09-23 22:22:01,186 - mylogger - INFO - 答案正确
2018-09-23 22:22:01,187 - mylogger - INFO - 更新答案
2018-09-23 22:22:04,867 - mylogger - INFO - 本题结束
2018-09-23 22:22:04,870 - mylogger - INFO - 获取题目
2018-09-23 22:22:06,728 - mylogger - INFO - 第 4 题
2018-09-23 22:22:07,011 - mylogger - INFO - 七龙珠中孙悟空的原名叫什么？
2018-09-23 22:22:08,016 - mylogger - INFO - ['卡加罗德', '贝吉塔', '卡卡罗特']
2018-09-23 22:22:08,021 - mylogger - INFO - 数据库中检索答案
2018-09-23 22:22:08,021 - mylogger - INFO - 数据中无答案
2018-09-23 22:22:09,746 - mylogger - INFO - 在线检索答案：卡卡罗特
2018-09-23 22:22:09,746 - mylogger - INFO - 我的答案：卡卡罗特
2018-09-23 22:22:10,324 - mylogger - INFO - 选择选项
2018-09-23 22:22:12,734 - mylogger - INFO - 答案正确
2018-09-23 22:22:12,735 - mylogger - INFO - 更新答案
2018-09-23 22:22:14,063 - mylogger - INFO - 本题结束
2018-09-23 22:22:14,064 - mylogger - INFO - 获取题目
2018-09-23 22:22:15,914 - mylogger - INFO - 第 5 题
2018-09-23 22:22:16,212 - mylogger - INFO - 3个小朋友下棋，每人都要与其他两人各下一盘，他们共要下几盘？
2018-09-23 22:22:17,196 - mylogger - INFO - ['5', '3', '6']
2018-09-23 22:22:17,202 - mylogger - INFO - 数据库中检索答案
2018-09-23 22:22:17,202 - mylogger - INFO - 数据中无答案
2018-09-23 22:22:18,430 - mylogger - INFO - 在线检索答案：3
2018-09-23 22:22:18,430 - mylogger - INFO - 我的答案：3
2018-09-23 22:22:19,013 - mylogger - INFO - 选择选项
2018-09-23 22:22:21,455 - mylogger - INFO - 答案正确
2018-09-23 22:22:21,455 - mylogger - INFO - 更新答案
2018-09-23 22:22:22,762 - mylogger - INFO - 本题结束
2018-09-23 22:22:22,912 - mylogger - INFO - 本场比赛结束
2018-09-23 22:22:23,164 - mylogger - INFO - 返回游戏页面
2018-09-23 22:22:24,725 - mylogger - INFO - 进入排位赛
2018-09-23 22:22:24,725 - mylogger - INFO - 正在匹配中......
2018-09-23 22:23:00,029 - mylogger - INFO - 匹配成功
2018-09-23 22:23:00,030 - mylogger - INFO - 获取题目
2018-09-23 22:23:03,153 - mylogger - INFO - 第 1 题
2018-09-23 22:23:03,462 - mylogger - INFO - 以下哪位女明星是美即面膜的品牌大使？
2018-09-23 22:23:04,395 - mylogger - INFO - ['宋祖儿', '迪丽热巴', '古力娜扎']
2018-09-23 22:23:04,401 - mylogger - INFO - 数据库中检索答案
2018-09-23 22:23:04,401 - mylogger - INFO - 数据中无答案
2018-09-23 22:23:05,252 - mylogger - INFO - 在线检索答案：迪丽热巴
2018-09-23 22:23:05,252 - mylogger - INFO - 我的答案：迪丽热巴
2018-09-23 22:23:05,827 - mylogger - INFO - 选择选项
2018-09-23 22:23:08,274 - mylogger - INFO - 答案正确
2018-09-23 22:23:08,275 - mylogger - INFO - 更新答案
2018-09-23 22:23:10,831 - mylogger - INFO - 本题结束
2018-09-23 22:23:10,834 - mylogger - INFO - 获取题目
2018-09-23 22:23:12,753 - mylogger - INFO - 第 2 题
2018-09-23 22:23:13,088 - mylogger - INFO - 哪一架是苏联军队的第一种生产型直升机，也是装备的第一种直升机？
2018-09-23 22:23:14,051 - mylogger - INFO - ['卡-10直升机', 'SM-1型直升机', '米-1直升机']
2018-09-23 22:23:14,056 - mylogger - INFO - 数据库中检索答案
2018-09-23 22:23:14,057 - mylogger - INFO - 数据中无答案
2018-09-23 22:23:15,295 - mylogger - INFO - 在线检索答案：米-1直升机
2018-09-23 22:23:15,295 - mylogger - INFO - 我的答案：米-1直升机
2018-09-23 22:23:15,902 - mylogger - INFO - 选择选项
2018-09-23 22:23:18,462 - mylogger - INFO - 答案正确
2018-09-23 22:23:18,462 - mylogger - INFO - 更新答案
2018-09-23 22:23:22,111 - mylogger - INFO - 本题结束
2018-09-23 22:23:22,121 - mylogger - INFO - 获取题目
2018-09-23 22:23:23,999 - mylogger - INFO - 第 3 题
2018-09-23 22:23:24,303 - mylogger - INFO - 世界最南端的城市是哪个？
2018-09-23 22:23:25,287 - mylogger - INFO - ['乌斯怀亚', '德黑兰', '南斯拉夫']
2018-09-23 22:23:25,292 - mylogger - INFO - 数据库中检索答案
2018-09-23 22:23:25,294 - mylogger - INFO - 数据中无答案
2018-09-23 22:23:26,039 - mylogger - INFO - 在线检索答案：乌斯怀亚
2018-09-23 22:23:26,040 - mylogger - INFO - 我的答案：乌斯怀亚
2018-09-23 22:23:26,636 - mylogger - INFO - 选择选项
2018-09-23 22:23:29,080 - mylogger - INFO - 答案正确
2018-09-23 22:23:29,080 - mylogger - INFO - 更新答案
2018-09-23 22:23:31,492 - mylogger - INFO - 本题结束
2018-09-23 22:23:31,492 - mylogger - INFO - 获取题目
2018-09-23 22:23:33,331 - mylogger - INFO - 第 4 题
2018-09-23 22:23:33,687 - mylogger - INFO - 每年春节，广州都会开放迎春花市，花市最早起源于？
2018-09-23 22:23:34,631 - mylogger - INFO - ['五代南汉时代', '宋朝', '唐朝']
2018-09-23 22:23:34,637 - mylogger - INFO - 数据库中检索答案
2018-09-23 22:23:34,637 - mylogger - INFO - 数据中无答案
2018-09-23 22:23:36,383 - mylogger - INFO - 在线检索答案：
2018-09-23 22:23:36,383 - mylogger - INFO - 我的答案：五代南汉时代
2018-09-23 22:23:36,955 - mylogger - INFO - 选择选项
2018-09-23 22:23:39,439 - mylogger - INFO - 答案正确
2018-09-23 22:23:39,439 - mylogger - INFO - 更新答案
2018-09-23 22:23:40,765 - mylogger - INFO - 本题结束
2018-09-23 22:23:40,766 - mylogger - INFO - 获取题目
2018-09-23 22:23:42,608 - mylogger - INFO - 第 5 题
2018-09-23 22:23:42,908 - mylogger - INFO - 小行星带处在哪两个行星轨道中间？
2018-09-23 22:23:43,932 - mylogger - INFO - ['火星、水星', '金星、木星', '火星、木星']
2018-09-23 22:23:43,937 - mylogger - INFO - 数据库中检索答案
2018-09-23 22:23:43,938 - mylogger - INFO - 数据中无答案
2018-09-23 22:23:44,815 - mylogger - INFO - 在线检索答案：火星、木星
2018-09-23 22:23:44,816 - mylogger - INFO - 我的答案：火星、木星
2018-09-23 22:23:45,366 - mylogger - INFO - 选择选项
2018-09-23 22:23:47,833 - mylogger - INFO - 答案正确
2018-09-23 22:23:47,834 - mylogger - INFO - 更新答案
2018-09-23 22:23:49,299 - mylogger - INFO - 本题结束
2018-09-23 22:23:49,435 - mylogger - INFO - 本场比赛结束
2018-09-23 23:07:58,625 - mylogger - INFO - 进入排位赛
2018-09-23 23:07:58,651 - mylogger - INFO - 正在匹配中......
2018-09-23 23:08:59,802 - mylogger - WARNING - 匹配失败
2018-09-23 23:09:00,092 - mylogger - INFO - 返回游戏页面
2018-09-23 23:09:01,643 - mylogger - INFO - 进入排位赛
2018-09-23 23:09:01,657 - mylogger - INFO - 正在匹配中......
2018-09-23 23:10:01,953 - mylogger - WARNING - 匹配失败
2018-09-23 23:10:02,236 - mylogger - INFO - 返回游戏页面
2018-09-23 23:10:03,786 - mylogger - INFO - 进入排位赛
2018-09-23 23:10:03,790 - mylogger - INFO - 正在匹配中......
2018-09-23 23:11:04,014 - mylogger - WARNING - 匹配失败
2018-09-23 23:11:04,264 - mylogger - INFO - 返回游戏页面
2018-09-23 23:11:05,791 - mylogger - INFO - 进入排位赛
2018-09-23 23:11:05,791 - mylogger - INFO - 正在匹配中......
2018-09-23 23:11:28,915 - mylogger - INFO - 匹配成功
2018-09-23 23:11:28,918 - mylogger - INFO - 获取题目
2018-09-23 23:11:31,848 - mylogger - INFO - 第 1 题
2018-09-23 23:11:32,101 - mylogger - INFO - 我国的专业段位共分九个等级，（）段为最高。
2018-09-23 23:11:33,016 - mylogger - INFO - ['一', '五', '九']
2018-09-23 23:11:33,070 - mylogger - INFO - 数据库中检索答案
2018-09-23 23:11:33,075 - mylogger - INFO - 数据中无答案
2018-09-23 23:11:43,179 - mylogger - INFO - 在线检索答案：
2018-09-23 23:11:43,182 - mylogger - INFO - 我的答案：一
2018-09-23 23:11:43,794 - mylogger - INFO - 选择选项
2018-09-23 23:12:48,387 - mylogger - INFO - 进入排位赛
2018-09-23 23:12:48,391 - mylogger - INFO - 正在匹配中......
2018-09-23 23:13:22,253 - mylogger - INFO - 匹配成功
2018-09-23 23:13:22,255 - mylogger - INFO - 获取题目
2018-09-23 23:13:25,174 - mylogger - INFO - 第 1 题
2018-09-23 23:13:25,455 - mylogger - INFO - 羽毛球比赛中发球时，球不能超过发球员的哪个身体部位？
2018-09-23 23:13:26,442 - mylogger - INFO - ['腰部', '颈部', '膝盖部']
2018-09-23 23:13:26,483 - mylogger - INFO - 数据库中检索答案
2018-09-23 23:13:26,502 - mylogger - INFO - 数据中无答案
2018-09-23 23:13:34,593 - mylogger - INFO - 在线检索答案：颈部
2018-09-23 23:13:34,596 - mylogger - INFO - 我的答案：颈部
2018-09-23 23:13:35,128 - mylogger - INFO - 选择选项
2018-09-23 23:17:08,432 - mylogger - INFO - 进入排位赛
2018-09-23 23:17:08,450 - mylogger - INFO - 正在匹配中......
2018-09-23 23:18:04,131 - mylogger - INFO - 匹配成功
2018-09-23 23:18:04,131 - mylogger - INFO - 获取题目
2018-09-23 23:18:07,143 - mylogger - INFO - 第 1 题
2018-09-23 23:18:07,435 - mylogger - INFO - 下列不属于可口可乐公司饮料的是？
2018-09-23 23:18:08,328 - mylogger - INFO - ['七喜', '果粒橙', '芬达']
2018-09-23 23:18:08,333 - mylogger - INFO - 数据库中检索答案
2018-09-23 23:18:08,333 - mylogger - INFO - 数据中无答案
2018-09-23 23:18:09,296 - mylogger - INFO - 在线检索答案：七喜
2018-09-23 23:18:09,296 - mylogger - INFO - 我的答案：七喜
2018-09-23 23:18:09,954 - mylogger - INFO - 选择选项
2018-09-23 23:18:12,377 - mylogger - INFO - 答案正确
2018-09-23 23:18:12,378 - mylogger - INFO - 更新答案
2018-09-23 23:18:14,122 - mylogger - INFO - 本题结束
2018-09-23 23:18:14,144 - mylogger - INFO - 获取题目
2018-09-23 23:18:17,049 - mylogger - INFO - 第 2 题
2018-09-23 23:18:17,347 - mylogger - INFO - 有“飞人”之称的球星乔丹，他效力过哪两支球队？
2018-09-23 23:18:18,449 - mylogger - INFO - ['公牛和湖人', '公牛和热火', '公牛和奇才']
2018-09-23 23:18:18,464 - mylogger - INFO - 数据库中检索答案
2018-09-23 23:18:18,465 - mylogger - INFO - 数据中无答案
2018-09-23 23:18:20,511 - mylogger - INFO - 在线检索答案：公牛和奇才
2018-09-23 23:18:20,511 - mylogger - INFO - 我的答案：公牛和奇才
2018-09-23 23:18:21,068 - mylogger - INFO - 选择选项
2018-09-23 23:18:23,473 - mylogger - INFO - 答案正确
2018-09-23 23:18:23,473 - mylogger - INFO - 更新答案
2018-09-23 23:18:24,229 - mylogger - INFO - 本题结束
2018-09-23 23:18:24,262 - mylogger - INFO - 获取题目
2018-09-23 23:18:27,119 - mylogger - INFO - 第 3 题
2018-09-23 23:18:27,514 - mylogger - INFO -  芒种是在阳历的几月？ 
2018-09-23 23:18:28,419 - mylogger - INFO - ['5', '6', '7']
2018-09-23 23:18:28,435 - mylogger - INFO - 数据库中检索答案
2018-09-23 23:18:28,440 - mylogger - INFO - 数据中无答案
2018-09-23 23:18:29,390 - mylogger - INFO - 在线检索答案：6
2018-09-23 23:18:29,390 - mylogger - INFO - 我的答案：6
2018-09-23 23:18:29,932 - mylogger - INFO - 选择选项
2018-09-23 23:18:32,401 - mylogger - INFO - 答案正确
2018-09-23 23:18:32,403 - mylogger - INFO - 更新答案
2018-09-23 23:18:33,799 - mylogger - INFO - 本题结束
2018-09-23 23:18:33,806 - mylogger - INFO - 获取题目
2018-09-23 23:18:35,619 - mylogger - INFO - 第 4 题
2018-09-23 23:18:35,961 - mylogger - INFO - 我们平常看见的太阳盘面，明亮耀眼，是太阳大气层的哪层
2018-09-23 23:18:36,908 - mylogger - INFO - ['光球', '磁球', '日冕']
2018-09-23 23:18:36,916 - mylogger - INFO - 数据库中检索答案
2018-09-23 23:18:36,919 - mylogger - INFO - 数据中无答案
2018-09-23 23:18:37,877 - mylogger - INFO - 在线检索答案：光球
2018-09-23 23:18:37,891 - mylogger - INFO - 我的答案：光球
2018-09-23 23:18:38,450 - mylogger - INFO - 选择选项
2018-09-23 23:18:40,830 - mylogger - INFO - 答案正确
2018-09-23 23:18:40,830 - mylogger - INFO - 更新答案
2018-09-23 23:18:43,632 - mylogger - INFO - 本题结束
2018-09-23 23:18:43,649 - mylogger - INFO - 获取题目
2018-09-23 23:18:45,415 - mylogger - INFO - 第 5 题
2018-09-23 23:18:45,703 - mylogger - INFO - 雨水的前面是以下哪个节气？
2018-09-23 23:18:46,600 - mylogger - INFO - ['立春', '春分', '谷雨']
2018-09-23 23:18:46,607 - mylogger - INFO - 数据库中检索答案
2018-09-23 23:18:46,607 - mylogger - INFO - 数据中无答案
2018-09-23 23:18:47,460 - mylogger - INFO - 在线检索答案：立春
2018-09-23 23:18:47,462 - mylogger - INFO - 我的答案：立春
2018-09-23 23:18:48,039 - mylogger - INFO - 选择选项
2018-09-23 23:18:50,514 - mylogger - INFO - 答案正确
2018-09-23 23:18:50,514 - mylogger - INFO - 更新答案
2018-09-23 23:18:54,888 - mylogger - INFO - 本题结束
2018-09-23 23:18:55,080 - mylogger - INFO - 本场比赛结束
2018-09-23 23:18:55,344 - mylogger - INFO - 返回游戏页面
2018-09-23 23:18:56,842 - mylogger - INFO - 进入排位赛
2018-09-23 23:18:56,856 - mylogger - INFO - 正在匹配中......
2018-09-23 23:19:43,724 - mylogger - INFO - 匹配成功
2018-09-23 23:19:43,726 - mylogger - INFO - 获取题目
2018-09-23 23:19:45,659 - mylogger - INFO - 第 1 题
2018-09-23 23:19:46,027 - mylogger - INFO - 以下哪一首歌曲，不是电影《海角七号》中的音乐原声？
2018-09-23 23:19:46,959 - mylogger - INFO - ['《国境之南》', '《放生》', '《无乐不作》']
2018-09-23 23:19:46,998 - mylogger - INFO - 数据库中检索答案
2018-09-23 23:19:46,998 - mylogger - INFO - 数据中无答案
2018-09-23 23:19:47,948 - mylogger - INFO - 在线检索答案：《放生》
2018-09-23 23:19:47,966 - mylogger - INFO - 我的答案：《放生》
2018-09-23 23:19:48,561 - mylogger - INFO - 选择选项
2018-09-23 23:19:50,930 - mylogger - INFO - 答案正确
2018-09-23 23:19:50,930 - mylogger - INFO - 更新答案
2018-09-23 23:19:52,447 - mylogger - INFO - 本题结束
2018-09-23 23:19:53,233 - mylogger - INFO - 获取题目
2018-09-23 23:19:55,080 - mylogger - INFO - 第 2 题
2018-09-23 23:19:55,364 - mylogger - INFO - 以下哪一位艺人没有出演电视剧《琅琊榜之风起长林》？
2018-09-23 23:19:56,301 - mylogger - INFO - ['佟丽娅', '刘昊然', '胡歌']
2018-09-23 23:19:56,339 - mylogger - INFO - 数据库中检索答案
2018-09-23 23:19:56,341 - mylogger - INFO - 数据中无答案
2018-09-23 23:19:57,966 - mylogger - INFO - 在线检索答案：佟丽娅
2018-09-23 23:19:57,966 - mylogger - INFO - 我的答案：佟丽娅
2018-09-23 23:19:58,482 - mylogger - INFO - 选择选项
2018-09-23 23:20:00,920 - mylogger - INFO - 答案错误
2018-09-23 23:20:01,170 - mylogger - INFO - 正确答案；胡歌
2018-09-23 23:20:01,170 - mylogger - INFO - 更新答案
2018-09-23 23:20:02,920 - mylogger - INFO - 本题结束
2018-09-23 23:20:02,922 - mylogger - INFO - 获取题目
2018-09-23 23:20:05,938 - mylogger - INFO - 第 3 题
2018-09-23 23:20:06,204 - mylogger - INFO - 《中华人民共和国教师法》颁布于哪一年
2018-09-23 23:20:07,178 - mylogger - INFO - ['1993', '1992', '1994']
2018-09-23 23:20:07,233 - mylogger - INFO - 数据库中检索答案
2018-09-23 23:20:07,238 - mylogger - INFO - 数据中无答案
2018-09-23 23:20:07,989 - mylogger - INFO - 在线检索答案：1993
2018-09-23 23:20:08,005 - mylogger - INFO - 我的答案：1993
2018-09-23 23:20:08,568 - mylogger - INFO - 选择选项
2018-09-23 23:20:11,043 - mylogger - INFO - 答案正确
2018-09-23 23:20:11,058 - mylogger - INFO - 更新答案
2018-09-23 23:20:11,758 - mylogger - INFO - 本题结束
2018-09-23 23:20:11,802 - mylogger - INFO - 获取题目
2018-09-23 23:20:14,666 - mylogger - INFO - 第 4 题
2018-09-23 23:20:14,968 - mylogger - INFO - 被誉为海中“歌唱家”的是什么鲸？
2018-09-23 23:20:16,012 - mylogger - INFO - ['蓝鲸', '抹香鲸', '座头鲸']
2018-09-23 23:20:16,024 - mylogger - INFO - 数据库中检索答案
2018-09-23 23:20:16,024 - mylogger - INFO - 数据中无答案
2018-09-23 23:20:17,875 - mylogger - INFO - 在线检索答案：座头鲸
2018-09-23 23:20:17,876 - mylogger - INFO - 我的答案：座头鲸
2018-09-23 23:20:18,482 - mylogger - INFO - 选择选项
2018-09-23 23:20:20,967 - mylogger - INFO - 答案正确
2018-09-23 23:20:20,967 - mylogger - INFO - 更新答案
2018-09-23 23:20:21,348 - mylogger - INFO - 本题结束
2018-09-23 23:20:21,350 - mylogger - INFO - 获取题目
2018-09-23 23:20:24,249 - mylogger - INFO - 第 5 题
2018-09-23 23:20:24,560 - mylogger - INFO - 《三国演义》司马师是如何而死的？
2018-09-23 23:20:25,550 - mylogger - INFO - ['眼睛迸出而死', '口吐鲜血而死', '咬舌自尽而死']
2018-09-23 23:20:25,558 - mylogger - INFO - 数据库中检索答案
2018-09-23 23:20:25,558 - mylogger - INFO - 数据中无答案
2018-09-23 23:20:26,441 - mylogger - INFO - 在线检索答案：
2018-09-23 23:20:26,441 - mylogger - INFO - 我的答案：眼睛迸出而死
2018-09-23 23:20:27,089 - mylogger - INFO - 选择选项
2018-09-23 23:20:29,554 - mylogger - INFO - 答案正确
2018-09-23 23:20:29,554 - mylogger - INFO - 更新答案
2018-09-23 23:20:29,958 - mylogger - INFO - 本题结束
2018-09-23 23:20:31,362 - mylogger - INFO - 本场比赛结束
2018-09-23 23:20:31,641 - mylogger - INFO - 返回游戏页面
2018-09-23 23:20:33,211 - mylogger - INFO - 进入排位赛
2018-09-23 23:20:33,211 - mylogger - INFO - 正在匹配中......
2018-09-23 23:21:34,122 - mylogger - WARNING - 匹配失败
2018-09-23 23:21:34,383 - mylogger - INFO - 返回游戏页面
2018-09-23 23:21:35,883 - mylogger - INFO - 进入排位赛
2018-09-23 23:21:35,884 - mylogger - INFO - 正在匹配中......
2018-09-23 23:21:42,970 - mylogger - INFO - 匹配成功
2018-09-23 23:21:42,971 - mylogger - INFO - 获取题目
2018-09-23 23:21:46,057 - mylogger - INFO - 第 1 题
2018-09-23 23:21:46,398 - mylogger - INFO - 以下五种营养素中，哪一种营养素牛乳中的含量比母乳中的高？
2018-09-23 23:21:47,234 - mylogger - INFO - ['钙', '糖类', '氨基酸']
2018-09-23 23:21:47,289 - mylogger - INFO - 数据库中检索答案
2018-09-23 23:21:47,290 - mylogger - INFO - 数据中无答案
2018-09-23 23:21:49,225 - mylogger - INFO - 在线检索答案：钙
2018-09-23 23:21:49,226 - mylogger - INFO - 我的答案：钙
2018-09-23 23:21:49,732 - mylogger - INFO - 选择选项
2018-09-23 23:21:52,202 - mylogger - INFO - 答案正确
2018-09-23 23:21:52,208 - mylogger - INFO - 更新答案
2018-09-23 23:21:53,584 - mylogger - INFO - 本题结束
2018-09-23 23:21:53,585 - mylogger - INFO - 获取题目
2018-09-23 23:21:56,539 - mylogger - INFO - 第 2 题
2018-09-23 23:21:56,814 - mylogger - INFO - 太阳系内目前已知最高的火山在哪一颗行星上？
2018-09-23 23:21:57,816 - mylogger - INFO - ['木星', '金星', '火星']
2018-09-23 23:21:57,833 - mylogger - INFO - 数据库中检索答案
2018-09-23 23:21:57,833 - mylogger - INFO - 数据中无答案
2018-09-23 23:21:59,189 - mylogger - INFO - 在线检索答案：火星
2018-09-23 23:21:59,190 - mylogger - INFO - 我的答案：火星
2018-09-23 23:21:59,812 - mylogger - INFO - 选择选项
2018-09-23 23:22:02,248 - mylogger - INFO - 答案正确
2018-09-23 23:22:02,249 - mylogger - INFO - 更新答案
2018-09-23 23:22:03,659 - mylogger - INFO - 本题结束
2018-09-23 23:22:03,677 - mylogger - INFO - 获取题目
2018-09-23 23:22:05,486 - mylogger - INFO - 第 3 题
2018-09-23 23:22:05,769 - mylogger - INFO - 长10米，宽8米，高4米的长方体的高增加3米，它的上底面面积增加多少？
2018-09-23 23:22:06,749 - mylogger - INFO - ['0', '30', '12']
2018-09-23 23:22:06,765 - mylogger - INFO - 数据库中检索答案
2018-09-23 23:22:06,766 - mylogger - INFO - 数据中无答案
2018-09-23 23:22:07,746 - mylogger - INFO - 在线检索答案：0
2018-09-23 23:22:07,776 - mylogger - INFO - 我的答案：0
2018-09-23 23:22:08,382 - mylogger - INFO - 选择选项
2018-09-23 23:22:10,818 - mylogger - INFO - 答案正确
2018-09-23 23:22:10,819 - mylogger - INFO - 更新答案
2018-09-23 23:22:12,246 - mylogger - INFO - 本题结束
2018-09-23 23:22:12,281 - mylogger - INFO - 获取题目
2018-09-23 23:22:14,042 - mylogger - INFO - 第 4 题
2018-09-23 23:22:14,377 - mylogger - INFO - 国内第一台电子计算机当时叫什么？
2018-09-23 23:22:15,346 - mylogger - INFO - ['101机', '104机', '103机']
2018-09-23 23:22:15,351 - mylogger - INFO - 数据库中检索答案
2018-09-23 23:22:15,352 - mylogger - INFO - 数据中无答案
2018-09-23 23:22:17,247 - mylogger - INFO - 在线检索答案：103机
2018-09-23 23:22:17,247 - mylogger - INFO - 我的答案：103机
2018-09-23 23:22:17,890 - mylogger - INFO - 选择选项
2018-09-23 23:22:20,291 - mylogger - INFO - 答案正确
2018-09-23 23:22:20,291 - mylogger - INFO - 更新答案
2018-09-23 23:22:20,961 - mylogger - INFO - 本题结束
2018-09-23 23:22:21,000 - mylogger - INFO - 获取题目
2018-09-23 23:22:24,000 - mylogger - INFO - 第 5 题
2018-09-23 23:22:24,348 - mylogger - INFO - 《使至塞上》一诗属于
2018-09-23 23:22:25,321 - mylogger - INFO - ['五言绝句', '七言绝句', '五言律诗']
2018-09-23 23:22:25,329 - mylogger - INFO - 数据库中检索答案
2018-09-23 23:22:25,332 - mylogger - INFO - 数据中无答案
2018-09-23 23:22:26,242 - mylogger - INFO - 在线检索答案：
2018-09-23 23:22:26,242 - mylogger - INFO - 我的答案：五言绝句
2018-09-23 23:22:26,785 - mylogger - INFO - 选择选项
2018-09-23 23:22:29,252 - mylogger - INFO - 答案错误
2018-09-23 23:22:29,652 - mylogger - INFO - 正确答案；五言律诗
2018-09-23 23:22:29,653 - mylogger - INFO - 更新答案
2018-09-23 23:22:30,121 - mylogger - INFO - 本题结束
2018-09-23 23:22:30,247 - mylogger - INFO - 本场比赛结束
2018-09-23 23:22:30,486 - mylogger - INFO - 返回游戏页面
2018-09-23 23:22:32,052 - mylogger - INFO - 进入排位赛
2018-09-23 23:22:32,054 - mylogger - INFO - 正在匹配中......
2018-09-23 23:23:16,245 - mylogger - INFO - 匹配成功
2018-09-23 23:23:16,245 - mylogger - INFO - 获取题目
2018-09-23 23:23:19,259 - mylogger - INFO - 第 1 题
2018-09-23 23:23:19,558 - mylogger - INFO - 谁与曾孝谷等人在日本创办了我国最早的话剧团体“春柳社” 
2018-09-23 23:23:20,539 - mylogger - INFO - ['老舍', '李叔同', '郭沫若']
2018-09-23 23:23:20,557 - mylogger - INFO - 数据库中检索答案
2018-09-23 23:23:20,559 - mylogger - INFO - 数据中无答案
2018-09-23 23:23:21,325 - mylogger - INFO - 在线检索答案：李叔同
2018-09-23 23:23:21,326 - mylogger - INFO - 我的答案：李叔同
2018-09-23 23:23:21,906 - mylogger - INFO - 选择选项
2018-09-23 23:23:24,345 - mylogger - INFO - 答案正确
2018-09-23 23:23:24,345 - mylogger - INFO - 更新答案
2018-09-23 23:23:25,805 - mylogger - INFO - 本题结束
2018-09-23 23:23:25,820 - mylogger - INFO - 获取题目
2018-09-23 23:23:28,809 - mylogger - INFO - 第 2 题
2018-09-23 23:23:29,165 - mylogger - INFO - 想要成为战斗机“女武神”的驾驶员是谁？
2018-09-23 23:23:30,105 - mylogger - INFO - ['坂井悠二', '伊藤诚', '早乙女有人']
2018-09-23 23:23:30,157 - mylogger - INFO - 数据库中检索答案
2018-09-23 23:23:30,157 - mylogger - INFO - 数据中无答案
2018-09-23 23:23:32,303 - mylogger - INFO - 在线检索答案：早乙女有人
2018-09-23 23:23:32,303 - mylogger - INFO - 我的答案：早乙女有人
2018-09-23 23:23:32,883 - mylogger - INFO - 选择选项
2018-09-23 23:23:35,358 - mylogger - INFO - 答案正确
2018-09-23 23:23:35,360 - mylogger - INFO - 更新答案
2018-09-23 23:23:36,785 - mylogger - INFO - 本题结束
2018-09-23 23:23:36,800 - mylogger - INFO - 获取题目
2018-09-23 23:23:38,655 - mylogger - INFO - 第 3 题
2018-09-23 23:23:38,944 - mylogger - INFO - 五香兔肉是哪个城市的特色名菜？
2018-09-23 23:23:39,950 - mylogger - INFO - ['武汉', '开封', '济南']
2018-09-23 23:23:39,962 - mylogger - INFO - 数据库中检索答案
2018-09-23 23:23:39,962 - mylogger - INFO - 数据中无答案
2018-09-23 23:23:40,913 - mylogger - INFO - 在线检索答案：开封
2018-09-23 23:23:40,918 - mylogger - INFO - 我的答案：开封
2018-09-23 23:23:41,499 - mylogger - INFO - 选择选项
2018-09-23 23:23:43,918 - mylogger - INFO - 答案正确
2018-09-23 23:23:43,923 - mylogger - INFO - 更新答案
2018-09-23 23:23:44,557 - mylogger - INFO - 本题结束
2018-09-23 23:23:44,575 - mylogger - INFO - 获取题目
2018-09-23 23:23:47,501 - mylogger - INFO - 第 4 题
2018-09-23 23:23:47,801 - mylogger - INFO - 下列选项中，哪一选项都是类地行星？
2018-09-23 23:23:48,827 - mylogger - INFO - ['水星、土星', '水星、火星', '火星、土星']
2018-09-23 23:23:48,835 - mylogger - INFO - 数据库中检索答案
2018-09-23 23:23:48,835 - mylogger - INFO - 数据中无答案
2018-09-23 23:23:49,594 - mylogger - INFO - 在线检索答案：水星、火星
2018-09-23 23:23:49,597 - mylogger - INFO - 我的答案：水星、火星
2018-09-23 23:23:50,170 - mylogger - INFO - 选择选项
2018-09-23 23:23:52,680 - mylogger - INFO - 答案正确
2018-09-23 23:23:52,681 - mylogger - INFO - 更新答案
2018-09-23 23:23:54,037 - mylogger - INFO - 本题结束
2018-09-23 23:23:54,044 - mylogger - INFO - 获取题目
2018-09-23 23:23:57,051 - mylogger - INFO - 第 5 题
2018-09-23 23:23:57,351 - mylogger - INFO - 哪个国家成功研发了世界首块弹性电池？
2018-09-23 23:23:58,330 - mylogger - INFO - ['日本', '德国', '韩国']
2018-09-23 23:23:58,336 - mylogger - INFO - 数据库中检索答案
2018-09-23 23:23:58,336 - mylogger - INFO - 数据中无答案
2018-09-23 23:23:59,210 - mylogger - INFO - 在线检索答案：韩国
2018-09-23 23:23:59,210 - mylogger - INFO - 我的答案：韩国
2018-09-23 23:23:59,743 - mylogger - INFO - 选择选项
2018-09-23 23:24:02,156 - mylogger - INFO - 答案正确
2018-09-23 23:24:02,169 - mylogger - INFO - 更新答案
2018-09-23 23:24:04,832 - mylogger - INFO - 本题结束
2018-09-23 23:24:04,959 - mylogger - INFO - 本场比赛结束
2018-09-23 23:24:05,238 - mylogger - INFO - 返回游戏页面
2018-09-23 23:24:06,815 - mylogger - INFO - 进入排位赛
2018-09-23 23:24:06,815 - mylogger - INFO - 正在匹配中......
2018-09-23 23:25:07,611 - mylogger - WARNING - 匹配失败
2018-09-23 23:25:07,887 - mylogger - INFO - 返回游戏页面
2018-09-23 23:25:09,407 - mylogger - INFO - 进入排位赛
2018-09-23 23:25:09,423 - mylogger - INFO - 正在匹配中......
2018-09-23 23:25:25,774 - mylogger - INFO - 匹配成功
2018-09-23 23:25:25,775 - mylogger - INFO - 获取题目
2018-09-23 23:25:28,992 - mylogger - INFO - 第 1 题
2018-09-23 23:25:29,343 - mylogger - INFO - 虽然有剧毒但因味道极为鲜美而广受食客喜爱的鱼叫什么？
2018-09-23 23:25:30,272 - mylogger - INFO - ['虎鲸', '蝾螈', '河豚']
2018-09-23 23:25:30,314 - mylogger - INFO - 数据库中检索答案
2018-09-23 23:25:30,314 - mylogger - INFO - 数据中无答案
2018-09-23 23:25:31,721 - mylogger - INFO - 在线检索答案：河豚
2018-09-23 23:25:31,722 - mylogger - INFO - 我的答案：河豚
2018-09-23 23:25:32,296 - mylogger - INFO - 选择选项
2018-09-23 23:25:34,775 - mylogger - INFO - 答案正确
2018-09-23 23:25:34,775 - mylogger - INFO - 更新答案
2018-09-23 23:25:42,851 - mylogger - INFO - 本题结束
2018-09-23 23:25:42,854 - mylogger - INFO - 获取题目
2018-09-23 23:25:45,851 - mylogger - INFO - 第 2 题
2018-09-23 23:25:46,233 - mylogger - INFO - 《勇气》是谁的热门金曲？
2018-09-23 23:25:47,365 - mylogger - INFO - ['萧亚轩', '梁静茹', '蔡依林']
2018-09-23 23:25:47,377 - mylogger - INFO - 数据库中检索答案
2018-09-23 23:25:47,378 - mylogger - INFO - 数据中无答案
2018-09-23 23:25:48,301 - mylogger - INFO - 在线检索答案：梁静茹
2018-09-23 23:25:48,301 - mylogger - INFO - 我的答案：梁静茹
2018-09-23 23:25:48,870 - mylogger - INFO - 选择选项
2018-09-23 23:25:51,424 - mylogger - INFO - 答案正确
2018-09-23 23:25:51,424 - mylogger - INFO - 更新答案
2018-09-23 23:26:00,730 - mylogger - INFO - 本题结束
2018-09-23 23:26:00,755 - mylogger - INFO - 获取题目
2018-09-23 23:26:02,579 - mylogger - INFO - 第 3 题
2018-09-23 23:26:02,897 - mylogger - INFO - 中国棋院首任院长是谁？
2018-09-23 23:26:03,825 - mylogger - INFO - ['曹大元', '聂卫平', '陈祖德']
2018-09-23 23:26:03,863 - mylogger - INFO - 数据库中检索答案
2018-09-23 23:26:03,865 - mylogger - INFO - 数据中无答案
2018-09-23 23:26:04,680 - mylogger - INFO - 在线检索答案：陈祖德
2018-09-23 23:26:04,680 - mylogger - INFO - 我的答案：陈祖德
2018-09-23 23:26:05,262 - mylogger - INFO - 选择选项
2018-09-23 23:26:07,782 - mylogger - INFO - 答案正确
2018-09-23 23:26:07,782 - mylogger - INFO - 更新答案
2018-09-23 23:26:17,173 - mylogger - INFO - 本题结束
2018-09-23 23:26:17,177 - mylogger - INFO - 获取题目
2018-09-23 23:26:19,057 - mylogger - INFO - 第 4 题
2018-09-23 23:26:19,357 - mylogger - INFO - 正常成人的脊柱有几个生理弯曲？
2018-09-23 23:26:20,310 - mylogger - INFO - ['3个', '4个', '1个']
2018-09-23 23:26:20,318 - mylogger - INFO - 数据库中检索答案
2018-09-23 23:26:20,318 - mylogger - INFO - 数据中无答案
2018-09-23 23:26:21,058 - mylogger - INFO - 在线检索答案：
2018-09-23 23:26:21,058 - mylogger - INFO - 我的答案：3个
2018-09-23 23:26:21,613 - mylogger - INFO - 选择选项
2018-09-23 23:26:24,075 - mylogger - INFO - 答案错误
2018-09-23 23:26:24,243 - mylogger - INFO - 正确答案；4个
2018-09-23 23:26:24,243 - mylogger - INFO - 更新答案
2018-09-23 23:26:24,494 - mylogger - INFO - 本题结束
2018-09-23 23:26:24,505 - mylogger - INFO - 获取题目
2018-09-23 23:26:27,430 - mylogger - INFO - 第 5 题
2018-09-23 23:26:27,743 - mylogger - INFO - 2017年，科学家宣布的LIGO探测到的引力波的信号源于？
2018-09-23 23:26:28,698 - mylogger - INFO - ['大爆炸的背景辐射', '双中子星的合并', '两个黑洞的合并']
2018-09-23 23:26:28,737 - mylogger - INFO - 数据库中检索答案
2018-09-23 23:26:28,737 - mylogger - INFO - 数据中无答案
2018-09-23 23:26:30,080 - mylogger - INFO - 在线检索答案：
2018-09-23 23:26:30,095 - mylogger - INFO - 我的答案：大爆炸的背景辐射
2018-09-23 23:26:30,695 - mylogger - INFO - 选择选项
2018-09-23 23:26:33,057 - mylogger - INFO - 答案错误
2018-09-23 23:26:33,289 - mylogger - INFO - 正确答案；双中子星的合并
2018-09-23 23:26:33,290 - mylogger - INFO - 更新答案
2018-09-23 23:26:33,617 - mylogger - INFO - 本题结束
2018-09-23 23:26:33,766 - mylogger - INFO - 本场比赛结束
2018-09-23 23:26:34,032 - mylogger - INFO - 返回游戏页面
2018-09-23 23:26:35,559 - mylogger - INFO - 进入排位赛
2018-09-23 23:26:35,560 - mylogger - INFO - 正在匹配中......
2018-09-23 23:27:03,752 - mylogger - INFO - 匹配成功
2018-09-23 23:27:03,752 - mylogger - INFO - 获取题目
2018-09-23 23:27:10,163 - mylogger - INFO - 第 1 题
2018-09-23 23:27:10,428 - mylogger - INFO - 下列哪项的面积最接近1平方分米
2018-09-23 23:27:11,317 - mylogger - INFO - ['课本封面', '粉笔盒底面', '指甲']
2018-09-23 23:27:11,322 - mylogger - INFO - 数据库中检索答案
2018-09-23 23:27:11,323 - mylogger - INFO - 数据中无答案
2018-09-23 23:27:12,252 - mylogger - INFO - 在线检索答案：粉笔盒底面
2018-09-23 23:27:12,258 - mylogger - INFO - 我的答案：粉笔盒底面
2018-09-23 23:27:12,774 - mylogger - INFO - 选择选项
2018-09-23 23:27:15,219 - mylogger - INFO - 答案正确
2018-09-23 23:27:15,262 - mylogger - INFO - 更新答案
2018-09-23 23:27:16,663 - mylogger - INFO - 本题结束
2018-09-23 23:27:16,731 - mylogger - INFO - 获取题目
2018-09-23 23:27:18,322 - mylogger - INFO - 第 2 题
2018-09-23 23:27:18,593 - mylogger - INFO - 截止2017年底，艺人杨颖获得了以下哪个奖项？
2018-09-23 23:27:19,565 - mylogger - INFO - ['金马奖', '金像奖', '百花奖']
2018-09-23 23:27:19,568 - mylogger - INFO - 数据库中检索答案
2018-09-23 23:27:19,568 - mylogger - INFO - 数据中无答案
2018-09-23 23:27:20,421 - mylogger - INFO - 在线检索答案：百花奖
2018-09-23 23:27:20,421 - mylogger - INFO - 我的答案：百花奖
2018-09-23 23:27:20,996 - mylogger - INFO - 选择选项
2018-09-23 23:27:23,451 - mylogger - INFO - 答案正确
2018-09-23 23:27:23,451 - mylogger - INFO - 更新答案
2018-09-23 23:27:26,529 - mylogger - INFO - 本题结束
2018-09-23 23:27:26,567 - mylogger - INFO - 获取题目
2018-09-23 23:27:28,329 - mylogger - INFO - 第 3 题
2018-09-23 23:27:28,609 - mylogger - INFO - 《黄河大合唱》的第八乐章是？
2018-09-23 23:27:29,597 - mylogger - INFO - ['《保卫黄河》', '《怒吼吧！黄河》', '《黄河颂》']
2018-09-23 23:27:29,635 - mylogger - INFO - 数据库中检索答案
2018-09-23 23:27:29,635 - mylogger - INFO - 数据中无答案
2018-09-23 23:27:30,399 - mylogger - INFO - 在线检索答案：《黄河颂》
2018-09-23 23:27:30,404 - mylogger - INFO - 我的答案：《黄河颂》
2018-09-23 23:27:30,994 - mylogger - INFO - 选择选项
2018-09-23 23:27:33,564 - mylogger - INFO - 答案错误
2018-09-23 23:27:33,767 - mylogger - INFO - 正确答案；《怒吼吧！黄河》
2018-09-23 23:27:33,767 - mylogger - INFO - 更新答案
2018-09-23 23:27:36,483 - mylogger - INFO - 本题结束
2018-09-23 23:27:36,632 - mylogger - INFO - 获取题目
2018-09-23 23:27:38,466 - mylogger - INFO - 第 4 题
2018-09-23 23:27:38,780 - mylogger - INFO - 天河二号超级计算机落户在哪里？
2018-09-23 23:27:39,618 - mylogger - INFO - ['中国科学技术大学', '华中科技大学', '中山大学']
2018-09-23 23:27:39,623 - mylogger - INFO - 数据库中检索答案
2018-09-23 23:27:39,623 - mylogger - INFO - 数据中无答案
2018-09-23 23:27:40,568 - mylogger - INFO - 在线检索答案：中山大学
2018-09-23 23:27:40,568 - mylogger - INFO - 我的答案：中山大学
2018-09-23 23:27:41,168 - mylogger - INFO - 选择选项
2018-09-23 23:27:43,570 - mylogger - INFO - 答案正确
2018-09-23 23:27:43,570 - mylogger - INFO - 更新答案
2018-09-23 23:27:45,288 - mylogger - INFO - 本题结束
2018-09-23 23:27:45,366 - mylogger - INFO - 获取题目
2018-09-23 23:27:47,183 - mylogger - INFO - 第 5 题
2018-09-23 23:27:47,467 - mylogger - INFO - 蜜蜂中的“蜂王”和“工蜂”分别是：
2018-09-23 23:27:48,358 - mylogger - INFO - ['雌蜂、雄峰', '雌蜂、雌蜂', '雄峰、雄峰']
2018-09-23 23:27:48,396 - mylogger - INFO - 数据库中检索答案
2018-09-23 23:27:48,396 - mylogger - INFO - 数据中无答案
2018-09-23 23:27:49,308 - mylogger - INFO - 在线检索答案：雌蜂、雄峰
2018-09-23 23:27:49,308 - mylogger - INFO - 我的答案：雌蜂、雄峰
2018-09-23 23:27:49,874 - mylogger - INFO - 选择选项
2018-09-23 23:27:52,342 - mylogger - INFO - 答案错误
2018-09-23 23:27:52,506 - mylogger - INFO - 正确答案；雌蜂、雌蜂
2018-09-23 23:27:52,507 - mylogger - INFO - 更新答案
2018-09-23 23:28:01,749 - mylogger - INFO - 本题结束
2018-09-23 23:28:01,867 - mylogger - INFO - 本场比赛结束
2018-09-23 23:28:02,104 - mylogger - INFO - 返回游戏页面
2018-09-23 23:28:03,668 - mylogger - INFO - 进入排位赛
2018-09-23 23:28:03,668 - mylogger - INFO - 正在匹配中......
2018-09-23 23:46:23,827 - mylogger - INFO - 进入排位赛
2018-09-23 23:46:23,827 - mylogger - INFO - 正在匹配中......
2018-09-23 23:47:24,654 - mylogger - WARNING - 匹配失败
2018-09-23 23:47:24,919 - mylogger - INFO - 返回游戏页面
2018-09-23 23:47:26,498 - mylogger - INFO - 进入排位赛
2018-09-23 23:47:26,498 - mylogger - INFO - 正在匹配中......
2018-09-23 23:47:40,417 - mylogger - INFO - 匹配成功
2018-09-23 23:47:40,433 - mylogger - INFO - 获取题目
2018-09-23 23:47:43,670 - mylogger - INFO - 第 1 题
2018-09-23 23:47:44,030 - mylogger - INFO - 《上邪》中情景交融的特点是什么？
2018-09-23 23:47:45,232 - mylogger - INFO - ['因情造景', '因景生情', '情景交融']
2018-09-23 23:47:45,248 - mylogger - INFO - 数据库中检索答案
2018-09-23 23:47:45,248 - mylogger - INFO - 数据中无答案
2018-09-23 23:47:45,975 - mylogger - INFO - 在线检索答案：情景交融
2018-09-23 23:47:45,985 - mylogger - INFO - 我的答案：情景交融
2018-09-23 23:47:46,605 - mylogger - INFO - 选择选项
2018-09-23 23:47:49,058 - mylogger - INFO - 答案错误
2018-09-23 23:47:49,199 - mylogger - INFO - 正确答案；因情造景
2018-09-23 23:47:49,199 - mylogger - INFO - 更新答案
2018-09-23 23:47:59,827 - mylogger - INFO - 本题结束
2018-09-23 23:47:59,827 - mylogger - INFO - 获取题目
2018-09-23 23:48:00,516 - mylogger - INFO - 第 2 题
2018-09-23 23:48:00,906 - mylogger - INFO - 几内亚湾是哪个洲最大的海湾？
2018-09-23 23:48:01,953 - mylogger - INFO - ['欧洲', '北美洲', '非洲']
2018-09-23 23:48:01,953 - mylogger - INFO - 数据库中检索答案
2018-09-23 23:48:01,969 - mylogger - INFO - 数据中无答案
2018-09-23 23:48:04,218 - mylogger - INFO - 在线检索答案：非洲
2018-09-23 23:48:04,218 - mylogger - INFO - 我的答案：非洲
2018-09-23 23:48:04,881 - mylogger - INFO - 选择选项
2018-09-23 23:51:38,670 - mylogger - INFO - 进入排位赛
2018-09-23 23:51:38,670 - mylogger - INFO - 正在匹配中......
2018-09-23 23:52:17,764 - mylogger - INFO - 匹配成功
2018-09-23 23:52:17,764 - mylogger - INFO - 获取题目
2018-09-23 23:52:20,797 - mylogger - INFO - 第 1 题
2018-09-23 23:52:21,078 - mylogger - INFO - 下列选项中，哪一个不是元宵节的习俗？
2018-09-23 23:52:22,078 - mylogger - INFO - ['吃元宵', '舞狮子', '插茱萸']
2018-09-23 23:52:22,078 - mylogger - INFO - 数据库中检索答案
2018-09-23 23:52:22,078 - mylogger - INFO - 我的答案：插茱萸
2018-09-23 23:52:22,612 - mylogger - INFO - 选择选项
2018-09-23 23:52:25,049 - mylogger - INFO - 答案正确
2018-09-23 23:52:25,049 - mylogger - INFO - 更新答案
2018-09-23 23:52:26,611 - mylogger - INFO - 本题结束
2018-09-23 23:52:26,611 - mylogger - INFO - 获取题目
2018-09-23 23:52:29,564 - mylogger - INFO - 第 2 题
2018-09-23 23:52:29,836 - mylogger - INFO - 电视节目《金曲捞》的主持人是以下哪位？
2018-09-23 23:52:30,711 - mylogger - INFO - ['陈赫', '郭德纲', '李好']
2018-09-23 23:52:30,726 - mylogger - INFO - 数据库中检索答案
2018-09-23 23:52:30,726 - mylogger - INFO - 数据中无答案
2018-09-23 23:52:31,448 - mylogger - INFO - 在线检索答案：李好
2018-09-23 23:52:31,448 - mylogger - INFO - 我的答案：李好
2018-09-23 23:52:32,151 - mylogger - INFO - 选择选项
2018-09-23 23:52:34,526 - mylogger - INFO - 答案正确
2018-09-23 23:52:34,541 - mylogger - INFO - 更新答案
2018-09-23 23:52:40,640 - mylogger - INFO - 本题结束
2018-09-23 23:52:40,671 - mylogger - INFO - 获取题目
2018-09-23 23:52:42,545 - mylogger - INFO - 第 3 题
2018-09-23 23:52:42,889 - mylogger - INFO - 孔雀开屏的主要目的是什么？
2018-09-23 23:52:43,777 - mylogger - INFO - ['吓走敌人', '寻找食物', '吸引雌性']
2018-09-23 23:52:43,793 - mylogger - INFO - 数据库中检索答案
2018-09-23 23:52:43,793 - mylogger - INFO - 数据中无答案
2018-09-23 23:52:44,495 - mylogger - INFO - 在线检索答案：吸引雌性
2018-09-23 23:52:44,495 - mylogger - INFO - 我的答案：吸引雌性
2018-09-23 23:52:45,042 - mylogger - INFO - 选择选项
2018-09-23 23:52:47,450 - mylogger - INFO - 答案正确
2018-09-23 23:52:47,450 - mylogger - INFO - 更新答案
2018-09-23 23:52:47,898 - mylogger - INFO - 本题结束
2018-09-23 23:52:47,898 - mylogger - INFO - 获取题目
2018-09-23 23:52:50,829 - mylogger - INFO - 第 4 题
2018-09-23 23:52:51,110 - mylogger - INFO - 春节时，通常会把哪个汉字倒着张贴寓意吉祥？
2018-09-23 23:52:52,047 - mylogger - INFO - ['财', '福', '寿']
2018-09-23 23:52:52,047 - mylogger - INFO - 数据库中检索答案
2018-09-23 23:52:52,047 - mylogger - INFO - 数据中无答案
2018-09-23 23:52:52,359 - mylogger - INFO - 在线检索答案：福
2018-09-23 23:52:52,359 - mylogger - INFO - 我的答案：福
2018-09-23 23:52:52,891 - mylogger - INFO - 选择选项
2018-09-23 23:52:55,296 - mylogger - INFO - 答案正确
2018-09-23 23:52:55,296 - mylogger - INFO - 更新答案
2018-09-23 23:52:56,812 - mylogger - INFO - 本题结束
2018-09-23 23:52:56,812 - mylogger - INFO - 获取题目
2018-09-23 23:52:59,764 - mylogger - INFO - 第 5 题
2018-09-23 23:53:00,045 - mylogger - INFO - 全球哪家手机厂商的手机曾因屡发爆炸事件被禁止带上飞机？
2018-09-23 23:53:00,951 - mylogger - INFO - ['三星', '黑莓', '华为']
2018-09-23 23:53:00,951 - mylogger - INFO - 数据库中检索答案
2018-09-23 23:53:00,967 - mylogger - INFO - 数据中无答案
2018-09-23 23:53:01,701 - mylogger - INFO - 在线检索答案：三星
2018-09-23 23:53:01,701 - mylogger - INFO - 我的答案：三星
2018-09-23 23:53:02,248 - mylogger - INFO - 选择选项
2018-09-23 23:53:04,640 - mylogger - INFO - 答案正确
2018-09-23 23:53:04,640 - mylogger - INFO - 更新答案
2018-09-23 23:53:07,389 - mylogger - INFO - 本题结束
2018-09-23 23:53:07,514 - mylogger - INFO - 本场比赛结束
2018-09-23 23:53:07,811 - mylogger - INFO - 返回游戏页面
2018-09-23 23:53:09,373 - mylogger - INFO - 进入排位赛
2018-09-23 23:53:09,373 - mylogger - INFO - 正在匹配中......
2018-09-23 23:53:27,623 - mylogger - INFO - 匹配成功
2018-09-23 23:53:27,623 - mylogger - INFO - 获取题目
2018-09-23 23:53:30,718 - mylogger - INFO - 第 1 题
2018-09-23 23:53:31,015 - mylogger - INFO - 在《哆啦A梦》剧场版中，哆啦A梦是一只什么机器人？
2018-09-23 23:53:32,061 - mylogger - INFO - ['猫型机器人', '鸟形机器人', '狗型机器人']
2018-09-23 23:53:32,077 - mylogger - INFO - 数据库中检索答案
2018-09-23 23:53:32,077 - mylogger - INFO - 数据中无答案
2018-09-23 23:53:32,905 - mylogger - INFO - 在线检索答案：猫型机器人
2018-09-23 23:53:32,905 - mylogger - INFO - 我的答案：猫型机器人
2018-09-23 23:53:33,452 - mylogger - INFO - 选择选项
2018-09-23 23:53:35,894 - mylogger - INFO - 答案正确
2018-09-23 23:53:35,894 - mylogger - INFO - 更新答案
2018-09-23 23:53:45,167 - mylogger - INFO - 本题结束
2018-09-23 23:53:45,167 - mylogger - INFO - 获取题目
2018-09-23 23:53:48,217 - mylogger - INFO - 第 2 题
2018-09-23 23:53:48,576 - mylogger - INFO - 哪个女星没有参演周星驰版的电影《大话西游》？
2018-09-23 23:53:49,609 - mylogger - INFO - ['莫文蔚', '杨幂', '蔡少芬']
2018-09-23 23:53:49,624 - mylogger - INFO - 数据库中检索答案
2018-09-23 23:53:49,624 - mylogger - INFO - 数据中无答案
2018-09-23 23:53:50,437 - mylogger - INFO - 在线检索答案：莫文蔚
2018-09-23 23:53:50,437 - mylogger - INFO - 我的答案：莫文蔚
2018-09-23 23:53:50,953 - mylogger - INFO - 选择选项
2018-09-23 23:53:53,342 - mylogger - INFO - 答案错误
2018-09-23 23:53:53,483 - mylogger - INFO - 正确答案；杨幂
2018-09-23 23:53:53,483 - mylogger - INFO - 更新答案
2018-09-23 23:53:54,983 - mylogger - INFO - 本题结束
2018-09-23 23:53:54,983 - mylogger - INFO - 获取题目
2018-09-23 23:53:56,826 - mylogger - INFO - 第 3 题
2018-09-23 23:53:57,140 - mylogger - INFO - 舰空导弹是从哪里发射攻击空中目标的导弹？
2018-09-23 23:53:58,089 - mylogger - INFO - ['飞机', '战车', '舰艇']
2018-09-23 23:53:58,102 - mylogger - INFO - 数据库中检索答案
2018-09-23 23:53:58,102 - mylogger - INFO - 数据中无答案
2018-09-23 23:53:59,103 - mylogger - INFO - 在线检索答案：舰艇
2018-09-23 23:53:59,103 - mylogger - INFO - 我的答案：舰艇
2018-09-23 23:53:59,651 - mylogger - INFO - 选择选项
2018-09-23 23:54:02,051 - mylogger - INFO - 答案正确
2018-09-23 23:54:02,051 - mylogger - INFO - 更新答案
2018-09-23 23:54:03,410 - mylogger - INFO - 本题结束
2018-09-23 23:54:03,410 - mylogger - INFO - 获取题目
2018-09-23 23:54:05,272 - mylogger - INFO - 第 4 题
2018-09-23 23:54:05,587 - mylogger - INFO - 《雷雨》的作者是著名剧作家____。
2018-09-23 23:54:06,606 - mylogger - INFO - ['郭沫若', '巴金', '曹禺']
2018-09-23 23:54:06,621 - mylogger - INFO - 数据库中检索答案
2018-09-23 23:54:06,636 - mylogger - INFO - 数据中无答案
2018-09-23 23:54:08,015 - mylogger - INFO - 在线检索答案：曹禺
2018-09-23 23:54:08,015 - mylogger - INFO - 我的答案：曹禺
2018-09-23 23:54:08,593 - mylogger - INFO - 选择选项
2018-09-23 23:54:11,046 - mylogger - INFO - 答案正确
2018-09-23 23:54:11,046 - mylogger - INFO - 更新答案
2018-09-23 23:54:12,374 - mylogger - INFO - 本题结束
2018-09-23 23:54:12,374 - mylogger - INFO - 获取题目
2018-09-23 23:54:14,198 - mylogger - INFO - 第 5 题
2018-09-23 23:54:14,479 - mylogger - INFO - 被称为“2016年第一网红”的是谁？
2018-09-23 23:54:15,370 - mylogger - INFO - ['papi酱', '陈茂源', '陈翔六点半']
2018-09-23 23:54:15,370 - mylogger - INFO - 数据库中检索答案
2018-09-23 23:54:15,370 - mylogger - INFO - 数据中无答案
2018-09-23 23:54:16,619 - mylogger - INFO - 在线检索答案：papi酱
2018-09-23 23:54:16,619 - mylogger - INFO - 我的答案：papi酱
2018-09-23 23:54:17,213 - mylogger - INFO - 选择选项
2018-09-23 23:54:19,624 - mylogger - INFO - 答案正确
2018-09-23 23:54:19,624 - mylogger - INFO - 更新答案
2018-09-23 23:54:21,014 - mylogger - INFO - 本题结束
2018-09-23 23:54:21,154 - mylogger - INFO - 本场比赛结束
2018-09-23 23:54:21,420 - mylogger - INFO - 返回游戏页面
2018-09-23 23:54:22,904 - mylogger - INFO - 进入排位赛
2018-09-23 23:54:22,920 - mylogger - INFO - 正在匹配中......
2018-09-23 23:54:51,374 - mylogger - INFO - 匹配成功
2018-09-23 23:54:51,374 - mylogger - INFO - 获取题目
2018-09-23 23:54:54,251 - mylogger - INFO - 第 1 题
2018-09-23 23:54:54,533 - mylogger - INFO - 每年什么季节小孩子长的比较快？
2018-09-23 23:54:55,469 - mylogger - INFO - ['夏天', '秋天', '春天']
2018-09-23 23:54:55,485 - mylogger - INFO - 数据库中检索答案
2018-09-23 23:54:55,485 - mylogger - INFO - 数据中无答案
2018-09-23 23:54:56,329 - mylogger - INFO - 在线检索答案：秋天
2018-09-23 23:54:56,329 - mylogger - INFO - 我的答案：秋天
2018-09-23 23:54:56,860 - mylogger - INFO - 选择选项
2018-09-23 23:54:59,280 - mylogger - INFO - 答案错误
2018-09-23 23:54:59,514 - mylogger - INFO - 正确答案；春天
2018-09-23 23:54:59,514 - mylogger - INFO - 更新答案
2018-09-23 23:55:01,888 - mylogger - INFO - 本题结束
2018-09-23 23:55:01,888 - mylogger - INFO - 获取题目
2018-09-23 23:55:03,687 - mylogger - INFO - 第 2 题
2018-09-23 23:55:03,953 - mylogger - INFO - 著名哲学家柏拉图和亚里士多德是什么关系？
2018-09-23 23:55:04,859 - mylogger - INFO - ['堂兄弟', '师生', '父子']
2018-09-23 23:55:04,874 - mylogger - INFO - 数据库中检索答案
2018-09-23 23:55:04,874 - mylogger - INFO - 数据中无答案
2018-09-23 23:55:05,671 - mylogger - INFO - 在线检索答案：
2018-09-23 23:55:05,671 - mylogger - INFO - 我的答案：堂兄弟
2018-09-23 23:55:06,197 - mylogger - INFO - 选择选项
2018-09-23 23:55:08,671 - mylogger - INFO - 答案错误
2018-09-23 23:55:08,796 - mylogger - INFO - 正确答案；师生
2018-09-23 23:55:08,811 - mylogger - INFO - 更新答案
2018-09-23 23:55:12,373 - mylogger - INFO - 本题结束
2018-09-23 23:55:12,373 - mylogger - INFO - 获取题目
2018-09-23 23:55:15,298 - mylogger - INFO - 第 3 题
2018-09-23 23:55:15,579 - mylogger - INFO - 华语乐队Beyond的成员不包括谁？
2018-09-23 23:55:16,516 - mylogger - INFO - ['叶世荣', '黄家强', '林志颖']
2018-09-23 23:55:16,516 - mylogger - INFO - 数据库中检索答案
2018-09-23 23:55:16,516 - mylogger - INFO - 数据中无答案
2018-09-23 23:55:17,250 - mylogger - INFO - 在线检索答案：林志颖
2018-09-23 23:55:17,250 - mylogger - INFO - 我的答案：林志颖
2018-09-23 23:55:17,813 - mylogger - INFO - 选择选项
2018-09-23 23:55:20,202 - mylogger - INFO - 答案正确
2018-09-23 23:55:20,202 - mylogger - INFO - 更新答案
2018-09-23 23:55:22,624 - mylogger - INFO - 本题结束
2018-09-23 23:55:22,624 - mylogger - INFO - 获取题目
2018-09-23 23:55:25,623 - mylogger - INFO - 第 4 题
2018-09-23 23:55:25,983 - mylogger - INFO - 切尔西球员库尔图瓦的场上位置是？
2018-09-23 23:55:27,045 - mylogger - INFO - ['前锋', '守门员', '中场']
2018-09-23 23:55:27,045 - mylogger - INFO - 数据库中检索答案
2018-09-23 23:55:27,045 - mylogger - INFO - 数据中无答案
2018-09-23 23:55:27,951 - mylogger - INFO - 在线检索答案：
2018-09-23 23:55:27,951 - mylogger - INFO - 我的答案：前锋
2018-09-23 23:55:28,482 - mylogger - INFO - 选择选项
2018-09-23 23:55:30,889 - mylogger - INFO - 答案错误
2018-09-23 23:55:31,030 - mylogger - INFO - 正确答案；守门员
2018-09-23 23:55:31,030 - mylogger - INFO - 更新答案
2018-09-23 23:55:33,373 - mylogger - INFO - 本题结束
2018-09-23 23:55:33,373 - mylogger - INFO - 获取题目
2018-09-23 23:55:35,201 - mylogger - INFO - 第 5 题
2018-09-23 23:55:35,499 - mylogger - INFO - 成语“环肥燕瘦”中的“环”指的是哪位唐朝美女？
2018-09-23 23:55:36,452 - mylogger - INFO - ['杨玉环', '上官婉儿', '文成公主']
2018-09-23 23:55:36,452 - mylogger - INFO - 数据库中检索答案
2018-09-23 23:55:36,452 - mylogger - INFO - 我的答案：杨玉环
2018-09-23 23:55:37,026 - mylogger - INFO - 选择选项
2018-09-23 23:55:39,386 - mylogger - INFO - 答案正确
2018-09-23 23:55:39,386 - mylogger - INFO - 更新答案
2018-09-23 23:55:41,877 - mylogger - INFO - 本题结束
2018-09-23 23:55:42,004 - mylogger - INFO - 本场比赛结束
2018-09-23 23:55:42,245 - mylogger - INFO - 返回游戏页面
2018-09-23 23:55:43,729 - mylogger - INFO - 进入排位赛
2018-09-23 23:55:43,745 - mylogger - INFO - 正在匹配中......
2018-09-23 23:55:51,981 - mylogger - INFO - 匹配成功
2018-09-23 23:55:51,981 - mylogger - INFO - 获取题目
2018-09-23 23:55:55,119 - mylogger - INFO - 第 1 题
2018-09-23 23:55:55,401 - mylogger - INFO - 资料的“资”是什么结构的汉字？
2018-09-23 23:55:56,447 - mylogger - INFO - ['左右', '上下', '半包围']
2018-09-23 23:55:56,447 - mylogger - INFO - 数据库中检索答案
2018-09-23 23:55:56,447 - mylogger - INFO - 数据中无答案
2018-09-23 23:55:57,339 - mylogger - INFO - 在线检索答案：左右
2018-09-23 23:55:57,339 - mylogger - INFO - 我的答案：左右
2018-09-23 23:55:57,964 - mylogger - INFO - 选择选项
2018-09-23 23:56:00,401 - mylogger - INFO - 答案错误
2018-09-23 23:56:00,525 - mylogger - INFO - 正确答案；上下
2018-09-23 23:56:00,525 - mylogger - INFO - 更新答案
2018-09-23 23:56:02,901 - mylogger - INFO - 本题结束
2018-09-23 23:56:02,917 - mylogger - INFO - 获取题目
2018-09-23 23:56:04,713 - mylogger - INFO - 第 2 题
2018-09-23 23:56:05,010 - mylogger - INFO - 南方的粽子一般是什么口味的？
2018-09-23 23:56:06,026 - mylogger - INFO - ['咸味', '甜味', '都不是']
2018-09-23 23:56:06,041 - mylogger - INFO - 数据库中检索答案
2018-09-23 23:56:06,041 - mylogger - INFO - 数据中无答案
2018-09-23 23:56:06,719 - mylogger - INFO - 在线检索答案：咸味
2018-09-23 23:56:06,719 - mylogger - INFO - 我的答案：咸味
2018-09-23 23:56:07,249 - mylogger - INFO - 选择选项
2018-09-23 23:56:09,652 - mylogger - INFO - 答案正确
2018-09-23 23:56:09,652 - mylogger - INFO - 更新答案
2018-09-23 23:56:10,979 - mylogger - INFO - 本题结束
2018-09-23 23:56:10,985 - mylogger - INFO - 获取题目
2018-09-23 23:56:12,878 - mylogger - INFO - 第 3 题
2018-09-23 23:56:13,206 - mylogger - INFO - 下列哪位明星担任过电视节目《演员的诞生》的嘉宾？
2018-09-23 23:56:14,159 - mylogger - INFO - ['章子怡', '宋民国', '陈奕迅']
2018-09-23 23:56:14,159 - mylogger - INFO - 数据库中检索答案
2018-09-23 23:56:14,159 - mylogger - INFO - 数据中无答案
2018-09-23 23:56:15,711 - mylogger - INFO - 在线检索答案：章子怡
2018-09-23 23:56:15,711 - mylogger - INFO - 我的答案：章子怡
2018-09-23 23:56:16,355 - mylogger - INFO - 选择选项
2018-09-23 23:56:18,734 - mylogger - INFO - 答案正确
2018-09-23 23:56:18,734 - mylogger - INFO - 更新答案
2018-09-23 23:56:20,031 - mylogger - INFO - 本题结束
2018-09-23 23:56:20,046 - mylogger - INFO - 获取题目
2018-09-23 23:56:21,781 - mylogger - INFO - 第 4 题
2018-09-23 23:56:22,094 - mylogger - INFO - 哪部动画电影是以猴子为主角的？
2018-09-23 23:56:23,113 - mylogger - INFO - ['《功夫熊猫》', '《海底总动员》', '《大闹天宫》']
2018-09-23 23:56:23,128 - mylogger - INFO - 数据库中检索答案
2018-09-23 23:56:23,128 - mylogger - INFO - 数据中无答案
2018-09-23 23:56:23,956 - mylogger - INFO - 在线检索答案：
2018-09-23 23:56:23,956 - mylogger - INFO - 我的答案：《功夫熊猫》
2018-09-23 23:56:24,550 - mylogger - INFO - 选择选项
2018-09-23 23:56:26,987 - mylogger - INFO - 答案错误
2018-09-23 23:56:27,190 - mylogger - INFO - 正确答案；《大闹天宫》
2018-09-23 23:56:27,190 - mylogger - INFO - 更新答案
2018-09-23 23:56:28,533 - mylogger - INFO - 本题结束
2018-09-23 23:56:28,533 - mylogger - INFO - 获取题目
2018-09-23 23:56:30,330 - mylogger - INFO - 第 5 题
2018-09-23 23:56:30,618 - mylogger - INFO - 姐妹的丈夫之间相互叫做什么？
2018-09-23 23:56:31,555 - mylogger - INFO - ['连襟', '兄弟', '小舅子']
2018-09-23 23:56:31,565 - mylogger - INFO - 数据库中检索答案
2018-09-23 23:56:31,570 - mylogger - INFO - 数据中无答案
2018-09-23 23:56:32,284 - mylogger - INFO - 在线检索答案：连襟
2018-09-23 23:56:32,285 - mylogger - INFO - 我的答案：连襟
2018-09-23 23:56:32,824 - mylogger - INFO - 选择选项
2018-09-23 23:56:35,238 - mylogger - INFO - 答案正确
2018-09-23 23:56:35,239 - mylogger - INFO - 更新答案
2018-09-23 23:56:36,479 - mylogger - INFO - 本题结束
2018-09-23 23:56:36,611 - mylogger - INFO - 本场比赛结束
2018-09-23 23:56:36,885 - mylogger - INFO - 返回游戏页面
2018-09-23 23:56:38,468 - mylogger - INFO - 进入排位赛
2018-09-23 23:56:38,470 - mylogger - INFO - 正在匹配中......
2018-09-23 23:56:47,772 - mylogger - INFO - 匹配成功
2018-09-23 23:56:47,775 - mylogger - INFO - 获取题目
2018-09-23 23:56:50,862 - mylogger - INFO - 第 1 题
2018-09-23 23:56:51,154 - mylogger - INFO - “二人转”是我国什么地区人民喜闻乐见的曲艺形式？
2018-09-23 23:56:52,099 - mylogger - INFO - ['东北', '华北', '西北']
2018-09-23 23:56:52,103 - mylogger - INFO - 数据库中检索答案
2018-09-23 23:56:52,105 - mylogger - INFO - 数据中无答案
2018-09-23 23:56:52,997 - mylogger - INFO - 在线检索答案：东北
2018-09-23 23:56:52,997 - mylogger - INFO - 我的答案：东北
2018-09-23 23:56:53,578 - mylogger - INFO - 选择选项
2018-09-23 23:56:56,010 - mylogger - INFO - 答案正确
2018-09-23 23:56:56,011 - mylogger - INFO - 更新答案
2018-09-23 23:56:57,297 - mylogger - INFO - 本题结束
2018-09-23 23:56:57,300 - mylogger - INFO - 获取题目
2018-09-23 23:56:59,143 - mylogger - INFO - 第 2 题
2018-09-23 23:56:59,557 - mylogger - INFO - 西游记里的火焰山在哪里？
2018-09-23 23:57:00,535 - mylogger - INFO - ['和田', '乌鲁木齐', '吐鲁番']
2018-09-23 23:57:00,564 - mylogger - INFO - 数据库中检索答案
2018-09-23 23:57:00,573 - mylogger - INFO - 数据中无答案
2018-09-23 23:57:01,317 - mylogger - INFO - 在线检索答案：吐鲁番
2018-09-23 23:57:01,317 - mylogger - INFO - 我的答案：吐鲁番
2018-09-23 23:57:01,879 - mylogger - INFO - 选择选项
2018-09-23 23:57:04,238 - mylogger - INFO - 答案正确
2018-09-23 23:57:04,238 - mylogger - INFO - 更新答案
2018-09-23 23:57:05,534 - mylogger - INFO - 本题结束
2018-09-23 23:57:05,536 - mylogger - INFO - 获取题目
2018-09-23 23:57:08,567 - mylogger - INFO - 第 3 题
2018-09-23 23:57:08,848 - mylogger - INFO - 胆汁是由哪个器官分泌的？
2018-09-23 23:57:09,936 - mylogger - INFO - ['肝脏', '胃', '肾']
2018-09-23 23:57:09,941 - mylogger - INFO - 数据库中检索答案
2018-09-23 23:57:09,943 - mylogger - INFO - 数据中无答案
2018-09-23 23:57:10,587 - mylogger - INFO - 在线检索答案：肝脏
2018-09-23 23:57:10,588 - mylogger - INFO - 我的答案：肝脏
2018-09-23 23:57:11,207 - mylogger - INFO - 选择选项
2018-09-23 23:57:13,619 - mylogger - INFO - 答案正确
2018-09-23 23:57:13,620 - mylogger - INFO - 更新答案
2018-09-23 23:57:14,930 - mylogger - INFO - 本题结束
2018-09-23 23:57:14,932 - mylogger - INFO - 获取题目
2018-09-23 23:57:16,744 - mylogger - INFO - 第 4 题
2018-09-23 23:57:17,032 - mylogger - INFO - 头戴红缨帽，身穿绿战袍，说话音清脆，时时呱呱叫。(打一动物)
2018-09-23 23:57:17,992 - mylogger - INFO - ['乌贼', '鸽子', '鹦鹉']
2018-09-23 23:57:17,999 - mylogger - INFO - 数据库中检索答案
2018-09-23 23:57:18,000 - mylogger - INFO - 数据中无答案
2018-09-23 23:57:19,749 - mylogger - INFO - 在线检索答案：鹦鹉
2018-09-23 23:57:19,750 - mylogger - INFO - 我的答案：鹦鹉
2018-09-23 23:57:20,259 - mylogger - INFO - 选择选项
2018-09-23 23:57:22,652 - mylogger - INFO - 答案正确
2018-09-23 23:57:22,653 - mylogger - INFO - 更新答案
2018-09-23 23:57:25,029 - mylogger - INFO - 本题结束
2018-09-23 23:57:25,030 - mylogger - INFO - 获取题目
2018-09-23 23:57:26,888 - mylogger - INFO - 第 5 题
2018-09-23 23:57:27,227 - mylogger - INFO - 在联合国维持和平与安全方面有权采取行动的机关是
2018-09-23 23:57:28,293 - mylogger - INFO - ['联合国大会', '联合国安理会', '秘书处']
2018-09-23 23:57:28,296 - mylogger - INFO - 数据库中检索答案
2018-09-23 23:57:28,297 - mylogger - INFO - 数据中无答案
2018-09-23 23:57:29,969 - mylogger - INFO - 在线检索答案：联合国安理会
2018-09-23 23:57:29,970 - mylogger - INFO - 我的答案：联合国安理会
2018-09-23 23:57:30,476 - mylogger - INFO - 选择选项
2018-09-23 23:57:32,924 - mylogger - INFO - 答案正确
2018-09-23 23:57:32,926 - mylogger - INFO - 更新答案
2018-09-23 23:57:34,279 - mylogger - INFO - 本题结束
2018-09-23 23:57:34,408 - mylogger - INFO - 本场比赛结束
2018-09-23 23:57:34,681 - mylogger - INFO - 返回游戏页面
2018-09-23 23:57:36,192 - mylogger - INFO - 进入排位赛
2018-09-23 23:57:36,193 - mylogger - INFO - 正在匹配中......
2018-09-24 00:04:37,018 - mylogger - INFO - 进入排位赛
2018-09-24 00:04:37,042 - mylogger - INFO - 正在匹配中......
2018-09-24 00:04:45,038 - mylogger - INFO - 匹配成功
2018-09-24 00:04:45,053 - mylogger - INFO - 获取题目
2018-09-24 00:04:47,931 - mylogger - INFO - 第 1 题
2018-09-24 00:04:48,204 - mylogger - INFO - 杨幂和刘恺威的婚礼在哪举行？
2018-09-24 00:04:49,201 - mylogger - INFO - ['巴厘岛', '香格里拉', '北京']
2018-09-24 00:04:49,222 - mylogger - INFO - 数据库中检索答案
2018-09-24 00:04:49,223 - mylogger - INFO - 数据中无答案
2018-09-24 00:04:49,962 - mylogger - INFO - 在线检索答案：巴厘岛
2018-09-24 00:04:49,962 - mylogger - INFO - 我的答案：巴厘岛
2018-09-24 00:04:50,525 - mylogger - INFO - 选择选项
2018-09-24 00:04:52,898 - mylogger - INFO - 答案正确
2018-09-24 00:04:52,899 - mylogger - INFO - 更新答案
2018-09-24 00:04:54,185 - mylogger - INFO - 本题结束
2018-09-24 00:04:54,186 - mylogger - INFO - 获取题目
2018-09-24 00:04:55,962 - mylogger - INFO - 第 2 题
2018-09-24 00:04:56,231 - mylogger - INFO - 以下哪位是电视节目《非诚勿扰》的主持人？
2018-09-24 00:04:57,094 - mylogger - INFO - ['王嘉尔', '孟非', '郭德纲']
2018-09-24 00:04:57,099 - mylogger - INFO - 数据库中检索答案
2018-09-24 00:04:57,099 - mylogger - INFO - 数据中无答案
2018-09-24 00:04:57,849 - mylogger - INFO - 在线检索答案：孟非
2018-09-24 00:04:57,850 - mylogger - INFO - 我的答案：孟非
2018-09-24 00:04:58,377 - mylogger - INFO - 选择选项
2018-09-24 00:05:00,729 - mylogger - INFO - 答案正确
2018-09-24 00:05:00,730 - mylogger - INFO - 更新答案
2018-09-24 00:05:03,124 - mylogger - INFO - 本题结束
2018-09-24 00:05:03,126 - mylogger - INFO - 获取题目
2018-09-24 00:05:04,983 - mylogger - INFO - 第 3 题
2018-09-24 00:05:05,315 - mylogger - INFO - 在迪士尼动画电影中，悲情的女主角通常都被谁压迫着？
2018-09-24 00:05:06,299 - mylogger - INFO - ['国王', '男主角', '后妈']
2018-09-24 00:05:06,313 - mylogger - INFO - 数据库中检索答案
2018-09-24 00:05:06,320 - mylogger - INFO - 数据中无答案
2018-09-24 00:05:07,050 - mylogger - INFO - 在线检索答案：
2018-09-24 00:05:07,051 - mylogger - INFO - 我的答案：国王
2018-09-24 00:05:07,654 - mylogger - INFO - 选择选项
2018-09-24 00:05:10,030 - mylogger - INFO - 答案错误
2018-09-24 00:05:10,223 - mylogger - INFO - 正确答案；后妈
2018-09-24 00:05:10,224 - mylogger - INFO - 更新答案
2018-09-24 00:05:11,565 - mylogger - INFO - 本题结束
2018-09-24 00:05:11,577 - mylogger - INFO - 获取题目
2018-09-24 00:05:13,442 - mylogger - INFO - 第 4 题
2018-09-24 00:05:13,783 - mylogger - INFO - 四分之一（1/4）等于零点几？
2018-09-24 00:05:14,833 - mylogger - INFO - ['0.2', '0.25', '0.3']
2018-09-24 00:05:14,843 - mylogger - INFO - 数据库中检索答案
2018-09-24 00:05:14,848 - mylogger - INFO - 数据中无答案
2018-09-24 00:05:15,705 - mylogger - INFO - 在线检索答案：0.2
2018-09-24 00:05:15,707 - mylogger - INFO - 我的答案：0.2
2018-09-24 00:05:16,259 - mylogger - INFO - 选择选项
2018-09-24 00:05:18,657 - mylogger - INFO - 答案错误
2018-09-24 00:05:18,779 - mylogger - INFO - 正确答案；0.25
2018-09-24 00:05:18,780 - mylogger - INFO - 更新答案
2018-09-24 00:05:20,120 - mylogger - INFO - 本题结束
2018-09-24 00:05:20,123 - mylogger - INFO - 获取题目
2018-09-24 00:05:21,976 - mylogger - INFO - 第 5 题
2018-09-24 00:05:22,256 - mylogger - INFO - 游戏三国杀中，拥有咆哮技能的是哪位高人？
2018-09-24 00:05:23,170 - mylogger - INFO - ['张飞', '关羽', '赵云']
2018-09-24 00:05:23,197 - mylogger - INFO - 数据库中检索答案
2018-09-24 00:05:23,200 - mylogger - INFO - 数据中无答案
2018-09-24 00:05:23,964 - mylogger - INFO - 在线检索答案：张飞
2018-09-24 00:05:23,965 - mylogger - INFO - 我的答案：张飞
2018-09-24 00:05:24,542 - mylogger - INFO - 选择选项
2018-09-24 00:05:26,950 - mylogger - INFO - 答案正确
2018-09-24 00:05:26,952 - mylogger - INFO - 更新答案
2018-09-24 00:05:28,248 - mylogger - INFO - 本题结束
2018-09-24 00:05:28,392 - mylogger - INFO - 本场比赛结束
2018-09-24 00:05:28,686 - mylogger - INFO - 返回游戏页面
2018-09-24 00:05:30,314 - mylogger - INFO - 进入排位赛
2018-09-24 00:05:30,316 - mylogger - INFO - 正在匹配中......
2018-09-24 00:06:16,308 - mylogger - INFO - 匹配成功
2018-09-24 00:06:16,310 - mylogger - INFO - 获取题目
2018-09-24 00:06:19,306 - mylogger - INFO - 第 1 题
2018-09-24 00:06:19,611 - mylogger - INFO - 著名品牌「李维斯」是以发明了哪种服饰而闻名的？
2018-09-24 00:06:20,519 - mylogger - INFO - ['雪地靴', '冲锋衣', '牛仔裤']
2018-09-24 00:06:20,548 - mylogger - INFO - 数据库中检索答案
2018-09-24 00:06:20,550 - mylogger - INFO - 数据中无答案
2018-09-24 00:06:21,275 - mylogger - INFO - 在线检索答案：牛仔裤
2018-09-24 00:06:21,275 - mylogger - INFO - 我的答案：牛仔裤
2018-09-24 00:06:21,851 - mylogger - INFO - 选择选项
2018-09-24 00:06:24,267 - mylogger - INFO - 答案正确
2018-09-24 00:06:24,270 - mylogger - INFO - 更新答案
2018-09-24 00:06:33,474 - mylogger - INFO - 本题结束
2018-09-24 00:06:33,476 - mylogger - INFO - 获取题目
2018-09-24 00:06:36,363 - mylogger - INFO - 第 2 题
2018-09-24 00:06:36,660 - mylogger - INFO - 英语“耳朵”的单词是？
2018-09-24 00:06:37,772 - mylogger - INFO - ['eye', 'ear', 'eat']
2018-09-24 00:06:37,779 - mylogger - INFO - 数据库中检索答案
2018-09-24 00:06:37,786 - mylogger - INFO - 我的答案：ear
2018-09-24 00:06:38,375 - mylogger - INFO - 选择选项
2018-09-24 00:06:40,777 - mylogger - INFO - 答案正确
2018-09-24 00:06:40,779 - mylogger - INFO - 更新答案
2018-09-24 00:06:42,125 - mylogger - INFO - 本题结束
2018-09-24 00:06:42,127 - mylogger - INFO - 获取题目
2018-09-24 00:06:43,880 - mylogger - INFO - 第 3 题
2018-09-24 00:06:44,173 - mylogger - INFO - 电影《异度空间》是一部什么类型的影片？
2018-09-24 00:06:45,023 - mylogger - INFO - ['动作', '文艺', '悬疑']
2018-09-24 00:06:45,030 - mylogger - INFO - 数据库中检索答案
2018-09-24 00:06:45,032 - mylogger - INFO - 数据中无答案
2018-09-24 00:06:45,995 - mylogger - INFO - 在线检索答案：悬疑
2018-09-24 00:06:45,996 - mylogger - INFO - 我的答案：悬疑
2018-09-24 00:06:46,547 - mylogger - INFO - 选择选项
2018-09-24 00:06:48,886 - mylogger - INFO - 答案正确
2018-09-24 00:06:48,887 - mylogger - INFO - 更新答案
2018-09-24 00:06:51,251 - mylogger - INFO - 本题结束
2018-09-24 00:06:51,253 - mylogger - INFO - 获取题目
2018-09-24 00:06:53,065 - mylogger - INFO - 第 4 题
2018-09-24 00:06:53,417 - mylogger - INFO - 狗在人类的生活中有重要的作用，如秋田能作为一种什么犬帮助人类？
2018-09-24 00:06:54,288 - mylogger - INFO - ['梗类犬', '工作犬', '玩具犬']
2018-09-24 00:06:54,310 - mylogger - INFO - 数据库中检索答案
2018-09-24 00:06:54,312 - mylogger - INFO - 数据中无答案
2018-09-24 00:06:55,162 - mylogger - INFO - 在线检索答案：
2018-09-24 00:06:55,163 - mylogger - INFO - 我的答案：梗类犬
2018-09-24 00:06:55,672 - mylogger - INFO - 选择选项
2018-09-24 00:06:58,023 - mylogger - INFO - 答案错误
2018-09-24 00:06:58,165 - mylogger - INFO - 正确答案；工作犬
2018-09-24 00:06:58,166 - mylogger - INFO - 更新答案
2018-09-24 00:07:02,829 - mylogger - INFO - 本题结束
2018-09-24 00:07:02,832 - mylogger - INFO - 获取题目
2018-09-24 00:07:05,837 - mylogger - INFO - 第 5 题
2018-09-24 00:07:06,115 - mylogger - INFO - 一般过年时的大扫除是在什么时候？
2018-09-24 00:07:07,120 - mylogger - INFO - ['年前', '大年初一', '大年初二']
2018-09-24 00:07:07,126 - mylogger - INFO - 数据库中检索答案
2018-09-24 00:07:07,128 - mylogger - INFO - 数据中无答案
2018-09-24 00:07:07,871 - mylogger - INFO - 在线检索答案：年前
2018-09-24 00:07:07,872 - mylogger - INFO - 我的答案：年前
2018-09-24 00:07:08,464 - mylogger - INFO - 选择选项
2018-09-24 00:07:10,987 - mylogger - INFO - 答案正确
2018-09-24 00:07:10,988 - mylogger - INFO - 更新答案
2018-09-24 00:07:11,240 - mylogger - INFO - 本题结束
2018-09-24 00:07:11,389 - mylogger - INFO - 本场比赛结束
2018-09-24 00:07:11,649 - mylogger - INFO - 返回游戏页面
2018-09-24 00:07:13,153 - mylogger - INFO - 进入排位赛
2018-09-24 00:07:13,154 - mylogger - INFO - 正在匹配中......
2018-09-24 00:07:14,593 - mylogger - INFO - 匹配成功
2018-09-24 00:07:14,595 - mylogger - INFO - 获取题目
2018-09-24 00:07:17,625 - mylogger - INFO - 第 1 题
2018-09-24 00:07:17,913 - mylogger - INFO - 下列属于室内设计范畴的是？
2018-09-24 00:07:18,865 - mylogger - INFO - ['照明光源', '高速公路', '停车场']
2018-09-24 00:07:18,875 - mylogger - INFO - 数据库中检索答案
2018-09-24 00:07:18,877 - mylogger - INFO - 数据中无答案
2018-09-24 00:07:19,638 - mylogger - INFO - 在线检索答案：
2018-09-24 00:07:19,639 - mylogger - INFO - 我的答案：照明光源
2018-09-24 00:07:20,186 - mylogger - INFO - 选择选项
2018-09-24 00:07:22,595 - mylogger - INFO - 答案正确
2018-09-24 00:07:22,597 - mylogger - INFO - 更新答案
2018-09-24 00:07:23,910 - mylogger - INFO - 本题结束
2018-09-24 00:07:23,912 - mylogger - INFO - 获取题目
2018-09-24 00:07:25,730 - mylogger - INFO - 第 2 题
2018-09-24 00:07:26,086 - mylogger - INFO - 哪个朝代妇女以丰腴为美？
2018-09-24 00:07:27,245 - mylogger - INFO - ['清朝', '元朝', '唐朝']
2018-09-24 00:07:27,250 - mylogger - INFO - 数据库中检索答案
2018-09-24 00:07:27,252 - mylogger - INFO - 数据中无答案
2018-09-24 00:07:27,985 - mylogger - INFO - 在线检索答案：唐朝
2018-09-24 00:07:27,986 - mylogger - INFO - 我的答案：唐朝
2018-09-24 00:07:28,508 - mylogger - INFO - 选择选项
2018-09-24 00:07:30,890 - mylogger - INFO - 答案正确
2018-09-24 00:07:30,892 - mylogger - INFO - 更新答案
2018-09-24 00:07:32,234 - mylogger - INFO - 本题结束
2018-09-24 00:07:32,236 - mylogger - INFO - 获取题目
2018-09-24 00:07:34,070 - mylogger - INFO - 第 3 题
2018-09-24 00:07:34,365 - mylogger - INFO - 沙皮是以下哪种功能的狗?
2018-09-24 00:07:35,298 - mylogger - INFO - ['家庭犬', '枪猎犬', '玩具犬']
2018-09-24 00:07:35,320 - mylogger - INFO - 数据库中检索答案
2018-09-24 00:07:35,321 - mylogger - INFO - 我的答案：家庭犬
2018-09-24 00:07:35,833 - mylogger - INFO - 选择选项
2018-09-24 00:07:38,218 - mylogger - INFO - 答案正确
2018-09-24 00:07:38,219 - mylogger - INFO - 更新答案
2018-09-24 00:07:40,707 - mylogger - INFO - 本题结束
2018-09-24 00:07:40,709 - mylogger - INFO - 获取题目
2018-09-24 00:07:42,582 - mylogger - INFO - 第 4 题
2018-09-24 00:07:42,918 - mylogger - INFO - 传统年俗中，腊月二十六主要做什么？
2018-09-24 00:07:43,909 - mylogger - INFO - ['艮牛耕春', '杀猪割年肉', '推磨做豆腐']
2018-09-24 00:07:43,934 - mylogger - INFO - 数据库中检索答案
2018-09-24 00:07:43,936 - mylogger - INFO - 数据中无答案
2018-09-24 00:07:44,725 - mylogger - INFO - 在线检索答案：杀猪割年肉
2018-09-24 00:07:44,726 - mylogger - INFO - 我的答案：杀猪割年肉
2018-09-24 00:07:45,238 - mylogger - INFO - 选择选项
2018-09-24 00:07:47,621 - mylogger - INFO - 答案正确
2018-09-24 00:07:47,622 - mylogger - INFO - 更新答案
2018-09-24 00:07:53,497 - mylogger - INFO - 本题结束
2018-09-24 00:07:53,500 - mylogger - INFO - 获取题目
2018-09-24 00:07:56,485 - mylogger - INFO - 第 5 题
2018-09-24 00:07:56,831 - mylogger - INFO - 粽子什么时候被正式定为端午节的习俗
2018-09-24 00:07:57,703 - mylogger - INFO - ['南北朝时期', '春秋时期', '晋代时期']
2018-09-24 00:07:57,724 - mylogger - INFO - 数据库中检索答案
2018-09-24 00:07:57,725 - mylogger - INFO - 数据中无答案
2018-09-24 00:07:58,519 - mylogger - INFO - 在线检索答案：南北朝时期
2018-09-24 00:07:58,520 - mylogger - INFO - 我的答案：南北朝时期
2018-09-24 00:07:59,103 - mylogger - INFO - 选择选项
2018-09-24 00:08:01,491 - mylogger - INFO - 答案错误
2018-09-24 00:08:01,805 - mylogger - INFO - 正确答案；晋代时期
2018-09-24 00:08:01,807 - mylogger - INFO - 更新答案
2018-09-24 00:08:05,426 - mylogger - INFO - 本题结束
2018-09-24 00:08:05,603 - mylogger - INFO - 本场比赛结束
2018-09-24 00:08:05,862 - mylogger - INFO - 返回游戏页面
2018-09-24 00:08:07,392 - mylogger - INFO - 进入排位赛
2018-09-24 00:08:07,393 - mylogger - INFO - 正在匹配中......
2018-09-24 00:09:07,727 - mylogger - WARNING - 匹配失败
2018-09-24 00:09:08,006 - mylogger - INFO - 返回游戏页面
2018-09-24 00:09:09,550 - mylogger - INFO - 进入排位赛
2018-09-24 00:09:09,551 - mylogger - INFO - 正在匹配中......
2018-09-24 00:10:06,740 - mylogger - INFO - 匹配成功
2018-09-24 00:10:06,741 - mylogger - INFO - 获取题目
2018-09-24 00:10:09,631 - mylogger - INFO - 第 1 题
2018-09-24 00:10:09,948 - mylogger - INFO - 以下哪位是电视节目《天籁之战》的嘉宾？
2018-09-24 00:10:10,862 - mylogger - INFO - ['马丽', '华晨宇', '倪妮']
2018-09-24 00:10:10,877 - mylogger - INFO - 数据库中检索答案
2018-09-24 00:10:10,877 - mylogger - INFO - 数据中无答案
2018-09-24 00:10:11,735 - mylogger - INFO - 在线检索答案：华晨宇
2018-09-24 00:10:11,735 - mylogger - INFO - 我的答案：华晨宇
2018-09-24 00:10:12,372 - mylogger - INFO - 选择选项
2018-09-24 00:10:14,741 - mylogger - INFO - 答案正确
2018-09-24 00:10:14,741 - mylogger - INFO - 更新答案
2018-09-24 00:10:16,087 - mylogger - INFO - 本题结束
2018-09-24 00:10:16,119 - mylogger - INFO - 获取题目
2018-09-24 00:10:17,923 - mylogger - INFO - 第 2 题
2018-09-24 00:10:18,263 - mylogger - INFO - 《醒来的女性》中主人公米拉曾经是____。
2018-09-24 00:10:19,197 - mylogger - INFO - ['家庭主妇', '军人', '医生']
2018-09-24 00:10:19,203 - mylogger - INFO - 数据库中检索答案
2018-09-24 00:10:19,204 - mylogger - INFO - 数据中无答案
2018-09-24 00:10:19,916 - mylogger - INFO - 在线检索答案：
2018-09-24 00:10:19,920 - mylogger - INFO - 我的答案：家庭主妇
2018-09-24 00:10:20,461 - mylogger - INFO - 选择选项
2018-09-24 00:10:22,934 - mylogger - INFO - 答案正确
2018-09-24 00:10:22,935 - mylogger - INFO - 更新答案
2018-09-24 00:10:26,449 - mylogger - INFO - 本题结束
2018-09-24 00:10:26,451 - mylogger - INFO - 获取题目
2018-09-24 00:10:29,411 - mylogger - INFO - 第 3 题
2018-09-24 00:10:29,737 - mylogger - INFO - 红嘴绿莺歌是哪种菜式的别称？
2018-09-24 00:10:30,664 - mylogger - INFO - ['白菜', '生菜', '菠菜']
2018-09-24 00:10:30,666 - mylogger - INFO - 数据库中检索答案
2018-09-24 00:10:30,666 - mylogger - INFO - 数据中无答案
2018-09-24 00:10:31,803 - mylogger - INFO - 在线检索答案：菠菜
2018-09-24 00:10:31,803 - mylogger - INFO - 我的答案：菠菜
2018-09-24 00:10:32,328 - mylogger - INFO - 选择选项
2018-09-24 00:10:34,781 - mylogger - INFO - 答案正确
2018-09-24 00:10:34,797 - mylogger - INFO - 更新答案
2018-09-24 00:10:39,354 - mylogger - INFO - 本题结束
2018-09-24 00:10:39,370 - mylogger - INFO - 获取题目
2018-09-24 00:10:41,143 - mylogger - INFO - 第 4 题
2018-09-24 00:10:41,455 - mylogger - INFO - 以下选项中，哪一个不属于建筑师王澍的代表作？
2018-09-24 00:10:42,469 - mylogger - INFO - ['宁波美术馆', '南京华侨大厦', '梦露大厦']
2018-09-24 00:10:42,485 - mylogger - INFO - 数据库中检索答案
2018-09-24 00:10:42,485 - mylogger - INFO - 我的答案：梦露大厦
2018-09-24 00:10:43,059 - mylogger - INFO - 选择选项
2018-09-24 00:10:45,453 - mylogger - INFO - 答案正确
2018-09-24 00:10:45,453 - mylogger - INFO - 更新答案
2018-09-24 00:10:49,052 - mylogger - INFO - 本题结束
2018-09-24 00:10:49,052 - mylogger - INFO - 获取题目
2018-09-24 00:10:52,084 - mylogger - INFO - 第 5 题
2018-09-24 00:10:52,426 - mylogger - INFO - 我们饮用的各种酒，一般都含有哪种化学成分？
2018-09-24 00:10:53,470 - mylogger - INFO - ['甲醇', '激素', '乙醇']
2018-09-24 00:10:53,485 - mylogger - INFO - 数据库中检索答案
2018-09-24 00:10:53,485 - mylogger - INFO - 数据中无答案
2018-09-24 00:10:54,391 - mylogger - INFO - 在线检索答案：乙醇
2018-09-24 00:10:54,391 - mylogger - INFO - 我的答案：乙醇
2018-09-24 00:10:54,938 - mylogger - INFO - 选择选项
2018-09-24 00:10:57,406 - mylogger - INFO - 答案正确
2018-09-24 00:10:57,406 - mylogger - INFO - 更新答案
2018-09-24 00:10:58,780 - mylogger - INFO - 本题结束
2018-09-24 00:10:58,949 - mylogger - INFO - 本场比赛结束
2018-09-24 00:10:59,230 - mylogger - INFO - 返回游戏页面
2018-09-24 00:11:00,780 - mylogger - INFO - 进入排位赛
2018-09-24 00:11:00,780 - mylogger - INFO - 正在匹配中......
2018-09-24 00:11:12,406 - mylogger - INFO - 匹配成功
2018-09-24 00:11:12,406 - mylogger - INFO - 获取题目
2018-09-24 00:11:15,530 - mylogger - INFO - 第 1 题
2018-09-24 00:11:15,795 - mylogger - INFO - 屈原是怎么死的？
2018-09-24 00:11:16,670 - mylogger - INFO - ['投河', '刀杀', '病死']
2018-09-24 00:11:16,685 - mylogger - INFO - 数据库中检索答案
2018-09-24 00:11:16,685 - mylogger - INFO - 数据中无答案
2018-09-24 00:11:17,373 - mylogger - INFO - 在线检索答案：
2018-09-24 00:11:17,373 - mylogger - INFO - 我的答案：投河
2018-09-24 00:11:18,045 - mylogger - INFO - 选择选项
2018-09-24 00:11:20,438 - mylogger - INFO - 答案正确
2018-09-24 00:11:20,438 - mylogger - INFO - 更新答案
2018-09-24 00:11:21,765 - mylogger - INFO - 本题结束
2018-09-24 00:11:21,765 - mylogger - INFO - 获取题目
2018-09-24 00:11:23,515 - mylogger - INFO - 第 2 题
2018-09-24 00:11:23,828 - mylogger - INFO - 在2001年获得年度最佳公益歌曲奖的《天亮了》是谁唱的？
2018-09-24 00:11:24,671 - mylogger - INFO - ['陈小春', '韩红', '王铮亮']
2018-09-24 00:11:24,671 - mylogger - INFO - 数据库中检索答案
2018-09-24 00:11:24,671 - mylogger - INFO - 数据中无答案
2018-09-24 00:11:25,499 - mylogger - INFO - 在线检索答案：韩红
2018-09-24 00:11:25,499 - mylogger - INFO - 我的答案：韩红
2018-09-24 00:11:26,046 - mylogger - INFO - 选择选项
2018-09-24 00:11:28,432 - mylogger - INFO - 答案正确
2018-09-24 00:11:28,432 - mylogger - INFO - 更新答案
2018-09-24 00:11:30,827 - mylogger - INFO - 本题结束
2018-09-24 00:11:30,842 - mylogger - INFO - 获取题目
2018-09-24 00:11:32,717 - mylogger - INFO - 第 3 题
2018-09-24 00:11:33,014 - mylogger - INFO - “卡姿兰大眼睛”是什么产品？
2018-09-24 00:11:33,904 - mylogger - INFO - ['睫毛膏', '口红', '眉笔']
2018-09-24 00:11:33,904 - mylogger - INFO - 数据库中检索答案
2018-09-24 00:11:33,904 - mylogger - INFO - 数据中无答案
2018-09-24 00:11:34,506 - mylogger - INFO - 在线检索答案：睫毛膏
2018-09-24 00:11:34,506 - mylogger - INFO - 我的答案：睫毛膏
2018-09-24 00:11:35,037 - mylogger - INFO - 选择选项
2018-09-24 00:11:37,458 - mylogger - INFO - 答案正确
2018-09-24 00:11:37,458 - mylogger - INFO - 更新答案
2018-09-24 00:11:43,218 - mylogger - INFO - 本题结束
2018-09-24 00:11:43,218 - mylogger - INFO - 获取题目
2018-09-24 00:11:44,999 - mylogger - INFO - 第 4 题
2018-09-24 00:11:45,311 - mylogger - INFO - 我国的汽车牌照中“川A”开关的牌照表示车是哪个城市的车辆？
2018-09-24 00:11:46,108 - mylogger - INFO - ['成都', '德阳', '绵阳']
2018-09-24 00:11:46,123 - mylogger - INFO - 数据库中检索答案
2018-09-24 00:11:46,123 - mylogger - INFO - 数据中无答案
2018-09-24 00:11:47,782 - mylogger - INFO - 在线检索答案：成都
2018-09-24 00:11:47,782 - mylogger - INFO - 我的答案：成都
2018-09-24 00:11:48,297 - mylogger - INFO - 选择选项
2018-09-24 00:11:50,688 - mylogger - INFO - 答案正确
2018-09-24 00:11:50,688 - mylogger - INFO - 更新答案
2018-09-24 00:11:53,031 - mylogger - INFO - 本题结束
2018-09-24 00:11:53,031 - mylogger - INFO - 获取题目
2018-09-24 00:11:56,030 - mylogger - INFO - 第 5 题
2018-09-24 00:11:56,309 - mylogger - INFO - 世界上最大的陆地动物是什么？
2018-09-24 00:11:57,153 - mylogger - INFO - ['鳄鱼', '大象', '狮子']
2018-09-24 00:11:57,168 - mylogger - INFO - 数据库中检索答案
2018-09-24 00:11:57,168 - mylogger - INFO - 数据中无答案
2018-09-24 00:11:57,922 - mylogger - INFO - 在线检索答案：大象
2018-09-24 00:11:57,922 - mylogger - INFO - 我的答案：大象
2018-09-24 00:11:58,547 - mylogger - INFO - 选择选项
2018-09-24 00:12:00,952 - mylogger - INFO - 答案正确
2018-09-24 00:12:00,952 - mylogger - INFO - 更新答案
2018-09-24 00:12:02,343 - mylogger - INFO - 本题结束
2018-09-24 00:12:02,471 - mylogger - INFO - 本场比赛结束
2018-09-24 00:12:02,738 - mylogger - INFO - 返回游戏页面
2018-09-24 00:12:04,264 - mylogger - INFO - 进入排位赛
2018-09-24 00:12:04,264 - mylogger - INFO - 正在匹配中......
2018-09-24 00:12:34,945 - mylogger - INFO - 匹配成功
2018-09-24 00:12:34,945 - mylogger - INFO - 获取题目
2018-09-24 00:12:37,985 - mylogger - INFO - 第 1 题
2018-09-24 00:12:38,345 - mylogger - INFO - 提出“陈氏定理”的是我国哪位著名数学家？
2018-09-24 00:12:39,214 - mylogger - INFO - ['陈景润', '苏步青', '华罗庚']
2018-09-24 00:12:39,214 - mylogger - INFO - 数据库中检索答案
2018-09-24 00:12:39,214 - mylogger - INFO - 数据中无答案
2018-09-24 00:12:40,417 - mylogger - INFO - 在线检索答案：陈景润
2018-09-24 00:12:40,417 - mylogger - INFO - 我的答案：陈景润
2018-09-24 00:12:40,917 - mylogger - INFO - 选择选项
2018-09-24 00:12:43,284 - mylogger - INFO - 答案正确
2018-09-24 00:12:43,284 - mylogger - INFO - 更新答案
2018-09-24 00:12:45,619 - mylogger - INFO - 本题结束
2018-09-24 00:12:45,619 - mylogger - INFO - 获取题目
2018-09-24 00:12:48,503 - mylogger - INFO - 第 2 题
2018-09-24 00:12:48,799 - mylogger - INFO - 以下哪项不属于贺拉斯的抒情诗风格？
2018-09-24 00:12:49,721 - mylogger - INFO - ['语句通俗', '语言优美', '优雅庄重']
2018-09-24 00:12:49,721 - mylogger - INFO - 数据库中检索答案
2018-09-24 00:12:49,721 - mylogger - INFO - 数据中无答案
2018-09-24 00:12:51,299 - mylogger - INFO - 在线检索答案：语句通俗
2018-09-24 00:12:51,299 - mylogger - INFO - 我的答案：语句通俗
2018-09-24 00:12:51,908 - mylogger - INFO - 选择选项
2018-09-24 00:12:54,261 - mylogger - INFO - 答案正确
2018-09-24 00:12:54,276 - mylogger - INFO - 更新答案
2018-09-24 00:12:58,998 - mylogger - INFO - 本题结束
2018-09-24 00:12:58,998 - mylogger - INFO - 获取题目
2018-09-24 00:13:00,844 - mylogger - INFO - 第 3 题
2018-09-24 00:13:01,172 - mylogger - INFO - 以下哪一位英雄，是属于《复仇者联盟》的六大超级英雄之一？
2018-09-24 00:13:02,156 - mylogger - INFO - ['孙悟空', '小龙人', '美国队长']
2018-09-24 00:13:02,171 - mylogger - INFO - 数据库中检索答案
2018-09-24 00:13:02,171 - mylogger - INFO - 数据中无答案
2018-09-24 00:13:02,937 - mylogger - INFO - 在线检索答案：美国队长
2018-09-24 00:13:02,937 - mylogger - INFO - 我的答案：美国队长
2018-09-24 00:13:03,515 - mylogger - INFO - 选择选项
2018-09-24 00:13:05,980 - mylogger - INFO - 答案正确
2018-09-24 00:13:05,980 - mylogger - INFO - 更新答案
2018-09-24 00:13:08,432 - mylogger - INFO - 本题结束
2018-09-24 00:13:08,432 - mylogger - INFO - 获取题目
2018-09-24 00:13:11,417 - mylogger - INFO - 第 4 题
2018-09-24 00:13:11,714 - mylogger - INFO - 挪威的货币名称是什么？
2018-09-24 00:13:12,553 - mylogger - INFO - ['克郎', '元', '盾']
2018-09-24 00:13:12,557 - mylogger - INFO - 数据库中检索答案
2018-09-24 00:13:12,557 - mylogger - INFO - 我的答案：克郎
2018-09-24 00:13:13,120 - mylogger - INFO - 选择选项
2018-09-24 00:13:15,505 - mylogger - INFO - 答案正确
2018-09-24 00:13:15,505 - mylogger - INFO - 更新答案
2018-09-24 00:13:17,932 - mylogger - INFO - 本题结束
2018-09-24 00:13:17,948 - mylogger - INFO - 获取题目
2018-09-24 00:13:19,760 - mylogger - INFO - 第 5 题
2018-09-24 00:13:20,032 - mylogger - INFO - 在迪士尼动画电影中，王子都有什么特性？
2018-09-24 00:13:20,925 - mylogger - INFO - ['都很帅', '都没人喜欢', '都有一个后妈']
2018-09-24 00:13:20,931 - mylogger - INFO - 数据库中检索答案
2018-09-24 00:13:20,932 - mylogger - INFO - 数据中无答案
2018-09-24 00:13:21,865 - mylogger - INFO - 在线检索答案：
2018-09-24 00:13:21,865 - mylogger - INFO - 我的答案：都很帅
2018-09-24 00:13:22,389 - mylogger - INFO - 选择选项
2018-09-24 00:13:24,725 - mylogger - INFO - 答案正确
2018-09-24 00:13:24,726 - mylogger - INFO - 更新答案
2018-09-24 00:13:27,161 - mylogger - INFO - 本题结束
2018-09-24 00:13:27,306 - mylogger - INFO - 本场比赛结束
2018-09-24 00:13:27,585 - mylogger - INFO - 返回游戏页面
2018-09-24 00:13:29,104 - mylogger - INFO - 进入排位赛
2018-09-24 00:13:29,105 - mylogger - INFO - 正在匹配中......
2018-09-24 00:14:29,806 - mylogger - WARNING - 匹配失败
2018-09-24 00:14:30,096 - mylogger - INFO - 返回游戏页面
2018-09-24 00:14:31,597 - mylogger - INFO - 进入排位赛
2018-09-24 00:14:31,599 - mylogger - INFO - 正在匹配中......
2018-09-24 00:14:33,121 - mylogger - INFO - 匹配成功
2018-09-24 00:14:33,122 - mylogger - INFO - 获取题目
2018-09-24 00:14:36,121 - mylogger - INFO - 第 1 题
2018-09-24 00:14:36,448 - mylogger - INFO - 歌词“你问我爱你有多深，我爱你有几分”是出自于哪一首歌？
2018-09-24 00:14:37,370 - mylogger - INFO - ['《红豆》', '《月亮代表我的心》', '《浪人情歌》']
2018-09-24 00:14:37,380 - mylogger - INFO - 数据库中检索答案
2018-09-24 00:14:37,381 - mylogger - INFO - 数据中无答案
2018-09-24 00:14:38,992 - mylogger - INFO - 在线检索答案：
2018-09-24 00:14:38,993 - mylogger - INFO - 我的答案：《红豆》
2018-09-24 00:14:39,517 - mylogger - INFO - 选择选项
2018-09-24 00:14:41,929 - mylogger - INFO - 答案错误
2018-09-24 00:14:42,076 - mylogger - INFO - 正确答案；《月亮代表我的心》
2018-09-24 00:14:42,078 - mylogger - INFO - 更新答案
2018-09-24 00:14:45,621 - mylogger - INFO - 本题结束
2018-09-24 00:14:45,629 - mylogger - INFO - 获取题目
2018-09-24 00:14:47,526 - mylogger - INFO - 第 2 题
2018-09-24 00:14:47,853 - mylogger - INFO - “泰迪”等是对哪种动物的品种分类？
2018-09-24 00:14:48,809 - mylogger - INFO - ['狗', '猫', '熊']
2018-09-24 00:14:48,817 - mylogger - INFO - 数据库中检索答案
2018-09-24 00:14:48,818 - mylogger - INFO - 数据中无答案
2018-09-24 00:14:50,453 - mylogger - INFO - 在线检索答案：狗
2018-09-24 00:14:50,454 - mylogger - INFO - 我的答案：狗
2018-09-24 00:14:50,999 - mylogger - INFO - 选择选项
2018-09-24 00:14:53,401 - mylogger - INFO - 答案正确
2018-09-24 00:14:53,402 - mylogger - INFO - 更新答案
2018-09-24 00:14:54,698 - mylogger - INFO - 本题结束
2018-09-24 00:14:54,700 - mylogger - INFO - 获取题目
2018-09-24 00:14:57,705 - mylogger - INFO - 第 3 题
2018-09-24 00:14:58,013 - mylogger - INFO - 地球的年龄是
2018-09-24 00:14:58,894 - mylogger - INFO - ['460万年', '46亿年', '4.6亿年']
2018-09-24 00:14:58,901 - mylogger - INFO - 数据库中检索答案
2018-09-24 00:14:58,902 - mylogger - INFO - 数据中无答案
2018-09-24 00:14:59,196 - mylogger - INFO - 在线检索答案：46亿年
2018-09-24 00:14:59,197 - mylogger - INFO - 我的答案：46亿年
2018-09-24 00:14:59,745 - mylogger - INFO - 选择选项
2018-09-24 00:15:02,203 - mylogger - INFO - 答案正确
2018-09-24 00:15:02,204 - mylogger - INFO - 更新答案
2018-09-24 00:15:05,775 - mylogger - INFO - 本题结束
2018-09-24 00:15:05,778 - mylogger - INFO - 获取题目
2018-09-24 00:15:08,730 - mylogger - INFO - 第 4 题
2018-09-24 00:15:09,080 - mylogger - INFO - 皇家马德里球员卡塞米罗俱乐部的球衣号码为？
2018-09-24 00:15:09,991 - mylogger - INFO - ['14号', '21号', '11号']
2018-09-24 00:15:09,999 - mylogger - INFO - 数据库中检索答案
2018-09-24 00:15:09,999 - mylogger - INFO - 数据中无答案
2018-09-24 00:15:11,205 - mylogger - INFO - 在线检索答案：14号
2018-09-24 00:15:11,206 - mylogger - INFO - 我的答案：14号
2018-09-24 00:15:11,869 - mylogger - INFO - 选择选项
2018-09-24 00:15:14,308 - mylogger - INFO - 答案正确
2018-09-24 00:15:14,309 - mylogger - INFO - 更新答案
2018-09-24 00:15:15,635 - mylogger - INFO - 本题结束
2018-09-24 00:15:15,647 - mylogger - INFO - 获取题目
2018-09-24 00:15:17,537 - mylogger - INFO - 第 5 题
2018-09-24 00:15:17,839 - mylogger - INFO - 我国古代的医学巨著《本草纲目》成书于哪个朝代？
2018-09-24 00:15:18,818 - mylogger - INFO - ['明代', '宋代', '唐代']
2018-09-24 00:15:18,824 - mylogger - INFO - 数据库中检索答案
2018-09-24 00:15:18,825 - mylogger - INFO - 数据中无答案
2018-09-24 00:15:19,530 - mylogger - INFO - 在线检索答案：明代
2018-09-24 00:15:19,531 - mylogger - INFO - 我的答案：明代
2018-09-24 00:15:20,004 - mylogger - INFO - 选择选项
2018-09-24 00:15:22,455 - mylogger - INFO - 答案正确
2018-09-24 00:15:22,455 - mylogger - INFO - 更新答案
2018-09-24 00:15:29,434 - mylogger - INFO - 本题结束
2018-09-24 00:15:29,594 - mylogger - INFO - 本场比赛结束
2018-09-24 00:15:29,870 - mylogger - INFO - 返回游戏页面
2018-09-24 00:15:31,445 - mylogger - INFO - 进入排位赛
2018-09-24 00:15:31,445 - mylogger - INFO - 正在匹配中......
2018-09-24 00:15:55,049 - mylogger - INFO - 匹配成功
2018-09-24 00:15:55,050 - mylogger - INFO - 获取题目
2018-09-24 00:15:58,048 - mylogger - INFO - 第 1 题
2018-09-24 00:15:58,354 - mylogger - INFO - 与成语“图穷匕现”有关的历史人物是？
2018-09-24 00:15:59,214 - mylogger - INFO - ['荆轲\xa0', '刘禅\xa0', '曹丕\xa0']
2018-09-24 00:15:59,217 - mylogger - INFO - 数据库中检索答案
2018-09-24 00:15:59,218 - mylogger - INFO - 数据中无答案
2018-09-24 00:16:00,097 - mylogger - INFO - 在线检索答案：
2018-09-24 00:16:00,632 - mylogger - INFO - 选择选项
2018-09-24 00:16:03,042 - mylogger - INFO - 答案正确
2018-09-24 00:16:03,044 - mylogger - INFO - 更新答案
2018-09-24 00:16:04,421 - mylogger - INFO - 本题结束
2018-09-24 00:16:04,424 - mylogger - INFO - 获取题目
2018-09-24 00:16:07,424 - mylogger - INFO - 第 2 题
2018-09-24 00:16:07,772 - mylogger - INFO - 《王者荣耀》中，“纵横兵法”是哪个英雄的的技能？
2018-09-24 00:16:08,831 - mylogger - INFO - ['鬼谷子', '老夫子', '刘邦']
2018-09-24 00:16:08,848 - mylogger - INFO - 数据库中检索答案
2018-09-24 00:16:08,850 - mylogger - INFO - 数据中无答案
2018-09-24 00:16:09,455 - mylogger - INFO - 在线检索答案：
2018-09-24 00:16:09,456 - mylogger - INFO - 我的答案：鬼谷子
2018-09-24 00:16:09,984 - mylogger - INFO - 选择选项
2018-09-24 00:16:12,414 - mylogger - INFO - 答案正确
2018-09-24 00:16:12,416 - mylogger - INFO - 更新答案
2018-09-24 00:16:14,925 - mylogger - INFO - 本题结束
2018-09-24 00:16:14,937 - mylogger - INFO - 获取题目
2018-09-24 00:16:16,744 - mylogger - INFO - 第 3 题
2018-09-24 00:16:17,013 - mylogger - INFO - 以下哪一个艺人不属于童星出身？
2018-09-24 00:16:17,932 - mylogger - INFO - ['杨幂', '宋茜', '杨紫']
2018-09-24 00:16:17,956 - mylogger - INFO - 数据库中检索答案
2018-09-24 00:16:17,958 - mylogger - INFO - 数据中无答案
2018-09-24 00:16:18,822 - mylogger - INFO - 在线检索答案：宋茜
2018-09-24 00:16:18,824 - mylogger - INFO - 我的答案：宋茜
2018-09-24 00:16:19,360 - mylogger - INFO - 选择选项
2018-09-24 00:16:21,816 - mylogger - INFO - 答案正确
2018-09-24 00:16:21,817 - mylogger - INFO - 更新答案
2018-09-24 00:16:25,350 - mylogger - INFO - 本题结束
2018-09-24 00:16:25,351 - mylogger - INFO - 获取题目
2018-09-24 00:16:27,109 - mylogger - INFO - 第 4 题
2018-09-24 00:16:27,447 - mylogger - INFO - 被称为“红军”的是哪支英超豪门？
2018-09-24 00:16:28,402 - mylogger - INFO - ['曼城', '利物浦', '阿森纳']
2018-09-24 00:16:28,405 - mylogger - INFO - 数据库中检索答案
2018-09-24 00:16:28,405 - mylogger - INFO - 数据中无答案
2018-09-24 00:16:29,188 - mylogger - INFO - 在线检索答案：利物浦
2018-09-24 00:16:29,190 - mylogger - INFO - 我的答案：利物浦
2018-09-24 00:16:29,785 - mylogger - INFO - 选择选项
2018-09-24 00:16:32,236 - mylogger - INFO - 答案正确
2018-09-24 00:16:32,238 - mylogger - INFO - 更新答案
2018-09-24 00:16:33,592 - mylogger - INFO - 本题结束
2018-09-24 00:16:33,594 - mylogger - INFO - 获取题目
2018-09-24 00:16:36,480 - mylogger - INFO - 第 5 题
2018-09-24 00:16:36,768 - mylogger - INFO - 以下哪个是被称为四季如春的地方？
2018-09-24 00:16:37,634 - mylogger - INFO - ['昆明', '桂林', '长沙']
2018-09-24 00:16:37,652 - mylogger - INFO - 数据库中检索答案
2018-09-24 00:16:37,654 - mylogger - INFO - 数据中无答案
2018-09-24 00:16:38,627 - mylogger - INFO - 在线检索答案：昆明
2018-09-24 00:16:38,644 - mylogger - INFO - 我的答案：昆明
2018-09-24 00:16:39,264 - mylogger - INFO - 选择选项
2018-09-24 00:16:41,598 - mylogger - INFO - 答案正确
2018-09-24 00:16:41,601 - mylogger - INFO - 更新答案
2018-09-24 00:16:43,059 - mylogger - INFO - 本题结束
2018-09-24 00:16:43,212 - mylogger - INFO - 本场比赛结束
2018-09-24 00:16:43,453 - mylogger - INFO - 返回游戏页面
2018-09-24 00:16:44,954 - mylogger - INFO - 进入排位赛
2018-09-24 00:16:44,955 - mylogger - INFO - 正在匹配中......
2018-09-24 00:17:07,555 - mylogger - INFO - 匹配成功
2018-09-24 00:17:07,556 - mylogger - INFO - 获取题目
2018-09-24 00:17:10,615 - mylogger - INFO - 第 1 题
2018-09-24 00:17:10,909 - mylogger - INFO - 以下哪一部作品，不是讲述王子和公主的动画电影？
2018-09-24 00:17:11,770 - mylogger - INFO - ['《睡美人》', '《白雪公主》', '《神偷奶爸》']
2018-09-24 00:17:11,778 - mylogger - INFO - 数据库中检索答案
2018-09-24 00:17:11,779 - mylogger - INFO - 数据中无答案
2018-09-24 00:17:12,606 - mylogger - INFO - 在线检索答案：《神偷奶爸》
2018-09-24 00:17:12,606 - mylogger - INFO - 我的答案：《神偷奶爸》
2018-09-24 00:17:13,083 - mylogger - INFO - 选择选项
2018-09-24 00:17:15,552 - mylogger - INFO - 答案正确
2018-09-24 00:17:15,553 - mylogger - INFO - 更新答案
2018-09-24 00:17:19,064 - mylogger - INFO - 本题结束
2018-09-24 00:17:19,078 - mylogger - INFO - 获取题目
2018-09-24 00:17:21,999 - mylogger - INFO - 第 2 题
2018-09-24 00:17:22,287 - mylogger - INFO - 木星四颗最大的卫星被称为？
2018-09-24 00:17:23,160 - mylogger - INFO - ['伽利略卫星', '牛顿卫星', '爱因斯坦卫星']
2018-09-24 00:17:23,184 - mylogger - INFO - 数据库中检索答案
2018-09-24 00:17:23,186 - mylogger - INFO - 数据中无答案
2018-09-24 00:17:23,845 - mylogger - INFO - 在线检索答案：伽利略卫星
2018-09-24 00:17:23,845 - mylogger - INFO - 我的答案：伽利略卫星
2018-09-24 00:17:24,330 - mylogger - INFO - 选择选项
2018-09-24 00:17:26,720 - mylogger - INFO - 答案正确
2018-09-24 00:17:26,721 - mylogger - INFO - 更新答案
2018-09-24 00:17:29,145 - mylogger - INFO - 本题结束
2018-09-24 00:17:29,148 - mylogger - INFO - 获取题目
2018-09-24 00:17:31,048 - mylogger - INFO - 第 3 题
2018-09-24 00:17:31,332 - mylogger - INFO - 2017维多利亚的秘密走秀摔倒的是？
2018-09-24 00:17:32,176 - mylogger - INFO - ['李云迪', '张靓颖', '奚梦瑶']
2018-09-24 00:17:32,189 - mylogger - INFO - 数据库中检索答案
2018-09-24 00:17:32,192 - mylogger - INFO - 数据中无答案
2018-09-24 00:17:32,784 - mylogger - INFO - 在线检索答案：奚梦瑶
2018-09-24 00:17:32,785 - mylogger - INFO - 我的答案：奚梦瑶
2018-09-24 00:17:33,328 - mylogger - INFO - 选择选项
2018-09-24 00:17:35,836 - mylogger - INFO - 答案正确
2018-09-24 00:17:35,838 - mylogger - INFO - 更新答案
2018-09-24 00:17:39,366 - mylogger - INFO - 本题结束
2018-09-24 00:17:39,374 - mylogger - INFO - 获取题目
2018-09-24 00:17:41,176 - mylogger - INFO - 第 4 题
2018-09-24 00:17:41,519 - mylogger - INFO - “三星高照”中的“星”不包括哪一个？
2018-09-24 00:17:42,511 - mylogger - INFO - ['福星', '明星', '禄星']
2018-09-24 00:17:42,519 - mylogger - INFO - 数据库中检索答案
2018-09-24 00:17:42,523 - mylogger - INFO - 数据中无答案
2018-09-24 00:17:43,265 - mylogger - INFO - 在线检索答案：明星
2018-09-24 00:17:43,266 - mylogger - INFO - 我的答案：明星
2018-09-24 00:17:43,749 - mylogger - INFO - 选择选项
2018-09-24 00:17:46,147 - mylogger - INFO - 答案正确
2018-09-24 00:17:46,149 - mylogger - INFO - 更新答案
2018-09-24 00:17:47,486 - mylogger - INFO - 本题结束
2018-09-24 00:17:47,489 - mylogger - INFO - 获取题目
2018-09-24 00:17:49,340 - mylogger - INFO - 第 5 题
2018-09-24 00:17:49,637 - mylogger - INFO - 电视节目《梦想的声音 第二季》的主持人是以下哪位？
2018-09-24 00:17:50,653 - mylogger - INFO - ['华少', '王嘉尔', '朱迅']
2018-09-24 00:17:50,660 - mylogger - INFO - 数据库中检索答案
2018-09-24 00:17:50,662 - mylogger - INFO - 数据中无答案
2018-09-24 00:17:51,571 - mylogger - INFO - 在线检索答案：华少
2018-09-24 00:17:51,572 - mylogger - INFO - 我的答案：华少
2018-09-24 00:17:52,090 - mylogger - INFO - 选择选项
2018-09-24 00:17:54,468 - mylogger - INFO - 答案正确
2018-09-24 00:17:54,470 - mylogger - INFO - 更新答案
2018-09-24 00:17:58,011 - mylogger - INFO - 本题结束
2018-09-24 00:17:58,124 - mylogger - INFO - 本场比赛结束
2018-09-24 00:17:58,393 - mylogger - INFO - 返回游戏页面
2018-09-24 00:17:59,968 - mylogger - INFO - 进入排位赛
2018-09-24 00:17:59,969 - mylogger - INFO - 正在匹配中......
2018-09-24 00:18:41,532 - mylogger - INFO - 匹配成功
2018-09-24 00:18:41,534 - mylogger - INFO - 获取题目
2018-09-24 00:18:44,582 - mylogger - INFO - 第 1 题
2018-09-24 00:18:44,902 - mylogger - INFO - 以下哪一首歌曲是偶像团体组合“小虎队”的代表作？
2018-09-24 00:18:45,907 - mylogger - INFO - ['《爱很简单》', '《火鸟》', '《爱》']
2018-09-24 00:18:45,917 - mylogger - INFO - 数据库中检索答案
2018-09-24 00:18:45,918 - mylogger - INFO - 数据中无答案
2018-09-24 00:18:46,910 - mylogger - INFO - 在线检索答案：
2018-09-24 00:18:46,911 - mylogger - INFO - 我的答案：《爱很简单》
2018-09-24 00:18:47,466 - mylogger - INFO - 选择选项
2018-09-24 00:18:49,819 - mylogger - INFO - 答案错误
2018-09-24 00:18:50,077 - mylogger - INFO - 正确答案；《爱》
2018-09-24 00:18:50,077 - mylogger - INFO - 更新答案
2018-09-24 00:18:51,412 - mylogger - INFO - 本题结束
2018-09-24 00:18:51,416 - mylogger - INFO - 获取题目
2018-09-24 00:18:53,269 - mylogger - INFO - 第 2 题
2018-09-24 00:18:53,615 - mylogger - INFO - 购买私家车后，必须购买的保险是哪个险种？
2018-09-24 00:18:54,466 - mylogger - INFO - ['交强险', '车头险', '车辆损失险']
2018-09-24 00:18:54,469 - mylogger - INFO - 数据库中检索答案
2018-09-24 00:18:54,470 - mylogger - INFO - 数据中无答案
2018-09-24 00:18:55,369 - mylogger - INFO - 在线检索答案：交强险
2018-09-24 00:18:55,369 - mylogger - INFO - 我的答案：交强险
2018-09-24 00:18:55,954 - mylogger - INFO - 选择选项
2018-09-24 00:18:58,306 - mylogger - INFO - 答案正确
2018-09-24 00:18:58,307 - mylogger - INFO - 更新答案
2018-09-24 00:19:00,770 - mylogger - INFO - 本题结束
2018-09-24 00:19:00,773 - mylogger - INFO - 获取题目
2018-09-24 00:19:02,598 - mylogger - INFO - 第 3 题
2018-09-24 00:19:02,926 - mylogger - INFO - 年夜饭桌上的“鱼”象征？
2018-09-24 00:19:04,018 - mylogger - INFO - ['健康长寿', '年年有余', '百年好合']
2018-09-24 00:19:04,024 - mylogger - INFO - 数据库中检索答案
2018-09-24 00:19:04,025 - mylogger - INFO - 数据中无答案
2018-09-24 00:19:04,852 - mylogger - INFO - 在线检索答案：年年有余
2018-09-24 00:19:04,854 - mylogger - INFO - 我的答案：年年有余
2018-09-24 00:19:05,454 - mylogger - INFO - 选择选项
2018-09-24 00:19:07,844 - mylogger - INFO - 答案正确
2018-09-24 00:19:07,845 - mylogger - INFO - 更新答案
2018-09-24 00:19:09,176 - mylogger - INFO - 本题结束
2018-09-24 00:19:09,189 - mylogger - INFO - 获取题目
2018-09-24 00:19:11,053 - mylogger - INFO - 第 4 题
2018-09-24 00:19:11,356 - mylogger - INFO - 汉语拼音有四个音调，第一声叫阴平，请问第二声叫什么？
2018-09-24 00:19:12,344 - mylogger - INFO - ['阳平', '上声', '去声']
2018-09-24 00:19:12,350 - mylogger - INFO - 数据库中检索答案
2018-09-24 00:19:12,351 - mylogger - INFO - 数据中无答案
2018-09-24 00:19:13,148 - mylogger - INFO - 在线检索答案：阳平
2018-09-24 00:19:13,149 - mylogger - INFO - 我的答案：阳平
2018-09-24 00:19:13,680 - mylogger - INFO - 选择选项
2018-09-24 00:19:16,058 - mylogger - INFO - 答案正确
2018-09-24 00:19:16,059 - mylogger - INFO - 更新答案
2018-09-24 00:19:19,642 - mylogger - INFO - 本题结束
2018-09-24 00:19:19,650 - mylogger - INFO - 获取题目
2018-09-24 00:19:21,416 - mylogger - INFO - 第 5 题
2018-09-24 00:19:21,696 - mylogger - INFO - 人体四大生命支拄是心,脑,脾和什么？
2018-09-24 00:19:22,663 - mylogger - INFO - ['肺', '肝', '肠']
2018-09-24 00:19:22,668 - mylogger - INFO - 数据库中检索答案
2018-09-24 00:19:22,668 - mylogger - INFO - 数据中无答案
2018-09-24 00:19:24,736 - mylogger - INFO - 在线检索答案：肺
2018-09-24 00:19:24,737 - mylogger - INFO - 我的答案：肺
2018-09-24 00:19:25,256 - mylogger - INFO - 选择选项
2018-09-24 00:19:27,665 - mylogger - INFO - 答案正确
2018-09-24 00:19:27,666 - mylogger - INFO - 更新答案
2018-09-24 00:19:30,106 - mylogger - INFO - 本题结束
2018-09-24 00:19:30,220 - mylogger - INFO - 本场比赛结束
2018-09-24 00:19:30,492 - mylogger - INFO - 返回游戏页面
2018-09-24 00:19:32,028 - mylogger - INFO - 进入排位赛
2018-09-24 00:19:32,029 - mylogger - INFO - 正在匹配中......
2018-09-24 00:19:45,821 - mylogger - INFO - 匹配成功
2018-09-24 00:19:45,823 - mylogger - INFO - 获取题目
2018-09-24 00:19:48,770 - mylogger - INFO - 第 1 题
2018-09-24 00:19:49,133 - mylogger - INFO - 我们把东周后期的齐、楚、燕、韩、赵、魏、秦统称为什么？
2018-09-24 00:19:50,224 - mylogger - INFO - ['战国七秀', '战国七国', '战国七雄']
2018-09-24 00:19:50,232 - mylogger - INFO - 数据库中检索答案
2018-09-24 00:19:50,233 - mylogger - INFO - 数据中无答案
2018-09-24 00:19:51,052 - mylogger - INFO - 在线检索答案：战国七雄
2018-09-24 00:19:51,052 - mylogger - INFO - 我的答案：战国七雄
2018-09-24 00:19:51,678 - mylogger - INFO - 选择选项
2018-09-24 00:19:54,096 - mylogger - INFO - 答案正确
2018-09-24 00:19:54,096 - mylogger - INFO - 更新答案
2018-09-24 00:19:55,451 - mylogger - INFO - 本题结束
2018-09-24 00:19:55,453 - mylogger - INFO - 获取题目
2018-09-24 00:19:57,294 - mylogger - INFO - 第 2 题
2018-09-24 00:19:57,650 - mylogger - INFO - 11×11=？
2018-09-24 00:19:58,610 - mylogger - INFO - ['121', '111', '141']
2018-09-24 00:19:58,618 - mylogger - INFO - 数据库中检索答案
2018-09-24 00:19:58,619 - mylogger - INFO - 数据中无答案
2018-09-24 00:19:59,564 - mylogger - INFO - 在线检索答案：
2018-09-24 00:19:59,565 - mylogger - INFO - 我的答案：121
2018-09-24 00:20:00,092 - mylogger - INFO - 选择选项
2018-09-24 00:20:02,442 - mylogger - INFO - 答案正确
2018-09-24 00:20:02,444 - mylogger - INFO - 更新答案
2018-09-24 00:20:03,866 - mylogger - INFO - 本题结束
2018-09-24 00:20:03,867 - mylogger - INFO - 获取题目
2018-09-24 00:20:05,704 - mylogger - INFO - 第 3 题
2018-09-24 00:20:06,035 - mylogger - INFO - 下列哪位明星担任过电视节目《我是歌手 第二季》的嘉宾？
2018-09-24 00:20:06,956 - mylogger - INFO - ['潘粤明', '陈若轩', '张杰']
2018-09-24 00:20:06,958 - mylogger - INFO - 数据库中检索答案
2018-09-24 00:20:06,959 - mylogger - INFO - 数据中无答案
2018-09-24 00:20:07,719 - mylogger - INFO - 在线检索答案：张杰
2018-09-24 00:20:07,719 - mylogger - INFO - 我的答案：张杰
2018-09-24 00:20:08,243 - mylogger - INFO - 选择选项
2018-09-24 00:20:10,629 - mylogger - INFO - 答案正确
2018-09-24 00:20:10,630 - mylogger - INFO - 更新答案
2018-09-24 00:20:12,030 - mylogger - INFO - 本题结束
2018-09-24 00:20:12,064 - mylogger - INFO - 获取题目
2018-09-24 00:20:14,949 - mylogger - INFO - 第 4 题
2018-09-24 00:20:15,236 - mylogger - INFO - 大部分人的心脏是胸腔中部偏向哪一边？
2018-09-24 00:20:16,199 - mylogger - INFO - ['左下方', '上方', '下方']
2018-09-24 00:20:16,207 - mylogger - INFO - 数据库中检索答案
2018-09-24 00:20:16,208 - mylogger - INFO - 数据中无答案
2018-09-24 00:20:17,396 - mylogger - INFO - 在线检索答案：左下方
2018-09-24 00:20:17,397 - mylogger - INFO - 我的答案：左下方
2018-09-24 00:20:17,961 - mylogger - INFO - 选择选项
2018-09-24 00:20:20,365 - mylogger - INFO - 答案正确
2018-09-24 00:20:20,366 - mylogger - INFO - 更新答案
2018-09-24 00:20:21,763 - mylogger - INFO - 本题结束
2018-09-24 00:20:21,765 - mylogger - INFO - 获取题目
2018-09-24 00:20:23,657 - mylogger - INFO - 第 5 题
2018-09-24 00:20:23,932 - mylogger - INFO - 联合国总部大楼设在哪里？
2018-09-24 00:20:25,025 - mylogger - INFO - ['纽约', '洛桑', '旧金山']
2018-09-24 00:20:25,028 - mylogger - INFO - 数据库中检索答案
2018-09-24 00:20:25,028 - mylogger - INFO - 数据中无答案
2018-09-24 00:20:25,814 - mylogger - INFO - 在线检索答案：纽约
2018-09-24 00:20:25,815 - mylogger - INFO - 我的答案：纽约
2018-09-24 00:20:26,430 - mylogger - INFO - 选择选项
2018-09-24 00:20:28,838 - mylogger - INFO - 答案正确
2018-09-24 00:20:28,839 - mylogger - INFO - 更新答案
2018-09-24 00:20:30,117 - mylogger - INFO - 本题结束
2018-09-24 00:20:30,251 - mylogger - INFO - 本场比赛结束
2018-09-24 00:20:30,518 - mylogger - INFO - 返回游戏页面
2018-09-24 00:20:32,087 - mylogger - INFO - 进入排位赛
2018-09-24 00:20:32,088 - mylogger - INFO - 正在匹配中......
2018-09-24 00:20:50,224 - mylogger - INFO - 匹配成功
2018-09-24 00:20:50,225 - mylogger - INFO - 获取题目
2018-09-24 00:20:53,235 - mylogger - INFO - 第 1 题
2018-09-24 00:20:53,555 - mylogger - INFO - 世界上含沙量最大的河流是哪个？
2018-09-24 00:20:54,632 - mylogger - INFO - ['长江', '黄河', '黑河']
2018-09-24 00:20:54,641 - mylogger - INFO - 数据库中检索答案
2018-09-24 00:20:54,642 - mylogger - INFO - 数据中无答案
2018-09-24 00:20:55,441 - mylogger - INFO - 在线检索答案：黄河
2018-09-24 00:20:55,441 - mylogger - INFO - 我的答案：黄河
2018-09-24 00:20:55,972 - mylogger - INFO - 选择选项
2018-09-24 00:20:58,337 - mylogger - INFO - 答案正确
2018-09-24 00:20:58,338 - mylogger - INFO - 更新答案
2018-09-24 00:20:59,835 - mylogger - INFO - 本题结束
2018-09-24 00:20:59,837 - mylogger - INFO - 获取题目
2018-09-24 00:21:01,647 - mylogger - INFO - 第 2 题
2018-09-24 00:21:01,924 - mylogger - INFO - 狗在人类的生活中有重要的作用，如罗威纳能作为一种什么犬帮助人类？
2018-09-24 00:21:02,856 - mylogger - INFO - ['梗类犬', '枪猎犬', '工作犬']
2018-09-24 00:21:02,864 - mylogger - INFO - 数据库中检索答案
2018-09-24 00:21:02,867 - mylogger - INFO - 数据中无答案
2018-09-24 00:21:03,730 - mylogger - INFO - 在线检索答案：工作犬
2018-09-24 00:21:03,731 - mylogger - INFO - 我的答案：工作犬
2018-09-24 00:21:04,291 - mylogger - INFO - 选择选项
2018-09-24 00:21:06,740 - mylogger - INFO - 答案正确
2018-09-24 00:21:06,741 - mylogger - INFO - 更新答案
2018-09-24 00:21:09,357 - mylogger - INFO - 本题结束
2018-09-24 00:21:09,364 - mylogger - INFO - 获取题目
2018-09-24 00:21:11,228 - mylogger - INFO - 第 3 题
2018-09-24 00:21:11,518 - mylogger - INFO - 阿弥陀佛的意思是？
2018-09-24 00:21:12,438 - mylogger - INFO - ['祝福', '无量', '致敬']
2018-09-24 00:21:12,446 - mylogger - INFO - 数据库中检索答案
2018-09-24 00:21:12,447 - mylogger - INFO - 数据中无答案
2018-09-24 00:21:13,094 - mylogger - INFO - 在线检索答案：无量
2018-09-24 00:21:13,094 - mylogger - INFO - 我的答案：无量
2018-09-24 00:21:13,635 - mylogger - INFO - 选择选项
2018-09-24 00:21:16,009 - mylogger - INFO - 答案正确
2018-09-24 00:21:16,085 - mylogger - INFO - 更新答案
2018-09-24 00:21:17,756 - mylogger - INFO - 本题结束
2018-09-24 00:21:17,757 - mylogger - INFO - 获取题目
2018-09-24 00:21:19,543 - mylogger - INFO - 第 4 题
2018-09-24 00:21:19,879 - mylogger - INFO - 鸡尾酒“莫吉托”的原料包含了哪种植物的叶子？
2018-09-24 00:21:20,794 - mylogger - INFO - ['香草', '薄荷', '橙子']
2018-09-24 00:21:20,800 - mylogger - INFO - 数据库中检索答案
2018-09-24 00:21:20,801 - mylogger - INFO - 数据中无答案
2018-09-24 00:21:21,721 - mylogger - INFO - 在线检索答案：薄荷
2018-09-24 00:21:21,722 - mylogger - INFO - 我的答案：薄荷
2018-09-24 00:21:22,344 - mylogger - INFO - 选择选项
2018-09-24 00:21:24,767 - mylogger - INFO - 答案正确
2018-09-24 00:21:24,769 - mylogger - INFO - 更新答案
2018-09-24 00:21:27,407 - mylogger - INFO - 本题结束
2018-09-24 00:21:27,415 - mylogger - INFO - 获取题目
2018-09-24 00:21:30,341 - mylogger - INFO - 第 5 题
2018-09-24 00:21:30,623 - mylogger - INFO - 在《长发公主》中，帕斯卡尔是一只什么动物？
2018-09-24 00:21:31,633 - mylogger - INFO - ['金丝雀', '小白兔', '变色龙']
2018-09-24 00:21:31,657 - mylogger - INFO - 数据库中检索答案
2018-09-24 00:21:31,659 - mylogger - INFO - 数据中无答案
2018-09-24 00:21:32,277 - mylogger - INFO - 在线检索答案：变色龙
2018-09-24 00:21:32,278 - mylogger - INFO - 我的答案：变色龙
2018-09-24 00:21:32,837 - mylogger - INFO - 选择选项
2018-09-24 00:21:35,253 - mylogger - INFO - 答案正确
2018-09-24 00:21:35,255 - mylogger - INFO - 更新答案
2018-09-24 00:21:36,780 - mylogger - INFO - 本题结束
2018-09-24 00:21:36,878 - mylogger - INFO - 本场比赛结束
2018-09-24 00:21:37,121 - mylogger - INFO - 返回游戏页面
2018-09-24 00:21:38,701 - mylogger - INFO - 进入排位赛
2018-09-24 00:21:38,703 - mylogger - INFO - 正在匹配中......
2018-09-24 00:22:24,436 - mylogger - INFO - 匹配成功
2018-09-24 00:22:24,438 - mylogger - INFO - 获取题目
2018-09-24 00:22:27,672 - mylogger - INFO - 第 1 题
2018-09-24 00:22:27,943 - mylogger - INFO - 《大话西游》中可以穿梭时空的宝物叫什么？
2018-09-24 00:22:29,000 - mylogger - INFO - ['葵花宝典', '广寒宝镜', '月光宝盒']
2018-09-24 00:22:29,006 - mylogger - INFO - 数据库中检索答案
2018-09-24 00:22:29,007 - mylogger - INFO - 数据中无答案
2018-09-24 00:22:29,755 - mylogger - INFO - 在线检索答案：月光宝盒
2018-09-24 00:22:29,755 - mylogger - INFO - 我的答案：月光宝盒
2018-09-24 00:22:30,323 - mylogger - INFO - 选择选项
2018-09-24 00:22:32,761 - mylogger - INFO - 答案正确
2018-09-24 00:22:32,762 - mylogger - INFO - 更新答案
2018-09-24 00:22:34,085 - mylogger - INFO - 本题结束
2018-09-24 00:22:34,096 - mylogger - INFO - 获取题目
2018-09-24 00:22:35,907 - mylogger - INFO - 第 2 题
2018-09-24 00:22:36,220 - mylogger - INFO - 外交官一般分大使、公使、代办等共多少级？
2018-09-24 00:22:37,051 - mylogger - INFO - ['五', '四', '三']
2018-09-24 00:22:37,058 - mylogger - INFO - 数据库中检索答案
2018-09-24 00:22:37,059 - mylogger - INFO - 数据中无答案
2018-09-24 00:22:37,865 - mylogger - INFO - 在线检索答案：三
2018-09-24 00:22:37,866 - mylogger - INFO - 我的答案：三
2018-09-24 00:22:38,440 - mylogger - INFO - 选择选项
2018-09-24 00:22:40,825 - mylogger - INFO - 答案错误
2018-09-24 00:22:40,944 - mylogger - INFO - 正确答案；五
2018-09-24 00:22:40,944 - mylogger - INFO - 更新答案
2018-09-24 00:22:42,252 - mylogger - INFO - 本题结束
2018-09-24 00:22:42,254 - mylogger - INFO - 获取题目
2018-09-24 00:22:44,116 - mylogger - INFO - 第 3 题
2018-09-24 00:22:44,481 - mylogger - INFO - 日华是大气的一种光学现象，它的属性是什么现象？
2018-09-24 00:22:45,434 - mylogger - INFO - ['反射现象', '散射现象', '衍射现象']
2018-09-24 00:22:45,441 - mylogger - INFO - 数据库中检索答案
2018-09-24 00:22:45,442 - mylogger - INFO - 数据中无答案
2018-09-24 00:22:47,078 - mylogger - INFO - 在线检索答案：衍射现象
2018-09-24 00:22:47,078 - mylogger - INFO - 我的答案：衍射现象
2018-09-24 00:22:47,679 - mylogger - INFO - 选择选项
2018-09-24 00:22:50,097 - mylogger - INFO - 答案正确
2018-09-24 00:22:50,097 - mylogger - INFO - 更新答案
2018-09-24 00:22:51,414 - mylogger - INFO - 本题结束
2018-09-24 00:22:51,423 - mylogger - INFO - 获取题目
2018-09-24 00:22:53,327 - mylogger - INFO - 第 4 题
2018-09-24 00:22:53,657 - mylogger - INFO - 昂贵的“猫屎咖啡”主要产自东南亚的哪个国家？
2018-09-24 00:22:54,640 - mylogger - INFO - ['菲律宾', '马来西亚', '印度尼西亚']
2018-09-24 00:22:54,646 - mylogger - INFO - 数据库中检索答案
2018-09-24 00:22:54,647 - mylogger - INFO - 我的答案：印度尼西亚
2018-09-24 00:22:55,257 - mylogger - INFO - 选择选项
2018-09-24 00:22:57,730 - mylogger - INFO - 答案正确
2018-09-24 00:22:57,731 - mylogger - INFO - 更新答案
2018-09-24 00:23:08,085 - mylogger - INFO - 本题结束
2018-09-24 00:23:08,101 - mylogger - INFO - 获取题目
2018-09-24 00:23:10,000 - mylogger - INFO - 第 5 题
2018-09-24 00:23:10,271 - mylogger - INFO - 下列帝王中，被誉为“中兴之主”的是 ?
2018-09-24 00:23:11,274 - mylogger - INFO - ['唐太宗李世民', '宋仁宗赵祯', '光武帝刘秀']
2018-09-24 00:23:11,282 - mylogger - INFO - 数据库中检索答案
2018-09-24 00:23:11,284 - mylogger - INFO - 数据中无答案
2018-09-24 00:23:12,550 - mylogger - INFO - 在线检索答案：光武帝刘秀
2018-09-24 00:23:12,551 - mylogger - INFO - 我的答案：光武帝刘秀
2018-09-24 00:23:13,170 - mylogger - INFO - 选择选项
2018-09-24 00:23:15,546 - mylogger - INFO - 答案正确
2018-09-24 00:23:15,547 - mylogger - INFO - 更新答案
2018-09-24 00:23:24,789 - mylogger - INFO - 本题结束
2018-09-24 00:23:24,919 - mylogger - INFO - 本场比赛结束
2018-09-24 00:23:25,190 - mylogger - INFO - 返回游戏页面
2018-09-24 00:23:26,715 - mylogger - INFO - 进入排位赛
2018-09-24 00:23:26,717 - mylogger - INFO - 正在匹配中......
2018-09-24 00:23:32,708 - mylogger - INFO - 匹配成功
2018-09-24 00:23:32,711 - mylogger - INFO - 获取题目
2018-09-24 00:23:35,733 - mylogger - INFO - 第 1 题
2018-09-24 00:23:36,075 - mylogger - INFO - “自由女神铜像国家纪念碑”位于哪个国家？
2018-09-24 00:23:37,018 - mylogger - INFO - ['英国', '德国', '美国']
2018-09-24 00:23:37,025 - mylogger - INFO - 数据库中检索答案
2018-09-24 00:23:37,026 - mylogger - INFO - 数据中无答案
2018-09-24 00:23:37,910 - mylogger - INFO - 在线检索答案：美国
2018-09-24 00:23:37,910 - mylogger - INFO - 我的答案：美国
2018-09-24 00:23:38,460 - mylogger - INFO - 选择选项
2018-09-24 00:23:40,853 - mylogger - INFO - 答案正确
2018-09-24 00:23:40,854 - mylogger - INFO - 更新答案
2018-09-24 00:23:45,660 - mylogger - INFO - 本题结束
2018-09-24 00:23:45,662 - mylogger - INFO - 获取题目
2018-09-24 00:23:47,513 - mylogger - INFO - 第 2 题
2018-09-24 00:23:47,836 - mylogger - INFO - 鼓楼是哪个民族的标志？
2018-09-24 00:23:48,859 - mylogger - INFO - ['苗族', '侗族', '瑶族']
2018-09-24 00:23:48,868 - mylogger - INFO - 数据库中检索答案
2018-09-24 00:23:48,869 - mylogger - INFO - 数据中无答案
2018-09-24 00:23:49,517 - mylogger - INFO - 在线检索答案：侗族
2018-09-24 00:23:49,518 - mylogger - INFO - 我的答案：侗族
2018-09-24 00:23:50,122 - mylogger - INFO - 选择选项
2018-09-24 00:23:52,627 - mylogger - INFO - 答案正确
2018-09-24 00:23:52,629 - mylogger - INFO - 更新答案
2018-09-24 00:23:56,198 - mylogger - INFO - 本题结束
2018-09-24 00:23:56,205 - mylogger - INFO - 获取题目
2018-09-24 00:23:57,994 - mylogger - INFO - 第 3 题
2018-09-24 00:23:58,272 - mylogger - INFO - 在《功夫熊猫》中，大龙企图偷走什么秘籍？
2018-09-24 00:23:59,164 - mylogger - INFO - ['《开心秘籍》', '《做菜秘籍》', '《神龙秘籍》']
2018-09-24 00:23:59,171 - mylogger - INFO - 数据库中检索答案
2018-09-24 00:23:59,172 - mylogger - INFO - 数据中无答案
2018-09-24 00:24:00,383 - mylogger - INFO - 在线检索答案：《神龙秘籍》
2018-09-24 00:24:00,385 - mylogger - INFO - 我的答案：《神龙秘籍》
2018-09-24 00:24:00,980 - mylogger - INFO - 选择选项
2018-09-24 00:24:03,456 - mylogger - INFO - 答案正确
2018-09-24 00:24:03,458 - mylogger - INFO - 更新答案
2018-09-24 00:24:07,079 - mylogger - INFO - 本题结束
2018-09-24 00:24:07,081 - mylogger - INFO - 获取题目
2018-09-24 00:24:10,092 - mylogger - INFO - 第 4 题
2018-09-24 00:24:10,438 - mylogger - INFO - 名著《西游记》中，抢来宝象国公主百花羞的妖精叫什么怪？
2018-09-24 00:24:11,355 - mylogger - INFO - ['狐狸精', '白骨精', '黄袍怪']
2018-09-24 00:24:11,361 - mylogger - INFO - 数据库中检索答案
2018-09-24 00:24:11,362 - mylogger - INFO - 数据中无答案
2018-09-24 00:24:12,101 - mylogger - INFO - 在线检索答案：黄袍怪
2018-09-24 00:24:12,101 - mylogger - INFO - 我的答案：黄袍怪
2018-09-24 00:24:12,621 - mylogger - INFO - 选择选项
2018-09-24 00:24:15,025 - mylogger - INFO - 答案正确
2018-09-24 00:24:15,026 - mylogger - INFO - 更新答案
2018-09-24 00:24:18,574 - mylogger - INFO - 本题结束
2018-09-24 00:24:18,581 - mylogger - INFO - 获取题目
2018-09-24 00:24:20,464 - mylogger - INFO - 第 5 题
2018-09-24 00:24:20,752 - mylogger - INFO - 被誉为“凯撒大帝”的是哪一位球星？
2018-09-24 00:24:21,683 - mylogger - INFO - ['贝利', '克鲁伊夫', '贝肯鲍尔']
2018-09-24 00:24:21,685 - mylogger - INFO - 数据库中检索答案
2018-09-24 00:24:21,686 - mylogger - INFO - 数据中无答案
2018-09-24 00:24:23,688 - mylogger - INFO - 在线检索答案：贝肯鲍尔
2018-09-24 00:24:23,689 - mylogger - INFO - 我的答案：贝肯鲍尔
2018-09-24 00:24:24,243 - mylogger - INFO - 选择选项
2018-09-24 00:24:26,624 - mylogger - INFO - 答案正确
2018-09-24 00:24:26,624 - mylogger - INFO - 更新答案
2018-09-24 00:24:28,046 - mylogger - INFO - 本题结束
2018-09-24 00:24:28,255 - mylogger - INFO - 本场比赛结束
2018-09-24 00:24:28,618 - mylogger - INFO - 返回游戏页面
2018-09-24 00:24:30,144 - mylogger - INFO - 进入排位赛
2018-09-24 00:24:30,146 - mylogger - INFO - 正在匹配中......
2018-09-24 00:24:35,002 - mylogger - INFO - 匹配成功
2018-09-24 00:24:35,004 - mylogger - INFO - 获取题目
2018-09-24 00:24:38,028 - mylogger - INFO - 第 1 题
2018-09-24 00:24:38,406 - mylogger - INFO - 世界上通常用来导航的全球卫星定位系统的英文简称是什么？
2018-09-24 00:24:39,306 - mylogger - INFO - ['GPRS', 'AGPS', 'GPS']
2018-09-24 00:24:39,314 - mylogger - INFO - 数据库中检索答案
2018-09-24 00:24:39,316 - mylogger - INFO - 数据中无答案
2018-09-24 00:24:41,094 - mylogger - INFO - 在线检索答案：GPS
2018-09-24 00:24:41,095 - mylogger - INFO - 我的答案：GPS
2018-09-24 00:24:41,686 - mylogger - INFO - 选择选项
2018-09-24 00:24:44,097 - mylogger - INFO - 答案正确
2018-09-24 00:24:44,097 - mylogger - INFO - 更新答案
2018-09-24 00:24:46,520 - mylogger - INFO - 本题结束
2018-09-24 00:24:46,524 - mylogger - INFO - 获取题目
2018-09-24 00:24:48,413 - mylogger - INFO - 第 2 题
2018-09-24 00:24:48,761 - mylogger - INFO - 微软的电脑操作系统Windows 10的默认系统字体是？
2018-09-24 00:24:49,659 - mylogger - INFO - ['雅黑', '幼圆', '宋体']
2018-09-24 00:24:49,672 - mylogger - INFO - 数据库中检索答案
2018-09-24 00:24:49,674 - mylogger - INFO - 数据中无答案
2018-09-24 00:24:50,454 - mylogger - INFO - 在线检索答案：雅黑
2018-09-24 00:24:50,455 - mylogger - INFO - 我的答案：雅黑
2018-09-24 00:24:51,037 - mylogger - INFO - 选择选项
2018-09-24 00:24:53,483 - mylogger - INFO - 答案正确
2018-09-24 00:24:53,484 - mylogger - INFO - 更新答案
2018-09-24 00:24:58,099 - mylogger - INFO - 本题结束
2018-09-24 00:24:58,109 - mylogger - INFO - 获取题目
2018-09-24 00:25:00,015 - mylogger - INFO - 第 3 题
2018-09-24 00:25:00,371 - mylogger - INFO - 小品《公交协奏曲》中，公交车的车票价钱是？
2018-09-24 00:25:01,351 - mylogger - INFO - ['1元', '4元', '2元']
2018-09-24 00:25:01,361 - mylogger - INFO - 数据库中检索答案
2018-09-24 00:25:01,363 - mylogger - INFO - 数据中无答案
2018-09-24 00:25:02,130 - mylogger - INFO - 在线检索答案：
2018-09-24 00:25:02,132 - mylogger - INFO - 我的答案：1元
2018-09-24 00:25:02,705 - mylogger - INFO - 选择选项
2018-09-24 00:25:05,124 - mylogger - INFO - 答案正确
2018-09-24 00:25:05,126 - mylogger - INFO - 更新答案
2018-09-24 00:25:09,771 - mylogger - INFO - 本题结束
2018-09-24 00:25:09,822 - mylogger - INFO - 获取题目
2018-09-24 00:25:11,665 - mylogger - INFO - 第 4 题
2018-09-24 00:25:11,977 - mylogger - INFO - 下列原始文化遗址，位于长江流域的是什么人？
2018-09-24 00:25:12,943 - mylogger - INFO - ['半坡氏族', '河姆渡居民', '北京人']
2018-09-24 00:25:12,984 - mylogger - INFO - 数据库中检索答案
2018-09-24 00:25:12,986 - mylogger - INFO - 数据中无答案
2018-09-24 00:25:13,843 - mylogger - INFO - 在线检索答案：北京人
2018-09-24 00:25:13,844 - mylogger - INFO - 我的答案：北京人
2018-09-24 00:25:14,371 - mylogger - INFO - 选择选项
2018-09-24 00:25:16,835 - mylogger - INFO - 答案错误
2018-09-24 00:25:17,079 - mylogger - INFO - 正确答案；河姆渡居民
2018-09-24 00:25:17,081 - mylogger - INFO - 更新答案
2018-09-24 00:25:20,856 - mylogger - INFO - 本题结束
2018-09-24 00:25:20,929 - mylogger - INFO - 获取题目
2018-09-24 00:25:22,776 - mylogger - INFO - 第 5 题
2018-09-24 00:25:23,099 - mylogger - INFO - 二战中著名的市场花园行动发生于哪个国家？
2018-09-24 00:25:24,117 - mylogger - INFO - ['英国', '荷兰', '俄罗斯']
2018-09-24 00:25:24,121 - mylogger - INFO - 数据库中检索答案
2018-09-24 00:25:24,122 - mylogger - INFO - 数据中无答案
2018-09-24 00:25:24,858 - mylogger - INFO - 在线检索答案：荷兰
2018-09-24 00:25:24,859 - mylogger - INFO - 我的答案：荷兰
2018-09-24 00:25:25,347 - mylogger - INFO - 选择选项
2018-09-24 00:25:27,805 - mylogger - INFO - 答案正确
2018-09-24 00:25:27,807 - mylogger - INFO - 更新答案
2018-09-24 00:25:31,732 - mylogger - INFO - 本题结束
2018-09-24 00:25:31,881 - mylogger - INFO - 本场比赛结束
2018-09-24 00:25:32,143 - mylogger - INFO - 返回游戏页面
2018-09-24 00:25:33,664 - mylogger - INFO - 进入排位赛
2018-09-24 00:25:33,666 - mylogger - INFO - 正在匹配中......
2018-09-24 00:25:47,504 - mylogger - INFO - 匹配成功
2018-09-24 00:25:47,506 - mylogger - INFO - 获取题目
2018-09-24 00:25:50,396 - mylogger - INFO - 第 1 题
2018-09-24 00:25:50,696 - mylogger - INFO - 爱神丘比特手上拿着的是什么？
2018-09-24 00:25:51,677 - mylogger - INFO - ['玫瑰花', '弓箭', '竖琴']
2018-09-24 00:25:51,706 - mylogger - INFO - 数据库中检索答案
2018-09-24 00:25:51,708 - mylogger - INFO - 数据中无答案
2018-09-24 00:25:52,415 - mylogger - INFO - 在线检索答案：弓箭
2018-09-24 00:25:52,416 - mylogger - INFO - 我的答案：弓箭
2018-09-24 00:25:52,959 - mylogger - INFO - 选择选项
2018-09-24 00:25:55,345 - mylogger - INFO - 答案正确
2018-09-24 00:25:55,347 - mylogger - INFO - 更新答案
2018-09-24 00:25:55,786 - mylogger - INFO - 本题结束
2018-09-24 00:25:55,816 - mylogger - INFO - 获取题目
2018-09-24 00:25:58,656 - mylogger - INFO - 第 2 题
2018-09-24 00:25:58,952 - mylogger - INFO - 下列不属于失眠表现的是？
2018-09-24 00:25:59,934 - mylogger - INFO - ['经常不易入睡', '经常不自主地入睡', '睡而不酣，时易惊醒']
2018-09-24 00:25:59,962 - mylogger - INFO - 数据库中检索答案
2018-09-24 00:25:59,964 - mylogger - INFO - 数据中无答案
2018-09-24 00:26:00,609 - mylogger - INFO - 在线检索答案：睡而不酣，时易惊醒
2018-09-24 00:26:00,610 - mylogger - INFO - 我的答案：睡而不酣，时易惊醒
2018-09-24 00:26:01,144 - mylogger - INFO - 选择选项
2018-09-24 00:26:03,664 - mylogger - INFO - 答案错误
2018-09-24 00:26:03,868 - mylogger - INFO - 正确答案；经常不自主地入睡
2018-09-24 00:26:03,870 - mylogger - INFO - 更新答案
2018-09-24 00:26:09,980 - mylogger - INFO - 本题结束
2018-09-24 00:26:09,983 - mylogger - INFO - 获取题目
2018-09-24 00:26:11,794 - mylogger - INFO - 第 3 题
2018-09-24 00:26:12,109 - mylogger - INFO - 阿宝是哪部动画电影主角的名字？
2018-09-24 00:26:13,041 - mylogger - INFO - ['《功夫熊猫》', '《玩具总动员》', '《冰雪奇缘》']
2018-09-24 00:26:13,051 - mylogger - INFO - 数据库中检索答案
2018-09-24 00:26:13,060 - mylogger - INFO - 数据中无答案
2018-09-24 00:26:13,789 - mylogger - INFO - 在线检索答案：
2018-09-24 00:26:13,790 - mylogger - INFO - 我的答案：《功夫熊猫》
2018-09-24 00:26:14,401 - mylogger - INFO - 选择选项
2018-09-24 00:26:16,777 - mylogger - INFO - 答案正确
2018-09-24 00:26:16,778 - mylogger - INFO - 更新答案
2018-09-24 00:26:21,883 - mylogger - INFO - 本题结束
2018-09-24 00:26:21,888 - mylogger - INFO - 获取题目
2018-09-24 00:26:23,709 - mylogger - INFO - 第 4 题
2018-09-24 00:26:23,984 - mylogger - INFO - 2017年，凭借韩国综艺《同床异梦》大红的中韩夫妇是？
2018-09-24 00:26:24,853 - mylogger - INFO - ['于晓光、秋瓷炫', '高梓淇、蔡琳', '李承铉、戚薇']
2018-09-24 00:26:24,910 - mylogger - INFO - 数据库中检索答案
2018-09-24 00:26:24,919 - mylogger - INFO - 数据中无答案
2018-09-24 00:26:25,649 - mylogger - INFO - 在线检索答案：
2018-09-24 00:26:25,650 - mylogger - INFO - 我的答案：于晓光、秋瓷炫
2018-09-24 00:26:26,195 - mylogger - INFO - 选择选项
2018-09-24 00:26:28,644 - mylogger - INFO - 答案正确
2018-09-24 00:26:28,646 - mylogger - INFO - 更新答案
2018-09-24 00:26:33,697 - mylogger - INFO - 本题结束
2018-09-24 00:26:33,728 - mylogger - INFO - 获取题目
2018-09-24 00:26:36,690 - mylogger - INFO - 第 5 题
2018-09-24 00:26:36,983 - mylogger - INFO - 杆秤也可以用来“称量”时间，中国古代用这种方法称量时间的计时仪器叫
2018-09-24 00:26:37,939 - mylogger - INFO - ['天秤', '窥衡', '秤漏']
2018-09-24 00:26:37,952 - mylogger - INFO - 数据库中检索答案
2018-09-24 00:26:37,956 - mylogger - INFO - 数据中无答案
2018-09-24 00:26:38,785 - mylogger - INFO - 在线检索答案：秤漏
2018-09-24 00:26:38,786 - mylogger - INFO - 我的答案：秤漏
2018-09-24 00:26:39,291 - mylogger - INFO - 选择选项
2018-09-24 00:26:41,770 - mylogger - INFO - 答案正确
2018-09-24 00:26:41,771 - mylogger - INFO - 更新答案
2018-09-24 00:26:46,733 - mylogger - INFO - 本题结束
2018-09-24 00:26:46,904 - mylogger - INFO - 本场比赛结束
2018-09-24 00:26:47,149 - mylogger - INFO - 返回游戏页面
2018-09-24 00:26:48,703 - mylogger - INFO - 进入排位赛
2018-09-24 00:26:48,706 - mylogger - INFO - 正在匹配中......
2018-09-24 00:26:51,305 - mylogger - INFO - 匹配成功
2018-09-24 00:26:51,307 - mylogger - INFO - 获取题目
2018-09-24 00:26:54,516 - mylogger - INFO - 第 1 题
2018-09-24 00:26:54,829 - mylogger - INFO - 以下哪一个不属于《复仇者联盟》中的六大超级英雄之一？
2018-09-24 00:26:55,673 - mylogger - INFO - ['雷神', '葫芦娃', '美国队长']
2018-09-24 00:26:55,687 - mylogger - INFO - 数据库中检索答案
2018-09-24 00:26:55,693 - mylogger - INFO - 数据中无答案
2018-09-24 00:26:56,548 - mylogger - INFO - 在线检索答案：葫芦娃
2018-09-24 00:26:56,549 - mylogger - INFO - 我的答案：葫芦娃
2018-09-24 00:26:57,099 - mylogger - INFO - 选择选项
2018-09-24 00:26:59,513 - mylogger - INFO - 答案正确
2018-09-24 00:26:59,514 - mylogger - INFO - 更新答案
2018-09-24 00:26:59,981 - mylogger - INFO - 本题结束
2018-09-24 00:27:00,013 - mylogger - INFO - 获取题目
2018-09-24 00:27:02,928 - mylogger - INFO - 第 2 题
2018-09-24 00:27:03,223 - mylogger - INFO - 以下哪个节日不属于我国“三大灯节”之一？
2018-09-24 00:27:04,149 - mylogger - INFO - ['端午节', '中秋节', '春节']
2018-09-24 00:27:04,153 - mylogger - INFO - 数据库中检索答案
2018-09-24 00:27:04,154 - mylogger - INFO - 数据中无答案
2018-09-24 00:27:05,123 - mylogger - INFO - 在线检索答案：端午节
2018-09-24 00:27:05,123 - mylogger - INFO - 我的答案：端午节
2018-09-24 00:27:05,684 - mylogger - INFO - 选择选项
2018-09-24 00:27:08,166 - mylogger - INFO - 答案正确
2018-09-24 00:27:08,168 - mylogger - INFO - 更新答案
2018-09-24 00:27:14,281 - mylogger - INFO - 本题结束
2018-09-24 00:27:14,369 - mylogger - INFO - 获取题目
2018-09-24 00:27:16,296 - mylogger - INFO - 第 3 题
2018-09-24 00:27:16,597 - mylogger - INFO - 小小金坛子，装着金饺子，吃掉金饺子，吐出白珠子。(打一植物)
2018-09-24 00:27:17,486 - mylogger - INFO - ['枣', '荷花', '橘子']
2018-09-24 00:27:17,492 - mylogger - INFO - 数据库中检索答案
2018-09-24 00:27:17,493 - mylogger - INFO - 数据中无答案
2018-09-24 00:27:18,685 - mylogger - INFO - 在线检索答案：橘子
2018-09-24 00:27:18,693 - mylogger - INFO - 我的答案：橘子
2018-09-24 00:27:19,220 - mylogger - INFO - 选择选项
2018-09-24 00:27:21,624 - mylogger - INFO - 答案正确
2018-09-24 00:27:21,625 - mylogger - INFO - 更新答案
2018-09-24 00:27:24,374 - mylogger - INFO - 本题结束
2018-09-24 00:27:24,397 - mylogger - INFO - 获取题目
2018-09-24 00:27:27,369 - mylogger - INFO - 第 4 题
2018-09-24 00:27:27,637 - mylogger - INFO - 《胡家十八拍》的作者是建安文学家：（）
2018-09-24 00:27:28,645 - mylogger - INFO - ['曹操', '蔡琰', '曹丕']
2018-09-24 00:27:28,657 - mylogger - INFO - 数据库中检索答案
2018-09-24 00:27:28,660 - mylogger - INFO - 数据中无答案
2018-09-24 00:27:29,851 - mylogger - INFO - 在线检索答案：曹操
2018-09-24 00:27:29,852 - mylogger - INFO - 我的答案：曹操
2018-09-24 00:27:30,378 - mylogger - INFO - 选择选项
2018-09-24 00:27:32,754 - mylogger - INFO - 答案错误
2018-09-24 00:27:32,898 - mylogger - INFO - 正确答案；蔡琰
2018-09-24 00:27:32,899 - mylogger - INFO - 更新答案
2018-09-24 00:27:33,373 - mylogger - INFO - 本题结束
2018-09-24 00:27:33,376 - mylogger - INFO - 获取题目
2018-09-24 00:27:36,450 - mylogger - INFO - 第 5 题
2018-09-24 00:27:36,749 - mylogger - INFO - 天天过春节（打一成语）
2018-09-24 00:27:37,696 - mylogger - INFO - ['忘年之交', '度日如年', '年复一年']
2018-09-24 00:27:37,703 - mylogger - INFO - 数据库中检索答案
2018-09-24 00:27:37,704 - mylogger - INFO - 数据中无答案
2018-09-24 00:27:38,495 - mylogger - INFO - 在线检索答案：度日如年
2018-09-24 00:27:38,496 - mylogger - INFO - 我的答案：度日如年
2018-09-24 00:27:39,065 - mylogger - INFO - 选择选项
2018-09-24 00:27:41,476 - mylogger - INFO - 答案正确
2018-09-24 00:27:41,477 - mylogger - INFO - 更新答案
2018-09-24 00:27:42,106 - mylogger - INFO - 本题结束
2018-09-24 00:27:43,443 - mylogger - INFO - 本场比赛结束
2018-09-24 00:27:43,709 - mylogger - INFO - 返回游戏页面
2018-09-24 00:27:45,285 - mylogger - INFO - 进入排位赛
2018-09-24 00:27:45,286 - mylogger - INFO - 正在匹配中......
2018-09-24 00:28:19,202 - mylogger - INFO - 匹配成功
2018-09-24 00:28:19,203 - mylogger - INFO - 获取题目
2018-09-24 00:28:22,266 - mylogger - INFO - 第 1 题
2018-09-24 00:28:22,562 - mylogger - INFO - 一般会用“化腐朽为什么”来形容事物发生了惊人的变化？
2018-09-24 00:28:23,581 - mylogger - INFO - ['惊吓', '惊讶', '神奇']
2018-09-24 00:28:23,584 - mylogger - INFO - 数据库中检索答案
2018-09-24 00:28:23,584 - mylogger - INFO - 数据中无答案
2018-09-24 00:28:24,377 - mylogger - INFO - 在线检索答案：
2018-09-24 00:28:24,377 - mylogger - INFO - 我的答案：惊吓
2018-09-24 00:28:24,918 - mylogger - INFO - 选择选项
2018-09-24 00:28:27,389 - mylogger - INFO - 答案错误
2018-09-24 00:28:27,598 - mylogger - INFO - 正确答案；神奇
2018-09-24 00:28:27,599 - mylogger - INFO - 更新答案
2018-09-24 00:28:31,244 - mylogger - INFO - 本题结束
2018-09-24 00:28:31,367 - mylogger - INFO - 获取题目
2018-09-24 00:28:33,187 - mylogger - INFO - 第 2 题
2018-09-24 00:28:33,466 - mylogger - INFO - 蒙克·巴特尔是亚洲NBA总冠军的第几人？
2018-09-24 00:28:34,502 - mylogger - INFO - ['第三人', '第四人', '第一人']
2018-09-24 00:28:34,507 - mylogger - INFO - 数据库中检索答案
2018-09-24 00:28:34,508 - mylogger - INFO - 数据中无答案
2018-09-24 00:28:35,137 - mylogger - INFO - 在线检索答案：第一人
2018-09-24 00:28:35,150 - mylogger - INFO - 我的答案：第一人
2018-09-24 00:28:35,732 - mylogger - INFO - 选择选项
2018-09-24 00:28:38,162 - mylogger - INFO - 答案正确
2018-09-24 00:28:38,176 - mylogger - INFO - 更新答案
2018-09-24 00:28:40,008 - mylogger - INFO - 本题结束
2018-09-24 00:28:40,064 - mylogger - INFO - 获取题目
2018-09-24 00:28:41,926 - mylogger - INFO - 第 3 题
2018-09-24 00:28:42,288 - mylogger - INFO - 以下哪位演员参演过电视剧《鬼吹灯之精绝古城》？
2018-09-24 00:28:43,191 - mylogger - INFO - ['陈妍希', '靳东', '李昇炫']
2018-09-24 00:28:43,198 - mylogger - INFO - 数据库中检索答案
2018-09-24 00:28:43,199 - mylogger - INFO - 数据中无答案
2018-09-24 00:28:43,965 - mylogger - INFO - 在线检索答案：靳东
2018-09-24 00:28:43,966 - mylogger - INFO - 我的答案：靳东
2018-09-24 00:28:44,504 - mylogger - INFO - 选择选项
2018-09-24 00:28:46,949 - mylogger - INFO - 答案正确
2018-09-24 00:28:46,950 - mylogger - INFO - 更新答案
2018-09-24 00:28:49,206 - mylogger - INFO - 本题结束
2018-09-24 00:28:49,331 - mylogger - INFO - 获取题目
2018-09-24 00:28:52,236 - mylogger - INFO - 第 4 题
2018-09-24 00:28:52,591 - mylogger - INFO - 被称为“沙漠之舟”的骆驼，其驼峰的作用是什么？
2018-09-24 00:28:53,573 - mylogger - INFO - ['储存糖类', '储存脂肪', '防晒']
2018-09-24 00:28:53,580 - mylogger - INFO - 数据库中检索答案
2018-09-24 00:28:53,582 - mylogger - INFO - 数据中无答案
2018-09-24 00:28:54,448 - mylogger - INFO - 在线检索答案：储存脂肪
2018-09-24 00:28:54,449 - mylogger - INFO - 我的答案：储存脂肪
2018-09-24 00:28:54,983 - mylogger - INFO - 选择选项
2018-09-24 00:28:57,354 - mylogger - INFO - 答案正确
2018-09-24 00:28:57,354 - mylogger - INFO - 更新答案
2018-09-24 00:28:58,930 - mylogger - INFO - 本题结束
2018-09-24 00:28:58,952 - mylogger - INFO - 获取题目
2018-09-24 00:29:00,820 - mylogger - INFO - 第 5 题
2018-09-24 00:29:01,923 - mylogger - INFO - 在《致我们单纯的小美好》饰演男主角的胡一天，他的身高是多少？
2018-09-24 00:29:02,883 - mylogger - INFO - ['1米88', '1米85', '1米90']
2018-09-24 00:29:03,515 - mylogger - INFO - 数据库中检索答案
2018-09-24 00:29:03,516 - mylogger - INFO - 我的答案：1米88
2018-09-24 00:29:04,063 - mylogger - INFO - 选择选项
2018-09-24 00:30:11,238 - mylogger - INFO - 进入排位赛
2018-09-24 00:30:11,240 - mylogger - INFO - 正在匹配中......
2018-09-24 00:30:14,647 - mylogger - INFO - 匹配成功
2018-09-24 00:30:14,649 - mylogger - INFO - 获取题目
2018-09-24 00:30:18,041 - mylogger - INFO - 第 1 题
2018-09-24 00:30:18,437 - mylogger - INFO - 女生化妆时说她的999不见了，这里的999是指？
2018-09-24 00:30:19,572 - mylogger - INFO - ['999感冒灵', 'RMB999', 'Dior999口红']
2018-09-24 00:30:19,584 - mylogger - INFO - 数据库中检索答案
2018-09-24 00:30:19,586 - mylogger - INFO - 数据中无答案
2018-09-24 00:30:20,342 - mylogger - INFO - 在线检索答案：999感冒灵
2018-09-24 00:30:20,346 - mylogger - INFO - 我的答案：999感冒灵
2018-09-24 00:30:20,983 - mylogger - INFO - 选择选项
2018-09-24 00:30:23,478 - mylogger - INFO - 答案错误
2018-09-24 00:30:23,796 - mylogger - INFO - 正确答案；Dior999口红
2018-09-24 00:30:23,798 - mylogger - INFO - 更新答案
2018-09-24 00:30:24,578 - mylogger - INFO - 本题结束
2018-09-24 00:30:24,619 - mylogger - INFO - 获取题目
2018-09-24 00:30:26,506 - mylogger - INFO - 第 2 题
2018-09-24 00:30:26,852 - mylogger - INFO - 1996年春晚，蔡明、郭达出演的小品是？
2018-09-24 00:30:27,924 - mylogger - INFO - ['《黄土坡》', '《机器人趣话》', '《送礼》']
2018-09-24 00:30:27,974 - mylogger - INFO - 数据库中检索答案
2018-09-24 00:30:27,976 - mylogger - INFO - 数据中无答案
2018-09-24 00:30:28,814 - mylogger - INFO - 在线检索答案：《黄土坡》
2018-09-24 00:30:28,815 - mylogger - INFO - 我的答案：《黄土坡》
2018-09-24 00:30:29,403 - mylogger - INFO - 选择选项
2018-09-24 00:30:31,866 - mylogger - INFO - 答案错误
2018-09-24 00:30:32,002 - mylogger - INFO - 正确答案；《机器人趣话》
2018-09-24 00:30:32,003 - mylogger - INFO - 更新答案
2018-09-24 00:30:32,814 - mylogger - INFO - 本题结束
2018-09-24 00:30:32,871 - mylogger - INFO - 获取题目
2018-09-24 00:30:35,852 - mylogger - INFO - 第 3 题
2018-09-24 00:30:36,124 - mylogger - INFO - 某班学霸有24人，剩余同学比学霸多6人，此班共有多少人？
2018-09-24 00:30:37,068 - mylogger - INFO - ['56人', '54人', '30人']
2018-09-24 00:30:37,077 - mylogger - INFO - 数据库中检索答案
2018-09-24 00:30:37,078 - mylogger - INFO - 数据中无答案
2018-09-24 00:30:37,823 - mylogger - INFO - 在线检索答案：30人
2018-09-24 00:30:37,824 - mylogger - INFO - 我的答案：30人
2018-09-24 00:30:38,320 - mylogger - INFO - 选择选项
2018-09-24 00:30:40,751 - mylogger - INFO - 答案错误
2018-09-24 00:30:41,021 - mylogger - INFO - 正确答案；54人
2018-09-24 00:30:41,024 - mylogger - INFO - 更新答案
2018-09-24 00:30:44,924 - mylogger - INFO - 本题结束
2018-09-24 00:30:45,028 - mylogger - INFO - 获取题目
2018-09-24 00:30:47,910 - mylogger - INFO - 第 4 题
2018-09-24 00:30:48,220 - mylogger - INFO - 最早的加农炮起源于哪里？
2018-09-24 00:30:49,157 - mylogger - INFO - ['非洲', '欧洲', '亚洲']
2018-09-24 00:30:49,171 - mylogger - INFO - 数据库中检索答案
2018-09-24 00:30:49,185 - mylogger - INFO - 数据中无答案
2018-09-24 00:30:49,928 - mylogger - INFO - 在线检索答案：欧洲
2018-09-24 00:30:49,930 - mylogger - INFO - 我的答案：欧洲
2018-09-24 00:30:50,544 - mylogger - INFO - 选择选项
2018-09-24 00:30:52,922 - mylogger - INFO - 答案正确
2018-09-24 00:30:52,927 - mylogger - INFO - 更新答案
2018-09-24 00:31:06,300 - mylogger - INFO - 本题结束
2018-09-24 00:31:06,303 - mylogger - INFO - 获取题目
2018-09-24 00:31:07,001 - mylogger - INFO - 第 5 题
2018-09-24 00:31:07,346 - mylogger - INFO - 哪个动画电影公司的标识是雄狮利奥？
2018-09-24 00:31:08,582 - mylogger - INFO - ['迪士尼', '米高梅', '梦工厂']
2018-09-24 00:31:08,591 - mylogger - INFO - 数据库中检索答案
2018-09-24 00:31:08,592 - mylogger - INFO - 数据中无答案
2018-09-24 00:31:09,299 - mylogger - INFO - 在线检索答案：米高梅
2018-09-24 00:31:09,300 - mylogger - INFO - 我的答案：米高梅
2018-09-24 00:32:31,592 - mylogger - INFO - 进入排位赛
2018-09-24 00:32:31,599 - mylogger - INFO - 正在匹配中......
2018-09-24 00:32:35,665 - mylogger - INFO - 匹配成功
2018-09-24 00:32:35,667 - mylogger - INFO - 获取题目
2018-09-24 00:32:38,834 - mylogger - INFO - 第 1 题
2018-09-24 00:32:39,197 - mylogger - INFO - 兔子的长耳朵主要用途是什么？
2018-09-24 00:32:40,254 - mylogger - INFO - ['散热', '交配', '繁殖']
2018-09-24 00:32:40,264 - mylogger - INFO - 数据库中检索答案
2018-09-24 00:32:40,266 - mylogger - INFO - 数据中无答案
2018-09-24 00:32:40,640 - mylogger - INFO - 在线检索答案：散热
2018-09-24 00:32:40,641 - mylogger - INFO - 我的答案：散热
2018-09-24 00:32:41,229 - mylogger - INFO - 选择选项
2018-09-24 00:32:43,683 - mylogger - INFO - 答案正确
2018-09-24 00:32:43,687 - mylogger - INFO - 更新答案
2018-09-24 00:32:46,214 - mylogger - INFO - 本题结束
2018-09-24 00:32:46,217 - mylogger - INFO - 获取题目
2018-09-24 00:32:48,113 - mylogger - INFO - 第 2 题
2018-09-24 00:32:48,420 - mylogger - INFO - 水晶和以下哪种矿物属于同一种物质？
2018-09-24 00:32:49,453 - mylogger - INFO - ['石英', '石墨', '方解石']
2018-09-24 00:32:49,456 - mylogger - INFO - 数据库中检索答案
2018-09-24 00:32:49,457 - mylogger - INFO - 数据中无答案
2018-09-24 00:32:50,174 - mylogger - INFO - 在线检索答案：石英
2018-09-24 00:32:50,175 - mylogger - INFO - 我的答案：石英
2018-09-24 00:32:50,761 - mylogger - INFO - 选择选项
2018-09-24 00:32:53,153 - mylogger - INFO - 答案正确
2018-09-24 00:32:53,155 - mylogger - INFO - 更新答案
2018-09-24 00:32:56,810 - mylogger - INFO - 本题结束
2018-09-24 00:32:56,812 - mylogger - INFO - 获取题目
2018-09-24 00:32:59,757 - mylogger - INFO - 第 3 题
2018-09-24 00:33:00,034 - mylogger - INFO - “瓦伦丁节”时候哪个从西方传来的节日的别称？
2018-09-24 00:33:00,863 - mylogger - INFO - ['情人节', '教师节', '圣诞节']
2018-09-24 00:33:00,870 - mylogger - INFO - 数据库中检索答案
2018-09-24 00:33:00,872 - mylogger - INFO - 数据中无答案
2018-09-24 00:33:02,436 - mylogger - INFO - 在线检索答案：情人节
2018-09-24 00:33:02,436 - mylogger - INFO - 我的答案：情人节
2018-09-24 00:33:02,979 - mylogger - INFO - 选择选项
2018-09-24 00:33:05,396 - mylogger - INFO - 答案正确
2018-09-24 00:33:05,397 - mylogger - INFO - 更新答案
2018-09-24 00:33:09,049 - mylogger - INFO - 本题结束
2018-09-24 00:33:09,053 - mylogger - INFO - 获取题目
2018-09-24 00:33:12,027 - mylogger - INFO - 第 4 题
2018-09-24 00:33:12,324 - mylogger - INFO - 美国二战名将巴顿将军参加了哪届奥运会？
2018-09-24 00:33:13,186 - mylogger - INFO - ['1912年第5届', '1910年第5届', '1992年第5届']
2018-09-24 00:33:13,198 - mylogger - INFO - 数据库中检索答案
2018-09-24 00:33:13,200 - mylogger - INFO - 数据中无答案
2018-09-24 00:33:14,817 - mylogger - INFO - 在线检索答案：1912年第5届
2018-09-24 00:33:14,823 - mylogger - INFO - 我的答案：1912年第5届
2018-09-24 00:33:15,390 - mylogger - INFO - 选择选项
2018-09-24 00:33:17,795 - mylogger - INFO - 答案正确
2018-09-24 00:33:17,798 - mylogger - INFO - 更新答案
2018-09-24 00:33:20,306 - mylogger - INFO - 本题结束
2018-09-24 00:33:20,311 - mylogger - INFO - 获取题目
2018-09-24 00:33:22,095 - mylogger - INFO - 第 5 题
2018-09-24 00:33:22,351 - mylogger - INFO - 在《中华小当家》中，小当家学习厨艺的阳泉酒家在哪里？
2018-09-24 00:33:23,225 - mylogger - INFO - ['广东', '北京', '山西']
2018-09-24 00:33:23,233 - mylogger - INFO - 数据库中检索答案
2018-09-24 00:33:23,235 - mylogger - INFO - 数据中无答案
2018-09-24 00:33:23,967 - mylogger - INFO - 在线检索答案：北京
2018-09-24 00:33:23,970 - mylogger - INFO - 我的答案：北京
2018-09-24 00:33:24,477 - mylogger - INFO - 选择选项
2018-09-24 00:33:26,934 - mylogger - INFO - 答案错误
2018-09-24 00:33:27,078 - mylogger - INFO - 正确答案；广东
2018-09-24 00:33:27,082 - mylogger - INFO - 更新答案
2018-09-24 00:33:28,507 - mylogger - INFO - 本题结束
2018-09-24 00:33:28,655 - mylogger - INFO - 本场比赛结束
2018-09-24 00:33:28,964 - mylogger - INFO - 返回游戏页面
2018-09-24 00:33:30,508 - mylogger - INFO - 进入排位赛
2018-09-24 00:33:30,510 - mylogger - INFO - 正在匹配中......
2018-09-24 00:33:38,758 - mylogger - INFO - 匹配成功
2018-09-24 00:33:38,759 - mylogger - INFO - 获取题目
2018-09-24 00:33:41,951 - mylogger - INFO - 第 1 题
2018-09-24 00:33:42,290 - mylogger - INFO - 2004年以《江南》红遍两岸三地的歌手是谁？
2018-09-24 00:33:43,210 - mylogger - INFO - ['王力宏', '罗志祥', '林俊杰']
2018-09-24 00:33:43,214 - mylogger - INFO - 数据库中检索答案
2018-09-24 00:33:43,215 - mylogger - INFO - 数据中无答案
2018-09-24 00:33:43,895 - mylogger - INFO - 在线检索答案：林俊杰
2018-09-24 00:33:43,896 - mylogger - INFO - 我的答案：林俊杰
2018-09-24 00:33:44,569 - mylogger - INFO - 选择选项
2018-09-24 00:33:47,000 - mylogger - INFO - 答案正确
2018-09-24 00:33:47,001 - mylogger - INFO - 更新答案
2018-09-24 00:33:48,326 - mylogger - INFO - 本题结束
2018-09-24 00:33:48,327 - mylogger - INFO - 获取题目
2018-09-24 00:33:51,324 - mylogger - INFO - 第 2 题
2018-09-24 00:33:51,659 - mylogger - INFO - 美国的好莱坞电影公司坐落在哪个城市？
2018-09-24 00:33:52,518 - mylogger - INFO - ['纽约', '洛杉矶市郊区', '华盛顿']
2018-09-24 00:33:52,521 - mylogger - INFO - 数据库中检索答案
2018-09-24 00:33:52,522 - mylogger - INFO - 数据中无答案
2018-09-24 00:33:54,071 - mylogger - INFO - 在线检索答案：华盛顿
2018-09-24 00:33:54,072 - mylogger - INFO - 我的答案：华盛顿
2018-09-24 00:33:54,642 - mylogger - INFO - 选择选项
2018-09-24 00:33:57,071 - mylogger - INFO - 答案错误
2018-09-24 00:33:57,347 - mylogger - INFO - 正确答案；洛杉矶市郊区
2018-09-24 00:33:57,348 - mylogger - INFO - 更新答案
2018-09-24 00:33:57,564 - mylogger - INFO - 本题结束
2018-09-24 00:33:57,565 - mylogger - INFO - 获取题目
2018-09-24 00:34:00,624 - mylogger - INFO - 第 3 题
2018-09-24 00:34:00,948 - mylogger - INFO - 下列数字中哪一个是西方人最忌讳的？
2018-09-24 00:34:01,983 - mylogger - INFO - ['4', '7', '13']
2018-09-24 00:34:01,987 - mylogger - INFO - 数据库中检索答案
2018-09-24 00:34:01,989 - mylogger - INFO - 我的答案：13
2018-09-24 00:34:02,619 - mylogger - INFO - 选择选项
2018-09-24 00:34:04,998 - mylogger - INFO - 答案正确
2018-09-24 00:34:05,007 - mylogger - INFO - 更新答案
2018-09-24 00:34:07,500 - mylogger - INFO - 本题结束
2018-09-24 00:34:07,510 - mylogger - INFO - 获取题目
2018-09-24 00:34:09,324 - mylogger - INFO - 第 4 题
2018-09-24 00:34:09,614 - mylogger - INFO - “给我一个支点，我就能撬起整个地球”，这句话是谁说的？
2018-09-24 00:34:10,596 - mylogger - INFO - ['爱因斯坦', '伽利略', '阿基米德']
2018-09-24 00:34:10,599 - mylogger - INFO - 数据库中检索答案
2018-09-24 00:34:10,604 - mylogger - INFO - 数据中无答案
2018-09-24 00:34:11,284 - mylogger - INFO - 在线检索答案：阿基米德
2018-09-24 00:34:11,286 - mylogger - INFO - 我的答案：阿基米德
2018-09-24 00:34:11,827 - mylogger - INFO - 选择选项
2018-09-24 00:34:14,206 - mylogger - INFO - 答案正确
2018-09-24 00:34:14,207 - mylogger - INFO - 更新答案
2018-09-24 00:34:16,856 - mylogger - INFO - 本题结束
2018-09-24 00:34:16,894 - mylogger - INFO - 获取题目
2018-09-24 00:34:19,039 - mylogger - INFO - 第 5 题
2018-09-24 00:34:19,356 - mylogger - INFO - 以下哪一个是世界上第一架进入太空的航天飞机？
2018-09-24 00:34:20,402 - mylogger - INFO - ['奋进号', '亚特兰蒂斯号', '哥伦比亚号']
2018-09-24 00:34:20,437 - mylogger - INFO - 数据库中检索答案
2018-09-24 00:34:20,533 - mylogger - INFO - 数据中无答案
2018-09-24 00:34:21,234 - mylogger - INFO - 在线检索答案：哥伦比亚号
2018-09-24 00:34:21,581 - mylogger - INFO - 我的答案：哥伦比亚号
2018-09-24 00:34:22,432 - mylogger - INFO - 选择选项
2018-09-24 00:35:29,427 - mylogger - INFO - 进入排位赛
2018-09-24 00:35:29,430 - mylogger - INFO - 正在匹配中......
2018-09-24 00:35:38,890 - mylogger - INFO - 匹配成功
2018-09-24 00:35:38,892 - mylogger - INFO - 获取题目
2018-09-24 00:35:42,022 - mylogger - INFO - 第 1 题
2018-09-24 00:35:42,433 - mylogger - INFO - 鞭炮又称？
2018-09-24 00:35:43,564 - mylogger - INFO - ['爆竹', '竹', '火炮']
2018-09-24 00:35:43,571 - mylogger - INFO - 数据库中检索答案
2018-09-24 00:35:43,572 - mylogger - INFO - 数据中无答案
2018-09-24 00:35:44,321 - mylogger - INFO - 在线检索答案：竹
2018-09-24 00:35:44,322 - mylogger - INFO - 我的答案：竹
2018-09-24 00:35:44,910 - mylogger - INFO - 选择选项
2018-09-24 00:35:47,369 - mylogger - INFO - 答案错误
2018-09-24 00:35:47,533 - mylogger - INFO - 正确答案；爆竹
2018-09-24 00:35:47,535 - mylogger - INFO - 更新答案
2018-09-24 00:35:48,919 - mylogger - INFO - 本题结束
2018-09-24 00:35:48,922 - mylogger - INFO - 获取题目
2018-09-24 00:35:50,793 - mylogger - INFO - 第 2 题
2018-09-24 00:35:51,093 - mylogger - INFO - 下列不适用《产品质量法》的有？
2018-09-24 00:35:52,021 - mylogger - INFO - ['建设工程', '制造业', '手工业']
2018-09-24 00:35:52,030 - mylogger - INFO - 数据库中检索答案
2018-09-24 00:35:52,031 - mylogger - INFO - 数据中无答案
2018-09-24 00:35:52,321 - mylogger - INFO - 在线检索答案：制造业
2018-09-24 00:35:52,322 - mylogger - INFO - 我的答案：制造业
2018-09-24 00:35:52,881 - mylogger - INFO - 选择选项
2018-09-24 00:35:55,283 - mylogger - INFO - 答案错误
2018-09-24 00:35:55,446 - mylogger - INFO - 正确答案；建设工程
2018-09-24 00:35:55,450 - mylogger - INFO - 更新答案
2018-09-24 00:35:59,195 - mylogger - INFO - 本题结束
2018-09-24 00:35:59,204 - mylogger - INFO - 获取题目
2018-09-24 00:36:01,023 - mylogger - INFO - 第 3 题
2018-09-24 00:36:01,370 - mylogger - INFO - 电视节目《奇葩说 第三季》的主持人是以下哪位？
2018-09-24 00:36:02,266 - mylogger - INFO - ['马东', '王嘉尔', '吴秀波']
2018-09-24 00:36:02,278 - mylogger - INFO - 数据库中检索答案
2018-09-24 00:36:02,280 - mylogger - INFO - 数据中无答案
2018-09-24 00:36:02,959 - mylogger - INFO - 在线检索答案：马东
2018-09-24 00:36:02,960 - mylogger - INFO - 我的答案：马东
2018-09-24 00:36:03,487 - mylogger - INFO - 选择选项
2018-09-24 00:36:05,852 - mylogger - INFO - 答案正确
2018-09-24 00:36:05,854 - mylogger - INFO - 更新答案
2018-09-24 00:36:09,463 - mylogger - INFO - 本题结束
2018-09-24 00:36:09,480 - mylogger - INFO - 获取题目
2018-09-24 00:36:11,388 - mylogger - INFO - 第 4 题
2018-09-24 00:36:11,666 - mylogger - INFO - 在南半球始终看不到的天体是？
2018-09-24 00:36:12,570 - mylogger - INFO - ['北斗星', '牛郎星', '北极星']
2018-09-24 00:36:12,576 - mylogger - INFO - 数据库中检索答案
2018-09-24 00:36:12,578 - mylogger - INFO - 数据中无答案
2018-09-24 00:36:14,203 - mylogger - INFO - 在线检索答案：北斗星
2018-09-24 00:36:14,204 - mylogger - INFO - 我的答案：北斗星
2018-09-24 00:36:14,826 - mylogger - INFO - 选择选项
2018-09-24 00:36:17,184 - mylogger - INFO - 答案错误
2018-09-24 00:36:17,438 - mylogger - INFO - 正确答案；北极星
2018-09-24 00:36:17,440 - mylogger - INFO - 更新答案
2018-09-24 00:36:18,825 - mylogger - INFO - 本题结束
2018-09-24 00:36:18,831 - mylogger - INFO - 获取题目
2018-09-24 00:36:21,851 - mylogger - INFO - 第 5 题
2018-09-24 00:36:22,161 - mylogger - INFO - 汉白玉是一种
2018-09-24 00:36:23,179 - mylogger - INFO - ['琥珀石', '大理石', '花岗石']
2018-09-24 00:36:23,189 - mylogger - INFO - 数据库中检索答案
2018-09-24 00:36:23,191 - mylogger - INFO - 数据中无答案
2018-09-24 00:36:24,023 - mylogger - INFO - 在线检索答案：大理石
2018-09-24 00:36:24,025 - mylogger - INFO - 我的答案：大理石
2018-09-24 00:36:24,603 - mylogger - INFO - 选择选项
2018-09-24 00:36:26,963 - mylogger - INFO - 答案正确
2018-09-24 00:36:26,965 - mylogger - INFO - 更新答案
2018-09-24 00:36:28,370 - mylogger - INFO - 本题结束
2018-09-24 00:36:28,530 - mylogger - INFO - 本场比赛结束
2018-09-24 00:36:28,809 - mylogger - INFO - 返回游戏页面
2018-09-24 00:36:30,460 - mylogger - INFO - 进入排位赛
2018-09-24 00:36:30,462 - mylogger - INFO - 正在匹配中......
2018-09-24 00:36:42,970 - mylogger - INFO - 匹配成功
2018-09-24 00:36:42,971 - mylogger - INFO - 获取题目
2018-09-24 00:36:45,892 - mylogger - INFO - 第 1 题
2018-09-24 00:36:46,163 - mylogger - INFO - 以下哪个剧种被视为中国国粹，位列中国戏曲三鼎甲“榜首”？
2018-09-24 00:36:47,052 - mylogger - INFO - ['京剧', '川剧', '豫剧']
2018-09-24 00:36:47,062 - mylogger - INFO - 数据库中检索答案
2018-09-24 00:36:47,067 - mylogger - INFO - 数据中无答案
2018-09-24 00:36:47,825 - mylogger - INFO - 在线检索答案：京剧
2018-09-24 00:36:47,826 - mylogger - INFO - 我的答案：京剧
2018-09-24 00:36:48,455 - mylogger - INFO - 选择选项
2018-09-24 00:36:50,865 - mylogger - INFO - 答案正确
2018-09-24 00:36:50,866 - mylogger - INFO - 更新答案
2018-09-24 00:36:52,242 - mylogger - INFO - 本题结束
2018-09-24 00:36:52,245 - mylogger - INFO - 获取题目
2018-09-24 00:36:54,068 - mylogger - INFO - 第 2 题
2018-09-24 00:36:54,414 - mylogger - INFO - 在动画片《葫芦兄弟》中，四娃的本领是什么？
2018-09-24 00:36:55,358 - mylogger - INFO - ['火攻、霹雳', '洪击、闪电', '慧眼千里，耳闻八方']
2018-09-24 00:36:55,365 - mylogger - INFO - 数据库中检索答案
2018-09-24 00:36:55,366 - mylogger - INFO - 数据中无答案
2018-09-24 00:36:56,113 - mylogger - INFO - 在线检索答案：
2018-09-24 00:36:56,114 - mylogger - INFO - 我的答案：火攻、霹雳
2018-09-24 00:36:56,661 - mylogger - INFO - 选择选项
2018-09-24 00:36:59,067 - mylogger - INFO - 答案正确
2018-09-24 00:36:59,070 - mylogger - INFO - 更新答案
2018-09-24 00:37:01,574 - mylogger - INFO - 本题结束
2018-09-24 00:37:01,583 - mylogger - INFO - 获取题目
2018-09-24 00:37:03,443 - mylogger - INFO - 第 3 题
2018-09-24 00:37:03,782 - mylogger - INFO - “CAI”指的是？
2018-09-24 00:37:04,746 - mylogger - INFO - ['办公自动化系统', '系统软件', '计算机辅助教学软件']
2018-09-24 00:37:04,749 - mylogger - INFO - 数据库中检索答案
2018-09-24 00:37:04,750 - mylogger - INFO - 数据中无答案
2018-09-24 00:37:05,860 - mylogger - INFO - 在线检索答案：系统软件
2018-09-24 00:37:05,861 - mylogger - INFO - 我的答案：系统软件
2018-09-24 00:37:06,414 - mylogger - INFO - 选择选项
2018-09-24 00:37:08,813 - mylogger - INFO - 答案错误
2018-09-24 00:37:09,066 - mylogger - INFO - 正确答案；计算机辅助教学软件
2018-09-24 00:37:09,067 - mylogger - INFO - 更新答案
2018-09-24 00:37:09,300 - mylogger - INFO - 本题结束
2018-09-24 00:37:09,302 - mylogger - INFO - 获取题目
2018-09-24 00:37:12,306 - mylogger - INFO - 第 4 题
2018-09-24 00:37:12,678 - mylogger - INFO - 在电影《逆光飞翔》中，女主角小洁梦想成为一名什么？
2018-09-24 00:37:13,704 - mylogger - INFO - ['舞者', '白雪公主', '小燕子']
2018-09-24 00:37:13,712 - mylogger - INFO - 数据库中检索答案
2018-09-24 00:37:13,714 - mylogger - INFO - 数据中无答案
2018-09-24 00:37:14,458 - mylogger - INFO - 在线检索答案：舞者
2018-09-24 00:37:14,462 - mylogger - INFO - 我的答案：舞者
2018-09-24 00:37:15,007 - mylogger - INFO - 选择选项
2018-09-24 00:37:17,386 - mylogger - INFO - 答案正确
2018-09-24 00:37:17,387 - mylogger - INFO - 更新答案
2018-09-24 00:37:18,725 - mylogger - INFO - 本题结束
2018-09-24 00:37:18,743 - mylogger - INFO - 获取题目
2018-09-24 00:37:20,556 - mylogger - INFO - 第 5 题
2018-09-24 00:37:20,839 - mylogger - INFO - 人类首次登上月球是在哪一年？
2018-09-24 00:37:21,647 - mylogger - INFO - ['1969 年', '1965 年', '1971 年']
2018-09-24 00:37:21,652 - mylogger - INFO - 数据库中检索答案
2018-09-24 00:37:21,653 - mylogger - INFO - 我的答案：1969 年
2018-09-24 00:37:22,211 - mylogger - INFO - 选择选项
2018-09-24 00:37:24,677 - mylogger - INFO - 答案正确
2018-09-24 00:37:24,678 - mylogger - INFO - 更新答案
2018-09-24 00:37:27,150 - mylogger - INFO - 本题结束
2018-09-24 00:37:27,328 - mylogger - INFO - 本场比赛结束
2018-09-24 00:37:27,588 - mylogger - INFO - 返回游戏页面
2018-09-24 00:37:29,149 - mylogger - INFO - 进入排位赛
2018-09-24 00:37:29,150 - mylogger - INFO - 正在匹配中......
2018-09-24 00:37:33,882 - mylogger - INFO - 匹配成功
2018-09-24 00:37:33,883 - mylogger - INFO - 获取题目
2018-09-24 00:37:36,959 - mylogger - INFO - 第 1 题
2018-09-24 00:37:37,241 - mylogger - INFO - 1238+586=？
2018-09-24 00:37:38,125 - mylogger - INFO - ['1624', '1824', '1634']
2018-09-24 00:37:38,134 - mylogger - INFO - 数据库中检索答案
2018-09-24 00:37:38,138 - mylogger - INFO - 数据中无答案
2018-09-24 00:37:39,173 - mylogger - INFO - 在线检索答案：
2018-09-24 00:37:39,173 - mylogger - INFO - 我的答案：1624
2018-09-24 00:37:39,702 - mylogger - INFO - 选择选项
2018-09-24 00:37:42,179 - mylogger - INFO - 答案错误
2018-09-24 00:37:42,296 - mylogger - INFO - 正确答案；1824
2018-09-24 00:37:42,298 - mylogger - INFO - 更新答案
2018-09-24 00:37:49,419 - mylogger - INFO - 本题结束
2018-09-24 00:37:49,421 - mylogger - INFO - 获取题目
2018-09-24 00:37:52,377 - mylogger - INFO - 第 2 题
2018-09-24 00:37:52,649 - mylogger - INFO - 宋代李之仪《卜算子》中“日日思君不见君”的下一句是什么？
2018-09-24 00:37:53,621 - mylogger - INFO - ['风雨送春归', '她在丛中笑', '共饮长江水']
2018-09-24 00:37:53,628 - mylogger - INFO - 数据库中检索答案
2018-09-24 00:37:53,629 - mylogger - INFO - 数据中无答案
2018-09-24 00:37:55,609 - mylogger - INFO - 在线检索答案：风雨送春归
2018-09-24 00:37:55,610 - mylogger - INFO - 我的答案：风雨送春归
2018-09-24 00:37:56,144 - mylogger - INFO - 选择选项
2018-09-24 00:37:58,567 - mylogger - INFO - 答案错误
2018-09-24 00:37:58,774 - mylogger - INFO - 正确答案；共饮长江水
2018-09-24 00:37:58,779 - mylogger - INFO - 更新答案
2018-09-24 00:38:04,677 - mylogger - INFO - 本题结束
2018-09-24 00:38:04,691 - mylogger - INFO - 获取题目
2018-09-24 00:38:06,459 - mylogger - INFO - 第 3 题
2018-09-24 00:38:06,719 - mylogger - INFO - 寒食节是谁设立的节日?
2018-09-24 00:38:07,643 - mylogger - INFO - ['晋文公', '秦怀公', '楚襄王']
2018-09-24 00:38:07,650 - mylogger - INFO - 数据库中检索答案
2018-09-24 00:38:07,651 - mylogger - INFO - 数据中无答案
2018-09-24 00:38:10,769 - mylogger - INFO - 在线检索答案：晋文公
2018-09-24 00:38:10,770 - mylogger - INFO - 我的答案：晋文公
2018-09-24 00:38:11,290 - mylogger - INFO - 选择选项
2018-09-24 00:38:13,698 - mylogger - INFO - 答案正确
2018-09-24 00:38:13,698 - mylogger - INFO - 更新答案
2018-09-24 00:38:14,991 - mylogger - INFO - 本题结束
2018-09-24 00:38:14,992 - mylogger - INFO - 获取题目
2018-09-24 00:38:17,909 - mylogger - INFO - 第 4 题
2018-09-24 00:38:18,181 - mylogger - INFO - 下列哪个演员没有参演电影《天下无贼》？
2018-09-24 00:38:18,976 - mylogger - INFO - ['范冰冰', '李冰冰', '刘若英']
2018-09-24 00:38:18,983 - mylogger - INFO - 数据库中检索答案
2018-09-24 00:38:18,984 - mylogger - INFO - 数据中无答案
2018-09-24 00:38:19,989 - mylogger - INFO - 在线检索答案：李冰冰
2018-09-24 00:38:19,991 - mylogger - INFO - 我的答案：李冰冰
2018-09-24 00:38:20,587 - mylogger - INFO - 选择选项
2018-09-24 00:38:22,991 - mylogger - INFO - 答案错误
2018-09-24 00:38:23,132 - mylogger - INFO - 正确答案；范冰冰
2018-09-24 00:38:23,133 - mylogger - INFO - 更新答案
2018-09-24 00:38:25,648 - mylogger - INFO - 本题结束
2018-09-24 00:38:25,651 - mylogger - INFO - 获取题目
2018-09-24 00:38:28,655 - mylogger - INFO - 第 5 题
2018-09-24 00:38:28,992 - mylogger - INFO - “秦缓”是哪位古代名医的本名？
2018-09-24 00:38:29,969 - mylogger - INFO - ['华佗', '扁鹊', '李时珍']
2018-09-24 00:38:30,001 - mylogger - INFO - 数据库中检索答案
2018-09-24 00:38:30,009 - mylogger - INFO - 数据中无答案
2018-09-24 00:38:31,516 - mylogger - INFO - 在线检索答案：扁鹊
2018-09-24 00:38:31,518 - mylogger - INFO - 我的答案：扁鹊
2018-09-24 00:38:32,068 - mylogger - INFO - 选择选项
2018-09-24 00:38:34,521 - mylogger - INFO - 答案正确
2018-09-24 00:38:34,526 - mylogger - INFO - 更新答案
2018-09-24 00:38:40,437 - mylogger - INFO - 本题结束
2018-09-24 00:38:40,639 - mylogger - INFO - 本场比赛结束
2018-09-24 00:38:40,907 - mylogger - INFO - 返回游戏页面
2018-09-24 00:38:42,455 - mylogger - INFO - 进入排位赛
2018-09-24 00:38:42,459 - mylogger - INFO - 正在匹配中......
2018-09-24 00:38:43,943 - mylogger - INFO - 匹配成功
2018-09-24 00:38:43,953 - mylogger - INFO - 获取题目
2018-09-24 00:38:47,150 - mylogger - INFO - 第 1 题
2018-09-24 00:38:47,427 - mylogger - INFO - 如果某人在攀登高山后，有头晕呕吐的症状，一般是由于什么原因引起的？
2018-09-24 00:38:48,363 - mylogger - INFO - ['食物不足', '氧气不足', '温度太低']
2018-09-24 00:38:48,378 - mylogger - INFO - 数据库中检索答案
2018-09-24 00:38:48,400 - mylogger - INFO - 数据中无答案
2018-09-24 00:38:49,836 - mylogger - INFO - 在线检索答案：氧气不足
2018-09-24 00:38:49,840 - mylogger - INFO - 我的答案：氧气不足
2018-09-24 00:38:50,361 - mylogger - INFO - 选择选项
2018-09-24 00:38:52,748 - mylogger - INFO - 答案正确
2018-09-24 00:38:52,753 - mylogger - INFO - 更新答案
2018-09-24 00:38:54,134 - mylogger - INFO - 本题结束
2018-09-24 00:38:54,160 - mylogger - INFO - 获取题目
2018-09-24 00:38:55,924 - mylogger - INFO - 第 2 题
2018-09-24 00:38:56,209 - mylogger - INFO - 下列哪位明星上过电视节目《天籁之战》？
2018-09-24 00:38:57,105 - mylogger - INFO - ['张彬彬', '李思思', '李健']
2018-09-24 00:38:57,132 - mylogger - INFO - 数据库中检索答案
2018-09-24 00:38:57,143 - mylogger - INFO - 数据中无答案
2018-09-24 00:38:59,912 - mylogger - INFO - 在线检索答案：
2018-09-24 00:38:59,916 - mylogger - INFO - 我的答案：张彬彬
2018-09-24 00:39:00,484 - mylogger - INFO - 选择选项
2018-09-24 00:39:02,843 - mylogger - INFO - 答案错误
2018-09-24 00:39:03,108 - mylogger - INFO - 正确答案；李健
2018-09-24 00:39:03,112 - mylogger - INFO - 更新答案
2018-09-24 00:39:03,325 - mylogger - INFO - 本题结束
2018-09-24 00:39:03,331 - mylogger - INFO - 获取题目
2018-09-24 00:39:06,273 - mylogger - INFO - 第 3 题
2018-09-24 00:39:06,565 - mylogger - INFO - 以下哪个节气在立冬之后？
2018-09-24 00:39:07,573 - mylogger - INFO - ['小雪', '小寒', '冬至']
2018-09-24 00:39:07,582 - mylogger - INFO - 数据库中检索答案
2018-09-24 00:39:07,595 - mylogger - INFO - 数据中无答案
2018-09-24 00:39:08,804 - mylogger - INFO - 在线检索答案：小雪
2018-09-24 00:39:08,807 - mylogger - INFO - 我的答案：小雪
2018-09-24 00:39:09,416 - mylogger - INFO - 选择选项
2018-09-24 00:39:11,829 - mylogger - INFO - 答案正确
2018-09-24 00:39:11,839 - mylogger - INFO - 更新答案
2018-09-24 00:39:14,355 - mylogger - INFO - 本题结束
2018-09-24 00:39:14,366 - mylogger - INFO - 获取题目
2018-09-24 00:39:16,076 - mylogger - INFO - 第 4 题
2018-09-24 00:39:16,354 - mylogger - INFO - 从1959年第二十五届开始，世界乒乓球锦标赛多少年举行一次？
2018-09-24 00:39:17,209 - mylogger - INFO - ['两年', '三年', '每年']
2018-09-24 00:39:17,221 - mylogger - INFO - 数据库中检索答案
2018-09-24 00:39:17,238 - mylogger - INFO - 数据中无答案
2018-09-24 00:39:18,509 - mylogger - INFO - 在线检索答案：两年
2018-09-24 00:39:18,513 - mylogger - INFO - 我的答案：两年
2018-09-24 00:39:19,092 - mylogger - INFO - 选择选项
2018-09-24 00:39:21,565 - mylogger - INFO - 答案正确
2018-09-24 00:39:21,569 - mylogger - INFO - 更新答案
2018-09-24 00:39:25,159 - mylogger - INFO - 本题结束
2018-09-24 00:39:25,175 - mylogger - INFO - 获取题目
2018-09-24 00:39:28,102 - mylogger - INFO - 第 5 题
2018-09-24 00:39:28,437 - mylogger - INFO - 歌词“做只猫做只狗不做情人，做只宠物至少可爱迷人”是出自哪位歌手的歌？
2018-09-24 00:39:29,325 - mylogger - INFO - ['古天乐', '古巨基', '陈奕迅']
2018-09-24 00:39:29,336 - mylogger - INFO - 数据库中检索答案
2018-09-24 00:39:29,347 - mylogger - INFO - 数据中无答案
2018-09-24 00:39:30,497 - mylogger - INFO - 在线检索答案：古天乐
2018-09-24 00:39:30,500 - mylogger - INFO - 我的答案：古天乐
2018-09-24 00:39:31,053 - mylogger - INFO - 选择选项
2018-09-24 00:39:33,420 - mylogger - INFO - 答案错误
2018-09-24 00:39:33,541 - mylogger - INFO - 正确答案；古巨基
2018-09-24 00:39:33,543 - mylogger - INFO - 更新答案
2018-09-24 00:39:37,295 - mylogger - INFO - 本题结束
2018-09-24 00:39:37,418 - mylogger - INFO - 本场比赛结束
2018-09-24 00:39:37,689 - mylogger - INFO - 返回游戏页面
2018-09-24 00:39:39,210 - mylogger - INFO - 进入排位赛
2018-09-24 00:39:39,211 - mylogger - INFO - 正在匹配中......
2018-09-24 00:39:53,001 - mylogger - INFO - 匹配成功
2018-09-24 00:39:53,002 - mylogger - INFO - 获取题目
2018-09-24 00:39:55,997 - mylogger - INFO - 第 1 题
2018-09-24 00:39:56,329 - mylogger - INFO - 全智贤在韩剧《来自星星的你》中扮演的女主角叫什么名字？
2018-09-24 00:39:57,245 - mylogger - INFO - ['宋秀晶', '千颂伊', '连正熙']
2018-09-24 00:39:57,252 - mylogger - INFO - 数据库中检索答案
2018-09-24 00:39:57,264 - mylogger - INFO - 数据中无答案
2018-09-24 00:39:57,996 - mylogger - INFO - 在线检索答案：千颂伊
2018-09-24 00:39:57,997 - mylogger - INFO - 我的答案：千颂伊
2018-09-24 00:39:58,487 - mylogger - INFO - 选择选项
2018-09-24 00:40:00,851 - mylogger - INFO - 答案正确
2018-09-24 00:40:00,853 - mylogger - INFO - 更新答案
2018-09-24 00:40:03,311 - mylogger - INFO - 本题结束
2018-09-24 00:40:03,314 - mylogger - INFO - 获取题目
2018-09-24 00:40:05,297 - mylogger - INFO - 第 2 题
2018-09-24 00:40:06,114 - mylogger - INFO - 通常以下哪一个属于香水中的花香香调？
2018-09-24 00:40:07,031 - mylogger - INFO - ['檀香', '茉莉', '香草']
2018-09-24 00:40:07,052 - mylogger - INFO - 数据库中检索答案
2018-09-24 00:40:07,069 - mylogger - INFO - 数据中无答案
2018-09-24 00:40:07,848 - mylogger - INFO - 在线检索答案：
2018-09-24 00:40:07,850 - mylogger - INFO - 我的答案：檀香
2018-09-24 00:40:08,409 - mylogger - INFO - 选择选项
2018-09-24 00:40:10,847 - mylogger - INFO - 答案错误
2018-09-24 00:40:10,979 - mylogger - INFO - 正确答案；茉莉
2018-09-24 00:40:10,980 - mylogger - INFO - 更新答案
2018-09-24 00:40:14,578 - mylogger - INFO - 本题结束
2018-09-24 00:40:14,580 - mylogger - INFO - 获取题目
2018-09-24 00:40:17,674 - mylogger - INFO - 第 3 题
2018-09-24 00:40:18,022 - mylogger - INFO - 以下选项中，哪一种是壮族的舞蹈？
2018-09-24 00:40:18,919 - mylogger - INFO - ['孔雀舞', '芦笙舞', '铜鼓舞']
2018-09-24 00:40:18,976 - mylogger - INFO - 数据库中检索答案
2018-09-24 00:40:18,989 - mylogger - INFO - 数据中无答案
2018-09-24 00:40:19,689 - mylogger - INFO - 在线检索答案：
2018-09-24 00:40:19,693 - mylogger - INFO - 我的答案：孔雀舞
2018-09-24 00:40:20,237 - mylogger - INFO - 选择选项
2018-09-24 00:40:22,604 - mylogger - INFO - 答案错误
2018-09-24 00:40:22,810 - mylogger - INFO - 正确答案；铜鼓舞
2018-09-24 00:40:22,812 - mylogger - INFO - 更新答案
2018-09-24 00:40:26,378 - mylogger - INFO - 本题结束
2018-09-24 00:40:26,385 - mylogger - INFO - 获取题目
2018-09-24 00:40:29,403 - mylogger - INFO - 第 4 题
2018-09-24 00:40:29,707 - mylogger - INFO - 以下哪个选项不属于睫毛膏的功效？
2018-09-24 00:40:30,680 - mylogger - INFO - ['使睫毛卷翘', '使睫毛生长', '使睫毛浓密']
2018-09-24 00:40:30,687 - mylogger - INFO - 数据库中检索答案
2018-09-24 00:40:30,703 - mylogger - INFO - 数据中无答案
2018-09-24 00:40:31,410 - mylogger - INFO - 在线检索答案：使睫毛卷翘
2018-09-24 00:40:31,411 - mylogger - INFO - 我的答案：使睫毛卷翘
2018-09-24 00:40:31,978 - mylogger - INFO - 选择选项
2018-09-24 00:40:34,402 - mylogger - INFO - 答案错误
2018-09-24 00:40:34,531 - mylogger - INFO - 正确答案；使睫毛生长
2018-09-24 00:40:34,533 - mylogger - INFO - 更新答案
2018-09-24 00:40:41,598 - mylogger - INFO - 本题结束
2018-09-24 00:40:41,602 - mylogger - INFO - 获取题目
2018-09-24 00:40:43,460 - mylogger - INFO - 第 5 题
2018-09-24 00:40:43,809 - mylogger - INFO - 黄包袱，包黑豆，尝一口，甜水流。(打一植物)
2018-09-24 00:40:44,693 - mylogger - INFO - ['梨', '菠菜', '佛手']
2018-09-24 00:40:44,705 - mylogger - INFO - 数据库中检索答案
2018-09-24 00:40:44,716 - mylogger - INFO - 数据中无答案
2018-09-24 00:40:46,516 - mylogger - INFO - 在线检索答案：梨
2018-09-24 00:40:46,520 - mylogger - INFO - 我的答案：梨
2018-09-24 00:40:47,046 - mylogger - INFO - 选择选项
2018-09-24 00:40:49,534 - mylogger - INFO - 答案正确
2018-09-24 00:40:49,538 - mylogger - INFO - 更新答案
2018-09-24 00:40:54,683 - mylogger - INFO - 本题结束
2018-09-24 00:40:54,820 - mylogger - INFO - 本场比赛结束
2018-09-24 00:40:55,076 - mylogger - INFO - 返回游戏页面
2018-09-24 00:40:56,561 - mylogger - INFO - 进入排位赛
2018-09-24 00:40:56,562 - mylogger - INFO - 正在匹配中......
2018-09-24 00:41:02,524 - mylogger - INFO - 匹配成功
2018-09-24 00:41:02,526 - mylogger - INFO - 获取题目
2018-09-24 00:41:05,356 - mylogger - INFO - 第 1 题
2018-09-24 00:41:05,677 - mylogger - INFO - 鱼翅是由鲨鱼的哪个部分制成的？
2018-09-24 00:41:06,612 - mylogger - INFO - ['鳍', '尾巴', '鱼子']
2018-09-24 00:41:06,614 - mylogger - INFO - 数据库中检索答案
2018-09-24 00:41:06,615 - mylogger - INFO - 数据中无答案
2018-09-24 00:41:07,322 - mylogger - INFO - 在线检索答案：鳍
2018-09-24 00:41:07,324 - mylogger - INFO - 我的答案：鳍
2018-09-24 00:41:07,824 - mylogger - INFO - 选择选项
2018-09-24 00:41:10,279 - mylogger - INFO - 答案正确
2018-09-24 00:41:10,281 - mylogger - INFO - 更新答案
2018-09-24 00:41:15,058 - mylogger - INFO - 本题结束
2018-09-24 00:41:15,069 - mylogger - INFO - 获取题目
2018-09-24 00:41:16,943 - mylogger - INFO - 第 2 题
2018-09-24 00:41:17,239 - mylogger - INFO - 第一次海湾战争中，美军的行动代号是什么？
2018-09-24 00:41:18,131 - mylogger - INFO - ['沙漠盾牌', '沙漠绿洲', '沙漠风暴']
2018-09-24 00:41:18,161 - mylogger - INFO - 数据库中检索答案
2018-09-24 00:41:18,177 - mylogger - INFO - 数据中无答案
2018-09-24 00:41:18,878 - mylogger - INFO - 在线检索答案：沙漠风暴
2018-09-24 00:41:18,880 - mylogger - INFO - 我的答案：沙漠风暴
2018-09-24 00:41:19,436 - mylogger - INFO - 选择选项
2018-09-24 00:41:21,970 - mylogger - INFO - 答案正确
2018-09-24 00:41:21,974 - mylogger - INFO - 更新答案
2018-09-24 00:41:25,582 - mylogger - INFO - 本题结束
2018-09-24 00:41:25,589 - mylogger - INFO - 获取题目
2018-09-24 00:41:27,446 - mylogger - INFO - 第 3 题
2018-09-24 00:41:27,755 - mylogger - INFO - 歌词“我听见你的声音，有种特别的感觉”是出自杨臣刚哪一首歌曲？
2018-09-24 00:41:28,636 - mylogger - INFO - ['《老鼠爱大米》', '《好兄弟》', '《宝贝去哪儿》']
2018-09-24 00:41:28,652 - mylogger - INFO - 数据库中检索答案
2018-09-24 00:41:28,666 - mylogger - INFO - 数据中无答案
2018-09-24 00:41:29,539 - mylogger - INFO - 在线检索答案：《老鼠爱大米》
2018-09-24 00:41:29,541 - mylogger - INFO - 我的答案：《老鼠爱大米》
2018-09-24 00:41:30,151 - mylogger - INFO - 选择选项
2018-09-24 00:41:32,560 - mylogger - INFO - 答案正确
2018-09-24 00:41:32,565 - mylogger - INFO - 更新答案
2018-09-24 00:41:33,919 - mylogger - INFO - 本题结束
2018-09-24 00:41:33,925 - mylogger - INFO - 获取题目
2018-09-24 00:41:37,000 - mylogger - INFO - 第 4 题
2018-09-24 00:41:37,275 - mylogger - INFO - 一年四季中，清香木常在什么时候开花？
2018-09-24 00:41:38,147 - mylogger - INFO - ['冬季', '春季', '秋季']
2018-09-24 00:41:38,156 - mylogger - INFO - 数据库中检索答案
2018-09-24 00:41:38,174 - mylogger - INFO - 数据中无答案
2018-09-24 00:41:38,874 - mylogger - INFO - 在线检索答案：
2018-09-24 00:41:38,877 - mylogger - INFO - 我的答案：冬季
2018-09-24 00:41:39,415 - mylogger - INFO - 选择选项
2018-09-24 00:41:41,905 - mylogger - INFO - 答案错误
2018-09-24 00:41:42,059 - mylogger - INFO - 正确答案；春季
2018-09-24 00:41:42,064 - mylogger - INFO - 更新答案
2018-09-24 00:41:44,575 - mylogger - INFO - 本题结束
2018-09-24 00:41:44,593 - mylogger - INFO - 获取题目
2018-09-24 00:41:47,503 - mylogger - INFO - 第 5 题
2018-09-24 00:41:47,848 - mylogger - INFO - 在电影《超人总动员》中，谁没有超能力？
2018-09-24 00:41:48,844 - mylogger - INFO - ['超劲先生', '巴小杰', '巴小倩']
2018-09-24 00:41:48,872 - mylogger - INFO - 数据库中检索答案
2018-09-24 00:41:48,889 - mylogger - INFO - 数据中无答案
2018-09-24 00:41:49,623 - mylogger - INFO - 在线检索答案：超劲先生
2018-09-24 00:41:49,626 - mylogger - INFO - 我的答案：超劲先生
2018-09-24 00:41:50,195 - mylogger - INFO - 选择选项
2018-09-24 00:41:52,590 - mylogger - INFO - 答案正确
2018-09-24 00:41:52,594 - mylogger - INFO - 更新答案
2018-09-24 00:41:57,454 - mylogger - INFO - 本题结束
2018-09-24 00:41:57,584 - mylogger - INFO - 本场比赛结束
2018-09-24 00:41:57,855 - mylogger - INFO - 返回游戏页面
2018-09-24 00:41:59,409 - mylogger - INFO - 进入排位赛
2018-09-24 00:41:59,413 - mylogger - INFO - 正在匹配中......
2018-09-24 00:42:01,063 - mylogger - INFO - 匹配成功
2018-09-24 00:42:01,068 - mylogger - INFO - 获取题目
2018-09-24 00:42:04,013 - mylogger - INFO - 第 1 题
2018-09-24 00:42:04,297 - mylogger - INFO - “三高”除了指高血脂，高血糖，还指什么？
2018-09-24 00:42:05,197 - mylogger - INFO - ['高纤维素', '高蛋白', '高血压']
2018-09-24 00:42:05,228 - mylogger - INFO - 数据库中检索答案
2018-09-24 00:42:05,242 - mylogger - INFO - 数据中无答案
2018-09-24 00:42:06,189 - mylogger - INFO - 在线检索答案：高血压
2018-09-24 00:42:06,193 - mylogger - INFO - 我的答案：高血压
2018-09-24 00:42:06,797 - mylogger - INFO - 选择选项
2018-09-24 00:42:09,228 - mylogger - INFO - 答案正确
2018-09-24 00:42:09,234 - mylogger - INFO - 更新答案
2018-09-24 00:42:10,630 - mylogger - INFO - 本题结束
2018-09-24 00:42:10,633 - mylogger - INFO - 获取题目
2018-09-24 00:42:13,672 - mylogger - INFO - 第 2 题
2018-09-24 00:42:13,977 - mylogger - INFO - 36米等于多少毫米？
2018-09-24 00:42:14,932 - mylogger - INFO - ['36000毫米', '360000毫米', '3600000毫米']
2018-09-24 00:42:14,942 - mylogger - INFO - 数据库中检索答案
2018-09-24 00:42:14,968 - mylogger - INFO - 我的答案：36000毫米
2018-09-24 00:42:15,425 - mylogger - INFO - 选择选项
2018-09-24 00:42:17,943 - mylogger - INFO - 答案正确
2018-09-24 00:42:17,948 - mylogger - INFO - 更新答案
2018-09-24 00:42:21,534 - mylogger - INFO - 本题结束
2018-09-24 00:42:21,539 - mylogger - INFO - 获取题目
2018-09-24 00:42:23,342 - mylogger - INFO - 第 3 题
2018-09-24 00:42:23,668 - mylogger - INFO - 同内戏剧界公认的中国戏剧表演的最高奖是：
2018-09-24 00:42:24,558 - mylogger - INFO - ['梅花奖', '百花奖', '金鹰奖']
2018-09-24 00:42:24,584 - mylogger - INFO - 数据库中检索答案
2018-09-24 00:42:24,598 - mylogger - INFO - 数据中无答案
2018-09-24 00:42:26,773 - mylogger - INFO - 在线检索答案：梅花奖
2018-09-24 00:42:26,776 - mylogger - INFO - 我的答案：梅花奖
2018-09-24 00:42:27,380 - mylogger - INFO - 选择选项
2018-09-24 00:42:29,764 - mylogger - INFO - 答案正确
2018-09-24 00:42:29,778 - mylogger - INFO - 更新答案
2018-09-24 00:42:32,259 - mylogger - INFO - 本题结束
2018-09-24 00:42:32,264 - mylogger - INFO - 获取题目
2018-09-24 00:42:34,013 - mylogger - INFO - 第 4 题
2018-09-24 00:42:34,345 - mylogger - INFO - 下列微生物中，哪一种与儿童的龋齿有关？
2018-09-24 00:42:35,221 - mylogger - INFO - ['霉菌', '乳酸菌', '醋酸杆菌']
2018-09-24 00:42:35,249 - mylogger - INFO - 数据库中检索答案
2018-09-24 00:42:35,265 - mylogger - INFO - 数据中无答案
2018-09-24 00:42:37,105 - mylogger - INFO - 在线检索答案：霉菌
2018-09-24 00:42:37,109 - mylogger - INFO - 我的答案：霉菌
2018-09-24 00:42:37,678 - mylogger - INFO - 选择选项
2018-09-24 00:42:40,096 - mylogger - INFO - 答案错误
2018-09-24 00:42:40,210 - mylogger - INFO - 正确答案；乳酸菌
2018-09-24 00:42:40,215 - mylogger - INFO - 更新答案
2018-09-24 00:42:43,843 - mylogger - INFO - 本题结束
2018-09-24 00:42:43,854 - mylogger - INFO - 获取题目
2018-09-24 00:42:46,778 - mylogger - INFO - 第 5 题
2018-09-24 00:42:47,058 - mylogger - INFO - 螺蛳粉是广西哪座城市的小吃？
2018-09-24 00:42:47,962 - mylogger - INFO - ['桂林', '北海', '柳州']
2018-09-24 00:42:47,974 - mylogger - INFO - 数据库中检索答案
2018-09-24 00:42:47,991 - mylogger - INFO - 我的答案：柳州
2018-09-24 00:42:48,522 - mylogger - INFO - 选择选项
2018-09-24 00:42:51,044 - mylogger - INFO - 答案正确
2018-09-24 00:42:51,059 - mylogger - INFO - 更新答案
2018-09-24 00:42:51,327 - mylogger - INFO - 本题结束
2018-09-24 00:42:51,470 - mylogger - INFO - 本场比赛结束
2018-09-24 00:42:51,728 - mylogger - INFO - 返回游戏页面
2018-09-24 00:42:53,243 - mylogger - INFO - 进入排位赛
2018-09-24 00:42:53,249 - mylogger - INFO - 正在匹配中......
2018-09-24 00:43:10,109 - mylogger - INFO - 匹配成功
2018-09-24 00:43:10,114 - mylogger - INFO - 获取题目
2018-09-24 00:43:13,006 - mylogger - INFO - 第 1 题
2018-09-24 00:43:13,285 - mylogger - INFO - 变色龙主要是用什么捕食的？
2018-09-24 00:43:14,146 - mylogger - INFO - ['长舌', '尾巴', '利爪']
2018-09-24 00:43:14,151 - mylogger - INFO - 数据库中检索答案
2018-09-24 00:43:14,163 - mylogger - INFO - 数据中无答案
2018-09-24 00:43:14,810 - mylogger - INFO - 在线检索答案：长舌
2018-09-24 00:43:14,811 - mylogger - INFO - 我的答案：长舌
2018-09-24 00:43:15,378 - mylogger - INFO - 选择选项
2018-09-24 00:43:17,848 - mylogger - INFO - 答案正确
2018-09-24 00:43:17,861 - mylogger - INFO - 更新答案
2018-09-24 00:43:21,474 - mylogger - INFO - 本题结束
2018-09-24 00:43:21,476 - mylogger - INFO - 获取题目
2018-09-24 00:43:24,524 - mylogger - INFO - 第 2 题
2018-09-24 00:43:24,789 - mylogger - INFO - 下列何人是苏门四学士之一？
2018-09-24 00:43:25,573 - mylogger - INFO - ['秦少游', '唐少白', '白居易']
2018-09-24 00:43:25,578 - mylogger - INFO - 数据库中检索答案
2018-09-24 00:43:25,592 - mylogger - INFO - 数据中无答案
2018-09-24 00:43:26,763 - mylogger - INFO - 在线检索答案：秦少游
2018-09-24 00:43:26,765 - mylogger - INFO - 我的答案：秦少游
2018-09-24 00:43:27,440 - mylogger - INFO - 选择选项
2018-09-24 00:43:29,813 - mylogger - INFO - 答案正确
2018-09-24 00:43:29,815 - mylogger - INFO - 更新答案
2018-09-24 00:43:35,732 - mylogger - INFO - 本题结束
2018-09-24 00:43:35,741 - mylogger - INFO - 获取题目
2018-09-24 00:43:37,554 - mylogger - INFO - 第 3 题
2018-09-24 00:43:37,878 - mylogger - INFO - 我国目前共有几个战区?
2018-09-24 00:43:38,798 - mylogger - INFO - ['8个', '5个', '6个']
2018-09-24 00:43:38,803 - mylogger - INFO - 数据库中检索答案
2018-09-24 00:43:38,813 - mylogger - INFO - 数据中无答案
2018-09-24 00:43:39,607 - mylogger - INFO - 在线检索答案：
2018-09-24 00:43:39,609 - mylogger - INFO - 我的答案：8个
2018-09-24 00:43:40,150 - mylogger - INFO - 选择选项
2018-09-24 00:43:42,540 - mylogger - INFO - 答案错误
2018-09-24 00:43:42,668 - mylogger - INFO - 正确答案；5个
2018-09-24 00:43:42,670 - mylogger - INFO - 更新答案
2018-09-24 00:43:44,021 - mylogger - INFO - 本题结束
2018-09-24 00:43:44,033 - mylogger - INFO - 获取题目
2018-09-24 00:43:46,992 - mylogger - INFO - 第 4 题
2018-09-24 00:43:47,283 - mylogger - INFO - 小明买了3打鸡蛋，碎了13个，还剩多少个？
2018-09-24 00:43:48,091 - mylogger - INFO - ['17个', '287个', '23个']
2018-09-24 00:43:48,096 - mylogger - INFO - 数据库中检索答案
2018-09-24 00:43:48,106 - mylogger - INFO - 数据中无答案
2018-09-24 00:43:48,806 - mylogger - INFO - 在线检索答案：
2018-09-24 00:43:48,808 - mylogger - INFO - 我的答案：17个
2018-09-24 00:43:49,352 - mylogger - INFO - 选择选项
2018-09-24 00:43:51,809 - mylogger - INFO - 答案错误
2018-09-24 00:43:52,045 - mylogger - INFO - 正确答案；23个
2018-09-24 00:43:52,047 - mylogger - INFO - 更新答案
2018-09-24 00:43:59,105 - mylogger - INFO - 本题结束
2018-09-24 00:43:59,110 - mylogger - INFO - 获取题目
2018-09-24 00:44:02,005 - mylogger - INFO - 第 5 题
2018-09-24 00:44:02,361 - mylogger - INFO - “此情可待成追忆，只是当时已惘然”出自李商隐那首诗？
2018-09-24 00:44:03,241 - mylogger - INFO - ['《锦瑟》', '《夜雨寄北》', '《无题》']
2018-09-24 00:44:03,266 - mylogger - INFO - 数据库中检索答案
2018-09-24 00:44:03,280 - mylogger - INFO - 数据中无答案
2018-09-24 00:44:04,193 - mylogger - INFO - 在线检索答案：《锦瑟》
2018-09-24 00:44:04,196 - mylogger - INFO - 我的答案：《锦瑟》
2018-09-24 00:44:04,795 - mylogger - INFO - 选择选项
2018-09-24 00:44:07,202 - mylogger - INFO - 答案正确
2018-09-24 00:44:07,207 - mylogger - INFO - 更新答案
2018-09-24 00:44:16,734 - mylogger - INFO - 本题结束
2018-09-24 00:44:16,882 - mylogger - INFO - 本场比赛结束
2018-09-24 00:44:17,142 - mylogger - INFO - 返回游戏页面
2018-09-24 00:44:18,691 - mylogger - INFO - 进入排位赛
2018-09-24 00:44:18,696 - mylogger - INFO - 正在匹配中......
2018-09-24 00:44:22,533 - mylogger - INFO - 匹配成功
2018-09-24 00:44:22,537 - mylogger - INFO - 获取题目
2018-09-24 00:44:25,482 - mylogger - INFO - 第 1 题
2018-09-24 00:44:25,835 - mylogger - INFO - 赵丽蓉小品《打工奇遇》中“群英荟萃”这道菜以什么为主食材
2018-09-24 00:44:26,678 - mylogger - INFO - ['茄子', '萝卜', '土豆']
2018-09-24 00:44:26,713 - mylogger - INFO - 数据库中检索答案
2018-09-24 00:44:26,730 - mylogger - INFO - 我的答案：萝卜
2018-09-24 00:44:27,257 - mylogger - INFO - 选择选项
2018-09-24 00:44:29,901 - mylogger - INFO - 答案正确
2018-09-24 00:44:29,911 - mylogger - INFO - 更新答案
2018-09-24 00:44:33,562 - mylogger - INFO - 本题结束
2018-09-24 00:44:33,565 - mylogger - INFO - 获取题目
2018-09-24 00:44:35,342 - mylogger - INFO - 第 2 题
2018-09-24 00:44:35,665 - mylogger - INFO - 1等星比6等星看起来
2018-09-24 00:44:36,565 - mylogger - INFO - ['亮度相同', '亮得多', '暗得多']
2018-09-24 00:44:36,571 - mylogger - INFO - 数据库中检索答案
2018-09-24 00:44:36,597 - mylogger - INFO - 数据中无答案
2018-09-24 00:44:37,817 - mylogger - INFO - 在线检索答案：亮度相同
2018-09-24 00:44:37,819 - mylogger - INFO - 我的答案：亮度相同
2018-09-24 00:44:38,381 - mylogger - INFO - 选择选项
2018-09-24 00:44:40,851 - mylogger - INFO - 答案错误
2018-09-24 00:44:40,985 - mylogger - INFO - 正确答案；亮得多
2018-09-24 00:44:40,987 - mylogger - INFO - 更新答案
2018-09-24 00:44:45,810 - mylogger - INFO - 本题结束
2018-09-24 00:44:45,822 - mylogger - INFO - 获取题目
2018-09-24 00:44:47,567 - mylogger - INFO - 第 3 题
2018-09-24 00:44:47,833 - mylogger - INFO - 歌手张碧晨是《中国好声音》的第几季冠军？
2018-09-24 00:44:48,726 - mylogger - INFO - ['第一季', '第三季', '第四季']
2018-09-24 00:44:48,733 - mylogger - INFO - 数据库中检索答案
2018-09-24 00:44:48,743 - mylogger - INFO - 数据中无答案
2018-09-24 00:44:49,519 - mylogger - INFO - 在线检索答案：第三季
2018-09-24 00:44:49,521 - mylogger - INFO - 我的答案：第三季
2018-09-24 00:44:50,054 - mylogger - INFO - 选择选项
2018-09-24 00:44:52,505 - mylogger - INFO - 答案正确
2018-09-24 00:44:52,506 - mylogger - INFO - 更新答案
2018-09-24 00:44:56,086 - mylogger - INFO - 本题结束
2018-09-24 00:44:56,097 - mylogger - INFO - 获取题目
2018-09-24 00:44:57,844 - mylogger - INFO - 第 4 题
2018-09-24 00:44:58,114 - mylogger - INFO - 花茶“碧潭飘雪”里的花是哪种花？
2018-09-24 00:44:58,956 - mylogger - INFO - ['茉莉花', '玫瑰花', '百合花']
2018-09-24 00:44:58,961 - mylogger - INFO - 数据库中检索答案
2018-09-24 00:44:58,975 - mylogger - INFO - 数据中无答案
2018-09-24 00:44:59,669 - mylogger - INFO - 在线检索答案：茉莉花
2018-09-24 00:44:59,671 - mylogger - INFO - 我的答案：茉莉花
2018-09-24 00:45:00,169 - mylogger - INFO - 选择选项
2018-09-24 00:45:02,548 - mylogger - INFO - 答案正确
2018-09-24 00:45:02,551 - mylogger - INFO - 更新答案
2018-09-24 00:45:07,230 - mylogger - INFO - 本题结束
2018-09-24 00:45:07,239 - mylogger - INFO - 获取题目
2018-09-24 00:45:10,186 - mylogger - INFO - 第 5 题
2018-09-24 00:45:10,508 - mylogger - INFO - 第6届世界杯足球赛最佳射手所在国是？
2018-09-24 00:45:11,416 - mylogger - INFO - ['法国', '美国', '德国']
2018-09-24 00:45:11,420 - mylogger - INFO - 数据库中检索答案
2018-09-24 00:45:11,436 - mylogger - INFO - 数据中无答案
2018-09-24 00:45:12,355 - mylogger - INFO - 在线检索答案：法国
2018-09-24 00:45:12,357 - mylogger - INFO - 我的答案：法国
2018-09-24 00:45:12,883 - mylogger - INFO - 选择选项
2018-09-24 00:45:15,259 - mylogger - INFO - 答案正确
2018-09-24 00:45:15,260 - mylogger - INFO - 更新答案
2018-09-24 00:45:17,695 - mylogger - INFO - 本题结束
2018-09-24 00:45:17,822 - mylogger - INFO - 本场比赛结束
2018-09-24 00:45:18,086 - mylogger - INFO - 返回游戏页面
2018-09-24 00:45:19,619 - mylogger - INFO - 进入排位赛
2018-09-24 00:45:19,622 - mylogger - INFO - 正在匹配中......
2018-09-24 00:45:21,158 - mylogger - INFO - 匹配成功
2018-09-24 00:45:21,160 - mylogger - INFO - 获取题目
2018-09-24 00:45:24,144 - mylogger - INFO - 第 1 题
2018-09-24 00:45:24,472 - mylogger - INFO - 足球史上进球最多的门将？
2018-09-24 00:45:25,411 - mylogger - INFO - ['奥乔亚', '坎波斯', '切尼']
2018-09-24 00:45:25,418 - mylogger - INFO - 数据库中检索答案
2018-09-24 00:45:25,446 - mylogger - INFO - 数据中无答案
2018-09-24 00:45:26,256 - mylogger - INFO - 在线检索答案：切尼
2018-09-24 00:45:26,258 - mylogger - INFO - 我的答案：切尼
2018-09-24 00:45:26,835 - mylogger - INFO - 选择选项
2018-09-24 00:45:29,202 - mylogger - INFO - 答案正确
2018-09-24 00:45:29,204 - mylogger - INFO - 更新答案
2018-09-24 00:45:31,577 - mylogger - INFO - 本题结束
2018-09-24 00:45:31,581 - mylogger - INFO - 获取题目
2018-09-24 00:45:34,456 - mylogger - INFO - 第 2 题
2018-09-24 00:45:34,751 - mylogger - INFO - 国鸟为公鸡的国家，是以下哪个？
2018-09-24 00:45:35,715 - mylogger - INFO - ['美国', '德国', '法国']
2018-09-24 00:45:35,721 - mylogger - INFO - 数据库中检索答案
2018-09-24 00:45:35,732 - mylogger - INFO - 数据中无答案
2018-09-24 00:45:36,644 - mylogger - INFO - 在线检索答案：法国
2018-09-24 00:45:36,647 - mylogger - INFO - 我的答案：法国
2018-09-24 00:45:37,159 - mylogger - INFO - 选择选项
2018-09-24 00:45:39,558 - mylogger - INFO - 答案正确
2018-09-24 00:45:39,561 - mylogger - INFO - 更新答案
2018-09-24 00:45:40,940 - mylogger - INFO - 本题结束
2018-09-24 00:45:40,952 - mylogger - INFO - 获取题目
2018-09-24 00:45:42,788 - mylogger - INFO - 第 3 题
2018-09-24 00:45:43,098 - mylogger - INFO - 一般情况下，居住在高原的居民的红细胞数比居住在平原的居民：
2018-09-24 00:45:43,920 - mylogger - INFO - ['多', '少', '一样']
2018-09-24 00:45:43,928 - mylogger - INFO - 数据库中检索答案
2018-09-24 00:45:43,943 - mylogger - INFO - 数据中无答案
2018-09-24 00:45:45,987 - mylogger - INFO - 在线检索答案：多
2018-09-24 00:45:45,991 - mylogger - INFO - 我的答案：多
2018-09-24 00:45:46,668 - mylogger - INFO - 选择选项
2018-09-24 00:45:49,138 - mylogger - INFO - 答案正确
2018-09-24 00:45:49,140 - mylogger - INFO - 更新答案
2018-09-24 00:45:52,879 - mylogger - INFO - 本题结束
2018-09-24 00:45:52,899 - mylogger - INFO - 获取题目
2018-09-24 00:45:55,800 - mylogger - INFO - 第 4 题
2018-09-24 00:45:56,118 - mylogger - INFO - “子规声断”中“子规”指的是什么鸟？
2018-09-24 00:45:57,041 - mylogger - INFO - ['杜鹃', '喜鹊', '乌鸦']
2018-09-24 00:45:57,045 - mylogger - INFO - 数据库中检索答案
2018-09-24 00:45:57,045 - mylogger - INFO - 数据中无答案
2018-09-24 00:45:57,330 - mylogger - INFO - 在线检索答案：杜鹃
2018-09-24 00:45:57,331 - mylogger - INFO - 我的答案：杜鹃
2018-09-24 00:45:57,959 - mylogger - INFO - 选择选项
2018-09-24 00:46:00,360 - mylogger - INFO - 答案正确
2018-09-24 00:46:00,361 - mylogger - INFO - 更新答案
2018-09-24 00:46:01,687 - mylogger - INFO - 本题结束
2018-09-24 00:46:01,688 - mylogger - INFO - 获取题目
2018-09-24 00:46:03,586 - mylogger - INFO - 第 5 题
2018-09-24 00:46:03,948 - mylogger - INFO - 下列哪个部位测量体温所得到的结果，是最接近人体温度的？
2018-09-24 00:46:04,862 - mylogger - INFO - ['直肠', '体表', '腋窝']
2018-09-24 00:46:04,869 - mylogger - INFO - 数据库中检索答案
2018-09-24 00:46:04,889 - mylogger - INFO - 数据中无答案
2018-09-24 00:46:06,559 - mylogger - INFO - 在线检索答案：直肠
2018-09-24 00:46:06,560 - mylogger - INFO - 我的答案：直肠
2018-09-24 00:46:07,117 - mylogger - INFO - 选择选项
2018-09-24 00:46:09,501 - mylogger - INFO - 答案正确
2018-09-24 00:46:09,501 - mylogger - INFO - 更新答案
2018-09-24 00:46:10,879 - mylogger - INFO - 本题结束
2018-09-24 00:46:10,981 - mylogger - INFO - 本场比赛结束
2018-09-24 00:46:11,229 - mylogger - INFO - 返回游戏页面
2018-09-24 00:46:12,716 - mylogger - INFO - 进入排位赛
2018-09-24 00:46:12,717 - mylogger - INFO - 正在匹配中......
2018-09-24 00:46:24,065 - mylogger - INFO - 匹配成功
2018-09-24 00:46:24,083 - mylogger - INFO - 获取题目
2018-09-24 00:46:27,294 - mylogger - INFO - 第 1 题
2018-09-24 00:46:27,613 - mylogger - INFO - 下列哪一部作品是以怪物为主角的电影？
2018-09-24 00:46:28,446 - mylogger - INFO - ['《怪物史莱克》', '《玩具总动员》', '《龙猫》']
2018-09-24 00:46:28,458 - mylogger - INFO - 数据库中检索答案
2018-09-24 00:46:28,459 - mylogger - INFO - 数据中无答案
2018-09-24 00:46:29,222 - mylogger - INFO - 在线检索答案：
2018-09-24 00:46:29,250 - mylogger - INFO - 我的答案：《怪物史莱克》
2018-09-24 00:46:29,768 - mylogger - INFO - 选择选项
2018-09-24 00:46:32,161 - mylogger - INFO - 答案正确
2018-09-24 00:46:32,162 - mylogger - INFO - 更新答案
2018-09-24 00:46:41,425 - mylogger - INFO - 本题结束
2018-09-24 00:46:41,432 - mylogger - INFO - 获取题目
2018-09-24 00:46:44,316 - mylogger - INFO - 第 2 题
2018-09-24 00:46:44,626 - mylogger - INFO - 下列艺人中，哪一位不是综艺节目《极限挑战》的固定成员？
2018-09-24 00:46:45,451 - mylogger - INFO - ['刘昊然', '张艺兴', '孙红雷']
2018-09-24 00:46:45,455 - mylogger - INFO - 数据库中检索答案
2018-09-24 00:46:45,456 - mylogger - INFO - 数据中无答案
2018-09-24 00:46:47,021 - mylogger - INFO - 在线检索答案：刘昊然
2018-09-24 00:46:47,041 - mylogger - INFO - 我的答案：刘昊然
2018-09-24 00:46:47,568 - mylogger - INFO - 选择选项
2018-09-24 00:46:49,964 - mylogger - INFO - 答案正确
2018-09-24 00:46:49,965 - mylogger - INFO - 更新答案
2018-09-24 00:46:51,309 - mylogger - INFO - 本题结束
2018-09-24 00:46:51,310 - mylogger - INFO - 获取题目
2018-09-24 00:46:53,129 - mylogger - INFO - 第 3 题
2018-09-24 00:46:53,419 - mylogger - INFO - 人体能定期释放“死亡激素”的器官是什么？
2018-09-24 00:46:54,375 - mylogger - INFO - ['海马区', '脑垂体', '额叶末梢']
2018-09-24 00:46:54,394 - mylogger - INFO - 数据库中检索答案
2018-09-24 00:46:54,394 - mylogger - INFO - 数据中无答案
2018-09-24 00:46:55,067 - mylogger - INFO - 在线检索答案：脑垂体
2018-09-24 00:46:55,068 - mylogger - INFO - 我的答案：脑垂体
2018-09-24 00:46:55,629 - mylogger - INFO - 选择选项
2018-09-24 00:46:58,105 - mylogger - INFO - 答案正确
2018-09-24 00:46:58,106 - mylogger - INFO - 更新答案
2018-09-24 00:47:00,551 - mylogger - INFO - 本题结束
2018-09-24 00:47:00,553 - mylogger - INFO - 获取题目
2018-09-24 00:47:02,397 - mylogger - INFO - 第 4 题
2018-09-24 00:47:02,668 - mylogger - INFO - 在韩剧《我的女孩》中担任女主角的韩国女演员叫什么名字？
2018-09-24 00:47:03,631 - mylogger - INFO - ['金泰熙', '宋慧乔', '李多海']
2018-09-24 00:47:03,634 - mylogger - INFO - 数据库中检索答案
2018-09-24 00:47:03,634 - mylogger - INFO - 我的答案：李多海
2018-09-24 00:47:04,174 - mylogger - INFO - 选择选项
2018-09-24 00:47:06,615 - mylogger - INFO - 答案正确
2018-09-24 00:47:06,617 - mylogger - INFO - 更新答案
2018-09-24 00:47:09,084 - mylogger - INFO - 本题结束
2018-09-24 00:47:09,086 - mylogger - INFO - 获取题目
2018-09-24 00:47:12,126 - mylogger - INFO - 第 5 题
2018-09-24 00:47:12,469 - mylogger - INFO - 20世纪末世界上最大的经济体是？
2018-09-24 00:47:13,364 - mylogger - INFO - ['德国', '美国', '欧盟']
2018-09-24 00:47:13,497 - mylogger - INFO - 数据库中检索答案
2018-09-24 00:47:13,499 - mylogger - INFO - 数据中无答案
2018-09-24 00:47:15,284 - mylogger - INFO - 在线检索答案：欧盟
2018-09-24 00:47:15,285 - mylogger - INFO - 我的答案：欧盟
2018-09-24 00:47:15,808 - mylogger - INFO - 选择选项
2018-09-24 00:48:20,279 - mylogger - INFO - 进入排位赛
2018-09-24 00:48:20,291 - mylogger - INFO - 正在匹配中......
2018-09-24 00:48:24,932 - mylogger - INFO - 匹配成功
2018-09-24 00:48:24,937 - mylogger - INFO - 获取题目
2018-09-24 00:48:27,998 - mylogger - INFO - 第 1 题
2018-09-24 00:48:28,383 - mylogger - INFO - “大四喜”“十三幺”都是哪种棋牌游戏的术语？
2018-09-24 00:48:29,396 - mylogger - INFO - ['扑克', '骨牌', '麻将']
2018-09-24 00:48:29,448 - mylogger - INFO - 数据库中检索答案
2018-09-24 00:48:29,451 - mylogger - INFO - 数据中无答案
2018-09-24 00:48:29,902 - mylogger - INFO - 在线检索答案：麻将
2018-09-24 00:48:29,903 - mylogger - INFO - 我的答案：麻将
2018-09-24 00:48:30,647 - mylogger - INFO - 选择选项
2018-09-24 00:48:33,131 - mylogger - INFO - 答案正确
2018-09-24 00:48:33,133 - mylogger - INFO - 更新答案
2018-09-24 00:48:34,454 - mylogger - INFO - 本题结束
2018-09-24 00:48:34,458 - mylogger - INFO - 获取题目
2018-09-24 00:48:36,313 - mylogger - INFO - 第 2 题
2018-09-24 00:48:36,670 - mylogger - INFO - 我们平时所吃的“棒子面”是哪种谷物磨制而成的？
2018-09-24 00:48:37,487 - mylogger - INFO - ['高粱', '玉米', '黄米']
2018-09-24 00:48:37,493 - mylogger - INFO - 数据库中检索答案
2018-09-24 00:48:37,496 - mylogger - INFO - 数据中无答案
2018-09-24 00:48:38,147 - mylogger - INFO - 在线检索答案：玉米
2018-09-24 00:48:38,153 - mylogger - INFO - 我的答案：玉米
2018-09-24 00:48:38,751 - mylogger - INFO - 选择选项
2018-09-24 00:48:41,121 - mylogger - INFO - 答案正确
2018-09-24 00:48:41,122 - mylogger - INFO - 更新答案
2018-09-24 00:48:42,498 - mylogger - INFO - 本题结束
2018-09-24 00:48:42,500 - mylogger - INFO - 获取题目
2018-09-24 00:48:44,301 - mylogger - INFO - 第 3 题
2018-09-24 00:48:44,639 - mylogger - INFO - 中国是世界上第几个掌握返回式卫星技术的国家？
2018-09-24 00:48:45,538 - mylogger - INFO - ['第1个', '第2个', '第3个']
2018-09-24 00:48:45,554 - mylogger - INFO - 数据库中检索答案
2018-09-24 00:48:45,558 - mylogger - INFO - 数据中无答案
2018-09-24 00:48:46,743 - mylogger - INFO - 在线检索答案：第3个
2018-09-24 00:48:46,745 - mylogger - INFO - 我的答案：第3个
2018-09-24 00:48:47,344 - mylogger - INFO - 选择选项
2018-09-24 00:48:49,752 - mylogger - INFO - 答案正确
2018-09-24 00:48:49,755 - mylogger - INFO - 更新答案
2018-09-24 00:48:51,149 - mylogger - INFO - 本题结束
2018-09-24 00:48:51,154 - mylogger - INFO - 获取题目
2018-09-24 00:48:53,004 - mylogger - INFO - 第 4 题
2018-09-24 00:48:53,291 - mylogger - INFO - 呼和浩特，蒙古语意为什么？
2018-09-24 00:48:54,121 - mylogger - INFO - ['青色的城', '幸福的城', '热情的城']
2018-09-24 00:48:54,127 - mylogger - INFO - 数据库中检索答案
2018-09-24 00:48:54,128 - mylogger - INFO - 数据中无答案
2018-09-24 00:48:54,879 - mylogger - INFO - 在线检索答案：青色的城
2018-09-24 00:48:54,879 - mylogger - INFO - 我的答案：青色的城
2018-09-24 00:48:55,421 - mylogger - INFO - 选择选项
2018-09-24 00:48:57,876 - mylogger - INFO - 答案正确
2018-09-24 00:48:57,878 - mylogger - INFO - 更新答案
2018-09-24 00:48:59,236 - mylogger - INFO - 本题结束
2018-09-24 00:48:59,241 - mylogger - INFO - 获取题目
2018-09-24 00:49:02,237 - mylogger - INFO - 第 5 题
2018-09-24 00:49:02,501 - mylogger - INFO - 有微笑天使之称的宠物犬是什么犬？
2018-09-24 00:49:03,370 - mylogger - INFO - ['拉布拉多', '阿拉斯加', '萨摩耶']
2018-09-24 00:49:03,385 - mylogger - INFO - 数据库中检索答案
2018-09-24 00:49:03,395 - mylogger - INFO - 我的答案：萨摩耶
2018-09-24 00:49:04,037 - mylogger - INFO - 选择选项
2018-09-24 00:49:06,410 - mylogger - INFO - 答案正确
2018-09-24 00:49:06,411 - mylogger - INFO - 更新答案
2018-09-24 00:49:07,854 - mylogger - INFO - 本题结束
2018-09-24 00:49:07,994 - mylogger - INFO - 本场比赛结束
2018-09-24 00:49:08,278 - mylogger - INFO - 返回游戏页面
2018-09-24 00:49:09,825 - mylogger - INFO - 进入排位赛
2018-09-24 00:49:09,827 - mylogger - INFO - 正在匹配中......
2018-09-24 00:49:45,007 - mylogger - INFO - 匹配成功
2018-09-24 00:49:45,020 - mylogger - INFO - 获取题目
2018-09-24 00:49:47,960 - mylogger - INFO - 第 1 题
2018-09-24 00:49:48,256 - mylogger - INFO - 商场里的2F是什么意思？
2018-09-24 00:49:49,312 - mylogger - INFO - ['第二间', '卫生间', '2楼']
2018-09-24 00:49:49,344 - mylogger - INFO - 数据库中检索答案
2018-09-24 00:49:49,345 - mylogger - INFO - 数据中无答案
2018-09-24 00:49:50,102 - mylogger - INFO - 在线检索答案：
2018-09-24 00:49:50,103 - mylogger - INFO - 我的答案：第二间
2018-09-24 00:49:50,651 - mylogger - INFO - 选择选项
2018-09-24 00:49:53,023 - mylogger - INFO - 答案错误
2018-09-24 00:49:53,260 - mylogger - INFO - 正确答案；2楼
2018-09-24 00:49:53,262 - mylogger - INFO - 更新答案
2018-09-24 00:49:54,648 - mylogger - INFO - 本题结束
2018-09-24 00:49:54,648 - mylogger - INFO - 获取题目
2018-09-24 00:49:56,424 - mylogger - INFO - 第 2 题
2018-09-24 00:49:56,776 - mylogger - INFO - 钱学森曾经参与创建的NASA研究中心是？
2018-09-24 00:49:57,730 - mylogger - INFO - ['兰利研究中心', '刘易斯研究中心', '喷气推进实验室']
2018-09-24 00:49:57,741 - mylogger - INFO - 数据库中检索答案
2018-09-24 00:49:57,743 - mylogger - INFO - 我的答案：喷气推进实验室
2018-09-24 00:49:58,289 - mylogger - INFO - 选择选项
2018-09-24 00:50:00,762 - mylogger - INFO - 答案正确
2018-09-24 00:50:00,764 - mylogger - INFO - 更新答案
2018-09-24 00:50:05,484 - mylogger - INFO - 本题结束
2018-09-24 00:50:05,488 - mylogger - INFO - 获取题目
2018-09-24 00:50:07,350 - mylogger - INFO - 第 3 题
2018-09-24 00:50:07,637 - mylogger - INFO - “凯越”是什么类型的车？
2018-09-24 00:50:08,858 - mylogger - INFO - ['小型SUV', '微面', '紧凑型车']
2018-09-24 00:50:08,874 - mylogger - INFO - 数据库中检索答案
2018-09-24 00:50:08,876 - mylogger - INFO - 数据中无答案
2018-09-24 00:50:09,606 - mylogger - INFO - 在线检索答案：
2018-09-24 00:50:09,608 - mylogger - INFO - 我的答案：小型SUV
2018-09-24 00:50:10,137 - mylogger - INFO - 选择选项
2018-09-24 00:50:12,540 - mylogger - INFO - 答案错误
2018-09-24 00:50:12,793 - mylogger - INFO - 正确答案；紧凑型车
2018-09-24 00:50:12,796 - mylogger - INFO - 更新答案
2018-09-24 00:50:16,471 - mylogger - INFO - 本题结束
2018-09-24 00:50:16,474 - mylogger - INFO - 获取题目
2018-09-24 00:50:19,365 - mylogger - INFO - 第 4 题
2018-09-24 00:50:19,691 - mylogger - INFO - 很多著名的棋手都有他的绰号，李昌镐的绰号是什么？
2018-09-24 00:50:20,660 - mylogger - INFO - ['石佛', '石神', '石仙']
2018-09-24 00:50:20,667 - mylogger - INFO - 数据库中检索答案
2018-09-24 00:50:20,670 - mylogger - INFO - 数据中无答案
2018-09-24 00:50:22,418 - mylogger - INFO - 在线检索答案：石佛
2018-09-24 00:50:22,421 - mylogger - INFO - 我的答案：石佛
2018-09-24 00:50:23,015 - mylogger - INFO - 选择选项
2018-09-24 00:50:25,388 - mylogger - INFO - 答案正确
2018-09-24 00:50:25,390 - mylogger - INFO - 更新答案
2018-09-24 00:50:26,702 - mylogger - INFO - 本题结束
2018-09-24 00:50:26,709 - mylogger - INFO - 获取题目
2018-09-24 00:50:29,646 - mylogger - INFO - 第 5 题
2018-09-24 00:50:29,950 - mylogger - INFO - 华尔兹起源于十七世纪哪个国家的乡间土风舞？
2018-09-24 00:50:30,802 - mylogger - INFO - ['德国', '意大利', '俄罗斯']
2018-09-24 00:50:30,825 - mylogger - INFO - 数据库中检索答案
2018-09-24 00:50:30,831 - mylogger - INFO - 数据中无答案
2018-09-24 00:50:31,733 - mylogger - INFO - 在线检索答案：德国
2018-09-24 00:50:31,735 - mylogger - INFO - 我的答案：德国
2018-09-24 00:50:32,296 - mylogger - INFO - 选择选项
2018-09-24 00:50:34,685 - mylogger - INFO - 答案正确
2018-09-24 00:50:34,686 - mylogger - INFO - 更新答案
2018-09-24 00:50:37,145 - mylogger - INFO - 本题结束
2018-09-24 00:50:37,266 - mylogger - INFO - 本场比赛结束
2018-09-24 00:50:37,525 - mylogger - INFO - 返回游戏页面
2018-09-24 00:50:39,023 - mylogger - INFO - 进入排位赛
2018-09-24 00:50:39,025 - mylogger - INFO - 正在匹配中......
2018-09-24 00:50:42,860 - mylogger - INFO - 匹配成功
2018-09-24 00:50:42,861 - mylogger - INFO - 获取题目
2018-09-24 00:50:45,802 - mylogger - INFO - 第 1 题
2018-09-24 00:50:46,087 - mylogger - INFO - 对于饮水的说法错误的是：
2018-09-24 00:50:46,974 - mylogger - INFO - ['饮水应少量多次', '饮水最好要喝白开水', '水要等到口渴了再喝']
2018-09-24 00:50:46,982 - mylogger - INFO - 数据库中检索答案
2018-09-24 00:50:46,985 - mylogger - INFO - 数据中无答案
2018-09-24 00:50:48,673 - mylogger - INFO - 在线检索答案：饮水应少量多次
2018-09-24 00:50:48,675 - mylogger - INFO - 我的答案：饮水应少量多次
2018-09-24 00:50:49,200 - mylogger - INFO - 选择选项
2018-09-24 00:50:51,600 - mylogger - INFO - 答案错误
2018-09-24 00:50:51,942 - mylogger - INFO - 正确答案；水要等到口渴了再喝
2018-09-24 00:50:51,944 - mylogger - INFO - 更新答案
2018-09-24 00:50:52,211 - mylogger - INFO - 本题结束
2018-09-24 00:50:52,212 - mylogger - INFO - 获取题目
2018-09-24 00:50:55,089 - mylogger - INFO - 第 2 题
2018-09-24 00:50:55,377 - mylogger - INFO - 以下哪个数学家被誉为“数学王子”？
2018-09-24 00:50:56,259 - mylogger - INFO - ['拉格朗日', '高斯', '牛顿']
2018-09-24 00:50:56,266 - mylogger - INFO - 数据库中检索答案
2018-09-24 00:50:56,268 - mylogger - INFO - 数据中无答案
2018-09-24 00:50:57,398 - mylogger - INFO - 在线检索答案：高斯
2018-09-24 00:50:57,398 - mylogger - INFO - 我的答案：高斯
2018-09-24 00:50:57,988 - mylogger - INFO - 选择选项
2018-09-24 00:51:00,399 - mylogger - INFO - 答案正确
2018-09-24 00:51:00,402 - mylogger - INFO - 更新答案
2018-09-24 00:51:01,771 - mylogger - INFO - 本题结束
2018-09-24 00:51:01,774 - mylogger - INFO - 获取题目
2018-09-24 00:51:03,584 - mylogger - INFO - 第 3 题
2018-09-24 00:51:03,871 - mylogger - INFO - 我国最早的中医学专著是什么？
2018-09-24 00:51:04,802 - mylogger - INFO - ['《黄帝内经》', '《本草纲目》', '《伤寒杂病论》']
2018-09-24 00:51:04,811 - mylogger - INFO - 数据库中检索答案
2018-09-24 00:51:04,812 - mylogger - INFO - 数据中无答案
2018-09-24 00:51:05,535 - mylogger - INFO - 在线检索答案：《黄帝内经》
2018-09-24 00:51:05,536 - mylogger - INFO - 我的答案：《黄帝内经》
2018-09-24 00:51:06,170 - mylogger - INFO - 选择选项
2018-09-24 00:51:08,532 - mylogger - INFO - 答案正确
2018-09-24 00:51:08,536 - mylogger - INFO - 更新答案
2018-09-24 00:51:09,916 - mylogger - INFO - 本题结束
2018-09-24 00:51:09,919 - mylogger - INFO - 获取题目
2018-09-24 00:51:11,808 - mylogger - INFO - 第 4 题
2018-09-24 00:51:12,115 - mylogger - INFO - 稀土元素共有多少个？
2018-09-24 00:51:12,979 - mylogger - INFO - ['5', '17', '8']
2018-09-24 00:51:12,992 - mylogger - INFO - 数据库中检索答案
2018-09-24 00:51:13,007 - mylogger - INFO - 数据中无答案
2018-09-24 00:51:13,786 - mylogger - INFO - 在线检索答案：17
2018-09-24 00:51:13,788 - mylogger - INFO - 我的答案：17
2018-09-24 00:51:14,503 - mylogger - INFO - 选择选项
2018-09-24 00:51:16,975 - mylogger - INFO - 答案正确
2018-09-24 00:51:16,978 - mylogger - INFO - 更新答案
2018-09-24 00:51:18,342 - mylogger - INFO - 本题结束
2018-09-24 00:51:18,374 - mylogger - INFO - 获取题目
2018-09-24 00:51:20,143 - mylogger - INFO - 第 5 题
2018-09-24 00:51:20,404 - mylogger - INFO - 数码相机中的ISO值指的是什么？
2018-09-24 00:51:21,277 - mylogger - INFO - ['焦距', '感光度', '光圈']
2018-09-24 00:51:21,295 - mylogger - INFO - 数据库中检索答案
2018-09-24 00:51:21,313 - mylogger - INFO - 数据中无答案
2018-09-24 00:51:22,823 - mylogger - INFO - 在线检索答案：感光度
2018-09-24 00:51:22,826 - mylogger - INFO - 我的答案：感光度
2018-09-24 00:51:23,374 - mylogger - INFO - 选择选项
2018-09-24 00:51:25,802 - mylogger - INFO - 答案正确
2018-09-24 00:51:25,804 - mylogger - INFO - 更新答案
2018-09-24 00:51:28,251 - mylogger - INFO - 本题结束
2018-09-24 00:51:28,405 - mylogger - INFO - 本场比赛结束
2018-09-24 00:51:28,686 - mylogger - INFO - 返回游戏页面
2018-09-24 00:51:30,201 - mylogger - INFO - 进入排位赛
2018-09-24 00:51:30,203 - mylogger - INFO - 正在匹配中......
2018-09-24 00:52:02,023 - mylogger - INFO - 匹配成功
2018-09-24 00:52:02,026 - mylogger - INFO - 获取题目
2018-09-24 00:52:05,023 - mylogger - INFO - 第 1 题
2018-09-24 00:52:05,334 - mylogger - INFO - 2017赛季，足协杯冠军是哪支球队？
2018-09-24 00:52:06,302 - mylogger - INFO - ['上海申花', '广州恒大', '上海上港']
2018-09-24 00:52:06,306 - mylogger - INFO - 数据库中检索答案
2018-09-24 00:52:06,308 - mylogger - INFO - 数据中无答案
2018-09-24 00:52:07,122 - mylogger - INFO - 在线检索答案：上海申花
2018-09-24 00:52:07,123 - mylogger - INFO - 我的答案：上海申花
2018-09-24 00:52:07,706 - mylogger - INFO - 选择选项
2018-09-24 00:52:10,083 - mylogger - INFO - 答案正确
2018-09-24 00:52:10,086 - mylogger - INFO - 更新答案
2018-09-24 00:52:11,485 - mylogger - INFO - 本题结束
2018-09-24 00:52:11,490 - mylogger - INFO - 获取题目
2018-09-24 00:52:13,368 - mylogger - INFO - 第 2 题
2018-09-24 00:52:13,656 - mylogger - INFO - 2018年2月1日，陈可辛导演使用了哪种手机拍摄短片《三分钟》？
2018-09-24 00:52:14,564 - mylogger - INFO - ['坚果pro', '小米6', 'iPhone X']
2018-09-24 00:52:14,578 - mylogger - INFO - 数据库中检索答案
2018-09-24 00:52:14,579 - mylogger - INFO - 数据中无答案
2018-09-24 00:52:15,467 - mylogger - INFO - 在线检索答案：iPhone X
2018-09-24 00:52:15,468 - mylogger - INFO - 我的答案：iPhone X
2018-09-24 00:52:16,010 - mylogger - INFO - 选择选项
2018-09-24 00:52:18,476 - mylogger - INFO - 答案正确
2018-09-24 00:52:18,478 - mylogger - INFO - 更新答案
2018-09-24 00:52:20,923 - mylogger - INFO - 本题结束
2018-09-24 00:52:20,927 - mylogger - INFO - 获取题目
2018-09-24 00:52:23,993 - mylogger - INFO - 第 3 题
2018-09-24 00:52:24,271 - mylogger - INFO - 足球运动中,清道夫是打什么位置的？
2018-09-24 00:52:25,332 - mylogger - INFO - ['后卫', '前锋', '中锋']
2018-09-24 00:52:25,343 - mylogger - INFO - 数据库中检索答案
2018-09-24 00:52:25,345 - mylogger - INFO - 数据中无答案
2018-09-24 00:52:26,104 - mylogger - INFO - 在线检索答案：后卫
2018-09-24 00:52:26,107 - mylogger - INFO - 我的答案：后卫
2018-09-24 00:52:26,660 - mylogger - INFO - 选择选项
2018-09-24 00:52:29,032 - mylogger - INFO - 答案正确
2018-09-24 00:52:29,034 - mylogger - INFO - 更新答案
2018-09-24 00:52:30,409 - mylogger - INFO - 本题结束
2018-09-24 00:52:30,427 - mylogger - INFO - 获取题目
2018-09-24 00:52:32,258 - mylogger - INFO - 第 4 题
2018-09-24 00:52:32,530 - mylogger - INFO - 猎户座中最亮的是哪一个星？
2018-09-24 00:52:33,394 - mylogger - INFO - ['β星', 'γ星', 'δ星']
2018-09-24 00:52:33,402 - mylogger - INFO - 数据库中检索答案
2018-09-24 00:52:33,404 - mylogger - INFO - 我的答案：β星
2018-09-24 00:52:33,994 - mylogger - INFO - 选择选项
2018-09-24 00:52:36,405 - mylogger - INFO - 答案正确
2018-09-24 00:52:36,408 - mylogger - INFO - 更新答案
2018-09-24 00:52:38,890 - mylogger - INFO - 本题结束
2018-09-24 00:52:38,892 - mylogger - INFO - 获取题目
2018-09-24 00:52:40,659 - mylogger - INFO - 第 5 题
2018-09-24 00:52:40,945 - mylogger - INFO - 代表维纳斯女神的行星是
2018-09-24 00:52:41,841 - mylogger - INFO - ['金星', '水星', '天王星']
2018-09-24 00:52:41,846 - mylogger - INFO - 数据库中检索答案
2018-09-24 00:52:41,848 - mylogger - INFO - 我的答案：金星
2018-09-24 00:52:42,424 - mylogger - INFO - 选择选项
2018-09-24 00:52:44,846 - mylogger - INFO - 答案正确
2018-09-24 00:52:44,848 - mylogger - INFO - 更新答案
2018-09-24 00:52:47,461 - mylogger - INFO - 本题结束
2018-09-24 00:52:47,581 - mylogger - INFO - 本场比赛结束
2018-09-24 00:52:47,863 - mylogger - INFO - 返回游戏页面
2018-09-24 00:52:49,403 - mylogger - INFO - 进入排位赛
2018-09-24 00:52:49,405 - mylogger - INFO - 正在匹配中......
2018-09-24 00:52:57,710 - mylogger - INFO - 匹配成功
2018-09-24 00:52:57,713 - mylogger - INFO - 获取题目
2018-09-24 00:53:00,711 - mylogger - INFO - 第 1 题
2018-09-24 00:53:01,016 - mylogger - INFO - “做人的差距咋就那么大呢？”是哪一个小品中的金句？
2018-09-24 00:53:02,047 - mylogger - INFO - ['《卖拐》', '《心病》', '《卖车》']
2018-09-24 00:53:02,056 - mylogger - INFO - 数据库中检索答案
2018-09-24 00:53:02,058 - mylogger - INFO - 数据中无答案
2018-09-24 00:53:03,781 - mylogger - INFO - 在线检索答案：
2018-09-24 00:53:03,782 - mylogger - INFO - 我的答案：《卖拐》
2018-09-24 00:53:04,319 - mylogger - INFO - 选择选项
2018-09-24 00:53:06,718 - mylogger - INFO - 答案正确
2018-09-24 00:53:06,719 - mylogger - INFO - 更新答案
2018-09-24 00:53:08,092 - mylogger - INFO - 本题结束
2018-09-24 00:53:08,105 - mylogger - INFO - 获取题目
2018-09-24 00:53:09,991 - mylogger - INFO - 第 2 题
2018-09-24 00:53:10,286 - mylogger - INFO - 下列演员中，哪位没有出演电影《空天猎》？
2018-09-24 00:53:11,154 - mylogger - INFO - ['范冰冰', '李佳航', '赵丽颖']
2018-09-24 00:53:11,157 - mylogger - INFO - 数据库中检索答案
2018-09-24 00:53:11,158 - mylogger - INFO - 数据中无答案
2018-09-24 00:53:12,339 - mylogger - INFO - 在线检索答案：范冰冰
2018-09-24 00:53:12,342 - mylogger - INFO - 我的答案：范冰冰
2018-09-24 00:53:12,935 - mylogger - INFO - 选择选项
2018-09-24 00:53:15,389 - mylogger - INFO - 答案错误
2018-09-24 00:53:15,626 - mylogger - INFO - 正确答案；赵丽颖
2018-09-24 00:53:15,627 - mylogger - INFO - 更新答案
2018-09-24 00:53:16,962 - mylogger - INFO - 本题结束
2018-09-24 00:53:16,965 - mylogger - INFO - 获取题目
2018-09-24 00:53:18,814 - mylogger - INFO - 第 3 题
2018-09-24 00:53:19,087 - mylogger - INFO - PH值为5时呈什么性？
2018-09-24 00:53:19,892 - mylogger - INFO - ['酸性', '碱性', '中性']
2018-09-24 00:53:19,895 - mylogger - INFO - 数据库中检索答案
2018-09-24 00:53:19,896 - mylogger - INFO - 数据中无答案
2018-09-24 00:53:20,655 - mylogger - INFO - 在线检索答案：酸性
2018-09-24 00:53:20,656 - mylogger - INFO - 我的答案：酸性
2018-09-24 00:53:21,263 - mylogger - INFO - 选择选项
2018-09-24 00:53:23,648 - mylogger - INFO - 答案正确
2018-09-24 00:53:23,649 - mylogger - INFO - 更新答案
2018-09-24 00:53:25,024 - mylogger - INFO - 本题结束
2018-09-24 00:53:25,026 - mylogger - INFO - 获取题目
2018-09-24 00:53:26,851 - mylogger - INFO - 第 4 题
2018-09-24 00:53:27,124 - mylogger - INFO - 颐和园的前身是什么?
2018-09-24 00:53:28,138 - mylogger - INFO - ['清漪园', '清和园', '怡和园']
2018-09-24 00:53:28,141 - mylogger - INFO - 数据库中检索答案
2018-09-24 00:53:28,167 - mylogger - INFO - 数据中无答案
2018-09-24 00:53:28,498 - mylogger - INFO - 在线检索答案：清漪园
2018-09-24 00:53:28,499 - mylogger - INFO - 我的答案：清漪园
2018-09-24 00:53:29,086 - mylogger - INFO - 选择选项
2018-09-24 00:53:31,506 - mylogger - INFO - 答案正确
2018-09-24 00:53:31,512 - mylogger - INFO - 更新答案
2018-09-24 00:53:32,809 - mylogger - INFO - 本题结束
2018-09-24 00:53:32,812 - mylogger - INFO - 获取题目
2018-09-24 00:53:34,623 - mylogger - INFO - 第 5 题
2018-09-24 00:53:34,895 - mylogger - INFO - 唐睿宗长子李宪被追谥为“让皇帝”，他的原名叫什么？
2018-09-24 00:53:35,879 - mylogger - INFO - ['李道宗', '李成器', '李承乾']
2018-09-24 00:53:35,883 - mylogger - INFO - 数据库中检索答案
2018-09-24 00:53:35,884 - mylogger - INFO - 数据中无答案
2018-09-24 00:53:39,088 - mylogger - INFO - 在线检索答案：李成器
2018-09-24 00:53:39,093 - mylogger - INFO - 我的答案：李成器
2018-09-24 00:53:39,653 - mylogger - INFO - 选择选项
2018-09-24 00:53:42,043 - mylogger - INFO - 答案正确
2018-09-24 00:53:42,044 - mylogger - INFO - 更新答案
2018-09-24 00:53:43,397 - mylogger - INFO - 本题结束
2018-09-24 00:53:43,535 - mylogger - INFO - 本场比赛结束
2018-09-24 00:53:43,844 - mylogger - INFO - 返回游戏页面
2018-09-24 00:53:45,452 - mylogger - INFO - 进入排位赛
2018-09-24 00:53:45,454 - mylogger - INFO - 正在匹配中......
2018-09-24 00:54:46,289 - mylogger - WARNING - 匹配失败
2018-09-24 00:54:46,567 - mylogger - INFO - 返回游戏页面
2018-09-24 00:54:48,143 - mylogger - INFO - 进入排位赛
2018-09-24 00:54:48,146 - mylogger - INFO - 正在匹配中......
2018-09-24 00:54:55,207 - mylogger - INFO - 匹配成功
2018-09-24 00:54:55,208 - mylogger - INFO - 获取题目
2018-09-24 00:54:58,187 - mylogger - INFO - 第 1 题
2018-09-24 00:54:58,492 - mylogger - INFO - 以下选项中，哪一个不是我国的三大石窟之一？
2018-09-24 00:54:59,408 - mylogger - INFO - ['莫高窟', '龙门石窟', '克孜尔石窟']
2018-09-24 00:54:59,416 - mylogger - INFO - 数据库中检索答案
2018-09-24 00:54:59,417 - mylogger - INFO - 数据中无答案
2018-09-24 00:55:00,158 - mylogger - INFO - 在线检索答案：克孜尔石窟
2018-09-24 00:55:00,161 - mylogger - INFO - 我的答案：克孜尔石窟
2018-09-24 00:55:00,677 - mylogger - INFO - 选择选项
2018-09-24 00:55:03,086 - mylogger - INFO - 答案正确
2018-09-24 00:55:03,091 - mylogger - INFO - 更新答案
2018-09-24 00:55:04,429 - mylogger - INFO - 本题结束
2018-09-24 00:55:04,433 - mylogger - INFO - 获取题目
2018-09-24 00:55:06,299 - mylogger - INFO - 第 2 题
2018-09-24 00:55:06,596 - mylogger - INFO - 酸雨的形成与人类哪项活动有密切关系？
2018-09-24 00:55:07,595 - mylogger - INFO - ['光化学烟雾', '砍伐森林', '排放二氧化硫']
2018-09-24 00:55:07,598 - mylogger - INFO - 数据库中检索答案
2018-09-24 00:55:07,599 - mylogger - INFO - 我的答案：排放二氧化硫
2018-09-24 00:55:08,128 - mylogger - INFO - 选择选项
2018-09-24 00:55:10,631 - mylogger - INFO - 答案正确
2018-09-24 00:55:10,637 - mylogger - INFO - 更新答案
2018-09-24 00:55:14,289 - mylogger - INFO - 本题结束
2018-09-24 00:55:14,306 - mylogger - INFO - 获取题目
2018-09-24 00:55:16,213 - mylogger - INFO - 第 3 题
2018-09-24 00:55:16,542 - mylogger - INFO - 除夕“踩岁”是指踩何物？
2018-09-24 00:55:17,578 - mylogger - INFO - ['常青藤', '梅花藤', '芝麻秸']
2018-09-24 00:55:17,588 - mylogger - INFO - 数据库中检索答案
2018-09-24 00:55:17,590 - mylogger - INFO - 数据中无答案
2018-09-24 00:55:18,315 - mylogger - INFO - 在线检索答案：芝麻秸
2018-09-24 00:55:18,317 - mylogger - INFO - 我的答案：芝麻秸
2018-09-24 00:55:18,937 - mylogger - INFO - 选择选项
2018-09-24 00:55:21,325 - mylogger - INFO - 答案正确
2018-09-24 00:55:21,326 - mylogger - INFO - 更新答案
2018-09-24 00:55:31,742 - mylogger - INFO - 本题结束
2018-09-24 00:55:31,776 - mylogger - INFO - 获取题目
2018-09-24 00:55:32,502 - mylogger - INFO - 第 C.  林清轩 题
2018-09-24 00:55:32,858 - mylogger - INFO - 1
2018-09-24 00:55:33,931 - mylogger - INFO - ['团旗下的文艺花草系品牌是？', '三生花', '林清轩']
2018-09-24 00:55:33,955 - mylogger - INFO - 数据库中检索答案
2018-09-24 00:55:33,957 - mylogger - INFO - 数据中无答案
2018-09-24 00:55:34,284 - mylogger - INFO - 在线检索答案：
2018-09-24 00:55:34,285 - mylogger - INFO - 我的答案：团旗下的文艺花草系品牌是？
2018-09-24 00:56:55,469 - mylogger - INFO - 进入排位赛
2018-09-24 00:56:55,471 - mylogger - INFO - 正在匹配中......
2018-09-24 00:57:20,585 - mylogger - INFO - 匹配成功
2018-09-24 00:57:20,586 - mylogger - INFO - 获取题目
2018-09-24 00:57:23,636 - mylogger - INFO - 第 1 题
2018-09-24 00:57:23,915 - mylogger - INFO - 中国的情人节是哪一天？
2018-09-24 00:57:24,705 - mylogger - INFO - ['八月十五', '七月初七', '正月十五']
2018-09-24 00:57:24,709 - mylogger - INFO - 数据库中检索答案
2018-09-24 00:57:24,713 - mylogger - INFO - 数据中无答案
2018-09-24 00:57:25,080 - mylogger - INFO - 在线检索答案：七月初七
2018-09-24 00:57:25,081 - mylogger - INFO - 我的答案：七月初七
2018-09-24 00:57:25,730 - mylogger - INFO - 选择选项
2018-09-24 00:57:28,095 - mylogger - INFO - 答案正确
2018-09-24 00:57:28,096 - mylogger - INFO - 更新答案
2018-09-24 00:57:30,683 - mylogger - INFO - 本题结束
2018-09-24 00:57:30,687 - mylogger - INFO - 获取题目
2018-09-24 00:57:32,481 - mylogger - INFO - 第 2 题
2018-09-24 00:57:32,762 - mylogger - INFO - 围棋棋盘上的九个小圆点被叫做
2018-09-24 00:57:33,691 - mylogger - INFO - ['圆', '星', '原']
2018-09-24 00:57:33,701 - mylogger - INFO - 数据库中检索答案
2018-09-24 00:57:33,704 - mylogger - INFO - 数据中无答案
2018-09-24 00:57:34,414 - mylogger - INFO - 在线检索答案：圆
2018-09-24 00:57:34,414 - mylogger - INFO - 我的答案：圆
2018-09-24 00:57:34,972 - mylogger - INFO - 选择选项
2018-09-24 00:57:37,426 - mylogger - INFO - 答案错误
2018-09-24 00:57:37,547 - mylogger - INFO - 正确答案；星
2018-09-24 00:57:37,549 - mylogger - INFO - 更新答案
2018-09-24 00:57:40,008 - mylogger - INFO - 本题结束
2018-09-24 00:57:40,012 - mylogger - INFO - 获取题目
2018-09-24 00:57:42,854 - mylogger - INFO - 第 3 题
2018-09-24 00:57:43,150 - mylogger - INFO - 世界上最早的太阳黑子记录是以下哪个？
2018-09-24 00:57:44,134 - mylogger - INFO - ['汉书', '史记', '资治通鉴']
2018-09-24 00:57:44,137 - mylogger - INFO - 数据库中检索答案
2018-09-24 00:57:44,137 - mylogger - INFO - 数据中无答案
2018-09-24 00:57:44,939 - mylogger - INFO - 在线检索答案：汉书
2018-09-24 00:57:44,941 - mylogger - INFO - 我的答案：汉书
2018-09-24 00:57:45,481 - mylogger - INFO - 选择选项
2018-09-24 00:57:47,841 - mylogger - INFO - 答案正确
2018-09-24 00:57:47,851 - mylogger - INFO - 更新答案
2018-09-24 00:57:50,319 - mylogger - INFO - 本题结束
2018-09-24 00:57:50,320 - mylogger - INFO - 获取题目
2018-09-24 00:57:52,175 - mylogger - INFO - 第 4 题
2018-09-24 00:57:52,470 - mylogger - INFO - 我国最高的古塔是哪一个？
2018-09-24 00:57:53,308 - mylogger - INFO - ['万佛塔', '应县木塔', '鼎顶塔']
2018-09-24 00:57:53,313 - mylogger - INFO - 数据库中检索答案
2018-09-24 00:57:53,314 - mylogger - INFO - 数据中无答案
2018-09-24 00:57:54,139 - mylogger - INFO - 在线检索答案：应县木塔
2018-09-24 00:57:54,141 - mylogger - INFO - 我的答案：应县木塔
2018-09-24 00:57:54,693 - mylogger - INFO - 选择选项
2018-09-24 00:57:57,060 - mylogger - INFO - 答案正确
2018-09-24 00:57:57,061 - mylogger - INFO - 更新答案
2018-09-24 00:58:01,830 - mylogger - INFO - 本题结束
2018-09-24 00:58:01,838 - mylogger - INFO - 获取题目
2018-09-24 00:58:03,756 - mylogger - INFO - 第 5 题
2018-09-24 00:58:04,114 - mylogger - INFO - 明朝末年，多尔衮利用吴三桂引兵入关，用的是？
2018-09-24 00:58:05,126 - mylogger - INFO - ['趁火打劫', '调虎离山', '抛砖引玉']
2018-09-24 00:58:05,132 - mylogger - INFO - 数据库中检索答案
2018-09-24 00:58:05,153 - mylogger - INFO - 数据中无答案
2018-09-24 00:58:06,819 - mylogger - INFO - 在线检索答案：趁火打劫
2018-09-24 00:58:06,820 - mylogger - INFO - 我的答案：趁火打劫
2018-09-24 00:58:07,351 - mylogger - INFO - 选择选项
2018-09-24 00:58:09,743 - mylogger - INFO - 答案正确
2018-09-24 00:58:09,746 - mylogger - INFO - 更新答案
2018-09-24 00:58:11,099 - mylogger - INFO - 本题结束
2018-09-24 00:58:11,237 - mylogger - INFO - 本场比赛结束
2018-09-24 00:58:11,487 - mylogger - INFO - 返回游戏页面
2018-09-24 00:58:12,994 - mylogger - INFO - 进入排位赛
2018-09-24 00:58:12,995 - mylogger - INFO - 正在匹配中......
2018-09-24 00:58:46,087 - mylogger - INFO - 匹配成功
2018-09-24 00:58:46,087 - mylogger - INFO - 获取题目
2018-09-24 00:58:49,212 - mylogger - INFO - 第 1 题
2018-09-24 00:58:49,493 - mylogger - INFO - 为加强食品安全法制化管理，我国制定了什么规范法？
2018-09-24 00:58:50,352 - mylogger - INFO - ['食品卫生法', '食品安全法', '食品质量法']
2018-09-24 00:58:50,368 - mylogger - INFO - 数据库中检索答案
2018-09-24 00:58:50,383 - mylogger - INFO - 数据中无答案
2018-09-24 00:58:51,227 - mylogger - INFO - 在线检索答案：食品安全法
2018-09-24 00:58:51,227 - mylogger - INFO - 我的答案：食品安全法
2018-09-24 00:58:51,805 - mylogger - INFO - 选择选项
2018-09-24 00:58:54,195 - mylogger - INFO - 答案正确
2018-09-24 00:58:54,195 - mylogger - INFO - 更新答案
2018-09-24 00:58:55,648 - mylogger - INFO - 本题结束
2018-09-24 00:58:55,648 - mylogger - INFO - 获取题目
2018-09-24 00:58:58,569 - mylogger - INFO - 第 2 题
2018-09-24 00:58:58,881 - mylogger - INFO - 哪个国家被称为“万塔之国”？
2018-09-24 00:58:59,803 - mylogger - INFO - ['日本', '缅甸', '泰国']
2018-09-24 00:58:59,819 - mylogger - INFO - 数据库中检索答案
2018-09-24 00:58:59,834 - mylogger - INFO - 数据中无答案
2018-09-24 00:59:00,600 - mylogger - INFO - 在线检索答案：缅甸
2018-09-24 00:59:00,600 - mylogger - INFO - 我的答案：缅甸
2018-09-24 00:59:01,210 - mylogger - INFO - 选择选项
2018-09-24 00:59:03,615 - mylogger - INFO - 答案正确
2018-09-24 00:59:03,615 - mylogger - INFO - 更新答案
2018-09-24 00:59:05,036 - mylogger - INFO - 本题结束
2018-09-24 00:59:05,036 - mylogger - INFO - 获取题目
2018-09-24 00:59:06,880 - mylogger - INFO - 第 3 题
2018-09-24 00:59:07,224 - mylogger - INFO - 在电视机遥控器上，「volume」是表示调节什么的按钮？
2018-09-24 00:59:08,146 - mylogger - INFO - ['声道', '音量', '频道']
2018-09-24 00:59:08,176 - mylogger - INFO - 数据库中检索答案
2018-09-24 00:59:08,176 - mylogger - INFO - 数据中无答案
2018-09-24 00:59:09,098 - mylogger - INFO - 在线检索答案：音量
2018-09-24 00:59:09,098 - mylogger - INFO - 我的答案：音量
2018-09-24 00:59:09,661 - mylogger - INFO - 选择选项
2018-09-24 00:59:12,035 - mylogger - INFO - 答案正确
2018-09-24 00:59:12,050 - mylogger - INFO - 更新答案
2018-09-24 00:59:13,347 - mylogger - INFO - 本题结束
2018-09-24 00:59:13,347 - mylogger - INFO - 获取题目
2018-09-24 00:59:16,330 - mylogger - INFO - 第 4 题
2018-09-24 00:59:16,597 - mylogger - INFO - 以下哪一种是世界上爬行速度最快的蛇，也是全世界最致命的蛇？
2018-09-24 00:59:17,581 - mylogger - INFO - ['竹叶青', '响尾蛇', '黑曼巴']
2018-09-24 00:59:17,611 - mylogger - INFO - 数据库中检索答案
2018-09-24 00:59:17,611 - mylogger - INFO - 我的答案：黑曼巴
2018-09-24 00:59:18,128 - mylogger - INFO - 选择选项
2018-09-24 00:59:20,548 - mylogger - INFO - 答案正确
2018-09-24 00:59:20,548 - mylogger - INFO - 更新答案
2018-09-24 00:59:21,924 - mylogger - INFO - 本题结束
2018-09-24 00:59:21,924 - mylogger - INFO - 获取题目
2018-09-24 00:59:23,719 - mylogger - INFO - 第 5 题
2018-09-24 00:59:24,016 - mylogger - INFO - 猜灯谜是元宵节的一项重要习俗，猜灯谜源于
2018-09-24 00:59:24,860 - mylogger - INFO - ['周朝', '秦朝', '汉朝']
2018-09-24 00:59:24,860 - mylogger - INFO - 数据库中检索答案
2018-09-24 00:59:24,875 - mylogger - INFO - 数据中无答案
2018-09-24 00:59:25,734 - mylogger - INFO - 在线检索答案：汉朝
2018-09-24 00:59:25,734 - mylogger - INFO - 我的答案：汉朝
2018-09-24 00:59:26,297 - mylogger - INFO - 选择选项
2018-09-24 00:59:28,703 - mylogger - INFO - 答案错误
2018-09-24 00:59:28,890 - mylogger - INFO - 正确答案；秦朝
2018-09-24 00:59:28,906 - mylogger - INFO - 更新答案
2018-09-24 00:59:30,234 - mylogger - INFO - 本题结束
2018-09-24 00:59:30,374 - mylogger - INFO - 本场比赛结束
2018-09-24 00:59:30,656 - mylogger - INFO - 返回游戏页面
2018-09-24 00:59:32,218 - mylogger - INFO - 进入排位赛
2018-09-24 00:59:32,218 - mylogger - INFO - 正在匹配中......
2018-09-24 00:59:53,619 - mylogger - INFO - 匹配成功
2018-09-24 00:59:53,634 - mylogger - INFO - 获取题目
2018-09-24 00:59:56,728 - mylogger - INFO - 第 1 题
2018-09-24 00:59:57,040 - mylogger - INFO - 人们减肥时减掉的“肥肉”，主要是指什么？
2018-09-24 00:59:58,008 - mylogger - INFO - ['人体氨基酸', '人体脂肪', '人体胆汁']
2018-09-24 00:59:58,039 - mylogger - INFO - 数据库中检索答案
2018-09-24 00:59:58,055 - mylogger - INFO - 数据中无答案
2018-09-24 00:59:59,461 - mylogger - INFO - 在线检索答案：
2018-09-24 00:59:59,461 - mylogger - INFO - 我的答案：人体氨基酸
2018-09-24 01:00:00,023 - mylogger - INFO - 选择选项
2018-09-24 01:00:02,445 - mylogger - INFO - 答案错误
2018-09-24 01:00:02,648 - mylogger - INFO - 正确答案；人体脂肪
2018-09-24 01:00:02,648 - mylogger - INFO - 更新答案
2018-09-24 01:00:02,914 - mylogger - INFO - 本题结束
2018-09-24 01:00:02,929 - mylogger - INFO - 获取题目
2018-09-24 01:00:05,819 - mylogger - INFO - 第 2 题
2018-09-24 01:00:06,100 - mylogger - INFO - “晴川历历汉阳树，芳草萋萋鹦鹉洲”描写的是哪座名楼？
2018-09-24 01:00:07,100 - mylogger - INFO - ['北固楼', '黄鹤楼', '岳阳楼']
2018-09-24 01:00:07,115 - mylogger - INFO - 数据库中检索答案
2018-09-24 01:00:07,131 - mylogger - INFO - 数据中无答案
2018-09-24 01:00:07,834 - mylogger - INFO - 在线检索答案：黄鹤楼
2018-09-24 01:00:07,834 - mylogger - INFO - 我的答案：黄鹤楼
2018-09-24 01:00:08,475 - mylogger - INFO - 选择选项
2018-09-24 01:00:10,943 - mylogger - INFO - 答案正确
2018-09-24 01:00:10,943 - mylogger - INFO - 更新答案
2018-09-24 01:00:12,365 - mylogger - INFO - 本题结束
2018-09-24 01:00:12,380 - mylogger - INFO - 获取题目
2018-09-24 01:00:14,177 - mylogger - INFO - 第 3 题
2018-09-24 01:00:14,442 - mylogger - INFO - 以下哪种鸟没有飞羽，不能飞翔？
2018-09-24 01:00:15,364 - mylogger - INFO - ['鸵鸟', '蛎鹬', '猫头鹰']
2018-09-24 01:00:15,395 - mylogger - INFO - 数据库中检索答案
2018-09-24 01:00:15,426 - mylogger - INFO - 数据中无答案
2018-09-24 01:00:16,238 - mylogger - INFO - 在线检索答案：蛎鹬
2018-09-24 01:00:16,238 - mylogger - INFO - 我的答案：蛎鹬
2018-09-24 01:00:16,770 - mylogger - INFO - 选择选项
2018-09-24 01:00:19,223 - mylogger - INFO - 答案错误
2018-09-24 01:00:19,379 - mylogger - INFO - 正确答案；鸵鸟
2018-09-24 01:00:19,379 - mylogger - INFO - 更新答案
2018-09-24 01:00:22,987 - mylogger - INFO - 本题结束
2018-09-24 01:00:23,002 - mylogger - INFO - 获取题目
2018-09-24 01:00:24,768 - mylogger - INFO - 第 4 题
2018-09-24 01:00:25,065 - mylogger - INFO - 李清照的诗句“兴尽晚回舟”的下一句是？
2018-09-24 01:00:25,955 - mylogger - INFO - ['误入藕花深处', '恨满楚江南路', '惊起一滩鸥鹭']
2018-09-24 01:00:25,986 - mylogger - INFO - 数据库中检索答案
2018-09-24 01:00:26,001 - mylogger - INFO - 数据中无答案
2018-09-24 01:00:26,845 - mylogger - INFO - 在线检索答案：误入藕花深处
2018-09-24 01:00:26,845 - mylogger - INFO - 我的答案：误入藕花深处
2018-09-24 01:00:27,408 - mylogger - INFO - 选择选项
2018-09-24 01:00:29,814 - mylogger - INFO - 答案正确
2018-09-24 01:00:29,814 - mylogger - INFO - 更新答案
2018-09-24 01:00:34,594 - mylogger - INFO - 本题结束
2018-09-24 01:00:34,609 - mylogger - INFO - 获取题目
2018-09-24 01:00:37,608 - mylogger - INFO - 第 5 题
2018-09-24 01:00:37,905 - mylogger - INFO - “生活就像一盒巧克力”是下列哪一部电影的台词？
2018-09-24 01:00:38,827 - mylogger - INFO - ['《国王的演讲》', '《查理和巧克力工厂》', '《阿甘正传》']
2018-09-24 01:00:38,842 - mylogger - INFO - 数据库中检索答案
2018-09-24 01:00:38,858 - mylogger - INFO - 我的答案：《阿甘正传》
2018-09-24 01:00:39,390 - mylogger - INFO - 选择选项
2018-09-24 01:00:41,795 - mylogger - INFO - 答案正确
2018-09-24 01:00:41,795 - mylogger - INFO - 更新答案
2018-09-24 01:00:44,295 - mylogger - INFO - 本题结束
2018-09-24 01:00:44,435 - mylogger - INFO - 本场比赛结束
2018-09-24 01:00:44,685 - mylogger - INFO - 返回游戏页面
2018-09-24 01:00:46,216 - mylogger - INFO - 进入排位赛
2018-09-24 01:00:46,216 - mylogger - INFO - 正在匹配中......
2018-09-24 01:01:46,842 - mylogger - WARNING - 匹配失败
2018-09-24 01:01:47,108 - mylogger - INFO - 返回游戏页面
2018-09-24 01:01:48,670 - mylogger - INFO - 进入排位赛
2018-09-24 01:01:48,670 - mylogger - INFO - 正在匹配中......
2018-09-24 01:02:04,604 - mylogger - INFO - 匹配成功
2018-09-24 01:02:04,604 - mylogger - INFO - 获取题目
2018-09-24 01:02:07,791 - mylogger - INFO - 第 1 题
2018-09-24 01:02:08,072 - mylogger - INFO - iPad是哪家公司的产品？
2018-09-24 01:02:09,008 - mylogger - INFO - ['苹果', '谷歌', '微软']
2018-09-24 01:02:09,008 - mylogger - INFO - 数据库中检索答案
2018-09-24 01:02:09,024 - mylogger - INFO - 数据中无答案
2018-09-24 01:02:09,758 - mylogger - INFO - 在线检索答案：苹果
2018-09-24 01:02:09,774 - mylogger - INFO - 我的答案：苹果
2018-09-24 01:02:10,336 - mylogger - INFO - 选择选项
2018-09-24 01:02:12,742 - mylogger - INFO - 答案正确
2018-09-24 01:02:12,742 - mylogger - INFO - 更新答案
2018-09-24 01:02:14,179 - mylogger - INFO - 本题结束
2018-09-24 01:02:14,179 - mylogger - INFO - 获取题目
2018-09-24 01:02:16,015 - mylogger - INFO - 第 2 题
2018-09-24 01:02:16,296 - mylogger - INFO - 一场NBA比赛，共分为几节进行？
2018-09-24 01:02:17,217 - mylogger - INFO - ['上下半场', '3节', '4节']
2018-09-24 01:02:17,217 - mylogger - INFO - 数据库中检索答案
2018-09-24 01:02:17,233 - mylogger - INFO - 数据中无答案
2018-09-24 01:02:18,076 - mylogger - INFO - 在线检索答案：4节
2018-09-24 01:02:18,076 - mylogger - INFO - 我的答案：4节
2018-09-24 01:02:18,654 - mylogger - INFO - 选择选项
2018-09-24 01:02:21,013 - mylogger - INFO - 答案正确
2018-09-24 01:02:21,013 - mylogger - INFO - 更新答案
2018-09-24 01:02:22,497 - mylogger - INFO - 本题结束
2018-09-24 01:02:22,513 - mylogger - INFO - 获取题目
2018-09-24 01:02:24,403 - mylogger - INFO - 第 3 题
2018-09-24 01:02:24,668 - mylogger - INFO - 机器猫哆啦A梦因为头部没有哪个器官而经常被人嘲笑？
2018-09-24 01:02:25,637 - mylogger - INFO - ['手指', '脚趾', '耳朵']
2018-09-24 01:02:25,652 - mylogger - INFO - 数据库中检索答案
2018-09-24 01:02:25,668 - mylogger - INFO - 数据中无答案
2018-09-24 01:02:27,496 - mylogger - INFO - 在线检索答案：耳朵
2018-09-24 01:02:27,496 - mylogger - INFO - 我的答案：耳朵
2018-09-24 01:02:28,058 - mylogger - INFO - 选择选项
2018-09-24 01:02:30,417 - mylogger - INFO - 答案正确
2018-09-24 01:02:30,433 - mylogger - INFO - 更新答案
2018-09-24 01:02:31,823 - mylogger - INFO - 本题结束
2018-09-24 01:02:31,823 - mylogger - INFO - 获取题目
2018-09-24 01:02:33,619 - mylogger - INFO - 第 4 题
2018-09-24 01:02:33,916 - mylogger - INFO - 中国开通的首条跨省地铁连接了上海和哪个省？
2018-09-24 01:02:34,822 - mylogger - INFO - ['安徽', '浙江', '江苏']
2018-09-24 01:02:34,822 - mylogger - INFO - 数据库中检索答案
2018-09-24 01:02:34,853 - mylogger - INFO - 数据中无答案
2018-09-24 01:02:35,744 - mylogger - INFO - 在线检索答案：江苏
2018-09-24 01:02:35,744 - mylogger - INFO - 我的答案：江苏
2018-09-24 01:02:36,275 - mylogger - INFO - 选择选项
2018-09-24 01:02:38,884 - mylogger - INFO - 答案正确
2018-09-24 01:02:38,884 - mylogger - INFO - 更新答案
2018-09-24 01:02:44,789 - mylogger - INFO - 本题结束
2018-09-24 01:02:44,804 - mylogger - INFO - 获取题目
2018-09-24 01:02:47,694 - mylogger - INFO - 第 5 题
2018-09-24 01:02:47,991 - mylogger - INFO - “劳燕分飞”的“劳燕”是什么意思？
2018-09-24 01:02:48,897 - mylogger - INFO - ['疲劳的燕子', '劳燕指两个相爱的人', '两种鸟，伯劳和燕子']
2018-09-24 01:02:48,913 - mylogger - INFO - 数据库中检索答案
2018-09-24 01:02:48,928 - mylogger - INFO - 数据中无答案
2018-09-24 01:02:49,694 - mylogger - INFO - 在线检索答案：
2018-09-24 01:02:49,710 - mylogger - INFO - 我的答案：疲劳的燕子
2018-09-24 01:02:50,365 - mylogger - INFO - 选择选项
2018-09-24 01:02:52,756 - mylogger - INFO - 答案错误
2018-09-24 01:02:53,052 - mylogger - INFO - 正确答案；两种鸟，伯劳和燕子
2018-09-24 01:02:53,052 - mylogger - INFO - 更新答案
2018-09-24 01:02:53,303 - mylogger - INFO - 本题结束
2018-09-24 01:02:53,443 - mylogger - INFO - 本场比赛结束
2018-09-24 01:02:53,693 - mylogger - INFO - 返回游戏页面
2018-09-24 01:02:55,271 - mylogger - INFO - 进入排位赛
2018-09-24 01:02:55,271 - mylogger - INFO - 正在匹配中......
2018-09-24 01:03:24,479 - mylogger - INFO - 匹配成功
2018-09-24 01:03:24,479 - mylogger - INFO - 获取题目
2018-09-24 01:03:27,540 - mylogger - INFO - 第 1 题
2018-09-24 01:03:27,806 - mylogger - INFO - 对人体有毒害，含铅较高的食物是什么？
2018-09-24 01:03:28,650 - mylogger - INFO - ['松花蛋', '西瓜', '黄瓜']
2018-09-24 01:03:28,665 - mylogger - INFO - 数据库中检索答案
2018-09-24 01:03:28,665 - mylogger - INFO - 数据中无答案
2018-09-24 01:03:29,446 - mylogger - INFO - 在线检索答案：松花蛋
2018-09-24 01:03:29,446 - mylogger - INFO - 我的答案：松花蛋
2018-09-24 01:03:30,102 - mylogger - INFO - 选择选项
2018-09-24 01:03:32,523 - mylogger - INFO - 答案正确
2018-09-24 01:03:32,523 - mylogger - INFO - 更新答案
2018-09-24 01:03:33,945 - mylogger - INFO - 本题结束
2018-09-24 01:03:33,945 - mylogger - INFO - 获取题目
2018-09-24 01:03:35,819 - mylogger - INFO - 第 2 题
2018-09-24 01:03:36,132 - mylogger - INFO - 在2013年电影《101次求婚》中，男主角是黄渤，女主角是谁扮演的呢？
2018-09-24 01:03:37,116 - mylogger - INFO - ['陈乔恩', '林心如', '林志玲']
2018-09-24 01:03:37,132 - mylogger - INFO - 数据库中检索答案
2018-09-24 01:03:37,132 - mylogger - INFO - 数据中无答案
2018-09-24 01:03:39,272 - mylogger - INFO - 在线检索答案：林志玲
2018-09-24 01:03:39,272 - mylogger - INFO - 我的答案：林志玲
2018-09-24 01:03:39,975 - mylogger - INFO - 选择选项
2018-09-24 01:03:42,365 - mylogger - INFO - 答案正确
2018-09-24 01:03:42,365 - mylogger - INFO - 更新答案
2018-09-24 01:03:43,787 - mylogger - INFO - 本题结束
2018-09-24 01:03:43,787 - mylogger - INFO - 获取题目
2018-09-24 01:03:45,677 - mylogger - INFO - 第 3 题
2018-09-24 01:03:46,036 - mylogger - INFO - 现代主义建筑“白色派”教父理查德·迈耶登陆中国的处女作是：
2018-09-24 01:03:47,020 - mylogger - INFO - ['东部华侨城顶级海景别墅', '中央电视台', '广东时代美术馆']
2018-09-24 01:03:47,035 - mylogger - INFO - 数据库中检索答案
2018-09-24 01:03:47,051 - mylogger - INFO - 数据中无答案
2018-09-24 01:03:48,972 - mylogger - INFO - 在线检索答案：
2018-09-24 01:03:48,972 - mylogger - INFO - 我的答案：东部华侨城顶级海景别墅
2018-09-24 01:03:49,613 - mylogger - INFO - 选择选项
2018-09-24 01:03:51,972 - mylogger - INFO - 答案正确
2018-09-24 01:03:51,987 - mylogger - INFO - 更新答案
2018-09-24 01:03:53,378 - mylogger - INFO - 本题结束
2018-09-24 01:03:53,393 - mylogger - INFO - 获取题目
2018-09-24 01:03:56,327 - mylogger - INFO - 第 4 题
2018-09-24 01:03:56,686 - mylogger - INFO - 古代印度第一个统一的王朝叫什么？
2018-09-24 01:03:57,655 - mylogger - INFO - ['孔雀王朝', '笈多王朝', '莫卧尔王朝']
2018-09-24 01:03:57,670 - mylogger - INFO - 数据库中检索答案
2018-09-24 01:03:57,670 - mylogger - INFO - 数据中无答案
2018-09-24 01:03:58,420 - mylogger - INFO - 在线检索答案：孔雀王朝
2018-09-24 01:03:58,420 - mylogger - INFO - 我的答案：孔雀王朝
2018-09-24 01:03:58,967 - mylogger - INFO - 选择选项
2018-09-24 01:04:01,295 - mylogger - INFO - 答案正确
2018-09-24 01:04:01,310 - mylogger - INFO - 更新答案
2018-09-24 01:04:02,747 - mylogger - INFO - 本题结束
2018-09-24 01:04:02,763 - mylogger - INFO - 获取题目
2018-09-24 01:04:04,544 - mylogger - INFO - 第 5 题
2018-09-24 01:04:04,903 - mylogger - INFO - 全球各地昼夜等长的时间是
2018-09-24 01:04:05,887 - mylogger - INFO - ['春分', '夏至', '大雪']
2018-09-24 01:04:05,887 - mylogger - INFO - 数据库中检索答案
2018-09-24 01:04:05,903 - mylogger - INFO - 数据中无答案
2018-09-24 01:04:07,121 - mylogger - INFO - 在线检索答案：夏至
2018-09-24 01:04:07,121 - mylogger - INFO - 我的答案：夏至
2018-09-24 01:04:07,684 - mylogger - INFO - 选择选项
2018-09-24 01:04:10,136 - mylogger - INFO - 答案错误
2018-09-24 01:04:10,277 - mylogger - INFO - 正确答案；春分
2018-09-24 01:04:10,277 - mylogger - INFO - 更新答案
2018-09-24 01:04:12,761 - mylogger - INFO - 本题结束
2018-09-24 01:04:12,901 - mylogger - INFO - 本场比赛结束
2018-09-24 01:04:13,183 - mylogger - INFO - 返回游戏页面
2018-09-24 01:04:14,697 - mylogger - INFO - 进入排位赛
2018-09-24 01:04:14,697 - mylogger - INFO - 正在匹配中......
2018-09-24 01:04:25,143 - mylogger - INFO - 匹配成功
2018-09-24 01:04:25,143 - mylogger - INFO - 获取题目
2018-09-24 01:04:28,127 - mylogger - INFO - 第 1 题
2018-09-24 01:04:28,455 - mylogger - INFO - “相对论”是哪个学科领域中的思想？
2018-09-24 01:04:29,345 - mylogger - INFO - ['物理', '化学', '哲学']
2018-09-24 01:04:29,360 - mylogger - INFO - 数据库中检索答案
2018-09-24 01:04:29,376 - mylogger - INFO - 数据中无答案
2018-09-24 01:04:30,266 - mylogger - INFO - 在线检索答案：物理
2018-09-24 01:04:30,266 - mylogger - INFO - 我的答案：物理
2018-09-24 01:04:30,844 - mylogger - INFO - 选择选项
2018-09-24 01:04:33,297 - mylogger - INFO - 答案正确
2018-09-24 01:04:33,297 - mylogger - INFO - 更新答案
2018-09-24 01:04:34,695 - mylogger - INFO - 本题结束
2018-09-24 01:04:34,695 - mylogger - INFO - 获取题目
2018-09-24 01:04:36,523 - mylogger - INFO - 第 2 题
2018-09-24 01:04:36,819 - mylogger - INFO - “感恩节”起源于哪个国家？
2018-09-24 01:04:37,819 - mylogger - INFO - ['英国', '美国', '德国']
2018-09-24 01:04:37,835 - mylogger - INFO - 数据库中检索答案
2018-09-24 01:04:37,835 - mylogger - INFO - 数据中无答案
2018-09-24 01:04:38,522 - mylogger - INFO - 在线检索答案：美国
2018-09-24 01:04:38,522 - mylogger - INFO - 我的答案：美国
2018-09-24 01:04:39,100 - mylogger - INFO - 选择选项
2018-09-24 01:04:41,522 - mylogger - INFO - 答案正确
2018-09-24 01:04:41,537 - mylogger - INFO - 更新答案
2018-09-24 01:04:42,896 - mylogger - INFO - 本题结束
2018-09-24 01:04:42,911 - mylogger - INFO - 获取题目
2018-09-24 01:04:44,724 - mylogger - INFO - 第 3 题
2018-09-24 01:04:45,036 - mylogger - INFO - 基诺族年节期间一项独特的活动是什么?
2018-09-24 01:04:45,995 - mylogger - INFO - ['敲大木鼓', '摆手舞', '耍龙灯']
2018-09-24 01:04:46,011 - mylogger - INFO - 数据库中检索答案
2018-09-24 01:04:46,011 - mylogger - INFO - 数据中无答案
2018-09-24 01:04:46,682 - mylogger - INFO - 在线检索答案：敲大木鼓
2018-09-24 01:04:46,682 - mylogger - INFO - 我的答案：敲大木鼓
2018-09-24 01:04:47,229 - mylogger - INFO - 选择选项
2018-09-24 01:04:49,666 - mylogger - INFO - 答案正确
2018-09-24 01:04:49,666 - mylogger - INFO - 更新答案
2018-09-24 01:04:52,119 - mylogger - INFO - 本题结束
2018-09-24 01:04:52,119 - mylogger - INFO - 获取题目
2018-09-24 01:04:53,947 - mylogger - INFO - 第 4 题
2018-09-24 01:04:54,275 - mylogger - INFO - 《志明与春娇》中男女主角在哪里相识的？
2018-09-24 01:04:55,228 - mylogger - INFO - ['后巷', '火车', '海滩']
2018-09-24 01:04:55,243 - mylogger - INFO - 数据库中检索答案
2018-09-24 01:04:55,258 - mylogger - INFO - 数据中无答案
2018-09-24 01:04:56,118 - mylogger - INFO - 在线检索答案：后巷
2018-09-24 01:04:56,118 - mylogger - INFO - 我的答案：后巷
2018-09-24 01:04:56,696 - mylogger - INFO - 选择选项
2018-09-24 01:04:59,086 - mylogger - INFO - 答案正确
2018-09-24 01:04:59,086 - mylogger - INFO - 更新答案
2018-09-24 01:05:01,523 - mylogger - INFO - 本题结束
2018-09-24 01:05:01,538 - mylogger - INFO - 获取题目
2018-09-24 01:05:03,413 - mylogger - INFO - 第 5 题
2018-09-24 01:05:03,741 - mylogger - INFO - 以下哪位日本男演员被中国粉丝称为“苏打”？
2018-09-24 01:05:04,725 - mylogger - INFO - ['福士苍汰', '菅田将晖', '千叶雄大']
2018-09-24 01:05:04,725 - mylogger - INFO - 数据库中检索答案
2018-09-24 01:05:04,741 - mylogger - INFO - 数据中无答案
2018-09-24 01:05:05,412 - mylogger - INFO - 在线检索答案：菅田将晖
2018-09-24 01:05:05,412 - mylogger - INFO - 我的答案：菅田将晖
2018-09-24 01:05:05,944 - mylogger - INFO - 选择选项
2018-09-24 01:05:08,400 - mylogger - INFO - 答案正确
2018-09-24 01:05:08,415 - mylogger - INFO - 更新答案
2018-09-24 01:05:14,726 - mylogger - INFO - 本题结束
2018-09-24 01:05:14,867 - mylogger - INFO - 本场比赛结束
2018-09-24 01:05:15,148 - mylogger - INFO - 返回游戏页面
2018-09-24 01:05:16,664 - mylogger - INFO - 进入排位赛
2018-09-24 01:05:16,664 - mylogger - INFO - 正在匹配中......
2018-09-24 01:06:16,891 - mylogger - WARNING - 匹配失败
2018-09-24 01:06:17,143 - mylogger - INFO - 返回游戏页面
2018-09-24 01:06:18,730 - mylogger - INFO - 进入排位赛
2018-09-24 01:06:18,731 - mylogger - INFO - 正在匹配中......
2018-09-24 01:06:35,801 - mylogger - INFO - 匹配成功
2018-09-24 01:06:35,803 - mylogger - INFO - 获取题目
2018-09-24 01:06:38,873 - mylogger - INFO - 第 1 题
2018-09-24 01:06:39,148 - mylogger - INFO - 太极拳属于哪种国粹？
2018-09-24 01:06:40,236 - mylogger - INFO - ['武术', '围棋', '象棋']
2018-09-24 01:06:40,244 - mylogger - INFO - 数据库中检索答案
2018-09-24 01:06:40,249 - mylogger - INFO - 数据中无答案
2018-09-24 01:06:41,127 - mylogger - INFO - 在线检索答案：武术
2018-09-24 01:06:41,128 - mylogger - INFO - 我的答案：武术
2018-09-24 01:06:41,686 - mylogger - INFO - 选择选项
2018-09-24 01:06:44,118 - mylogger - INFO - 答案正确
2018-09-24 01:06:44,121 - mylogger - INFO - 更新答案
2018-09-24 01:06:44,555 - mylogger - INFO - 本题结束
2018-09-24 01:06:44,558 - mylogger - INFO - 获取题目
2018-09-24 01:06:47,490 - mylogger - INFO - 第 2 题
2018-09-24 01:06:47,763 - mylogger - INFO - “在天愿作比翼鸟，在地愿为连理枝”出自哪里？
2018-09-24 01:06:48,782 - mylogger - INFO - ['《长恨歌》', '《琵琶行》', '《金陵酒肆留别》']
2018-09-24 01:06:48,797 - mylogger - INFO - 数据库中检索答案
2018-09-24 01:06:48,797 - mylogger - INFO - 数据中无答案
2018-09-24 01:06:49,578 - mylogger - INFO - 在线检索答案：《长恨歌》
2018-09-24 01:06:49,578 - mylogger - INFO - 我的答案：《长恨歌》
2018-09-24 01:06:50,175 - mylogger - INFO - 选择选项
2018-09-24 01:06:52,570 - mylogger - INFO - 答案正确
2018-09-24 01:06:52,585 - mylogger - INFO - 更新答案
2018-09-24 01:06:54,107 - mylogger - INFO - 本题结束
2018-09-24 01:06:54,111 - mylogger - INFO - 获取题目
2018-09-24 01:06:55,871 - mylogger - INFO - 第 3 题
2018-09-24 01:06:56,129 - mylogger - INFO - NBA历史上绰号“雨人”，曾效力于西雅图超音速队的是哪位球员？
2018-09-24 01:06:56,945 - mylogger - INFO - ['科比', '肖恩坎普', '库里']
2018-09-24 01:06:56,949 - mylogger - INFO - 数据库中检索答案
2018-09-24 01:06:56,950 - mylogger - INFO - 数据中无答案
2018-09-24 01:06:58,334 - mylogger - INFO - 在线检索答案：肖恩坎普
2018-09-24 01:06:58,336 - mylogger - INFO - 我的答案：肖恩坎普
2018-09-24 01:06:58,869 - mylogger - INFO - 选择选项
2018-09-24 01:07:01,308 - mylogger - INFO - 答案正确
2018-09-24 01:07:01,310 - mylogger - INFO - 更新答案
2018-09-24 01:07:04,016 - mylogger - INFO - 本题结束
2018-09-24 01:07:04,046 - mylogger - INFO - 获取题目
2018-09-24 01:07:06,967 - mylogger - INFO - 第 4 题
2018-09-24 01:07:07,234 - mylogger - INFO - 电视剧《甄嬛传》中，因歌声好听被封为“鹂妃”的人物是谁？
2018-09-24 01:07:08,299 - mylogger - INFO - ['甄嬛', '沈眉庄', '安陵容']
2018-09-24 01:07:08,299 - mylogger - INFO - 数据库中检索答案
2018-09-24 01:07:08,299 - mylogger - INFO - 我的答案：安陵容
2018-09-24 01:07:08,886 - mylogger - INFO - 选择选项
2018-09-24 01:07:11,289 - mylogger - INFO - 答案正确
2018-09-24 01:07:11,292 - mylogger - INFO - 更新答案
2018-09-24 01:07:15,072 - mylogger - INFO - 本题结束
2018-09-24 01:07:15,072 - mylogger - INFO - 获取题目
2018-09-24 01:07:18,095 - mylogger - INFO - 第 5 题
2018-09-24 01:07:18,371 - mylogger - INFO - 潇湘馆是《红楼梦》大观园中一景，请问潇湘馆是谁住的呢？
2018-09-24 01:07:19,366 - mylogger - INFO - ['林黛玉', '晴雯', '贾宝玉']
2018-09-24 01:07:19,368 - mylogger - INFO - 数据库中检索答案
2018-09-24 01:07:19,368 - mylogger - INFO - 数据中无答案
2018-09-24 01:07:20,286 - mylogger - INFO - 在线检索答案：林黛玉
2018-09-24 01:07:20,286 - mylogger - INFO - 我的答案：林黛玉
2018-09-24 01:07:20,867 - mylogger - INFO - 选择选项
2018-09-24 01:07:23,456 - mylogger - INFO - 答案正确
2018-09-24 01:07:23,456 - mylogger - INFO - 更新答案
2018-09-24 01:07:23,964 - mylogger - INFO - 本题结束
2018-09-24 01:07:24,131 - mylogger - INFO - 本场比赛结束
2018-09-24 01:07:24,412 - mylogger - INFO - 返回游戏页面
2018-09-24 01:07:25,984 - mylogger - INFO - 进入排位赛
2018-09-24 01:07:25,985 - mylogger - INFO - 正在匹配中......
2018-09-24 01:08:02,152 - mylogger - INFO - 匹配成功
2018-09-24 01:08:02,153 - mylogger - INFO - 获取题目
2018-09-24 01:08:05,299 - mylogger - INFO - 第 1 题
2018-09-24 01:08:05,625 - mylogger - INFO - 屈原是哪个国家的？
2018-09-24 01:08:06,595 - mylogger - INFO - ['齐国', '楚国', '秦国']
2018-09-24 01:08:06,607 - mylogger - INFO - 数据库中检索答案
2018-09-24 01:08:06,609 - mylogger - INFO - 数据中无答案
2018-09-24 01:08:07,381 - mylogger - INFO - 在线检索答案：楚国
2018-09-24 01:08:07,397 - mylogger - INFO - 我的答案：楚国
2018-09-24 01:08:07,945 - mylogger - INFO - 选择选项
2018-09-24 01:08:10,272 - mylogger - INFO - 答案正确
2018-09-24 01:08:10,274 - mylogger - INFO - 更新答案
2018-09-24 01:08:25,422 - mylogger - INFO - 本题结束
2018-09-24 01:08:25,469 - mylogger - INFO - 获取题目
2018-09-24 01:08:26,217 - mylogger - INFO - 第 180 题
2018-09-24 01:08:26,585 - mylogger - INFO - 静待佳音
2018-09-24 01:08:27,586 - mylogger - INFO - ['', '', '']
2018-09-24 01:08:27,593 - mylogger - INFO - 数据库中检索答案
2018-09-24 01:08:27,596 - mylogger - INFO - 数据中无答案
2018-09-24 01:08:28,618 - mylogger - INFO - 在线检索答案：
2018-09-24 01:08:28,623 - mylogger - INFO - 我的答案：
2018-09-24 01:09:50,335 - mylogger - INFO - 进入排位赛
2018-09-24 01:09:50,335 - mylogger - INFO - 正在匹配中......
2018-09-24 01:10:02,180 - mylogger - INFO - 匹配成功
2018-09-24 01:10:02,183 - mylogger - INFO - 获取题目
2018-09-24 01:10:05,477 - mylogger - INFO - 第 1 题
2018-09-24 01:10:05,820 - mylogger - INFO - 世界上最大的汽车公司是？
2018-09-24 01:10:06,883 - mylogger - INFO - ['通用', '福特', '宝马']
2018-09-24 01:10:06,883 - mylogger - INFO - 数据库中检索答案
2018-09-24 01:10:06,898 - mylogger - INFO - 数据中无答案
2018-09-24 01:10:07,323 - mylogger - INFO - 在线检索答案：福特
2018-09-24 01:10:07,323 - mylogger - INFO - 我的答案：福特
2018-09-24 01:10:07,995 - mylogger - INFO - 选择选项
2018-09-24 01:10:10,337 - mylogger - INFO - 答案错误
2018-09-24 01:10:10,493 - mylogger - INFO - 正确答案；通用
2018-09-24 01:10:10,493 - mylogger - INFO - 更新答案
2018-09-24 01:10:12,539 - mylogger - INFO - 本题结束
2018-09-24 01:10:12,539 - mylogger - INFO - 获取题目
2018-09-24 01:10:14,395 - mylogger - INFO - 第 2 题
2018-09-24 01:10:14,724 - mylogger - INFO - 307除以一个数商是23，余数是8，则除数是？
2018-09-24 01:10:15,586 - mylogger - INFO - ['13', '14', '12']
2018-09-24 01:10:15,602 - mylogger - INFO - 数据库中检索答案
2018-09-24 01:10:15,618 - mylogger - INFO - 数据中无答案
2018-09-24 01:10:16,462 - mylogger - INFO - 在线检索答案：14
2018-09-24 01:10:16,462 - mylogger - INFO - 我的答案：14
2018-09-24 01:10:17,025 - mylogger - INFO - 选择选项
2018-09-24 01:10:19,430 - mylogger - INFO - 答案错误
2018-09-24 01:10:19,602 - mylogger - INFO - 正确答案；13
2018-09-24 01:10:19,602 - mylogger - INFO - 更新答案
2018-09-24 01:10:25,829 - mylogger - INFO - 本题结束
2018-09-24 01:10:25,861 - mylogger - INFO - 获取题目
2018-09-24 01:10:28,751 - mylogger - INFO - 第 3 题
2018-09-24 01:10:29,047 - mylogger - INFO - 《喜羊羊与灰太狼》在龙年出的动画电影叫什么？
2018-09-24 01:10:29,969 - mylogger - INFO - ['《开心闯龙年》', '《牛气冲天》', '《飞马奇遇记》']
2018-09-24 01:10:29,985 - mylogger - INFO - 数据库中检索答案
2018-09-24 01:10:30,000 - mylogger - INFO - 数据中无答案
2018-09-24 01:10:30,891 - mylogger - INFO - 在线检索答案：
2018-09-24 01:10:30,891 - mylogger - INFO - 我的答案：《开心闯龙年》
2018-09-24 01:10:31,469 - mylogger - INFO - 选择选项
2018-09-24 01:10:33,906 - mylogger - INFO - 答案正确
2018-09-24 01:10:33,921 - mylogger - INFO - 更新答案
2018-09-24 01:10:35,611 - mylogger - INFO - 本题结束
2018-09-24 01:10:35,611 - mylogger - INFO - 获取题目
2018-09-24 01:10:37,470 - mylogger - INFO - 第 4 题
2018-09-24 01:10:37,767 - mylogger - INFO - 在安静状态下，成人正常心率是多少次/分钟？
2018-09-24 01:10:38,548 - mylogger - INFO - ['60-90次/分钟', '60-120次/分钟', '60-100次/分钟']
2018-09-24 01:10:38,548 - mylogger - INFO - 数据库中检索答案
2018-09-24 01:10:38,563 - mylogger - INFO - 数据中无答案
2018-09-24 01:10:39,407 - mylogger - INFO - 在线检索答案：
2018-09-24 01:10:39,423 - mylogger - INFO - 我的答案：60-90次/分钟
2018-09-24 01:10:39,938 - mylogger - INFO - 选择选项
2018-09-24 01:10:42,328 - mylogger - INFO - 答案错误
2018-09-24 01:10:42,578 - mylogger - INFO - 正确答案；60-100次/分钟
2018-09-24 01:10:42,578 - mylogger - INFO - 更新答案
2018-09-24 01:10:44,132 - mylogger - INFO - 本题结束
2018-09-24 01:10:44,132 - mylogger - INFO - 获取题目
2018-09-24 01:10:45,913 - mylogger - INFO - 第 5 题
2018-09-24 01:10:46,210 - mylogger - INFO - 双飞燕是：
2018-09-24 01:10:46,991 - mylogger - INFO - ['国际象棋术语', '中国象棋术语', '围棋术语']
2018-09-24 01:10:46,991 - mylogger - INFO - 数据库中检索答案
2018-09-24 01:10:47,007 - mylogger - INFO - 数据中无答案
2018-09-24 01:10:47,444 - mylogger - INFO - 在线检索答案：
2018-09-24 01:10:47,444 - mylogger - INFO - 我的答案：国际象棋术语
2018-09-24 01:10:47,991 - mylogger - INFO - 选择选项
2018-09-24 01:10:50,444 - mylogger - INFO - 答案错误
2018-09-24 01:10:50,741 - mylogger - INFO - 正确答案；围棋术语
2018-09-24 01:10:50,741 - mylogger - INFO - 更新答案
2018-09-24 01:10:53,405 - mylogger - INFO - 本题结束
2018-09-24 01:10:53,624 - mylogger - INFO - 本场比赛结束
2018-09-24 01:10:53,892 - mylogger - INFO - 返回游戏页面
2018-09-24 01:10:55,392 - mylogger - INFO - 进入排位赛
2018-09-24 01:10:55,392 - mylogger - INFO - 正在匹配中......
2018-09-24 01:11:33,845 - mylogger - INFO - 匹配成功
2018-09-24 01:11:33,876 - mylogger - INFO - 获取题目
2018-09-24 01:11:36,736 - mylogger - INFO - 第 1 题
2018-09-24 01:11:37,095 - mylogger - INFO - “速腾”是什么类型的车？
2018-09-24 01:11:37,954 - mylogger - INFO - ['紧凑型车', '中型SUV', '大型SUV']
2018-09-24 01:11:37,954 - mylogger - INFO - 数据库中检索答案
2018-09-24 01:11:37,970 - mylogger - INFO - 数据中无答案
2018-09-24 01:11:38,673 - mylogger - INFO - 在线检索答案：紧凑型车
2018-09-24 01:11:38,673 - mylogger - INFO - 我的答案：紧凑型车
2018-09-24 01:11:39,314 - mylogger - INFO - 选择选项
2018-09-24 01:11:41,703 - mylogger - INFO - 答案正确
2018-09-24 01:11:41,703 - mylogger - INFO - 更新答案
2018-09-24 01:11:44,410 - mylogger - INFO - 本题结束
2018-09-24 01:11:44,410 - mylogger - INFO - 获取题目
2018-09-24 01:11:46,145 - mylogger - INFO - 第 2 题
2018-09-24 01:11:46,472 - mylogger - INFO - 以下哪部作品不是金庸先生的作品？
2018-09-24 01:11:47,363 - mylogger - INFO - ['《雪山飞狐》', '《萍踪侠影录》', '《连城诀》']
2018-09-24 01:11:47,378 - mylogger - INFO - 数据库中检索答案
2018-09-24 01:11:47,394 - mylogger - INFO - 数据中无答案
2018-09-24 01:11:48,222 - mylogger - INFO - 在线检索答案：《萍踪侠影录》
2018-09-24 01:11:48,222 - mylogger - INFO - 我的答案：《萍踪侠影录》
2018-09-24 01:11:48,816 - mylogger - INFO - 选择选项
2018-09-24 01:11:51,253 - mylogger - INFO - 答案正确
2018-09-24 01:11:51,253 - mylogger - INFO - 更新答案
2018-09-24 01:11:53,409 - mylogger - INFO - 本题结束
2018-09-24 01:11:53,409 - mylogger - INFO - 获取题目
2018-09-24 01:11:55,153 - mylogger - INFO - 第 3 题
2018-09-24 01:11:55,466 - mylogger - INFO - 三角形中有两个角相等，一个角的外角为80度，其他角是多少度？
2018-09-24 01:11:56,356 - mylogger - INFO - ['都是40度', '40度和50度', '都是50度']
2018-09-24 01:11:56,356 - mylogger - INFO - 数据库中检索答案
2018-09-24 01:11:56,372 - mylogger - INFO - 数据中无答案
2018-09-24 01:11:57,606 - mylogger - INFO - 在线检索答案：
2018-09-24 01:11:57,606 - mylogger - INFO - 我的答案：都是40度
2018-09-24 01:11:58,200 - mylogger - INFO - 选择选项
2018-09-24 01:12:00,757 - mylogger - INFO - 答案正确
2018-09-24 01:12:00,757 - mylogger - INFO - 更新答案
2018-09-24 01:12:04,565 - mylogger - INFO - 本题结束
2018-09-24 01:12:04,580 - mylogger - INFO - 获取题目
2018-09-24 01:12:06,325 - mylogger - INFO - 第 4 题
2018-09-24 01:12:06,606 - mylogger - INFO - NOKIA最早是干什么的？
2018-09-24 01:12:07,590 - mylogger - INFO - ['卖快餐', '造纸', '卖手机']
2018-09-24 01:12:07,605 - mylogger - INFO - 数据库中检索答案
2018-09-24 01:12:07,621 - mylogger - INFO - 数据中无答案
2018-09-24 01:12:08,371 - mylogger - INFO - 在线检索答案：造纸
2018-09-24 01:12:08,371 - mylogger - INFO - 我的答案：造纸
2018-09-24 01:12:08,934 - mylogger - INFO - 选择选项
2018-09-24 01:12:11,324 - mylogger - INFO - 答案正确
2018-09-24 01:12:11,324 - mylogger - INFO - 更新答案
2018-09-24 01:12:15,184 - mylogger - INFO - 本题结束
2018-09-24 01:12:15,184 - mylogger - INFO - 获取题目
2018-09-24 01:12:18,153 - mylogger - INFO - 第 5 题
2018-09-24 01:12:18,465 - mylogger - INFO - 《西游记之大圣归来》江流儿是唐僧十世轮回的第几世？
2018-09-24 01:12:19,449 - mylogger - INFO - ['第四世', '第二世', '第一世']
2018-09-24 01:12:19,449 - mylogger - INFO - 数据库中检索答案
2018-09-24 01:12:19,465 - mylogger - INFO - 数据中无答案
2018-09-24 01:12:20,261 - mylogger - INFO - 在线检索答案：第一世
2018-09-24 01:12:20,261 - mylogger - INFO - 我的答案：第一世
2018-09-24 01:12:20,808 - mylogger - INFO - 选择选项
2018-09-24 01:12:23,292 - mylogger - INFO - 答案正确
2018-09-24 01:12:23,307 - mylogger - INFO - 更新答案
2018-09-24 01:12:29,012 - mylogger - INFO - 本题结束
2018-09-24 01:12:29,153 - mylogger - INFO - 本场比赛结束
2018-09-24 01:12:29,418 - mylogger - INFO - 返回游戏页面
2018-09-24 01:12:30,887 - mylogger - INFO - 进入排位赛
2018-09-24 01:12:30,887 - mylogger - INFO - 正在匹配中......
2018-09-24 01:12:37,971 - mylogger - INFO - 匹配成功
2018-09-24 01:12:37,971 - mylogger - INFO - 获取题目
2018-09-24 01:12:40,924 - mylogger - INFO - 第 1 题
2018-09-24 01:12:41,236 - mylogger - INFO - 勾股定理中，较长的边叫做什么？
2018-09-24 01:12:42,283 - mylogger - INFO - ['弦', '勾', '股']
2018-09-24 01:12:42,298 - mylogger - INFO - 数据库中检索答案
2018-09-24 01:12:42,298 - mylogger - INFO - 数据中无答案
2018-09-24 01:12:44,219 - mylogger - INFO - 在线检索答案：股
2018-09-24 01:12:44,219 - mylogger - INFO - 我的答案：股
2018-09-24 01:12:44,801 - mylogger - INFO - 选择选项
2018-09-24 01:12:47,303 - mylogger - INFO - 答案错误
2018-09-24 01:12:47,412 - mylogger - INFO - 正确答案；弦
2018-09-24 01:12:47,412 - mylogger - INFO - 更新答案
2018-09-24 01:12:49,021 - mylogger - INFO - 本题结束
2018-09-24 01:12:49,021 - mylogger - INFO - 获取题目
2018-09-24 01:12:50,849 - mylogger - INFO - 第 2 题
2018-09-24 01:12:51,099 - mylogger - INFO - “一闪一闪亮晶晶"童谣中所说的星星大多属于
2018-09-24 01:12:52,005 - mylogger - INFO - ['卫星', '行星', '恒星']
2018-09-24 01:14:07,790 - mylogger - INFO - 进入排位赛
2018-09-24 01:14:07,790 - mylogger - INFO - 正在匹配中......
2018-09-24 01:17:26,079 - mylogger - INFO - 进入排位赛
2018-09-24 01:17:26,079 - mylogger - INFO - 正在匹配中......
2018-09-24 01:18:26,502 - mylogger - WARNING - 匹配失败
2018-09-24 01:18:26,752 - mylogger - INFO - 返回游戏页面
2018-09-24 01:18:28,205 - mylogger - INFO - 进入排位赛
2018-09-24 01:18:28,220 - mylogger - INFO - 正在匹配中......
2018-09-24 01:19:35,070 - mylogger - INFO - 进入排位赛
2018-09-24 01:19:35,070 - mylogger - INFO - 正在匹配中......
2018-09-24 01:20:35,694 - mylogger - WARNING - 匹配失败
2018-09-24 01:20:35,929 - mylogger - INFO - 返回游戏页面
2018-09-24 01:20:37,444 - mylogger - INFO - 进入排位赛
2018-09-24 01:20:37,444 - mylogger - INFO - 正在匹配中......
2018-09-24 01:20:44,630 - mylogger - INFO - 匹配成功
2018-09-24 01:20:44,644 - mylogger - INFO - 获取题目
2018-09-24 01:20:47,613 - mylogger - INFO - 第 1 题
2018-09-24 01:20:47,926 - mylogger - INFO - 哪一首歌是歌手阿杜的代表作？
2018-09-24 01:20:48,738 - mylogger - INFO - ['《他一定很爱你》', '《江南》', '《丁香花》']
2018-09-24 01:20:48,768 - mylogger - INFO - 数据库中检索答案
2018-09-24 01:20:48,768 - mylogger - INFO - 数据中无答案
2018-09-24 01:20:49,487 - mylogger - INFO - 在线检索答案：《他一定很爱你》
2018-09-24 01:20:49,487 - mylogger - INFO - 我的答案：《他一定很爱你》
2018-09-24 01:20:50,018 - mylogger - INFO - 选择选项
2018-09-24 01:20:52,378 - mylogger - INFO - 答案正确
2018-09-24 01:20:52,378 - mylogger - INFO - 更新答案
2018-09-24 01:20:53,939 - mylogger - INFO - 本题结束
2018-09-24 01:20:53,939 - mylogger - INFO - 获取题目
2018-09-24 01:20:55,704 - mylogger - INFO - 第 2 题
2018-09-24 01:20:55,955 - mylogger - INFO - 在电影《听说》中，陈意涵和陈妍希饰演的角色是什么关系？
2018-09-24 01:20:56,799 - mylogger - INFO - ['姐妹', '兄弟', '恋人']
2018-09-24 01:20:56,799 - mylogger - INFO - 数据库中检索答案
2018-09-24 01:20:56,799 - mylogger - INFO - 数据中无答案
2018-09-24 01:20:57,860 - mylogger - INFO - 在线检索答案：姐妹
2018-09-24 01:20:57,860 - mylogger - INFO - 我的答案：姐妹
2018-09-24 01:20:58,360 - mylogger - INFO - 选择选项
2018-09-24 01:21:00,720 - mylogger - INFO - 答案正确
2018-09-24 01:21:00,720 - mylogger - INFO - 更新答案
2018-09-24 01:21:03,453 - mylogger - INFO - 本题结束
2018-09-24 01:21:03,453 - mylogger - INFO - 获取题目
2018-09-24 01:21:05,203 - mylogger - INFO - 第 3 题
2018-09-24 01:21:05,469 - mylogger - INFO - 是谁与牛顿争夺微积分发现的优先权？
2018-09-24 01:21:06,296 - mylogger - INFO - ['莱布尼兹', '布拉德', '莱安多']
2018-09-24 01:21:06,296 - mylogger - INFO - 数据库中检索答案
2018-09-24 01:21:06,296 - mylogger - INFO - 数据中无答案
2018-09-24 01:21:07,577 - mylogger - INFO - 在线检索答案：莱布尼兹
2018-09-24 01:21:07,592 - mylogger - INFO - 我的答案：莱布尼兹
2018-09-24 01:21:08,155 - mylogger - INFO - 选择选项
2018-09-24 01:21:10,514 - mylogger - INFO - 答案正确
2018-09-24 01:21:10,514 - mylogger - INFO - 更新答案
2018-09-24 01:21:12,185 - mylogger - INFO - 本题结束
2018-09-24 01:21:12,185 - mylogger - INFO - 获取题目
2018-09-24 01:21:15,060 - mylogger - INFO - 第 4 题
2018-09-24 01:21:15,357 - mylogger - INFO - 中国戏曲中的“花脸”是四个行当中的哪一个？
2018-09-24 01:21:16,184 - mylogger - INFO - ['净', '生', '丑']
2018-09-24 01:21:16,200 - mylogger - INFO - 数据库中检索答案
2018-09-24 01:21:16,200 - mylogger - INFO - 我的答案：净
2018-09-24 01:21:16,747 - mylogger - INFO - 选择选项
2018-09-24 01:21:19,168 - mylogger - INFO - 答案正确
2018-09-24 01:21:19,168 - mylogger - INFO - 更新答案
2018-09-24 01:21:23,558 - mylogger - INFO - 本题结束
2018-09-24 01:21:23,573 - mylogger - INFO - 获取题目
2018-09-24 01:21:26,542 - mylogger - INFO - 第 5 题
2018-09-24 01:21:26,838 - mylogger - INFO - 世界上唯一没有海岸的海是什么海?
2018-09-24 01:21:27,729 - mylogger - INFO - ['马尾藻海', '马尔马拉海', '地中海']
2018-09-24 01:21:27,729 - mylogger - INFO - 数据库中检索答案
2018-09-24 01:21:27,729 - mylogger - INFO - 数据中无答案
2018-09-24 01:21:28,072 - mylogger - INFO - 在线检索答案：马尾藻海
2018-09-24 01:21:28,087 - mylogger - INFO - 我的答案：马尾藻海
2018-09-24 01:21:28,588 - mylogger - INFO - 选择选项
2018-09-24 01:21:31,056 - mylogger - INFO - 答案正确
2018-09-24 01:21:31,056 - mylogger - INFO - 更新答案
2018-09-24 01:21:35,945 - mylogger - INFO - 本题结束
2018-09-24 01:21:36,085 - mylogger - INFO - 本场比赛结束
2018-09-24 01:21:36,336 - mylogger - INFO - 返回游戏页面
2018-09-24 01:21:37,867 - mylogger - INFO - 进入排位赛
2018-09-24 01:21:37,867 - mylogger - INFO - 正在匹配中......
2018-09-24 01:22:17,889 - mylogger - INFO - 匹配成功
2018-09-24 01:22:17,889 - mylogger - INFO - 获取题目
2018-09-24 01:22:20,857 - mylogger - INFO - 第 1 题
2018-09-24 01:22:21,122 - mylogger - INFO - “给我一个支点，我就能撬起整个地球。”这句话是哪个科学家说的？
2018-09-24 01:22:22,044 - mylogger - INFO - ['阿基米德', '麦克斯韦', '法拉第']
2018-09-24 01:22:22,044 - mylogger - INFO - 数据库中检索答案
2018-09-24 01:22:22,044 - mylogger - INFO - 数据中无答案
2018-09-24 01:22:24,308 - mylogger - INFO - 在线检索答案：阿基米德
2018-09-24 01:22:24,308 - mylogger - INFO - 我的答案：阿基米德
2018-09-24 01:22:24,840 - mylogger - INFO - 选择选项
2018-09-24 01:22:27,199 - mylogger - INFO - 答案正确
2018-09-24 01:22:27,214 - mylogger - INFO - 更新答案
2018-09-24 01:22:28,776 - mylogger - INFO - 本题结束
2018-09-24 01:22:28,776 - mylogger - INFO - 获取题目
2018-09-24 01:22:30,542 - mylogger - INFO - 第 2 题
2018-09-24 01:22:30,839 - mylogger - INFO - 《勇气》是谁的热门金曲？
2018-09-24 01:22:31,636 - mylogger - INFO - ['蔡依林', '梁静茹', '萧亚轩']
2018-09-24 01:22:31,651 - mylogger - INFO - 数据库中检索答案
2018-09-24 01:22:31,651 - mylogger - INFO - 我的答案：梁静茹
2018-09-24 01:22:32,229 - mylogger - INFO - 选择选项
2018-09-24 01:22:34,666 - mylogger - INFO - 答案正确
2018-09-24 01:22:34,666 - mylogger - INFO - 更新答案
2018-09-24 01:22:36,228 - mylogger - INFO - 本题结束
2018-09-24 01:22:36,228 - mylogger - INFO - 获取题目
2018-09-24 01:22:38,040 - mylogger - INFO - 第 3 题
2018-09-24 01:22:38,321 - mylogger - INFO - “法拉利”是哪个国家生产的汽车品牌？
2018-09-24 01:22:39,212 - mylogger - INFO - ['德国', '英国', '意大利']
2018-09-24 01:22:39,212 - mylogger - INFO - 数据库中检索答案
2018-09-24 01:22:39,212 - mylogger - INFO - 数据中无答案
2018-09-24 01:22:40,326 - mylogger - INFO - 在线检索答案：意大利
2018-09-24 01:22:40,326 - mylogger - INFO - 我的答案：意大利
2018-09-24 01:22:40,842 - mylogger - INFO - 选择选项
2018-09-24 01:22:43,232 - mylogger - INFO - 答案正确
2018-09-24 01:22:43,232 - mylogger - INFO - 更新答案
2018-09-24 01:22:44,762 - mylogger - INFO - 本题结束
2018-09-24 01:22:44,762 - mylogger - INFO - 获取题目
2018-09-24 01:22:46,560 - mylogger - INFO - 第 4 题
2018-09-24 01:22:46,809 - mylogger - INFO - 清朝与慈禧两宫并尊，称“母后皇太后”的是谁？
2018-09-24 01:22:47,731 - mylogger - INFO - ['慈宁', '慈安', '慈夜']
2018-09-24 01:22:47,731 - mylogger - INFO - 数据库中检索答案
2018-09-24 01:22:47,731 - mylogger - INFO - 数据中无答案
2018-09-24 01:22:48,980 - mylogger - INFO - 在线检索答案：慈安
2018-09-24 01:22:48,980 - mylogger - INFO - 我的答案：慈安
2018-09-24 01:22:49,465 - mylogger - INFO - 选择选项
2018-09-24 01:22:51,871 - mylogger - INFO - 答案正确
2018-09-24 01:22:51,871 - mylogger - INFO - 更新答案
2018-09-24 01:22:52,339 - mylogger - INFO - 本题结束
2018-09-24 01:22:52,339 - mylogger - INFO - 获取题目
2018-09-24 01:22:55,308 - mylogger - INFO - 第 5 题
2018-09-24 01:22:55,682 - mylogger - INFO - “万一朝廷举力田，舍我其谁也”的作者是谁？
2018-09-24 01:22:56,651 - mylogger - INFO - ['辛弃疾', '于谦', '王昌龄']
2018-09-24 01:22:56,651 - mylogger - INFO - 数据库中检索答案
2018-09-24 01:22:56,651 - mylogger - INFO - 数据中无答案
2018-09-24 01:22:57,431 - mylogger - INFO - 在线检索答案：辛弃疾
2018-09-24 01:22:57,447 - mylogger - INFO - 我的答案：辛弃疾
2018-09-24 01:22:57,994 - mylogger - INFO - 选择选项
2018-09-24 01:23:00,400 - mylogger - INFO - 答案正确
2018-09-24 01:23:00,400 - mylogger - INFO - 更新答案
2018-09-24 01:23:02,993 - mylogger - INFO - 本题结束
2018-09-24 01:23:03,181 - mylogger - INFO - 本场比赛结束
2018-09-24 01:23:03,431 - mylogger - INFO - 返回游戏页面
2018-09-24 01:23:04,930 - mylogger - INFO - 进入排位赛
2018-09-24 01:23:04,930 - mylogger - INFO - 正在匹配中......
2018-09-24 01:24:05,443 - mylogger - WARNING - 匹配失败
2018-09-24 01:24:05,708 - mylogger - INFO - 返回游戏页面
2018-09-24 01:24:07,208 - mylogger - INFO - 进入排位赛
2018-09-24 01:24:07,208 - mylogger - INFO - 正在匹配中......
2018-09-24 01:24:18,815 - mylogger - INFO - 匹配成功
2018-09-24 01:24:18,815 - mylogger - INFO - 获取题目
2018-09-24 01:24:21,876 - mylogger - INFO - 第 1 题
2018-09-24 01:24:22,158 - mylogger - INFO - 象棋棋子上的字有哪两种颜色？
2018-09-24 01:24:22,985 - mylogger - INFO - ['黑和白', '红和蓝', '红和黑']
2018-09-24 01:24:23,189 - mylogger - INFO - 数据库中检索答案
2018-09-24 01:24:23,189 - mylogger - INFO - 数据中无答案
2018-09-24 01:24:24,220 - mylogger - INFO - 在线检索答案：
2018-09-24 01:24:24,220 - mylogger - INFO - 我的答案：黑和白
2018-09-24 01:24:24,766 - mylogger - INFO - 选择选项
2018-09-24 01:24:27,234 - mylogger - INFO - 答案错误
2018-09-24 01:24:27,453 - mylogger - INFO - 正确答案；红和黑
2018-09-24 01:24:27,453 - mylogger - INFO - 更新答案
2018-09-24 01:24:30,390 - mylogger - INFO - 本题结束
2018-09-24 01:24:30,437 - mylogger - INFO - 获取题目
2018-09-24 01:24:32,140 - mylogger - INFO - 第 2 题
2018-09-24 01:24:32,421 - mylogger - INFO - 下面与除夕中的「除」字意思最相近的词语是?
2018-09-24 01:24:33,233 - mylogger - INFO - ['扫除', '除法', '去除']
2018-09-24 01:24:33,233 - mylogger - INFO - 数据库中检索答案
2018-09-24 01:24:33,249 - mylogger - INFO - 数据中无答案
2018-09-24 01:24:34,123 - mylogger - INFO - 在线检索答案：去除
2018-09-24 01:24:34,123 - mylogger - INFO - 我的答案：去除
2018-09-24 01:24:34,623 - mylogger - INFO - 选择选项
2018-09-24 01:24:37,092 - mylogger - INFO - 答案正确
2018-09-24 01:24:37,092 - mylogger - INFO - 更新答案
2018-09-24 01:24:40,934 - mylogger - INFO - 本题结束
2018-09-24 01:24:40,934 - mylogger - INFO - 获取题目
2018-09-24 01:24:42,700 - mylogger - INFO - 第 3 题
2018-09-24 01:24:42,981 - mylogger - INFO - 文艺复兴时期，艺术三杰分别是达芬奇、拉斐尔和谁？
2018-09-24 01:24:43,918 - mylogger - INFO - ['米开朗基罗', '罗丹', '梵高']
2018-09-24 01:24:43,918 - mylogger - INFO - 数据库中检索答案
2018-09-24 01:24:43,918 - mylogger - INFO - 数据中无答案
2018-09-24 01:24:44,855 - mylogger - INFO - 在线检索答案：米开朗基罗
2018-09-24 01:24:44,855 - mylogger - INFO - 我的答案：米开朗基罗
2018-09-24 01:24:45,355 - mylogger - INFO - 选择选项
2018-09-24 01:24:47,777 - mylogger - INFO - 答案正确
2018-09-24 01:24:47,777 - mylogger - INFO - 更新答案
2018-09-24 01:24:50,463 - mylogger - INFO - 本题结束
2018-09-24 01:24:50,463 - mylogger - INFO - 获取题目
2018-09-24 01:24:52,229 - mylogger - INFO - 第 4 题
2018-09-24 01:24:52,588 - mylogger - INFO - 下列门窗中，保温、耐火、防水、防腐、隔音效果最好的是
2018-09-24 01:24:53,416 - mylogger - INFO - ['塑钢门窗', '钢门窗', '铝合金门窗']
2018-09-24 01:24:53,431 - mylogger - INFO - 数据库中检索答案
2018-09-24 01:24:53,431 - mylogger - INFO - 我的答案：塑钢门窗
2018-09-24 01:24:53,978 - mylogger - INFO - 选择选项
2018-09-24 01:24:56,384 - mylogger - INFO - 答案正确
2018-09-24 01:24:56,384 - mylogger - INFO - 更新答案
2018-09-24 01:25:01,211 - mylogger - INFO - 本题结束
2018-09-24 01:25:01,242 - mylogger - INFO - 获取题目
2018-09-24 01:25:03,039 - mylogger - INFO - 第 5 题
2018-09-24 01:25:03,367 - mylogger - INFO - 一个三角形的面积是100平方厘米，底是25厘米，则高是多少？
2018-09-24 01:25:04,288 - mylogger - INFO - ['4厘米', '8厘米', '10厘米']
2018-09-24 01:25:04,288 - mylogger - INFO - 数据库中检索答案
2018-09-24 01:25:04,288 - mylogger - INFO - 数据中无答案
2018-09-24 01:25:05,272 - mylogger - INFO - 在线检索答案：8厘米
2018-09-24 01:25:05,272 - mylogger - INFO - 我的答案：8厘米
2018-09-24 01:25:05,788 - mylogger - INFO - 选择选项
2018-09-24 01:25:08,256 - mylogger - INFO - 答案正确
2018-09-24 01:25:08,256 - mylogger - INFO - 更新答案
2018-09-24 01:25:13,270 - mylogger - INFO - 本题结束
2018-09-24 01:25:13,395 - mylogger - INFO - 本场比赛结束
2018-09-24 01:25:13,630 - mylogger - INFO - 返回游戏页面
2018-09-24 01:25:15,098 - mylogger - INFO - 进入排位赛
2018-09-24 01:25:15,098 - mylogger - INFO - 正在匹配中......
2018-09-24 01:25:35,468 - mylogger - INFO - 匹配成功
2018-09-24 01:25:35,468 - mylogger - INFO - 获取题目
2018-09-24 01:25:41,858 - mylogger - INFO - 第 1 题
2018-09-24 01:25:42,154 - mylogger - INFO - 《大河之舞》是爱尔兰什么物种的舞剧？
2018-09-24 01:25:43,154 - mylogger - INFO - ['踢踏舞', '广场舞', '现代舞']
2018-09-24 01:25:43,185 - mylogger - INFO - 数据库中检索答案
2018-09-24 01:25:43,185 - mylogger - INFO - 数据中无答案
2018-09-24 01:25:44,216 - mylogger - INFO - 在线检索答案：踢踏舞
2018-09-24 01:25:44,216 - mylogger - INFO - 我的答案：踢踏舞
2018-09-24 01:25:44,716 - mylogger - INFO - 选择选项
2018-09-24 01:25:47,231 - mylogger - INFO - 答案正确
2018-09-24 01:25:47,231 - mylogger - INFO - 更新答案
2018-09-24 01:25:47,622 - mylogger - INFO - 本题结束
2018-09-24 01:25:47,622 - mylogger - INFO - 获取题目
2018-09-24 01:25:50,605 - mylogger - INFO - 第 2 题
2018-09-24 01:25:50,949 - mylogger - INFO - 在《喜羊羊与灰太狼》中，最胖的羊叫什么？
2018-09-24 01:25:51,886 - mylogger - INFO - ['沸羊羊', '喜羊羊', '暖羊羊']
2018-09-24 01:25:51,886 - mylogger - INFO - 数据库中检索答案
2018-09-24 01:25:51,886 - mylogger - INFO - 数据中无答案
2018-09-24 01:25:52,761 - mylogger - INFO - 在线检索答案：喜羊羊
2018-09-24 01:25:52,761 - mylogger - INFO - 我的答案：喜羊羊
2018-09-24 01:25:53,308 - mylogger - INFO - 选择选项
2018-09-24 01:25:55,776 - mylogger - INFO - 答案错误
2018-09-24 01:25:55,964 - mylogger - INFO - 正确答案；暖羊羊
2018-09-24 01:25:55,964 - mylogger - INFO - 更新答案
2018-09-24 01:26:00,650 - mylogger - INFO - 本题结束
2018-09-24 01:26:00,650 - mylogger - INFO - 获取题目
2018-09-24 01:26:02,471 - mylogger - INFO - 第 3 题
2018-09-24 01:26:02,777 - mylogger - INFO - 电影《那些年，我们一起追的女孩》的导演是谁？
2018-09-24 01:26:03,621 - mylogger - INFO - ['柯震东', '周杰伦', '九把刀']
2018-09-24 01:26:03,621 - mylogger - INFO - 数据库中检索答案
2018-09-24 01:26:03,621 - mylogger - INFO - 数据中无答案
2018-09-24 01:26:04,449 - mylogger - INFO - 在线检索答案：九把刀
2018-09-24 01:26:04,449 - mylogger - INFO - 我的答案：九把刀
2018-09-24 01:26:05,011 - mylogger - INFO - 选择选项
2018-09-24 01:26:07,417 - mylogger - INFO - 答案正确
2018-09-24 01:26:07,417 - mylogger - INFO - 更新答案
2018-09-24 01:26:08,682 - mylogger - INFO - 本题结束
2018-09-24 01:26:08,682 - mylogger - INFO - 获取题目
2018-09-24 01:26:11,666 - mylogger - INFO - 第 4 题
2018-09-24 01:26:12,010 - mylogger - INFO - “开皇之治”是发生在我国哪个朝代的盛世？
2018-09-24 01:26:12,853 - mylogger - INFO - ['隋', '唐', '秦']
2018-09-24 01:26:12,853 - mylogger - INFO - 数据库中检索答案
2018-09-24 01:26:12,853 - mylogger - INFO - 数据中无答案
2018-09-24 01:26:13,681 - mylogger - INFO - 在线检索答案：隋
2018-09-24 01:26:13,681 - mylogger - INFO - 我的答案：隋
2018-09-24 01:26:14,197 - mylogger - INFO - 选择选项
2018-09-24 01:26:16,602 - mylogger - INFO - 答案正确
2018-09-24 01:26:16,618 - mylogger - INFO - 更新答案
2018-09-24 01:26:19,133 - mylogger - INFO - 本题结束
2018-09-24 01:26:19,149 - mylogger - INFO - 获取题目
2018-09-24 01:26:21,023 - mylogger - INFO - 第 5 题
2018-09-24 01:26:21,351 - mylogger - INFO - 卓别林是哪国人？
2018-09-24 01:26:22,398 - mylogger - INFO - ['法国', '意大利', '英国']
2018-09-24 01:26:22,398 - mylogger - INFO - 数据库中检索答案
2018-09-24 01:26:22,398 - mylogger - INFO - 我的答案：英国
2018-09-24 01:26:22,945 - mylogger - INFO - 选择选项
2018-09-24 01:26:25,335 - mylogger - INFO - 答案正确
2018-09-24 01:26:25,335 - mylogger - INFO - 更新答案
2018-09-24 01:26:31,161 - mylogger - INFO - 本题结束
2018-09-24 01:26:31,271 - mylogger - INFO - 本场比赛结束
2018-09-24 01:26:31,521 - mylogger - INFO - 返回游戏页面
2018-09-24 01:26:33,067 - mylogger - INFO - 进入排位赛
2018-09-24 01:26:33,083 - mylogger - INFO - 正在匹配中......
2018-09-24 01:26:46,736 - mylogger - INFO - 匹配成功
2018-09-24 01:26:46,736 - mylogger - INFO - 获取题目
2018-09-24 01:26:49,688 - mylogger - INFO - 第 1 题
2018-09-24 01:26:49,954 - mylogger - INFO - 日全食时，太阳光被什么挡住了？
2018-09-24 01:26:50,782 - mylogger - INFO - ['月亮', '金星', '水星']
2018-09-24 01:26:50,797 - mylogger - INFO - 数据库中检索答案
2018-09-24 01:26:50,797 - mylogger - INFO - 数据中无答案
2018-09-24 01:26:52,703 - mylogger - INFO - 在线检索答案：月亮
2018-09-24 01:26:52,703 - mylogger - INFO - 我的答案：月亮
2018-09-24 01:26:53,219 - mylogger - INFO - 选择选项
2018-09-24 01:26:55,593 - mylogger - INFO - 答案正确
2018-09-24 01:26:55,593 - mylogger - INFO - 更新答案
2018-09-24 01:26:56,983 - mylogger - INFO - 本题结束
2018-09-24 01:26:56,983 - mylogger - INFO - 获取题目
2018-09-24 01:26:58,749 - mylogger - INFO - 第 2 题
2018-09-24 01:26:59,077 - mylogger - INFO - 昆明犬是以下哪种功能的狗?
2018-09-24 01:26:59,983 - mylogger - INFO - ['工作犬', '梗类犬', '玩具犬']
2018-09-24 01:26:59,983 - mylogger - INFO - 数据库中检索答案
2018-09-24 01:26:59,983 - mylogger - INFO - 数据中无答案
2018-09-24 01:27:00,889 - mylogger - INFO - 在线检索答案：
2018-09-24 01:27:00,889 - mylogger - INFO - 我的答案：工作犬
2018-09-24 01:27:01,373 - mylogger - INFO - 选择选项
2018-09-24 01:27:03,763 - mylogger - INFO - 答案正确
2018-09-24 01:27:03,763 - mylogger - INFO - 更新答案
2018-09-24 01:27:06,184 - mylogger - INFO - 本题结束
2018-09-24 01:27:06,184 - mylogger - INFO - 获取题目
2018-09-24 01:27:07,903 - mylogger - INFO - 第 3 题
2018-09-24 01:27:08,184 - mylogger - INFO - 铜锈的颜色是什么色？
2018-09-24 01:27:08,949 - mylogger - INFO - ['红色', '黄色', '翠绿色']
2018-09-24 01:27:08,949 - mylogger - INFO - 数据库中检索答案
2018-09-24 01:27:08,949 - mylogger - INFO - 数据中无答案
2018-09-24 01:27:09,762 - mylogger - INFO - 在线检索答案：红色
2018-09-24 01:27:09,762 - mylogger - INFO - 我的答案：红色
2018-09-24 01:27:10,293 - mylogger - INFO - 选择选项
2018-09-24 01:27:12,683 - mylogger - INFO - 答案错误
2018-09-24 01:27:12,917 - mylogger - INFO - 正确答案；翠绿色
2018-09-24 01:27:12,917 - mylogger - INFO - 更新答案
2018-09-24 01:27:14,261 - mylogger - INFO - 本题结束
2018-09-24 01:27:14,261 - mylogger - INFO - 获取题目
2018-09-24 01:27:15,963 - mylogger - INFO - 第 4 题
2018-09-24 01:27:16,307 - mylogger - INFO - 《森林法实施细则》规定，全国森林覆盖率的奋斗目标为：
2018-09-24 01:27:17,151 - mylogger - INFO - ['百分之二十', '百分之二十五', '百分之三十']
2018-09-24 01:27:17,166 - mylogger - INFO - 数据库中检索答案
2018-09-24 01:27:17,166 - mylogger - INFO - 我的答案：百分之三十
2018-09-24 01:27:17,744 - mylogger - INFO - 选择选项
2018-09-24 01:27:20,322 - mylogger - INFO - 答案正确
2018-09-24 01:27:20,322 - mylogger - INFO - 更新答案
2018-09-24 01:27:22,774 - mylogger - INFO - 本题结束
2018-09-24 01:27:22,774 - mylogger - INFO - 获取题目
2018-09-24 01:27:25,664 - mylogger - INFO - 第 5 题
2018-09-24 01:27:25,945 - mylogger - INFO - “一阳初夏中大吕，谷粟为粥和豆煮。”腊八粥的主要材料是？
2018-09-24 01:27:26,789 - mylogger - INFO - ['谷类', '面粉', '杂粮']
2018-09-24 01:27:26,789 - mylogger - INFO - 数据库中检索答案
2018-09-24 01:27:26,789 - mylogger - INFO - 数据中无答案
2018-09-24 01:27:31,460 - mylogger - INFO - 在线检索答案：
2018-09-24 01:27:31,460 - mylogger - INFO - 我的答案：谷类
2018-09-24 01:27:31,960 - mylogger - INFO - 选择选项
2018-09-24 01:27:34,334 - mylogger - INFO - 答案正确
2018-09-24 01:27:34,334 - mylogger - INFO - 更新答案
2018-09-24 01:27:35,740 - mylogger - INFO - 本题结束
2018-09-24 01:27:35,849 - mylogger - INFO - 本场比赛结束
2018-09-24 01:27:36,115 - mylogger - INFO - 返回游戏页面
2018-09-24 01:27:37,661 - mylogger - INFO - 进入排位赛
2018-09-24 01:27:37,661 - mylogger - INFO - 正在匹配中......
2018-09-24 01:28:38,580 - mylogger - WARNING - 匹配失败
2018-09-24 01:28:38,829 - mylogger - INFO - 返回游戏页面
2018-09-24 01:28:40,376 - mylogger - INFO - 进入排位赛
2018-09-24 01:28:40,376 - mylogger - INFO - 正在匹配中......
2018-09-24 01:29:25,287 - mylogger - INFO - 匹配成功
2018-09-24 01:29:25,287 - mylogger - INFO - 获取题目
2018-09-24 01:29:28,505 - mylogger - INFO - 第 1 题
2018-09-24 01:29:28,771 - mylogger - INFO - “双味火锅”的我们通常称之为什么火锅？
2018-09-24 01:29:29,614 - mylogger - INFO - ['凤凰', '双拼', '鸳鸯']
2018-09-24 01:29:29,614 - mylogger - INFO - 数据库中检索答案
2018-09-24 01:29:29,614 - mylogger - INFO - 数据中无答案
2018-09-24 01:29:31,708 - mylogger - INFO - 在线检索答案：鸳鸯
2018-09-24 01:29:31,708 - mylogger - INFO - 我的答案：鸳鸯
2018-09-24 01:29:32,161 - mylogger - INFO - 选择选项
2018-09-24 01:29:34,519 - mylogger - INFO - 答案正确
2018-09-24 01:29:34,519 - mylogger - INFO - 更新答案
2018-09-24 01:29:35,863 - mylogger - INFO - 本题结束
2018-09-24 01:29:35,863 - mylogger - INFO - 获取题目
2018-09-24 01:29:37,613 - mylogger - INFO - 第 2 题
2018-09-24 01:29:37,941 - mylogger - INFO - 骡子是哪两种动物交配产下的后代？
2018-09-24 01:29:38,925 - mylogger - INFO - ['马和驴', '驴和羊', '牛和驴']
2018-09-24 01:29:38,956 - mylogger - INFO - 数据库中检索答案
2018-09-24 01:29:38,956 - mylogger - INFO - 数据中无答案
2018-09-24 01:29:44,595 - mylogger - INFO - 在线检索答案：马和驴
2018-09-24 01:29:44,595 - mylogger - INFO - 我的答案：马和驴
2018-09-24 01:29:45,126 - mylogger - INFO - 选择选项
2018-09-24 01:29:47,470 - mylogger - INFO - 答案正确
2018-09-24 01:29:47,470 - mylogger - INFO - 更新答案
2018-09-24 01:29:48,813 - mylogger - INFO - 本题结束
2018-09-24 01:29:48,813 - mylogger - INFO - 获取题目
2018-09-24 01:29:50,594 - mylogger - INFO - 第 3 题
2018-09-24 01:29:50,875 - mylogger - INFO - 发生化学灼伤，首先应该如何处理？
2018-09-24 01:29:51,719 - mylogger - INFO - ['做人工呼吸', '用清洁的水冲洗', '送往医院']
2018-09-24 01:29:51,719 - mylogger - INFO - 数据库中检索答案
2018-09-24 01:29:51,719 - mylogger - INFO - 数据中无答案
2018-09-24 01:29:58,420 - mylogger - INFO - 在线检索答案：送往医院
2018-09-24 01:29:58,420 - mylogger - INFO - 我的答案：送往医院
2018-09-24 01:29:58,936 - mylogger - INFO - 选择选项
2018-09-24 01:30:01,293 - mylogger - INFO - 答案错误
2018-09-24 01:30:01,511 - mylogger - INFO - 正确答案；用清洁的水冲洗
2018-09-24 01:30:01,511 - mylogger - INFO - 更新答案
2018-09-24 01:30:02,902 - mylogger - INFO - 本题结束
2018-09-24 01:30:02,902 - mylogger - INFO - 获取题目
2018-09-24 01:30:04,745 - mylogger - INFO - 第 4 题
2018-09-24 01:30:05,042 - mylogger - INFO - “春分后十五日，斗指丁，为清明。”下列说法与清明不符的是
2018-09-24 01:30:05,948 - mylogger - INFO - ['清明前后,点瓜种豆', '忽如一夜春风来', '清明时节雨纷纷']
2018-09-24 01:30:05,948 - mylogger - INFO - 数据库中检索答案
2018-09-24 01:30:05,948 - mylogger - INFO - 我的答案：忽如一夜春风来
2018-09-24 01:30:06,479 - mylogger - INFO - 选择选项
2018-09-24 01:30:08,869 - mylogger - INFO - 答案正确
2018-09-24 01:30:08,869 - mylogger - INFO - 更新答案
2018-09-24 01:30:12,555 - mylogger - INFO - 本题结束
2018-09-24 01:30:12,555 - mylogger - INFO - 获取题目
2018-09-24 01:30:14,399 - mylogger - INFO - 第 5 题
2018-09-24 01:30:14,680 - mylogger - INFO - 水俣病产生的原因是？
2018-09-24 01:30:15,586 - mylogger - INFO - ['汞中毒', '铅中毒', '氨中毒']
2018-09-24 01:30:15,586 - mylogger - INFO - 数据库中检索答案
2018-09-24 01:30:15,586 - mylogger - INFO - 数据中无答案
2018-09-24 01:30:16,383 - mylogger - INFO - 在线检索答案：汞中毒
2018-09-24 01:30:16,383 - mylogger - INFO - 我的答案：汞中毒
2018-09-24 01:30:16,883 - mylogger - INFO - 选择选项
2018-09-24 01:30:19,304 - mylogger - INFO - 答案正确
2018-09-24 01:30:19,304 - mylogger - INFO - 更新答案
2018-09-24 01:30:24,131 - mylogger - INFO - 本题结束
2018-09-24 01:30:24,241 - mylogger - INFO - 本场比赛结束
2018-09-24 01:30:24,506 - mylogger - INFO - 返回游戏页面
2018-09-24 01:30:25,990 - mylogger - INFO - 进入排位赛
2018-09-24 01:30:25,990 - mylogger - INFO - 正在匹配中......
2018-09-24 01:31:26,726 - mylogger - WARNING - 匹配失败
2018-09-24 01:31:26,976 - mylogger - INFO - 返回游戏页面
2018-09-24 01:31:28,452 - mylogger - INFO - 进入排位赛
2018-09-24 01:31:28,452 - mylogger - INFO - 正在匹配中......
2018-09-24 01:31:35,372 - mylogger - INFO - 匹配成功
2018-09-24 01:31:35,372 - mylogger - INFO - 获取题目
2018-09-24 01:31:38,262 - mylogger - INFO - 第 1 题
2018-09-24 01:31:38,544 - mylogger - INFO - "司空见惯"中的"司空"是指
2018-09-24 01:31:39,403 - mylogger - INFO - ['一种艺术', '一种官职', '一种僧人']
2018-09-24 01:32:40,184 - mylogger - INFO - 进入排位赛
2018-09-24 01:32:40,184 - mylogger - INFO - 正在匹配中......
2018-09-24 01:33:40,343 - mylogger - WARNING - 匹配失败
2018-09-24 01:33:40,609 - mylogger - INFO - 返回游戏页面
2018-09-24 01:33:42,124 - mylogger - INFO - 进入排位赛
2018-09-24 01:33:42,124 - mylogger - INFO - 正在匹配中......
2018-09-24 01:34:01,666 - mylogger - INFO - 匹配成功
2018-09-24 01:34:01,666 - mylogger - INFO - 获取题目
2018-09-24 01:34:04,650 - mylogger - INFO - 第 1 题
2018-09-24 01:34:04,931 - mylogger - INFO - 麻将桌上，大伯打出一张牌，小明手中刚好有两张相同的牌，他可以：
2018-09-24 01:34:05,759 - mylogger - INFO - ['吃', '碰', '胡']
2018-09-24 01:34:05,759 - mylogger - INFO - 数据库中检索答案
2018-09-24 01:34:05,759 - mylogger - INFO - 数据中无答案
2018-09-24 01:34:06,664 - mylogger - INFO - 在线检索答案：胡
2018-09-24 01:34:06,664 - mylogger - INFO - 我的答案：胡
2018-09-24 01:34:07,336 - mylogger - INFO - 选择选项
2018-09-24 01:34:09,852 - mylogger - INFO - 答案错误
2018-09-24 01:34:10,039 - mylogger - INFO - 正确答案；碰
2018-09-24 01:34:10,039 - mylogger - INFO - 更新答案
2018-09-24 01:34:19,256 - mylogger - INFO - 本题结束
2018-09-24 01:34:19,271 - mylogger - INFO - 获取题目
2018-09-24 01:34:21,177 - mylogger - INFO - 第 2 题
2018-09-24 01:34:21,505 - mylogger - INFO - 青蒿素是谁发现的？
2018-09-24 01:34:22,427 - mylogger - INFO - ['叶天士', '弗莱明', '屠呦呦']
2018-09-24 01:34:22,427 - mylogger - INFO - 数据库中检索答案
2018-09-24 01:34:22,442 - mylogger - INFO - 数据中无答案
2018-09-24 01:34:23,191 - mylogger - INFO - 在线检索答案：屠呦呦
2018-09-24 01:34:23,191 - mylogger - INFO - 我的答案：屠呦呦
2018-09-24 01:34:23,754 - mylogger - INFO - 选择选项
2018-09-24 01:34:26,097 - mylogger - INFO - 答案正确
2018-09-24 01:34:26,097 - mylogger - INFO - 更新答案
2018-09-24 01:34:27,488 - mylogger - INFO - 本题结束
2018-09-24 01:34:27,488 - mylogger - INFO - 获取题目
2018-09-24 01:34:29,300 - mylogger - INFO - 第 3 题
2018-09-24 01:34:29,660 - mylogger - INFO - 以下哪个地区是我国年画的重要产地？
2018-09-24 01:34:30,566 - mylogger - INFO - ['苏州桃花坞', '北京大栅栏', '上海城隍庙']
2018-09-24 01:34:30,580 - mylogger - INFO - 数据库中检索答案
2018-09-24 01:34:30,580 - mylogger - INFO - 数据中无答案
2018-09-24 01:34:34,376 - mylogger - INFO - 在线检索答案：苏州桃花坞
2018-09-24 01:34:34,376 - mylogger - INFO - 我的答案：苏州桃花坞
2018-09-24 01:34:34,970 - mylogger - INFO - 选择选项
2018-09-24 01:34:37,345 - mylogger - INFO - 答案正确
2018-09-24 01:34:37,345 - mylogger - INFO - 更新答案
2018-09-24 01:34:38,704 - mylogger - INFO - 本题结束
2018-09-24 01:34:38,704 - mylogger - INFO - 获取题目
2018-09-24 01:34:40,437 - mylogger - INFO - 第 4 题
2018-09-24 01:34:40,704 - mylogger - INFO - 被誉为"欧元之父"的是：
2018-09-24 01:34:41,594 - mylogger - INFO - ['李．德福雷斯特', '罗伯特·蒙代尔', '科尼普坎普']
2018-09-24 01:35:42,346 - mylogger - INFO - 进入排位赛
2018-09-24 01:35:42,346 - mylogger - INFO - 正在匹配中......
2018-09-24 01:36:41,753 - mylogger - INFO - 匹配成功
2018-09-24 01:36:41,753 - mylogger - INFO - 获取题目
2018-09-24 01:36:44,752 - mylogger - INFO - 第 1 题
2018-09-24 01:36:45,033 - mylogger - INFO - 哪一项是啄木鸟钻树洞的主要原因？
2018-09-24 01:36:45,893 - mylogger - INFO - ['做游戏', '觅食', '觉得自己很帅']
2018-09-24 01:36:45,893 - mylogger - INFO - 数据库中检索答案
2018-09-24 01:36:45,893 - mylogger - INFO - 数据中无答案
2018-09-24 01:36:47,267 - mylogger - INFO - 在线检索答案：
2018-09-24 01:36:47,267 - mylogger - INFO - 我的答案：做游戏
2018-09-24 01:36:47,830 - mylogger - INFO - 选择选项
2018-09-24 01:36:50,220 - mylogger - INFO - 答案错误
2018-09-24 01:36:50,407 - mylogger - INFO - 正确答案；觅食
2018-09-24 01:36:50,407 - mylogger - INFO - 更新答案
2018-09-24 01:36:51,720 - mylogger - INFO - 本题结束
2018-09-24 01:36:51,735 - mylogger - INFO - 获取题目
2018-09-24 01:36:53,547 - mylogger - INFO - 第 2 题
2018-09-24 01:36:53,876 - mylogger - INFO - 哈利波特的作者是谁？
2018-09-24 01:36:54,766 - mylogger - INFO - ['苏珊·柯林斯', 'J·K·罗琳', '乔治·R·R·马丁']
2018-09-24 01:36:54,766 - mylogger - INFO - 数据库中检索答案
2018-09-24 01:36:54,766 - mylogger - INFO - 数据中无答案
2018-09-24 01:36:55,499 - mylogger - INFO - 在线检索答案：J·K·罗琳
2018-09-24 01:36:55,499 - mylogger - INFO - 我的答案：J·K·罗琳
2018-09-24 01:36:56,016 - mylogger - INFO - 选择选项
2018-09-24 01:36:58,312 - mylogger - INFO - 答案正确
2018-09-24 01:36:58,312 - mylogger - INFO - 更新答案
2018-09-24 01:37:00,764 - mylogger - INFO - 本题结束
2018-09-24 01:37:00,764 - mylogger - INFO - 获取题目
2018-09-24 01:37:03,717 - mylogger - INFO - 第 3 题
2018-09-24 01:37:03,998 - mylogger - INFO - 以下“吃鸡”模式的手游属于网易的是
2018-09-24 01:37:04,841 - mylogger - INFO - ['荒野行动', '地下城与勇士', '小米吃鸡']
2018-09-24 01:37:04,841 - mylogger - INFO - 数据库中检索答案
2018-09-24 01:37:04,841 - mylogger - INFO - 数据中无答案
2018-09-24 01:37:07,262 - mylogger - INFO - 在线检索答案：荒野行动
2018-09-24 01:37:07,262 - mylogger - INFO - 我的答案：荒野行动
2018-09-24 01:37:07,903 - mylogger - INFO - 选择选项
2018-09-24 01:37:10,294 - mylogger - INFO - 答案正确
2018-09-24 01:37:10,294 - mylogger - INFO - 更新答案
2018-09-24 01:37:11,668 - mylogger - INFO - 本题结束
2018-09-24 01:37:11,668 - mylogger - INFO - 获取题目
2018-09-24 01:37:13,511 - mylogger - INFO - 第 4 题
2018-09-24 01:37:13,871 - mylogger - INFO - 以下哪位不是《听风者》的主要演员？
2018-09-24 01:37:14,886 - mylogger - INFO - ['凯特·温丝莱特', '梁朝伟', '周迅']
2018-09-24 01:37:14,886 - mylogger - INFO - 数据库中检索答案
2018-09-24 01:37:14,886 - mylogger - INFO - 数据中无答案
2018-09-24 01:37:15,870 - mylogger - INFO - 在线检索答案：凯特·温丝莱特
2018-09-24 01:37:15,870 - mylogger - INFO - 我的答案：凯特·温丝莱特
2018-09-24 01:37:16,448 - mylogger - INFO - 选择选项
2018-09-24 01:37:18,822 - mylogger - INFO - 答案正确
2018-09-24 01:37:18,822 - mylogger - INFO - 更新答案
2018-09-24 01:37:20,119 - mylogger - INFO - 本题结束
2018-09-24 01:37:20,135 - mylogger - INFO - 获取题目
2018-09-24 01:37:23,008 - mylogger - INFO - 第 5 题
2018-09-24 01:37:23,243 - mylogger - INFO - 武夷山位于哪两个省份的交界处？
2018-09-24 01:37:24,149 - mylogger - INFO - ['江苏和福建', '江西和福建', '浙江和福建']
2018-09-24 01:37:24,149 - mylogger - INFO - 数据库中检索答案
2018-09-24 01:37:24,149 - mylogger - INFO - 数据中无答案
2018-09-24 01:37:24,758 - mylogger - INFO - 在线检索答案：
2018-09-24 01:37:24,758 - mylogger - INFO - 我的答案：江苏和福建
2018-09-24 01:37:25,306 - mylogger - INFO - 选择选项
2018-09-24 01:37:27,742 - mylogger - INFO - 答案错误
2018-09-24 01:37:27,852 - mylogger - INFO - 正确答案；江西和福建
2018-09-24 01:37:27,852 - mylogger - INFO - 更新答案
2018-09-24 01:37:31,507 - mylogger - INFO - 本题结束
2018-09-24 01:37:31,694 - mylogger - INFO - 本场比赛结束
2018-09-24 01:37:31,945 - mylogger - INFO - 返回游戏页面
2018-09-24 01:37:33,491 - mylogger - INFO - 进入排位赛
2018-09-24 01:37:33,491 - mylogger - INFO - 正在匹配中......
2018-09-24 01:38:06,358 - mylogger - INFO - 匹配成功
2018-09-24 01:38:06,358 - mylogger - INFO - 获取题目
2018-09-24 01:38:09,498 - mylogger - INFO - 第 1 题
2018-09-24 01:38:09,748 - mylogger - INFO - 世界上的四大棋类包括中国象棋、国际象棋、将棋和哪种棋？
2018-09-24 01:38:10,639 - mylogger - INFO - ['军旗', '五子棋', '围棋']
2018-09-24 01:38:10,639 - mylogger - INFO - 数据库中检索答案
2018-09-24 01:38:10,639 - mylogger - INFO - 数据中无答案
2018-09-24 01:38:11,466 - mylogger - INFO - 在线检索答案：围棋
2018-09-24 01:38:11,466 - mylogger - INFO - 我的答案：围棋
2018-09-24 01:38:12,013 - mylogger - INFO - 选择选项
2018-09-24 01:38:14,481 - mylogger - INFO - 答案正确
2018-09-24 01:38:14,481 - mylogger - INFO - 更新答案
2018-09-24 01:38:16,934 - mylogger - INFO - 本题结束
2018-09-24 01:38:16,934 - mylogger - INFO - 获取题目
2018-09-24 01:38:18,746 - mylogger - INFO - 第 2 题
2018-09-24 01:38:19,027 - mylogger - INFO - 《马达加斯加》的主角是哪种类型？
2018-09-24 01:38:19,902 - mylogger - INFO - ['一群动物', '一群玩具', '一群汽车']
2018-09-24 01:38:19,902 - mylogger - INFO - 数据库中检索答案
2018-09-24 01:38:19,902 - mylogger - INFO - 数据中无答案
2018-09-24 01:38:25,541 - mylogger - INFO - 在线检索答案：
2018-09-24 01:38:25,541 - mylogger - INFO - 我的答案：一群动物
2018-09-24 01:38:26,119 - mylogger - INFO - 选择选项
2018-09-24 01:38:28,603 - mylogger - INFO - 答案正确
2018-09-24 01:38:28,603 - mylogger - INFO - 更新答案
2018-09-24 01:38:29,962 - mylogger - INFO - 本题结束
2018-09-24 01:38:29,962 - mylogger - INFO - 获取题目
2018-09-24 01:38:31,774 - mylogger - INFO - 第 3 题
2018-09-24 01:38:32,056 - mylogger - INFO - 老年痴呆症又叫什么？
2018-09-24 01:38:32,962 - mylogger - INFO - ['失语症', '阿尔茨海默病', '帕金森病']
2018-09-24 01:38:32,962 - mylogger - INFO - 数据库中检索答案
2018-09-24 01:38:32,962 - mylogger - INFO - 数据中无答案
2018-09-24 01:38:33,679 - mylogger - INFO - 在线检索答案：阿尔茨海默病
2018-09-24 01:38:33,679 - mylogger - INFO - 我的答案：阿尔茨海默病
2018-09-24 01:38:34,258 - mylogger - INFO - 选择选项
2018-09-24 01:38:36,648 - mylogger - INFO - 答案正确
2018-09-24 01:38:36,648 - mylogger - INFO - 更新答案
2018-09-24 01:38:38,038 - mylogger - INFO - 本题结束
2018-09-24 01:38:38,038 - mylogger - INFO - 获取题目
2018-09-24 01:38:39,851 - mylogger - INFO - 第 4 题
2018-09-24 01:38:40,193 - mylogger - INFO - 以下哪位明星不是嘉行传媒旗下的艺人？
2018-09-24 01:38:41,084 - mylogger - INFO - ['李溪芮', '金翰', '高伟光']
2018-09-24 01:38:41,099 - mylogger - INFO - 数据库中检索答案
2018-09-24 01:38:41,099 - mylogger - INFO - 数据中无答案
2018-09-24 01:38:41,787 - mylogger - INFO - 在线检索答案：李溪芮
2018-09-24 01:38:41,787 - mylogger - INFO - 我的答案：李溪芮
2018-09-24 01:38:42,350 - mylogger - INFO - 选择选项
2018-09-24 01:38:44,818 - mylogger - INFO - 答案错误
2018-09-24 01:38:44,927 - mylogger - INFO - 正确答案；金翰
2018-09-24 01:38:44,927 - mylogger - INFO - 更新答案
2018-09-24 01:38:47,411 - mylogger - INFO - 本题结束
2018-09-24 01:38:47,411 - mylogger - INFO - 获取题目
2018-09-24 01:38:50,332 - mylogger - INFO - 第 5 题
2018-09-24 01:38:50,629 - mylogger - INFO - 判断洛伦兹力的方法是什么？
2018-09-24 01:38:51,582 - mylogger - INFO - ['左手定则', '右手定则', '能量守恒定律']
2018-09-24 01:38:51,582 - mylogger - INFO - 数据库中检索答案
2018-09-24 01:38:51,582 - mylogger - INFO - 数据中无答案
2018-09-24 01:38:52,316 - mylogger - INFO - 在线检索答案：左手定则
2018-09-24 01:38:52,316 - mylogger - INFO - 我的答案：左手定则
2018-09-24 01:38:52,832 - mylogger - INFO - 选择选项
2018-09-24 01:38:55,269 - mylogger - INFO - 答案正确
2018-09-24 01:38:55,269 - mylogger - INFO - 更新答案
2018-09-24 01:38:56,722 - mylogger - INFO - 本题结束
2018-09-24 01:38:56,846 - mylogger - INFO - 本场比赛结束
2018-09-24 01:38:57,096 - mylogger - INFO - 返回游戏页面
2018-09-24 01:38:58,565 - mylogger - INFO - 进入排位赛
2018-09-24 01:38:58,565 - mylogger - INFO - 正在匹配中......
2018-09-24 01:39:59,441 - mylogger - WARNING - 匹配失败
2018-09-24 01:39:59,691 - mylogger - INFO - 返回游戏页面
2018-09-24 01:40:01,160 - mylogger - INFO - 进入排位赛
2018-09-24 01:40:01,160 - mylogger - INFO - 正在匹配中......
2018-09-24 01:41:01,942 - mylogger - WARNING - 匹配失败
2018-09-24 01:41:02,176 - mylogger - INFO - 返回游戏页面
2018-09-24 01:41:03,676 - mylogger - INFO - 进入排位赛
2018-09-24 01:41:03,691 - mylogger - INFO - 正在匹配中......
2018-09-24 01:41:35,996 - mylogger - INFO - 匹配成功
2018-09-24 01:41:35,996 - mylogger - INFO - 获取题目
2018-09-24 01:41:39,027 - mylogger - INFO - 第 1 题
2018-09-24 01:41:39,308 - mylogger - INFO - “圣罗兰”是哪个国家的时尚品牌？
2018-09-24 01:41:40,276 - mylogger - INFO - ['法国', '西班牙', '丹麦']
2018-09-24 01:41:40,292 - mylogger - INFO - 数据库中检索答案
2018-09-24 01:41:40,292 - mylogger - INFO - 数据中无答案
2018-09-24 01:41:41,010 - mylogger - INFO - 在线检索答案：法国
2018-09-24 01:41:41,010 - mylogger - INFO - 我的答案：法国
2018-09-24 01:41:41,526 - mylogger - INFO - 选择选项
2018-09-24 01:41:43,901 - mylogger - INFO - 答案正确
2018-09-24 01:41:43,901 - mylogger - INFO - 更新答案
2018-09-24 01:41:45,244 - mylogger - INFO - 本题结束
2018-09-24 01:41:45,244 - mylogger - INFO - 获取题目
2018-09-24 01:41:47,056 - mylogger - INFO - 第 2 题
2018-09-24 01:41:47,368 - mylogger - INFO - 某单元的4位住户家里都养了1条狗，请问他们每家养了几条狗？
2018-09-24 01:41:48,212 - mylogger - INFO - ['2条', '16条', '1条']
2018-09-24 01:41:48,212 - mylogger - INFO - 数据库中检索答案
2018-09-24 01:41:48,212 - mylogger - INFO - 我的答案：1条
2018-09-24 01:41:48,837 - mylogger - INFO - 选择选项
2018-09-24 01:41:51,243 - mylogger - INFO - 答案正确
2018-09-24 01:41:51,243 - mylogger - INFO - 更新答案
2018-09-24 01:41:55,929 - mylogger - INFO - 本题结束
2018-09-24 01:41:55,929 - mylogger - INFO - 获取题目
2018-09-24 01:41:58,772 - mylogger - INFO - 第 3 题
2018-09-24 01:41:59,053 - mylogger - INFO - 世界上第一台坦克是哪国发明的？
2018-09-24 01:42:00,069 - mylogger - INFO - ['德国', '英国', '俄罗斯']
2018-09-24 01:42:00,084 - mylogger - INFO - 数据库中检索答案
2018-09-24 01:42:00,084 - mylogger - INFO - 数据中无答案
2018-09-24 01:42:01,271 - mylogger - INFO - 在线检索答案：英国
2018-09-24 01:42:01,271 - mylogger - INFO - 我的答案：英国
2018-09-24 01:42:01,834 - mylogger - INFO - 选择选项
2018-09-24 01:42:04,287 - mylogger - INFO - 答案正确
2018-09-24 01:42:04,287 - mylogger - INFO - 更新答案
2018-09-24 01:42:05,614 - mylogger - INFO - 本题结束
2018-09-24 01:42:05,614 - mylogger - INFO - 获取题目
2018-09-24 01:42:07,504 - mylogger - INFO - 第 4 题
2018-09-24 01:42:07,770 - mylogger - INFO - 吴哥王朝南迁是由于哪个民族后裔入侵？
2018-09-24 01:42:08,708 - mylogger - INFO - ['泰人', '高棉人', '越南人']
2018-09-24 01:42:08,708 - mylogger - INFO - 数据库中检索答案
2018-09-24 01:42:08,708 - mylogger - INFO - 数据中无答案
2018-09-24 01:42:09,644 - mylogger - INFO - 在线检索答案：高棉人
2018-09-24 01:42:09,644 - mylogger - INFO - 我的答案：高棉人
2018-09-24 01:42:10,192 - mylogger - INFO - 选择选项
2018-09-24 01:42:12,581 - mylogger - INFO - 答案错误
2018-09-24 01:42:12,691 - mylogger - INFO - 正确答案；泰人
2018-09-24 01:42:12,691 - mylogger - INFO - 更新答案
2018-09-24 01:42:15,128 - mylogger - INFO - 本题结束
2018-09-24 01:42:15,128 - mylogger - INFO - 获取题目
2018-09-24 01:42:16,971 - mylogger - INFO - 第 5 题
2018-09-24 01:42:17,299 - mylogger - INFO - 中国队在第几届苏迪曼杯中成功卫冕实现苏杯六连冠？
2018-09-24 01:42:18,283 - mylogger - INFO - ['第15届', '第13届', '第14届']
2018-09-24 01:42:18,283 - mylogger - INFO - 数据库中检索答案
2018-09-24 01:42:18,298 - mylogger - INFO - 数据中无答案
2018-09-24 01:42:19,126 - mylogger - INFO - 在线检索答案：第14届
2018-09-24 01:42:19,126 - mylogger - INFO - 我的答案：第14届
2018-09-24 01:42:19,643 - mylogger - INFO - 选择选项
2018-09-24 01:42:22,048 - mylogger - INFO - 答案正确
2018-09-24 01:42:22,048 - mylogger - INFO - 更新答案
2018-09-24 01:42:23,423 - mylogger - INFO - 本题结束
2018-09-24 01:42:23,578 - mylogger - INFO - 本场比赛结束
2018-09-24 01:42:23,829 - mylogger - INFO - 返回游戏页面
2018-09-24 01:42:25,344 - mylogger - INFO - 进入排位赛
2018-09-24 01:42:25,344 - mylogger - INFO - 正在匹配中......
2018-09-24 01:42:33,389 - mylogger - INFO - 匹配成功
2018-09-24 01:42:33,389 - mylogger - INFO - 获取题目
2018-09-24 01:42:36,451 - mylogger - INFO - 第 1 题
2018-09-24 01:42:36,732 - mylogger - INFO - 在电影《霸王别姬》剧中，张国荣所扮演的是哪个角色？
2018-09-24 01:42:37,637 - mylogger - INFO - ['小豆子', '程蝶衣', '袁世卿']
2018-09-24 01:42:37,637 - mylogger - INFO - 数据库中检索答案
2018-09-24 01:42:37,637 - mylogger - INFO - 数据中无答案
2018-09-24 01:42:38,450 - mylogger - INFO - 在线检索答案：程蝶衣
2018-09-24 01:42:38,450 - mylogger - INFO - 我的答案：程蝶衣
2018-09-24 01:42:39,012 - mylogger - INFO - 选择选项
2018-09-24 01:42:41,403 - mylogger - INFO - 答案正确
2018-09-24 01:42:41,403 - mylogger - INFO - 更新答案
2018-09-24 01:42:42,731 - mylogger - INFO - 本题结束
2018-09-24 01:42:42,746 - mylogger - INFO - 获取题目
2018-09-24 01:42:44,543 - mylogger - INFO - 第 2 题
2018-09-24 01:42:44,871 - mylogger - INFO - 下列选项中，3能被哪个数整除？
2018-09-24 01:42:45,933 - mylogger - INFO - ['1151', '1150', '1155']
2018-09-24 01:42:45,933 - mylogger - INFO - 数据库中检索答案
2018-09-24 01:42:45,933 - mylogger - INFO - 数据中无答案
2018-09-24 01:42:46,635 - mylogger - INFO - 在线检索答案：
2018-09-24 01:42:46,635 - mylogger - INFO - 我的答案：1151
2018-09-24 01:42:47,182 - mylogger - INFO - 选择选项
2018-09-24 01:42:49,588 - mylogger - INFO - 答案错误
2018-09-24 01:42:49,792 - mylogger - INFO - 正确答案；1155
2018-09-24 01:42:49,792 - mylogger - INFO - 更新答案
2018-09-24 01:42:54,509 - mylogger - INFO - 本题结束
2018-09-24 01:42:54,525 - mylogger - INFO - 获取题目
2018-09-24 01:42:57,461 - mylogger - INFO - 第 3 题
2018-09-24 01:42:57,743 - mylogger - INFO - 电影《罗生门》《七武士》是哪位日本导演的作品？
2018-09-24 01:42:58,586 - mylogger - INFO - ['彦井俊二', '北野武', '黑泽明']
2018-09-24 01:42:58,586 - mylogger - INFO - 数据库中检索答案
2018-09-24 01:42:58,586 - mylogger - INFO - 数据中无答案
2018-09-24 01:42:59,507 - mylogger - INFO - 在线检索答案：黑泽明
2018-09-24 01:42:59,507 - mylogger - INFO - 我的答案：黑泽明
2018-09-24 01:43:00,086 - mylogger - INFO - 选择选项
2018-09-24 01:43:02,492 - mylogger - INFO - 答案正确
2018-09-24 01:43:02,492 - mylogger - INFO - 更新答案
2018-09-24 01:43:12,864 - mylogger - INFO - 本题结束
2018-09-24 01:43:12,864 - mylogger - INFO - 获取题目
2018-09-24 01:43:13,505 - mylogger - INFO - 第 4 题
2018-09-24 01:43:13,880 - mylogger - INFO - 在《爱情公寓》中，角色陈美嘉的扮演者是谁？
2018-09-24 01:43:14,879 - mylogger - INFO - ['赵霁', '邓家佳', '李金铭']
2018-09-24 01:43:14,894 - mylogger - INFO - 数据库中检索答案
2018-09-24 01:43:14,894 - mylogger - INFO - 数据中无答案
2018-09-24 01:43:15,800 - mylogger - INFO - 在线检索答案：李金铭
2018-09-24 01:43:15,800 - mylogger - INFO - 我的答案：李金铭
2018-09-24 01:43:16,332 - mylogger - INFO - 选择选项
2018-09-24 01:44:20,926 - mylogger - INFO - 进入排位赛
2018-09-24 01:44:20,926 - mylogger - INFO - 正在匹配中......
2018-09-24 01:44:39,032 - mylogger - INFO - 匹配成功
2018-09-24 01:44:39,032 - mylogger - INFO - 获取题目
2018-09-24 01:44:42,234 - mylogger - INFO - 第 1 题
2018-09-24 01:44:42,515 - mylogger - INFO - 水星属于是什么类型的？
2018-09-24 01:44:43,343 - mylogger - INFO - ['卫星', '行星', '矮行星']
2018-09-24 01:44:43,343 - mylogger - INFO - 数据库中检索答案
2018-09-24 01:44:43,358 - mylogger - INFO - 数据中无答案
2018-09-24 01:44:44,045 - mylogger - INFO - 在线检索答案：行星
2018-09-24 01:44:44,061 - mylogger - INFO - 我的答案：行星
2018-09-24 01:44:44,639 - mylogger - INFO - 选择选项
2018-09-24 01:44:47,029 - mylogger - INFO - 答案正确
2018-09-24 01:44:47,029 - mylogger - INFO - 更新答案
2018-09-24 01:44:50,778 - mylogger - INFO - 本题结束
2018-09-24 01:44:50,778 - mylogger - INFO - 获取题目
2018-09-24 01:44:52,512 - mylogger - INFO - 第 2 题
2018-09-24 01:44:52,778 - mylogger - INFO - 邮票上的字母T表示什么意义？
2018-09-24 01:44:53,684 - mylogger - INFO - ['特种邮票', '小型张', '纪念邮票']
2018-09-24 01:44:53,684 - mylogger - INFO - 数据库中检索答案
2018-09-24 01:44:53,699 - mylogger - INFO - 数据中无答案
2018-09-24 01:44:53,949 - mylogger - INFO - 在线检索答案：特种邮票
2018-09-24 01:44:53,949 - mylogger - INFO - 我的答案：特种邮票
2018-09-24 01:44:54,528 - mylogger - INFO - 选择选项
2018-09-24 01:44:56,980 - mylogger - INFO - 答案正确
2018-09-24 01:44:56,980 - mylogger - INFO - 更新答案
2018-09-24 01:45:00,557 - mylogger - INFO - 本题结束
2018-09-24 01:45:00,557 - mylogger - INFO - 获取题目
2018-09-24 01:45:02,495 - mylogger - INFO - 第 3 题
2018-09-24 01:45:02,760 - mylogger - INFO - 在《蜡笔小新》中，小新的妈妈叫什么名字？
2018-09-24 01:45:03,682 - mylogger - INFO - ['美图', '美美', '美伢']
2018-09-24 01:45:03,697 - mylogger - INFO - 数据库中检索答案
2018-09-24 01:45:03,697 - mylogger - INFO - 数据中无答案
2018-09-24 01:45:04,556 - mylogger - INFO - 在线检索答案：美伢
2018-09-24 01:45:04,556 - mylogger - INFO - 我的答案：美伢
2018-09-24 01:45:05,103 - mylogger - INFO - 选择选项
2018-09-24 01:45:07,525 - mylogger - INFO - 答案正确
2018-09-24 01:45:07,525 - mylogger - INFO - 更新答案
2018-09-24 01:45:08,867 - mylogger - INFO - 本题结束
2018-09-24 01:45:08,867 - mylogger - INFO - 获取题目
2018-09-24 01:45:11,773 - mylogger - INFO - 第 4 题
2018-09-24 01:45:12,039 - mylogger - INFO - ZARA的第一家门店开设于哪里？
2018-09-24 01:45:12,977 - mylogger - INFO - ['东欧', '西班牙', '法国']
2018-09-24 01:45:12,977 - mylogger - INFO - 数据库中检索答案
2018-09-24 01:45:12,992 - mylogger - INFO - 数据中无答案
2018-09-24 01:45:13,679 - mylogger - INFO - 在线检索答案：西班牙
2018-09-24 01:45:13,679 - mylogger - INFO - 我的答案：西班牙
2018-09-24 01:45:14,273 - mylogger - INFO - 选择选项
2018-09-24 01:45:16,647 - mylogger - INFO - 答案正确
2018-09-24 01:45:16,647 - mylogger - INFO - 更新答案
2018-09-24 01:45:19,069 - mylogger - INFO - 本题结束
2018-09-24 01:45:19,084 - mylogger - INFO - 获取题目
2018-09-24 01:45:21,989 - mylogger - INFO - 第 5 题
2018-09-24 01:45:22,256 - mylogger - INFO - “愿我的传奇常留世人心中，永远鲜明如新“。是哪个设计师的名言？
2018-09-24 01:45:23,068 - mylogger - INFO - ['多娜泰拉·范思哲', '加布里埃·香奈儿', '卡尔·拉格斐']
2018-09-24 01:45:23,083 - mylogger - INFO - 数据库中检索答案
2018-09-24 01:45:23,098 - mylogger - INFO - 数据中无答案
2018-09-24 01:45:24,208 - mylogger - INFO - 在线检索答案：加布里埃·香奈儿
2018-09-24 01:45:24,208 - mylogger - INFO - 我的答案：加布里埃·香奈儿
2018-09-24 01:45:24,755 - mylogger - INFO - 选择选项
2018-09-24 01:45:27,129 - mylogger - INFO - 答案正确
2018-09-24 01:45:27,129 - mylogger - INFO - 更新答案
2018-09-24 01:45:31,972 - mylogger - INFO - 本题结束
2018-09-24 01:45:32,081 - mylogger - INFO - 本场比赛结束
2018-09-24 01:45:32,316 - mylogger - INFO - 返回游戏页面
2018-09-24 01:45:33,847 - mylogger - INFO - 进入排位赛
2018-09-24 01:45:33,862 - mylogger - INFO - 正在匹配中......
2018-09-24 01:46:34,504 - mylogger - WARNING - 匹配失败
2018-09-24 01:46:34,755 - mylogger - INFO - 返回游戏页面
2018-09-24 01:46:36,379 - mylogger - INFO - 进入排位赛
2018-09-24 01:46:36,379 - mylogger - INFO - 正在匹配中......
2018-09-24 01:47:28,179 - mylogger - INFO - 匹配成功
2018-09-24 01:47:28,179 - mylogger - INFO - 获取题目
2018-09-24 01:47:31,116 - mylogger - INFO - 第 1 题
2018-09-24 01:47:31,413 - mylogger - INFO - 在独龙族的节日“卡雀哇”节上，最重要的仪式是以什么祭天？
2018-09-24 01:47:32,241 - mylogger - INFO - ['羊', '牛', '马']
2018-09-24 01:47:32,241 - mylogger - INFO - 数据库中检索答案
2018-09-24 01:47:32,256 - mylogger - INFO - 数据中无答案
2018-09-24 01:47:33,084 - mylogger - INFO - 在线检索答案：牛
2018-09-24 01:47:33,084 - mylogger - INFO - 我的答案：牛
2018-09-24 01:47:33,600 - mylogger - INFO - 选择选项
2018-09-24 01:47:36,006 - mylogger - INFO - 答案正确
2018-09-24 01:47:36,006 - mylogger - INFO - 更新答案
2018-09-24 01:47:41,942 - mylogger - INFO - 本题结束
2018-09-24 01:47:41,957 - mylogger - INFO - 获取题目
2018-09-24 01:47:44,910 - mylogger - INFO - 第 2 题
2018-09-24 01:47:45,222 - mylogger - INFO - 电影《不能说的秘密》的男女主角是由谁扮演的？
2018-09-24 01:47:46,097 - mylogger - INFO - ['周杰伦和桂纶镁', '周杰伦和刘若英', '赵又廷和高圆圆']
2018-09-24 01:47:46,097 - mylogger - INFO - 数据库中检索答案
2018-09-24 01:47:46,112 - mylogger - INFO - 数据中无答案
2018-09-24 01:47:46,924 - mylogger - INFO - 在线检索答案：周杰伦和桂纶镁
2018-09-24 01:47:46,924 - mylogger - INFO - 我的答案：周杰伦和桂纶镁
2018-09-24 01:47:47,534 - mylogger - INFO - 选择选项
2018-09-24 01:47:49,956 - mylogger - INFO - 答案正确
2018-09-24 01:47:49,956 - mylogger - INFO - 更新答案
2018-09-24 01:47:52,376 - mylogger - INFO - 本题结束
2018-09-24 01:47:52,376 - mylogger - INFO - 获取题目
2018-09-24 01:47:54,251 - mylogger - INFO - 第 3 题
2018-09-24 01:47:54,610 - mylogger - INFO - 苯酚的分子量为以下哪个？
2018-09-24 01:47:55,407 - mylogger - INFO - ['94', '78', '72']
2018-09-24 01:47:55,407 - mylogger - INFO - 数据库中检索答案
2018-09-24 01:47:55,422 - mylogger - INFO - 数据中无答案
2018-09-24 01:47:56,141 - mylogger - INFO - 在线检索答案：94
2018-09-24 01:47:56,141 - mylogger - INFO - 我的答案：94
2018-09-24 01:47:56,735 - mylogger - INFO - 选择选项
2018-09-24 01:47:59,016 - mylogger - INFO - 答案正确
2018-09-24 01:47:59,016 - mylogger - INFO - 更新答案
2018-09-24 01:48:04,858 - mylogger - INFO - 本题结束
2018-09-24 01:48:04,858 - mylogger - INFO - 获取题目
2018-09-24 01:48:07,842 - mylogger - INFO - 第 4 题
2018-09-24 01:48:08,122 - mylogger - INFO - 《红楼梦》中薛宝钗的住所是？
2018-09-24 01:48:09,123 - mylogger - INFO - ['蘅芜苑', '潇湘馆', '沁芳亭']
2018-09-24 01:48:09,153 - mylogger - INFO - 数据库中检索答案
2018-09-24 01:48:09,169 - mylogger - INFO - 数据中无答案
2018-09-24 01:48:10,809 - mylogger - INFO - 在线检索答案：蘅芜苑
2018-09-24 01:48:10,809 - mylogger - INFO - 我的答案：蘅芜苑
2018-09-24 01:48:11,341 - mylogger - INFO - 选择选项
2018-09-24 01:48:13,778 - mylogger - INFO - 答案正确
2018-09-24 01:48:13,778 - mylogger - INFO - 更新答案
2018-09-24 01:48:15,153 - mylogger - INFO - 本题结束
2018-09-24 01:48:15,168 - mylogger - INFO - 获取题目
2018-09-24 01:48:16,981 - mylogger - INFO - 第 5 题
2018-09-24 01:48:17,261 - mylogger - INFO - 布朗族和傣族一样把什么节日称作“豪瓦沙”？
2018-09-24 01:48:18,137 - mylogger - INFO - ['关门节', '过年节', '火把节']
2018-09-24 01:48:18,151 - mylogger - INFO - 数据库中检索答案
2018-09-24 01:48:18,151 - mylogger - INFO - 数据中无答案
2018-09-24 01:48:19,776 - mylogger - INFO - 在线检索答案：关门节
2018-09-24 01:48:19,776 - mylogger - INFO - 我的答案：关门节
2018-09-24 01:48:20,354 - mylogger - INFO - 选择选项
2018-09-24 01:48:22,729 - mylogger - INFO - 答案正确
2018-09-24 01:48:22,744 - mylogger - INFO - 更新答案
2018-09-24 01:48:24,182 - mylogger - INFO - 本题结束
2018-09-24 01:48:24,322 - mylogger - INFO - 本场比赛结束
2018-09-24 01:48:24,572 - mylogger - INFO - 返回游戏页面
2018-09-24 01:48:26,166 - mylogger - INFO - 进入排位赛
2018-09-24 01:48:26,181 - mylogger - INFO - 正在匹配中......
2018-09-24 01:49:26,261 - mylogger - WARNING - 匹配失败
2018-09-24 01:49:26,527 - mylogger - INFO - 返回游戏页面
2018-09-24 01:49:28,026 - mylogger - INFO - 进入排位赛
2018-09-24 01:49:28,041 - mylogger - INFO - 正在匹配中......
2018-09-24 01:50:28,215 - mylogger - WARNING - 匹配失败
2018-09-24 01:50:28,481 - mylogger - INFO - 返回游戏页面
2018-09-24 01:50:29,996 - mylogger - INFO - 进入排位赛
2018-09-24 01:50:29,996 - mylogger - INFO - 正在匹配中......
2018-09-24 01:51:12,798 - mylogger - INFO - 匹配成功
2018-09-24 01:51:12,798 - mylogger - INFO - 获取题目
2018-09-24 01:51:15,985 - mylogger - INFO - 第 1 题
2018-09-24 01:51:16,282 - mylogger - INFO - 哪位男明星不是“飞轮海”的成员之一？
2018-09-24 01:51:17,094 - mylogger - INFO - ['彭于晏', '吴尊', '汪东城']
2018-09-24 01:51:17,109 - mylogger - INFO - 数据库中检索答案
2018-09-24 01:51:17,109 - mylogger - INFO - 数据中无答案
2018-09-24 01:51:18,906 - mylogger - INFO - 在线检索答案：彭于晏
2018-09-24 01:51:18,906 - mylogger - INFO - 我的答案：彭于晏
2018-09-24 01:51:19,468 - mylogger - INFO - 选择选项
2018-09-24 01:51:21,906 - mylogger - INFO - 答案正确
2018-09-24 01:51:21,906 - mylogger - INFO - 更新答案
2018-09-24 01:51:23,218 - mylogger - INFO - 本题结束
2018-09-24 01:51:23,218 - mylogger - INFO - 获取题目
2018-09-24 01:51:25,014 - mylogger - INFO - 第 2 题
2018-09-24 01:51:25,327 - mylogger - INFO - 哪个星座是出生在6月22日-7月22日之间的？
2018-09-24 01:51:26,404 - mylogger - INFO - ['巨蟹座', '狮子座', '双子座']
2018-09-24 01:51:26,419 - mylogger - INFO - 数据库中检索答案
2018-09-24 01:51:26,419 - mylogger - INFO - 我的答案：巨蟹座
2018-09-24 01:51:26,967 - mylogger - INFO - 选择选项
2018-09-24 01:51:29,420 - mylogger - INFO - 答案正确
2018-09-24 01:51:29,420 - mylogger - INFO - 更新答案
2018-09-24 01:51:32,996 - mylogger - INFO - 本题结束
2018-09-24 01:51:32,996 - mylogger - INFO - 获取题目
2018-09-24 01:51:34,762 - mylogger - INFO - 第 3 题
2018-09-24 01:51:35,027 - mylogger - INFO - 正月初三这一天又叫什么？
2018-09-24 01:51:35,949 - mylogger - INFO - ['祭灶日', '赤狗日', '小年']
2018-09-24 01:51:35,949 - mylogger - INFO - 数据库中检索答案
2018-09-24 01:51:35,964 - mylogger - INFO - 数据中无答案
2018-09-24 01:51:36,261 - mylogger - INFO - 在线检索答案：小年
2018-09-24 01:51:36,261 - mylogger - INFO - 我的答案：小年
2018-09-24 01:51:36,793 - mylogger - INFO - 选择选项
2018-09-24 01:51:39,198 - mylogger - INFO - 答案错误
2018-09-24 01:51:39,433 - mylogger - INFO - 正确答案；赤狗日
2018-09-24 01:51:39,433 - mylogger - INFO - 更新答案
2018-09-24 01:51:41,885 - mylogger - INFO - 本题结束
2018-09-24 01:51:41,885 - mylogger - INFO - 获取题目
2018-09-24 01:51:43,744 - mylogger - INFO - 第 4 题
2018-09-24 01:51:44,104 - mylogger - INFO - 正宗广东煲仔饭应当选用什么米？
2018-09-24 01:51:45,009 - mylogger - INFO - ['丝苗米', '泰国香米', '五常米']
2018-09-24 01:51:45,024 - mylogger - INFO - 数据库中检索答案
2018-09-24 01:51:45,024 - mylogger - INFO - 数据中无答案
2018-09-24 01:51:45,727 - mylogger - INFO - 在线检索答案：丝苗米
2018-09-24 01:51:45,727 - mylogger - INFO - 我的答案：丝苗米
2018-09-24 01:51:46,275 - mylogger - INFO - 选择选项
2018-09-24 01:51:48,665 - mylogger - INFO - 答案正确
2018-09-24 01:51:48,665 - mylogger - INFO - 更新答案
2018-09-24 01:51:51,102 - mylogger - INFO - 本题结束
2018-09-24 01:51:51,102 - mylogger - INFO - 获取题目
2018-09-24 01:51:52,961 - mylogger - INFO - 第 5 题
2018-09-24 01:51:53,241 - mylogger - INFO - 我国最长的内河，塔里木河最后流入什么湖？
2018-09-24 01:51:54,101 - mylogger - INFO - ['台特玛湖', '青海湖', '羊卓雍措']
2018-09-24 01:51:54,101 - mylogger - INFO - 数据库中检索答案
2018-09-24 01:51:54,116 - mylogger - INFO - 数据中无答案
2018-09-24 01:51:55,022 - mylogger - INFO - 在线检索答案：台特玛湖
2018-09-24 01:51:55,022 - mylogger - INFO - 我的答案：台特玛湖
2018-09-24 01:51:55,554 - mylogger - INFO - 选择选项
2018-09-24 01:51:57,944 - mylogger - INFO - 答案正确
2018-09-24 01:51:57,944 - mylogger - INFO - 更新答案
2018-09-24 01:51:59,381 - mylogger - INFO - 本题结束
2018-09-24 01:51:59,490 - mylogger - INFO - 本场比赛结束
2018-09-24 01:51:59,772 - mylogger - INFO - 返回游戏页面
2018-09-24 01:52:01,318 - mylogger - INFO - 进入排位赛
2018-09-24 01:52:01,318 - mylogger - INFO - 正在匹配中......
2018-09-24 01:52:40,512 - mylogger - INFO - 匹配成功
2018-09-24 01:52:40,512 - mylogger - INFO - 获取题目
2018-09-24 01:52:43,543 - mylogger - INFO - 第 1 题
2018-09-24 01:52:43,840 - mylogger - INFO - 当“黑”作姓时，念什么?
2018-09-24 01:52:44,621 - mylogger - INFO - [' rén', ' chóng', 'hè']
2018-09-24 01:52:44,621 - mylogger - INFO - 数据库中检索答案
2018-09-24 01:52:44,635 - mylogger - INFO - 数据中无答案
2018-09-24 01:52:45,323 - mylogger - INFO - 在线检索答案：hè
2018-09-24 01:52:45,323 - mylogger - INFO - 我的答案：hè
2018-09-24 01:52:45,823 - mylogger - INFO - 选择选项
2018-09-24 01:52:48,245 - mylogger - INFO - 答案正确
2018-09-24 01:52:48,245 - mylogger - INFO - 更新答案
2018-09-24 01:52:51,900 - mylogger - INFO - 本题结束
2018-09-24 01:52:51,900 - mylogger - INFO - 获取题目
2018-09-24 01:52:53,681 - mylogger - INFO - 第 2 题
2018-09-24 01:52:54,025 - mylogger - INFO - 下列词语中范围最小的是？
2018-09-24 01:52:54,884 - mylogger - INFO - ['黑猫', '猫', '小明的黑猫']
2018-09-24 01:52:54,899 - mylogger - INFO - 数据库中检索答案
2018-09-24 01:52:54,899 - mylogger - INFO - 数据中无答案
2018-09-24 01:52:55,617 - mylogger - INFO - 在线检索答案：
2018-09-24 01:52:55,617 - mylogger - INFO - 我的答案：黑猫
2018-09-24 01:52:56,180 - mylogger - INFO - 选择选项
2018-09-24 01:52:58,570 - mylogger - INFO - 答案错误
2018-09-24 01:52:58,789 - mylogger - INFO - 正确答案；小明的黑猫
2018-09-24 01:52:58,789 - mylogger - INFO - 更新答案
2018-09-24 01:53:01,210 - mylogger - INFO - 本题结束
2018-09-24 01:53:01,210 - mylogger - INFO - 获取题目
2018-09-24 01:53:04,116 - mylogger - INFO - 第 3 题
2018-09-24 01:53:04,413 - mylogger - INFO - 珠江流域水系支流之一的“东江”发源于我国哪个省？
2018-09-24 01:53:05,256 - mylogger - INFO - ['湖南', '江苏', '江西']
2018-09-24 01:53:05,256 - mylogger - INFO - 数据库中检索答案
2018-09-24 01:53:05,271 - mylogger - INFO - 数据中无答案
2018-09-24 01:53:06,099 - mylogger - INFO - 在线检索答案：江西
2018-09-24 01:53:06,099 - mylogger - INFO - 我的答案：江西
2018-09-24 01:53:06,631 - mylogger - INFO - 选择选项
2018-09-24 01:53:09,146 - mylogger - INFO - 答案正确
2018-09-24 01:53:09,146 - mylogger - INFO - 更新答案
2018-09-24 01:53:11,598 - mylogger - INFO - 本题结束
2018-09-24 01:53:11,598 - mylogger - INFO - 获取题目
2018-09-24 01:53:14,551 - mylogger - INFO - 第 4 题
2018-09-24 01:53:14,832 - mylogger - INFO - 一条鞭法将赋和以下哪个种类征收合而为一？
2018-09-24 01:53:15,676 - mylogger - INFO - ['庸', '税', '役']
2018-09-24 01:53:15,676 - mylogger - INFO - 数据库中检索答案
2018-09-24 01:53:15,691 - mylogger - INFO - 数据中无答案
2018-09-24 01:53:16,347 - mylogger - INFO - 在线检索答案：役
2018-09-24 01:53:16,347 - mylogger - INFO - 我的答案：役
2018-09-24 01:53:16,863 - mylogger - INFO - 选择选项
2018-09-24 01:53:19,300 - mylogger - INFO - 答案正确
2018-09-24 01:53:19,300 - mylogger - INFO - 更新答案
2018-09-24 01:53:24,017 - mylogger - INFO - 本题结束
2018-09-24 01:53:24,033 - mylogger - INFO - 获取题目
2018-09-24 01:53:27,032 - mylogger - INFO - 第 5 题
2018-09-24 01:53:27,439 - mylogger - INFO - 金毛是以下哪种功能的狗?
2018-09-24 01:53:28,282 - mylogger - INFO - ['枪猎犬', '家庭犬', '玩具犬']
2018-09-24 01:53:28,297 - mylogger - INFO - 数据库中检索答案
2018-09-24 01:53:28,297 - mylogger - INFO - 我的答案：枪猎犬
2018-09-24 01:53:28,797 - mylogger - INFO - 选择选项
2018-09-24 01:53:31,234 - mylogger - INFO - 答案正确
2018-09-24 01:53:31,234 - mylogger - INFO - 更新答案
2018-09-24 01:53:34,952 - mylogger - INFO - 本题结束
2018-09-24 01:53:35,187 - mylogger - INFO - 本场比赛结束
2018-09-24 01:53:35,437 - mylogger - INFO - 返回游戏页面
2018-09-24 01:53:36,936 - mylogger - INFO - 进入排位赛
2018-09-24 01:53:36,936 - mylogger - INFO - 正在匹配中......
2018-09-24 01:53:51,870 - mylogger - INFO - 匹配成功
2018-09-24 01:53:51,870 - mylogger - INFO - 获取题目
2018-09-24 01:53:54,760 - mylogger - INFO - 第 1 题
2018-09-24 01:53:55,025 - mylogger - INFO - iPhone是哪家公司的产品？
2018-09-24 01:53:56,026 - mylogger - INFO - ['苹果', '谷歌', '三星']
2018-09-24 01:53:56,040 - mylogger - INFO - 数据库中检索答案
2018-09-24 01:53:56,040 - mylogger - INFO - 数据中无答案
2018-09-24 01:53:56,884 - mylogger - INFO - 在线检索答案：苹果
2018-09-24 01:53:56,884 - mylogger - INFO - 我的答案：苹果
2018-09-24 01:53:57,416 - mylogger - INFO - 选择选项
2018-09-24 01:53:59,790 - mylogger - INFO - 答案正确
2018-09-24 01:53:59,790 - mylogger - INFO - 更新答案
2018-09-24 01:54:01,165 - mylogger - INFO - 本题结束
2018-09-24 01:54:01,180 - mylogger - INFO - 获取题目
2018-09-24 01:54:03,008 - mylogger - INFO - 第 2 题
2018-09-24 01:54:03,290 - mylogger - INFO - 春晚小品《谈啥别谈钱》中，朋友小李到潘长江家拜年带了几箱酒？
2018-09-24 01:54:04,242 - mylogger - INFO - ['2', '3', '0']
2018-09-24 01:54:04,257 - mylogger - INFO - 数据库中检索答案
2018-09-24 01:54:04,273 - mylogger - INFO - 数据中无答案
2018-09-24 01:54:05,007 - mylogger - INFO - 在线检索答案：0
2018-09-24 01:54:05,007 - mylogger - INFO - 我的答案：0
2018-09-24 01:54:05,539 - mylogger - INFO - 选择选项
2018-09-24 01:54:07,928 - mylogger - INFO - 答案错误
2018-09-24 01:54:08,038 - mylogger - INFO - 正确答案；2
2018-09-24 01:54:08,038 - mylogger - INFO - 更新答案
2018-09-24 01:54:09,350 - mylogger - INFO - 本题结束
2018-09-24 01:54:09,350 - mylogger - INFO - 获取题目
2018-09-24 01:54:12,319 - mylogger - INFO - 第 3 题
2018-09-24 01:54:12,615 - mylogger - INFO - 设计大师路易吉·克拉尼的代表作品是什么？
2018-09-24 01:54:13,490 - mylogger - INFO - ['CD播放器', '收音机', 'T90相机']
2018-09-24 01:54:13,490 - mylogger - INFO - 数据库中检索答案
2018-09-24 01:54:13,505 - mylogger - INFO - 数据中无答案
2018-09-24 01:54:14,146 - mylogger - INFO - 在线检索答案：T90相机
2018-09-24 01:54:14,146 - mylogger - INFO - 我的答案：T90相机
2018-09-24 01:54:14,693 - mylogger - INFO - 选择选项
2018-09-24 01:54:17,114 - mylogger - INFO - 答案正确
2018-09-24 01:54:17,114 - mylogger - INFO - 更新答案
2018-09-24 01:54:19,551 - mylogger - INFO - 本题结束
2018-09-24 01:54:19,551 - mylogger - INFO - 获取题目
2018-09-24 01:54:21,316 - mylogger - INFO - 第 4 题
2018-09-24 01:54:21,645 - mylogger - INFO - 英国人通常说的中的红茶怎么说？
2018-09-24 01:54:22,597 - mylogger - INFO - ['white tea', 'red tea', 'Black tea']
2018-09-24 01:54:22,597 - mylogger - INFO - 数据库中检索答案
2018-09-24 01:54:22,612 - mylogger - INFO - 数据中无答案
2018-09-24 01:54:23,300 - mylogger - INFO - 在线检索答案：white tea
2018-09-24 01:54:23,300 - mylogger - INFO - 我的答案：white tea
2018-09-24 01:54:23,862 - mylogger - INFO - 选择选项
2018-09-24 01:54:26,237 - mylogger - INFO - 答案错误
2018-09-24 01:54:26,440 - mylogger - INFO - 正确答案；Black tea
2018-09-24 01:54:26,440 - mylogger - INFO - 更新答案
2018-09-24 01:54:27,799 - mylogger - INFO - 本题结束
2018-09-24 01:54:27,814 - mylogger - INFO - 获取题目
2018-09-24 01:54:29,580 - mylogger - INFO - 第 5 题
2018-09-24 01:54:29,846 - mylogger - INFO - 哪个朝代称面条为冷淘？
2018-09-24 01:54:30,861 - mylogger - INFO - ['宋代', '明朝', '唐朝']
2018-09-24 01:54:30,861 - mylogger - INFO - 数据库中检索答案
2018-09-24 01:54:30,876 - mylogger - INFO - 数据中无答案
2018-09-24 01:54:31,720 - mylogger - INFO - 在线检索答案：唐朝
2018-09-24 01:54:31,720 - mylogger - INFO - 我的答案：唐朝
2018-09-24 01:54:32,220 - mylogger - INFO - 选择选项
2018-09-24 01:54:34,610 - mylogger - INFO - 答案正确
2018-09-24 01:54:34,610 - mylogger - INFO - 更新答案
2018-09-24 01:54:37,063 - mylogger - INFO - 本题结束
2018-09-24 01:54:37,203 - mylogger - INFO - 本场比赛结束
2018-09-24 01:54:37,469 - mylogger - INFO - 返回游戏页面
2018-09-24 01:54:38,969 - mylogger - INFO - 进入排位赛
2018-09-24 01:54:38,969 - mylogger - INFO - 正在匹配中......
2018-09-24 01:55:39,642 - mylogger - WARNING - 匹配失败
2018-09-24 01:55:39,907 - mylogger - INFO - 返回游戏页面
2018-09-24 01:55:41,501 - mylogger - INFO - 进入排位赛
2018-09-24 01:55:41,501 - mylogger - INFO - 正在匹配中......
2018-09-24 01:56:04,058 - mylogger - INFO - 匹配成功
2018-09-24 01:56:04,073 - mylogger - INFO - 获取题目
2018-09-24 01:56:07,026 - mylogger - INFO - 第 1 题
2018-09-24 01:56:07,307 - mylogger - INFO - 在我国四大佛教道场中，有「海天佛国」之称的是？
2018-09-24 01:56:08,198 - mylogger - INFO - ['普陀山', '五台山', '峨眉山']
2018-09-24 01:56:08,198 - mylogger - INFO - 数据库中检索答案
2018-09-24 01:56:08,213 - mylogger - INFO - 数据中无答案
2018-09-24 01:56:09,853 - mylogger - INFO - 在线检索答案：普陀山
2018-09-24 01:56:09,853 - mylogger - INFO - 我的答案：普陀山
2018-09-24 01:56:10,447 - mylogger - INFO - 选择选项
2018-09-24 01:56:12,821 - mylogger - INFO - 答案正确
2018-09-24 01:56:12,821 - mylogger - INFO - 更新答案
2018-09-24 01:56:14,227 - mylogger - INFO - 本题结束
2018-09-24 01:56:14,242 - mylogger - INFO - 获取题目
2018-09-24 01:56:16,055 - mylogger - INFO - 第 2 题
2018-09-24 01:56:16,336 - mylogger - INFO - 食品厂制作糕点时常使用小苏打，其主要成分是什么？
2018-09-24 01:56:17,336 - mylogger - INFO - ['氢氧化钠', '碳酸钠', '碳酸氢钠']
2018-09-24 01:56:17,336 - mylogger - INFO - 数据库中检索答案
2018-09-24 01:56:17,351 - mylogger - INFO - 数据中无答案
2018-09-24 01:56:18,148 - mylogger - INFO - 在线检索答案：碳酸氢钠
2018-09-24 01:56:18,148 - mylogger - INFO - 我的答案：碳酸氢钠
2018-09-24 01:56:18,679 - mylogger - INFO - 选择选项
2018-09-24 01:56:21,022 - mylogger - INFO - 答案正确
2018-09-24 01:56:21,022 - mylogger - INFO - 更新答案
2018-09-24 01:56:23,491 - mylogger - INFO - 本题结束
2018-09-24 01:56:23,491 - mylogger - INFO - 获取题目
2018-09-24 01:56:25,365 - mylogger - INFO - 第 3 题
2018-09-24 01:56:25,678 - mylogger - INFO - 动漫《龙珠》中，集齐多少颗龙珠能够召唤出神龙？
2018-09-24 01:56:26,568 - mylogger - INFO - ['6颗', '7颗', '8颗']
2018-09-24 01:56:26,568 - mylogger - INFO - 数据库中检索答案
2018-09-24 01:56:26,583 - mylogger - INFO - 数据中无答案
2018-09-24 01:56:27,302 - mylogger - INFO - 在线检索答案：7颗
2018-09-24 01:56:27,302 - mylogger - INFO - 我的答案：7颗
2018-09-24 01:56:27,849 - mylogger - INFO - 选择选项
2018-09-24 01:56:30,239 - mylogger - INFO - 答案正确
2018-09-24 01:56:30,239 - mylogger - INFO - 更新答案
2018-09-24 01:56:31,614 - mylogger - INFO - 本题结束
2018-09-24 01:56:31,614 - mylogger - INFO - 获取题目
2018-09-24 01:56:34,660 - mylogger - INFO - 第 4 题
2018-09-24 01:56:35,019 - mylogger - INFO - 2018年3月娇兰公布的全新护肤大使是哪位？
2018-09-24 01:56:35,910 - mylogger - INFO - ['周迅', '巩俐', '王子文']
2018-09-24 01:56:35,925 - mylogger - INFO - 数据库中检索答案
2018-09-24 01:56:35,925 - mylogger - INFO - 数据中无答案
2018-09-24 01:56:36,784 - mylogger - INFO - 在线检索答案：王子文
2018-09-24 01:56:36,784 - mylogger - INFO - 我的答案：王子文
2018-09-24 01:56:37,285 - mylogger - INFO - 选择选项
2018-09-24 01:56:39,690 - mylogger - INFO - 答案正确
2018-09-24 01:56:39,690 - mylogger - INFO - 更新答案
2018-09-24 01:56:41,018 - mylogger - INFO - 本题结束
2018-09-24 01:56:41,033 - mylogger - INFO - 获取题目
2018-09-24 01:56:43,955 - mylogger - INFO - 第 5 题
2018-09-24 01:56:44,236 - mylogger - INFO - 在梁朝伟、王菲主演的《天下无双》中，无双长公主出宫去了哪个镇？
2018-09-24 01:56:45,111 - mylogger - INFO - ['梅龙镇', '乌龙镇', '青龙镇']
2018-09-24 01:56:45,126 - mylogger - INFO - 数据库中检索答案
2018-09-24 01:56:45,126 - mylogger - INFO - 数据中无答案
2018-09-24 01:56:46,047 - mylogger - INFO - 在线检索答案：梅龙镇
2018-09-24 01:56:46,047 - mylogger - INFO - 我的答案：梅龙镇
2018-09-24 01:56:46,563 - mylogger - INFO - 选择选项
2018-09-24 01:56:49,063 - mylogger - INFO - 答案正确
2018-09-24 01:56:49,063 - mylogger - INFO - 更新答案
2018-09-24 01:56:52,734 - mylogger - INFO - 本题结束
2018-09-24 01:56:52,843 - mylogger - INFO - 本场比赛结束
2018-09-24 01:56:53,093 - mylogger - INFO - 返回游戏页面
2018-09-24 01:56:54,624 - mylogger - INFO - 进入排位赛
2018-09-24 01:56:54,624 - mylogger - INFO - 正在匹配中......
2018-09-24 01:56:56,171 - mylogger - INFO - 匹配成功
2018-09-24 01:56:56,171 - mylogger - INFO - 获取题目
2018-09-24 01:56:59,123 - mylogger - INFO - 第 1 题
2018-09-24 01:56:59,404 - mylogger - INFO - 迪斯尼动画《阿拉丁》来源于哪个童话作品？
2018-09-24 01:57:00,295 - mylogger - INFO - ['格林童话', '宫崎骏', '一千零一夜']
2018-09-24 01:57:00,295 - mylogger - INFO - 数据库中检索答案
2018-09-24 01:57:00,310 - mylogger - INFO - 数据中无答案
2018-09-24 01:57:01,153 - mylogger - INFO - 在线检索答案：一千零一夜
2018-09-24 01:57:01,153 - mylogger - INFO - 我的答案：一千零一夜
2018-09-24 01:57:01,654 - mylogger - INFO - 选择选项
2018-09-24 01:57:04,075 - mylogger - INFO - 答案正确
2018-09-24 01:57:04,075 - mylogger - INFO - 更新答案
2018-09-24 01:57:05,309 - mylogger - INFO - 本题结束
2018-09-24 01:57:05,324 - mylogger - INFO - 获取题目
2018-09-24 01:57:07,199 - mylogger - INFO - 第 2 题
2018-09-24 01:57:07,558 - mylogger - INFO - 演员刘诗诗的原名叫什么？
2018-09-24 01:57:08,387 - mylogger - INFO - ['刘诗施', '刘雨诗', '刘思思']
2018-09-24 01:57:08,401 - mylogger - INFO - 数据库中检索答案
2018-09-24 01:57:08,401 - mylogger - INFO - 数据中无答案
2018-09-24 01:57:09,276 - mylogger - INFO - 在线检索答案：刘诗施
2018-09-24 01:57:09,276 - mylogger - INFO - 我的答案：刘诗施
2018-09-24 01:57:09,917 - mylogger - INFO - 选择选项
2018-09-24 01:57:12,354 - mylogger - INFO - 答案正确
2018-09-24 01:57:12,354 - mylogger - INFO - 更新答案
2018-09-24 01:57:16,056 - mylogger - INFO - 本题结束
2018-09-24 01:57:16,072 - mylogger - INFO - 获取题目
2018-09-24 01:57:17,868 - mylogger - INFO - 第 3 题
2018-09-24 01:57:18,166 - mylogger - INFO - 以下哪一架被认为是第二次世界大战期间最好的对地攻击机，著名的坦克杀手？
2018-09-24 01:57:19,009 - mylogger - INFO - ['Bf-109战斗机', '雅克-9', '伊尔-2攻击机']
2018-09-24 01:57:19,024 - mylogger - INFO - 数据库中检索答案
2018-09-24 01:57:19,040 - mylogger - INFO - 数据中无答案
2018-09-24 01:57:19,805 - mylogger - INFO - 在线检索答案：伊尔-2攻击机
2018-09-24 01:57:19,805 - mylogger - INFO - 我的答案：伊尔-2攻击机
2018-09-24 01:57:20,337 - mylogger - INFO - 选择选项
2018-09-24 01:57:22,836 - mylogger - INFO - 答案正确
2018-09-24 01:57:22,836 - mylogger - INFO - 更新答案
2018-09-24 01:57:27,648 - mylogger - INFO - 本题结束
2018-09-24 01:57:27,663 - mylogger - INFO - 获取题目
2018-09-24 01:57:30,584 - mylogger - INFO - 第 4 题
2018-09-24 01:57:30,912 - mylogger - INFO - 《轻音少女》中的秋山澪担任学校轻音部的伴唱及：
2018-09-24 01:57:31,787 - mylogger - INFO - ['鼓手', '吉他手', '贝斯手']
2018-09-24 01:57:31,787 - mylogger - INFO - 数据库中检索答案
2018-09-24 01:57:31,802 - mylogger - INFO - 数据中无答案
2018-09-24 01:57:32,568 - mylogger - INFO - 在线检索答案：贝斯手
2018-09-24 01:57:32,568 - mylogger - INFO - 我的答案：贝斯手
2018-09-24 01:57:33,115 - mylogger - INFO - 选择选项
2018-09-24 01:57:35,552 - mylogger - INFO - 答案正确
2018-09-24 01:57:35,552 - mylogger - INFO - 更新答案
2018-09-24 01:57:38,005 - mylogger - INFO - 本题结束
2018-09-24 01:57:38,019 - mylogger - INFO - 获取题目
2018-09-24 01:57:41,034 - mylogger - INFO - 第 5 题
2018-09-24 01:57:41,410 - mylogger - INFO - 第一位获得全国围棋冠军的棋手是（）。
2018-09-24 01:57:42,425 - mylogger - INFO - ['过惕生', '刘棣怀', '陈祖德']
2018-09-24 01:57:42,440 - mylogger - INFO - 数据库中检索答案
2018-09-24 01:57:42,440 - mylogger - INFO - 数据中无答案
2018-09-24 01:57:43,612 - mylogger - INFO - 在线检索答案：过惕生
2018-09-24 01:57:43,612 - mylogger - INFO - 我的答案：过惕生
2018-09-24 01:57:44,174 - mylogger - INFO - 选择选项
2018-09-24 01:57:46,659 - mylogger - INFO - 答案正确
2018-09-24 01:57:46,659 - mylogger - INFO - 更新答案
2018-09-24 01:57:46,956 - mylogger - INFO - 本题结束
2018-09-24 01:57:47,096 - mylogger - INFO - 本场比赛结束
2018-09-24 01:57:47,362 - mylogger - INFO - 返回游戏页面
2018-09-24 01:57:48,877 - mylogger - INFO - 进入排位赛
2018-09-24 01:57:48,877 - mylogger - INFO - 正在匹配中......
2018-09-24 01:58:49,519 - mylogger - WARNING - 匹配失败
2018-09-24 01:58:49,785 - mylogger - INFO - 返回游戏页面
2018-09-24 01:58:51,362 - mylogger - INFO - 进入排位赛
2018-09-24 01:58:51,362 - mylogger - INFO - 正在匹配中......
2018-09-24 01:59:52,301 - mylogger - WARNING - 匹配失败
2018-09-24 01:59:52,567 - mylogger - INFO - 返回游戏页面
2018-09-24 01:59:54,144 - mylogger - INFO - 进入排位赛
2018-09-24 01:59:54,160 - mylogger - INFO - 正在匹配中......
2018-09-24 02:00:18,170 - mylogger - INFO - 匹配成功
2018-09-24 02:00:18,170 - mylogger - INFO - 获取题目
2018-09-24 02:00:21,185 - mylogger - INFO - 第 1 题
2018-09-24 02:00:21,466 - mylogger - INFO - 《变形金刚》、《阿凡达》这些经典影片诞生于美国的电影业中心？
2018-09-24 02:00:22,294 - mylogger - INFO - ['纽约', '好莱坞', '费城']
2018-09-24 02:00:22,309 - mylogger - INFO - 数据库中检索答案
2018-09-24 02:00:22,325 - mylogger - INFO - 数据中无答案
2018-09-24 02:00:24,418 - mylogger - INFO - 在线检索答案：纽约
2018-09-24 02:00:24,418 - mylogger - INFO - 我的答案：纽约
2018-09-24 02:00:24,981 - mylogger - INFO - 选择选项
2018-09-24 02:00:27,371 - mylogger - INFO - 答案错误
2018-09-24 02:00:27,574 - mylogger - INFO - 正确答案；好莱坞
2018-09-24 02:00:27,574 - mylogger - INFO - 更新答案
2018-09-24 02:00:27,839 - mylogger - INFO - 本题结束
2018-09-24 02:00:27,839 - mylogger - INFO - 获取题目
2018-09-24 02:00:30,776 - mylogger - INFO - 第 2 题
2018-09-24 02:00:31,026 - mylogger - INFO - 《荷马史诗》是由《伊利亚特》和哪部长篇史诗组成？
2018-09-24 02:00:32,010 - mylogger - INFO - ['《奥德赛》', '《失乐园》', '《格萨尔王》']
2018-09-24 02:00:32,025 - mylogger - INFO - 数据库中检索答案
2018-09-24 02:00:32,041 - mylogger - INFO - 数据中无答案
2018-09-24 02:00:32,713 - mylogger - INFO - 在线检索答案：《奥德赛》
2018-09-24 02:00:32,713 - mylogger - INFO - 我的答案：《奥德赛》
2018-09-24 02:00:33,276 - mylogger - INFO - 选择选项
2018-09-24 02:00:35,681 - mylogger - INFO - 答案正确
2018-09-24 02:00:35,681 - mylogger - INFO - 更新答案
2018-09-24 02:00:37,009 - mylogger - INFO - 本题结束
2018-09-24 02:00:37,009 - mylogger - INFO - 获取题目
2018-09-24 02:00:38,899 - mylogger - INFO - 第 3 题
2018-09-24 02:00:39,243 - mylogger - INFO - 1913年创立于米兰的奢侈品服装品牌是下列哪一个？
2018-09-24 02:00:40,071 - mylogger - INFO - ['Prada', '华伦天奴', '迪奥']
2018-09-24 02:00:40,071 - mylogger - INFO - 数据库中检索答案
2018-09-24 02:00:40,086 - mylogger - INFO - 数据中无答案
2018-09-24 02:00:41,023 - mylogger - INFO - 在线检索答案：Prada
2018-09-24 02:00:41,023 - mylogger - INFO - 我的答案：Prada
2018-09-24 02:00:41,648 - mylogger - INFO - 选择选项
2018-09-24 02:00:44,007 - mylogger - INFO - 答案正确
2018-09-24 02:00:44,007 - mylogger - INFO - 更新答案
2018-09-24 02:00:45,398 - mylogger - INFO - 本题结束
2018-09-24 02:00:45,398 - mylogger - INFO - 获取题目
2018-09-24 02:00:47,241 - mylogger - INFO - 第 4 题
2018-09-24 02:00:47,553 - mylogger - INFO - “IFO”代表的意思是什么？
2018-09-24 02:00:48,428 - mylogger - INFO - ['某国际组织', '已识别的飞行物', '某特工组织']
2018-09-24 02:00:48,428 - mylogger - INFO - 数据库中检索答案
2018-09-24 02:00:48,443 - mylogger - INFO - 数据中无答案
2018-09-24 02:00:48,943 - mylogger - INFO - 在线检索答案：已识别的飞行物
2018-09-24 02:00:48,943 - mylogger - INFO - 我的答案：已识别的飞行物
2018-09-24 02:00:49,491 - mylogger - INFO - 选择选项
2018-09-24 02:00:51,912 - mylogger - INFO - 答案正确
2018-09-24 02:00:51,912 - mylogger - INFO - 更新答案
2018-09-24 02:00:55,520 - mylogger - INFO - 本题结束
2018-09-24 02:00:55,520 - mylogger - INFO - 获取题目
2018-09-24 02:00:58,395 - mylogger - INFO - 第 5 题
2018-09-24 02:00:58,645 - mylogger - INFO - 知名动漫《名侦探柯南》的作者是哪位著名漫画家？
2018-09-24 02:00:59,472 - mylogger - INFO - ['鸟山明', '新海诚', '青山刚昌']
2018-09-24 02:00:59,488 - mylogger - INFO - 数据库中检索答案
2018-09-24 02:00:59,488 - mylogger - INFO - 数据中无答案
2018-09-24 02:01:00,237 - mylogger - INFO - 在线检索答案：青山刚昌
2018-09-24 02:01:00,237 - mylogger - INFO - 我的答案：青山刚昌
2018-09-24 02:01:00,785 - mylogger - INFO - 选择选项
2018-09-24 02:01:03,222 - mylogger - INFO - 答案正确
2018-09-24 02:01:03,222 - mylogger - INFO - 更新答案
2018-09-24 02:01:04,721 - mylogger - INFO - 本题结束
2018-09-24 02:01:04,861 - mylogger - INFO - 本场比赛结束
2018-09-24 02:01:05,128 - mylogger - INFO - 返回游戏页面
2018-09-24 02:01:06,658 - mylogger - INFO - 进入排位赛
2018-09-24 02:01:06,673 - mylogger - INFO - 正在匹配中......
2018-09-24 02:02:07,395 - mylogger - WARNING - 匹配失败
2018-09-24 02:02:07,660 - mylogger - INFO - 返回游戏页面
2018-09-24 02:02:09,238 - mylogger - INFO - 进入排位赛
2018-09-24 02:02:09,253 - mylogger - INFO - 正在匹配中......
2018-09-24 02:03:10,380 - mylogger - WARNING - 匹配失败
2018-09-24 02:03:10,630 - mylogger - INFO - 返回游戏页面
2018-09-24 02:03:12,223 - mylogger - INFO - 进入排位赛
2018-09-24 02:03:12,223 - mylogger - INFO - 正在匹配中......
2018-09-24 02:03:36,249 - mylogger - INFO - 匹配成功
2018-09-24 02:03:36,249 - mylogger - INFO - 获取题目
2018-09-24 02:03:39,217 - mylogger - INFO - 第 1 题
2018-09-24 02:03:39,514 - mylogger - INFO - 电流的单位是什么？
2018-09-24 02:03:40,638 - mylogger - INFO - ['安培', '千克', '瓦特']
2018-09-24 02:03:40,638 - mylogger - INFO - 数据库中检索答案
2018-09-24 02:03:40,653 - mylogger - INFO - 数据中无答案
2018-09-24 02:03:41,544 - mylogger - INFO - 在线检索答案：安培
2018-09-24 02:03:41,544 - mylogger - INFO - 我的答案：安培
2018-09-24 02:03:42,122 - mylogger - INFO - 选择选项
2018-09-24 02:03:44,497 - mylogger - INFO - 答案正确
2018-09-24 02:03:44,497 - mylogger - INFO - 更新答案
2018-09-24 02:03:45,918 - mylogger - INFO - 本题结束
2018-09-24 02:03:45,918 - mylogger - INFO - 获取题目
2018-09-24 02:03:47,746 - mylogger - INFO - 第 2 题
2018-09-24 02:03:48,043 - mylogger - INFO - 电视节目《最强大脑 第二季》的主持人是以下哪位？
2018-09-24 02:03:48,996 - mylogger - INFO - ['谢娜', '吴秀波', '蒋昌建']
2018-09-24 02:03:48,996 - mylogger - INFO - 数据库中检索答案
2018-09-24 02:03:49,011 - mylogger - INFO - 我的答案：蒋昌建
2018-09-24 02:03:49,589 - mylogger - INFO - 选择选项
2018-09-24 02:03:52,011 - mylogger - INFO - 答案正确
2018-09-24 02:03:52,011 - mylogger - INFO - 更新答案
2018-09-24 02:04:02,540 - mylogger - INFO - 本题结束
2018-09-24 02:04:02,554 - mylogger - INFO - 获取题目
2018-09-24 02:04:04,429 - mylogger - INFO - 第 3 题
2018-09-24 02:04:04,727 - mylogger - INFO - 以下哪种鸟类是中国特有的？
2018-09-24 02:04:05,617 - mylogger - INFO - ['大天鹅', '百灵鸟', '画眉']
2018-09-24 02:04:05,617 - mylogger - INFO - 数据库中检索答案
2018-09-24 02:04:05,632 - mylogger - INFO - 数据中无答案
2018-09-24 02:04:06,538 - mylogger - INFO - 在线检索答案：
2018-09-24 02:04:06,538 - mylogger - INFO - 我的答案：大天鹅
2018-09-24 02:04:07,085 - mylogger - INFO - 选择选项
2018-09-24 02:04:09,507 - mylogger - INFO - 答案错误
2018-09-24 02:04:09,710 - mylogger - INFO - 正确答案；画眉
2018-09-24 02:04:09,725 - mylogger - INFO - 更新答案
2018-09-24 02:04:11,131 - mylogger - INFO - 本题结束
2018-09-24 02:04:11,146 - mylogger - INFO - 获取题目
2018-09-24 02:04:13,036 - mylogger - INFO - 第 4 题
2018-09-24 02:04:13,380 - mylogger - INFO - 下面哪部漫画讲述的是漫画家穿越到自己作品中的故事？
2018-09-24 02:04:14,396 - mylogger - INFO - ['《驭灵师》', '《百炼成神》', '《宅妖记》']
2018-09-24 02:04:14,411 - mylogger - INFO - 数据库中检索答案
2018-09-24 02:04:14,427 - mylogger - INFO - 数据中无答案
2018-09-24 02:04:16,114 - mylogger - INFO - 在线检索答案：
2018-09-24 02:04:16,129 - mylogger - INFO - 我的答案：《驭灵师》
2018-09-24 02:04:16,645 - mylogger - INFO - 选择选项
2018-09-24 02:04:19,036 - mylogger - INFO - 答案正确
2018-09-24 02:04:19,036 - mylogger - INFO - 更新答案
2018-09-24 02:04:20,363 - mylogger - INFO - 本题结束
2018-09-24 02:04:20,363 - mylogger - INFO - 获取题目
2018-09-24 02:04:23,331 - mylogger - INFO - 第 5 题
2018-09-24 02:04:23,644 - mylogger - INFO - 猜灯谜最早出现在哪个朝代？
2018-09-24 02:04:24,566 - mylogger - INFO - ['汉朝', '元朝', '宋朝']
2018-09-24 02:04:24,580 - mylogger - INFO - 数据库中检索答案
2018-09-24 02:04:24,580 - mylogger - INFO - 数据中无答案
2018-09-24 02:04:25,346 - mylogger - INFO - 在线检索答案：宋朝
2018-09-24 02:04:25,346 - mylogger - INFO - 我的答案：宋朝
2018-09-24 02:04:25,878 - mylogger - INFO - 选择选项
2018-09-24 02:04:28,283 - mylogger - INFO - 答案正确
2018-09-24 02:04:28,298 - mylogger - INFO - 更新答案
2018-09-24 02:04:30,829 - mylogger - INFO - 本题结束
2018-09-24 02:04:30,970 - mylogger - INFO - 本场比赛结束
2018-09-24 02:04:31,220 - mylogger - INFO - 返回游戏页面
2018-09-24 02:04:32,767 - mylogger - INFO - 进入排位赛
2018-09-24 02:04:32,767 - mylogger - INFO - 正在匹配中......
2018-09-24 02:04:59,698 - mylogger - INFO - 匹配成功
2018-09-24 02:04:59,698 - mylogger - INFO - 获取题目
2018-09-24 02:05:02,666 - mylogger - INFO - 第 1 题
2018-09-24 02:05:02,947 - mylogger - INFO - 糖尿病患者的表现是尿中含什么糖过高？
2018-09-24 02:05:03,744 - mylogger - INFO - ['葡萄糖', '蔗糖', '果糖']
2018-09-24 02:05:03,744 - mylogger - INFO - 数据库中检索答案
2018-09-24 02:05:03,759 - mylogger - INFO - 数据中无答案
2018-09-24 02:05:04,633 - mylogger - INFO - 在线检索答案：葡萄糖
2018-09-24 02:05:04,633 - mylogger - INFO - 我的答案：葡萄糖
2018-09-24 02:05:05,149 - mylogger - INFO - 选择选项
2018-09-24 02:05:07,571 - mylogger - INFO - 答案正确
2018-09-24 02:05:07,571 - mylogger - INFO - 更新答案
2018-09-24 02:05:16,787 - mylogger - INFO - 本题结束
2018-09-24 02:05:16,787 - mylogger - INFO - 获取题目
2018-09-24 02:05:19,740 - mylogger - INFO - 第 2 题
2018-09-24 02:05:20,005 - mylogger - INFO - 电影《当幸福来敲门》中与威尔·史密斯同台演出的他的儿子叫什么
2018-09-24 02:05:20,833 - mylogger - INFO - ['贾登·史密斯', '哈登·史密斯', '哈维·史密斯']
2018-09-24 02:05:20,833 - mylogger - INFO - 数据库中检索答案
2018-09-24 02:05:20,848 - mylogger - INFO - 数据中无答案
2018-09-24 02:05:21,161 - mylogger - INFO - 在线检索答案：贾登·史密斯
2018-09-24 02:05:21,177 - mylogger - INFO - 我的答案：贾登·史密斯
2018-09-24 02:05:21,724 - mylogger - INFO - 选择选项
2018-09-24 02:05:24,098 - mylogger - INFO - 答案正确
2018-09-24 02:05:24,113 - mylogger - INFO - 更新答案
2018-09-24 02:05:34,564 - mylogger - INFO - 本题结束
2018-09-24 02:05:34,564 - mylogger - INFO - 获取题目
2018-09-24 02:05:36,408 - mylogger - INFO - 第 3 题
2018-09-24 02:05:36,705 - mylogger - INFO - 两地相距750千米，在1：50000000的地图上应画多长？
2018-09-24 02:05:37,517 - mylogger - INFO - ['15厘米', '7.5厘米', '1.5厘米']
2018-09-24 02:05:37,517 - mylogger - INFO - 数据库中检索答案
2018-09-24 02:05:37,532 - mylogger - INFO - 数据中无答案
2018-09-24 02:05:38,188 - mylogger - INFO - 在线检索答案：
2018-09-24 02:05:38,188 - mylogger - INFO - 我的答案：15厘米
2018-09-24 02:05:38,736 - mylogger - INFO - 选择选项
2018-09-24 02:05:41,110 - mylogger - INFO - 答案错误
2018-09-24 02:05:41,407 - mylogger - INFO - 正确答案；1.5厘米
2018-09-24 02:05:41,407 - mylogger - INFO - 更新答案
2018-09-24 02:05:51,732 - mylogger - INFO - 本题结束
2018-09-24 02:05:51,732 - mylogger - INFO - 获取题目
2018-09-24 02:05:53,607 - mylogger - INFO - 第 4 题
2018-09-24 02:05:53,903 - mylogger - INFO - 《雾都孤儿》的作者是？
2018-09-24 02:05:54,826 - mylogger - INFO - ['海明威', '狄更斯', '夏洛蒂·勃朗特']
2018-09-24 02:05:54,826 - mylogger - INFO - 数据库中检索答案
2018-09-24 02:05:54,840 - mylogger - INFO - 数据中无答案
2018-09-24 02:05:55,559 - mylogger - INFO - 在线检索答案：狄更斯
2018-09-24 02:05:55,559 - mylogger - INFO - 我的答案：狄更斯
2018-09-24 02:05:56,091 - mylogger - INFO - 选择选项
2018-09-24 02:05:58,465 - mylogger - INFO - 答案正确
2018-09-24 02:05:58,465 - mylogger - INFO - 更新答案
2018-09-24 02:06:07,916 - mylogger - INFO - 本题结束
2018-09-24 02:06:07,931 - mylogger - INFO - 获取题目
2018-09-24 02:06:10,915 - mylogger - INFO - 第 5 题
2018-09-24 02:06:11,228 - mylogger - INFO - 古罗马历史学家塔西佗的著作《历史》又被称作什么？
2018-09-24 02:06:12,024 - mylogger - INFO - ['《罗马史》', '《罗马帝国衰亡史》', '《编年史》']
2018-09-24 02:06:12,055 - mylogger - INFO - 数据库中检索答案
2018-09-24 02:06:12,071 - mylogger - INFO - 数据中无答案
2018-09-24 02:06:12,789 - mylogger - INFO - 在线检索答案：《编年史》
2018-09-24 02:06:12,789 - mylogger - INFO - 我的答案：《编年史》
2018-09-24 02:06:13,352 - mylogger - INFO - 选择选项
2018-09-24 02:06:15,867 - mylogger - INFO - 答案错误
2018-09-24 02:06:15,992 - mylogger - INFO - 正确答案；《罗马史》
2018-09-24 02:06:15,992 - mylogger - INFO - 更新答案
2018-09-24 02:06:25,256 - mylogger - INFO - 本题结束
2018-09-24 02:06:25,349 - mylogger - INFO - 本场比赛结束
2018-09-24 02:06:25,600 - mylogger - INFO - 返回游戏页面
2018-09-24 02:06:27,161 - mylogger - INFO - 进入排位赛
2018-09-24 02:06:27,161 - mylogger - INFO - 正在匹配中......
2018-09-24 02:07:28,350 - mylogger - WARNING - 匹配失败
2018-09-24 02:07:28,584 - mylogger - INFO - 返回游戏页面
2018-09-24 02:07:30,131 - mylogger - INFO - 进入排位赛
2018-09-24 02:07:30,131 - mylogger - INFO - 正在匹配中......
2018-09-24 02:07:51,876 - mylogger - INFO - 匹配成功
2018-09-24 02:07:51,891 - mylogger - INFO - 获取题目
2018-09-24 02:07:54,891 - mylogger - INFO - 第 1 题
2018-09-24 02:07:55,172 - mylogger - INFO - 几维鸟又叫做什么鸟？
2018-09-24 02:07:56,047 - mylogger - INFO - ['无翼鸟', '无足鸟', '无尾鸟']
2018-09-24 02:07:56,062 - mylogger - INFO - 数据库中检索答案
2018-09-24 02:07:56,078 - mylogger - INFO - 数据中无答案
2018-09-24 02:07:56,687 - mylogger - INFO - 在线检索答案：无翼鸟
2018-09-24 02:07:56,687 - mylogger - INFO - 我的答案：无翼鸟
2018-09-24 02:07:57,250 - mylogger - INFO - 选择选项
2018-09-24 02:07:59,687 - mylogger - INFO - 答案正确
2018-09-24 02:07:59,687 - mylogger - INFO - 更新答案
2018-09-24 02:08:02,217 - mylogger - INFO - 本题结束
2018-09-24 02:08:02,232 - mylogger - INFO - 获取题目
2018-09-24 02:08:03,998 - mylogger - INFO - 第 2 题
2018-09-24 02:08:04,326 - mylogger - INFO - 歌曲《时间都去哪了》的原唱歌手是谁？
2018-09-24 02:08:05,263 - mylogger - INFO - ['薛之谦', '王铮亮', '华晨宇']
2018-09-24 02:08:05,263 - mylogger - INFO - 数据库中检索答案
2018-09-24 02:08:05,278 - mylogger - INFO - 数据中无答案
2018-09-24 02:08:06,856 - mylogger - INFO - 在线检索答案：王铮亮
2018-09-24 02:08:06,872 - mylogger - INFO - 我的答案：王铮亮
2018-09-24 02:08:07,357 - mylogger - INFO - 选择选项
2018-09-24 02:08:09,825 - mylogger - INFO - 答案正确
2018-09-24 02:08:09,825 - mylogger - INFO - 更新答案
2018-09-24 02:08:11,231 - mylogger - INFO - 本题结束
2018-09-24 02:08:11,246 - mylogger - INFO - 获取题目
2018-09-24 02:08:14,167 - mylogger - INFO - 第 3 题
2018-09-24 02:08:14,449 - mylogger - INFO - 文件型病毒传染的对象主要是哪种扩展名的文件？
2018-09-24 02:08:15,417 - mylogger - INFO - ['EXE', 'TXT', 'INI']
2018-09-24 02:08:15,417 - mylogger - INFO - 数据库中检索答案
2018-09-24 02:08:15,417 - mylogger - INFO - 我的答案：EXE
2018-09-24 02:08:16,026 - mylogger - INFO - 选择选项
2018-09-24 02:08:18,432 - mylogger - INFO - 答案正确
2018-09-24 02:08:18,432 - mylogger - INFO - 更新答案
2018-09-24 02:08:19,807 - mylogger - INFO - 本题结束
2018-09-24 02:08:19,822 - mylogger - INFO - 获取题目
2018-09-24 02:08:21,697 - mylogger - INFO - 第 4 题
2018-09-24 02:08:22,041 - mylogger - INFO - 甲、乙、丙三人设立合伙企业，下列哪项不能作为合伙人的出资？
2018-09-24 02:08:23,024 - mylogger - INFO - ['土地所有权', '劳务', '实物使用权']
2018-09-24 02:08:23,040 - mylogger - INFO - 数据库中检索答案
2018-09-24 02:08:23,040 - mylogger - INFO - 数据中无答案
2018-09-24 02:08:24,758 - mylogger - INFO - 在线检索答案：土地所有权
2018-09-24 02:08:24,758 - mylogger - INFO - 我的答案：土地所有权
2018-09-24 02:08:25,337 - mylogger - INFO - 选择选项
2018-09-24 02:08:27,852 - mylogger - INFO - 答案正确
2018-09-24 02:08:27,852 - mylogger - INFO - 更新答案
2018-09-24 02:08:33,694 - mylogger - INFO - 本题结束
2018-09-24 02:08:33,709 - mylogger - INFO - 获取题目
2018-09-24 02:08:35,491 - mylogger - INFO - 第 5 题
2018-09-24 02:08:35,772 - mylogger - INFO - 寒随一夜去，春随五更来（打一时节俗称）
2018-09-24 02:08:36,740 - mylogger - INFO - ['元宵', '春节', '除夕']
2018-09-24 02:08:36,740 - mylogger - INFO - 数据库中检索答案
2018-09-24 02:08:36,755 - mylogger - INFO - 数据中无答案
2018-09-24 02:08:38,442 - mylogger - INFO - 在线检索答案：除夕
2018-09-24 02:08:38,442 - mylogger - INFO - 我的答案：除夕
2018-09-24 02:08:38,943 - mylogger - INFO - 选择选项
2018-09-24 02:08:41,427 - mylogger - INFO - 答案正确
2018-09-24 02:08:41,427 - mylogger - INFO - 更新答案
2018-09-24 02:08:43,832 - mylogger - INFO - 本题结束
2018-09-24 02:08:44,036 - mylogger - INFO - 本场比赛结束
2018-09-24 02:08:44,286 - mylogger - INFO - 返回游戏页面
2018-09-24 02:08:45,816 - mylogger - INFO - 进入排位赛
2018-09-24 02:08:45,816 - mylogger - INFO - 正在匹配中......
2018-09-24 02:09:46,958 - mylogger - WARNING - 匹配失败
2018-09-24 02:09:47,208 - mylogger - INFO - 返回游戏页面
2018-09-24 02:09:48,755 - mylogger - INFO - 进入排位赛
2018-09-24 02:09:48,755 - mylogger - INFO - 正在匹配中......
2018-09-24 02:10:15,733 - mylogger - INFO - 匹配成功
2018-09-24 02:10:15,733 - mylogger - INFO - 获取题目
2018-09-24 02:10:18,826 - mylogger - INFO - 第 1 题
2018-09-24 02:10:19,123 - mylogger - INFO - 藏族的传统葬仪是哪种？
2018-09-24 02:10:20,028 - mylogger - INFO - ['火葬', '天葬', '水葬']
2018-09-24 02:10:20,028 - mylogger - INFO - 数据库中检索答案
2018-09-24 02:10:20,043 - mylogger - INFO - 数据中无答案
2018-09-24 02:10:20,965 - mylogger - INFO - 在线检索答案：天葬
2018-09-24 02:10:20,965 - mylogger - INFO - 我的答案：天葬
2018-09-24 02:10:21,513 - mylogger - INFO - 选择选项
2018-09-24 02:10:23,872 - mylogger - INFO - 答案正确
2018-09-24 02:10:23,872 - mylogger - INFO - 更新答案
2018-09-24 02:10:25,277 - mylogger - INFO - 本题结束
2018-09-24 02:10:25,277 - mylogger - INFO - 获取题目
2018-09-24 02:10:27,074 - mylogger - INFO - 第 2 题
2018-09-24 02:10:27,370 - mylogger - INFO - 我国首颗私人卫星叫什么？
2018-09-24 02:10:28,354 - mylogger - INFO - ['风马牛一号', '火马牛一号', '水马牛一号']
2018-09-24 02:10:28,354 - mylogger - INFO - 数据库中检索答案
2018-09-24 02:10:28,370 - mylogger - INFO - 我的答案：风马牛一号
2018-09-24 02:10:28,886 - mylogger - INFO - 选择选项
2018-09-24 02:10:31,291 - mylogger - INFO - 答案正确
2018-09-24 02:10:31,291 - mylogger - INFO - 更新答案
2018-09-24 02:10:33,807 - mylogger - INFO - 本题结束
2018-09-24 02:10:33,807 - mylogger - INFO - 获取题目
2018-09-24 02:10:35,649 - mylogger - INFO - 第 3 题
2018-09-24 02:10:35,978 - mylogger - INFO - 春晚小品《说事儿》中，白云大妈穿的外套是什么？
2018-09-24 02:10:36,946 - mylogger - INFO - ['貂绒大衣', '皮夹克', '羽绒服']
2018-09-24 02:10:36,946 - mylogger - INFO - 数据库中检索答案
2018-09-24 02:10:36,961 - mylogger - INFO - 数据中无答案
2018-09-24 02:10:37,883 - mylogger - INFO - 在线检索答案：
2018-09-24 02:10:37,883 - mylogger - INFO - 我的答案：貂绒大衣
2018-09-24 02:10:38,523 - mylogger - INFO - 选择选项
2018-09-24 02:10:40,930 - mylogger - INFO - 答案正确
2018-09-24 02:10:40,930 - mylogger - INFO - 更新答案
2018-09-24 02:10:43,383 - mylogger - INFO - 本题结束
2018-09-24 02:10:43,398 - mylogger - INFO - 获取题目
2018-09-24 02:10:46,288 - mylogger - INFO - 第 4 题
2018-09-24 02:10:46,631 - mylogger - INFO - 膝跳反射的神经中枢位于哪里？
2018-09-24 02:10:47,663 - mylogger - INFO - ['小脑', '脊髓', '脑干']
2018-09-24 02:10:47,663 - mylogger - INFO - 数据库中检索答案
2018-09-24 02:10:47,678 - mylogger - INFO - 数据中无答案
2018-09-24 02:10:48,365 - mylogger - INFO - 在线检索答案：脊髓
2018-09-24 02:10:48,365 - mylogger - INFO - 我的答案：脊髓
2018-09-24 02:10:48,866 - mylogger - INFO - 选择选项
2018-09-24 02:10:51,287 - mylogger - INFO - 答案正确
2018-09-24 02:10:51,287 - mylogger - INFO - 更新答案
2018-09-24 02:10:54,911 - mylogger - INFO - 本题结束
2018-09-24 02:10:54,926 - mylogger - INFO - 获取题目
2018-09-24 02:10:56,754 - mylogger - INFO - 第 5 题
2018-09-24 02:10:57,128 - mylogger - INFO - 蓝鲸属于什么鲸类？
2018-09-24 02:10:58,019 - mylogger - INFO - ['齿鲸', '须鲸', '角鲸']
2018-09-24 02:10:58,019 - mylogger - INFO - 数据库中检索答案
2018-09-24 02:10:58,035 - mylogger - INFO - 数据中无答案
2018-09-24 02:10:58,691 - mylogger - INFO - 在线检索答案：须鲸
2018-09-24 02:10:58,691 - mylogger - INFO - 我的答案：须鲸
2018-09-24 02:10:59,223 - mylogger - INFO - 选择选项
2018-09-24 02:11:01,628 - mylogger - INFO - 答案正确
2018-09-24 02:11:01,628 - mylogger - INFO - 更新答案
2018-09-24 02:11:03,081 - mylogger - INFO - 本题结束
2018-09-24 02:11:03,190 - mylogger - INFO - 本场比赛结束
2018-09-24 02:11:03,440 - mylogger - INFO - 返回游戏页面
2018-09-24 02:11:05,018 - mylogger - INFO - 进入排位赛
2018-09-24 02:11:05,018 - mylogger - INFO - 正在匹配中......
2018-09-24 02:12:06,082 - mylogger - WARNING - 匹配失败
2018-09-24 02:12:06,347 - mylogger - INFO - 返回游戏页面
2018-09-24 02:12:07,847 - mylogger - INFO - 进入排位赛
2018-09-24 02:12:07,847 - mylogger - INFO - 正在匹配中......
2018-09-24 02:13:08,004 - mylogger - WARNING - 匹配失败
2018-09-24 02:13:08,255 - mylogger - INFO - 返回游戏页面
2018-09-24 02:13:09,739 - mylogger - INFO - 进入排位赛
2018-09-24 02:13:09,739 - mylogger - INFO - 正在匹配中......
2018-09-24 02:14:10,834 - mylogger - WARNING - 匹配失败
2018-09-24 02:14:11,099 - mylogger - INFO - 返回游戏页面
2018-09-24 02:14:12,676 - mylogger - INFO - 进入排位赛
2018-09-24 02:14:12,676 - mylogger - INFO - 正在匹配中......
2018-09-24 02:15:13,506 - mylogger - WARNING - 匹配失败
2018-09-24 02:15:13,772 - mylogger - INFO - 返回游戏页面
2018-09-24 02:15:15,318 - mylogger - INFO - 进入排位赛
2018-09-24 02:15:15,318 - mylogger - INFO - 正在匹配中......
2018-09-24 02:15:38,156 - mylogger - INFO - 匹配成功
2018-09-24 02:15:38,156 - mylogger - INFO - 获取题目
2018-09-24 02:15:41,125 - mylogger - INFO - 第 1 题
2018-09-24 02:15:41,422 - mylogger - INFO - 科学巨著《时间简史》是谁的著作？
2018-09-24 02:15:42,500 - mylogger - INFO - ['霍金', '伽利略', '爱因斯坦']
2018-09-24 02:15:42,500 - mylogger - INFO - 数据库中检索答案
2018-09-24 02:15:42,515 - mylogger - INFO - 我的答案：霍金
2018-09-24 02:15:43,062 - mylogger - INFO - 选择选项
2018-09-24 02:15:45,468 - mylogger - INFO - 答案正确
2018-09-24 02:15:45,468 - mylogger - INFO - 更新答案
2018-09-24 02:15:46,826 - mylogger - INFO - 本题结束
2018-09-24 02:15:46,826 - mylogger - INFO - 获取题目
2018-09-24 02:15:48,654 - mylogger - INFO - 第 2 题
2018-09-24 02:15:48,998 - mylogger - INFO - “耿耿残灯背壁影，萧萧暗雨打窗声”出自白居易哪首诗？
2018-09-24 02:15:49,935 - mylogger - INFO - ['《除夜寄弟妹》', '《上阳白发人》', '《望驿台》']
2018-09-24 02:15:49,935 - mylogger - INFO - 数据库中检索答案
2018-09-24 02:15:49,950 - mylogger - INFO - 数据中无答案
2018-09-24 02:15:50,231 - mylogger - INFO - 在线检索答案：《上阳白发人》
2018-09-24 02:15:50,231 - mylogger - INFO - 我的答案：《上阳白发人》
2018-09-24 02:15:50,779 - mylogger - INFO - 选择选项
2018-09-24 02:15:53,278 - mylogger - INFO - 答案正确
2018-09-24 02:15:53,293 - mylogger - INFO - 更新答案
2018-09-24 02:15:58,027 - mylogger - INFO - 本题结束
2018-09-24 02:15:58,073 - mylogger - INFO - 获取题目
2018-09-24 02:15:59,808 - mylogger - INFO - 第 3 题
2018-09-24 02:16:00,089 - mylogger - INFO - 几内亚湾是哪个洲最大的海湾？
2018-09-24 02:16:01,041 - mylogger - INFO - ['非洲', '欧洲', '亚洲']
2018-09-24 02:16:01,041 - mylogger - INFO - 数据库中检索答案
2018-09-24 02:16:01,057 - mylogger - INFO - 数据中无答案
2018-09-24 02:16:01,354 - mylogger - INFO - 在线检索答案：非洲
2018-09-24 02:16:01,354 - mylogger - INFO - 我的答案：非洲
2018-09-24 02:16:01,870 - mylogger - INFO - 选择选项
2018-09-24 02:16:04,354 - mylogger - INFO - 答案正确
2018-09-24 02:16:04,354 - mylogger - INFO - 更新答案
2018-09-24 02:16:06,853 - mylogger - INFO - 本题结束
2018-09-24 02:16:06,853 - mylogger - INFO - 获取题目
2018-09-24 02:16:09,868 - mylogger - INFO - 第 4 题
2018-09-24 02:16:10,133 - mylogger - INFO - 下列哪一项不属于ICO（首次币发行）？
2018-09-24 02:16:11,133 - mylogger - INFO - ['比特币', '以太币', '波令币']
2018-09-24 02:16:11,148 - mylogger - INFO - 数据库中检索答案
2018-09-24 02:16:11,148 - mylogger - INFO - 数据中无答案
2018-09-24 02:16:11,851 - mylogger - INFO - 在线检索答案：以太币
2018-09-24 02:16:11,867 - mylogger - INFO - 我的答案：以太币
2018-09-24 02:16:12,461 - mylogger - INFO - 选择选项
2018-09-24 02:16:14,867 - mylogger - INFO - 答案错误
2018-09-24 02:16:15,085 - mylogger - INFO - 正确答案；波令币
2018-09-24 02:16:15,085 - mylogger - INFO - 更新答案
2018-09-24 02:16:17,601 - mylogger - INFO - 本题结束
2018-09-24 02:16:17,601 - mylogger - INFO - 获取题目
2018-09-24 02:16:25,286 - mylogger - INFO - 第 5 题
2018-09-24 02:16:25,568 - mylogger - INFO - 1982年被直接定为九段棋手的是
2018-09-24 02:16:26,629 - mylogger - INFO - ['陈祖德、吴淞笙、聂卫平', '陈祖德、聂卫平、马晓春', '过惕生、刘棣怀、陈祖德']
2018-09-24 02:16:26,629 - mylogger - INFO - 数据库中检索答案
2018-09-24 02:16:26,645 - mylogger - INFO - 数据中无答案
2018-09-24 02:16:27,785 - mylogger - INFO - 在线检索答案：陈祖德、吴淞笙、聂卫平
2018-09-24 02:16:27,785 - mylogger - INFO - 我的答案：陈祖德、吴淞笙、聂卫平
2018-09-24 02:16:28,301 - mylogger - INFO - 选择选项
2018-09-24 02:16:30,722 - mylogger - INFO - 答案正确
2018-09-24 02:16:30,722 - mylogger - INFO - 更新答案
2018-09-24 02:16:32,113 - mylogger - INFO - 本题结束
2018-09-24 02:16:32,238 - mylogger - INFO - 本场比赛结束
2018-09-24 02:16:32,488 - mylogger - INFO - 返回游戏页面
2018-09-24 02:16:33,971 - mylogger - INFO - 进入排位赛
2018-09-24 02:16:33,971 - mylogger - INFO - 正在匹配中......
2018-09-24 02:17:34,098 - mylogger - WARNING - 匹配失败
2018-09-24 02:17:34,364 - mylogger - INFO - 返回游戏页面
2018-09-24 02:17:35,926 - mylogger - INFO - 进入排位赛
2018-09-24 02:17:35,926 - mylogger - INFO - 正在匹配中......
2018-09-24 02:18:13,933 - mylogger - INFO - 匹配成功
2018-09-24 02:18:13,933 - mylogger - INFO - 获取题目
2018-09-24 02:18:17,025 - mylogger - INFO - 第 1 题
2018-09-24 02:18:17,291 - mylogger - INFO - “乱我心者，今日之日多烦忧”出自哪位诗人的手笔？
2018-09-24 02:18:18,198 - mylogger - INFO - ['李白', '唐伯虎', '韦应物']
2018-09-24 02:18:18,212 - mylogger - INFO - 数据库中检索答案
2018-09-24 02:18:18,228 - mylogger - INFO - 数据中无答案
2018-09-24 02:18:18,962 - mylogger - INFO - 在线检索答案：李白
2018-09-24 02:18:18,962 - mylogger - INFO - 我的答案：李白
2018-09-24 02:18:19,479 - mylogger - INFO - 选择选项
2018-09-24 02:18:21,931 - mylogger - INFO - 答案正确
2018-09-24 02:18:21,931 - mylogger - INFO - 更新答案
2018-09-24 02:18:32,288 - mylogger - INFO - 本题结束
2018-09-24 02:18:32,303 - mylogger - INFO - 获取题目
2018-09-24 02:18:34,084 - mylogger - INFO - 第 2 题
2018-09-24 02:18:34,366 - mylogger - INFO - 《下一个天亮》是谁的专辑？
2018-09-24 02:18:35,302 - mylogger - INFO - ['蔡依林', '郭静', '梁静茹']
2018-09-24 02:18:35,302 - mylogger - INFO - 数据库中检索答案
2018-09-24 02:18:35,318 - mylogger - INFO - 数据中无答案
2018-09-24 02:18:35,990 - mylogger - INFO - 在线检索答案：郭静
2018-09-24 02:18:35,990 - mylogger - INFO - 我的答案：郭静
2018-09-24 02:18:36,553 - mylogger - INFO - 选择选项
2018-09-24 02:18:38,943 - mylogger - INFO - 答案正确
2018-09-24 02:18:38,943 - mylogger - INFO - 更新答案
2018-09-24 02:18:47,081 - mylogger - INFO - 本题结束
2018-09-24 02:18:47,096 - mylogger - INFO - 获取题目
2018-09-24 02:18:48,909 - mylogger - INFO - 第 3 题
2018-09-24 02:18:49,190 - mylogger - INFO - 2000年11月6日在珠海开幕的中国航空航天博览会是第几届？
2018-09-24 02:18:50,112 - mylogger - INFO - ['第一届', '第二届', '第三届']
2018-09-24 02:18:50,127 - mylogger - INFO - 数据库中检索答案
2018-09-24 02:18:50,127 - mylogger - INFO - 数据中无答案
2018-09-24 02:18:50,408 - mylogger - INFO - 在线检索答案：第三届
2018-09-24 02:18:50,408 - mylogger - INFO - 我的答案：第三届
2018-09-24 02:18:51,002 - mylogger - INFO - 选择选项
2018-09-24 02:18:53,455 - mylogger - INFO - 答案正确
2018-09-24 02:18:53,455 - mylogger - INFO - 更新答案
2018-09-24 02:18:57,157 - mylogger - INFO - 本题结束
2018-09-24 02:18:57,157 - mylogger - INFO - 获取题目
2018-09-24 02:18:59,000 - mylogger - INFO - 第 4 题
2018-09-24 02:18:59,344 - mylogger - INFO - 下列水果盛产于泉州的是？
2018-09-24 02:19:00,297 - mylogger - INFO - ['龙眼、柑橘和香蕉', '苹果、梨和荔枝', '苹果、柑橘和香蕉']
2018-09-24 02:19:00,297 - mylogger - INFO - 数据库中检索答案
2018-09-24 02:19:00,312 - mylogger - INFO - 数据中无答案
2018-09-24 02:19:01,062 - mylogger - INFO - 在线检索答案：龙眼、柑橘和香蕉
2018-09-24 02:19:01,062 - mylogger - INFO - 我的答案：龙眼、柑橘和香蕉
2018-09-24 02:19:01,578 - mylogger - INFO - 选择选项
2018-09-24 02:19:04,077 - mylogger - INFO - 答案错误
2018-09-24 02:19:04,312 - mylogger - INFO - 正确答案；苹果、柑橘和香蕉
2018-09-24 02:19:04,312 - mylogger - INFO - 更新答案
2018-09-24 02:19:07,889 - mylogger - INFO - 本题结束
2018-09-24 02:19:07,889 - mylogger - INFO - 获取题目
2018-09-24 02:19:10,919 - mylogger - INFO - 第 5 题
2018-09-24 02:19:11,232 - mylogger - INFO - 哪个成语典故和棋文化有关？
2018-09-24 02:19:12,310 - mylogger - INFO - ['势如破竹', '出奇制胜', '专心致志']
2018-09-24 02:19:12,325 - mylogger - INFO - 数据库中检索答案
2018-09-24 02:19:12,325 - mylogger - INFO - 数据中无答案
2018-09-24 02:19:12,809 - mylogger - INFO - 在线检索答案：势如破竹
2018-09-24 02:19:12,825 - mylogger - INFO - 我的答案：势如破竹
2018-09-24 02:19:13,403 - mylogger - INFO - 选择选项
2018-09-24 02:19:15,871 - mylogger - INFO - 答案错误
2018-09-24 02:19:16,074 - mylogger - INFO - 正确答案；专心致志
2018-09-24 02:19:16,074 - mylogger - INFO - 更新答案
2018-09-24 02:19:17,449 - mylogger - INFO - 本题结束
2018-09-24 02:19:17,558 - mylogger - INFO - 本场比赛结束
2018-09-24 02:19:17,793 - mylogger - INFO - 返回游戏页面
2018-09-24 02:19:19,277 - mylogger - INFO - 进入排位赛
2018-09-24 02:19:19,277 - mylogger - INFO - 正在匹配中......
2018-09-24 02:20:20,059 - mylogger - WARNING - 匹配失败
2018-09-24 02:20:20,310 - mylogger - INFO - 返回游戏页面
2018-09-24 02:20:21,871 - mylogger - INFO - 进入排位赛
2018-09-24 02:20:21,871 - mylogger - INFO - 正在匹配中......
2018-09-24 02:21:21,935 - mylogger - WARNING - 匹配失败
2018-09-24 02:21:22,186 - mylogger - INFO - 返回游戏页面
2018-09-24 02:21:23,732 - mylogger - INFO - 进入排位赛
2018-09-24 02:21:23,732 - mylogger - INFO - 正在匹配中......
2018-09-24 02:22:00,708 - mylogger - INFO - 匹配成功
2018-09-24 02:22:00,708 - mylogger - INFO - 获取题目
2018-09-24 02:22:03,738 - mylogger - INFO - 第 1 题
2018-09-24 02:22:04,019 - mylogger - INFO - 在卫星云图中，一般蓝色表示什么？
2018-09-24 02:22:05,113 - mylogger - INFO - ['陆地', '云', '海洋']
2018-09-24 02:22:05,128 - mylogger - INFO - 数据库中检索答案
2018-09-24 02:22:05,143 - mylogger - INFO - 数据中无答案
2018-09-24 02:22:07,159 - mylogger - INFO - 在线检索答案：云
2018-09-24 02:22:07,159 - mylogger - INFO - 我的答案：云
2018-09-24 02:22:07,706 - mylogger - INFO - 选择选项
2018-09-24 02:22:10,159 - mylogger - INFO - 答案错误
2018-09-24 02:22:10,393 - mylogger - INFO - 正确答案；海洋
2018-09-24 02:22:10,393 - mylogger - INFO - 更新答案
2018-09-24 02:22:10,752 - mylogger - INFO - 本题结束
2018-09-24 02:22:10,752 - mylogger - INFO - 获取题目
2018-09-24 02:22:13,767 - mylogger - INFO - 第 2 题
2018-09-24 02:22:14,079 - mylogger - INFO - 纱丽是哪个国家的传统服饰？
2018-09-24 02:22:14,954 - mylogger - INFO - ['俄罗斯', '印度', '土耳其']
2018-09-24 02:22:14,969 - mylogger - INFO - 数据库中检索答案
2018-09-24 02:22:14,985 - mylogger - INFO - 数据中无答案
2018-09-24 02:22:15,844 - mylogger - INFO - 在线检索答案：印度
2018-09-24 02:22:15,860 - mylogger - INFO - 我的答案：印度
2018-09-24 02:22:16,423 - mylogger - INFO - 选择选项
2018-09-24 02:22:18,875 - mylogger - INFO - 答案正确
2018-09-24 02:22:18,875 - mylogger - INFO - 更新答案
2018-09-24 02:22:24,921 - mylogger - INFO - 本题结束
2018-09-24 02:22:24,951 - mylogger - INFO - 获取题目
2018-09-24 02:22:27,889 - mylogger - INFO - 第 3 题
2018-09-24 02:22:28,186 - mylogger - INFO - 对“光电效应”作出正确解释的是谁？
2018-09-24 02:22:29,154 - mylogger - INFO - ['康普顿', '爱因斯坦', '普朗克']
2018-09-24 02:22:29,154 - mylogger - INFO - 数据库中检索答案
2018-09-24 02:22:29,169 - mylogger - INFO - 我的答案：爱因斯坦
2018-09-24 02:22:29,717 - mylogger - INFO - 选择选项
2018-09-24 02:22:32,169 - mylogger - INFO - 答案正确
2018-09-24 02:22:32,169 - mylogger - INFO - 更新答案
2018-09-24 02:22:35,980 - mylogger - INFO - 本题结束
2018-09-24 02:22:35,980 - mylogger - INFO - 获取题目
2018-09-24 02:22:37,902 - mylogger - INFO - 第 4 题
2018-09-24 02:22:38,199 - mylogger - INFO - 被誉为日本“侦探推理小说之父”的是哪位小说家？
2018-09-24 02:22:39,058 - mylogger - INFO - ['江户川乱步', '芥川龙之介', '三岛由纪夫']
2018-09-24 02:22:39,088 - mylogger - INFO - 数据库中检索答案
2018-09-24 02:22:39,104 - mylogger - INFO - 数据中无答案
2018-09-24 02:22:40,244 - mylogger - INFO - 在线检索答案：江户川乱步
2018-09-24 02:22:40,244 - mylogger - INFO - 我的答案：江户川乱步
2018-09-24 02:22:40,823 - mylogger - INFO - 选择选项
2018-09-24 02:22:43,244 - mylogger - INFO - 答案正确
2018-09-24 02:22:43,244 - mylogger - INFO - 更新答案
2018-09-24 02:22:46,368 - mylogger - INFO - 本题结束
2018-09-24 02:22:46,368 - mylogger - INFO - 获取题目
2018-09-24 02:22:48,134 - mylogger - INFO - 第 5 题
2018-09-24 02:22:48,431 - mylogger - INFO - 万历三十年前后的容与堂本是在何处所刻？
2018-09-24 02:22:49,571 - mylogger - INFO - ['杭州', '苏州', '湖州']
2018-09-24 02:22:49,586 - mylogger - INFO - 数据库中检索答案
2018-09-24 02:22:49,586 - mylogger - INFO - 数据中无答案
2018-09-24 02:22:51,211 - mylogger - INFO - 在线检索答案：杭州
2018-09-24 02:22:51,211 - mylogger - INFO - 我的答案：杭州
2018-09-24 02:22:51,757 - mylogger - INFO - 选择选项
2018-09-24 02:22:54,148 - mylogger - INFO - 答案正确
2018-09-24 02:22:54,148 - mylogger - INFO - 更新答案
2018-09-24 02:22:57,694 - mylogger - INFO - 本题结束
2018-09-24 02:22:57,819 - mylogger - INFO - 本场比赛结束
2018-09-24 02:22:58,053 - mylogger - INFO - 返回游戏页面
2018-09-24 02:22:59,506 - mylogger - INFO - 进入排位赛
2018-09-24 02:22:59,506 - mylogger - INFO - 正在匹配中......
2018-09-24 02:23:59,679 - mylogger - WARNING - 匹配失败
2018-09-24 02:23:59,930 - mylogger - INFO - 返回游戏页面
2018-09-24 02:24:01,445 - mylogger - INFO - 进入排位赛
2018-09-24 02:24:01,445 - mylogger - INFO - 正在匹配中......
2018-09-24 02:25:02,165 - mylogger - WARNING - 匹配失败
2018-09-24 02:25:02,430 - mylogger - INFO - 返回游戏页面
2018-09-24 02:25:03,946 - mylogger - INFO - 进入排位赛
2018-09-24 02:25:03,946 - mylogger - INFO - 正在匹配中......
2018-09-24 02:25:38,047 - mylogger - INFO - 匹配成功
2018-09-24 02:25:38,047 - mylogger - INFO - 获取题目
2018-09-24 02:25:41,062 - mylogger - INFO - 第 1 题
2018-09-24 02:25:41,390 - mylogger - INFO - 狗的汗腺在身上哪个位置？
2018-09-24 02:25:42,248 - mylogger - INFO - ['耳朵', '牙臼', '舌头']
2018-09-24 02:25:42,248 - mylogger - INFO - 数据库中检索答案
2018-09-24 02:25:42,264 - mylogger - INFO - 数据中无答案
2018-09-24 02:25:42,983 - mylogger - INFO - 在线检索答案：舌头
2018-09-24 02:25:42,983 - mylogger - INFO - 我的答案：舌头
2018-09-24 02:25:43,499 - mylogger - INFO - 选择选项
2018-09-24 02:25:45,967 - mylogger - INFO - 答案正确
2018-09-24 02:25:45,982 - mylogger - INFO - 更新答案
2018-09-24 02:25:48,716 - mylogger - INFO - 本题结束
2018-09-24 02:25:48,747 - mylogger - INFO - 获取题目
2018-09-24 02:25:50,481 - mylogger - INFO - 第 2 题
2018-09-24 02:25:50,809 - mylogger - INFO - 世称“王右丞”的诗人是 ？
2018-09-24 02:25:51,700 - mylogger - INFO - ['王维', '王勃', '王羲之']
2018-09-24 02:25:51,700 - mylogger - INFO - 数据库中检索答案
2018-09-24 02:25:51,715 - mylogger - INFO - 数据中无答案
2018-09-24 02:25:53,730 - mylogger - INFO - 在线检索答案：王维
2018-09-24 02:25:53,730 - mylogger - INFO - 我的答案：王维
2018-09-24 02:25:54,371 - mylogger - INFO - 选择选项
2018-09-24 02:25:56,808 - mylogger - INFO - 答案正确
2018-09-24 02:25:56,808 - mylogger - INFO - 更新答案
2018-09-24 02:25:59,464 - mylogger - INFO - 本题结束
2018-09-24 02:25:59,464 - mylogger - INFO - 获取题目
2018-09-24 02:26:01,323 - mylogger - INFO - 第 3 题
2018-09-24 02:26:01,604 - mylogger - INFO - 著名服装设计师卡尔·拉格斐的别称叫什么？
2018-09-24 02:26:02,557 - mylogger - INFO - ['老佛爷', '大帝', '设计之父']
2018-09-24 02:26:02,557 - mylogger - INFO - 数据库中检索答案
2018-09-24 02:26:02,572 - mylogger - INFO - 数据中无答案
2018-09-24 02:26:03,197 - mylogger - INFO - 在线检索答案：老佛爷
2018-09-24 02:26:03,197 - mylogger - INFO - 我的答案：老佛爷
2018-09-24 02:26:03,791 - mylogger - INFO - 选择选项
2018-09-24 02:26:06,165 - mylogger - INFO - 答案正确
2018-09-24 02:26:06,165 - mylogger - INFO - 更新答案
2018-09-24 02:26:07,712 - mylogger - INFO - 本题结束
2018-09-24 02:26:07,743 - mylogger - INFO - 获取题目
2018-09-24 02:26:09,493 - mylogger - INFO - 第 4 题
2018-09-24 02:26:09,774 - mylogger - INFO - “芡实”又叫做什么？
2018-09-24 02:26:10,743 - mylogger - INFO - ['鸡头米', '莲子', '薏仁']
2018-09-24 02:26:10,743 - mylogger - INFO - 数据库中检索答案
2018-09-24 02:26:10,758 - mylogger - INFO - 数据中无答案
2018-09-24 02:26:11,305 - mylogger - INFO - 在线检索答案：鸡头米
2018-09-24 02:26:11,305 - mylogger - INFO - 我的答案：鸡头米
2018-09-24 02:26:11,867 - mylogger - INFO - 选择选项
2018-09-24 02:26:14,258 - mylogger - INFO - 答案正确
2018-09-24 02:26:14,258 - mylogger - INFO - 更新答案
2018-09-24 02:26:15,835 - mylogger - INFO - 本题结束
2018-09-24 02:26:15,850 - mylogger - INFO - 获取题目
2018-09-24 02:26:17,647 - mylogger - INFO - 第 5 题
2018-09-24 02:26:17,975 - mylogger - INFO - 88岁有个俗称，请问是什么？
2018-09-24 02:26:18,959 - mylogger - INFO - ['喜寿', '米寿', '期颐']
2018-09-24 02:26:18,959 - mylogger - INFO - 数据库中检索答案
2018-09-24 02:26:18,975 - mylogger - INFO - 数据中无答案
2018-09-24 02:26:19,256 - mylogger - INFO - 在线检索答案：米寿
2018-09-24 02:26:19,256 - mylogger - INFO - 我的答案：米寿
2018-09-24 02:26:19,788 - mylogger - INFO - 选择选项
2018-09-24 02:26:22,240 - mylogger - INFO - 答案正确
2018-09-24 02:26:22,240 - mylogger - INFO - 更新答案
2018-09-24 02:26:24,942 - mylogger - INFO - 本题结束
2018-09-24 02:26:25,068 - mylogger - INFO - 本场比赛结束
2018-09-24 02:26:25,317 - mylogger - INFO - 返回游戏页面
2018-09-24 02:26:26,849 - mylogger - INFO - 进入排位赛
2018-09-24 02:26:26,849 - mylogger - INFO - 正在匹配中......
2018-09-24 02:27:27,365 - mylogger - WARNING - 匹配失败
2018-09-24 02:27:27,600 - mylogger - INFO - 返回游戏页面
2018-09-24 02:27:29,084 - mylogger - INFO - 进入排位赛
2018-09-24 02:27:29,099 - mylogger - INFO - 正在匹配中......
2018-09-24 02:27:51,750 - mylogger - INFO - 匹配成功
2018-09-24 02:27:51,750 - mylogger - INFO - 获取题目
2018-09-24 02:27:54,656 - mylogger - INFO - 第 1 题
2018-09-24 02:27:54,922 - mylogger - INFO - CBA联赛是由以下哪个品牌赞助的？
2018-09-24 02:27:55,749 - mylogger - INFO - ['安踏', '匹克', '李宁']
2018-09-24 02:27:55,749 - mylogger - INFO - 数据库中检索答案
2018-09-24 02:27:55,764 - mylogger - INFO - 数据中无答案
2018-09-24 02:27:56,452 - mylogger - INFO - 在线检索答案：李宁
2018-09-24 02:27:56,452 - mylogger - INFO - 我的答案：李宁
2018-09-24 02:27:57,014 - mylogger - INFO - 选择选项
2018-09-24 02:27:59,452 - mylogger - INFO - 答案正确
2018-09-24 02:27:59,467 - mylogger - INFO - 更新答案
2018-09-24 02:28:01,013 - mylogger - INFO - 本题结束
2018-09-24 02:28:01,013 - mylogger - INFO - 获取题目
2018-09-24 02:28:02,841 - mylogger - INFO - 第 2 题
2018-09-24 02:28:03,106 - mylogger - INFO - 人们常用什么来进行人工降雨？
2018-09-24 02:28:04,044 - mylogger - INFO - ['硝酸银', '硫酸银', '碘化银']
2018-09-24 02:28:04,044 - mylogger - INFO - 数据库中检索答案
2018-09-24 02:28:04,059 - mylogger - INFO - 数据中无答案
2018-09-24 02:28:04,715 - mylogger - INFO - 在线检索答案：碘化银
2018-09-24 02:28:04,715 - mylogger - INFO - 我的答案：碘化银
2018-09-24 02:28:05,231 - mylogger - INFO - 选择选项
2018-09-24 02:28:07,668 - mylogger - INFO - 答案正确
2018-09-24 02:28:07,683 - mylogger - INFO - 更新答案
2018-09-24 02:28:10,340 - mylogger - INFO - 本题结束
2018-09-24 02:28:10,340 - mylogger - INFO - 获取题目
2018-09-24 02:28:12,214 - mylogger - INFO - 第 3 题
2018-09-24 02:28:12,511 - mylogger - INFO - 罗马数字中的“Ⅸ”表示阿拉伯数字的多少？
2018-09-24 02:28:13,511 - mylogger - INFO - ['4', '6', '9']
2018-09-24 02:28:13,511 - mylogger - INFO - 数据库中检索答案
2018-09-24 02:28:13,526 - mylogger - INFO - 数据中无答案
2018-09-24 02:28:14,463 - mylogger - INFO - 在线检索答案：9
2018-09-24 02:28:14,463 - mylogger - INFO - 我的答案：9
2018-09-24 02:28:14,995 - mylogger - INFO - 选择选项
2018-09-24 02:28:17,432 - mylogger - INFO - 答案正确
2018-09-24 02:28:17,432 - mylogger - INFO - 更新答案
2018-09-24 02:28:17,885 - mylogger - INFO - 本题结束
2018-09-24 02:28:17,900 - mylogger - INFO - 获取题目
2018-09-24 02:28:20,994 - mylogger - INFO - 第 4 题
2018-09-24 02:28:21,321 - mylogger - INFO - 石田彰是日本人气一线声优，请问他配过以下哪个角色？
2018-09-24 02:28:22,149 - mylogger - INFO - ['内山夕实', '阿斯兰·萨拉', '三石琴乃']
2018-09-24 02:28:22,164 - mylogger - INFO - 数据库中检索答案
2018-09-24 02:28:22,164 - mylogger - INFO - 数据中无答案
2018-09-24 02:28:22,977 - mylogger - INFO - 在线检索答案：
2018-09-24 02:28:22,977 - mylogger - INFO - 我的答案：内山夕实
2018-09-24 02:28:23,540 - mylogger - INFO - 选择选项
2018-09-24 02:28:25,914 - mylogger - INFO - 答案错误
2018-09-24 02:28:26,054 - mylogger - INFO - 正确答案；阿斯兰·萨拉
2018-09-24 02:28:26,054 - mylogger - INFO - 更新答案
2018-09-24 02:28:27,663 - mylogger - INFO - 本题结束
2018-09-24 02:28:27,663 - mylogger - INFO - 获取题目
2018-09-24 02:28:29,538 - mylogger - INFO - 第 5 题
2018-09-24 02:28:29,819 - mylogger - INFO - 下列选项中，哪一个不属于日本史中三大“末代”悲剧英雄？
2018-09-24 02:28:30,647 - mylogger - INFO - ['桂小五郎', '真田信繁', '楠木正成']
2018-09-24 02:28:30,647 - mylogger - INFO - 数据库中检索答案
2018-09-24 02:28:30,662 - mylogger - INFO - 数据中无答案
2018-09-24 02:28:31,443 - mylogger - INFO - 在线检索答案：桂小五郎
2018-09-24 02:28:31,443 - mylogger - INFO - 我的答案：桂小五郎
2018-09-24 02:28:31,975 - mylogger - INFO - 选择选项
2018-09-24 02:28:34,365 - mylogger - INFO - 答案正确
2018-09-24 02:28:34,365 - mylogger - INFO - 更新答案
2018-09-24 02:28:38,271 - mylogger - INFO - 本题结束
2018-09-24 02:28:38,380 - mylogger - INFO - 本场比赛结束
2018-09-24 02:28:38,614 - mylogger - INFO - 返回游戏页面
2018-09-24 02:28:40,129 - mylogger - INFO - 进入排位赛
2018-09-24 02:28:40,129 - mylogger - INFO - 正在匹配中......
2018-09-24 02:29:40,646 - mylogger - WARNING - 匹配失败
2018-09-24 02:29:40,897 - mylogger - INFO - 返回游戏页面
2018-09-24 02:29:42,443 - mylogger - INFO - 进入排位赛
2018-09-24 02:29:42,443 - mylogger - INFO - 正在匹配中......
2018-09-24 02:30:43,569 - mylogger - WARNING - 匹配失败
2018-09-24 02:30:43,835 - mylogger - INFO - 返回游戏页面
2018-09-24 02:30:45,365 - mylogger - INFO - 进入排位赛
2018-09-24 02:30:45,365 - mylogger - INFO - 正在匹配中......
2018-09-24 02:31:45,914 - mylogger - WARNING - 匹配失败
2018-09-24 02:31:46,179 - mylogger - INFO - 返回游戏页面
2018-09-24 02:31:47,820 - mylogger - INFO - 进入排位赛
2018-09-24 02:31:47,820 - mylogger - INFO - 正在匹配中......
2018-09-24 02:32:48,930 - mylogger - WARNING - 匹配失败
2018-09-24 02:32:49,180 - mylogger - INFO - 返回游戏页面
2018-09-24 02:32:50,726 - mylogger - INFO - 进入排位赛
2018-09-24 02:32:50,726 - mylogger - INFO - 正在匹配中......
2018-09-24 02:33:51,728 - mylogger - WARNING - 匹配失败
2018-09-24 02:33:51,978 - mylogger - INFO - 返回游戏页面
2018-09-24 02:33:53,509 - mylogger - INFO - 进入排位赛
2018-09-24 02:33:53,509 - mylogger - INFO - 正在匹配中......
2018-09-24 02:34:53,588 - mylogger - WARNING - 匹配失败
2018-09-24 02:34:53,838 - mylogger - INFO - 返回游戏页面
2018-09-24 02:34:55,416 - mylogger - INFO - 进入排位赛
2018-09-24 02:34:55,416 - mylogger - INFO - 正在匹配中......
2018-09-24 02:35:56,402 - mylogger - WARNING - 匹配失败
2018-09-24 02:35:56,652 - mylogger - INFO - 返回游戏页面
2018-09-24 02:35:58,198 - mylogger - INFO - 进入排位赛
2018-09-24 02:35:58,198 - mylogger - INFO - 正在匹配中......
2018-09-24 02:36:52,311 - mylogger - INFO - 匹配成功
2018-09-24 02:36:52,326 - mylogger - INFO - 获取题目
2018-09-24 02:36:55,310 - mylogger - INFO - 第 1 题
2018-09-24 02:36:55,638 - mylogger - INFO - 我们常说的噪声污染是指？
2018-09-24 02:36:56,544 - mylogger - INFO - ['90dB以上', '50dB以上', '80dB以上']
2018-09-24 02:36:56,544 - mylogger - INFO - 数据库中检索答案
2018-09-24 02:36:56,559 - mylogger - INFO - 数据中无答案
2018-09-24 02:36:57,293 - mylogger - INFO - 在线检索答案：80dB以上
2018-09-24 02:36:57,309 - mylogger - INFO - 我的答案：80dB以上
2018-09-24 02:36:57,840 - mylogger - INFO - 选择选项
2018-09-24 02:37:00,199 - mylogger - INFO - 答案正确
2018-09-24 02:37:00,199 - mylogger - INFO - 更新答案
2018-09-24 02:37:02,871 - mylogger - INFO - 本题结束
2018-09-24 02:37:02,871 - mylogger - INFO - 获取题目
2018-09-24 02:37:04,683 - mylogger - INFO - 第 2 题
2018-09-24 02:37:04,948 - mylogger - INFO - 下列哪部电影是霍思燕参演的作品？
2018-09-24 02:37:05,808 - mylogger - INFO - ['环太平洋2:雷霆再起', '唐人街探案', '二次曝光']
2018-09-24 02:37:05,838 - mylogger - INFO - 数据库中检索答案
2018-09-24 02:37:05,854 - mylogger - INFO - 数据中无答案
2018-09-24 02:37:06,557 - mylogger - INFO - 在线检索答案：
2018-09-24 02:37:06,572 - mylogger - INFO - 我的答案：环太平洋2:雷霆再起
2018-09-24 02:37:07,088 - mylogger - INFO - 选择选项
2018-09-24 02:37:09,540 - mylogger - INFO - 答案错误
2018-09-24 02:37:09,744 - mylogger - INFO - 正确答案；二次曝光
2018-09-24 02:37:09,759 - mylogger - INFO - 更新答案
2018-09-24 02:37:13,368 - mylogger - INFO - 本题结束
2018-09-24 02:37:13,368 - mylogger - INFO - 获取题目
2018-09-24 02:37:15,149 - mylogger - INFO - 第 3 题
2018-09-24 02:37:15,430 - mylogger - INFO - 单机版《忍者神龟》游戏中，使用双叉的拉斐尔神龟戴的是什么颜色的眼巾
2018-09-24 02:37:16,336 - mylogger - INFO - ['黄色', '红色', '蓝色']
2018-09-24 02:37:16,351 - mylogger - INFO - 数据库中检索答案
2018-09-24 02:37:16,351 - mylogger - INFO - 数据中无答案
2018-09-24 02:37:17,117 - mylogger - INFO - 在线检索答案：红色
2018-09-24 02:37:17,117 - mylogger - INFO - 我的答案：红色
2018-09-24 02:37:17,649 - mylogger - INFO - 选择选项
2018-09-24 02:37:20,023 - mylogger - INFO - 答案正确
2018-09-24 02:37:20,023 - mylogger - INFO - 更新答案
2018-09-24 02:37:22,507 - mylogger - INFO - 本题结束
2018-09-24 02:37:22,507 - mylogger - INFO - 获取题目
2018-09-24 02:37:24,334 - mylogger - INFO - 第 4 题
2018-09-24 02:37:24,631 - mylogger - INFO - 以下哪位不是韩国组合EXO的成员？
2018-09-24 02:37:25,522 - mylogger - INFO - ['金钟大', '金珉锡', '金泰亨']
2018-09-24 02:37:25,522 - mylogger - INFO - 数据库中检索答案
2018-09-24 02:37:25,537 - mylogger - INFO - 数据中无答案
2018-09-24 02:37:26,427 - mylogger - INFO - 在线检索答案：金珉锡
2018-09-24 02:37:26,427 - mylogger - INFO - 我的答案：金珉锡
2018-09-24 02:37:26,943 - mylogger - INFO - 选择选项
2018-09-24 02:37:29,349 - mylogger - INFO - 答案错误
2018-09-24 02:37:29,536 - mylogger - INFO - 正确答案；金泰亨
2018-09-24 02:37:29,551 - mylogger - INFO - 更新答案
2018-09-24 02:37:32,036 - mylogger - INFO - 本题结束
2018-09-24 02:37:32,036 - mylogger - INFO - 获取题目
2018-09-24 02:37:33,817 - mylogger - INFO - 第 5 题
2018-09-24 02:37:34,097 - mylogger - INFO - 《神雕侠侣》万兽山庄兄弟与西山一窟鬼交锋时，谁被毒粉撒到昏迷
2018-09-24 02:37:35,082 - mylogger - INFO - ['史季强', '史仲猛', '史叔刚']
2018-09-24 02:37:35,082 - mylogger - INFO - 数据库中检索答案
2018-09-24 02:37:35,097 - mylogger - INFO - 数据中无答案
2018-09-24 02:37:36,893 - mylogger - INFO - 在线检索答案：史仲猛
2018-09-24 02:37:36,893 - mylogger - INFO - 我的答案：史仲猛
2018-09-24 02:37:37,409 - mylogger - INFO - 选择选项
2018-09-24 02:37:39,784 - mylogger - INFO - 答案错误
2018-09-24 02:37:39,940 - mylogger - INFO - 正确答案；史季强
2018-09-24 02:37:39,940 - mylogger - INFO - 更新答案
2018-09-24 02:37:44,798 - mylogger - INFO - 本题结束
2018-09-24 02:37:44,939 - mylogger - INFO - 本场比赛结束
2018-09-24 02:37:45,189 - mylogger - INFO - 返回游戏页面
2018-09-24 02:37:46,720 - mylogger - INFO - 进入排位赛
2018-09-24 02:37:46,720 - mylogger - INFO - 正在匹配中......
2018-09-24 02:38:47,471 - mylogger - WARNING - 匹配失败
2018-09-24 02:38:47,721 - mylogger - INFO - 返回游戏页面
2018-09-24 02:38:49,283 - mylogger - INFO - 进入排位赛
2018-09-24 02:38:49,298 - mylogger - INFO - 正在匹配中......
2018-09-24 02:39:50,394 - mylogger - WARNING - 匹配失败
2018-09-24 02:39:50,644 - mylogger - INFO - 返回游戏页面
2018-09-24 02:39:52,128 - mylogger - INFO - 进入排位赛
2018-09-24 02:39:52,128 - mylogger - INFO - 正在匹配中......
2018-09-24 02:40:52,817 - mylogger - WARNING - 匹配失败
2018-09-24 02:40:53,066 - mylogger - INFO - 返回游戏页面
2018-09-24 02:40:54,675 - mylogger - INFO - 进入排位赛
2018-09-24 02:40:54,675 - mylogger - INFO - 正在匹配中......
2018-09-24 02:41:55,301 - mylogger - WARNING - 匹配失败
2018-09-24 02:41:55,551 - mylogger - INFO - 返回游戏页面
2018-09-24 02:41:57,082 - mylogger - INFO - 进入排位赛
2018-09-24 02:41:57,082 - mylogger - INFO - 正在匹配中......
2018-09-24 02:42:57,209 - mylogger - WARNING - 匹配失败
2018-09-24 02:42:57,459 - mylogger - INFO - 返回游戏页面
2018-09-24 02:42:58,927 - mylogger - INFO - 进入排位赛
2018-09-24 02:42:58,927 - mylogger - INFO - 正在匹配中......
2018-09-24 02:43:59,491 - mylogger - WARNING - 匹配失败
2018-09-24 02:43:59,741 - mylogger - INFO - 返回游戏页面
2018-09-24 02:44:01,334 - mylogger - INFO - 进入排位赛
2018-09-24 02:44:01,334 - mylogger - INFO - 正在匹配中......
2018-09-24 02:45:02,211 - mylogger - WARNING - 匹配失败
2018-09-24 02:45:02,445 - mylogger - INFO - 返回游戏页面
2018-09-24 02:45:04,007 - mylogger - INFO - 进入排位赛
2018-09-24 02:45:04,007 - mylogger - INFO - 正在匹配中......
2018-09-24 02:46:04,227 - mylogger - WARNING - 匹配失败
2018-09-24 02:46:04,478 - mylogger - INFO - 返回游戏页面
2018-09-24 02:46:05,993 - mylogger - INFO - 进入排位赛
2018-09-24 02:46:05,993 - mylogger - INFO - 正在匹配中......
2018-09-24 02:47:07,010 - mylogger - WARNING - 匹配失败
2018-09-24 02:47:07,260 - mylogger - INFO - 返回游戏页面
2018-09-24 02:47:08,821 - mylogger - INFO - 进入排位赛
2018-09-24 02:47:08,821 - mylogger - INFO - 正在匹配中......
2018-09-24 02:48:09,026 - mylogger - WARNING - 匹配失败
2018-09-24 02:48:09,292 - mylogger - INFO - 返回游戏页面
2018-09-24 02:48:10,854 - mylogger - INFO - 进入排位赛
2018-09-24 02:48:10,854 - mylogger - INFO - 正在匹配中......
2018-09-24 02:49:11,511 - mylogger - WARNING - 匹配失败
2018-09-24 02:49:11,762 - mylogger - INFO - 返回游戏页面
2018-09-24 02:49:13,323 - mylogger - INFO - 进入排位赛
2018-09-24 02:49:13,323 - mylogger - INFO - 正在匹配中......
2018-09-24 02:50:13,420 - mylogger - WARNING - 匹配失败
2018-09-24 02:50:13,670 - mylogger - INFO - 返回游戏页面
2018-09-24 02:50:15,263 - mylogger - INFO - 进入排位赛
2018-09-24 02:50:15,278 - mylogger - INFO - 正在匹配中......
2018-09-24 02:51:16,451 - mylogger - WARNING - 匹配失败
2018-09-24 02:51:16,702 - mylogger - INFO - 返回游戏页面
2018-09-24 02:51:18,185 - mylogger - INFO - 进入排位赛
2018-09-24 02:51:18,185 - mylogger - INFO - 正在匹配中......
2018-09-24 02:52:18,984 - mylogger - WARNING - 匹配失败
2018-09-24 02:52:19,249 - mylogger - INFO - 返回游戏页面
2018-09-24 02:52:20,811 - mylogger - INFO - 进入排位赛
2018-09-24 02:52:20,811 - mylogger - INFO - 正在匹配中......
2018-09-24 02:53:21,625 - mylogger - WARNING - 匹配失败
2018-09-24 02:53:21,875 - mylogger - INFO - 返回游戏页面
2018-09-24 02:53:23,359 - mylogger - INFO - 进入排位赛
2018-09-24 02:53:23,359 - mylogger - INFO - 正在匹配中......
2018-09-24 02:54:23,454 - mylogger - WARNING - 匹配失败
2018-09-24 02:54:23,720 - mylogger - INFO - 返回游戏页面
2018-09-24 02:54:25,157 - mylogger - INFO - 进入排位赛
2018-09-24 02:54:25,157 - mylogger - INFO - 正在匹配中......
2018-09-24 02:55:02,711 - mylogger - INFO - 匹配成功
2018-09-24 02:55:02,711 - mylogger - INFO - 获取题目
2018-09-24 02:55:05,835 - mylogger - INFO - 第 1 题
2018-09-24 02:55:06,132 - mylogger - INFO - “狗不理”是天津什么食品的品牌？
2018-09-24 02:55:06,960 - mylogger - INFO - ['包子', '馒头', '油条']
2018-09-24 02:55:06,990 - mylogger - INFO - 数据库中检索答案
2018-09-24 02:55:07,006 - mylogger - INFO - 数据中无答案
2018-09-24 02:55:08,271 - mylogger - INFO - 在线检索答案：馒头
2018-09-24 02:55:08,271 - mylogger - INFO - 我的答案：馒头
2018-09-24 02:55:08,834 - mylogger - INFO - 选择选项
2018-09-24 02:55:11,224 - mylogger - INFO - 答案错误
2018-09-24 02:55:11,334 - mylogger - INFO - 正确答案；包子
2018-09-24 02:55:11,334 - mylogger - INFO - 更新答案
2018-09-24 02:55:12,693 - mylogger - INFO - 本题结束
2018-09-24 02:55:12,693 - mylogger - INFO - 获取题目
2018-09-24 02:55:15,755 - mylogger - INFO - 第 2 题
2018-09-24 02:55:16,051 - mylogger - INFO - 在《七龙珠》里，孙悟空和琪琪的次子叫什么？
2018-09-24 02:55:16,911 - mylogger - INFO - ['悟天', '特兰克斯', '悟饭']
2018-09-24 02:55:16,925 - mylogger - INFO - 数据库中检索答案
2018-09-24 02:55:16,941 - mylogger - INFO - 数据中无答案
2018-09-24 02:55:17,878 - mylogger - INFO - 在线检索答案：悟天
2018-09-24 02:55:17,878 - mylogger - INFO - 我的答案：悟天
2018-09-24 02:55:18,457 - mylogger - INFO - 选择选项
2018-09-24 02:55:20,847 - mylogger - INFO - 答案正确
2018-09-24 02:55:20,847 - mylogger - INFO - 更新答案
2018-09-24 02:55:26,814 - mylogger - INFO - 本题结束
2018-09-24 02:55:26,814 - mylogger - INFO - 获取题目
2018-09-24 02:55:29,751 - mylogger - INFO - 第 3 题
2018-09-24 02:55:30,033 - mylogger - INFO - 味精最初是从哪种植物中提炼出来的？
2018-09-24 02:55:30,954 - mylogger - INFO - ['香菜', '海带', '芹菜']
2018-09-24 02:55:30,954 - mylogger - INFO - 数据库中检索答案
2018-09-24 02:55:30,969 - mylogger - INFO - 数据中无答案
2018-09-24 02:55:31,797 - mylogger - INFO - 在线检索答案：海带
2018-09-24 02:55:31,797 - mylogger - INFO - 我的答案：海带
2018-09-24 02:55:32,329 - mylogger - INFO - 选择选项
2018-09-24 02:55:34,687 - mylogger - INFO - 答案正确
2018-09-24 02:55:34,687 - mylogger - INFO - 更新答案
2018-09-24 02:55:37,125 - mylogger - INFO - 本题结束
2018-09-24 02:55:37,139 - mylogger - INFO - 获取题目
2018-09-24 02:55:38,968 - mylogger - INFO - 第 4 题
2018-09-24 02:55:39,296 - mylogger - INFO - 歌曲《听海》的原唱歌手是谁？
2018-09-24 02:55:40,279 - mylogger - INFO - ['弦子', '张惠妹', '孙燕姿']
2018-09-24 02:55:40,279 - mylogger - INFO - 数据库中检索答案
2018-09-24 02:55:40,295 - mylogger - INFO - 数据中无答案
2018-09-24 02:55:41,170 - mylogger - INFO - 在线检索答案：张惠妹
2018-09-24 02:55:41,170 - mylogger - INFO - 我的答案：张惠妹
2018-09-24 02:55:41,733 - mylogger - INFO - 选择选项
2018-09-24 02:55:44,185 - mylogger - INFO - 答案正确
2018-09-24 02:55:44,185 - mylogger - INFO - 更新答案
2018-09-24 02:55:45,560 - mylogger - INFO - 本题结束
2018-09-24 02:55:45,560 - mylogger - INFO - 获取题目
2018-09-24 02:55:47,419 - mylogger - INFO - 第 5 题
2018-09-24 02:55:47,763 - mylogger - INFO - 以下哪个是印度第一艘国产核潜艇？
2018-09-24 02:55:48,637 - mylogger - INFO - ['歼敌者号核潜艇', '鲉鱼级潜艇', '阿库拉级核潜艇']
2018-09-24 02:55:48,652 - mylogger - INFO - 数据库中检索答案
2018-09-24 02:55:48,668 - mylogger - INFO - 数据中无答案
2018-09-24 02:55:49,480 - mylogger - INFO - 在线检索答案：歼敌者号核潜艇
2018-09-24 02:55:49,480 - mylogger - INFO - 我的答案：歼敌者号核潜艇
2018-09-24 02:55:50,043 - mylogger - INFO - 选择选项
2018-09-24 02:55:52,511 - mylogger - INFO - 答案正确
2018-09-24 02:55:52,511 - mylogger - INFO - 更新答案
2018-09-24 02:55:57,182 - mylogger - INFO - 本题结束
2018-09-24 02:55:57,291 - mylogger - INFO - 本场比赛结束
2018-09-24 02:55:57,541 - mylogger - INFO - 返回游戏页面
2018-09-24 02:55:59,103 - mylogger - INFO - 进入排位赛
2018-09-24 02:55:59,103 - mylogger - INFO - 正在匹配中......
2018-09-24 02:56:59,246 - mylogger - WARNING - 匹配失败
2018-09-24 02:56:59,480 - mylogger - INFO - 返回游戏页面
2018-09-24 02:57:01,026 - mylogger - INFO - 进入排位赛
2018-09-24 02:57:01,026 - mylogger - INFO - 正在匹配中......
2018-09-24 02:58:01,825 - mylogger - WARNING - 匹配失败
2018-09-24 02:58:02,075 - mylogger - INFO - 返回游戏页面
2018-09-24 02:58:03,605 - mylogger - INFO - 进入排位赛
2018-09-24 02:58:03,605 - mylogger - INFO - 正在匹配中......
2018-09-24 02:59:04,326 - mylogger - WARNING - 匹配失败
2018-09-24 02:59:04,607 - mylogger - INFO - 返回游戏页面
2018-09-24 02:59:06,200 - mylogger - INFO - 进入排位赛
2018-09-24 02:59:06,200 - mylogger - INFO - 正在匹配中......
2018-09-24 03:00:07,014 - mylogger - WARNING - 匹配失败
2018-09-24 03:00:07,264 - mylogger - INFO - 返回游戏页面
2018-09-24 03:00:08,826 - mylogger - INFO - 进入排位赛
2018-09-24 03:00:08,826 - mylogger - INFO - 正在匹配中......
2018-09-24 03:01:05,735 - mylogger - INFO - 匹配成功
2018-09-24 03:01:05,735 - mylogger - INFO - 获取题目
2018-09-24 03:01:08,843 - mylogger - INFO - 第 1 题
2018-09-24 03:01:09,156 - mylogger - INFO - 马拉多纳获得过几次世界杯冠军？
2018-09-24 03:01:10,014 - mylogger - INFO - ['3次', '1次', '0次']
2018-09-24 03:01:10,014 - mylogger - INFO - 数据库中检索答案
2018-09-24 03:01:10,030 - mylogger - INFO - 数据中无答案
2018-09-24 03:01:10,842 - mylogger - INFO - 在线检索答案：1次
2018-09-24 03:01:10,842 - mylogger - INFO - 我的答案：1次
2018-09-24 03:01:11,342 - mylogger - INFO - 选择选项
2018-09-24 03:01:13,748 - mylogger - INFO - 答案正确
2018-09-24 03:01:13,748 - mylogger - INFO - 更新答案
2018-09-24 03:01:23,277 - mylogger - INFO - 本题结束
2018-09-24 03:01:23,292 - mylogger - INFO - 获取题目
2018-09-24 03:01:26,292 - mylogger - INFO - 第 2 题
2018-09-24 03:01:26,558 - mylogger - INFO - 1＋1×0＋1=？
2018-09-24 03:01:27,432 - mylogger - INFO - ['2', '3', '0']
2018-09-24 03:01:27,432 - mylogger - INFO - 数据库中检索答案
2018-09-24 03:01:27,448 - mylogger - INFO - 数据中无答案
2018-09-24 03:01:28,603 - mylogger - INFO - 在线检索答案：0
2018-09-24 03:01:28,603 - mylogger - INFO - 我的答案：0
2018-09-24 03:01:29,213 - mylogger - INFO - 选择选项
2018-09-24 03:01:31,650 - mylogger - INFO - 答案错误
2018-09-24 03:01:31,760 - mylogger - INFO - 正确答案；2
2018-09-24 03:01:31,760 - mylogger - INFO - 更新答案
2018-09-24 03:01:40,211 - mylogger - INFO - 本题结束
2018-09-24 03:01:40,211 - mylogger - INFO - 获取题目
2018-09-24 03:01:43,179 - mylogger - INFO - 第 3 题
2018-09-24 03:01:43,522 - mylogger - INFO - 演员张曼玉在电影《青蛇》中扮演什么角色？
2018-09-24 03:01:44,351 - mylogger - INFO - ['师太', '连翘', '小青']
2018-09-24 03:01:44,365 - mylogger - INFO - 数据库中检索答案
2018-09-24 03:01:44,365 - mylogger - INFO - 数据中无答案
2018-09-24 03:01:45,146 - mylogger - INFO - 在线检索答案：小青
2018-09-24 03:01:45,146 - mylogger - INFO - 我的答案：小青
2018-09-24 03:01:45,741 - mylogger - INFO - 选择选项
2018-09-24 03:01:48,209 - mylogger - INFO - 答案正确
2018-09-24 03:01:48,209 - mylogger - INFO - 更新答案
2018-09-24 03:01:57,769 - mylogger - INFO - 本题结束
2018-09-24 03:01:57,769 - mylogger - INFO - 获取题目
2018-09-24 03:01:59,628 - mylogger - INFO - 第 4 题
2018-09-24 03:01:59,894 - mylogger - INFO - 怎样的喜事可以被称为“弥月之喜”？
2018-09-24 03:02:00,862 - mylogger - INFO - ['婴儿满月', '乔迁满月', '入官满月']
2018-09-24 03:02:00,862 - mylogger - INFO - 数据库中检索答案
2018-09-24 03:02:00,877 - mylogger - INFO - 数据中无答案
2018-09-24 03:02:02,892 - mylogger - INFO - 在线检索答案：婴儿满月
2018-09-24 03:02:02,908 - mylogger - INFO - 我的答案：婴儿满月
2018-09-24 03:02:03,455 - mylogger - INFO - 选择选项
2018-09-24 03:02:05,939 - mylogger - INFO - 答案正确
2018-09-24 03:02:05,939 - mylogger - INFO - 更新答案
2018-09-24 03:02:15,437 - mylogger - INFO - 本题结束
2018-09-24 03:02:15,484 - mylogger - INFO - 获取题目
2018-09-24 03:02:17,312 - mylogger - INFO - 第 5 题
2018-09-24 03:02:17,592 - mylogger - INFO - 演员殷桃和范冰冰演过的同个角色是哪个？
2018-09-24 03:02:18,468 - mylogger - INFO - ['青青', '晚娘', '杨贵妃']
2018-09-24 03:02:18,468 - mylogger - INFO - 数据库中检索答案
2018-09-24 03:02:18,482 - mylogger - INFO - 我的答案：杨贵妃
2018-09-24 03:02:18,999 - mylogger - INFO - 选择选项
2018-09-24 03:02:21,388 - mylogger - INFO - 答案正确
2018-09-24 03:02:21,388 - mylogger - INFO - 更新答案
2018-09-24 03:02:32,042 - mylogger - INFO - 本题结束
2018-09-24 03:02:32,167 - mylogger - INFO - 本场比赛结束
2018-09-24 03:02:32,432 - mylogger - INFO - 返回游戏页面
2018-09-24 03:02:33,933 - mylogger - INFO - 进入排位赛
2018-09-24 03:02:33,933 - mylogger - INFO - 正在匹配中......
2018-09-24 03:03:26,295 - mylogger - INFO - 匹配成功
2018-09-24 03:03:26,295 - mylogger - INFO - 获取题目
2018-09-24 03:03:29,529 - mylogger - INFO - 第 1 题
2018-09-24 03:03:29,809 - mylogger - INFO - 万有引力的发现者是谁？
2018-09-24 03:03:30,872 - mylogger - INFO - ['艾萨克.牛顿', '乔治·伽莫夫', '约翰·乔利']
2018-09-24 03:03:30,903 - mylogger - INFO - 数据库中检索答案
2018-09-24 03:03:30,919 - mylogger - INFO - 数据中无答案
2018-09-24 03:03:31,715 - mylogger - INFO - 在线检索答案：艾萨克.牛顿
2018-09-24 03:03:31,715 - mylogger - INFO - 我的答案：艾萨克.牛顿
2018-09-24 03:03:32,324 - mylogger - INFO - 选择选项
2018-09-24 03:03:34,777 - mylogger - INFO - 答案正确
2018-09-24 03:03:34,792 - mylogger - INFO - 更新答案
2018-09-24 03:03:39,761 - mylogger - INFO - 本题结束
2018-09-24 03:03:39,792 - mylogger - INFO - 获取题目
2018-09-24 03:03:42,728 - mylogger - INFO - 第 2 题
2018-09-24 03:03:43,056 - mylogger - INFO - 在商朝时被广泛使用的文字是什么？
2018-09-24 03:03:43,916 - mylogger - INFO - ['金文', '甲骨文', '钟鼎文']
2018-09-24 03:03:43,916 - mylogger - INFO - 数据库中检索答案
2018-09-24 03:03:43,931 - mylogger - INFO - 数据中无答案
2018-09-24 03:03:44,759 - mylogger - INFO - 在线检索答案：甲骨文
2018-09-24 03:03:44,759 - mylogger - INFO - 我的答案：甲骨文
2018-09-24 03:03:45,275 - mylogger - INFO - 选择选项
2018-09-24 03:03:47,696 - mylogger - INFO - 答案正确
2018-09-24 03:03:47,696 - mylogger - INFO - 更新答案
2018-09-24 03:03:51,663 - mylogger - INFO - 本题结束
2018-09-24 03:03:51,679 - mylogger - INFO - 获取题目
2018-09-24 03:03:54,726 - mylogger - INFO - 第 3 题
2018-09-24 03:03:55,039 - mylogger - INFO - “大风车”“盖火锅”是哪项运动的专业术语？
2018-09-24 03:03:56,069 - mylogger - INFO - ['篮球', '排球', '足球']
2018-09-24 03:03:56,069 - mylogger - INFO - 数据库中检索答案
2018-09-24 03:03:56,084 - mylogger - INFO - 数据中无答案
2018-09-24 03:03:57,240 - mylogger - INFO - 在线检索答案：篮球
2018-09-24 03:03:57,240 - mylogger - INFO - 我的答案：篮球
2018-09-24 03:03:57,819 - mylogger - INFO - 选择选项
2018-09-24 03:04:00,272 - mylogger - INFO - 答案正确
2018-09-24 03:04:00,272 - mylogger - INFO - 更新答案
2018-09-24 03:04:01,802 - mylogger - INFO - 本题结束
2018-09-24 03:04:01,802 - mylogger - INFO - 获取题目
2018-09-24 03:04:03,567 - mylogger - INFO - 第 4 题
2018-09-24 03:04:03,849 - mylogger - INFO - 周杰伦和谁合唱的《屋顶》
2018-09-24 03:04:04,817 - mylogger - INFO - ['温岚', '蔡依林', '蔡雅健']
2018-09-24 03:04:04,817 - mylogger - INFO - 数据库中检索答案
2018-09-24 03:04:04,832 - mylogger - INFO - 数据中无答案
2018-09-24 03:04:05,598 - mylogger - INFO - 在线检索答案：蔡依林
2018-09-24 03:04:05,598 - mylogger - INFO - 我的答案：蔡依林
2018-09-24 03:04:06,176 - mylogger - INFO - 选择选项
2018-09-24 03:04:08,598 - mylogger - INFO - 答案错误
2018-09-24 03:04:08,707 - mylogger - INFO - 正确答案；温岚
2018-09-24 03:04:08,722 - mylogger - INFO - 更新答案
2018-09-24 03:04:10,378 - mylogger - INFO - 本题结束
2018-09-24 03:04:10,378 - mylogger - INFO - 获取题目
2018-09-24 03:04:12,144 - mylogger - INFO - 第 5 题
2018-09-24 03:04:12,425 - mylogger - INFO - 2017年哪个饮料品牌跨界推出了面膜？
2018-09-24 03:04:13,253 - mylogger - INFO - ['百事可乐', '康师傅', '农夫山泉']
2018-09-24 03:04:13,253 - mylogger - INFO - 数据库中检索答案
2018-09-24 03:04:13,268 - mylogger - INFO - 我的答案：农夫山泉
2018-09-24 03:04:13,815 - mylogger - INFO - 选择选项
2018-09-24 03:04:16,330 - mylogger - INFO - 答案正确
2018-09-24 03:04:16,330 - mylogger - INFO - 更新答案
2018-09-24 03:04:23,563 - mylogger - INFO - 本题结束
2018-09-24 03:04:23,703 - mylogger - INFO - 本场比赛结束
2018-09-24 03:04:23,953 - mylogger - INFO - 返回游戏页面
2018-09-24 03:04:25,531 - mylogger - INFO - 进入排位赛
2018-09-24 03:04:25,546 - mylogger - INFO - 正在匹配中......
2018-09-24 03:05:26,673 - mylogger - WARNING - 匹配失败
2018-09-24 03:05:26,954 - mylogger - INFO - 返回游戏页面
2018-09-24 03:05:28,547 - mylogger - INFO - 进入排位赛
2018-09-24 03:05:28,547 - mylogger - INFO - 正在匹配中......
2018-09-24 03:06:29,440 - mylogger - WARNING - 匹配失败
2018-09-24 03:06:29,690 - mylogger - INFO - 返回游戏页面
2018-09-24 03:06:31,206 - mylogger - INFO - 进入排位赛
2018-09-24 03:06:31,220 - mylogger - INFO - 正在匹配中......
2018-09-24 03:07:31,581 - mylogger - WARNING - 匹配失败
2018-09-24 03:07:31,832 - mylogger - INFO - 返回游戏页面
2018-09-24 03:07:33,332 - mylogger - INFO - 进入排位赛
2018-09-24 03:07:33,332 - mylogger - INFO - 正在匹配中......
2018-09-24 03:08:22,804 - mylogger - INFO - 匹配成功
2018-09-24 03:08:22,804 - mylogger - INFO - 获取题目
2018-09-24 03:08:25,741 - mylogger - INFO - 第 1 题
2018-09-24 03:08:26,007 - mylogger - INFO - 尿毒症患者主要是哪个器官出现问题？
2018-09-24 03:08:26,896 - mylogger - INFO - ['胃', '肝', '肾']
2018-09-24 03:08:26,896 - mylogger - INFO - 数据库中检索答案
2018-09-24 03:08:26,912 - mylogger - INFO - 数据中无答案
2018-09-24 03:08:27,833 - mylogger - INFO - 在线检索答案：肾
2018-09-24 03:08:27,833 - mylogger - INFO - 我的答案：肾
2018-09-24 03:08:28,365 - mylogger - INFO - 选择选项
2018-09-24 03:08:30,802 - mylogger - INFO - 答案正确
2018-09-24 03:08:30,802 - mylogger - INFO - 更新答案
2018-09-24 03:08:38,113 - mylogger - INFO - 本题结束
2018-09-24 03:08:38,160 - mylogger - INFO - 获取题目
2018-09-24 03:08:39,940 - mylogger - INFO - 第 2 题
2018-09-24 03:08:40,269 - mylogger - INFO - 目前汽车安全气囊中主要使用的是什么气体？
2018-09-24 03:08:41,268 - mylogger - INFO - ['氩气', '氮气', '氨气']
2018-09-24 03:08:41,268 - mylogger - INFO - 数据库中检索答案
2018-09-24 03:08:41,284 - mylogger - INFO - 数据中无答案
2018-09-24 03:08:41,596 - mylogger - INFO - 在线检索答案：氮气
2018-09-24 03:08:41,596 - mylogger - INFO - 我的答案：氮气
2018-09-24 03:08:42,127 - mylogger - INFO - 选择选项
2018-09-24 03:08:44,674 - mylogger - INFO - 答案正确
2018-09-24 03:08:44,674 - mylogger - INFO - 更新答案
2018-09-24 03:08:52,032 - mylogger - INFO - 本题结束
2018-09-24 03:08:52,047 - mylogger - INFO - 获取题目
2018-09-24 03:08:53,906 - mylogger - INFO - 第 3 题
2018-09-24 03:08:54,187 - mylogger - INFO - 下列哪位女演员被称为“石榴姐”？
2018-09-24 03:08:55,077 - mylogger - INFO - ['苑琼丹', '蔡少芬', '王祖贤']
2018-09-24 03:08:55,077 - mylogger - INFO - 数据库中检索答案
2018-09-24 03:08:55,093 - mylogger - INFO - 数据中无答案
2018-09-24 03:08:56,249 - mylogger - INFO - 在线检索答案：苑琼丹
2018-09-24 03:08:56,249 - mylogger - INFO - 我的答案：苑琼丹
2018-09-24 03:08:56,765 - mylogger - INFO - 选择选项
2018-09-24 03:08:59,201 - mylogger - INFO - 答案正确
2018-09-24 03:08:59,201 - mylogger - INFO - 更新答案
2018-09-24 03:09:01,920 - mylogger - INFO - 本题结束
2018-09-24 03:09:01,920 - mylogger - INFO - 获取题目
2018-09-24 03:09:04,935 - mylogger - INFO - 第 4 题
2018-09-24 03:09:05,216 - mylogger - INFO - 在小说《侠客行》中，石破天的玄铁令是从哪里得来的？
2018-09-24 03:09:06,122 - mylogger - INFO - ['一块烧饼中', '一本书中', '一口井里']
2018-09-24 03:09:06,137 - mylogger - INFO - 数据库中检索答案
2018-09-24 03:09:06,137 - mylogger - INFO - 数据中无答案
2018-09-24 03:09:07,746 - mylogger - INFO - 在线检索答案：一块烧饼中
2018-09-24 03:09:07,762 - mylogger - INFO - 我的答案：一块烧饼中
2018-09-24 03:09:08,356 - mylogger - INFO - 选择选项
2018-09-24 03:09:10,793 - mylogger - INFO - 答案正确
2018-09-24 03:09:10,793 - mylogger - INFO - 更新答案
2018-09-24 03:09:13,511 - mylogger - INFO - 本题结束
2018-09-24 03:09:13,526 - mylogger - INFO - 获取题目
2018-09-24 03:09:16,479 - mylogger - INFO - 第 5 题
2018-09-24 03:09:16,776 - mylogger - INFO - 截至2017，维秘史上最贵的Fantasy Bra由谁演绎？
2018-09-24 03:09:17,604 - mylogger - INFO - ['卡莉·克劳斯', '吉赛尔·邦辰', 'Jasmine']
2018-09-24 03:09:17,604 - mylogger - INFO - 数据库中检索答案
2018-09-24 03:09:17,619 - mylogger - INFO - 数据中无答案
2018-09-24 03:09:18,540 - mylogger - INFO - 在线检索答案：吉赛尔·邦辰
2018-09-24 03:09:18,540 - mylogger - INFO - 我的答案：吉赛尔·邦辰
2018-09-24 03:09:19,056 - mylogger - INFO - 选择选项
2018-09-24 03:09:21,415 - mylogger - INFO - 答案正确
2018-09-24 03:09:21,415 - mylogger - INFO - 更新答案
2018-09-24 03:09:27,523 - mylogger - INFO - 本题结束
2018-09-24 03:09:27,632 - mylogger - INFO - 本场比赛结束
2018-09-24 03:09:27,883 - mylogger - INFO - 返回游戏页面
2018-09-24 03:09:29,398 - mylogger - INFO - 进入排位赛
2018-09-24 03:09:29,398 - mylogger - INFO - 正在匹配中......
2018-09-24 03:10:30,399 - mylogger - WARNING - 匹配失败
2018-09-24 03:10:30,649 - mylogger - INFO - 返回游戏页面
2018-09-24 03:10:32,117 - mylogger - INFO - 进入排位赛
2018-09-24 03:10:32,117 - mylogger - INFO - 正在匹配中......
2018-09-24 03:11:32,853 - mylogger - WARNING - 匹配失败
2018-09-24 03:11:33,103 - mylogger - INFO - 返回游戏页面
2018-09-24 03:11:34,618 - mylogger - INFO - 进入排位赛
2018-09-24 03:11:34,618 - mylogger - INFO - 正在匹配中......
2018-09-24 03:12:30,886 - mylogger - INFO - 匹配成功
2018-09-24 03:12:30,886 - mylogger - INFO - 获取题目
2018-09-24 03:12:33,792 - mylogger - INFO - 第 1 题
2018-09-24 03:12:34,042 - mylogger - INFO - 歌词“每一次就算很受伤也不闪泪光”是出自张韶涵的哪一首歌？
2018-09-24 03:12:35,088 - mylogger - INFO - ['《他不准我哭》', '《爱的代价》', '《隐形的翅膀》']
2018-09-24 03:12:35,088 - mylogger - INFO - 数据库中检索答案
2018-09-24 03:12:35,103 - mylogger - INFO - 数据中无答案
2018-09-24 03:12:36,837 - mylogger - INFO - 在线检索答案：《他不准我哭》
2018-09-24 03:12:36,837 - mylogger - INFO - 我的答案：《他不准我哭》
2018-09-24 03:12:37,385 - mylogger - INFO - 选择选项
2018-09-24 03:12:39,822 - mylogger - INFO - 答案错误
2018-09-24 03:12:40,056 - mylogger - INFO - 正确答案；《隐形的翅膀》
2018-09-24 03:12:40,056 - mylogger - INFO - 更新答案
2018-09-24 03:12:43,930 - mylogger - INFO - 本题结束
2018-09-24 03:12:43,930 - mylogger - INFO - 获取题目
2018-09-24 03:12:45,742 - mylogger - INFO - 第 2 题
2018-09-24 03:12:46,101 - mylogger - INFO - 第一届中国围棋甲级联赛是哪一年开始的？
2018-09-24 03:12:46,883 - mylogger - INFO - ['1999', '2000', '2001']
2018-09-24 03:12:46,883 - mylogger - INFO - 数据库中检索答案
2018-09-24 03:12:46,898 - mylogger - INFO - 数据中无答案
2018-09-24 03:12:47,585 - mylogger - INFO - 在线检索答案：1999
2018-09-24 03:12:47,585 - mylogger - INFO - 我的答案：1999
2018-09-24 03:12:48,101 - mylogger - INFO - 选择选项
2018-09-24 03:12:50,585 - mylogger - INFO - 答案正确
2018-09-24 03:12:50,585 - mylogger - INFO - 更新答案
2018-09-24 03:12:54,428 - mylogger - INFO - 本题结束
2018-09-24 03:12:54,459 - mylogger - INFO - 获取题目
2018-09-24 03:12:56,223 - mylogger - INFO - 第 3 题
2018-09-24 03:12:56,505 - mylogger - INFO - 截至2017年，下列哪对夫妻尚未生子？
2018-09-24 03:12:57,474 - mylogger - INFO - ['陈妍希、陈晓', '杨幂、刘恺威', '刘诗诗、吴奇隆']
2018-09-24 03:12:57,504 - mylogger - INFO - 数据库中检索答案
2018-09-24 03:12:57,520 - mylogger - INFO - 数据中无答案
2018-09-24 03:12:57,817 - mylogger - INFO - 在线检索答案：
2018-09-24 03:12:57,817 - mylogger - INFO - 我的答案：陈妍希、陈晓
2018-09-24 03:12:58,410 - mylogger - INFO - 选择选项
2018-09-24 03:13:00,832 - mylogger - INFO - 答案错误
2018-09-24 03:13:01,020 - mylogger - INFO - 正确答案；刘诗诗、吴奇隆
2018-09-24 03:13:01,020 - mylogger - INFO - 更新答案
2018-09-24 03:13:04,956 - mylogger - INFO - 本题结束
2018-09-24 03:13:04,956 - mylogger - INFO - 获取题目
2018-09-24 03:13:07,909 - mylogger - INFO - 第 4 题
2018-09-24 03:13:08,205 - mylogger - INFO - “结驷连骑“中的“骑“指的是？
2018-09-24 03:13:09,049 - mylogger - INFO - ['一人一马', '两人一马', '四人一马']
2018-09-24 03:13:09,049 - mylogger - INFO - 数据库中检索答案
2018-09-24 03:13:09,064 - mylogger - INFO - 数据中无答案
2018-09-24 03:13:09,970 - mylogger - INFO - 在线检索答案：一人一马
2018-09-24 03:13:09,970 - mylogger - INFO - 我的答案：一人一马
2018-09-24 03:13:10,471 - mylogger - INFO - 选择选项
2018-09-24 03:13:12,876 - mylogger - INFO - 答案正确
2018-09-24 03:13:12,876 - mylogger - INFO - 更新答案
2018-09-24 03:13:17,906 - mylogger - INFO - 本题结束
2018-09-24 03:13:17,906 - mylogger - INFO - 获取题目
2018-09-24 03:13:19,718 - mylogger - INFO - 第 5 题
2018-09-24 03:13:20,015 - mylogger - INFO - 我们平时所坐的升降电梯的显示屏上会用哪个英文字母来表示地下层
2018-09-24 03:13:21,328 - mylogger - INFO - ['B', 'E', 'D']
2018-09-24 03:13:21,342 - mylogger - INFO - 数据库中检索答案
2018-09-24 03:13:21,342 - mylogger - INFO - 我的答案：B
2018-09-24 03:13:21,843 - mylogger - INFO - 选择选项
2018-09-24 03:13:24,218 - mylogger - INFO - 答案正确
2018-09-24 03:13:24,218 - mylogger - INFO - 更新答案
2018-09-24 03:13:29,826 - mylogger - INFO - 本题结束
2018-09-24 03:13:29,982 - mylogger - INFO - 本场比赛结束
2018-09-24 03:13:30,232 - mylogger - INFO - 返回游戏页面
2018-09-24 03:13:31,778 - mylogger - INFO - 进入排位赛
2018-09-24 03:13:31,778 - mylogger - INFO - 正在匹配中......
2018-09-24 03:14:29,202 - mylogger - INFO - 匹配成功
2018-09-24 03:14:29,202 - mylogger - INFO - 获取题目
2018-09-24 03:14:32,139 - mylogger - INFO - 第 1 题
2018-09-24 03:14:32,498 - mylogger - INFO - “唱、念、做、打”是我国哪像传统艺术形式的基本功？
2018-09-24 03:14:33,373 - mylogger - INFO - ['京剧', '杂技', '书法']
2018-09-24 03:14:33,388 - mylogger - INFO - 数据库中检索答案
2018-09-24 03:14:33,404 - mylogger - INFO - 数据中无答案
2018-09-24 03:14:34,497 - mylogger - INFO - 在线检索答案：京剧
2018-09-24 03:14:34,513 - mylogger - INFO - 我的答案：京剧
2018-09-24 03:14:35,044 - mylogger - INFO - 选择选项
2018-09-24 03:14:37,544 - mylogger - INFO - 答案正确
2018-09-24 03:14:37,544 - mylogger - INFO - 更新答案
2018-09-24 03:14:41,402 - mylogger - INFO - 本题结束
2018-09-24 03:14:41,449 - mylogger - INFO - 获取题目
2018-09-24 03:14:43,136 - mylogger - INFO - 第 2 题
2018-09-24 03:14:43,418 - mylogger - INFO - “寻寻览览，冷冷清清，凄凄惨惨戚戚”是以下哪首词中的语句？
2018-09-24 03:14:44,246 - mylogger - INFO - ['易安词', '声声慢', '漱玉词']
2018-09-24 03:14:44,246 - mylogger - INFO - 数据库中检索答案
2018-09-24 03:14:44,260 - mylogger - INFO - 数据中无答案
2018-09-24 03:14:46,260 - mylogger - INFO - 在线检索答案：声声慢
2018-09-24 03:14:46,276 - mylogger - INFO - 我的答案：声声慢
2018-09-24 03:14:46,807 - mylogger - INFO - 选择选项
2018-09-24 03:14:49,275 - mylogger - INFO - 答案正确
2018-09-24 03:14:49,275 - mylogger - INFO - 更新答案
2018-09-24 03:14:53,181 - mylogger - INFO - 本题结束
2018-09-24 03:14:53,181 - mylogger - INFO - 获取题目
2018-09-24 03:14:55,024 - mylogger - INFO - 第 3 题
2018-09-24 03:14:55,305 - mylogger - INFO - 哪种树是国家一级保护植物，有“植物熊猫”之称？
2018-09-24 03:14:56,243 - mylogger - INFO - ['银杉', '桑树', '柳树']
2018-09-24 03:14:56,243 - mylogger - INFO - 数据库中检索答案
2018-09-24 03:14:56,258 - mylogger - INFO - 数据中无答案
2018-09-24 03:14:57,039 - mylogger - INFO - 在线检索答案：银杉
2018-09-24 03:14:57,039 - mylogger - INFO - 我的答案：银杉
2018-09-24 03:14:57,586 - mylogger - INFO - 选择选项
2018-09-24 03:15:00,039 - mylogger - INFO - 答案正确
2018-09-24 03:15:00,039 - mylogger - INFO - 更新答案
2018-09-24 03:15:05,038 - mylogger - INFO - 本题结束
2018-09-24 03:15:05,068 - mylogger - INFO - 获取题目
2018-09-24 03:15:06,818 - mylogger - INFO - 第 4 题
2018-09-24 03:15:07,099 - mylogger - INFO - 诗句“默品其滋味，相思泪沾巾”描述的是哪种食物？
2018-09-24 03:15:07,943 - mylogger - INFO - ['粽子', '月饼', '腊八粥']
2018-09-24 03:15:07,943 - mylogger - INFO - 数据库中检索答案
2018-09-24 03:15:07,958 - mylogger - INFO - 数据中无答案
2018-09-24 03:15:08,801 - mylogger - INFO - 在线检索答案：月饼
2018-09-24 03:15:08,817 - mylogger - INFO - 我的答案：月饼
2018-09-24 03:15:09,364 - mylogger - INFO - 选择选项
2018-09-24 03:15:11,833 - mylogger - INFO - 答案正确
2018-09-24 03:15:11,833 - mylogger - INFO - 更新答案
2018-09-24 03:15:18,081 - mylogger - INFO - 本题结束
2018-09-24 03:15:18,081 - mylogger - INFO - 获取题目
2018-09-24 03:15:19,893 - mylogger - INFO - 第 5 题
2018-09-24 03:15:20,175 - mylogger - INFO - 我国陈志行教授研究的围棋程序“手谈”于（）年夺得第一个电脑围棋世界冠军
2018-09-24 03:15:21,096 - mylogger - INFO - ['1993', '1994', '1995']
2018-09-24 03:15:21,096 - mylogger - INFO - 数据库中检索答案
2018-09-24 03:15:21,111 - mylogger - INFO - 数据中无答案
2018-09-24 03:15:23,111 - mylogger - INFO - 在线检索答案：1993
2018-09-24 03:15:23,126 - mylogger - INFO - 我的答案：1993
2018-09-24 03:15:23,689 - mylogger - INFO - 选择选项
2018-09-24 03:15:26,204 - mylogger - INFO - 答案正确
2018-09-24 03:15:26,204 - mylogger - INFO - 更新答案
2018-09-24 03:15:28,891 - mylogger - INFO - 本题结束
2018-09-24 03:15:29,016 - mylogger - INFO - 本场比赛结束
2018-09-24 03:15:29,282 - mylogger - INFO - 返回游戏页面
2018-09-24 03:15:30,813 - mylogger - INFO - 进入排位赛
2018-09-24 03:15:30,813 - mylogger - INFO - 正在匹配中......
2018-09-24 03:16:30,923 - mylogger - WARNING - 匹配失败
2018-09-24 03:16:31,189 - mylogger - INFO - 返回游戏页面
2018-09-24 03:16:32,814 - mylogger - INFO - 进入排位赛
2018-09-24 03:16:32,814 - mylogger - INFO - 正在匹配中......
2018-09-24 03:17:32,893 - mylogger - WARNING - 匹配失败
2018-09-24 03:17:33,143 - mylogger - INFO - 返回游戏页面
2018-09-24 03:17:34,674 - mylogger - INFO - 进入排位赛
2018-09-24 03:17:34,689 - mylogger - INFO - 正在匹配中......
2018-09-24 03:18:35,660 - mylogger - WARNING - 匹配失败
2018-09-24 03:18:35,909 - mylogger - INFO - 返回游戏页面
2018-09-24 03:18:37,440 - mylogger - INFO - 进入排位赛
2018-09-24 03:18:37,440 - mylogger - INFO - 正在匹配中......
2018-09-24 03:19:37,661 - mylogger - WARNING - 匹配失败
2018-09-24 03:19:37,911 - mylogger - INFO - 返回游戏页面
2018-09-24 03:19:39,551 - mylogger - INFO - 进入排位赛
2018-09-24 03:19:39,551 - mylogger - INFO - 正在匹配中......
2018-09-24 03:20:40,349 - mylogger - WARNING - 匹配失败
2018-09-24 03:20:40,615 - mylogger - INFO - 返回游戏页面
2018-09-24 03:20:42,286 - mylogger - INFO - 进入排位赛
2018-09-24 03:20:42,286 - mylogger - INFO - 正在匹配中......
2018-09-24 03:21:43,334 - mylogger - WARNING - 匹配失败
2018-09-24 03:21:43,600 - mylogger - INFO - 返回游戏页面
2018-09-24 03:21:45,146 - mylogger - INFO - 进入排位赛
2018-09-24 03:21:45,146 - mylogger - INFO - 正在匹配中......
2018-09-24 03:22:45,336 - mylogger - WARNING - 匹配失败
2018-09-24 03:22:45,586 - mylogger - INFO - 返回游戏页面
2018-09-24 03:22:47,132 - mylogger - INFO - 进入排位赛
2018-09-24 03:22:47,132 - mylogger - INFO - 正在匹配中......
2018-09-24 03:23:36,668 - mylogger - INFO - 匹配成功
2018-09-24 03:23:36,668 - mylogger - INFO - 获取题目
2018-09-24 03:23:39,729 - mylogger - INFO - 第 1 题
2018-09-24 03:23:40,057 - mylogger - INFO - 以下不是国家法定假日的传统节日是哪个？
2018-09-24 03:23:40,948 - mylogger - INFO - ['清明', '重阳', '端午']
2018-09-24 03:23:40,963 - mylogger - INFO - 数据库中检索答案
2018-09-24 03:23:40,978 - mylogger - INFO - 数据中无答案
2018-09-24 03:23:41,884 - mylogger - INFO - 在线检索答案：清明
2018-09-24 03:23:41,884 - mylogger - INFO - 我的答案：清明
2018-09-24 03:23:42,432 - mylogger - INFO - 选择选项
2018-09-24 03:23:44,994 - mylogger - INFO - 答案错误
2018-09-24 03:23:45,119 - mylogger - INFO - 正确答案；重阳
2018-09-24 03:23:45,119 - mylogger - INFO - 更新答案
2018-09-24 03:23:47,821 - mylogger - INFO - 本题结束
2018-09-24 03:23:47,852 - mylogger - INFO - 获取题目
2018-09-24 03:23:49,711 - mylogger - INFO - 第 2 题
2018-09-24 03:23:50,055 - mylogger - INFO - 下面属于一类保护鸟类的是？
2018-09-24 03:23:51,086 - mylogger - INFO - ['朱鹮', '斑鸠', '白天鹅']
2018-09-24 03:23:51,086 - mylogger - INFO - 数据库中检索答案
2018-09-24 03:23:51,101 - mylogger - INFO - 我的答案：朱鹮
2018-09-24 03:23:51,586 - mylogger - INFO - 选择选项
2018-09-24 03:23:54,007 - mylogger - INFO - 答案正确
2018-09-24 03:23:54,007 - mylogger - INFO - 更新答案
2018-09-24 03:24:01,427 - mylogger - INFO - 本题结束
2018-09-24 03:24:01,427 - mylogger - INFO - 获取题目
2018-09-24 03:24:04,489 - mylogger - INFO - 第 3 题
2018-09-24 03:24:04,849 - mylogger - INFO - 下列哪个不是中秋节的民间活动？
2018-09-24 03:24:05,645 - mylogger - INFO - ['烧花塔', '赛龙舟', '卖兔儿爷']
2018-09-24 03:24:05,660 - mylogger - INFO - 数据库中检索答案
2018-09-24 03:24:05,660 - mylogger - INFO - 数据中无答案
2018-09-24 03:24:06,004 - mylogger - INFO - 在线检索答案：烧花塔
2018-09-24 03:24:06,019 - mylogger - INFO - 我的答案：烧花塔
2018-09-24 03:24:06,582 - mylogger - INFO - 选择选项
2018-09-24 03:24:08,925 - mylogger - INFO - 答案错误
2018-09-24 03:24:09,066 - mylogger - INFO - 正确答案；赛龙舟
2018-09-24 03:24:09,066 - mylogger - INFO - 更新答案
2018-09-24 03:24:14,642 - mylogger - INFO - 本题结束
2018-09-24 03:24:14,642 - mylogger - INFO - 获取题目
2018-09-24 03:24:16,454 - mylogger - INFO - 第 4 题
2018-09-24 03:24:16,752 - mylogger - INFO - 中国的第一套邮票是什么?
2018-09-24 03:24:17,720 - mylogger - INFO - ['印花票', '"小龙"票', '"大龙"票']
2018-09-24 03:24:17,720 - mylogger - INFO - 数据库中检索答案
2018-09-24 03:24:17,735 - mylogger - INFO - 我的答案：印花票
2018-09-24 03:24:18,283 - mylogger - INFO - 选择选项
2018-09-24 03:24:20,751 - mylogger - INFO - 答案错误
2018-09-24 03:24:20,954 - mylogger - INFO - 正确答案；"大龙"票
2018-09-24 03:24:20,954 - mylogger - INFO - 更新答案
2018-09-24 03:24:24,000 - mylogger - INFO - 本题结束
2018-09-24 03:24:24,000 - mylogger - INFO - 获取题目
2018-09-24 03:24:26,843 - mylogger - INFO - 第 5 题
2018-09-24 03:24:27,093 - mylogger - INFO - 在埃及人的心目中，哪种动物是幸运的吉祥物？
2018-09-24 03:24:27,859 - mylogger - INFO - ['猫', '兔子', '狗']
2018-09-24 03:24:27,859 - mylogger - INFO - 数据库中检索答案
2018-09-24 03:24:27,874 - mylogger - INFO - 数据中无答案
2018-09-24 03:24:28,655 - mylogger - INFO - 在线检索答案：猫
2018-09-24 03:24:28,655 - mylogger - INFO - 我的答案：猫
2018-09-24 03:24:29,187 - mylogger - INFO - 选择选项
2018-09-24 03:24:31,654 - mylogger - INFO - 答案正确
2018-09-24 03:24:31,654 - mylogger - INFO - 更新答案
2018-09-24 03:24:35,575 - mylogger - INFO - 本题结束
2018-09-24 03:24:35,700 - mylogger - INFO - 本场比赛结束
2018-09-24 03:24:35,951 - mylogger - INFO - 返回游戏页面
2018-09-24 03:24:37,528 - mylogger - INFO - 进入排位赛
2018-09-24 03:24:37,528 - mylogger - INFO - 正在匹配中......
2018-09-24 03:25:38,326 - mylogger - WARNING - 匹配失败
2018-09-24 03:25:38,592 - mylogger - INFO - 返回游戏页面
2018-09-24 03:25:40,154 - mylogger - INFO - 进入排位赛
2018-09-24 03:25:40,154 - mylogger - INFO - 正在匹配中......
2018-09-24 03:26:40,406 - mylogger - WARNING - 匹配失败
2018-09-24 03:26:40,656 - mylogger - INFO - 返回游戏页面
2018-09-24 03:26:42,171 - mylogger - INFO - 进入排位赛
2018-09-24 03:26:42,171 - mylogger - INFO - 正在匹配中......
2018-09-24 03:27:43,110 - mylogger - WARNING - 匹配失败
2018-09-24 03:27:43,345 - mylogger - INFO - 返回游戏页面
2018-09-24 03:27:44,875 - mylogger - INFO - 进入排位赛
2018-09-24 03:27:44,875 - mylogger - INFO - 正在匹配中......
2018-09-24 03:28:45,705 - mylogger - WARNING - 匹配失败
2018-09-24 03:28:45,955 - mylogger - INFO - 返回游戏页面
2018-09-24 03:28:47,610 - mylogger - INFO - 进入排位赛
2018-09-24 03:28:47,610 - mylogger - INFO - 正在匹配中......
2018-09-24 03:29:48,393 - mylogger - WARNING - 匹配失败
2018-09-24 03:29:48,659 - mylogger - INFO - 返回游戏页面
2018-09-24 03:29:50,268 - mylogger - INFO - 进入排位赛
2018-09-24 03:29:50,268 - mylogger - INFO - 正在匹配中......
2018-09-24 03:30:51,441 - mylogger - WARNING - 匹配失败
2018-09-24 03:30:51,691 - mylogger - INFO - 返回游戏页面
2018-09-24 03:30:53,284 - mylogger - INFO - 进入排位赛
2018-09-24 03:30:53,284 - mylogger - INFO - 正在匹配中......
2018-09-24 03:31:54,316 - mylogger - WARNING - 匹配失败
2018-09-24 03:31:54,567 - mylogger - INFO - 返回游戏页面
2018-09-24 03:31:56,066 - mylogger - INFO - 进入排位赛
2018-09-24 03:31:56,066 - mylogger - INFO - 正在匹配中......
2018-09-24 03:32:56,365 - mylogger - INFO - 匹配成功
2018-09-24 03:32:56,365 - mylogger - INFO - 获取题目
2018-09-24 03:32:59,317 - mylogger - INFO - 第 1 题
2018-09-24 03:32:59,583 - mylogger - INFO - 我国著名的“沙县小吃”是我国哪个省的美食系列？
2018-09-24 03:33:00,535 - mylogger - INFO - ['福建省', '安徽省', '江西省']
2018-09-24 03:33:00,550 - mylogger - INFO - 数据库中检索答案
2018-09-24 03:33:00,566 - mylogger - INFO - 数据中无答案
2018-09-24 03:33:01,300 - mylogger - INFO - 在线检索答案：福建省
2018-09-24 03:33:01,300 - mylogger - INFO - 我的答案：福建省
2018-09-24 03:33:01,863 - mylogger - INFO - 选择选项
2018-09-24 03:33:04,269 - mylogger - INFO - 答案正确
2018-09-24 03:33:04,269 - mylogger - INFO - 更新答案
2018-09-24 03:33:16,875 - mylogger - INFO - 本题结束
2018-09-24 03:33:16,922 - mylogger - INFO - 获取题目
2018-09-24 03:33:17,547 - mylogger - INFO - 第 2 题
2018-09-24 03:33:17,875 - mylogger - INFO - 李世民赐萧瑀的诗词“疾风知劲草”的下一句是？
2018-09-24 03:33:19,015 - mylogger - INFO - ['板荡识诚臣', '更上一层楼', '云深不知处']
2018-09-24 03:33:19,030 - mylogger - INFO - 数据库中检索答案
2018-09-24 03:33:19,046 - mylogger - INFO - 数据中无答案
2018-09-24 03:33:19,765 - mylogger - INFO - 在线检索答案：板荡识诚臣
2018-09-24 03:33:19,765 - mylogger - INFO - 我的答案：板荡识诚臣
2018-09-24 03:34:44,105 - mylogger - INFO - 进入排位赛
2018-09-24 03:34:44,105 - mylogger - INFO - 正在匹配中......
2018-09-24 03:35:41,576 - mylogger - INFO - 匹配成功
2018-09-24 03:35:41,576 - mylogger - INFO - 获取题目
2018-09-24 03:35:44,559 - mylogger - INFO - 第 1 题
2018-09-24 03:35:44,887 - mylogger - INFO - 微信里的游戏“跳一跳”是
2018-09-24 03:35:45,825 - mylogger - INFO - ['游戏链接', '小程序', '应用软件']
2018-09-24 03:35:45,825 - mylogger - INFO - 数据库中检索答案
2018-09-24 03:35:45,840 - mylogger - INFO - 数据中无答案
2018-09-24 03:35:46,777 - mylogger - INFO - 在线检索答案：小程序
2018-09-24 03:35:46,777 - mylogger - INFO - 我的答案：小程序
2018-09-24 03:35:47,387 - mylogger - INFO - 选择选项
2018-09-24 03:35:49,808 - mylogger - INFO - 答案正确
2018-09-24 03:35:49,808 - mylogger - INFO - 更新答案
2018-09-24 03:35:52,510 - mylogger - INFO - 本题结束
2018-09-24 03:35:52,510 - mylogger - INFO - 获取题目
2018-09-24 03:35:54,338 - mylogger - INFO - 第 2 题
2018-09-24 03:35:54,604 - mylogger - INFO - 春联的普及与明朝的哪位皇帝有关？
2018-09-24 03:35:55,526 - mylogger - INFO - ['朱元璋', '朱允炆', '朱棣']
2018-09-24 03:35:55,526 - mylogger - INFO - 数据库中检索答案
2018-09-24 03:35:55,541 - mylogger - INFO - 数据中无答案
2018-09-24 03:35:57,321 - mylogger - INFO - 在线检索答案：朱元璋
2018-09-24 03:35:57,321 - mylogger - INFO - 我的答案：朱元璋
2018-09-24 03:35:57,884 - mylogger - INFO - 选择选项
2018-09-24 03:36:00,415 - mylogger - INFO - 答案正确
2018-09-24 03:36:00,415 - mylogger - INFO - 更新答案
2018-09-24 03:36:02,086 - mylogger - INFO - 本题结束
2018-09-24 03:36:02,086 - mylogger - INFO - 获取题目
2018-09-24 03:36:05,055 - mylogger - INFO - 第 3 题
2018-09-24 03:36:05,460 - mylogger - INFO - 下列哪句适合做“玉兔出宫观盛世”的下联？
2018-09-24 03:36:06,382 - mylogger - INFO - ['天增岁月人增寿', '爆竹声中除旧岁', '金猴降世笑丰年']
2018-09-24 03:36:06,397 - mylogger - INFO - 数据库中检索答案
2018-09-24 03:36:06,413 - mylogger - INFO - 数据中无答案
2018-09-24 03:36:07,022 - mylogger - INFO - 在线检索答案：金猴降世笑丰年
2018-09-24 03:36:07,022 - mylogger - INFO - 我的答案：金猴降世笑丰年
2018-09-24 03:36:07,601 - mylogger - INFO - 选择选项
2018-09-24 03:36:10,147 - mylogger - INFO - 答案正确
2018-09-24 03:36:10,162 - mylogger - INFO - 更新答案
2018-09-24 03:36:12,881 - mylogger - INFO - 本题结束
2018-09-24 03:36:12,881 - mylogger - INFO - 获取题目
2018-09-24 03:36:14,801 - mylogger - INFO - 第 4 题
2018-09-24 03:36:15,114 - mylogger - INFO - 以下哪一艘是法国海军现役最新一型两栖攻击舰？
2018-09-24 03:36:16,005 - mylogger - INFO - ['美国级两栖攻击舰', '西北风级两栖攻击舰', '圣·乔治奥级登陆舰']
2018-09-24 03:36:16,020 - mylogger - INFO - 数据库中检索答案
2018-09-24 03:36:16,036 - mylogger - INFO - 数据中无答案
2018-09-24 03:36:16,785 - mylogger - INFO - 在线检索答案：西北风级两栖攻击舰
2018-09-24 03:36:16,801 - mylogger - INFO - 我的答案：西北风级两栖攻击舰
2018-09-24 03:36:17,348 - mylogger - INFO - 选择选项
2018-09-24 03:36:19,785 - mylogger - INFO - 答案正确
2018-09-24 03:36:19,785 - mylogger - INFO - 更新答案
2018-09-24 03:36:22,425 - mylogger - INFO - 本题结束
2018-09-24 03:36:22,425 - mylogger - INFO - 获取题目
2018-09-24 03:36:24,315 - mylogger - INFO - 第 5 题
2018-09-24 03:36:24,597 - mylogger - INFO - 近代最早的银行出现在以下哪座城市?
2018-09-24 03:36:25,518 - mylogger - INFO - ['威尼斯', '巴黎', '悉尼']
2018-09-24 03:36:25,533 - mylogger - INFO - 数据库中检索答案
2018-09-24 03:36:25,533 - mylogger - INFO - 我的答案：威尼斯
2018-09-24 03:36:26,097 - mylogger - INFO - 选择选项
2018-09-24 03:36:28,548 - mylogger - INFO - 答案正确
2018-09-24 03:36:28,548 - mylogger - INFO - 更新答案
2018-09-24 03:36:31,267 - mylogger - INFO - 本题结束
2018-09-24 03:36:31,408 - mylogger - INFO - 本场比赛结束
2018-09-24 03:36:31,657 - mylogger - INFO - 返回游戏页面
2018-09-24 03:36:33,204 - mylogger - INFO - 进入排位赛
2018-09-24 03:36:33,204 - mylogger - INFO - 正在匹配中......
2018-09-24 03:37:34,330 - mylogger - WARNING - 匹配失败
2018-09-24 03:37:34,580 - mylogger - INFO - 返回游戏页面
2018-09-24 03:37:36,111 - mylogger - INFO - 进入排位赛
2018-09-24 03:37:36,111 - mylogger - INFO - 正在匹配中......
2018-09-24 03:38:37,003 - mylogger - WARNING - 匹配失败
2018-09-24 03:38:37,253 - mylogger - INFO - 返回游戏页面
2018-09-24 03:38:38,815 - mylogger - INFO - 进入排位赛
2018-09-24 03:38:38,815 - mylogger - INFO - 正在匹配中......
2018-09-24 03:39:12,714 - mylogger - INFO - 匹配成功
2018-09-24 03:39:12,714 - mylogger - INFO - 获取题目
2018-09-24 03:39:15,791 - mylogger - INFO - 第 1 题
2018-09-24 03:39:16,135 - mylogger - INFO - 2018年春晚有一件珍贵的国家宝藏回归了，它是？
2018-09-24 03:39:17,024 - mylogger - INFO - ['商虎食人卣', '潇湘卧游图卷', '丝路山水地图']
2018-09-24 03:39:17,024 - mylogger - INFO - 数据库中检索答案
2018-09-24 03:39:17,040 - mylogger - INFO - 我的答案：丝路山水地图
2018-09-24 03:39:17,541 - mylogger - INFO - 选择选项
2018-09-24 03:39:19,977 - mylogger - INFO - 答案正确
2018-09-24 03:39:19,977 - mylogger - INFO - 更新答案
2018-09-24 03:39:29,475 - mylogger - INFO - 本题结束
2018-09-24 03:39:29,490 - mylogger - INFO - 获取题目
2018-09-24 03:39:32,522 - mylogger - INFO - 第 2 题
2018-09-24 03:39:32,849 - mylogger - INFO - 最早提出冷战概念的是谁？
2018-09-24 03:39:33,724 - mylogger - INFO - ['尼克松', '杜鲁门', '罗斯福']
2018-09-24 03:39:33,724 - mylogger - INFO - 数据库中检索答案
2018-09-24 03:39:33,739 - mylogger - INFO - 数据中无答案
2018-09-24 03:39:34,036 - mylogger - INFO - 在线检索答案：杜鲁门
2018-09-24 03:39:34,036 - mylogger - INFO - 我的答案：杜鲁门
2018-09-24 03:39:34,599 - mylogger - INFO - 选择选项
2018-09-24 03:39:37,005 - mylogger - INFO - 答案正确
2018-09-24 03:39:37,005 - mylogger - INFO - 更新答案
2018-09-24 03:39:45,347 - mylogger - INFO - 本题结束
2018-09-24 03:39:45,378 - mylogger - INFO - 获取题目
2018-09-24 03:39:47,268 - mylogger - INFO - 第 3 题
2018-09-24 03:39:47,596 - mylogger - INFO - 著名的“粉水”是哪个品牌的明星产品？
2018-09-24 03:39:48,611 - mylogger - INFO - ['SK-II', 'IPSA', '兰蔻']
2018-09-24 03:39:48,611 - mylogger - INFO - 数据库中检索答案
2018-09-24 03:39:48,626 - mylogger - INFO - 数据中无答案
2018-09-24 03:39:49,314 - mylogger - INFO - 在线检索答案：兰蔻
2018-09-24 03:39:49,314 - mylogger - INFO - 我的答案：兰蔻
2018-09-24 03:39:49,861 - mylogger - INFO - 选择选项
2018-09-24 03:39:52,329 - mylogger - INFO - 答案正确
2018-09-24 03:39:52,329 - mylogger - INFO - 更新答案
2018-09-24 03:39:55,047 - mylogger - INFO - 本题结束
2018-09-24 03:39:55,047 - mylogger - INFO - 获取题目
2018-09-24 03:39:58,077 - mylogger - INFO - 第 4 题
2018-09-24 03:39:58,390 - mylogger - INFO - 以下哪一个选项是亚洲人的正常比例？
2018-09-24 03:39:59,281 - mylogger - INFO - ['6头身', '7头身', '8头身']
2018-09-24 03:39:59,281 - mylogger - INFO - 数据库中检索答案
2018-09-24 03:39:59,296 - mylogger - INFO - 数据中无答案
2018-09-24 03:40:00,858 - mylogger - INFO - 在线检索答案：
2018-09-24 03:40:00,873 - mylogger - INFO - 我的答案：6头身
2018-09-24 03:40:01,421 - mylogger - INFO - 选择选项
2018-09-24 03:40:03,858 - mylogger - INFO - 答案错误
2018-09-24 03:40:04,014 - mylogger - INFO - 正确答案；7头身
2018-09-24 03:40:04,014 - mylogger - INFO - 更新答案
2018-09-24 03:40:09,107 - mylogger - INFO - 本题结束
2018-09-24 03:40:09,138 - mylogger - INFO - 获取题目
2018-09-24 03:40:10,856 - mylogger - INFO - 第 5 题
2018-09-24 03:40:11,169 - mylogger - INFO - 提出原子学说的学者是谁？
2018-09-24 03:40:12,059 - mylogger - INFO - ['道尔顿', '牛顿', '德谟克利特']
2018-09-24 03:40:12,074 - mylogger - INFO - 数据库中检索答案
2018-09-24 03:40:12,074 - mylogger - INFO - 数据中无答案
2018-09-24 03:40:12,933 - mylogger - INFO - 在线检索答案：道尔顿
2018-09-24 03:40:12,933 - mylogger - INFO - 我的答案：道尔顿
2018-09-24 03:40:13,512 - mylogger - INFO - 选择选项
2018-09-24 03:40:15,886 - mylogger - INFO - 答案正确
2018-09-24 03:40:15,886 - mylogger - INFO - 更新答案
2018-09-24 03:40:22,010 - mylogger - INFO - 本题结束
2018-09-24 03:40:22,135 - mylogger - INFO - 本场比赛结束
2018-09-24 03:40:22,369 - mylogger - INFO - 返回游戏页面
2018-09-24 03:40:23,885 - mylogger - INFO - 进入排位赛
2018-09-24 03:40:23,885 - mylogger - INFO - 正在匹配中......
2018-09-24 03:41:24,870 - mylogger - WARNING - 匹配失败
2018-09-24 03:41:25,104 - mylogger - INFO - 返回游戏页面
2018-09-24 03:41:26,604 - mylogger - INFO - 进入排位赛
2018-09-24 03:41:26,619 - mylogger - INFO - 正在匹配中......
2018-09-24 03:42:27,636 - mylogger - WARNING - 匹配失败
2018-09-24 03:42:27,887 - mylogger - INFO - 返回游戏页面
2018-09-24 03:42:39,695 - mylogger - INFO - 进入排位赛失败
2018-09-24 03:42:39,930 - mylogger - INFO - 返回游戏页面
2018-09-24 03:42:51,678 - mylogger - INFO - 进入排位赛失败
2018-09-24 03:42:51,943 - mylogger - INFO - 返回游戏页面
2018-09-24 03:43:03,550 - mylogger - INFO - 进入排位赛失败
2018-09-24 03:43:03,784 - mylogger - INFO - 返回游戏页面
2018-09-24 03:43:15,422 - mylogger - INFO - 进入排位赛失败
2018-09-24 03:43:15,688 - mylogger - INFO - 返回游戏页面
2018-09-24 03:43:27,451 - mylogger - INFO - 进入排位赛失败
2018-09-24 03:43:27,700 - mylogger - INFO - 返回游戏页面
2018-09-24 03:43:39,463 - mylogger - INFO - 进入排位赛失败
2018-09-24 03:43:39,698 - mylogger - INFO - 返回游戏页面
2018-09-24 03:43:51,101 - mylogger - INFO - 进入排位赛失败
2018-09-24 03:43:51,351 - mylogger - INFO - 返回游戏页面
2018-09-24 03:43:52,898 - mylogger - INFO - 进入排位赛
2018-09-24 03:43:52,913 - mylogger - INFO - 正在匹配中......
2018-09-24 03:44:53,946 - mylogger - WARNING - 匹配失败
2018-09-24 03:44:54,196 - mylogger - INFO - 返回游戏页面
2018-09-24 03:44:55,711 - mylogger - INFO - 进入排位赛
2018-09-24 03:44:55,711 - mylogger - INFO - 正在匹配中......
2018-09-24 03:45:56,540 - mylogger - WARNING - 匹配失败
2018-09-24 03:45:56,790 - mylogger - INFO - 返回游戏页面
2018-09-24 03:45:58,306 - mylogger - INFO - 进入排位赛
2018-09-24 03:45:58,306 - mylogger - INFO - 正在匹配中......
2018-09-24 03:46:44,763 - mylogger - INFO - 匹配成功
2018-09-24 03:46:44,763 - mylogger - INFO - 获取题目
2018-09-24 03:46:47,997 - mylogger - INFO - 第 1 题
2018-09-24 03:46:48,262 - mylogger - INFO - “你值得拥有”是哪个日化品牌的广告语？
2018-09-24 03:46:49,137 - mylogger - INFO - ['迪奥', '欧莱雅', '屈臣氏']
2018-09-24 03:46:49,137 - mylogger - INFO - 数据库中检索答案
2018-09-24 03:46:49,152 - mylogger - INFO - 数据中无答案
2018-09-24 03:46:51,121 - mylogger - INFO - 在线检索答案：欧莱雅
2018-09-24 03:46:51,136 - mylogger - INFO - 我的答案：欧莱雅
2018-09-24 03:46:51,715 - mylogger - INFO - 选择选项
2018-09-24 03:46:54,183 - mylogger - INFO - 答案正确
2018-09-24 03:46:54,183 - mylogger - INFO - 更新答案
2018-09-24 03:46:57,042 - mylogger - INFO - 本题结束
2018-09-24 03:46:57,042 - mylogger - INFO - 获取题目
2018-09-24 03:47:00,010 - mylogger - INFO - 第 2 题
2018-09-24 03:47:00,291 - mylogger - INFO - 下列不属于腊八节的别称的是？
2018-09-24 03:47:01,259 - mylogger - INFO - ['蜡日祭', '王侯腊', '天蜡']
2018-09-24 03:47:01,259 - mylogger - INFO - 数据库中检索答案
2018-09-24 03:47:01,275 - mylogger - INFO - 数据中无答案
2018-09-24 03:47:02,180 - mylogger - INFO - 在线检索答案：蜡日祭
2018-09-24 03:47:02,180 - mylogger - INFO - 我的答案：蜡日祭
2018-09-24 03:47:02,806 - mylogger - INFO - 选择选项
2018-09-24 03:47:05,165 - mylogger - INFO - 答案错误
2018-09-24 03:47:05,415 - mylogger - INFO - 正确答案；天蜡
2018-09-24 03:47:05,415 - mylogger - INFO - 更新答案
2018-09-24 03:47:14,913 - mylogger - INFO - 本题结束
2018-09-24 03:47:14,913 - mylogger - INFO - 获取题目
2018-09-24 03:47:16,787 - mylogger - INFO - 第 3 题
2018-09-24 03:47:17,115 - mylogger - INFO - 以下哪款软件不属于网络直播软件？
2018-09-24 03:47:18,068 - mylogger - INFO - ['斗鱼', '梨视频', '火山小视频']
2018-09-24 03:47:18,068 - mylogger - INFO - 数据库中检索答案
2018-09-24 03:47:18,083 - mylogger - INFO - 数据中无答案
2018-09-24 03:47:18,880 - mylogger - INFO - 在线检索答案：斗鱼
2018-09-24 03:47:18,880 - mylogger - INFO - 我的答案：斗鱼
2018-09-24 03:47:19,349 - mylogger - INFO - 选择选项
2018-09-24 03:47:21,724 - mylogger - INFO - 答案错误
2018-09-24 03:47:21,880 - mylogger - INFO - 正确答案；梨视频
2018-09-24 03:47:21,880 - mylogger - INFO - 更新答案
2018-09-24 03:47:31,455 - mylogger - INFO - 本题结束
2018-09-24 03:47:31,455 - mylogger - INFO - 获取题目
2018-09-24 03:47:33,267 - mylogger - INFO - 第 4 题
2018-09-24 03:47:33,579 - mylogger - INFO - 在《哈尔的移动城堡》中，稻草人菜头的真实身份是什么？
2018-09-24 03:47:34,501 - mylogger - INFO - ['邻国王子', '国王', '鞋匠']
2018-09-24 03:47:34,501 - mylogger - INFO - 数据库中检索答案
2018-09-24 03:47:34,517 - mylogger - INFO - 数据中无答案
2018-09-24 03:47:35,376 - mylogger - INFO - 在线检索答案：邻国王子
2018-09-24 03:47:35,376 - mylogger - INFO - 我的答案：邻国王子
2018-09-24 03:47:35,923 - mylogger - INFO - 选择选项
2018-09-24 03:47:38,406 - mylogger - INFO - 答案正确
2018-09-24 03:47:38,406 - mylogger - INFO - 更新答案
2018-09-24 03:47:48,857 - mylogger - INFO - 本题结束
2018-09-24 03:47:48,857 - mylogger - INFO - 获取题目
2018-09-24 03:47:50,685 - mylogger - INFO - 第 5 题
2018-09-24 03:47:51,045 - mylogger - INFO - 下列选项中，哪一个不属于类地行星？
2018-09-24 03:47:51,919 - mylogger - INFO - ['木星', '金星', '火星']
2018-09-24 03:47:51,919 - mylogger - INFO - 数据库中检索答案
2018-09-24 03:47:51,934 - mylogger - INFO - 数据中无答案
2018-09-24 03:47:52,559 - mylogger - INFO - 在线检索答案：木星
2018-09-24 03:47:52,559 - mylogger - INFO - 我的答案：木星
2018-09-24 03:47:53,122 - mylogger - INFO - 选择选项
2018-09-24 03:47:55,606 - mylogger - INFO - 答案正确
2018-09-24 03:47:55,606 - mylogger - INFO - 更新答案
2018-09-24 03:48:06,150 - mylogger - INFO - 本题结束
2018-09-24 03:48:06,291 - mylogger - INFO - 本场比赛结束
2018-09-24 03:48:06,541 - mylogger - INFO - 返回游戏页面
2018-09-24 03:48:08,087 - mylogger - INFO - 进入排位赛
2018-09-24 03:48:08,087 - mylogger - INFO - 正在匹配中......
2018-09-24 03:49:03,809 - mylogger - INFO - 匹配成功
2018-09-24 03:49:03,809 - mylogger - INFO - 获取题目
2018-09-24 03:49:06,777 - mylogger - INFO - 第 1 题
2018-09-24 03:49:07,105 - mylogger - INFO - 现发行的属相邮票中哪种价值最高
2018-09-24 03:49:08,167 - mylogger - INFO - ['牛票', '猴票', '蛇票']
2018-09-24 03:49:08,167 - mylogger - INFO - 数据库中检索答案
2018-09-24 03:49:08,198 - mylogger - INFO - 数据中无答案
2018-09-24 03:49:09,916 - mylogger - INFO - 在线检索答案：猴票
2018-09-24 03:49:09,932 - mylogger - INFO - 我的答案：猴票
2018-09-24 03:49:10,432 - mylogger - INFO - 选择选项
2018-09-24 03:49:12,822 - mylogger - INFO - 答案正确
2018-09-24 03:49:12,822 - mylogger - INFO - 更新答案
2018-09-24 03:49:15,275 - mylogger - INFO - 本题结束
2018-09-24 03:49:15,275 - mylogger - INFO - 获取题目
2018-09-24 03:49:17,212 - mylogger - INFO - 第 2 题
2018-09-24 03:49:17,602 - mylogger - INFO - 卫生球所含的致癌物质是？
2018-09-24 03:49:18,571 - mylogger - INFO - ['氢氧化钾', '氢氧化钠', '萘']
2018-09-24 03:49:18,571 - mylogger - INFO - 数据库中检索答案
2018-09-24 03:49:18,586 - mylogger - INFO - 数据中无答案
2018-09-24 03:49:19,226 - mylogger - INFO - 在线检索答案：萘
2018-09-24 03:49:19,226 - mylogger - INFO - 我的答案：萘
2018-09-24 03:49:19,805 - mylogger - INFO - 选择选项
2018-09-24 03:49:22,163 - mylogger - INFO - 答案正确
2018-09-24 03:49:22,163 - mylogger - INFO - 更新答案
2018-09-24 03:49:27,069 - mylogger - INFO - 本题结束
2018-09-24 03:49:27,069 - mylogger - INFO - 获取题目
2018-09-24 03:49:30,053 - mylogger - INFO - 第 3 题
2018-09-24 03:49:30,334 - mylogger - INFO - 世界上第一位女子九段是（）。
2018-09-24 03:49:31,318 - mylogger - INFO - ['芮乃伟', '丰云', '孔祥明']
2018-09-24 03:49:31,333 - mylogger - INFO - 数据库中检索答案
2018-09-24 03:49:31,333 - mylogger - INFO - 数据中无答案
2018-09-24 03:49:32,208 - mylogger - INFO - 在线检索答案：芮乃伟
2018-09-24 03:49:32,208 - mylogger - INFO - 我的答案：芮乃伟
2018-09-24 03:49:32,833 - mylogger - INFO - 选择选项
2018-09-24 03:49:35,301 - mylogger - INFO - 答案正确
2018-09-24 03:49:35,301 - mylogger - INFO - 更新答案
2018-09-24 03:49:39,175 - mylogger - INFO - 本题结束
2018-09-24 03:49:39,190 - mylogger - INFO - 获取题目
2018-09-24 03:49:41,050 - mylogger - INFO - 第 4 题
2018-09-24 03:49:41,331 - mylogger - INFO - 电视节目《缘来非诚勿扰》曾邀请下列哪位明星参加？
2018-09-24 03:49:42,190 - mylogger - INFO - ['GAI', '郭富城', '刘恺威']
2018-09-24 03:49:42,190 - mylogger - INFO - 数据库中检索答案
2018-09-24 03:49:42,205 - mylogger - INFO - 数据中无答案
2018-09-24 03:49:43,111 - mylogger - INFO - 在线检索答案：
2018-09-24 03:49:43,127 - mylogger - INFO - 我的答案：GAI
2018-09-24 03:49:43,706 - mylogger - INFO - 选择选项
2018-09-24 03:49:46,189 - mylogger - INFO - 答案错误
2018-09-24 03:49:46,408 - mylogger - INFO - 正确答案；刘恺威
2018-09-24 03:49:46,408 - mylogger - INFO - 更新答案
2018-09-24 03:49:49,141 - mylogger - INFO - 本题结束
2018-09-24 03:49:49,141 - mylogger - INFO - 获取题目
2018-09-24 03:49:50,985 - mylogger - INFO - 第 5 题
2018-09-24 03:49:51,266 - mylogger - INFO - 干贝是由扇贝的哪一个部位加工干制而成的？
2018-09-24 03:49:52,235 - mylogger - INFO - ['躯干', '头部', '闭壳肌']
2018-09-24 03:49:52,250 - mylogger - INFO - 数据库中检索答案
2018-09-24 03:49:52,250 - mylogger - INFO - 数据中无答案
2018-09-24 03:49:53,109 - mylogger - INFO - 在线检索答案：闭壳肌
2018-09-24 03:49:53,109 - mylogger - INFO - 我的答案：闭壳肌
2018-09-24 03:49:53,640 - mylogger - INFO - 选择选项
2018-09-24 03:49:56,062 - mylogger - INFO - 答案正确
2018-09-24 03:49:56,062 - mylogger - INFO - 更新答案
2018-09-24 03:50:01,077 - mylogger - INFO - 本题结束
2018-09-24 03:50:01,233 - mylogger - INFO - 本场比赛结束
2018-09-24 03:50:01,483 - mylogger - INFO - 返回游戏页面
2018-09-24 03:50:02,951 - mylogger - INFO - 进入排位赛
2018-09-24 03:50:02,951 - mylogger - INFO - 正在匹配中......
2018-09-24 03:51:03,827 - mylogger - WARNING - 匹配失败
2018-09-24 03:51:04,077 - mylogger - INFO - 返回游戏页面
2018-09-24 03:51:05,593 - mylogger - INFO - 进入排位赛
2018-09-24 03:51:05,593 - mylogger - INFO - 正在匹配中......
2018-09-24 03:52:06,534 - mylogger - WARNING - 匹配失败
2018-09-24 03:52:06,784 - mylogger - INFO - 返回游戏页面
2018-09-24 03:52:08,456 - mylogger - INFO - 进入排位赛
2018-09-24 03:52:08,456 - mylogger - INFO - 正在匹配中......
2018-09-24 03:53:09,489 - mylogger - WARNING - 匹配失败
2018-09-24 03:53:09,754 - mylogger - INFO - 返回游戏页面
2018-09-24 03:53:11,410 - mylogger - INFO - 进入排位赛
2018-09-24 03:53:11,425 - mylogger - INFO - 正在匹配中......
2018-09-24 03:54:12,224 - mylogger - WARNING - 匹配失败
2018-09-24 03:54:12,490 - mylogger - INFO - 返回游戏页面
2018-09-24 03:54:13,989 - mylogger - INFO - 进入排位赛
2018-09-24 03:54:13,989 - mylogger - INFO - 正在匹配中......
2018-09-24 03:55:14,537 - mylogger - WARNING - 匹配失败
2018-09-24 03:55:14,788 - mylogger - INFO - 返回游戏页面
2018-09-24 03:55:16,287 - mylogger - INFO - 进入排位赛
2018-09-24 03:55:16,287 - mylogger - INFO - 正在匹配中......
2018-09-24 03:56:17,319 - mylogger - WARNING - 匹配失败
2018-09-24 03:56:17,585 - mylogger - INFO - 返回游戏页面
2018-09-24 03:56:19,085 - mylogger - INFO - 进入排位赛
2018-09-24 03:56:19,085 - mylogger - INFO - 正在匹配中......
2018-09-24 03:57:20,101 - mylogger - WARNING - 匹配失败
2018-09-24 03:57:20,352 - mylogger - INFO - 返回游戏页面
2018-09-24 03:57:21,867 - mylogger - INFO - 进入排位赛
2018-09-24 03:57:21,867 - mylogger - INFO - 正在匹配中......
2018-09-24 03:58:22,931 - mylogger - WARNING - 匹配失败
2018-09-24 03:58:23,180 - mylogger - INFO - 返回游戏页面
2018-09-24 03:58:24,727 - mylogger - INFO - 进入排位赛
2018-09-24 03:58:24,727 - mylogger - INFO - 正在匹配中......
2018-09-24 03:59:25,478 - mylogger - WARNING - 匹配失败
2018-09-24 03:59:25,728 - mylogger - INFO - 返回游戏页面
2018-09-24 03:59:27,243 - mylogger - INFO - 进入排位赛
2018-09-24 03:59:27,243 - mylogger - INFO - 正在匹配中......
2018-09-24 04:00:28,307 - mylogger - WARNING - 匹配失败
2018-09-24 04:00:28,557 - mylogger - INFO - 返回游戏页面
2018-09-24 04:00:30,040 - mylogger - INFO - 进入排位赛
2018-09-24 04:00:30,040 - mylogger - INFO - 正在匹配中......
2018-09-24 04:01:30,995 - mylogger - WARNING - 匹配失败
2018-09-24 04:01:31,246 - mylogger - INFO - 返回游戏页面
2018-09-24 04:01:32,808 - mylogger - INFO - 进入排位赛
2018-09-24 04:01:32,823 - mylogger - INFO - 正在匹配中......
2018-09-24 04:02:33,778 - mylogger - WARNING - 匹配失败
2018-09-24 04:02:34,043 - mylogger - INFO - 返回游戏页面
2018-09-24 04:02:35,559 - mylogger - INFO - 进入排位赛
2018-09-24 04:02:35,559 - mylogger - INFO - 正在匹配中......
2018-09-24 04:03:36,372 - mylogger - WARNING - 匹配失败
2018-09-24 04:03:36,622 - mylogger - INFO - 返回游戏页面
2018-09-24 04:03:38,153 - mylogger - INFO - 进入排位赛
2018-09-24 04:03:38,153 - mylogger - INFO - 正在匹配中......
2018-09-24 04:04:39,248 - mylogger - WARNING - 匹配失败
2018-09-24 04:04:39,514 - mylogger - INFO - 返回游戏页面
2018-09-24 04:04:41,013 - mylogger - INFO - 进入排位赛
2018-09-24 04:04:41,013 - mylogger - INFO - 正在匹配中......
2018-09-24 04:05:41,702 - mylogger - WARNING - 匹配失败
2018-09-24 04:05:41,952 - mylogger - INFO - 返回游戏页面
2018-09-24 04:05:43,483 - mylogger - INFO - 进入排位赛
2018-09-24 04:05:43,483 - mylogger - INFO - 正在匹配中......
2018-09-24 04:06:44,172 - mylogger - WARNING - 匹配失败
2018-09-24 04:06:44,422 - mylogger - INFO - 返回游戏页面
2018-09-24 04:06:45,968 - mylogger - INFO - 进入排位赛
2018-09-24 04:06:45,968 - mylogger - INFO - 正在匹配中......
2018-09-24 04:07:46,126 - mylogger - WARNING - 匹配失败
2018-09-24 04:07:46,392 - mylogger - INFO - 返回游戏页面
2018-09-24 04:07:47,938 - mylogger - INFO - 进入排位赛
2018-09-24 04:07:47,938 - mylogger - INFO - 正在匹配中......
2018-09-24 04:08:49,142 - mylogger - WARNING - 匹配失败
2018-09-24 04:08:49,392 - mylogger - INFO - 返回游戏页面
2018-09-24 04:08:50,955 - mylogger - INFO - 进入排位赛
2018-09-24 04:08:50,955 - mylogger - INFO - 正在匹配中......
2018-09-24 04:09:52,081 - mylogger - WARNING - 匹配失败
2018-09-24 04:09:52,331 - mylogger - INFO - 返回游戏页面
2018-09-24 04:09:53,799 - mylogger - INFO - 进入排位赛
2018-09-24 04:09:53,799 - mylogger - INFO - 正在匹配中......
2018-09-24 04:10:54,753 - mylogger - WARNING - 匹配失败
2018-09-24 04:10:55,004 - mylogger - INFO - 返回游戏页面
2018-09-24 04:10:56,566 - mylogger - INFO - 进入排位赛
2018-09-24 04:10:56,566 - mylogger - INFO - 正在匹配中......
2018-09-24 04:11:57,692 - mylogger - WARNING - 匹配失败
2018-09-24 04:11:57,957 - mylogger - INFO - 返回游戏页面
2018-09-24 04:11:59,441 - mylogger - INFO - 进入排位赛
2018-09-24 04:11:59,441 - mylogger - INFO - 正在匹配中......
2018-09-24 04:13:00,443 - mylogger - WARNING - 匹配失败
2018-09-24 04:13:00,692 - mylogger - INFO - 返回游戏页面
2018-09-24 04:13:02,177 - mylogger - INFO - 进入排位赛
2018-09-24 04:13:02,177 - mylogger - INFO - 正在匹配中......
2018-09-24 04:14:02,866 - mylogger - WARNING - 匹配失败
2018-09-24 04:14:03,131 - mylogger - INFO - 返回游戏页面
2018-09-24 04:14:04,661 - mylogger - INFO - 进入排位赛
2018-09-24 04:14:04,661 - mylogger - INFO - 正在匹配中......
2018-09-24 04:14:51,119 - mylogger - INFO - 匹配成功
2018-09-24 04:14:51,119 - mylogger - INFO - 获取题目
2018-09-24 04:14:54,260 - mylogger - INFO - 第 1 题
2018-09-24 04:14:54,572 - mylogger - INFO - 曼联球员马塔曾效力于哪支英超豪门？
2018-09-24 04:14:55,681 - mylogger - INFO - ['阿森纳', '热刺', '切尔西']
2018-09-24 04:14:55,681 - mylogger - INFO - 数据库中检索答案
2018-09-24 04:14:55,696 - mylogger - INFO - 数据中无答案
2018-09-24 04:14:56,430 - mylogger - INFO - 在线检索答案：切尔西
2018-09-24 04:14:56,430 - mylogger - INFO - 我的答案：切尔西
2018-09-24 04:14:56,993 - mylogger - INFO - 选择选项
2018-09-24 04:14:59,446 - mylogger - INFO - 答案正确
2018-09-24 04:14:59,446 - mylogger - INFO - 更新答案
2018-09-24 04:15:08,772 - mylogger - INFO - 本题结束
2018-09-24 04:15:08,772 - mylogger - INFO - 获取题目
2018-09-24 04:15:10,739 - mylogger - INFO - 第 2 题
2018-09-24 04:15:11,037 - mylogger - INFO - 歌曲《听海》是哪个歌手的代表作？
2018-09-24 04:15:11,912 - mylogger - INFO - ['刘若英', '那英', '张惠妹']
2018-09-24 04:15:11,927 - mylogger - INFO - 数据库中检索答案
2018-09-24 04:15:11,927 - mylogger - INFO - 数据中无答案
2018-09-24 04:15:12,551 - mylogger - INFO - 在线检索答案：张惠妹
2018-09-24 04:15:12,551 - mylogger - INFO - 我的答案：张惠妹
2018-09-24 04:15:13,130 - mylogger - INFO - 选择选项
2018-09-24 04:15:15,552 - mylogger - INFO - 答案正确
2018-09-24 04:15:15,552 - mylogger - INFO - 更新答案
2018-09-24 04:15:25,923 - mylogger - INFO - 本题结束
2018-09-24 04:15:25,923 - mylogger - INFO - 获取题目
2018-09-24 04:15:27,877 - mylogger - INFO - 第 3 题
2018-09-24 04:15:28,174 - mylogger - INFO - “蓝鸟”是什么类型的车？
2018-09-24 04:15:29,048 - mylogger - INFO - ['皮卡', '微面', '中型车']
2018-09-24 04:15:29,063 - mylogger - INFO - 数据库中检索答案
2018-09-24 04:15:29,063 - mylogger - INFO - 数据中无答案
2018-09-24 04:15:29,704 - mylogger - INFO - 在线检索答案：
2018-09-24 04:15:29,704 - mylogger - INFO - 我的答案：皮卡
2018-09-24 04:15:30,204 - mylogger - INFO - 选择选项
2018-09-24 04:15:32,626 - mylogger - INFO - 答案错误
2018-09-24 04:15:32,875 - mylogger - INFO - 正确答案；中型车
2018-09-24 04:15:32,875 - mylogger - INFO - 更新答案
2018-09-24 04:15:43,420 - mylogger - INFO - 本题结束
2018-09-24 04:15:43,420 - mylogger - INFO - 获取题目
2018-09-24 04:15:45,357 - mylogger - INFO - 第 4 题
2018-09-24 04:15:45,669 - mylogger - INFO - 美国著名物理学家奥本海默被称为？
2018-09-24 04:15:46,606 - mylogger - INFO - ['原子弹之父', '现代航天之父', '火箭之父']
2018-09-24 04:15:46,606 - mylogger - INFO - 数据库中检索答案
2018-09-24 04:15:46,622 - mylogger - INFO - 数据中无答案
2018-09-24 04:15:47,278 - mylogger - INFO - 在线检索答案：原子弹之父
2018-09-24 04:15:47,278 - mylogger - INFO - 我的答案：原子弹之父
2018-09-24 04:15:47,841 - mylogger - INFO - 选择选项
2018-09-24 04:15:50,215 - mylogger - INFO - 答案正确
2018-09-24 04:15:50,215 - mylogger - INFO - 更新答案
2018-09-24 04:16:00,572 - mylogger - INFO - 本题结束
2018-09-24 04:16:00,572 - mylogger - INFO - 获取题目
2018-09-24 04:16:02,493 - mylogger - INFO - 第 5 题
2018-09-24 04:16:02,775 - mylogger - INFO - 4-6个月宝宝两次喂奶之间的喂水量是？
2018-09-24 04:16:03,602 - mylogger - INFO - ['30－45ml', '90－100ml', '90－120ml']
2018-09-24 04:16:03,602 - mylogger - INFO - 数据库中检索答案
2018-09-24 04:16:03,618 - mylogger - INFO - 数据中无答案
2018-09-24 04:16:04,367 - mylogger - INFO - 在线检索答案：
2018-09-24 04:16:04,367 - mylogger - INFO - 我的答案：30－45ml
2018-09-24 04:16:04,837 - mylogger - INFO - 选择选项
2018-09-24 04:16:07,243 - mylogger - INFO - 答案错误
2018-09-24 04:16:07,367 - mylogger - INFO - 正确答案；90－100ml
2018-09-24 04:16:07,367 - mylogger - INFO - 更新答案
2018-09-24 04:16:16,725 - mylogger - INFO - 本题结束
2018-09-24 04:16:16,896 - mylogger - INFO - 本场比赛结束
2018-09-24 04:16:17,146 - mylogger - INFO - 返回游戏页面
2018-09-24 04:16:18,677 - mylogger - INFO - 进入排位赛
2018-09-24 04:16:18,677 - mylogger - INFO - 正在匹配中......
2018-09-24 04:17:18,851 - mylogger - WARNING - 匹配失败
2018-09-24 04:17:19,085 - mylogger - INFO - 返回游戏页面
2018-09-24 04:17:20,600 - mylogger - INFO - 进入排位赛
2018-09-24 04:17:20,600 - mylogger - INFO - 正在匹配中......
2018-09-24 04:18:21,226 - mylogger - WARNING - 匹配失败
2018-09-24 04:18:21,477 - mylogger - INFO - 返回游戏页面
2018-09-24 04:18:23,007 - mylogger - INFO - 进入排位赛
2018-09-24 04:18:23,007 - mylogger - INFO - 正在匹配中......
2018-09-24 04:19:23,320 - mylogger - WARNING - 匹配失败
2018-09-24 04:19:23,570 - mylogger - INFO - 返回游戏页面
2018-09-24 04:19:25,102 - mylogger - INFO - 进入排位赛
2018-09-24 04:19:25,102 - mylogger - INFO - 正在匹配中......
2018-09-24 04:20:26,103 - mylogger - WARNING - 匹配失败
2018-09-24 04:20:26,353 - mylogger - INFO - 返回游戏页面
2018-09-24 04:20:27,900 - mylogger - INFO - 进入排位赛
2018-09-24 04:20:27,900 - mylogger - INFO - 正在匹配中......
2018-09-24 04:21:28,995 - mylogger - WARNING - 匹配失败
2018-09-24 04:21:29,244 - mylogger - INFO - 返回游戏页面
2018-09-24 04:21:30,791 - mylogger - INFO - 进入排位赛
2018-09-24 04:21:30,791 - mylogger - INFO - 正在匹配中......
2018-09-24 04:22:31,449 - mylogger - WARNING - 匹配失败
2018-09-24 04:22:31,698 - mylogger - INFO - 返回游戏页面
2018-09-24 04:22:33,261 - mylogger - INFO - 进入排位赛
2018-09-24 04:22:33,261 - mylogger - INFO - 正在匹配中......
2018-09-24 04:23:34,371 - mylogger - WARNING - 匹配失败
2018-09-24 04:23:34,621 - mylogger - INFO - 返回游戏页面
2018-09-24 04:23:36,230 - mylogger - INFO - 进入排位赛
2018-09-24 04:23:36,230 - mylogger - INFO - 正在匹配中......
2018-09-24 04:24:37,310 - mylogger - WARNING - 匹配失败
2018-09-24 04:24:37,575 - mylogger - INFO - 返回游戏页面
2018-09-24 04:24:39,059 - mylogger - INFO - 进入排位赛
2018-09-24 04:24:39,059 - mylogger - INFO - 正在匹配中......
2018-09-24 04:25:17,535 - mylogger - INFO - 匹配成功
2018-09-24 04:25:17,535 - mylogger - INFO - 获取题目
2018-09-24 04:25:20,549 - mylogger - INFO - 第 1 题
2018-09-24 04:25:20,909 - mylogger - INFO - 立方体共有几个面？
2018-09-24 04:25:21,908 - mylogger - INFO - ['4', '5', '6']
2018-09-24 04:25:21,908 - mylogger - INFO - 数据库中检索答案
2018-09-24 04:25:21,924 - mylogger - INFO - 数据中无答案
2018-09-24 04:25:22,720 - mylogger - INFO - 在线检索答案：4
2018-09-24 04:25:22,720 - mylogger - INFO - 我的答案：4
2018-09-24 04:25:23,236 - mylogger - INFO - 选择选项
2018-09-24 04:25:25,658 - mylogger - INFO - 答案错误
2018-09-24 04:25:25,891 - mylogger - INFO - 正确答案；6
2018-09-24 04:25:25,891 - mylogger - INFO - 更新答案
2018-09-24 04:25:34,140 - mylogger - INFO - 本题结束
2018-09-24 04:25:34,155 - mylogger - INFO - 获取题目
2018-09-24 04:25:37,264 - mylogger - INFO - 第 2 题
2018-09-24 04:25:37,499 - mylogger - INFO - 在《哆啦A梦》中，哆啦A梦最喜欢的食物是什么？
2018-09-24 04:25:38,420 - mylogger - INFO - ['铜锣烧', '汉堡包', '章鱼丸']
2018-09-24 04:25:38,420 - mylogger - INFO - 数据库中检索答案
2018-09-24 04:25:38,451 - mylogger - INFO - 数据中无答案
2018-09-24 04:25:39,138 - mylogger - INFO - 在线检索答案：铜锣烧
2018-09-24 04:25:39,138 - mylogger - INFO - 我的答案：铜锣烧
2018-09-24 04:25:39,717 - mylogger - INFO - 选择选项
2018-09-24 04:25:42,170 - mylogger - INFO - 答案正确
2018-09-24 04:25:42,184 - mylogger - INFO - 更新答案
2018-09-24 04:25:51,574 - mylogger - INFO - 本题结束
2018-09-24 04:25:51,574 - mylogger - INFO - 获取题目
2018-09-24 04:25:53,432 - mylogger - INFO - 第 3 题
2018-09-24 04:25:53,776 - mylogger - INFO - 小满的前面是以下哪个节气？
2018-09-24 04:25:54,760 - mylogger - INFO - ['冬至', '立夏', '大雪']
2018-09-24 04:25:54,760 - mylogger - INFO - 数据库中检索答案
2018-09-24 04:25:54,776 - mylogger - INFO - 数据中无答案
2018-09-24 04:25:55,572 - mylogger - INFO - 在线检索答案：立夏
2018-09-24 04:25:55,572 - mylogger - INFO - 我的答案：立夏
2018-09-24 04:25:56,167 - mylogger - INFO - 选择选项
2018-09-24 04:25:58,650 - mylogger - INFO - 答案正确
2018-09-24 04:25:58,650 - mylogger - INFO - 更新答案
2018-09-24 04:26:09,070 - mylogger - INFO - 本题结束
2018-09-24 04:26:09,070 - mylogger - INFO - 获取题目
2018-09-24 04:26:10,944 - mylogger - INFO - 第 4 题
2018-09-24 04:26:11,257 - mylogger - INFO - 下列哪部不是卡夫卡的作品？
2018-09-24 04:26:12,131 - mylogger - INFO - ['《变形记》', '《城堡》', '《生活在别处》']
2018-09-24 04:26:12,131 - mylogger - INFO - 数据库中检索答案
2018-09-24 04:26:12,147 - mylogger - INFO - 数据中无答案
2018-09-24 04:26:12,803 - mylogger - INFO - 在线检索答案：《生活在别处》
2018-09-24 04:26:12,803 - mylogger - INFO - 我的答案：《生活在别处》
2018-09-24 04:26:13,428 - mylogger - INFO - 选择选项
2018-09-24 04:26:15,911 - mylogger - INFO - 答案正确
2018-09-24 04:26:15,911 - mylogger - INFO - 更新答案
2018-09-24 04:26:26,316 - mylogger - INFO - 本题结束
2018-09-24 04:26:26,331 - mylogger - INFO - 获取题目
2018-09-24 04:26:28,174 - mylogger - INFO - 第 5 题
2018-09-24 04:26:28,534 - mylogger - INFO - 世界上最庞大的动物群并不是壮观的驯鹿群、角马群，而是什么群？
2018-09-24 04:26:29,409 - mylogger - INFO - ['蝙蝠群', '热带鱼群', '磷虾群']
2018-09-24 04:26:29,409 - mylogger - INFO - 数据库中检索答案
2018-09-24 04:26:29,424 - mylogger - INFO - 数据中无答案
2018-09-24 04:26:30,361 - mylogger - INFO - 在线检索答案：热带鱼群
2018-09-24 04:26:30,361 - mylogger - INFO - 我的答案：热带鱼群
2018-09-24 04:26:30,924 - mylogger - INFO - 选择选项
2018-09-24 04:26:33,392 - mylogger - INFO - 答案错误
2018-09-24 04:26:33,611 - mylogger - INFO - 正确答案；磷虾群
2018-09-24 04:26:33,611 - mylogger - INFO - 更新答案
2018-09-24 04:26:43,046 - mylogger - INFO - 本题结束
2018-09-24 04:26:43,155 - mylogger - INFO - 本场比赛结束
2018-09-24 04:26:43,406 - mylogger - INFO - 返回游戏页面
2018-09-24 04:26:44,921 - mylogger - INFO - 进入排位赛
2018-09-24 04:26:44,921 - mylogger - INFO - 正在匹配中......
2018-09-24 04:27:45,156 - mylogger - WARNING - 匹配失败
2018-09-24 04:27:45,407 - mylogger - INFO - 返回游戏页面
2018-09-24 04:27:46,953 - mylogger - INFO - 进入排位赛
2018-09-24 04:27:46,953 - mylogger - INFO - 正在匹配中......
2018-09-24 04:28:48,032 - mylogger - WARNING - 匹配失败
2018-09-24 04:28:48,282 - mylogger - INFO - 返回游戏页面
2018-09-24 04:28:49,923 - mylogger - INFO - 进入排位赛
2018-09-24 04:28:49,923 - mylogger - INFO - 正在匹配中......
2018-09-24 04:29:50,048 - mylogger - WARNING - 匹配失败
2018-09-24 04:29:50,299 - mylogger - INFO - 返回游戏页面
2018-09-24 04:29:51,846 - mylogger - INFO - 进入排位赛
2018-09-24 04:29:51,846 - mylogger - INFO - 正在匹配中......
2018-09-24 04:30:52,550 - mylogger - WARNING - 匹配失败
2018-09-24 04:30:52,816 - mylogger - INFO - 返回游戏页面
2018-09-24 04:30:54,377 - mylogger - INFO - 进入排位赛
2018-09-24 04:30:54,377 - mylogger - INFO - 正在匹配中......
2018-09-24 04:31:55,316 - mylogger - WARNING - 匹配失败
2018-09-24 04:31:55,566 - mylogger - INFO - 返回游戏页面
2018-09-24 04:31:57,066 - mylogger - INFO - 进入排位赛
2018-09-24 04:31:57,066 - mylogger - INFO - 正在匹配中......
2018-09-24 04:32:57,286 - mylogger - WARNING - 匹配失败
2018-09-24 04:32:57,551 - mylogger - INFO - 返回游戏页面
2018-09-24 04:32:59,035 - mylogger - INFO - 进入排位赛
2018-09-24 04:32:59,035 - mylogger - INFO - 正在匹配中......
2018-09-24 04:33:59,178 - mylogger - WARNING - 匹配失败
2018-09-24 04:33:59,428 - mylogger - INFO - 返回游戏页面
2018-09-24 04:34:00,896 - mylogger - INFO - 进入排位赛
2018-09-24 04:34:00,896 - mylogger - INFO - 正在匹配中......
2018-09-24 04:34:41,418 - mylogger - INFO - 匹配成功
2018-09-24 04:34:41,418 - mylogger - INFO - 获取题目
2018-09-24 04:34:44,541 - mylogger - INFO - 第 1 题
2018-09-24 04:34:44,855 - mylogger - INFO - 太阳系现有几颗大行星？
2018-09-24 04:34:45,807 - mylogger - INFO - ['9颗', '8颗', '10颗']
2018-09-24 04:34:45,807 - mylogger - INFO - 数据库中检索答案
2018-09-24 04:34:45,822 - mylogger - INFO - 我的答案：8颗
2018-09-24 04:34:46,401 - mylogger - INFO - 选择选项
2018-09-24 04:34:48,853 - mylogger - INFO - 答案正确
2018-09-24 04:34:48,853 - mylogger - INFO - 更新答案
2018-09-24 04:34:53,696 - mylogger - INFO - 本题结束
2018-09-24 04:34:53,696 - mylogger - INFO - 获取题目
2018-09-24 04:34:56,633 - mylogger - INFO - 第 2 题
2018-09-24 04:34:56,930 - mylogger - INFO - 在电影《二代妖精之今生有幸》中，男主角是冯绍峰，女主角是哪个女演员？
2018-09-24 04:34:57,836 - mylogger - INFO - ['景甜', '刘亦菲', '李沁']
2018-09-24 04:34:57,836 - mylogger - INFO - 数据库中检索答案
2018-09-24 04:34:57,851 - mylogger - INFO - 我的答案：刘亦菲
2018-09-24 04:34:58,461 - mylogger - INFO - 选择选项
2018-09-24 04:35:00,882 - mylogger - INFO - 答案正确
2018-09-24 04:35:00,882 - mylogger - INFO - 更新答案
2018-09-24 04:35:02,240 - mylogger - INFO - 本题结束
2018-09-24 04:35:02,240 - mylogger - INFO - 获取题目
2018-09-24 04:35:05,225 - mylogger - INFO - 第 3 题
2018-09-24 04:35:05,490 - mylogger - INFO - 松狮是以下哪种功能的狗?
2018-09-24 04:35:06,428 - mylogger - INFO - ['梗类犬', '家庭犬', '枪猎犬']
2018-09-24 04:35:06,442 - mylogger - INFO - 数据库中检索答案
2018-09-24 04:35:06,458 - mylogger - INFO - 我的答案：家庭犬
2018-09-24 04:35:07,005 - mylogger - INFO - 选择选项
2018-09-24 04:35:09,410 - mylogger - INFO - 答案正确
2018-09-24 04:35:09,410 - mylogger - INFO - 更新答案
2018-09-24 04:35:11,051 - mylogger - INFO - 本题结束
2018-09-24 04:35:11,051 - mylogger - INFO - 获取题目
2018-09-24 04:35:12,957 - mylogger - INFO - 第 4 题
2018-09-24 04:35:13,238 - mylogger - INFO - 心理健康的主要判别方法不包括？
2018-09-24 04:35:14,223 - mylogger - INFO - ['生理学方法', '心理学方法', '社会学方法']
2018-09-24 04:35:14,237 - mylogger - INFO - 数据库中检索答案
2018-09-24 04:35:14,237 - mylogger - INFO - 数据中无答案
2018-09-24 04:35:15,081 - mylogger - INFO - 在线检索答案：生理学方法
2018-09-24 04:35:15,081 - mylogger - INFO - 我的答案：生理学方法
2018-09-24 04:35:15,613 - mylogger - INFO - 选择选项
2018-09-24 04:35:18,034 - mylogger - INFO - 答案正确
2018-09-24 04:35:18,034 - mylogger - INFO - 更新答案
2018-09-24 04:35:22,018 - mylogger - INFO - 本题结束
2018-09-24 04:35:22,032 - mylogger - INFO - 获取题目
2018-09-24 04:35:23,876 - mylogger - INFO - 第 5 题
2018-09-24 04:35:24,158 - mylogger - INFO - 《王者荣耀》中英雄老夫子的定位是下列哪一个？
2018-09-24 04:35:25,125 - mylogger - INFO - ['射手', '战士', '刺客']
2018-09-24 04:35:25,125 - mylogger - INFO - 数据库中检索答案
2018-09-24 04:35:25,125 - mylogger - INFO - 数据中无答案
2018-09-24 04:35:26,266 - mylogger - INFO - 在线检索答案：战士
2018-09-24 04:35:26,266 - mylogger - INFO - 我的答案：战士
2018-09-24 04:35:26,829 - mylogger - INFO - 选择选项
2018-09-24 04:35:29,297 - mylogger - INFO - 答案正确
2018-09-24 04:35:29,297 - mylogger - INFO - 更新答案
2018-09-24 04:35:32,093 - mylogger - INFO - 本题结束
2018-09-24 04:35:32,265 - mylogger - INFO - 本场比赛结束
2018-09-24 04:35:32,515 - mylogger - INFO - 返回游戏页面
2018-09-24 04:35:34,061 - mylogger - INFO - 进入排位赛
2018-09-24 04:35:34,061 - mylogger - INFO - 正在匹配中......
2018-09-24 04:36:34,797 - mylogger - WARNING - 匹配失败
2018-09-24 04:36:35,063 - mylogger - INFO - 返回游戏页面
2018-09-24 04:36:36,594 - mylogger - INFO - 进入排位赛
2018-09-24 04:36:36,594 - mylogger - INFO - 正在匹配中......
2018-09-24 04:37:37,533 - mylogger - WARNING - 匹配失败
2018-09-24 04:37:37,783 - mylogger - INFO - 返回游戏页面
2018-09-24 04:37:39,376 - mylogger - INFO - 进入排位赛
2018-09-24 04:37:39,376 - mylogger - INFO - 正在匹配中......
2018-09-24 04:38:39,549 - mylogger - WARNING - 匹配失败
2018-09-24 04:38:39,814 - mylogger - INFO - 返回游戏页面
2018-09-24 04:38:41,361 - mylogger - INFO - 进入排位赛
2018-09-24 04:38:41,361 - mylogger - INFO - 正在匹配中......
2018-09-24 04:39:42,534 - mylogger - WARNING - 匹配失败
2018-09-24 04:39:42,815 - mylogger - INFO - 返回游戏页面
2018-09-24 04:39:44,409 - mylogger - INFO - 进入排位赛
2018-09-24 04:39:44,409 - mylogger - INFO - 正在匹配中......
2018-09-24 04:40:44,520 - mylogger - WARNING - 匹配失败
2018-09-24 04:40:44,770 - mylogger - INFO - 返回游戏页面
2018-09-24 04:40:46,238 - mylogger - INFO - 进入排位赛
2018-09-24 04:40:46,253 - mylogger - INFO - 正在匹配中......
2018-09-24 04:41:47,271 - mylogger - WARNING - 匹配失败
2018-09-24 04:41:47,536 - mylogger - INFO - 返回游戏页面
2018-09-24 04:41:49,082 - mylogger - INFO - 进入排位赛
2018-09-24 04:41:49,082 - mylogger - INFO - 正在匹配中......
2018-09-24 04:42:50,271 - mylogger - WARNING - 匹配失败
2018-09-24 04:42:50,521 - mylogger - INFO - 返回游戏页面
2018-09-24 04:42:52,037 - mylogger - INFO - 进入排位赛
2018-09-24 04:42:52,037 - mylogger - INFO - 正在匹配中......
2018-09-24 04:43:52,179 - mylogger - WARNING - 匹配失败
2018-09-24 04:43:52,444 - mylogger - INFO - 返回游戏页面
2018-09-24 04:43:53,959 - mylogger - INFO - 进入排位赛
2018-09-24 04:43:53,959 - mylogger - INFO - 正在匹配中......
2018-09-24 04:44:54,820 - mylogger - WARNING - 匹配失败
2018-09-24 04:44:55,085 - mylogger - INFO - 返回游戏页面
2018-09-24 04:44:56,617 - mylogger - INFO - 进入排位赛
2018-09-24 04:44:56,617 - mylogger - INFO - 正在匹配中......
2018-09-24 04:45:57,508 - mylogger - WARNING - 匹配失败
2018-09-24 04:45:57,758 - mylogger - INFO - 返回游戏页面
2018-09-24 04:45:59,274 - mylogger - INFO - 进入排位赛
2018-09-24 04:45:59,274 - mylogger - INFO - 正在匹配中......
2018-09-24 04:46:59,634 - mylogger - WARNING - 匹配失败
2018-09-24 04:46:59,884 - mylogger - INFO - 返回游戏页面
2018-09-24 04:47:01,447 - mylogger - INFO - 进入排位赛
2018-09-24 04:47:01,447 - mylogger - INFO - 正在匹配中......
2018-09-24 04:47:20,972 - mylogger - INFO - 匹配成功
2018-09-24 04:47:20,972 - mylogger - INFO - 获取题目
2018-09-24 04:47:24,035 - mylogger - INFO - 第 1 题
2018-09-24 04:47:24,410 - mylogger - INFO - 鲁迅的名篇《药》描写了华老栓夫妇为儿子____买人血馒头治病的故事。
2018-09-24 04:47:25,487 - mylogger - INFO - ['大栓', '栓儿', '小栓']
2018-09-24 04:47:25,487 - mylogger - INFO - 数据库中检索答案
2018-09-24 04:47:25,503 - mylogger - INFO - 数据中无答案
2018-09-24 04:47:26,346 - mylogger - INFO - 在线检索答案：小栓
2018-09-24 04:47:26,346 - mylogger - INFO - 我的答案：小栓
2018-09-24 04:47:26,909 - mylogger - INFO - 选择选项
2018-09-24 04:47:29,455 - mylogger - INFO - 答案正确
2018-09-24 04:47:29,455 - mylogger - INFO - 更新答案
2018-09-24 04:47:32,205 - mylogger - INFO - 本题结束
2018-09-24 04:47:32,205 - mylogger - INFO - 获取题目
2018-09-24 04:47:34,079 - mylogger - INFO - 第 2 题
2018-09-24 04:47:34,423 - mylogger - INFO - 以下哪款产品不属于品牌CPB？
2018-09-24 04:47:35,500 - mylogger - INFO - ['钻光粉霜', '光润粉霜', '神仙水']
2018-09-24 04:47:35,500 - mylogger - INFO - 数据库中检索答案
2018-09-24 04:47:35,516 - mylogger - INFO - 数据中无答案
2018-09-24 04:47:36,297 - mylogger - INFO - 在线检索答案：钻光粉霜
2018-09-24 04:47:36,297 - mylogger - INFO - 我的答案：钻光粉霜
2018-09-24 04:47:36,875 - mylogger - INFO - 选择选项
2018-09-24 04:47:39,266 - mylogger - INFO - 答案错误
2018-09-24 04:47:39,499 - mylogger - INFO - 正确答案；神仙水
2018-09-24 04:47:39,530 - mylogger - INFO - 更新答案
2018-09-24 04:47:41,139 - mylogger - INFO - 本题结束
2018-09-24 04:47:41,139 - mylogger - INFO - 获取题目
2018-09-24 04:47:43,062 - mylogger - INFO - 第 3 题
2018-09-24 04:47:43,389 - mylogger - INFO - 化学元素“银”的化学符号是什么？
2018-09-24 04:47:44,311 - mylogger - INFO - ['Au', 'Ag', 'Sg']
2018-09-24 04:47:44,311 - mylogger - INFO - 数据库中检索答案
2018-09-24 04:47:44,326 - mylogger - INFO - 数据中无答案
2018-09-24 04:47:45,295 - mylogger - INFO - 在线检索答案：Ag
2018-09-24 04:47:45,295 - mylogger - INFO - 我的答案：Ag
2018-09-24 04:47:45,858 - mylogger - INFO - 选择选项
2018-09-24 04:47:48,201 - mylogger - INFO - 答案正确
2018-09-24 04:47:48,201 - mylogger - INFO - 更新答案
2018-09-24 04:47:58,714 - mylogger - INFO - 本题结束
2018-09-24 04:47:58,714 - mylogger - INFO - 获取题目
2018-09-24 04:47:59,308 - mylogger - INFO - 第 4 题
2018-09-24 04:47:59,589 - mylogger - INFO - 打高尔夫球时,球的飞行路径是直的,但落点目标偏左叫做什么？
2018-09-24 04:48:00,558 - mylogger - INFO - ['左飞球', '左曲球', '']
2018-09-24 04:48:00,558 - mylogger - INFO - 数据库中检索答案
2018-09-24 04:48:00,573 - mylogger - INFO - 数据中无答案
2018-09-24 04:48:01,744 - mylogger - INFO - 在线检索答案：
2018-09-24 04:48:01,744 - mylogger - INFO - 我的答案：左飞球
2018-09-24 04:48:02,291 - mylogger - INFO - 选择选项
2018-09-24 04:49:08,182 - mylogger - INFO - 进入排位赛
2018-09-24 04:49:08,182 - mylogger - INFO - 正在匹配中......
2018-09-24 04:50:08,731 - mylogger - WARNING - 匹配失败
2018-09-24 04:50:08,995 - mylogger - INFO - 返回游戏页面
2018-09-24 04:50:10,433 - mylogger - INFO - 进入排位赛
2018-09-24 04:50:10,433 - mylogger - INFO - 正在匹配中......
2018-09-24 04:51:11,310 - mylogger - WARNING - 匹配失败
2018-09-24 04:51:11,560 - mylogger - INFO - 返回游戏页面
2018-09-24 04:51:13,075 - mylogger - INFO - 进入排位赛
2018-09-24 04:51:13,075 - mylogger - INFO - 正在匹配中......
2018-09-24 04:52:13,920 - mylogger - WARNING - 匹配失败
2018-09-24 04:52:14,185 - mylogger - INFO - 返回游戏页面
2018-09-24 04:52:15,731 - mylogger - INFO - 进入排位赛
2018-09-24 04:52:15,731 - mylogger - INFO - 正在匹配中......
2018-09-24 04:53:15,843 - mylogger - WARNING - 匹配失败
2018-09-24 04:53:16,108 - mylogger - INFO - 返回游戏页面
2018-09-24 04:53:17,639 - mylogger - INFO - 进入排位赛
2018-09-24 04:53:17,639 - mylogger - INFO - 正在匹配中......
2018-09-24 04:54:02,738 - mylogger - INFO - 匹配成功
2018-09-24 04:54:02,738 - mylogger - INFO - 获取题目
2018-09-24 04:54:05,705 - mylogger - INFO - 第 1 题
2018-09-24 04:54:05,971 - mylogger - INFO - 围棋的棋子是哪两种颜色的？
2018-09-24 04:54:07,112 - mylogger - INFO - ['黑和白', '红和蓝', '红和白']
2018-09-24 04:54:07,127 - mylogger - INFO - 数据库中检索答案
2018-09-24 04:54:07,127 - mylogger - INFO - 数据中无答案
2018-09-24 04:54:07,892 - mylogger - INFO - 在线检索答案：
2018-09-24 04:54:07,892 - mylogger - INFO - 我的答案：黑和白
2018-09-24 04:54:08,487 - mylogger - INFO - 选择选项
2018-09-24 04:54:10,892 - mylogger - INFO - 答案正确
2018-09-24 04:54:10,892 - mylogger - INFO - 更新答案
2018-09-24 04:54:12,267 - mylogger - INFO - 本题结束
2018-09-24 04:54:12,267 - mylogger - INFO - 获取题目
2018-09-24 04:54:14,063 - mylogger - INFO - 第 2 题
2018-09-24 04:54:14,329 - mylogger - INFO - 在麻将桌上，小明手中有三张相同的牌，又抓到一张相同的牌，他可以：
2018-09-24 04:54:15,344 - mylogger - INFO - ['暗杠', '明杠', '吃']
2018-09-24 04:54:15,359 - mylogger - INFO - 数据库中检索答案
2018-09-24 04:54:15,359 - mylogger - INFO - 数据中无答案
2018-09-24 04:54:16,952 - mylogger - INFO - 在线检索答案：吃
2018-09-24 04:54:16,952 - mylogger - INFO - 我的答案：吃
2018-09-24 04:54:17,500 - mylogger - INFO - 选择选项
2018-09-24 04:54:19,890 - mylogger - INFO - 答案错误
2018-09-24 04:54:19,999 - mylogger - INFO - 正确答案；暗杠
2018-09-24 04:54:19,999 - mylogger - INFO - 更新答案
2018-09-24 04:54:21,373 - mylogger - INFO - 本题结束
2018-09-24 04:54:21,373 - mylogger - INFO - 获取题目
2018-09-24 04:54:23,248 - mylogger - INFO - 第 3 题
2018-09-24 04:54:23,561 - mylogger - INFO - 以下哪部悲剧中的主人公由爱生恨，将自己的两名孩子杀害？
2018-09-24 04:54:24,436 - mylogger - INFO - ['俄狄浦斯王', '俄瑞斯忒亚', '美狄亚']
2018-09-24 04:54:24,451 - mylogger - INFO - 数据库中检索答案
2018-09-24 04:54:24,451 - mylogger - INFO - 数据中无答案
2018-09-24 04:54:26,153 - mylogger - INFO - 在线检索答案：美狄亚
2018-09-24 04:54:26,169 - mylogger - INFO - 我的答案：美狄亚
2018-09-24 04:54:26,732 - mylogger - INFO - 选择选项
2018-09-24 04:54:29,185 - mylogger - INFO - 答案正确
2018-09-24 04:54:29,185 - mylogger - INFO - 更新答案
2018-09-24 04:54:31,715 - mylogger - INFO - 本题结束
2018-09-24 04:54:31,715 - mylogger - INFO - 获取题目
2018-09-24 04:54:33,512 - mylogger - INFO - 第 4 题
2018-09-24 04:54:33,824 - mylogger - INFO - 1983年第一次春晚是什么生肖年？
2018-09-24 04:54:34,762 - mylogger - INFO - ['马年', '鼠年', '猪年']
2018-09-24 04:54:34,762 - mylogger - INFO - 数据库中检索答案
2018-09-24 04:54:34,777 - mylogger - INFO - 数据中无答案
2018-09-24 04:54:35,932 - mylogger - INFO - 在线检索答案：猪年
2018-09-24 04:54:35,932 - mylogger - INFO - 我的答案：猪年
2018-09-24 04:54:36,557 - mylogger - INFO - 选择选项
2018-09-24 04:54:38,948 - mylogger - INFO - 答案正确
2018-09-24 04:54:38,948 - mylogger - INFO - 更新答案
2018-09-24 04:54:41,431 - mylogger - INFO - 本题结束
2018-09-24 04:54:41,431 - mylogger - INFO - 获取题目
2018-09-24 04:54:43,322 - mylogger - INFO - 第 5 题
2018-09-24 04:54:43,588 - mylogger - INFO - 月球俗称月亮，请问月亮在古时被称作什么？
2018-09-24 04:54:44,541 - mylogger - INFO - ['月盆', '太阴', '月环']
2018-09-24 04:54:44,541 - mylogger - INFO - 数据库中检索答案
2018-09-24 04:54:44,555 - mylogger - INFO - 数据中无答案
2018-09-24 04:54:45,383 - mylogger - INFO - 在线检索答案：太阴
2018-09-24 04:54:45,383 - mylogger - INFO - 我的答案：太阴
2018-09-24 04:54:45,899 - mylogger - INFO - 选择选项
2018-09-24 04:54:48,383 - mylogger - INFO - 答案正确
2018-09-24 04:54:48,383 - mylogger - INFO - 更新答案
2018-09-24 04:54:53,179 - mylogger - INFO - 本题结束
2018-09-24 04:54:53,304 - mylogger - INFO - 本场比赛结束
2018-09-24 04:54:53,570 - mylogger - INFO - 返回游戏页面
2018-09-24 04:54:55,085 - mylogger - INFO - 进入排位赛
2018-09-24 04:54:55,100 - mylogger - INFO - 正在匹配中......
2018-09-24 04:55:20,047 - mylogger - INFO - 匹配成功
2018-09-24 04:55:20,047 - mylogger - INFO - 获取题目
2018-09-24 04:55:23,062 - mylogger - INFO - 第 1 题
2018-09-24 04:55:23,406 - mylogger - INFO - 桌游《三国杀》中哪位女性角色拥有“离间”的技能？
2018-09-24 04:55:24,250 - mylogger - INFO - ['孙尚香', '貂蝉', '小乔']
2018-09-24 04:55:24,250 - mylogger - INFO - 数据库中检索答案
2018-09-24 04:55:24,265 - mylogger - INFO - 数据中无答案
2018-09-24 04:55:25,421 - mylogger - INFO - 在线检索答案：貂蝉
2018-09-24 04:55:25,421 - mylogger - INFO - 我的答案：貂蝉
2018-09-24 04:55:25,968 - mylogger - INFO - 选择选项
2018-09-24 04:55:28,358 - mylogger - INFO - 答案正确
2018-09-24 04:55:28,358 - mylogger - INFO - 更新答案
2018-09-24 04:55:30,873 - mylogger - INFO - 本题结束
2018-09-24 04:55:30,873 - mylogger - INFO - 获取题目
2018-09-24 04:55:32,764 - mylogger - INFO - 第 2 题
2018-09-24 04:55:33,060 - mylogger - INFO - 年满多少周岁的孩子可以单独骑自行车？
2018-09-24 04:55:33,998 - mylogger - INFO - ['11周岁', '13周岁', '12周岁']
2018-09-24 04:55:34,012 - mylogger - INFO - 数据库中检索答案
2018-09-24 04:55:34,012 - mylogger - INFO - 数据中无答案
2018-09-24 04:55:34,762 - mylogger - INFO - 在线检索答案：12周岁
2018-09-24 04:55:34,778 - mylogger - INFO - 我的答案：12周岁
2018-09-24 04:55:35,325 - mylogger - INFO - 选择选项
2018-09-24 04:55:37,716 - mylogger - INFO - 答案正确
2018-09-24 04:55:37,716 - mylogger - INFO - 更新答案
2018-09-24 04:55:41,277 - mylogger - INFO - 本题结束
2018-09-24 04:55:41,277 - mylogger - INFO - 获取题目
2018-09-24 04:55:44,182 - mylogger - INFO - 第 3 题
2018-09-24 04:55:44,464 - mylogger - INFO - 诺贝尔奖得主朱隶文教授，他的主要成就是哪个学科？
2018-09-24 04:55:45,370 - mylogger - INFO - ['化学', '文学', '物理学']
2018-09-24 04:55:45,370 - mylogger - INFO - 数据库中检索答案
2018-09-24 04:55:45,385 - mylogger - INFO - 数据中无答案
2018-09-24 04:55:45,916 - mylogger - INFO - 在线检索答案：物理学
2018-09-24 04:55:45,916 - mylogger - INFO - 我的答案：物理学
2018-09-24 04:55:46,509 - mylogger - INFO - 选择选项
2018-09-24 04:55:48,947 - mylogger - INFO - 答案正确
2018-09-24 04:55:48,947 - mylogger - INFO - 更新答案
2018-09-24 04:55:50,306 - mylogger - INFO - 本题结束
2018-09-24 04:55:50,306 - mylogger - INFO - 获取题目
2018-09-24 04:55:52,149 - mylogger - INFO - 第 4 题
2018-09-24 04:55:52,478 - mylogger - INFO - 下列哪个手机不属于全面屏系列手机？
2018-09-24 04:55:53,602 - mylogger - INFO - ['iPhone-X', '魅族PRO7', '小米MIX2']
2018-09-24 04:55:53,602 - mylogger - INFO - 数据库中检索答案
2018-09-24 04:55:53,617 - mylogger - INFO - 数据中无答案
2018-09-24 04:55:54,320 - mylogger - INFO - 在线检索答案：iPhone-X
2018-09-24 04:55:54,320 - mylogger - INFO - 我的答案：iPhone-X
2018-09-24 04:55:54,883 - mylogger - INFO - 选择选项
2018-09-24 04:55:57,336 - mylogger - INFO - 答案错误
2018-09-24 04:55:57,445 - mylogger - INFO - 正确答案；魅族PRO7
2018-09-24 04:55:57,445 - mylogger - INFO - 更新答案
2018-09-24 04:55:59,960 - mylogger - INFO - 本题结束
2018-09-24 04:55:59,960 - mylogger - INFO - 获取题目
2018-09-24 04:56:02,897 - mylogger - INFO - 第 5 题
2018-09-24 04:56:03,209 - mylogger - INFO - 狗在人类的生活中有重要的作用，如京巴犬能作为一种什么犬帮助人类？
2018-09-24 04:56:04,116 - mylogger - INFO - ['枪猎犬', '玩具犬', '工作犬']
2018-09-24 04:56:04,116 - mylogger - INFO - 数据库中检索答案
2018-09-24 04:56:04,130 - mylogger - INFO - 数据中无答案
2018-09-24 04:56:04,958 - mylogger - INFO - 在线检索答案：
2018-09-24 04:56:04,958 - mylogger - INFO - 我的答案：枪猎犬
2018-09-24 04:56:05,506 - mylogger - INFO - 选择选项
2018-09-24 04:56:07,880 - mylogger - INFO - 答案错误
2018-09-24 04:56:08,145 - mylogger - INFO - 正确答案；玩具犬
2018-09-24 04:56:08,145 - mylogger - INFO - 更新答案
2018-09-24 04:56:08,411 - mylogger - INFO - 本题结束
2018-09-24 04:56:08,583 - mylogger - INFO - 本场比赛结束
2018-09-24 04:56:08,817 - mylogger - INFO - 返回游戏页面
2018-09-24 04:56:10,364 - mylogger - INFO - 进入排位赛
2018-09-24 04:56:10,364 - mylogger - INFO - 正在匹配中......
2018-09-24 04:57:10,459 - mylogger - WARNING - 匹配失败
2018-09-24 04:57:10,709 - mylogger - INFO - 返回游戏页面
2018-09-24 04:57:12,224 - mylogger - INFO - 进入排位赛
2018-09-24 04:57:12,224 - mylogger - INFO - 正在匹配中......
2018-09-24 04:57:46,138 - mylogger - INFO - 匹配成功
2018-09-24 04:57:46,138 - mylogger - INFO - 获取题目
2018-09-24 04:57:49,106 - mylogger - INFO - 第 1 题
2018-09-24 04:57:49,450 - mylogger - INFO - 下列哪一个选项，不属于海军武器？
2018-09-24 04:57:50,309 - mylogger - INFO - ['直升机航母', '战斗工程车', '护卫舰']
2018-09-24 04:57:50,309 - mylogger - INFO - 数据库中检索答案
2018-09-24 04:57:50,324 - mylogger - INFO - 数据中无答案
2018-09-24 04:57:50,636 - mylogger - INFO - 在线检索答案：直升机航母
2018-09-24 04:57:50,636 - mylogger - INFO - 我的答案：直升机航母
2018-09-24 04:57:51,136 - mylogger - INFO - 选择选项
2018-09-24 04:57:53,511 - mylogger - INFO - 答案错误
2018-09-24 04:57:53,652 - mylogger - INFO - 正确答案；战斗工程车
2018-09-24 04:57:53,652 - mylogger - INFO - 更新答案
2018-09-24 04:57:54,996 - mylogger - INFO - 本题结束
2018-09-24 04:57:54,996 - mylogger - INFO - 获取题目
2018-09-24 04:57:57,948 - mylogger - INFO - 第 2 题
2018-09-24 04:57:58,230 - mylogger - INFO - 在太空工作时间最长的空间站“和平号”，它是在哪年发射升空的？
2018-09-24 04:57:59,229 - mylogger - INFO - ['1986年', '1984年', '1985年']
2018-09-24 04:57:59,244 - mylogger - INFO - 数据库中检索答案
2018-09-24 04:57:59,244 - mylogger - INFO - 数据中无答案
2018-09-24 04:58:01,010 - mylogger - INFO - 在线检索答案：1986年
2018-09-24 04:58:01,010 - mylogger - INFO - 我的答案：1986年
2018-09-24 04:58:01,588 - mylogger - INFO - 选择选项
2018-09-24 04:58:03,978 - mylogger - INFO - 答案正确
2018-09-24 04:58:03,978 - mylogger - INFO - 更新答案
2018-09-24 04:58:05,353 - mylogger - INFO - 本题结束
2018-09-24 04:58:05,353 - mylogger - INFO - 获取题目
2018-09-24 04:58:07,212 - mylogger - INFO - 第 3 题
2018-09-24 04:58:07,509 - mylogger - INFO - 穿越剧《穿越时空的爱恋》的女主角是谁？
2018-09-24 04:58:08,337 - mylogger - INFO - ['韩雪', '张庭', '宣萱']
2018-09-24 04:58:08,352 - mylogger - INFO - 数据库中检索答案
2018-09-24 04:58:08,352 - mylogger - INFO - 数据中无答案
2018-09-24 04:58:09,023 - mylogger - INFO - 在线检索答案：张庭
2018-09-24 04:58:09,023 - mylogger - INFO - 我的答案：张庭
2018-09-24 04:58:09,571 - mylogger - INFO - 选择选项
2018-09-24 04:58:11,945 - mylogger - INFO - 答案正确
2018-09-24 04:58:11,945 - mylogger - INFO - 更新答案
2018-09-24 04:58:15,538 - mylogger - INFO - 本题结束
2018-09-24 04:58:15,538 - mylogger - INFO - 获取题目
2018-09-24 04:58:17,428 - mylogger - INFO - 第 4 题
2018-09-24 04:58:17,741 - mylogger - INFO - 下列哪项不是我国“绿色食品标志”的组成部分？
2018-09-24 04:58:18,631 - mylogger - INFO - ['水滴', '太阳', '叶片']
2018-09-24 04:58:18,631 - mylogger - INFO - 数据库中检索答案
2018-09-24 04:58:18,646 - mylogger - INFO - 数据中无答案
2018-09-24 04:58:19,380 - mylogger - INFO - 在线检索答案：水滴
2018-09-24 04:58:19,380 - mylogger - INFO - 我的答案：水滴
2018-09-24 04:58:19,896 - mylogger - INFO - 选择选项
2018-09-24 04:58:22,318 - mylogger - INFO - 答案正确
2018-09-24 04:58:22,318 - mylogger - INFO - 更新答案
2018-09-24 04:58:23,661 - mylogger - INFO - 本题结束
2018-09-24 04:58:23,676 - mylogger - INFO - 获取题目
2018-09-24 04:58:26,692 - mylogger - INFO - 第 5 题
2018-09-24 04:58:27,035 - mylogger - INFO - 《当湖十局》是中国古代围棋艺术中的精品，对局者是清朝鼎盛时期的（）
2018-09-24 04:58:27,910 - mylogger - INFO - ['范西屏、施襄夏', '黄龙士、徐星友', '梁魏今、程兰如']
2018-09-24 04:58:27,941 - mylogger - INFO - 数据库中检索答案
2018-09-24 04:58:27,956 - mylogger - INFO - 数据中无答案
2018-09-24 04:58:29,737 - mylogger - INFO - 在线检索答案：范西屏、施襄夏
2018-09-24 04:58:29,737 - mylogger - INFO - 我的答案：范西屏、施襄夏
2018-09-24 04:58:30,269 - mylogger - INFO - 选择选项
2018-09-24 04:58:32,768 - mylogger - INFO - 答案正确
2018-09-24 04:58:32,768 - mylogger - INFO - 更新答案
2018-09-24 04:58:33,003 - mylogger - INFO - 本题结束
2018-09-24 04:58:33,174 - mylogger - INFO - 本场比赛结束
2018-09-24 04:58:33,425 - mylogger - INFO - 返回游戏页面
2018-09-24 04:58:34,987 - mylogger - INFO - 进入排位赛
2018-09-24 04:58:34,987 - mylogger - INFO - 正在匹配中......
2018-09-24 04:59:16,789 - mylogger - INFO - 匹配成功
2018-09-24 04:59:16,789 - mylogger - INFO - 获取题目
2018-09-24 04:59:19,773 - mylogger - INFO - 第 1 题
2018-09-24 04:59:20,054 - mylogger - INFO - 尼泊尔的乌鸦节，谁家屋顶“来客”最多，主人就会兴高采烈，这是为什么？
2018-09-24 04:59:21,007 - mylogger - INFO - ['将有贵客到', '吉祥的兆头', '可以长寿']
2018-09-24 04:59:21,022 - mylogger - INFO - 数据库中检索答案
2018-09-24 04:59:21,022 - mylogger - INFO - 数据中无答案
2018-09-24 04:59:22,600 - mylogger - INFO - 在线检索答案：吉祥的兆头
2018-09-24 04:59:22,600 - mylogger - INFO - 我的答案：吉祥的兆头
2018-09-24 04:59:23,146 - mylogger - INFO - 选择选项
2018-09-24 04:59:25,506 - mylogger - INFO - 答案正确
2018-09-24 04:59:25,506 - mylogger - INFO - 更新答案
2018-09-24 04:59:27,989 - mylogger - INFO - 本题结束
2018-09-24 04:59:27,989 - mylogger - INFO - 获取题目
2018-09-24 04:59:29,786 - mylogger - INFO - 第 2 题
2018-09-24 04:59:30,067 - mylogger - INFO - 以下哪一位艺人没有出演电视剧《琅琊榜之风起长林》？
2018-09-24 04:59:30,973 - mylogger - INFO - ['胡歌', '刘昊然', '佟丽娅']
2018-09-24 04:59:30,973 - mylogger - INFO - 数据库中检索答案
2018-09-24 04:59:30,988 - mylogger - INFO - 我的答案：胡歌
2018-09-24 04:59:31,552 - mylogger - INFO - 选择选项
2018-09-24 04:59:33,910 - mylogger - INFO - 答案正确
2018-09-24 04:59:33,910 - mylogger - INFO - 更新答案
2018-09-24 04:59:36,410 - mylogger - INFO - 本题结束
2018-09-24 04:59:36,410 - mylogger - INFO - 获取题目
2018-09-24 04:59:38,206 - mylogger - INFO - 第 3 题
2018-09-24 04:59:38,502 - mylogger - INFO - 《地质遗迹保护管理规定》是哪年颁发的？
2018-09-24 04:59:39,456 - mylogger - INFO - ['1995年', '2000年', '2005年']
2018-09-24 04:59:39,456 - mylogger - INFO - 数据库中检索答案
2018-09-24 04:59:39,471 - mylogger - INFO - 我的答案：1995年
2018-09-24 04:59:39,987 - mylogger - INFO - 选择选项
2018-09-24 04:59:42,330 - mylogger - INFO - 答案正确
2018-09-24 04:59:42,330 - mylogger - INFO - 更新答案
2018-09-24 04:59:43,735 - mylogger - INFO - 本题结束
2018-09-24 04:59:43,735 - mylogger - INFO - 获取题目
2018-09-24 04:59:46,751 - mylogger - INFO - 第 4 题
2018-09-24 04:59:47,016 - mylogger - INFO - 哪一年巴西足球运动员加林查因为饮酒过量病逝？
2018-09-24 04:59:48,032 - mylogger - INFO - ['1983年', '1984年', '1985年']
2018-09-24 04:59:48,047 - mylogger - INFO - 数据库中检索答案
2018-09-24 04:59:48,047 - mylogger - INFO - 数据中无答案
2018-09-24 04:59:49,718 - mylogger - INFO - 在线检索答案：1983年
2018-09-24 04:59:49,718 - mylogger - INFO - 我的答案：1983年
2018-09-24 04:59:50,282 - mylogger - INFO - 选择选项
2018-09-24 04:59:52,640 - mylogger - INFO - 答案正确
2018-09-24 04:59:52,640 - mylogger - INFO - 更新答案
2018-09-24 05:00:03,075 - mylogger - INFO - 本题结束
2018-09-24 05:00:03,075 - mylogger - INFO - 获取题目
2018-09-24 05:00:03,762 - mylogger - INFO - 第 5 题
2018-09-24 05:00:04,075 - mylogger - INFO - 下列哪个国家很忌用人物肖像作商标?
2018-09-24 05:00:05,215 - mylogger - INFO - ['法国', '英国', '英国']
2018-09-24 05:00:05,215 - mylogger - INFO - 数据库中检索答案
2018-09-24 05:00:05,230 - mylogger - INFO - 我的答案：英国
2018-09-24 05:01:26,212 - mylogger - INFO - 进入排位赛
2018-09-24 05:01:26,212 - mylogger - INFO - 正在匹配中......
2018-09-24 05:02:27,088 - mylogger - WARNING - 匹配失败
2018-09-24 05:02:27,338 - mylogger - INFO - 返回游戏页面
2018-09-24 05:02:28,838 - mylogger - INFO - 进入排位赛
2018-09-24 05:02:28,838 - mylogger - INFO - 正在匹配中......
2018-09-24 05:03:29,823 - mylogger - WARNING - 匹配失败
2018-09-24 05:03:30,073 - mylogger - INFO - 返回游戏页面
2018-09-24 05:03:31,573 - mylogger - INFO - 进入排位赛
2018-09-24 05:03:31,573 - mylogger - INFO - 正在匹配中......
2018-09-24 05:03:48,834 - mylogger - INFO - 匹配成功
2018-09-24 05:03:48,834 - mylogger - INFO - 获取题目
2018-09-24 05:03:51,803 - mylogger - INFO - 第 1 题
2018-09-24 05:03:52,068 - mylogger - INFO - 以下哪个戏曲家不是元代人？
2018-09-24 05:03:53,068 - mylogger - INFO - ['关汉卿', '王实甫', '汤显祖']
2018-09-24 05:03:53,083 - mylogger - INFO - 数据库中检索答案
2018-09-24 05:03:53,099 - mylogger - INFO - 数据中无答案
2018-09-24 05:03:53,833 - mylogger - INFO - 在线检索答案：汤显祖
2018-09-24 05:03:53,833 - mylogger - INFO - 我的答案：汤显祖
2018-09-24 05:03:54,458 - mylogger - INFO - 选择选项
2018-09-24 05:03:56,848 - mylogger - INFO - 答案正确
2018-09-24 05:03:56,863 - mylogger - INFO - 更新答案
2018-09-24 05:03:58,192 - mylogger - INFO - 本题结束
2018-09-24 05:03:58,192 - mylogger - INFO - 获取题目
2018-09-24 05:04:01,081 - mylogger - INFO - 第 2 题
2018-09-24 05:04:01,472 - mylogger - INFO - 旧时欠租债的人要在年底还清债务，过年如同过关，所以新年又叫？
2018-09-24 05:04:02,441 - mylogger - INFO - ['年关', '上元', '下元']
2018-09-24 05:04:02,441 - mylogger - INFO - 数据库中检索答案
2018-09-24 05:04:02,456 - mylogger - INFO - 数据中无答案
2018-09-24 05:04:03,221 - mylogger - INFO - 在线检索答案：年关
2018-09-24 05:04:03,221 - mylogger - INFO - 我的答案：年关
2018-09-24 05:04:03,800 - mylogger - INFO - 选择选项
2018-09-24 05:04:06,237 - mylogger - INFO - 答案正确
2018-09-24 05:04:06,237 - mylogger - INFO - 更新答案
2018-09-24 05:04:16,640 - mylogger - INFO - 本题结束
2018-09-24 05:04:16,640 - mylogger - INFO - 获取题目
2018-09-24 05:04:17,375 - mylogger - INFO - 第 3 题
2018-09-24 05:04:17,672 - mylogger - INFO - 世界上第一枚邮票诞生在
2018-09-24 05:04:18,531 - mylogger - INFO - ['英国', '中国', '美国']
2018-09-24 05:04:18,546 - mylogger - INFO - 数据库中检索答案
2018-09-24 05:04:18,546 - mylogger - INFO - 数据中无答案
2018-09-24 05:04:19,217 - mylogger - INFO - 在线检索答案：英国
2018-09-24 05:04:19,233 - mylogger - INFO - 我的答案：英国
2018-09-24 05:04:19,858 - mylogger - INFO - 选择选项
2018-09-24 05:04:22,249 - mylogger - INFO - 答案错误
2018-09-24 05:04:22,467 - mylogger - INFO - 更新答案
2018-09-24 05:04:22,764 - mylogger - INFO - 本题结束
2018-09-24 05:04:22,764 - mylogger - INFO - 获取题目
2018-09-24 05:04:25,857 - mylogger - INFO - 第 4 题
2018-09-24 05:04:26,185 - mylogger - INFO - 成语“明枪易躲”的下一句是？
2018-09-24 05:04:27,138 - mylogger - INFO - ['暗剑难防', '暗箭难防', '黯箭难防']
2018-09-24 05:04:27,153 - mylogger - INFO - 数据库中检索答案
2018-09-24 05:04:27,169 - mylogger - INFO - 数据中无答案
2018-09-24 05:04:28,325 - mylogger - INFO - 在线检索答案：暗箭难防
2018-09-24 05:04:28,325 - mylogger - INFO - 我的答案：暗箭难防
2018-09-24 05:04:28,950 - mylogger - INFO - 选择选项
2018-09-24 05:04:31,418 - mylogger - INFO - 答案错误
2018-09-24 05:04:31,543 - mylogger - INFO - 正确答案；暗剑难防
2018-09-24 05:04:31,543 - mylogger - INFO - 更新答案
2018-09-24 05:04:41,994 - mylogger - INFO - 本题结束
2018-09-24 05:04:41,994 - mylogger - INFO - 获取题目
2018-09-24 05:04:42,650 - mylogger - INFO - 第 5 题
2018-09-24 05:04:42,930 - mylogger - INFO - 鱿鱼是一种软体动物，它的别称又叫什么呢？
2018-09-24 05:04:43,978 - mylogger - INFO - ['鱼', '枪乌贼', '章鱼']
2018-09-24 05:04:43,978 - mylogger - INFO - 数据库中检索答案
2018-09-24 05:04:43,993 - mylogger - INFO - 数据中无答案
2018-09-24 05:04:44,774 - mylogger - INFO - 在线检索答案：鱼
2018-09-24 05:04:44,789 - mylogger - INFO - 我的答案：鱼
2018-09-24 05:04:45,337 - mylogger - INFO - 选择选项
2018-09-24 05:05:50,853 - mylogger - INFO - 进入排位赛
2018-09-24 05:05:50,868 - mylogger - INFO - 正在匹配中......
2018-09-24 05:06:13,425 - mylogger - INFO - 匹配成功
2018-09-24 05:06:13,425 - mylogger - INFO - 获取题目
2018-09-24 05:06:16,378 - mylogger - INFO - 第 1 题
2018-09-24 05:06:16,706 - mylogger - INFO - 下列哪首乐曲是用二胡来演奏的？
2018-09-24 05:06:17,565 - mylogger - INFO - ['高山流水', '二泉映月', '百鸟朝凤']
2018-09-24 05:06:17,580 - mylogger - INFO - 数据库中检索答案
2018-09-24 05:06:17,580 - mylogger - INFO - 数据中无答案
2018-09-24 05:06:19,314 - mylogger - INFO - 在线检索答案：
2018-09-24 05:06:19,314 - mylogger - INFO - 我的答案：高山流水
2018-09-24 05:06:20,018 - mylogger - INFO - 选择选项
2018-09-24 05:06:22,408 - mylogger - INFO - 答案错误
2018-09-24 05:06:22,517 - mylogger - INFO - 正确答案；二泉映月
2018-09-24 05:06:22,517 - mylogger - INFO - 更新答案
2018-09-24 05:06:23,876 - mylogger - INFO - 本题结束
2018-09-24 05:06:23,876 - mylogger - INFO - 获取题目
2018-09-24 05:06:25,672 - mylogger - INFO - 第 2 题
2018-09-24 05:06:26,032 - mylogger - INFO - 平面构成中最基本的形态要素是线、面和什么？
2018-09-24 05:06:27,000 - mylogger - INFO - ['体', '点', '圆']
2018-09-24 05:06:27,015 - mylogger - INFO - 数据库中检索答案
2018-09-24 05:06:27,015 - mylogger - INFO - 数据中无答案
2018-09-24 05:06:27,984 - mylogger - INFO - 在线检索答案：点
2018-09-24 05:06:27,984 - mylogger - INFO - 我的答案：点
2018-09-24 05:06:28,547 - mylogger - INFO - 选择选项
2018-09-24 05:06:30,953 - mylogger - INFO - 答案正确
2018-09-24 05:06:30,953 - mylogger - INFO - 更新答案
2018-09-24 05:06:32,265 - mylogger - INFO - 本题结束
2018-09-24 05:06:32,265 - mylogger - INFO - 获取题目
2018-09-24 05:06:34,077 - mylogger - INFO - 第 3 题
2018-09-24 05:06:34,358 - mylogger - INFO - 1980年2月发行了生肖邮票“猴票”。1992年发行的生肖邮票是：
2018-09-24 05:06:35,217 - mylogger - INFO - ['羊票', '猴票', '鸡票']
2018-09-24 05:06:35,217 - mylogger - INFO - 数据库中检索答案
2018-09-24 05:06:35,232 - mylogger - INFO - 数据中无答案
2018-09-24 05:06:36,966 - mylogger - INFO - 在线检索答案：猴票
2018-09-24 05:06:36,966 - mylogger - INFO - 我的答案：猴票
2018-09-24 05:06:37,545 - mylogger - INFO - 选择选项
2018-09-24 05:06:39,919 - mylogger - INFO - 答案正确
2018-09-24 05:06:39,919 - mylogger - INFO - 更新答案
2018-09-24 05:06:41,278 - mylogger - INFO - 本题结束
2018-09-24 05:06:41,278 - mylogger - INFO - 获取题目
2018-09-24 05:06:44,371 - mylogger - INFO - 第 4 题
2018-09-24 05:06:44,715 - mylogger - INFO - 个儿小小，头尾尖尖，初尝皱眉，再吃开颜。(打一植物)
2018-09-24 05:06:45,590 - mylogger - INFO - ['橄榄', '茶叶', '柏树']
2018-09-24 05:06:45,605 - mylogger - INFO - 数据库中检索答案
2018-09-24 05:06:45,620 - mylogger - INFO - 数据中无答案
2018-09-24 05:06:46,761 - mylogger - INFO - 在线检索答案：橄榄
2018-09-24 05:06:46,761 - mylogger - INFO - 我的答案：橄榄
2018-09-24 05:06:47,261 - mylogger - INFO - 选择选项
2018-09-24 05:06:49,636 - mylogger - INFO - 答案正确
2018-09-24 05:06:49,636 - mylogger - INFO - 更新答案
2018-09-24 05:06:54,385 - mylogger - INFO - 本题结束
2018-09-24 05:06:54,385 - mylogger - INFO - 获取题目
2018-09-24 05:06:56,149 - mylogger - INFO - 第 5 题
2018-09-24 05:06:56,478 - mylogger - INFO - 施华洛世奇首饰的主要材质是什么？
2018-09-24 05:06:57,384 - mylogger - INFO - ['钻石', '仿水晶', '云母']
2018-09-24 05:06:57,384 - mylogger - INFO - 数据库中检索答案
2018-09-24 05:06:57,414 - mylogger - INFO - 数据中无答案
2018-09-24 05:06:58,992 - mylogger - INFO - 在线检索答案：仿水晶
2018-09-24 05:06:58,992 - mylogger - INFO - 我的答案：仿水晶
2018-09-24 05:06:59,508 - mylogger - INFO - 选择选项
2018-09-24 05:07:01,914 - mylogger - INFO - 答案正确
2018-09-24 05:07:01,914 - mylogger - INFO - 更新答案
2018-09-24 05:07:04,414 - mylogger - INFO - 本题结束
2018-09-24 05:07:04,538 - mylogger - INFO - 本场比赛结束
2018-09-24 05:07:04,773 - mylogger - INFO - 返回游戏页面
2018-09-24 05:07:06,304 - mylogger - INFO - 进入排位赛
2018-09-24 05:07:06,304 - mylogger - INFO - 正在匹配中......
2018-09-24 05:08:06,430 - mylogger - WARNING - 匹配失败
2018-09-24 05:08:06,680 - mylogger - INFO - 返回游戏页面
2018-09-24 05:08:08,195 - mylogger - INFO - 进入排位赛
2018-09-24 05:08:08,195 - mylogger - INFO - 正在匹配中......
2018-09-24 05:09:08,791 - mylogger - WARNING - 匹配失败
2018-09-24 05:09:09,055 - mylogger - INFO - 返回游戏页面
2018-09-24 05:09:10,634 - mylogger - INFO - 进入排位赛
2018-09-24 05:09:10,634 - mylogger - INFO - 正在匹配中......
2018-09-24 05:10:11,573 - mylogger - WARNING - 匹配失败
2018-09-24 05:10:11,823 - mylogger - INFO - 返回游戏页面
2018-09-24 05:10:13,384 - mylogger - INFO - 进入排位赛
2018-09-24 05:10:13,384 - mylogger - INFO - 正在匹配中......
2018-09-24 05:11:14,511 - mylogger - WARNING - 匹配失败
2018-09-24 05:11:14,776 - mylogger - INFO - 返回游戏页面
2018-09-24 05:11:16,353 - mylogger - INFO - 进入排位赛
2018-09-24 05:11:16,353 - mylogger - INFO - 正在匹配中......
2018-09-24 05:12:17,168 - mylogger - WARNING - 匹配失败
2018-09-24 05:12:17,417 - mylogger - INFO - 返回游戏页面
2018-09-24 05:12:18,933 - mylogger - INFO - 进入排位赛
2018-09-24 05:12:18,933 - mylogger - INFO - 正在匹配中......
2018-09-24 05:13:19,934 - mylogger - WARNING - 匹配失败
2018-09-24 05:13:20,169 - mylogger - INFO - 返回游戏页面
2018-09-24 05:13:21,653 - mylogger - INFO - 进入排位赛
2018-09-24 05:13:21,653 - mylogger - INFO - 正在匹配中......
2018-09-24 05:14:22,309 - mylogger - INFO - 匹配成功
2018-09-24 05:14:22,309 - mylogger - INFO - 获取题目
2018-09-24 05:14:25,261 - mylogger - INFO - 第 1 题
2018-09-24 05:14:25,558 - mylogger - INFO - 迪斯尼公司《玩具总动员》牛仔警长名字叫胡迪，太空骑警名字叫？
2018-09-24 05:14:26,480 - mylogger - INFO - ['巴斯光年', '巴斯夫', '巴斯达']
2018-09-24 05:14:26,495 - mylogger - INFO - 数据库中检索答案
2018-09-24 05:14:26,495 - mylogger - INFO - 数据中无答案
2018-09-24 05:14:27,729 - mylogger - INFO - 在线检索答案：巴斯光年
2018-09-24 05:14:27,745 - mylogger - INFO - 我的答案：巴斯光年
2018-09-24 05:14:28,292 - mylogger - INFO - 选择选项
2018-09-24 05:14:30,728 - mylogger - INFO - 答案正确
2018-09-24 05:14:30,728 - mylogger - INFO - 更新答案
2018-09-24 05:14:32,073 - mylogger - INFO - 本题结束
2018-09-24 05:14:32,073 - mylogger - INFO - 获取题目
2018-09-24 05:14:35,041 - mylogger - INFO - 第 2 题
2018-09-24 05:14:35,431 - mylogger - INFO - 下列作品中，哪一个不是演员张一山的代表作？
2018-09-24 05:14:36,352 - mylogger - INFO - ['《家有儿女》', '《小兵张嘎》', '《情满四合院》']
2018-09-24 05:14:36,352 - mylogger - INFO - 数据库中检索答案
2018-09-24 05:14:36,368 - mylogger - INFO - 数据中无答案
2018-09-24 05:14:37,164 - mylogger - INFO - 在线检索答案：《小兵张嘎》
2018-09-24 05:14:37,164 - mylogger - INFO - 我的答案：《小兵张嘎》
2018-09-24 05:14:37,727 - mylogger - INFO - 选择选项
2018-09-24 05:14:40,133 - mylogger - INFO - 答案错误
2018-09-24 05:14:40,461 - mylogger - INFO - 正确答案；《情满四合院》
2018-09-24 05:14:40,461 - mylogger - INFO - 更新答案
2018-09-24 05:14:42,945 - mylogger - INFO - 本题结束
2018-09-24 05:14:42,960 - mylogger - INFO - 获取题目
2018-09-24 05:14:45,960 - mylogger - INFO - 第 3 题
2018-09-24 05:14:46,288 - mylogger - INFO - 我国四大名酒中，产地位于陕西省的是哪种酒？
2018-09-24 05:14:47,303 - mylogger - INFO - ['茅台', '汾酒', '西凤酒']
2018-09-24 05:14:47,303 - mylogger - INFO - 数据库中检索答案
2018-09-24 05:14:47,318 - mylogger - INFO - 数据中无答案
2018-09-24 05:14:48,006 - mylogger - INFO - 在线检索答案：茅台
2018-09-24 05:14:48,006 - mylogger - INFO - 我的答案：茅台
2018-09-24 05:14:48,522 - mylogger - INFO - 选择选项
2018-09-24 05:14:51,021 - mylogger - INFO - 答案错误
2018-09-24 05:14:51,240 - mylogger - INFO - 正确答案；西凤酒
2018-09-24 05:14:51,255 - mylogger - INFO - 更新答案
2018-09-24 05:14:53,739 - mylogger - INFO - 本题结束
2018-09-24 05:14:53,739 - mylogger - INFO - 获取题目
2018-09-24 05:14:56,723 - mylogger - INFO - 第 4 题
2018-09-24 05:14:57,035 - mylogger - INFO - 第86届奥斯卡奖得奖最多的影片是哪一部作品？
2018-09-24 05:14:57,988 - mylogger - INFO - ['《地心引力》', '《为奴十二年》', '《了不起的盖茨比》']
2018-09-24 05:14:58,003 - mylogger - INFO - 数据库中检索答案
2018-09-24 05:14:58,003 - mylogger - INFO - 数据中无答案
2018-09-24 05:14:58,737 - mylogger - INFO - 在线检索答案：《为奴十二年》
2018-09-24 05:14:58,737 - mylogger - INFO - 我的答案：《为奴十二年》
2018-09-24 05:14:59,269 - mylogger - INFO - 选择选项
2018-09-24 05:15:01,706 - mylogger - INFO - 答案错误
2018-09-24 05:15:01,847 - mylogger - INFO - 正确答案；《地心引力》
2018-09-24 05:15:01,847 - mylogger - INFO - 更新答案
2018-09-24 05:15:04,393 - mylogger - INFO - 本题结束
2018-09-24 05:15:04,393 - mylogger - INFO - 获取题目
2018-09-24 05:15:07,361 - mylogger - INFO - 第 5 题
2018-09-24 05:15:07,673 - mylogger - INFO - 《鲁宾逊漂流记》中鲁宾逊在荒岛的伴侣是？
2018-09-24 05:15:08,533 - mylogger - INFO - ['星期天', '星期六', '星期五']
2018-09-24 05:15:08,533 - mylogger - INFO - 数据库中检索答案
2018-09-24 05:15:08,548 - mylogger - INFO - 数据中无答案
2018-09-24 05:15:10,625 - mylogger - INFO - 在线检索答案：星期五
2018-09-24 05:15:10,625 - mylogger - INFO - 我的答案：星期五
2018-09-24 05:15:11,219 - mylogger - INFO - 选择选项
2018-09-24 05:15:13,656 - mylogger - INFO - 答案正确
2018-09-24 05:15:13,656 - mylogger - INFO - 更新答案
2018-09-24 05:15:17,343 - mylogger - INFO - 本题结束
2018-09-24 05:15:17,468 - mylogger - INFO - 本场比赛结束
2018-09-24 05:15:17,718 - mylogger - INFO - 返回游戏页面
2018-09-24 05:15:19,249 - mylogger - INFO - 进入排位赛
2018-09-24 05:15:19,264 - mylogger - INFO - 正在匹配中......
2018-09-24 05:16:20,031 - mylogger - WARNING - 匹配失败
2018-09-24 05:16:20,297 - mylogger - INFO - 返回游戏页面
2018-09-24 05:16:21,797 - mylogger - INFO - 进入排位赛
2018-09-24 05:16:21,797 - mylogger - INFO - 正在匹配中......
2018-09-24 05:17:21,969 - mylogger - WARNING - 匹配失败
2018-09-24 05:17:22,235 - mylogger - INFO - 返回游戏页面
2018-09-24 05:17:23,720 - mylogger - INFO - 进入排位赛
2018-09-24 05:17:23,720 - mylogger - INFO - 正在匹配中......
2018-09-24 05:18:23,861 - mylogger - WARNING - 匹配失败
2018-09-24 05:18:24,127 - mylogger - INFO - 返回游戏页面
2018-09-24 05:18:25,580 - mylogger - INFO - 进入排位赛
2018-09-24 05:18:25,595 - mylogger - INFO - 正在匹配中......
2018-09-24 05:19:25,863 - mylogger - WARNING - 匹配失败
2018-09-24 05:19:26,128 - mylogger - INFO - 返回游戏页面
2018-09-24 05:19:27,674 - mylogger - INFO - 进入排位赛
2018-09-24 05:19:27,674 - mylogger - INFO - 正在匹配中......
2018-09-24 05:20:28,363 - mylogger - WARNING - 匹配失败
2018-09-24 05:20:28,613 - mylogger - INFO - 返回游戏页面
2018-09-24 05:20:30,129 - mylogger - INFO - 进入排位赛
2018-09-24 05:20:30,129 - mylogger - INFO - 正在匹配中......
2018-09-24 05:21:30,943 - mylogger - WARNING - 匹配失败
2018-09-24 05:21:31,224 - mylogger - INFO - 返回游戏页面
2018-09-24 05:21:32,770 - mylogger - INFO - 进入排位赛
2018-09-24 05:21:32,770 - mylogger - INFO - 正在匹配中......
2018-09-24 05:22:17,540 - mylogger - INFO - 匹配成功
2018-09-24 05:22:17,540 - mylogger - INFO - 获取题目
2018-09-24 05:22:20,540 - mylogger - INFO - 第 1 题
2018-09-24 05:22:20,883 - mylogger - INFO - 以下哪个演员没有参演电视剧《武林外传》？
2018-09-24 05:22:21,774 - mylogger - INFO - ['姚晨', '闫妮', '林心如']
2018-09-24 05:22:21,774 - mylogger - INFO - 数据库中检索答案
2018-09-24 05:22:21,789 - mylogger - INFO - 数据中无答案
2018-09-24 05:22:22,492 - mylogger - INFO - 在线检索答案：姚晨
2018-09-24 05:22:22,508 - mylogger - INFO - 我的答案：姚晨
2018-09-24 05:22:23,040 - mylogger - INFO - 选择选项
2018-09-24 05:22:25,367 - mylogger - INFO - 答案错误
2018-09-24 05:22:25,586 - mylogger - INFO - 正确答案；林心如
2018-09-24 05:22:25,586 - mylogger - INFO - 更新答案
2018-09-24 05:22:34,849 - mylogger - INFO - 本题结束
2018-09-24 05:22:34,864 - mylogger - INFO - 获取题目
2018-09-24 05:22:36,724 - mylogger - INFO - 第 2 题
2018-09-24 05:22:36,989 - mylogger - INFO - 有些学生经常烂嘴角，口角发白，可能是人体内缺乏哪种元素？
2018-09-24 05:22:37,896 - mylogger - INFO - ['维生素B2', '维生素C', '维生素B1']
2018-09-24 05:22:37,896 - mylogger - INFO - 数据库中检索答案
2018-09-24 05:22:37,910 - mylogger - INFO - 数据中无答案
2018-09-24 05:22:38,770 - mylogger - INFO - 在线检索答案：维生素B2
2018-09-24 05:22:38,770 - mylogger - INFO - 我的答案：维生素B2
2018-09-24 05:22:39,332 - mylogger - INFO - 选择选项
2018-09-24 05:22:41,707 - mylogger - INFO - 答案正确
2018-09-24 05:22:41,707 - mylogger - INFO - 更新答案
2018-09-24 05:22:52,142 - mylogger - INFO - 本题结束
2018-09-24 05:22:52,142 - mylogger - INFO - 获取题目
2018-09-24 05:22:53,907 - mylogger - INFO - 第 3 题
2018-09-24 05:22:54,235 - mylogger - INFO - 下列选项中，寿命最长的哺乳动物是哪个？
2018-09-24 05:22:55,094 - mylogger - INFO - ['河马', '大象', '北极熊']
2018-09-24 05:22:55,109 - mylogger - INFO - 数据库中检索答案
2018-09-24 05:22:55,109 - mylogger - INFO - 数据中无答案
2018-09-24 05:22:55,687 - mylogger - INFO - 在线检索答案：大象
2018-09-24 05:22:55,687 - mylogger - INFO - 我的答案：大象
2018-09-24 05:22:56,235 - mylogger - INFO - 选择选项
2018-09-24 05:22:58,625 - mylogger - INFO - 答案正确
2018-09-24 05:22:58,625 - mylogger - INFO - 更新答案
2018-09-24 05:23:08,998 - mylogger - INFO - 本题结束
2018-09-24 05:23:08,998 - mylogger - INFO - 获取题目
2018-09-24 05:23:10,841 - mylogger - INFO - 第 4 题
2018-09-24 05:23:11,122 - mylogger - INFO - 百会穴，别名“三阳五会”，请问这个穴位在哪个位置？
2018-09-24 05:23:12,121 - mylogger - INFO - ['头的两侧，耳朵上方', '头顶正中', '眼角外两侧']
2018-09-24 05:23:12,121 - mylogger - INFO - 数据库中检索答案
2018-09-24 05:23:12,137 - mylogger - INFO - 数据中无答案
2018-09-24 05:23:12,793 - mylogger - INFO - 在线检索答案：头顶正中
2018-09-24 05:23:12,793 - mylogger - INFO - 我的答案：头顶正中
2018-09-24 05:23:13,324 - mylogger - INFO - 选择选项
2018-09-24 05:23:15,730 - mylogger - INFO - 答案正确
2018-09-24 05:23:15,730 - mylogger - INFO - 更新答案
2018-09-24 05:23:26,150 - mylogger - INFO - 本题结束
2018-09-24 05:23:26,165 - mylogger - INFO - 获取题目
2018-09-24 05:23:28,008 - mylogger - INFO - 第 5 题
2018-09-24 05:23:28,352 - mylogger - INFO - 恐龙英文名是什么？
2018-09-24 05:23:29,305 - mylogger - INFO - ['Dinologn', 'Dinosaur', 'konglong']
2018-09-24 05:23:29,305 - mylogger - INFO - 数据库中检索答案
2018-09-24 05:23:29,320 - mylogger - INFO - 数据中无答案
2018-09-24 05:23:30,007 - mylogger - INFO - 在线检索答案：Dinosaur
2018-09-24 05:23:30,007 - mylogger - INFO - 我的答案：Dinosaur
2018-09-24 05:23:30,554 - mylogger - INFO - 选择选项
2018-09-24 05:23:32,914 - mylogger - INFO - 答案正确
2018-09-24 05:23:32,929 - mylogger - INFO - 更新答案
2018-09-24 05:23:43,395 - mylogger - INFO - 本题结束
2018-09-24 05:23:43,489 - mylogger - INFO - 本场比赛结束
2018-09-24 05:23:43,739 - mylogger - INFO - 返回游戏页面
2018-09-24 05:23:45,239 - mylogger - INFO - 进入排位赛
2018-09-24 05:23:45,239 - mylogger - INFO - 正在匹配中......
2018-09-24 05:24:46,303 - mylogger - WARNING - 匹配失败
2018-09-24 05:24:46,568 - mylogger - INFO - 返回游戏页面
2018-09-24 05:24:48,162 - mylogger - INFO - 进入排位赛
2018-09-24 05:24:48,162 - mylogger - INFO - 正在匹配中......
2018-09-24 05:25:48,319 - mylogger - WARNING - 匹配失败
2018-09-24 05:25:48,569 - mylogger - INFO - 返回游戏页面
2018-09-24 05:25:50,147 - mylogger - INFO - 进入排位赛
2018-09-24 05:25:50,147 - mylogger - INFO - 正在匹配中......
2018-09-24 05:26:50,790 - mylogger - WARNING - 匹配失败
2018-09-24 05:26:51,056 - mylogger - INFO - 返回游戏页面
2018-09-24 05:26:52,586 - mylogger - INFO - 进入排位赛
2018-09-24 05:26:52,586 - mylogger - INFO - 正在匹配中......
2018-09-24 05:27:53,338 - mylogger - WARNING - 匹配失败
2018-09-24 05:27:53,588 - mylogger - INFO - 返回游戏页面
2018-09-24 05:27:55,212 - mylogger - INFO - 进入排位赛
2018-09-24 05:27:55,212 - mylogger - INFO - 正在匹配中......
2018-09-24 05:28:55,963 - mylogger - WARNING - 匹配失败
2018-09-24 05:28:56,198 - mylogger - INFO - 返回游戏页面
2018-09-24 05:28:57,745 - mylogger - INFO - 进入排位赛
2018-09-24 05:28:57,745 - mylogger - INFO - 正在匹配中......
2018-09-24 05:29:57,917 - mylogger - WARNING - 匹配失败
2018-09-24 05:29:58,183 - mylogger - INFO - 返回游戏页面
2018-09-24 05:29:59,682 - mylogger - INFO - 进入排位赛
2018-09-24 05:29:59,682 - mylogger - INFO - 正在匹配中......
2018-09-24 05:31:00,824 - mylogger - WARNING - 匹配失败
2018-09-24 05:31:01,089 - mylogger - INFO - 返回游戏页面
2018-09-24 05:31:02,636 - mylogger - INFO - 进入排位赛
2018-09-24 05:31:02,636 - mylogger - INFO - 正在匹配中......
2018-09-24 05:32:02,716 - mylogger - WARNING - 匹配失败
2018-09-24 05:32:02,982 - mylogger - INFO - 返回游戏页面
2018-09-24 05:32:04,544 - mylogger - INFO - 进入排位赛
2018-09-24 05:32:04,544 - mylogger - INFO - 正在匹配中......
2018-09-24 05:33:05,310 - mylogger - WARNING - 匹配失败
2018-09-24 05:33:05,591 - mylogger - INFO - 返回游戏页面
2018-09-24 05:33:07,075 - mylogger - INFO - 进入排位赛
2018-09-24 05:33:07,091 - mylogger - INFO - 正在匹配中......
2018-09-24 05:34:07,171 - mylogger - WARNING - 匹配失败
2018-09-24 05:34:07,421 - mylogger - INFO - 返回游戏页面
2018-09-24 05:34:08,905 - mylogger - INFO - 进入排位赛
2018-09-24 05:34:08,920 - mylogger - INFO - 正在匹配中......
2018-09-24 05:35:10,031 - mylogger - WARNING - 匹配失败
2018-09-24 05:35:10,297 - mylogger - INFO - 返回游戏页面
2018-09-24 05:35:11,875 - mylogger - INFO - 进入排位赛
2018-09-24 05:35:11,875 - mylogger - INFO - 正在匹配中......
2018-09-24 05:36:12,001 - mylogger - WARNING - 匹配失败
2018-09-24 05:36:12,267 - mylogger - INFO - 返回游戏页面
2018-09-24 05:36:13,782 - mylogger - INFO - 进入排位赛
2018-09-24 05:36:13,782 - mylogger - INFO - 正在匹配中......
2018-09-24 05:37:14,970 - mylogger - WARNING - 匹配失败
2018-09-24 05:37:15,236 - mylogger - INFO - 返回游戏页面
2018-09-24 05:37:16,767 - mylogger - INFO - 进入排位赛
2018-09-24 05:37:16,767 - mylogger - INFO - 正在匹配中......
2018-09-24 05:38:17,362 - mylogger - WARNING - 匹配失败
2018-09-24 05:38:17,612 - mylogger - INFO - 返回游戏页面
2018-09-24 05:38:19,190 - mylogger - INFO - 进入排位赛
2018-09-24 05:38:19,190 - mylogger - INFO - 正在匹配中......
2018-09-24 05:39:19,457 - mylogger - WARNING - 匹配失败
2018-09-24 05:39:19,707 - mylogger - INFO - 返回游戏页面
2018-09-24 05:39:21,206 - mylogger - INFO - 进入排位赛
2018-09-24 05:39:21,206 - mylogger - INFO - 正在匹配中......
2018-09-24 05:40:22,145 - mylogger - WARNING - 匹配失败
2018-09-24 05:40:22,395 - mylogger - INFO - 返回游戏页面
2018-09-24 05:40:23,879 - mylogger - INFO - 进入排位赛
2018-09-24 05:40:23,894 - mylogger - INFO - 正在匹配中......
2018-09-24 05:41:21,428 - mylogger - INFO - 匹配成功
2018-09-24 05:41:21,428 - mylogger - INFO - 获取题目
2018-09-24 05:41:24,395 - mylogger - INFO - 第 1 题
2018-09-24 05:41:24,662 - mylogger - INFO - 十二生肖中，鼠的下一个是？
2018-09-24 05:41:25,474 - mylogger - INFO - ['马', '牛', '蛇']
2018-09-24 05:41:25,474 - mylogger - INFO - 数据库中检索答案
2018-09-24 05:41:25,489 - mylogger - INFO - 数据中无答案
2018-09-24 05:41:27,301 - mylogger - INFO - 在线检索答案：马
2018-09-24 05:41:27,301 - mylogger - INFO - 我的答案：马
2018-09-24 05:41:27,833 - mylogger - INFO - 选择选项
2018-09-24 05:41:30,129 - mylogger - INFO - 答案错误
2018-09-24 05:41:30,270 - mylogger - INFO - 正确答案；牛
2018-09-24 05:41:30,270 - mylogger - INFO - 更新答案
2018-09-24 05:41:38,502 - mylogger - INFO - 本题结束
2018-09-24 05:41:38,502 - mylogger - INFO - 获取题目
2018-09-24 05:41:42,642 - mylogger - INFO - 第 2 题
2018-09-24 05:41:42,939 - mylogger - INFO - 斯诺克是台球的一种类型；其中它的母球有几颗？
2018-09-24 05:41:43,844 - mylogger - INFO - ['3颗', '4颗', '1颗']
2018-09-24 05:41:43,844 - mylogger - INFO - 数据库中检索答案
2018-09-24 05:41:43,860 - mylogger - INFO - 数据中无答案
2018-09-24 05:41:45,453 - mylogger - INFO - 在线检索答案：1颗
2018-09-24 05:41:45,453 - mylogger - INFO - 我的答案：1颗
2018-09-24 05:41:46,016 - mylogger - INFO - 选择选项
2018-09-24 05:41:48,406 - mylogger - INFO - 答案正确
2018-09-24 05:41:48,406 - mylogger - INFO - 更新答案
2018-09-24 05:41:49,843 - mylogger - INFO - 本题结束
2018-09-24 05:41:49,858 - mylogger - INFO - 获取题目
2018-09-24 05:41:51,671 - mylogger - INFO - 第 3 题
2018-09-24 05:41:51,983 - mylogger - INFO - 中国队参加亚洲杯最好的成绩是？
2018-09-24 05:41:52,968 - mylogger - INFO - ['殿军', '亚军', '季军']
2018-09-24 05:41:52,968 - mylogger - INFO - 数据库中检索答案
2018-09-24 05:41:52,983 - mylogger - INFO - 数据中无答案
2018-09-24 05:41:55,091 - mylogger - INFO - 在线检索答案：亚军
2018-09-24 05:41:55,107 - mylogger - INFO - 我的答案：亚军
2018-09-24 05:41:55,623 - mylogger - INFO - 选择选项
2018-09-24 05:41:57,998 - mylogger - INFO - 答案正确
2018-09-24 05:41:57,998 - mylogger - INFO - 更新答案
2018-09-24 05:42:00,419 - mylogger - INFO - 本题结束
2018-09-24 05:42:00,419 - mylogger - INFO - 获取题目
2018-09-24 05:42:03,496 - mylogger - INFO - 第 4 题
2018-09-24 05:42:03,793 - mylogger - INFO - 陈皮是以哪种水果的表皮为原料制作的蜜饯？
2018-09-24 05:42:04,715 - mylogger - INFO - ['柚子', '橙子', '   橘子']
2018-09-24 05:42:04,715 - mylogger - INFO - 数据库中检索答案
2018-09-24 05:42:04,730 - mylogger - INFO - 我的答案：   橘子
2018-09-24 05:42:05,215 - mylogger - INFO - 选择选项
2018-09-24 05:42:07,605 - mylogger - INFO - 答案正确
2018-09-24 05:42:07,605 - mylogger - INFO - 更新答案
2018-09-24 05:42:12,260 - mylogger - INFO - 本题结束
2018-09-24 05:42:12,260 - mylogger - INFO - 获取题目
2018-09-24 05:42:14,119 - mylogger - INFO - 第 5 题
2018-09-24 05:42:14,462 - mylogger - INFO - 木星可以装下多少个地球
2018-09-24 05:42:15,524 - mylogger - INFO - ['130', '1300', '3000']
2018-09-24 05:42:15,524 - mylogger - INFO - 数据库中检索答案
2018-09-24 05:42:15,540 - mylogger - INFO - 数据中无答案
2018-09-24 05:42:16,680 - mylogger - INFO - 在线检索答案：130
2018-09-24 05:42:16,680 - mylogger - INFO - 我的答案：130
2018-09-24 05:42:17,212 - mylogger - INFO - 选择选项
2018-09-24 05:42:19,649 - mylogger - INFO - 答案错误
2018-09-24 05:42:19,774 - mylogger - INFO - 正确答案；1300
2018-09-24 05:42:19,774 - mylogger - INFO - 更新答案
2018-09-24 05:42:21,258 - mylogger - INFO - 本题结束
2018-09-24 05:42:21,398 - mylogger - INFO - 本场比赛结束
2018-09-24 05:42:21,648 - mylogger - INFO - 返回游戏页面
2018-09-24 05:42:23,210 - mylogger - INFO - 进入排位赛
2018-09-24 05:42:23,210 - mylogger - INFO - 正在匹配中......
2018-09-24 05:43:24,352 - mylogger - WARNING - 匹配失败
2018-09-24 05:43:24,586 - mylogger - INFO - 返回游戏页面
2018-09-24 05:43:26,118 - mylogger - INFO - 进入排位赛
2018-09-24 05:43:26,118 - mylogger - INFO - 正在匹配中......
2018-09-24 05:44:26,791 - mylogger - WARNING - 匹配失败
2018-09-24 05:44:27,056 - mylogger - INFO - 返回游戏页面
2018-09-24 05:44:28,587 - mylogger - INFO - 进入排位赛
2018-09-24 05:44:28,587 - mylogger - INFO - 正在匹配中......
2018-09-24 05:45:29,713 - mylogger - WARNING - 匹配失败
2018-09-24 05:45:29,979 - mylogger - INFO - 返回游戏页面
2018-09-24 05:45:31,479 - mylogger - INFO - 进入排位赛
2018-09-24 05:45:31,479 - mylogger - INFO - 正在匹配中......
2018-09-24 05:46:32,152 - mylogger - WARNING - 匹配失败
2018-09-24 05:46:32,432 - mylogger - INFO - 返回游戏页面
2018-09-24 05:46:33,932 - mylogger - INFO - 进入排位赛
2018-09-24 05:46:33,932 - mylogger - INFO - 正在匹配中......
2018-09-24 05:47:29,701 - mylogger - INFO - 匹配成功
2018-09-24 05:47:29,701 - mylogger - INFO - 获取题目
2018-09-24 05:47:32,715 - mylogger - INFO - 第 1 题
2018-09-24 05:47:33,059 - mylogger - INFO - 游戏《仙剑奇侠传》中，紫萱是哪位神话人物的后人？
2018-09-24 05:47:34,013 - mylogger - INFO - ['嫦娥', '花仙子', '女娲']
2018-09-24 05:47:34,013 - mylogger - INFO - 数据库中检索答案
2018-09-24 05:47:34,027 - mylogger - INFO - 数据中无答案
2018-09-24 05:47:34,777 - mylogger - INFO - 在线检索答案：女娲
2018-09-24 05:47:34,777 - mylogger - INFO - 我的答案：女娲
2018-09-24 05:47:35,308 - mylogger - INFO - 选择选项
2018-09-24 05:47:37,793 - mylogger - INFO - 答案正确
2018-09-24 05:47:37,793 - mylogger - INFO - 更新答案
2018-09-24 05:47:47,087 - mylogger - INFO - 本题结束
2018-09-24 05:47:47,103 - mylogger - INFO - 获取题目
2018-09-24 05:47:48,931 - mylogger - INFO - 第 2 题
2018-09-24 05:47:49,227 - mylogger - INFO - 以下哪位是电视节目《吐槽大会2》的主持人？
2018-09-24 05:47:50,306 - mylogger - INFO - ['撒贝宁', '张绍刚', '谢娜']
2018-09-24 05:47:50,306 - mylogger - INFO - 数据库中检索答案
2018-09-24 05:47:50,321 - mylogger - INFO - 数据中无答案
2018-09-24 05:47:51,023 - mylogger - INFO - 在线检索答案：张绍刚
2018-09-24 05:47:51,023 - mylogger - INFO - 我的答案：张绍刚
2018-09-24 05:47:51,586 - mylogger - INFO - 选择选项
2018-09-24 05:47:54,055 - mylogger - INFO - 答案正确
2018-09-24 05:47:54,055 - mylogger - INFO - 更新答案
2018-09-24 05:47:56,553 - mylogger - INFO - 本题结束
2018-09-24 05:47:56,553 - mylogger - INFO - 获取题目
2018-09-24 05:47:59,585 - mylogger - INFO - 第 3 题
2018-09-24 05:47:59,850 - mylogger - INFO - 围棋对局中，执（）的一方先行
2018-09-24 05:48:00,725 - mylogger - INFO - ['红', '黑', '白']
2018-09-24 05:48:00,740 - mylogger - INFO - 数据库中检索答案
2018-09-24 05:48:00,740 - mylogger - INFO - 数据中无答案
2018-09-24 05:48:01,677 - mylogger - INFO - 在线检索答案：黑
2018-09-24 05:48:01,677 - mylogger - INFO - 我的答案：黑
2018-09-24 05:48:02,240 - mylogger - INFO - 选择选项
2018-09-24 05:48:04,614 - mylogger - INFO - 答案正确
2018-09-24 05:48:04,614 - mylogger - INFO - 更新答案
2018-09-24 05:48:05,926 - mylogger - INFO - 本题结束
2018-09-24 05:48:05,926 - mylogger - INFO - 获取题目
2018-09-24 05:48:07,692 - mylogger - INFO - 第 4 题
2018-09-24 05:48:07,973 - mylogger - INFO - 小王比小李小，小张比小王大，小李比小张小，问谁的年纪最小？
2018-09-24 05:48:08,895 - mylogger - INFO - ['小张', '小李', '小王']
2018-09-24 05:48:08,895 - mylogger - INFO - 数据库中检索答案
2018-09-24 05:48:08,910 - mylogger - INFO - 我的答案：小王
2018-09-24 05:48:09,395 - mylogger - INFO - 选择选项
2018-09-24 05:48:11,785 - mylogger - INFO - 答案正确
2018-09-24 05:48:11,785 - mylogger - INFO - 更新答案
2018-09-24 05:48:19,923 - mylogger - INFO - 本题结束
2018-09-24 05:48:19,923 - mylogger - INFO - 获取题目
2018-09-24 05:48:22,891 - mylogger - INFO - 第 5 题
2018-09-24 05:48:23,235 - mylogger - INFO - 古巴共和国位于哪个内海？
2018-09-24 05:48:24,063 - mylogger - INFO - ['加勒比海', '波罗的海', '爱琴海']
2018-09-24 05:48:24,078 - mylogger - INFO - 数据库中检索答案
2018-09-24 05:48:24,078 - mylogger - INFO - 数据中无答案
2018-09-24 05:48:24,594 - mylogger - INFO - 在线检索答案：加勒比海
2018-09-24 05:48:24,594 - mylogger - INFO - 我的答案：加勒比海
2018-09-24 05:48:25,078 - mylogger - INFO - 选择选项
2018-09-24 05:48:27,562 - mylogger - INFO - 答案正确
2018-09-24 05:48:27,562 - mylogger - INFO - 更新答案
2018-09-24 05:48:35,701 - mylogger - INFO - 本题结束
2018-09-24 05:48:35,842 - mylogger - INFO - 本场比赛结束
2018-09-24 05:48:36,107 - mylogger - INFO - 返回游戏页面
2018-09-24 05:48:37,669 - mylogger - INFO - 进入排位赛
2018-09-24 05:48:37,669 - mylogger - INFO - 正在匹配中......
2018-09-24 05:49:38,436 - mylogger - WARNING - 匹配失败
2018-09-24 05:49:38,702 - mylogger - INFO - 返回游戏页面
2018-09-24 05:49:40,201 - mylogger - INFO - 进入排位赛
2018-09-24 05:49:40,201 - mylogger - INFO - 正在匹配中......
2018-09-24 05:50:40,843 - mylogger - WARNING - 匹配失败
2018-09-24 05:50:41,093 - mylogger - INFO - 返回游戏页面
2018-09-24 05:50:42,640 - mylogger - INFO - 进入排位赛
2018-09-24 05:50:42,640 - mylogger - INFO - 正在匹配中......
2018-09-24 05:51:43,329 - mylogger - WARNING - 匹配失败
2018-09-24 05:51:43,593 - mylogger - INFO - 返回游戏页面
2018-09-24 05:51:45,124 - mylogger - INFO - 进入排位赛
2018-09-24 05:51:45,124 - mylogger - INFO - 正在匹配中......
2018-09-24 05:52:46,220 - mylogger - WARNING - 匹配失败
2018-09-24 05:52:46,486 - mylogger - INFO - 返回游戏页面
2018-09-24 05:52:48,063 - mylogger - INFO - 进入排位赛
2018-09-24 05:52:48,063 - mylogger - INFO - 正在匹配中......
2018-09-24 05:53:48,206 - mylogger - WARNING - 匹配失败
2018-09-24 05:53:48,455 - mylogger - INFO - 返回游戏页面
2018-09-24 05:53:50,002 - mylogger - INFO - 进入排位赛
2018-09-24 05:53:50,002 - mylogger - INFO - 正在匹配中......
2018-09-24 05:54:02,530 - mylogger - INFO - 匹配成功
2018-09-24 05:54:02,530 - mylogger - INFO - 获取题目
2018-09-24 05:54:05,576 - mylogger - INFO - 第 1 题
2018-09-24 05:54:05,920 - mylogger - INFO - 我国古代“八卦”中的符号“--”代表什么？
2018-09-24 05:54:06,826 - mylogger - INFO - ['阴', '阳', '天']
2018-09-24 05:54:06,826 - mylogger - INFO - 数据库中检索答案
2018-09-24 05:54:06,841 - mylogger - INFO - 数据中无答案
2018-09-24 05:54:07,685 - mylogger - INFO - 在线检索答案：阴
2018-09-24 05:54:07,685 - mylogger - INFO - 我的答案：阴
2018-09-24 05:54:08,232 - mylogger - INFO - 选择选项
2018-09-24 05:54:10,606 - mylogger - INFO - 答案正确
2018-09-24 05:54:10,621 - mylogger - INFO - 更新答案
2018-09-24 05:54:19,963 - mylogger - INFO - 本题结束
2018-09-24 05:54:19,963 - mylogger - INFO - 获取题目
2018-09-24 05:54:21,775 - mylogger - INFO - 第 2 题
2018-09-24 05:54:22,104 - mylogger - INFO - 以下哪一个计划成功地进行了世界上第一次核爆炸？
2018-09-24 05:54:23,119 - mylogger - INFO - ['曼哈顿计划', '马歇尔计划', '沙漠之狐计划']
2018-09-24 05:54:23,119 - mylogger - INFO - 数据库中检索答案
2018-09-24 05:54:23,134 - mylogger - INFO - 我的答案：曼哈顿计划
2018-09-24 05:54:23,650 - mylogger - INFO - 选择选项
2018-09-24 05:54:26,040 - mylogger - INFO - 答案正确
2018-09-24 05:54:26,040 - mylogger - INFO - 更新答案
2018-09-24 05:54:36,459 - mylogger - INFO - 本题结束
2018-09-24 05:54:36,459 - mylogger - INFO - 获取题目
2018-09-24 05:54:39,443 - mylogger - INFO - 第 3 题
2018-09-24 05:54:39,709 - mylogger - INFO - 天妇罗是日本有名食品，其主要烹调方式是？
2018-09-24 05:54:40,553 - mylogger - INFO - ['火烤', '干煸', '油炸']
2018-09-24 05:54:40,568 - mylogger - INFO - 数据库中检索答案
2018-09-24 05:54:40,583 - mylogger - INFO - 我的答案：油炸
2018-09-24 05:54:41,115 - mylogger - INFO - 选择选项
2018-09-24 05:54:43,458 - mylogger - INFO - 答案正确
2018-09-24 05:54:43,458 - mylogger - INFO - 更新答案
2018-09-24 05:54:54,049 - mylogger - INFO - 本题结束
2018-09-24 05:54:54,049 - mylogger - INFO - 获取题目
2018-09-24 05:54:55,939 - mylogger - INFO - 第 4 题
2018-09-24 05:54:56,252 - mylogger - INFO - 一条绳长12.56米，比另一条绳长多0.92米，则另一条绳是多少米？
2018-09-24 05:54:57,126 - mylogger - INFO - ['11.54米', '11.64米', '11.84米']
2018-09-24 05:54:57,126 - mylogger - INFO - 数据库中检索答案
2018-09-24 05:54:57,142 - mylogger - INFO - 数据中无答案
2018-09-24 05:54:57,954 - mylogger - INFO - 在线检索答案：
2018-09-24 05:54:57,954 - mylogger - INFO - 我的答案：11.54米
2018-09-24 05:54:58,486 - mylogger - INFO - 选择选项
2018-09-24 05:55:00,891 - mylogger - INFO - 答案错误
2018-09-24 05:55:01,016 - mylogger - INFO - 正确答案；11.64米
2018-09-24 05:55:01,031 - mylogger - INFO - 更新答案
2018-09-24 05:55:11,608 - mylogger - INFO - 本题结束
2018-09-24 05:55:11,608 - mylogger - INFO - 获取题目
2018-09-24 05:55:13,513 - mylogger - INFO - 第 5 题
2018-09-24 05:55:13,826 - mylogger - INFO - 以下哪一架攻击机，是美国空军现役唯一一种负责提供对地面部队支援任务的？
2018-09-24 05:55:14,638 - mylogger - INFO - ['A-10攻击机', 'B-2攻击机', 'F-22攻击机']
2018-09-24 05:55:14,653 - mylogger - INFO - 数据库中检索答案
2018-09-24 05:55:14,669 - mylogger - INFO - 数据中无答案
2018-09-24 05:55:15,450 - mylogger - INFO - 在线检索答案：A-10攻击机
2018-09-24 05:55:15,450 - mylogger - INFO - 我的答案：A-10攻击机
2018-09-24 05:55:15,982 - mylogger - INFO - 选择选项
2018-09-24 05:55:18,403 - mylogger - INFO - 答案正确
2018-09-24 05:55:18,403 - mylogger - INFO - 更新答案
2018-09-24 05:55:28,885 - mylogger - INFO - 本题结束
2018-09-24 05:55:29,025 - mylogger - INFO - 本场比赛结束
2018-09-24 05:55:29,275 - mylogger - INFO - 返回游戏页面
2018-09-24 05:55:30,744 - mylogger - INFO - 进入排位赛
2018-09-24 05:55:30,744 - mylogger - INFO - 正在匹配中......
2018-09-24 05:56:31,448 - mylogger - WARNING - 匹配失败
2018-09-24 05:56:31,714 - mylogger - INFO - 返回游戏页面
2018-09-24 05:56:33,275 - mylogger - INFO - 进入排位赛
2018-09-24 05:56:33,275 - mylogger - INFO - 正在匹配中......
2018-09-24 05:57:34,293 - mylogger - WARNING - 匹配失败
2018-09-24 05:57:34,543 - mylogger - INFO - 返回游戏页面
2018-09-24 05:57:36,089 - mylogger - INFO - 进入排位赛
2018-09-24 05:57:36,104 - mylogger - INFO - 正在匹配中......
2018-09-24 05:58:36,747 - mylogger - WARNING - 匹配失败
2018-09-24 05:58:36,997 - mylogger - INFO - 返回游戏页面
2018-09-24 05:58:38,512 - mylogger - INFO - 进入排位赛
2018-09-24 05:58:38,512 - mylogger - INFO - 正在匹配中......
2018-09-24 05:58:50,150 - mylogger - INFO - 匹配成功
2018-09-24 05:58:50,150 - mylogger - INFO - 获取题目
2018-09-24 05:58:53,165 - mylogger - INFO - 第 1 题
2018-09-24 05:58:53,462 - mylogger - INFO - “王考”是对什么人的称呼？
2018-09-24 05:58:54,383 - mylogger - INFO - ['已故的祖母', '已故的祖父', '健在的祖母']
2018-09-24 05:58:54,383 - mylogger - INFO - 数据库中检索答案
2018-09-24 05:58:54,398 - mylogger - INFO - 数据中无答案
2018-09-24 05:58:55,195 - mylogger - INFO - 在线检索答案：已故的祖父
2018-09-24 05:58:55,195 - mylogger - INFO - 我的答案：已故的祖父
2018-09-24 05:58:55,742 - mylogger - INFO - 选择选项
2018-09-24 05:58:58,210 - mylogger - INFO - 答案正确
2018-09-24 05:58:58,225 - mylogger - INFO - 更新答案
2018-09-24 05:59:01,850 - mylogger - INFO - 本题结束
2018-09-24 05:59:01,850 - mylogger - INFO - 获取题目
2018-09-24 05:59:04,787 - mylogger - INFO - 第 2 题
2018-09-24 05:59:05,068 - mylogger - INFO - 希腊神话中的阿瑞斯是什么神？
2018-09-24 05:59:05,912 - mylogger - INFO - ['战神', '太阳神', '智慧之神']
2018-09-24 05:59:05,912 - mylogger - INFO - 数据库中检索答案
2018-09-24 05:59:05,927 - mylogger - INFO - 我的答案：战神
2018-09-24 05:59:06,443 - mylogger - INFO - 选择选项
2018-09-24 05:59:08,943 - mylogger - INFO - 答案正确
2018-09-24 05:59:08,957 - mylogger - INFO - 更新答案
2018-09-24 05:59:12,551 - mylogger - INFO - 本题结束
2018-09-24 05:59:12,566 - mylogger - INFO - 获取题目
2018-09-24 05:59:15,519 - mylogger - INFO - 第 3 题
2018-09-24 05:59:15,800 - mylogger - INFO - 以下哪次阿波罗登月任务以失败告终？
2018-09-24 05:59:16,644 - mylogger - INFO - ['阿波罗12号', '阿波罗16号', '阿波罗13号']
2018-09-24 05:59:16,644 - mylogger - INFO - 数据库中检索答案
2018-09-24 05:59:16,659 - mylogger - INFO - 数据中无答案
2018-09-24 05:59:17,362 - mylogger - INFO - 在线检索答案：
2018-09-24 05:59:17,362 - mylogger - INFO - 我的答案：阿波罗12号
2018-09-24 05:59:17,925 - mylogger - INFO - 选择选项
2018-09-24 05:59:20,362 - mylogger - INFO - 答案错误
2018-09-24 05:59:20,612 - mylogger - INFO - 正确答案；阿波罗13号
2018-09-24 05:59:20,612 - mylogger - INFO - 更新答案
2018-09-24 05:59:21,923 - mylogger - INFO - 本题结束
2018-09-24 05:59:21,923 - mylogger - INFO - 获取题目
2018-09-24 05:59:23,782 - mylogger - INFO - 第 4 题
2018-09-24 05:59:24,095 - mylogger - INFO - “香蕉球”是哪项体育运动的技术名词？
2018-09-24 05:59:25,048 - mylogger - INFO - ['篮球', '足球', '橄榄球']
2018-09-24 05:59:25,048 - mylogger - INFO - 数据库中检索答案
2018-09-24 05:59:25,063 - mylogger - INFO - 数据中无答案
2018-09-24 05:59:27,094 - mylogger - INFO - 在线检索答案：足球
2018-09-24 05:59:27,109 - mylogger - INFO - 我的答案：足球
2018-09-24 05:59:27,688 - mylogger - INFO - 选择选项
2018-09-24 05:59:30,187 - mylogger - INFO - 答案正确
2018-09-24 05:59:30,187 - mylogger - INFO - 更新答案
2018-09-24 05:59:32,670 - mylogger - INFO - 本题结束
2018-09-24 05:59:32,670 - mylogger - INFO - 获取题目
2018-09-24 05:59:34,483 - mylogger - INFO - 第 5 题
2018-09-24 05:59:34,842 - mylogger - INFO - 以下哪一个是《王者荣耀》英雄孙膑的技能？
2018-09-24 05:59:35,764 - mylogger - INFO - ['华丽左轮', '时之波动', '莫邪夺魂']
2018-09-24 05:59:35,764 - mylogger - INFO - 数据库中检索答案
2018-09-24 05:59:35,779 - mylogger - INFO - 数据中无答案
2018-09-24 05:59:36,482 - mylogger - INFO - 在线检索答案：时之波动
2018-09-24 05:59:36,482 - mylogger - INFO - 我的答案：时之波动
2018-09-24 05:59:36,983 - mylogger - INFO - 选择选项
2018-09-24 05:59:39,373 - mylogger - INFO - 答案正确
2018-09-24 05:59:39,373 - mylogger - INFO - 更新答案
2018-09-24 05:59:43,028 - mylogger - INFO - 本题结束
2018-09-24 05:59:43,169 - mylogger - INFO - 本场比赛结束
2018-09-24 05:59:43,434 - mylogger - INFO - 返回游戏页面
2018-09-24 05:59:44,949 - mylogger - INFO - 进入排位赛
2018-09-24 05:59:44,949 - mylogger - INFO - 正在匹配中......
2018-09-24 06:00:46,107 - mylogger - WARNING - 匹配失败
2018-09-24 06:00:46,372 - mylogger - INFO - 返回游戏页面
2018-09-24 06:00:47,935 - mylogger - INFO - 进入排位赛
2018-09-24 06:00:47,935 - mylogger - INFO - 正在匹配中......
2018-09-24 06:01:48,764 - mylogger - WARNING - 匹配失败
2018-09-24 06:01:49,014 - mylogger - INFO - 返回游戏页面
2018-09-24 06:01:50,576 - mylogger - INFO - 进入排位赛
2018-09-24 06:01:50,576 - mylogger - INFO - 正在匹配中......
2018-09-24 06:02:51,249 - mylogger - WARNING - 匹配失败
2018-09-24 06:02:51,514 - mylogger - INFO - 返回游戏页面
2018-09-24 06:02:53,061 - mylogger - INFO - 进入排位赛
2018-09-24 06:02:53,061 - mylogger - INFO - 正在匹配中......
2018-09-24 06:03:53,546 - mylogger - WARNING - 匹配失败
2018-09-24 06:03:53,812 - mylogger - INFO - 返回游戏页面
2018-09-24 06:03:55,358 - mylogger - INFO - 进入排位赛
2018-09-24 06:03:55,374 - mylogger - INFO - 正在匹配中......
2018-09-24 06:04:12,480 - mylogger - INFO - 匹配成功
2018-09-24 06:04:12,495 - mylogger - INFO - 获取题目
2018-09-24 06:04:15,401 - mylogger - INFO - 第 1 题
2018-09-24 06:04:15,666 - mylogger - INFO - 下列哪一个传说与元宵节无关？
2018-09-24 06:04:16,573 - mylogger - INFO - ['东方朔与元宵姑娘', '点彩灯', '熬年守岁']
2018-09-24 06:04:16,573 - mylogger - INFO - 数据库中检索答案
2018-09-24 06:04:16,588 - mylogger - INFO - 数据中无答案
2018-09-24 06:04:17,415 - mylogger - INFO - 在线检索答案：东方朔与元宵姑娘
2018-09-24 06:04:17,415 - mylogger - INFO - 我的答案：东方朔与元宵姑娘
2018-09-24 06:04:17,947 - mylogger - INFO - 选择选项
2018-09-24 06:04:20,322 - mylogger - INFO - 答案错误
2018-09-24 06:04:20,556 - mylogger - INFO - 正确答案；熬年守岁
2018-09-24 06:04:20,556 - mylogger - INFO - 更新答案
2018-09-24 06:04:22,946 - mylogger - INFO - 本题结束
2018-09-24 06:04:22,946 - mylogger - INFO - 获取题目
2018-09-24 06:04:24,758 - mylogger - INFO - 第 2 题
2018-09-24 06:04:25,039 - mylogger - INFO - 诺贝尔文学奖的颁奖频度是多久一次？
2018-09-24 06:04:25,929 - mylogger - INFO - ['四年一次', '每年一次', '两年一次']
2018-09-24 06:04:25,929 - mylogger - INFO - 数据库中检索答案
2018-09-24 06:04:25,945 - mylogger - INFO - 数据中无答案
2018-09-24 06:04:26,601 - mylogger - INFO - 在线检索答案：
2018-09-24 06:04:26,601 - mylogger - INFO - 我的答案：四年一次
2018-09-24 06:04:27,258 - mylogger - INFO - 选择选项
2018-09-24 06:04:29,632 - mylogger - INFO - 答案错误
2018-09-24 06:04:29,757 - mylogger - INFO - 正确答案；每年一次
2018-09-24 06:04:29,757 - mylogger - INFO - 更新答案
2018-09-24 06:04:31,132 - mylogger - INFO - 本题结束
2018-09-24 06:04:31,147 - mylogger - INFO - 获取题目
2018-09-24 06:04:34,115 - mylogger - INFO - 第 3 题
2018-09-24 06:04:34,474 - mylogger - INFO - 怎样吃胡萝卜才能更好地吸收里边的胡萝卜素?
2018-09-24 06:04:35,459 - mylogger - INFO - ['油烹后熟吃', '切片吃', '打泥吃']
2018-09-24 06:04:35,474 - mylogger - INFO - 数据库中检索答案
2018-09-24 06:04:35,474 - mylogger - INFO - 数据中无答案
2018-09-24 06:04:36,755 - mylogger - INFO - 在线检索答案：油烹后熟吃
2018-09-24 06:04:36,755 - mylogger - INFO - 我的答案：油烹后熟吃
2018-09-24 06:04:37,240 - mylogger - INFO - 选择选项
2018-09-24 06:04:39,691 - mylogger - INFO - 答案正确
2018-09-24 06:04:39,691 - mylogger - INFO - 更新答案
2018-09-24 06:04:48,955 - mylogger - INFO - 本题结束
2018-09-24 06:04:48,971 - mylogger - INFO - 获取题目
2018-09-24 06:04:50,798 - mylogger - INFO - 第 4 题
2018-09-24 06:04:51,142 - mylogger - INFO - 1994年撞击木星的彗星名叫
2018-09-24 06:04:52,142 - mylogger - INFO - ['苏梅克-列维9号', '哈雷彗星', '海尔-波普彗星']
2018-09-24 06:04:52,142 - mylogger - INFO - 数据库中检索答案
2018-09-24 06:04:52,157 - mylogger - INFO - 数据中无答案
2018-09-24 06:04:52,423 - mylogger - INFO - 在线检索答案：苏梅克-列维9号
2018-09-24 06:04:52,423 - mylogger - INFO - 我的答案：苏梅克-列维9号
2018-09-24 06:04:52,955 - mylogger - INFO - 选择选项
2018-09-24 06:04:55,329 - mylogger - INFO - 答案正确
2018-09-24 06:04:55,329 - mylogger - INFO - 更新答案
2018-09-24 06:05:05,670 - mylogger - INFO - 本题结束
2018-09-24 06:05:05,685 - mylogger - INFO - 获取题目
2018-09-24 06:05:08,685 - mylogger - INFO - 第 5 题
2018-09-24 06:05:08,951 - mylogger - INFO - “玩客云”是哪家公司推出的新一代智能硬件？
2018-09-24 06:05:09,778 - mylogger - INFO - ['迅雷', '锤子科技', '小米']
2018-09-24 06:05:09,778 - mylogger - INFO - 数据库中检索答案
2018-09-24 06:05:09,794 - mylogger - INFO - 数据中无答案
2018-09-24 06:05:10,403 - mylogger - INFO - 在线检索答案：迅雷
2018-09-24 06:05:10,403 - mylogger - INFO - 我的答案：迅雷
2018-09-24 06:05:10,919 - mylogger - INFO - 选择选项
2018-09-24 06:05:13,372 - mylogger - INFO - 答案正确
2018-09-24 06:05:13,372 - mylogger - INFO - 更新答案
2018-09-24 06:05:22,620 - mylogger - INFO - 本题结束
2018-09-24 06:05:22,776 - mylogger - INFO - 本场比赛结束
2018-09-24 06:05:23,010 - mylogger - INFO - 返回游戏页面
2018-09-24 06:05:24,541 - mylogger - INFO - 进入排位赛
2018-09-24 06:05:24,541 - mylogger - INFO - 正在匹配中......
2018-09-24 06:06:25,354 - mylogger - WARNING - 匹配失败
2018-09-24 06:06:25,605 - mylogger - INFO - 返回游戏页面
2018-09-24 06:06:27,136 - mylogger - INFO - 进入排位赛
2018-09-24 06:06:27,136 - mylogger - INFO - 正在匹配中......
2018-09-24 06:07:09,844 - mylogger - INFO - 匹配成功
2018-09-24 06:07:09,844 - mylogger - INFO - 获取题目
2018-09-24 06:07:12,828 - mylogger - INFO - 第 1 题
2018-09-24 06:07:13,109 - mylogger - INFO - 双氧水的学名是什么？
2018-09-24 06:07:13,953 - mylogger - INFO - ['过氧化磷', '过氧化氢', '过氧化氯']
2018-09-24 06:07:13,953 - mylogger - INFO - 数据库中检索答案
2018-09-24 06:07:13,968 - mylogger - INFO - 数据中无答案
2018-09-24 06:07:14,764 - mylogger - INFO - 在线检索答案：过氧化氢
2018-09-24 06:07:14,764 - mylogger - INFO - 我的答案：过氧化氢
2018-09-24 06:07:15,281 - mylogger - INFO - 选择选项
2018-09-24 06:07:17,733 - mylogger - INFO - 答案正确
2018-09-24 06:07:17,733 - mylogger - INFO - 更新答案
2018-09-24 06:07:27,043 - mylogger - INFO - 本题结束
2018-09-24 06:07:27,058 - mylogger - INFO - 获取题目
2018-09-24 06:07:28,871 - mylogger - INFO - 第 2 题
2018-09-24 06:07:29,137 - mylogger - INFO - 真正能雌雄相守，从一而终的比翼鸟是什么动物？
2018-09-24 06:07:30,168 - mylogger - INFO - ['天鹅', '大雁', '燕子']
2018-09-24 06:07:30,168 - mylogger - INFO - 数据库中检索答案
2018-09-24 06:07:30,183 - mylogger - INFO - 数据中无答案
2018-09-24 06:07:31,026 - mylogger - INFO - 在线检索答案：天鹅
2018-09-24 06:07:31,026 - mylogger - INFO - 我的答案：天鹅
2018-09-24 06:07:31,542 - mylogger - INFO - 选择选项
2018-09-24 06:07:33,932 - mylogger - INFO - 答案正确
2018-09-24 06:07:33,932 - mylogger - INFO - 更新答案
2018-09-24 06:07:44,321 - mylogger - INFO - 本题结束
2018-09-24 06:07:44,336 - mylogger - INFO - 获取题目
2018-09-24 06:07:46,148 - mylogger - INFO - 第 3 题
2018-09-24 06:07:46,445 - mylogger - INFO - 传统节日“元宵”最早被称为：
2018-09-24 06:07:47,398 - mylogger - INFO - ['浮元子', '白玉团', '合玉白']
2018-09-24 06:07:47,398 - mylogger - INFO - 数据库中检索答案
2018-09-24 06:07:47,413 - mylogger - INFO - 数据中无答案
2018-09-24 06:07:48,241 - mylogger - INFO - 在线检索答案：
2018-09-24 06:07:48,241 - mylogger - INFO - 我的答案：浮元子
2018-09-24 06:07:48,773 - mylogger - INFO - 选择选项
2018-09-24 06:07:51,178 - mylogger - INFO - 答案正确
2018-09-24 06:07:51,178 - mylogger - INFO - 更新答案
2018-09-24 06:08:01,566 - mylogger - INFO - 本题结束
2018-09-24 06:08:01,566 - mylogger - INFO - 获取题目
2018-09-24 06:08:03,441 - mylogger - INFO - 第 4 题
2018-09-24 06:08:03,831 - mylogger - INFO - 狗在人类的生活中有重要的作用，如魏玛犬能作为一种什么犬帮助人类？
2018-09-24 06:08:04,706 - mylogger - INFO - ['家庭犬', '梗类犬', '枪猎犬']
2018-09-24 06:08:04,706 - mylogger - INFO - 数据库中检索答案
2018-09-24 06:08:04,721 - mylogger - INFO - 数据中无答案
2018-09-24 06:08:05,612 - mylogger - INFO - 在线检索答案：枪猎犬
2018-09-24 06:08:05,612 - mylogger - INFO - 我的答案：枪猎犬
2018-09-24 06:08:06,144 - mylogger - INFO - 选择选项
2018-09-24 06:08:08,596 - mylogger - INFO - 答案正确
2018-09-24 06:08:08,596 - mylogger - INFO - 更新答案
2018-09-24 06:08:17,813 - mylogger - INFO - 本题结束
2018-09-24 06:08:17,813 - mylogger - INFO - 获取题目
2018-09-24 06:08:20,812 - mylogger - INFO - 第 5 题
2018-09-24 06:08:21,124 - mylogger - INFO - 被称为日本20世纪最后一位美少年的是？
2018-09-24 06:08:21,952 - mylogger - INFO - ['木村拓哉', '堺雅人', '柏原崇']
2018-09-24 06:08:21,983 - mylogger - INFO - 数据库中检索答案
2018-09-24 06:08:21,983 - mylogger - INFO - 数据中无答案
2018-09-24 06:08:22,701 - mylogger - INFO - 在线检索答案：柏原崇
2018-09-24 06:08:22,701 - mylogger - INFO - 我的答案：柏原崇
2018-09-24 06:08:23,233 - mylogger - INFO - 选择选项
2018-09-24 06:08:25,608 - mylogger - INFO - 答案正确
2018-09-24 06:08:25,608 - mylogger - INFO - 更新答案
2018-09-24 06:08:34,934 - mylogger - INFO - 本题结束
2018-09-24 06:08:35,105 - mylogger - INFO - 本场比赛结束
2018-09-24 06:08:35,355 - mylogger - INFO - 返回游戏页面
2018-09-24 06:08:36,964 - mylogger - INFO - 进入排位赛
2018-09-24 06:08:36,964 - mylogger - INFO - 正在匹配中......
2018-09-24 06:09:37,028 - mylogger - WARNING - 匹配失败
2018-09-24 06:09:37,294 - mylogger - INFO - 返回游戏页面
2018-09-24 06:09:38,777 - mylogger - INFO - 进入排位赛
2018-09-24 06:09:38,777 - mylogger - INFO - 正在匹配中......
2018-09-24 06:10:39,623 - mylogger - WARNING - 匹配失败
2018-09-24 06:10:39,889 - mylogger - INFO - 返回游戏页面
2018-09-24 06:10:41,435 - mylogger - INFO - 进入排位赛
2018-09-24 06:10:41,435 - mylogger - INFO - 正在匹配中......
2018-09-24 06:11:33,298 - mylogger - INFO - 匹配成功
2018-09-24 06:11:33,298 - mylogger - INFO - 获取题目
2018-09-24 06:11:36,297 - mylogger - INFO - 第 1 题
2018-09-24 06:11:36,578 - mylogger - INFO - 哪个不是凤凰古城的人文景点？
2018-09-24 06:11:37,438 - mylogger - INFO - ['沈从文故居', '虹桥', '鲁迅故居']
2018-09-24 06:11:37,452 - mylogger - INFO - 数据库中检索答案
2018-09-24 06:11:37,452 - mylogger - INFO - 数据中无答案
2018-09-24 06:11:38,187 - mylogger - INFO - 在线检索答案：鲁迅故居
2018-09-24 06:11:38,187 - mylogger - INFO - 我的答案：鲁迅故居
2018-09-24 06:11:38,734 - mylogger - INFO - 选择选项
2018-09-24 06:11:41,124 - mylogger - INFO - 答案正确
2018-09-24 06:11:41,124 - mylogger - INFO - 更新答案
2018-09-24 06:11:44,733 - mylogger - INFO - 本题结束
2018-09-24 06:11:44,748 - mylogger - INFO - 获取题目
2018-09-24 06:11:47,841 - mylogger - INFO - 第 2 题
2018-09-24 06:11:48,138 - mylogger - INFO - 哪一部动画电影不是宫崎骏的代表作？
2018-09-24 06:11:49,043 - mylogger - INFO - ['《千与千寻》', '《天空之城》', '《冰雪奇缘》']
2018-09-24 06:11:49,043 - mylogger - INFO - 数据库中检索答案
2018-09-24 06:11:49,059 - mylogger - INFO - 数据中无答案
2018-09-24 06:11:49,340 - mylogger - INFO - 在线检索答案：《千与千寻》
2018-09-24 06:11:49,356 - mylogger - INFO - 我的答案：《千与千寻》
2018-09-24 06:11:49,919 - mylogger - INFO - 选择选项
2018-09-24 06:11:52,403 - mylogger - INFO - 答案错误
2018-09-24 06:11:52,653 - mylogger - INFO - 正确答案；《冰雪奇缘》
2018-09-24 06:11:52,653 - mylogger - INFO - 更新答案
2018-09-24 06:11:55,105 - mylogger - INFO - 本题结束
2018-09-24 06:11:55,105 - mylogger - INFO - 获取题目
2018-09-24 06:11:58,042 - mylogger - INFO - 第 3 题
2018-09-24 06:11:58,308 - mylogger - INFO - 鱼子酱系列护肤品是哪个品牌的产品？
2018-09-24 06:11:59,120 - mylogger - INFO - ['海蓝之谜', 'CPB', '莱珀妮']
2018-09-24 06:11:59,120 - mylogger - INFO - 数据库中检索答案
2018-09-24 06:11:59,135 - mylogger - INFO - 数据中无答案
2018-09-24 06:11:59,931 - mylogger - INFO - 在线检索答案：莱珀妮
2018-09-24 06:11:59,931 - mylogger - INFO - 我的答案：莱珀妮
2018-09-24 06:12:00,463 - mylogger - INFO - 选择选项
2018-09-24 06:12:02,947 - mylogger - INFO - 答案正确
2018-09-24 06:12:02,947 - mylogger - INFO - 更新答案
2018-09-24 06:12:11,086 - mylogger - INFO - 本题结束
2018-09-24 06:12:11,101 - mylogger - INFO - 获取题目
2018-09-24 06:12:12,944 - mylogger - INFO - 第 4 题
2018-09-24 06:12:13,320 - mylogger - INFO - 以下哪个品牌是英国皇室御用品牌？
2018-09-24 06:12:14,273 - mylogger - INFO - ['Dior', 'Burberry', 'Boy London']
2018-09-24 06:12:14,287 - mylogger - INFO - 数据库中检索答案
2018-09-24 06:12:14,287 - mylogger - INFO - 数据中无答案
2018-09-24 06:12:15,131 - mylogger - INFO - 在线检索答案：
2018-09-24 06:12:15,131 - mylogger - INFO - 我的答案：Dior
2018-09-24 06:12:15,663 - mylogger - INFO - 选择选项
2018-09-24 06:12:18,100 - mylogger - INFO - 答案错误
2018-09-24 06:12:18,209 - mylogger - INFO - 正确答案；Burberry
2018-09-24 06:12:18,209 - mylogger - INFO - 更新答案
2018-09-24 06:12:22,958 - mylogger - INFO - 本题结束
2018-09-24 06:12:22,973 - mylogger - INFO - 获取题目
2018-09-24 06:12:24,833 - mylogger - INFO - 第 5 题
2018-09-24 06:12:25,176 - mylogger - INFO - “闭路电视监控系统”的英文缩写是什么？
2018-09-24 06:12:25,941 - mylogger - INFO - ['Letv', 'CCTV', 'PPTV']
2018-09-24 06:12:25,941 - mylogger - INFO - 数据库中检索答案
2018-09-24 06:12:25,957 - mylogger - INFO - 我的答案：CCTV
2018-09-24 06:12:26,457 - mylogger - INFO - 选择选项
2018-09-24 06:12:28,894 - mylogger - INFO - 答案正确
2018-09-24 06:12:28,894 - mylogger - INFO - 更新答案
2018-09-24 06:12:32,502 - mylogger - INFO - 本题结束
2018-09-24 06:12:32,612 - mylogger - INFO - 本场比赛结束
2018-09-24 06:12:32,861 - mylogger - INFO - 返回游戏页面
2018-09-24 06:12:34,424 - mylogger - INFO - 进入排位赛
2018-09-24 06:12:34,424 - mylogger - INFO - 正在匹配中......
2018-09-24 06:13:35,238 - mylogger - WARNING - 匹配失败
2018-09-24 06:13:35,488 - mylogger - INFO - 返回游戏页面
2018-09-24 06:13:37,003 - mylogger - INFO - 进入排位赛
2018-09-24 06:13:37,003 - mylogger - INFO - 正在匹配中......
2018-09-24 06:14:37,847 - mylogger - WARNING - 匹配失败
2018-09-24 06:14:38,098 - mylogger - INFO - 返回游戏页面
2018-09-24 06:14:39,644 - mylogger - INFO - 进入排位赛
2018-09-24 06:14:39,644 - mylogger - INFO - 正在匹配中......
2018-09-24 06:15:39,740 - mylogger - WARNING - 匹配失败
2018-09-24 06:15:40,005 - mylogger - INFO - 返回游戏页面
2018-09-24 06:15:41,536 - mylogger - INFO - 进入排位赛
2018-09-24 06:15:41,536 - mylogger - INFO - 正在匹配中......
2018-09-24 06:16:42,303 - mylogger - WARNING - 匹配失败
2018-09-24 06:16:42,569 - mylogger - INFO - 返回游戏页面
2018-09-24 06:16:44,147 - mylogger - INFO - 进入排位赛
2018-09-24 06:16:44,147 - mylogger - INFO - 正在匹配中......
2018-09-24 06:17:17,795 - mylogger - INFO - 匹配成功
2018-09-24 06:17:17,795 - mylogger - INFO - 获取题目
2018-09-24 06:17:20,762 - mylogger - INFO - 第 1 题
2018-09-24 06:17:21,091 - mylogger - INFO - 以下哪个选项往往代表女性，表示动，多用于女装？
2018-09-24 06:17:21,950 - mylogger - INFO - ['曲线', '任意线', '直线']
2018-09-24 06:17:21,950 - mylogger - INFO - 数据库中检索答案
2018-09-24 06:17:21,965 - mylogger - INFO - 数据中无答案
2018-09-24 06:17:22,949 - mylogger - INFO - 在线检索答案：曲线
2018-09-24 06:17:22,949 - mylogger - INFO - 我的答案：曲线
2018-09-24 06:17:23,621 - mylogger - INFO - 选择选项
2018-09-24 06:17:26,043 - mylogger - INFO - 答案正确
2018-09-24 06:17:26,043 - mylogger - INFO - 更新答案
2018-09-24 06:17:27,464 - mylogger - INFO - 本题结束
2018-09-24 06:17:27,464 - mylogger - INFO - 获取题目
2018-09-24 06:17:29,292 - mylogger - INFO - 第 2 题
2018-09-24 06:17:29,605 - mylogger - INFO - 左轮手枪一共可装几颗子弹？
2018-09-24 06:17:30,573 - mylogger - INFO - ['5颗', '6颗', '7颗']
2018-09-24 06:17:30,588 - mylogger - INFO - 数据库中检索答案
2018-09-24 06:17:30,588 - mylogger - INFO - 数据中无答案
2018-09-24 06:17:31,338 - mylogger - INFO - 在线检索答案：6颗
2018-09-24 06:17:31,338 - mylogger - INFO - 我的答案：6颗
2018-09-24 06:17:31,979 - mylogger - INFO - 选择选项
2018-09-24 06:17:34,447 - mylogger - INFO - 答案正确
2018-09-24 06:17:34,447 - mylogger - INFO - 更新答案
2018-09-24 06:17:35,900 - mylogger - INFO - 本题结束
2018-09-24 06:17:35,900 - mylogger - INFO - 获取题目
2018-09-24 06:17:37,789 - mylogger - INFO - 第 3 题
2018-09-24 06:17:38,133 - mylogger - INFO - 白头春联是哪个地区的特色？
2018-09-24 06:17:38,977 - mylogger - INFO - ['福州', '潮汕', '莆田']
2018-09-24 06:17:38,977 - mylogger - INFO - 数据库中检索答案
2018-09-24 06:17:38,992 - mylogger - INFO - 数据中无答案
2018-09-24 06:17:39,851 - mylogger - INFO - 在线检索答案：莆田
2018-09-24 06:17:39,851 - mylogger - INFO - 我的答案：莆田
2018-09-24 06:17:40,399 - mylogger - INFO - 选择选项
2018-09-24 06:17:42,820 - mylogger - INFO - 答案正确
2018-09-24 06:17:42,820 - mylogger - INFO - 更新答案
2018-09-24 06:17:44,210 - mylogger - INFO - 本题结束
2018-09-24 06:17:44,210 - mylogger - INFO - 获取题目
2018-09-24 06:17:46,069 - mylogger - INFO - 第 4 题
2018-09-24 06:17:46,366 - mylogger - INFO - 在电影《画壁》中，角色牡丹是谁扮演的？
2018-09-24 06:17:47,256 - mylogger - INFO - ['孙俪', '郑爽', '佟丽娅']
2018-09-24 06:17:47,256 - mylogger - INFO - 数据库中检索答案
2018-09-24 06:17:47,271 - mylogger - INFO - 数据中无答案
2018-09-24 06:17:48,084 - mylogger - INFO - 在线检索答案：郑爽
2018-09-24 06:17:48,084 - mylogger - INFO - 我的答案：郑爽
2018-09-24 06:17:48,631 - mylogger - INFO - 选择选项
2018-09-24 06:17:51,130 - mylogger - INFO - 答案正确
2018-09-24 06:17:51,130 - mylogger - INFO - 更新答案
2018-09-24 06:17:53,615 - mylogger - INFO - 本题结束
2018-09-24 06:17:53,615 - mylogger - INFO - 获取题目
2018-09-24 06:17:56,567 - mylogger - INFO - 第 5 题
2018-09-24 06:17:56,848 - mylogger - INFO - “我是你闲坐窗前的那棵橡树”出自？
2018-09-24 06:17:57,833 - mylogger - INFO - ['《模范情书》', '《致橡树》', '《无名氏》']
2018-09-24 06:17:57,833 - mylogger - INFO - 数据库中检索答案
2018-09-24 06:17:57,848 - mylogger - INFO - 数据中无答案
2018-09-24 06:17:59,628 - mylogger - INFO - 在线检索答案：《模范情书》
2018-09-24 06:17:59,628 - mylogger - INFO - 我的答案：《模范情书》
2018-09-24 06:18:00,207 - mylogger - INFO - 选择选项
2018-09-24 06:18:02,769 - mylogger - INFO - 答案正确
2018-09-24 06:18:02,769 - mylogger - INFO - 更新答案
2018-09-24 06:18:03,003 - mylogger - INFO - 本题结束
2018-09-24 06:18:03,144 - mylogger - INFO - 本场比赛结束
2018-09-24 06:18:03,394 - mylogger - INFO - 返回游戏页面
2018-09-24 06:18:04,940 - mylogger - INFO - 进入排位赛
2018-09-24 06:18:04,940 - mylogger - INFO - 正在匹配中......
2018-09-24 06:19:05,036 - mylogger - WARNING - 匹配失败
2018-09-24 06:19:05,285 - mylogger - INFO - 返回游戏页面
2018-09-24 06:19:06,817 - mylogger - INFO - 进入排位赛
2018-09-24 06:19:06,817 - mylogger - INFO - 正在匹配中......
2018-09-24 06:20:07,099 - mylogger - WARNING - 匹配失败
2018-09-24 06:20:07,365 - mylogger - INFO - 返回游戏页面
2018-09-24 06:20:08,848 - mylogger - INFO - 进入排位赛
2018-09-24 06:20:08,848 - mylogger - INFO - 正在匹配中......
2018-09-24 06:21:09,756 - mylogger - WARNING - 匹配失败
2018-09-24 06:21:09,990 - mylogger - INFO - 返回游戏页面
2018-09-24 06:21:11,553 - mylogger - INFO - 进入排位赛
2018-09-24 06:21:11,553 - mylogger - INFO - 正在匹配中......
2018-09-24 06:22:08,430 - mylogger - INFO - 匹配成功
2018-09-24 06:22:08,430 - mylogger - INFO - 获取题目
2018-09-24 06:22:11,460 - mylogger - INFO - 第 1 题
2018-09-24 06:22:11,773 - mylogger - INFO - 河马是属于什么食性的动物？
2018-09-24 06:22:12,569 - mylogger - INFO - ['肉食性', '杂食性', '植食性']
2018-09-24 06:22:12,584 - mylogger - INFO - 数据库中检索答案
2018-09-24 06:22:12,584 - mylogger - INFO - 数据中无答案
2018-09-24 06:22:13,303 - mylogger - INFO - 在线检索答案：杂食性
2018-09-24 06:22:13,303 - mylogger - INFO - 我的答案：杂食性
2018-09-24 06:22:13,929 - mylogger - INFO - 选择选项
2018-09-24 06:22:16,397 - mylogger - INFO - 答案正确
2018-09-24 06:22:16,397 - mylogger - INFO - 更新答案
2018-09-24 06:22:17,849 - mylogger - INFO - 本题结束
2018-09-24 06:22:17,849 - mylogger - INFO - 获取题目
2018-09-24 06:22:19,709 - mylogger - INFO - 第 2 题
2018-09-24 06:22:20,068 - mylogger - INFO - 以下哪一个人物是《美少女战士》的女主角？
2018-09-24 06:22:20,974 - mylogger - INFO - ['火野丽', '土萌萤', '月野兔']
2018-09-24 06:22:20,974 - mylogger - INFO - 数据库中检索答案
2018-09-24 06:22:20,989 - mylogger - INFO - 数据中无答案
2018-09-24 06:22:21,707 - mylogger - INFO - 在线检索答案：月野兔
2018-09-24 06:22:21,707 - mylogger - INFO - 我的答案：月野兔
2018-09-24 06:22:22,270 - mylogger - INFO - 选择选项
2018-09-24 06:22:24,754 - mylogger - INFO - 答案正确
2018-09-24 06:22:24,754 - mylogger - INFO - 更新答案
2018-09-24 06:22:27,222 - mylogger - INFO - 本题结束
2018-09-24 06:22:27,222 - mylogger - INFO - 获取题目
2018-09-24 06:22:30,300 - mylogger - INFO - 第 3 题
2018-09-24 06:22:30,643 - mylogger - INFO - 唱工花脸还有两个专门名称，一个叫黑头，另一个叫？
2018-09-24 06:22:31,643 - mylogger - INFO - ['丑角', '白头', '铜锤']
2018-09-24 06:22:31,643 - mylogger - INFO - 数据库中检索答案
2018-09-24 06:22:31,658 - mylogger - INFO - 数据中无答案
2018-09-24 06:22:32,845 - mylogger - INFO - 在线检索答案：铜锤
2018-09-24 06:22:32,861 - mylogger - INFO - 我的答案：铜锤
2018-09-24 06:22:33,423 - mylogger - INFO - 选择选项
2018-09-24 06:22:35,798 - mylogger - INFO - 答案正确
2018-09-24 06:22:35,798 - mylogger - INFO - 更新答案
2018-09-24 06:22:42,875 - mylogger - INFO - 本题结束
2018-09-24 06:22:42,890 - mylogger - INFO - 获取题目
2018-09-24 06:22:44,749 - mylogger - INFO - 第 4 题
2018-09-24 06:22:45,077 - mylogger - INFO - 以下不是沈丛文作品的是？
2018-09-24 06:22:45,905 - mylogger - INFO - ['《春蚕》', '《边城》', '《唐宋铜镜》']
2018-09-24 06:22:45,920 - mylogger - INFO - 数据库中检索答案
2018-09-24 06:22:45,920 - mylogger - INFO - 数据中无答案
2018-09-24 06:22:47,670 - mylogger - INFO - 在线检索答案：《唐宋铜镜》
2018-09-24 06:22:47,670 - mylogger - INFO - 我的答案：《唐宋铜镜》
2018-09-24 06:22:48,170 - mylogger - INFO - 选择选项
2018-09-24 06:22:50,654 - mylogger - INFO - 答案错误
2018-09-24 06:22:50,763 - mylogger - INFO - 正确答案；《春蚕》
2018-09-24 06:22:50,763 - mylogger - INFO - 更新答案
2018-09-24 06:22:53,341 - mylogger - INFO - 本题结束
2018-09-24 06:22:53,341 - mylogger - INFO - 获取题目
2018-09-24 06:22:56,325 - mylogger - INFO - 第 5 题
2018-09-24 06:22:56,699 - mylogger - INFO - 刘涛参演过以下哪部电影？
2018-09-24 06:22:57,559 - mylogger - INFO - ['前度', '爱情与灵药', '英伦对决']
2018-09-24 06:22:57,574 - mylogger - INFO - 数据库中检索答案
2018-09-24 06:22:57,590 - mylogger - INFO - 数据中无答案
2018-09-24 06:22:58,370 - mylogger - INFO - 在线检索答案：
2018-09-24 06:22:58,370 - mylogger - INFO - 我的答案：前度
2018-09-24 06:22:58,996 - mylogger - INFO - 选择选项
2018-09-24 06:23:01,417 - mylogger - INFO - 答案错误
2018-09-24 06:23:01,620 - mylogger - INFO - 正确答案；英伦对决
2018-09-24 06:23:01,620 - mylogger - INFO - 更新答案
2018-09-24 06:23:04,089 - mylogger - INFO - 本题结束
2018-09-24 06:23:04,198 - mylogger - INFO - 本场比赛结束
2018-09-24 06:23:04,448 - mylogger - INFO - 返回游戏页面
2018-09-24 06:23:05,995 - mylogger - INFO - 进入排位赛
2018-09-24 06:23:05,995 - mylogger - INFO - 正在匹配中......
2018-09-24 06:24:06,277 - mylogger - WARNING - 匹配失败
2018-09-24 06:24:06,543 - mylogger - INFO - 返回游戏页面
2018-09-24 06:24:08,010 - mylogger - INFO - 进入排位赛
2018-09-24 06:24:08,010 - mylogger - INFO - 正在匹配中......
2018-09-24 06:25:08,716 - mylogger - WARNING - 匹配失败
2018-09-24 06:25:08,965 - mylogger - INFO - 返回游戏页面
2018-09-24 06:25:10,481 - mylogger - INFO - 进入排位赛
2018-09-24 06:25:10,481 - mylogger - INFO - 正在匹配中......
2018-09-24 06:25:53,470 - mylogger - INFO - 匹配成功
2018-09-24 06:25:53,470 - mylogger - INFO - 获取题目
2018-09-24 06:25:56,439 - mylogger - INFO - 第 1 题
2018-09-24 06:25:56,735 - mylogger - INFO - 以下哪首诗不是曹操的代表作？
2018-09-24 06:25:57,610 - mylogger - INFO - ['《长歌行》', '《龟虽寿》', '《短歌行》']
2018-09-24 06:25:57,625 - mylogger - INFO - 数据库中检索答案
2018-09-24 06:25:57,641 - mylogger - INFO - 数据中无答案
2018-09-24 06:25:58,406 - mylogger - INFO - 在线检索答案：《长歌行》
2018-09-24 06:25:58,406 - mylogger - INFO - 我的答案：《长歌行》
2018-09-24 06:25:58,953 - mylogger - INFO - 选择选项
2018-09-24 06:26:01,328 - mylogger - INFO - 答案正确
2018-09-24 06:26:01,328 - mylogger - INFO - 更新答案
2018-09-24 06:26:10,623 - mylogger - INFO - 本题结束
2018-09-24 06:26:10,637 - mylogger - INFO - 获取题目
2018-09-24 06:26:12,560 - mylogger - INFO - 第 2 题
2018-09-24 06:26:12,872 - mylogger - INFO - 金庸作品人物“郭襄”吃过以下哪种动物的奶？
2018-09-24 06:26:13,715 - mylogger - INFO - ['豹子', '神雕', '老虎']
2018-09-24 06:26:13,715 - mylogger - INFO - 数据库中检索答案
2018-09-24 06:26:13,746 - mylogger - INFO - 数据中无答案
2018-09-24 06:26:14,449 - mylogger - INFO - 在线检索答案：豹子
2018-09-24 06:26:14,449 - mylogger - INFO - 我的答案：豹子
2018-09-24 06:26:15,043 - mylogger - INFO - 选择选项
2018-09-24 06:26:17,464 - mylogger - INFO - 答案正确
2018-09-24 06:26:17,464 - mylogger - INFO - 更新答案
2018-09-24 06:26:23,307 - mylogger - INFO - 本题结束
2018-09-24 06:26:23,322 - mylogger - INFO - 获取题目
2018-09-24 06:26:25,119 - mylogger - INFO - 第 3 题
2018-09-24 06:26:25,416 - mylogger - INFO - 以下哪位大佬不属于“网络三剑客”？
2018-09-24 06:26:26,416 - mylogger - INFO - ['张朝阳', '王志东', '俞敏洪']
2018-09-24 06:26:26,416 - mylogger - INFO - 数据库中检索答案
2018-09-24 06:26:26,431 - mylogger - INFO - 数据中无答案
2018-09-24 06:26:27,180 - mylogger - INFO - 在线检索答案：俞敏洪
2018-09-24 06:26:27,180 - mylogger - INFO - 我的答案：俞敏洪
2018-09-24 06:26:27,759 - mylogger - INFO - 选择选项
2018-09-24 06:26:30,164 - mylogger - INFO - 答案正确
2018-09-24 06:26:30,180 - mylogger - INFO - 更新答案
2018-09-24 06:26:31,477 - mylogger - INFO - 本题结束
2018-09-24 06:26:31,492 - mylogger - INFO - 获取题目
2018-09-24 06:26:33,320 - mylogger - INFO - 第 4 题
2018-09-24 06:26:33,601 - mylogger - INFO - 小强刚满16岁就以劳动为生，他具有哪种行为能力？
2018-09-24 06:26:34,492 - mylogger - INFO - ['完全民事行为能力', '限制民事行为能力', '无民事行为能力']
2018-09-24 06:26:34,492 - mylogger - INFO - 数据库中检索答案
2018-09-24 06:26:34,507 - mylogger - INFO - 数据中无答案
2018-09-24 06:26:34,772 - mylogger - INFO - 在线检索答案：完全民事行为能力
2018-09-24 06:26:34,772 - mylogger - INFO - 我的答案：完全民事行为能力
2018-09-24 06:26:35,289 - mylogger - INFO - 选择选项
2018-09-24 06:26:37,741 - mylogger - INFO - 答案正确
2018-09-24 06:26:37,741 - mylogger - INFO - 更新答案
2018-09-24 06:26:48,145 - mylogger - INFO - 本题结束
2018-09-24 06:26:48,160 - mylogger - INFO - 获取题目
2018-09-24 06:26:51,191 - mylogger - INFO - 第 5 题
2018-09-24 06:26:51,535 - mylogger - INFO - 动画电影《狮子王2》，是改编自莎士比亚的哪一部爱情作品？
2018-09-24 06:26:52,550 - mylogger - INFO - ['《罗密欧与朱丽叶》', '《哈姆莱特》', '《李尔王》']
2018-09-24 06:26:52,550 - mylogger - INFO - 数据库中检索答案
2018-09-24 06:26:52,565 - mylogger - INFO - 数据中无答案
2018-09-24 06:26:53,330 - mylogger - INFO - 在线检索答案：《罗密欧与朱丽叶》
2018-09-24 06:26:53,330 - mylogger - INFO - 我的答案：《罗密欧与朱丽叶》
2018-09-24 06:26:53,908 - mylogger - INFO - 选择选项
2018-09-24 06:26:56,393 - mylogger - INFO - 答案正确
2018-09-24 06:26:56,393 - mylogger - INFO - 更新答案
2018-09-24 06:27:05,625 - mylogger - INFO - 本题结束
2018-09-24 06:27:05,719 - mylogger - INFO - 本场比赛结束
2018-09-24 06:27:05,968 - mylogger - INFO - 返回游戏页面
2018-09-24 06:27:07,453 - mylogger - INFO - 进入排位赛
2018-09-24 06:27:07,468 - mylogger - INFO - 正在匹配中......
2018-09-24 06:28:08,595 - mylogger - WARNING - 匹配失败
2018-09-24 06:28:08,860 - mylogger - INFO - 返回游戏页面
2018-09-24 06:28:10,454 - mylogger - INFO - 进入排位赛
2018-09-24 06:28:10,454 - mylogger - INFO - 正在匹配中......
2018-09-24 06:28:32,948 - mylogger - INFO - 匹配成功
2018-09-24 06:28:32,948 - mylogger - INFO - 获取题目
2018-09-24 06:28:35,932 - mylogger - INFO - 第 1 题
2018-09-24 06:28:36,197 - mylogger - INFO - 乐队组合“优客李林”是李骥和谁组成的？
2018-09-24 06:28:37,072 - mylogger - INFO - ['周杰伦', '林志炫', '林俊杰']
2018-09-24 06:28:37,087 - mylogger - INFO - 数据库中检索答案
2018-09-24 06:28:37,087 - mylogger - INFO - 数据中无答案
2018-09-24 06:28:38,290 - mylogger - INFO - 在线检索答案：林志炫
2018-09-24 06:28:38,290 - mylogger - INFO - 我的答案：林志炫
2018-09-24 06:28:38,869 - mylogger - INFO - 选择选项
2018-09-24 06:28:41,368 - mylogger - INFO - 答案正确
2018-09-24 06:28:41,368 - mylogger - INFO - 更新答案
2018-09-24 06:28:43,883 - mylogger - INFO - 本题结束
2018-09-24 06:28:43,898 - mylogger - INFO - 获取题目
2018-09-24 06:28:46,929 - mylogger - INFO - 第 2 题
2018-09-24 06:28:47,273 - mylogger - INFO - 银杏树的果实俗称叫什么？
2018-09-24 06:28:48,132 - mylogger - INFO - ['黄果', '金果', '白果']
2018-09-24 06:28:48,147 - mylogger - INFO - 数据库中检索答案
2018-09-24 06:28:48,147 - mylogger - INFO - 我的答案：白果
2018-09-24 06:28:48,741 - mylogger - INFO - 选择选项
2018-09-24 06:28:51,272 - mylogger - INFO - 答案正确
2018-09-24 06:28:51,272 - mylogger - INFO - 更新答案
2018-09-24 06:28:54,959 - mylogger - INFO - 本题结束
2018-09-24 06:28:54,959 - mylogger - INFO - 获取题目
2018-09-24 06:28:57,974 - mylogger - INFO - 第 3 题
2018-09-24 06:28:58,302 - mylogger - INFO - 小刘是一名骨科护士，在收集患者主观资料时，她可以采取的方法为
2018-09-24 06:28:59,098 - mylogger - INFO - ['认真交谈', '体格检查', '实验室检查']
2018-09-24 06:28:59,098 - mylogger - INFO - 数据库中检索答案
2018-09-24 06:28:59,113 - mylogger - INFO - 数据中无答案
2018-09-24 06:29:00,035 - mylogger - INFO - 在线检索答案：认真交谈
2018-09-24 06:29:00,035 - mylogger - INFO - 我的答案：认真交谈
2018-09-24 06:29:00,583 - mylogger - INFO - 选择选项
2018-09-24 06:29:03,019 - mylogger - INFO - 答案正确
2018-09-24 06:29:03,034 - mylogger - INFO - 更新答案
2018-09-24 06:29:09,939 - mylogger - INFO - 本题结束
2018-09-24 06:29:09,939 - mylogger - INFO - 获取题目
2018-09-24 06:29:12,954 - mylogger - INFO - 第 4 题
2018-09-24 06:29:13,267 - mylogger - INFO - 关于天然气，以下哪种说法最为正确？
2018-09-24 06:29:14,126 - mylogger - INFO - ['一种可再生能源', '一种不可再生能源', '最环保能源']
2018-09-24 06:29:14,126 - mylogger - INFO - 数据库中检索答案
2018-09-24 06:29:14,141 - mylogger - INFO - 数据中无答案
2018-09-24 06:29:15,828 - mylogger - INFO - 在线检索答案：一种可再生能源
2018-09-24 06:29:15,828 - mylogger - INFO - 我的答案：一种可再生能源
2018-09-24 06:29:16,391 - mylogger - INFO - 选择选项
2018-09-24 06:29:18,891 - mylogger - INFO - 答案错误
2018-09-24 06:29:19,015 - mylogger - INFO - 正确答案；一种不可再生能源
2018-09-24 06:29:19,031 - mylogger - INFO - 更新答案
2018-09-24 06:29:22,655 - mylogger - INFO - 本题结束
2018-09-24 06:29:22,687 - mylogger - INFO - 获取题目
2018-09-24 06:29:25,623 - mylogger - INFO - 第 5 题
2018-09-24 06:29:25,920 - mylogger - INFO - 世界上面值最高的邮票是匈牙利五百亿彭哥，它的图案是:
2018-09-24 06:29:26,951 - mylogger - INFO - ['猫', '飞鸽', '海鸥']
2018-09-24 06:29:26,966 - mylogger - INFO - 数据库中检索答案
2018-09-24 06:29:26,982 - mylogger - INFO - 数据中无答案
2018-09-24 06:29:29,028 - mylogger - INFO - 在线检索答案：飞鸽
2018-09-24 06:29:29,044 - mylogger - INFO - 我的答案：飞鸽
2018-09-24 06:29:29,591 - mylogger - INFO - 选择选项
2018-09-24 06:29:32,059 - mylogger - INFO - 答案正确
2018-09-24 06:29:32,074 - mylogger - INFO - 更新答案
2018-09-24 06:29:34,559 - mylogger - INFO - 本题结束
2018-09-24 06:29:34,715 - mylogger - INFO - 本场比赛结束
2018-09-24 06:29:34,965 - mylogger - INFO - 返回游戏页面
2018-09-24 06:29:36,512 - mylogger - INFO - 进入排位赛
2018-09-24 06:29:36,526 - mylogger - INFO - 正在匹配中......
2018-09-24 06:30:05,911 - mylogger - INFO - 匹配成功
2018-09-24 06:30:05,926 - mylogger - INFO - 获取题目
2018-09-24 06:30:08,941 - mylogger - INFO - 第 1 题
2018-09-24 06:30:09,269 - mylogger - INFO - 韩国组合Super Junior唯一中国籍成员是谁？
2018-09-24 06:30:10,144 - mylogger - INFO - ['吴奇隆', '韩庚', '陈志朋']
2018-09-24 06:30:10,159 - mylogger - INFO - 数据库中检索答案
2018-09-24 06:30:10,175 - mylogger - INFO - 我的答案：韩庚
2018-09-24 06:30:10,707 - mylogger - INFO - 选择选项
2018-09-24 06:30:13,159 - mylogger - INFO - 答案正确
2018-09-24 06:30:13,174 - mylogger - INFO - 更新答案
2018-09-24 06:30:18,939 - mylogger - INFO - 本题结束
2018-09-24 06:30:18,954 - mylogger - INFO - 获取题目
2018-09-24 06:30:20,751 - mylogger - INFO - 第 2 题
2018-09-24 06:30:21,094 - mylogger - INFO - 以下哪个品牌不是以创始人的名字命名的？
2018-09-24 06:30:22,079 - mylogger - INFO - ['资生堂', 'Anna Sui', '羽西']
2018-09-24 06:30:22,094 - mylogger - INFO - 数据库中检索答案
2018-09-24 06:30:22,109 - mylogger - INFO - 数据中无答案
2018-09-24 06:30:22,828 - mylogger - INFO - 在线检索答案：资生堂
2018-09-24 06:30:22,844 - mylogger - INFO - 我的答案：资生堂
2018-09-24 06:30:23,376 - mylogger - INFO - 选择选项
2018-09-24 06:30:25,781 - mylogger - INFO - 答案正确
2018-09-24 06:30:25,796 - mylogger - INFO - 更新答案
2018-09-24 06:30:29,327 - mylogger - INFO - 本题结束
2018-09-24 06:30:29,327 - mylogger - INFO - 获取题目
2018-09-24 06:30:32,264 - mylogger - INFO - 第 3 题
2018-09-24 06:30:32,577 - mylogger - INFO - 历史上获得第一个体操项目十分的是哪国人？
2018-09-24 06:30:33,591 - mylogger - INFO - ['罗马尼亚', '尼日利亚', '雅典']
2018-09-24 06:30:33,591 - mylogger - INFO - 数据库中检索答案
2018-09-24 06:30:33,607 - mylogger - INFO - 数据中无答案
2018-09-24 06:30:35,450 - mylogger - INFO - 在线检索答案：罗马尼亚
2018-09-24 06:30:35,450 - mylogger - INFO - 我的答案：罗马尼亚
2018-09-24 06:30:35,997 - mylogger - INFO - 选择选项
2018-09-24 06:30:38,419 - mylogger - INFO - 答案正确
2018-09-24 06:30:38,434 - mylogger - INFO - 更新答案
2018-09-24 06:30:39,746 - mylogger - INFO - 本题结束
2018-09-24 06:30:39,746 - mylogger - INFO - 获取题目
2018-09-24 06:30:41,481 - mylogger - INFO - 第 4 题
2018-09-24 06:30:41,839 - mylogger - INFO - 城隍庙小吃群位于哪个城市？
2018-09-24 06:30:42,746 - mylogger - INFO - ['上海', '天津', '南京']
2018-09-24 06:30:42,761 - mylogger - INFO - 数据库中检索答案
2018-09-24 06:30:42,776 - mylogger - INFO - 数据中无答案
2018-09-24 06:30:43,417 - mylogger - INFO - 在线检索答案：上海
2018-09-24 06:30:43,417 - mylogger - INFO - 我的答案：上海
2018-09-24 06:30:43,933 - mylogger - INFO - 选择选项
2018-09-24 06:30:46,307 - mylogger - INFO - 答案正确
2018-09-24 06:30:46,307 - mylogger - INFO - 更新答案
2018-09-24 06:30:51,009 - mylogger - INFO - 本题结束
2018-09-24 06:30:51,024 - mylogger - INFO - 获取题目
2018-09-24 06:30:52,852 - mylogger - INFO - 第 5 题
2018-09-24 06:30:53,211 - mylogger - INFO - 太阳位于四大旋臂上哪个旋臂？
2018-09-24 06:30:54,196 - mylogger - INFO - ['英仙臂', '人马臂', '猎户臂']
2018-09-24 06:30:54,211 - mylogger - INFO - 数据库中检索答案
2018-09-24 06:30:54,227 - mylogger - INFO - 数据中无答案
2018-09-24 06:30:55,164 - mylogger - INFO - 在线检索答案：猎户臂
2018-09-24 06:30:55,180 - mylogger - INFO - 我的答案：猎户臂
2018-09-24 06:30:55,774 - mylogger - INFO - 选择选项
2018-09-24 06:30:58,164 - mylogger - INFO - 答案正确
2018-09-24 06:30:58,179 - mylogger - INFO - 更新答案
2018-09-24 06:31:00,648 - mylogger - INFO - 本题结束
2018-09-24 06:31:00,804 - mylogger - INFO - 本场比赛结束
2018-09-24 06:31:01,085 - mylogger - INFO - 返回游戏页面
2018-09-24 06:31:02,585 - mylogger - INFO - 进入排位赛
2018-09-24 06:31:02,600 - mylogger - INFO - 正在匹配中......
2018-09-24 06:32:03,336 - mylogger - WARNING - 匹配失败
2018-09-24 06:32:03,602 - mylogger - INFO - 返回游戏页面
2018-09-24 06:32:05,086 - mylogger - INFO - 进入排位赛
2018-09-24 06:32:05,101 - mylogger - INFO - 正在匹配中......
2018-09-24 06:33:05,337 - mylogger - WARNING - 匹配失败
2018-09-24 06:33:05,603 - mylogger - INFO - 返回游戏页面
2018-09-24 06:33:07,117 - mylogger - INFO - 进入排位赛
2018-09-24 06:33:07,117 - mylogger - INFO - 正在匹配中......
2018-09-24 06:34:07,323 - mylogger - WARNING - 匹配失败
2018-09-24 06:34:07,589 - mylogger - INFO - 返回游戏页面
2018-09-24 06:34:09,214 - mylogger - INFO - 进入排位赛
2018-09-24 06:34:09,228 - mylogger - INFO - 正在匹配中......
2018-09-24 06:35:09,324 - mylogger - WARNING - 匹配失败
2018-09-24 06:35:09,589 - mylogger - INFO - 返回游戏页面
2018-09-24 06:35:11,074 - mylogger - INFO - 进入排位赛
2018-09-24 06:35:11,089 - mylogger - INFO - 正在匹配中......
2018-09-24 06:36:12,106 - mylogger - WARNING - 匹配失败
2018-09-24 06:36:12,372 - mylogger - INFO - 返回游戏页面
2018-09-24 06:36:13,934 - mylogger - INFO - 进入排位赛
2018-09-24 06:36:13,949 - mylogger - INFO - 正在匹配中......
2018-09-24 06:37:15,107 - mylogger - WARNING - 匹配失败
2018-09-24 06:37:15,373 - mylogger - INFO - 返回游戏页面
2018-09-24 06:37:16,919 - mylogger - INFO - 进入排位赛
2018-09-24 06:37:16,934 - mylogger - INFO - 正在匹配中......
2018-09-24 06:38:17,999 - mylogger - WARNING - 匹配失败
2018-09-24 06:38:18,264 - mylogger - INFO - 返回游戏页面
2018-09-24 06:38:19,857 - mylogger - INFO - 进入排位赛
2018-09-24 06:38:19,872 - mylogger - INFO - 正在匹配中......
2018-09-24 06:39:20,031 - mylogger - WARNING - 匹配失败
2018-09-24 06:39:20,281 - mylogger - INFO - 返回游戏页面
2018-09-24 06:39:21,780 - mylogger - INFO - 进入排位赛
2018-09-24 06:39:21,795 - mylogger - INFO - 正在匹配中......
2018-09-24 06:40:22,641 - mylogger - WARNING - 匹配失败
2018-09-24 06:40:22,906 - mylogger - INFO - 返回游戏页面
2018-09-24 06:40:24,359 - mylogger - INFO - 进入排位赛
2018-09-24 06:40:24,374 - mylogger - INFO - 正在匹配中......
2018-09-24 06:41:24,454 - mylogger - WARNING - 匹配失败
2018-09-24 06:41:24,704 - mylogger - INFO - 返回游戏页面
2018-09-24 06:41:26,220 - mylogger - INFO - 进入排位赛
2018-09-24 06:41:26,235 - mylogger - INFO - 正在匹配中......
2018-09-24 06:41:37,920 - mylogger - INFO - 匹配成功
2018-09-24 06:41:37,935 - mylogger - INFO - 获取题目
2018-09-24 06:41:41,013 - mylogger - INFO - 第 1 题
2018-09-24 06:41:41,295 - mylogger - INFO - “暮然回首，那人却在，灯火阑珊处”一句中，哪个字有错？
2018-09-24 06:41:42,185 - mylogger - INFO - ['然', '阑', '暮']
2018-09-24 06:41:42,200 - mylogger - INFO - 数据库中检索答案
2018-09-24 06:41:42,215 - mylogger - INFO - 数据中无答案
2018-09-24 06:41:42,996 - mylogger - INFO - 在线检索答案：然
2018-09-24 06:41:43,012 - mylogger - INFO - 我的答案：然
2018-09-24 06:41:43,544 - mylogger - INFO - 选择选项
2018-09-24 06:41:46,028 - mylogger - INFO - 答案错误
2018-09-24 06:41:46,231 - mylogger - INFO - 正确答案；暮
2018-09-24 06:41:46,246 - mylogger - INFO - 更新答案
2018-09-24 06:41:51,026 - mylogger - INFO - 本题结束
2018-09-24 06:41:51,057 - mylogger - INFO - 获取题目
2018-09-24 06:41:52,917 - mylogger - INFO - 第 2 题
2018-09-24 06:41:53,214 - mylogger - INFO - 在电影《听说》中，陈意涵饰演妹妹秧秧，请问秧秧的姐姐是谁扮演的？
2018-09-24 06:41:54,197 - mylogger - INFO - ['薛凯琪', '陈妍希', '陈紫函']
2018-09-24 06:41:54,213 - mylogger - INFO - 数据库中检索答案
2018-09-24 06:41:54,228 - mylogger - INFO - 数据中无答案
2018-09-24 06:41:54,962 - mylogger - INFO - 在线检索答案：陈妍希
2018-09-24 06:41:54,978 - mylogger - INFO - 我的答案：陈妍希
2018-09-24 06:41:55,541 - mylogger - INFO - 选择选项
2018-09-24 06:41:57,978 - mylogger - INFO - 答案正确
2018-09-24 06:41:57,993 - mylogger - INFO - 更新答案
2018-09-24 06:42:08,257 - mylogger - INFO - 本题结束
2018-09-24 06:42:08,272 - mylogger - INFO - 获取题目
2018-09-24 06:42:10,116 - mylogger - INFO - 第 3 题
2018-09-24 06:42:10,396 - mylogger - INFO - 《中国好声音第一季》的冠军学员是谁？
2018-09-24 06:42:11,303 - mylogger - INFO - ['梁博', '李琦', '萨顶顶']
2018-09-24 06:42:11,318 - mylogger - INFO - 数据库中检索答案
2018-09-24 06:42:11,333 - mylogger - INFO - 数据中无答案
2018-09-24 06:42:12,224 - mylogger - INFO - 在线检索答案：梁博
2018-09-24 06:42:12,240 - mylogger - INFO - 我的答案：梁博
2018-09-24 06:42:12,771 - mylogger - INFO - 选择选项
2018-09-24 06:42:15,271 - mylogger - INFO - 答案正确
2018-09-24 06:42:15,271 - mylogger - INFO - 更新答案
2018-09-24 06:42:24,597 - mylogger - INFO - 本题结束
2018-09-24 06:42:24,612 - mylogger - INFO - 获取题目
2018-09-24 06:42:27,580 - mylogger - INFO - 第 4 题
2018-09-24 06:42:27,893 - mylogger - INFO - 在游戏《雪人兄弟》中，雪人兄弟吃了红药水后什么能力会增强？
2018-09-24 06:42:28,783 - mylogger - INFO - ['攻击射程', '攻击威力', '移动速度']
2018-09-24 06:42:28,798 - mylogger - INFO - 数据库中检索答案
2018-09-24 06:42:28,814 - mylogger - INFO - 数据中无答案
2018-09-24 06:42:29,439 - mylogger - INFO - 在线检索答案：
2018-09-24 06:42:29,454 - mylogger - INFO - 我的答案：攻击射程
2018-09-24 06:42:30,002 - mylogger - INFO - 选择选项
2018-09-24 06:42:32,423 - mylogger - INFO - 答案错误
2018-09-24 06:42:32,704 - mylogger - INFO - 正确答案；移动速度
2018-09-24 06:42:32,704 - mylogger - INFO - 更新答案
2018-09-24 06:42:32,953 - mylogger - INFO - 本题结束
2018-09-24 06:42:32,985 - mylogger - INFO - 获取题目
2018-09-24 06:42:35,938 - mylogger - INFO - 第 5 题
2018-09-24 06:42:36,250 - mylogger - INFO - 国际数学奥林匹克竞赛开始于哪一年？
2018-09-24 06:42:37,203 - mylogger - INFO - ['1960', '1959', '1957']
2018-09-24 06:42:37,218 - mylogger - INFO - 数据库中检索答案
2018-09-24 06:42:37,234 - mylogger - INFO - 数据中无答案
2018-09-24 06:42:37,983 - mylogger - INFO - 在线检索答案：1959
2018-09-24 06:42:37,999 - mylogger - INFO - 我的答案：1959
2018-09-24 06:42:38,593 - mylogger - INFO - 选择选项
2018-09-24 06:42:41,015 - mylogger - INFO - 答案正确
2018-09-24 06:42:41,030 - mylogger - INFO - 更新答案
2018-09-24 06:42:43,686 - mylogger - INFO - 本题结束
2018-09-24 06:42:43,811 - mylogger - INFO - 本场比赛结束
2018-09-24 06:42:44,076 - mylogger - INFO - 返回游戏页面
2018-09-24 06:42:45,576 - mylogger - INFO - 进入排位赛
2018-09-24 06:42:45,576 - mylogger - INFO - 正在匹配中......
2018-09-24 06:43:46,390 - mylogger - WARNING - 匹配失败
2018-09-24 06:43:46,671 - mylogger - INFO - 返回游戏页面
2018-09-24 06:43:48,202 - mylogger - INFO - 进入排位赛
2018-09-24 06:43:48,217 - mylogger - INFO - 正在匹配中......
2018-09-24 06:44:09,900 - mylogger - INFO - 匹配成功
2018-09-24 06:44:09,915 - mylogger - INFO - 获取题目
2018-09-24 06:44:12,837 - mylogger - INFO - 第 1 题
2018-09-24 06:44:13,180 - mylogger - INFO - 以下哪位女演员不是毕业于中央戏剧学院？
2018-09-24 06:44:14,211 - mylogger - INFO - ['乔欣', '阚清子', '张歆艺']
2018-09-24 06:44:14,226 - mylogger - INFO - 数据库中检索答案
2018-09-24 06:44:14,226 - mylogger - INFO - 数据中无答案
2018-09-24 06:44:14,976 - mylogger - INFO - 在线检索答案：乔欣
2018-09-24 06:44:14,992 - mylogger - INFO - 我的答案：乔欣
2018-09-24 06:44:15,507 - mylogger - INFO - 选择选项
2018-09-24 06:44:17,945 - mylogger - INFO - 答案错误
2018-09-24 06:44:18,070 - mylogger - INFO - 正确答案；阚清子
2018-09-24 06:44:18,085 - mylogger - INFO - 更新答案
2018-09-24 06:44:21,725 - mylogger - INFO - 本题结束
2018-09-24 06:44:21,740 - mylogger - INFO - 获取题目
2018-09-24 06:44:24,740 - mylogger - INFO - 第 2 题
2018-09-24 06:44:25,146 - mylogger - INFO - 以下哪句诗不是出自杜甫的作品？
2018-09-24 06:44:26,068 - mylogger - INFO - ['星垂平野阔', '恨别鸟惊心', '八千里路云和月']
2018-09-24 06:44:26,099 - mylogger - INFO - 数据库中检索答案
2018-09-24 06:44:26,099 - mylogger - INFO - 数据中无答案
2018-09-24 06:44:27,005 - mylogger - INFO - 在线检索答案：星垂平野阔
2018-09-24 06:44:27,005 - mylogger - INFO - 我的答案：星垂平野阔
2018-09-24 06:44:27,521 - mylogger - INFO - 选择选项
2018-09-24 06:44:29,958 - mylogger - INFO - 答案错误
2018-09-24 06:44:30,255 - mylogger - INFO - 正确答案；八千里路云和月
2018-09-24 06:44:30,269 - mylogger - INFO - 更新答案
2018-09-24 06:44:30,520 - mylogger - INFO - 本题结束
2018-09-24 06:44:30,535 - mylogger - INFO - 获取题目
2018-09-24 06:44:33,394 - mylogger - INFO - 第 3 题
2018-09-24 06:44:33,770 - mylogger - INFO - “压年饭”是哪个少数民族的过年习俗？
2018-09-24 06:44:34,878 - mylogger - INFO - ['壮族', '朝鲜族', '白族']
2018-09-24 06:44:34,893 - mylogger - INFO - 数据库中检索答案
2018-09-24 06:44:34,893 - mylogger - INFO - 数据中无答案
2018-09-24 06:44:35,549 - mylogger - INFO - 在线检索答案：壮族
2018-09-24 06:44:35,565 - mylogger - INFO - 我的答案：壮族
2018-09-24 06:44:36,097 - mylogger - INFO - 选择选项
2018-09-24 06:44:38,503 - mylogger - INFO - 答案正确
2018-09-24 06:44:38,518 - mylogger - INFO - 更新答案
2018-09-24 06:44:41,033 - mylogger - INFO - 本题结束
2018-09-24 06:44:41,048 - mylogger - INFO - 获取题目
2018-09-24 06:44:42,845 - mylogger - INFO - 第 4 题
2018-09-24 06:44:43,142 - mylogger - INFO - 迎春节（打一字）
2018-09-24 06:44:44,172 - mylogger - INFO - ['时', '昂', '贺']
2018-09-24 06:44:44,188 - mylogger - INFO - 数据库中检索答案
2018-09-24 06:44:44,204 - mylogger - INFO - 数据中无答案
2018-09-24 06:44:45,922 - mylogger - INFO - 在线检索答案：昂
2018-09-24 06:44:45,938 - mylogger - INFO - 我的答案：昂
2018-09-24 06:44:46,547 - mylogger - INFO - 选择选项
2018-09-24 06:44:48,969 - mylogger - INFO - 答案正确
2018-09-24 06:44:48,984 - mylogger - INFO - 更新答案
2018-09-24 06:44:50,344 - mylogger - INFO - 本题结束
2018-09-24 06:44:50,359 - mylogger - INFO - 获取题目
2018-09-24 06:44:52,218 - mylogger - INFO - 第 5 题
2018-09-24 06:44:52,515 - mylogger - INFO - "男也好，女也好，我只知道我中意的是你"这句话是出自哪部电影的台词？
2018-09-24 06:44:53,436 - mylogger - INFO - ['《新不了情》', '《玻璃之情》', '《金枝玉叶》']
2018-09-24 06:45:53,500 - mylogger - INFO - 进入排位赛
2018-09-24 06:45:53,500 - mylogger - INFO - 正在匹配中......
2018-09-24 06:46:33,288 - mylogger - INFO - 匹配成功
2018-09-24 06:46:33,303 - mylogger - INFO - 获取题目
2018-09-24 06:46:36,490 - mylogger - INFO - 第 1 题
2018-09-24 06:46:36,802 - mylogger - INFO - 现代学术意义上的中国戏曲史开山之作是
2018-09-24 06:46:37,693 - mylogger - INFO - ['《中国戏曲通史》', '《中国戏剧史长编》', '《宋元戏曲史》']
2018-09-24 06:46:37,708 - mylogger - INFO - 数据库中检索答案
2018-09-24 06:46:37,724 - mylogger - INFO - 数据中无答案
2018-09-24 06:46:38,942 - mylogger - INFO - 在线检索答案：《宋元戏曲史》
2018-09-24 06:46:38,958 - mylogger - INFO - 我的答案：《宋元戏曲史》
2018-09-24 06:46:39,552 - mylogger - INFO - 选择选项
2018-09-24 06:46:42,083 - mylogger - INFO - 答案正确
2018-09-24 06:46:42,098 - mylogger - INFO - 更新答案
2018-09-24 06:46:45,598 - mylogger - INFO - 本题结束
2018-09-24 06:46:45,644 - mylogger - INFO - 获取题目
2018-09-24 06:46:48,472 - mylogger - INFO - 第 2 题
2018-09-24 06:46:48,768 - mylogger - INFO - 中国超模雎晓雯第一次参加维密大秀是哪一年？
2018-09-24 06:46:49,706 - mylogger - INFO - ['2014年', '2016年', '2015年']
2018-09-24 06:46:49,721 - mylogger - INFO - 数据库中检索答案
2018-09-24 06:46:49,737 - mylogger - INFO - 数据中无答案
2018-09-24 06:46:50,361 - mylogger - INFO - 在线检索答案：2016年
2018-09-24 06:46:50,377 - mylogger - INFO - 我的答案：2016年
2018-09-24 06:46:50,972 - mylogger - INFO - 选择选项
2018-09-24 06:46:53,362 - mylogger - INFO - 答案正确
2018-09-24 06:46:53,376 - mylogger - INFO - 更新答案
2018-09-24 06:46:55,799 - mylogger - INFO - 本题结束
2018-09-24 06:46:55,829 - mylogger - INFO - 获取题目
2018-09-24 06:46:58,751 - mylogger - INFO - 第 3 题
2018-09-24 06:46:59,032 - mylogger - INFO - 第二次世界大战期间纳粹德国的三大名将，不包括下面哪位将领？
2018-09-24 06:47:00,000 - mylogger - INFO - ['邓尼茨', '古德里安', '曼施坦因']
2018-09-24 06:47:00,015 - mylogger - INFO - 数据库中检索答案
2018-09-24 06:47:00,031 - mylogger - INFO - 数据中无答案
2018-09-24 06:47:00,796 - mylogger - INFO - 在线检索答案：邓尼茨
2018-09-24 06:47:00,812 - mylogger - INFO - 我的答案：邓尼茨
2018-09-24 06:47:01,360 - mylogger - INFO - 选择选项
2018-09-24 06:47:03,734 - mylogger - INFO - 答案正确
2018-09-24 06:47:03,749 - mylogger - INFO - 更新答案
2018-09-24 06:47:06,218 - mylogger - INFO - 本题结束
2018-09-24 06:47:06,233 - mylogger - INFO - 获取题目
2018-09-24 06:47:08,077 - mylogger - INFO - 第 4 题
2018-09-24 06:47:08,420 - mylogger - INFO - 让杂合子Aa连续自交三代，则第四代中杂合子所占比例为
2018-09-24 06:47:09,451 - mylogger - INFO - ['1/8', '1/16', '1/4']
2018-09-24 06:47:09,466 - mylogger - INFO - 数据库中检索答案
2018-09-24 06:47:09,482 - mylogger - INFO - 数据中无答案
2018-09-24 06:47:11,200 - mylogger - INFO - 在线检索答案：1/4
2018-09-24 06:47:11,216 - mylogger - INFO - 我的答案：1/4
2018-09-24 06:47:11,795 - mylogger - INFO - 选择选项
2018-09-24 06:47:14,310 - mylogger - INFO - 答案错误
2018-09-24 06:47:14,434 - mylogger - INFO - 正确答案；1/8
2018-09-24 06:47:14,450 - mylogger - INFO - 更新答案
2018-09-24 06:47:21,511 - mylogger - INFO - 本题结束
2018-09-24 06:47:21,526 - mylogger - INFO - 获取题目
2018-09-24 06:47:24,432 - mylogger - INFO - 第 5 题
2018-09-24 06:47:24,729 - mylogger - INFO - 细胞中含有N元素的生物大分子是：
2018-09-24 06:47:25,837 - mylogger - INFO - ['氨基酸和胰高血糖素', '胰岛素和核酸', '血红蛋白和纤维素']
2018-09-24 06:47:25,853 - mylogger - INFO - 数据库中检索答案
2018-09-24 06:47:25,869 - mylogger - INFO - 数据中无答案
2018-09-24 06:47:26,650 - mylogger - INFO - 在线检索答案：胰岛素和核酸
2018-09-24 06:47:26,665 - mylogger - INFO - 我的答案：胰岛素和核酸
2018-09-24 06:47:27,244 - mylogger - INFO - 选择选项
2018-09-24 06:47:29,665 - mylogger - INFO - 答案正确
2018-09-24 06:47:29,680 - mylogger - INFO - 更新答案
2018-09-24 06:47:34,492 - mylogger - INFO - 本题结束
2018-09-24 06:47:34,633 - mylogger - INFO - 本场比赛结束
2018-09-24 06:47:34,883 - mylogger - INFO - 返回游戏页面
2018-09-24 06:47:36,336 - mylogger - INFO - 进入排位赛
2018-09-24 06:47:36,336 - mylogger - INFO - 正在匹配中......
2018-09-24 06:48:37,509 - mylogger - WARNING - 匹配失败
2018-09-24 06:48:37,774 - mylogger - INFO - 返回游戏页面
2018-09-24 06:48:39,258 - mylogger - INFO - 进入排位赛
2018-09-24 06:48:39,273 - mylogger - INFO - 正在匹配中......
2018-09-24 06:49:40,353 - mylogger - WARNING - 匹配失败
2018-09-24 06:49:40,619 - mylogger - INFO - 返回游戏页面
2018-09-24 06:49:42,150 - mylogger - INFO - 进入排位赛
2018-09-24 06:49:42,150 - mylogger - INFO - 正在匹配中......
2018-09-24 06:50:43,181 - mylogger - WARNING - 匹配失败
2018-09-24 06:50:43,447 - mylogger - INFO - 返回游戏页面
2018-09-24 06:50:44,979 - mylogger - INFO - 进入排位赛
2018-09-24 06:50:44,993 - mylogger - INFO - 正在匹配中......
2018-09-24 06:51:45,979 - mylogger - WARNING - 匹配失败
2018-09-24 06:51:46,245 - mylogger - INFO - 返回游戏页面
2018-09-24 06:51:47,823 - mylogger - INFO - 进入排位赛
2018-09-24 06:51:47,838 - mylogger - INFO - 正在匹配中......
2018-09-24 06:52:05,272 - mylogger - INFO - 匹配成功
2018-09-24 06:52:05,272 - mylogger - INFO - 获取题目
2018-09-24 06:52:08,209 - mylogger - INFO - 第 1 题
2018-09-24 06:52:08,552 - mylogger - INFO - 电影《我的老公不靠谱》的主演是谁？
2018-09-24 06:52:09,630 - mylogger - INFO - ['春娇和志明', '蔡卓妍和郑伊健', '大雄和静香']
2018-09-24 06:52:09,645 - mylogger - INFO - 数据库中检索答案
2018-09-24 06:52:09,661 - mylogger - INFO - 我的答案：蔡卓妍和郑伊健
2018-09-24 06:52:10,177 - mylogger - INFO - 选择选项
2018-09-24 06:52:12,677 - mylogger - INFO - 答案正确
2018-09-24 06:52:12,691 - mylogger - INFO - 更新答案
2018-09-24 06:52:19,753 - mylogger - INFO - 本题结束
2018-09-24 06:52:19,768 - mylogger - INFO - 获取题目
2018-09-24 06:52:22,861 - mylogger - INFO - 第 2 题
2018-09-24 06:52:23,268 - mylogger - INFO - 3级风属于哪种类型风？
2018-09-24 06:52:24,330 - mylogger - INFO - ['软风', '微风', '轻风']
2018-09-24 06:52:24,345 - mylogger - INFO - 数据库中检索答案
2018-09-24 06:52:24,361 - mylogger - INFO - 数据中无答案
2018-09-24 06:52:25,220 - mylogger - INFO - 在线检索答案：微风
2018-09-24 06:52:25,235 - mylogger - INFO - 我的答案：微风
2018-09-24 06:52:25,736 - mylogger - INFO - 选择选项
2018-09-24 06:52:28,219 - mylogger - INFO - 答案正确
2018-09-24 06:52:28,219 - mylogger - INFO - 更新答案
2018-09-24 06:52:31,891 - mylogger - INFO - 本题结束
2018-09-24 06:52:31,922 - mylogger - INFO - 获取题目
2018-09-24 06:52:33,719 - mylogger - INFO - 第 3 题
2018-09-24 06:52:34,093 - mylogger - INFO - 2017年米兰时装周迪丽热巴为以下哪个服装品牌走秀？
2018-09-24 06:52:35,015 - mylogger - INFO - ['杜嘉班纳', '阿玛尼', '纪梵希']
2018-09-24 06:52:35,030 - mylogger - INFO - 数据库中检索答案
2018-09-24 06:52:35,046 - mylogger - INFO - 数据中无答案
2018-09-24 06:52:35,702 - mylogger - INFO - 在线检索答案：杜嘉班纳
2018-09-24 06:52:35,717 - mylogger - INFO - 我的答案：杜嘉班纳
2018-09-24 06:52:36,342 - mylogger - INFO - 选择选项
2018-09-24 06:52:38,717 - mylogger - INFO - 答案正确
2018-09-24 06:52:38,732 - mylogger - INFO - 更新答案
2018-09-24 06:52:41,216 - mylogger - INFO - 本题结束
2018-09-24 06:52:41,232 - mylogger - INFO - 获取题目
2018-09-24 06:52:43,060 - mylogger - INFO - 第 4 题
2018-09-24 06:52:43,403 - mylogger - INFO - 在库欣综合征的常见症状中，不包括以下哪一种？
2018-09-24 06:52:44,294 - mylogger - INFO - ['低血压', '向心性肥胖', '痤疮']
2018-09-24 06:52:44,325 - mylogger - INFO - 数据库中检索答案
2018-09-24 06:52:44,325 - mylogger - INFO - 数据中无答案
2018-09-24 06:52:45,231 - mylogger - INFO - 在线检索答案：低血压
2018-09-24 06:52:45,246 - mylogger - INFO - 我的答案：低血压
2018-09-24 06:52:45,825 - mylogger - INFO - 选择选项
2018-09-24 06:52:48,230 - mylogger - INFO - 答案正确
2018-09-24 06:52:48,230 - mylogger - INFO - 更新答案
2018-09-24 06:52:54,214 - mylogger - INFO - 本题结束
2018-09-24 06:52:54,245 - mylogger - INFO - 获取题目
2018-09-24 06:52:55,948 - mylogger - INFO - 第 5 题
2018-09-24 06:52:56,229 - mylogger - INFO - 郭靖在什么地方第一次遇见扮成小乞丐的黄蓉？
2018-09-24 06:52:57,228 - mylogger - INFO - ['临安城', '泉州府', '张家口']
2018-09-24 06:52:57,243 - mylogger - INFO - 数据库中检索答案
2018-09-24 06:52:57,259 - mylogger - INFO - 数据中无答案
2018-09-24 06:52:58,087 - mylogger - INFO - 在线检索答案：
2018-09-24 06:52:58,103 - mylogger - INFO - 我的答案：临安城
2018-09-24 06:52:58,712 - mylogger - INFO - 选择选项
2018-09-24 06:53:01,118 - mylogger - INFO - 答案错误
2018-09-24 06:53:01,446 - mylogger - INFO - 正确答案；张家口
2018-09-24 06:53:01,461 - mylogger - INFO - 更新答案
2018-09-24 06:53:01,712 - mylogger - INFO - 本题结束
2018-09-24 06:53:01,868 - mylogger - INFO - 本场比赛结束
2018-09-24 06:53:02,118 - mylogger - INFO - 返回游戏页面
2018-09-24 06:53:03,649 - mylogger - INFO - 进入排位赛
2018-09-24 06:53:03,664 - mylogger - INFO - 正在匹配中......
2018-09-24 06:53:19,755 - mylogger - INFO - 匹配成功
2018-09-24 06:53:19,769 - mylogger - INFO - 获取题目
2018-09-24 06:53:22,801 - mylogger - INFO - 第 1 题
2018-09-24 06:53:23,082 - mylogger - INFO - 最早的魔方是哪个国家的人发明的？
2018-09-24 06:53:24,097 - mylogger - INFO - ['意大利', '奥地利', '匈牙利']
2018-09-24 06:53:24,112 - mylogger - INFO - 数据库中检索答案
2018-09-24 06:53:24,128 - mylogger - INFO - 数据中无答案
2018-09-24 06:53:24,877 - mylogger - INFO - 在线检索答案：匈牙利
2018-09-24 06:53:24,893 - mylogger - INFO - 我的答案：匈牙利
2018-09-24 06:53:25,455 - mylogger - INFO - 选择选项
2018-09-24 06:53:27,846 - mylogger - INFO - 答案正确
2018-09-24 06:53:27,861 - mylogger - INFO - 更新答案
2018-09-24 06:53:29,252 - mylogger - INFO - 本题结束
2018-09-24 06:53:29,267 - mylogger - INFO - 获取题目
2018-09-24 06:53:32,267 - mylogger - INFO - 第 2 题
2018-09-24 06:53:32,611 - mylogger - INFO - 日全食食甚时我们有可能观测到
2018-09-24 06:53:33,751 - mylogger - INFO - ['黑子', '米粒组织', '日珥']
2018-09-24 06:53:33,766 - mylogger - INFO - 数据库中检索答案
2018-09-24 06:53:33,782 - mylogger - INFO - 数据中无答案
2018-09-24 06:53:34,672 - mylogger - INFO - 在线检索答案：日珥
2018-09-24 06:53:34,688 - mylogger - INFO - 我的答案：日珥
2018-09-24 06:53:35,204 - mylogger - INFO - 选择选项
2018-09-24 06:53:37,718 - mylogger - INFO - 答案正确
2018-09-24 06:53:37,718 - mylogger - INFO - 更新答案
2018-09-24 06:53:41,374 - mylogger - INFO - 本题结束
2018-09-24 06:53:41,389 - mylogger - INFO - 获取题目
2018-09-24 06:53:44,389 - mylogger - INFO - 第 3 题
2018-09-24 06:53:44,702 - mylogger - INFO - 超低空飞行是指飞行高度在多少米以下？
2018-09-24 06:53:45,748 - mylogger - INFO - ['50米', '100米', '150米']
2018-09-24 06:53:45,763 - mylogger - INFO - 数据库中检索答案
2018-09-24 06:53:45,779 - mylogger - INFO - 数据中无答案
2018-09-24 06:53:47,513 - mylogger - INFO - 在线检索答案：100米
2018-09-24 06:53:47,528 - mylogger - INFO - 我的答案：100米
2018-09-24 06:53:48,092 - mylogger - INFO - 选择选项
2018-09-24 06:53:50,528 - mylogger - INFO - 答案正确
2018-09-24 06:53:50,543 - mylogger - INFO - 更新答案
2018-09-24 06:53:51,918 - mylogger - INFO - 本题结束
2018-09-24 06:53:51,950 - mylogger - INFO - 获取题目
2018-09-24 06:53:53,715 - mylogger - INFO - 第 4 题
2018-09-24 06:53:54,059 - mylogger - INFO - 《乐府诗集》的作者是宋代的谁？
2018-09-24 06:53:55,012 - mylogger - INFO - ['郭茂倩', '岑参', '张籍']
2018-09-24 06:53:55,027 - mylogger - INFO - 数据库中检索答案
2018-09-24 06:53:55,042 - mylogger - INFO - 数据中无答案
2018-09-24 06:53:55,823 - mylogger - INFO - 在线检索答案：郭茂倩
2018-09-24 06:53:55,839 - mylogger - INFO - 我的答案：郭茂倩
2018-09-24 06:53:56,418 - mylogger - INFO - 选择选项
2018-09-24 06:53:58,870 - mylogger - INFO - 答案正确
2018-09-24 06:53:58,885 - mylogger - INFO - 更新答案
2018-09-24 06:54:09,352 - mylogger - INFO - 本题结束
2018-09-24 06:54:09,367 - mylogger - INFO - 获取题目
2018-09-24 06:54:11,211 - mylogger - INFO - 第 5 题
2018-09-24 06:54:11,492 - mylogger - INFO - 下列哪部电视剧是孙红雷参演的作品？
2018-09-24 06:54:12,539 - mylogger - INFO - ['暗算', '大丈夫', '猎场']
2018-09-24 06:54:12,554 - mylogger - INFO - 数据库中检索答案
2018-09-24 06:54:12,569 - mylogger - INFO - 数据中无答案
2018-09-24 06:54:13,350 - mylogger - INFO - 在线检索答案：
2018-09-24 06:54:13,366 - mylogger - INFO - 我的答案：暗算
2018-09-24 06:54:13,976 - mylogger - INFO - 选择选项
2018-09-24 06:54:16,397 - mylogger - INFO - 答案错误
2018-09-24 06:54:16,616 - mylogger - INFO - 正确答案；猎场
2018-09-24 06:54:16,631 - mylogger - INFO - 更新答案
2018-09-24 06:54:25,879 - mylogger - INFO - 本题结束
2018-09-24 06:54:26,019 - mylogger - INFO - 本场比赛结束
2018-09-24 06:54:26,270 - mylogger - INFO - 返回游戏页面
2018-09-24 06:54:27,739 - mylogger - INFO - 进入排位赛
2018-09-24 06:54:27,753 - mylogger - INFO - 正在匹配中......
2018-09-24 06:55:28,115 - mylogger - WARNING - 匹配失败
2018-09-24 06:55:28,380 - mylogger - INFO - 返回游戏页面
2018-09-24 06:55:29,880 - mylogger - INFO - 进入排位赛
2018-09-24 06:55:29,895 - mylogger - INFO - 正在匹配中......
2018-09-24 06:55:42,721 - mylogger - INFO - 匹配成功
2018-09-24 06:55:42,736 - mylogger - INFO - 获取题目
2018-09-24 06:55:44,705 - mylogger - INFO - 第 1 题
2018-09-24 06:55:45,064 - mylogger - INFO - 卯时相当于当今的几点钟？
2018-09-24 06:55:46,079 - mylogger - INFO - ['5－7点', '7－9点', '9－11点']
2018-09-24 06:55:46,094 - mylogger - INFO - 数据库中检索答案
2018-09-24 06:55:46,110 - mylogger - INFO - 数据中无答案
2018-09-24 06:55:46,688 - mylogger - INFO - 在线检索答案：
2018-09-24 06:55:46,703 - mylogger - INFO - 我的答案：5－7点
2018-09-24 06:55:47,235 - mylogger - INFO - 选择选项
2018-09-24 06:55:49,735 - mylogger - INFO - 答案正确
2018-09-24 06:55:49,750 - mylogger - INFO - 更新答案
2018-09-24 06:55:58,966 - mylogger - INFO - 本题结束
2018-09-24 06:55:58,997 - mylogger - INFO - 获取题目
2018-09-24 06:56:01,951 - mylogger - INFO - 第 2 题
2018-09-24 06:56:02,278 - mylogger - INFO - 卢巧音的歌曲《至少走得比你早》是哪一首经典粤语情歌的国语版？
2018-09-24 06:56:03,341 - mylogger - INFO - ['《好聚好散》', '《好心分手》', '《好言相劝》']
2018-09-24 06:56:03,387 - mylogger - INFO - 数据库中检索答案
2018-09-24 06:56:03,403 - mylogger - INFO - 数据中无答案
2018-09-24 06:56:04,684 - mylogger - INFO - 在线检索答案：《好心分手》
2018-09-24 06:56:04,699 - mylogger - INFO - 我的答案：《好心分手》
2018-09-24 06:56:05,262 - mylogger - INFO - 选择选项
2018-09-24 06:56:07,731 - mylogger - INFO - 答案正确
2018-09-24 06:56:07,745 - mylogger - INFO - 更新答案
2018-09-24 06:56:17,041 - mylogger - INFO - 本题结束
2018-09-24 06:56:17,056 - mylogger - INFO - 获取题目
2018-09-24 06:56:18,822 - mylogger - INFO - 第 3 题
2018-09-24 06:56:19,118 - mylogger - INFO - 林志颖版的电视剧《绝代双骄》中，花无缺由哪位男演员饰演？
2018-09-24 06:56:20,056 - mylogger - INFO - ['张卫健', '苏有朋', '谢霆锋']
2018-09-24 06:56:20,071 - mylogger - INFO - 数据库中检索答案
2018-09-24 06:56:20,086 - mylogger - INFO - 数据中无答案
2018-09-24 06:56:20,961 - mylogger - INFO - 在线检索答案：苏有朋
2018-09-24 06:56:20,977 - mylogger - INFO - 我的答案：苏有朋
2018-09-24 06:56:21,524 - mylogger - INFO - 选择选项
2018-09-24 06:56:24,070 - mylogger - INFO - 答案正确
2018-09-24 06:56:24,085 - mylogger - INFO - 更新答案
2018-09-24 06:56:32,271 - mylogger - INFO - 本题结束
2018-09-24 06:56:32,286 - mylogger - INFO - 获取题目
2018-09-24 06:56:35,333 - mylogger - INFO - 第 4 题
2018-09-24 06:56:35,786 - mylogger - INFO - 半月型钻石镶嵌技法是哪个珠宝品牌的特色？
2018-09-24 06:56:36,723 - mylogger - INFO - ['Damiani', '宝格丽', '梵克雅宝']
2018-09-24 06:56:36,739 - mylogger - INFO - 数据库中检索答案
2018-09-24 06:56:36,754 - mylogger - INFO - 数据中无答案
2018-09-24 06:56:37,504 - mylogger - INFO - 在线检索答案：梵克雅宝
2018-09-24 06:56:37,520 - mylogger - INFO - 我的答案：梵克雅宝
2018-09-24 06:56:38,130 - mylogger - INFO - 选择选项
2018-09-24 06:56:40,582 - mylogger - INFO - 答案错误
2018-09-24 06:56:40,707 - mylogger - INFO - 正确答案；Damiani
2018-09-24 06:56:40,722 - mylogger - INFO - 更新答案
2018-09-24 06:56:48,955 - mylogger - INFO - 本题结束
2018-09-24 06:56:48,970 - mylogger - INFO - 获取题目
2018-09-24 06:56:50,720 - mylogger - INFO - 第 5 题
2018-09-24 06:56:51,048 - mylogger - INFO - 《功夫》中冯小刚是哪个帮的老大？
2018-09-24 06:56:52,017 - mylogger - INFO - ['锤子帮', '斧头帮', '鳄鱼帮']
2018-09-24 06:56:52,032 - mylogger - INFO - 数据库中检索答案
2018-09-24 06:56:52,047 - mylogger - INFO - 数据中无答案
2018-09-24 06:56:52,750 - mylogger - INFO - 在线检索答案：鳄鱼帮
2018-09-24 06:56:52,766 - mylogger - INFO - 我的答案：鳄鱼帮
2018-09-24 06:56:53,329 - mylogger - INFO - 选择选项
2018-09-24 06:56:55,813 - mylogger - INFO - 答案正确
2018-09-24 06:56:55,828 - mylogger - INFO - 更新答案
2018-09-24 06:57:01,717 - mylogger - INFO - 本题结束
2018-09-24 06:57:01,874 - mylogger - INFO - 本场比赛结束
2018-09-24 06:57:02,139 - mylogger - INFO - 返回游戏页面
2018-09-24 06:57:03,686 - mylogger - INFO - 进入排位赛
2018-09-24 06:57:03,701 - mylogger - INFO - 正在匹配中......
2018-09-24 06:57:42,583 - mylogger - INFO - 匹配成功
2018-09-24 06:57:42,598 - mylogger - INFO - 获取题目
2018-09-24 06:57:45,550 - mylogger - INFO - 第 1 题
2018-09-24 06:57:45,863 - mylogger - INFO - 《偶像练习生》选手范丞丞的经纪公司是？
2018-09-24 06:57:46,816 - mylogger - INFO - ['乐华娱乐', '香蕉娱乐', '坤音娱乐']
2018-09-24 06:57:46,831 - mylogger - INFO - 数据库中检索答案
2018-09-24 06:57:46,847 - mylogger - INFO - 我的答案：乐华娱乐
2018-09-24 06:57:47,410 - mylogger - INFO - 选择选项
2018-09-24 06:57:49,784 - mylogger - INFO - 答案正确
2018-09-24 06:57:49,799 - mylogger - INFO - 更新答案
2018-09-24 06:58:00,345 - mylogger - INFO - 本题结束
2018-09-24 06:58:00,375 - mylogger - INFO - 获取题目
2018-09-24 06:58:01,000 - mylogger - INFO - 第 /5 题
2018-09-24 06:58:01,469 - mylogger - INFO - 歼10战斗机，使用的是下列哪种发动机？
2018-09-24 06:58:02,547 - mylogger - INFO - ['涡轴发动机', '涡轮风扇发动机', '星形发动机']
2018-09-24 06:58:02,562 - mylogger - INFO - 数据库中检索答案
2018-09-24 06:58:02,578 - mylogger - INFO - 数据中无答案
2018-09-24 06:58:03,312 - mylogger - INFO - 在线检索答案：
2018-09-24 06:58:03,328 - mylogger - INFO - 我的答案：涡轴发动机
2018-09-24 06:58:03,922 - mylogger - INFO - 选择选项
2018-09-24 06:59:08,251 - mylogger - INFO - 进入排位赛
2018-09-24 06:59:08,265 - mylogger - INFO - 正在匹配中......
2018-09-24 06:59:49,538 - mylogger - INFO - 匹配成功
2018-09-24 06:59:49,552 - mylogger - INFO - 获取题目
2018-09-24 06:59:52,553 - mylogger - INFO - 第 1 题
2018-09-24 06:59:52,834 - mylogger - INFO - 端午始源于什么时期？
2018-09-24 06:59:53,677 - mylogger - INFO - ['唐朝', '春秋时期', '五代十国']
2018-09-24 06:59:53,692 - mylogger - INFO - 数据库中检索答案
2018-09-24 06:59:53,723 - mylogger - INFO - 数据中无答案
2018-09-24 06:59:55,801 - mylogger - INFO - 在线检索答案：春秋时期
2018-09-24 06:59:55,817 - mylogger - INFO - 我的答案：春秋时期
2018-09-24 06:59:56,411 - mylogger - INFO - 选择选项
2018-09-24 06:59:58,832 - mylogger - INFO - 答案正确
2018-09-24 06:59:58,847 - mylogger - INFO - 更新答案
2018-09-24 07:00:00,238 - mylogger - INFO - 本题结束
2018-09-24 07:00:00,253 - mylogger - INFO - 获取题目
2018-09-24 07:00:02,128 - mylogger - INFO - 第 2 题
2018-09-24 07:00:02,487 - mylogger - INFO - 2017-2018赛季，下列哪支球队并未进入欧冠16强？
2018-09-24 07:00:03,409 - mylogger - INFO - ['贝西克塔斯', '托特纳姆热刺', 'RB莱比锡']
2018-09-24 07:00:03,424 - mylogger - INFO - 数据库中检索答案
2018-09-24 07:00:03,440 - mylogger - INFO - 数据中无答案
2018-09-24 07:00:04,081 - mylogger - INFO - 在线检索答案：
2018-09-24 07:00:04,096 - mylogger - INFO - 我的答案：贝西克塔斯
2018-09-24 07:00:04,612 - mylogger - INFO - 选择选项
2018-09-24 07:00:07,034 - mylogger - INFO - 答案错误
2018-09-24 07:00:07,283 - mylogger - INFO - 正确答案；RB莱比锡
2018-09-24 07:00:07,298 - mylogger - INFO - 更新答案
2018-09-24 07:00:08,689 - mylogger - INFO - 本题结束
2018-09-24 07:00:08,704 - mylogger - INFO - 获取题目
2018-09-24 07:00:10,517 - mylogger - INFO - 第 3 题
2018-09-24 07:00:10,798 - mylogger - INFO - 电视剧《步步惊心》中“八爷”的扮演者是谁？
2018-09-24 07:00:11,641 - mylogger - INFO - ['蒋劲夫', '林更新', '郑嘉颖']
2018-09-24 07:00:11,657 - mylogger - INFO - 数据库中检索答案
2018-09-24 07:00:11,688 - mylogger - INFO - 数据中无答案
2018-09-24 07:00:12,391 - mylogger - INFO - 在线检索答案：郑嘉颖
2018-09-24 07:00:12,406 - mylogger - INFO - 我的答案：郑嘉颖
2018-09-24 07:00:12,954 - mylogger - INFO - 选择选项
2018-09-24 07:00:15,407 - mylogger - INFO - 答案正确
2018-09-24 07:00:15,421 - mylogger - INFO - 更新答案
2018-09-24 07:00:17,937 - mylogger - INFO - 本题结束
2018-09-24 07:00:17,952 - mylogger - INFO - 获取题目
2018-09-24 07:00:19,796 - mylogger - INFO - 第 4 题
2018-09-24 07:00:20,109 - mylogger - INFO - 《下一个天亮》是谁的专辑？
2018-09-24 07:00:20,952 - mylogger - INFO - ['蔡依林', '孙燕姿', '郭静']
2018-09-24 07:00:20,967 - mylogger - INFO - 数据库中检索答案
2018-09-24 07:00:20,998 - mylogger - INFO - 我的答案：郭静
2018-09-24 07:00:21,499 - mylogger - INFO - 选择选项
2018-09-24 07:00:23,920 - mylogger - INFO - 答案正确
2018-09-24 07:00:23,935 - mylogger - INFO - 更新答案
2018-09-24 07:00:27,638 - mylogger - INFO - 本题结束
2018-09-24 07:00:27,653 - mylogger - INFO - 获取题目
2018-09-24 07:00:30,793 - mylogger - INFO - 第 5 题
2018-09-24 07:00:31,074 - mylogger - INFO - 成语“大快朵颐”中“颐”表示的是哪个部位？
2018-09-24 07:00:31,950 - mylogger - INFO - ['嘴巴', '腮颊', '鼻子']
2018-09-24 07:00:31,996 - mylogger - INFO - 数据库中检索答案
2018-09-24 07:00:32,011 - mylogger - INFO - 数据中无答案
2018-09-24 07:00:32,855 - mylogger - INFO - 在线检索答案：腮颊
2018-09-24 07:00:32,870 - mylogger - INFO - 我的答案：腮颊
2018-09-24 07:00:33,418 - mylogger - INFO - 选择选项
2018-09-24 07:00:35,839 - mylogger - INFO - 答案正确
2018-09-24 07:00:35,854 - mylogger - INFO - 更新答案
2018-09-24 07:00:37,230 - mylogger - INFO - 本题结束
2018-09-24 07:00:37,370 - mylogger - INFO - 本场比赛结束
2018-09-24 07:00:37,635 - mylogger - INFO - 返回游戏页面
2018-09-24 07:00:39,181 - mylogger - INFO - 进入排位赛
2018-09-24 07:00:39,197 - mylogger - INFO - 正在匹配中......
2018-09-24 07:01:39,340 - mylogger - WARNING - 匹配失败
2018-09-24 07:01:39,605 - mylogger - INFO - 返回游戏页面
2018-09-24 07:01:41,167 - mylogger - INFO - 进入排位赛
2018-09-24 07:01:41,182 - mylogger - INFO - 正在匹配中......
2018-09-24 07:01:53,930 - mylogger - INFO - 匹配成功
2018-09-24 07:01:53,945 - mylogger - INFO - 获取题目
2018-09-24 07:01:56,961 - mylogger - INFO - 第 1 题
2018-09-24 07:01:57,319 - mylogger - INFO - 东极岛位于我国哪个省？
2018-09-24 07:01:58,320 - mylogger - INFO - ['浙江省', '山东省', '福建省']
2018-09-24 07:01:58,350 - mylogger - INFO - 数据库中检索答案
2018-09-24 07:01:58,366 - mylogger - INFO - 数据中无答案
2018-09-24 07:01:59,116 - mylogger - INFO - 在线检索答案：浙江省
2018-09-24 07:01:59,131 - mylogger - INFO - 我的答案：浙江省
2018-09-24 07:01:59,679 - mylogger - INFO - 选择选项
2018-09-24 07:02:02,037 - mylogger - INFO - 答案正确
2018-09-24 07:02:02,052 - mylogger - INFO - 更新答案
2018-09-24 07:02:04,568 - mylogger - INFO - 本题结束
2018-09-24 07:02:04,599 - mylogger - INFO - 获取题目
2018-09-24 07:02:06,474 - mylogger - INFO - 第 2 题
2018-09-24 07:02:06,771 - mylogger - INFO - 法国欧珑品牌的两位创始人是什么关系？
2018-09-24 07:02:07,802 - mylogger - INFO - ['姐弟', '夫妻', '兄妹']
2018-09-24 07:02:07,817 - mylogger - INFO - 数据库中检索答案
2018-09-24 07:02:07,832 - mylogger - INFO - 数据中无答案
2018-09-24 07:02:08,395 - mylogger - INFO - 在线检索答案：
2018-09-24 07:02:08,410 - mylogger - INFO - 我的答案：姐弟
2018-09-24 07:02:08,942 - mylogger - INFO - 选择选项
2018-09-24 07:02:11,379 - mylogger - INFO - 答案错误
2018-09-24 07:02:11,504 - mylogger - INFO - 正确答案；夫妻
2018-09-24 07:02:11,519 - mylogger - INFO - 更新答案
2018-09-24 07:02:18,549 - mylogger - INFO - 本题结束
2018-09-24 07:02:18,549 - mylogger - INFO - 获取题目
2018-09-24 07:02:21,548 - mylogger - INFO - 第 3 题
2018-09-24 07:02:21,907 - mylogger - INFO - 圣诞节起居室内摆设棵常青树起始于公元多少年哪个国家的传统?
2018-09-24 07:02:23,048 - mylogger - INFO - ['公元300年古罗马', '公元500年俄罗斯', '公元700年德国']
2018-09-24 07:02:23,063 - mylogger - INFO - 数据库中检索答案
2018-09-24 07:02:23,079 - mylogger - INFO - 数据中无答案
2018-09-24 07:02:24,938 - mylogger - INFO - 在线检索答案：公元700年德国
2018-09-24 07:02:24,953 - mylogger - INFO - 我的答案：公元700年德国
2018-09-24 07:02:25,500 - mylogger - INFO - 选择选项
2018-09-24 07:02:27,969 - mylogger - INFO - 答案正确
2018-09-24 07:02:27,984 - mylogger - INFO - 更新答案
2018-09-24 07:02:31,655 - mylogger - INFO - 本题结束
2018-09-24 07:02:31,671 - mylogger - INFO - 获取题目
2018-09-24 07:02:34,499 - mylogger - INFO - 第 4 题
2018-09-24 07:02:34,858 - mylogger - INFO - 1999年轰炸中国驻贝尔格莱德大使馆的美军飞机机型是什么？
2018-09-24 07:02:35,748 - mylogger - INFO - ['B-2A', 'B-29', 'B-1B']
2018-09-24 07:02:35,763 - mylogger - INFO - 数据库中检索答案
2018-09-24 07:02:35,779 - mylogger - INFO - 数据中无答案
2018-09-24 07:02:36,654 - mylogger - INFO - 在线检索答案：
2018-09-24 07:02:36,669 - mylogger - INFO - 我的答案：B-2A
2018-09-24 07:02:37,201 - mylogger - INFO - 选择选项
2018-09-24 07:02:39,575 - mylogger - INFO - 答案正确
2018-09-24 07:02:39,591 - mylogger - INFO - 更新答案
2018-09-24 07:02:43,294 - mylogger - INFO - 本题结束
2018-09-24 07:02:43,308 - mylogger - INFO - 获取题目
2018-09-24 07:02:45,167 - mylogger - INFO - 第 5 题
2018-09-24 07:02:45,543 - mylogger - INFO - 下列哪个选项不是腊八节的别称？
2018-09-24 07:02:46,449 - mylogger - INFO - ['腊月祭', '腊八祭', '王侯腊']
2018-09-24 07:02:46,464 - mylogger - INFO - 数据库中检索答案
2018-09-24 07:02:46,495 - mylogger - INFO - 数据中无答案
2018-09-24 07:02:47,042 - mylogger - INFO - 在线检索答案：腊月祭
2018-09-24 07:02:47,057 - mylogger - INFO - 我的答案：腊月祭
2018-09-24 07:02:47,605 - mylogger - INFO - 选择选项
2018-09-24 07:02:50,011 - mylogger - INFO - 答案正确
2018-09-24 07:02:50,026 - mylogger - INFO - 更新答案
2018-09-24 07:02:53,572 - mylogger - INFO - 本题结束
2018-09-24 07:02:53,713 - mylogger - INFO - 本场比赛结束
2018-09-24 07:02:53,979 - mylogger - INFO - 返回游戏页面
2018-09-24 07:02:55,556 - mylogger - INFO - 进入排位赛
2018-09-24 07:02:55,571 - mylogger - INFO - 正在匹配中......
2018-09-24 07:03:27,502 - mylogger - INFO - 匹配成功
2018-09-24 07:03:27,517 - mylogger - INFO - 获取题目
2018-09-24 07:03:30,517 - mylogger - INFO - 第 1 题
2018-09-24 07:03:30,860 - mylogger - INFO - 小熨斗眼膜是哪个品牌的明星产品？
2018-09-24 07:03:31,891 - mylogger - INFO - ['悦诗风吟', '资生堂', '悦木之源']
2018-09-24 07:03:31,906 - mylogger - INFO - 数据库中检索答案
2018-09-24 07:03:31,922 - mylogger - INFO - 数据中无答案
2018-09-24 07:03:33,453 - mylogger - INFO - 在线检索答案：资生堂
2018-09-24 07:03:33,468 - mylogger - INFO - 我的答案：资生堂
2018-09-24 07:03:34,063 - mylogger - INFO - 选择选项
2018-09-24 07:03:36,484 - mylogger - INFO - 答案正确
2018-09-24 07:03:36,499 - mylogger - INFO - 更新答案
2018-09-24 07:03:46,935 - mylogger - INFO - 本题结束
2018-09-24 07:03:46,950 - mylogger - INFO - 获取题目
2018-09-24 07:03:47,638 - mylogger - INFO - 第 2 题
2018-09-24 07:03:47,981 - mylogger - INFO - 在《海贼王》中，波特卡斯·D·艾斯是白胡子海贼团第几队队长？
2018-09-24 07:03:49,106 - mylogger - INFO - ['第三队队长', '第二队队长', '第一队队长']
2018-09-24 07:03:49,121 - mylogger - INFO - 数据库中检索答案
2018-09-24 07:03:49,137 - mylogger - INFO - 数据中无答案
2018-09-24 07:03:50,011 - mylogger - INFO - 在线检索答案：第二队队长
2018-09-24 07:03:50,027 - mylogger - INFO - 我的答案：第二队队长
2018-09-24 07:03:50,621 - mylogger - INFO - 选择选项
2018-09-24 07:04:53,996 - mylogger - INFO - 进入排位赛
2018-09-24 07:04:53,996 - mylogger - INFO - 正在匹配中......
2018-09-24 07:05:28,161 - mylogger - INFO - 匹配成功
2018-09-24 07:05:28,176 - mylogger - INFO - 获取题目
2018-09-24 07:05:31,082 - mylogger - INFO - 第 1 题
2018-09-24 07:05:31,378 - mylogger - INFO - 《火影忍者》中漩涡一族擅长的忍术是什么？
2018-09-24 07:05:32,223 - mylogger - INFO - ['火遁忍术', '封印之术', '风遁忍术']
2018-09-24 07:05:32,237 - mylogger - INFO - 数据库中检索答案
2018-09-24 07:05:32,253 - mylogger - INFO - 数据中无答案
2018-09-24 07:05:32,972 - mylogger - INFO - 在线检索答案：
2018-09-24 07:05:32,987 - mylogger - INFO - 我的答案：火遁忍术
2018-09-24 07:05:33,519 - mylogger - INFO - 选择选项
2018-09-24 07:05:36,018 - mylogger - INFO - 答案错误
2018-09-24 07:05:36,143 - mylogger - INFO - 正确答案；封印之术
2018-09-24 07:05:36,158 - mylogger - INFO - 更新答案
2018-09-24 07:05:41,016 - mylogger - INFO - 本题结束
2018-09-24 07:05:41,032 - mylogger - INFO - 获取题目
2018-09-24 07:05:42,814 - mylogger - INFO - 第 2 题
2018-09-24 07:05:43,189 - mylogger - INFO - 龙舌兰酒是哪个国家的国酒？
2018-09-24 07:05:44,142 - mylogger - INFO - ['美国', '加拿大', '墨西哥']
2018-09-24 07:05:44,172 - mylogger - INFO - 数据库中检索答案
2018-09-24 07:05:44,188 - mylogger - INFO - 数据中无答案
2018-09-24 07:05:45,047 - mylogger - INFO - 在线检索答案：墨西哥
2018-09-24 07:05:45,062 - mylogger - INFO - 我的答案：墨西哥
2018-09-24 07:05:45,579 - mylogger - INFO - 选择选项
2018-09-24 07:05:47,985 - mylogger - INFO - 答案正确
2018-09-24 07:05:48,000 - mylogger - INFO - 更新答案
2018-09-24 07:05:51,625 - mylogger - INFO - 本题结束
2018-09-24 07:05:51,656 - mylogger - INFO - 获取题目
2018-09-24 07:05:56,920 - mylogger - INFO - 第 3 题
2018-09-24 07:05:57,264 - mylogger - INFO - 连接颅骨的关节，是什么关节？
2018-09-24 07:05:58,201 - mylogger - INFO - ['寰枕关节', '颞下颌关节', '寰枢关节']
2018-09-24 07:05:58,232 - mylogger - INFO - 数据库中检索答案
2018-09-24 07:05:58,248 - mylogger - INFO - 数据中无答案
2018-09-24 07:05:59,419 - mylogger - INFO - 在线检索答案：颞下颌关节
2018-09-24 07:05:59,435 - mylogger - INFO - 我的答案：颞下颌关节
2018-09-24 07:06:00,014 - mylogger - INFO - 选择选项
2018-09-24 07:06:02,419 - mylogger - INFO - 答案正确
2018-09-24 07:06:02,434 - mylogger - INFO - 更新答案
2018-09-24 07:06:12,948 - mylogger - INFO - 本题结束
2018-09-24 07:06:12,963 - mylogger - INFO - 获取题目
2018-09-24 07:06:13,620 - mylogger - INFO - 第 4 题
2018-09-24 07:06:13,932 - mylogger - INFO - 传说为“地藏菩萨道场”的佛教名山是哪座山？
2018-09-24 07:06:15,026 - mylogger - INFO - ['五台山', '九华山', '普陀山']
2018-09-24 07:06:15,040 - mylogger - INFO - 数据库中检索答案
2018-09-24 07:06:15,056 - mylogger - INFO - 数据中无答案
2018-09-24 07:06:15,931 - mylogger - INFO - 在线检索答案：九华山
2018-09-24 07:06:15,946 - mylogger - INFO - 我的答案：九华山
2018-09-24 07:06:16,572 - mylogger - INFO - 选择选项
2018-09-24 07:07:21,463 - mylogger - INFO - 进入排位赛
2018-09-24 07:07:21,478 - mylogger - INFO - 正在匹配中......
2018-09-24 07:08:22,371 - mylogger - WARNING - 匹配失败
2018-09-24 07:08:22,652 - mylogger - INFO - 返回游戏页面
2018-09-24 07:08:24,198 - mylogger - INFO - 进入排位赛
2018-09-24 07:08:24,213 - mylogger - INFO - 正在匹配中......
2018-09-24 07:08:50,520 - mylogger - INFO - 匹配成功
2018-09-24 07:08:50,535 - mylogger - INFO - 获取题目
2018-09-24 07:08:53,535 - mylogger - INFO - 第 1 题
2018-09-24 07:08:53,816 - mylogger - INFO - 七个连续的自然数，前四个数的和是46，那么后四个数的和是多少？
2018-09-24 07:08:54,628 - mylogger - INFO - ['60', '58', '61']
2018-09-24 07:08:54,643 - mylogger - INFO - 数据库中检索答案
2018-09-24 07:08:54,659 - mylogger - INFO - 数据中无答案
2018-09-24 07:08:55,862 - mylogger - INFO - 在线检索答案：60
2018-09-24 07:08:55,878 - mylogger - INFO - 我的答案：60
2018-09-24 07:08:56,441 - mylogger - INFO - 选择选项
2018-09-24 07:08:58,846 - mylogger - INFO - 答案错误
2018-09-24 07:08:58,987 - mylogger - INFO - 正确答案；58
2018-09-24 07:08:59,002 - mylogger - INFO - 更新答案
2018-09-24 07:09:03,689 - mylogger - INFO - 本题结束
2018-09-24 07:09:03,736 - mylogger - INFO - 获取题目
2018-09-24 07:09:06,610 - mylogger - INFO - 第 2 题
2018-09-24 07:09:06,891 - mylogger - INFO - 2017年春晚大热的董卿色口红是迪奥品牌哪个色号？
2018-09-24 07:09:07,859 - mylogger - INFO - ['迪奥001', '迪奥999', '迪奥080']
2018-09-24 07:09:07,875 - mylogger - INFO - 数据库中检索答案
2018-09-24 07:09:07,906 - mylogger - INFO - 数据中无答案
2018-09-24 07:09:08,578 - mylogger - INFO - 在线检索答案：迪奥080
2018-09-24 07:09:08,593 - mylogger - INFO - 我的答案：迪奥080
2018-09-24 07:09:09,141 - mylogger - INFO - 选择选项
2018-09-24 07:09:11,577 - mylogger - INFO - 答案正确
2018-09-24 07:09:11,593 - mylogger - INFO - 更新答案
2018-09-24 07:09:14,093 - mylogger - INFO - 本题结束
2018-09-24 07:09:14,124 - mylogger - INFO - 获取题目
2018-09-24 07:09:15,935 - mylogger - INFO - 第 3 题
2018-09-24 07:09:16,186 - mylogger - INFO - “范进”因为考取了什么功名而发疯？
2018-09-24 07:09:16,967 - mylogger - INFO - ['进士', '秀才', '举人']
2018-09-24 07:09:16,982 - mylogger - INFO - 数据库中检索答案
2018-09-24 07:09:17,013 - mylogger - INFO - 数据中无答案
2018-09-24 07:09:17,794 - mylogger - INFO - 在线检索答案：举人
2018-09-24 07:09:17,810 - mylogger - INFO - 我的答案：举人
2018-09-24 07:09:18,498 - mylogger - INFO - 选择选项
2018-09-24 07:09:20,872 - mylogger - INFO - 答案正确
2018-09-24 07:09:20,887 - mylogger - INFO - 更新答案
2018-09-24 07:09:22,231 - mylogger - INFO - 本题结束
2018-09-24 07:09:22,246 - mylogger - INFO - 获取题目
2018-09-24 07:09:23,981 - mylogger - INFO - 第 4 题
2018-09-24 07:09:24,231 - mylogger - INFO - 太阳的大气层从里到外可分为——
2018-09-24 07:09:25,215 - mylogger - INFO - ['光球、色球、日冕', '色球、光球、日冕', '色球、日冕、光球']
2018-09-24 07:09:25,230 - mylogger - INFO - 数据库中检索答案
2018-09-24 07:09:25,261 - mylogger - INFO - 数据中无答案
2018-09-24 07:09:26,995 - mylogger - INFO - 在线检索答案：
2018-09-24 07:09:27,011 - mylogger - INFO - 我的答案：光球、色球、日冕
2018-09-24 07:09:27,526 - mylogger - INFO - 选择选项
2018-09-24 07:09:29,963 - mylogger - INFO - 答案正确
2018-09-24 07:09:29,963 - mylogger - INFO - 更新答案
2018-09-24 07:09:34,681 - mylogger - INFO - 本题结束
2018-09-24 07:09:34,697 - mylogger - INFO - 获取题目
2018-09-24 07:09:37,540 - mylogger - INFO - 第 5 题
2018-09-24 07:09:37,884 - mylogger - INFO - 2017年春晚上,张艺兴是和哪个男艺人合作
2018-09-24 07:09:38,774 - mylogger - INFO - ['陈伟霆', '井柏然', '马天宇']
2018-09-24 07:09:38,805 - mylogger - INFO - 数据库中检索答案
2018-09-24 07:09:38,821 - mylogger - INFO - 我的答案：井柏然
2018-09-24 07:09:39,336 - mylogger - INFO - 选择选项
2018-09-24 07:09:41,773 - mylogger - INFO - 答案正确
2018-09-24 07:09:41,789 - mylogger - INFO - 更新答案
2018-09-24 07:09:45,367 - mylogger - INFO - 本题结束
2018-09-24 07:09:45,538 - mylogger - INFO - 本场比赛结束
2018-09-24 07:09:45,851 - mylogger - INFO - 返回游戏页面
2018-09-24 07:09:47,319 - mylogger - INFO - 进入排位赛
2018-09-24 07:09:47,334 - mylogger - INFO - 正在匹配中......
2018-09-24 07:10:00,066 - mylogger - INFO - 匹配成功
2018-09-24 07:10:00,081 - mylogger - INFO - 获取题目
2018-09-24 07:10:03,128 - mylogger - INFO - 第 1 题
2018-09-24 07:10:03,487 - mylogger - INFO - 岁寒三友指的是？
2018-09-24 07:10:04,393 - mylogger - INFO - ['松、竹、梅', '松、柏、竹', '柏、竹、菊']
2018-09-24 07:10:04,408 - mylogger - INFO - 数据库中检索答案
2018-09-24 07:10:04,424 - mylogger - INFO - 数据中无答案
2018-09-24 07:10:04,705 - mylogger - INFO - 在线检索答案：松、竹、梅
2018-09-24 07:10:04,721 - mylogger - INFO - 我的答案：松、竹、梅
2018-09-24 07:10:05,237 - mylogger - INFO - 选择选项
2018-09-24 07:10:07,643 - mylogger - INFO - 答案正确
2018-09-24 07:10:07,657 - mylogger - INFO - 更新答案
2018-09-24 07:10:11,298 - mylogger - INFO - 本题结束
2018-09-24 07:10:11,313 - mylogger - INFO - 获取题目
2018-09-24 07:10:13,110 - mylogger - INFO - 第 2 题
2018-09-24 07:10:13,376 - mylogger - INFO - 哈雷彗星的“哈雷”是指什么？
2018-09-24 07:10:14,203 - mylogger - INFO - ['人名', '地名', '动物名']
2018-09-24 07:10:14,218 - mylogger - INFO - 数据库中检索答案
2018-09-24 07:10:14,234 - mylogger - INFO - 数据中无答案
2018-09-24 07:10:14,984 - mylogger - INFO - 在线检索答案：
2018-09-24 07:10:14,999 - mylogger - INFO - 我的答案：人名
2018-09-24 07:10:15,516 - mylogger - INFO - 选择选项
2018-09-24 07:10:17,953 - mylogger - INFO - 答案正确
2018-09-24 07:10:17,968 - mylogger - INFO - 更新答案
2018-09-24 07:10:21,624 - mylogger - INFO - 本题结束
2018-09-24 07:10:21,639 - mylogger - INFO - 获取题目
2018-09-24 07:10:23,436 - mylogger - INFO - 第 3 题
2018-09-24 07:10:23,733 - mylogger - INFO - 87版电视剧《红楼梦》，林黛玉的扮演者是？
2018-09-24 07:10:24,670 - mylogger - INFO - ['东方闻樱', '陈晓旭', '张莉']
2018-09-24 07:10:24,685 - mylogger - INFO - 数据库中检索答案
2018-09-24 07:10:24,700 - mylogger - INFO - 数据中无答案
2018-09-24 07:10:25,481 - mylogger - INFO - 在线检索答案：陈晓旭
2018-09-24 07:10:25,497 - mylogger - INFO - 我的答案：陈晓旭
2018-09-24 07:10:26,106 - mylogger - INFO - 选择选项
2018-09-24 07:10:28,497 - mylogger - INFO - 答案正确
2018-09-24 07:10:28,512 - mylogger - INFO - 更新答案
2018-09-24 07:10:29,840 - mylogger - INFO - 本题结束
2018-09-24 07:10:29,855 - mylogger - INFO - 获取题目
2018-09-24 07:10:31,621 - mylogger - INFO - 第 4 题
2018-09-24 07:10:31,965 - mylogger - INFO - 电视节目《开门大吉》的主持人是以下哪位？
2018-09-24 07:10:32,933 - mylogger - INFO - ['撒贝宁', '尼格买提·热合曼', '陈鲁豫']
2018-09-24 07:10:32,948 - mylogger - INFO - 数据库中检索答案
2018-09-24 07:10:32,980 - mylogger - INFO - 数据中无答案
2018-09-24 07:10:33,714 - mylogger - INFO - 在线检索答案：尼格买提·热合曼
2018-09-24 07:10:33,729 - mylogger - INFO - 我的答案：尼格买提·热合曼
2018-09-24 07:10:34,293 - mylogger - INFO - 选择选项
2018-09-24 07:10:36,667 - mylogger - INFO - 答案正确
2018-09-24 07:10:36,682 - mylogger - INFO - 更新答案
2018-09-24 07:10:38,089 - mylogger - INFO - 本题结束
2018-09-24 07:10:38,120 - mylogger - INFO - 获取题目
2018-09-24 07:10:41,010 - mylogger - INFO - 第 5 题
2018-09-24 07:10:41,322 - mylogger - INFO - 清代以珍珠加工而成的妆粉称为什么？
2018-09-24 07:10:42,399 - mylogger - INFO - ['紫粉', '珠粉', '玉簪粉']
2018-09-24 07:10:42,415 - mylogger - INFO - 数据库中检索答案
2018-09-24 07:10:42,431 - mylogger - INFO - 我的答案：珠粉
2018-09-24 07:10:42,994 - mylogger - INFO - 选择选项
2018-09-24 07:10:45,399 - mylogger - INFO - 答案正确
2018-09-24 07:10:45,414 - mylogger - INFO - 更新答案
2018-09-24 07:10:46,758 - mylogger - INFO - 本题结束
2018-09-24 07:10:46,868 - mylogger - INFO - 本场比赛结束
2018-09-24 07:10:47,117 - mylogger - INFO - 返回游戏页面
2018-09-24 07:10:48,632 - mylogger - INFO - 进入排位赛
2018-09-24 07:10:48,632 - mylogger - INFO - 正在匹配中......
2018-09-24 07:11:49,712 - mylogger - WARNING - 匹配失败
2018-09-24 07:11:49,962 - mylogger - INFO - 返回游戏页面
2018-09-24 07:11:51,462 - mylogger - INFO - 进入排位赛
2018-09-24 07:11:51,477 - mylogger - INFO - 正在匹配中......
2018-09-24 07:12:29,687 - mylogger - INFO - 匹配成功
2018-09-24 07:12:29,702 - mylogger - INFO - 获取题目
2018-09-24 07:12:32,780 - mylogger - INFO - 第 1 题
2018-09-24 07:12:33,062 - mylogger - INFO - 电影《沉默的羔羊》中实习特工克拉丽丝一直在追寻的凶手是谁？
2018-09-24 07:12:33,905 - mylogger - INFO - ['林杰克', '野牛比尔', '汉尼拔']
2018-09-24 07:12:33,920 - mylogger - INFO - 数据库中检索答案
2018-09-24 07:12:33,936 - mylogger - INFO - 数据中无答案
2018-09-24 07:12:34,685 - mylogger - INFO - 在线检索答案：野牛比尔
2018-09-24 07:12:34,701 - mylogger - INFO - 我的答案：野牛比尔
2018-09-24 07:12:35,295 - mylogger - INFO - 选择选项
2018-09-24 07:12:37,748 - mylogger - INFO - 答案正确
2018-09-24 07:12:37,763 - mylogger - INFO - 更新答案
2018-09-24 07:12:48,261 - mylogger - INFO - 本题结束
2018-09-24 07:12:48,276 - mylogger - INFO - 获取题目
2018-09-24 07:12:48,964 - mylogger - INFO - 第 2 题
2018-09-24 07:12:49,308 - mylogger - INFO - 镇南将军张鲁是哪个道的创始人？
2018-09-24 07:12:50,307 - mylogger - INFO - ['全真道', '天师道', '五斗米道']
2018-09-24 07:12:50,322 - mylogger - INFO - 数据库中检索答案
2018-09-24 07:12:50,338 - mylogger - INFO - 数据中无答案
2018-09-24 07:12:51,244 - mylogger - INFO - 在线检索答案：五斗米道
2018-09-24 07:12:51,260 - mylogger - INFO - 我的答案：五斗米道
2018-09-24 07:12:51,807 - mylogger - INFO - 选择选项
2018-09-24 07:12:54,228 - mylogger - INFO - 答案正确
2018-09-24 07:12:54,243 - mylogger - INFO - 更新答案
2018-09-24 07:12:55,666 - mylogger - INFO - 本题结束
2018-09-24 07:12:55,680 - mylogger - INFO - 获取题目
2018-09-24 07:12:57,571 - mylogger - INFO - 第 3 题
2018-09-24 07:12:57,899 - mylogger - INFO - 歌曲《全部都是你》的歌词中，第一句是我的哪里都是你？
2018-09-24 07:12:58,821 - mylogger - INFO - ['眼里', '脑海里', '心里']
2018-09-24 07:12:58,836 - mylogger - INFO - 数据库中检索答案
2018-09-24 07:12:58,867 - mylogger - INFO - 数据中无答案
2018-09-24 07:13:00,351 - mylogger - INFO - 在线检索答案：眼里
2018-09-24 07:13:00,367 - mylogger - INFO - 我的答案：眼里
2018-09-24 07:13:00,914 - mylogger - INFO - 选择选项
2018-09-24 07:13:03,367 - mylogger - INFO - 答案正确
2018-09-24 07:13:03,382 - mylogger - INFO - 更新答案
2018-09-24 07:13:09,256 - mylogger - INFO - 本题结束
2018-09-24 07:13:09,271 - mylogger - INFO - 获取题目
2018-09-24 07:13:11,021 - mylogger - INFO - 第 4 题
2018-09-24 07:13:11,365 - mylogger - INFO - 以下哪个节气在白露之前？
2018-09-24 07:13:12,317 - mylogger - INFO - ['小雪', '处暑', '芒种']
2018-09-24 07:13:12,333 - mylogger - INFO - 数据库中检索答案
2018-09-24 07:13:12,348 - mylogger - INFO - 数据中无答案
2018-09-24 07:13:13,067 - mylogger - INFO - 在线检索答案：处暑
2018-09-24 07:13:13,083 - mylogger - INFO - 我的答案：处暑
2018-09-24 07:13:13,677 - mylogger - INFO - 选择选项
2018-09-24 07:13:16,160 - mylogger - INFO - 答案正确
2018-09-24 07:13:16,160 - mylogger - INFO - 更新答案
2018-09-24 07:13:22,065 - mylogger - INFO - 本题结束
2018-09-24 07:13:22,080 - mylogger - INFO - 获取题目
2018-09-24 07:13:23,971 - mylogger - INFO - 第 5 题
2018-09-24 07:13:24,284 - mylogger - INFO - 碧玺是哪种物质的工艺品名？
2018-09-24 07:13:25,127 - mylogger - INFO - ['电气石', '玉石', '金刚石']
2018-09-24 07:13:25,158 - mylogger - INFO - 数据库中检索答案
2018-09-24 07:13:25,173 - mylogger - INFO - 数据中无答案
2018-09-24 07:13:25,939 - mylogger - INFO - 在线检索答案：电气石
2018-09-24 07:13:25,955 - mylogger - INFO - 我的答案：电气石
2018-09-24 07:13:26,471 - mylogger - INFO - 选择选项
2018-09-24 07:13:28,860 - mylogger - INFO - 答案正确
2018-09-24 07:13:28,860 - mylogger - INFO - 更新答案
2018-09-24 07:13:31,345 - mylogger - INFO - 本题结束
2018-09-24 07:13:31,454 - mylogger - INFO - 本场比赛结束
2018-09-24 07:13:31,704 - mylogger - INFO - 返回游戏页面
2018-09-24 07:13:33,235 - mylogger - INFO - 进入排位赛
2018-09-24 07:13:33,250 - mylogger - INFO - 正在匹配中......
2018-09-24 07:13:42,513 - mylogger - INFO - 匹配成功
2018-09-24 07:13:42,529 - mylogger - INFO - 获取题目
2018-09-24 07:13:45,544 - mylogger - INFO - 第 1 题
2018-09-24 07:13:45,888 - mylogger - INFO - 下列选项中，哪一个是最典型的南北向山系山脉？
2018-09-24 07:13:46,888 - mylogger - INFO - ['喜马拉雅山脉', '大巴山脉', '横断山脉']
2018-09-24 07:13:46,903 - mylogger - INFO - 数据库中检索答案
2018-09-24 07:13:46,918 - mylogger - INFO - 我的答案：横断山脉
2018-09-24 07:13:47,403 - mylogger - INFO - 选择选项
2018-09-24 07:13:49,871 - mylogger - INFO - 答案正确
2018-09-24 07:13:49,886 - mylogger - INFO - 更新答案
2018-09-24 07:14:00,182 - mylogger - INFO - 本题结束
2018-09-24 07:14:00,196 - mylogger - INFO - 获取题目
2018-09-24 07:14:00,822 - mylogger - INFO - 第 2 题
2018-09-24 07:14:01,134 - mylogger - INFO - 哪一年奥运会开始加入运动员宣誓仪式？
2018-09-24 07:14:02,103 - mylogger - INFO - ['2008年', '1920年', '2012年']
2018-09-24 07:14:02,118 - mylogger - INFO - 数据库中检索答案
2018-09-24 07:14:02,133 - mylogger - INFO - 数据中无答案
2018-09-24 07:14:03,336 - mylogger - INFO - 在线检索答案：1920年
2018-09-24 07:14:03,352 - mylogger - INFO - 我的答案：1920年
2018-09-24 07:14:03,915 - mylogger - INFO - 选择选项
2018-09-24 07:14:06,305 - mylogger - INFO - 答案正确
2018-09-24 07:14:06,320 - mylogger - INFO - 更新答案
2018-09-24 07:14:07,710 - mylogger - INFO - 本题结束
2018-09-24 07:14:07,726 - mylogger - INFO - 获取题目
2018-09-24 07:14:09,507 - mylogger - INFO - 第 3 题
2018-09-24 07:14:09,789 - mylogger - INFO - 下列行星中，卫星最多的是：
2018-09-24 07:14:10,835 - mylogger - INFO - ['木星', '金星', '土星']
2018-09-24 07:14:10,850 - mylogger - INFO - 数据库中检索答案
2018-09-24 07:14:10,881 - mylogger - INFO - 数据中无答案
2018-09-24 07:14:11,163 - mylogger - INFO - 在线检索答案：木星
2018-09-24 07:14:11,194 - mylogger - INFO - 我的答案：木星
2018-09-24 07:14:11,709 - mylogger - INFO - 选择选项
2018-09-24 07:14:14,162 - mylogger - INFO - 答案正确
2018-09-24 07:14:14,178 - mylogger - INFO - 更新答案
2018-09-24 07:14:17,818 - mylogger - INFO - 本题结束
2018-09-24 07:14:17,833 - mylogger - INFO - 获取题目
2018-09-24 07:14:20,724 - mylogger - INFO - 第 4 题
2018-09-24 07:14:21,098 - mylogger - INFO - “隔世之感”的“世”在古代是指多少年？
2018-09-24 07:14:21,989 - mylogger - INFO - ['30年', '60年', '100年']
2018-09-24 07:14:22,004 - mylogger - INFO - 数据库中检索答案
2018-09-24 07:14:22,020 - mylogger - INFO - 数据中无答案
2018-09-24 07:14:22,957 - mylogger - INFO - 在线检索答案：30年
2018-09-24 07:14:22,972 - mylogger - INFO - 我的答案：30年
2018-09-24 07:14:23,489 - mylogger - INFO - 选择选项
2018-09-24 07:14:25,940 - mylogger - INFO - 答案正确
2018-09-24 07:14:25,940 - mylogger - INFO - 更新答案
2018-09-24 07:14:28,394 - mylogger - INFO - 本题结束
2018-09-24 07:14:28,409 - mylogger - INFO - 获取题目
2018-09-24 07:14:30,221 - mylogger - INFO - 第 5 题
2018-09-24 07:14:30,581 - mylogger - INFO - 在八大行星中，被称为最冷的行星是哪一颗?
2018-09-24 07:14:31,564 - mylogger - INFO - ['天王星', '水星', '海王星']
2018-09-24 07:14:31,580 - mylogger - INFO - 数据库中检索答案
2018-09-24 07:14:31,595 - mylogger - INFO - 数据中无答案
2018-09-24 07:14:32,267 - mylogger - INFO - 在线检索答案：海王星
2018-09-24 07:14:32,283 - mylogger - INFO - 我的答案：海王星
2018-09-24 07:14:32,799 - mylogger - INFO - 选择选项
2018-09-24 07:14:35,345 - mylogger - INFO - 答案错误
2018-09-24 07:14:35,516 - mylogger - INFO - 正确答案；天王星
2018-09-24 07:14:35,532 - mylogger - INFO - 更新答案
2018-09-24 07:14:37,970 - mylogger - INFO - 本题结束
2018-09-24 07:14:38,110 - mylogger - INFO - 本场比赛结束
2018-09-24 07:14:38,376 - mylogger - INFO - 返回游戏页面
2018-09-24 07:14:39,844 - mylogger - INFO - 进入排位赛
2018-09-24 07:14:39,859 - mylogger - INFO - 正在匹配中......
2018-09-24 07:14:47,966 - mylogger - INFO - 匹配成功
2018-09-24 07:14:47,966 - mylogger - INFO - 获取题目
2018-09-24 07:14:50,873 - mylogger - INFO - 第 1 题
2018-09-24 07:14:51,170 - mylogger - INFO - 电话拨号连接互联网，除了要具备电话线和计算机外，还要什么？
2018-09-24 07:14:52,029 - mylogger - INFO - ['Modem', '网卡', '路由器']
2018-09-24 07:14:52,044 - mylogger - INFO - 数据库中检索答案
2018-09-24 07:14:52,059 - mylogger - INFO - 数据中无答案
2018-09-24 07:14:54,090 - mylogger - INFO - 在线检索答案：Modem
2018-09-24 07:14:54,106 - mylogger - INFO - 我的答案：Modem
2018-09-24 07:14:54,637 - mylogger - INFO - 选择选项
2018-09-24 07:14:57,042 - mylogger - INFO - 答案正确
2018-09-24 07:14:57,042 - mylogger - INFO - 更新答案
2018-09-24 07:15:07,416 - mylogger - INFO - 本题结束
2018-09-24 07:15:07,431 - mylogger - INFO - 获取题目
2018-09-24 07:15:08,149 - mylogger - INFO - 第 2 题
2018-09-24 07:15:08,462 - mylogger - INFO - 下列哪个国家的官方语言是葡萄牙语？
2018-09-24 07:15:09,462 - mylogger - INFO - ['智利', '巴西', '哥伦比亚']
2018-09-24 07:15:09,477 - mylogger - INFO - 数据库中检索答案
2018-09-24 07:15:09,493 - mylogger - INFO - 数据中无答案
2018-09-24 07:15:10,227 - mylogger - INFO - 在线检索答案：巴西
2018-09-24 07:15:10,227 - mylogger - INFO - 我的答案：巴西
2018-09-24 07:15:10,790 - mylogger - INFO - 选择选项
2018-09-24 07:16:16,243 - mylogger - INFO - 进入排位赛
2018-09-24 07:16:16,258 - mylogger - INFO - 正在匹配中......
2018-09-24 07:16:34,395 - mylogger - INFO - 匹配成功
2018-09-24 07:16:34,410 - mylogger - INFO - 获取题目
2018-09-24 07:16:37,301 - mylogger - INFO - 第 1 题
2018-09-24 07:16:37,582 - mylogger - INFO - 中国四大瀑布之一的大龙湫瀑布位于我国浙江省的哪座名山？
2018-09-24 07:16:38,410 - mylogger - INFO - ['莫干山', '天台山', '雁荡山']
2018-09-24 07:16:38,425 - mylogger - INFO - 数据库中检索答案
2018-09-24 07:16:38,456 - mylogger - INFO - 数据中无答案
2018-09-24 07:16:40,159 - mylogger - INFO - 在线检索答案：雁荡山
2018-09-24 07:16:40,174 - mylogger - INFO - 我的答案：雁荡山
2018-09-24 07:16:40,706 - mylogger - INFO - 选择选项
2018-09-24 07:16:43,065 - mylogger - INFO - 答案正确
2018-09-24 07:16:43,080 - mylogger - INFO - 更新答案
2018-09-24 07:16:47,783 - mylogger - INFO - 本题结束
2018-09-24 07:16:47,814 - mylogger - INFO - 获取题目
2018-09-24 07:16:49,548 - mylogger - INFO - 第 2 题
2018-09-24 07:16:49,906 - mylogger - INFO - 环法自行车大赛“爬坡王”获得的是什么运动衫？
2018-09-24 07:16:50,829 - mylogger - INFO - ['圆点衫', '白衫', '绿衫']
2018-09-24 07:16:50,844 - mylogger - INFO - 数据库中检索答案
2018-09-24 07:16:50,859 - mylogger - INFO - 数据中无答案
2018-09-24 07:16:51,687 - mylogger - INFO - 在线检索答案：绿衫
2018-09-24 07:16:51,703 - mylogger - INFO - 我的答案：绿衫
2018-09-24 07:16:52,250 - mylogger - INFO - 选择选项
2018-09-24 07:16:54,656 - mylogger - INFO - 答案错误
2018-09-24 07:16:54,843 - mylogger - INFO - 正确答案；圆点衫
2018-09-24 07:16:54,843 - mylogger - INFO - 更新答案
2018-09-24 07:16:56,171 - mylogger - INFO - 本题结束
2018-09-24 07:16:56,186 - mylogger - INFO - 获取题目
2018-09-24 07:16:57,983 - mylogger - INFO - 第 3 题
2018-09-24 07:16:58,265 - mylogger - INFO - 柏林国际电影节的最高奖项是：
2018-09-24 07:16:59,233 - mylogger - INFO - ['金熊奖', '金棕榈奖', '金马奖']
2018-09-24 07:16:59,264 - mylogger - INFO - 数据库中检索答案
2018-09-24 07:16:59,279 - mylogger - INFO - 数据中无答案
2018-09-24 07:17:00,107 - mylogger - INFO - 在线检索答案：金熊奖
2018-09-24 07:17:00,123 - mylogger - INFO - 我的答案：金熊奖
2018-09-24 07:17:00,670 - mylogger - INFO - 选择选项
2018-09-24 07:17:03,076 - mylogger - INFO - 答案正确
2018-09-24 07:17:03,091 - mylogger - INFO - 更新答案
2018-09-24 07:17:04,622 - mylogger - INFO - 本题结束
2018-09-24 07:17:04,637 - mylogger - INFO - 获取题目
2018-09-24 07:17:06,372 - mylogger - INFO - 第 4 题
2018-09-24 07:17:06,700 - mylogger - INFO - 眼镜蛇机动，最早由苏联的哪个飞行员驾驶苏-27完成？
2018-09-24 07:17:07,699 - mylogger - INFO - ['阔日杜布', '弗罗洛夫', '普加乔夫']
2018-09-24 07:17:07,715 - mylogger - INFO - 数据库中检索答案
2018-09-24 07:17:07,730 - mylogger - INFO - 数据中无答案
2018-09-24 07:17:08,465 - mylogger - INFO - 在线检索答案：普加乔夫
2018-09-24 07:17:08,480 - mylogger - INFO - 我的答案：普加乔夫
2018-09-24 07:17:09,043 - mylogger - INFO - 选择选项
2018-09-24 07:17:11,402 - mylogger - INFO - 答案正确
2018-09-24 07:17:11,417 - mylogger - INFO - 更新答案
2018-09-24 07:17:15,182 - mylogger - INFO - 本题结束
2018-09-24 07:17:15,197 - mylogger - INFO - 获取题目
2018-09-24 07:17:18,135 - mylogger - INFO - 第 5 题
2018-09-24 07:17:18,416 - mylogger - INFO - 以下哪一首歌是电视剧《仙剑奇侠传三》的插曲？
2018-09-24 07:17:19,275 - mylogger - INFO - ['《偏爱》', '《仙剑传奇》', '《蝶恋》']
2018-09-24 07:17:19,306 - mylogger - INFO - 数据库中检索答案
2018-09-24 07:17:19,321 - mylogger - INFO - 数据中无答案
2018-09-24 07:17:20,040 - mylogger - INFO - 在线检索答案：
2018-09-24 07:17:20,056 - mylogger - INFO - 我的答案：《偏爱》
2018-09-24 07:17:20,572 - mylogger - INFO - 选择选项
2018-09-24 07:17:22,977 - mylogger - INFO - 答案正确
2018-09-24 07:17:22,992 - mylogger - INFO - 更新答案
2018-09-24 07:17:24,523 - mylogger - INFO - 本题结束
2018-09-24 07:17:24,679 - mylogger - INFO - 本场比赛结束
2018-09-24 07:17:24,946 - mylogger - INFO - 返回游戏页面
2018-09-24 07:17:26,429 - mylogger - INFO - 进入排位赛
2018-09-24 07:17:26,429 - mylogger - INFO - 正在匹配中......
2018-09-24 07:17:46,769 - mylogger - INFO - 匹配成功
2018-09-24 07:17:46,784 - mylogger - INFO - 获取题目
2018-09-24 07:17:49,955 - mylogger - INFO - 第 1 题
2018-09-24 07:17:50,252 - mylogger - INFO - 巴洛克绘画中最伟大的代表人物是哪一位？
2018-09-24 07:17:51,190 - mylogger - INFO - ['贝尼尼', '鲁本斯', '凡·代克']
2018-09-24 07:17:51,204 - mylogger - INFO - 数据库中检索答案
2018-09-24 07:17:51,220 - mylogger - INFO - 数据中无答案
2018-09-24 07:17:52,001 - mylogger - INFO - 在线检索答案：鲁本斯
2018-09-24 07:17:52,017 - mylogger - INFO - 我的答案：鲁本斯
2018-09-24 07:17:52,689 - mylogger - INFO - 选择选项
2018-09-24 07:17:55,079 - mylogger - INFO - 答案正确
2018-09-24 07:17:55,094 - mylogger - INFO - 更新答案
2018-09-24 07:17:56,672 - mylogger - INFO - 本题结束
2018-09-24 07:17:56,688 - mylogger - INFO - 获取题目
2018-09-24 07:17:58,516 - mylogger - INFO - 第 2 题
2018-09-24 07:17:58,906 - mylogger - INFO - 下列食品中，属于我国东北地区少数民族赫哲族的特色美食是？
2018-09-24 07:17:59,797 - mylogger - INFO - ['奶皮子', '马脚杆', '塔拉哈']
2018-09-24 07:17:59,843 - mylogger - INFO - 数据库中检索答案
2018-09-24 07:17:59,859 - mylogger - INFO - 数据中无答案
2018-09-24 07:18:00,499 - mylogger - INFO - 在线检索答案：塔拉哈
2018-09-24 07:18:00,515 - mylogger - INFO - 我的答案：塔拉哈
2018-09-24 07:18:01,046 - mylogger - INFO - 选择选项
2018-09-24 07:18:03,530 - mylogger - INFO - 答案正确
2018-09-24 07:18:03,545 - mylogger - INFO - 更新答案
2018-09-24 07:18:09,591 - mylogger - INFO - 本题结束
2018-09-24 07:18:09,606 - mylogger - INFO - 获取题目
2018-09-24 07:18:11,372 - mylogger - INFO - 第 3 题
2018-09-24 07:18:11,732 - mylogger - INFO - 台词“原来，一个人吃饭没有两个人吃饭开心。”是出自哪一部电影？
2018-09-24 07:18:12,731 - mylogger - INFO - ['《捉妖记2》', '《芳华》', '《天下无双》']
2018-09-24 07:18:12,746 - mylogger - INFO - 数据库中检索答案
2018-09-24 07:18:12,762 - mylogger - INFO - 数据中无答案
2018-09-24 07:18:14,418 - mylogger - INFO - 在线检索答案：《天下无双》
2018-09-24 07:18:14,433 - mylogger - INFO - 我的答案：《天下无双》
2018-09-24 07:18:14,980 - mylogger - INFO - 选择选项
2018-09-24 07:18:17,371 - mylogger - INFO - 答案正确
2018-09-24 07:18:17,386 - mylogger - INFO - 更新答案
2018-09-24 07:18:22,338 - mylogger - INFO - 本题结束
2018-09-24 07:18:22,353 - mylogger - INFO - 获取题目
2018-09-24 07:18:24,150 - mylogger - INFO - 第 4 题
2018-09-24 07:18:24,526 - mylogger - INFO - 由中国围棋协会命名的第一个围棋之乡是
2018-09-24 07:18:25,556 - mylogger - INFO - ['浙江省嵊县', '浙江省天台县', '浙江省余姚县']
2018-09-24 07:18:25,571 - mylogger - INFO - 数据库中检索答案
2018-09-24 07:18:25,587 - mylogger - INFO - 我的答案：浙江省天台县
2018-09-24 07:18:26,088 - mylogger - INFO - 选择选项
2018-09-24 07:18:28,462 - mylogger - INFO - 答案正确
2018-09-24 07:18:28,477 - mylogger - INFO - 更新答案
2018-09-24 07:18:39,209 - mylogger - INFO - 本题结束
2018-09-24 07:18:39,224 - mylogger - INFO - 获取题目
2018-09-24 07:18:42,115 - mylogger - INFO - 第 5 题
2018-09-24 07:18:42,443 - mylogger - INFO - “国际和平与民主自由斗争日”是几月份设立的？
2018-09-24 07:18:43,302 - mylogger - INFO - ['5月', '6月', '7月']
2018-09-24 07:18:43,317 - mylogger - INFO - 数据库中检索答案
2018-09-24 07:18:43,333 - mylogger - INFO - 我的答案：7月
2018-09-24 07:18:43,848 - mylogger - INFO - 选择选项
2018-09-24 07:18:46,317 - mylogger - INFO - 答案正确
2018-09-24 07:18:46,317 - mylogger - INFO - 更新答案
2018-09-24 07:18:56,798 - mylogger - INFO - 本题结束
2018-09-24 07:18:56,908 - mylogger - INFO - 本场比赛结束
2018-09-24 07:18:57,174 - mylogger - INFO - 返回游戏页面
2018-09-24 07:18:58,735 - mylogger - INFO - 进入排位赛
2018-09-24 07:18:58,751 - mylogger - INFO - 正在匹配中......
2018-09-24 07:19:59,534 - mylogger - WARNING - 匹配失败
2018-09-24 07:19:59,816 - mylogger - INFO - 返回游戏页面
2018-09-24 07:20:01,346 - mylogger - INFO - 进入排位赛
2018-09-24 07:20:01,361 - mylogger - INFO - 正在匹配中......
2018-09-24 07:20:12,875 - mylogger - INFO - 匹配成功
2018-09-24 07:20:12,890 - mylogger - INFO - 获取题目
2018-09-24 07:20:15,921 - mylogger - INFO - 第 1 题
2018-09-24 07:20:16,234 - mylogger - INFO - 键盘盲打时，左右手的两个食指分别在哪个键上？
2018-09-24 07:20:17,124 - mylogger - INFO - ['F、G', 'G、H', 'F、J']
2018-09-24 07:20:17,139 - mylogger - INFO - 数据库中检索答案
2018-09-24 07:20:17,154 - mylogger - INFO - 我的答案：F、J
2018-09-24 07:20:17,655 - mylogger - INFO - 选择选项
2018-09-24 07:20:20,061 - mylogger - INFO - 答案正确
2018-09-24 07:20:20,076 - mylogger - INFO - 更新答案
2018-09-24 07:20:23,840 - mylogger - INFO - 本题结束
2018-09-24 07:20:23,840 - mylogger - INFO - 获取题目
2018-09-24 07:20:25,560 - mylogger - INFO - 第 2 题
2018-09-24 07:20:25,809 - mylogger - INFO - 写出“粉身碎骨全不怕，要留清白在人间”的人是？
2018-09-24 07:20:26,809 - mylogger - INFO - ['文天祥', '于谦', '王昌龄']
2018-09-24 07:20:26,824 - mylogger - INFO - 数据库中检索答案
2018-09-24 07:20:26,840 - mylogger - INFO - 我的答案：于谦
2018-09-24 07:20:27,324 - mylogger - INFO - 选择选项
2018-09-24 07:20:29,793 - mylogger - INFO - 答案正确
2018-09-24 07:20:29,808 - mylogger - INFO - 更新答案
2018-09-24 07:20:40,400 - mylogger - INFO - 本题结束
2018-09-24 07:20:40,415 - mylogger - INFO - 获取题目
2018-09-24 07:20:43,399 - mylogger - INFO - 第 3 题
2018-09-24 07:20:43,774 - mylogger - INFO - 物理学家卢瑟福于1908年获得了诺贝尔的哪个奖项？
2018-09-24 07:20:44,633 - mylogger - INFO - ['生物学奖', '化学奖', '文学奖']
2018-09-24 07:20:44,648 - mylogger - INFO - 数据库中检索答案
2018-09-24 07:20:44,664 - mylogger - INFO - 数据中无答案
2018-09-24 07:20:45,523 - mylogger - INFO - 在线检索答案：化学奖
2018-09-24 07:20:45,538 - mylogger - INFO - 我的答案：化学奖
2018-09-24 07:20:46,086 - mylogger - INFO - 选择选项
2018-09-24 07:20:48,460 - mylogger - INFO - 答案正确
2018-09-24 07:20:48,475 - mylogger - INFO - 更新答案
2018-09-24 07:20:57,755 - mylogger - INFO - 本题结束
2018-09-24 07:20:57,770 - mylogger - INFO - 获取题目
2018-09-24 07:21:00,692 - mylogger - INFO - 第 4 题
2018-09-24 07:21:01,020 - mylogger - INFO - 前中国职业篮球运动员王仕鹏，他获得了几次CBA总冠军？
2018-09-24 07:21:01,956 - mylogger - INFO - ['6次', '7次', '8次']
2018-09-24 07:21:01,972 - mylogger - INFO - 数据库中检索答案
2018-09-24 07:21:01,988 - mylogger - INFO - 我的答案：8次
2018-09-24 07:21:02,488 - mylogger - INFO - 选择选项
2018-09-24 07:21:04,956 - mylogger - INFO - 答案正确
2018-09-24 07:21:04,971 - mylogger - INFO - 更新答案
2018-09-24 07:21:15,422 - mylogger - INFO - 本题结束
2018-09-24 07:21:15,422 - mylogger - INFO - 获取题目
2018-09-24 07:21:17,188 - mylogger - INFO - 第 5 题
2018-09-24 07:21:17,485 - mylogger - INFO - 以制造拖拉机起家的意大利著名汽车品牌是？
2018-09-24 07:21:18,453 - mylogger - INFO - ['保时捷', '法拉利', '兰博基尼']
2018-09-24 07:21:18,468 - mylogger - INFO - 数据库中检索答案
2018-09-24 07:21:18,484 - mylogger - INFO - 我的答案：兰博基尼
2018-09-24 07:21:18,984 - mylogger - INFO - 选择选项
2018-09-24 07:21:21,452 - mylogger - INFO - 答案正确
2018-09-24 07:21:21,467 - mylogger - INFO - 更新答案
2018-09-24 07:21:31,934 - mylogger - INFO - 本题结束
2018-09-24 07:21:32,106 - mylogger - INFO - 本场比赛结束
2018-09-24 07:21:32,356 - mylogger - INFO - 返回游戏页面
2018-09-24 07:21:33,840 - mylogger - INFO - 进入排位赛
2018-09-24 07:21:33,855 - mylogger - INFO - 正在匹配中......
2018-09-24 07:22:20,517 - mylogger - INFO - 匹配成功
2018-09-24 07:22:20,532 - mylogger - INFO - 获取题目
2018-09-24 07:22:23,438 - mylogger - INFO - 第 1 题
2018-09-24 07:22:23,797 - mylogger - INFO - 著名书法家王羲之，是现在哪个地方的人士？
2018-09-24 07:22:24,797 - mylogger - INFO - ['山东', '陕西', '浙江']
2018-09-24 07:22:24,812 - mylogger - INFO - 数据库中检索答案
2018-09-24 07:22:24,828 - mylogger - INFO - 数据中无答案
2018-09-24 07:22:25,671 - mylogger - INFO - 在线检索答案：山东
2018-09-24 07:22:25,687 - mylogger - INFO - 我的答案：山东
2018-09-24 07:22:26,250 - mylogger - INFO - 选择选项
2018-09-24 07:22:28,671 - mylogger - INFO - 答案正确
2018-09-24 07:22:28,686 - mylogger - INFO - 更新答案
2018-09-24 07:22:38,263 - mylogger - INFO - 本题结束
2018-09-24 07:22:38,278 - mylogger - INFO - 获取题目
2018-09-24 07:22:40,059 - mylogger - INFO - 第 2 题
2018-09-24 07:22:40,403 - mylogger - INFO - 以下哪种唇膏色号是唇釉质地？
2018-09-24 07:22:41,278 - mylogger - INFO - ['Dior520', '阿玛尼 501', 'MAC chili']
2018-09-24 07:22:41,293 - mylogger - INFO - 数据库中检索答案
2018-09-24 07:22:41,308 - mylogger - INFO - 数据中无答案
2018-09-24 07:22:42,105 - mylogger - INFO - 在线检索答案：
2018-09-24 07:22:42,121 - mylogger - INFO - 我的答案：Dior520
2018-09-24 07:22:42,730 - mylogger - INFO - 选择选项
2018-09-24 07:22:45,214 - mylogger - INFO - 答案错误
2018-09-24 07:22:45,339 - mylogger - INFO - 正确答案；阿玛尼 501
2018-09-24 07:22:45,354 - mylogger - INFO - 更新答案
2018-09-24 07:22:54,790 - mylogger - INFO - 本题结束
2018-09-24 07:22:54,805 - mylogger - INFO - 获取题目
2018-09-24 07:22:57,711 - mylogger - INFO - 第 3 题
2018-09-24 07:22:58,024 - mylogger - INFO - 二战时期，美军所有履带装甲战斗车辆中，行驶速度最快的战车是哪一个？
2018-09-24 07:22:58,945 - mylogger - INFO - ['M4坦克', 'M18坦克歼击车', 'M24坦克']
2018-09-24 07:22:58,960 - mylogger - INFO - 数据库中检索答案
2018-09-24 07:22:58,976 - mylogger - INFO - 数据中无答案
2018-09-24 07:22:59,757 - mylogger - INFO - 在线检索答案：
2018-09-24 07:22:59,773 - mylogger - INFO - 我的答案：M4坦克
2018-09-24 07:23:00,305 - mylogger - INFO - 选择选项
2018-09-24 07:23:02,726 - mylogger - INFO - 答案错误
2018-09-24 07:23:02,898 - mylogger - INFO - 正确答案；M18坦克歼击车
2018-09-24 07:23:02,913 - mylogger - INFO - 更新答案
2018-09-24 07:23:12,442 - mylogger - INFO - 本题结束
2018-09-24 07:23:12,457 - mylogger - INFO - 获取题目
2018-09-24 07:23:14,192 - mylogger - INFO - 第 4 题
2018-09-24 07:23:14,504 - mylogger - INFO - 2018年是狗年，那么2008年是什么年？
2018-09-24 07:23:15,363 - mylogger - INFO - ['狗年', '猪年', '鼠年']
2018-09-24 07:23:15,378 - mylogger - INFO - 数据库中检索答案
2018-09-24 07:23:15,410 - mylogger - INFO - 数据中无答案
2018-09-24 07:23:16,066 - mylogger - INFO - 在线检索答案：狗年
2018-09-24 07:23:16,081 - mylogger - INFO - 我的答案：狗年
2018-09-24 07:23:16,629 - mylogger - INFO - 选择选项
2018-09-24 07:23:19,160 - mylogger - INFO - 答案错误
2018-09-24 07:23:19,410 - mylogger - INFO - 正确答案；鼠年
2018-09-24 07:23:19,424 - mylogger - INFO - 更新答案
2018-09-24 07:23:28,845 - mylogger - INFO - 本题结束
2018-09-24 07:23:28,891 - mylogger - INFO - 获取题目
2018-09-24 07:23:31,766 - mylogger - INFO - 第 5 题
2018-09-24 07:23:32,063 - mylogger - INFO - 《乔厂长上任记》的作者是：
2018-09-24 07:23:32,922 - mylogger - INFO - ['王蒙', '蒋子龙', '余秋雨']
2018-09-24 07:23:32,937 - mylogger - INFO - 数据库中检索答案
2018-09-24 07:23:32,968 - mylogger - INFO - 数据中无答案
2018-09-24 07:23:33,858 - mylogger - INFO - 在线检索答案：蒋子龙
2018-09-24 07:23:33,874 - mylogger - INFO - 我的答案：蒋子龙
2018-09-24 07:23:34,546 - mylogger - INFO - 选择选项
2018-09-24 07:23:36,983 - mylogger - INFO - 答案正确
2018-09-24 07:23:36,998 - mylogger - INFO - 更新答案
2018-09-24 07:23:46,434 - mylogger - INFO - 本题结束
2018-09-24 07:23:46,559 - mylogger - INFO - 本场比赛结束
2018-09-24 07:23:46,825 - mylogger - INFO - 返回游戏页面
2018-09-24 07:23:48,324 - mylogger - INFO - 进入排位赛
2018-09-24 07:23:48,324 - mylogger - INFO - 正在匹配中......
2018-09-24 07:24:03,133 - mylogger - INFO - 匹配成功
2018-09-24 07:24:03,148 - mylogger - INFO - 获取题目
2018-09-24 07:24:06,226 - mylogger - INFO - 第 1 题
2018-09-24 07:24:06,539 - mylogger - INFO - 西施是中国古代四大美女之首，她究竟姓什么呢？
2018-09-24 07:24:07,586 - mylogger - INFO - ['姓施', '姓西', '姓周']
2018-09-24 07:24:07,600 - mylogger - INFO - 数据库中检索答案
2018-09-24 07:24:07,616 - mylogger - INFO - 数据中无答案
2018-09-24 07:24:08,382 - mylogger - INFO - 在线检索答案：姓施
2018-09-24 07:24:08,397 - mylogger - INFO - 我的答案：姓施
2018-09-24 07:24:08,882 - mylogger - INFO - 选择选项
2018-09-24 07:24:11,272 - mylogger - INFO - 答案正确
2018-09-24 07:24:11,287 - mylogger - INFO - 更新答案
2018-09-24 07:24:15,756 - mylogger - INFO - 本题结束
2018-09-24 07:24:15,770 - mylogger - INFO - 获取题目
2018-09-24 07:24:18,660 - mylogger - INFO - 第 2 题
2018-09-24 07:24:18,973 - mylogger - INFO - 名画《马拉之死》中的所画的马拉，是哪国人？
2018-09-24 07:24:20,082 - mylogger - INFO - ['法国', '英国', '德国']
2018-09-24 07:24:20,098 - mylogger - INFO - 数据库中检索答案
2018-09-24 07:24:20,129 - mylogger - INFO - 数据中无答案
2018-09-24 07:24:21,285 - mylogger - INFO - 在线检索答案：法国
2018-09-24 07:24:21,300 - mylogger - INFO - 我的答案：法国
2018-09-24 07:24:21,785 - mylogger - INFO - 选择选项
2018-09-24 07:24:24,206 - mylogger - INFO - 答案正确
2018-09-24 07:24:24,222 - mylogger - INFO - 更新答案
2018-09-24 07:24:25,738 - mylogger - INFO - 本题结束
2018-09-24 07:24:25,768 - mylogger - INFO - 获取题目
2018-09-24 07:24:27,628 - mylogger - INFO - 第 3 题
2018-09-24 07:24:27,987 - mylogger - INFO - 经典动画《兰戈》中的兰戈是什么动物？
2018-09-24 07:24:28,878 - mylogger - INFO - ['小猫', '河马', '蜥蜴']
2018-09-24 07:24:28,892 - mylogger - INFO - 数据库中检索答案
2018-09-24 07:24:28,908 - mylogger - INFO - 数据中无答案
2018-09-24 07:24:29,611 - mylogger - INFO - 在线检索答案：
2018-09-24 07:24:29,627 - mylogger - INFO - 我的答案：小猫
2018-09-24 07:24:30,174 - mylogger - INFO - 选择选项
2018-09-24 07:24:32,564 - mylogger - INFO - 答案错误
2018-09-24 07:24:32,814 - mylogger - INFO - 正确答案；蜥蜴
2018-09-24 07:24:32,829 - mylogger - INFO - 更新答案
2018-09-24 07:24:36,625 - mylogger - INFO - 本题结束
2018-09-24 07:24:36,641 - mylogger - INFO - 获取题目
2018-09-24 07:24:38,359 - mylogger - INFO - 第 4 题
2018-09-24 07:24:38,672 - mylogger - INFO - 一般来说，彗星的彗尾的方向和彗星的运动方向
2018-09-24 07:24:39,531 - mylogger - INFO - ['没有关系', '一致', '相反']
2018-09-24 07:24:39,546 - mylogger - INFO - 数据库中检索答案
2018-09-24 07:24:39,562 - mylogger - INFO - 数据中无答案
2018-09-24 07:24:40,233 - mylogger - INFO - 在线检索答案：一致
2018-09-24 07:24:40,233 - mylogger - INFO - 我的答案：一致
2018-09-24 07:24:40,812 - mylogger - INFO - 选择选项
2018-09-24 07:24:43,265 - mylogger - INFO - 答案错误
2018-09-24 07:24:43,405 - mylogger - INFO - 正确答案；没有关系
2018-09-24 07:24:43,420 - mylogger - INFO - 更新答案
2018-09-24 07:24:47,248 - mylogger - INFO - 本题结束
2018-09-24 07:24:47,263 - mylogger - INFO - 获取题目
2018-09-24 07:24:48,982 - mylogger - INFO - 第 5 题
2018-09-24 07:24:49,357 - mylogger - INFO - 以下不是汤圆别称的是？
2018-09-24 07:24:50,201 - mylogger - INFO - ['圆子', '汤团', '元宵']
2018-09-24 07:24:50,231 - mylogger - INFO - 数据库中检索答案
2018-09-24 07:24:50,247 - mylogger - INFO - 数据中无答案
2018-09-24 07:24:50,872 - mylogger - INFO - 在线检索答案：圆子
2018-09-24 07:24:50,887 - mylogger - INFO - 我的答案：圆子
2018-09-24 07:24:51,403 - mylogger - INFO - 选择选项
2018-09-24 07:24:53,887 - mylogger - INFO - 答案正确
2018-09-24 07:24:53,902 - mylogger - INFO - 更新答案
2018-09-24 07:24:56,496 - mylogger - INFO - 本题结束
2018-09-24 07:24:56,621 - mylogger - INFO - 本场比赛结束
2018-09-24 07:24:56,871 - mylogger - INFO - 返回游戏页面
2018-09-24 07:24:58,464 - mylogger - INFO - 进入排位赛
2018-09-24 07:24:58,479 - mylogger - INFO - 正在匹配中......
2018-09-24 07:25:12,320 - mylogger - INFO - 匹配成功
2018-09-24 07:25:12,335 - mylogger - INFO - 获取题目
2018-09-24 07:25:15,289 - mylogger - INFO - 第 1 题
2018-09-24 07:25:15,601 - mylogger - INFO - 郑和的本姓是以下哪个姓氏？
2018-09-24 07:25:16,694 - mylogger - INFO - ['马', '王', '张']
2018-09-24 07:25:16,709 - mylogger - INFO - 数据库中检索答案
2018-09-24 07:25:16,725 - mylogger - INFO - 数据中无答案
2018-09-24 07:25:17,412 - mylogger - INFO - 在线检索答案：马
2018-09-24 07:25:17,428 - mylogger - INFO - 我的答案：马
2018-09-24 07:25:17,991 - mylogger - INFO - 选择选项
2018-09-24 07:25:20,381 - mylogger - INFO - 答案正确
2018-09-24 07:25:20,396 - mylogger - INFO - 更新答案
2018-09-24 07:25:23,130 - mylogger - INFO - 本题结束
2018-09-24 07:25:23,162 - mylogger - INFO - 获取题目
2018-09-24 07:25:24,895 - mylogger - INFO - 第 2 题
2018-09-24 07:25:25,223 - mylogger - INFO - “一千零一夜”是哪个品牌推出的香水名称？
2018-09-24 07:25:26,083 - mylogger - INFO - ['兰蔻', '娇兰', '雅诗兰黛']
2018-09-24 07:25:26,098 - mylogger - INFO - 数据库中检索答案
2018-09-24 07:25:26,113 - mylogger - INFO - 数据中无答案
2018-09-24 07:25:26,863 - mylogger - INFO - 在线检索答案：娇兰
2018-09-24 07:25:26,879 - mylogger - INFO - 我的答案：娇兰
2018-09-24 07:25:27,395 - mylogger - INFO - 选择选项
2018-09-24 07:25:29,847 - mylogger - INFO - 答案正确
2018-09-24 07:25:29,862 - mylogger - INFO - 更新答案
2018-09-24 07:25:31,456 - mylogger - INFO - 本题结束
2018-09-24 07:25:31,471 - mylogger - INFO - 获取题目
2018-09-24 07:25:33,269 - mylogger - INFO - 第 3 题
2018-09-24 07:25:33,597 - mylogger - INFO - 水银是在常温、常压下唯一以液态存在的金属，它的沸点约几度？
2018-09-24 07:25:34,456 - mylogger - INFO - ['50℃', '357℃', '237℃']
2018-09-24 07:25:34,502 - mylogger - INFO - 数据库中检索答案
2018-09-24 07:25:34,517 - mylogger - INFO - 数据中无答案
2018-09-24 07:25:35,345 - mylogger - INFO - 在线检索答案：
2018-09-24 07:25:35,361 - mylogger - INFO - 我的答案：50℃
2018-09-24 07:25:35,924 - mylogger - INFO - 选择选项
2018-09-24 07:25:38,314 - mylogger - INFO - 答案错误
2018-09-24 07:25:38,455 - mylogger - INFO - 正确答案；357℃
2018-09-24 07:25:38,470 - mylogger - INFO - 更新答案
2018-09-24 07:25:38,845 - mylogger - INFO - 本题结束
2018-09-24 07:25:38,845 - mylogger - INFO - 获取题目
2018-09-24 07:25:41,813 - mylogger - INFO - 第 4 题
2018-09-24 07:25:42,110 - mylogger - INFO - 下列相交的组合中，后代会出现两种表现型且比例为3：1的是
2018-09-24 07:25:42,969 - mylogger - INFO - ['AABb×aabb', 'AAbb×aaBB', 'AaBb×AABb']
2018-09-24 07:25:42,984 - mylogger - INFO - 数据库中检索答案
2018-09-24 07:25:43,000 - mylogger - INFO - 数据中无答案
2018-09-24 07:25:44,703 - mylogger - INFO - 在线检索答案：AABb×aabb
2018-09-24 07:25:44,718 - mylogger - INFO - 我的答案：AABb×aabb
2018-09-24 07:25:45,281 - mylogger - INFO - 选择选项
2018-09-24 07:25:47,671 - mylogger - INFO - 答案错误
2018-09-24 07:25:47,905 - mylogger - INFO - 正确答案；AaBb×AABb
2018-09-24 07:25:47,921 - mylogger - INFO - 更新答案
2018-09-24 07:25:49,467 - mylogger - INFO - 本题结束
2018-09-24 07:25:49,483 - mylogger - INFO - 获取题目
2018-09-24 07:25:51,342 - mylogger - INFO - 第 5 题
2018-09-24 07:25:51,670 - mylogger - INFO - 关羽过五关时，被何人一箭射中左臂？
2018-09-24 07:25:52,498 - mylogger - INFO - ['孟坦', '王植', '韩福']
2018-09-24 07:25:52,513 - mylogger - INFO - 数据库中检索答案
2018-09-24 07:25:52,529 - mylogger - INFO - 数据中无答案
2018-09-24 07:25:53,419 - mylogger - INFO - 在线检索答案：韩福
2018-09-24 07:25:53,435 - mylogger - INFO - 我的答案：韩福
2018-09-24 07:25:53,982 - mylogger - INFO - 选择选项
2018-09-24 07:25:56,513 - mylogger - INFO - 答案正确
2018-09-24 07:25:56,528 - mylogger - INFO - 更新答案
2018-09-24 07:25:59,153 - mylogger - INFO - 本题结束
2018-09-24 07:25:59,293 - mylogger - INFO - 本场比赛结束
2018-09-24 07:25:59,544 - mylogger - INFO - 返回游戏页面
2018-09-24 07:26:01,028 - mylogger - INFO - 进入排位赛
2018-09-24 07:26:01,042 - mylogger - INFO - 正在匹配中......
2018-09-24 07:26:57,640 - mylogger - INFO - 匹配成功
2018-09-24 07:26:57,655 - mylogger - INFO - 获取题目
2018-09-24 07:27:00,623 - mylogger - INFO - 第 1 题
2018-09-24 07:27:00,998 - mylogger - INFO - 元杂剧《赵氏孤儿》的故事发生在什么时代？
2018-09-24 07:27:01,998 - mylogger - INFO - ['汉代', '唐代', '春秋']
2018-09-24 07:27:02,013 - mylogger - INFO - 数据库中检索答案
2018-09-24 07:27:02,029 - mylogger - INFO - 数据中无答案
2018-09-24 07:27:02,748 - mylogger - INFO - 在线检索答案：春秋
2018-09-24 07:27:02,763 - mylogger - INFO - 我的答案：春秋
2018-09-24 07:27:03,310 - mylogger - INFO - 选择选项
2018-09-24 07:27:05,701 - mylogger - INFO - 答案正确
2018-09-24 07:27:05,716 - mylogger - INFO - 更新答案
2018-09-24 07:27:07,340 - mylogger - INFO - 本题结束
2018-09-24 07:27:07,356 - mylogger - INFO - 获取题目
2018-09-24 07:27:10,215 - mylogger - INFO - 第 2 题
2018-09-24 07:27:10,590 - mylogger - INFO - 瓷器等级是以几何图形为标记的，圆形为几等品？
2018-09-24 07:27:11,481 - mylogger - INFO - ['二等品', '一等品', '三等品']
2018-09-24 07:27:11,495 - mylogger - INFO - 数据库中检索答案
2018-09-24 07:27:11,511 - mylogger - INFO - 数据中无答案
2018-09-24 07:27:12,667 - mylogger - INFO - 在线检索答案：三等品
2018-09-24 07:27:12,683 - mylogger - INFO - 我的答案：三等品
2018-09-24 07:27:13,168 - mylogger - INFO - 选择选项
2018-09-24 07:27:15,573 - mylogger - INFO - 答案错误
2018-09-24 07:27:15,870 - mylogger - INFO - 正确答案；一等品
2018-09-24 07:27:15,885 - mylogger - INFO - 更新答案
2018-09-24 07:27:18,291 - mylogger - INFO - 本题结束
2018-09-24 07:27:18,306 - mylogger - INFO - 获取题目
2018-09-24 07:27:21,166 - mylogger - INFO - 第 3 题
2018-09-24 07:27:21,510 - mylogger - INFO - 以婚纱起家，被誉为“婚纱女王”的设计师是谁？
2018-09-24 07:27:22,384 - mylogger - INFO - ['马艳丽', '王薇薇', '桂由美']
2018-09-24 07:27:22,399 - mylogger - INFO - 数据库中检索答案
2018-09-24 07:27:22,415 - mylogger - INFO - 我的答案：王薇薇
2018-09-24 07:27:22,884 - mylogger - INFO - 选择选项
2018-09-24 07:27:25,305 - mylogger - INFO - 答案正确
2018-09-24 07:27:25,305 - mylogger - INFO - 更新答案
2018-09-24 07:27:28,898 - mylogger - INFO - 本题结束
2018-09-24 07:27:28,913 - mylogger - INFO - 获取题目
2018-09-24 07:27:31,913 - mylogger - INFO - 第 4 题
2018-09-24 07:27:32,319 - mylogger - INFO - 我国首个Cinema LED电影荧幕在哪里投入商用？
2018-09-24 07:27:33,226 - mylogger - INFO - ['杭州', '上海', '深圳']
2018-09-24 07:27:33,240 - mylogger - INFO - 数据库中检索答案
2018-09-24 07:27:33,256 - mylogger - INFO - 我的答案：上海
2018-09-24 07:27:33,772 - mylogger - INFO - 选择选项
2018-09-24 07:27:36,209 - mylogger - INFO - 答案正确
2018-09-24 07:27:36,224 - mylogger - INFO - 更新答案
2018-09-24 07:27:40,942 - mylogger - INFO - 本题结束
2018-09-24 07:27:40,957 - mylogger - INFO - 获取题目
2018-09-24 07:27:42,660 - mylogger - INFO - 第 5 题
2018-09-24 07:27:43,020 - mylogger - INFO - 哪部法律规定了高等院校的学生在就学期间，必须接受基本军事训练
2018-09-24 07:27:43,911 - mylogger - INFO - ['《国防法》', '《兵役法》', '《国防教育法》']
2018-09-24 07:27:43,925 - mylogger - INFO - 数据库中检索答案
2018-09-24 07:27:43,957 - mylogger - INFO - 数据中无答案
2018-09-24 07:27:44,769 - mylogger - INFO - 在线检索答案：《兵役法》
2018-09-24 07:27:44,784 - mylogger - INFO - 我的答案：《兵役法》
2018-09-24 07:27:45,301 - mylogger - INFO - 选择选项
2018-09-24 07:27:47,753 - mylogger - INFO - 答案正确
2018-09-24 07:27:47,768 - mylogger - INFO - 更新答案
2018-09-24 07:27:57,048 - mylogger - INFO - 本题结束
2018-09-24 07:27:57,204 - mylogger - INFO - 本场比赛结束
2018-09-24 07:27:57,470 - mylogger - INFO - 返回游戏页面
2018-09-24 07:27:59,016 - mylogger - INFO - 进入排位赛
2018-09-24 07:27:59,031 - mylogger - INFO - 正在匹配中......
2018-09-24 07:29:00,002 - mylogger - WARNING - 匹配失败
2018-09-24 07:29:00,283 - mylogger - INFO - 返回游戏页面
2018-09-24 07:29:01,798 - mylogger - INFO - 进入排位赛
2018-09-24 07:29:01,813 - mylogger - INFO - 正在匹配中......
2018-09-24 07:30:02,940 - mylogger - WARNING - 匹配失败
2018-09-24 07:30:03,175 - mylogger - INFO - 返回游戏页面
2018-09-24 07:30:04,705 - mylogger - INFO - 进入排位赛
2018-09-24 07:30:04,720 - mylogger - INFO - 正在匹配中......
2018-09-24 07:31:05,300 - mylogger - WARNING - 匹配失败
2018-09-24 07:31:05,566 - mylogger - INFO - 返回游戏页面
2018-09-24 07:31:07,049 - mylogger - INFO - 进入排位赛
2018-09-24 07:31:07,049 - mylogger - INFO - 正在匹配中......
2018-09-24 07:32:08,144 - mylogger - WARNING - 匹配失败
2018-09-24 07:32:08,411 - mylogger - INFO - 返回游戏页面
2018-09-24 07:32:09,972 - mylogger - INFO - 进入排位赛
2018-09-24 07:32:09,972 - mylogger - INFO - 正在匹配中......
2018-09-24 07:32:46,042 - mylogger - INFO - 匹配成功
2018-09-24 07:32:46,057 - mylogger - INFO - 获取题目
2018-09-24 07:32:48,978 - mylogger - INFO - 第 1 题
2018-09-24 07:32:49,292 - mylogger - INFO - 下列不属于邮票的是
2018-09-24 07:32:50,323 - mylogger - INFO - ['副票', '小全张', '首日封']
2018-09-24 07:32:50,337 - mylogger - INFO - 数据库中检索答案
2018-09-24 07:32:50,353 - mylogger - INFO - 数据中无答案
2018-09-24 07:32:51,103 - mylogger - INFO - 在线检索答案：副票
2018-09-24 07:32:51,119 - mylogger - INFO - 我的答案：副票
2018-09-24 07:32:51,729 - mylogger - INFO - 选择选项
2018-09-24 07:32:54,227 - mylogger - INFO - 答案错误
2018-09-24 07:32:54,430 - mylogger - INFO - 正确答案；首日封
2018-09-24 07:32:54,430 - mylogger - INFO - 更新答案
2018-09-24 07:32:58,086 - mylogger - INFO - 本题结束
2018-09-24 07:32:58,101 - mylogger - INFO - 获取题目
2018-09-24 07:32:59,820 - mylogger - INFO - 第 2 题
2018-09-24 07:33:00,117 - mylogger - INFO - 在吴宇森执导的《纵横四海》影片中，饰演女主角的女演员是谁？
2018-09-24 07:33:01,023 - mylogger - INFO - ['林青霞', '钟楚红', '关之琳']
2018-09-24 07:33:01,038 - mylogger - INFO - 数据库中检索答案
2018-09-24 07:33:01,069 - mylogger - INFO - 数据中无答案
2018-09-24 07:33:01,944 - mylogger - INFO - 在线检索答案：钟楚红
2018-09-24 07:33:01,944 - mylogger - INFO - 我的答案：钟楚红
2018-09-24 07:33:02,585 - mylogger - INFO - 选择选项
2018-09-24 07:33:05,007 - mylogger - INFO - 答案正确
2018-09-24 07:33:05,022 - mylogger - INFO - 更新答案
2018-09-24 07:33:06,319 - mylogger - INFO - 本题结束
2018-09-24 07:33:06,334 - mylogger - INFO - 获取题目
2018-09-24 07:33:08,115 - mylogger - INFO - 第 3 题
2018-09-24 07:33:08,397 - mylogger - INFO - 在英语当中，哪两个字母的出现频率最高？
2018-09-24 07:33:09,239 - mylogger - INFO - ['(e,t)', '(t,h)', '(h,m)']
2018-09-24 07:33:09,255 - mylogger - INFO - 数据库中检索答案
2018-09-24 07:33:09,271 - mylogger - INFO - 数据中无答案
2018-09-24 07:33:10,208 - mylogger - INFO - 在线检索答案：(e,t)
2018-09-24 07:33:10,223 - mylogger - INFO - 我的答案：(e,t)
2018-09-24 07:33:10,880 - mylogger - INFO - 选择选项
2018-09-24 07:33:13,255 - mylogger - INFO - 答案正确
2018-09-24 07:33:13,270 - mylogger - INFO - 更新答案
2018-09-24 07:33:14,582 - mylogger - INFO - 本题结束
2018-09-24 07:33:14,597 - mylogger - INFO - 获取题目
2018-09-24 07:33:16,379 - mylogger - INFO - 第 4 题
2018-09-24 07:33:16,691 - mylogger - INFO - 如果来自同种生物的细胞甲比细胞乙RNA的含量多，可能的原因有
2018-09-24 07:33:17,753 - mylogger - INFO - ['甲含的染色体比乙多', '甲合成的蛋白质比乙多', '甲含的DNA比乙多']
2018-09-24 07:33:17,769 - mylogger - INFO - 数据库中检索答案
2018-09-24 07:33:17,800 - mylogger - INFO - 数据中无答案
2018-09-24 07:33:20,518 - mylogger - INFO - 在线检索答案：甲合成的蛋白质比乙多
2018-09-24 07:33:20,533 - mylogger - INFO - 我的答案：甲合成的蛋白质比乙多
2018-09-24 07:33:21,112 - mylogger - INFO - 选择选项
2018-09-24 07:33:23,565 - mylogger - INFO - 答案正确
2018-09-24 07:33:23,580 - mylogger - INFO - 更新答案
2018-09-24 07:33:24,924 - mylogger - INFO - 本题结束
2018-09-24 07:33:24,939 - mylogger - INFO - 获取题目
2018-09-24 07:33:26,626 - mylogger - INFO - 第 5 题
2018-09-24 07:33:26,923 - mylogger - INFO - 角色扮演游戏《魔兽世界》的发行日期是哪一年？
2018-09-24 07:33:27,954 - mylogger - INFO - ['2003年', '2001年', '2004年']
2018-09-24 07:33:27,969 - mylogger - INFO - 数据库中检索答案
2018-09-24 07:33:28,001 - mylogger - INFO - 数据中无答案
2018-09-24 07:33:28,782 - mylogger - INFO - 在线检索答案：2004年
2018-09-24 07:33:28,797 - mylogger - INFO - 我的答案：2004年
2018-09-24 07:33:29,298 - mylogger - INFO - 选择选项
2018-09-24 07:33:31,766 - mylogger - INFO - 答案正确
2018-09-24 07:33:31,781 - mylogger - INFO - 更新答案
2018-09-24 07:33:34,187 - mylogger - INFO - 本题结束
2018-09-24 07:33:34,328 - mylogger - INFO - 本场比赛结束
2018-09-24 07:33:34,593 - mylogger - INFO - 返回游戏页面
2018-09-24 07:33:36,109 - mylogger - INFO - 进入排位赛
2018-09-24 07:33:36,124 - mylogger - INFO - 正在匹配中......
2018-09-24 07:34:37,172 - mylogger - WARNING - 匹配失败
2018-09-24 07:34:37,438 - mylogger - INFO - 返回游戏页面
2018-09-24 07:34:38,969 - mylogger - INFO - 进入排位赛
2018-09-24 07:34:38,984 - mylogger - INFO - 正在匹配中......
2018-09-24 07:35:19,365 - mylogger - INFO - 匹配成功
2018-09-24 07:35:19,380 - mylogger - INFO - 获取题目
2018-09-24 07:35:22,193 - mylogger - INFO - 第 1 题
2018-09-24 07:35:22,521 - mylogger - INFO - 苏俄内战时期，以下哪一个不属于白军将领？
2018-09-24 07:35:23,427 - mylogger - INFO - ['高尔察克', '邓尼金', '伏龙芝']
2018-09-24 07:35:23,442 - mylogger - INFO - 数据库中检索答案
2018-09-24 07:35:23,473 - mylogger - INFO - 数据中无答案
2018-09-24 07:35:24,145 - mylogger - INFO - 在线检索答案：高尔察克
2018-09-24 07:35:24,161 - mylogger - INFO - 我的答案：高尔察克
2018-09-24 07:35:24,661 - mylogger - INFO - 选择选项
2018-09-24 07:35:27,004 - mylogger - INFO - 答案错误
2018-09-24 07:35:27,238 - mylogger - INFO - 正确答案；伏龙芝
2018-09-24 07:35:27,238 - mylogger - INFO - 更新答案
2018-09-24 07:35:30,879 - mylogger - INFO - 本题结束
2018-09-24 07:35:30,910 - mylogger - INFO - 获取题目
2018-09-24 07:35:32,722 - mylogger - INFO - 第 2 题
2018-09-24 07:35:33,050 - mylogger - INFO - “慎独”是哪家的思想？
2018-09-24 07:35:33,987 - mylogger - INFO - ['儒家', '墨家', '道家']
2018-09-24 07:35:34,018 - mylogger - INFO - 数据库中检索答案
2018-09-24 07:35:34,033 - mylogger - INFO - 数据中无答案
2018-09-24 07:35:34,596 - mylogger - INFO - 在线检索答案：儒家
2018-09-24 07:35:34,611 - mylogger - INFO - 我的答案：儒家
2018-09-24 07:35:35,268 - mylogger - INFO - 选择选项
2018-09-24 07:35:37,736 - mylogger - INFO - 答案正确
2018-09-24 07:35:37,751 - mylogger - INFO - 更新答案
2018-09-24 07:35:39,048 - mylogger - INFO - 本题结束
2018-09-24 07:35:39,080 - mylogger - INFO - 获取题目
2018-09-24 07:35:40,892 - mylogger - INFO - 第 3 题
2018-09-24 07:35:41,235 - mylogger - INFO - 哪部诗文包含名句“仰天大笑出门去，我辈岂是蓬蒿人”？
2018-09-24 07:35:42,173 - mylogger - INFO - ['《南陵别儿童入京》', '《击鼓》', '《出关》']
2018-09-24 07:35:42,219 - mylogger - INFO - 数据库中检索答案
2018-09-24 07:35:42,250 - mylogger - INFO - 数据中无答案
2018-09-24 07:35:42,969 - mylogger - INFO - 在线检索答案：《南陵别儿童入京》
2018-09-24 07:35:42,984 - mylogger - INFO - 我的答案：《南陵别儿童入京》
2018-09-24 07:35:43,532 - mylogger - INFO - 选择选项
2018-09-24 07:35:45,906 - mylogger - INFO - 答案正确
2018-09-24 07:35:45,921 - mylogger - INFO - 更新答案
2018-09-24 07:35:56,122 - mylogger - INFO - 本题结束
2018-09-24 07:35:56,137 - mylogger - INFO - 获取题目
2018-09-24 07:35:56,779 - mylogger - INFO - 第 4 题
2018-09-24 07:35:57,106 - mylogger - INFO - 摇滚歌手汪峰于哪一年发表歌曲《春天里》？
2018-09-24 07:35:58,075 - mylogger - INFO - ['2015年', '2012年', '2009年']
2018-09-24 07:35:58,090 - mylogger - INFO - 数据库中检索答案
2018-09-24 07:35:58,121 - mylogger - INFO - 数据中无答案
2018-09-24 07:35:58,996 - mylogger - INFO - 在线检索答案：2009年
2018-09-24 07:35:59,012 - mylogger - INFO - 我的答案：2009年
2018-09-24 07:35:59,513 - mylogger - INFO - 选择选项
2018-09-24 07:36:01,902 - mylogger - INFO - 答案正确
2018-09-24 07:36:01,917 - mylogger - INFO - 更新答案
2018-09-24 07:36:03,277 - mylogger - INFO - 本题结束
2018-09-24 07:36:03,292 - mylogger - INFO - 获取题目
2018-09-24 07:36:05,105 - mylogger - INFO - 第 5 题
2018-09-24 07:36:05,495 - mylogger - INFO - “响尾蛇”防空导弹是哪个国家研制的？
2018-09-24 07:36:06,448 - mylogger - INFO - ['美国', '法国', '英国']
2018-09-24 07:36:06,463 - mylogger - INFO - 数据库中检索答案
2018-09-24 07:36:06,479 - mylogger - INFO - 数据中无答案
2018-09-24 07:36:07,338 - mylogger - INFO - 在线检索答案：法国
2018-09-24 07:36:07,369 - mylogger - INFO - 我的答案：法国
2018-09-24 07:36:07,932 - mylogger - INFO - 选择选项
2018-09-24 07:36:10,369 - mylogger - INFO - 答案正确
2018-09-24 07:36:10,384 - mylogger - INFO - 更新答案
2018-09-24 07:36:11,775 - mylogger - INFO - 本题结束
2018-09-24 07:36:11,931 - mylogger - INFO - 本场比赛结束
2018-09-24 07:36:12,212 - mylogger - INFO - 返回游戏页面
2018-09-24 07:36:13,696 - mylogger - INFO - 进入排位赛
2018-09-24 07:36:13,711 - mylogger - INFO - 正在匹配中......
2018-09-24 07:36:26,255 - mylogger - INFO - 匹配成功
2018-09-24 07:36:26,255 - mylogger - INFO - 获取题目
2018-09-24 07:36:29,161 - mylogger - INFO - 第 1 题
2018-09-24 07:36:29,490 - mylogger - INFO - 2018年3月，兰蔻正式官宣以下哪位女星成为其品牌大使？
2018-09-24 07:36:30,349 - mylogger - INFO - ['关晓彤', '周冬雨', '倪妮']
2018-09-24 07:36:30,364 - mylogger - INFO - 数据库中检索答案
2018-09-24 07:36:30,379 - mylogger - INFO - 数据中无答案
2018-09-24 07:36:31,082 - mylogger - INFO - 在线检索答案：周冬雨
2018-09-24 07:36:31,098 - mylogger - INFO - 我的答案：周冬雨
2018-09-24 07:36:31,614 - mylogger - INFO - 选择选项
2018-09-24 07:36:34,113 - mylogger - INFO - 答案正确
2018-09-24 07:36:34,113 - mylogger - INFO - 更新答案
2018-09-24 07:36:38,847 - mylogger - INFO - 本题结束
2018-09-24 07:36:38,862 - mylogger - INFO - 获取题目
2018-09-24 07:36:40,674 - mylogger - INFO - 第 2 题
2018-09-24 07:36:41,003 - mylogger - INFO - 我国特产，被赞誉为“中国鸽子树”的是？
2018-09-24 07:36:41,862 - mylogger - INFO - ['珙桐', '鹅掌楸', '银叶桂']
2018-09-24 07:36:41,877 - mylogger - INFO - 数据库中检索答案
2018-09-24 07:36:41,892 - mylogger - INFO - 数据中无答案
2018-09-24 07:36:43,939 - mylogger - INFO - 在线检索答案：珙桐
2018-09-24 07:36:43,954 - mylogger - INFO - 我的答案：珙桐
2018-09-24 07:36:44,517 - mylogger - INFO - 选择选项
2018-09-24 07:36:46,970 - mylogger - INFO - 答案正确
2018-09-24 07:36:46,985 - mylogger - INFO - 更新答案
2018-09-24 07:36:49,469 - mylogger - INFO - 本题结束
2018-09-24 07:36:49,500 - mylogger - INFO - 获取题目
2018-09-24 07:36:52,406 - mylogger - INFO - 第 3 题
2018-09-24 07:36:52,734 - mylogger - INFO - 苹果公司总部位于？
2018-09-24 07:36:53,703 - mylogger - INFO - ['萨克拉门托', '亚特兰大', '库比蒂诺']
2018-09-24 07:36:53,718 - mylogger - INFO - 数据库中检索答案
2018-09-24 07:36:53,749 - mylogger - INFO - 数据中无答案
2018-09-24 07:36:54,514 - mylogger - INFO - 在线检索答案：库比蒂诺
2018-09-24 07:36:54,530 - mylogger - INFO - 我的答案：库比蒂诺
2018-09-24 07:36:55,015 - mylogger - INFO - 选择选项
2018-09-24 07:36:57,374 - mylogger - INFO - 答案正确
2018-09-24 07:36:57,389 - mylogger - INFO - 更新答案
2018-09-24 07:36:59,764 - mylogger - INFO - 本题结束
2018-09-24 07:36:59,779 - mylogger - INFO - 获取题目
2018-09-24 07:37:02,732 - mylogger - INFO - 第 4 题
2018-09-24 07:37:03,044 - mylogger - INFO - 土星已经确认的有多少颗卫星？
2018-09-24 07:37:03,872 - mylogger - INFO - ['20颗', '62颗', '12颗']
2018-09-24 07:37:03,887 - mylogger - INFO - 数据库中检索答案
2018-09-24 07:37:03,918 - mylogger - INFO - 我的答案：62颗
2018-09-24 07:37:04,450 - mylogger - INFO - 选择选项
2018-09-24 07:37:06,840 - mylogger - INFO - 答案正确
2018-09-24 07:37:06,855 - mylogger - INFO - 更新答案
2018-09-24 07:37:11,589 - mylogger - INFO - 本题结束
2018-09-24 07:37:11,604 - mylogger - INFO - 获取题目
2018-09-24 07:37:13,370 - mylogger - INFO - 第 5 题
2018-09-24 07:37:13,667 - mylogger - INFO - 《圣斗士星矢》的圣斗士总人数有88名，请问黄金圣斗士有几名？
2018-09-24 07:37:14,494 - mylogger - INFO - ['15', '10', '11']
2018-09-24 07:37:14,510 - mylogger - INFO - 数据库中检索答案
2018-09-24 07:37:14,525 - mylogger - INFO - 数据中无答案
2018-09-24 07:37:15,259 - mylogger - INFO - 在线检索答案：
2018-09-24 07:37:15,275 - mylogger - INFO - 我的答案：15
2018-09-24 07:37:15,807 - mylogger - INFO - 选择选项
2018-09-24 07:37:18,150 - mylogger - INFO - 答案错误
2018-09-24 07:37:18,400 - mylogger - INFO - 正确答案；11
2018-09-24 07:37:18,415 - mylogger - INFO - 更新答案
2018-09-24 07:37:22,056 - mylogger - INFO - 本题结束
2018-09-24 07:37:22,180 - mylogger - INFO - 本场比赛结束
2018-09-24 07:37:22,461 - mylogger - INFO - 返回游戏页面
2018-09-24 07:37:23,945 - mylogger - INFO - 进入排位赛
2018-09-24 07:37:23,960 - mylogger - INFO - 正在匹配中......
2018-09-24 07:38:02,171 - mylogger - INFO - 匹配成功
2018-09-24 07:38:02,186 - mylogger - INFO - 获取题目
2018-09-24 07:38:05,186 - mylogger - INFO - 第 1 题
2018-09-24 07:38:05,483 - mylogger - INFO - 以下不是清明节的别称的是？
2018-09-24 07:38:06,389 - mylogger - INFO - ['扫坟节', '中元节', '冥节']
2018-09-24 07:38:06,404 - mylogger - INFO - 数据库中检索答案
2018-09-24 07:38:06,419 - mylogger - INFO - 数据中无答案
2018-09-24 07:38:07,263 - mylogger - INFO - 在线检索答案：中元节
2018-09-24 07:38:07,278 - mylogger - INFO - 我的答案：中元节
2018-09-24 07:38:07,810 - mylogger - INFO - 选择选项
2018-09-24 07:38:10,278 - mylogger - INFO - 答案正确
2018-09-24 07:38:10,293 - mylogger - INFO - 更新答案
2018-09-24 07:38:19,572 - mylogger - INFO - 本题结束
2018-09-24 07:38:19,572 - mylogger - INFO - 获取题目
2018-09-24 07:38:21,338 - mylogger - INFO - 第 2 题
2018-09-24 07:38:21,697 - mylogger - INFO - 电视节目《我们相爱吧 第二季》的主持人是以下哪位？
2018-09-24 07:38:22,557 - mylogger - INFO - ['谢娜', '陈赫', '李艾']
2018-09-24 07:38:22,572 - mylogger - INFO - 数据库中检索答案
2018-09-24 07:38:22,587 - mylogger - INFO - 数据中无答案
2018-09-24 07:38:23,337 - mylogger - INFO - 在线检索答案：
2018-09-24 07:38:23,368 - mylogger - INFO - 我的答案：谢娜
2018-09-24 07:38:23,900 - mylogger - INFO - 选择选项
2018-09-24 07:38:26,353 - mylogger - INFO - 答案错误
2018-09-24 07:38:26,556 - mylogger - INFO - 正确答案；李艾
2018-09-24 07:38:26,571 - mylogger - INFO - 更新答案
2018-09-24 07:38:29,008 - mylogger - INFO - 本题结束
2018-09-24 07:38:29,023 - mylogger - INFO - 获取题目
2018-09-24 07:38:31,851 - mylogger - INFO - 第 3 题
2018-09-24 07:38:32,148 - mylogger - INFO - 甲5天加工70个零件，乙3天加工42个，每天工作量相同。谁的效率高？
2018-09-24 07:38:33,132 - mylogger - INFO - ['不能比较', '一样高', '甲']
2018-09-24 07:38:33,147 - mylogger - INFO - 数据库中检索答案
2018-09-24 07:38:33,163 - mylogger - INFO - 我的答案：一样高
2018-09-24 07:38:33,664 - mylogger - INFO - 选择选项
2018-09-24 07:38:36,038 - mylogger - INFO - 答案正确
2018-09-24 07:38:36,053 - mylogger - INFO - 更新答案
2018-09-24 07:38:39,678 - mylogger - INFO - 本题结束
2018-09-24 07:38:39,693 - mylogger - INFO - 获取题目
2018-09-24 07:38:41,443 - mylogger - INFO - 第 4 题
2018-09-24 07:38:41,787 - mylogger - INFO - “至近至远东西，至深至浅清溪”是以下哪位诗人的名句？
2018-09-24 07:38:42,865 - mylogger - INFO - ['李冶', '贺知章', '李白']
2018-09-24 07:38:42,879 - mylogger - INFO - 数据库中检索答案
2018-09-24 07:38:42,895 - mylogger - INFO - 数据中无答案
2018-09-24 07:38:43,738 - mylogger - INFO - 在线检索答案：李冶
2018-09-24 07:38:43,754 - mylogger - INFO - 我的答案：李冶
2018-09-24 07:38:44,301 - mylogger - INFO - 选择选项
2018-09-24 07:38:46,707 - mylogger - INFO - 答案正确
2018-09-24 07:38:46,722 - mylogger - INFO - 更新答案
2018-09-24 07:38:50,316 - mylogger - INFO - 本题结束
2018-09-24 07:38:50,331 - mylogger - INFO - 获取题目
2018-09-24 07:38:52,206 - mylogger - INFO - 第 5 题
2018-09-24 07:38:52,533 - mylogger - INFO - 中国人过春节已经有多少年历史了？
2018-09-24 07:38:53,487 - mylogger - INFO - ['2000多年', '3000多年', '4000多年']
2018-09-24 07:38:53,502 - mylogger - INFO - 数据库中检索答案
2018-09-24 07:38:53,518 - mylogger - INFO - 数据中无答案
2018-09-24 07:38:54,267 - mylogger - INFO - 在线检索答案：4000多年
2018-09-24 07:38:54,283 - mylogger - INFO - 我的答案：4000多年
2018-09-24 07:38:54,831 - mylogger - INFO - 选择选项
2018-09-24 07:38:57,345 - mylogger - INFO - 答案正确
2018-09-24 07:38:57,360 - mylogger - INFO - 更新答案
2018-09-24 07:38:59,829 - mylogger - INFO - 本题结束
2018-09-24 07:38:59,954 - mylogger - INFO - 本场比赛结束
2018-09-24 07:39:00,204 - mylogger - INFO - 返回游戏页面
2018-09-24 07:39:01,704 - mylogger - INFO - 进入排位赛
2018-09-24 07:39:01,719 - mylogger - INFO - 正在匹配中......
2018-09-24 07:40:02,845 - mylogger - WARNING - 匹配失败
2018-09-24 07:40:03,111 - mylogger - INFO - 返回游戏页面
2018-09-24 07:40:04,595 - mylogger - INFO - 进入排位赛
2018-09-24 07:40:04,610 - mylogger - INFO - 正在匹配中......
2018-09-24 07:40:21,825 - mylogger - INFO - 匹配成功
2018-09-24 07:40:21,840 - mylogger - INFO - 获取题目
2018-09-24 07:40:24,700 - mylogger - INFO - 第 1 题
2018-09-24 07:40:25,028 - mylogger - INFO - 公婆饼是哪个地方的特色名吃？
2018-09-24 07:40:25,918 - mylogger - INFO - ['宜昌', '恩施', '武汉']
2018-09-24 07:40:25,933 - mylogger - INFO - 数据库中检索答案
2018-09-24 07:40:25,964 - mylogger - INFO - 数据中无答案
2018-09-24 07:40:26,792 - mylogger - INFO - 在线检索答案：恩施
2018-09-24 07:40:26,808 - mylogger - INFO - 我的答案：恩施
2018-09-24 07:40:27,356 - mylogger - INFO - 选择选项
2018-09-24 07:40:29,792 - mylogger - INFO - 答案正确
2018-09-24 07:40:29,807 - mylogger - INFO - 更新答案
2018-09-24 07:40:31,151 - mylogger - INFO - 本题结束
2018-09-24 07:40:31,166 - mylogger - INFO - 获取题目
2018-09-24 07:40:34,119 - mylogger - INFO - 第 2 题
2018-09-24 07:40:34,447 - mylogger - INFO - 核电厂使用的燃料称为核燃料，在压水堆核电厂使用的燃料是：
2018-09-24 07:40:35,291 - mylogger - INFO - ['金属铀', '金属钚', '二氧化铀陶瓷芯块']
2018-09-24 07:40:35,306 - mylogger - INFO - 数据库中检索答案
2018-09-24 07:40:35,337 - mylogger - INFO - 数据中无答案
2018-09-24 07:40:36,493 - mylogger - INFO - 在线检索答案：二氧化铀陶瓷芯块
2018-09-24 07:40:36,509 - mylogger - INFO - 我的答案：二氧化铀陶瓷芯块
2018-09-24 07:40:37,009 - mylogger - INFO - 选择选项
2018-09-24 07:40:39,509 - mylogger - INFO - 答案正确
2018-09-24 07:40:39,524 - mylogger - INFO - 更新答案
2018-09-24 07:40:41,930 - mylogger - INFO - 本题结束
2018-09-24 07:40:41,945 - mylogger - INFO - 获取题目
2018-09-24 07:40:43,820 - mylogger - INFO - 第 3 题
2018-09-24 07:40:44,133 - mylogger - INFO - 我国最早生产的电子商务模式是什么？
2018-09-24 07:40:44,976 - mylogger - INFO - ['G2B', 'B2C', 'B2B']
2018-09-24 07:40:44,991 - mylogger - INFO - 数据库中检索答案
2018-09-24 07:40:45,022 - mylogger - INFO - 数据中无答案
2018-09-24 07:40:45,757 - mylogger - INFO - 在线检索答案：B2C
2018-09-24 07:40:45,772 - mylogger - INFO - 我的答案：B2C
2018-09-24 07:40:46,304 - mylogger - INFO - 选择选项
2018-09-24 07:40:48,725 - mylogger - INFO - 答案正确
2018-09-24 07:40:48,740 - mylogger - INFO - 更新答案
2018-09-24 07:40:51,147 - mylogger - INFO - 本题结束
2018-09-24 07:40:51,162 - mylogger - INFO - 获取题目
2018-09-24 07:40:54,021 - mylogger - INFO - 第 4 题
2018-09-24 07:40:54,302 - mylogger - INFO - 第五世孙被称为什么？
2018-09-24 07:40:55,208 - mylogger - INFO - ['重孙', '来孙', '玄孙']
2018-09-24 07:40:55,223 - mylogger - INFO - 数据库中检索答案
2018-09-24 07:40:55,255 - mylogger - INFO - 数据中无答案
2018-09-24 07:40:56,051 - mylogger - INFO - 在线检索答案：玄孙
2018-09-24 07:40:56,067 - mylogger - INFO - 我的答案：玄孙
2018-09-24 07:40:56,645 - mylogger - INFO - 选择选项
2018-09-24 07:40:59,004 - mylogger - INFO - 答案错误
2018-09-24 07:40:59,192 - mylogger - INFO - 正确答案；来孙
2018-09-24 07:40:59,207 - mylogger - INFO - 更新答案
2018-09-24 07:41:01,660 - mylogger - INFO - 本题结束
2018-09-24 07:41:01,675 - mylogger - INFO - 获取题目
2018-09-24 07:41:03,409 - mylogger - INFO - 第 5 题
2018-09-24 07:41:03,691 - mylogger - INFO - 古天乐版电影《倩女幽魂》中，小倩的扮演者是谁？
2018-09-24 07:41:04,519 - mylogger - INFO - ['张曼玉', '刘亦菲', '大S']
2018-09-24 07:41:04,533 - mylogger - INFO - 数据库中检索答案
2018-09-24 07:41:04,565 - mylogger - INFO - 数据中无答案
2018-09-24 07:41:05,424 - mylogger - INFO - 在线检索答案：刘亦菲
2018-09-24 07:41:05,424 - mylogger - INFO - 我的答案：刘亦菲
2018-09-24 07:41:05,986 - mylogger - INFO - 选择选项
2018-09-24 07:41:08,330 - mylogger - INFO - 答案正确
2018-09-24 07:41:08,345 - mylogger - INFO - 更新答案
2018-09-24 07:41:09,720 - mylogger - INFO - 本题结束
2018-09-24 07:41:09,876 - mylogger - INFO - 本场比赛结束
2018-09-24 07:41:10,158 - mylogger - INFO - 返回游戏页面
2018-09-24 07:41:11,751 - mylogger - INFO - 进入排位赛
2018-09-24 07:41:11,766 - mylogger - INFO - 正在匹配中......
2018-09-24 07:41:40,213 - mylogger - INFO - 匹配成功
2018-09-24 07:41:40,228 - mylogger - INFO - 获取题目
2018-09-24 07:41:43,275 - mylogger - INFO - 第 1 题
2018-09-24 07:41:43,571 - mylogger - INFO - “平安夜”是哪一天？
2018-09-24 07:41:44,400 - mylogger - INFO - ['12月24日', '12月25日', '1月25日']
2018-09-24 07:41:44,415 - mylogger - INFO - 数据库中检索答案
2018-09-24 07:41:44,430 - mylogger - INFO - 数据中无答案
2018-09-24 07:41:45,211 - mylogger - INFO - 在线检索答案：12月24日
2018-09-24 07:41:45,227 - mylogger - INFO - 我的答案：12月24日
2018-09-24 07:41:45,790 - mylogger - INFO - 选择选项
2018-09-24 07:41:48,227 - mylogger - INFO - 答案正确
2018-09-24 07:41:48,242 - mylogger - INFO - 更新答案
2018-09-24 07:41:51,789 - mylogger - INFO - 本题结束
2018-09-24 07:41:51,804 - mylogger - INFO - 获取题目
2018-09-24 07:41:54,835 - mylogger - INFO - 第 2 题
2018-09-24 07:41:55,147 - mylogger - INFO - “水摇多刹影，日动炎珠光”中“刹”在古代一般代指什么地方？
2018-09-24 07:41:56,037 - mylogger - INFO - ['闺房', '寺庙', '酒楼']
2018-09-24 07:41:56,053 - mylogger - INFO - 数据库中检索答案
2018-09-24 07:41:56,068 - mylogger - INFO - 数据中无答案
2018-09-24 07:41:57,708 - mylogger - INFO - 在线检索答案：寺庙
2018-09-24 07:41:57,740 - mylogger - INFO - 我的答案：寺庙
2018-09-24 07:41:58,303 - mylogger - INFO - 选择选项
2018-09-24 07:42:00,739 - mylogger - INFO - 答案正确
2018-09-24 07:42:00,755 - mylogger - INFO - 更新答案
2018-09-24 07:42:02,114 - mylogger - INFO - 本题结束
2018-09-24 07:42:02,129 - mylogger - INFO - 获取题目
2018-09-24 07:42:03,926 - mylogger - INFO - 第 3 题
2018-09-24 07:42:04,269 - mylogger - INFO - 哪个星座发生的流星雨特别有名
2018-09-24 07:42:05,254 - mylogger - INFO - ['狮子座', '大熊座', '仙后座']
2018-09-24 07:42:05,269 - mylogger - INFO - 数据库中检索答案
2018-09-24 07:42:05,285 - mylogger - INFO - 数据中无答案
2018-09-24 07:42:06,534 - mylogger - INFO - 在线检索答案：狮子座
2018-09-24 07:42:06,550 - mylogger - INFO - 我的答案：狮子座
2018-09-24 07:42:07,113 - mylogger - INFO - 选择选项
2018-09-24 07:42:09,488 - mylogger - INFO - 答案正确
2018-09-24 07:42:09,503 - mylogger - INFO - 更新答案
2018-09-24 07:42:11,956 - mylogger - INFO - 本题结束
2018-09-24 07:42:11,987 - mylogger - INFO - 获取题目
2018-09-24 07:42:13,659 - mylogger - INFO - 第 4 题
2018-09-24 07:42:14,002 - mylogger - INFO - 下列哪个国家一般不准女性在生人面前露面？
2018-09-24 07:42:14,924 - mylogger - INFO - ['沙特阿拉伯', '印度', '印尼']
2018-09-24 07:42:14,939 - mylogger - INFO - 数据库中检索答案
2018-09-24 07:42:14,954 - mylogger - INFO - 数据中无答案
2018-09-24 07:42:15,251 - mylogger - INFO - 在线检索答案：印度
2018-09-24 07:42:15,267 - mylogger - INFO - 我的答案：印度
2018-09-24 07:42:15,752 - mylogger - INFO - 选择选项
2018-09-24 07:42:18,298 - mylogger - INFO - 答案错误
2018-09-24 07:42:18,438 - mylogger - INFO - 正确答案；沙特阿拉伯
2018-09-24 07:42:18,454 - mylogger - INFO - 更新答案
2018-09-24 07:42:23,250 - mylogger - INFO - 本题结束
2018-09-24 07:42:23,281 - mylogger - INFO - 获取题目
2018-09-24 07:42:25,218 - mylogger - INFO - 第 5 题
2018-09-24 07:42:25,546 - mylogger - INFO - 芝士是一种发酵的牛奶制品，别名叫什么？？
2018-09-24 07:42:26,296 - mylogger - INFO - ['奶油', '奶粉', '奶酪']
2018-09-24 07:42:26,327 - mylogger - INFO - 数据库中检索答案
2018-09-24 07:42:26,342 - mylogger - INFO - 数据中无答案
2018-09-24 07:42:27,936 - mylogger - INFO - 在线检索答案：奶酪
2018-09-24 07:42:27,951 - mylogger - INFO - 我的答案：奶酪
2018-09-24 07:42:28,546 - mylogger - INFO - 选择选项
2018-09-24 07:42:31,045 - mylogger - INFO - 答案正确
2018-09-24 07:42:31,060 - mylogger - INFO - 更新答案
2018-09-24 07:42:34,669 - mylogger - INFO - 本题结束
2018-09-24 07:42:34,810 - mylogger - INFO - 本场比赛结束
2018-09-24 07:42:35,075 - mylogger - INFO - 返回游戏页面
2018-09-24 07:42:36,637 - mylogger - INFO - 进入排位赛
2018-09-24 07:42:36,652 - mylogger - INFO - 正在匹配中......
2018-09-24 07:43:03,803 - mylogger - INFO - 匹配成功
2018-09-24 07:43:03,818 - mylogger - INFO - 获取题目
2018-09-24 07:43:06,755 - mylogger - INFO - 第 1 题
2018-09-24 07:43:07,083 - mylogger - INFO - “小小老鼠小小老鼠不偷米”是哪部动画片的主题曲？
2018-09-24 07:43:07,958 - mylogger - INFO - ['《蜡笔小新》', '《蓝皮鼠和大脸猫》', '《樱桃小丸子》']
2018-09-24 07:43:07,989 - mylogger - INFO - 数据库中检索答案
2018-09-24 07:43:08,004 - mylogger - INFO - 数据中无答案
2018-09-24 07:43:09,160 - mylogger - INFO - 在线检索答案：《蜡笔小新》
2018-09-24 07:43:09,176 - mylogger - INFO - 我的答案：《蜡笔小新》
2018-09-24 07:43:09,724 - mylogger - INFO - 选择选项
2018-09-24 07:43:12,113 - mylogger - INFO - 答案错误
2018-09-24 07:43:12,238 - mylogger - INFO - 正确答案；《蓝皮鼠和大脸猫》
2018-09-24 07:43:12,253 - mylogger - INFO - 更新答案
2018-09-24 07:43:14,753 - mylogger - INFO - 本题结束
2018-09-24 07:43:14,768 - mylogger - INFO - 获取题目
2018-09-24 07:43:16,597 - mylogger - INFO - 第 2 题
2018-09-24 07:43:16,956 - mylogger - INFO - 我国名誉权规定要保护死者及其几代嫡系亲属的名誉权？
2018-09-24 07:43:17,831 - mylogger - INFO - ['三代', '二代', '五代']
2018-09-24 07:43:17,846 - mylogger - INFO - 数据库中检索答案
2018-09-24 07:43:17,861 - mylogger - INFO - 数据中无答案
2018-09-24 07:43:19,642 - mylogger - INFO - 在线检索答案：三代
2018-09-24 07:43:19,658 - mylogger - INFO - 我的答案：三代
2018-09-24 07:43:20,190 - mylogger - INFO - 选择选项
2018-09-24 07:43:22,595 - mylogger - INFO - 答案正确
2018-09-24 07:43:22,610 - mylogger - INFO - 更新答案
2018-09-24 07:43:25,173 - mylogger - INFO - 本题结束
2018-09-24 07:43:25,188 - mylogger - INFO - 获取题目
2018-09-24 07:43:28,188 - mylogger - INFO - 第 3 题
2018-09-24 07:43:28,516 - mylogger - INFO - 刘亦菲的“神仙姐姐”称号，来源于她饰演的哪个角色？
2018-09-24 07:43:29,406 - mylogger - INFO - ['赵灵儿', '王语嫣', '白秀珠']
2018-09-24 07:43:29,421 - mylogger - INFO - 数据库中检索答案
2018-09-24 07:43:29,437 - mylogger - INFO - 数据中无答案
2018-09-24 07:43:30,155 - mylogger - INFO - 在线检索答案：王语嫣
2018-09-24 07:43:30,171 - mylogger - INFO - 我的答案：王语嫣
2018-09-24 07:43:30,734 - mylogger - INFO - 选择选项
2018-09-24 07:43:33,124 - mylogger - INFO - 答案正确
2018-09-24 07:43:33,139 - mylogger - INFO - 更新答案
2018-09-24 07:43:35,577 - mylogger - INFO - 本题结束
2018-09-24 07:43:35,592 - mylogger - INFO - 获取题目
2018-09-24 07:43:37,451 - mylogger - INFO - 第 4 题
2018-09-24 07:43:37,779 - mylogger - INFO - 以下节气中，哪一个在清明之后？
2018-09-24 07:43:38,779 - mylogger - INFO - ['立春', '处暑', '谷雨']
2018-09-24 07:43:38,794 - mylogger - INFO - 数据库中检索答案
2018-09-24 07:43:38,810 - mylogger - INFO - 数据中无答案
2018-09-24 07:43:39,544 - mylogger - INFO - 在线检索答案：谷雨
2018-09-24 07:43:39,559 - mylogger - INFO - 我的答案：谷雨
2018-09-24 07:43:40,076 - mylogger - INFO - 选择选项
2018-09-24 07:43:42,497 - mylogger - INFO - 答案正确
2018-09-24 07:43:42,512 - mylogger - INFO - 更新答案
2018-09-24 07:43:45,075 - mylogger - INFO - 本题结束
2018-09-24 07:43:45,089 - mylogger - INFO - 获取题目
2018-09-24 07:43:47,980 - mylogger - INFO - 第 5 题
2018-09-24 07:43:48,370 - mylogger - INFO - 北京奥运会的吉祥物分别叫做贝贝，晶晶，欢欢，迎迎和什么？
2018-09-24 07:43:49,261 - mylogger - INFO - ['圈圈', '圆圆', '妮妮']
2018-09-24 07:43:49,276 - mylogger - INFO - 数据库中检索答案
2018-09-24 07:43:49,291 - mylogger - INFO - 数据中无答案
2018-09-24 07:43:49,963 - mylogger - INFO - 在线检索答案：妮妮
2018-09-24 07:43:49,979 - mylogger - INFO - 我的答案：妮妮
2018-09-24 07:43:50,558 - mylogger - INFO - 选择选项
2018-09-24 07:43:52,947 - mylogger - INFO - 答案正确
2018-09-24 07:43:52,962 - mylogger - INFO - 更新答案
2018-09-24 07:43:56,603 - mylogger - INFO - 本题结束
2018-09-24 07:43:56,759 - mylogger - INFO - 本场比赛结束
2018-09-24 07:43:57,025 - mylogger - INFO - 返回游戏页面
2018-09-24 07:43:58,509 - mylogger - INFO - 进入排位赛
2018-09-24 07:43:58,524 - mylogger - INFO - 正在匹配中......
2018-09-24 07:44:10,100 - mylogger - INFO - 匹配成功
2018-09-24 07:44:10,115 - mylogger - INFO - 获取题目
2018-09-24 07:44:13,130 - mylogger - INFO - 第 1 题
2018-09-24 07:44:13,427 - mylogger - INFO - “这个可以有”“着急穿跑偏了”“苏格兰调情”是哪个小品台词？
2018-09-24 07:44:14,270 - mylogger - INFO - ['《报恩》', '《新白蛇传》', '《不差钱》']
2018-09-24 07:44:14,286 - mylogger - INFO - 数据库中检索答案
2018-09-24 07:44:14,301 - mylogger - INFO - 数据中无答案
2018-09-24 07:44:17,269 - mylogger - INFO - 在线检索答案：
2018-09-24 07:44:17,285 - mylogger - INFO - 我的答案：《报恩》
2018-09-24 07:44:17,894 - mylogger - INFO - 选择选项
2018-09-24 07:44:20,300 - mylogger - INFO - 答案错误
2018-09-24 07:44:20,582 - mylogger - INFO - 正确答案；《不差钱》
2018-09-24 07:44:20,597 - mylogger - INFO - 更新答案
2018-09-24 07:44:20,863 - mylogger - INFO - 本题结束
2018-09-24 07:44:20,878 - mylogger - INFO - 获取题目
2018-09-24 07:44:23,753 - mylogger - INFO - 第 2 题
2018-09-24 07:44:24,112 - mylogger - INFO - “劝君更尽一杯酒”的下一句是？
2018-09-24 07:44:25,018 - mylogger - INFO - ['客舍青青柳色新', '西出阳关无故人', '独在异乡为异客']
2018-09-24 07:44:25,049 - mylogger - INFO - 数据库中检索答案
2018-09-24 07:44:25,064 - mylogger - INFO - 数据中无答案
2018-09-24 07:44:25,814 - mylogger - INFO - 在线检索答案：西出阳关无故人
2018-09-24 07:44:25,830 - mylogger - INFO - 我的答案：西出阳关无故人
2018-09-24 07:44:26,330 - mylogger - INFO - 选择选项
2018-09-24 07:44:28,783 - mylogger - INFO - 答案正确
2018-09-24 07:44:28,798 - mylogger - INFO - 更新答案
2018-09-24 07:44:30,142 - mylogger - INFO - 本题结束
2018-09-24 07:44:30,157 - mylogger - INFO - 获取题目
2018-09-24 07:44:32,032 - mylogger - INFO - 第 3 题
2018-09-24 07:44:32,376 - mylogger - INFO - 2010年世界杯，哪名西班牙队球员在加时赛结束前绝杀荷兰队？
2018-09-24 07:44:33,282 - mylogger - INFO - ['哈维', '比利亚', '伊涅斯塔']
2018-09-24 07:44:33,297 - mylogger - INFO - 数据库中检索答案
2018-09-24 07:44:33,328 - mylogger - INFO - 数据中无答案
2018-09-24 07:44:34,093 - mylogger - INFO - 在线检索答案：伊涅斯塔
2018-09-24 07:44:34,109 - mylogger - INFO - 我的答案：伊涅斯塔
2018-09-24 07:44:34,610 - mylogger - INFO - 选择选项
2018-09-24 07:44:37,000 - mylogger - INFO - 答案正确
2018-09-24 07:44:37,015 - mylogger - INFO - 更新答案
2018-09-24 07:44:40,686 - mylogger - INFO - 本题结束
2018-09-24 07:44:40,701 - mylogger - INFO - 获取题目
2018-09-24 07:44:42,436 - mylogger - INFO - 第 4 题
2018-09-24 07:44:42,811 - mylogger - INFO - ____的《富兰克林自传》是美国传记文学的开山之作。
2018-09-24 07:44:43,748 - mylogger - INFO - ['富兰克林', '华盛顿', '杰斐逊']
2018-09-24 07:44:43,763 - mylogger - INFO - 数据库中检索答案
2018-09-24 07:44:43,779 - mylogger - INFO - 数据中无答案
2018-09-24 07:44:44,513 - mylogger - INFO - 在线检索答案：富兰克林
2018-09-24 07:44:44,528 - mylogger - INFO - 我的答案：富兰克林
2018-09-24 07:44:45,028 - mylogger - INFO - 选择选项
2018-09-24 07:44:47,418 - mylogger - INFO - 答案正确
2018-09-24 07:44:47,418 - mylogger - INFO - 更新答案
2018-09-24 07:44:48,809 - mylogger - INFO - 本题结束
2018-09-24 07:44:48,824 - mylogger - INFO - 获取题目
2018-09-24 07:44:50,621 - mylogger - INFO - 第 5 题
2018-09-24 07:44:50,934 - mylogger - INFO - 尼古拉·哥白尼是著名的天文学家，请问他是哪国人？
2018-09-24 07:44:51,824 - mylogger - INFO - ['英国', '澳大利亚', '波兰']
2018-09-24 07:44:51,839 - mylogger - INFO - 数据库中检索答案
2018-09-24 07:44:51,855 - mylogger - INFO - 数据中无答案
2018-09-24 07:44:52,652 - mylogger - INFO - 在线检索答案：波兰
2018-09-24 07:44:52,667 - mylogger - INFO - 我的答案：波兰
2018-09-24 07:44:53,184 - mylogger - INFO - 选择选项
2018-09-24 07:44:55,574 - mylogger - INFO - 答案正确
2018-09-24 07:44:55,588 - mylogger - INFO - 更新答案
2018-09-24 07:44:58,011 - mylogger - INFO - 本题结束
2018-09-24 07:44:58,166 - mylogger - INFO - 本场比赛结束
2018-09-24 07:44:58,432 - mylogger - INFO - 返回游戏页面
2018-09-24 07:44:59,979 - mylogger - INFO - 进入排位赛
2018-09-24 07:44:59,994 - mylogger - INFO - 正在匹配中......
2018-09-24 07:45:29,112 - mylogger - INFO - 匹配成功
2018-09-24 07:45:29,127 - mylogger - INFO - 获取题目
2018-09-24 07:45:32,002 - mylogger - INFO - 第 1 题
2018-09-24 07:45:32,299 - mylogger - INFO - 被称为“俄罗斯音乐之父”的是谁？
2018-09-24 07:45:33,205 - mylogger - INFO - ['格林卡', '肯丽金', '尼古拉斯']
2018-09-24 07:45:33,220 - mylogger - INFO - 数据库中检索答案
2018-09-24 07:45:33,236 - mylogger - INFO - 数据中无答案
2018-09-24 07:45:34,173 - mylogger - INFO - 在线检索答案：格林卡
2018-09-24 07:45:34,189 - mylogger - INFO - 我的答案：格林卡
2018-09-24 07:45:34,767 - mylogger - INFO - 选择选项
2018-09-24 07:45:37,172 - mylogger - INFO - 答案正确
2018-09-24 07:45:37,172 - mylogger - INFO - 更新答案
2018-09-24 07:45:41,953 - mylogger - INFO - 本题结束
2018-09-24 07:45:41,968 - mylogger - INFO - 获取题目
2018-09-24 07:45:44,811 - mylogger - INFO - 第 2 题
2018-09-24 07:45:45,109 - mylogger - INFO - 2000年悉尼奥运会的三个吉祥物分别是针鼹猬、笑翠鸟和什么？
2018-09-24 07:45:46,015 - mylogger - INFO - ['鸭嘴兽', '袋鼠', '树懒']
2018-09-24 07:45:46,030 - mylogger - INFO - 数据库中检索答案
2018-09-24 07:45:46,045 - mylogger - INFO - 数据中无答案
2018-09-24 07:45:47,764 - mylogger - INFO - 在线检索答案：鸭嘴兽
2018-09-24 07:45:47,779 - mylogger - INFO - 我的答案：鸭嘴兽
2018-09-24 07:45:48,358 - mylogger - INFO - 选择选项
2018-09-24 07:45:50,763 - mylogger - INFO - 答案正确
2018-09-24 07:45:50,779 - mylogger - INFO - 更新答案
2018-09-24 07:45:52,154 - mylogger - INFO - 本题结束
2018-09-24 07:45:52,169 - mylogger - INFO - 获取题目
2018-09-24 07:45:53,997 - mylogger - INFO - 第 3 题
2018-09-24 07:45:54,309 - mylogger - INFO - 八卦中的“离”卦代表什么？
2018-09-24 07:45:55,309 - mylogger - INFO - ['水', '风', '火']
2018-09-24 07:45:55,324 - mylogger - INFO - 数据库中检索答案
2018-09-24 07:45:55,356 - mylogger - INFO - 数据中无答案
2018-09-24 07:45:56,277 - mylogger - INFO - 在线检索答案：火
2018-09-24 07:45:56,293 - mylogger - INFO - 我的答案：火
2018-09-24 07:45:56,856 - mylogger - INFO - 选择选项
2018-09-24 07:45:59,199 - mylogger - INFO - 答案正确
2018-09-24 07:45:59,214 - mylogger - INFO - 更新答案
2018-09-24 07:46:01,651 - mylogger - INFO - 本题结束
2018-09-24 07:46:01,667 - mylogger - INFO - 获取题目
2018-09-24 07:46:03,573 - mylogger - INFO - 第 4 题
2018-09-24 07:46:03,869 - mylogger - INFO - 诗句“莺啼燕语报新年”出自哪一首古诗？
2018-09-24 07:46:04,791 - mylogger - INFO - ['《春望》', '《春思》', '《春晓》']
2018-09-24 07:46:04,806 - mylogger - INFO - 数据库中检索答案
2018-09-24 07:46:04,838 - mylogger - INFO - 我的答案：《春思》
2018-09-24 07:46:05,322 - mylogger - INFO - 选择选项
2018-09-24 07:46:07,697 - mylogger - INFO - 答案正确
2018-09-24 07:46:07,712 - mylogger - INFO - 更新答案
2018-09-24 07:46:10,087 - mylogger - INFO - 本题结束
2018-09-24 07:46:10,118 - mylogger - INFO - 获取题目
2018-09-24 07:46:11,852 - mylogger - INFO - 第 5 题
2018-09-24 07:46:12,212 - mylogger - INFO - 俄罗斯圣彼得堡最繁华街道的名字是？
2018-09-24 07:46:13,133 - mylogger - INFO - ['教育大街', '涅瓦大街', '列宁大街']
2018-09-24 07:46:13,148 - mylogger - INFO - 数据库中检索答案
2018-09-24 07:46:13,164 - mylogger - INFO - 数据中无答案
2018-09-24 07:46:13,976 - mylogger - INFO - 在线检索答案：涅瓦大街
2018-09-24 07:46:13,976 - mylogger - INFO - 我的答案：涅瓦大街
2018-09-24 07:46:14,524 - mylogger - INFO - 选择选项
2018-09-24 07:46:16,914 - mylogger - INFO - 答案正确
2018-09-24 07:46:16,929 - mylogger - INFO - 更新答案
2018-09-24 07:46:18,179 - mylogger - INFO - 本题结束
2018-09-24 07:46:18,382 - mylogger - INFO - 本场比赛结束
2018-09-24 07:46:18,632 - mylogger - INFO - 返回游戏页面
2018-09-24 07:46:20,178 - mylogger - INFO - 进入排位赛
2018-09-24 07:46:20,193 - mylogger - INFO - 正在匹配中......
2018-09-24 07:46:48,031 - mylogger - INFO - 匹配成功
2018-09-24 07:46:48,046 - mylogger - INFO - 获取题目
2018-09-24 07:46:51,171 - mylogger - INFO - 第 1 题
2018-09-24 07:46:51,484 - mylogger - INFO - 甘味药的作用是以下哪种？
2018-09-24 07:46:52,484 - mylogger - INFO - ['发散', '燥湿、降下', '补益、缓急']
2018-09-24 07:46:52,514 - mylogger - INFO - 数据库中检索答案
2018-09-24 07:46:52,530 - mylogger - INFO - 数据中无答案
2018-09-24 07:46:53,498 - mylogger - INFO - 在线检索答案：发散
2018-09-24 07:46:53,514 - mylogger - INFO - 我的答案：发散
2018-09-24 07:46:54,014 - mylogger - INFO - 选择选项
2018-09-24 07:46:56,435 - mylogger - INFO - 答案错误
2018-09-24 07:46:56,670 - mylogger - INFO - 正确答案；补益、缓急
2018-09-24 07:46:56,685 - mylogger - INFO - 更新答案
2018-09-24 07:47:06,980 - mylogger - INFO - 本题结束
2018-09-24 07:47:06,995 - mylogger - INFO - 获取题目
2018-09-24 07:47:07,698 - mylogger - INFO - 第 2 题
2018-09-24 07:47:08,042 - mylogger - INFO - 被称为“皇帝的珠宝商，珠宝商的皇帝”的是哪个珠宝品牌？
2018-09-24 07:47:08,964 - mylogger - INFO - ['海瑞温斯顿', '卡地亚', '蒂凡尼']
2018-09-24 07:47:08,979 - mylogger - INFO - 数据库中检索答案
2018-09-24 07:47:08,995 - mylogger - INFO - 数据中无答案
2018-09-24 07:47:09,979 - mylogger - INFO - 在线检索答案：卡地亚
2018-09-24 07:47:09,994 - mylogger - INFO - 我的答案：卡地亚
2018-09-24 07:47:10,526 - mylogger - INFO - 选择选项
2018-09-24 07:47:13,041 - mylogger - INFO - 答案正确
2018-09-24 07:47:13,056 - mylogger - INFO - 更新答案
2018-09-24 07:47:14,400 - mylogger - INFO - 本题结束
2018-09-24 07:47:14,431 - mylogger - INFO - 获取题目
2018-09-24 07:47:16,181 - mylogger - INFO - 第 3 题
2018-09-24 07:47:16,493 - mylogger - INFO - 唐代四大女诗人不包括以下哪位？
2018-09-24 07:47:17,431 - mylogger - INFO - ['上官婉儿', '刘采春', '薛涛']
2018-09-24 07:47:17,446 - mylogger - INFO - 数据库中检索答案
2018-09-24 07:47:17,461 - mylogger - INFO - 数据中无答案
2018-09-24 07:47:18,195 - mylogger - INFO - 在线检索答案：上官婉儿
2018-09-24 07:47:18,211 - mylogger - INFO - 我的答案：上官婉儿
2018-09-24 07:47:18,789 - mylogger - INFO - 选择选项
2018-09-24 07:47:21,148 - mylogger - INFO - 答案正确
2018-09-24 07:47:21,163 - mylogger - INFO - 更新答案
2018-09-24 07:47:25,835 - mylogger - INFO - 本题结束
2018-09-24 07:47:25,850 - mylogger - INFO - 获取题目
2018-09-24 07:47:27,647 - mylogger - INFO - 第 4 题
2018-09-24 07:47:27,974 - mylogger - INFO - 张曼玉获得过几次香港金像奖最佳女主角？
2018-09-24 07:47:28,756 - mylogger - INFO - ['2次', '5次', '3次']
2018-09-24 07:47:28,771 - mylogger - INFO - 数据库中检索答案
2018-09-24 07:47:28,787 - mylogger - INFO - 数据中无答案
2018-09-24 07:47:29,474 - mylogger - INFO - 在线检索答案：5次
2018-09-24 07:47:29,490 - mylogger - INFO - 我的答案：5次
2018-09-24 07:47:30,022 - mylogger - INFO - 选择选项
2018-09-24 07:47:32,474 - mylogger - INFO - 答案正确
2018-09-24 07:47:32,489 - mylogger - INFO - 更新答案
2018-09-24 07:47:34,832 - mylogger - INFO - 本题结束
2018-09-24 07:47:34,832 - mylogger - INFO - 获取题目
2018-09-24 07:47:37,738 - mylogger - INFO - 第 5 题
2018-09-24 07:47:38,113 - mylogger - INFO - 圣彼得堡和以下哪个城市是友好城市？
2018-09-24 07:47:39,004 - mylogger - INFO - ['沈阳', '哈尔滨', '上海']
2018-09-24 07:47:39,019 - mylogger - INFO - 数据库中检索答案
2018-09-24 07:47:39,050 - mylogger - INFO - 数据中无答案
2018-09-24 07:47:39,800 - mylogger - INFO - 在线检索答案：上海
2018-09-24 07:47:39,815 - mylogger - INFO - 我的答案：上海
2018-09-24 07:47:40,347 - mylogger - INFO - 选择选项
2018-09-24 07:47:42,737 - mylogger - INFO - 答案正确
2018-09-24 07:47:42,752 - mylogger - INFO - 更新答案
2018-09-24 07:47:45,361 - mylogger - INFO - 本题结束
2018-09-24 07:47:45,502 - mylogger - INFO - 本场比赛结束
2018-09-24 07:47:45,767 - mylogger - INFO - 返回游戏页面
2018-09-24 07:47:47,267 - mylogger - INFO - 进入排位赛
2018-09-24 07:47:47,282 - mylogger - INFO - 正在匹配中......
2018-09-24 07:47:54,422 - mylogger - INFO - 匹配成功
2018-09-24 07:47:54,437 - mylogger - INFO - 获取题目
2018-09-24 07:47:57,405 - mylogger - INFO - 第 1 题
2018-09-24 07:47:57,718 - mylogger - INFO - 韩国电影《阳光姐妹淘》中迫切希望割双眼皮的是谁？
2018-09-24 07:47:58,702 - mylogger - INFO - ['真熙', '金玉', '江美']
2018-09-24 07:47:58,717 - mylogger - INFO - 数据库中检索答案
2018-09-24 07:47:58,733 - mylogger - INFO - 数据中无答案
2018-09-24 07:47:59,576 - mylogger - INFO - 在线检索答案：真熙
2018-09-24 07:47:59,592 - mylogger - INFO - 我的答案：真熙
2018-09-24 07:48:00,077 - mylogger - INFO - 选择选项
2018-09-24 07:48:02,451 - mylogger - INFO - 答案错误
2018-09-24 07:48:02,717 - mylogger - INFO - 正确答案；江美
2018-09-24 07:48:02,732 - mylogger - INFO - 更新答案
2018-09-24 07:48:05,216 - mylogger - INFO - 本题结束
2018-09-24 07:48:05,231 - mylogger - INFO - 获取题目
2018-09-24 07:48:08,137 - mylogger - INFO - 第 2 题
2018-09-24 07:48:08,465 - mylogger - INFO - 猫屎咖啡中的“猫”是哪种动物？
2018-09-24 07:48:09,449 - mylogger - INFO - ['麝香猫', '暹罗猫', '英国短毛猫']
2018-09-24 07:48:09,465 - mylogger - INFO - 数据库中检索答案
2018-09-24 07:48:09,480 - mylogger - INFO - 数据中无答案
2018-09-24 07:48:10,183 - mylogger - INFO - 在线检索答案：麝香猫
2018-09-24 07:48:10,199 - mylogger - INFO - 我的答案：麝香猫
2018-09-24 07:48:10,761 - mylogger - INFO - 选择选项
2018-09-24 07:48:13,151 - mylogger - INFO - 答案正确
2018-09-24 07:48:13,167 - mylogger - INFO - 更新答案
2018-09-24 07:48:14,480 - mylogger - INFO - 本题结束
2018-09-24 07:48:14,495 - mylogger - INFO - 获取题目
2018-09-24 07:48:16,261 - mylogger - INFO - 第 3 题
2018-09-24 07:48:16,557 - mylogger - INFO - 世界七大水坝之一，位于埃及尼罗河上的水坝叫什么？
2018-09-24 07:48:17,432 - mylogger - INFO - [' 泰拉普水坝', '胡佛水坝', '阿斯旺水坝']
2018-09-24 07:48:17,447 - mylogger - INFO - 数据库中检索答案
2018-09-24 07:48:17,463 - mylogger - INFO - 数据中无答案
2018-09-24 07:48:18,619 - mylogger - INFO - 在线检索答案：阿斯旺水坝
2018-09-24 07:48:18,634 - mylogger - INFO - 我的答案：阿斯旺水坝
2018-09-24 07:48:19,244 - mylogger - INFO - 选择选项
2018-09-24 07:48:21,775 - mylogger - INFO - 答案正确
2018-09-24 07:48:21,790 - mylogger - INFO - 更新答案
2018-09-24 07:48:25,383 - mylogger - INFO - 本题结束
2018-09-24 07:48:25,415 - mylogger - INFO - 获取题目
2018-09-24 07:48:27,102 - mylogger - INFO - 第 4 题
2018-09-24 07:48:27,351 - mylogger - INFO - 以下哪位演员参演过电影《岁月神偷》？
2018-09-24 07:48:28,211 - mylogger - INFO - ['徐熙媛', '李治廷', '宋智孝']
2018-09-24 07:48:28,241 - mylogger - INFO - 数据库中检索答案
2018-09-24 07:48:28,273 - mylogger - INFO - 数据中无答案
2018-09-24 07:48:28,944 - mylogger - INFO - 在线检索答案：李治廷
2018-09-24 07:48:28,960 - mylogger - INFO - 我的答案：李治廷
2018-09-24 07:48:29,508 - mylogger - INFO - 选择选项
2018-09-24 07:48:31,913 - mylogger - INFO - 答案正确
2018-09-24 07:48:31,928 - mylogger - INFO - 更新答案
2018-09-24 07:48:37,958 - mylogger - INFO - 本题结束
2018-09-24 07:48:37,973 - mylogger - INFO - 获取题目
2018-09-24 07:48:39,708 - mylogger - INFO - 第 5 题
2018-09-24 07:48:40,005 - mylogger - INFO - 以下哪家公司没有推出过VR眼镜产品
2018-09-24 07:48:40,864 - mylogger - INFO - ['HTC', 'Facebook', 'NVIDIA']
2018-09-24 07:48:40,879 - mylogger - INFO - 数据库中检索答案
2018-09-24 07:48:40,910 - mylogger - INFO - 数据中无答案
2018-09-24 07:48:41,660 - mylogger - INFO - 在线检索答案：
2018-09-24 07:48:41,676 - mylogger - INFO - 我的答案：HTC
2018-09-24 07:48:42,208 - mylogger - INFO - 选择选项
2018-09-24 07:48:44,707 - mylogger - INFO - 答案错误
2018-09-24 07:48:44,941 - mylogger - INFO - 正确答案；NVIDIA
2018-09-24 07:48:44,956 - mylogger - INFO - 更新答案
2018-09-24 07:48:49,706 - mylogger - INFO - 本题结束
2018-09-24 07:48:49,830 - mylogger - INFO - 本场比赛结束
2018-09-24 07:48:50,081 - mylogger - INFO - 返回游戏页面
2018-09-24 07:48:51,565 - mylogger - INFO - 进入排位赛
2018-09-24 07:48:51,580 - mylogger - INFO - 正在匹配中......
2018-09-24 07:49:07,686 - mylogger - INFO - 匹配成功
2018-09-24 07:49:07,701 - mylogger - INFO - 获取题目
2018-09-24 07:49:10,638 - mylogger - INFO - 第 1 题
2018-09-24 07:49:10,982 - mylogger - INFO - 在3D动画电影《西游记之大圣归来》中，孙悟空的封印是谁解除的？
2018-09-24 07:49:11,998 - mylogger - INFO - ['如来', '混沌', '江流儿']
2018-09-24 07:49:12,012 - mylogger - INFO - 数据库中检索答案
2018-09-24 07:49:12,028 - mylogger - INFO - 数据中无答案
2018-09-24 07:49:12,825 - mylogger - INFO - 在线检索答案：江流儿
2018-09-24 07:49:12,840 - mylogger - INFO - 我的答案：江流儿
2018-09-24 07:49:13,450 - mylogger - INFO - 选择选项
2018-09-24 07:49:15,809 - mylogger - INFO - 答案正确
2018-09-24 07:49:15,824 - mylogger - INFO - 更新答案
2018-09-24 07:49:18,293 - mylogger - INFO - 本题结束
2018-09-24 07:49:18,308 - mylogger - INFO - 获取题目
2018-09-24 07:49:19,980 - mylogger - INFO - 第 2 题
2018-09-24 07:49:20,292 - mylogger - INFO - 以下哪位著名 NBA 球星被誉为“人类电影精华”？
2018-09-24 07:49:21,167 - mylogger - INFO - ['多米尼克·威尔金斯', '沙奎尔·奥尼尔', '拉里·伯德']
2018-09-24 07:49:21,182 - mylogger - INFO - 数据库中检索答案
2018-09-24 07:49:21,198 - mylogger - INFO - 数据中无答案
2018-09-24 07:49:21,947 - mylogger - INFO - 在线检索答案：多米尼克·威尔金斯
2018-09-24 07:49:21,963 - mylogger - INFO - 我的答案：多米尼克·威尔金斯
2018-09-24 07:49:22,448 - mylogger - INFO - 选择选项
2018-09-24 07:49:24,854 - mylogger - INFO - 答案正确
2018-09-24 07:49:24,869 - mylogger - INFO - 更新答案
2018-09-24 07:49:27,322 - mylogger - INFO - 本题结束
2018-09-24 07:49:27,337 - mylogger - INFO - 获取题目
2018-09-24 07:49:29,228 - mylogger - INFO - 第 3 题
2018-09-24 07:49:29,571 - mylogger - INFO - 金饰品中，12K的含义是什么？
2018-09-24 07:49:30,587 - mylogger - INFO - ['金饰含纯金12%', '金饰含纯金50%', '金饰含纯金75%']
2018-09-24 07:49:30,602 - mylogger - INFO - 数据库中检索答案
2018-09-24 07:49:30,617 - mylogger - INFO - 数据中无答案
2018-09-24 07:49:31,476 - mylogger - INFO - 在线检索答案：金饰含纯金50%
2018-09-24 07:49:31,492 - mylogger - INFO - 我的答案：金饰含纯金50%
2018-09-24 07:49:32,071 - mylogger - INFO - 选择选项
2018-09-24 07:49:34,492 - mylogger - INFO - 答案正确
2018-09-24 07:49:34,507 - mylogger - INFO - 更新答案
2018-09-24 07:49:35,898 - mylogger - INFO - 本题结束
2018-09-24 07:49:35,913 - mylogger - INFO - 获取题目
2018-09-24 07:49:38,835 - mylogger - INFO - 第 4 题
2018-09-24 07:49:39,193 - mylogger - INFO - 天球通常以何为中心？
2018-09-24 07:49:40,053 - mylogger - INFO - ['太阳中心', '北极', '观测者']
2018-09-24 07:49:40,068 - mylogger - INFO - 数据库中检索答案
2018-09-24 07:49:40,099 - mylogger - INFO - 数据中无答案
2018-09-24 07:49:40,834 - mylogger - INFO - 在线检索答案：太阳中心
2018-09-24 07:49:40,849 - mylogger - INFO - 我的答案：太阳中心
2018-09-24 07:49:41,397 - mylogger - INFO - 选择选项
2018-09-24 07:49:43,865 - mylogger - INFO - 答案错误
2018-09-24 07:49:44,084 - mylogger - INFO - 正确答案；观测者
2018-09-24 07:49:44,099 - mylogger - INFO - 更新答案
2018-09-24 07:49:48,755 - mylogger - INFO - 本题结束
2018-09-24 07:49:48,769 - mylogger - INFO - 获取题目
2018-09-24 07:49:50,567 - mylogger - INFO - 第 5 题
2018-09-24 07:49:50,926 - mylogger - INFO - 标准麻将牌局中，某家抓牌墙中最后一张牌自摸和牌，被称为什么？
2018-09-24 07:49:51,926 - mylogger - INFO - ['海底捞月', '妙手回春', '八仙过海']
2018-09-24 07:49:51,972 - mylogger - INFO - 数据库中检索答案
2018-09-24 07:49:51,987 - mylogger - INFO - 数据中无答案
2018-09-24 07:49:54,143 - mylogger - INFO - 在线检索答案：海底捞月
2018-09-24 07:49:54,159 - mylogger - INFO - 我的答案：海底捞月
2018-09-24 07:49:54,706 - mylogger - INFO - 选择选项
2018-09-24 07:49:57,003 - mylogger - INFO - 答案错误
2018-09-24 07:49:57,127 - mylogger - INFO - 正确答案；妙手回春
2018-09-24 07:49:57,142 - mylogger - INFO - 更新答案
2018-09-24 07:49:58,518 - mylogger - INFO - 本题结束
2018-09-24 07:49:58,627 - mylogger - INFO - 本场比赛结束
2018-09-24 07:49:58,908 - mylogger - INFO - 返回游戏页面
2018-09-24 07:50:00,517 - mylogger - INFO - 进入排位赛
2018-09-24 07:50:00,532 - mylogger - INFO - 正在匹配中......
2018-09-24 07:51:01,315 - mylogger - WARNING - 匹配失败
2018-09-24 07:51:01,581 - mylogger - INFO - 返回游戏页面
2018-09-24 07:51:03,080 - mylogger - INFO - 进入排位赛
2018-09-24 07:51:03,096 - mylogger - INFO - 正在匹配中......
2018-09-24 07:51:57,614 - mylogger - INFO - 匹配成功
2018-09-24 07:51:57,630 - mylogger - INFO - 获取题目
2018-09-24 07:52:00,801 - mylogger - INFO - 第 1 题
2018-09-24 07:52:01,161 - mylogger - INFO - 托纳多雷时空三部曲不包括以下哪部影片？
2018-09-24 07:52:02,098 - mylogger - INFO - ['《海上钢琴师》', '《对应》', '《西西里的美丽传说》']
2018-09-24 07:52:02,113 - mylogger - INFO - 数据库中检索答案
2018-09-24 07:52:02,128 - mylogger - INFO - 数据中无答案
2018-09-24 07:52:02,800 - mylogger - INFO - 在线检索答案：《对应》
2018-09-24 07:52:02,816 - mylogger - INFO - 我的答案：《对应》
2018-09-24 07:52:03,316 - mylogger - INFO - 选择选项
2018-09-24 07:52:05,800 - mylogger - INFO - 答案正确
2018-09-24 07:52:05,815 - mylogger - INFO - 更新答案
2018-09-24 07:52:09,424 - mylogger - INFO - 本题结束
2018-09-24 07:52:09,440 - mylogger - INFO - 获取题目
2018-09-24 07:52:11,190 - mylogger - INFO - 第 2 题
2018-09-24 07:52:11,533 - mylogger - INFO - 处方药“硝酸甘油片”的正确服用方法是怎样的？
2018-09-24 07:52:12,564 - mylogger - INFO - ['温水送服', '舌下含服', '舌上含服']
2018-09-24 07:52:12,595 - mylogger - INFO - 数据库中检索答案
2018-09-24 07:52:12,610 - mylogger - INFO - 数据中无答案
2018-09-24 07:52:13,266 - mylogger - INFO - 在线检索答案：舌下含服
2018-09-24 07:52:13,282 - mylogger - INFO - 我的答案：舌下含服
2018-09-24 07:52:13,876 - mylogger - INFO - 选择选项
2018-09-24 07:52:16,297 - mylogger - INFO - 答案正确
2018-09-24 07:52:16,297 - mylogger - INFO - 更新答案
2018-09-24 07:52:21,077 - mylogger - INFO - 本题结束
2018-09-24 07:52:21,108 - mylogger - INFO - 获取题目
2018-09-24 07:52:22,890 - mylogger - INFO - 第 3 题
2018-09-24 07:52:23,249 - mylogger - INFO - 标准大气压的压强为多少?
2018-09-24 07:52:24,311 - mylogger - INFO - ['99千帕', '101千帕', '98千帕']
2018-09-24 07:52:24,326 - mylogger - INFO - 数据库中检索答案
2018-09-24 07:52:24,342 - mylogger - INFO - 数据中无答案
2018-09-24 07:52:25,061 - mylogger - INFO - 在线检索答案：
2018-09-24 07:52:25,076 - mylogger - INFO - 我的答案：99千帕
2018-09-24 07:52:25,671 - mylogger - INFO - 选择选项
2018-09-24 07:52:28,108 - mylogger - INFO - 答案错误
2018-09-24 07:52:28,264 - mylogger - INFO - 正确答案；101千帕
2018-09-24 07:52:28,279 - mylogger - INFO - 更新答案
2018-09-24 07:52:28,545 - mylogger - INFO - 本题结束
2018-09-24 07:52:28,560 - mylogger - INFO - 获取题目
2018-09-24 07:52:31,591 - mylogger - INFO - 第 4 题
2018-09-24 07:52:31,918 - mylogger - INFO - 哪一届的冬奥会第一次有黑人选手参加？
2018-09-24 07:52:32,888 - mylogger - INFO - ['第十三届冬奥会', '第十二届冬奥会', '第十四届冬奥会']
2018-09-24 07:52:32,902 - mylogger - INFO - 数据库中检索答案
2018-09-24 07:52:32,918 - mylogger - INFO - 数据中无答案
2018-09-24 07:52:34,105 - mylogger - INFO - 在线检索答案：
2018-09-24 07:52:34,121 - mylogger - INFO - 我的答案：第十三届冬奥会
2018-09-24 07:52:34,683 - mylogger - INFO - 选择选项
2018-09-24 07:52:37,058 - mylogger - INFO - 答案错误
2018-09-24 07:52:37,277 - mylogger - INFO - 正确答案；第十四届冬奥会
2018-09-24 07:52:37,292 - mylogger - INFO - 更新答案
2018-09-24 07:52:38,699 - mylogger - INFO - 本题结束
2018-09-24 07:52:38,730 - mylogger - INFO - 获取题目
2018-09-24 07:52:40,542 - mylogger - INFO - 第 5 题
2018-09-24 07:52:40,917 - mylogger - INFO - 被称为杏月的月份是：
2018-09-24 07:52:41,963 - mylogger - INFO - ['正月', '二月', '三月']
2018-09-24 07:52:41,978 - mylogger - INFO - 数据库中检索答案
2018-09-24 07:52:41,994 - mylogger - INFO - 数据中无答案
2018-09-24 07:52:42,556 - mylogger - INFO - 在线检索答案：二月
2018-09-24 07:52:42,572 - mylogger - INFO - 我的答案：二月
2018-09-24 07:52:43,088 - mylogger - INFO - 选择选项
2018-09-24 07:52:45,478 - mylogger - INFO - 答案正确
2018-09-24 07:52:45,493 - mylogger - INFO - 更新答案
2018-09-24 07:52:47,915 - mylogger - INFO - 本题结束
2018-09-24 07:52:48,071 - mylogger - INFO - 本场比赛结束
2018-09-24 07:52:48,337 - mylogger - INFO - 返回游戏页面
2018-09-24 07:52:49,867 - mylogger - INFO - 进入排位赛
2018-09-24 07:52:49,867 - mylogger - INFO - 正在匹配中......
2018-09-24 07:53:45,980 - mylogger - INFO - 匹配成功
2018-09-24 07:53:45,995 - mylogger - INFO - 获取题目
2018-09-24 07:53:48,994 - mylogger - INFO - 第 1 题
2018-09-24 07:53:49,338 - mylogger - INFO - 以下哪位球星不是“雷霆三少”之一？
2018-09-24 07:53:50,384 - mylogger - INFO - ['拉塞尔·威斯布鲁克', '勒布朗·詹姆斯', '凯文·杜兰特']
2018-09-24 07:53:50,399 - mylogger - INFO - 数据库中检索答案
2018-09-24 07:53:50,415 - mylogger - INFO - 我的答案：勒布朗·詹姆斯
2018-09-24 07:53:50,947 - mylogger - INFO - 选择选项
2018-09-24 07:53:53,352 - mylogger - INFO - 答案正确
2018-09-24 07:53:53,367 - mylogger - INFO - 更新答案
2018-09-24 07:53:55,914 - mylogger - INFO - 本题结束
2018-09-24 07:53:55,929 - mylogger - INFO - 获取题目
2018-09-24 07:53:57,726 - mylogger - INFO - 第 2 题
2018-09-24 07:53:58,070 - mylogger - INFO - 著名的“马奇诺防线”是由哪一个国家建造的？
2018-09-24 07:53:59,070 - mylogger - INFO - ['英国', '波兰', '法国']
2018-09-24 07:53:59,085 - mylogger - INFO - 数据库中检索答案
2018-09-24 07:53:59,100 - mylogger - INFO - 数据中无答案
2018-09-24 07:53:59,944 - mylogger - INFO - 在线检索答案：法国
2018-09-24 07:53:59,960 - mylogger - INFO - 我的答案：法国
2018-09-24 07:54:00,522 - mylogger - INFO - 选择选项
2018-09-24 07:54:02,928 - mylogger - INFO - 答案正确
2018-09-24 07:54:02,943 - mylogger - INFO - 更新答案
2018-09-24 07:54:13,269 - mylogger - INFO - 本题结束
2018-09-24 07:54:13,285 - mylogger - INFO - 获取题目
2018-09-24 07:54:13,988 - mylogger - INFO - 第 /5 题
2018-09-24 07:54:14,300 - mylogger - INFO - 诗经 《采菽》中“菽”指的是？
2018-09-24 07:54:15,363 - mylogger - INFO - ['高粱', '水稻', '水稻']
2018-09-24 07:54:15,378 - mylogger - INFO - 数据库中检索答案
2018-09-24 07:54:15,394 - mylogger - INFO - 我的答案：大豆
2018-09-24 07:55:16,770 - mylogger - INFO - 进入排位赛
2018-09-24 07:55:16,770 - mylogger - INFO - 正在匹配中......
2018-09-24 07:55:29,455 - mylogger - INFO - 匹配成功
2018-09-24 07:55:29,470 - mylogger - INFO - 获取题目
2018-09-24 07:55:32,516 - mylogger - INFO - 第 1 题
2018-09-24 07:55:32,829 - mylogger - INFO - 起诉虐待案件应是什么部门受理？
2018-09-24 07:55:33,626 - mylogger - INFO - ['人民检察院', '人民法院', '公安机关']
2018-09-24 07:55:33,641 - mylogger - INFO - 数据库中检索答案
2018-09-24 07:55:33,656 - mylogger - INFO - 我的答案：人民法院
2018-09-24 07:55:34,204 - mylogger - INFO - 选择选项
2018-09-24 07:55:36,593 - mylogger - INFO - 答案正确
2018-09-24 07:55:36,593 - mylogger - INFO - 更新答案
2018-09-24 07:55:42,452 - mylogger - INFO - 本题结束
2018-09-24 07:55:42,467 - mylogger - INFO - 获取题目
2018-09-24 07:55:44,186 - mylogger - INFO - 第 2 题
2018-09-24 07:55:44,482 - mylogger - INFO - 以下哪个品牌的标志是深浅相间的格子图案？
2018-09-24 07:55:45,357 - mylogger - INFO - ['爱马仕 ', '路易威登 ', '巴宝莉']
2018-09-24 07:55:45,388 - mylogger - INFO - 数据库中检索答案
2018-09-24 07:55:45,403 - mylogger - INFO - 数据中无答案
2018-09-24 07:55:46,106 - mylogger - INFO - 在线检索答案：巴宝莉
2018-09-24 07:55:46,122 - mylogger - INFO - 我的答案：巴宝莉
2018-09-24 07:55:46,654 - mylogger - INFO - 选择选项
2018-09-24 07:55:49,075 - mylogger - INFO - 答案正确
2018-09-24 07:55:49,090 - mylogger - INFO - 更新答案
2018-09-24 07:55:52,731 - mylogger - INFO - 本题结束
2018-09-24 07:55:52,761 - mylogger - INFO - 获取题目
2018-09-24 07:55:54,511 - mylogger - INFO - 第 3 题
2018-09-24 07:55:54,824 - mylogger - INFO - 1996年春晚有多少个节目？
2018-09-24 07:55:55,777 - mylogger - INFO - ['41', '39', '40']
2018-09-24 07:55:55,792 - mylogger - INFO - 数据库中检索答案
2018-09-24 07:55:55,807 - mylogger - INFO - 数据中无答案
2018-09-24 07:55:56,604 - mylogger - INFO - 在线检索答案：
2018-09-24 07:55:56,620 - mylogger - INFO - 我的答案：41
2018-09-24 07:55:57,183 - mylogger - INFO - 选择选项
2018-09-24 07:55:59,651 - mylogger - INFO - 答案错误
2018-09-24 07:55:59,963 - mylogger - INFO - 正确答案；40
2018-09-24 07:55:59,978 - mylogger - INFO - 更新答案
2018-09-24 07:56:02,493 - mylogger - INFO - 本题结束
2018-09-24 07:56:02,493 - mylogger - INFO - 获取题目
2018-09-24 07:56:05,431 - mylogger - INFO - 第 4 题
2018-09-24 07:56:05,774 - mylogger - INFO - 哈勃望远镜是以下什么望远镜？
2018-09-24 07:56:06,759 - mylogger - INFO - ['光学望远镜', '空间望远镜', '以上都不是']
2018-09-24 07:56:06,773 - mylogger - INFO - 数据库中检索答案
2018-09-24 07:56:06,789 - mylogger - INFO - 我的答案：空间望远镜
2018-09-24 07:56:07,304 - mylogger - INFO - 选择选项
2018-09-24 07:56:09,711 - mylogger - INFO - 答案正确
2018-09-24 07:56:09,726 - mylogger - INFO - 更新答案
2018-09-24 07:56:12,257 - mylogger - INFO - 本题结束
2018-09-24 07:56:12,272 - mylogger - INFO - 获取题目
2018-09-24 07:56:14,069 - mylogger - INFO - 第 5 题
2018-09-24 07:56:14,413 - mylogger - INFO - 第一位获得世界职业围棋锦标赛冠军的著名棋手是（）
2018-09-24 07:56:15,444 - mylogger - INFO - ['曹薰铉', '武宫正树', '马晓春']
2018-09-24 07:56:15,459 - mylogger - INFO - 数据库中检索答案
2018-09-24 07:56:15,490 - mylogger - INFO - 数据中无答案
2018-09-24 07:56:16,396 - mylogger - INFO - 在线检索答案：马晓春
2018-09-24 07:56:16,412 - mylogger - INFO - 我的答案：马晓春
2018-09-24 07:56:16,943 - mylogger - INFO - 选择选项
2018-09-24 07:56:19,396 - mylogger - INFO - 答案错误
2018-09-24 07:56:19,615 - mylogger - INFO - 正确答案；武宫正树
2018-09-24 07:56:19,630 - mylogger - INFO - 更新答案
2018-09-24 07:56:24,426 - mylogger - INFO - 本题结束
2018-09-24 07:56:24,567 - mylogger - INFO - 本场比赛结束
2018-09-24 07:56:24,832 - mylogger - INFO - 返回游戏页面
2018-09-24 07:56:26,332 - mylogger - INFO - 进入排位赛
2018-09-24 07:56:26,347 - mylogger - INFO - 正在匹配中......
2018-09-24 07:56:56,825 - mylogger - INFO - 匹配成功
2018-09-24 07:56:56,840 - mylogger - INFO - 获取题目
2018-09-24 07:57:00,043 - mylogger - INFO - 第 1 题
2018-09-24 07:57:00,418 - mylogger - INFO - 下列型号中，哪一个不属于冲锋枪？
2018-09-24 07:57:01,433 - mylogger - INFO - ['PKT', 'P90', '79式']
2018-09-24 07:57:01,448 - mylogger - INFO - 数据库中检索答案
2018-09-24 07:57:01,464 - mylogger - INFO - 数据中无答案
2018-09-24 07:57:02,120 - mylogger - INFO - 在线检索答案：PKT
2018-09-24 07:57:02,135 - mylogger - INFO - 我的答案：PKT
2018-09-24 07:57:02,683 - mylogger - INFO - 选择选项
2018-09-24 07:57:05,151 - mylogger - INFO - 答案正确
2018-09-24 07:57:05,166 - mylogger - INFO - 更新答案
2018-09-24 07:57:14,523 - mylogger - INFO - 本题结束
2018-09-24 07:57:14,539 - mylogger - INFO - 获取题目
2018-09-24 07:57:16,289 - mylogger - INFO - 第 2 题
2018-09-24 07:57:16,601 - mylogger - INFO - 名画家董源是哪个朝代的人物？
2018-09-24 07:57:17,601 - mylogger - INFO - ['唐', '元', '五代']
2018-09-24 07:57:17,616 - mylogger - INFO - 数据库中检索答案
2018-09-24 07:57:17,632 - mylogger - INFO - 数据中无答案
2018-09-24 07:57:18,319 - mylogger - INFO - 在线检索答案：五代
2018-09-24 07:57:18,335 - mylogger - INFO - 我的答案：五代
2018-09-24 07:57:18,882 - mylogger - INFO - 选择选项
2018-09-24 07:57:21,256 - mylogger - INFO - 答案正确
2018-09-24 07:57:21,271 - mylogger - INFO - 更新答案
2018-09-24 07:57:22,600 - mylogger - INFO - 本题结束
2018-09-24 07:57:22,631 - mylogger - INFO - 获取题目
2018-09-24 07:57:25,521 - mylogger - INFO - 第 3 题
2018-09-24 07:57:25,834 - mylogger - INFO - ”人在江湖，身不由己“这句话出自哪一位武侠作家？
2018-09-24 07:57:26,864 - mylogger - INFO - ['古龙', '金庸', '白羽']
2018-09-24 07:57:26,879 - mylogger - INFO - 数据库中检索答案
2018-09-24 07:57:26,895 - mylogger - INFO - 数据中无答案
2018-09-24 07:57:27,692 - mylogger - INFO - 在线检索答案：金庸
2018-09-24 07:57:27,707 - mylogger - INFO - 我的答案：金庸
2018-09-24 07:57:28,255 - mylogger - INFO - 选择选项
2018-09-24 07:57:30,660 - mylogger - INFO - 答案错误
2018-09-24 07:57:30,817 - mylogger - INFO - 正确答案；古龙
2018-09-24 07:57:30,832 - mylogger - INFO - 更新答案
2018-09-24 07:57:32,206 - mylogger - INFO - 本题结束
2018-09-24 07:57:32,222 - mylogger - INFO - 获取题目
2018-09-24 07:57:34,113 - mylogger - INFO - 第 4 题
2018-09-24 07:57:34,441 - mylogger - INFO - 扑克牌最早起源于哪个国家?
2018-09-24 07:57:35,331 - mylogger - INFO - ['中国', '法国', '西班牙']
2018-09-24 07:57:35,346 - mylogger - INFO - 数据库中检索答案
2018-09-24 07:57:35,378 - mylogger - INFO - 数据中无答案
2018-09-24 07:57:36,049 - mylogger - INFO - 在线检索答案：中国
2018-09-24 07:57:36,065 - mylogger - INFO - 我的答案：中国
2018-09-24 07:57:36,596 - mylogger - INFO - 选择选项
2018-09-24 07:57:39,002 - mylogger - INFO - 答案正确
2018-09-24 07:57:39,017 - mylogger - INFO - 更新答案
2018-09-24 07:57:40,393 - mylogger - INFO - 本题结束
2018-09-24 07:57:40,408 - mylogger - INFO - 获取题目
2018-09-24 07:57:42,188 - mylogger - INFO - 第 5 题
2018-09-24 07:57:42,517 - mylogger - INFO - 在《大耳朵图图》中，图图的宠物猫叫什么？
2018-09-24 07:57:43,564 - mylogger - INFO - ['小怪', '小白', '小新']
2018-09-24 07:57:43,579 - mylogger - INFO - 数据库中检索答案
2018-09-24 07:57:43,610 - mylogger - INFO - 数据中无答案
2018-09-24 07:57:44,329 - mylogger - INFO - 在线检索答案：小怪
2018-09-24 07:57:44,344 - mylogger - INFO - 我的答案：小怪
2018-09-24 07:57:44,923 - mylogger - INFO - 选择选项
2018-09-24 07:57:47,422 - mylogger - INFO - 答案正确
2018-09-24 07:57:47,422 - mylogger - INFO - 更新答案
2018-09-24 07:57:51,000 - mylogger - INFO - 本题结束
2018-09-24 07:57:51,139 - mylogger - INFO - 本场比赛结束
2018-09-24 07:57:51,390 - mylogger - INFO - 返回游戏页面
2018-09-24 07:57:52,905 - mylogger - INFO - 进入排位赛
2018-09-24 07:57:52,920 - mylogger - INFO - 正在匹配中......
2018-09-24 07:58:52,985 - mylogger - WARNING - 匹配失败
2018-09-24 07:58:53,266 - mylogger - INFO - 返回游戏页面
2018-09-24 07:58:54,734 - mylogger - INFO - 进入排位赛
2018-09-24 07:58:54,749 - mylogger - INFO - 正在匹配中......
2018-09-24 07:59:55,517 - mylogger - WARNING - 匹配失败
2018-09-24 07:59:55,783 - mylogger - INFO - 返回游戏页面
2018-09-24 07:59:57,360 - mylogger - INFO - 进入排位赛
2018-09-24 07:59:57,375 - mylogger - INFO - 正在匹配中......
2018-09-24 08:00:09,654 - mylogger - INFO - 匹配成功
2018-09-24 08:00:09,669 - mylogger - INFO - 获取题目
2018-09-24 08:00:13,091 - mylogger - INFO - 第 1 题
2018-09-24 08:00:13,372 - mylogger - INFO - 南极地区储量居各大洲之首的自然资源是？
2018-09-24 08:00:14,403 - mylogger - INFO - ['煤炭', '淡水', '天然气']
2018-09-24 08:00:14,418 - mylogger - INFO - 数据库中检索答案
2018-09-24 08:00:14,434 - mylogger - INFO - 数据中无答案
2018-09-24 08:00:15,637 - mylogger - INFO - 在线检索答案：煤炭
2018-09-24 08:00:15,652 - mylogger - INFO - 我的答案：煤炭
2018-09-24 08:00:16,168 - mylogger - INFO - 选择选项
2018-09-24 08:00:18,543 - mylogger - INFO - 答案错误
2018-09-24 08:00:18,698 - mylogger - INFO - 正确答案；淡水
2018-09-24 08:00:18,698 - mylogger - INFO - 更新答案
2018-09-24 08:00:20,027 - mylogger - INFO - 本题结束
2018-09-24 08:00:20,042 - mylogger - INFO - 获取题目
2018-09-24 08:00:21,839 - mylogger - INFO - 第 2 题
2018-09-24 08:00:22,151 - mylogger - INFO - Christian Louboutin口红模仿的是什么形状？
2018-09-24 08:00:23,011 - mylogger - INFO - ['女王权杖', '胡萝卜', '高跟鞋的鞋跟']
2018-09-24 08:00:23,026 - mylogger - INFO - 数据库中检索答案
2018-09-24 08:00:23,041 - mylogger - INFO - 数据中无答案
2018-09-24 08:00:23,713 - mylogger - INFO - 在线检索答案：女王权杖
2018-09-24 08:00:23,728 - mylogger - INFO - 我的答案：女王权杖
2018-09-24 08:00:24,260 - mylogger - INFO - 选择选项
2018-09-24 08:00:26,635 - mylogger - INFO - 答案正确
2018-09-24 08:00:26,650 - mylogger - INFO - 更新答案
2018-09-24 08:00:29,103 - mylogger - INFO - 本题结束
2018-09-24 08:00:29,118 - mylogger - INFO - 获取题目
2018-09-24 08:00:30,790 - mylogger - INFO - 第 3 题
2018-09-24 08:00:31,118 - mylogger - INFO - 100-200中所有的偶数之和比奇数之和大多少？
2018-09-24 08:00:31,962 - mylogger - INFO - ['100', '150', '50']
2018-09-24 08:00:31,976 - mylogger - INFO - 数据库中检索答案
2018-09-24 08:00:31,992 - mylogger - INFO - 我的答案：150
2018-09-24 08:00:32,524 - mylogger - INFO - 选择选项
2018-09-24 08:00:34,883 - mylogger - INFO - 答案正确
2018-09-24 08:00:34,898 - mylogger - INFO - 更新答案
2018-09-24 08:00:37,320 - mylogger - INFO - 本题结束
2018-09-24 08:00:37,335 - mylogger - INFO - 获取题目
2018-09-24 08:00:39,100 - mylogger - INFO - 第 4 题
2018-09-24 08:00:39,382 - mylogger - INFO - 每年10月8日左右有可能出现极大的是哪个星座的流星雨
2018-09-24 08:00:40,319 - mylogger - INFO - ['猎户座', '天龙座', '英仙座']
2018-09-24 08:00:40,334 - mylogger - INFO - 数据库中检索答案
2018-09-24 08:00:40,350 - mylogger - INFO - 数据中无答案
2018-09-24 08:00:41,209 - mylogger - INFO - 在线检索答案：天龙座
2018-09-24 08:00:41,224 - mylogger - INFO - 我的答案：天龙座
2018-09-24 08:00:41,834 - mylogger - INFO - 选择选项
2018-09-24 08:00:44,209 - mylogger - INFO - 答案正确
2018-09-24 08:00:44,224 - mylogger - INFO - 更新答案
2018-09-24 08:00:45,583 - mylogger - INFO - 本题结束
2018-09-24 08:00:45,583 - mylogger - INFO - 获取题目
2018-09-24 08:00:48,535 - mylogger - INFO - 第 5 题
2018-09-24 08:00:48,880 - mylogger - INFO - 歌词“如果我爱上你的笑容，要怎么收藏要怎么拥有”是出自以下的哪一首歌？
2018-09-24 08:00:49,926 - mylogger - INFO - ['《温柔》', '《知足》', '《你快乐所以我快乐》']
2018-09-24 08:00:49,941 - mylogger - INFO - 数据库中检索答案
2018-09-24 08:00:49,957 - mylogger - INFO - 数据中无答案
2018-09-24 08:00:51,566 - mylogger - INFO - 在线检索答案：《知足》
2018-09-24 08:00:51,581 - mylogger - INFO - 我的答案：《知足》
2018-09-24 08:00:52,144 - mylogger - INFO - 选择选项
2018-09-24 08:00:54,519 - mylogger - INFO - 答案正确
2018-09-24 08:00:54,534 - mylogger - INFO - 更新答案
2018-09-24 08:00:57,065 - mylogger - INFO - 本题结束
2018-09-24 08:00:57,221 - mylogger - INFO - 本场比赛结束
2018-09-24 08:00:57,503 - mylogger - INFO - 返回游戏页面
2018-09-24 08:00:59,080 - mylogger - INFO - 进入排位赛
2018-09-24 08:00:59,095 - mylogger - INFO - 正在匹配中......
2018-09-24 08:01:49,693 - mylogger - INFO - 匹配成功
2018-09-24 08:01:49,708 - mylogger - INFO - 获取题目
2018-09-24 08:01:52,552 - mylogger - INFO - 第 1 题
2018-09-24 08:01:52,911 - mylogger - INFO - 蔡依林歌曲《日不落》中，“祈祷你像英勇的禁卫军”下一句是？
2018-09-24 08:01:53,802 - mylogger - INFO - ['寄出爱的明星片', '心牵着心把世界走遍', '动也不动的守护爱情']
2018-09-24 08:01:53,817 - mylogger - INFO - 数据库中检索答案
2018-09-24 08:01:53,832 - mylogger - INFO - 数据中无答案
2018-09-24 08:01:54,816 - mylogger - INFO - 在线检索答案：寄出爱的明星片
2018-09-24 08:01:54,832 - mylogger - INFO - 我的答案：寄出爱的明星片
2018-09-24 08:01:55,505 - mylogger - INFO - 选择选项
2018-09-24 08:01:57,879 - mylogger - INFO - 答案错误
2018-09-24 08:01:58,176 - mylogger - INFO - 正确答案；动也不动的守护爱情
2018-09-24 08:01:58,191 - mylogger - INFO - 更新答案
2018-09-24 08:01:58,957 - mylogger - INFO - 本题结束
2018-09-24 08:01:58,972 - mylogger - INFO - 获取题目
2018-09-24 08:02:00,737 - mylogger - INFO - 第 2 题
2018-09-24 08:02:01,034 - mylogger - INFO - “随意春芳歇，王孙自可留”是谁的名句？
2018-09-24 08:02:01,956 - mylogger - INFO - ['杜甫', '李白', '王维']
2018-09-24 08:02:01,971 - mylogger - INFO - 数据库中检索答案
2018-09-24 08:02:01,987 - mylogger - INFO - 数据中无答案
2018-09-24 08:02:02,658 - mylogger - INFO - 在线检索答案：王维
2018-09-24 08:02:02,674 - mylogger - INFO - 我的答案：王维
2018-09-24 08:02:03,221 - mylogger - INFO - 选择选项
2018-09-24 08:02:05,705 - mylogger - INFO - 答案正确
2018-09-24 08:02:05,720 - mylogger - INFO - 更新答案
2018-09-24 08:02:09,298 - mylogger - INFO - 本题结束
2018-09-24 08:02:09,313 - mylogger - INFO - 获取题目
2018-09-24 08:02:11,203 - mylogger - INFO - 第 3 题
2018-09-24 08:02:11,548 - mylogger - INFO - 迪奥品牌的创立时间是？
2018-09-24 08:02:12,422 - mylogger - INFO - ['1932年', '1946年', '1962年']
2018-09-24 08:02:12,437 - mylogger - INFO - 数据库中检索答案
2018-09-24 08:02:12,453 - mylogger - INFO - 数据中无答案
2018-09-24 08:02:13,171 - mylogger - INFO - 在线检索答案：1946年
2018-09-24 08:02:13,203 - mylogger - INFO - 我的答案：1946年
2018-09-24 08:02:13,750 - mylogger - INFO - 选择选项
2018-09-24 08:02:16,125 - mylogger - INFO - 答案正确
2018-09-24 08:02:16,139 - mylogger - INFO - 更新答案
2018-09-24 08:02:18,593 - mylogger - INFO - 本题结束
2018-09-24 08:02:18,624 - mylogger - INFO - 获取题目
2018-09-24 08:02:20,327 - mylogger - INFO - 第 4 题
2018-09-24 08:02:20,592 - mylogger - INFO - 中国不产狮子却有“舞狮”传统，那么中国人在兴起舞狮前舞什么？
2018-09-24 08:02:21,545 - mylogger - INFO - ['麒麟', '虎', '牛']
2018-09-24 08:02:21,560 - mylogger - INFO - 数据库中检索答案
2018-09-24 08:02:21,576 - mylogger - INFO - 数据中无答案
2018-09-24 08:02:21,857 - mylogger - INFO - 在线检索答案：牛
2018-09-24 08:02:21,872 - mylogger - INFO - 我的答案：牛
2018-09-24 08:02:22,436 - mylogger - INFO - 选择选项
2018-09-24 08:02:24,841 - mylogger - INFO - 答案错误
2018-09-24 08:02:25,107 - mylogger - INFO - 正确答案；虎
2018-09-24 08:02:25,122 - mylogger - INFO - 更新答案
2018-09-24 08:02:28,731 - mylogger - INFO - 本题结束
2018-09-24 08:02:28,746 - mylogger - INFO - 获取题目
2018-09-24 08:02:30,574 - mylogger - INFO - 第 5 题
2018-09-24 08:02:30,965 - mylogger - INFO - 白蔹除具有清热解毒作用外，还能：
2018-09-24 08:02:31,949 - mylogger - INFO - ['利尿消肿', '活血止痛', '敛疮生肌']
2018-09-24 08:02:31,964 - mylogger - INFO - 数据库中检索答案
2018-09-24 08:02:31,979 - mylogger - INFO - 数据中无答案
2018-09-24 08:02:32,932 - mylogger - INFO - 在线检索答案：
2018-09-24 08:02:32,948 - mylogger - INFO - 我的答案：利尿消肿
2018-09-24 08:02:33,496 - mylogger - INFO - 选择选项
2018-09-24 08:02:35,994 - mylogger - INFO - 答案错误
2018-09-24 08:02:36,261 - mylogger - INFO - 更新答案
2018-09-24 08:02:36,495 - mylogger - INFO - 本题结束
2018-09-24 08:02:36,651 - mylogger - INFO - 本场比赛结束
2018-09-24 08:02:36,916 - mylogger - INFO - 返回游戏页面
2018-09-24 08:02:38,540 - mylogger - INFO - 进入排位赛
2018-09-24 08:02:38,540 - mylogger - INFO - 正在匹配中......
2018-09-24 08:03:38,699 - mylogger - WARNING - 匹配失败
2018-09-24 08:03:38,949 - mylogger - INFO - 返回游戏页面
2018-09-24 08:03:40,495 - mylogger - INFO - 进入排位赛
2018-09-24 08:03:40,510 - mylogger - INFO - 正在匹配中......
2018-09-24 08:03:53,195 - mylogger - INFO - 匹配成功
2018-09-24 08:03:53,210 - mylogger - INFO - 获取题目
2018-09-24 08:03:56,288 - mylogger - INFO - 第 1 题
2018-09-24 08:03:56,600 - mylogger - INFO - 王俊凯的粉丝名称是什么？
2018-09-24 08:03:57,648 - mylogger - INFO - ['小锦鲤', '小螃蟹', '小海豚']
2018-09-24 08:03:57,694 - mylogger - INFO - 数据库中检索答案
2018-09-24 08:03:57,709 - mylogger - INFO - 数据中无答案
2018-09-24 08:03:58,069 - mylogger - INFO - 在线检索答案：小螃蟹
2018-09-24 08:03:58,084 - mylogger - INFO - 我的答案：小螃蟹
2018-09-24 08:03:58,632 - mylogger - INFO - 选择选项
2018-09-24 08:04:01,021 - mylogger - INFO - 答案正确
2018-09-24 08:04:01,037 - mylogger - INFO - 更新答案
2018-09-24 08:04:02,474 - mylogger - INFO - 本题结束
2018-09-24 08:04:02,474 - mylogger - INFO - 获取题目
2018-09-24 08:04:04,224 - mylogger - INFO - 第 2 题
2018-09-24 08:04:04,583 - mylogger - INFO - 白居易的《暮江吟》中，“可怜九月初三夜”下一句是什么？
2018-09-24 08:04:05,490 - mylogger - INFO - ['一道残阳铺水中', '露似珍珠月似弓', '半江瑟瑟半江红']
2018-09-24 08:04:05,504 - mylogger - INFO - 数据库中检索答案
2018-09-24 08:04:05,536 - mylogger - INFO - 数据中无答案
2018-09-24 08:04:07,129 - mylogger - INFO - 在线检索答案：一道残阳铺水中
2018-09-24 08:04:07,145 - mylogger - INFO - 我的答案：一道残阳铺水中
2018-09-24 08:04:07,692 - mylogger - INFO - 选择选项
2018-09-24 08:04:10,098 - mylogger - INFO - 答案错误
2018-09-24 08:04:10,269 - mylogger - INFO - 正确答案；露似珍珠月似弓
2018-09-24 08:04:10,284 - mylogger - INFO - 更新答案
2018-09-24 08:04:12,737 - mylogger - INFO - 本题结束
2018-09-24 08:04:12,769 - mylogger - INFO - 获取题目
2018-09-24 08:04:14,550 - mylogger - INFO - 第 3 题
2018-09-24 08:04:14,909 - mylogger - INFO - 服装美学主要研究内容是服装与着装人、环境融为一体的什么效果？
2018-09-24 08:04:15,955 - mylogger - INFO - ['综合美感', '整体美感', '局部美感']
2018-09-24 08:04:15,971 - mylogger - INFO - 数据库中检索答案
2018-09-24 08:04:15,986 - mylogger - INFO - 数据中无答案
2018-09-24 08:04:16,923 - mylogger - INFO - 在线检索答案：综合美感
2018-09-24 08:04:16,939 - mylogger - INFO - 我的答案：综合美感
2018-09-24 08:04:17,518 - mylogger - INFO - 选择选项
2018-09-24 08:04:19,939 - mylogger - INFO - 答案正确
2018-09-24 08:04:19,954 - mylogger - INFO - 更新答案
2018-09-24 08:04:21,329 - mylogger - INFO - 本题结束
2018-09-24 08:04:21,344 - mylogger - INFO - 获取题目
2018-09-24 08:04:23,156 - mylogger - INFO - 第 4 题
2018-09-24 08:04:23,438 - mylogger - INFO - 著名的C-17运输机被称作什么？
2018-09-24 08:04:24,282 - mylogger - INFO - ['环球霸王 IV', '环球霸王 I', '环球霸王III']
2018-09-24 08:04:24,328 - mylogger - INFO - 数据库中检索答案
2018-09-24 08:04:24,344 - mylogger - INFO - 数据中无答案
2018-09-24 08:04:25,093 - mylogger - INFO - 在线检索答案：环球霸王III
2018-09-24 08:04:25,109 - mylogger - INFO - 我的答案：环球霸王III
2018-09-24 08:04:25,641 - mylogger - INFO - 选择选项
2018-09-24 08:04:28,094 - mylogger - INFO - 答案正确
2018-09-24 08:04:28,108 - mylogger - INFO - 更新答案
2018-09-24 08:04:29,405 - mylogger - INFO - 本题结束
2018-09-24 08:04:29,421 - mylogger - INFO - 获取题目
2018-09-24 08:04:32,233 - mylogger - INFO - 第 5 题
2018-09-24 08:04:32,529 - mylogger - INFO - “英国梨与小苍兰”是哪个香氛品牌的香水味道？
2018-09-24 08:04:33,389 - mylogger - INFO - ['芦丹氏', '香邂格蕾', '祖马龙']
2018-09-24 08:04:33,404 - mylogger - INFO - 数据库中检索答案
2018-09-24 08:04:33,420 - mylogger - INFO - 数据中无答案
2018-09-24 08:04:34,123 - mylogger - INFO - 在线检索答案：祖马龙
2018-09-24 08:04:34,138 - mylogger - INFO - 我的答案：祖马龙
2018-09-24 08:04:34,748 - mylogger - INFO - 选择选项
2018-09-24 08:04:37,388 - mylogger - INFO - 答案正确
2018-09-24 08:04:37,403 - mylogger - INFO - 更新答案
2018-09-24 08:04:37,669 - mylogger - INFO - 本题结束
2018-09-24 08:04:37,857 - mylogger - INFO - 本场比赛结束
2018-09-24 08:04:38,122 - mylogger - INFO - 返回游戏页面
2018-09-24 08:04:39,669 - mylogger - INFO - 进入排位赛
2018-09-24 08:04:39,684 - mylogger - INFO - 正在匹配中......
2018-09-24 08:05:40,608 - mylogger - INFO - 匹配成功
2018-09-24 08:05:40,623 - mylogger - INFO - 获取题目
2018-09-24 08:05:43,576 - mylogger - INFO - 第 1 题
2018-09-24 08:05:43,873 - mylogger - INFO - 电影《撞车》的故事发生在美国哪个城市？
2018-09-24 08:05:44,763 - mylogger - INFO - ['洛杉矶', '夏威夷', '芝加哥']
2018-09-24 08:05:44,778 - mylogger - INFO - 数据库中检索答案
2018-09-24 08:05:44,809 - mylogger - INFO - 数据中无答案
2018-09-24 08:05:45,684 - mylogger - INFO - 在线检索答案：洛杉矶
2018-09-24 08:05:45,699 - mylogger - INFO - 我的答案：洛杉矶
2018-09-24 08:05:46,340 - mylogger - INFO - 选择选项
2018-09-24 08:05:48,731 - mylogger - INFO - 答案正确
2018-09-24 08:05:48,746 - mylogger - INFO - 更新答案
2018-09-24 08:05:59,181 - mylogger - INFO - 本题结束
2018-09-24 08:05:59,196 - mylogger - INFO - 获取题目
2018-09-24 08:05:59,822 - mylogger - INFO - 第 2 题
2018-09-24 08:06:00,197 - mylogger - INFO - 美国首都华盛顿，它的全称是华盛顿什么特区？
2018-09-24 08:06:01,259 - mylogger - INFO - ['哥伦比亚', '马里兰', '弗吉尼亚']
2018-09-24 08:06:01,274 - mylogger - INFO - 数据库中检索答案
2018-09-24 08:06:01,290 - mylogger - INFO - 数据中无答案
2018-09-24 08:06:02,055 - mylogger - INFO - 在线检索答案：哥伦比亚
2018-09-24 08:06:02,071 - mylogger - INFO - 我的答案：哥伦比亚
2018-09-24 08:06:02,555 - mylogger - INFO - 选择选项
2018-09-24 08:07:06,759 - mylogger - INFO - 进入排位赛
2018-09-24 08:07:06,774 - mylogger - INFO - 正在匹配中......
2018-09-24 08:07:40,845 - mylogger - INFO - 匹配成功
2018-09-24 08:07:40,860 - mylogger - INFO - 获取题目
2018-09-24 08:07:43,844 - mylogger - INFO - 第 1 题
2018-09-24 08:07:44,157 - mylogger - INFO - “你是人间的四月天”下一句是？
2018-09-24 08:07:45,110 - mylogger - INFO - ['你是四月早天里的云烟', '你是夜夜的月圆', '笑响点亮了四面风']
2018-09-24 08:07:45,124 - mylogger - INFO - 数据库中检索答案
2018-09-24 08:07:45,140 - mylogger - INFO - 数据中无答案
2018-09-24 08:07:45,905 - mylogger - INFO - 在线检索答案：你是四月早天里的云烟
2018-09-24 08:07:45,921 - mylogger - INFO - 我的答案：你是四月早天里的云烟
2018-09-24 08:07:46,453 - mylogger - INFO - 选择选项
2018-09-24 08:07:48,827 - mylogger - INFO - 答案错误
2018-09-24 08:07:49,031 - mylogger - INFO - 正确答案；笑响点亮了四面风
2018-09-24 08:07:49,045 - mylogger - INFO - 更新答案
2018-09-24 08:07:51,546 - mylogger - INFO - 本题结束
2018-09-24 08:07:51,592 - mylogger - INFO - 获取题目
2018-09-24 08:07:53,279 - mylogger - INFO - 第 2 题
2018-09-24 08:07:53,576 - mylogger - INFO - 截至2017年，维秘大秀史上最贵的梦幻内衣大约价值多少钱？
2018-09-24 08:07:54,576 - mylogger - INFO - ['200万美元', '1500万美元', '500万美元']
2018-09-24 08:07:54,591 - mylogger - INFO - 数据库中检索答案
2018-09-24 08:07:54,622 - mylogger - INFO - 数据中无答案
2018-09-24 08:07:55,403 - mylogger - INFO - 在线检索答案：1500万美元
2018-09-24 08:07:55,403 - mylogger - INFO - 我的答案：1500万美元
2018-09-24 08:07:55,919 - mylogger - INFO - 选择选项
2018-09-24 08:07:58,294 - mylogger - INFO - 答案正确
2018-09-24 08:07:58,309 - mylogger - INFO - 更新答案
2018-09-24 08:08:00,778 - mylogger - INFO - 本题结束
2018-09-24 08:08:00,793 - mylogger - INFO - 获取题目
2018-09-24 08:08:02,574 - mylogger - INFO - 第 3 题
2018-09-24 08:08:02,918 - mylogger - INFO - 2000年，孙燕姿以哪一首歌一曲成名？
2018-09-24 08:08:03,824 - mylogger - INFO - ['《逆光》', '《天黑黑》', '《隐形人》']
2018-09-24 08:08:03,839 - mylogger - INFO - 数据库中检索答案
2018-09-24 08:08:03,870 - mylogger - INFO - 数据中无答案
2018-09-24 08:08:05,307 - mylogger - INFO - 在线检索答案：《天黑黑》
2018-09-24 08:08:05,323 - mylogger - INFO - 我的答案：《天黑黑》
2018-09-24 08:08:05,854 - mylogger - INFO - 选择选项
2018-09-24 08:08:08,323 - mylogger - INFO - 答案正确
2018-09-24 08:08:08,338 - mylogger - INFO - 更新答案
2018-09-24 08:08:11,916 - mylogger - INFO - 本题结束
2018-09-24 08:08:11,931 - mylogger - INFO - 获取题目
2018-09-24 08:08:13,774 - mylogger - INFO - 第 4 题
2018-09-24 08:08:14,071 - mylogger - INFO - 哪一个日本英雄是平安时代末期的名将？
2018-09-24 08:08:14,978 - mylogger - INFO - ['源义经', '源义朝', '源赖朝']
2018-09-24 08:08:14,992 - mylogger - INFO - 数据库中检索答案
2018-09-24 08:08:15,024 - mylogger - INFO - 数据中无答案
2018-09-24 08:08:15,945 - mylogger - INFO - 在线检索答案：源义经
2018-09-24 08:08:15,961 - mylogger - INFO - 我的答案：源义经
2018-09-24 08:08:16,493 - mylogger - INFO - 选择选项
2018-09-24 08:08:18,836 - mylogger - INFO - 答案正确
2018-09-24 08:08:18,851 - mylogger - INFO - 更新答案
2018-09-24 08:08:22,523 - mylogger - INFO - 本题结束
2018-09-24 08:08:22,537 - mylogger - INFO - 获取题目
2018-09-24 08:08:24,366 - mylogger - INFO - 第 5 题
2018-09-24 08:08:24,647 - mylogger - INFO - 欧洲研制的第一种隐身作战飞机是哪一个？
2018-09-24 08:08:25,522 - mylogger - INFO - ['F-35战斗机', '神经元无人机', '鹰狮战斗机']
2018-09-24 08:08:25,537 - mylogger - INFO - 数据库中检索答案
2018-09-24 08:08:25,553 - mylogger - INFO - 数据中无答案
2018-09-24 08:08:27,411 - mylogger - INFO - 在线检索答案：神经元无人机
2018-09-24 08:08:27,427 - mylogger - INFO - 我的答案：神经元无人机
2018-09-24 08:08:27,990 - mylogger - INFO - 选择选项
2018-09-24 08:08:30,442 - mylogger - INFO - 答案正确
2018-09-24 08:08:30,442 - mylogger - INFO - 更新答案
2018-09-24 08:08:31,848 - mylogger - INFO - 本题结束
2018-09-24 08:08:31,973 - mylogger - INFO - 本场比赛结束
2018-09-24 08:08:32,239 - mylogger - INFO - 返回游戏页面
2018-09-24 08:08:33,754 - mylogger - INFO - 进入排位赛
2018-09-24 08:08:33,769 - mylogger - INFO - 正在匹配中......
2018-09-24 08:09:33,849 - mylogger - WARNING - 匹配失败
2018-09-24 08:09:34,115 - mylogger - INFO - 返回游戏页面
2018-09-24 08:09:35,646 - mylogger - INFO - 进入排位赛
2018-09-24 08:09:35,661 - mylogger - INFO - 正在匹配中......
2018-09-24 08:09:59,250 - mylogger - INFO - 匹配成功
2018-09-24 08:09:59,265 - mylogger - INFO - 获取题目
2018-09-24 08:10:02,296 - mylogger - INFO - 第 1 题
2018-09-24 08:10:02,609 - mylogger - INFO - 网络红人papi酱遭到哪家公司的撤资？
2018-09-24 08:10:03,530 - mylogger - INFO - ['罗辑思维', '真格基金', '星图资本']
2018-09-24 08:10:03,545 - mylogger - INFO - 数据库中检索答案
2018-09-24 08:10:03,561 - mylogger - INFO - 数据中无答案
2018-09-24 08:10:04,311 - mylogger - INFO - 在线检索答案：罗辑思维
2018-09-24 08:10:04,326 - mylogger - INFO - 我的答案：罗辑思维
2018-09-24 08:10:04,920 - mylogger - INFO - 选择选项
2018-09-24 08:10:07,373 - mylogger - INFO - 答案正确
2018-09-24 08:10:07,388 - mylogger - INFO - 更新答案
2018-09-24 08:10:09,951 - mylogger - INFO - 本题结束
2018-09-24 08:10:09,966 - mylogger - INFO - 获取题目
2018-09-24 08:10:12,872 - mylogger - INFO - 第 2 题
2018-09-24 08:10:13,153 - mylogger - INFO - 下面哪一个城市不属于华北地区城市？
2018-09-24 08:10:14,059 - mylogger - INFO - ['大同', '西安', '石家庄']
2018-09-24 08:10:14,074 - mylogger - INFO - 数据库中检索答案
2018-09-24 08:10:14,105 - mylogger - INFO - 数据中无答案
2018-09-24 08:10:14,933 - mylogger - INFO - 在线检索答案：大同
2018-09-24 08:10:14,949 - mylogger - INFO - 我的答案：大同
2018-09-24 08:10:15,481 - mylogger - INFO - 选择选项
2018-09-24 08:10:17,902 - mylogger - INFO - 答案错误
2018-09-24 08:10:18,074 - mylogger - INFO - 正确答案；西安
2018-09-24 08:10:18,089 - mylogger - INFO - 更新答案
2018-09-24 08:10:20,511 - mylogger - INFO - 本题结束
2018-09-24 08:10:20,526 - mylogger - INFO - 获取题目
2018-09-24 08:10:22,323 - mylogger - INFO - 第 3 题
2018-09-24 08:10:22,651 - mylogger - INFO - 电视剧《闯关东》的主题曲是哪首歌？
2018-09-24 08:10:23,588 - mylogger - INFO - ['春潮在望', '追梦者', '崛起']
2018-09-24 08:10:23,603 - mylogger - INFO - 数据库中检索答案
2018-09-24 08:10:23,634 - mylogger - INFO - 数据中无答案
2018-09-24 08:10:24,290 - mylogger - INFO - 在线检索答案：
2018-09-24 08:10:24,306 - mylogger - INFO - 我的答案：春潮在望
2018-09-24 08:10:24,884 - mylogger - INFO - 选择选项
2018-09-24 08:10:27,337 - mylogger - INFO - 答案正确
2018-09-24 08:10:27,352 - mylogger - INFO - 更新答案
2018-09-24 08:10:30,915 - mylogger - INFO - 本题结束
2018-09-24 08:10:30,929 - mylogger - INFO - 获取题目
2018-09-24 08:10:32,758 - mylogger - INFO - 第 4 题
2018-09-24 08:10:33,055 - mylogger - INFO - 下面的女演员中哪位是京剧演员
2018-09-24 08:10:33,914 - mylogger - INFO - ['新凤霞', '红线女', '关肃霜']
2018-09-24 08:10:33,929 - mylogger - INFO - 数据库中检索答案
2018-09-24 08:10:33,960 - mylogger - INFO - 数据中无答案
2018-09-24 08:10:35,803 - mylogger - INFO - 在线检索答案：关肃霜
2018-09-24 08:10:35,819 - mylogger - INFO - 我的答案：关肃霜
2018-09-24 08:10:36,350 - mylogger - INFO - 选择选项
2018-09-24 08:10:38,709 - mylogger - INFO - 答案正确
2018-09-24 08:10:38,724 - mylogger - INFO - 更新答案
2018-09-24 08:10:41,162 - mylogger - INFO - 本题结束
2018-09-24 08:10:41,177 - mylogger - INFO - 获取题目
2018-09-24 08:10:42,974 - mylogger - INFO - 第 5 题
2018-09-24 08:10:43,271 - mylogger - INFO - 以下哪种游戏不属于桌游的范畴？
2018-09-24 08:10:44,145 - mylogger - INFO - ['三国杀', '飞行棋', '宿命']
2018-09-24 08:10:44,161 - mylogger - INFO - 数据库中检索答案
2018-09-24 08:10:44,192 - mylogger - INFO - 数据中无答案
2018-09-24 08:10:45,020 - mylogger - INFO - 在线检索答案：飞行棋
2018-09-24 08:10:45,035 - mylogger - INFO - 我的答案：飞行棋
2018-09-24 08:10:45,567 - mylogger - INFO - 选择选项
2018-09-24 08:10:47,957 - mylogger - INFO - 答案正确
2018-09-24 08:10:47,972 - mylogger - INFO - 更新答案
2018-09-24 08:10:49,332 - mylogger - INFO - 本题结束
2018-09-24 08:10:49,519 - mylogger - INFO - 本场比赛结束
2018-09-24 08:10:49,784 - mylogger - INFO - 返回游戏页面
2018-09-24 08:10:51,253 - mylogger - INFO - 进入排位赛
2018-09-24 08:10:51,268 - mylogger - INFO - 正在匹配中......
2018-09-24 08:11:03,985 - mylogger - INFO - 匹配成功
2018-09-24 08:11:04,000 - mylogger - INFO - 获取题目
2018-09-24 08:11:06,906 - mylogger - INFO - 第 1 题
2018-09-24 08:11:07,218 - mylogger - INFO - 八大行星中，地球处于哪两个行星之间呢？
2018-09-24 08:11:08,077 - mylogger - INFO - ['水星与火星', '金星与火星', '土星与火星']
2018-09-24 08:11:08,092 - mylogger - INFO - 数据库中检索答案
2018-09-24 08:11:08,108 - mylogger - INFO - 数据中无答案
2018-09-24 08:11:09,061 - mylogger - INFO - 在线检索答案：金星与火星
2018-09-24 08:11:09,077 - mylogger - INFO - 我的答案：金星与火星
2018-09-24 08:11:09,577 - mylogger - INFO - 选择选项
2018-09-24 08:11:11,999 - mylogger - INFO - 答案正确
2018-09-24 08:11:12,013 - mylogger - INFO - 更新答案
2018-09-24 08:11:18,013 - mylogger - INFO - 本题结束
2018-09-24 08:11:18,028 - mylogger - INFO - 获取题目
2018-09-24 08:11:20,871 - mylogger - INFO - 第 2 题
2018-09-24 08:11:21,168 - mylogger - INFO - “自由女神像”是法国赠送给美国的“独立多少周年”的礼物？
2018-09-24 08:11:22,042 - mylogger - INFO - ['80', '90', '100']
2018-09-24 08:11:22,058 - mylogger - INFO - 数据库中检索答案
2018-09-24 08:11:22,073 - mylogger - INFO - 我的答案：100
2018-09-24 08:11:22,652 - mylogger - INFO - 选择选项
2018-09-24 08:11:25,136 - mylogger - INFO - 答案正确
2018-09-24 08:11:25,151 - mylogger - INFO - 更新答案
2018-09-24 08:11:27,542 - mylogger - INFO - 本题结束
2018-09-24 08:11:27,557 - mylogger - INFO - 获取题目
2018-09-24 08:11:30,431 - mylogger - INFO - 第 3 题
2018-09-24 08:11:30,759 - mylogger - INFO - “我就是想站着，还把钱挣了”是以下哪部电影的台词？
2018-09-24 08:11:31,697 - mylogger - INFO - ['《大腕》', '《让子弹飞》', '《天下无贼》']
2018-09-24 08:11:31,727 - mylogger - INFO - 数据库中检索答案
2018-09-24 08:11:31,743 - mylogger - INFO - 数据中无答案
2018-09-24 08:11:32,930 - mylogger - INFO - 在线检索答案：《让子弹飞》
2018-09-24 08:11:32,946 - mylogger - INFO - 我的答案：《让子弹飞》
2018-09-24 08:11:33,494 - mylogger - INFO - 选择选项
2018-09-24 08:11:35,946 - mylogger - INFO - 答案正确
2018-09-24 08:11:35,961 - mylogger - INFO - 更新答案
2018-09-24 08:11:39,507 - mylogger - INFO - 本题结束
2018-09-24 08:11:39,522 - mylogger - INFO - 获取题目
2018-09-24 08:11:41,257 - mylogger - INFO - 第 4 题
2018-09-24 08:11:41,539 - mylogger - INFO - 乔治-希尔当前效力的球队是以下哪个？
2018-09-24 08:11:42,319 - mylogger - INFO - ['萨克拉门托国王队', '克里夫兰骑士队', '华盛顿奇才队']
2018-09-24 08:11:42,334 - mylogger - INFO - 数据库中检索答案
2018-09-24 08:11:42,350 - mylogger - INFO - 数据中无答案
2018-09-24 08:11:43,037 - mylogger - INFO - 在线检索答案：
2018-09-24 08:11:43,053 - mylogger - INFO - 我的答案：萨克拉门托国王队
2018-09-24 08:11:43,569 - mylogger - INFO - 选择选项
2018-09-24 08:11:45,959 - mylogger - INFO - 答案错误
2018-09-24 08:11:46,115 - mylogger - INFO - 正确答案；克里夫兰骑士队
2018-09-24 08:11:46,130 - mylogger - INFO - 更新答案
2018-09-24 08:11:49,677 - mylogger - INFO - 本题结束
2018-09-24 08:11:49,723 - mylogger - INFO - 获取题目
2018-09-24 08:11:52,723 - mylogger - INFO - 第 5 题
2018-09-24 08:11:53,051 - mylogger - INFO - 蛋白质净利用率的计算公式是怎样的？
2018-09-24 08:11:53,895 - mylogger - INFO - ['生物价×真消化率', '消化率×功效比值', '利用率×生物价']
2018-09-24 08:11:53,910 - mylogger - INFO - 数据库中检索答案
2018-09-24 08:11:53,925 - mylogger - INFO - 数据中无答案
2018-09-24 08:11:54,878 - mylogger - INFO - 在线检索答案：
2018-09-24 08:11:54,894 - mylogger - INFO - 我的答案：生物价×真消化率
2018-09-24 08:11:55,410 - mylogger - INFO - 选择选项
2018-09-24 08:11:57,722 - mylogger - INFO - 答案正确
2018-09-24 08:11:57,737 - mylogger - INFO - 更新答案
2018-09-24 08:12:00,253 - mylogger - INFO - 本题结束
2018-09-24 08:12:00,440 - mylogger - INFO - 本场比赛结束
2018-09-24 08:12:00,706 - mylogger - INFO - 返回游戏页面
2018-09-24 08:12:02,205 - mylogger - INFO - 进入排位赛
2018-09-24 08:12:02,220 - mylogger - INFO - 正在匹配中......
2018-09-24 08:12:13,703 - mylogger - INFO - 匹配成功
2018-09-24 08:12:13,718 - mylogger - INFO - 获取题目
2018-09-24 08:12:16,686 - mylogger - INFO - 第 1 题
2018-09-24 08:12:16,983 - mylogger - INFO - 意大利第一位获得诺贝尔文学奖的女性作家是？
2018-09-24 08:12:17,920 - mylogger - INFO - ['皮兰德娄', '黛莱达', '夸西莫多']
2018-09-24 08:12:17,935 - mylogger - INFO - 数据库中检索答案
2018-09-24 08:12:17,951 - mylogger - INFO - 数据中无答案
2018-09-24 08:12:19,935 - mylogger - INFO - 在线检索答案：黛莱达
2018-09-24 08:12:19,950 - mylogger - INFO - 我的答案：黛莱达
2018-09-24 08:12:20,528 - mylogger - INFO - 选择选项
2018-09-24 08:12:22,872 - mylogger - INFO - 答案正确
2018-09-24 08:12:22,887 - mylogger - INFO - 更新答案
2018-09-24 08:12:27,590 - mylogger - INFO - 本题结束
2018-09-24 08:12:27,621 - mylogger - INFO - 获取题目
2018-09-24 08:12:29,449 - mylogger - INFO - 第 2 题
2018-09-24 08:12:29,730 - mylogger - INFO - “小黑瓶”是哪个品牌的明星产品？
2018-09-24 08:12:30,605 - mylogger - INFO - ['贝玲妃', '丝芙兰', '兰蔻']
2018-09-24 08:12:30,620 - mylogger - INFO - 数据库中检索答案
2018-09-24 08:12:30,635 - mylogger - INFO - 数据中无答案
2018-09-24 08:12:31,323 - mylogger - INFO - 在线检索答案：兰蔻
2018-09-24 08:12:31,338 - mylogger - INFO - 我的答案：兰蔻
2018-09-24 08:12:31,948 - mylogger - INFO - 选择选项
2018-09-24 08:12:34,307 - mylogger - INFO - 答案正确
2018-09-24 08:12:34,322 - mylogger - INFO - 更新答案
2018-09-24 08:12:35,666 - mylogger - INFO - 本题结束
2018-09-24 08:12:35,681 - mylogger - INFO - 获取题目
2018-09-24 08:12:37,353 - mylogger - INFO - 第 3 题
2018-09-24 08:12:37,666 - mylogger - INFO - 特朗普签署的“１号太空政策指令”指出美国将重返哪个星球？
2018-09-24 08:12:38,650 - mylogger - INFO - ['金星', '火星', '月球']
2018-09-24 08:12:38,665 - mylogger - INFO - 数据库中检索答案
2018-09-24 08:12:38,680 - mylogger - INFO - 数据中无答案
2018-09-24 08:12:39,524 - mylogger - INFO - 在线检索答案：月球
2018-09-24 08:12:39,540 - mylogger - INFO - 我的答案：月球
2018-09-24 08:12:40,103 - mylogger - INFO - 选择选项
2018-09-24 08:12:42,524 - mylogger - INFO - 答案正确
2018-09-24 08:12:42,539 - mylogger - INFO - 更新答案
2018-09-24 08:12:44,992 - mylogger - INFO - 本题结束
2018-09-24 08:12:45,007 - mylogger - INFO - 获取题目
2018-09-24 08:12:46,773 - mylogger - INFO - 第 4 题
2018-09-24 08:12:47,070 - mylogger - INFO - 请问公马和母驴生出的后代叫什么？
2018-09-24 08:12:48,023 - mylogger - INFO - ['田螺', '驴骡', '马骡']
2018-09-24 08:12:48,038 - mylogger - INFO - 数据库中检索答案
2018-09-24 08:12:48,069 - mylogger - INFO - 数据中无答案
2018-09-24 08:12:49,006 - mylogger - INFO - 在线检索答案：驴骡
2018-09-24 08:12:49,022 - mylogger - INFO - 我的答案：驴骡
2018-09-24 08:12:49,585 - mylogger - INFO - 选择选项
2018-09-24 08:12:51,959 - mylogger - INFO - 答案正确
2018-09-24 08:12:51,974 - mylogger - INFO - 更新答案
2018-09-24 08:12:53,271 - mylogger - INFO - 本题结束
2018-09-24 08:12:53,286 - mylogger - INFO - 获取题目
2018-09-24 08:12:55,021 - mylogger - INFO - 第 5 题
2018-09-24 08:12:55,365 - mylogger - INFO - 狗在人类的生活中有重要的作用，如大丹犬能作为什么犬帮助人类？
2018-09-24 08:12:56,239 - mylogger - INFO - ['工作犬', '畜牧犬', '狩猎犬']
2018-09-24 08:12:56,254 - mylogger - INFO - 数据库中检索答案
2018-09-24 08:12:56,286 - mylogger - INFO - 数据中无答案
2018-09-24 08:12:57,098 - mylogger - INFO - 在线检索答案：工作犬
2018-09-24 08:12:57,114 - mylogger - INFO - 我的答案：工作犬
2018-09-24 08:12:57,661 - mylogger - INFO - 选择选项
2018-09-24 08:13:00,098 - mylogger - INFO - 答案正确
2018-09-24 08:13:00,113 - mylogger - INFO - 更新答案
2018-09-24 08:13:04,878 - mylogger - INFO - 本题结束
2018-09-24 08:13:05,065 - mylogger - INFO - 本场比赛结束
2018-09-24 08:13:05,331 - mylogger - INFO - 返回游戏页面
2018-09-24 08:13:06,830 - mylogger - INFO - 进入排位赛
2018-09-24 08:13:06,846 - mylogger - INFO - 正在匹配中......
2018-09-24 08:14:07,723 - mylogger - WARNING - 匹配失败
2018-09-24 08:14:07,988 - mylogger - INFO - 返回游戏页面
2018-09-24 08:14:09,550 - mylogger - INFO - 进入排位赛
2018-09-24 08:14:09,565 - mylogger - INFO - 正在匹配中......
2018-09-24 08:15:10,255 - mylogger - WARNING - 匹配失败
2018-09-24 08:15:10,505 - mylogger - INFO - 返回游戏页面
2018-09-24 08:15:12,098 - mylogger - INFO - 进入排位赛
2018-09-24 08:15:12,113 - mylogger - INFO - 正在匹配中......
2018-09-24 08:15:23,642 - mylogger - INFO - 匹配成功
2018-09-24 08:15:23,657 - mylogger - INFO - 获取题目
2018-09-24 08:15:26,610 - mylogger - INFO - 第 1 题
2018-09-24 08:15:26,969 - mylogger - INFO - 以下哪一个是《王者荣耀》英雄刘禅的技能？
2018-09-24 08:15:27,969 - mylogger - INFO - ['百兽陷阱', '磁力屏障', '侠客行']
2018-09-24 08:15:27,984 - mylogger - INFO - 数据库中检索答案
2018-09-24 08:15:28,000 - mylogger - INFO - 数据中无答案
2018-09-24 08:15:29,187 - mylogger - INFO - 在线检索答案：磁力屏障
2018-09-24 08:15:29,203 - mylogger - INFO - 我的答案：磁力屏障
2018-09-24 08:15:29,781 - mylogger - INFO - 选择选项
2018-09-24 08:15:32,171 - mylogger - INFO - 答案正确
2018-09-24 08:15:32,186 - mylogger - INFO - 更新答案
2018-09-24 08:15:36,186 - mylogger - INFO - 本题结束
2018-09-24 08:15:36,201 - mylogger - INFO - 获取题目
2018-09-24 08:15:39,295 - mylogger - INFO - 第 2 题
2018-09-24 08:15:39,576 - mylogger - INFO - 日本快餐店吉野家主营什么？
2018-09-24 08:15:40,481 - mylogger - INFO - ['牛肉饭', '御饭团', '鸡肉饭']
2018-09-24 08:15:40,497 - mylogger - INFO - 数据库中检索答案
2018-09-24 08:15:40,513 - mylogger - INFO - 数据中无答案
2018-09-24 08:15:41,216 - mylogger - INFO - 在线检索答案：牛肉饭
2018-09-24 08:15:41,231 - mylogger - INFO - 我的答案：牛肉饭
2018-09-24 08:15:41,810 - mylogger - INFO - 选择选项
2018-09-24 08:15:44,200 - mylogger - INFO - 答案正确
2018-09-24 08:15:44,215 - mylogger - INFO - 更新答案
2018-09-24 08:15:46,824 - mylogger - INFO - 本题结束
2018-09-24 08:15:46,839 - mylogger - INFO - 获取题目
2018-09-24 08:15:48,636 - mylogger - INFO - 第 3 题
2018-09-24 08:15:48,933 - mylogger - INFO - 2001年美国电影《人工智能》的导演是？
2018-09-24 08:15:49,886 - mylogger - INFO - ['乔治·卢卡斯', '詹姆斯·卡梅隆', '斯皮尔伯格']
2018-09-24 08:15:49,901 - mylogger - INFO - 数据库中检索答案
2018-09-24 08:15:49,932 - mylogger - INFO - 数据中无答案
2018-09-24 08:15:50,604 - mylogger - INFO - 在线检索答案：斯皮尔伯格
2018-09-24 08:15:50,620 - mylogger - INFO - 我的答案：斯皮尔伯格
2018-09-24 08:15:51,183 - mylogger - INFO - 选择选项
2018-09-24 08:15:53,589 - mylogger - INFO - 答案正确
2018-09-24 08:15:53,603 - mylogger - INFO - 更新答案
2018-09-24 08:15:55,275 - mylogger - INFO - 本题结束
2018-09-24 08:15:55,290 - mylogger - INFO - 获取题目
2018-09-24 08:15:58,305 - mylogger - INFO - 第 4 题
2018-09-24 08:15:58,603 - mylogger - INFO - 在电视剧版《画皮》中，小唯的扮演者是谁？
2018-09-24 08:15:59,431 - mylogger - INFO - ['周迅', '薛凯琪', '赵薇']
2018-09-24 08:15:59,446 - mylogger - INFO - 数据库中检索答案
2018-09-24 08:15:59,477 - mylogger - INFO - 我的答案：薛凯琪
2018-09-24 08:15:59,962 - mylogger - INFO - 选择选项
2018-09-24 08:16:02,321 - mylogger - INFO - 答案正确
2018-09-24 08:16:02,336 - mylogger - INFO - 更新答案
2018-09-24 08:16:04,945 - mylogger - INFO - 本题结束
2018-09-24 08:16:04,960 - mylogger - INFO - 获取题目
2018-09-24 08:16:06,788 - mylogger - INFO - 第 5 题
2018-09-24 08:16:07,194 - mylogger - INFO - 哪种动物被称为“野生世界中的建筑师”？
2018-09-24 08:16:08,163 - mylogger - INFO - ['狐猴', '水獭', '河狸']
2018-09-24 08:16:08,178 - mylogger - INFO - 数据库中检索答案
2018-09-24 08:16:08,194 - mylogger - INFO - 我的答案：河狸
2018-09-24 08:16:08,694 - mylogger - INFO - 选择选项
2018-09-24 08:16:11,162 - mylogger - INFO - 答案正确
2018-09-24 08:16:11,177 - mylogger - INFO - 更新答案
2018-09-24 08:16:15,036 - mylogger - INFO - 本题结束
2018-09-24 08:16:15,161 - mylogger - INFO - 本场比赛结束
2018-09-24 08:16:15,411 - mylogger - INFO - 返回游戏页面
2018-09-24 08:16:16,927 - mylogger - INFO - 进入排位赛
2018-09-24 08:16:16,942 - mylogger - INFO - 正在匹配中......
2018-09-24 08:16:32,813 - mylogger - INFO - 匹配成功
2018-09-24 08:16:32,828 - mylogger - INFO - 获取题目
2018-09-24 08:16:35,782 - mylogger - INFO - 第 1 题
2018-09-24 08:16:36,187 - mylogger - INFO - NBA标志上的原型人物是哪位球星？
2018-09-24 08:16:37,250 - mylogger - INFO - ['杰里·韦斯特', '威尔特·张伯伦', '科比·布莱恩特']
2018-09-24 08:16:37,265 - mylogger - INFO - 数据库中检索答案
2018-09-24 08:16:37,280 - mylogger - INFO - 数据中无答案
2018-09-24 08:16:38,108 - mylogger - INFO - 在线检索答案：杰里·韦斯特
2018-09-24 08:16:38,124 - mylogger - INFO - 我的答案：杰里·韦斯特
2018-09-24 08:16:38,625 - mylogger - INFO - 选择选项
2018-09-24 08:16:41,014 - mylogger - INFO - 答案正确
2018-09-24 08:16:41,030 - mylogger - INFO - 更新答案
2018-09-24 08:16:44,842 - mylogger - INFO - 本题结束
2018-09-24 08:16:44,873 - mylogger - INFO - 获取题目
2018-09-24 08:16:46,700 - mylogger - INFO - 第 2 题
2018-09-24 08:16:47,044 - mylogger - INFO - 我们的“猴”这个属相，柯尔克孜族是用什么动物代替的？
2018-09-24 08:16:48,028 - mylogger - INFO - ['鱼', '狐狸', '鹰']
2018-09-24 08:16:48,044 - mylogger - INFO - 数据库中检索答案
2018-09-24 08:16:48,059 - mylogger - INFO - 数据中无答案
2018-09-24 08:16:49,746 - mylogger - INFO - 在线检索答案：狐狸
2018-09-24 08:16:49,778 - mylogger - INFO - 我的答案：狐狸
2018-09-24 08:16:50,309 - mylogger - INFO - 选择选项
2018-09-24 08:16:52,699 - mylogger - INFO - 答案正确
2018-09-24 08:16:52,714 - mylogger - INFO - 更新答案
2018-09-24 08:16:53,199 - mylogger - INFO - 本题结束
2018-09-24 08:16:53,214 - mylogger - INFO - 获取题目
2018-09-24 08:16:56,135 - mylogger - INFO - 第 3 题
2018-09-24 08:16:56,432 - mylogger - INFO - 《富春山居图》是哪一个画家的作品？
2018-09-24 08:16:57,276 - mylogger - INFO - ['王希孟', '黄公望', '顾恺之']
2018-09-24 08:16:57,291 - mylogger - INFO - 数据库中检索答案
2018-09-24 08:16:57,323 - mylogger - INFO - 数据中无答案
2018-09-24 08:16:58,088 - mylogger - INFO - 在线检索答案：黄公望
2018-09-24 08:16:58,104 - mylogger - INFO - 我的答案：黄公望
2018-09-24 08:16:58,698 - mylogger - INFO - 选择选项
2018-09-24 08:17:01,057 - mylogger - INFO - 答案正确
2018-09-24 08:17:01,072 - mylogger - INFO - 更新答案
2018-09-24 08:17:02,572 - mylogger - INFO - 本题结束
2018-09-24 08:17:02,587 - mylogger - INFO - 获取题目
2018-09-24 08:17:05,571 - mylogger - INFO - 第 4 题
2018-09-24 08:17:05,931 - mylogger - INFO - 北京卢沟桥上共有多少个石狮子？
2018-09-24 08:17:06,915 - mylogger - INFO - ['502', '365', '485']
2018-09-24 08:17:06,930 - mylogger - INFO - 数据库中检索答案
2018-09-24 08:17:06,945 - mylogger - INFO - 数据中无答案
2018-09-24 08:17:07,680 - mylogger - INFO - 在线检索答案：485
2018-09-24 08:17:07,695 - mylogger - INFO - 我的答案：485
2018-09-24 08:17:08,243 - mylogger - INFO - 选择选项
2018-09-24 08:17:10,648 - mylogger - INFO - 答案错误
2018-09-24 08:17:10,773 - mylogger - INFO - 正确答案；502
2018-09-24 08:17:10,788 - mylogger - INFO - 更新答案
2018-09-24 08:17:11,273 - mylogger - INFO - 本题结束
2018-09-24 08:17:11,288 - mylogger - INFO - 获取题目
2018-09-24 08:17:14,163 - mylogger - INFO - 第 5 题
2018-09-24 08:17:14,491 - mylogger - INFO - “蜀犬吠日”的意思是
2018-09-24 08:17:15,413 - mylogger - INFO - ['不自量力', '少见多怪', '蚍蜉憾树']
2018-09-24 08:17:15,443 - mylogger - INFO - 数据库中检索答案
2018-09-24 08:17:15,459 - mylogger - INFO - 数据中无答案
2018-09-24 08:17:15,725 - mylogger - INFO - 在线检索答案：少见多怪
2018-09-24 08:17:15,740 - mylogger - INFO - 我的答案：少见多怪
2018-09-24 08:17:16,272 - mylogger - INFO - 选择选项
2018-09-24 08:17:18,787 - mylogger - INFO - 答案正确
2018-09-24 08:17:18,802 - mylogger - INFO - 更新答案
2018-09-24 08:17:22,552 - mylogger - INFO - 本题结束
2018-09-24 08:17:22,692 - mylogger - INFO - 本场比赛结束
2018-09-24 08:17:22,942 - mylogger - INFO - 返回游戏页面
2018-09-24 08:17:24,426 - mylogger - INFO - 进入排位赛
2018-09-24 08:17:24,441 - mylogger - INFO - 正在匹配中......
2018-09-24 08:17:49,358 - mylogger - INFO - 匹配成功
2018-09-24 08:17:49,373 - mylogger - INFO - 获取题目
2018-09-24 08:17:52,295 - mylogger - INFO - 第 1 题
2018-09-24 08:17:52,639 - mylogger - INFO - 被网友称为“许三多”的是以下哪个品牌？
2018-09-24 08:17:53,622 - mylogger - INFO - ['秀雅韩', '希思黎', '资生堂']
2018-09-24 08:17:53,637 - mylogger - INFO - 数据库中检索答案
2018-09-24 08:17:53,653 - mylogger - INFO - 数据中无答案
2018-09-24 08:17:54,403 - mylogger - INFO - 在线检索答案：资生堂
2018-09-24 08:17:54,419 - mylogger - INFO - 我的答案：资生堂
2018-09-24 08:17:54,981 - mylogger - INFO - 选择选项
2018-09-24 08:17:57,466 - mylogger - INFO - 答案正确
2018-09-24 08:17:57,480 - mylogger - INFO - 更新答案
2018-09-24 08:18:01,277 - mylogger - INFO - 本题结束
2018-09-24 08:18:01,292 - mylogger - INFO - 获取题目
2018-09-24 08:18:03,120 - mylogger - INFO - 第 2 题
2018-09-24 08:18:03,402 - mylogger - INFO - 已发现的绕太阳运行的彗星大约有多少个？
2018-09-24 08:18:04,245 - mylogger - INFO - ['16个', '160个', '1600个']
2018-09-24 08:18:04,260 - mylogger - INFO - 数据库中检索答案
2018-09-24 08:18:04,276 - mylogger - INFO - 数据中无答案
2018-09-24 08:18:05,150 - mylogger - INFO - 在线检索答案：
2018-09-24 08:18:05,166 - mylogger - INFO - 我的答案：16个
2018-09-24 08:18:05,729 - mylogger - INFO - 选择选项
2018-09-24 08:18:08,135 - mylogger - INFO - 答案错误
2018-09-24 08:18:08,385 - mylogger - INFO - 正确答案；1600个
2018-09-24 08:18:08,400 - mylogger - INFO - 更新答案
2018-09-24 08:18:11,056 - mylogger - INFO - 本题结束
2018-09-24 08:18:11,071 - mylogger - INFO - 获取题目
2018-09-24 08:18:13,899 - mylogger - INFO - 第 3 题
2018-09-24 08:18:14,211 - mylogger - INFO - 1993年电影《新流星蝴蝶剑》改编自谁的小说？
2018-09-24 08:18:15,086 - mylogger - INFO - ['古龙', '倪匡', '温瑞安']
2018-09-24 08:18:15,101 - mylogger - INFO - 数据库中检索答案
2018-09-24 08:18:15,117 - mylogger - INFO - 数据中无答案
2018-09-24 08:18:16,304 - mylogger - INFO - 在线检索答案：古龙
2018-09-24 08:18:16,320 - mylogger - INFO - 我的答案：古龙
2018-09-24 08:18:16,851 - mylogger - INFO - 选择选项
2018-09-24 08:18:19,288 - mylogger - INFO - 答案正确
2018-09-24 08:18:19,303 - mylogger - INFO - 更新答案
2018-09-24 08:18:19,866 - mylogger - INFO - 本题结束
2018-09-24 08:18:19,881 - mylogger - INFO - 获取题目
2018-09-24 08:18:22,741 - mylogger - INFO - 第 4 题
2018-09-24 08:18:23,084 - mylogger - INFO - 美国喜剧片《欢乐合唱团》是由哪家电视台播出？
2018-09-24 08:18:23,974 - mylogger - INFO - ['FOX', 'ABC', 'NBC']
2018-09-24 08:18:23,990 - mylogger - INFO - 数据库中检索答案
2018-09-24 08:18:24,005 - mylogger - INFO - 数据中无答案
2018-09-24 08:18:25,739 - mylogger - INFO - 在线检索答案：FOX
2018-09-24 08:18:25,755 - mylogger - INFO - 我的答案：FOX
2018-09-24 08:18:26,318 - mylogger - INFO - 选择选项
2018-09-24 08:18:28,661 - mylogger - INFO - 答案正确
2018-09-24 08:18:28,676 - mylogger - INFO - 更新答案
2018-09-24 08:18:30,207 - mylogger - INFO - 本题结束
2018-09-24 08:18:30,223 - mylogger - INFO - 获取题目
2018-09-24 08:18:33,098 - mylogger - INFO - 第 5 题
2018-09-24 08:18:33,379 - mylogger - INFO - 松树的天敌是松毛虫，松毛虫的天敌是谁呢？
2018-09-24 08:18:34,316 - mylogger - INFO - ['喜鹊', '灰喜鹊', '啄木鸟']
2018-09-24 08:18:34,331 - mylogger - INFO - 数据库中检索答案
2018-09-24 08:18:34,362 - mylogger - INFO - 数据中无答案
2018-09-24 08:18:36,190 - mylogger - INFO - 在线检索答案：喜鹊
2018-09-24 08:18:36,190 - mylogger - INFO - 我的答案：喜鹊
2018-09-24 08:18:36,738 - mylogger - INFO - 选择选项
2018-09-24 08:18:39,174 - mylogger - INFO - 答案错误
2018-09-24 08:18:39,533 - mylogger - INFO - 正确答案；灰喜鹊
2018-09-24 08:18:39,533 - mylogger - INFO - 更新答案
2018-09-24 08:18:39,971 - mylogger - INFO - 本题结束
2018-09-24 08:18:40,096 - mylogger - INFO - 本场比赛结束
2018-09-24 08:18:40,361 - mylogger - INFO - 返回游戏页面
2018-09-24 08:18:41,893 - mylogger - INFO - 进入排位赛
2018-09-24 08:18:41,907 - mylogger - INFO - 正在匹配中......
2018-09-24 08:19:42,784 - mylogger - WARNING - 匹配失败
2018-09-24 08:19:43,066 - mylogger - INFO - 返回游戏页面
2018-09-24 08:19:44,550 - mylogger - INFO - 进入排位赛
2018-09-24 08:19:44,564 - mylogger - INFO - 正在匹配中......
2018-09-24 08:20:01,468 - mylogger - INFO - 匹配成功
2018-09-24 08:20:01,482 - mylogger - INFO - 获取题目
2018-09-24 08:20:04,576 - mylogger - INFO - 第 1 题
2018-09-24 08:20:04,889 - mylogger - INFO - 肉眼能看见的最暗的行星是什么星
2018-09-24 08:20:05,982 - mylogger - INFO - ['海王星', '天王星', '木星']
2018-09-24 08:20:05,997 - mylogger - INFO - 数据库中检索答案
2018-09-24 08:20:06,013 - mylogger - INFO - 数据中无答案
2018-09-24 08:20:06,387 - mylogger - INFO - 在线检索答案：天王星
2018-09-24 08:20:06,387 - mylogger - INFO - 我的答案：天王星
2018-09-24 08:20:06,919 - mylogger - INFO - 选择选项
2018-09-24 08:20:09,341 - mylogger - INFO - 答案正确
2018-09-24 08:20:09,355 - mylogger - INFO - 更新答案
2018-09-24 08:20:13,137 - mylogger - INFO - 本题结束
2018-09-24 08:20:13,151 - mylogger - INFO - 获取题目
2018-09-24 08:20:14,932 - mylogger - INFO - 第 2 题
2018-09-24 08:20:15,308 - mylogger - INFO - “自春来、惨绿愁红，芳心是事可可”出自哪位词人之手？
2018-09-24 08:20:16,151 - mylogger - INFO - ['柳永', '秦观', '李煜']
2018-09-24 08:20:16,166 - mylogger - INFO - 数据库中检索答案
2018-09-24 08:20:16,182 - mylogger - INFO - 数据中无答案
2018-09-24 08:20:17,322 - mylogger - INFO - 在线检索答案：柳永
2018-09-24 08:20:17,338 - mylogger - INFO - 我的答案：柳永
2018-09-24 08:20:17,901 - mylogger - INFO - 选择选项
2018-09-24 08:20:20,276 - mylogger - INFO - 答案正确
2018-09-24 08:20:20,290 - mylogger - INFO - 更新答案
2018-09-24 08:20:22,915 - mylogger - INFO - 本题结束
2018-09-24 08:20:22,930 - mylogger - INFO - 获取题目
2018-09-24 08:20:24,712 - mylogger - INFO - 第 3 题
2018-09-24 08:20:25,056 - mylogger - INFO - 一年四季中，茶花常在什么时候开花？
2018-09-24 08:20:26,040 - mylogger - INFO - ['春季', '夏季', '秋季']
2018-09-24 08:20:26,055 - mylogger - INFO - 数据库中检索答案
2018-09-24 08:20:26,070 - mylogger - INFO - 数据中无答案
2018-09-24 08:20:26,820 - mylogger - INFO - 在线检索答案：春季
2018-09-24 08:20:26,836 - mylogger - INFO - 我的答案：春季
2018-09-24 08:20:27,399 - mylogger - INFO - 选择选项
2018-09-24 08:20:29,742 - mylogger - INFO - 答案正确
2018-09-24 08:20:29,757 - mylogger - INFO - 更新答案
2018-09-24 08:20:31,319 - mylogger - INFO - 本题结束
2018-09-24 08:20:31,335 - mylogger - INFO - 获取题目
2018-09-24 08:20:33,069 - mylogger - INFO - 第 4 题
2018-09-24 08:20:33,366 - mylogger - INFO - 川菜的特点是百菜百味和什么？
2018-09-24 08:20:34,304 - mylogger - INFO - ['一菜一格', '食材新鲜', '精雕细刻']
2018-09-24 08:20:34,318 - mylogger - INFO - 数据库中检索答案
2018-09-24 08:20:34,334 - mylogger - INFO - 我的答案：一菜一格
2018-09-24 08:20:34,882 - mylogger - INFO - 选择选项
2018-09-24 08:20:37,240 - mylogger - INFO - 答案正确
2018-09-24 08:20:37,255 - mylogger - INFO - 更新答案
2018-09-24 08:20:41,005 - mylogger - INFO - 本题结束
2018-09-24 08:20:41,020 - mylogger - INFO - 获取题目
2018-09-24 08:20:42,911 - mylogger - INFO - 第 5 题
2018-09-24 08:20:43,270 - mylogger - INFO - 晚上8时，时针与分针的右侧夹角是多少度？
2018-09-24 08:20:44,192 - mylogger - INFO - ['120度', '180度', '240度']
2018-09-24 08:20:44,207 - mylogger - INFO - 数据库中检索答案
2018-09-24 08:20:44,222 - mylogger - INFO - 数据中无答案
2018-09-24 08:20:44,894 - mylogger - INFO - 在线检索答案：120度
2018-09-24 08:20:44,910 - mylogger - INFO - 我的答案：120度
2018-09-24 08:20:45,442 - mylogger - INFO - 选择选项
2018-09-24 08:20:47,909 - mylogger - INFO - 答案错误
2018-09-24 08:20:48,144 - mylogger - INFO - 正确答案；240度
2018-09-24 08:20:48,159 - mylogger - INFO - 更新答案
2018-09-24 08:20:55,033 - mylogger - INFO - 本题结束
2018-09-24 08:20:55,173 - mylogger - INFO - 本场比赛结束
2018-09-24 08:20:55,439 - mylogger - INFO - 返回游戏页面
2018-09-24 08:20:56,922 - mylogger - INFO - 进入排位赛
2018-09-24 08:20:56,922 - mylogger - INFO - 正在匹配中......
2018-09-24 08:21:08,358 - mylogger - INFO - 匹配成功
2018-09-24 08:21:08,373 - mylogger - INFO - 获取题目
2018-09-24 08:21:11,326 - mylogger - INFO - 第 1 题
2018-09-24 08:21:11,623 - mylogger - INFO - 造成婴儿中毒的原因之一是盲目大量的服用
2018-09-24 08:21:12,513 - mylogger - INFO - ['维生素', '辅食', '零食']
2018-09-24 08:21:12,528 - mylogger - INFO - 数据库中检索答案
2018-09-24 08:21:12,544 - mylogger - INFO - 数据中无答案
2018-09-24 08:21:14,434 - mylogger - INFO - 在线检索答案：维生素
2018-09-24 08:21:14,449 - mylogger - INFO - 我的答案：维生素
2018-09-24 08:21:14,997 - mylogger - INFO - 选择选项
2018-09-24 08:21:17,434 - mylogger - INFO - 答案正确
2018-09-24 08:21:17,449 - mylogger - INFO - 更新答案
2018-09-24 08:21:18,793 - mylogger - INFO - 本题结束
2018-09-24 08:21:18,808 - mylogger - INFO - 获取题目
2018-09-24 08:21:21,870 - mylogger - INFO - 第 2 题
2018-09-24 08:21:22,245 - mylogger - INFO - 太阳的年龄约有多大？
2018-09-24 08:21:23,339 - mylogger - INFO - ['100亿岁', '30亿岁', '50亿岁']
2018-09-24 08:21:23,354 - mylogger - INFO - 数据库中检索答案
2018-09-24 08:21:23,369 - mylogger - INFO - 数据中无答案
2018-09-24 08:21:23,666 - mylogger - INFO - 在线检索答案：50亿岁
2018-09-24 08:21:23,682 - mylogger - INFO - 我的答案：50亿岁
2018-09-24 08:21:24,275 - mylogger - INFO - 选择选项
2018-09-24 08:21:26,651 - mylogger - INFO - 答案正确
2018-09-24 08:21:26,665 - mylogger - INFO - 更新答案
2018-09-24 08:21:27,994 - mylogger - INFO - 本题结束
2018-09-24 08:21:28,009 - mylogger - INFO - 获取题目
2018-09-24 08:21:29,837 - mylogger - INFO - 第 3 题
2018-09-24 08:21:30,165 - mylogger - INFO - 《火影忍者》中再不斩和白被击败后天上下起了？
2018-09-24 08:21:31,134 - mylogger - INFO - ['雪', '冰雹', '雨']
2018-09-24 08:21:31,149 - mylogger - INFO - 数据库中检索答案
2018-09-24 08:21:31,164 - mylogger - INFO - 数据中无答案
2018-09-24 08:21:32,023 - mylogger - INFO - 在线检索答案：冰雹
2018-09-24 08:21:32,039 - mylogger - INFO - 我的答案：冰雹
2018-09-24 08:21:32,540 - mylogger - INFO - 选择选项
2018-09-24 08:21:34,867 - mylogger - INFO - 答案错误
2018-09-24 08:21:35,023 - mylogger - INFO - 正确答案；雪
2018-09-24 08:21:35,038 - mylogger - INFO - 更新答案
2018-09-24 08:21:38,648 - mylogger - INFO - 本题结束
2018-09-24 08:21:38,663 - mylogger - INFO - 获取题目
2018-09-24 08:21:41,631 - mylogger - INFO - 第 4 题
2018-09-24 08:21:41,928 - mylogger - INFO - 三国时，蜀国比魏国晚建国几年？
2018-09-24 08:21:42,834 - mylogger - INFO - ['1', '2', '3']
2018-09-24 08:21:42,849 - mylogger - INFO - 数据库中检索答案
2018-09-24 08:21:42,865 - mylogger - INFO - 数据中无答案
2018-09-24 08:21:44,442 - mylogger - INFO - 在线检索答案：2
2018-09-24 08:21:44,458 - mylogger - INFO - 我的答案：2
2018-09-24 08:21:45,006 - mylogger - INFO - 选择选项
2018-09-24 08:21:47,442 - mylogger - INFO - 答案错误
2018-09-24 08:21:47,630 - mylogger - INFO - 正确答案；1
2018-09-24 08:21:47,645 - mylogger - INFO - 更新答案
2018-09-24 08:21:47,864 - mylogger - INFO - 本题结束
2018-09-24 08:21:47,879 - mylogger - INFO - 获取题目
2018-09-24 08:21:50,754 - mylogger - INFO - 第 5 题
2018-09-24 08:21:51,051 - mylogger - INFO - 下面哪种鱼翅是能直接运用的半成品？
2018-09-24 08:21:52,020 - mylogger - INFO - ['原翅', '净翅', '堆翅']
2018-09-24 08:21:52,034 - mylogger - INFO - 数据库中检索答案
2018-09-24 08:21:52,050 - mylogger - INFO - 我的答案：堆翅
2018-09-24 08:21:52,566 - mylogger - INFO - 选择选项
2018-09-24 08:21:55,066 - mylogger - INFO - 答案正确
2018-09-24 08:21:55,081 - mylogger - INFO - 更新答案
2018-09-24 08:21:59,846 - mylogger - INFO - 本题结束
2018-09-24 08:21:59,955 - mylogger - INFO - 本场比赛结束
2018-09-24 08:22:00,236 - mylogger - INFO - 返回游戏页面
2018-09-24 08:22:01,720 - mylogger - INFO - 进入排位赛
2018-09-24 08:22:01,735 - mylogger - INFO - 正在匹配中......
2018-09-24 08:22:19,982 - mylogger - INFO - 匹配成功
2018-09-24 08:22:19,997 - mylogger - INFO - 获取题目
2018-09-24 08:22:22,949 - mylogger - INFO - 第 1 题
2018-09-24 08:22:23,246 - mylogger - INFO - 下列影片中不是由侯孝贤执导的是？
2018-09-24 08:22:24,230 - mylogger - INFO - ['《重庆森林》', '《童年往事》', '《悲情城市》']
2018-09-24 08:22:24,246 - mylogger - INFO - 数据库中检索答案
2018-09-24 08:22:24,261 - mylogger - INFO - 我的答案：《重庆森林》
2018-09-24 08:22:24,793 - mylogger - INFO - 选择选项
2018-09-24 08:22:27,167 - mylogger - INFO - 答案正确
2018-09-24 08:22:27,182 - mylogger - INFO - 更新答案
2018-09-24 08:22:29,667 - mylogger - INFO - 本题结束
2018-09-24 08:22:29,698 - mylogger - INFO - 获取题目
2018-09-24 08:22:31,385 - mylogger - INFO - 第 2 题
2018-09-24 08:22:31,682 - mylogger - INFO - 仙剑四中，游戏剧情里的光纪寒图是谁遗落人间之物？
2018-09-24 08:22:32,557 - mylogger - INFO - ['天帝', '冬神', '水神']
2018-09-24 08:22:32,572 - mylogger - INFO - 数据库中检索答案
2018-09-24 08:22:32,587 - mylogger - INFO - 我的答案：冬神
2018-09-24 08:22:33,088 - mylogger - INFO - 选择选项
2018-09-24 08:22:35,509 - mylogger - INFO - 答案正确
2018-09-24 08:22:35,524 - mylogger - INFO - 更新答案
2018-09-24 08:22:38,009 - mylogger - INFO - 本题结束
2018-09-24 08:22:38,024 - mylogger - INFO - 获取题目
2018-09-24 08:22:41,039 - mylogger - INFO - 第 3 题
2018-09-24 08:22:41,461 - mylogger - INFO - 第一艘成功飞过火星的探测船是？
2018-09-24 08:22:42,430 - mylogger - INFO - ['先锋10号', '挑战者10号', '阿波罗11号']
2018-09-24 08:22:42,444 - mylogger - INFO - 数据库中检索答案
2018-09-24 08:22:42,460 - mylogger - INFO - 数据中无答案
2018-09-24 08:22:43,725 - mylogger - INFO - 在线检索答案：先锋10号
2018-09-24 08:22:43,741 - mylogger - INFO - 我的答案：先锋10号
2018-09-24 08:22:44,288 - mylogger - INFO - 选择选项
2018-09-24 08:22:46,679 - mylogger - INFO - 答案正确
2018-09-24 08:22:46,693 - mylogger - INFO - 更新答案
2018-09-24 08:22:48,022 - mylogger - INFO - 本题结束
2018-09-24 08:22:48,052 - mylogger - INFO - 获取题目
2018-09-24 08:22:49,740 - mylogger - INFO - 第 4 题
2018-09-24 08:22:50,084 - mylogger - INFO - 下列动物中，无法通过身体外部结构辨别雌雄的是
2018-09-24 08:22:50,990 - mylogger - INFO - ['人蛔虫', '日本沼虾', '紫贻贝']
2018-09-24 08:22:51,005 - mylogger - INFO - 数据库中检索答案
2018-09-24 08:22:51,021 - mylogger - INFO - 我的答案：紫贻贝
2018-09-24 08:22:51,552 - mylogger - INFO - 选择选项
2018-09-24 08:22:54,020 - mylogger - INFO - 答案正确
2018-09-24 08:22:54,035 - mylogger - INFO - 更新答案
2018-09-24 08:22:56,551 - mylogger - INFO - 本题结束
2018-09-24 08:22:56,566 - mylogger - INFO - 获取题目
2018-09-24 08:22:59,426 - mylogger - INFO - 第 5 题
2018-09-24 08:22:59,784 - mylogger - INFO - “秘贴精华”是以下哪个品牌的明星产品？
2018-09-24 08:23:00,753 - mylogger - INFO - ['雪花秀', 'Whoo', 'MAC']
2018-09-24 08:23:00,768 - mylogger - INFO - 数据库中检索答案
2018-09-24 08:23:00,784 - mylogger - INFO - 数据中无答案
2018-09-24 08:23:01,705 - mylogger - INFO - 在线检索答案：Whoo
2018-09-24 08:23:01,721 - mylogger - INFO - 我的答案：Whoo
2018-09-24 08:23:02,300 - mylogger - INFO - 选择选项
2018-09-24 08:23:04,706 - mylogger - INFO - 答案正确
2018-09-24 08:23:04,720 - mylogger - INFO - 更新答案
2018-09-24 08:23:14,047 - mylogger - INFO - 本题结束
2018-09-24 08:23:14,172 - mylogger - INFO - 本场比赛结束
2018-09-24 08:23:14,438 - mylogger - INFO - 返回游戏页面
2018-09-24 08:23:15,937 - mylogger - INFO - 进入排位赛
2018-09-24 08:23:15,952 - mylogger - INFO - 正在匹配中......
2018-09-24 08:23:28,512 - mylogger - INFO - 匹配成功
2018-09-24 08:23:28,527 - mylogger - INFO - 获取题目
2018-09-24 08:23:31,371 - mylogger - INFO - 第 1 题
2018-09-24 08:23:31,761 - mylogger - INFO - WCG世界总决赛中没有下列哪款游戏？
2018-09-24 08:23:32,589 - mylogger - INFO - ['魔兽争霸', '星际争霸', '红色警戒']
2018-09-24 08:23:32,604 - mylogger - INFO - 数据库中检索答案
2018-09-24 08:23:32,620 - mylogger - INFO - 数据中无答案
2018-09-24 08:23:33,370 - mylogger - INFO - 在线检索答案：魔兽争霸
2018-09-24 08:23:33,386 - mylogger - INFO - 我的答案：魔兽争霸
2018-09-24 08:23:33,980 - mylogger - INFO - 选择选项
2018-09-24 08:23:36,401 - mylogger - INFO - 答案错误
2018-09-24 08:23:36,667 - mylogger - INFO - 正确答案；红色警戒
2018-09-24 08:23:36,682 - mylogger - INFO - 更新答案
2018-09-24 08:23:36,917 - mylogger - INFO - 本题结束
2018-09-24 08:23:36,932 - mylogger - INFO - 获取题目
2018-09-24 08:23:39,853 - mylogger - INFO - 第 2 题
2018-09-24 08:23:40,197 - mylogger - INFO - 有“飞人”之称的球星乔丹，他效力过哪两支球队？
2018-09-24 08:23:41,102 - mylogger - INFO - ['奇才和凯尔特人', '公牛和奇才', '公牛和湖人']
2018-09-24 08:23:41,118 - mylogger - INFO - 数据库中检索答案
2018-09-24 08:23:41,134 - mylogger - INFO - 我的答案：公牛和奇才
2018-09-24 08:23:41,649 - mylogger - INFO - 选择选项
2018-09-24 08:23:44,009 - mylogger - INFO - 答案正确
2018-09-24 08:23:44,024 - mylogger - INFO - 更新答案
2018-09-24 08:23:45,336 - mylogger - INFO - 本题结束
2018-09-24 08:23:45,368 - mylogger - INFO - 获取题目
2018-09-24 08:23:47,132 - mylogger - INFO - 第 3 题
2018-09-24 08:23:47,429 - mylogger - INFO - 领导建立世界上第一座原子核反应堆的物理学家是谁？
2018-09-24 08:23:48,539 - mylogger - INFO - ['费米', '普朗克', '爱因斯坦']
2018-09-24 08:23:48,569 - mylogger - INFO - 数据库中检索答案
2018-09-24 08:23:48,585 - mylogger - INFO - 数据中无答案
2018-09-24 08:23:49,835 - mylogger - INFO - 在线检索答案：费米
2018-09-24 08:23:49,850 - mylogger - INFO - 我的答案：费米
2018-09-24 08:23:50,460 - mylogger - INFO - 选择选项
2018-09-24 08:23:52,835 - mylogger - INFO - 答案正确
2018-09-24 08:23:52,850 - mylogger - INFO - 更新答案
2018-09-24 08:23:54,256 - mylogger - INFO - 本题结束
2018-09-24 08:23:54,271 - mylogger - INFO - 获取题目
2018-09-24 08:23:56,053 - mylogger - INFO - 第 4 题
2018-09-24 08:23:56,349 - mylogger - INFO - 歌手王力宏的第一张专辑《情敌贝多芬》发行于哪一年？
2018-09-24 08:23:57,271 - mylogger - INFO - ['1995年', '1998年', '2000年']
2018-09-24 08:23:57,286 - mylogger - INFO - 数据库中检索答案
2018-09-24 08:23:57,302 - mylogger - INFO - 数据中无答案
2018-09-24 08:23:58,052 - mylogger - INFO - 在线检索答案：1995年
2018-09-24 08:23:58,067 - mylogger - INFO - 我的答案：1995年
2018-09-24 08:23:58,677 - mylogger - INFO - 选择选项
2018-09-24 08:24:01,020 - mylogger - INFO - 答案正确
2018-09-24 08:24:01,035 - mylogger - INFO - 更新答案
2018-09-24 08:24:02,364 - mylogger - INFO - 本题结束
2018-09-24 08:24:02,379 - mylogger - INFO - 获取题目
2018-09-24 08:24:04,082 - mylogger - INFO - 第 5 题
2018-09-24 08:24:04,410 - mylogger - INFO - “大慈阁素面”是哪个地区的特色美食？
2018-09-24 08:24:05,300 - mylogger - INFO - ['河南开封', '江苏淮安', '河北保定']
2018-09-24 08:24:05,315 - mylogger - INFO - 数据库中检索答案
2018-09-24 08:24:05,347 - mylogger - INFO - 数据中无答案
2018-09-24 08:24:06,034 - mylogger - INFO - 在线检索答案：
2018-09-24 08:24:06,050 - mylogger - INFO - 我的答案：河南开封
2018-09-24 08:24:06,566 - mylogger - INFO - 选择选项
2018-09-24 08:24:09,003 - mylogger - INFO - 答案错误
2018-09-24 08:24:09,237 - mylogger - INFO - 正确答案；河北保定
2018-09-24 08:24:09,252 - mylogger - INFO - 更新答案
2018-09-24 08:24:11,751 - mylogger - INFO - 本题结束
2018-09-24 08:24:11,877 - mylogger - INFO - 本场比赛结束
2018-09-24 08:24:12,142 - mylogger - INFO - 返回游戏页面
2018-09-24 08:24:13,627 - mylogger - INFO - 进入排位赛
2018-09-24 08:24:13,642 - mylogger - INFO - 正在匹配中......
2018-09-24 08:24:50,806 - mylogger - INFO - 匹配成功
2018-09-24 08:24:50,820 - mylogger - INFO - 获取题目
2018-09-24 08:24:53,774 - mylogger - INFO - 第 1 题
2018-09-24 08:24:54,055 - mylogger - INFO - 哪个生肖会被当作门神来镇宅？
2018-09-24 08:24:55,148 - mylogger - INFO - ['龙', '牛', '虎']
2018-09-24 08:24:55,163 - mylogger - INFO - 数据库中检索答案
2018-09-24 08:24:55,179 - mylogger - INFO - 数据中无答案
2018-09-24 08:24:56,116 - mylogger - INFO - 在线检索答案：虎
2018-09-24 08:24:56,132 - mylogger - INFO - 我的答案：虎
2018-09-24 08:24:56,695 - mylogger - INFO - 选择选项
2018-09-24 08:24:59,100 - mylogger - INFO - 答案正确
2018-09-24 08:24:59,115 - mylogger - INFO - 更新答案
2018-09-24 08:25:00,506 - mylogger - INFO - 本题结束
2018-09-24 08:25:00,521 - mylogger - INFO - 获取题目
2018-09-24 08:25:02,350 - mylogger - INFO - 第 2 题
2018-09-24 08:25:02,709 - mylogger - INFO - 全国消防宣传活动日是哪一天？
2018-09-24 08:25:03,584 - mylogger - INFO - ['11月9日', '9月11日', '11月19日']
2018-09-24 08:25:03,599 - mylogger - INFO - 数据库中检索答案
2018-09-24 08:25:03,614 - mylogger - INFO - 数据中无答案
2018-09-24 08:25:04,255 - mylogger - INFO - 在线检索答案：11月9日
2018-09-24 08:25:04,270 - mylogger - INFO - 我的答案：11月9日
2018-09-24 08:25:04,833 - mylogger - INFO - 选择选项
2018-09-24 08:25:07,270 - mylogger - INFO - 答案正确
2018-09-24 08:25:07,285 - mylogger - INFO - 更新答案
2018-09-24 08:25:08,630 - mylogger - INFO - 本题结束
2018-09-24 08:25:08,644 - mylogger - INFO - 获取题目
2018-09-24 08:25:10,457 - mylogger - INFO - 第 3 题
2018-09-24 08:25:10,785 - mylogger - INFO - 麻将的诞生最早的载体是什么？
2018-09-24 08:25:11,629 - mylogger - INFO - ['条状的竹编', '对折的纸片', '方形的木头']
2018-09-24 08:25:11,644 - mylogger - INFO - 数据库中检索答案
2018-09-24 08:25:11,659 - mylogger - INFO - 数据中无答案
2018-09-24 08:25:12,315 - mylogger - INFO - 在线检索答案：条状的竹编
2018-09-24 08:25:12,331 - mylogger - INFO - 我的答案：条状的竹编
2018-09-24 08:25:12,925 - mylogger - INFO - 选择选项
2018-09-24 08:25:15,362 - mylogger - INFO - 答案正确
2018-09-24 08:25:15,377 - mylogger - INFO - 更新答案
2018-09-24 08:25:16,721 - mylogger - INFO - 本题结束
2018-09-24 08:25:16,736 - mylogger - INFO - 获取题目
2018-09-24 08:25:18,549 - mylogger - INFO - 第 4 题
2018-09-24 08:25:18,845 - mylogger - INFO - 什么时候地球离太阳距离最近？
2018-09-24 08:25:19,768 - mylogger - INFO - ['1月初', '6月底', '3月初']
2018-09-24 08:25:19,782 - mylogger - INFO - 数据库中检索答案
2018-09-24 08:25:19,798 - mylogger - INFO - 数据中无答案
2018-09-24 08:25:20,485 - mylogger - INFO - 在线检索答案：1月初
2018-09-24 08:25:20,501 - mylogger - INFO - 我的答案：1月初
2018-09-24 08:25:21,080 - mylogger - INFO - 选择选项
2018-09-24 08:25:23,485 - mylogger - INFO - 答案正确
2018-09-24 08:25:23,500 - mylogger - INFO - 更新答案
2018-09-24 08:25:24,797 - mylogger - INFO - 本题结束
2018-09-24 08:25:24,812 - mylogger - INFO - 获取题目
2018-09-24 08:25:27,718 - mylogger - INFO - 第 5 题
2018-09-24 08:25:28,000 - mylogger - INFO - 张惠妹演唱的《掉了》是谁创作的？
2018-09-24 08:25:28,874 - mylogger - INFO - ['吴青峰', '周杰伦', '林俊杰']
2018-09-24 08:25:28,890 - mylogger - INFO - 数据库中检索答案
2018-09-24 08:25:28,905 - mylogger - INFO - 数据中无答案
2018-09-24 08:25:29,577 - mylogger - INFO - 在线检索答案：吴青峰
2018-09-24 08:25:29,593 - mylogger - INFO - 我的答案：吴青峰
2018-09-24 08:25:30,140 - mylogger - INFO - 选择选项
2018-09-24 08:25:32,499 - mylogger - INFO - 答案正确
2018-09-24 08:25:32,514 - mylogger - INFO - 更新答案
2018-09-24 08:25:33,920 - mylogger - INFO - 本题结束
2018-09-24 08:25:34,060 - mylogger - INFO - 本场比赛结束
2018-09-24 08:25:34,311 - mylogger - INFO - 返回游戏页面
2018-09-24 08:25:35,842 - mylogger - INFO - 进入排位赛
2018-09-24 08:25:35,857 - mylogger - INFO - 正在匹配中......
2018-09-24 08:25:51,682 - mylogger - INFO - 匹配成功
2018-09-24 08:25:51,697 - mylogger - INFO - 获取题目
2018-09-24 08:25:54,619 - mylogger - INFO - 第 1 题
2018-09-24 08:25:54,978 - mylogger - INFO - “江流天地外，山色有无中”是谁的作品？
2018-09-24 08:25:56,056 - mylogger - INFO - ['王维', '杜牧', '李白']
2018-09-24 08:25:56,071 - mylogger - INFO - 数据库中检索答案
2018-09-24 08:25:56,087 - mylogger - INFO - 数据中无答案
2018-09-24 08:25:56,790 - mylogger - INFO - 在线检索答案：王维
2018-09-24 08:25:56,805 - mylogger - INFO - 我的答案：王维
2018-09-24 08:25:57,369 - mylogger - INFO - 选择选项
2018-09-24 08:25:59,805 - mylogger - INFO - 答案正确
2018-09-24 08:25:59,820 - mylogger - INFO - 更新答案
2018-09-24 08:26:01,132 - mylogger - INFO - 本题结束
2018-09-24 08:26:01,132 - mylogger - INFO - 获取题目
2018-09-24 08:26:02,945 - mylogger - INFO - 第 2 题
2018-09-24 08:26:03,242 - mylogger - INFO - 通过股指期货套期保值回避的风险是
2018-09-24 08:26:04,226 - mylogger - INFO - ['经常性风险', '系统性风险', '非系统性风险']
2018-09-24 08:26:04,241 - mylogger - INFO - 数据库中检索答案
2018-09-24 08:26:04,273 - mylogger - INFO - 数据中无答案
2018-09-24 08:26:05,179 - mylogger - INFO - 在线检索答案：系统性风险
2018-09-24 08:26:05,194 - mylogger - INFO - 我的答案：系统性风险
2018-09-24 08:26:05,742 - mylogger - INFO - 选择选项
2018-09-24 08:26:08,115 - mylogger - INFO - 答案正确
2018-09-24 08:26:08,115 - mylogger - INFO - 更新答案
2018-09-24 08:26:10,631 - mylogger - INFO - 本题结束
2018-09-24 08:26:10,646 - mylogger - INFO - 获取题目
2018-09-24 08:26:12,474 - mylogger - INFO - 第 3 题
2018-09-24 08:26:12,865 - mylogger - INFO - 口感甜软的“桂花糖芋苗” 是哪里的传统名吃？
2018-09-24 08:26:13,833 - mylogger - INFO - ['北京', '南京', '天津']
2018-09-24 08:26:13,848 - mylogger - INFO - 数据库中检索答案
2018-09-24 08:26:13,880 - mylogger - INFO - 数据中无答案
2018-09-24 08:26:14,505 - mylogger - INFO - 在线检索答案：南京
2018-09-24 08:26:14,520 - mylogger - INFO - 我的答案：南京
2018-09-24 08:26:15,052 - mylogger - INFO - 选择选项
2018-09-24 08:26:17,473 - mylogger - INFO - 答案正确
2018-09-24 08:26:17,488 - mylogger - INFO - 更新答案
2018-09-24 08:26:21,050 - mylogger - INFO - 本题结束
2018-09-24 08:26:21,097 - mylogger - INFO - 获取题目
2018-09-24 08:26:22,878 - mylogger - INFO - 第 4 题
2018-09-24 08:26:23,237 - mylogger - INFO - 培养了冼星海、贺绿汀等人，被誉为“中国近代音乐教育宗师”的是
2018-09-24 08:26:24,175 - mylogger - INFO - ['聂耳', '萧友梅', '谭盾']
2018-09-24 08:26:24,190 - mylogger - INFO - 数据库中检索答案
2018-09-24 08:26:24,221 - mylogger - INFO - 数据中无答案
2018-09-24 08:26:25,065 - mylogger - INFO - 在线检索答案：萧友梅
2018-09-24 08:26:25,080 - mylogger - INFO - 我的答案：萧友梅
2018-09-24 08:26:25,596 - mylogger - INFO - 选择选项
2018-09-24 08:26:27,940 - mylogger - INFO - 答案正确
2018-09-24 08:26:27,954 - mylogger - INFO - 更新答案
2018-09-24 08:26:38,265 - mylogger - INFO - 本题结束
2018-09-24 08:26:38,280 - mylogger - INFO - 获取题目
2018-09-24 08:26:38,874 - mylogger - INFO - 第 5 题
2018-09-24 08:26:39,156 - mylogger - INFO - 《让她降落》是哪一部影视剧的片尾曲？
2018-09-24 08:26:40,109 - mylogger - INFO - ['《红粉世家》', '《金粉世家》', '《橘子红了》']
2018-09-24 08:26:40,124 - mylogger - INFO - 数据库中检索答案
2018-09-24 08:26:40,155 - mylogger - INFO - 数据中无答案
2018-09-24 08:26:40,873 - mylogger - INFO - 在线检索答案：《金粉世家》
2018-09-24 08:26:40,889 - mylogger - INFO - 我的答案：《金粉世家》
2018-09-24 08:26:41,468 - mylogger - INFO - 选择选项
2018-09-24 08:27:46,858 - mylogger - INFO - 进入排位赛
2018-09-24 08:27:46,873 - mylogger - INFO - 正在匹配中......
2018-09-24 08:28:44,844 - mylogger - INFO - 匹配成功
2018-09-24 08:28:44,860 - mylogger - INFO - 获取题目
2018-09-24 08:28:47,813 - mylogger - INFO - 第 1 题
2018-09-24 08:28:48,172 - mylogger - INFO - 在明朝的“六部”制中，哪一部的“尚书”权力最大，被称为“天官”？
2018-09-24 08:28:49,094 - mylogger - INFO - ['兵部', '户部', '吏部']
2018-09-24 08:28:49,109 - mylogger - INFO - 数据库中检索答案
2018-09-24 08:28:49,140 - mylogger - INFO - 数据中无答案
2018-09-24 08:28:50,390 - mylogger - INFO - 在线检索答案：吏部
2018-09-24 08:28:50,405 - mylogger - INFO - 我的答案：吏部
2018-09-24 08:28:50,953 - mylogger - INFO - 选择选项
2018-09-24 08:28:53,311 - mylogger - INFO - 答案正确
2018-09-24 08:28:53,326 - mylogger - INFO - 更新答案
2018-09-24 08:28:57,014 - mylogger - INFO - 本题结束
2018-09-24 08:28:57,029 - mylogger - INFO - 获取题目
2018-09-24 08:28:59,966 - mylogger - INFO - 第 2 题
2018-09-24 08:29:00,357 - mylogger - INFO - 中央电视台第一届春晚是哪一个生肖年？
2018-09-24 08:29:01,482 - mylogger - INFO - ['猪年', '鼠年', '狗年']
2018-09-24 08:29:01,496 - mylogger - INFO - 数据库中检索答案
2018-09-24 08:29:01,512 - mylogger - INFO - 我的答案：猪年
2018-09-24 08:29:02,028 - mylogger - INFO - 选择选项
2018-09-24 08:29:04,434 - mylogger - INFO - 答案正确
2018-09-24 08:29:04,449 - mylogger - INFO - 更新答案
2018-09-24 08:29:05,855 - mylogger - INFO - 本题结束
2018-09-24 08:29:05,870 - mylogger - INFO - 获取题目
2018-09-24 08:29:07,714 - mylogger - INFO - 第 3 题
2018-09-24 08:29:08,042 - mylogger - INFO - 中国天文日是每年的
2018-09-24 08:29:08,979 - mylogger - INFO - ['10月30日', '8月15日', '3月3日']
2018-09-24 08:29:08,995 - mylogger - INFO - 数据库中检索答案
2018-09-24 08:29:09,010 - mylogger - INFO - 数据中无答案
2018-09-24 08:29:09,807 - mylogger - INFO - 在线检索答案：10月30日
2018-09-24 08:29:09,823 - mylogger - INFO - 我的答案：10月30日
2018-09-24 08:29:10,401 - mylogger - INFO - 选择选项
2018-09-24 08:29:12,791 - mylogger - INFO - 答案正确
2018-09-24 08:29:12,806 - mylogger - INFO - 更新答案
2018-09-24 08:29:14,228 - mylogger - INFO - 本题结束
2018-09-24 08:29:14,243 - mylogger - INFO - 获取题目
2018-09-24 08:29:16,025 - mylogger - INFO - 第 4 题
2018-09-24 08:29:16,384 - mylogger - INFO - 以下哪一个是世界上第一种正式服役的空空导弹？
2018-09-24 08:29:17,400 - mylogger - INFO - ['AIM-7“麻雀”', 'AIM-9“响尾蛇”', 'AIM-4“猎鹰”']
2018-09-24 08:29:17,415 - mylogger - INFO - 数据库中检索答案
2018-09-24 08:29:17,446 - mylogger - INFO - 数据中无答案
2018-09-24 08:29:18,289 - mylogger - INFO - 在线检索答案：AIM-4“猎鹰”
2018-09-24 08:29:18,305 - mylogger - INFO - 我的答案：AIM-4“猎鹰”
2018-09-24 08:29:18,899 - mylogger - INFO - 选择选项
2018-09-24 08:29:21,352 - mylogger - INFO - 答案正确
2018-09-24 08:29:21,367 - mylogger - INFO - 更新答案
2018-09-24 08:29:23,820 - mylogger - INFO - 本题结束
2018-09-24 08:29:23,835 - mylogger - INFO - 获取题目
2018-09-24 08:29:25,648 - mylogger - INFO - 第 5 题
2018-09-24 08:29:25,929 - mylogger - INFO - 动画《科学超电磁炮》的原作是谁？
2018-09-24 08:29:26,976 - mylogger - INFO - ['冬川基', '藤卷忠俊', '逢空万太']
2018-09-24 08:29:27,006 - mylogger - INFO - 数据库中检索答案
2018-09-24 08:29:27,022 - mylogger - INFO - 数据中无答案
2018-09-24 08:29:27,896 - mylogger - INFO - 在线检索答案：冬川基
2018-09-24 08:29:27,912 - mylogger - INFO - 我的答案：冬川基
2018-09-24 08:29:28,474 - mylogger - INFO - 选择选项
2018-09-24 08:29:30,850 - mylogger - INFO - 答案正确
2018-09-24 08:29:30,865 - mylogger - INFO - 更新答案
2018-09-24 08:29:33,380 - mylogger - INFO - 本题结束
2018-09-24 08:29:33,521 - mylogger - INFO - 本场比赛结束
2018-09-24 08:29:33,786 - mylogger - INFO - 返回游戏页面
2018-09-24 08:29:35,317 - mylogger - INFO - 进入排位赛
2018-09-24 08:29:35,332 - mylogger - INFO - 正在匹配中......
2018-09-24 08:30:36,318 - mylogger - WARNING - 匹配失败
2018-09-24 08:30:36,600 - mylogger - INFO - 返回游戏页面
2018-09-24 08:30:38,084 - mylogger - INFO - 进入排位赛
2018-09-24 08:30:38,099 - mylogger - INFO - 正在匹配中......
2018-09-24 08:30:55,391 - mylogger - INFO - 匹配成功
2018-09-24 08:30:55,391 - mylogger - INFO - 获取题目
2018-09-24 08:30:58,406 - mylogger - INFO - 第 1 题
2018-09-24 08:30:58,766 - mylogger - INFO - 冥王星目前归属的天体类别是？
2018-09-24 08:30:59,703 - mylogger - INFO - ['矮行星', '小行星', '卫星']
2018-09-24 08:30:59,719 - mylogger - INFO - 数据库中检索答案
2018-09-24 08:30:59,734 - mylogger - INFO - 数据中无答案
2018-09-24 08:31:00,468 - mylogger - INFO - 在线检索答案：矮行星
2018-09-24 08:31:00,484 - mylogger - INFO - 我的答案：矮行星
2018-09-24 08:31:01,141 - mylogger - INFO - 选择选项
2018-09-24 08:31:03,531 - mylogger - INFO - 答案正确
2018-09-24 08:31:03,546 - mylogger - INFO - 更新答案
2018-09-24 08:31:12,873 - mylogger - INFO - 本题结束
2018-09-24 08:31:12,904 - mylogger - INFO - 获取题目
2018-09-24 08:31:14,638 - mylogger - INFO - 第 2 题
2018-09-24 08:31:14,934 - mylogger - INFO - 黄河发源于青藏高原，是中华民族的母亲河，其全长约多少公里？
2018-09-24 08:31:15,825 - mylogger - INFO - ['1500公里', '2500公里', '5500公里']
2018-09-24 08:31:15,840 - mylogger - INFO - 数据库中检索答案
2018-09-24 08:31:15,871 - mylogger - INFO - 数据中无答案
2018-09-24 08:31:16,793 - mylogger - INFO - 在线检索答案：
2018-09-24 08:31:16,808 - mylogger - INFO - 我的答案：1500公里
2018-09-24 08:31:17,371 - mylogger - INFO - 选择选项
2018-09-24 08:31:19,746 - mylogger - INFO - 答案错误
2018-09-24 08:31:19,949 - mylogger - INFO - 正确答案；5500公里
2018-09-24 08:31:19,964 - mylogger - INFO - 更新答案
2018-09-24 08:31:30,274 - mylogger - INFO - 本题结束
2018-09-24 08:31:30,290 - mylogger - INFO - 获取题目
2018-09-24 08:31:30,900 - mylogger - INFO - 第 3 题
2018-09-24 08:31:31,320 - mylogger - INFO - 地窖中如果存贮的蔬菜瓜果腐烂变质，会产生什么有毒气体？
2018-09-24 08:31:32,399 - mylogger - INFO - ['硫化氢', '二氧化碳', '二氧化硫']
2018-09-24 08:31:32,414 - mylogger - INFO - 数据库中检索答案
2018-09-24 08:31:32,430 - mylogger - INFO - 数据中无答案
2018-09-24 08:31:33,398 - mylogger - INFO - 在线检索答案：硫化氢
2018-09-24 08:31:33,414 - mylogger - INFO - 我的答案：硫化氢
2018-09-24 08:31:34,024 - mylogger - INFO - 选择选项
2018-09-24 08:32:38,321 - mylogger - INFO - 进入排位赛
2018-09-24 08:32:38,336 - mylogger - INFO - 正在匹配中......
2018-09-24 08:33:39,432 - mylogger - WARNING - 匹配失败
2018-09-24 08:33:39,697 - mylogger - INFO - 返回游戏页面
2018-09-24 08:33:41,228 - mylogger - INFO - 进入排位赛
2018-09-24 08:33:41,243 - mylogger - INFO - 正在匹配中......
2018-09-24 08:33:53,819 - mylogger - INFO - 匹配成功
2018-09-24 08:33:53,834 - mylogger - INFO - 获取题目
2018-09-24 08:33:56,771 - mylogger - INFO - 第 1 题
2018-09-24 08:33:57,162 - mylogger - INFO - 《圣斗士星矢》的原作者是谁？
2018-09-24 08:33:58,255 - mylogger - INFO - 数据库中检索答案
2018-09-24 08:33:58,286 - mylogger - INFO - 数据中无答案
2018-09-24 08:34:05,472 - mylogger - INFO - 在线检索答案：车田正美
2018-09-24 08:34:05,487 - mylogger - INFO - 我的答案：车田正美
2018-09-24 08:34:06,097 - mylogger - INFO - 选择选项
2018-09-24 08:35:10,707 - mylogger - INFO - 进入排位赛
2018-09-24 08:35:10,722 - mylogger - INFO - 正在匹配中......
2018-09-24 08:35:45,370 - mylogger - INFO - 匹配成功
2018-09-24 08:35:45,386 - mylogger - INFO - 获取题目
2018-09-24 08:35:48,261 - mylogger - INFO - 第 1 题
2018-09-24 08:35:48,526 - mylogger - INFO - SpaceX 计划发射多少颗卫星以组成其“互联网星座”？
2018-09-24 08:35:49,494 - mylogger - INFO - ['3000颗', '4000颗', '4425颗']
2018-09-24 08:35:49,510 - mylogger - INFO - 数据库中检索答案
2018-09-24 08:35:49,525 - mylogger - INFO - 数据中无答案
2018-09-24 08:35:50,322 - mylogger - INFO - 在线检索答案：4425颗
2018-09-24 08:35:50,338 - mylogger - INFO - 我的答案：4425颗
2018-09-24 08:35:50,916 - mylogger - INFO - 选择选项
2018-09-24 08:35:53,291 - mylogger - INFO - 答案正确
2018-09-24 08:35:53,306 - mylogger - INFO - 更新答案
2018-09-24 08:35:54,681 - mylogger - INFO - 本题结束
2018-09-24 08:35:54,696 - mylogger - INFO - 获取题目
2018-09-24 08:35:56,587 - mylogger - INFO - 第 2 题
2018-09-24 08:35:56,915 - mylogger - INFO - 下列演员中，哪位没有参演韩剧《当你沉睡时》？
2018-09-24 08:35:57,821 - mylogger - INFO - ['安宰贤', '李钟硕', '裴秀智']
2018-09-24 08:35:57,836 - mylogger - INFO - 数据库中检索答案
2018-09-24 08:35:57,851 - mylogger - INFO - 数据中无答案
2018-09-24 08:35:58,695 - mylogger - INFO - 在线检索答案：李钟硕
2018-09-24 08:35:58,695 - mylogger - INFO - 我的答案：李钟硕
2018-09-24 08:35:59,351 - mylogger - INFO - 选择选项
2018-09-24 08:36:01,882 - mylogger - INFO - 答案错误
2018-09-24 08:36:02,007 - mylogger - INFO - 正确答案；安宰贤
2018-09-24 08:36:02,022 - mylogger - INFO - 更新答案
2018-09-24 08:36:06,693 - mylogger - INFO - 本题结束
2018-09-24 08:36:06,709 - mylogger - INFO - 获取题目
2018-09-24 08:36:08,599 - mylogger - INFO - 第 3 题
2018-09-24 08:36:08,896 - mylogger - INFO - 为什么会发生月食？
2018-09-24 08:36:09,864 - mylogger - INFO - ['太阳转到了地球阴影里', '月球转到了地球阴影里', '月亮挡住了太阳']
2018-09-24 08:36:09,880 - mylogger - INFO - 数据库中检索答案
2018-09-24 08:36:09,895 - mylogger - INFO - 数据中无答案
2018-09-24 08:36:11,583 - mylogger - INFO - 在线检索答案：
2018-09-24 08:36:11,598 - mylogger - INFO - 我的答案：太阳转到了地球阴影里
2018-09-24 08:36:12,161 - mylogger - INFO - 选择选项
2018-09-24 08:36:14,582 - mylogger - INFO - 答案错误
2018-09-24 08:36:14,707 - mylogger - INFO - 正确答案；月球转到了地球阴影里
2018-09-24 08:36:14,722 - mylogger - INFO - 更新答案
2018-09-24 08:36:17,160 - mylogger - INFO - 本题结束
2018-09-24 08:36:17,175 - mylogger - INFO - 获取题目
2018-09-24 08:36:20,159 - mylogger - INFO - 第 4 题
2018-09-24 08:36:20,487 - mylogger - INFO - 通常所说的“生命中枢”是指哪个部位？
2018-09-24 08:36:21,362 - mylogger - INFO - ['延脑', '下丘脑', '中脑']
2018-09-24 08:36:21,377 - mylogger - INFO - 数据库中检索答案
2018-09-24 08:36:21,393 - mylogger - INFO - 数据中无答案
2018-09-24 08:36:22,111 - mylogger - INFO - 在线检索答案：延脑
2018-09-24 08:36:22,143 - mylogger - INFO - 我的答案：延脑
2018-09-24 08:36:22,784 - mylogger - INFO - 选择选项
2018-09-24 08:36:25,127 - mylogger - INFO - 答案正确
2018-09-24 08:36:25,142 - mylogger - INFO - 更新答案
2018-09-24 08:36:26,548 - mylogger - INFO - 本题结束
2018-09-24 08:36:26,563 - mylogger - INFO - 获取题目
2018-09-24 08:36:28,344 - mylogger - INFO - 第 5 题
2018-09-24 08:36:28,704 - mylogger - INFO - 第一颗小行星是谁发现的？
2018-09-24 08:36:29,673 - mylogger - INFO - ['皮亚齐', '奥伯斯', '基普索恩']
2018-09-24 08:36:29,688 - mylogger - INFO - 数据库中检索答案
2018-09-24 08:36:29,703 - mylogger - INFO - 数据中无答案
2018-09-24 08:36:31,984 - mylogger - INFO - 在线检索答案：皮亚齐
2018-09-24 08:36:32,000 - mylogger - INFO - 我的答案：皮亚齐
2018-09-24 08:36:32,578 - mylogger - INFO - 选择选项
2018-09-24 08:36:34,953 - mylogger - INFO - 答案正确
2018-09-24 08:36:34,968 - mylogger - INFO - 更新答案
2018-09-24 08:36:36,374 - mylogger - INFO - 本题结束
2018-09-24 08:36:36,514 - mylogger - INFO - 本场比赛结束
2018-09-24 08:36:36,780 - mylogger - INFO - 返回游戏页面
2018-09-24 08:36:38,280 - mylogger - INFO - 进入排位赛
2018-09-24 08:36:38,295 - mylogger - INFO - 正在匹配中......
2018-09-24 08:37:39,313 - mylogger - WARNING - 匹配失败
2018-09-24 08:37:39,578 - mylogger - INFO - 返回游戏页面
2018-09-24 08:37:41,156 - mylogger - INFO - 进入排位赛
2018-09-24 08:37:41,171 - mylogger - INFO - 正在匹配中......
2018-09-24 08:38:42,189 - mylogger - WARNING - 匹配失败
2018-09-24 08:38:42,470 - mylogger - INFO - 返回游戏页面
2018-09-24 08:38:43,969 - mylogger - INFO - 进入排位赛
2018-09-24 08:38:43,984 - mylogger - INFO - 正在匹配中......
2018-09-24 08:39:20,929 - mylogger - INFO - 匹配成功
2018-09-24 08:39:20,944 - mylogger - INFO - 获取题目
2018-09-24 08:39:23,991 - mylogger - INFO - 第 1 题
2018-09-24 08:39:24,335 - mylogger - INFO - 著名汽车品牌保时捷是哪个国家的品牌？
2018-09-24 08:39:25,224 - mylogger - INFO - ['英国', '意大利', '德国']
2018-09-24 08:39:25,240 - mylogger - INFO - 数据库中检索答案
2018-09-24 08:39:25,256 - mylogger - INFO - 数据中无答案
2018-09-24 08:39:26,412 - mylogger - INFO - 在线检索答案：德国
2018-09-24 08:39:26,427 - mylogger - INFO - 我的答案：德国
2018-09-24 08:39:26,991 - mylogger - INFO - 选择选项
2018-09-24 08:39:29,427 - mylogger - INFO - 答案正确
2018-09-24 08:39:29,442 - mylogger - INFO - 更新答案
2018-09-24 08:39:39,909 - mylogger - INFO - 本题结束
2018-09-24 08:39:39,924 - mylogger - INFO - 获取题目
2018-09-24 08:39:40,596 - mylogger - INFO - 第 /5 题
2018-09-24 08:39:40,893 - mylogger - INFO - 英国大部分属于什么气候？
2018-09-24 08:39:41,893 - mylogger - INFO - ['温带海洋气候', '季风气候', '热带海洋气候']
2018-09-24 08:39:41,908 - mylogger - INFO - 数据库中检索答案
2018-09-24 08:39:41,939 - mylogger - INFO - 数据中无答案
2018-09-24 08:39:44,142 - mylogger - INFO - 在线检索答案：温带海洋气候
2018-09-24 08:39:44,157 - mylogger - INFO - 我的答案：温带海洋气候
2018-09-24 08:39:44,736 - mylogger - INFO - 选择选项
2018-09-24 09:06:02,691 - mylogger - INFO - 进入排位赛
2018-09-24 09:06:02,692 - mylogger - INFO - 正在匹配中......
2018-09-24 09:07:03,700 - mylogger - WARNING - 匹配失败
2018-09-24 09:07:03,976 - mylogger - INFO - 返回游戏页面
2018-09-24 09:07:05,529 - mylogger - INFO - 进入排位赛
2018-09-24 09:07:05,529 - mylogger - INFO - 正在匹配中......
2018-09-24 09:07:59,558 - mylogger - INFO - 匹配成功
2018-09-24 09:07:59,559 - mylogger - INFO - 获取题目
2018-09-24 09:08:02,683 - mylogger - INFO - 第 1 题
2018-09-24 09:08:03,082 - mylogger - INFO - 下列哪项内容，不是出现在中世纪欧洲？
2018-09-24 09:08:04,118 - mylogger - INFO - ['蒙娜丽莎', '查士丁尼瘟疫', '什一税']
2018-09-24 09:08:04,128 - mylogger - INFO - 数据库中检索答案
2018-09-24 09:08:04,128 - mylogger - INFO - 数据中无答案
2018-09-24 09:08:05,135 - mylogger - INFO - 在线检索答案：蒙娜丽莎
2018-09-24 09:08:05,136 - mylogger - INFO - 我的答案：蒙娜丽莎
2018-09-24 09:08:05,690 - mylogger - INFO - 选择选项
2018-09-24 09:08:08,256 - mylogger - INFO - 答案正确
2018-09-24 09:08:08,256 - mylogger - INFO - 更新答案
2018-09-24 09:08:12,017 - mylogger - INFO - 本题结束
2018-09-24 09:08:12,026 - mylogger - INFO - 获取题目
2018-09-24 09:08:13,992 - mylogger - INFO - 第 2 题
2018-09-24 09:08:14,362 - mylogger - INFO - 2017年春晚大热的董卿色口红是迪奥品牌哪个色号？
2018-09-24 09:08:15,415 - mylogger - INFO - ['迪奥080', '迪奥999', '迪奥079']
2018-09-24 09:08:15,423 - mylogger - INFO - 数据库中检索答案
2018-09-24 09:08:15,423 - mylogger - INFO - 我的答案：迪奥080
2018-09-24 09:08:16,021 - mylogger - INFO - 选择选项
2018-09-24 09:08:18,557 - mylogger - INFO - 答案正确
2018-09-24 09:08:18,559 - mylogger - INFO - 更新答案
2018-09-24 09:08:21,164 - mylogger - INFO - 本题结束
2018-09-24 09:08:21,165 - mylogger - INFO - 获取题目
2018-09-24 09:08:24,311 - mylogger - INFO - 第 3 题
2018-09-24 09:08:24,699 - mylogger - INFO - 《楚门的世界》中由于节目组疏忽，楚门死去的什么亲人再次出现？
2018-09-24 09:08:25,766 - mylogger - INFO - ['母亲', '妻子', '父亲']
2018-09-24 09:08:25,771 - mylogger - INFO - 数据库中检索答案
2018-09-24 09:08:25,772 - mylogger - INFO - 数据中无答案
2018-09-24 09:08:26,613 - mylogger - INFO - 在线检索答案：父亲
2018-09-24 09:08:26,615 - mylogger - INFO - 我的答案：父亲
2018-09-24 09:08:27,244 - mylogger - INFO - 选择选项
2018-09-24 09:08:29,721 - mylogger - INFO - 答案正确
2018-09-24 09:08:29,723 - mylogger - INFO - 更新答案
2018-09-24 09:08:33,371 - mylogger - INFO - 本题结束
2018-09-24 09:08:33,373 - mylogger - INFO - 获取题目
2018-09-24 09:08:35,268 - mylogger - INFO - 第 4 题
2018-09-24 09:08:35,624 - mylogger - INFO - 火山活动最频繁的卫星是以下哪个？
2018-09-24 09:08:36,678 - mylogger - INFO - ['冥卫一', '木卫二', '木卫一']
2018-09-24 09:08:36,686 - mylogger - INFO - 数据库中检索答案
2018-09-24 09:08:36,687 - mylogger - INFO - 数据中无答案
2018-09-24 09:08:37,463 - mylogger - INFO - 在线检索答案：木卫一
2018-09-24 09:08:37,464 - mylogger - INFO - 我的答案：木卫一
2018-09-24 09:08:38,040 - mylogger - INFO - 选择选项
2018-09-24 09:08:40,502 - mylogger - INFO - 答案正确
2018-09-24 09:08:40,503 - mylogger - INFO - 更新答案
2018-09-24 09:08:42,051 - mylogger - INFO - 本题结束
2018-09-24 09:08:42,053 - mylogger - INFO - 获取题目
2018-09-24 09:08:43,935 - mylogger - INFO - 第 5 题
2018-09-24 09:08:44,323 - mylogger - INFO - 圣彼得堡和以下哪个城市是友好城市？
2018-09-24 09:08:45,489 - mylogger - INFO - ['上海', '北京', '沈阳']
2018-09-24 09:08:45,499 - mylogger - INFO - 数据库中检索答案
2018-09-24 09:08:45,500 - mylogger - INFO - 我的答案：上海
2018-09-24 09:08:46,090 - mylogger - INFO - 选择选项
2018-09-24 09:08:48,571 - mylogger - INFO - 答案正确
2018-09-24 09:08:48,572 - mylogger - INFO - 更新答案
2018-09-24 09:08:52,267 - mylogger - INFO - 本题结束
2018-09-24 09:08:52,425 - mylogger - INFO - 本场比赛结束
2018-09-24 09:08:52,692 - mylogger - INFO - 返回游戏页面
2018-09-24 09:08:54,281 - mylogger - INFO - 进入排位赛
2018-09-24 09:08:54,282 - mylogger - INFO - 正在匹配中......
2018-09-24 09:09:29,105 - mylogger - INFO - 匹配成功
2018-09-24 09:09:29,116 - mylogger - INFO - 获取题目
2018-09-24 09:09:32,285 - mylogger - INFO - 第 1 题
2018-09-24 09:09:32,650 - mylogger - INFO - 外籍车号牌的颜色是？
2018-09-24 09:09:33,720 - mylogger - INFO - ['黑底白字符', '蓝底白字符', '白底黑字符']
2018-09-24 09:09:33,728 - mylogger - INFO - 数据库中检索答案
2018-09-24 09:09:33,730 - mylogger - INFO - 数据中无答案
2018-09-24 09:09:34,487 - mylogger - INFO - 在线检索答案：黑底白字符
2018-09-24 09:09:34,488 - mylogger - INFO - 我的答案：黑底白字符
2018-09-24 09:09:35,091 - mylogger - INFO - 选择选项
2018-09-24 09:09:37,558 - mylogger - INFO - 答案正确
2018-09-24 09:09:37,559 - mylogger - INFO - 更新答案
2018-09-24 09:09:39,016 - mylogger - INFO - 本题结束
2018-09-24 09:09:39,018 - mylogger - INFO - 获取题目
2018-09-24 09:09:41,022 - mylogger - INFO - 第 2 题
2018-09-24 09:09:41,403 - mylogger - INFO - 巴甫洛夫是世界著名的：
2018-09-24 09:09:42,454 - mylogger - INFO - ['天文学家', '化学家', '生理学家']
2018-09-24 09:09:42,461 - mylogger - INFO - 数据库中检索答案
2018-09-24 09:09:42,463 - mylogger - INFO - 数据中无答案
2018-09-24 09:09:43,409 - mylogger - INFO - 在线检索答案：生理学家
2018-09-24 09:09:43,411 - mylogger - INFO - 我的答案：生理学家
2018-09-24 09:09:44,011 - mylogger - INFO - 选择选项
2018-09-24 09:09:46,521 - mylogger - INFO - 答案正确
2018-09-24 09:09:46,523 - mylogger - INFO - 更新答案
2018-09-24 09:09:47,868 - mylogger - INFO - 本题结束
2018-09-24 09:09:47,870 - mylogger - INFO - 获取题目
2018-09-24 09:09:49,810 - mylogger - INFO - 第 3 题
2018-09-24 09:09:50,195 - mylogger - INFO - ”天门蒸菜“属于哪个菜系？
2018-09-24 09:09:51,305 - mylogger - INFO - ['闽菜', '粤菜', '鄂菜']
2018-09-24 09:09:51,315 - mylogger - INFO - 数据库中检索答案
2018-09-24 09:09:51,316 - mylogger - INFO - 数据中无答案
2018-09-24 09:09:51,988 - mylogger - INFO - 在线检索答案：鄂菜
2018-09-24 09:09:51,989 - mylogger - INFO - 我的答案：鄂菜
2018-09-24 09:09:52,648 - mylogger - INFO - 选择选项
2018-09-24 09:09:55,121 - mylogger - INFO - 答案正确
2018-09-24 09:09:55,123 - mylogger - INFO - 更新答案
2018-09-24 09:09:57,660 - mylogger - INFO - 本题结束
2018-09-24 09:09:57,663 - mylogger - INFO - 获取题目
2018-09-24 09:09:59,506 - mylogger - INFO - 第 4 题
2018-09-24 09:09:59,846 - mylogger - INFO - 天猫在哪年创立了双11购物节？
2018-09-24 09:10:00,924 - mylogger - INFO - ['2009年', '2011年', '2010年']
2018-09-24 09:10:00,931 - mylogger - INFO - 数据库中检索答案
2018-09-24 09:10:00,933 - mylogger - INFO - 数据中无答案
2018-09-24 09:10:01,724 - mylogger - INFO - 在线检索答案：2009年
2018-09-24 09:10:01,726 - mylogger - INFO - 我的答案：2009年
2018-09-24 09:10:02,320 - mylogger - INFO - 选择选项
2018-09-24 09:10:04,769 - mylogger - INFO - 答案正确
2018-09-24 09:10:04,770 - mylogger - INFO - 更新答案
2018-09-24 09:10:06,183 - mylogger - INFO - 本题结束
2018-09-24 09:10:06,186 - mylogger - INFO - 获取题目
2018-09-24 09:10:08,140 - mylogger - INFO - 第 5 题
2018-09-24 09:10:08,450 - mylogger - INFO - 所有的核苷酸分子中都含有：
2018-09-24 09:10:09,439 - mylogger - INFO - [' 含氮碱基', ' 核糖', ' 脱氧核糖']
2018-09-24 09:10:09,451 - mylogger - INFO - 数据库中检索答案
2018-09-24 09:10:09,453 - mylogger - INFO - 数据中无答案
2018-09-24 09:10:11,552 - mylogger - INFO - 在线检索答案： 含氮碱基
2018-09-24 09:10:11,553 - mylogger - INFO - 我的答案： 含氮碱基
2018-09-24 09:10:12,116 - mylogger - INFO - 选择选项
2018-09-24 09:10:14,578 - mylogger - INFO - 答案正确
2018-09-24 09:10:14,580 - mylogger - INFO - 更新答案
2018-09-24 09:10:16,077 - mylogger - INFO - 本题结束
2018-09-24 09:10:16,212 - mylogger - INFO - 本场比赛结束
2018-09-24 09:10:16,476 - mylogger - INFO - 返回游戏页面
2018-09-24 09:10:18,071 - mylogger - INFO - 进入排位赛
2018-09-24 09:10:18,072 - mylogger - INFO - 正在匹配中......
2018-09-24 09:11:18,382 - mylogger - WARNING - 匹配失败
2018-09-24 09:11:18,658 - mylogger - INFO - 返回游戏页面
2018-09-24 09:11:20,185 - mylogger - INFO - 进入排位赛
2018-09-24 09:11:20,186 - mylogger - INFO - 正在匹配中......
2018-09-24 09:15:35,146 - mylogger - INFO - 进入排位赛
2018-09-24 09:15:35,147 - mylogger - INFO - 正在匹配中......
2018-09-24 09:16:35,312 - mylogger - WARNING - 匹配失败
2018-09-24 09:16:35,628 - mylogger - INFO - 返回游戏页面
2018-09-24 09:16:37,157 - mylogger - INFO - 进入排位赛
2018-09-24 09:16:37,159 - mylogger - INFO - 正在匹配中......
2018-09-24 09:17:37,803 - mylogger - WARNING - 匹配失败
2018-09-24 09:17:38,107 - mylogger - INFO - 返回游戏页面
2018-09-24 09:17:39,732 - mylogger - INFO - 进入排位赛
2018-09-24 09:17:39,733 - mylogger - INFO - 正在匹配中......
2018-09-24 09:17:56,886 - mylogger - INFO - 匹配成功
2018-09-24 09:17:56,887 - mylogger - INFO - 获取题目
2018-09-24 09:18:00,221 - mylogger - INFO - 第 1 题
2018-09-24 09:18:00,560 - mylogger - INFO - 地球上的风由于什么原因不能笔直流动
2018-09-24 09:18:01,574 - mylogger - INFO - ['地球公转', '离心力', '地球自转']
2018-09-24 09:18:01,583 - mylogger - INFO - 数据库中检索答案
2018-09-24 09:18:01,585 - mylogger - INFO - 数据中无答案
2018-09-24 09:18:02,943 - mylogger - INFO - 在线检索答案：地球公转
2018-09-24 09:18:02,945 - mylogger - INFO - 我的答案：地球公转
2018-09-24 09:18:03,660 - mylogger - INFO - 选择选项
2018-09-24 09:18:06,127 - mylogger - INFO - 答案错误
2018-09-24 09:18:06,420 - mylogger - INFO - 正确答案；地球自转
2018-09-24 09:18:06,422 - mylogger - INFO - 更新答案
2018-09-24 09:18:07,749 - mylogger - INFO - 本题结束
2018-09-24 09:18:07,750 - mylogger - INFO - 获取题目
2018-09-24 09:18:10,813 - mylogger - INFO - 第 2 题
2018-09-24 09:18:11,129 - mylogger - INFO - 以下不属于灯谜别称的是什么？
2018-09-24 09:18:12,113 - mylogger - INFO - ['打虎', '文虎', '门对']
2018-09-24 09:18:12,122 - mylogger - INFO - 数据库中检索答案
2018-09-24 09:18:12,123 - mylogger - INFO - 数据中无答案
2018-09-24 09:18:12,951 - mylogger - INFO - 在线检索答案：门对
2018-09-24 09:18:12,952 - mylogger - INFO - 我的答案：门对
2018-09-24 09:18:13,601 - mylogger - INFO - 选择选项
2018-09-24 09:18:16,061 - mylogger - INFO - 答案正确
2018-09-24 09:18:16,062 - mylogger - INFO - 更新答案
2018-09-24 09:18:18,665 - mylogger - INFO - 本题结束
2018-09-24 09:18:18,667 - mylogger - INFO - 获取题目
2018-09-24 09:18:20,561 - mylogger - INFO - 第 3 题
2018-09-24 09:18:20,889 - mylogger - INFO - 比特币（BitCoin）的概念最初在什么时候提出？
2018-09-24 09:18:21,966 - mylogger - INFO - ['2009年', '2010年', '2007年']
2018-09-24 09:18:21,975 - mylogger - INFO - 数据库中检索答案
2018-09-24 09:18:21,977 - mylogger - INFO - 数据中无答案
2018-09-24 09:18:23,203 - mylogger - INFO - 在线检索答案：2009年
2018-09-24 09:18:23,205 - mylogger - INFO - 我的答案：2009年
2018-09-24 09:18:23,842 - mylogger - INFO - 选择选项
2018-09-24 09:18:26,276 - mylogger - INFO - 答案正确
2018-09-24 09:18:26,277 - mylogger - INFO - 更新答案
2018-09-24 09:18:27,561 - mylogger - INFO - 本题结束
2018-09-24 09:18:27,563 - mylogger - INFO - 获取题目
2018-09-24 09:18:30,598 - mylogger - INFO - 第 4 题
2018-09-24 09:18:30,932 - mylogger - INFO - 做减法题时把被减数十位上的2看成了5，结果得46，原来正确的答案是多少
2018-09-24 09:18:31,958 - mylogger - INFO - [' 43', ' 49', ' 16']
2018-09-24 09:18:31,965 - mylogger - INFO - 数据库中检索答案
2018-09-24 09:18:31,967 - mylogger - INFO - 数据中无答案
2018-09-24 09:18:32,824 - mylogger - INFO - 在线检索答案： 43
2018-09-24 09:18:32,825 - mylogger - INFO - 我的答案： 43
2018-09-24 09:18:33,441 - mylogger - INFO - 选择选项
2018-09-24 09:18:35,887 - mylogger - INFO - 答案错误
2018-09-24 09:18:36,253 - mylogger - INFO - 正确答案； 16
2018-09-24 09:18:36,255 - mylogger - INFO - 更新答案
2018-09-24 09:18:36,534 - mylogger - INFO - 本题结束
2018-09-24 09:18:36,537 - mylogger - INFO - 获取题目
2018-09-24 09:18:39,565 - mylogger - INFO - 第 5 题
2018-09-24 09:18:39,879 - mylogger - INFO - 《科学超电磁炮S》中的“白井黑子”是多少级的超能力者？
2018-09-24 09:18:40,854 - mylogger - INFO - ['3', '4', '6']
2018-09-24 09:18:40,862 - mylogger - INFO - 数据库中检索答案
2018-09-24 09:18:40,863 - mylogger - INFO - 数据中无答案
2018-09-24 09:18:41,830 - mylogger - INFO - 在线检索答案：3
2018-09-24 09:18:41,831 - mylogger - INFO - 我的答案：3
2018-09-24 09:18:42,421 - mylogger - INFO - 选择选项
2018-09-24 09:18:44,933 - mylogger - INFO - 答案错误
2018-09-24 09:18:45,087 - mylogger - INFO - 正确答案；4
2018-09-24 09:18:45,088 - mylogger - INFO - 更新答案
2018-09-24 09:18:48,772 - mylogger - INFO - 本题结束
2018-09-24 09:18:48,910 - mylogger - INFO - 本场比赛结束
2018-09-24 09:18:49,199 - mylogger - INFO - 返回游戏页面
2018-09-24 09:18:50,752 - mylogger - INFO - 进入排位赛
2018-09-24 09:18:50,754 - mylogger - INFO - 正在匹配中......
2018-09-24 09:19:43,641 - mylogger - INFO - 匹配成功
2018-09-24 09:19:43,642 - mylogger - INFO - 获取题目
2018-09-24 09:19:46,716 - mylogger - INFO - 第 1 题
2018-09-24 09:19:47,064 - mylogger - INFO - 担担面是中国哪个省的美食？
2018-09-24 09:19:48,081 - mylogger - INFO - ['四川', '湖南', '重庆']
2018-09-24 09:19:48,091 - mylogger - INFO - 数据库中检索答案
2018-09-24 09:19:48,092 - mylogger - INFO - 数据中无答案
2018-09-24 09:19:48,926 - mylogger - INFO - 在线检索答案：四川
2018-09-24 09:19:48,927 - mylogger - INFO - 我的答案：四川
2018-09-24 09:19:49,545 - mylogger - INFO - 选择选项
2018-09-24 09:19:51,984 - mylogger - INFO - 答案正确
2018-09-24 09:19:51,985 - mylogger - INFO - 更新答案
2018-09-24 09:19:53,340 - mylogger - INFO - 本题结束
2018-09-24 09:19:53,342 - mylogger - INFO - 获取题目
2018-09-24 09:19:56,445 - mylogger - INFO - 第 2 题
2018-09-24 09:19:56,790 - mylogger - INFO - “驴打滚”是下面哪个城市的特色小吃？
2018-09-24 09:19:57,965 - mylogger - INFO - ['北京', '重庆', '广州']
2018-09-24 09:19:57,973 - mylogger - INFO - 数据库中检索答案
2018-09-24 09:19:57,975 - mylogger - INFO - 数据中无答案
2018-09-24 09:19:58,859 - mylogger - INFO - 在线检索答案：北京
2018-09-24 09:19:58,860 - mylogger - INFO - 我的答案：北京
2018-09-24 09:19:59,512 - mylogger - INFO - 选择选项
2018-09-24 09:20:01,981 - mylogger - INFO - 答案正确
2018-09-24 09:20:01,982 - mylogger - INFO - 更新答案
2018-09-24 09:20:03,349 - mylogger - INFO - 本题结束
2018-09-24 09:20:03,352 - mylogger - INFO - 获取题目
2018-09-24 09:20:05,193 - mylogger - INFO - 第 3 题
2018-09-24 09:20:05,545 - mylogger - INFO - 在电视机遥控器上，「volume」是表示调节什么的按钮？
2018-09-24 09:20:06,569 - mylogger - INFO - ['音频', '声道', '音量']
2018-09-24 09:20:06,578 - mylogger - INFO - 数据库中检索答案
2018-09-24 09:20:06,580 - mylogger - INFO - 我的答案：音量
2018-09-24 09:20:07,193 - mylogger - INFO - 选择选项
2018-09-24 09:20:09,617 - mylogger - INFO - 答案正确
2018-09-24 09:20:09,619 - mylogger - INFO - 更新答案
2018-09-24 09:20:12,148 - mylogger - INFO - 本题结束
2018-09-24 09:20:12,150 - mylogger - INFO - 获取题目
2018-09-24 09:20:14,058 - mylogger - INFO - 第 4 题
2018-09-24 09:20:14,385 - mylogger - INFO - 以下哪个品牌不是韩国品牌？
2018-09-24 09:20:15,374 - mylogger - INFO - ['IPSA', 'HERA', '兰芝']
2018-09-24 09:20:15,380 - mylogger - INFO - 数据库中检索答案
2018-09-24 09:20:15,387 - mylogger - INFO - 数据中无答案
2018-09-24 09:20:16,254 - mylogger - INFO - 在线检索答案：IPSA
2018-09-24 09:20:16,255 - mylogger - INFO - 我的答案：IPSA
2018-09-24 09:20:16,882 - mylogger - INFO - 选择选项
2018-09-24 09:20:19,281 - mylogger - INFO - 答案正确
2018-09-24 09:20:19,283 - mylogger - INFO - 更新答案
2018-09-24 09:20:21,776 - mylogger - INFO - 本题结束
2018-09-24 09:20:21,779 - mylogger - INFO - 获取题目
2018-09-24 09:20:23,634 - mylogger - INFO - 第 5 题
2018-09-24 09:20:23,974 - mylogger - INFO - 《王者荣耀》中孙悟空西部大嫖客皮肤上正面挂的东西是什么？
2018-09-24 09:20:24,987 - mylogger - INFO - ['辣椒', '香蕉', '宝石']
2018-09-24 09:20:24,995 - mylogger - INFO - 数据库中检索答案
2018-09-24 09:20:24,997 - mylogger - INFO - 数据中无答案
2018-09-24 09:20:25,355 - mylogger - INFO - 在线检索答案：辣椒
2018-09-24 09:20:25,356 - mylogger - INFO - 我的答案：辣椒
2018-09-24 09:20:25,969 - mylogger - INFO - 选择选项
2018-09-24 09:20:28,416 - mylogger - INFO - 答案正确
2018-09-24 09:20:28,418 - mylogger - INFO - 更新答案
2018-09-24 09:20:31,065 - mylogger - INFO - 本题结束
2018-09-24 09:20:31,206 - mylogger - INFO - 本场比赛结束
2018-09-24 09:20:31,496 - mylogger - INFO - 返回游戏页面
2018-09-24 09:20:33,162 - mylogger - INFO - 进入排位赛
2018-09-24 09:20:33,164 - mylogger - INFO - 正在匹配中......
2018-09-24 09:21:28,223 - mylogger - INFO - 匹配成功
2018-09-24 09:21:28,224 - mylogger - INFO - 获取题目
2018-09-24 09:21:31,358 - mylogger - INFO - 第 1 题
2018-09-24 09:21:31,681 - mylogger - INFO - 1909年，世界上第一个航展在下面哪个城市举办？
2018-09-24 09:21:32,693 - mylogger - INFO - ['柏林', '巴黎', '范堡罗']
2018-09-24 09:21:32,702 - mylogger - INFO - 数据库中检索答案
2018-09-24 09:21:32,703 - mylogger - INFO - 数据中无答案
2018-09-24 09:21:33,461 - mylogger - INFO - 在线检索答案：巴黎
2018-09-24 09:21:33,463 - mylogger - INFO - 我的答案：巴黎
2018-09-24 09:21:34,068 - mylogger - INFO - 选择选项
2018-09-24 09:21:36,558 - mylogger - INFO - 答案正确
2018-09-24 09:21:36,560 - mylogger - INFO - 更新答案
2018-09-24 09:21:37,978 - mylogger - INFO - 本题结束
2018-09-24 09:21:37,980 - mylogger - INFO - 获取题目
2018-09-24 09:21:40,970 - mylogger - INFO - 第 2 题
2018-09-24 09:21:41,306 - mylogger - INFO - 和Ag+生成沉淀然后溶解的是：
2018-09-24 09:21:42,261 - mylogger - INFO - ['KBr', 'NaCL', 'NH3·H2O']
2018-09-24 09:21:42,269 - mylogger - INFO - 数据库中检索答案
2018-09-24 09:21:42,269 - mylogger - INFO - 数据中无答案
2018-09-24 09:21:43,502 - mylogger - INFO - 在线检索答案：KBr
2018-09-24 09:21:43,503 - mylogger - INFO - 我的答案：KBr
2018-09-24 09:21:44,117 - mylogger - INFO - 选择选项
2018-09-24 09:21:46,610 - mylogger - INFO - 答案错误
2018-09-24 09:21:46,894 - mylogger - INFO - 正确答案；NH3·H2O
2018-09-24 09:21:46,895 - mylogger - INFO - 更新答案
2018-09-24 09:21:49,506 - mylogger - INFO - 本题结束
2018-09-24 09:21:49,508 - mylogger - INFO - 获取题目
2018-09-24 09:21:52,606 - mylogger - INFO - 第 3 题
2018-09-24 09:21:52,914 - mylogger - INFO - 以下哪一位女明星没有出演冯小刚导演的电影《芳华》？
2018-09-24 09:21:53,830 - mylogger - INFO - ['苗苗', '钟楚曦', '许晴']
2018-09-24 09:21:53,838 - mylogger - INFO - 数据库中检索答案
2018-09-24 09:21:53,840 - mylogger - INFO - 数据中无答案
2018-09-24 09:21:55,056 - mylogger - INFO - 在线检索答案：苗苗
2018-09-24 09:21:55,058 - mylogger - INFO - 我的答案：苗苗
2018-09-24 09:21:55,651 - mylogger - INFO - 选择选项
2018-09-24 09:21:58,110 - mylogger - INFO - 答案错误
2018-09-24 09:21:58,367 - mylogger - INFO - 正确答案；许晴
2018-09-24 09:21:58,368 - mylogger - INFO - 更新答案
2018-09-24 09:21:58,637 - mylogger - INFO - 本题结束
2018-09-24 09:21:58,639 - mylogger - INFO - 获取题目
2018-09-24 09:22:01,787 - mylogger - INFO - 第 4 题
2018-09-24 09:22:02,098 - mylogger - INFO - 余文乐参演过以下哪部电影？
2018-09-24 09:22:03,107 - mylogger - INFO - ['无问西东', '无间道3', '悟空传']
2018-09-24 09:22:03,114 - mylogger - INFO - 数据库中检索答案
2018-09-24 09:22:03,115 - mylogger - INFO - 数据中无答案
2018-09-24 09:22:04,386 - mylogger - INFO - 在线检索答案：
2018-09-24 09:22:04,387 - mylogger - INFO - 我的答案：无问西东
2018-09-24 09:22:04,998 - mylogger - INFO - 选择选项
2018-09-24 09:22:07,427 - mylogger - INFO - 答案错误
2018-09-24 09:22:07,646 - mylogger - INFO - 正确答案；悟空传
2018-09-24 09:22:07,647 - mylogger - INFO - 更新答案
2018-09-24 09:22:08,933 - mylogger - INFO - 本题结束
2018-09-24 09:22:08,935 - mylogger - INFO - 获取题目
2018-09-24 09:22:10,730 - mylogger - INFO - 第 5 题
2018-09-24 09:22:11,067 - mylogger - INFO - 我国第一部在国际电影节上获奖的影片是
2018-09-24 09:22:12,083 - mylogger - INFO - ['《渔光曲》', '《冲出亚马逊》', '《红高粱》']
2018-09-24 09:22:12,092 - mylogger - INFO - 数据库中检索答案
2018-09-24 09:22:12,095 - mylogger - INFO - 数据中无答案
2018-09-24 09:22:13,393 - mylogger - INFO - 在线检索答案：《渔光曲》
2018-09-24 09:22:13,394 - mylogger - INFO - 我的答案：《渔光曲》
2018-09-24 09:22:13,998 - mylogger - INFO - 选择选项
2018-09-24 09:22:16,455 - mylogger - INFO - 答案正确
2018-09-24 09:22:16,456 - mylogger - INFO - 更新答案
2018-09-24 09:22:21,129 - mylogger - INFO - 本题结束
2018-09-24 09:22:21,287 - mylogger - INFO - 本场比赛结束
2018-09-24 09:22:21,551 - mylogger - INFO - 返回游戏页面
2018-09-24 09:22:23,142 - mylogger - INFO - 进入排位赛
2018-09-24 09:22:23,143 - mylogger - INFO - 正在匹配中......
2018-09-24 09:22:34,816 - mylogger - INFO - 匹配成功
2018-09-24 09:22:34,817 - mylogger - INFO - 获取题目
2018-09-24 09:22:37,941 - mylogger - INFO - 第 1 题
2018-09-24 09:22:38,276 - mylogger - INFO - 《不扩散核武器条约》的有效期为多少年？
2018-09-24 09:22:39,251 - mylogger - INFO - ['25年', '20年', '15年']
2018-09-24 09:22:39,258 - mylogger - INFO - 数据库中检索答案
2018-09-24 09:22:39,261 - mylogger - INFO - 数据中无答案
2018-09-24 09:22:40,122 - mylogger - INFO - 在线检索答案：20年
2018-09-24 09:22:40,123 - mylogger - INFO - 我的答案：20年
2018-09-24 09:22:40,725 - mylogger - INFO - 选择选项
2018-09-24 09:22:43,158 - mylogger - INFO - 答案错误
2018-09-24 09:22:43,339 - mylogger - INFO - 正确答案；25年
2018-09-24 09:22:43,344 - mylogger - INFO - 更新答案
2018-09-24 09:22:43,629 - mylogger - INFO - 本题结束
2018-09-24 09:22:43,632 - mylogger - INFO - 获取题目
2018-09-24 09:22:46,684 - mylogger - INFO - 第 2 题
2018-09-24 09:22:47,036 - mylogger - INFO - “阿姆斯特丹攻击”（Amsterdam Attack）是什么？
2018-09-24 09:22:48,024 - mylogger - INFO - ['是国际象棋的一个布局', '是一部获奖电影的名字', '是拳击比赛的一种招术']
2018-09-24 09:22:48,034 - mylogger - INFO - 数据库中检索答案
2018-09-24 09:22:48,042 - mylogger - INFO - 数据中无答案
2018-09-24 09:22:49,256 - mylogger - INFO - 在线检索答案：是国际象棋的一个布局
2018-09-24 09:22:49,257 - mylogger - INFO - 我的答案：是国际象棋的一个布局
2018-09-24 09:22:49,884 - mylogger - INFO - 选择选项
2018-09-24 09:22:52,311 - mylogger - INFO - 答案正确
2018-09-24 09:22:52,313 - mylogger - INFO - 更新答案
2018-09-24 09:22:53,594 - mylogger - INFO - 本题结束
2018-09-24 09:22:53,597 - mylogger - INFO - 获取题目
2018-09-24 09:22:55,393 - mylogger - INFO - 第 3 题
2018-09-24 09:22:55,761 - mylogger - INFO - 在电视剧《吸血鬼日记》中，斯特凡和达蒙是被谁变成吸血鬼的？
2018-09-24 09:22:56,849 - mylogger - INFO - ['伊利亚', '凯瑟琳', '克劳斯']
2018-09-24 09:22:56,857 - mylogger - INFO - 数据库中检索答案
2018-09-24 09:22:56,863 - mylogger - INFO - 数据中无答案
2018-09-24 09:22:57,752 - mylogger - INFO - 在线检索答案：
2018-09-24 09:22:57,753 - mylogger - INFO - 我的答案：伊利亚
2018-09-24 09:22:58,348 - mylogger - INFO - 选择选项
2018-09-24 09:23:00,784 - mylogger - INFO - 答案错误
2018-09-24 09:23:00,915 - mylogger - INFO - 正确答案；凯瑟琳
2018-09-24 09:23:00,916 - mylogger - INFO - 更新答案
2018-09-24 09:23:03,400 - mylogger - INFO - 本题结束
2018-09-24 09:23:03,402 - mylogger - INFO - 获取题目
2018-09-24 09:23:05,249 - mylogger - INFO - 第 4 题
2018-09-24 09:23:05,545 - mylogger - INFO - 谁提出光子说，并成功解释了光电效应规律？
2018-09-24 09:23:06,561 - mylogger - INFO - ['布鲁克斯', '纳森', '爱因斯坦']
2018-09-24 09:23:06,569 - mylogger - INFO - 数据库中检索答案
2018-09-24 09:23:06,570 - mylogger - INFO - 数据中无答案
2018-09-24 09:23:07,370 - mylogger - INFO - 在线检索答案：爱因斯坦
2018-09-24 09:23:07,372 - mylogger - INFO - 我的答案：爱因斯坦
2018-09-24 09:23:08,030 - mylogger - INFO - 选择选项
2018-09-24 09:23:10,484 - mylogger - INFO - 答案正确
2018-09-24 09:23:10,486 - mylogger - INFO - 更新答案
2018-09-24 09:23:11,820 - mylogger - INFO - 本题结束
2018-09-24 09:23:11,822 - mylogger - INFO - 获取题目
2018-09-24 09:23:15,038 - mylogger - INFO - 第 5 题
2018-09-24 09:23:15,333 - mylogger - INFO - 哪个词汇不是指春节期间长辈送给晚辈的礼金？
2018-09-24 09:23:16,302 - mylogger - INFO - ['红包', '岁金', '利市']
2018-09-24 09:23:16,310 - mylogger - INFO - 数据库中检索答案
2018-09-24 09:23:16,312 - mylogger - INFO - 数据中无答案
2018-09-24 09:23:17,102 - mylogger - INFO - 在线检索答案：岁金
2018-09-24 09:23:17,104 - mylogger - INFO - 我的答案：岁金
2018-09-24 09:23:17,767 - mylogger - INFO - 选择选项
2018-09-24 09:23:20,194 - mylogger - INFO - 答案正确
2018-09-24 09:23:20,196 - mylogger - INFO - 更新答案
2018-09-24 09:23:22,657 - mylogger - INFO - 本题结束
2018-09-24 09:23:22,813 - mylogger - INFO - 本场比赛结束
2018-09-24 09:23:23,110 - mylogger - INFO - 返回游戏页面
2018-09-24 09:23:24,711 - mylogger - INFO - 进入排位赛
2018-09-24 09:23:24,713 - mylogger - INFO - 正在匹配中......
2018-09-24 09:24:25,694 - mylogger - WARNING - 匹配失败
2018-09-24 09:24:25,979 - mylogger - INFO - 返回游戏页面
2018-09-24 09:24:27,596 - mylogger - INFO - 进入排位赛
2018-09-24 09:24:27,598 - mylogger - INFO - 正在匹配中......
2018-09-24 09:25:08,819 - mylogger - INFO - 匹配成功
2018-09-24 09:25:08,820 - mylogger - INFO - 获取题目
2018-09-24 09:25:12,078 - mylogger - INFO - 第 1 题
2018-09-24 09:25:12,414 - mylogger - INFO - 女子 100 米跨栏中，栏与栏之间相等的栏间距是多少？
2018-09-24 09:25:13,427 - mylogger - INFO - ['7.5 米', '8.0 米', '8.5 米']
2018-09-24 09:25:13,434 - mylogger - INFO - 数据库中检索答案
2018-09-24 09:25:13,435 - mylogger - INFO - 数据中无答案
2018-09-24 09:25:15,067 - mylogger - INFO - 在线检索答案：
2018-09-24 09:25:15,068 - mylogger - INFO - 我的答案：7.5 米
2018-09-24 09:25:15,658 - mylogger - INFO - 选择选项
2018-09-24 09:25:18,063 - mylogger - INFO - 答案错误
2018-09-24 09:25:18,331 - mylogger - INFO - 正确答案；8.5 米
2018-09-24 09:25:18,332 - mylogger - INFO - 更新答案
2018-09-24 09:25:20,871 - mylogger - INFO - 本题结束
2018-09-24 09:25:20,874 - mylogger - INFO - 获取题目
2018-09-24 09:25:22,681 - mylogger - INFO - 第 2 题
2018-09-24 09:25:23,015 - mylogger - INFO - 下面星座中哪个是与狮子座相邻的星座？
2018-09-24 09:25:23,952 - mylogger - INFO - ['巨蟹座', '猎户座', '金牛座']
2018-09-24 09:25:23,959 - mylogger - INFO - 数据库中检索答案
2018-09-24 09:25:23,962 - mylogger - INFO - 数据中无答案
2018-09-24 09:25:24,891 - mylogger - INFO - 在线检索答案：金牛座
2018-09-24 09:25:24,892 - mylogger - INFO - 我的答案：金牛座
2018-09-24 09:25:25,514 - mylogger - INFO - 选择选项
2018-09-24 09:25:28,007 - mylogger - INFO - 答案错误
2018-09-24 09:25:28,128 - mylogger - INFO - 正确答案；巨蟹座
2018-09-24 09:25:28,129 - mylogger - INFO - 更新答案
2018-09-24 09:25:29,425 - mylogger - INFO - 本题结束
2018-09-24 09:25:29,426 - mylogger - INFO - 获取题目
2018-09-24 09:25:32,495 - mylogger - INFO - 第 3 题
2018-09-24 09:25:32,812 - mylogger - INFO - 在电影《超人总动员》中，谁没有超能力？
2018-09-24 09:25:33,800 - mylogger - INFO - ['巴小倩', '巴小杰', '超劲先生']
2018-09-24 09:25:33,808 - mylogger - INFO - 数据库中检索答案
2018-09-24 09:25:33,810 - mylogger - INFO - 我的答案：超劲先生
2018-09-24 09:25:34,423 - mylogger - INFO - 选择选项
2018-09-24 09:25:36,822 - mylogger - INFO - 答案正确
2018-09-24 09:25:36,824 - mylogger - INFO - 更新答案
2018-09-24 09:25:40,489 - mylogger - INFO - 本题结束
2018-09-24 09:25:40,491 - mylogger - INFO - 获取题目
2018-09-24 09:25:42,340 - mylogger - INFO - 第 4 题
2018-09-24 09:25:42,708 - mylogger - INFO - 金饰品中，12K的含义是什么？
2018-09-24 09:25:43,616 - mylogger - INFO - ['金饰含纯金12%', '金饰含纯金50%', '金饰含纯金75%']
2018-09-24 09:25:43,624 - mylogger - INFO - 数据库中检索答案
2018-09-24 09:25:43,628 - mylogger - INFO - 我的答案：金饰含纯金50%
2018-09-24 09:25:44,271 - mylogger - INFO - 选择选项
2018-09-24 09:25:46,675 - mylogger - INFO - 答案正确
2018-09-24 09:25:46,677 - mylogger - INFO - 更新答案
2018-09-24 09:25:51,510 - mylogger - INFO - 本题结束
2018-09-24 09:25:51,512 - mylogger - INFO - 获取题目
2018-09-24 09:25:53,316 - mylogger - INFO - 第 5 题
2018-09-24 09:25:53,660 - mylogger - INFO - 在整体型邮政专用汽车车体两侧标注中国邮政徽标的图形颜色为
2018-09-24 09:25:54,640 - mylogger - INFO - ['绿色', '黄色', '白色']
2018-09-24 09:25:54,647 - mylogger - INFO - 数据库中检索答案
2018-09-24 09:25:54,653 - mylogger - INFO - 数据中无答案
2018-09-24 09:25:56,347 - mylogger - INFO - 在线检索答案：绿色
2018-09-24 09:25:56,349 - mylogger - INFO - 我的答案：绿色
2018-09-24 09:25:57,052 - mylogger - INFO - 选择选项
2018-09-24 09:25:59,466 - mylogger - INFO - 答案错误
2018-09-24 09:25:59,713 - mylogger - INFO - 正确答案；黄色
2018-09-24 09:25:59,714 - mylogger - INFO - 更新答案
2018-09-24 09:25:59,940 - mylogger - INFO - 本题结束
2018-09-24 09:26:00,104 - mylogger - INFO - 本场比赛结束
2018-09-24 09:26:00,388 - mylogger - INFO - 返回游戏页面
2018-09-24 09:26:01,946 - mylogger - INFO - 进入排位赛
2018-09-24 09:26:01,948 - mylogger - INFO - 正在匹配中......
2018-09-24 09:26:33,539 - mylogger - INFO - 匹配成功
2018-09-24 09:26:33,541 - mylogger - INFO - 获取题目
2018-09-24 09:26:37,033 - mylogger - INFO - 第 1 题
2018-09-24 09:26:37,322 - mylogger - INFO - 蜘蛛是从哪里吐出蜘蛛丝的？
2018-09-24 09:26:38,174 - mylogger - INFO - ['后腿上', '腹部尾端', '嘴里']
2018-09-24 09:26:38,182 - mylogger - INFO - 数据库中检索答案
2018-09-24 09:26:38,184 - mylogger - INFO - 数据中无答案
2018-09-24 09:26:38,942 - mylogger - INFO - 在线检索答案：嘴里
2018-09-24 09:26:38,943 - mylogger - INFO - 我的答案：嘴里
2018-09-24 09:26:39,610 - mylogger - INFO - 选择选项
2018-09-24 09:26:42,068 - mylogger - INFO - 答案错误
2018-09-24 09:26:42,337 - mylogger - INFO - 正确答案；腹部尾端
2018-09-24 09:26:42,339 - mylogger - INFO - 更新答案
2018-09-24 09:26:42,531 - mylogger - INFO - 本题结束
2018-09-24 09:26:42,533 - mylogger - INFO - 获取题目
2018-09-24 09:26:45,518 - mylogger - INFO - 第 2 题
2018-09-24 09:26:45,851 - mylogger - INFO - “生于忧患，死于安乐”出自那本书?
2018-09-24 09:26:46,786 - mylogger - INFO - ['《孟子》', '《论语》', '《中庸》']
2018-09-24 09:26:46,796 - mylogger - INFO - 数据库中检索答案
2018-09-24 09:26:46,797 - mylogger - INFO - 数据中无答案
2018-09-24 09:26:47,648 - mylogger - INFO - 在线检索答案：《孟子》
2018-09-24 09:26:47,650 - mylogger - INFO - 我的答案：《孟子》
2018-09-24 09:26:48,258 - mylogger - INFO - 选择选项
2018-09-24 09:26:50,678 - mylogger - INFO - 答案正确
2018-09-24 09:26:50,679 - mylogger - INFO - 更新答案
2018-09-24 09:26:52,153 - mylogger - INFO - 本题结束
2018-09-24 09:26:52,156 - mylogger - INFO - 获取题目
2018-09-24 09:26:53,979 - mylogger - INFO - 第 3 题
2018-09-24 09:26:54,314 - mylogger - INFO - 电影《驴得水》的主题曲是什么？
2018-09-24 09:26:55,223 - mylogger - INFO - ['《驴得水》', '《我要你》', '《我要》']
2018-09-24 09:26:55,231 - mylogger - INFO - 数据库中检索答案
2018-09-24 09:26:55,233 - mylogger - INFO - 数据中无答案
2018-09-24 09:26:56,070 - mylogger - INFO - 在线检索答案：《驴得水》
2018-09-24 09:26:56,071 - mylogger - INFO - 我的答案：《驴得水》
2018-09-24 09:26:56,674 - mylogger - INFO - 选择选项
2018-09-24 09:26:59,218 - mylogger - INFO - 答案错误
2018-09-24 09:26:59,383 - mylogger - INFO - 正确答案；《我要你》
2018-09-24 09:26:59,384 - mylogger - INFO - 更新答案
2018-09-24 09:27:02,989 - mylogger - INFO - 本题结束
2018-09-24 09:27:02,992 - mylogger - INFO - 获取题目
2018-09-24 09:27:04,889 - mylogger - INFO - 第 4 题
2018-09-24 09:27:05,259 - mylogger - INFO - 德军进攻波兰的计划名字为？
2018-09-24 09:27:06,279 - mylogger - INFO - ['蓝色方案', '黄色方案', '白色方案']
2018-09-24 09:27:06,286 - mylogger - INFO - 数据库中检索答案
2018-09-24 09:27:06,289 - mylogger - INFO - 数据中无答案
2018-09-24 09:27:07,104 - mylogger - INFO - 在线检索答案：白色方案
2018-09-24 09:27:07,105 - mylogger - INFO - 我的答案：白色方案
2018-09-24 09:27:07,663 - mylogger - INFO - 选择选项
2018-09-24 09:27:10,166 - mylogger - INFO - 答案正确
2018-09-24 09:27:10,168 - mylogger - INFO - 更新答案
2018-09-24 09:27:14,952 - mylogger - INFO - 本题结束
2018-09-24 09:27:14,954 - mylogger - INFO - 获取题目
2018-09-24 09:27:17,980 - mylogger - INFO - 第 5 题
2018-09-24 09:27:18,276 - mylogger - INFO - 独角戏约产生于哪一年代？
2018-09-24 09:27:19,172 - mylogger - INFO - ['19世纪90年代', '20世纪40年代', '20世纪20年代']
2018-09-24 09:27:19,179 - mylogger - INFO - 数据库中检索答案
2018-09-24 09:27:19,180 - mylogger - INFO - 数据中无答案
2018-09-24 09:27:19,598 - mylogger - INFO - 在线检索答案：20世纪20年代
2018-09-24 09:27:19,599 - mylogger - INFO - 我的答案：20世纪20年代
2018-09-24 09:27:20,253 - mylogger - INFO - 选择选项
2018-09-24 09:27:22,782 - mylogger - INFO - 答案正确
2018-09-24 09:27:22,784 - mylogger - INFO - 更新答案
2018-09-24 09:27:26,228 - mylogger - INFO - 本题结束
2018-09-24 09:27:26,375 - mylogger - INFO - 本场比赛结束
2018-09-24 09:27:26,648 - mylogger - INFO - 返回游戏页面
2018-09-24 09:27:33,303 - mylogger - INFO - 进入排位赛
2018-09-24 09:27:33,303 - mylogger - INFO - 正在匹配中......
2018-09-24 09:28:33,823 - mylogger - WARNING - 匹配失败
2018-09-24 09:28:34,116 - mylogger - INFO - 返回游戏页面
2018-09-24 09:28:35,678 - mylogger - INFO - 进入排位赛
2018-09-24 09:28:35,679 - mylogger - INFO - 正在匹配中......
2018-09-24 09:28:47,418 - mylogger - INFO - 匹配成功
2018-09-24 09:28:47,419 - mylogger - INFO - 获取题目
2018-09-24 09:28:50,475 - mylogger - INFO - 第 1 题
2018-09-24 09:28:50,807 - mylogger - INFO - 正月十五在汉魏之时受什么影响变为民俗节日？
2018-09-24 09:28:51,797 - mylogger - INFO - ['皇帝支持', '道教产生', '佛教传入']
2018-09-24 09:28:51,805 - mylogger - INFO - 数据库中检索答案
2018-09-24 09:28:51,808 - mylogger - INFO - 数据中无答案
2018-09-24 09:28:53,099 - mylogger - INFO - 在线检索答案：
2018-09-24 09:28:53,101 - mylogger - INFO - 我的答案：皇帝支持
2018-09-24 09:28:53,726 - mylogger - INFO - 选择选项
2018-09-24 09:28:56,138 - mylogger - INFO - 答案错误
2018-09-24 09:28:56,375 - mylogger - INFO - 正确答案；佛教传入
2018-09-24 09:28:56,377 - mylogger - INFO - 更新答案
2018-09-24 09:28:57,674 - mylogger - INFO - 本题结束
2018-09-24 09:28:57,676 - mylogger - INFO - 获取题目
2018-09-24 09:28:59,617 - mylogger - INFO - 第 2 题
2018-09-24 09:28:59,949 - mylogger - INFO - 下面金属中哪一个活性最强？
2018-09-24 09:29:00,973 - mylogger - INFO - ['锡', '铅', '汞']
2018-09-24 09:29:00,983 - mylogger - INFO - 数据库中检索答案
2018-09-24 09:29:00,985 - mylogger - INFO - 数据中无答案
2018-09-24 09:29:03,093 - mylogger - INFO - 在线检索答案：锡
2018-09-24 09:29:03,094 - mylogger - INFO - 我的答案：锡
2018-09-24 09:29:03,716 - mylogger - INFO - 选择选项
2018-09-24 09:29:06,144 - mylogger - INFO - 答案正确
2018-09-24 09:29:06,146 - mylogger - INFO - 更新答案
2018-09-24 09:29:07,627 - mylogger - INFO - 本题结束
2018-09-24 09:29:07,628 - mylogger - INFO - 获取题目
2018-09-24 09:29:09,464 - mylogger - INFO - 第 3 题
2018-09-24 09:29:09,781 - mylogger - INFO - 苔藓植物在进化过程中成为一盲枝是因为
2018-09-24 09:29:10,813 - mylogger - INFO - ['它们无真正的根', '它们的维管组织发育不良', '在生活史中配子体占优势']
2018-09-24 09:29:10,824 - mylogger - INFO - 数据库中检索答案
2018-09-24 09:29:10,825 - mylogger - INFO - 数据中无答案
2018-09-24 09:29:12,535 - mylogger - INFO - 在线检索答案：它们无真正的根
2018-09-24 09:29:12,536 - mylogger - INFO - 我的答案：它们无真正的根
2018-09-24 09:29:13,147 - mylogger - INFO - 选择选项
2018-09-24 09:29:15,616 - mylogger - INFO - 答案错误
2018-09-24 09:29:15,903 - mylogger - INFO - 正确答案；在生活史中配子体占优势
2018-09-24 09:29:15,904 - mylogger - INFO - 更新答案
2018-09-24 09:29:16,153 - mylogger - INFO - 本题结束
2018-09-24 09:29:16,155 - mylogger - INFO - 获取题目
2018-09-24 09:29:19,097 - mylogger - INFO - 第 4 题
2018-09-24 09:29:19,433 - mylogger - INFO - A4纸尺寸是多少？
2018-09-24 09:29:20,356 - mylogger - INFO - ['210*297', '210*285', '195*270']
2018-09-24 09:29:20,363 - mylogger - INFO - 数据库中检索答案
2018-09-24 09:29:20,365 - mylogger - INFO - 数据中无答案
2018-09-24 09:29:21,158 - mylogger - INFO - 在线检索答案：
2018-09-24 09:29:21,159 - mylogger - INFO - 我的答案：210*297
2018-09-24 09:29:21,746 - mylogger - INFO - 选择选项
2018-09-24 09:29:24,180 - mylogger - INFO - 答案正确
2018-09-24 09:29:24,181 - mylogger - INFO - 更新答案
2018-09-24 09:29:25,561 - mylogger - INFO - 本题结束
2018-09-24 09:29:25,563 - mylogger - INFO - 获取题目
2018-09-24 09:29:27,417 - mylogger - INFO - 第 5 题
2018-09-24 09:29:27,749 - mylogger - INFO - “就算是一条底裤,一张厕纸,都有它的用处”出自哪部电影？
2018-09-24 09:29:28,789 - mylogger - INFO - ['喜剧之王', '国产凌凌漆', '长江7号']
2018-09-24 09:29:28,799 - mylogger - INFO - 数据库中检索答案
2018-09-24 09:29:28,801 - mylogger - INFO - 数据中无答案
2018-09-24 09:29:30,071 - mylogger - INFO - 在线检索答案：国产凌凌漆
2018-09-24 09:29:30,072 - mylogger - INFO - 我的答案：国产凌凌漆
2018-09-24 09:29:30,654 - mylogger - INFO - 选择选项
2018-09-24 09:29:33,160 - mylogger - INFO - 答案正确
2018-09-24 09:29:33,162 - mylogger - INFO - 更新答案
2018-09-24 09:29:34,538 - mylogger - INFO - 本题结束
2018-09-24 09:29:34,658 - mylogger - INFO - 本场比赛结束
2018-09-24 09:29:34,918 - mylogger - INFO - 返回游戏页面
2018-09-24 09:29:36,515 - mylogger - INFO - 进入排位赛
2018-09-24 09:29:36,516 - mylogger - INFO - 正在匹配中......
2018-09-24 09:29:57,322 - mylogger - INFO - 匹配成功
2018-09-24 09:29:57,324 - mylogger - INFO - 获取题目
2018-09-24 09:30:00,447 - mylogger - INFO - 第 1 题
2018-09-24 09:30:00,750 - mylogger - INFO - 《阿拉丁神灯》改编自哪部童话故事书中的故事？
2018-09-24 09:30:01,702 - mylogger - INFO - ['安徒生童话', '伊索寓言', '一千零一夜']
2018-09-24 09:30:01,711 - mylogger - INFO - 数据库中检索答案
2018-09-24 09:30:01,714 - mylogger - INFO - 数据中无答案
2018-09-24 09:30:02,622 - mylogger - INFO - 在线检索答案：一千零一夜
2018-09-24 09:30:02,624 - mylogger - INFO - 我的答案：一千零一夜
2018-09-24 09:30:03,265 - mylogger - INFO - 选择选项
2018-09-24 09:30:05,750 - mylogger - INFO - 答案正确
2018-09-24 09:30:05,751 - mylogger - INFO - 更新答案
2018-09-24 09:30:07,110 - mylogger - INFO - 本题结束
2018-09-24 09:30:07,112 - mylogger - INFO - 获取题目
2018-09-24 09:30:08,960 - mylogger - INFO - 第 2 题
2018-09-24 09:30:09,399 - mylogger - INFO - 咖啡的故乡是哪里?
2018-09-24 09:30:10,314 - mylogger - INFO - ['非洲', '美洲', '大洋洲']
2018-09-24 09:30:10,322 - mylogger - INFO - 数据库中检索答案
2018-09-24 09:30:10,324 - mylogger - INFO - 数据中无答案
2018-09-24 09:30:11,014 - mylogger - INFO - 在线检索答案：非洲
2018-09-24 09:30:11,016 - mylogger - INFO - 我的答案：非洲
2018-09-24 09:30:11,682 - mylogger - INFO - 选择选项
2018-09-24 09:30:14,168 - mylogger - INFO - 答案正确
2018-09-24 09:30:14,169 - mylogger - INFO - 更新答案
2018-09-24 09:30:15,558 - mylogger - INFO - 本题结束
2018-09-24 09:30:15,560 - mylogger - INFO - 获取题目
2018-09-24 09:30:17,385 - mylogger - INFO - 第 3 题
2018-09-24 09:30:17,693 - mylogger - INFO - 下列哪位艺人不是湖南籍？
2018-09-24 09:30:18,611 - mylogger - INFO - ['张艺兴', '李宇春', '王栎鑫']
2018-09-24 09:30:18,619 - mylogger - INFO - 数据库中检索答案
2018-09-24 09:30:18,621 - mylogger - INFO - 数据中无答案
2018-09-24 09:30:20,108 - mylogger - INFO - 在线检索答案：张艺兴
2018-09-24 09:30:20,109 - mylogger - INFO - 我的答案：张艺兴
2018-09-24 09:30:20,774 - mylogger - INFO - 选择选项
2018-09-24 09:30:23,245 - mylogger - INFO - 答案错误
2018-09-24 09:30:23,397 - mylogger - INFO - 正确答案；李宇春
2018-09-24 09:30:23,399 - mylogger - INFO - 更新答案
2018-09-24 09:30:24,790 - mylogger - INFO - 本题结束
2018-09-24 09:30:24,793 - mylogger - INFO - 获取题目
2018-09-24 09:30:26,652 - mylogger - INFO - 第 4 题
2018-09-24 09:30:26,956 - mylogger - INFO - 以下哪一首歌，不是歌手方大同的作品？
2018-09-24 09:30:28,043 - mylogger - INFO - ['《异类》', '《千纸鹤》', '《三人游》']
2018-09-24 09:30:28,052 - mylogger - INFO - 数据库中检索答案
2018-09-24 09:30:28,054 - mylogger - INFO - 数据中无答案
2018-09-24 09:30:28,949 - mylogger - INFO - 在线检索答案：《异类》
2018-09-24 09:30:28,950 - mylogger - INFO - 我的答案：《异类》
2018-09-24 09:30:29,524 - mylogger - INFO - 选择选项
2018-09-24 09:30:31,957 - mylogger - INFO - 答案正确
2018-09-24 09:30:31,958 - mylogger - INFO - 更新答案
2018-09-24 09:30:33,302 - mylogger - INFO - 本题结束
2018-09-24 09:30:33,304 - mylogger - INFO - 获取题目
2018-09-24 09:30:35,244 - mylogger - INFO - 第 5 题
2018-09-24 09:30:35,537 - mylogger - INFO - 2002 年度国家最高科技奖颁给了谁？
2018-09-24 09:30:36,552 - mylogger - INFO - ['王选', '金怡濂', '黄昆']
2018-09-24 09:30:36,562 - mylogger - INFO - 数据库中检索答案
2018-09-24 09:30:36,564 - mylogger - INFO - 数据中无答案
2018-09-24 09:30:37,907 - mylogger - INFO - 在线检索答案：金怡濂
2018-09-24 09:30:37,908 - mylogger - INFO - 我的答案：金怡濂
2018-09-24 09:30:38,560 - mylogger - INFO - 选择选项
2018-09-24 09:30:40,992 - mylogger - INFO - 答案正确
2018-09-24 09:30:40,993 - mylogger - INFO - 更新答案
2018-09-24 09:30:43,444 - mylogger - INFO - 本题结束
2018-09-24 09:30:43,565 - mylogger - INFO - 本场比赛结束
2018-09-24 09:30:43,825 - mylogger - INFO - 返回游戏页面
2018-09-24 09:30:45,358 - mylogger - INFO - 进入排位赛
2018-09-24 09:30:45,360 - mylogger - INFO - 正在匹配中......
2018-09-24 09:31:45,891 - mylogger - WARNING - 匹配失败
2018-09-24 09:31:46,180 - mylogger - INFO - 返回游戏页面
2018-09-24 09:31:47,715 - mylogger - INFO - 进入排位赛
2018-09-24 09:31:47,717 - mylogger - INFO - 正在匹配中......
2018-09-24 09:32:48,051 - mylogger - WARNING - 匹配失败
2018-09-24 09:32:48,345 - mylogger - INFO - 返回游戏页面
2018-09-24 09:32:49,894 - mylogger - INFO - 进入排位赛
2018-09-24 09:32:49,895 - mylogger - INFO - 正在匹配中......
2018-09-24 09:33:07,179 - mylogger - INFO - 匹配成功
2018-09-24 09:33:07,180 - mylogger - INFO - 获取题目
2018-09-24 09:33:10,252 - mylogger - INFO - 第 1 题
2018-09-24 09:33:10,559 - mylogger - INFO - 歌曲《有可能的夜晚》的原唱歌手是谁？
2018-09-24 09:33:11,511 - mylogger - INFO - ['周笔畅', '曾轶可', '田馥甄']
2018-09-24 09:33:11,555 - mylogger - INFO - 数据库中检索答案
2018-09-24 09:33:11,557 - mylogger - INFO - 数据中无答案
2018-09-24 09:33:12,395 - mylogger - INFO - 在线检索答案：曾轶可
2018-09-24 09:33:12,396 - mylogger - INFO - 我的答案：曾轶可
2018-09-24 09:33:12,950 - mylogger - INFO - 选择选项
2018-09-24 09:33:15,430 - mylogger - INFO - 答案正确
2018-09-24 09:33:15,431 - mylogger - INFO - 更新答案
2018-09-24 09:33:17,939 - mylogger - INFO - 本题结束
2018-09-24 09:33:17,941 - mylogger - INFO - 获取题目
2018-09-24 09:33:19,872 - mylogger - INFO - 第 2 题
2018-09-24 09:33:20,199 - mylogger - INFO - 我国生产的M99式重型狙击步枪的口径是？
2018-09-24 09:33:21,143 - mylogger - INFO - ['7.62毫米', '14.5毫米', '12.7毫米']
2018-09-24 09:33:21,152 - mylogger - INFO - 数据库中检索答案
2018-09-24 09:33:21,153 - mylogger - INFO - 数据中无答案
2018-09-24 09:33:22,113 - mylogger - INFO - 在线检索答案：12.7毫米
2018-09-24 09:33:22,114 - mylogger - INFO - 我的答案：12.7毫米
2018-09-24 09:33:22,690 - mylogger - INFO - 选择选项
2018-09-24 09:33:25,102 - mylogger - INFO - 答案正确
2018-09-24 09:33:25,103 - mylogger - INFO - 更新答案
2018-09-24 09:33:27,684 - mylogger - INFO - 本题结束
2018-09-24 09:33:27,686 - mylogger - INFO - 获取题目
2018-09-24 09:33:29,575 - mylogger - INFO - 第 3 题
2018-09-24 09:33:29,915 - mylogger - INFO - 我们的“猴”这个属相，柯尔克孜族是用什么动物代替的？
2018-09-24 09:33:30,896 - mylogger - INFO - ['鱼', '狐狸', '鹰']
2018-09-24 09:33:30,904 - mylogger - INFO - 数据库中检索答案
2018-09-24 09:33:30,906 - mylogger - INFO - 我的答案：狐狸
2018-09-24 09:33:31,591 - mylogger - INFO - 选择选项
2018-09-24 09:33:34,037 - mylogger - INFO - 答案正确
2018-09-24 09:33:34,039 - mylogger - INFO - 更新答案
2018-09-24 09:33:35,343 - mylogger - INFO - 本题结束
2018-09-24 09:33:35,345 - mylogger - INFO - 获取题目
2018-09-24 09:33:37,224 - mylogger - INFO - 第 4 题
2018-09-24 09:33:37,541 - mylogger - INFO - 蚂蚁金服上线的首家无人体验店是？
2018-09-24 09:33:38,632 - mylogger - INFO - ['CCOOP酷铺', 'WithAnt', 'Amazon Go']
2018-09-24 09:33:38,641 - mylogger - INFO - 数据库中检索答案
2018-09-24 09:33:38,643 - mylogger - INFO - 数据中无答案
2018-09-24 09:33:39,500 - mylogger - INFO - 在线检索答案：WithAnt
2018-09-24 09:33:39,502 - mylogger - INFO - 我的答案：WithAnt
2018-09-24 09:33:40,080 - mylogger - INFO - 选择选项
2018-09-24 09:33:42,562 - mylogger - INFO - 答案正确
2018-09-24 09:33:42,563 - mylogger - INFO - 更新答案
2018-09-24 09:33:47,265 - mylogger - INFO - 本题结束
2018-09-24 09:33:47,266 - mylogger - INFO - 获取题目
2018-09-24 09:33:50,332 - mylogger - INFO - 第 5 题
2018-09-24 09:33:50,634 - mylogger - INFO - 在计算机中，一个字长的二进制位数是：
2018-09-24 09:33:51,579 - mylogger - INFO - ['32', '16', '随CPU的型号而定']
2018-09-24 09:33:51,586 - mylogger - INFO - 数据库中检索答案
2018-09-24 09:33:51,588 - mylogger - INFO - 数据中无答案
2018-09-24 09:33:53,753 - mylogger - INFO - 在线检索答案：16
2018-09-24 09:33:53,754 - mylogger - INFO - 我的答案：16
2018-09-24 09:33:54,419 - mylogger - INFO - 选择选项
2018-09-24 09:33:56,875 - mylogger - INFO - 答案错误
2018-09-24 09:33:57,361 - mylogger - INFO - 正确答案；随CPU的型号而定
2018-09-24 09:33:57,362 - mylogger - INFO - 更新答案
2018-09-24 09:33:57,594 - mylogger - INFO - 本题结束
2018-09-24 09:33:57,740 - mylogger - INFO - 本场比赛结束
2018-09-24 09:33:58,018 - mylogger - INFO - 返回游戏页面
2018-09-24 09:33:59,574 - mylogger - INFO - 进入排位赛
2018-09-24 09:33:59,575 - mylogger - INFO - 正在匹配中......
2018-09-24 09:35:00,225 - mylogger - WARNING - 匹配失败
2018-09-24 09:35:00,496 - mylogger - INFO - 返回游戏页面
2018-09-24 09:35:02,111 - mylogger - INFO - 进入排位赛
2018-09-24 09:35:02,113 - mylogger - INFO - 正在匹配中......
2018-09-24 09:35:20,684 - mylogger - INFO - 匹配成功
2018-09-24 09:35:20,686 - mylogger - INFO - 获取题目
2018-09-24 09:35:23,742 - mylogger - INFO - 第 1 题
2018-09-24 09:35:24,073 - mylogger - INFO - 唐代“三省”中一般负责决策的是哪个省？
2018-09-24 09:35:25,121 - mylogger - INFO - ['尚书省', '门下省', '中书省']
2018-09-24 09:35:25,128 - mylogger - INFO - 数据库中检索答案
2018-09-24 09:35:25,129 - mylogger - INFO - 数据中无答案
2018-09-24 09:35:26,141 - mylogger - INFO - 在线检索答案：尚书省
2018-09-24 09:35:26,142 - mylogger - INFO - 我的答案：尚书省
2018-09-24 09:35:26,800 - mylogger - INFO - 选择选项
2018-09-24 09:35:29,250 - mylogger - INFO - 答案错误
2018-09-24 09:35:29,457 - mylogger - INFO - 正确答案；中书省
2018-09-24 09:35:29,458 - mylogger - INFO - 更新答案
2018-09-24 09:35:31,942 - mylogger - INFO - 本题结束
2018-09-24 09:35:31,944 - mylogger - INFO - 获取题目
2018-09-24 09:35:33,805 - mylogger - INFO - 第 2 题
2018-09-24 09:35:34,134 - mylogger - INFO - 库里南钻石被分割后加工出了几颗大钻？
2018-09-24 09:35:35,077 - mylogger - INFO - ['3颗', '7颗', '9颗']
2018-09-24 09:35:35,083 - mylogger - INFO - 数据库中检索答案
2018-09-24 09:35:35,084 - mylogger - INFO - 数据中无答案
2018-09-24 09:35:36,450 - mylogger - INFO - 在线检索答案：9颗
2018-09-24 09:35:36,452 - mylogger - INFO - 我的答案：9颗
2018-09-24 09:35:37,029 - mylogger - INFO - 选择选项
2018-09-24 09:35:39,596 - mylogger - INFO - 答案正确
2018-09-24 09:35:39,597 - mylogger - INFO - 更新答案
2018-09-24 09:35:40,933 - mylogger - INFO - 本题结束
2018-09-24 09:35:40,936 - mylogger - INFO - 获取题目
2018-09-24 09:35:42,817 - mylogger - INFO - 第 3 题
2018-09-24 09:35:43,139 - mylogger - INFO - 太阳的大气层从里到外可分为——
2018-09-24 09:35:44,091 - mylogger - INFO - ['日冕、光球、色球', '光球、色球、日冕', '色球、日冕、光球']
2018-09-24 09:35:44,100 - mylogger - INFO - 数据库中检索答案
2018-09-24 09:35:44,102 - mylogger - INFO - 我的答案：光球、色球、日冕
2018-09-24 09:35:44,747 - mylogger - INFO - 选择选项
2018-09-24 09:35:47,197 - mylogger - INFO - 答案正确
2018-09-24 09:35:47,198 - mylogger - INFO - 更新答案
2018-09-24 09:35:49,680 - mylogger - INFO - 本题结束
2018-09-24 09:35:49,682 - mylogger - INFO - 获取题目
2018-09-24 09:35:51,545 - mylogger - INFO - 第 4 题
2018-09-24 09:35:51,876 - mylogger - INFO - 医生给了你三颗药丸要你每半个小时吃一颗，吃完需要多长时间？
2018-09-24 09:35:52,875 - mylogger - INFO - ['3小时', '1.5小时', '1小时']
2018-09-24 09:35:52,882 - mylogger - INFO - 数据库中检索答案
2018-09-24 09:35:52,883 - mylogger - INFO - 数据中无答案
2018-09-24 09:35:54,578 - mylogger - INFO - 在线检索答案：1小时
2018-09-24 09:35:54,579 - mylogger - INFO - 我的答案：1小时
2018-09-24 09:35:55,145 - mylogger - INFO - 选择选项
2018-09-24 09:35:57,721 - mylogger - INFO - 答案正确
2018-09-24 09:35:57,722 - mylogger - INFO - 更新答案
2018-09-24 09:36:00,293 - mylogger - INFO - 本题结束
2018-09-24 09:36:00,295 - mylogger - INFO - 获取题目
2018-09-24 09:36:03,346 - mylogger - INFO - 第 5 题
2018-09-24 09:36:03,714 - mylogger - INFO - 下列属于天体的是？
2018-09-24 09:36:04,695 - mylogger - INFO - ['绕月飞行的嫦娥一号', '陨石', '天空中飘动的云']
2018-09-24 09:36:04,706 - mylogger - INFO - 数据库中检索答案
2018-09-24 09:36:04,707 - mylogger - INFO - 数据中无答案
2018-09-24 09:36:05,652 - mylogger - INFO - 在线检索答案：天空中飘动的云
2018-09-24 09:36:05,652 - mylogger - INFO - 我的答案：天空中飘动的云
2018-09-24 09:36:06,202 - mylogger - INFO - 选择选项
2018-09-24 09:36:08,663 - mylogger - INFO - 答案错误
2018-09-24 09:36:08,783 - mylogger - INFO - 正确答案；绕月飞行的嫦娥一号
2018-09-24 09:36:08,784 - mylogger - INFO - 更新答案
2018-09-24 09:36:12,503 - mylogger - INFO - 本题结束
2018-09-24 09:36:12,606 - mylogger - INFO - 本场比赛结束
2018-09-24 09:36:12,862 - mylogger - INFO - 返回游戏页面
2018-09-24 09:36:14,467 - mylogger - INFO - 进入排位赛
2018-09-24 09:36:14,468 - mylogger - INFO - 正在匹配中......
2018-09-24 09:36:30,363 - mylogger - INFO - 匹配成功
2018-09-24 09:36:30,365 - mylogger - INFO - 获取题目
2018-09-24 09:36:33,387 - mylogger - INFO - 第 1 题
2018-09-24 09:36:33,706 - mylogger - INFO - 名画《马拉之死》是谁的作品？
2018-09-24 09:36:34,620 - mylogger - INFO - ['戈雅', '雅克·路易·大卫 ', '彼得·保罗·鲁本斯']
2018-09-24 09:36:34,626 - mylogger - INFO - 数据库中检索答案
2018-09-24 09:36:34,628 - mylogger - INFO - 数据中无答案
2018-09-24 09:36:35,446 - mylogger - INFO - 在线检索答案：
2018-09-24 09:36:35,447 - mylogger - INFO - 我的答案：戈雅
2018-09-24 09:36:36,035 - mylogger - INFO - 选择选项
2018-09-24 09:36:38,535 - mylogger - INFO - 答案错误
2018-09-24 09:36:38,691 - mylogger - INFO - 正确答案；雅克·路易·大卫 
2018-09-24 09:36:38,693 - mylogger - INFO - 更新答案
2018-09-24 09:36:39,995 - mylogger - INFO - 本题结束
2018-09-24 09:36:39,996 - mylogger - INFO - 获取题目
2018-09-24 09:36:41,780 - mylogger - INFO - 第 2 题
2018-09-24 09:36:42,101 - mylogger - INFO - 重阳节的传说和以下哪个人物有关？
2018-09-24 09:36:43,031 - mylogger - INFO - ['后羿', '桓景', '王维']
2018-09-24 09:36:43,040 - mylogger - INFO - 数据库中检索答案
2018-09-24 09:36:43,042 - mylogger - INFO - 数据中无答案
2018-09-24 09:36:43,846 - mylogger - INFO - 在线检索答案：桓景
2018-09-24 09:36:43,847 - mylogger - INFO - 我的答案：桓景
2018-09-24 09:36:44,496 - mylogger - INFO - 选择选项
2018-09-24 09:36:46,919 - mylogger - INFO - 答案正确
2018-09-24 09:36:46,921 - mylogger - INFO - 更新答案
2018-09-24 09:36:48,236 - mylogger - INFO - 本题结束
2018-09-24 09:36:48,236 - mylogger - INFO - 获取题目
2018-09-24 09:36:50,123 - mylogger - INFO - 第 3 题
2018-09-24 09:36:50,429 - mylogger - INFO - 2018热播剧《国民老公》中的“乔安好”是由谁饰演的？
2018-09-24 09:36:51,400 - mylogger - INFO - ['王玥婷', '李溪芮', '柴碧云']
2018-09-24 09:36:51,410 - mylogger - INFO - 数据库中检索答案
2018-09-24 09:36:51,412 - mylogger - INFO - 数据中无答案
2018-09-24 09:36:52,842 - mylogger - INFO - 在线检索答案：李溪芮
2018-09-24 09:36:52,843 - mylogger - INFO - 我的答案：李溪芮
2018-09-24 09:36:53,488 - mylogger - INFO - 选择选项
2018-09-24 09:36:56,002 - mylogger - INFO - 答案正确
2018-09-24 09:36:56,004 - mylogger - INFO - 更新答案
2018-09-24 09:36:57,446 - mylogger - INFO - 本题结束
2018-09-24 09:36:57,448 - mylogger - INFO - 获取题目
2018-09-24 09:36:59,381 - mylogger - INFO - 第 4 题
2018-09-24 09:36:59,705 - mylogger - INFO - 以下年份中没有火星冲日的是
2018-09-24 09:37:00,733 - mylogger - INFO - ['2014', '2003', '2015']
2018-09-24 09:37:00,741 - mylogger - INFO - 数据库中检索答案
2018-09-24 09:37:00,743 - mylogger - INFO - 数据中无答案
2018-09-24 09:37:02,476 - mylogger - INFO - 在线检索答案：2014
2018-09-24 09:37:02,478 - mylogger - INFO - 我的答案：2014
2018-09-24 09:37:03,064 - mylogger - INFO - 选择选项
2018-09-24 09:37:05,509 - mylogger - INFO - 答案错误
2018-09-24 09:37:05,812 - mylogger - INFO - 正确答案；2015
2018-09-24 09:37:05,814 - mylogger - INFO - 更新答案
2018-09-24 09:37:06,074 - mylogger - INFO - 本题结束
2018-09-24 09:37:06,077 - mylogger - INFO - 获取题目
2018-09-24 09:37:09,121 - mylogger - INFO - 第 5 题
2018-09-24 09:37:09,511 - mylogger - INFO - 大圆的直径是小圆直径的两倍，那么大圆周长是小圆周长的多少倍？
2018-09-24 09:37:10,434 - mylogger - INFO - ['16倍', '4倍', '2倍']
2018-09-24 09:37:10,441 - mylogger - INFO - 数据库中检索答案
2018-09-24 09:37:10,443 - mylogger - INFO - 数据中无答案
2018-09-24 09:37:11,295 - mylogger - INFO - 在线检索答案：4倍
2018-09-24 09:37:11,296 - mylogger - INFO - 我的答案：4倍
2018-09-24 09:37:11,910 - mylogger - INFO - 选择选项
2018-09-24 09:37:14,494 - mylogger - INFO - 答案错误
2018-09-24 09:37:14,714 - mylogger - INFO - 正确答案；2倍
2018-09-24 09:37:14,716 - mylogger - INFO - 更新答案
2018-09-24 09:37:19,553 - mylogger - INFO - 本题结束
2018-09-24 09:37:19,689 - mylogger - INFO - 本场比赛结束
2018-09-24 09:37:19,966 - mylogger - INFO - 返回游戏页面
2018-09-24 09:37:21,478 - mylogger - INFO - 进入排位赛
2018-09-24 09:37:21,479 - mylogger - INFO - 正在匹配中......
2018-09-24 09:37:34,130 - mylogger - INFO - 匹配成功
2018-09-24 09:37:34,131 - mylogger - INFO - 获取题目
2018-09-24 09:37:37,204 - mylogger - INFO - 第 1 题
2018-09-24 09:37:37,511 - mylogger - INFO - 《阿甘正传》是由罗伯特·泽米吉斯执导的电影，阿甘是由谁饰演的？
2018-09-24 09:37:38,490 - mylogger - INFO - ['莱昂纳多', '汤姆·汉克斯', '约翰尼·德普']
2018-09-24 09:37:38,500 - mylogger - INFO - 数据库中检索答案
2018-09-24 09:37:38,501 - mylogger - INFO - 数据中无答案
2018-09-24 09:37:39,452 - mylogger - INFO - 在线检索答案：汤姆·汉克斯
2018-09-24 09:37:39,454 - mylogger - INFO - 我的答案：汤姆·汉克斯
2018-09-24 09:37:40,059 - mylogger - INFO - 选择选项
2018-09-24 09:37:42,559 - mylogger - INFO - 答案正确
2018-09-24 09:37:42,560 - mylogger - INFO - 更新答案
2018-09-24 09:37:45,058 - mylogger - INFO - 本题结束
2018-09-24 09:37:45,061 - mylogger - INFO - 获取题目
2018-09-24 09:37:46,962 - mylogger - INFO - 第 2 题
2018-09-24 09:37:47,342 - mylogger - INFO - 谁发明了回旋加速器？
2018-09-24 09:37:48,303 - mylogger - INFO - ['哈根', '道尔顿', '劳伦斯']
2018-09-24 09:37:48,310 - mylogger - INFO - 数据库中检索答案
2018-09-24 09:37:48,312 - mylogger - INFO - 数据中无答案
2018-09-24 09:37:49,073 - mylogger - INFO - 在线检索答案：劳伦斯
2018-09-24 09:37:49,074 - mylogger - INFO - 我的答案：劳伦斯
2018-09-24 09:37:49,679 - mylogger - INFO - 选择选项
2018-09-24 09:37:52,107 - mylogger - INFO - 答案正确
2018-09-24 09:37:52,108 - mylogger - INFO - 更新答案
2018-09-24 09:37:53,485 - mylogger - INFO - 本题结束
2018-09-24 09:37:53,486 - mylogger - INFO - 获取题目
2018-09-24 09:37:56,540 - mylogger - INFO - 第 3 题
2018-09-24 09:37:56,927 - mylogger - INFO - 普鲁士是欧洲历史地名，现位于哪里？
2018-09-24 09:37:57,814 - mylogger - INFO - ['德国', '法国', '俄罗斯']
2018-09-24 09:37:57,819 - mylogger - INFO - 数据库中检索答案
2018-09-24 09:37:57,821 - mylogger - INFO - 数据中无答案
2018-09-24 09:37:59,109 - mylogger - INFO - 在线检索答案：德国
2018-09-24 09:37:59,110 - mylogger - INFO - 我的答案：德国
2018-09-24 09:37:59,663 - mylogger - INFO - 选择选项
2018-09-24 09:38:02,091 - mylogger - INFO - 答案正确
2018-09-24 09:38:02,092 - mylogger - INFO - 更新答案
2018-09-24 09:38:03,471 - mylogger - INFO - 本题结束
2018-09-24 09:38:03,473 - mylogger - INFO - 获取题目
2018-09-24 09:38:05,355 - mylogger - INFO - 第 4 题
2018-09-24 09:38:05,643 - mylogger - INFO - 通行至今的英式扑克有四组图案各有喻意：方块，金刚石，象征：
2018-09-24 09:38:06,565 - mylogger - INFO - ['象征财富', '运气与幸福', '象征和平']
2018-09-24 09:38:06,574 - mylogger - INFO - 数据库中检索答案
2018-09-24 09:38:06,576 - mylogger - INFO - 数据中无答案
2018-09-24 09:38:07,820 - mylogger - INFO - 在线检索答案：象征财富
2018-09-24 09:38:07,821 - mylogger - INFO - 我的答案：象征财富
2018-09-24 09:38:08,419 - mylogger - INFO - 选择选项
2018-09-24 09:38:10,817 - mylogger - INFO - 答案正确
2018-09-24 09:38:10,819 - mylogger - INFO - 更新答案
2018-09-24 09:38:13,319 - mylogger - INFO - 本题结束
2018-09-24 09:38:13,321 - mylogger - INFO - 获取题目
2018-09-24 09:38:16,307 - mylogger - INFO - 第 5 题
2018-09-24 09:38:16,628 - mylogger - INFO - 漫画《妖精的尾巴》是谁创作的？
2018-09-24 09:38:17,620 - mylogger - INFO - ['真岛浩', '米泽穗信', '筱原健太']
2018-09-24 09:38:17,630 - mylogger - INFO - 数据库中检索答案
2018-09-24 09:38:17,631 - mylogger - INFO - 数据中无答案
2018-09-24 09:38:18,565 - mylogger - INFO - 在线检索答案：真岛浩
2018-09-24 09:38:18,566 - mylogger - INFO - 我的答案：真岛浩
2018-09-24 09:38:19,196 - mylogger - INFO - 选择选项
2018-09-24 09:38:21,634 - mylogger - INFO - 答案正确
2018-09-24 09:38:21,636 - mylogger - INFO - 更新答案
2018-09-24 09:38:22,044 - mylogger - INFO - 本题结束
2018-09-24 09:38:22,241 - mylogger - INFO - 本场比赛结束
2018-09-24 09:38:22,501 - mylogger - INFO - 返回游戏页面
2018-09-24 09:38:24,068 - mylogger - INFO - 进入排位赛
2018-09-24 09:38:24,070 - mylogger - INFO - 正在匹配中......
2018-09-24 09:38:35,732 - mylogger - INFO - 匹配成功
2018-09-24 09:38:35,733 - mylogger - INFO - 获取题目
2018-09-24 09:38:38,815 - mylogger - INFO - 第 1 题
2018-09-24 09:38:39,131 - mylogger - INFO - 游戏《仙剑奇侠传四》的主题音乐是哪个？
2018-09-24 09:38:40,096 - mylogger - INFO - ['梦影雾花', '梦回青鸾', '回梦游仙']
2018-09-24 09:38:40,105 - mylogger - INFO - 数据库中检索答案
2018-09-24 09:38:40,110 - mylogger - INFO - 数据中无答案
2018-09-24 09:38:41,001 - mylogger - INFO - 在线检索答案：回梦游仙
2018-09-24 09:38:41,002 - mylogger - INFO - 我的答案：回梦游仙
2018-09-24 09:38:41,625 - mylogger - INFO - 选择选项
2018-09-24 09:38:44,062 - mylogger - INFO - 答案正确
2018-09-24 09:38:44,063 - mylogger - INFO - 更新答案
2018-09-24 09:38:45,641 - mylogger - INFO - 本题结束
2018-09-24 09:38:45,644 - mylogger - INFO - 获取题目
2018-09-24 09:38:48,530 - mylogger - INFO - 第 2 题
2018-09-24 09:38:48,818 - mylogger - INFO - 国际象棋共有多少颗棋子?
2018-09-24 09:38:49,838 - mylogger - INFO - ['30颗', '32颗', '36颗']
2018-09-24 09:38:49,846 - mylogger - INFO - 数据库中检索答案
2018-09-24 09:38:49,848 - mylogger - INFO - 数据中无答案
2018-09-24 09:38:50,508 - mylogger - INFO - 在线检索答案：32颗
2018-09-24 09:38:50,510 - mylogger - INFO - 我的答案：32颗
2018-09-24 09:38:51,097 - mylogger - INFO - 选择选项
2018-09-24 09:38:53,534 - mylogger - INFO - 答案正确
2018-09-24 09:38:53,535 - mylogger - INFO - 更新答案
2018-09-24 09:38:55,121 - mylogger - INFO - 本题结束
2018-09-24 09:38:55,123 - mylogger - INFO - 获取题目
2018-09-24 09:38:58,243 - mylogger - INFO - 第 3 题
2018-09-24 09:38:58,579 - mylogger - INFO - 哪个科学家享有“微生物学之父”的美誉？
2018-09-24 09:38:59,619 - mylogger - INFO - ['孟德尔', '列文虎克', '巴斯德']
2018-09-24 09:38:59,628 - mylogger - INFO - 数据库中检索答案
2018-09-24 09:38:59,630 - mylogger - INFO - 数据中无答案
2018-09-24 09:39:00,664 - mylogger - INFO - 在线检索答案：巴斯德
2018-09-24 09:39:00,665 - mylogger - INFO - 我的答案：巴斯德
2018-09-24 09:39:01,306 - mylogger - INFO - 选择选项
2018-09-24 09:39:03,750 - mylogger - INFO - 答案正确
2018-09-24 09:39:03,752 - mylogger - INFO - 更新答案
2018-09-24 09:39:04,237 - mylogger - INFO - 本题结束
2018-09-24 09:39:04,240 - mylogger - INFO - 获取题目
2018-09-24 09:39:10,701 - mylogger - INFO - 第 4 题
2018-09-24 09:39:11,018 - mylogger - INFO - 以外币表示的可以用于国际结算的支付手段和资产是
2018-09-24 09:39:11,999 - mylogger - INFO - ['广义的静态外汇', '狭义的静态外汇', '广义的动态外汇']
2018-09-24 09:39:12,007 - mylogger - INFO - 数据库中检索答案
2018-09-24 09:39:12,012 - mylogger - INFO - 数据中无答案
2018-09-24 09:39:13,979 - mylogger - INFO - 在线检索答案：广义的静态外汇
2018-09-24 09:39:13,980 - mylogger - INFO - 我的答案：广义的静态外汇
2018-09-24 09:39:14,626 - mylogger - INFO - 选择选项
2018-09-24 09:39:17,187 - mylogger - INFO - 答案错误
2018-09-24 09:39:17,336 - mylogger - INFO - 正确答案；狭义的静态外汇
2018-09-24 09:39:17,338 - mylogger - INFO - 更新答案
2018-09-24 09:39:17,813 - mylogger - INFO - 本题结束
2018-09-24 09:39:17,816 - mylogger - INFO - 获取题目
2018-09-24 09:39:19,752 - mylogger - INFO - 第 5 题
2018-09-24 09:39:20,073 - mylogger - INFO - 影片《变形金刚》中霸天虎的首领叫什么名字
2018-09-24 09:39:20,964 - mylogger - INFO - ['擎天柱', '大黄蜂', '威震天']
2018-09-24 09:39:20,974 - mylogger - INFO - 数据库中检索答案
2018-09-24 09:39:20,976 - mylogger - INFO - 数据中无答案
2018-09-24 09:39:22,574 - mylogger - INFO - 在线检索答案：威震天
2018-09-24 09:39:22,576 - mylogger - INFO - 我的答案：威震天
2018-09-24 09:39:23,153 - mylogger - INFO - 选择选项
2018-09-24 09:39:25,623 - mylogger - INFO - 答案正确
2018-09-24 09:39:25,625 - mylogger - INFO - 更新答案
2018-09-24 09:39:28,302 - mylogger - INFO - 本题结束
2018-09-24 09:39:28,447 - mylogger - INFO - 本场比赛结束
2018-09-24 09:39:28,735 - mylogger - INFO - 返回游戏页面
2018-09-24 09:39:30,448 - mylogger - INFO - 进入排位赛
2018-09-24 09:39:30,449 - mylogger - INFO - 正在匹配中......
2018-09-24 09:39:37,596 - mylogger - INFO - 匹配成功
2018-09-24 09:39:37,597 - mylogger - INFO - 获取题目
2018-09-24 09:39:39,520 - mylogger - INFO - 第 1 题
2018-09-24 09:39:39,825 - mylogger - INFO - 下列行为中，不利于预防癌症的是？
2018-09-24 09:39:40,844 - mylogger - INFO - ['抽烟', '跑步', '吃水果']
2018-09-24 09:39:40,885 - mylogger - INFO - 数据库中检索答案
2018-09-24 09:39:40,886 - mylogger - INFO - 数据中无答案
2018-09-24 09:39:42,131 - mylogger - INFO - 在线检索答案：跑步
2018-09-24 09:39:42,132 - mylogger - INFO - 我的答案：跑步
2018-09-24 09:39:42,769 - mylogger - INFO - 选择选项
2018-09-24 09:39:45,252 - mylogger - INFO - 答案错误
2018-09-24 09:39:45,384 - mylogger - INFO - 正确答案；抽烟
2018-09-24 09:39:45,385 - mylogger - INFO - 更新答案
2018-09-24 09:39:46,959 - mylogger - INFO - 本题结束
2018-09-24 09:39:46,962 - mylogger - INFO - 获取题目
2018-09-24 09:39:50,082 - mylogger - INFO - 第 2 题
2018-09-24 09:39:50,429 - mylogger - INFO - 至今为止，世界上开凿最早、长度最长的一条人工河道是什么河？
2018-09-24 09:39:51,392 - mylogger - INFO - ['京杭大运河', '多瑙河', '湄公河']
2018-09-24 09:39:51,402 - mylogger - INFO - 数据库中检索答案
2018-09-24 09:39:51,404 - mylogger - INFO - 数据中无答案
2018-09-24 09:39:53,187 - mylogger - INFO - 在线检索答案：京杭大运河
2018-09-24 09:39:53,188 - mylogger - INFO - 我的答案：京杭大运河
2018-09-24 09:39:53,841 - mylogger - INFO - 选择选项
2018-09-24 09:39:56,338 - mylogger - INFO - 答案正确
2018-09-24 09:39:56,339 - mylogger - INFO - 更新答案
2018-09-24 09:39:56,859 - mylogger - INFO - 本题结束
2018-09-24 09:39:56,860 - mylogger - INFO - 获取题目
2018-09-24 09:39:59,936 - mylogger - INFO - 第 3 题
2018-09-24 09:40:00,248 - mylogger - INFO - 体育运动中铁人三项赛不包括以下的哪一个项目？
2018-09-24 09:40:01,289 - mylogger - INFO - ['跳水', '游泳', '自行车']
2018-09-24 09:40:01,299 - mylogger - INFO - 数据库中检索答案
2018-09-24 09:40:01,300 - mylogger - INFO - 数据中无答案
2018-09-24 09:40:02,632 - mylogger - INFO - 在线检索答案：跳水
2018-09-24 09:40:02,634 - mylogger - INFO - 我的答案：跳水
2018-09-24 09:40:03,260 - mylogger - INFO - 选择选项
2018-09-24 09:40:05,732 - mylogger - INFO - 答案正确
2018-09-24 09:40:05,734 - mylogger - INFO - 更新答案
2018-09-24 09:40:06,135 - mylogger - INFO - 本题结束
2018-09-24 09:40:06,137 - mylogger - INFO - 获取题目
2018-09-24 09:40:09,193 - mylogger - INFO - 第 4 题
2018-09-24 09:40:09,529 - mylogger - INFO - 儿歌里唱道的什么动物上灯台，偷油吃，下不来？
2018-09-24 09:40:10,557 - mylogger - INFO - ['猫', '仓鼠', '老鼠']
2018-09-24 09:40:10,565 - mylogger - INFO - 数据库中检索答案
2018-09-24 09:40:10,566 - mylogger - INFO - 数据中无答案
2018-09-24 09:40:11,836 - mylogger - INFO - 在线检索答案：仓鼠
2018-09-24 09:40:11,837 - mylogger - INFO - 我的答案：仓鼠
2018-09-24 09:40:12,444 - mylogger - INFO - 选择选项
2018-09-24 09:40:14,887 - mylogger - INFO - 答案错误
2018-09-24 09:40:15,258 - mylogger - INFO - 正确答案；老鼠
2018-09-24 09:40:15,259 - mylogger - INFO - 更新答案
2018-09-24 09:40:15,712 - mylogger - INFO - 本题结束
2018-09-24 09:40:15,714 - mylogger - INFO - 获取题目
2018-09-24 09:40:17,585 - mylogger - INFO - 第 5 题
2018-09-24 09:40:17,966 - mylogger - INFO - 武侠小说中的鹤顶红，是什么物质的别称？
2018-09-24 09:40:19,029 - mylogger - INFO - ['大还丹', '砒霜', '红药水']
2018-09-24 09:40:19,038 - mylogger - INFO - 数据库中检索答案
2018-09-24 09:40:19,040 - mylogger - INFO - 数据中无答案
2018-09-24 09:40:19,931 - mylogger - INFO - 在线检索答案：砒霜
2018-09-24 09:40:19,932 - mylogger - INFO - 我的答案：砒霜
2018-09-24 09:40:20,493 - mylogger - INFO - 选择选项
2018-09-24 09:40:22,952 - mylogger - INFO - 答案正确
2018-09-24 09:40:22,953 - mylogger - INFO - 更新答案
2018-09-24 09:40:24,524 - mylogger - INFO - 本题结束
2018-09-24 09:40:24,666 - mylogger - INFO - 本场比赛结束
2018-09-24 09:40:24,981 - mylogger - INFO - 返回游戏页面
2018-09-24 09:40:26,587 - mylogger - INFO - 进入排位赛
2018-09-24 09:40:26,588 - mylogger - INFO - 正在匹配中......
2018-09-24 09:40:59,799 - mylogger - INFO - 匹配成功
2018-09-24 09:40:59,801 - mylogger - INFO - 获取题目
2018-09-24 09:41:02,946 - mylogger - INFO - 第 1 题
2018-09-24 09:41:03,275 - mylogger - INFO - 鞭炮又称？
2018-09-24 09:41:04,264 - mylogger - INFO - ['爆竹', '火炮', '竹']
2018-09-24 09:41:04,272 - mylogger - INFO - 数据库中检索答案
2018-09-24 09:41:04,274 - mylogger - INFO - 我的答案：爆竹
2018-09-24 09:41:04,851 - mylogger - INFO - 选择选项
2018-09-24 09:41:07,306 - mylogger - INFO - 答案正确
2018-09-24 09:41:07,307 - mylogger - INFO - 更新答案
2018-09-24 09:41:08,947 - mylogger - INFO - 本题结束
2018-09-24 09:41:08,949 - mylogger - INFO - 获取题目
2018-09-24 09:41:12,075 - mylogger - INFO - 第 2 题
2018-09-24 09:41:12,448 - mylogger - INFO - 名句“问世间，情为何物”的下一句是？
2018-09-24 09:41:13,464 - mylogger - INFO - ['直教生死相许', '只影向谁去', '老翅几回寒暑']
2018-09-24 09:41:13,472 - mylogger - INFO - 数据库中检索答案
2018-09-24 09:41:13,474 - mylogger - INFO - 数据中无答案
2018-09-24 09:41:14,700 - mylogger - INFO - 在线检索答案：直教生死相许
2018-09-24 09:41:14,701 - mylogger - INFO - 我的答案：直教生死相许
2018-09-24 09:41:15,328 - mylogger - INFO - 选择选项
2018-09-24 09:41:17,784 - mylogger - INFO - 答案正确
2018-09-24 09:41:17,785 - mylogger - INFO - 更新答案
2018-09-24 09:41:18,312 - mylogger - INFO - 本题结束
2018-09-24 09:41:18,347 - mylogger - INFO - 获取题目
2018-09-24 09:41:21,372 - mylogger - INFO - 第 3 题
2018-09-24 09:41:21,676 - mylogger - INFO - 传说中原始象形文字的创造者是黄帝时期哪位造字的史官？
2018-09-24 09:41:22,632 - mylogger - INFO - ['仓颉', '李斯', '索靖']
2018-09-24 09:41:22,640 - mylogger - INFO - 数据库中检索答案
2018-09-24 09:41:22,642 - mylogger - INFO - 数据中无答案
2018-09-24 09:41:23,515 - mylogger - INFO - 在线检索答案：仓颉
2018-09-24 09:41:23,516 - mylogger - INFO - 我的答案：仓颉
2018-09-24 09:41:24,148 - mylogger - INFO - 选择选项
2018-09-24 09:41:26,573 - mylogger - INFO - 答案正确
2018-09-24 09:41:26,575 - mylogger - INFO - 更新答案
2018-09-24 09:41:27,025 - mylogger - INFO - 本题结束
2018-09-24 09:41:27,027 - mylogger - INFO - 获取题目
2018-09-24 09:41:30,298 - mylogger - INFO - 第 4 题
2018-09-24 09:41:30,621 - mylogger - INFO - 著名球员帕托效力于哪支中超球队？
2018-09-24 09:41:31,625 - mylogger - INFO - ['上海绿地申花', '天津权健', '广州富力']
2018-09-24 09:41:31,633 - mylogger - INFO - 数据库中检索答案
2018-09-24 09:41:31,633 - mylogger - INFO - 数据中无答案
2018-09-24 09:41:32,926 - mylogger - INFO - 在线检索答案：天津权健
2018-09-24 09:41:32,927 - mylogger - INFO - 我的答案：天津权健
2018-09-24 09:41:33,555 - mylogger - INFO - 选择选项
2018-09-24 09:41:36,012 - mylogger - INFO - 答案正确
2018-09-24 09:41:36,013 - mylogger - INFO - 更新答案
2018-09-24 09:41:36,568 - mylogger - INFO - 本题结束
2018-09-24 09:41:36,569 - mylogger - INFO - 获取题目
2018-09-24 09:41:39,564 - mylogger - INFO - 第 5 题
2018-09-24 09:41:39,950 - mylogger - INFO - 个人更换汽车备用轮胎时顶起汽车的轻小起重设备是什么？
2018-09-24 09:41:40,925 - mylogger - INFO - ['千斤顶', '万斤顶', '起子']
2018-09-24 09:41:40,933 - mylogger - INFO - 数据库中检索答案
2018-09-24 09:41:40,939 - mylogger - INFO - 数据中无答案
2018-09-24 09:41:42,758 - mylogger - INFO - 在线检索答案：千斤顶
2018-09-24 09:41:42,759 - mylogger - INFO - 我的答案：千斤顶
2018-09-24 09:41:43,368 - mylogger - INFO - 选择选项
2018-09-24 09:41:45,784 - mylogger - INFO - 答案正确
2018-09-24 09:41:45,785 - mylogger - INFO - 更新答案
2018-09-24 09:41:46,309 - mylogger - INFO - 本题结束
2018-09-24 09:41:46,496 - mylogger - INFO - 本场比赛结束
2018-09-24 09:41:46,740 - mylogger - INFO - 返回游戏页面
2018-09-24 09:41:48,279 - mylogger - INFO - 进入排位赛
2018-09-24 09:41:48,281 - mylogger - INFO - 正在匹配中......
2018-09-24 09:42:21,473 - mylogger - INFO - 匹配成功
2018-09-24 09:42:21,474 - mylogger - INFO - 获取题目
2018-09-24 09:42:24,554 - mylogger - INFO - 第 1 题
2018-09-24 09:42:24,846 - mylogger - INFO - 日本漫画《海贼王》中，谁暗恋路飞？
2018-09-24 09:42:25,774 - mylogger - INFO - ['汉库克', '艾斯', '基德']
2018-09-24 09:42:25,781 - mylogger - INFO - 数据库中检索答案
2018-09-24 09:42:25,782 - mylogger - INFO - 数据中无答案
2018-09-24 09:42:26,592 - mylogger - INFO - 在线检索答案：汉库克
2018-09-24 09:42:26,592 - mylogger - INFO - 我的答案：汉库克
2018-09-24 09:42:27,194 - mylogger - INFO - 选择选项
2018-09-24 09:42:29,593 - mylogger - INFO - 答案正确
2018-09-24 09:42:29,593 - mylogger - INFO - 更新答案
2018-09-24 09:42:31,189 - mylogger - INFO - 本题结束
2018-09-24 09:42:31,191 - mylogger - INFO - 获取题目
2018-09-24 09:42:33,042 - mylogger - INFO - 第 2 题
2018-09-24 09:42:33,374 - mylogger - INFO - 2016年是 
2018-09-24 09:42:34,388 - mylogger - INFO - ['丙申年', '丁酉年', '戊戌年']
2018-09-24 09:42:34,409 - mylogger - INFO - 数据库中检索答案
2018-09-24 09:42:34,415 - mylogger - INFO - 数据中无答案
2018-09-24 09:42:34,907 - mylogger - INFO - 在线检索答案：丙申年
2018-09-24 09:42:34,909 - mylogger - INFO - 我的答案：丙申年
2018-09-24 09:42:35,556 - mylogger - INFO - 选择选项
2018-09-24 09:42:38,007 - mylogger - INFO - 答案正确
2018-09-24 09:42:38,010 - mylogger - INFO - 更新答案
2018-09-24 09:42:41,877 - mylogger - INFO - 本题结束
2018-09-24 09:42:41,881 - mylogger - INFO - 获取题目
2018-09-24 09:42:43,832 - mylogger - INFO - 第 3 题
2018-09-24 09:42:44,179 - mylogger - INFO - 同样多的冷水和热水放进冰箱，谁能更快的结成冰？
2018-09-24 09:42:45,187 - mylogger - INFO - ['一样', '冷水', '热水']
2018-09-24 09:42:45,194 - mylogger - INFO - 数据库中检索答案
2018-09-24 09:42:45,197 - mylogger - INFO - 数据中无答案
2018-09-24 09:42:46,144 - mylogger - INFO - 在线检索答案：热水
2018-09-24 09:42:46,145 - mylogger - INFO - 我的答案：热水
2018-09-24 09:42:46,767 - mylogger - INFO - 选择选项
2018-09-24 09:42:49,217 - mylogger - INFO - 答案正确
2018-09-24 09:42:49,218 - mylogger - INFO - 更新答案
2018-09-24 09:42:50,790 - mylogger - INFO - 本题结束
2018-09-24 09:42:50,827 - mylogger - INFO - 获取题目
2018-09-24 09:42:52,640 - mylogger - INFO - 第 4 题
2018-09-24 09:42:52,952 - mylogger - INFO - 以下哪个是航天器脱离太阳引力场所需的最低速度？
2018-09-24 09:42:53,913 - mylogger - INFO - ['第一宇宙速度', '第三宇宙速度', '第四宇宙速度']
2018-09-24 09:42:53,921 - mylogger - INFO - 数据库中检索答案
2018-09-24 09:42:53,923 - mylogger - INFO - 数据中无答案
2018-09-24 09:42:54,757 - mylogger - INFO - 在线检索答案：第一宇宙速度
2018-09-24 09:42:54,758 - mylogger - INFO - 我的答案：第一宇宙速度
2018-09-24 09:42:55,323 - mylogger - INFO - 选择选项
2018-09-24 09:42:57,805 - mylogger - INFO - 答案错误
2018-09-24 09:42:57,956 - mylogger - INFO - 正确答案；第三宇宙速度
2018-09-24 09:42:57,958 - mylogger - INFO - 更新答案
2018-09-24 09:43:00,664 - mylogger - INFO - 本题结束
2018-09-24 09:43:00,666 - mylogger - INFO - 获取题目
2018-09-24 09:43:03,732 - mylogger - INFO - 第 5 题
2018-09-24 09:43:04,056 - mylogger - INFO - 西伯利亚雪橇犬是哪种犬类的学名？
2018-09-24 09:43:04,984 - mylogger - INFO - ['哈士奇', '阿拉斯加', '萨摩耶']
2018-09-24 09:43:05,026 - mylogger - INFO - 数据库中检索答案
2018-09-24 09:43:05,027 - mylogger - INFO - 数据中无答案
2018-09-24 09:43:05,920 - mylogger - INFO - 在线检索答案：哈士奇
2018-09-24 09:43:05,921 - mylogger - INFO - 我的答案：哈士奇
2018-09-24 09:43:06,470 - mylogger - INFO - 选择选项
2018-09-24 09:43:08,936 - mylogger - INFO - 答案正确
2018-09-24 09:43:08,937 - mylogger - INFO - 更新答案
2018-09-24 09:43:10,627 - mylogger - INFO - 本题结束
2018-09-24 09:43:10,772 - mylogger - INFO - 本场比赛结束
2018-09-24 09:43:11,038 - mylogger - INFO - 返回游戏页面
2018-09-24 09:43:12,568 - mylogger - INFO - 进入排位赛
2018-09-24 09:43:12,571 - mylogger - INFO - 正在匹配中......
2018-09-24 09:43:54,830 - mylogger - INFO - 匹配成功
2018-09-24 09:43:54,831 - mylogger - INFO - 获取题目
2018-09-24 09:43:58,051 - mylogger - INFO - 第 1 题
2018-09-24 09:43:58,412 - mylogger - INFO - 下列不属于腊八节的别称的是？
2018-09-24 09:43:59,352 - mylogger - INFO - ['蜡日祭', '腊八祭', '天蜡']
2018-09-24 09:43:59,365 - mylogger - INFO - 数据库中检索答案
2018-09-24 09:43:59,367 - mylogger - INFO - 我的答案：天蜡
2018-09-24 09:43:59,915 - mylogger - INFO - 选择选项
2018-09-24 09:44:02,549 - mylogger - INFO - 答案正确
2018-09-24 09:44:02,550 - mylogger - INFO - 更新答案
2018-09-24 09:44:05,386 - mylogger - INFO - 本题结束
2018-09-24 09:44:05,388 - mylogger - INFO - 获取题目
2018-09-24 09:44:08,435 - mylogger - INFO - 第 2 题
2018-09-24 09:44:08,727 - mylogger - INFO - 被称为“七子之冠冕”的文学家是？
2018-09-24 09:44:09,696 - mylogger - INFO - ['王粲', '曹丕', '孔融']
2018-09-24 09:44:09,707 - mylogger - INFO - 数据库中检索答案
2018-09-24 09:44:09,709 - mylogger - INFO - 数据中无答案
2018-09-24 09:44:10,938 - mylogger - INFO - 在线检索答案：王粲
2018-09-24 09:44:10,939 - mylogger - INFO - 我的答案：王粲
2018-09-24 09:44:11,535 - mylogger - INFO - 选择选项
2018-09-24 09:44:13,947 - mylogger - INFO - 答案正确
2018-09-24 09:44:13,950 - mylogger - INFO - 更新答案
2018-09-24 09:44:16,767 - mylogger - INFO - 本题结束
2018-09-24 09:44:16,769 - mylogger - INFO - 获取题目
2018-09-24 09:44:18,620 - mylogger - INFO - 第 3 题
2018-09-24 09:44:18,964 - mylogger - INFO - 每个人都有维护自身和他人健康的责任，健康的生活方式可维护促进
2018-09-24 09:44:19,920 - mylogger - INFO - ['家庭和睦', '饮食健康', '自身健康']
2018-09-24 09:44:19,933 - mylogger - INFO - 数据库中检索答案
2018-09-24 09:44:19,934 - mylogger - INFO - 数据中无答案
2018-09-24 09:44:20,881 - mylogger - INFO - 在线检索答案：自身健康
2018-09-24 09:44:20,883 - mylogger - INFO - 我的答案：自身健康
2018-09-24 09:44:21,451 - mylogger - INFO - 选择选项
2018-09-24 09:44:23,937 - mylogger - INFO - 答案正确
2018-09-24 09:44:23,939 - mylogger - INFO - 更新答案
2018-09-24 09:44:30,122 - mylogger - INFO - 本题结束
2018-09-24 09:44:30,124 - mylogger - INFO - 获取题目
2018-09-24 09:44:32,025 - mylogger - INFO - 第 4 题
2018-09-24 09:44:32,356 - mylogger - INFO - 第一版iOS操作系统于哪一年发布？
2018-09-24 09:44:33,282 - mylogger - INFO - ['2006年', '2005年', '2007年']
2018-09-24 09:44:33,293 - mylogger - INFO - 数据库中检索答案
2018-09-24 09:44:33,294 - mylogger - INFO - 数据中无答案
2018-09-24 09:44:34,601 - mylogger - INFO - 在线检索答案：2007年
2018-09-24 09:44:34,603 - mylogger - INFO - 我的答案：2007年
2018-09-24 09:44:35,172 - mylogger - INFO - 选择选项
2018-09-24 09:44:37,693 - mylogger - INFO - 答案正确
2018-09-24 09:44:37,694 - mylogger - INFO - 更新答案
2018-09-24 09:44:41,523 - mylogger - INFO - 本题结束
2018-09-24 09:44:41,548 - mylogger - INFO - 获取题目
2018-09-24 09:44:44,589 - mylogger - INFO - 第 5 题
2018-09-24 09:44:44,969 - mylogger - INFO - 诗句“我欲乘风归去，又恐琼楼玉宇，高处不胜寒。”的下一句是：
2018-09-24 09:44:45,989 - mylogger - INFO - ['但愿人长久，千里共婵娟', '起舞弄清影，何似在人间', '不知天上宫阙，今夕是何年。']
2018-09-24 09:44:46,019 - mylogger - INFO - 数据库中检索答案
2018-09-24 09:44:46,021 - mylogger - INFO - 数据中无答案
2018-09-24 09:44:48,052 - mylogger - INFO - 在线检索答案：但愿人长久，千里共婵娟
2018-09-24 09:44:48,054 - mylogger - INFO - 我的答案：但愿人长久，千里共婵娟
2018-09-24 09:44:48,644 - mylogger - INFO - 选择选项
2018-09-24 09:44:51,123 - mylogger - INFO - 答案错误
2018-09-24 09:44:51,271 - mylogger - INFO - 正确答案；起舞弄清影，何似在人间
2018-09-24 09:44:51,273 - mylogger - INFO - 更新答案
2018-09-24 09:44:52,872 - mylogger - INFO - 本题结束
2018-09-24 09:44:53,066 - mylogger - INFO - 本场比赛结束
2018-09-24 09:44:53,328 - mylogger - INFO - 返回游戏页面
2018-09-24 09:44:54,994 - mylogger - INFO - 进入排位赛
2018-09-24 09:44:54,996 - mylogger - INFO - 正在匹配中......
2018-09-24 09:46:32,638 - mylogger - INFO - 进入排位赛
2018-09-24 09:46:32,639 - mylogger - INFO - 正在匹配中......
2018-09-24 09:47:08,607 - mylogger - INFO - 匹配成功
2018-09-24 09:47:08,608 - mylogger - INFO - 获取题目
2018-09-24 09:47:11,647 - mylogger - INFO - 第 1 题
2018-09-24 09:47:11,931 - mylogger - INFO - 人的心脏共有几个心房几个心室？
2018-09-24 09:47:12,874 - mylogger - INFO - ['2个，1个', '1个，1个', '2个，2个']
2018-09-24 09:47:12,881 - mylogger - INFO - 数据库中检索答案
2018-09-24 09:47:12,882 - mylogger - INFO - 数据中无答案
2018-09-24 09:47:14,671 - mylogger - INFO - 在线检索答案：
2018-09-24 09:47:14,672 - mylogger - INFO - 我的答案：2个，1个
2018-09-24 09:47:15,278 - mylogger - INFO - 选择选项
2018-09-24 09:47:17,690 - mylogger - INFO - 答案错误
2018-09-24 09:47:17,903 - mylogger - INFO - 正确答案；2个，2个
2018-09-24 09:47:17,905 - mylogger - INFO - 更新答案
2018-09-24 09:47:19,502 - mylogger - INFO - 本题结束
2018-09-24 09:47:19,504 - mylogger - INFO - 获取题目
2018-09-24 09:47:22,483 - mylogger - INFO - 第 2 题
2018-09-24 09:47:22,788 - mylogger - INFO - 下列哪位明星担任过电视节目《火星情报局 第二季》的嘉宾？
2018-09-24 09:47:23,694 - mylogger - INFO - ['薛之谦', '冯小刚', '张靓颖']
2018-09-24 09:47:23,706 - mylogger - INFO - 数据库中检索答案
2018-09-24 09:47:23,707 - mylogger - INFO - 数据中无答案
2018-09-24 09:47:24,589 - mylogger - INFO - 在线检索答案：薛之谦
2018-09-24 09:47:24,591 - mylogger - INFO - 我的答案：薛之谦
2018-09-24 09:47:25,143 - mylogger - INFO - 选择选项
2018-09-24 09:47:27,547 - mylogger - INFO - 答案正确
2018-09-24 09:47:27,548 - mylogger - INFO - 更新答案
2018-09-24 09:47:30,299 - mylogger - INFO - 本题结束
2018-09-24 09:47:30,301 - mylogger - INFO - 获取题目
2018-09-24 09:47:33,311 - mylogger - INFO - 第 3 题
2018-09-24 09:47:33,612 - mylogger - INFO - 演员刘涛的老公是谁？
2018-09-24 09:47:34,680 - mylogger - INFO - ['王珂', '胡歌', '文章']
2018-09-24 09:47:34,688 - mylogger - INFO - 数据库中检索答案
2018-09-24 09:47:34,690 - mylogger - INFO - 数据中无答案
2018-09-24 09:47:35,984 - mylogger - INFO - 在线检索答案：王珂
2018-09-24 09:47:35,985 - mylogger - INFO - 我的答案：王珂
2018-09-24 09:47:36,557 - mylogger - INFO - 选择选项
2018-09-24 09:47:38,987 - mylogger - INFO - 答案正确
2018-09-24 09:47:38,989 - mylogger - INFO - 更新答案
2018-09-24 09:47:40,501 - mylogger - INFO - 本题结束
2018-09-24 09:47:40,504 - mylogger - INFO - 获取题目
2018-09-24 09:47:43,659 - mylogger - INFO - 第 4 题
2018-09-24 09:47:44,001 - mylogger - INFO - 以下选项中，哪一个是经典歌曲《海阔天空》的演唱者？
2018-09-24 09:47:44,908 - mylogger - INFO - ['草蜢乐队', '周华健', 'Beyond']
2018-09-24 09:47:44,919 - mylogger - INFO - 数据库中检索答案
2018-09-24 09:47:44,921 - mylogger - INFO - 数据中无答案
2018-09-24 09:47:45,807 - mylogger - INFO - 在线检索答案：Beyond
2018-09-24 09:47:45,808 - mylogger - INFO - 我的答案：Beyond
2018-09-24 09:47:46,424 - mylogger - INFO - 选择选项
2018-09-24 09:47:48,810 - mylogger - INFO - 答案正确
2018-09-24 09:47:48,812 - mylogger - INFO - 更新答案
2018-09-24 09:47:50,412 - mylogger - INFO - 本题结束
2018-09-24 09:47:50,414 - mylogger - INFO - 获取题目
2018-09-24 09:47:52,320 - mylogger - INFO - 第 5 题
2018-09-24 09:47:52,644 - mylogger - INFO - “探险者”是什么类型的车？
2018-09-24 09:47:53,589 - mylogger - INFO - ['微型车', '中大型SUV', '紧凑型车']
2018-09-24 09:47:53,600 - mylogger - INFO - 数据库中检索答案
2018-09-24 09:47:53,602 - mylogger - INFO - 数据中无答案
2018-09-24 09:47:54,590 - mylogger - INFO - 在线检索答案：中大型SUV
2018-09-24 09:47:54,591 - mylogger - INFO - 我的答案：中大型SUV
2018-09-24 09:47:55,187 - mylogger - INFO - 选择选项
2018-09-24 09:47:57,626 - mylogger - INFO - 答案正确
2018-09-24 09:47:57,627 - mylogger - INFO - 更新答案
2018-09-24 09:48:07,370 - mylogger - INFO - 本题结束
2018-09-24 09:48:07,520 - mylogger - INFO - 本场比赛结束
2018-09-24 09:48:07,775 - mylogger - INFO - 返回游戏页面
2018-09-24 09:48:09,265 - mylogger - INFO - 进入排位赛
2018-09-24 09:48:09,267 - mylogger - INFO - 正在匹配中......
2018-09-24 09:48:36,738 - mylogger - INFO - 匹配成功
2018-09-24 09:48:36,740 - mylogger - INFO - 获取题目
2018-09-24 09:48:39,724 - mylogger - INFO - 第 1 题
2018-09-24 09:48:40,087 - mylogger - INFO - 鞭炮又称？
2018-09-24 09:48:41,000 - mylogger - INFO - ['爆竹', '新竹', '竹']
2018-09-24 09:48:41,010 - mylogger - INFO - 数据库中检索答案
2018-09-24 09:48:41,012 - mylogger - INFO - 我的答案：爆竹
2018-09-24 09:48:41,635 - mylogger - INFO - 选择选项
2018-09-24 09:48:44,078 - mylogger - INFO - 答案正确
2018-09-24 09:48:44,079 - mylogger - INFO - 更新答案
2018-09-24 09:48:53,470 - mylogger - INFO - 本题结束
2018-09-24 09:48:53,472 - mylogger - INFO - 获取题目
2018-09-24 09:48:56,407 - mylogger - INFO - 第 2 题
2018-09-24 09:48:56,736 - mylogger - INFO - 以下哪项不会影响遥控器的使用？
2018-09-24 09:48:57,687 - mylogger - INFO - ['电池', '声音', '物体格挡']
2018-09-24 09:48:57,699 - mylogger - INFO - 数据库中检索答案
2018-09-24 09:48:57,701 - mylogger - INFO - 数据中无答案
2018-09-24 09:48:58,911 - mylogger - INFO - 在线检索答案：电池
2018-09-24 09:48:58,912 - mylogger - INFO - 我的答案：电池
2018-09-24 09:48:59,567 - mylogger - INFO - 选择选项
2018-09-24 09:49:01,984 - mylogger - INFO - 答案错误
2018-09-24 09:49:02,111 - mylogger - INFO - 正确答案；声音
2018-09-24 09:49:02,113 - mylogger - INFO - 更新答案
2018-09-24 09:49:10,487 - mylogger - INFO - 本题结束
2018-09-24 09:49:10,489 - mylogger - INFO - 获取题目
2018-09-24 09:49:13,481 - mylogger - INFO - 第 3 题
2018-09-24 09:49:13,776 - mylogger - INFO - 被后世尊为“药王”的是谁？
2018-09-24 09:49:14,724 - mylogger - INFO - ['扁鹊', '华佗', '孙思邈']
2018-09-24 09:49:14,736 - mylogger - INFO - 数据库中检索答案
2018-09-24 09:49:14,738 - mylogger - INFO - 数据中无答案
2018-09-24 09:49:15,496 - mylogger - INFO - 在线检索答案：孙思邈
2018-09-24 09:49:15,497 - mylogger - INFO - 我的答案：孙思邈
2018-09-24 09:49:16,059 - mylogger - INFO - 选择选项
2018-09-24 09:49:18,510 - mylogger - INFO - 答案正确
2018-09-24 09:49:18,511 - mylogger - INFO - 更新答案
2018-09-24 09:49:27,932 - mylogger - INFO - 本题结束
2018-09-24 09:49:27,934 - mylogger - INFO - 获取题目
2018-09-24 09:49:29,804 - mylogger - INFO - 第 4 题
2018-09-24 09:49:30,116 - mylogger - INFO - 挪威的货币名称是什么？
2018-09-24 09:49:30,997 - mylogger - INFO - ['卢布', '盾', '克郎']
2018-09-24 09:49:31,008 - mylogger - INFO - 数据库中检索答案
2018-09-24 09:49:31,009 - mylogger - INFO - 我的答案：克郎
2018-09-24 09:49:31,584 - mylogger - INFO - 选择选项
2018-09-24 09:49:33,979 - mylogger - INFO - 答案正确
2018-09-24 09:49:33,981 - mylogger - INFO - 更新答案
2018-09-24 09:49:44,444 - mylogger - INFO - 本题结束
2018-09-24 09:49:44,446 - mylogger - INFO - 获取题目
2018-09-24 09:49:47,466 - mylogger - INFO - 第 5 题
2018-09-24 09:49:47,762 - mylogger - INFO - 纺织品中的尼龙，是谁发明的？
2018-09-24 09:49:48,726 - mylogger - INFO - ['爱因斯坦', '爱迪生', '卡罗瑟斯']
2018-09-24 09:49:48,737 - mylogger - INFO - 数据库中检索答案
2018-09-24 09:49:48,739 - mylogger - INFO - 数据中无答案
2018-09-24 09:49:49,182 - mylogger - INFO - 在线检索答案：卡罗瑟斯
2018-09-24 09:49:49,184 - mylogger - INFO - 我的答案：卡罗瑟斯
2018-09-24 09:49:49,803 - mylogger - INFO - 选择选项
2018-09-24 09:49:52,264 - mylogger - INFO - 答案正确
2018-09-24 09:49:52,266 - mylogger - INFO - 更新答案
2018-09-24 09:50:01,711 - mylogger - INFO - 本题结束
2018-09-24 09:50:01,877 - mylogger - INFO - 本场比赛结束
2018-09-24 09:50:02,146 - mylogger - INFO - 返回游戏页面
2018-09-24 09:50:03,729 - mylogger - INFO - 进入排位赛
2018-09-24 09:50:03,731 - mylogger - INFO - 正在匹配中......
2018-09-24 09:50:19,954 - mylogger - INFO - 匹配成功
2018-09-24 09:50:19,954 - mylogger - INFO - 获取题目
2018-09-24 09:50:22,931 - mylogger - INFO - 第 1 题
2018-09-24 09:50:23,268 - mylogger - INFO - 著名的贞观之治发生在哪个朝代？
2018-09-24 09:50:24,136 - mylogger - INFO - ['唐朝', '宋朝', '隋朝']
2018-09-24 09:50:24,146 - mylogger - INFO - 数据库中检索答案
2018-09-24 09:50:24,148 - mylogger - INFO - 数据中无答案
2018-09-24 09:50:25,431 - mylogger - INFO - 在线检索答案：唐朝
2018-09-24 09:50:25,432 - mylogger - INFO - 我的答案：唐朝
2018-09-24 09:50:26,045 - mylogger - INFO - 选择选项
2018-09-24 09:50:28,516 - mylogger - INFO - 答案正确
2018-09-24 09:50:28,517 - mylogger - INFO - 更新答案
2018-09-24 09:50:37,000 - mylogger - INFO - 本题结束
2018-09-24 09:50:37,002 - mylogger - INFO - 获取题目
2018-09-24 09:50:38,881 - mylogger - INFO - 第 2 题
2018-09-24 09:50:39,205 - mylogger - INFO - 在卫星云图中，一般蓝色表示什么？
2018-09-24 09:50:40,121 - mylogger - INFO - ['云', '海洋', '陆地']
2018-09-24 09:50:40,131 - mylogger - INFO - 数据库中检索答案
2018-09-24 09:50:40,133 - mylogger - INFO - 我的答案：海洋
2018-09-24 09:50:40,744 - mylogger - INFO - 选择选项
2018-09-24 09:50:43,153 - mylogger - INFO - 答案正确
2018-09-24 09:50:43,155 - mylogger - INFO - 更新答案
2018-09-24 09:50:53,791 - mylogger - INFO - 本题结束
2018-09-24 09:50:53,793 - mylogger - INFO - 获取题目
2018-09-24 09:50:56,833 - mylogger - INFO - 第 C.  扩香石 题
2018-09-24 09:50:57,128 - mylogger - INFO - 8
2018-09-24 09:50:58,049 - mylogger - INFO - ['要点燃的芳香用品是？', '香氛蜡烛', '香水']
2018-09-24 09:50:58,060 - mylogger - INFO - 数据库中检索答案
2018-09-24 09:50:58,062 - mylogger - INFO - 数据中无答案
2018-09-24 09:50:58,518 - mylogger - INFO - 在线检索答案：
2018-09-24 09:50:58,519 - mylogger - INFO - 我的答案：要点燃的芳香用品是？
2018-09-24 09:52:21,027 - mylogger - INFO - 进入排位赛
2018-09-24 09:52:21,029 - mylogger - INFO - 正在匹配中......
2018-09-24 09:53:04,734 - mylogger - INFO - 匹配成功
2018-09-24 09:53:04,735 - mylogger - INFO - 获取题目
2018-09-24 09:53:07,738 - mylogger - INFO - 第 1 题
2018-09-24 09:53:08,057 - mylogger - INFO - 以下哪部作品与《大闹天宫》属于同一个国家的动画电影？
2018-09-24 09:53:08,963 - mylogger - INFO - ['《千与千寻》', '《冰河世纪》', '《铁扇公主》']
2018-09-24 09:53:08,973 - mylogger - INFO - 数据库中检索答案
2018-09-24 09:53:08,976 - mylogger - INFO - 数据中无答案
2018-09-24 09:53:09,903 - mylogger - INFO - 在线检索答案：
2018-09-24 09:53:09,904 - mylogger - INFO - 我的答案：《千与千寻》
2018-09-24 09:53:10,503 - mylogger - INFO - 选择选项
2018-09-24 09:53:12,865 - mylogger - INFO - 答案错误
2018-09-24 09:53:13,066 - mylogger - INFO - 正确答案；《铁扇公主》
2018-09-24 09:53:13,068 - mylogger - INFO - 更新答案
2018-09-24 09:53:15,879 - mylogger - INFO - 本题结束
2018-09-24 09:53:15,882 - mylogger - INFO - 获取题目
2018-09-24 09:53:17,658 - mylogger - INFO - 第 2 题
2018-09-24 09:53:17,954 - mylogger - INFO - 下列不属于美国名车的是?
2018-09-24 09:53:18,884 - mylogger - INFO - ['福特', '林肯', '法拉利']
2018-09-24 09:53:18,894 - mylogger - INFO - 数据库中检索答案
2018-09-24 09:53:18,896 - mylogger - INFO - 数据中无答案
2018-09-24 09:53:20,126 - mylogger - INFO - 在线检索答案：法拉利
2018-09-24 09:53:20,127 - mylogger - INFO - 我的答案：法拉利
2018-09-24 09:53:20,707 - mylogger - INFO - 选择选项
2018-09-24 09:53:23,143 - mylogger - INFO - 答案正确
2018-09-24 09:53:23,145 - mylogger - INFO - 更新答案
2018-09-24 09:53:23,589 - mylogger - INFO - 本题结束
2018-09-24 09:53:23,592 - mylogger - INFO - 获取题目
2018-09-24 09:53:26,683 - mylogger - INFO - 第 3 题
2018-09-24 09:53:26,980 - mylogger - INFO - UC浏览器产品的吉祥物形象是什么
2018-09-24 09:53:27,954 - mylogger - INFO - ['狐狸', '松鼠', '老鼠']
2018-09-24 09:53:27,964 - mylogger - INFO - 数据库中检索答案
2018-09-24 09:53:27,968 - mylogger - INFO - 数据中无答案
2018-09-24 09:53:29,564 - mylogger - INFO - 在线检索答案：松鼠
2018-09-24 09:53:29,565 - mylogger - INFO - 我的答案：松鼠
2018-09-24 09:53:30,163 - mylogger - INFO - 选择选项
2018-09-24 09:53:32,625 - mylogger - INFO - 答案正确
2018-09-24 09:53:32,627 - mylogger - INFO - 更新答案
2018-09-24 09:53:38,799 - mylogger - INFO - 本题结束
2018-09-24 09:53:38,802 - mylogger - INFO - 获取题目
2018-09-24 09:53:40,564 - mylogger - INFO - 第 4 题
2018-09-24 09:53:40,855 - mylogger - INFO - 人体中最大的淋巴器官是什么？
2018-09-24 09:53:41,716 - mylogger - INFO - ['肝', '脾', '肾']
2018-09-24 09:53:41,727 - mylogger - INFO - 数据库中检索答案
2018-09-24 09:53:41,729 - mylogger - INFO - 数据中无答案
2018-09-24 09:53:42,564 - mylogger - INFO - 在线检索答案：脾
2018-09-24 09:53:42,565 - mylogger - INFO - 我的答案：脾
2018-09-24 09:53:43,153 - mylogger - INFO - 选择选项
2018-09-24 09:53:45,560 - mylogger - INFO - 答案正确
2018-09-24 09:53:45,562 - mylogger - INFO - 更新答案
2018-09-24 09:53:56,193 - mylogger - INFO - 本题结束
2018-09-24 09:53:56,196 - mylogger - INFO - 获取题目
2018-09-24 09:53:57,055 - mylogger - INFO - 第 390 题
2018-09-24 09:53:57,319 - mylogger - INFO - 雨中客
2018-09-24 09:53:58,289 - mylogger - INFO - ['', '', '']
2018-09-24 09:53:58,298 - mylogger - INFO - 数据库中检索答案
2018-09-24 09:53:58,299 - mylogger - INFO - 数据中无答案
2018-09-24 09:53:58,751 - mylogger - INFO - 在线检索答案：
2018-09-24 09:53:58,752 - mylogger - INFO - 我的答案：
2018-09-24 10:14:47,328 - mylogger - INFO - 进入排位赛
2018-09-24 10:14:47,329 - mylogger - INFO - 正在匹配中......
2018-09-24 10:15:08,748 - mylogger - INFO - 匹配成功
2018-09-24 10:15:08,749 - mylogger - INFO - 获取题目
2018-09-24 10:15:12,009 - mylogger - INFO - 第 1 题
2018-09-24 10:15:12,365 - mylogger - INFO - 范冰冰参加柏林国际电影节的礼服“丹凤朝阳”是哪个设计师的作品？
2018-09-24 10:15:13,385 - mylogger - INFO - ['劳伦斯·许', '王薇薇', '殷亦晴']
2018-09-24 10:15:13,401 - mylogger - INFO - 数据库中检索答案
2018-09-24 10:15:13,403 - mylogger - INFO - 数据中无答案
2018-09-24 10:15:14,223 - mylogger - INFO - 在线检索答案：劳伦斯·许
2018-09-24 10:15:14,224 - mylogger - INFO - 我的答案：劳伦斯·许
2018-09-24 10:15:14,953 - mylogger - INFO - 选择选项
2018-09-24 10:15:17,390 - mylogger - INFO - 答案正确
2018-09-24 10:15:17,392 - mylogger - INFO - 更新答案
2018-09-24 10:15:28,147 - mylogger - INFO - 本题结束
2018-09-24 10:15:28,149 - mylogger - INFO - 获取题目
2018-09-24 10:15:28,926 - mylogger - INFO - 第 2 题
2018-09-24 10:15:29,254 - mylogger - INFO - “花自飘零水自流，一种相思，两处闲愁”这首词的词牌是？
2018-09-24 10:15:30,465 - mylogger - INFO - ['一剪梅', '蝶恋花', '']
2018-09-24 10:15:30,474 - mylogger - INFO - 数据库中检索答案
2018-09-24 10:15:30,476 - mylogger - INFO - 数据中无答案
2018-09-24 10:15:31,328 - mylogger - INFO - 在线检索答案：
2018-09-24 10:15:31,329 - mylogger - INFO - 我的答案：一剪梅
2018-09-24 10:15:31,910 - mylogger - INFO - 选择选项
2018-09-24 10:16:37,634 - mylogger - INFO - 进入排位赛
2018-09-24 10:16:37,638 - mylogger - INFO - 正在匹配中......
2018-09-24 10:17:37,814 - mylogger - WARNING - 匹配失败
2018-09-24 10:17:38,120 - mylogger - INFO - 返回游戏页面
2018-09-24 10:17:39,748 - mylogger - INFO - 进入排位赛
2018-09-24 10:17:39,752 - mylogger - INFO - 正在匹配中......
2018-09-24 10:17:51,392 - mylogger - INFO - 匹配成功
2018-09-24 10:17:51,395 - mylogger - INFO - 获取题目
2018-09-24 10:17:54,737 - mylogger - INFO - 第 1 题
2018-09-24 10:17:55,052 - mylogger - INFO - 以下哪位明星和小孩子的合影被调侃为“吃小孩”？
2018-09-24 10:17:56,092 - mylogger - INFO - ['孙红雷', '陈伟霆', '王大陆']
2018-09-24 10:17:56,101 - mylogger - INFO - 数据库中检索答案
2018-09-24 10:17:56,127 - mylogger - INFO - 数据中无答案
2018-09-24 10:17:57,457 - mylogger - INFO - 在线检索答案：王大陆
2018-09-24 10:17:57,460 - mylogger - INFO - 我的答案：王大陆
2018-09-24 10:17:58,119 - mylogger - INFO - 选择选项
2018-09-24 10:18:00,640 - mylogger - INFO - 答案正确
2018-09-24 10:18:00,643 - mylogger - INFO - 更新答案
2018-09-24 10:18:02,014 - mylogger - INFO - 本题结束
2018-09-24 10:18:02,019 - mylogger - INFO - 获取题目
2018-09-24 10:18:03,980 - mylogger - INFO - 第 2 题
2018-09-24 10:18:04,469 - mylogger - INFO - 一质点做匀速圆周运动，下列物理量不变的是
2018-09-24 10:18:05,496 - mylogger - INFO - ['向心加速度', '合外力', '转速']
2018-09-24 10:18:05,508 - mylogger - INFO - 数据库中检索答案
2018-09-24 10:18:05,522 - mylogger - INFO - 数据中无答案
2018-09-24 10:18:07,783 - mylogger - INFO - 在线检索答案：向心加速度
2018-09-24 10:18:07,787 - mylogger - INFO - 我的答案：向心加速度
2018-09-24 10:18:08,552 - mylogger - INFO - 选择选项
2018-09-24 10:18:11,136 - mylogger - INFO - 答案错误
2018-09-24 10:18:11,365 - mylogger - INFO - 正确答案；转速
2018-09-24 10:18:11,369 - mylogger - INFO - 更新答案
2018-09-24 10:18:12,779 - mylogger - INFO - 本题结束
2018-09-24 10:18:12,784 - mylogger - INFO - 获取题目
2018-09-24 10:18:14,734 - mylogger - INFO - 第 3 题
2018-09-24 10:18:15,091 - mylogger - INFO - 《火影忍者》忍界大战中，谁用变身术潜伏在医疗部队暗杀医疗上忍
2018-09-24 10:18:16,170 - mylogger - INFO - ['白绝', '带土', '兜']
2018-09-24 10:18:16,184 - mylogger - INFO - 数据库中检索答案
2018-09-24 10:18:16,207 - mylogger - INFO - 数据中无答案
2018-09-24 10:18:17,524 - mylogger - INFO - 在线检索答案：白绝
2018-09-24 10:18:17,527 - mylogger - INFO - 我的答案：白绝
2018-09-24 10:18:18,113 - mylogger - INFO - 选择选项
2018-09-24 10:18:20,642 - mylogger - INFO - 答案正确
2018-09-24 10:18:20,645 - mylogger - INFO - 更新答案
2018-09-24 10:18:31,272 - mylogger - INFO - 本题结束
2018-09-24 10:18:31,276 - mylogger - INFO - 获取题目
2018-09-24 10:18:32,021 - mylogger - INFO - 第 4 题
2018-09-24 10:18:32,399 - mylogger - INFO - 历史上“最早除夕”是哪一天？
2018-09-24 10:18:33,616 - mylogger - INFO - ['1月20日', '1月19日', '1月21日']
2018-09-24 10:18:33,627 - mylogger - INFO - 数据库中检索答案
2018-09-24 10:18:33,636 - mylogger - INFO - 数据中无答案
2018-09-24 10:18:34,822 - mylogger - INFO - 在线检索答案：1月21日
2018-09-24 10:18:34,825 - mylogger - INFO - 我的答案：1月21日
2018-09-24 10:18:35,468 - mylogger - INFO - 选择选项
2018-09-24 10:19:41,260 - mylogger - INFO - 进入排位赛
2018-09-24 10:19:41,264 - mylogger - INFO - 正在匹配中......
2018-09-24 10:45:56,976 - mylogger - INFO - 进入排位赛
2018-09-24 10:45:56,978 - mylogger - INFO - 正在匹配中......
2018-09-24 10:46:35,728 - mylogger - INFO - 匹配成功
2018-09-24 10:46:35,729 - mylogger - INFO - 获取题目
2018-09-24 10:46:39,027 - mylogger - INFO - 第 1 题
2018-09-24 10:46:39,349 - mylogger - INFO - 《三国演义》开篇词的词牌名是？
2018-09-24 10:46:40,382 - mylogger - INFO - ['渔家傲', '山坡羊', '临江仙']
2018-09-24 10:46:40,393 - mylogger - INFO - 数据库中检索答案
2018-09-24 10:46:40,394 - mylogger - INFO - 数据中无答案
2018-09-24 10:46:41,349 - mylogger - INFO - 在线检索答案：临江仙
2018-09-24 10:46:41,350 - mylogger - INFO - 我的答案：临江仙
2018-09-24 10:46:41,942 - mylogger - INFO - 选择选项
2018-09-24 10:46:44,492 - mylogger - INFO - 答案正确
2018-09-24 10:46:44,493 - mylogger - INFO - 更新答案
2018-09-24 10:46:53,893 - mylogger - INFO - 本题结束
2018-09-24 10:46:53,895 - mylogger - INFO - 获取题目
2018-09-24 10:46:55,758 - mylogger - INFO - 第 2 题
2018-09-24 10:46:56,134 - mylogger - INFO - 口感甜软的“桂花糖芋苗” 是哪里的传统名吃？
2018-09-24 10:46:57,158 - mylogger - INFO - ['南京', '北京', '上海']
2018-09-24 10:46:57,167 - mylogger - INFO - 数据库中检索答案
2018-09-24 10:46:57,169 - mylogger - INFO - 我的答案：南京
2018-09-24 10:46:57,853 - mylogger - INFO - 选择选项
2018-09-24 10:47:00,354 - mylogger - INFO - 答案正确
2018-09-24 10:47:00,355 - mylogger - INFO - 更新答案
2018-09-24 10:47:10,875 - mylogger - INFO - 本题结束
2018-09-24 10:47:10,877 - mylogger - INFO - 获取题目
2018-09-24 10:47:12,715 - mylogger - INFO - 第 3 题
2018-09-24 10:47:13,040 - mylogger - INFO - 患者大量输入库血后容易出现：
2018-09-24 10:47:14,068 - mylogger - INFO - ['低血钾', '高血钠', '低血钙']
2018-09-24 10:47:14,078 - mylogger - INFO - 数据库中检索答案
2018-09-24 10:47:14,079 - mylogger - INFO - 数据中无答案
2018-09-24 10:47:15,333 - mylogger - INFO - 在线检索答案：低血钾
2018-09-24 10:47:15,334 - mylogger - INFO - 我的答案：低血钾
2018-09-24 10:47:16,014 - mylogger - INFO - 选择选项
2018-09-24 10:47:18,493 - mylogger - INFO - 答案错误
2018-09-24 10:47:18,755 - mylogger - INFO - 正确答案；低血钙
2018-09-24 10:47:18,757 - mylogger - INFO - 更新答案
2018-09-24 10:47:28,180 - mylogger - INFO - 本题结束
2018-09-24 10:47:28,183 - mylogger - INFO - 获取题目
2018-09-24 10:47:30,055 - mylogger - INFO - 第 4 题
2018-09-24 10:47:30,387 - mylogger - INFO - 围棋业余段位以下称“级”，以（）级为最高
2018-09-24 10:47:31,463 - mylogger - INFO - ['1', '5', '10']
2018-09-24 10:47:31,469 - mylogger - INFO - 数据库中检索答案
2018-09-24 10:47:31,475 - mylogger - INFO - 数据中无答案
2018-09-24 10:47:32,332 - mylogger - INFO - 在线检索答案：1
2018-09-24 10:47:32,333 - mylogger - INFO - 我的答案：1
2018-09-24 10:47:32,983 - mylogger - INFO - 选择选项
2018-09-24 10:47:35,568 - mylogger - INFO - 答案正确
2018-09-24 10:47:35,570 - mylogger - INFO - 更新答案
2018-09-24 10:47:44,016 - mylogger - INFO - 本题结束
2018-09-24 10:47:44,018 - mylogger - INFO - 获取题目
2018-09-24 10:47:45,940 - mylogger - INFO - 第 5 题
2018-09-24 10:47:46,273 - mylogger - INFO - 南方农业生产水平超过北方是从什么时期开始的？
2018-09-24 10:47:47,272 - mylogger - INFO - ['明', '五代', '南宋']
2018-09-24 10:47:47,280 - mylogger - INFO - 数据库中检索答案
2018-09-24 10:47:47,282 - mylogger - INFO - 数据中无答案
2018-09-24 10:47:48,942 - mylogger - INFO - 在线检索答案：五代
2018-09-24 10:47:48,943 - mylogger - INFO - 我的答案：五代
2018-09-24 10:47:49,573 - mylogger - INFO - 选择选项
2018-09-24 10:47:52,033 - mylogger - INFO - 答案正确
2018-09-24 10:47:52,034 - mylogger - INFO - 更新答案
2018-09-24 10:47:52,547 - mylogger - INFO - 本题结束
2018-09-24 10:47:52,767 - mylogger - INFO - 本场比赛结束
2018-09-24 10:47:53,021 - mylogger - INFO - 返回游戏页面
2018-09-24 10:47:54,656 - mylogger - INFO - 进入排位赛
2018-09-24 10:47:54,657 - mylogger - INFO - 正在匹配中......
2018-09-24 10:48:55,216 - mylogger - WARNING - 匹配失败
2018-09-24 10:48:55,515 - mylogger - INFO - 返回游戏页面
2018-09-24 10:48:57,153 - mylogger - INFO - 进入排位赛
2018-09-24 10:48:57,154 - mylogger - INFO - 正在匹配中......
2018-09-24 10:49:57,458 - mylogger - WARNING - 匹配失败
2018-09-24 10:49:57,747 - mylogger - INFO - 返回游戏页面
2018-09-24 10:49:59,382 - mylogger - INFO - 进入排位赛
2018-09-24 10:49:59,383 - mylogger - INFO - 正在匹配中......
2018-09-24 10:50:59,068 - mylogger - INFO - 匹配成功
2018-09-24 10:50:59,069 - mylogger - INFO - 获取题目
2018-09-24 10:51:02,181 - mylogger - INFO - 第 1 题
2018-09-24 10:51:02,545 - mylogger - INFO - 明、清两代科举考试中最高级别的考试是？
2018-09-24 10:51:03,511 - mylogger - INFO - ['乡试', '殿试', '童试']
2018-09-24 10:51:03,520 - mylogger - INFO - 数据库中检索答案
2018-09-24 10:51:03,522 - mylogger - INFO - 数据中无答案
2018-09-24 10:51:05,631 - mylogger - INFO - 在线检索答案：殿试
2018-09-24 10:51:05,632 - mylogger - INFO - 我的答案：殿试
2018-09-24 10:51:06,273 - mylogger - INFO - 选择选项
2018-09-24 10:51:08,720 - mylogger - INFO - 答案正确
2018-09-24 10:51:08,721 - mylogger - INFO - 更新答案
2018-09-24 10:51:19,145 - mylogger - INFO - 本题结束
2018-09-24 10:51:19,148 - mylogger - INFO - 获取题目
2018-09-24 10:51:19,928 - mylogger - INFO - 第 C.  英国 题
2018-09-24 10:51:20,281 - mylogger - INFO - 2
2018-09-24 10:51:21,343 - mylogger - INFO - ['第一个父亲节诞生在哪个国家？', '美国', '法国']
2018-09-24 10:51:21,354 - mylogger - INFO - 数据库中检索答案
2018-09-24 10:51:21,355 - mylogger - INFO - 数据中无答案
2018-09-24 10:51:21,738 - mylogger - INFO - 在线检索答案：
2018-09-24 10:51:21,739 - mylogger - INFO - 我的答案：第一个父亲节诞生在哪个国家？
2018-09-24 10:52:44,604 - mylogger - INFO - 进入排位赛
2018-09-24 10:52:44,606 - mylogger - INFO - 正在匹配中......
2018-09-24 10:53:44,807 - mylogger - WARNING - 匹配失败
2018-09-24 10:53:45,091 - mylogger - INFO - 返回游戏页面
2018-09-24 10:53:46,696 - mylogger - INFO - 进入排位赛
2018-09-24 10:53:46,697 - mylogger - INFO - 正在匹配中......
2018-09-24 10:54:08,700 - mylogger - INFO - 匹配成功
2018-09-24 10:54:08,702 - mylogger - INFO - 获取题目
2018-09-24 10:54:15,337 - mylogger - INFO - 第 1 题
2018-09-24 10:54:15,693 - mylogger - INFO - 元代官方的邮递系统是？
2018-09-24 10:54:16,714 - mylogger - INFO - ['宅急送', '驿站', '急递铺']
2018-09-24 10:54:16,726 - mylogger - INFO - 数据库中检索答案
2018-09-24 10:54:16,728 - mylogger - INFO - 数据中无答案
2018-09-24 10:54:17,933 - mylogger - INFO - 在线检索答案：急递铺
2018-09-24 10:54:17,934 - mylogger - INFO - 我的答案：急递铺
2018-09-24 10:54:18,598 - mylogger - INFO - 选择选项
2018-09-24 10:54:21,063 - mylogger - INFO - 答案正确
2018-09-24 10:54:21,064 - mylogger - INFO - 更新答案
2018-09-24 10:54:22,442 - mylogger - INFO - 本题结束
2018-09-24 10:54:22,444 - mylogger - INFO - 获取题目
2018-09-24 10:54:24,278 - mylogger - INFO - 第 2 题
2018-09-24 10:54:24,594 - mylogger - INFO - “风之子”是哪位足球运动员的别名？
2018-09-24 10:54:25,554 - mylogger - INFO - ['布鲁查加', '卡尼吉亚', '巴乔']
2018-09-24 10:54:25,564 - mylogger - INFO - 数据库中检索答案
2018-09-24 10:54:25,566 - mylogger - INFO - 数据中无答案
2018-09-24 10:54:26,362 - mylogger - INFO - 在线检索答案：卡尼吉亚
2018-09-24 10:54:26,363 - mylogger - INFO - 我的答案：卡尼吉亚
2018-09-24 10:54:27,013 - mylogger - INFO - 选择选项
2018-09-24 10:54:29,453 - mylogger - INFO - 答案正确
2018-09-24 10:54:29,455 - mylogger - INFO - 更新答案
2018-09-24 10:54:30,833 - mylogger - INFO - 本题结束
2018-09-24 10:54:30,836 - mylogger - INFO - 获取题目
2018-09-24 10:54:32,669 - mylogger - INFO - 第 3 题
2018-09-24 10:54:32,969 - mylogger - INFO - “玉溪生”是哪位诗人的别号？
2018-09-24 10:54:33,910 - mylogger - INFO - ['王安石', '刘禹锡', '李商隐']
2018-09-24 10:54:33,921 - mylogger - INFO - 数据库中检索答案
2018-09-24 10:54:33,923 - mylogger - INFO - 数据中无答案
2018-09-24 10:54:34,659 - mylogger - INFO - 在线检索答案：李商隐
2018-09-24 10:54:34,660 - mylogger - INFO - 我的答案：李商隐
2018-09-24 10:54:35,354 - mylogger - INFO - 选择选项
2018-09-24 10:54:37,839 - mylogger - INFO - 答案正确
2018-09-24 10:54:37,840 - mylogger - INFO - 更新答案
2018-09-24 10:54:39,213 - mylogger - INFO - 本题结束
2018-09-24 10:54:39,215 - mylogger - INFO - 获取题目
2018-09-24 10:54:41,150 - mylogger - INFO - 第 4 题
2018-09-24 10:54:41,447 - mylogger - INFO - 迪奥品牌的创立时间是？
2018-09-24 10:54:42,403 - mylogger - INFO - ['1962年', '1928年', '1946年']
2018-09-24 10:54:42,411 - mylogger - INFO - 数据库中检索答案
2018-09-24 10:54:42,413 - mylogger - INFO - 我的答案：1946年
2018-09-24 10:54:42,998 - mylogger - INFO - 选择选项
2018-09-24 10:54:45,469 - mylogger - INFO - 答案正确
2018-09-24 10:54:45,470 - mylogger - INFO - 更新答案
2018-09-24 10:54:46,855 - mylogger - INFO - 本题结束
2018-09-24 10:54:46,857 - mylogger - INFO - 获取题目
2018-09-24 10:54:49,980 - mylogger - INFO - 第 5 题
2018-09-24 10:54:50,312 - mylogger - INFO - 隋智永称以下哪部为“正书第一”，唐代褚遂良也极为称赞
2018-09-24 10:54:51,230 - mylogger - INFO - ['乐毅论', '兰亭集序', '黄庭经']
2018-09-24 10:54:51,244 - mylogger - INFO - 数据库中检索答案
2018-09-24 10:54:51,245 - mylogger - INFO - 数据中无答案
2018-09-24 10:54:52,069 - mylogger - INFO - 在线检索答案：乐毅论
2018-09-24 10:54:52,070 - mylogger - INFO - 我的答案：乐毅论
2018-09-24 10:54:52,693 - mylogger - INFO - 选择选项
2018-09-24 10:54:55,164 - mylogger - INFO - 答案正确
2018-09-24 10:54:55,166 - mylogger - INFO - 更新答案
2018-09-24 10:54:57,828 - mylogger - INFO - 本题结束
2018-09-24 10:54:57,950 - mylogger - INFO - 本场比赛结束
2018-09-24 10:54:58,219 - mylogger - INFO - 返回游戏页面
2018-09-24 10:54:59,799 - mylogger - INFO - 进入排位赛
2018-09-24 10:54:59,801 - mylogger - INFO - 正在匹配中......
2018-09-24 10:56:00,549 - mylogger - WARNING - 匹配失败
2018-09-24 10:56:00,825 - mylogger - INFO - 返回游戏页面
2018-09-24 10:56:02,422 - mylogger - INFO - 进入排位赛
2018-09-24 10:56:02,424 - mylogger - INFO - 正在匹配中......
2018-09-24 10:57:02,929 - mylogger - WARNING - 匹配失败
2018-09-24 10:57:03,220 - mylogger - INFO - 返回游戏页面
2018-09-24 10:57:04,840 - mylogger - INFO - 进入排位赛
2018-09-24 10:57:04,841 - mylogger - INFO - 正在匹配中......
2018-09-24 10:58:05,594 - mylogger - WARNING - 匹配失败
2018-09-24 10:58:05,863 - mylogger - INFO - 返回游戏页面
2018-09-24 10:58:07,432 - mylogger - INFO - 进入排位赛
2018-09-24 10:58:07,434 - mylogger - INFO - 正在匹配中......
2018-09-24 10:59:07,997 - mylogger - WARNING - 匹配失败
2018-09-24 10:59:08,270 - mylogger - INFO - 返回游戏页面
2018-09-24 10:59:09,850 - mylogger - INFO - 进入排位赛
2018-09-24 10:59:09,852 - mylogger - INFO - 正在匹配中......
2018-09-24 10:59:45,142 - mylogger - INFO - 匹配成功
2018-09-24 10:59:45,144 - mylogger - INFO - 获取题目
2018-09-24 10:59:48,213 - mylogger - INFO - 第 1 题
2018-09-24 10:59:48,523 - mylogger - INFO - “神舟”号是我国自行研制的什么飞船？
2018-09-24 10:59:49,508 - mylogger - INFO - ['航天飞船', '载人宇宙飞船', '国际航空飞船']
2018-09-24 10:59:49,518 - mylogger - INFO - 数据库中检索答案
2018-09-24 10:59:49,520 - mylogger - INFO - 数据中无答案
2018-09-24 10:59:50,482 - mylogger - INFO - 在线检索答案：载人宇宙飞船
2018-09-24 10:59:50,484 - mylogger - INFO - 我的答案：载人宇宙飞船
2018-09-24 10:59:51,183 - mylogger - INFO - 选择选项
2018-09-24 10:59:53,675 - mylogger - INFO - 答案正确
2018-09-24 10:59:53,677 - mylogger - INFO - 更新答案
2018-09-24 10:59:59,651 - mylogger - INFO - 本题结束
2018-09-24 10:59:59,653 - mylogger - INFO - 获取题目
2018-09-24 11:00:01,476 - mylogger - INFO - 第 2 题
2018-09-24 11:00:01,808 - mylogger - INFO - 截至2012年世界最辣的辣椒是哪一种？
2018-09-24 11:00:02,776 - mylogger - INFO - ['白哈瓦那', '云南小米椒', '卡罗来纳死神']
2018-09-24 11:00:02,787 - mylogger - INFO - 数据库中检索答案
2018-09-24 11:00:02,789 - mylogger - INFO - 数据中无答案
2018-09-24 11:00:03,688 - mylogger - INFO - 在线检索答案：白哈瓦那
2018-09-24 11:00:03,689 - mylogger - INFO - 我的答案：白哈瓦那
2018-09-24 11:00:04,316 - mylogger - INFO - 选择选项
2018-09-24 11:00:06,754 - mylogger - INFO - 答案错误
2018-09-24 11:00:06,980 - mylogger - INFO - 正确答案；卡罗来纳死神
2018-09-24 11:00:06,982 - mylogger - INFO - 更新答案
2018-09-24 11:00:08,418 - mylogger - INFO - 本题结束
2018-09-24 11:00:08,420 - mylogger - INFO - 获取题目
2018-09-24 11:00:10,301 - mylogger - INFO - 第 3 题
2018-09-24 11:00:10,746 - mylogger - INFO - 下列选项中，哪个不属于俄罗斯联邦武装力量的四大军种之一？
2018-09-24 11:00:11,784 - mylogger - INFO - ['内卫部队', '空军', '战略火箭军']
2018-09-24 11:00:11,795 - mylogger - INFO - 数据库中检索答案
2018-09-24 11:00:11,797 - mylogger - INFO - 数据中无答案
2018-09-24 11:00:13,003 - mylogger - INFO - 在线检索答案：内卫部队
2018-09-24 11:00:13,004 - mylogger - INFO - 我的答案：内卫部队
2018-09-24 11:00:13,609 - mylogger - INFO - 选择选项
2018-09-24 11:00:16,090 - mylogger - INFO - 答案正确
2018-09-24 11:00:16,092 - mylogger - INFO - 更新答案
2018-09-24 11:00:17,471 - mylogger - INFO - 本题结束
2018-09-24 11:00:17,473 - mylogger - INFO - 获取题目
2018-09-24 11:00:19,407 - mylogger - INFO - 第 4 题
2018-09-24 11:00:19,734 - mylogger - INFO - 在《新白发魔女传》中，女一号“白发魔女”是哪个演员饰演的？
2018-09-24 11:00:20,713 - mylogger - INFO - ['舒淇', '姚晨', '马苏']
2018-09-24 11:00:20,724 - mylogger - INFO - 数据库中检索答案
2018-09-24 11:00:20,726 - mylogger - INFO - 数据中无答案
2018-09-24 11:00:21,906 - mylogger - INFO - 在线检索答案：马苏
2018-09-24 11:00:21,908 - mylogger - INFO - 我的答案：马苏
2018-09-24 11:00:22,568 - mylogger - INFO - 选择选项
2018-09-24 11:00:24,994 - mylogger - INFO - 答案正确
2018-09-24 11:00:24,996 - mylogger - INFO - 更新答案
2018-09-24 11:00:26,331 - mylogger - INFO - 本题结束
2018-09-24 11:00:26,333 - mylogger - INFO - 获取题目
2018-09-24 11:00:29,370 - mylogger - INFO - 第 5 题
2018-09-24 11:00:29,705 - mylogger - INFO - eddadior隶属于哪个品牌？
2018-09-24 11:00:30,708 - mylogger - INFO - ['范思哲', '圣罗兰', '迪奥']
2018-09-24 11:00:30,718 - mylogger - INFO - 数据库中检索答案
2018-09-24 11:00:30,719 - mylogger - INFO - 数据中无答案
2018-09-24 11:00:31,534 - mylogger - INFO - 在线检索答案：迪奥
2018-09-24 11:00:31,535 - mylogger - INFO - 我的答案：迪奥
2018-09-24 11:00:32,150 - mylogger - INFO - 选择选项
2018-09-24 11:00:34,605 - mylogger - INFO - 答案正确
2018-09-24 11:00:34,606 - mylogger - INFO - 更新答案
2018-09-24 11:00:35,980 - mylogger - INFO - 本题结束
2018-09-24 11:00:36,153 - mylogger - INFO - 本场比赛结束
2018-09-24 11:00:36,425 - mylogger - INFO - 返回游戏页面
2018-09-24 11:00:37,913 - mylogger - INFO - 进入排位赛
2018-09-24 11:00:37,914 - mylogger - INFO - 正在匹配中......
2018-09-24 11:01:24,251 - mylogger - INFO - 匹配成功
2018-09-24 11:01:24,252 - mylogger - INFO - 获取题目
2018-09-24 11:01:27,520 - mylogger - INFO - 第 1 题
2018-09-24 11:01:27,853 - mylogger - INFO - 九尺板鸭的产地九尺镇位于哪座城市？
2018-09-24 11:01:28,845 - mylogger - INFO - ['兰州', '济南', '成都']
2018-09-24 11:01:28,860 - mylogger - INFO - 数据库中检索答案
2018-09-24 11:01:28,861 - mylogger - INFO - 数据中无答案
2018-09-24 11:01:29,617 - mylogger - INFO - 在线检索答案：成都
2018-09-24 11:01:29,619 - mylogger - INFO - 我的答案：成都
2018-09-24 11:01:30,198 - mylogger - INFO - 选择选项
2018-09-24 11:01:32,687 - mylogger - INFO - 答案正确
2018-09-24 11:01:32,688 - mylogger - INFO - 更新答案
2018-09-24 11:01:42,001 - mylogger - INFO - 本题结束
2018-09-24 11:01:42,003 - mylogger - INFO - 获取题目
2018-09-24 11:01:43,901 - mylogger - INFO - 第 2 题
2018-09-24 11:01:44,305 - mylogger - INFO - “八大山人”是指点哪位画家？
2018-09-24 11:01:45,268 - mylogger - INFO - ['唐伯虎', '朱耷', '齐白石']
2018-09-24 11:01:45,278 - mylogger - INFO - 数据库中检索答案
2018-09-24 11:01:45,280 - mylogger - INFO - 数据中无答案
2018-09-24 11:01:46,184 - mylogger - INFO - 在线检索答案：朱耷
2018-09-24 11:01:46,185 - mylogger - INFO - 我的答案：朱耷
2018-09-24 11:01:46,776 - mylogger - INFO - 选择选项
2018-09-24 11:01:49,292 - mylogger - INFO - 答案正确
2018-09-24 11:01:49,293 - mylogger - INFO - 更新答案
2018-09-24 11:01:58,785 - mylogger - INFO - 本题结束
2018-09-24 11:01:58,788 - mylogger - INFO - 获取题目
2018-09-24 11:02:01,852 - mylogger - INFO - 第 3 题
2018-09-24 11:02:02,166 - mylogger - INFO - 国际象棋中共有多少“兵卒”？
2018-09-24 11:02:03,197 - mylogger - INFO - ['8个', '16个', '12个']
2018-09-24 11:02:03,205 - mylogger - INFO - 数据库中检索答案
2018-09-24 11:02:03,206 - mylogger - INFO - 数据中无答案
2018-09-24 11:02:05,309 - mylogger - INFO - 在线检索答案：16个
2018-09-24 11:02:05,310 - mylogger - INFO - 我的答案：16个
2018-09-24 11:02:05,934 - mylogger - INFO - 选择选项
2018-09-24 11:02:08,471 - mylogger - INFO - 答案正确
2018-09-24 11:02:08,473 - mylogger - INFO - 更新答案
2018-09-24 11:02:16,657 - mylogger - INFO - 本题结束
2018-09-24 11:02:16,668 - mylogger - INFO - 获取题目
2018-09-24 11:02:18,530 - mylogger - INFO - 第 4 题
2018-09-24 11:02:18,829 - mylogger - INFO - AaBBCc与AABbCC的个体杂交，后代的表现型有
2018-09-24 11:02:19,837 - mylogger - INFO - ['16种', '8种', '1种']
2018-09-24 11:02:19,846 - mylogger - INFO - 数据库中检索答案
2018-09-24 11:02:19,852 - mylogger - INFO - 数据中无答案
2018-09-24 11:02:21,923 - mylogger - INFO - 在线检索答案：1种
2018-09-24 11:02:21,924 - mylogger - INFO - 我的答案：1种
2018-09-24 11:02:22,517 - mylogger - INFO - 选择选项
2018-09-24 11:02:24,977 - mylogger - INFO - 答案正确
2018-09-24 11:02:24,978 - mylogger - INFO - 更新答案
2018-09-24 11:02:33,122 - mylogger - INFO - 本题结束
2018-09-24 11:02:33,124 - mylogger - INFO - 获取题目
2018-09-24 11:02:36,179 - mylogger - INFO - 第 5 题
2018-09-24 11:02:36,482 - mylogger - INFO - 宇宙大爆炸最初是由谁提出的？
2018-09-24 11:02:37,624 - mylogger - INFO - ['牛顿', '霍金', '勒梅特']
2018-09-24 11:02:37,636 - mylogger - INFO - 数据库中检索答案
2018-09-24 11:02:37,638 - mylogger - INFO - 数据中无答案
2018-09-24 11:02:40,156 - mylogger - INFO - 在线检索答案：勒梅特
2018-09-24 11:02:40,157 - mylogger - INFO - 我的答案：勒梅特
2018-09-24 11:02:40,758 - mylogger - INFO - 选择选项
2018-09-24 11:02:43,225 - mylogger - INFO - 答案正确
2018-09-24 11:02:43,227 - mylogger - INFO - 更新答案
2018-09-24 11:02:44,805 - mylogger - INFO - 本题结束
2018-09-24 11:02:44,934 - mylogger - INFO - 本场比赛结束
2018-09-24 11:02:45,210 - mylogger - INFO - 返回游戏页面
2018-09-24 11:02:46,758 - mylogger - INFO - 进入排位赛
2018-09-24 11:02:46,760 - mylogger - INFO - 正在匹配中......
2018-09-24 11:03:20,040 - mylogger - INFO - 匹配成功
2018-09-24 11:03:20,041 - mylogger - INFO - 获取题目
2018-09-24 11:03:23,144 - mylogger - INFO - 第 1 题
2018-09-24 11:03:23,449 - mylogger - INFO - 百会穴，别名“三阳五会”，请问这个穴位在哪个位置？
2018-09-24 11:03:24,396 - mylogger - INFO - ['眼角外两侧', '头顶正中', '头的两侧，耳朵上方']
2018-09-24 11:03:24,408 - mylogger - INFO - 数据库中检索答案
2018-09-24 11:03:24,411 - mylogger - INFO - 我的答案：头顶正中
2018-09-24 11:03:25,052 - mylogger - INFO - 选择选项
2018-09-24 11:03:27,565 - mylogger - INFO - 答案正确
2018-09-24 11:03:27,566 - mylogger - INFO - 更新答案
2018-09-24 11:03:35,926 - mylogger - INFO - 本题结束
2018-09-24 11:03:35,948 - mylogger - INFO - 获取题目
2018-09-24 11:03:37,941 - mylogger - INFO - 第 2 题
2018-09-24 11:03:38,254 - mylogger - INFO - 下列选项中，哪一个是我国最大的重工业基地？
2018-09-24 11:03:39,237 - mylogger - INFO - ['沪宁杭', '珠三角', '辽中南']
2018-09-24 11:03:39,247 - mylogger - INFO - 数据库中检索答案
2018-09-24 11:03:39,249 - mylogger - INFO - 数据中无答案
2018-09-24 11:03:40,474 - mylogger - INFO - 在线检索答案：辽中南
2018-09-24 11:03:40,475 - mylogger - INFO - 我的答案：辽中南
2018-09-24 11:03:41,096 - mylogger - INFO - 选择选项
2018-09-24 11:03:43,632 - mylogger - INFO - 答案正确
2018-09-24 11:03:43,633 - mylogger - INFO - 更新答案
2018-09-24 11:03:50,742 - mylogger - INFO - 本题结束
2018-09-24 11:03:50,744 - mylogger - INFO - 获取题目
2018-09-24 11:03:52,641 - mylogger - INFO - 第 3 题
2018-09-24 11:03:52,934 - mylogger - INFO - 下列不属于奢侈品集团LVMH的品牌的是？
2018-09-24 11:03:53,805 - mylogger - INFO - ['YSL', 'Sephora   ', 'Loewe']
2018-09-24 11:03:53,815 - mylogger - INFO - 数据库中检索答案
2018-09-24 11:03:53,817 - mylogger - INFO - 数据中无答案
2018-09-24 11:03:54,705 - mylogger - INFO - 在线检索答案：YSL
2018-09-24 11:03:54,706 - mylogger - INFO - 我的答案：YSL
2018-09-24 11:03:55,329 - mylogger - INFO - 选择选项
2018-09-24 11:03:57,796 - mylogger - INFO - 答案正确
2018-09-24 11:03:57,797 - mylogger - INFO - 更新答案
2018-09-24 11:04:04,953 - mylogger - INFO - 本题结束
2018-09-24 11:04:04,954 - mylogger - INFO - 获取题目
2018-09-24 11:04:06,955 - mylogger - INFO - 第 4 题
2018-09-24 11:04:07,255 - mylogger - INFO - 二战后，第一位亲美的法国总统是谁？
2018-09-24 11:04:08,199 - mylogger - INFO - ['萨科齐', '密特朗', '希拉克']
2018-09-24 11:04:08,209 - mylogger - INFO - 数据库中检索答案
2018-09-24 11:04:08,212 - mylogger - INFO - 数据中无答案
2018-09-24 11:04:09,048 - mylogger - INFO - 在线检索答案：
2018-09-24 11:04:09,049 - mylogger - INFO - 我的答案：萨科齐
2018-09-24 11:04:09,641 - mylogger - INFO - 选择选项
2018-09-24 11:04:12,110 - mylogger - INFO - 答案正确
2018-09-24 11:04:12,111 - mylogger - INFO - 更新答案
2018-09-24 11:04:22,578 - mylogger - INFO - 本题结束
2018-09-24 11:04:22,580 - mylogger - INFO - 获取题目
2018-09-24 11:04:24,535 - mylogger - INFO - 第 5 题
2018-09-24 11:04:24,871 - mylogger - INFO - 哪个国家的运动员在圣路易斯奥运会的马拉松比赛中凭借“搭车”获得冠军？
2018-09-24 11:04:25,855 - mylogger - INFO - ['日本', '美国', '新加坡']
2018-09-24 11:04:25,862 - mylogger - INFO - 数据库中检索答案
2018-09-24 11:04:25,864 - mylogger - INFO - 数据中无答案
2018-09-24 11:04:27,273 - mylogger - INFO - 在线检索答案：美国
2018-09-24 11:04:27,274 - mylogger - INFO - 我的答案：美国
2018-09-24 11:04:27,927 - mylogger - INFO - 选择选项
2018-09-24 11:04:30,394 - mylogger - INFO - 答案正确
2018-09-24 11:04:30,396 - mylogger - INFO - 更新答案
2018-09-24 11:04:39,854 - mylogger - INFO - 本题结束
2018-09-24 11:04:39,975 - mylogger - INFO - 本场比赛结束
2018-09-24 11:04:40,284 - mylogger - INFO - 返回游戏页面
2018-09-24 11:04:41,951 - mylogger - INFO - 进入排位赛
2018-09-24 11:04:41,952 - mylogger - INFO - 正在匹配中......
2018-09-24 11:05:27,390 - mylogger - INFO - 匹配成功
2018-09-24 11:05:27,390 - mylogger - INFO - 获取题目
2018-09-24 11:05:30,457 - mylogger - INFO - 第 1 题
2018-09-24 11:05:30,774 - mylogger - INFO - 清朝发生的“九子夺嫡”最后哪位皇子夺取了皇位？
2018-09-24 11:05:31,714 - mylogger - INFO - ['二阿哥胤礽', '四阿哥胤禛', '八阿哥胤禩']
2018-09-24 11:05:31,724 - mylogger - INFO - 数据库中检索答案
2018-09-24 11:05:31,730 - mylogger - INFO - 数据中无答案
2018-09-24 11:05:32,610 - mylogger - INFO - 在线检索答案：二阿哥胤礽
2018-09-24 11:05:32,611 - mylogger - INFO - 我的答案：二阿哥胤礽
2018-09-24 11:05:33,217 - mylogger - INFO - 选择选项
2018-09-24 11:05:35,692 - mylogger - INFO - 答案错误
2018-09-24 11:05:35,837 - mylogger - INFO - 正确答案；四阿哥胤禛
2018-09-24 11:05:35,839 - mylogger - INFO - 更新答案
2018-09-24 11:05:36,114 - mylogger - INFO - 本题结束
2018-09-24 11:05:36,117 - mylogger - INFO - 获取题目
2018-09-24 11:05:39,286 - mylogger - INFO - 第 2 题
2018-09-24 11:05:39,606 - mylogger - INFO - 正方体有多少个面？
2018-09-24 11:05:40,655 - mylogger - INFO - ['9个面', '4个面', '6个面']
2018-09-24 11:05:40,664 - mylogger - INFO - 数据库中检索答案
2018-09-24 11:05:40,666 - mylogger - INFO - 数据中无答案
2018-09-24 11:05:41,520 - mylogger - INFO - 在线检索答案：6个面
2018-09-24 11:05:41,521 - mylogger - INFO - 我的答案：6个面
2018-09-24 11:05:42,078 - mylogger - INFO - 选择选项
2018-09-24 11:05:44,550 - mylogger - INFO - 答案正确
2018-09-24 11:05:44,552 - mylogger - INFO - 更新答案
2018-09-24 11:05:45,901 - mylogger - INFO - 本题结束
2018-09-24 11:05:45,903 - mylogger - INFO - 获取题目
2018-09-24 11:05:47,823 - mylogger - INFO - 第 3 题
2018-09-24 11:05:48,142 - mylogger - INFO - 在目前的世界围棋大赛中，中国人出资举办的有应氏杯和（）两项赛事。
2018-09-24 11:05:49,171 - mylogger - INFO - ['富士通杯', '三星杯', '春兰杯']
2018-09-24 11:05:49,180 - mylogger - INFO - 数据库中检索答案
2018-09-24 11:05:49,182 - mylogger - INFO - 数据中无答案
2018-09-24 11:05:51,338 - mylogger - INFO - 在线检索答案：春兰杯
2018-09-24 11:05:51,340 - mylogger - INFO - 我的答案：春兰杯
2018-09-24 11:05:51,930 - mylogger - INFO - 选择选项
2018-09-24 11:05:54,397 - mylogger - INFO - 答案正确
2018-09-24 11:05:54,399 - mylogger - INFO - 更新答案
2018-09-24 11:05:55,826 - mylogger - INFO - 本题结束
2018-09-24 11:05:55,828 - mylogger - INFO - 获取题目
2018-09-24 11:05:57,872 - mylogger - INFO - 第 4 题
2018-09-24 11:05:58,200 - mylogger - INFO - 世界上首个体细胞克隆猴“中中”的是哪个国家？
2018-09-24 11:05:59,175 - mylogger - INFO - ['中国', '日本', '英国']
2018-09-24 11:05:59,183 - mylogger - INFO - 数据库中检索答案
2018-09-24 11:05:59,184 - mylogger - INFO - 数据中无答案
2018-09-24 11:06:00,146 - mylogger - INFO - 在线检索答案：中国
2018-09-24 11:06:00,147 - mylogger - INFO - 我的答案：中国
2018-09-24 11:06:00,748 - mylogger - INFO - 选择选项
2018-09-24 11:06:03,213 - mylogger - INFO - 答案正确
2018-09-24 11:06:03,214 - mylogger - INFO - 更新答案
2018-09-24 11:06:13,721 - mylogger - INFO - 本题结束
2018-09-24 11:06:13,724 - mylogger - INFO - 获取题目
2018-09-24 11:06:14,423 - mylogger - INFO - 第 5 题
2018-09-24 11:06:14,839 - mylogger - INFO - 以下哪种花是资生堂品牌的标志？
2018-09-24 11:06:15,936 - mylogger - INFO - ['山茶花', '菊花', '向日葵']
2018-09-24 11:06:15,943 - mylogger - INFO - 数据库中检索答案
2018-09-24 11:06:15,945 - mylogger - INFO - 数据中无答案
2018-09-24 11:06:16,877 - mylogger - INFO - 在线检索答案：
2018-09-24 11:06:16,878 - mylogger - INFO - 我的答案：山茶花
2018-09-24 11:06:17,414 - mylogger - INFO - 选择选项
2018-09-24 11:07:21,730 - mylogger - INFO - 进入排位赛
2018-09-24 11:07:21,733 - mylogger - INFO - 正在匹配中......
2018-09-24 11:08:04,004 - mylogger - INFO - 匹配成功
2018-09-24 11:08:04,006 - mylogger - INFO - 获取题目
2018-09-24 11:08:07,119 - mylogger - INFO - 第 1 题
2018-09-24 11:08:07,464 - mylogger - INFO - 端午节距今有多少年的历史了？
2018-09-24 11:08:08,408 - mylogger - INFO - ['一千多年', '两千多年', '三千多年']
2018-09-24 11:08:08,418 - mylogger - INFO - 数据库中检索答案
2018-09-24 11:08:08,420 - mylogger - INFO - 数据中无答案
2018-09-24 11:08:09,184 - mylogger - INFO - 在线检索答案：两千多年
2018-09-24 11:08:09,186 - mylogger - INFO - 我的答案：两千多年
2018-09-24 11:08:09,784 - mylogger - INFO - 选择选项
2018-09-24 11:08:12,271 - mylogger - INFO - 答案正确
2018-09-24 11:08:12,273 - mylogger - INFO - 更新答案
2018-09-24 11:08:21,636 - mylogger - INFO - 本题结束
2018-09-24 11:08:21,640 - mylogger - INFO - 获取题目
2018-09-24 11:08:24,769 - mylogger - INFO - 第 2 题
2018-09-24 11:08:25,129 - mylogger - INFO - 人类最先到达的卫星是以下哪个？
2018-09-24 11:08:26,155 - mylogger - INFO - ['金星', '月球', '欧罗巴']
2018-09-24 11:08:26,165 - mylogger - INFO - 数据库中检索答案
2018-09-24 11:08:26,180 - mylogger - INFO - 数据中无答案
2018-09-24 11:08:27,114 - mylogger - INFO - 在线检索答案：月球
2018-09-24 11:08:27,117 - mylogger - INFO - 我的答案：月球
2018-09-24 11:08:27,749 - mylogger - INFO - 选择选项
2018-09-24 11:08:30,243 - mylogger - INFO - 答案正确
2018-09-24 11:08:30,255 - mylogger - INFO - 更新答案
2018-09-24 11:08:38,517 - mylogger - INFO - 本题结束
2018-09-24 11:08:38,521 - mylogger - INFO - 获取题目
2018-09-24 11:08:41,601 - mylogger - INFO - 第 3 题
2018-09-24 11:08:41,998 - mylogger - INFO - 歌手陈红演唱过哪首经典歌曲？
2018-09-24 11:08:43,029 - mylogger - INFO - ['《常回家看看》', '《好汉歌》', '《暧昧》']
2018-09-24 11:08:43,043 - mylogger - INFO - 数据库中检索答案
2018-09-24 11:08:43,051 - mylogger - INFO - 数据中无答案
2018-09-24 11:08:43,793 - mylogger - INFO - 在线检索答案：《常回家看看》
2018-09-24 11:08:43,796 - mylogger - INFO - 我的答案：《常回家看看》
2018-09-24 11:08:44,422 - mylogger - INFO - 选择选项
2018-09-24 11:08:47,032 - mylogger - INFO - 答案正确
2018-09-24 11:08:47,037 - mylogger - INFO - 更新答案
2018-09-24 11:08:56,395 - mylogger - INFO - 本题结束
2018-09-24 11:08:56,400 - mylogger - INFO - 获取题目
2018-09-24 11:08:58,266 - mylogger - INFO - 第 4 题
2018-09-24 11:08:58,570 - mylogger - INFO - 英语中的“Black Tea”是我们常说的哪类茶？
2018-09-24 11:08:59,587 - mylogger - INFO - ['红茶', '黑茶', '绿茶']
2018-09-24 11:08:59,599 - mylogger - INFO - 数据库中检索答案
2018-09-24 11:08:59,613 - mylogger - INFO - 数据中无答案
2018-09-24 11:09:01,411 - mylogger - INFO - 在线检索答案：红茶
2018-09-24 11:09:01,415 - mylogger - INFO - 我的答案：红茶
2018-09-24 11:09:02,091 - mylogger - INFO - 选择选项
2018-09-24 11:09:04,607 - mylogger - INFO - 答案正确
2018-09-24 11:09:04,611 - mylogger - INFO - 更新答案
2018-09-24 11:09:12,962 - mylogger - INFO - 本题结束
2018-09-24 11:09:12,966 - mylogger - INFO - 获取题目
2018-09-24 11:09:16,178 - mylogger - INFO - 第 5 题
2018-09-24 11:09:16,480 - mylogger - INFO - 孙家栋院士的研究领域是？
2018-09-24 11:09:17,572 - mylogger - INFO - ['航天', '计算机', '化工']
2018-09-24 11:09:17,583 - mylogger - INFO - 数据库中检索答案
2018-09-24 11:09:17,595 - mylogger - INFO - 数据中无答案
2018-09-24 11:09:19,742 - mylogger - INFO - 在线检索答案：航天
2018-09-24 11:09:19,745 - mylogger - INFO - 我的答案：航天
2018-09-24 11:09:20,386 - mylogger - INFO - 选择选项
2018-09-24 11:09:22,875 - mylogger - INFO - 答案正确
2018-09-24 11:09:22,879 - mylogger - INFO - 更新答案
2018-09-24 11:09:29,975 - mylogger - INFO - 本题结束
2018-09-24 11:09:30,164 - mylogger - INFO - 本场比赛结束
2018-09-24 11:09:30,439 - mylogger - INFO - 返回游戏页面
2018-09-24 11:09:32,023 - mylogger - INFO - 进入排位赛
2018-09-24 11:09:32,027 - mylogger - INFO - 正在匹配中......
2018-09-24 11:10:17,121 - mylogger - INFO - 匹配成功
2018-09-24 11:10:17,125 - mylogger - INFO - 获取题目
2018-09-24 11:10:20,334 - mylogger - INFO - 第 1 题
2018-09-24 11:10:20,698 - mylogger - INFO - 形容动物的鸣叫常用一个字表示，狼的叫声应该用？
2018-09-24 11:10:21,685 - mylogger - INFO - ['嗥', '嘶', '啸']
2018-09-24 11:10:21,699 - mylogger - INFO - 数据库中检索答案
2018-09-24 11:10:21,713 - mylogger - INFO - 数据中无答案
2018-09-24 11:10:23,523 - mylogger - INFO - 在线检索答案：啸
2018-09-24 11:10:23,527 - mylogger - INFO - 我的答案：啸
2018-09-24 11:10:24,167 - mylogger - INFO - 选择选项
2018-09-24 11:10:26,649 - mylogger - INFO - 答案错误
2018-09-24 11:10:26,801 - mylogger - INFO - 正确答案；嗥
2018-09-24 11:10:26,806 - mylogger - INFO - 更新答案
2018-09-24 11:10:27,063 - mylogger - INFO - 本题结束
2018-09-24 11:10:27,068 - mylogger - INFO - 获取题目
2018-09-24 11:10:30,143 - mylogger - INFO - 第 2 题
2018-09-24 11:10:30,591 - mylogger - INFO - 江西省临川县的“墨池”传说是哪位古代书法家洗笔砚的地方？
2018-09-24 11:10:31,642 - mylogger - INFO - ['颜真卿', '王羲之', '李志敏']
2018-09-24 11:10:31,656 - mylogger - INFO - 数据库中检索答案
2018-09-24 11:10:31,672 - mylogger - INFO - 数据中无答案
2018-09-24 11:10:32,966 - mylogger - INFO - 在线检索答案：王羲之
2018-09-24 11:10:32,968 - mylogger - INFO - 我的答案：王羲之
2018-09-24 11:10:33,573 - mylogger - INFO - 选择选项
2018-09-24 11:10:36,078 - mylogger - INFO - 答案正确
2018-09-24 11:10:36,082 - mylogger - INFO - 更新答案
2018-09-24 11:10:46,625 - mylogger - INFO - 本题结束
2018-09-24 11:10:46,629 - mylogger - INFO - 获取题目
2018-09-24 11:10:47,499 - mylogger - INFO - 第 3 题
2018-09-24 11:10:47,819 - mylogger - INFO - 棋类游戏《斗兽棋》中，老鼠可以吃掉哪种动物？
2018-09-24 11:10:48,975 - mylogger - INFO - ['虎', '大象', '']
2018-09-24 11:10:48,986 - mylogger - INFO - 数据库中检索答案
2018-09-24 11:10:48,999 - mylogger - INFO - 数据中无答案
2018-09-24 11:10:49,954 - mylogger - INFO - 在线检索答案：
2018-09-24 11:10:49,955 - mylogger - INFO - 我的答案：虎
2018-09-24 11:27:38,535 - mylogger - INFO - 进入排位赛
2018-09-24 11:27:38,543 - mylogger - INFO - 正在匹配中......
2018-09-24 11:28:38,970 - mylogger - WARNING - 匹配失败
2018-09-24 11:28:39,340 - mylogger - INFO - 返回游戏页面
2018-09-24 11:28:41,023 - mylogger - INFO - 进入排位赛
2018-09-24 11:28:41,023 - mylogger - INFO - 正在匹配中......
2018-09-24 11:28:58,221 - mylogger - INFO - 匹配成功
2018-09-24 11:28:58,223 - mylogger - INFO - 获取题目
2018-09-24 11:29:01,271 - mylogger - INFO - 第 1 题
2018-09-24 11:29:01,667 - mylogger - INFO - 名茶信阳毛尖是哪个省的特产？
2018-09-24 11:29:02,672 - mylogger - INFO - ['安徽省', '福建省', '河南省']
2018-09-24 11:29:02,760 - mylogger - INFO - 数据库中检索答案
2018-09-24 11:29:02,760 - mylogger - INFO - 数据中无答案
2018-09-24 11:29:04,077 - mylogger - INFO - 在线检索答案：河南省
2018-09-24 11:29:04,078 - mylogger - INFO - 我的答案：河南省
2018-09-24 11:29:04,727 - mylogger - INFO - 选择选项
2018-09-24 11:29:07,183 - mylogger - INFO - 答案正确
2018-09-24 11:29:07,183 - mylogger - INFO - 更新答案
2018-09-24 11:29:15,592 - mylogger - INFO - 本题结束
2018-09-24 11:29:15,616 - mylogger - INFO - 获取题目
2018-09-24 11:29:17,433 - mylogger - INFO - 第 2 题
2018-09-24 11:29:17,752 - mylogger - INFO - 莱比锡音乐学院是哪位著名作曲家创立的？
2018-09-24 11:29:18,692 - mylogger - INFO - ['舒曼', '舒伯特', '门德尔松']
2018-09-24 11:29:18,695 - mylogger - INFO - 数据库中检索答案
2018-09-24 11:29:18,695 - mylogger - INFO - 数据中无答案
2018-09-24 11:29:19,537 - mylogger - INFO - 在线检索答案：门德尔松
2018-09-24 11:29:19,537 - mylogger - INFO - 我的答案：门德尔松
2018-09-24 11:29:20,180 - mylogger - INFO - 选择选项
2018-09-24 11:29:22,769 - mylogger - INFO - 答案正确
2018-09-24 11:29:22,769 - mylogger - INFO - 更新答案
2018-09-24 11:29:30,094 - mylogger - INFO - 本题结束
2018-09-24 11:29:30,095 - mylogger - INFO - 获取题目
2018-09-24 11:29:30,876 - mylogger - INFO - 第 2 题
2018-09-24 11:29:31,260 - mylogger - INFO - A.  舒曼
2018-09-24 11:29:33,967 - mylogger - INFO - ['舒伯特', '阿芙洛狄特', '雅典娜']
2018-09-24 11:29:33,971 - mylogger - INFO - 数据库中检索答案
2018-09-24 11:29:33,972 - mylogger - INFO - 数据中无答案
2018-09-24 11:29:34,764 - mylogger - INFO - 在线检索答案：
2018-09-24 11:29:34,765 - mylogger - INFO - 我的答案：舒伯特
2018-09-24 11:38:06,554 - mylogger - INFO - 进入排位赛
2018-09-24 11:38:06,592 - mylogger - INFO - 正在匹配中......
2018-09-24 11:38:19,070 - mylogger - INFO - 匹配成功
2018-09-24 11:38:19,070 - mylogger - INFO - 获取题目
2018-09-24 11:38:22,071 - mylogger - INFO - 第 1 题
2018-09-24 11:38:22,383 - mylogger - INFO - 为什么用高压锅煮食物熟得快些？
2018-09-24 11:38:23,388 - mylogger - INFO - ['锅内气压大，沸点低', '锅内气压小，沸点低', '锅内气压大，沸点高']
2018-09-24 11:38:23,465 - mylogger - INFO - 数据库中检索答案
2018-09-24 11:38:23,465 - mylogger - INFO - 数据中无答案
2018-09-24 11:38:24,430 - mylogger - INFO - 在线检索答案：
2018-09-24 11:38:24,430 - mylogger - INFO - 我的答案：锅内气压大，沸点低
2018-09-24 11:38:25,039 - mylogger - INFO - 选择选项
2018-09-24 11:38:27,522 - mylogger - INFO - 答案错误
2018-09-24 11:38:27,762 - mylogger - INFO - 正确答案；锅内气压大，沸点高
2018-09-24 11:38:27,763 - mylogger - INFO - 更新答案
2018-09-24 11:38:35,020 - mylogger - INFO - 本题结束
2018-09-24 11:38:35,021 - mylogger - INFO - 获取题目
2018-09-24 11:38:36,763 - mylogger - INFO - 第 2 题
2018-09-24 11:38:37,079 - mylogger - INFO - 电影《向左走，向右走》，男女主角是在何处初遇的？
2018-09-24 11:38:38,013 - mylogger - INFO - ['公园', '电梯', '购物中心']
2018-09-24 11:38:38,048 - mylogger - INFO - 数据库中检索答案
2018-09-24 11:38:38,048 - mylogger - INFO - 数据中无答案
2018-09-24 11:38:39,360 - mylogger - INFO - 在线检索答案：
2018-09-24 11:38:39,361 - mylogger - INFO - 我的答案：公园
2018-09-24 11:38:39,979 - mylogger - INFO - 选择选项
2018-09-24 11:38:42,519 - mylogger - INFO - 答案正确
2018-09-24 11:38:42,519 - mylogger - INFO - 更新答案
2018-09-24 11:38:47,572 - mylogger - INFO - 本题结束
2018-09-24 11:38:47,573 - mylogger - INFO - 获取题目
2018-09-24 11:38:49,468 - mylogger - INFO - 第 3 题
2018-09-24 11:38:49,799 - mylogger - INFO - 目前我国外币定期储蓄的起存期限为：
2018-09-24 11:38:50,897 - mylogger - INFO - ['1个月', '6个月', '12个月']
2018-09-24 11:38:50,904 - mylogger - INFO - 数据库中检索答案
2018-09-24 11:38:50,904 - mylogger - INFO - 数据中无答案
2018-09-24 11:38:53,069 - mylogger - INFO - 在线检索答案：1个月
2018-09-24 11:38:53,069 - mylogger - INFO - 我的答案：1个月
2018-09-24 11:38:53,649 - mylogger - INFO - 选择选项
2018-09-24 11:38:56,111 - mylogger - INFO - 答案正确
2018-09-24 11:38:56,111 - mylogger - INFO - 更新答案
2018-09-24 11:38:57,476 - mylogger - INFO - 本题结束
2018-09-24 11:38:57,477 - mylogger - INFO - 获取题目
2018-09-24 11:38:59,405 - mylogger - INFO - 第 4 题
2018-09-24 11:38:59,699 - mylogger - INFO - 著名画家毕加索属于哪个流派的画家？
2018-09-24 11:39:00,696 - mylogger - INFO - ['野兽派', '表现主义', '立体主义']
2018-09-24 11:39:00,701 - mylogger - INFO - 数据库中检索答案
2018-09-24 11:39:00,702 - mylogger - INFO - 数据中无答案
2018-09-24 11:39:01,574 - mylogger - INFO - 在线检索答案：立体主义
2018-09-24 11:39:01,574 - mylogger - INFO - 我的答案：立体主义
2018-09-24 11:39:02,148 - mylogger - INFO - 选择选项
2018-09-24 11:39:04,547 - mylogger - INFO - 答案正确
2018-09-24 11:39:04,547 - mylogger - INFO - 更新答案
2018-09-24 11:39:09,250 - mylogger - INFO - 本题结束
2018-09-24 11:39:09,257 - mylogger - INFO - 获取题目
2018-09-24 11:39:11,100 - mylogger - INFO - 第 5 题
2018-09-24 11:39:11,409 - mylogger - INFO - 围棋中，当包围住对方棋子时，（）不是杀棋的方法
2018-09-24 11:39:12,366 - mylogger - INFO - ['扩大眼位', '点眼', '缩小眼位']
2018-09-24 11:39:12,372 - mylogger - INFO - 数据库中检索答案
2018-09-24 11:39:12,373 - mylogger - INFO - 数据中无答案
2018-09-24 11:39:14,176 - mylogger - INFO - 在线检索答案：点眼
2018-09-24 11:39:14,176 - mylogger - INFO - 我的答案：点眼
2018-09-24 11:39:14,745 - mylogger - INFO - 选择选项
2018-09-24 11:39:17,304 - mylogger - INFO - 答案错误
2018-09-24 11:39:17,433 - mylogger - INFO - 正确答案；扩大眼位
2018-09-24 11:39:17,434 - mylogger - INFO - 更新答案
2018-09-24 11:39:19,870 - mylogger - INFO - 本题结束
2018-09-24 11:39:20,973 - mylogger - INFO - 本场比赛结束
2018-09-24 11:39:21,098 - mylogger - INFO - 返回游戏页面
2018-09-24 11:39:22,649 - mylogger - INFO - 进入排位赛
2018-09-24 11:39:22,649 - mylogger - INFO - 正在匹配中......
2018-09-24 11:39:29,773 - mylogger - INFO - 匹配成功
2018-09-24 11:39:29,774 - mylogger - INFO - 获取题目
2018-09-24 11:39:32,731 - mylogger - INFO - 第 1 题
2018-09-24 11:39:33,062 - mylogger - INFO - 以下月海中位于月球背面的是
2018-09-24 11:39:34,052 - mylogger - INFO - ['雨海', '酒海', '智海']
2018-09-24 11:39:34,059 - mylogger - INFO - 数据库中检索答案
2018-09-24 11:39:34,060 - mylogger - INFO - 数据中无答案
2018-09-24 11:39:34,443 - mylogger - INFO - 在线检索答案：雨海
2018-09-24 11:39:34,444 - mylogger - INFO - 我的答案：雨海
2018-09-24 11:39:35,069 - mylogger - INFO - 选择选项
2018-09-24 11:39:37,528 - mylogger - INFO - 答案错误
2018-09-24 11:39:37,745 - mylogger - INFO - 正确答案；智海
2018-09-24 11:39:37,745 - mylogger - INFO - 更新答案
2018-09-24 11:39:39,125 - mylogger - INFO - 本题结束
2018-09-24 11:39:39,127 - mylogger - INFO - 获取题目
2018-09-24 11:39:40,813 - mylogger - INFO - 第 2 题
2018-09-24 11:39:41,143 - mylogger - INFO - 从糖的甜度讲，下列物质最甜的是：
2018-09-24 11:39:42,135 - mylogger - INFO - ['乳糖', '果糖', '白糖']
2018-09-24 11:39:42,142 - mylogger - INFO - 数据库中检索答案
2018-09-24 11:39:42,143 - mylogger - INFO - 数据中无答案
2018-09-24 11:39:43,893 - mylogger - INFO - 在线检索答案：果糖
2018-09-24 11:39:43,893 - mylogger - INFO - 我的答案：果糖
2018-09-24 11:39:44,488 - mylogger - INFO - 选择选项
2018-09-24 11:39:46,925 - mylogger - INFO - 答案正确
2018-09-24 11:39:46,925 - mylogger - INFO - 更新答案
2018-09-24 11:39:48,316 - mylogger - INFO - 本题结束
2018-09-24 11:39:48,317 - mylogger - INFO - 获取题目
2018-09-24 11:39:50,179 - mylogger - INFO - 第 3 题
2018-09-24 11:39:50,498 - mylogger - INFO - 港澳回归后，寄往该地区信函费用是否和国内其它地区相同？
2018-09-24 11:39:51,483 - mylogger - INFO - ['相同', '低于其它地区', '高于其它地区']
2018-09-24 11:39:51,490 - mylogger - INFO - 数据库中检索答案
2018-09-24 11:39:51,490 - mylogger - INFO - 数据中无答案
2018-09-24 11:39:52,771 - mylogger - INFO - 在线检索答案：相同
2018-09-24 11:39:52,772 - mylogger - INFO - 我的答案：相同
2018-09-24 11:39:53,341 - mylogger - INFO - 选择选项
2018-09-24 11:39:55,891 - mylogger - INFO - 答案错误
2018-09-24 11:39:56,109 - mylogger - INFO - 正确答案；高于其它地区
2018-09-24 11:39:56,109 - mylogger - INFO - 更新答案
2018-09-24 11:39:58,576 - mylogger - INFO - 本题结束
2018-09-24 11:39:58,578 - mylogger - INFO - 获取题目
2018-09-24 11:40:01,488 - mylogger - INFO - 第 4 题
2018-09-24 11:40:01,849 - mylogger - INFO - 猜灯谜是元宵节的一项重要习俗，猜灯谜源于
2018-09-24 11:40:02,923 - mylogger - INFO - ['周朝', '秦朝', '汉朝']
2018-09-24 11:40:02,930 - mylogger - INFO - 数据库中检索答案
2018-09-24 11:40:02,930 - mylogger - INFO - 我的答案：秦朝
2018-09-24 11:40:03,562 - mylogger - INFO - 选择选项
2018-09-24 11:40:06,064 - mylogger - INFO - 答案正确
2018-09-24 11:40:06,065 - mylogger - INFO - 更新答案
2018-09-24 11:40:09,660 - mylogger - INFO - 本题结束
2018-09-24 11:40:09,660 - mylogger - INFO - 获取题目
2018-09-24 11:40:12,676 - mylogger - INFO - 第 5 题
2018-09-24 11:40:12,980 - mylogger - INFO - 南梆子只适合哪两种人物演唱
2018-09-24 11:40:13,964 - mylogger - INFO - ['小生和旦角', '老生和老旦', '花脸和老生']
2018-09-24 11:40:13,970 - mylogger - INFO - 数据库中检索答案
2018-09-24 11:40:13,970 - mylogger - INFO - 数据中无答案
2018-09-24 11:40:15,093 - mylogger - INFO - 在线检索答案：小生和旦角
2018-09-24 11:40:15,093 - mylogger - INFO - 我的答案：小生和旦角
2018-09-24 11:40:15,659 - mylogger - INFO - 选择选项
2018-09-24 11:40:18,171 - mylogger - INFO - 答案正确
2018-09-24 11:40:18,171 - mylogger - INFO - 更新答案
2018-09-24 11:40:21,796 - mylogger - INFO - 本题结束
2018-09-24 11:40:22,916 - mylogger - INFO - 本场比赛结束
2018-09-24 11:40:22,969 - mylogger - INFO - 返回游戏页面
2018-09-24 11:40:24,433 - mylogger - INFO - 进入排位赛
2018-09-24 11:40:24,434 - mylogger - INFO - 正在匹配中......
2018-09-24 11:40:34,896 - mylogger - INFO - 匹配成功
2018-09-24 11:40:34,896 - mylogger - INFO - 获取题目
2018-09-24 11:40:37,909 - mylogger - INFO - 第 1 题
2018-09-24 11:40:38,230 - mylogger - INFO - 中国近代美学家，不包括以下哪一个？
2018-09-24 11:40:39,206 - mylogger - INFO - ['蔡元培', '王国维', '华罗庚']
2018-09-24 11:40:39,213 - mylogger - INFO - 数据库中检索答案
2018-09-24 11:40:39,214 - mylogger - INFO - 数据中无答案
2018-09-24 11:40:40,097 - mylogger - INFO - 在线检索答案：华罗庚
2018-09-24 11:40:40,097 - mylogger - INFO - 我的答案：华罗庚
2018-09-24 11:40:40,688 - mylogger - INFO - 选择选项
2018-09-24 11:40:43,119 - mylogger - INFO - 答案正确
2018-09-24 11:40:43,120 - mylogger - INFO - 更新答案
2018-09-24 11:40:44,482 - mylogger - INFO - 本题结束
2018-09-24 11:40:44,484 - mylogger - INFO - 获取题目
2018-09-24 11:40:47,497 - mylogger - INFO - 第 2 题
2018-09-24 11:40:47,838 - mylogger - INFO - 长沙的市花是什么花？
2018-09-24 11:40:48,769 - mylogger - INFO - ['月季', '洋紫荆', '杜鹃']
2018-09-24 11:40:48,777 - mylogger - INFO - 数据库中检索答案
2018-09-24 11:40:48,777 - mylogger - INFO - 数据中无答案
2018-09-24 11:40:49,636 - mylogger - INFO - 在线检索答案：杜鹃
2018-09-24 11:40:49,636 - mylogger - INFO - 我的答案：杜鹃
2018-09-24 11:40:50,212 - mylogger - INFO - 选择选项
2018-09-24 11:40:52,666 - mylogger - INFO - 答案正确
2018-09-24 11:40:52,666 - mylogger - INFO - 更新答案
2018-09-24 11:40:57,434 - mylogger - INFO - 本题结束
2018-09-24 11:40:57,435 - mylogger - INFO - 获取题目
2018-09-24 11:41:00,478 - mylogger - INFO - 第 3 题
2018-09-24 11:41:00,782 - mylogger - INFO - 高技术条件下，（）是现代武器系统作战效能的“倍增器”。
2018-09-24 11:41:01,778 - mylogger - INFO - ['信息', '人才', '卫星']
2018-09-24 11:41:01,785 - mylogger - INFO - 数据库中检索答案
2018-09-24 11:41:01,785 - mylogger - INFO - 数据中无答案
2018-09-24 11:41:03,798 - mylogger - INFO - 在线检索答案：信息
2018-09-24 11:41:03,798 - mylogger - INFO - 我的答案：信息
2018-09-24 11:41:04,413 - mylogger - INFO - 选择选项
2018-09-24 11:41:06,814 - mylogger - INFO - 答案正确
2018-09-24 11:41:06,815 - mylogger - INFO - 更新答案
2018-09-24 11:41:08,250 - mylogger - INFO - 本题结束
2018-09-24 11:41:08,256 - mylogger - INFO - 获取题目
2018-09-24 11:41:10,122 - mylogger - INFO - 第 4 题
2018-09-24 11:41:10,426 - mylogger - INFO - “弦弦掩抑声声思，似诉平生不得志”的作者是？
2018-09-24 11:41:11,521 - mylogger - INFO - ['白居易', '李白', '王昌龄']
2018-09-24 11:41:11,528 - mylogger - INFO - 数据库中检索答案
2018-09-24 11:41:11,529 - mylogger - INFO - 数据中无答案
2018-09-24 11:41:12,269 - mylogger - INFO - 在线检索答案：李白
2018-09-24 11:41:12,269 - mylogger - INFO - 我的答案：李白
2018-09-24 11:41:12,913 - mylogger - INFO - 选择选项
2018-09-24 11:41:15,364 - mylogger - INFO - 答案错误
2018-09-24 11:41:15,490 - mylogger - INFO - 正确答案；白居易
2018-09-24 11:41:15,490 - mylogger - INFO - 更新答案
2018-09-24 11:41:19,060 - mylogger - INFO - 本题结束
2018-09-24 11:41:19,062 - mylogger - INFO - 获取题目
2018-09-24 11:41:20,947 - mylogger - INFO - 第 5 题
2018-09-24 11:41:21,258 - mylogger - INFO - 二战中著名的市场花园行动发生于哪个国家？
2018-09-24 11:41:22,163 - mylogger - INFO - ['英国', '荷兰', '俄罗斯']
2018-09-24 11:41:22,169 - mylogger - INFO - 数据库中检索答案
2018-09-24 11:41:22,169 - mylogger - INFO - 我的答案：荷兰
2018-09-24 11:41:22,814 - mylogger - INFO - 选择选项
2018-09-24 11:41:25,293 - mylogger - INFO - 答案正确
2018-09-24 11:41:25,293 - mylogger - INFO - 更新答案
2018-09-24 11:41:28,960 - mylogger - INFO - 本题结束
2018-09-24 11:41:30,103 - mylogger - INFO - 本场比赛结束
2018-09-24 11:41:30,155 - mylogger - INFO - 返回游戏页面
2018-09-24 11:41:31,658 - mylogger - INFO - 进入排位赛
2018-09-24 11:41:31,659 - mylogger - INFO - 正在匹配中......
2018-09-24 11:41:33,232 - mylogger - INFO - 匹配成功
2018-09-24 11:41:33,232 - mylogger - INFO - 获取题目
2018-09-24 11:41:36,476 - mylogger - INFO - 第 1 题
2018-09-24 11:41:36,829 - mylogger - INFO - 比利时球员巴舒亚伊目前在哪支球队效力？
2018-09-24 11:41:37,843 - mylogger - INFO - ['拜仁慕尼黑', '云达不莱梅', '多特蒙德']
2018-09-24 11:41:37,849 - mylogger - INFO - 数据库中检索答案
2018-09-24 11:41:37,849 - mylogger - INFO - 数据中无答案
2018-09-24 11:41:38,662 - mylogger - INFO - 在线检索答案：
2018-09-24 11:41:38,662 - mylogger - INFO - 我的答案：拜仁慕尼黑
2018-09-24 11:41:39,235 - mylogger - INFO - 选择选项
2018-09-24 11:41:41,719 - mylogger - INFO - 答案错误
2018-09-24 11:41:41,936 - mylogger - INFO - 正确答案；多特蒙德
2018-09-24 11:41:41,937 - mylogger - INFO - 更新答案
2018-09-24 11:41:45,637 - mylogger - INFO - 本题结束
2018-09-24 11:41:45,638 - mylogger - INFO - 获取题目
2018-09-24 11:41:47,447 - mylogger - INFO - 第 2 题
2018-09-24 11:41:47,796 - mylogger - INFO - 哈利波特的作者是谁？
2018-09-24 11:41:48,740 - mylogger - INFO - ['苏珊·柯林斯', 'J·K·罗琳', '乔治·R·R·马丁']
2018-09-24 11:41:48,746 - mylogger - INFO - 数据库中检索答案
2018-09-24 11:41:48,747 - mylogger - INFO - 我的答案：J·K·罗琳
2018-09-24 11:41:49,320 - mylogger - INFO - 选择选项
2018-09-24 11:41:51,742 - mylogger - INFO - 答案正确
2018-09-24 11:41:51,742 - mylogger - INFO - 更新答案
2018-09-24 11:41:53,143 - mylogger - INFO - 本题结束
2018-09-24 11:41:53,144 - mylogger - INFO - 获取题目
2018-09-24 11:41:55,025 - mylogger - INFO - 第 3 题
2018-09-24 11:41:55,255 - mylogger - INFO - 下列哪个手机不属于全面屏系列手机？
2018-09-24 11:41:56,188 - mylogger - INFO - ['魅族PRO7', '三星 GALAXY S8', 'iPhone-X']
2018-09-24 11:41:56,195 - mylogger - INFO - 数据库中检索答案
2018-09-24 11:41:56,195 - mylogger - INFO - 我的答案：魅族PRO7
2018-09-24 11:41:56,799 - mylogger - INFO - 选择选项
2018-09-24 11:41:59,252 - mylogger - INFO - 答案正确
2018-09-24 11:41:59,252 - mylogger - INFO - 更新答案
2018-09-24 11:42:02,893 - mylogger - INFO - 本题结束
2018-09-24 11:42:02,894 - mylogger - INFO - 获取题目
2018-09-24 11:42:04,740 - mylogger - INFO - 第 4 题
2018-09-24 11:42:05,089 - mylogger - INFO - 目前古筝最常用的规格有多少根弦？
2018-09-24 11:42:06,183 - mylogger - INFO - ['22', '19', '21']
2018-09-24 11:42:06,190 - mylogger - INFO - 数据库中检索答案
2018-09-24 11:42:06,190 - mylogger - INFO - 数据中无答案
2018-09-24 11:42:06,933 - mylogger - INFO - 在线检索答案：21
2018-09-24 11:42:06,933 - mylogger - INFO - 我的答案：21
2018-09-24 11:42:07,536 - mylogger - INFO - 选择选项
2018-09-24 11:42:09,979 - mylogger - INFO - 答案正确
2018-09-24 11:42:09,980 - mylogger - INFO - 更新答案
2018-09-24 11:42:12,493 - mylogger - INFO - 本题结束
2018-09-24 11:42:12,494 - mylogger - INFO - 获取题目
2018-09-24 11:42:14,273 - mylogger - INFO - 第 5 题
2018-09-24 11:42:14,607 - mylogger - INFO - 下列哪一部著作是历史典籍的同时，又被文学史家称为中国最早的散文总集？
2018-09-24 11:42:15,548 - mylogger - INFO - ['《史记》', '《尚书》', '《春秋》']
2018-09-24 11:42:15,553 - mylogger - INFO - 数据库中检索答案
2018-09-24 11:42:15,553 - mylogger - INFO - 数据中无答案
2018-09-24 11:42:16,862 - mylogger - INFO - 在线检索答案：《尚书》
2018-09-24 11:42:16,862 - mylogger - INFO - 我的答案：《尚书》
2018-09-24 11:42:17,477 - mylogger - INFO - 选择选项
2018-09-24 11:42:19,962 - mylogger - INFO - 答案正确
2018-09-24 11:42:19,963 - mylogger - INFO - 更新答案
2018-09-24 11:42:24,839 - mylogger - INFO - 本题结束
2018-09-24 11:42:25,977 - mylogger - INFO - 本场比赛结束
2018-09-24 11:42:26,031 - mylogger - INFO - 返回游戏页面
2018-09-24 11:42:27,634 - mylogger - INFO - 进入排位赛
2018-09-24 11:42:27,634 - mylogger - INFO - 正在匹配中......
2018-09-24 11:43:28,176 - mylogger - WARNING - 匹配失败
2018-09-24 11:43:28,295 - mylogger - INFO - 返回游戏页面
2018-09-24 11:43:29,824 - mylogger - INFO - 进入排位赛
2018-09-24 11:43:29,824 - mylogger - INFO - 正在匹配中......
2018-09-24 11:44:30,338 - mylogger - INFO - 匹配成功
2018-09-24 11:44:30,339 - mylogger - INFO - 获取题目
2018-09-24 11:44:33,343 - mylogger - INFO - 第 1 题
2018-09-24 11:44:33,643 - mylogger - INFO - 拜年时右手成拳，左手包住的手势应该由谁使用？
2018-09-24 11:44:34,598 - mylogger - INFO - ['男人', '女人', '小孩']
2018-09-24 11:44:34,603 - mylogger - INFO - 数据库中检索答案
2018-09-24 11:44:34,603 - mylogger - INFO - 数据中无答案
2018-09-24 11:44:35,425 - mylogger - INFO - 在线检索答案：男人
2018-09-24 11:44:35,425 - mylogger - INFO - 我的答案：男人
2018-09-24 11:44:36,015 - mylogger - INFO - 选择选项
2018-09-24 11:44:38,455 - mylogger - INFO - 答案正确
2018-09-24 11:44:38,455 - mylogger - INFO - 更新答案
2018-09-24 11:44:39,860 - mylogger - INFO - 本题结束
2018-09-24 11:44:39,861 - mylogger - INFO - 获取题目
2018-09-24 11:44:41,803 - mylogger - INFO - 第 2 题
2018-09-24 11:44:42,098 - mylogger - INFO - 下列节日中，属于外国节日的是？
2018-09-24 11:44:43,126 - mylogger - INFO - ['春节', '端午节', '愚人节']
2018-09-24 11:44:43,132 - mylogger - INFO - 数据库中检索答案
2018-09-24 11:44:43,133 - mylogger - INFO - 数据中无答案
2018-09-24 11:44:44,013 - mylogger - INFO - 在线检索答案：春节
2018-09-24 11:44:44,013 - mylogger - INFO - 我的答案：春节
2018-09-24 11:44:44,593 - mylogger - INFO - 选择选项
2018-09-24 11:44:47,043 - mylogger - INFO - 答案错误
2018-09-24 11:44:47,359 - mylogger - INFO - 正确答案；愚人节
2018-09-24 11:44:47,360 - mylogger - INFO - 更新答案
2018-09-24 11:44:47,537 - mylogger - INFO - 本题结束
2018-09-24 11:44:47,538 - mylogger - INFO - 获取题目
2018-09-24 11:44:50,680 - mylogger - INFO - 第 3 题
2018-09-24 11:44:51,059 - mylogger - INFO - 李白号什么？
2018-09-24 11:44:52,062 - mylogger - INFO - ['耐辱居士', '青莲居士', '草堂居士']
2018-09-24 11:44:52,068 - mylogger - INFO - 数据库中检索答案
2018-09-24 11:44:52,068 - mylogger - INFO - 数据中无答案
2018-09-24 11:44:52,415 - mylogger - INFO - 在线检索答案：青莲居士
2018-09-24 11:44:52,416 - mylogger - INFO - 我的答案：青莲居士
2018-09-24 11:44:52,975 - mylogger - INFO - 选择选项
2018-09-24 11:44:55,421 - mylogger - INFO - 答案正确
2018-09-24 11:44:55,422 - mylogger - INFO - 更新答案
2018-09-24 11:44:56,859 - mylogger - INFO - 本题结束
2018-09-24 11:44:56,861 - mylogger - INFO - 获取题目
2018-09-24 11:44:58,659 - mylogger - INFO - 第 4 题
2018-09-24 11:44:58,957 - mylogger - INFO - 边吃饭边看书或电视，容易发生什么疾病？
2018-09-24 11:44:59,840 - mylogger - INFO - ['消化系统', '肝炎', '肺炎']
2018-09-24 11:44:59,846 - mylogger - INFO - 数据库中检索答案
2018-09-24 11:44:59,847 - mylogger - INFO - 数据中无答案
2018-09-24 11:45:00,191 - mylogger - INFO - 在线检索答案：消化系统
2018-09-24 11:45:00,191 - mylogger - INFO - 我的答案：消化系统
2018-09-24 11:45:00,759 - mylogger - INFO - 选择选项
2018-09-24 11:45:03,153 - mylogger - INFO - 答案正确
2018-09-24 11:45:03,154 - mylogger - INFO - 更新答案
2018-09-24 11:45:05,628 - mylogger - INFO - 本题结束
2018-09-24 11:45:05,630 - mylogger - INFO - 获取题目
2018-09-24 11:45:07,448 - mylogger - INFO - 第 5 题
2018-09-24 11:45:07,740 - mylogger - INFO - 被称为“蓝军”的是哪支英超豪门？
2018-09-24 11:45:08,784 - mylogger - INFO - ['切尔西', '阿森纳', '曼联']
2018-09-24 11:45:08,790 - mylogger - INFO - 数据库中检索答案
2018-09-24 11:45:08,791 - mylogger - INFO - 数据中无答案
2018-09-24 11:45:09,721 - mylogger - INFO - 在线检索答案：切尔西
2018-09-24 11:45:09,721 - mylogger - INFO - 我的答案：切尔西
2018-09-24 11:45:10,363 - mylogger - INFO - 选择选项
2018-09-24 11:45:12,708 - mylogger - INFO - 答案正确
2018-09-24 11:45:12,709 - mylogger - INFO - 更新答案
2018-09-24 11:45:15,258 - mylogger - INFO - 本题结束
2018-09-24 11:45:16,383 - mylogger - INFO - 本场比赛结束
2018-09-24 11:45:16,438 - mylogger - INFO - 返回游戏页面
2018-09-24 11:45:18,041 - mylogger - INFO - 进入排位赛
2018-09-24 11:45:18,042 - mylogger - INFO - 正在匹配中......
2018-09-24 11:46:09,591 - mylogger - INFO - 匹配成功
2018-09-24 11:46:09,592 - mylogger - INFO - 获取题目
2018-09-24 11:46:12,899 - mylogger - INFO - 第 1 题
2018-09-24 11:46:13,239 - mylogger - INFO - 节气白露在哪个季节？
2018-09-24 11:46:14,154 - mylogger - INFO - ['夏季', '秋季', '春季']
2018-09-24 11:46:14,160 - mylogger - INFO - 数据库中检索答案
2018-09-24 11:46:14,160 - mylogger - INFO - 数据中无答案
2018-09-24 11:46:14,972 - mylogger - INFO - 在线检索答案：秋季
2018-09-24 11:46:14,972 - mylogger - INFO - 我的答案：秋季
2018-09-24 11:46:15,622 - mylogger - INFO - 选择选项
2018-09-24 11:46:18,086 - mylogger - INFO - 答案正确
2018-09-24 11:46:18,087 - mylogger - INFO - 更新答案
2018-09-24 11:46:19,602 - mylogger - INFO - 本题结束
2018-09-24 11:46:19,603 - mylogger - INFO - 获取题目
2018-09-24 11:46:22,530 - mylogger - INFO - 第 2 题
2018-09-24 11:46:22,843 - mylogger - INFO - 下列选项中属于蒙古男儿三艺的是？
2018-09-24 11:46:23,894 - mylogger - INFO - ['冰球', '摔跤', '柔道']
2018-09-24 11:46:23,902 - mylogger - INFO - 数据库中检索答案
2018-09-24 11:46:23,903 - mylogger - INFO - 数据中无答案
2018-09-24 11:46:24,685 - mylogger - INFO - 在线检索答案：摔跤
2018-09-24 11:46:24,685 - mylogger - INFO - 我的答案：摔跤
2018-09-24 11:46:25,290 - mylogger - INFO - 选择选项
2018-09-24 11:46:27,777 - mylogger - INFO - 答案正确
2018-09-24 11:46:27,777 - mylogger - INFO - 更新答案
2018-09-24 11:46:29,153 - mylogger - INFO - 本题结束
2018-09-24 11:46:29,154 - mylogger - INFO - 获取题目
2018-09-24 11:46:30,971 - mylogger - INFO - 第 3 题
2018-09-24 11:46:31,303 - mylogger - INFO - 青皮包白肉，像个大枕头，莫听名字冷，热天菜场有。(打一植物)
2018-09-24 11:46:32,297 - mylogger - INFO - ['冬瓜', '含羞草', '梅花']
2018-09-24 11:46:32,303 - mylogger - INFO - 数据库中检索答案
2018-09-24 11:46:32,303 - mylogger - INFO - 数据中无答案
2018-09-24 11:46:34,103 - mylogger - INFO - 在线检索答案：冬瓜
2018-09-24 11:46:34,103 - mylogger - INFO - 我的答案：冬瓜
2018-09-24 11:46:34,679 - mylogger - INFO - 选择选项
2018-09-24 11:46:37,075 - mylogger - INFO - 答案正确
2018-09-24 11:46:37,076 - mylogger - INFO - 更新答案
2018-09-24 11:46:38,486 - mylogger - INFO - 本题结束
2018-09-24 11:46:38,487 - mylogger - INFO - 获取题目
2018-09-24 11:46:40,283 - mylogger - INFO - 第 4 题
2018-09-24 11:46:40,628 - mylogger - INFO - 中国第一位男单“大满贯”得主是谁？
2018-09-24 11:46:41,585 - mylogger - INFO - ['刘国梁', '刘国正', '刘国平']
2018-09-24 11:46:41,592 - mylogger - INFO - 数据库中检索答案
2018-09-24 11:46:41,593 - mylogger - INFO - 数据中无答案
2018-09-24 11:46:42,515 - mylogger - INFO - 在线检索答案：刘国梁
2018-09-24 11:46:42,515 - mylogger - INFO - 我的答案：刘国梁
2018-09-24 11:46:43,179 - mylogger - INFO - 选择选项
2018-09-24 11:46:45,627 - mylogger - INFO - 答案正确
2018-09-24 11:46:45,628 - mylogger - INFO - 更新答案
2018-09-24 11:46:47,033 - mylogger - INFO - 本题结束
2018-09-24 11:46:47,035 - mylogger - INFO - 获取题目
2018-09-24 11:46:48,920 - mylogger - INFO - 第 5 题
2018-09-24 11:46:49,268 - mylogger - INFO - 在历史的科举考试中，“殿试”是源于哪个朝代？
2018-09-24 11:46:50,199 - mylogger - INFO - ['秦朝', '西周', '唐朝']
2018-09-24 11:46:50,206 - mylogger - INFO - 数据库中检索答案
2018-09-24 11:46:50,206 - mylogger - INFO - 数据中无答案
2018-09-24 11:46:51,411 - mylogger - INFO - 在线检索答案：唐朝
2018-09-24 11:46:51,412 - mylogger - INFO - 我的答案：唐朝
2018-09-24 11:46:52,008 - mylogger - INFO - 选择选项
2018-09-24 11:46:54,432 - mylogger - INFO - 答案正确
2018-09-24 11:46:54,432 - mylogger - INFO - 更新答案
2018-09-24 11:46:55,802 - mylogger - INFO - 本题结束
2018-09-24 11:46:56,940 - mylogger - INFO - 本场比赛结束
2018-09-24 11:46:56,993 - mylogger - INFO - 返回游戏页面
2018-09-24 11:46:58,616 - mylogger - INFO - 进入排位赛
2018-09-24 11:46:58,617 - mylogger - INFO - 正在匹配中......
2018-09-24 11:47:58,804 - mylogger - WARNING - 匹配失败
2018-09-24 11:47:58,939 - mylogger - INFO - 返回游戏页面
2018-09-24 11:48:00,472 - mylogger - INFO - 进入排位赛
2018-09-24 11:48:00,472 - mylogger - INFO - 正在匹配中......
2018-09-24 11:48:08,684 - mylogger - INFO - 匹配成功
2018-09-24 11:48:08,684 - mylogger - INFO - 获取题目
2018-09-24 11:48:11,811 - mylogger - INFO - 第 1 题
2018-09-24 11:48:12,127 - mylogger - INFO - 企业破产，清算组组成如何产生？
2018-09-24 11:48:13,121 - mylogger - INFO - ['由人民法院指定', '由最大债权人决定', '由破产企业推选']
2018-09-24 11:48:13,125 - mylogger - INFO - 数据库中检索答案
2018-09-24 11:48:13,126 - mylogger - INFO - 数据中无答案
2018-09-24 11:48:15,187 - mylogger - INFO - 在线检索答案：由人民法院指定
2018-09-24 11:48:15,188 - mylogger - INFO - 我的答案：由人民法院指定
2018-09-24 11:48:15,823 - mylogger - INFO - 选择选项
2018-09-24 11:48:18,243 - mylogger - INFO - 答案正确
2018-09-24 11:48:18,243 - mylogger - INFO - 更新答案
2018-09-24 11:48:26,441 - mylogger - INFO - 本题结束
2018-09-24 11:48:26,442 - mylogger - INFO - 获取题目
2018-09-24 11:48:27,181 - mylogger - INFO - 第 2 题
2018-09-24 11:48:27,500 - mylogger - INFO - 下列哪种目标不是突击步枪的主要攻击对象？
2018-09-24 11:48:28,593 - mylogger - INFO - ['狙击手', '山地步兵', '战斗轰炸机']
2018-09-24 11:48:28,599 - mylogger - INFO - 数据库中检索答案
2018-09-24 11:48:28,599 - mylogger - INFO - 数据中无答案
2018-09-24 11:48:29,521 - mylogger - INFO - 在线检索答案：狙击手
2018-09-24 11:48:29,522 - mylogger - INFO - 我的答案：狙击手
2018-09-24 11:48:30,084 - mylogger - INFO - 选择选项
2018-09-24 11:48:32,532 - mylogger - INFO - 答案错误
2018-09-24 11:48:32,813 - mylogger - INFO - 正确答案；战斗轰炸机
2018-09-24 11:48:32,814 - mylogger - INFO - 更新答案
2018-09-24 11:48:33,168 - mylogger - INFO - 本题结束
2018-09-24 11:48:33,170 - mylogger - INFO - 获取题目
2018-09-24 11:48:36,233 - mylogger - INFO - 第 3 题
2018-09-24 11:48:36,561 - mylogger - INFO - 国际货币基金组织的英文缩写是：
2018-09-24 11:48:37,681 - mylogger - INFO - ['INF', 'IOC', 'IMF']
2018-09-24 11:48:37,687 - mylogger - INFO - 数据库中检索答案
2018-09-24 11:48:37,687 - mylogger - INFO - 数据中无答案
2018-09-24 11:48:38,925 - mylogger - INFO - 在线检索答案：IMF
2018-09-24 11:48:38,925 - mylogger - INFO - 我的答案：IMF
2018-09-24 11:48:39,644 - mylogger - INFO - 选择选项
2018-09-24 11:54:53,497 - mylogger - INFO - 停止UC浏览器
2018-09-24 11:54:53,596 - mylogger - DEBUG - 返回主页面
2018-09-24 11:54:55,399 - mylogger - DEBUG - 打开UC浏览器
2018-09-24 11:54:57,834 - mylogger - DEBUG - 进入用户页面
2018-09-24 11:54:58,840 - mylogger - DEBUG - 进入游戏页面1
2018-09-24 11:55:19,256 - mylogger - INFO - 停止UC浏览器
2018-09-24 11:55:19,321 - mylogger - DEBUG - 返回主页面
2018-09-24 11:55:20,377 - mylogger - DEBUG - 打开UC浏览器
2018-09-24 11:55:22,801 - mylogger - DEBUG - 进入用户页面
2018-09-24 11:55:23,800 - mylogger - DEBUG - 进入游戏页面1
2018-09-24 11:55:25,896 - mylogger - DEBUG - 进入游戏页面2
2018-09-24 11:55:28,274 - mylogger - INFO - 选择游戏
2018-09-24 11:55:30,389 - mylogger - INFO - 进入排位赛
2018-09-24 11:55:30,390 - mylogger - INFO - 正在匹配中......
2018-09-24 11:56:30,828 - mylogger - WARNING - 匹配失败
2018-09-24 11:56:30,916 - mylogger - INFO - 返回游戏页面
2018-09-24 11:56:32,475 - mylogger - INFO - 进入排位赛
2018-09-24 11:56:32,476 - mylogger - INFO - 正在匹配中......
2018-09-24 11:57:32,915 - mylogger - WARNING - 匹配失败
2018-09-24 11:57:33,075 - mylogger - INFO - 返回游戏页面
2018-09-24 11:57:34,731 - mylogger - INFO - 进入排位赛
2018-09-24 11:57:34,732 - mylogger - INFO - 正在匹配中......
2018-09-24 11:58:02,169 - mylogger - INFO - 匹配成功
2018-09-24 11:58:02,169 - mylogger - INFO - 获取题目
2018-09-24 11:58:05,194 - mylogger - INFO - 第 1 题
2018-09-24 11:58:05,500 - mylogger - INFO - 用晶体管作为电子器件制成的计算机属于？
2018-09-24 11:58:06,484 - mylogger - INFO - ['第一代', '第三代', '第二代']
2018-09-24 11:58:06,489 - mylogger - DEBUG - 数据库中检索答案
2018-09-24 11:58:06,489 - mylogger - DEBUG - 数据中无答案
2018-09-24 11:58:08,313 - mylogger - DEBUG - 在线检索答案：第一代
2018-09-24 11:58:08,314 - mylogger - INFO - 我的答案：第一代
2018-09-24 11:58:08,924 - mylogger - DEBUG - 选择选项
2018-09-24 11:58:11,375 - mylogger - INFO - 答案错误
2018-09-24 11:58:11,624 - mylogger - INFO - 正确答案；第二代
2018-09-24 11:58:11,625 - mylogger - INFO - 更新答案
2018-09-24 11:58:13,001 - mylogger - INFO - 本题结束
2018-09-24 11:58:13,002 - mylogger - INFO - 获取题目
2018-09-24 11:58:14,828 - mylogger - INFO - 第 2 题
2018-09-24 11:58:15,133 - mylogger - INFO - 以下哪位球星不是在NBA选秀中作为状元被选中的？
2018-09-24 11:58:16,021 - mylogger - INFO - ['阿伦·艾弗森', '勒布朗·詹姆斯', '科比·布莱恩特']
2018-09-24 11:58:16,028 - mylogger - DEBUG - 数据库中检索答案
2018-09-24 11:58:16,028 - mylogger - DEBUG - 数据中无答案
2018-09-24 11:58:17,219 - mylogger - DEBUG - 在线检索答案：阿伦·艾弗森
2018-09-24 11:58:17,220 - mylogger - INFO - 我的答案：阿伦·艾弗森
2018-09-24 11:58:17,821 - mylogger - DEBUG - 选择选项
2018-09-24 11:58:20,276 - mylogger - INFO - 答案错误
2018-09-24 11:58:20,640 - mylogger - INFO - 正确答案；科比·布莱恩特
2018-09-24 11:58:20,641 - mylogger - INFO - 更新答案
2018-09-24 11:58:23,078 - mylogger - INFO - 本题结束
2018-09-24 11:58:23,080 - mylogger - INFO - 获取题目
2018-09-24 11:58:29,433 - mylogger - INFO - 第 3 题
2018-09-24 11:58:29,841 - mylogger - INFO - “口味虾”是哪个地方的传统小吃？
2018-09-24 11:58:30,925 - mylogger - INFO - ['重庆', '湖北', '湖南']
2018-09-24 11:58:30,932 - mylogger - DEBUG - 数据库中检索答案
2018-09-24 11:58:30,932 - mylogger - DEBUG - 数据中无答案
2018-09-24 11:58:31,656 - mylogger - DEBUG - 在线检索答案：湖南
2018-09-24 11:58:31,656 - mylogger - INFO - 我的答案：湖南
2018-09-24 11:58:32,236 - mylogger - DEBUG - 选择选项
2018-09-24 11:58:34,676 - mylogger - INFO - 答案正确
2018-09-24 11:58:34,676 - mylogger - INFO - 更新答案
2018-09-24 11:58:36,056 - mylogger - INFO - 本题结束
2018-09-24 11:58:36,057 - mylogger - INFO - 获取题目
2018-09-24 11:58:37,921 - mylogger - INFO - 第 4 题
2018-09-24 11:58:38,242 - mylogger - INFO - 以下哪位演员参演过电视剧《宫锁珠帘》？
2018-09-24 11:58:39,414 - mylogger - INFO - ['陈翔', '杨幂', '舒畅']
2018-09-24 11:58:39,421 - mylogger - DEBUG - 数据库中检索答案
2018-09-24 11:58:39,421 - mylogger - DEBUG - 数据中无答案
2018-09-24 11:58:40,258 - mylogger - DEBUG - 在线检索答案：
2018-09-24 11:58:40,258 - mylogger - INFO - 我的答案：陈翔
2018-09-24 11:58:40,921 - mylogger - DEBUG - 选择选项
2018-09-24 11:58:43,340 - mylogger - INFO - 答案错误
2018-09-24 11:58:43,578 - mylogger - INFO - 正确答案；舒畅
2018-09-24 11:58:43,579 - mylogger - INFO - 更新答案
2018-09-24 11:58:47,334 - mylogger - INFO - 本题结束
2018-09-24 11:58:47,344 - mylogger - INFO - 获取题目
2018-09-24 11:58:49,137 - mylogger - INFO - 第 5 题
2018-09-24 11:58:49,417 - mylogger - INFO - 细胞中含有N元素的生物大分子是：
2018-09-24 11:58:50,501 - mylogger - INFO - ['胰岛素和核酸', '血红蛋白和纤维素', '氨基酸和胰高血糖素']
2018-09-24 11:58:50,506 - mylogger - DEBUG - 数据库中检索答案
2018-09-24 11:58:50,507 - mylogger - INFO - 我的答案：胰岛素和核酸
2018-09-24 11:58:51,113 - mylogger - DEBUG - 选择选项
2018-09-24 11:58:53,500 - mylogger - INFO - 答案正确
2018-09-24 11:58:53,500 - mylogger - INFO - 更新答案
2018-09-24 11:58:58,385 - mylogger - INFO - 本题结束
2018-09-24 11:58:59,496 - mylogger - INFO - 本场比赛结束
2018-09-24 11:58:59,528 - mylogger - INFO - 返回游戏页面
2018-09-24 11:59:01,074 - mylogger - INFO - 进入排位赛
2018-09-24 11:59:01,075 - mylogger - INFO - 正在匹配中......
2018-09-24 12:00:02,295 - mylogger - WARNING - 匹配失败
2018-09-24 12:00:02,381 - mylogger - INFO - 返回游戏页面
2018-09-24 12:00:03,938 - mylogger - INFO - 进入排位赛
2018-09-24 12:00:03,939 - mylogger - INFO - 正在匹配中......
2018-09-24 12:00:19,969 - mylogger - INFO - 匹配成功
2018-09-24 12:00:19,970 - mylogger - INFO - 获取题目
2018-09-24 12:00:23,002 - mylogger - INFO - 第 1 题
2018-09-24 12:00:23,297 - mylogger - INFO - 肺结核主要通过什么方式传播？
2018-09-24 12:00:24,182 - mylogger - INFO - ['飞沫和尘埃传播', '血液传播', '饮食传播']
2018-09-24 12:00:24,189 - mylogger - DEBUG - 数据库中检索答案
2018-09-24 12:00:24,189 - mylogger - DEBUG - 数据中无答案
2018-09-24 12:00:25,124 - mylogger - DEBUG - 在线检索答案：
2018-09-24 12:00:25,124 - mylogger - INFO - 我的答案：飞沫和尘埃传播
2018-09-24 12:00:25,783 - mylogger - DEBUG - 选择选项
2018-09-24 12:00:28,292 - mylogger - INFO - 答案正确
2018-09-24 12:00:28,293 - mylogger - INFO - 更新答案
2018-09-24 12:00:36,495 - mylogger - INFO - 本题结束
2018-09-24 12:00:36,496 - mylogger - INFO - 获取题目
2018-09-24 12:00:37,234 - mylogger - INFO - 第 1 题
2018-09-24 12:01:28,966 - mylogger - INFO - 停止UC浏览器
2018-09-24 12:01:29,020 - mylogger - DEBUG - 返回主页面
2018-09-24 12:01:29,509 - mylogger - DEBUG - 打开UC浏览器
2018-09-24 12:01:31,984 - mylogger - DEBUG - 进入用户页面
2018-09-24 12:01:33,004 - mylogger - DEBUG - 进入游戏页面1
2018-09-24 12:01:35,239 - mylogger - DEBUG - 进入游戏页面2
2018-09-24 12:03:37,432 - mylogger - INFO - 停止UC浏览器
2018-09-24 12:03:37,479 - mylogger - DEBUG - 返回主页面
2018-09-24 12:03:38,605 - mylogger - DEBUG - 打开UC浏览器
2018-09-24 12:03:40,950 - mylogger - DEBUG - 进入用户页面
2018-09-24 12:03:42,061 - mylogger - DEBUG - 进入游戏页面1
2018-09-24 12:03:44,417 - mylogger - DEBUG - 进入游戏页面2
2018-09-24 12:03:46,555 - mylogger - INFO - 选择游戏
2018-09-24 12:03:48,535 - mylogger - INFO - 进入排位赛
2018-09-24 12:03:48,536 - mylogger - INFO - 正在匹配中......
2018-09-24 12:04:49,230 - mylogger - WARNING - 匹配失败
2018-09-24 12:04:49,376 - mylogger - INFO - 返回游戏页面
2018-09-24 12:04:50,953 - mylogger - INFO - 进入排位赛
2018-09-24 12:04:50,953 - mylogger - INFO - 正在匹配中......
2018-09-24 12:05:52,076 - mylogger - WARNING - 匹配失败
2018-09-24 12:05:52,187 - mylogger - INFO - 返回游戏页面
2018-09-24 12:05:53,837 - mylogger - INFO - 进入排位赛
2018-09-24 12:05:53,838 - mylogger - INFO - 正在匹配中......
2018-09-24 12:06:54,822 - mylogger - WARNING - 匹配失败
2018-09-24 12:06:54,897 - mylogger - INFO - 返回游戏页面
2018-09-24 12:06:56,462 - mylogger - INFO - 进入排位赛
2018-09-24 12:06:56,462 - mylogger - INFO - 正在匹配中......
2018-09-24 12:07:17,238 - mylogger - INFO - 匹配成功
2018-09-24 12:07:17,238 - mylogger - DEBUG - 获取题目
2018-09-24 12:07:20,351 - mylogger - INFO - 第 1 题
2018-09-24 12:07:20,650 - mylogger - INFO - 大约距今多少年前，月球表面上古老的山地已经形成
2018-09-24 12:07:21,584 - mylogger - INFO - ['1.5亿', '15至12亿', '46至42亿']
2018-09-24 12:07:21,591 - mylogger - DEBUG - 数据库中检索答案
2018-09-24 12:07:21,591 - mylogger - DEBUG - 数据中无答案
2018-09-24 12:07:22,525 - mylogger - DEBUG - 在线检索答案：1.5亿
2018-09-24 12:07:22,526 - mylogger - INFO - 我的答案：1.5亿
2018-09-24 12:07:23,166 - mylogger - DEBUG - 选择选项
2018-09-24 12:07:25,649 - mylogger - INFO - 答案错误
2018-09-24 12:07:25,984 - mylogger - INFO - 正确答案；46至42亿
2018-09-24 12:07:25,985 - mylogger - DEBUG - 更新答案
2018-09-24 12:07:35,388 - mylogger - INFO - 本题结束
2018-09-24 12:07:35,389 - mylogger - DEBUG - 获取题目
2018-09-24 12:07:37,188 - mylogger - INFO - 第 2 题
2018-09-24 12:07:37,523 - mylogger - INFO - 甲比丙高比乙矮，乙比丁高，丙比乙矮比丁高，那么谁最高？
2018-09-24 12:07:38,425 - mylogger - INFO - ['丙', '甲', '乙']
2018-09-24 12:07:38,432 - mylogger - DEBUG - 数据库中检索答案
2018-09-24 12:07:38,432 - mylogger - DEBUG - 数据中无答案
2018-09-24 12:07:39,610 - mylogger - DEBUG - 在线检索答案：乙
2018-09-24 12:07:39,610 - mylogger - INFO - 我的答案：乙
2018-09-24 12:07:40,308 - mylogger - DEBUG - 选择选项
2018-09-24 12:07:42,786 - mylogger - INFO - 答案正确
2018-09-24 12:07:42,787 - mylogger - DEBUG - 更新答案
2018-09-24 12:07:49,932 - mylogger - INFO - 本题结束
2018-09-24 12:07:49,933 - mylogger - DEBUG - 获取题目
2018-09-24 12:07:52,993 - mylogger - INFO - 第 3 题
2018-09-24 12:07:53,357 - mylogger - INFO - 黄连素片包薄膜衣的主要目的是
2018-09-24 12:07:54,289 - mylogger - INFO - ['避免刺激胃黏膜', '防止胃酸分解', '掩盖苦味']
2018-09-24 12:07:54,296 - mylogger - DEBUG - 数据库中检索答案
2018-09-24 12:07:54,296 - mylogger - DEBUG - 数据中无答案
2018-09-24 12:07:56,082 - mylogger - DEBUG - 在线检索答案：防止胃酸分解
2018-09-24 12:07:56,082 - mylogger - INFO - 我的答案：防止胃酸分解
2018-09-24 12:07:56,693 - mylogger - DEBUG - 选择选项
2018-09-24 12:07:59,182 - mylogger - INFO - 答案错误
2018-09-24 12:07:59,448 - mylogger - INFO - 正确答案；掩盖苦味
2018-09-24 12:07:59,449 - mylogger - DEBUG - 更新答案
2018-09-24 12:08:01,978 - mylogger - INFO - 本题结束
2018-09-24 12:08:01,980 - mylogger - DEBUG - 获取题目
2018-09-24 12:08:03,837 - mylogger - INFO - 第 4 题
2018-09-24 12:08:04,133 - mylogger - INFO - 食物消化和吸收的主要器官是?
2018-09-24 12:08:05,146 - mylogger - INFO - ['大肠', '胃', '小肠']
2018-09-24 12:08:05,154 - mylogger - DEBUG - 数据库中检索答案
2018-09-24 12:08:05,155 - mylogger - DEBUG - 数据中无答案
2018-09-24 12:08:06,342 - mylogger - DEBUG - 在线检索答案：小肠
2018-09-24 12:08:06,343 - mylogger - INFO - 我的答案：小肠
2018-09-24 12:08:07,029 - mylogger - DEBUG - 选择选项
2018-09-24 12:08:09,518 - mylogger - INFO - 答案正确
2018-09-24 12:08:09,518 - mylogger - DEBUG - 更新答案
2018-09-24 12:08:10,932 - mylogger - INFO - 本题结束
2018-09-24 12:08:10,933 - mylogger - DEBUG - 获取题目
2018-09-24 12:08:12,853 - mylogger - INFO - 第 5 题
2018-09-24 12:08:13,166 - mylogger - INFO - 以下哪一项不是寒衣节的别称？
2018-09-24 12:08:14,145 - mylogger - INFO - ['十月朝', '祭祖节', '寒食节']
2018-09-24 12:08:14,152 - mylogger - DEBUG - 数据库中检索答案
2018-09-24 12:08:14,153 - mylogger - DEBUG - 数据中无答案
2018-09-24 12:08:14,949 - mylogger - DEBUG - 在线检索答案：寒食节
2018-09-24 12:08:14,949 - mylogger - INFO - 我的答案：寒食节
2018-09-24 12:08:15,509 - mylogger - DEBUG - 选择选项
2018-09-24 12:08:18,091 - mylogger - INFO - 答案正确
2018-09-24 12:08:18,091 - mylogger - DEBUG - 更新答案
2018-09-24 12:08:22,997 - mylogger - INFO - 本题结束
2018-09-24 12:08:24,117 - mylogger - INFO - 本场比赛结束
2018-09-24 12:08:24,230 - mylogger - INFO - 返回游戏页面
2018-09-24 12:08:25,753 - mylogger - INFO - 进入排位赛
2018-09-24 12:08:25,753 - mylogger - INFO - 正在匹配中......
2018-09-24 12:08:48,579 - mylogger - INFO - 匹配成功
2018-09-24 12:08:48,580 - mylogger - DEBUG - 获取题目
2018-09-24 12:08:50,431 - mylogger - INFO - 第 1 题
2018-09-24 12:08:50,799 - mylogger - INFO - “地三鲜”是一道东北传统名菜，一般是将哪三样炒在一起？
2018-09-24 12:08:51,775 - mylogger - INFO - ['土豆、茄子和豆角', '豆芽、茄子和青椒', '土豆、茄子和青椒']
2018-09-24 12:08:51,783 - mylogger - DEBUG - 数据库中检索答案
2018-09-24 12:08:51,783 - mylogger - DEBUG - 数据中无答案
2018-09-24 12:08:52,658 - mylogger - DEBUG - 在线检索答案：
2018-09-24 12:08:52,658 - mylogger - INFO - 我的答案：土豆、茄子和豆角
2018-09-24 12:08:53,286 - mylogger - DEBUG - 选择选项
2018-09-24 12:08:55,797 - mylogger - INFO - 答案错误
2018-09-24 12:08:56,011 - mylogger - INFO - 正确答案；土豆、茄子和青椒
2018-09-24 12:08:56,012 - mylogger - DEBUG - 更新答案
2018-09-24 12:08:59,615 - mylogger - INFO - 本题结束
2018-09-24 12:08:59,626 - mylogger - DEBUG - 获取题目
2018-09-24 12:09:01,455 - mylogger - INFO - 第 2 题
2018-09-24 12:09:01,786 - mylogger - INFO - 下列哪种中药名不是根据传说命名的？
2018-09-24 12:09:02,731 - mylogger - INFO - ['使君子', '何首乌', '人参']
2018-09-24 12:09:02,737 - mylogger - DEBUG - 数据库中检索答案
2018-09-24 12:09:02,738 - mylogger - DEBUG - 数据中无答案
2018-09-24 12:09:03,483 - mylogger - DEBUG - 在线检索答案：使君子
2018-09-24 12:09:03,484 - mylogger - INFO - 我的答案：使君子
2018-09-24 12:09:04,060 - mylogger - DEBUG - 选择选项
2018-09-24 12:09:06,531 - mylogger - INFO - 答案错误
2018-09-24 12:09:06,751 - mylogger - INFO - 正确答案；人参
2018-09-24 12:09:06,751 - mylogger - DEBUG - 更新答案
2018-09-24 12:09:12,627 - mylogger - INFO - 本题结束
2018-09-24 12:09:12,627 - mylogger - DEBUG - 获取题目
2018-09-24 12:09:14,503 - mylogger - INFO - 第 3 题
2018-09-24 12:09:14,840 - mylogger - INFO - 《哈利波特》中，与对角巷相邻，专门售卖黑魔法商品的巷子是：
2018-09-24 12:09:15,783 - mylogger - INFO - ['对角巷', '同锣鼓巷', '翻倒巷']
2018-09-24 12:09:15,788 - mylogger - DEBUG - 数据库中检索答案
2018-09-24 12:09:15,789 - mylogger - DEBUG - 数据中无答案
2018-09-24 12:09:17,509 - mylogger - DEBUG - 在线检索答案：对角巷
2018-09-24 12:09:17,509 - mylogger - INFO - 我的答案：对角巷
2018-09-24 12:09:18,092 - mylogger - DEBUG - 选择选项
2018-09-24 12:09:20,548 - mylogger - INFO - 答案错误
2018-09-24 12:09:20,764 - mylogger - INFO - 正确答案；翻倒巷
2018-09-24 12:09:20,764 - mylogger - DEBUG - 更新答案
2018-09-24 12:09:22,101 - mylogger - INFO - 本题结束
2018-09-24 12:09:22,103 - mylogger - DEBUG - 获取题目
2018-09-24 12:09:25,104 - mylogger - INFO - 第 4 题
2018-09-24 12:09:25,471 - mylogger - INFO - 我国历史上第一个礼乐机构是：
2018-09-24 12:09:26,469 - mylogger - INFO - ['夏宫', '秋宫', '春宫']
2018-09-24 12:09:26,474 - mylogger - DEBUG - 数据库中检索答案
2018-09-24 12:09:26,474 - mylogger - DEBUG - 数据中无答案
2018-09-24 12:09:28,000 - mylogger - DEBUG - 在线检索答案：春宫
2018-09-24 12:09:28,001 - mylogger - INFO - 我的答案：春宫
2018-09-24 12:09:28,580 - mylogger - DEBUG - 选择选项
2018-09-24 12:09:31,030 - mylogger - INFO - 答案正确
2018-09-24 12:09:31,030 - mylogger - DEBUG - 更新答案
2018-09-24 12:09:32,391 - mylogger - INFO - 本题结束
2018-09-24 12:09:32,392 - mylogger - DEBUG - 获取题目
2018-09-24 12:09:35,552 - mylogger - INFO - 第 5 题
2018-09-24 12:09:35,920 - mylogger - INFO - 一个正方体底面周长是12厘米，则表面积是？
2018-09-24 12:09:36,914 - mylogger - INFO - ['54平方厘米', '48平方厘米', '72平方厘米']
2018-09-24 12:09:36,921 - mylogger - DEBUG - 数据库中检索答案
2018-09-24 12:09:36,921 - mylogger - DEBUG - 数据中无答案
2018-09-24 12:09:37,769 - mylogger - DEBUG - 在线检索答案：54平方厘米
2018-09-24 12:09:37,769 - mylogger - INFO - 我的答案：54平方厘米
2018-09-24 12:09:38,328 - mylogger - DEBUG - 选择选项
2018-09-24 12:09:40,800 - mylogger - INFO - 答案正确
2018-09-24 12:09:40,801 - mylogger - DEBUG - 更新答案
2018-09-24 12:09:46,701 - mylogger - INFO - 本题结束
2018-09-24 12:09:47,818 - mylogger - INFO - 本场比赛结束
2018-09-24 12:09:47,876 - mylogger - INFO - 返回游戏页面
2018-09-24 12:09:49,482 - mylogger - INFO - 进入排位赛
2018-09-24 12:09:49,482 - mylogger - INFO - 正在匹配中......
2018-09-24 12:10:49,890 - mylogger - WARNING - 匹配失败
2018-09-24 12:10:49,989 - mylogger - INFO - 返回游戏页面
2018-09-24 12:10:51,568 - mylogger - INFO - 进入排位赛
2018-09-24 12:10:51,568 - mylogger - INFO - 正在匹配中......
2018-09-24 12:11:51,875 - mylogger - WARNING - 匹配失败
2018-09-24 12:11:52,003 - mylogger - INFO - 返回游戏页面
2018-09-24 12:11:53,657 - mylogger - INFO - 进入排位赛
2018-09-24 12:11:53,658 - mylogger - INFO - 正在匹配中......
2018-09-24 12:12:54,510 - mylogger - WARNING - 匹配失败
2018-09-24 12:12:54,641 - mylogger - INFO - 返回游戏页面
2018-09-24 12:12:56,228 - mylogger - INFO - 进入排位赛
2018-09-24 12:12:56,229 - mylogger - INFO - 正在匹配中......
2018-09-24 12:13:13,786 - mylogger - INFO - 匹配成功
2018-09-24 12:13:13,786 - mylogger - DEBUG - 获取题目
2018-09-24 12:13:15,765 - mylogger - INFO - 第 1 题
2018-09-24 12:13:16,073 - mylogger - INFO - 一个梯形上底2.5厘米，下底3.5厘米，高3厘米，则面积是？
2018-09-24 12:13:17,035 - mylogger - INFO - ['4.5平方厘米', '9平方厘米', '20平方厘米']
2018-09-24 12:13:17,045 - mylogger - DEBUG - 数据库中检索答案
2018-09-24 12:13:17,046 - mylogger - DEBUG - 数据中无答案
2018-09-24 12:13:17,971 - mylogger - DEBUG - 在线检索答案：9平方厘米
2018-09-24 12:13:17,971 - mylogger - INFO - 我的答案：9平方厘米
2018-09-24 12:13:18,587 - mylogger - DEBUG - 选择选项
2018-09-24 12:13:21,033 - mylogger - INFO - 答案正确
2018-09-24 12:13:21,033 - mylogger - DEBUG - 更新答案
2018-09-24 12:13:30,464 - mylogger - INFO - 本题结束
2018-09-24 12:13:30,465 - mylogger - DEBUG - 获取题目
2018-09-24 12:13:33,583 - mylogger - INFO - 第 2 题
2018-09-24 12:13:33,931 - mylogger - INFO - 歌曲《夜夜夜夜》的原唱是哪个歌手？
2018-09-24 12:13:35,064 - mylogger - INFO - ['梁静茹', '齐秦', '逃跑计划']
2018-09-24 12:13:35,071 - mylogger - DEBUG - 数据库中检索答案
2018-09-24 12:13:35,071 - mylogger - DEBUG - 数据中无答案
2018-09-24 12:13:35,799 - mylogger - DEBUG - 在线检索答案：齐秦
2018-09-24 12:13:35,799 - mylogger - INFO - 我的答案：齐秦
2018-09-24 12:13:36,404 - mylogger - DEBUG - 选择选项
2018-09-24 12:13:38,940 - mylogger - INFO - 答案正确
2018-09-24 12:13:38,940 - mylogger - DEBUG - 更新答案
2018-09-24 12:13:40,367 - mylogger - INFO - 本题结束
2018-09-24 12:13:40,369 - mylogger - DEBUG - 获取题目
2018-09-24 12:13:42,227 - mylogger - INFO - 第 3 题
2018-09-24 12:13:42,543 - mylogger - INFO - “孺子牛”原指什么？
2018-09-24 12:13:43,573 - mylogger - INFO - ['小孩牵的小牛', '小孩牵的牛', '小孩牵人假扮的牛']
2018-09-24 12:13:43,580 - mylogger - DEBUG - 数据库中检索答案
2018-09-24 12:13:43,580 - mylogger - DEBUG - 数据中无答案
2018-09-24 12:13:44,271 - mylogger - DEBUG - 在线检索答案：小孩牵人假扮的牛
2018-09-24 12:13:44,272 - mylogger - INFO - 我的答案：小孩牵人假扮的牛
2018-09-24 12:13:44,982 - mylogger - DEBUG - 选择选项
2018-09-24 12:13:47,385 - mylogger - INFO - 答案正确
2018-09-24 12:13:47,386 - mylogger - DEBUG - 更新答案
2018-09-24 12:13:48,681 - mylogger - INFO - 本题结束
2018-09-24 12:13:48,682 - mylogger - DEBUG - 获取题目
2018-09-24 12:13:50,576 - mylogger - INFO - 第 4 题
2018-09-24 12:13:50,889 - mylogger - INFO - 《银魂》主人公坂田银时的配刀叫什么？
2018-09-24 12:13:51,935 - mylogger - INFO - ['洞爷湖', '斩月', '胧村正']
2018-09-24 12:13:51,941 - mylogger - DEBUG - 数据库中检索答案
2018-09-24 12:13:51,941 - mylogger - DEBUG - 数据中无答案
2018-09-24 12:13:52,777 - mylogger - DEBUG - 在线检索答案：洞爷湖
2018-09-24 12:13:52,777 - mylogger - INFO - 我的答案：洞爷湖
2018-09-24 12:13:53,376 - mylogger - DEBUG - 选择选项
2018-09-24 12:13:55,774 - mylogger - INFO - 答案正确
2018-09-24 12:13:55,774 - mylogger - DEBUG - 更新答案
2018-09-24 12:13:58,233 - mylogger - INFO - 本题结束
2018-09-24 12:13:58,234 - mylogger - DEBUG - 获取题目
2018-09-24 12:14:01,420 - mylogger - INFO - 第 5 题
2018-09-24 12:14:01,745 - mylogger - INFO - 我国于1958年制出第一台电子管计算机，它的运算速度为多少？
2018-09-24 12:14:02,700 - mylogger - INFO - ['两千次/秒', '两万次/秒', '二十万次/秒']
2018-09-24 12:14:02,708 - mylogger - DEBUG - 数据库中检索答案
2018-09-24 12:14:02,709 - mylogger - DEBUG - 数据中无答案
2018-09-24 12:14:04,758 - mylogger - DEBUG - 在线检索答案：
2018-09-24 12:14:04,758 - mylogger - INFO - 我的答案：两千次/秒
2018-09-24 12:14:05,327 - mylogger - DEBUG - 选择选项
2018-09-24 12:14:07,759 - mylogger - INFO - 答案正确
2018-09-24 12:14:07,760 - mylogger - DEBUG - 更新答案
2018-09-24 12:14:09,167 - mylogger - INFO - 本题结束
2018-09-24 12:14:10,292 - mylogger - INFO - 本场比赛结束
2018-09-24 12:14:10,344 - mylogger - INFO - 返回游戏页面
2018-09-24 12:14:11,984 - mylogger - INFO - 进入排位赛
2018-09-24 12:14:11,984 - mylogger - INFO - 正在匹配中......
2018-09-24 12:14:28,137 - mylogger - INFO - 匹配成功
2018-09-24 12:14:28,138 - mylogger - DEBUG - 获取题目
2018-09-24 12:14:31,270 - mylogger - INFO - 第 1 题
2018-09-24 12:14:31,585 - mylogger - INFO - 阿基米德曾说“给我一个支点，我将撬动地球”，主要利用力的什么原理？
2018-09-24 12:14:32,746 - mylogger - INFO - ['杠杆原理', '反作用力', '相互作用力']
2018-09-24 12:14:32,753 - mylogger - DEBUG - 数据库中检索答案
2018-09-24 12:14:32,753 - mylogger - DEBUG - 数据中无答案
2018-09-24 12:14:33,953 - mylogger - DEBUG - 在线检索答案：杠杆原理
2018-09-24 12:14:33,953 - mylogger - INFO - 我的答案：杠杆原理
2018-09-24 12:14:34,573 - mylogger - DEBUG - 选择选项
2018-09-24 12:14:37,041 - mylogger - INFO - 答案正确
2018-09-24 12:14:37,041 - mylogger - DEBUG - 更新答案
2018-09-24 12:14:46,365 - mylogger - INFO - 本题结束
2018-09-24 12:14:46,366 - mylogger - DEBUG - 获取题目
2018-09-24 12:14:48,270 - mylogger - INFO - 第 2 题
2018-09-24 12:14:48,569 - mylogger - INFO - 世界贸易组织简称是？
2018-09-24 12:14:49,602 - mylogger - INFO - ['WOT', 'WTQ', 'WTO']
2018-09-24 12:14:49,609 - mylogger - DEBUG - 数据库中检索答案
2018-09-24 12:14:49,609 - mylogger - DEBUG - 数据中无答案
2018-09-24 12:14:50,853 - mylogger - DEBUG - 在线检索答案：WTO
2018-09-24 12:14:50,854 - mylogger - INFO - 我的答案：WTO
2018-09-24 12:14:51,521 - mylogger - DEBUG - 选择选项
2018-09-24 12:14:53,956 - mylogger - INFO - 答案正确
2018-09-24 12:14:53,957 - mylogger - DEBUG - 更新答案
2018-09-24 12:14:55,331 - mylogger - INFO - 本题结束
2018-09-24 12:14:55,333 - mylogger - DEBUG - 获取题目
2018-09-24 12:14:57,210 - mylogger - INFO - 第 3 题
2018-09-24 12:14:57,531 - mylogger - INFO - 我国古代的医学巨著《本草纲目》成书于哪个朝代？
2018-09-24 12:14:58,479 - mylogger - INFO - ['明代', '宋代', '唐代']
2018-09-24 12:14:58,485 - mylogger - DEBUG - 数据库中检索答案
2018-09-24 12:14:58,485 - mylogger - INFO - 我的答案：明代
2018-09-24 12:14:59,111 - mylogger - DEBUG - 选择选项
2018-09-24 12:15:01,551 - mylogger - INFO - 答案正确
2018-09-24 12:15:01,551 - mylogger - DEBUG - 更新答案
2018-09-24 12:15:04,019 - mylogger - INFO - 本题结束
2018-09-24 12:15:04,020 - mylogger - DEBUG - 获取题目
2018-09-24 12:15:05,947 - mylogger - INFO - 第 4 题
2018-09-24 12:15:06,259 - mylogger - INFO - 古语中的“丹书铁券”是指
2018-09-24 12:15:07,338 - mylogger - INFO - ['光辉的史册', '豪放的诗词', '免罪的凭证']
2018-09-24 12:15:07,344 - mylogger - DEBUG - 数据库中检索答案
2018-09-24 12:15:07,344 - mylogger - DEBUG - 数据中无答案
2018-09-24 12:15:08,970 - mylogger - DEBUG - 在线检索答案：光辉的史册
2018-09-24 12:15:08,971 - mylogger - INFO - 我的答案：光辉的史册
2018-09-24 12:15:09,542 - mylogger - DEBUG - 选择选项
2018-09-24 12:15:12,121 - mylogger - INFO - 答案错误
2018-09-24 12:15:12,407 - mylogger - INFO - 正确答案；免罪的凭证
2018-09-24 12:15:12,408 - mylogger - DEBUG - 更新答案
2018-09-24 12:15:12,658 - mylogger - INFO - 本题结束
2018-09-24 12:15:12,659 - mylogger - DEBUG - 获取题目
2018-09-24 12:15:15,822 - mylogger - INFO - 第 5 题
2018-09-24 12:15:16,119 - mylogger - INFO - 动漫人物“工藤新一”最擅长什么？
2018-09-24 12:15:17,026 - mylogger - INFO - ['唱歌跳舞', '吃饭睡觉', '推理破案']
2018-09-24 12:15:17,035 - mylogger - DEBUG - 数据库中检索答案
2018-09-24 12:15:17,035 - mylogger - DEBUG - 数据中无答案
2018-09-24 12:15:17,983 - mylogger - DEBUG - 在线检索答案：
2018-09-24 12:15:17,983 - mylogger - INFO - 我的答案：唱歌跳舞
2018-09-24 12:15:18,610 - mylogger - DEBUG - 选择选项
2018-09-24 12:15:21,072 - mylogger - INFO - 答案错误
2018-09-24 12:15:21,484 - mylogger - INFO - 正确答案；推理破案
2018-09-24 12:15:21,484 - mylogger - DEBUG - 更新答案
2018-09-24 12:15:21,764 - mylogger - INFO - 本题结束
2018-09-24 12:15:22,879 - mylogger - INFO - 本场比赛结束
2018-09-24 12:15:22,926 - mylogger - INFO - 返回游戏页面
2018-09-24 12:15:24,468 - mylogger - INFO - 进入排位赛
2018-09-24 12:15:24,469 - mylogger - INFO - 正在匹配中......
2018-09-24 12:15:46,085 - mylogger - INFO - 匹配成功
2018-09-24 12:15:46,085 - mylogger - DEBUG - 获取题目
2018-09-24 12:15:49,124 - mylogger - INFO - 第 1 题
2018-09-24 12:15:49,409 - mylogger - INFO - 中国是世界上第几个掌握返回式卫星技术的国家？
2018-09-24 12:15:50,400 - mylogger - INFO - ['第1个', '第3个', '第4个']
2018-09-24 12:15:50,407 - mylogger - DEBUG - 数据库中检索答案
2018-09-24 12:15:50,408 - mylogger - INFO - 我的答案：第3个
2018-09-24 12:15:51,048 - mylogger - DEBUG - 选择选项
2018-09-24 12:15:53,577 - mylogger - INFO - 答案正确
2018-09-24 12:15:53,578 - mylogger - DEBUG - 更新答案
2018-09-24 12:15:56,037 - mylogger - INFO - 本题结束
2018-09-24 12:15:56,042 - mylogger - DEBUG - 获取题目
2018-09-24 12:15:59,076 - mylogger - INFO - 第 2 题
2018-09-24 12:15:59,355 - mylogger - INFO - 为消除电视信息鸿沟，哪个组织设立了“世界电视日”？
2018-09-24 12:16:00,325 - mylogger - INFO - ['联合国', '欧盟', '亚太经合组织']
2018-09-24 12:16:00,331 - mylogger - DEBUG - 数据库中检索答案
2018-09-24 12:16:00,331 - mylogger - DEBUG - 数据中无答案
2018-09-24 12:16:01,317 - mylogger - DEBUG - 在线检索答案：联合国
2018-09-24 12:16:01,317 - mylogger - INFO - 我的答案：联合国
2018-09-24 12:16:01,895 - mylogger - DEBUG - 选择选项
2018-09-24 12:16:04,401 - mylogger - INFO - 答案正确
2018-09-24 12:16:04,402 - mylogger - DEBUG - 更新答案
2018-09-24 12:16:10,273 - mylogger - INFO - 本题结束
2018-09-24 12:16:10,274 - mylogger - DEBUG - 获取题目
2018-09-24 12:16:12,154 - mylogger - INFO - 第 3 题
2018-09-24 12:16:12,469 - mylogger - INFO - 地球静止轨道卫星的高度大致是多少公里
2018-09-24 12:16:13,430 - mylogger - INFO - ['二百', '三千', '四万']
2018-09-24 12:16:13,438 - mylogger - DEBUG - 数据库中检索答案
2018-09-24 12:16:13,438 - mylogger - DEBUG - 数据中无答案
2018-09-24 12:16:14,406 - mylogger - DEBUG - 在线检索答案：二百
2018-09-24 12:16:14,407 - mylogger - INFO - 我的答案：二百
2018-09-24 12:16:14,992 - mylogger - DEBUG - 选择选项
2018-09-24 12:16:17,481 - mylogger - INFO - 答案错误
2018-09-24 12:16:17,709 - mylogger - INFO - 正确答案；四万
2018-09-24 12:16:17,709 - mylogger - DEBUG - 更新答案
2018-09-24 12:16:21,379 - mylogger - INFO - 本题结束
2018-09-24 12:16:21,380 - mylogger - DEBUG - 获取题目
2018-09-24 12:16:23,269 - mylogger - INFO - 第 4 题
2018-09-24 12:16:23,553 - mylogger - INFO - 卡拉OK是哪国人发明的？
2018-09-24 12:16:24,470 - mylogger - INFO - ['日本人', '美国人', '英国人']
2018-09-24 12:16:24,477 - mylogger - DEBUG - 数据库中检索答案
2018-09-24 12:16:24,477 - mylogger - DEBUG - 数据中无答案
2018-09-24 12:16:25,156 - mylogger - DEBUG - 在线检索答案：日本人
2018-09-24 12:16:25,156 - mylogger - INFO - 我的答案：日本人
2018-09-24 12:16:25,744 - mylogger - DEBUG - 选择选项
2018-09-24 12:16:28,096 - mylogger - INFO - 答案正确
2018-09-24 12:16:28,097 - mylogger - DEBUG - 更新答案
2018-09-24 12:16:29,522 - mylogger - INFO - 本题结束
2018-09-24 12:16:29,523 - mylogger - DEBUG - 获取题目
2018-09-24 12:16:31,373 - mylogger - INFO - 第 5 题
2018-09-24 12:16:31,642 - mylogger - INFO - 著名的“黄山四绝”指的是奇松，怪石，云海和什么？
2018-09-24 12:16:32,566 - mylogger - INFO - ['秀水', '奇山', '温泉']
2018-09-24 12:16:32,572 - mylogger - DEBUG - 数据库中检索答案
2018-09-24 12:16:32,572 - mylogger - DEBUG - 数据中无答案
2018-09-24 12:16:33,453 - mylogger - DEBUG - 在线检索答案：温泉
2018-09-24 12:16:33,453 - mylogger - INFO - 我的答案：温泉
2018-09-24 12:16:34,199 - mylogger - DEBUG - 选择选项
2018-09-24 12:16:36,680 - mylogger - INFO - 答案正确
2018-09-24 12:16:36,680 - mylogger - DEBUG - 更新答案
2018-09-24 12:16:38,034 - mylogger - INFO - 本题结束
2018-09-24 12:16:39,163 - mylogger - INFO - 本场比赛结束
2018-09-24 12:16:39,212 - mylogger - INFO - 返回游戏页面
2018-09-24 12:16:40,928 - mylogger - INFO - 进入排位赛
2018-09-24 12:16:40,928 - mylogger - INFO - 正在匹配中......
2018-09-24 12:17:41,517 - mylogger - WARNING - 匹配失败
2018-09-24 12:17:41,657 - mylogger - INFO - 返回游戏页面
2018-09-24 12:17:43,213 - mylogger - INFO - 进入排位赛
2018-09-24 12:17:43,213 - mylogger - INFO - 正在匹配中......
2018-09-24 12:18:43,932 - mylogger - WARNING - 匹配失败
2018-09-24 12:18:44,083 - mylogger - INFO - 返回游戏页面
2018-09-24 12:18:45,620 - mylogger - INFO - 进入排位赛
2018-09-24 12:18:45,620 - mylogger - INFO - 正在匹配中......
2018-09-24 12:19:34,279 - mylogger - INFO - 匹配成功
2018-09-24 12:19:34,280 - mylogger - DEBUG - 获取题目
2018-09-24 12:19:36,214 - mylogger - INFO - 第 1 题
2018-09-24 12:19:36,506 - mylogger - INFO - 北京奥运会的吉祥物分别叫做贝贝，晶晶，欢欢，迎迎和什么？
2018-09-24 12:19:37,431 - mylogger - INFO - ['圈圈', '圆圆', '妮妮']
2018-09-24 12:19:37,439 - mylogger - DEBUG - 数据库中检索答案
2018-09-24 12:19:37,439 - mylogger - INFO - 我的答案：妮妮
2018-09-24 12:19:38,109 - mylogger - DEBUG - 选择选项
2018-09-24 12:19:40,580 - mylogger - INFO - 答案正确
2018-09-24 12:19:40,580 - mylogger - DEBUG - 更新答案
2018-09-24 12:19:41,886 - mylogger - INFO - 本题结束
2018-09-24 12:19:41,886 - mylogger - DEBUG - 获取题目
2018-09-24 12:19:44,870 - mylogger - INFO - 第 2 题
2018-09-24 12:19:45,163 - mylogger - INFO - 由贾思勰撰写的中国现在的最完整的农书叫什么？
2018-09-24 12:19:46,228 - mylogger - INFO - ['天工开物', '农政全书', '齐民要术']
2018-09-24 12:19:46,234 - mylogger - DEBUG - 数据库中检索答案
2018-09-24 12:19:46,234 - mylogger - DEBUG - 数据中无答案
2018-09-24 12:19:48,322 - mylogger - DEBUG - 在线检索答案：齐民要术
2018-09-24 12:19:48,322 - mylogger - INFO - 我的答案：齐民要术
2018-09-24 12:19:48,917 - mylogger - DEBUG - 选择选项
2018-09-24 12:19:51,361 - mylogger - INFO - 答案正确
2018-09-24 12:19:51,362 - mylogger - DEBUG - 更新答案
2018-09-24 12:19:52,750 - mylogger - INFO - 本题结束
2018-09-24 12:19:52,752 - mylogger - DEBUG - 获取题目
2018-09-24 12:19:54,623 - mylogger - INFO - 第 3 题
2018-09-24 12:19:55,032 - mylogger - INFO - 里戈贝尔塔门楚获得诺贝尔和平奖时几岁
2018-09-24 12:19:55,978 - mylogger - INFO - ['26', '25', '33']
2018-09-24 12:19:55,984 - mylogger - DEBUG - 数据库中检索答案
2018-09-24 12:19:55,985 - mylogger - DEBUG - 数据中无答案
2018-09-24 12:19:57,139 - mylogger - DEBUG - 在线检索答案：33
2018-09-24 12:19:57,139 - mylogger - INFO - 我的答案：33
2018-09-24 12:19:57,697 - mylogger - DEBUG - 选择选项
2018-09-24 12:20:00,012 - mylogger - INFO - 答案正确
2018-09-24 12:20:00,013 - mylogger - DEBUG - 更新答案
2018-09-24 12:20:01,678 - mylogger - INFO - 本题结束
2018-09-24 12:20:01,679 - mylogger - DEBUG - 获取题目
2018-09-24 12:20:03,591 - mylogger - INFO - 第 4 题
2018-09-24 12:20:03,891 - mylogger - INFO - 在热播港剧《宫心计》中，饰演唐宣宗李怡的男演员是谁？
2018-09-24 12:20:04,796 - mylogger - INFO - ['林峰', '刘松仁', '陈豪']
2018-09-24 12:20:04,802 - mylogger - DEBUG - 数据库中检索答案
2018-09-24 12:20:04,802 - mylogger - DEBUG - 数据中无答案
2018-09-24 12:20:06,050 - mylogger - DEBUG - 在线检索答案：陈豪
2018-09-24 12:20:06,050 - mylogger - INFO - 我的答案：陈豪
2018-09-24 12:20:06,632 - mylogger - DEBUG - 选择选项
2018-09-24 12:20:09,077 - mylogger - INFO - 答案正确
2018-09-24 12:20:09,077 - mylogger - DEBUG - 更新答案
2018-09-24 12:20:11,749 - mylogger - INFO - 本题结束
2018-09-24 12:20:11,769 - mylogger - DEBUG - 获取题目
2018-09-24 12:20:13,619 - mylogger - INFO - 第 5 题
2018-09-24 12:20:13,981 - mylogger - INFO - 一部电视剧从5月15日开始播放，到6月7日晚结束，请问共播放了多少天？
2018-09-24 12:20:14,918 - mylogger - INFO - ['22', '24', '23']
2018-09-24 12:20:14,924 - mylogger - DEBUG - 数据库中检索答案
2018-09-24 12:20:14,924 - mylogger - DEBUG - 数据中无答案
2018-09-24 12:20:16,475 - mylogger - DEBUG - 在线检索答案：22
2018-09-24 12:20:16,475 - mylogger - INFO - 我的答案：22
2018-09-24 12:20:17,081 - mylogger - DEBUG - 选择选项
2018-09-24 12:20:19,478 - mylogger - INFO - 答案错误
2018-09-24 12:20:19,636 - mylogger - INFO - 正确答案；24
2018-09-24 12:20:19,637 - mylogger - DEBUG - 更新答案
2018-09-24 12:20:23,613 - mylogger - INFO - 本题结束
2018-09-24 12:20:24,824 - mylogger - INFO - 本场比赛结束
2018-09-24 12:20:24,940 - mylogger - INFO - 返回游戏页面
2018-09-24 12:20:26,613 - mylogger - INFO - 进入排位赛
2018-09-24 12:20:26,613 - mylogger - INFO - 正在匹配中......
2018-09-24 12:21:27,551 - mylogger - WARNING - 匹配失败
2018-09-24 12:21:27,688 - mylogger - INFO - 返回游戏页面
2018-09-24 12:21:29,272 - mylogger - INFO - 进入排位赛
2018-09-24 12:21:29,273 - mylogger - INFO - 正在匹配中......
2018-09-24 12:22:21,989 - mylogger - INFO - 匹配成功
2018-09-24 12:22:21,990 - mylogger - DEBUG - 获取题目
2018-09-24 12:22:25,102 - mylogger - INFO - 第 1 题
2018-09-24 12:22:25,405 - mylogger - INFO - 巴斯光年是哪部动画电影里的角色？
2018-09-24 12:22:26,353 - mylogger - INFO - ['《冰雪奇缘》', '《玩具总动员》', '《狮子王》']
2018-09-24 12:22:26,360 - mylogger - DEBUG - 数据库中检索答案
2018-09-24 12:22:26,360 - mylogger - DEBUG - 数据中无答案
2018-09-24 12:22:27,058 - mylogger - DEBUG - 在线检索答案：《玩具总动员》
2018-09-24 12:22:27,059 - mylogger - INFO - 我的答案：《玩具总动员》
2018-09-24 12:22:27,649 - mylogger - DEBUG - 选择选项
2018-09-24 12:22:30,166 - mylogger - INFO - 答案正确
2018-09-24 12:22:30,167 - mylogger - DEBUG - 更新答案
2018-09-24 12:22:39,794 - mylogger - INFO - 本题结束
2018-09-24 12:22:39,796 - mylogger - DEBUG - 获取题目
2018-09-24 12:22:41,654 - mylogger - INFO - 第 2 题
2018-09-24 12:22:41,954 - mylogger - INFO - 妮维雅是哪个国家的品牌？
2018-09-24 12:22:42,868 - mylogger - INFO - ['德国', '法国', '中国']
2018-09-24 12:22:42,873 - mylogger - DEBUG - 数据库中检索答案
2018-09-24 12:22:42,873 - mylogger - DEBUG - 数据中无答案
2018-09-24 12:22:43,655 - mylogger - DEBUG - 在线检索答案：德国
2018-09-24 12:22:43,655 - mylogger - INFO - 我的答案：德国
2018-09-24 12:22:44,273 - mylogger - DEBUG - 选择选项
2018-09-24 12:22:46,779 - mylogger - INFO - 答案正确
2018-09-24 12:22:46,780 - mylogger - DEBUG - 更新答案
2018-09-24 12:22:56,450 - mylogger - INFO - 本题结束
2018-09-24 12:22:56,451 - mylogger - DEBUG - 获取题目
2018-09-24 12:22:59,594 - mylogger - INFO - 第 3 题
2018-09-24 12:22:59,884 - mylogger - INFO - 数码相机中的ISO值指的是什么？
2018-09-24 12:23:00,836 - mylogger - INFO - ['光圈', '快门时间', '感光度']
2018-09-24 12:23:00,843 - mylogger - DEBUG - 数据库中检索答案
2018-09-24 12:23:00,843 - mylogger - INFO - 我的答案：感光度
2018-09-24 12:23:01,426 - mylogger - DEBUG - 选择选项
2018-09-24 12:23:03,972 - mylogger - INFO - 答案正确
2018-09-24 12:23:03,973 - mylogger - DEBUG - 更新答案
2018-09-24 12:23:13,539 - mylogger - INFO - 本题结束
2018-09-24 12:23:13,541 - mylogger - DEBUG - 获取题目
2018-09-24 12:23:16,620 - mylogger - INFO - 第 4 题
2018-09-24 12:23:16,951 - mylogger - INFO - 狗在人类的生活中有重要的作用，如萨路基犬能作为一种什么犬帮助人类？
2018-09-24 12:23:17,860 - mylogger - INFO - ['畜牧犬', '狩猎犬', '工作犬']
2018-09-24 12:23:17,866 - mylogger - DEBUG - 数据库中检索答案
2018-09-24 12:23:17,867 - mylogger - DEBUG - 数据中无答案
2018-09-24 12:23:18,682 - mylogger - DEBUG - 在线检索答案：狩猎犬
2018-09-24 12:23:18,682 - mylogger - INFO - 我的答案：狩猎犬
2018-09-24 12:23:19,263 - mylogger - DEBUG - 选择选项
2018-09-24 12:23:21,739 - mylogger - INFO - 答案正确
2018-09-24 12:23:21,739 - mylogger - DEBUG - 更新答案
2018-09-24 12:23:31,458 - mylogger - INFO - 本题结束
2018-09-24 12:23:31,458 - mylogger - DEBUG - 获取题目
2018-09-24 12:23:33,284 - mylogger - INFO - 第 5 题
2018-09-24 12:23:33,609 - mylogger - INFO - 刘涛参演过以下哪部电影？
2018-09-24 12:23:34,556 - mylogger - INFO - ['前度', '爱情与灵药', '英伦对决']
2018-09-24 12:23:34,562 - mylogger - DEBUG - 数据库中检索答案
2018-09-24 12:23:34,562 - mylogger - INFO - 我的答案：英伦对决
2018-09-24 12:23:35,147 - mylogger - DEBUG - 选择选项
2018-09-24 12:23:37,706 - mylogger - INFO - 答案正确
2018-09-24 12:23:37,706 - mylogger - DEBUG - 更新答案
2018-09-24 12:23:48,300 - mylogger - INFO - 本题结束
2018-09-24 12:23:49,451 - mylogger - INFO - 本场比赛结束
2018-09-24 12:23:49,502 - mylogger - INFO - 返回游戏页面
2018-09-24 12:23:51,101 - mylogger - INFO - 进入排位赛
2018-09-24 12:23:51,101 - mylogger - INFO - 正在匹配中......
2018-09-24 12:24:51,831 - mylogger - WARNING - 匹配失败
2018-09-24 12:24:51,963 - mylogger - INFO - 返回游戏页面
2018-09-24 12:24:53,532 - mylogger - INFO - 进入排位赛
2018-09-24 12:24:53,533 - mylogger - INFO - 正在匹配中......
2018-09-24 12:25:53,870 - mylogger - WARNING - 匹配失败
2018-09-24 12:25:53,998 - mylogger - INFO - 返回游戏页面
2018-09-24 12:25:55,513 - mylogger - INFO - 进入排位赛
2018-09-24 12:25:55,514 - mylogger - INFO - 正在匹配中......
2018-09-24 12:26:56,213 - mylogger - WARNING - 匹配失败
2018-09-24 12:26:56,344 - mylogger - INFO - 返回游戏页面
2018-09-24 12:26:57,881 - mylogger - INFO - 进入排位赛
2018-09-24 12:26:57,881 - mylogger - INFO - 正在匹配中......
2018-09-24 12:27:58,406 - mylogger - WARNING - 匹配失败
2018-09-24 12:27:58,556 - mylogger - INFO - 返回游戏页面
2018-09-24 12:28:00,115 - mylogger - INFO - 进入排位赛
2018-09-24 12:28:00,115 - mylogger - INFO - 正在匹配中......
2018-09-24 12:29:00,870 - mylogger - WARNING - 匹配失败
2018-09-24 12:29:01,026 - mylogger - INFO - 返回游戏页面
2018-09-24 12:29:02,580 - mylogger - INFO - 进入排位赛
2018-09-24 12:29:02,580 - mylogger - INFO - 正在匹配中......
2018-09-24 12:30:03,545 - mylogger - WARNING - 匹配失败
2018-09-24 12:30:03,668 - mylogger - INFO - 返回游戏页面
2018-09-24 12:30:05,227 - mylogger - INFO - 进入排位赛
2018-09-24 12:30:05,227 - mylogger - INFO - 正在匹配中......
2018-09-24 12:30:50,391 - mylogger - INFO - 匹配成功
2018-09-24 12:30:50,392 - mylogger - DEBUG - 获取题目
2018-09-24 12:30:53,368 - mylogger - INFO - 第 1 题
2018-09-24 12:30:53,682 - mylogger - INFO - 电视节目《蒙面唱将猜猜猜》的主持人是以下哪位？
2018-09-24 12:30:54,548 - mylogger - INFO - ['吴秀波', '谢娜', '李好']
2018-09-24 12:30:54,555 - mylogger - DEBUG - 数据库中检索答案
2018-09-24 12:30:54,555 - mylogger - DEBUG - 数据中无答案
2018-09-24 12:30:55,391 - mylogger - DEBUG - 在线检索答案：李好
2018-09-24 12:30:55,392 - mylogger - INFO - 我的答案：李好
2018-09-24 12:30:55,977 - mylogger - DEBUG - 选择选项
2018-09-24 12:30:58,439 - mylogger - INFO - 答案正确
2018-09-24 12:30:58,439 - mylogger - DEBUG - 更新答案
2018-09-24 12:30:59,807 - mylogger - INFO - 本题结束
2018-09-24 12:30:59,808 - mylogger - DEBUG - 获取题目
2018-09-24 12:31:01,602 - mylogger - INFO - 第 2 题
2018-09-24 12:31:01,907 - mylogger - INFO - 画睫毛膏的时候可以呈什么方式涂抹？
2018-09-24 12:31:02,907 - mylogger - INFO - ['A字', 'Z字', 'C字']
2018-09-24 12:31:02,912 - mylogger - DEBUG - 数据库中检索答案
2018-09-24 12:31:02,913 - mylogger - DEBUG - 数据中无答案
2018-09-24 12:31:04,322 - mylogger - DEBUG - 在线检索答案：Z字
2018-09-24 12:31:04,322 - mylogger - INFO - 我的答案：Z字
2018-09-24 12:31:04,915 - mylogger - DEBUG - 选择选项
2018-09-24 12:31:07,474 - mylogger - INFO - 答案正确
2018-09-24 12:31:07,475 - mylogger - DEBUG - 更新答案
2018-09-24 12:31:11,111 - mylogger - INFO - 本题结束
2018-09-24 12:31:11,112 - mylogger - DEBUG - 获取题目
2018-09-24 12:31:13,008 - mylogger - INFO - 第 3 题
2018-09-24 12:31:13,296 - mylogger - INFO - 《金蛇狂舞》是聂耳根据《倒八板》改编的一首什么类型的乐曲？
2018-09-24 12:31:14,235 - mylogger - INFO - ['民族弹拨', '打击', '民族管弦']
2018-09-24 12:31:14,242 - mylogger - DEBUG - 数据库中检索答案
2018-09-24 12:31:14,244 - mylogger - DEBUG - 数据中无答案
2018-09-24 12:31:15,058 - mylogger - DEBUG - 在线检索答案：民族管弦
2018-09-24 12:31:15,058 - mylogger - INFO - 我的答案：民族管弦
2018-09-24 12:31:15,607 - mylogger - DEBUG - 选择选项
2018-09-24 12:31:18,101 - mylogger - INFO - 答案正确
2018-09-24 12:31:18,102 - mylogger - DEBUG - 更新答案
2018-09-24 12:31:24,127 - mylogger - INFO - 本题结束
2018-09-24 12:31:24,128 - mylogger - DEBUG - 获取题目
2018-09-24 12:31:25,971 - mylogger - INFO - 第 4 题
2018-09-24 12:31:26,271 - mylogger - INFO - 俄罗斯电影《太空救援》中，与地面失去联系的空间站是？
2018-09-24 12:31:27,184 - mylogger - INFO - ['联盟号', '礼炮7号', '礼炮6号']
2018-09-24 12:31:27,189 - mylogger - DEBUG - 数据库中检索答案
2018-09-24 12:31:27,190 - mylogger - DEBUG - 数据中无答案
2018-09-24 12:31:28,060 - mylogger - DEBUG - 在线检索答案：礼炮7号
2018-09-24 12:31:28,061 - mylogger - INFO - 我的答案：礼炮7号
2018-09-24 12:31:28,671 - mylogger - DEBUG - 选择选项
2018-09-24 12:31:31,195 - mylogger - INFO - 答案正确
2018-09-24 12:31:31,195 - mylogger - DEBUG - 更新答案
2018-09-24 12:31:34,879 - mylogger - INFO - 本题结束
2018-09-24 12:31:34,880 - mylogger - DEBUG - 获取题目
2018-09-24 12:31:37,996 - mylogger - INFO - 第 5 题
2018-09-24 12:31:38,297 - mylogger - INFO - 1999年6月，（）成为经棋圣战产生的中国第一位棋圣
2018-09-24 12:31:39,281 - mylogger - INFO - ['聂卫平', '常昊', '马晓春']
2018-09-24 12:31:39,287 - mylogger - DEBUG - 数据库中检索答案
2018-09-24 12:31:39,287 - mylogger - DEBUG - 数据中无答案
2018-09-24 12:31:41,057 - mylogger - DEBUG - 在线检索答案：聂卫平
2018-09-24 12:31:41,057 - mylogger - INFO - 我的答案：聂卫平
2018-09-24 12:31:41,688 - mylogger - DEBUG - 选择选项
2018-09-24 12:31:44,288 - mylogger - INFO - 答案错误
2018-09-24 12:31:44,586 - mylogger - DEBUG - 更新答案
2018-09-24 12:31:44,834 - mylogger - INFO - 本题结束
2018-09-24 12:31:45,964 - mylogger - INFO - 本场比赛结束
2018-09-24 12:31:46,083 - mylogger - INFO - 返回游戏页面
2018-09-24 12:31:47,732 - mylogger - INFO - 进入排位赛
2018-09-24 12:31:47,733 - mylogger - INFO - 正在匹配中......
2018-09-24 12:32:47,935 - mylogger - WARNING - 匹配失败
2018-09-24 12:32:48,048 - mylogger - INFO - 返回游戏页面
2018-09-24 12:32:49,712 - mylogger - INFO - 进入排位赛
2018-09-24 12:32:49,713 - mylogger - INFO - 正在匹配中......
2018-09-24 12:33:49,922 - mylogger - WARNING - 匹配失败
2018-09-24 12:33:50,078 - mylogger - INFO - 返回游戏页面
2018-09-24 12:33:51,679 - mylogger - INFO - 进入排位赛
2018-09-24 12:33:51,680 - mylogger - INFO - 正在匹配中......
2018-09-24 12:34:52,186 - mylogger - WARNING - 匹配失败
2018-09-24 12:34:52,284 - mylogger - INFO - 返回游戏页面
2018-09-24 12:34:53,890 - mylogger - INFO - 进入排位赛
2018-09-24 12:34:53,891 - mylogger - INFO - 正在匹配中......
2018-09-24 12:35:54,405 - mylogger - WARNING - 匹配失败
2018-09-24 12:35:54,617 - mylogger - INFO - 返回游戏页面
2018-09-24 12:35:56,174 - mylogger - INFO - 进入排位赛
2018-09-24 12:35:56,176 - mylogger - INFO - 正在匹配中......
2018-09-24 12:36:56,314 - mylogger - WARNING - 匹配失败
2018-09-24 12:36:56,433 - mylogger - INFO - 返回游戏页面
2018-09-24 12:36:58,009 - mylogger - INFO - 进入排位赛
2018-09-24 12:36:58,010 - mylogger - INFO - 正在匹配中......
2018-09-24 12:37:58,752 - mylogger - WARNING - 匹配失败
2018-09-24 12:37:58,880 - mylogger - INFO - 返回游戏页面
2018-09-24 12:38:00,461 - mylogger - INFO - 进入排位赛
2018-09-24 12:38:00,461 - mylogger - INFO - 正在匹配中......
2018-09-24 12:39:00,971 - mylogger - WARNING - 匹配失败
2018-09-24 12:39:01,103 - mylogger - INFO - 返回游戏页面
2018-09-24 12:39:02,734 - mylogger - INFO - 进入排位赛
2018-09-24 12:39:02,735 - mylogger - INFO - 正在匹配中......
2018-09-24 12:40:03,362 - mylogger - WARNING - 匹配失败
2018-09-24 12:40:03,473 - mylogger - INFO - 返回游戏页面
2018-09-24 12:40:05,047 - mylogger - INFO - 进入排位赛
2018-09-24 12:40:05,048 - mylogger - INFO - 正在匹配中......
2018-09-24 12:42:29,487 - mylogger - INFO - 停止UC浏览器
2018-09-24 12:42:29,546 - mylogger - DEBUG - 返回主页面
2018-09-24 12:42:30,743 - mylogger - DEBUG - 打开UC浏览器
2018-09-24 12:42:33,319 - mylogger - DEBUG - 进入用户页面
2018-09-24 12:42:34,368 - mylogger - DEBUG - 进入游戏页面1
2018-09-24 12:42:36,659 - mylogger - DEBUG - 进入游戏页面2
2018-09-24 12:42:39,064 - mylogger - INFO - 选择游戏
2018-09-24 12:42:40,332 - mylogger - INFO - 进入排位赛
2018-09-24 12:42:40,332 - mylogger - INFO - 正在匹配中......
2018-09-24 12:43:28,432 - mylogger - INFO - 匹配成功
2018-09-24 12:43:28,432 - mylogger - DEBUG - 获取题目
2018-09-24 12:43:31,611 - mylogger - INFO - 第 1 题
2018-09-24 12:43:31,914 - mylogger - INFO - 一瓶白酒500毫升，6瓶一共多少升？
2018-09-24 12:43:32,863 - mylogger - INFO - ['3000升', '30升', '3升']
2018-09-24 12:43:32,873 - mylogger - DEBUG - 数据库中检索答案
2018-09-24 12:43:32,873 - mylogger - DEBUG - 数据中无答案
2018-09-24 12:43:33,704 - mylogger - DEBUG - 在线检索答案：3升
2018-09-24 12:43:33,704 - mylogger - INFO - 我的答案：3升
2018-09-24 12:43:34,360 - mylogger - DEBUG - 选择选项
2018-09-24 12:43:36,853 - mylogger - INFO - 答案正确
2018-09-24 12:43:36,854 - mylogger - DEBUG - 更新答案
2018-09-24 12:43:38,309 - mylogger - INFO - 本题结束
2018-09-24 12:43:38,310 - mylogger - DEBUG - 获取题目
2018-09-24 12:43:40,153 - mylogger - INFO - 第 2 题
2018-09-24 12:43:40,455 - mylogger - INFO - “事皆前定，谁弱又谁强”出自谁的作品？
2018-09-24 12:43:41,631 - mylogger - INFO - ['苏轼', '黄庭坚', '李煜']
2018-09-24 12:43:41,637 - mylogger - DEBUG - 数据库中检索答案
2018-09-24 12:43:41,638 - mylogger - DEBUG - 数据中无答案
2018-09-24 12:43:42,529 - mylogger - DEBUG - 在线检索答案：苏轼
2018-09-24 12:43:42,529 - mylogger - INFO - 我的答案：苏轼
2018-09-24 12:43:43,102 - mylogger - DEBUG - 选择选项
2018-09-24 12:43:45,661 - mylogger - INFO - 答案正确
2018-09-24 12:43:45,662 - mylogger - DEBUG - 更新答案
2018-09-24 12:43:49,300 - mylogger - INFO - 本题结束
2018-09-24 12:43:49,308 - mylogger - DEBUG - 获取题目
2018-09-24 12:43:51,211 - mylogger - INFO - 第 3 题
2018-09-24 12:43:51,533 - mylogger - INFO - 世界上第一家网吧诞生在哪个国家？
2018-09-24 12:43:52,479 - mylogger - INFO - ['美国', '英国', '法国']
2018-09-24 12:43:52,490 - mylogger - DEBUG - 数据库中检索答案
2018-09-24 12:43:52,490 - mylogger - DEBUG - 数据中无答案
2018-09-24 12:43:53,770 - mylogger - DEBUG - 在线检索答案：英国
2018-09-24 12:43:53,770 - mylogger - INFO - 我的答案：英国
2018-09-24 12:43:54,426 - mylogger - DEBUG - 选择选项
2018-09-24 12:43:56,868 - mylogger - INFO - 答案正确
2018-09-24 12:43:56,869 - mylogger - DEBUG - 更新答案
2018-09-24 12:43:59,368 - mylogger - INFO - 本题结束
2018-09-24 12:43:59,370 - mylogger - DEBUG - 获取题目
2018-09-24 12:44:01,196 - mylogger - INFO - 第 4 题
2018-09-24 12:44:01,519 - mylogger - INFO - 下列名表品牌哪个不是瑞士所产？
2018-09-24 12:44:02,481 - mylogger - INFO - ['百达翡丽', '欧米茄', '伯纳表']
2018-09-24 12:44:02,490 - mylogger - DEBUG - 数据库中检索答案
2018-09-24 12:44:02,491 - mylogger - DEBUG - 数据中无答案
2018-09-24 12:44:03,001 - mylogger - DEBUG - 在线检索答案：百达翡丽
2018-09-24 12:44:03,002 - mylogger - INFO - 我的答案：百达翡丽
2018-09-24 12:44:03,581 - mylogger - DEBUG - 选择选项
2018-09-24 12:44:06,082 - mylogger - INFO - 答案错误
2018-09-24 12:44:06,312 - mylogger - INFO - 正确答案；伯纳表
2018-09-24 12:44:06,313 - mylogger - DEBUG - 更新答案
2018-09-24 12:44:11,102 - mylogger - INFO - 本题结束
2018-09-24 12:44:11,103 - mylogger - DEBUG - 获取题目
2018-09-24 12:44:12,978 - mylogger - INFO - 第 5 题
2018-09-24 12:44:13,297 - mylogger - INFO - 哪个是呼吸道和消化道的共同通道？
2018-09-24 12:44:14,361 - mylogger - INFO - ['喉', '咽', '口腔']
2018-09-24 12:44:14,373 - mylogger - DEBUG - 数据库中检索答案
2018-09-24 12:44:14,373 - mylogger - DEBUG - 数据中无答案
2018-09-24 12:44:16,126 - mylogger - DEBUG - 在线检索答案：咽
2018-09-24 12:44:16,127 - mylogger - INFO - 我的答案：咽
2018-09-24 12:44:16,733 - mylogger - DEBUG - 选择选项
2018-09-24 12:44:19,215 - mylogger - INFO - 答案正确
2018-09-24 12:44:19,216 - mylogger - DEBUG - 更新答案
2018-09-24 12:44:22,817 - mylogger - INFO - 本题结束
2018-09-24 12:44:23,968 - mylogger - INFO - 本场比赛结束
2018-09-24 12:44:24,032 - mylogger - INFO - 返回游戏页面
2018-09-24 12:44:25,693 - mylogger - INFO - 进入排位赛
2018-09-24 12:44:25,694 - mylogger - INFO - 正在匹配中......
2018-09-24 12:45:08,483 - mylogger - INFO - 匹配成功
2018-09-24 12:45:08,484 - mylogger - DEBUG - 获取题目
2018-09-24 12:45:11,534 - mylogger - INFO - 第 1 题
2018-09-24 12:45:11,841 - mylogger - INFO - 以下哪位被誉为“古罗马最伟大的诗人”？
2018-09-24 12:45:12,788 - mylogger - INFO - ['贺拉斯', '卢肯', '维吉尔']
2018-09-24 12:45:12,797 - mylogger - DEBUG - 数据库中检索答案
2018-09-24 12:45:12,797 - mylogger - DEBUG - 数据中无答案
2018-09-24 12:45:14,079 - mylogger - DEBUG - 在线检索答案：维吉尔
2018-09-24 12:45:14,080 - mylogger - INFO - 我的答案：维吉尔
2018-09-24 12:45:14,657 - mylogger - DEBUG - 选择选项
2018-09-24 12:45:17,244 - mylogger - INFO - 答案正确
2018-09-24 12:45:17,245 - mylogger - DEBUG - 更新答案
2018-09-24 12:45:25,449 - mylogger - INFO - 本题结束
2018-09-24 12:45:25,451 - mylogger - DEBUG - 获取题目
2018-09-24 12:45:28,641 - mylogger - INFO - 第 2 题
2018-09-24 12:45:28,936 - mylogger - INFO - 同一平面内，过直线外一点可以作几条该直线的平行线？
2018-09-24 12:45:29,840 - mylogger - INFO - ['4条', '1条', '3条']
2018-09-24 12:45:29,847 - mylogger - DEBUG - 数据库中检索答案
2018-09-24 12:45:29,847 - mylogger - DEBUG - 数据中无答案
2018-09-24 12:45:31,077 - mylogger - DEBUG - 在线检索答案：1条
2018-09-24 12:45:31,078 - mylogger - INFO - 我的答案：1条
2018-09-24 12:45:31,744 - mylogger - DEBUG - 选择选项
2018-09-24 12:45:34,222 - mylogger - INFO - 答案正确
2018-09-24 12:45:34,223 - mylogger - DEBUG - 更新答案
2018-09-24 12:45:42,510 - mylogger - INFO - 本题结束
2018-09-24 12:45:42,511 - mylogger - DEBUG - 获取题目
2018-09-24 12:45:45,604 - mylogger - INFO - 第 3 题
2018-09-24 12:45:45,900 - mylogger - INFO - 哪一气不是国画六气（六忌）之一？
2018-09-24 12:45:46,945 - mylogger - INFO - ['火气', '草气', '小气']
2018-09-24 12:45:46,952 - mylogger - DEBUG - 数据库中检索答案
2018-09-24 12:45:46,953 - mylogger - DEBUG - 数据中无答案
2018-09-24 12:45:48,999 - mylogger - DEBUG - 在线检索答案：火气
2018-09-24 12:45:48,999 - mylogger - INFO - 我的答案：火气
2018-09-24 12:45:49,576 - mylogger - DEBUG - 选择选项
2018-09-24 12:45:52,060 - mylogger - INFO - 答案错误
2018-09-24 12:45:52,312 - mylogger - INFO - 正确答案；小气
2018-09-24 12:45:52,312 - mylogger - DEBUG - 更新答案
2018-09-24 12:45:59,375 - mylogger - INFO - 本题结束
2018-09-24 12:45:59,377 - mylogger - DEBUG - 获取题目
2018-09-24 12:46:02,757 - mylogger - INFO - 第 4 题
2018-09-24 12:46:03,069 - mylogger - INFO - 苹果是属于哪一种气候类型的水果？
2018-09-24 12:46:03,982 - mylogger - INFO - ['亚热带', '寒温带', '暖温带']
2018-09-24 12:46:03,989 - mylogger - DEBUG - 数据库中检索答案
2018-09-24 12:46:03,989 - mylogger - DEBUG - 数据中无答案
2018-09-24 12:46:04,757 - mylogger - DEBUG - 在线检索答案：亚热带
2018-09-24 12:46:04,757 - mylogger - INFO - 我的答案：亚热带
2018-09-24 12:46:05,328 - mylogger - DEBUG - 选择选项
2018-09-24 12:46:07,879 - mylogger - INFO - 答案错误
2018-09-24 12:46:08,163 - mylogger - INFO - 正确答案；暖温带
2018-09-24 12:46:08,163 - mylogger - DEBUG - 更新答案
2018-09-24 12:46:17,456 - mylogger - INFO - 本题结束
2018-09-24 12:46:17,457 - mylogger - DEBUG - 获取题目
2018-09-24 12:46:19,359 - mylogger - INFO - 第 5 题
2018-09-24 12:46:19,678 - mylogger - INFO - 火箭队的球员哈登毕业于哪所大学？
2018-09-24 12:46:20,629 - mylogger - INFO - ['斯坦福大学', '麻省理工学院', '亚利桑那州立大学']
2018-09-24 12:46:20,637 - mylogger - DEBUG - 数据库中检索答案
2018-09-24 12:46:20,637 - mylogger - DEBUG - 数据中无答案
2018-09-24 12:46:21,447 - mylogger - DEBUG - 在线检索答案：亚利桑那州立大学
2018-09-24 12:46:21,448 - mylogger - INFO - 我的答案：亚利桑那州立大学
2018-09-24 12:46:22,023 - mylogger - DEBUG - 选择选项
2018-09-24 12:46:24,505 - mylogger - INFO - 答案正确
2018-09-24 12:46:24,506 - mylogger - DEBUG - 更新答案
2018-09-24 12:46:33,833 - mylogger - INFO - 本题结束
2018-09-24 12:46:35,031 - mylogger - INFO - 本场比赛结束
2018-09-24 12:46:35,086 - mylogger - INFO - 返回游戏页面
2018-09-24 12:46:36,715 - mylogger - INFO - 进入排位赛
2018-09-24 12:46:36,716 - mylogger - INFO - 正在匹配中......
2018-09-24 12:47:37,481 - mylogger - WARNING - 匹配失败
2018-09-24 12:47:37,579 - mylogger - INFO - 返回游戏页面
2018-09-24 12:47:39,144 - mylogger - INFO - 进入排位赛
2018-09-24 12:47:39,145 - mylogger - INFO - 正在匹配中......
2018-09-24 12:47:51,786 - mylogger - INFO - 匹配成功
2018-09-24 12:47:51,786 - mylogger - DEBUG - 获取题目
2018-09-24 12:47:54,754 - mylogger - INFO - 第 1 题
2018-09-24 12:47:55,100 - mylogger - INFO - 2009年央视春晚上周杰伦演唱的《本草纲目》中跳舞的小朋友叫
2018-09-24 12:47:56,054 - mylogger - INFO - ['侯俊杰', '侯高俊杰', '高俊杰']
2018-09-24 12:47:56,060 - mylogger - DEBUG - 数据库中检索答案
2018-09-24 12:47:56,060 - mylogger - DEBUG - 数据中无答案
2018-09-24 12:47:57,315 - mylogger - DEBUG - 在线检索答案：侯高俊杰
2018-09-24 12:47:57,316 - mylogger - INFO - 我的答案：侯高俊杰
2018-09-24 12:47:57,885 - mylogger - DEBUG - 选择选项
2018-09-24 12:48:00,270 - mylogger - INFO - 答案正确
2018-09-24 12:48:00,271 - mylogger - DEBUG - 更新答案
2018-09-24 12:48:08,462 - mylogger - INFO - 本题结束
2018-09-24 12:48:08,463 - mylogger - DEBUG - 获取题目
2018-09-24 12:48:11,519 - mylogger - INFO - 第 2 题
2018-09-24 12:48:11,822 - mylogger - INFO - 我国是在哪一年正式加入世界贸易组织的?
2018-09-24 12:48:12,810 - mylogger - INFO - ['1999年', '2000年', '2001年']
2018-09-24 12:48:12,816 - mylogger - DEBUG - 数据库中检索答案
2018-09-24 12:48:12,816 - mylogger - DEBUG - 数据中无答案
2018-09-24 12:48:14,497 - mylogger - DEBUG - 在线检索答案：2001年
2018-09-24 12:48:14,498 - mylogger - INFO - 我的答案：2001年
2018-09-24 12:48:15,106 - mylogger - DEBUG - 选择选项
2018-09-24 12:48:17,563 - mylogger - INFO - 答案正确
2018-09-24 12:48:17,563 - mylogger - DEBUG - 更新答案
2018-09-24 12:48:25,739 - mylogger - INFO - 本题结束
2018-09-24 12:48:25,740 - mylogger - DEBUG - 获取题目
2018-09-24 12:48:28,709 - mylogger - INFO - 第 3 题
2018-09-24 12:48:29,019 - mylogger - INFO - 在斯诺克温布利大师赛中，决赛失利最多是谁？
2018-09-24 12:48:29,951 - mylogger - INFO - ['希金斯', '格里菲斯', '奥沙利文']
2018-09-24 12:48:29,957 - mylogger - DEBUG - 数据库中检索答案
2018-09-24 12:48:29,957 - mylogger - DEBUG - 数据中无答案
2018-09-24 12:48:30,783 - mylogger - DEBUG - 在线检索答案：奥沙利文
2018-09-24 12:48:30,784 - mylogger - INFO - 我的答案：奥沙利文
2018-09-24 12:48:31,378 - mylogger - DEBUG - 选择选项
2018-09-24 12:48:33,880 - mylogger - INFO - 答案正确
2018-09-24 12:48:33,881 - mylogger - DEBUG - 更新答案
2018-09-24 12:48:43,295 - mylogger - INFO - 本题结束
2018-09-24 12:48:43,296 - mylogger - DEBUG - 获取题目
2018-09-24 12:48:45,083 - mylogger - INFO - 第 4 题
2018-09-24 12:48:45,365 - mylogger - INFO - 主演了《心灵捕手》、《谍影重重》的是哪位好莱坞男星？
2018-09-24 12:48:46,356 - mylogger - INFO - ['约翰尼·德普', '马特·达蒙', '阿尔·帕西诺']
2018-09-24 12:48:46,364 - mylogger - DEBUG - 数据库中检索答案
2018-09-24 12:48:46,364 - mylogger - DEBUG - 数据中无答案
2018-09-24 12:48:47,264 - mylogger - DEBUG - 在线检索答案：马特·达蒙
2018-09-24 12:48:47,264 - mylogger - INFO - 我的答案：马特·达蒙
2018-09-24 12:48:47,875 - mylogger - DEBUG - 选择选项
2018-09-24 12:48:50,353 - mylogger - INFO - 答案正确
2018-09-24 12:48:50,353 - mylogger - DEBUG - 更新答案
2018-09-24 12:48:56,308 - mylogger - INFO - 本题结束
2018-09-24 12:48:56,310 - mylogger - DEBUG - 获取题目
2018-09-24 12:48:59,228 - mylogger - INFO - 第 5 题
2018-09-24 12:48:59,508 - mylogger - INFO - 歌词”一天一月一起一年，像不像永远”出自下列哪首歌？
2018-09-24 12:49:00,473 - mylogger - INFO - ['《当爱已成往事》', '《房间》', '《天天想你》']
2018-09-24 12:49:00,480 - mylogger - DEBUG - 数据库中检索答案
2018-09-24 12:49:00,481 - mylogger - DEBUG - 数据中无答案
2018-09-24 12:49:01,386 - mylogger - DEBUG - 在线检索答案：《当爱已成往事》
2018-09-24 12:49:01,387 - mylogger - INFO - 我的答案：《当爱已成往事》
2018-09-24 12:49:01,976 - mylogger - DEBUG - 选择选项
2018-09-24 12:49:04,420 - mylogger - INFO - 答案错误
2018-09-24 12:49:04,551 - mylogger - INFO - 正确答案；《房间》
2018-09-24 12:49:04,552 - mylogger - DEBUG - 更新答案
2018-09-24 12:49:07,063 - mylogger - INFO - 本题结束
2018-09-24 12:49:08,201 - mylogger - INFO - 本场比赛结束
2018-09-24 12:49:08,249 - mylogger - INFO - 返回游戏页面
2018-09-24 12:49:09,881 - mylogger - INFO - 进入排位赛
2018-09-24 12:49:09,882 - mylogger - INFO - 正在匹配中......
2018-09-24 12:49:27,033 - mylogger - INFO - 匹配成功
2018-09-24 12:49:27,034 - mylogger - DEBUG - 获取题目
2018-09-24 12:49:30,054 - mylogger - INFO - 第 1 题
2018-09-24 12:49:30,358 - mylogger - INFO - 下列哪项不属于戏曲表演的四种艺术手段之一？
2018-09-24 12:49:31,323 - mylogger - INFO - ['唱', '念', '学']
2018-09-24 12:49:31,333 - mylogger - DEBUG - 数据库中检索答案
2018-09-24 12:49:31,333 - mylogger - DEBUG - 数据中无答案
2018-09-24 12:49:32,642 - mylogger - DEBUG - 在线检索答案：学
2018-09-24 12:49:32,642 - mylogger - INFO - 我的答案：学
2018-09-24 12:49:33,215 - mylogger - DEBUG - 选择选项
2018-09-24 12:49:35,621 - mylogger - INFO - 答案正确
2018-09-24 12:49:35,622 - mylogger - DEBUG - 更新答案
2018-09-24 12:49:37,009 - mylogger - INFO - 本题结束
2018-09-24 12:49:37,010 - mylogger - DEBUG - 获取题目
2018-09-24 12:49:38,894 - mylogger - INFO - 第 2 题
2018-09-24 12:49:39,254 - mylogger - INFO - 下列卡通人物中，哪个不是日本动漫《美少女战士》中的角色？
2018-09-24 12:49:40,254 - mylogger - INFO - ['夜礼服假面', '春野樱', '水野亚美']
2018-09-24 12:49:40,261 - mylogger - DEBUG - 数据库中检索答案
2018-09-24 12:49:40,262 - mylogger - DEBUG - 数据中无答案
2018-09-24 12:49:41,919 - mylogger - DEBUG - 在线检索答案：春野樱
2018-09-24 12:49:41,919 - mylogger - INFO - 我的答案：春野樱
2018-09-24 12:49:42,542 - mylogger - DEBUG - 选择选项
2018-09-24 12:49:44,980 - mylogger - INFO - 答案正确
2018-09-24 12:49:44,980 - mylogger - DEBUG - 更新答案
2018-09-24 12:49:54,282 - mylogger - INFO - 本题结束
2018-09-24 12:49:54,283 - mylogger - DEBUG - 获取题目
2018-09-24 12:49:56,095 - mylogger - INFO - 第 3 题
2018-09-24 12:49:56,423 - mylogger - INFO - 在电影《女人四十》中，阿娥的公公最后得了什么病？
2018-09-24 12:49:57,340 - mylogger - INFO - ['白血病', '中风', '痴呆']
2018-09-24 12:49:57,346 - mylogger - DEBUG - 数据库中检索答案
2018-09-24 12:49:57,346 - mylogger - DEBUG - 数据中无答案
2018-09-24 12:49:58,027 - mylogger - DEBUG - 在线检索答案：痴呆
2018-09-24 12:49:58,027 - mylogger - INFO - 我的答案：痴呆
2018-09-24 12:49:58,623 - mylogger - DEBUG - 选择选项
2018-09-24 12:50:01,035 - mylogger - INFO - 答案正确
2018-09-24 12:50:01,036 - mylogger - DEBUG - 更新答案
2018-09-24 12:50:10,496 - mylogger - INFO - 本题结束
2018-09-24 12:50:10,497 - mylogger - DEBUG - 获取题目
2018-09-24 12:50:13,559 - mylogger - INFO - 第 4 题
2018-09-24 12:50:13,904 - mylogger - INFO - 正方形的面积为20，周长介于下列哪两个整数之间？
2018-09-24 12:50:14,837 - mylogger - INFO - ['19，20', '16，17', '17，18']
2018-09-24 12:50:14,845 - mylogger - DEBUG - 数据库中检索答案
2018-09-24 12:50:14,845 - mylogger - DEBUG - 数据中无答案
2018-09-24 12:50:16,861 - mylogger - DEBUG - 在线检索答案：
2018-09-24 12:50:16,861 - mylogger - INFO - 我的答案：19，20
2018-09-24 12:50:17,519 - mylogger - DEBUG - 选择选项
2018-09-24 12:50:19,983 - mylogger - INFO - 答案错误
2018-09-24 12:50:20,271 - mylogger - INFO - 正确答案；17，18
2018-09-24 12:50:20,272 - mylogger - DEBUG - 更新答案
2018-09-24 12:50:28,485 - mylogger - INFO - 本题结束
2018-09-24 12:50:28,495 - mylogger - DEBUG - 获取题目
2018-09-24 12:50:30,401 - mylogger - INFO - 第 5 题
2018-09-24 12:50:30,683 - mylogger - INFO - 音乐术语中“Coda”用来表示
2018-09-24 12:50:31,664 - mylogger - INFO - ['活泼', '渐强', '结束']
2018-09-24 12:50:31,669 - mylogger - DEBUG - 数据库中检索答案
2018-09-24 12:50:31,670 - mylogger - DEBUG - 数据中无答案
2018-09-24 12:50:32,938 - mylogger - DEBUG - 在线检索答案：结束
2018-09-24 12:50:32,938 - mylogger - INFO - 我的答案：结束
2018-09-24 12:50:33,612 - mylogger - DEBUG - 选择选项
2018-09-24 12:50:36,153 - mylogger - INFO - 答案正确
2018-09-24 12:50:36,153 - mylogger - DEBUG - 更新答案
2018-09-24 12:50:45,598 - mylogger - INFO - 本题结束
2018-09-24 12:50:46,744 - mylogger - INFO - 本场比赛结束
2018-09-24 12:50:46,792 - mylogger - INFO - 返回游戏页面
2018-09-24 12:50:48,367 - mylogger - INFO - 进入排位赛
2018-09-24 12:50:48,367 - mylogger - INFO - 正在匹配中......
2018-09-24 12:51:37,693 - mylogger - INFO - 匹配成功
2018-09-24 12:51:37,693 - mylogger - DEBUG - 获取题目
2018-09-24 12:51:40,804 - mylogger - INFO - 第 1 题
2018-09-24 12:51:41,135 - mylogger - INFO - 以下谁是现代微积分的创始人之一？
2018-09-24 12:51:42,272 - mylogger - INFO - ['牛顿', '笛卡儿', '哈雷']
2018-09-24 12:51:42,279 - mylogger - DEBUG - 数据库中检索答案
2018-09-24 12:51:42,279 - mylogger - DEBUG - 数据中无答案
2018-09-24 12:51:43,202 - mylogger - DEBUG - 在线检索答案：牛顿
2018-09-24 12:51:43,202 - mylogger - INFO - 我的答案：牛顿
2018-09-24 12:51:43,799 - mylogger - DEBUG - 选择选项
2018-09-24 12:51:46,283 - mylogger - INFO - 答案正确
2018-09-24 12:51:46,283 - mylogger - DEBUG - 更新答案
2018-09-24 12:51:47,640 - mylogger - INFO - 本题结束
2018-09-24 12:51:47,642 - mylogger - DEBUG - 获取题目
2018-09-24 12:51:50,660 - mylogger - INFO - 第 2 题
2018-09-24 12:51:50,980 - mylogger - INFO - 迈克尔·乔丹的身高是多少？
2018-09-24 12:51:51,869 - mylogger - INFO - ['2.09 米', '2.08 米', '1.98米']
2018-09-24 12:51:51,875 - mylogger - DEBUG - 数据库中检索答案
2018-09-24 12:51:51,876 - mylogger - DEBUG - 数据中无答案
2018-09-24 12:51:53,247 - mylogger - DEBUG - 在线检索答案：
2018-09-24 12:51:53,248 - mylogger - INFO - 我的答案：2.09 米
2018-09-24 12:51:53,902 - mylogger - DEBUG - 选择选项
2018-09-24 12:51:56,337 - mylogger - INFO - 答案错误
2018-09-24 12:51:56,693 - mylogger - INFO - 正确答案；1.98米
2018-09-24 12:51:56,694 - mylogger - DEBUG - 更新答案
2018-09-24 12:51:56,951 - mylogger - INFO - 本题结束
2018-09-24 12:51:56,952 - mylogger - DEBUG - 获取题目
2018-09-24 12:52:00,099 - mylogger - INFO - 第 3 题
2018-09-24 12:52:00,368 - mylogger - INFO - 识别正规保健食品时，应注意识别外包装上是否有什么标志的图案？
2018-09-24 12:52:01,288 - mylogger - INFO - ['“QS”', '“蓝帽子”', '“红帽子”']
2018-09-24 12:52:01,297 - mylogger - DEBUG - 数据库中检索答案
2018-09-24 12:52:01,298 - mylogger - DEBUG - 数据中无答案
2018-09-24 12:52:03,570 - mylogger - DEBUG - 在线检索答案：“QS”
2018-09-24 12:52:03,571 - mylogger - INFO - 我的答案：“QS”
2018-09-24 12:52:04,216 - mylogger - DEBUG - 选择选项
2018-09-24 12:52:06,703 - mylogger - INFO - 答案错误
2018-09-24 12:52:06,860 - mylogger - INFO - 正确答案；“蓝帽子”
2018-09-24 12:52:06,862 - mylogger - DEBUG - 更新答案
2018-09-24 12:52:09,408 - mylogger - INFO - 本题结束
2018-09-24 12:52:09,409 - mylogger - DEBUG - 获取题目
2018-09-24 12:52:12,413 - mylogger - INFO - 第 4 题
2018-09-24 12:52:12,713 - mylogger - INFO - 在哪一年的6月17日，我国第一颗氢弹爆破实验取得成功？
2018-09-24 12:52:13,653 - mylogger - INFO - ['1960年', '1964年', '1967年']
2018-09-24 12:52:13,659 - mylogger - DEBUG - 数据库中检索答案
2018-09-24 12:52:13,659 - mylogger - DEBUG - 数据中无答案
2018-09-24 12:52:14,532 - mylogger - DEBUG - 在线检索答案：1967年
2018-09-24 12:52:14,532 - mylogger - INFO - 我的答案：1967年
2018-09-24 12:52:15,204 - mylogger - DEBUG - 选择选项
2018-09-24 12:52:17,562 - mylogger - INFO - 答案正确
2018-09-24 12:52:17,563 - mylogger - DEBUG - 更新答案
2018-09-24 12:52:22,338 - mylogger - INFO - 本题结束
2018-09-24 12:52:22,340 - mylogger - DEBUG - 获取题目
2018-09-24 12:52:24,266 - mylogger - INFO - 第 5 题
2018-09-24 12:52:24,560 - mylogger - INFO - 通常所说的“生命中枢”是指哪个部位？
2018-09-24 12:52:25,593 - mylogger - INFO - ['脑桥', '下丘脑', '延脑']
2018-09-24 12:52:25,598 - mylogger - DEBUG - 数据库中检索答案
2018-09-24 12:52:25,599 - mylogger - INFO - 我的答案：延脑
2018-09-24 12:52:26,184 - mylogger - DEBUG - 选择选项
2018-09-24 12:52:28,623 - mylogger - INFO - 答案正确
2018-09-24 12:52:28,624 - mylogger - DEBUG - 更新答案
2018-09-24 12:52:31,261 - mylogger - INFO - 本题结束
2018-09-24 12:52:32,398 - mylogger - INFO - 本场比赛结束
2018-09-24 12:52:32,451 - mylogger - INFO - 返回游戏页面
2018-09-24 12:52:34,030 - mylogger - INFO - 进入排位赛
2018-09-24 12:52:34,030 - mylogger - INFO - 正在匹配中......
2018-09-24 12:53:34,948 - mylogger - WARNING - 匹配失败
2018-09-24 12:53:35,079 - mylogger - INFO - 返回游戏页面
2018-09-24 12:53:36,687 - mylogger - INFO - 进入排位赛
2018-09-24 12:53:36,688 - mylogger - INFO - 正在匹配中......
2018-09-24 12:54:37,597 - mylogger - WARNING - 匹配失败
2018-09-24 12:54:37,704 - mylogger - INFO - 返回游戏页面
2018-09-24 12:54:39,342 - mylogger - INFO - 进入排位赛
2018-09-24 12:54:39,343 - mylogger - INFO - 正在匹配中......
2018-09-24 13:12:27,690 - mylogger - INFO - 停止UC浏览器
2018-09-24 13:12:27,796 - mylogger - DEBUG - 返回主页面
2018-09-24 13:12:28,471 - mylogger - DEBUG - 打开UC浏览器
2018-09-24 13:12:30,985 - mylogger - DEBUG - 进入用户页面
2018-09-24 13:12:32,210 - mylogger - DEBUG - 进入游戏页面1
2018-09-24 13:12:36,013 - mylogger - DEBUG - 进入游戏页面2
2018-09-24 13:12:38,452 - mylogger - INFO - 选择游戏
2018-09-24 13:12:40,996 - mylogger - INFO - 进入排位赛
2018-09-24 13:12:40,997 - mylogger - INFO - 正在匹配中......
2018-09-24 13:13:48,452 - mylogger - INFO - 停止UC浏览器
2018-09-24 13:13:48,496 - mylogger - DEBUG - 返回主页面
2018-09-24 13:13:50,327 - mylogger - DEBUG - 打开UC浏览器
2018-09-24 13:13:52,782 - mylogger - DEBUG - 进入用户页面
2018-09-24 13:13:53,991 - mylogger - DEBUG - 进入游戏页面1
2018-09-24 13:13:56,179 - mylogger - DEBUG - 进入游戏页面2
2018-09-24 13:13:58,579 - mylogger - INFO - 选择游戏
2018-09-24 13:14:01,909 - mylogger - INFO - 进入排位赛
2018-09-24 13:14:01,910 - mylogger - INFO - 正在匹配中......
2018-09-24 13:14:03,551 - mylogger - INFO - 匹配成功
2018-09-24 13:14:03,553 - mylogger - DEBUG - 获取题目
2018-09-24 13:14:06,705 - mylogger - INFO - 第 1 题
2018-09-24 13:14:07,061 - mylogger - INFO - 围棋的另一个雅称叫做手谈，所以下棋的时候尽量做到不要做什么？
2018-09-24 13:14:08,129 - mylogger - INFO - ['喝水', '说话', '眨眼睛']
2018-09-24 13:14:08,142 - mylogger - DEBUG - 数据库中检索答案
2018-09-24 13:14:08,143 - mylogger - DEBUG - 数据中无答案
2018-09-24 13:14:08,992 - mylogger - DEBUG - 在线检索答案：喝水
2018-09-24 13:14:08,992 - mylogger - INFO - 我的答案：喝水
2018-09-24 13:14:09,704 - mylogger - DEBUG - 选择选项
2018-09-24 13:14:12,249 - mylogger - INFO - 答案错误
2018-09-24 13:14:12,385 - mylogger - INFO - 正确答案；说话
2018-09-24 13:14:12,387 - mylogger - DEBUG - 更新答案
2018-09-24 13:14:14,886 - mylogger - INFO - 本题结束
2018-09-24 13:14:14,890 - mylogger - DEBUG - 获取题目
2018-09-24 13:14:17,107 - mylogger - INFO - 第 2 题
2018-09-24 13:14:17,458 - mylogger - INFO - 哪类人不宜过量饮用菊花茶？
2018-09-24 13:14:18,521 - mylogger - INFO - ['燥热多汗者', '口舌生疮者', '体虚脉弱者']
2018-09-24 13:14:18,563 - mylogger - DEBUG - 数据库中检索答案
2018-09-24 13:14:18,563 - mylogger - DEBUG - 数据中无答案
2018-09-24 13:14:19,350 - mylogger - DEBUG - 在线检索答案：燥热多汗者
2018-09-24 13:14:19,351 - mylogger - INFO - 我的答案：燥热多汗者
2018-09-24 13:14:19,988 - mylogger - DEBUG - 选择选项
2018-09-24 13:14:22,403 - mylogger - INFO - 答案错误
2018-09-24 13:14:22,602 - mylogger - INFO - 正确答案；体虚脉弱者
2018-09-24 13:14:22,603 - mylogger - DEBUG - 更新答案
2018-09-24 13:14:24,027 - mylogger - INFO - 本题结束
2018-09-24 13:14:24,029 - mylogger - DEBUG - 获取题目
2018-09-24 13:14:25,865 - mylogger - INFO - 第 3 题
2018-09-24 13:14:26,128 - mylogger - INFO - 著名小吃驴肉火烧，起源于河北省哪个市？
2018-09-24 13:14:26,985 - mylogger - INFO - ['保定', '孟州', '焦作']
2018-09-24 13:14:26,995 - mylogger - DEBUG - 数据库中检索答案
2018-09-24 13:14:26,995 - mylogger - DEBUG - 数据中无答案
2018-09-24 13:14:27,848 - mylogger - DEBUG - 在线检索答案：保定
2018-09-24 13:14:27,848 - mylogger - INFO - 我的答案：保定
2018-09-24 13:14:28,460 - mylogger - DEBUG - 选择选项
2018-09-24 13:14:30,887 - mylogger - INFO - 答案正确
2018-09-24 13:14:30,888 - mylogger - DEBUG - 更新答案
2018-09-24 13:14:33,352 - mylogger - INFO - 本题结束
2018-09-24 13:14:33,353 - mylogger - DEBUG - 获取题目
2018-09-24 13:14:35,209 - mylogger - INFO - 第 4 题
2018-09-24 13:14:35,573 - mylogger - INFO - 伽利略的国籍是
2018-09-24 13:14:36,706 - mylogger - INFO - ['意大利', '荷兰', '德国']
2018-09-24 13:14:36,719 - mylogger - DEBUG - 数据库中检索答案
2018-09-24 13:14:36,719 - mylogger - DEBUG - 数据中无答案
2018-09-24 13:14:37,486 - mylogger - DEBUG - 在线检索答案：意大利
2018-09-24 13:14:37,486 - mylogger - INFO - 我的答案：意大利
2018-09-24 13:14:38,068 - mylogger - DEBUG - 选择选项
2018-09-24 13:14:40,533 - mylogger - INFO - 答案正确
2018-09-24 13:14:40,534 - mylogger - DEBUG - 更新答案
2018-09-24 13:14:41,967 - mylogger - INFO - 本题结束
2018-09-24 13:14:41,970 - mylogger - DEBUG - 获取题目
2018-09-24 13:14:43,826 - mylogger - INFO - 第 5 题
2018-09-24 13:14:44,138 - mylogger - INFO - 四分之一（1/4）等于零点几？
2018-09-24 13:14:45,072 - mylogger - INFO - ['0.2', '0.25', '0.3']
2018-09-24 13:14:45,079 - mylogger - DEBUG - 数据库中检索答案
2018-09-24 13:14:45,079 - mylogger - INFO - 我的答案：0.25
2018-09-24 13:14:45,653 - mylogger - DEBUG - 选择选项
2018-09-24 13:14:48,021 - mylogger - INFO - 答案正确
2018-09-24 13:14:48,023 - mylogger - DEBUG - 更新答案
2018-09-24 13:14:49,330 - mylogger - INFO - 本题结束
2018-09-24 13:14:50,483 - mylogger - INFO - 本场比赛结束
2018-09-24 13:14:50,553 - mylogger - INFO - 返回游戏页面
2018-09-24 13:14:52,107 - mylogger - INFO - 进入排位赛
2018-09-24 13:14:52,109 - mylogger - INFO - 正在匹配中......
2018-09-24 13:14:58,182 - mylogger - INFO - 匹配成功
2018-09-24 13:14:58,184 - mylogger - DEBUG - 获取题目
2018-09-24 13:15:01,147 - mylogger - INFO - 第 1 题
2018-09-24 13:15:01,415 - mylogger - INFO - 美国首次登陆月球的载人太空船叫什么名字?
2018-09-24 13:15:02,275 - mylogger - INFO - ['奋进号', '亚特兰蒂斯号', ' 阿波罗11']
2018-09-24 13:15:02,324 - mylogger - DEBUG - 数据库中检索答案
2018-09-24 13:15:02,325 - mylogger - DEBUG - 数据中无答案
2018-09-24 13:15:04,504 - mylogger - DEBUG - 在线检索答案： 阿波罗11
2018-09-24 13:15:04,505 - mylogger - INFO - 我的答案： 阿波罗11
2018-09-24 13:15:05,098 - mylogger - DEBUG - 选择选项
2018-09-24 13:15:07,520 - mylogger - INFO - 答案正确
2018-09-24 13:15:07,522 - mylogger - DEBUG - 更新答案
2018-09-24 13:15:08,933 - mylogger - INFO - 本题结束
2018-09-24 13:15:08,935 - mylogger - DEBUG - 获取题目
2018-09-24 13:15:10,739 - mylogger - INFO - 第 2 题
2018-09-24 13:15:11,106 - mylogger - INFO - 歌曲《伤心太平洋》、《天涯》、《兄弟》是哪个歌手的代表作？
2018-09-24 13:15:12,047 - mylogger - INFO - ['任贤齐', '周华健', '伍佰']
2018-09-24 13:15:12,060 - mylogger - DEBUG - 数据库中检索答案
2018-09-24 13:15:12,060 - mylogger - DEBUG - 数据中无答案
2018-09-24 13:15:12,849 - mylogger - DEBUG - 在线检索答案：任贤齐
2018-09-24 13:15:12,849 - mylogger - INFO - 我的答案：任贤齐
2018-09-24 13:15:13,499 - mylogger - DEBUG - 选择选项
2018-09-24 13:15:15,868 - mylogger - INFO - 答案正确
2018-09-24 13:15:15,870 - mylogger - DEBUG - 更新答案
2018-09-24 13:15:17,306 - mylogger - INFO - 本题结束
2018-09-24 13:15:17,309 - mylogger - DEBUG - 获取题目
2018-09-24 13:15:19,140 - mylogger - INFO - 第 3 题
2018-09-24 13:15:19,504 - mylogger - INFO - 股票K线图中，什么颜色表示上涨？
2018-09-24 13:15:20,535 - mylogger - INFO - ['红色', '绿色', '蓝色']
2018-09-24 13:15:20,546 - mylogger - DEBUG - 数据库中检索答案
2018-09-24 13:15:20,546 - mylogger - DEBUG - 数据中无答案
2018-09-24 13:15:22,218 - mylogger - DEBUG - 在线检索答案：红色
2018-09-24 13:15:22,219 - mylogger - INFO - 我的答案：红色
2018-09-24 13:15:22,836 - mylogger - DEBUG - 选择选项
2018-09-24 13:15:25,245 - mylogger - INFO - 答案正确
2018-09-24 13:15:25,247 - mylogger - DEBUG - 更新答案
2018-09-24 13:15:26,875 - mylogger - INFO - 本题结束
2018-09-24 13:15:26,877 - mylogger - DEBUG - 获取题目
2018-09-24 13:15:28,729 - mylogger - INFO - 第 4 题
2018-09-24 13:15:29,000 - mylogger - INFO - 游戏《仙剑奇侠传》中，紫萱是哪位神话人物的后人？
2018-09-24 13:15:29,871 - mylogger - INFO - ['嫦娥', '花仙子', '女娲']
2018-09-24 13:15:29,882 - mylogger - DEBUG - 数据库中检索答案
2018-09-24 13:15:29,882 - mylogger - INFO - 我的答案：女娲
2018-09-24 13:15:30,555 - mylogger - DEBUG - 选择选项
2018-09-24 13:15:33,003 - mylogger - INFO - 答案正确
2018-09-24 13:15:33,006 - mylogger - DEBUG - 更新答案
2018-09-24 13:15:35,786 - mylogger - INFO - 本题结束
2018-09-24 13:15:35,787 - mylogger - DEBUG - 获取题目
2018-09-24 13:15:38,895 - mylogger - INFO - 第 5 题
2018-09-24 13:15:39,200 - mylogger - INFO - 我国法律规定，未满多少周岁的公民称为未成年人？
2018-09-24 13:15:40,151 - mylogger - INFO - ['24', '18', '20']
2018-09-24 13:15:40,159 - mylogger - DEBUG - 数据库中检索答案
2018-09-24 13:15:40,159 - mylogger - DEBUG - 数据中无答案
2018-09-24 13:15:41,057 - mylogger - DEBUG - 在线检索答案：18
2018-09-24 13:15:41,058 - mylogger - INFO - 我的答案：18
2018-09-24 13:15:41,636 - mylogger - DEBUG - 选择选项
2018-09-24 13:15:44,049 - mylogger - INFO - 答案正确
2018-09-24 13:15:44,051 - mylogger - DEBUG - 更新答案
2018-09-24 13:15:44,690 - mylogger - INFO - 本题结束
2018-09-24 13:15:45,856 - mylogger - INFO - 本场比赛结束
2018-09-24 13:15:45,898 - mylogger - INFO - 返回游戏页面
2018-09-24 13:15:47,473 - mylogger - INFO - 进入排位赛
2018-09-24 13:15:47,475 - mylogger - INFO - 正在匹配中......
2018-09-24 13:15:50,256 - mylogger - INFO - 匹配成功
2018-09-24 13:15:50,258 - mylogger - DEBUG - 获取题目
2018-09-24 13:15:53,252 - mylogger - INFO - 第 1 题
2018-09-24 13:15:53,542 - mylogger - INFO - 龙抄手是哪个省的著名小吃？
2018-09-24 13:15:54,429 - mylogger - INFO - ['四川省', '湖南省', '湖北省']
2018-09-24 13:15:54,440 - mylogger - DEBUG - 数据库中检索答案
2018-09-24 13:15:54,440 - mylogger - DEBUG - 数据中无答案
2018-09-24 13:15:55,190 - mylogger - DEBUG - 在线检索答案：四川省
2018-09-24 13:15:55,191 - mylogger - INFO - 我的答案：四川省
2018-09-24 13:15:55,800 - mylogger - DEBUG - 选择选项
2018-09-24 13:15:58,188 - mylogger - INFO - 答案正确
2018-09-24 13:15:58,190 - mylogger - DEBUG - 更新答案
2018-09-24 13:16:04,284 - mylogger - INFO - 本题结束
2018-09-24 13:16:04,322 - mylogger - DEBUG - 获取题目
2018-09-24 13:16:07,289 - mylogger - INFO - 第 2 题
2018-09-24 13:16:07,621 - mylogger - INFO - 以下选项中，哪一个不是我国的三大石窟之一？
2018-09-24 13:16:08,422 - mylogger - INFO - ['克孜尔石窟', '龙门石窟', '莫高窟']
2018-09-24 13:16:08,430 - mylogger - DEBUG - 数据库中检索答案
2018-09-24 13:16:08,430 - mylogger - INFO - 我的答案：克孜尔石窟
2018-09-24 13:16:09,029 - mylogger - DEBUG - 选择选项
2018-09-24 13:16:11,418 - mylogger - INFO - 答案正确
2018-09-24 13:16:11,419 - mylogger - DEBUG - 更新答案
2018-09-24 13:16:14,091 - mylogger - INFO - 本题结束
2018-09-24 13:16:14,093 - mylogger - DEBUG - 获取题目
2018-09-24 13:16:15,897 - mylogger - INFO - 第 3 题
2018-09-24 13:16:16,193 - mylogger - INFO - 意大利最早的文人诗歌属于？
2018-09-24 13:16:17,074 - mylogger - INFO - ['民间文学', '隐逸诗派诗歌', '西西里诗派抒情诗']
2018-09-24 13:16:17,085 - mylogger - DEBUG - 数据库中检索答案
2018-09-24 13:16:17,086 - mylogger - DEBUG - 数据中无答案
2018-09-24 13:16:17,919 - mylogger - DEBUG - 在线检索答案：民间文学
2018-09-24 13:16:17,919 - mylogger - INFO - 我的答案：民间文学
2018-09-24 13:16:18,494 - mylogger - DEBUG - 选择选项
2018-09-24 13:16:20,985 - mylogger - INFO - 答案错误
2018-09-24 13:16:21,214 - mylogger - INFO - 正确答案；西西里诗派抒情诗
2018-09-24 13:16:21,215 - mylogger - DEBUG - 更新答案
2018-09-24 13:16:26,257 - mylogger - INFO - 本题结束
2018-09-24 13:16:26,260 - mylogger - DEBUG - 获取题目
2018-09-24 13:16:28,162 - mylogger - INFO - 第 4 题
2018-09-24 13:16:28,454 - mylogger - INFO - 电灯的发明者是谁？
2018-09-24 13:16:29,364 - mylogger - INFO - ['牛顿', '爱因斯坦', '爱迪生']
2018-09-24 13:16:29,375 - mylogger - DEBUG - 数据库中检索答案
2018-09-24 13:16:29,375 - mylogger - DEBUG - 数据中无答案
2018-09-24 13:16:30,135 - mylogger - DEBUG - 在线检索答案：爱迪生
2018-09-24 13:16:30,135 - mylogger - INFO - 我的答案：爱迪生
2018-09-24 13:16:30,713 - mylogger - DEBUG - 选择选项
2018-09-24 13:16:33,107 - mylogger - INFO - 答案正确
2018-09-24 13:16:33,108 - mylogger - DEBUG - 更新答案
2018-09-24 13:16:39,200 - mylogger - INFO - 本题结束
2018-09-24 13:16:39,202 - mylogger - DEBUG - 获取题目
2018-09-24 13:16:40,965 - mylogger - INFO - 第 5 题
2018-09-24 13:16:41,259 - mylogger - INFO - 清代以珍珠加工而成的妆粉称为什么？
2018-09-24 13:16:42,098 - mylogger - INFO - ['紫粉', '珠粉', '玉簪粉']
2018-09-24 13:16:42,110 - mylogger - DEBUG - 数据库中检索答案
2018-09-24 13:16:42,111 - mylogger - INFO - 我的答案：珠粉
2018-09-24 13:16:42,710 - mylogger - DEBUG - 选择选项
2018-09-24 13:16:45,166 - mylogger - INFO - 答案正确
2018-09-24 13:16:45,168 - mylogger - DEBUG - 更新答案
2018-09-24 13:16:55,899 - mylogger - INFO - 本题结束
2018-09-24 13:16:57,044 - mylogger - INFO - 本场比赛结束
2018-09-24 13:16:57,142 - mylogger - INFO - 返回游戏页面
2018-09-24 13:16:58,767 - mylogger - INFO - 进入排位赛
2018-09-24 13:16:58,769 - mylogger - INFO - 正在匹配中......
2018-09-24 13:17:13,819 - mylogger - INFO - 匹配成功
2018-09-24 13:17:13,820 - mylogger - DEBUG - 获取题目
2018-09-24 13:17:16,892 - mylogger - INFO - 第 1 题
2018-09-24 13:17:17,193 - mylogger - INFO - 信息化武装力量主要包括信息化现役部队、信息化武警部队、民兵和
2018-09-24 13:17:18,178 - mylogger - INFO - ['信息化预备役部队', '信息化警备部队', '信息化治安部队']
2018-09-24 13:17:18,188 - mylogger - DEBUG - 数据库中检索答案
2018-09-24 13:17:18,188 - mylogger - DEBUG - 数据中无答案
2018-09-24 13:17:19,470 - mylogger - DEBUG - 在线检索答案：信息化预备役部队
2018-09-24 13:17:19,470 - mylogger - INFO - 我的答案：信息化预备役部队
2018-09-24 13:17:20,052 - mylogger - DEBUG - 选择选项
2018-09-24 13:17:22,427 - mylogger - INFO - 答案正确
2018-09-24 13:17:22,428 - mylogger - DEBUG - 更新答案
2018-09-24 13:17:25,215 - mylogger - INFO - 本题结束
2018-09-24 13:17:25,218 - mylogger - DEBUG - 获取题目
2018-09-24 13:17:27,128 - mylogger - INFO - 第 2 题
2018-09-24 13:17:27,489 - mylogger - INFO - 下列哪位明星担任过电视节目《我是歌手 第二季》的嘉宾？
2018-09-24 13:17:28,430 - mylogger - INFO - ['潘粤明', '陈若轩', '张杰']
2018-09-24 13:17:28,444 - mylogger - DEBUG - 数据库中检索答案
2018-09-24 13:17:28,444 - mylogger - INFO - 我的答案：张杰
2018-09-24 13:17:29,070 - mylogger - DEBUG - 选择选项
2018-09-24 13:17:31,523 - mylogger - INFO - 答案正确
2018-09-24 13:17:31,525 - mylogger - DEBUG - 更新答案
2018-09-24 13:17:33,121 - mylogger - INFO - 本题结束
2018-09-24 13:17:33,123 - mylogger - DEBUG - 获取题目
2018-09-24 13:17:36,190 - mylogger - INFO - 第 3 题
2018-09-24 13:17:36,461 - mylogger - INFO - 下列哪个演员参加了2018年央视春晚小品《真假老师》的表演？
2018-09-24 13:17:37,533 - mylogger - INFO - ['贾玲', '王祖蓝', '潘长江']
2018-09-24 13:17:37,544 - mylogger - DEBUG - 数据库中检索答案
2018-09-24 13:17:37,544 - mylogger - DEBUG - 数据中无答案
2018-09-24 13:17:38,209 - mylogger - DEBUG - 在线检索答案：贾玲
2018-09-24 13:17:38,209 - mylogger - INFO - 我的答案：贾玲
2018-09-24 13:17:38,801 - mylogger - DEBUG - 选择选项
2018-09-24 13:17:41,195 - mylogger - INFO - 答案正确
2018-09-24 13:17:41,196 - mylogger - DEBUG - 更新答案
2018-09-24 13:17:41,674 - mylogger - INFO - 本题结束
2018-09-24 13:17:41,677 - mylogger - DEBUG - 获取题目
2018-09-24 13:17:44,546 - mylogger - INFO - 第 4 题
2018-09-24 13:17:44,890 - mylogger - INFO - 在联合国维持和平与安全方面有权采取行动的机关是
2018-09-24 13:17:45,745 - mylogger - INFO - ['联合国大会', '联合国安理会', '秘书处']
2018-09-24 13:17:45,752 - mylogger - DEBUG - 数据库中检索答案
2018-09-24 13:17:45,753 - mylogger - INFO - 我的答案：联合国安理会
2018-09-24 13:17:46,365 - mylogger - DEBUG - 选择选项
2018-09-24 13:17:48,747 - mylogger - INFO - 答案正确
2018-09-24 13:17:48,749 - mylogger - DEBUG - 更新答案
2018-09-24 13:17:50,264 - mylogger - INFO - 本题结束
2018-09-24 13:17:50,265 - mylogger - DEBUG - 获取题目
2018-09-24 13:17:52,143 - mylogger - INFO - 第 5 题
2018-09-24 13:17:52,422 - mylogger - INFO - 在动画电影中，把公主变丑的通常都是谁？
2018-09-24 13:17:53,270 - mylogger - INFO - ['国王', '巫婆', '王子']
2018-09-24 13:17:53,281 - mylogger - DEBUG - 数据库中检索答案
2018-09-24 13:17:53,281 - mylogger - DEBUG - 数据中无答案
2018-09-24 13:17:54,099 - mylogger - DEBUG - 在线检索答案：
2018-09-24 13:17:54,099 - mylogger - INFO - 我的答案：国王
2018-09-24 13:17:54,698 - mylogger - DEBUG - 选择选项
2018-09-24 13:17:57,151 - mylogger - INFO - 答案错误
2018-09-24 13:17:57,280 - mylogger - INFO - 正确答案；巫婆
2018-09-24 13:17:57,282 - mylogger - DEBUG - 更新答案
2018-09-24 13:18:04,593 - mylogger - INFO - 本题结束
2018-09-24 13:18:05,717 - mylogger - INFO - 本场比赛结束
2018-09-24 13:18:05,832 - mylogger - INFO - 返回游戏页面
2018-09-24 13:18:07,438 - mylogger - INFO - 进入排位赛
2018-09-24 13:18:07,440 - mylogger - INFO - 正在匹配中......
2018-09-24 13:18:08,959 - mylogger - INFO - 匹配成功
2018-09-24 13:18:08,962 - mylogger - DEBUG - 获取题目
2018-09-24 13:18:12,120 - mylogger - INFO - 第 1 题
2018-09-24 13:18:12,415 - mylogger - INFO - 潮汐主要是由什么引力而形成的？
2018-09-24 13:18:13,317 - mylogger - INFO - ['月球和太阳', '火星', '地心']
2018-09-24 13:18:13,331 - mylogger - DEBUG - 数据库中检索答案
2018-09-24 13:18:13,332 - mylogger - DEBUG - 数据中无答案
2018-09-24 13:18:15,407 - mylogger - DEBUG - 在线检索答案：月球和太阳
2018-09-24 13:18:15,407 - mylogger - INFO - 我的答案：月球和太阳
2018-09-24 13:18:16,075 - mylogger - DEBUG - 选择选项
2018-09-24 13:18:18,498 - mylogger - INFO - 答案正确
2018-09-24 13:18:18,500 - mylogger - DEBUG - 更新答案
2018-09-24 13:18:21,254 - mylogger - INFO - 本题结束
2018-09-24 13:18:21,259 - mylogger - DEBUG - 获取题目
2018-09-24 13:18:23,123 - mylogger - INFO - 第 2 题
2018-09-24 13:18:23,430 - mylogger - INFO - 苦丁茶的益处，不包括以下哪项？
2018-09-24 13:18:24,327 - mylogger - INFO - ['降三高', '消除口臭', '缓解肌肉疲劳']
2018-09-24 13:18:24,346 - mylogger - DEBUG - 数据库中检索答案
2018-09-24 13:18:24,346 - mylogger - DEBUG - 数据中无答案
2018-09-24 13:18:25,140 - mylogger - DEBUG - 在线检索答案：消除口臭
2018-09-24 13:18:25,141 - mylogger - INFO - 我的答案：消除口臭
2018-09-24 13:18:25,790 - mylogger - DEBUG - 选择选项
2018-09-24 13:18:28,289 - mylogger - INFO - 答案错误
2018-09-24 13:18:28,492 - mylogger - INFO - 正确答案；缓解肌肉疲劳
2018-09-24 13:18:28,494 - mylogger - DEBUG - 更新答案
2018-09-24 13:18:31,265 - mylogger - INFO - 本题结束
2018-09-24 13:18:31,268 - mylogger - DEBUG - 获取题目
2018-09-24 13:18:34,160 - mylogger - INFO - 第 3 题
2018-09-24 13:18:34,464 - mylogger - INFO - 地球同步轨道卫星的运行周期是？
2018-09-24 13:18:35,440 - mylogger - INFO - ['24小时', '12小时', '1.5小时']
2018-09-24 13:18:35,451 - mylogger - DEBUG - 数据库中检索答案
2018-09-24 13:18:35,451 - mylogger - DEBUG - 数据中无答案
2018-09-24 13:18:36,300 - mylogger - DEBUG - 在线检索答案：24小时
2018-09-24 13:18:36,300 - mylogger - INFO - 我的答案：24小时
2018-09-24 13:18:36,908 - mylogger - DEBUG - 选择选项
2018-09-24 13:18:39,379 - mylogger - INFO - 答案正确
2018-09-24 13:18:39,380 - mylogger - DEBUG - 更新答案
2018-09-24 13:18:43,874 - mylogger - INFO - 本题结束
2018-09-24 13:18:43,876 - mylogger - DEBUG - 获取题目
2018-09-24 13:18:46,800 - mylogger - INFO - 第 4 题
2018-09-24 13:18:47,097 - mylogger - INFO - 古人在清明节放风筝的最初寓意是什么？
2018-09-24 13:18:47,977 - mylogger - INFO - ['迎接春天', '除病消灾', '锻炼身体']
2018-09-24 13:18:47,991 - mylogger - DEBUG - 数据库中检索答案
2018-09-24 13:18:47,991 - mylogger - DEBUG - 数据中无答案
2018-09-24 13:18:48,888 - mylogger - DEBUG - 在线检索答案：锻炼身体
2018-09-24 13:18:48,888 - mylogger - INFO - 我的答案：锻炼身体
2018-09-24 13:18:49,471 - mylogger - DEBUG - 选择选项
2018-09-24 13:18:51,967 - mylogger - INFO - 答案错误
2018-09-24 13:18:52,169 - mylogger - INFO - 正确答案；除病消灾
2018-09-24 13:18:52,171 - mylogger - DEBUG - 更新答案
2018-09-24 13:18:58,368 - mylogger - INFO - 本题结束
2018-09-24 13:18:58,370 - mylogger - DEBUG - 获取题目
2018-09-24 13:19:00,248 - mylogger - INFO - 第 5 题
2018-09-24 13:19:00,505 - mylogger - INFO - 最早提出冷战概念的是谁？
2018-09-24 13:19:01,429 - mylogger - INFO - ['尼克松', '杜鲁门', '罗斯福']
2018-09-24 13:19:01,442 - mylogger - DEBUG - 数据库中检索答案
2018-09-24 13:19:01,442 - mylogger - INFO - 我的答案：杜鲁门
2018-09-24 13:19:02,061 - mylogger - DEBUG - 选择选项
2018-09-24 13:19:04,540 - mylogger - INFO - 答案正确
2018-09-24 13:19:04,541 - mylogger - DEBUG - 更新答案
2018-09-24 13:19:15,386 - mylogger - INFO - 本题结束
2018-09-24 13:19:16,517 - mylogger - INFO - 本场比赛结束
2018-09-24 13:19:16,578 - mylogger - INFO - 返回游戏页面
2018-09-24 13:19:18,094 - mylogger - INFO - 进入排位赛
2018-09-24 13:19:18,095 - mylogger - INFO - 正在匹配中......
2018-09-24 13:19:19,657 - mylogger - INFO - 匹配成功
2018-09-24 13:19:19,658 - mylogger - DEBUG - 获取题目
2018-09-24 13:19:22,762 - mylogger - INFO - 第 1 题
2018-09-24 13:19:23,086 - mylogger - INFO - 《王者荣耀》中，“纵横兵法”是哪个英雄的的技能？
2018-09-24 13:19:24,129 - mylogger - INFO - ['鬼谷子', '老夫子', '刘邦']
2018-09-24 13:19:24,168 - mylogger - DEBUG - 数据库中检索答案
2018-09-24 13:19:24,169 - mylogger - INFO - 我的答案：鬼谷子
2018-09-24 13:19:24,770 - mylogger - DEBUG - 选择选项
2018-09-24 13:19:27,139 - mylogger - INFO - 答案正确
2018-09-24 13:19:27,141 - mylogger - DEBUG - 更新答案
2018-09-24 13:19:29,890 - mylogger - INFO - 本题结束
2018-09-24 13:19:29,892 - mylogger - DEBUG - 获取题目
2018-09-24 13:19:31,701 - mylogger - INFO - 第 2 题
2018-09-24 13:19:31,978 - mylogger - INFO - 天文学上常用的距离单位是什么？
2018-09-24 13:19:32,964 - mylogger - INFO - ['千米', '光年', '公里']
2018-09-24 13:19:32,974 - mylogger - DEBUG - 数据库中检索答案
2018-09-24 13:19:32,974 - mylogger - DEBUG - 数据中无答案
2018-09-24 13:19:33,734 - mylogger - DEBUG - 在线检索答案：光年
2018-09-24 13:19:33,735 - mylogger - INFO - 我的答案：光年
2018-09-24 13:19:34,362 - mylogger - DEBUG - 选择选项
2018-09-24 13:19:36,739 - mylogger - INFO - 答案正确
2018-09-24 13:19:36,740 - mylogger - DEBUG - 更新答案
2018-09-24 13:19:38,384 - mylogger - INFO - 本题结束
2018-09-24 13:19:38,386 - mylogger - DEBUG - 获取题目
2018-09-24 13:19:40,150 - mylogger - INFO - 第 3 题
2018-09-24 13:19:40,471 - mylogger - INFO - 藏族和蒙古族人要献什么来表示对对方的敬意和问候？
2018-09-24 13:19:41,370 - mylogger - INFO - ['哈撒', '扎西德勒', '哈达']
2018-09-24 13:19:41,408 - mylogger - DEBUG - 数据库中检索答案
2018-09-24 13:19:41,409 - mylogger - DEBUG - 数据中无答案
2018-09-24 13:19:43,159 - mylogger - DEBUG - 在线检索答案：哈达
2018-09-24 13:19:43,159 - mylogger - INFO - 我的答案：哈达
2018-09-24 13:19:43,767 - mylogger - DEBUG - 选择选项
2018-09-24 13:19:46,171 - mylogger - INFO - 答案正确
2018-09-24 13:19:46,172 - mylogger - DEBUG - 更新答案
2018-09-24 13:19:47,722 - mylogger - INFO - 本题结束
2018-09-24 13:19:47,725 - mylogger - DEBUG - 获取题目
2018-09-24 13:19:49,555 - mylogger - INFO - 第 4 题
2018-09-24 13:19:49,836 - mylogger - INFO - 以下哪个选项是缅甸的国花？
2018-09-24 13:19:50,772 - mylogger - INFO - ['鸡蛋花', '龙船花', '樱花']
2018-09-24 13:19:50,810 - mylogger - DEBUG - 数据库中检索答案
2018-09-24 13:19:50,810 - mylogger - DEBUG - 数据中无答案
2018-09-24 13:19:51,561 - mylogger - DEBUG - 在线检索答案：龙船花
2018-09-24 13:19:51,561 - mylogger - INFO - 我的答案：龙船花
2018-09-24 13:19:52,106 - mylogger - DEBUG - 选择选项
2018-09-24 13:19:54,503 - mylogger - INFO - 答案正确
2018-09-24 13:19:54,505 - mylogger - DEBUG - 更新答案
2018-09-24 13:19:59,617 - mylogger - INFO - 本题结束
2018-09-24 13:19:59,620 - mylogger - DEBUG - 获取题目
2018-09-24 13:20:01,632 - mylogger - INFO - 第 5 题
2018-09-24 13:20:02,000 - mylogger - INFO - “勇气”号火星探测器是哪个国家宇航局发射的？
2018-09-24 13:20:02,964 - mylogger - INFO - ['美国', '英国', '中国']
2018-09-24 13:20:02,972 - mylogger - DEBUG - 数据库中检索答案
2018-09-24 13:20:02,973 - mylogger - INFO - 我的答案：美国
2018-09-24 13:20:03,594 - mylogger - DEBUG - 选择选项
2018-09-24 13:20:06,019 - mylogger - INFO - 答案正确
2018-09-24 13:20:06,021 - mylogger - DEBUG - 更新答案
2018-09-24 13:20:07,515 - mylogger - INFO - 本题结束
2018-09-24 13:20:08,672 - mylogger - INFO - 本场比赛结束
2018-09-24 13:20:08,743 - mylogger - INFO - 返回游戏页面
2018-09-24 13:20:10,369 - mylogger - INFO - 进入排位赛
2018-09-24 13:20:10,371 - mylogger - INFO - 正在匹配中......
2018-09-24 13:20:13,044 - mylogger - INFO - 匹配成功
2018-09-24 13:20:13,046 - mylogger - DEBUG - 获取题目
2018-09-24 13:20:16,032 - mylogger - INFO - 第 1 题
2018-09-24 13:20:16,309 - mylogger - INFO - 9
2018-09-24 13:20:17,309 - mylogger - INFO - ['的真正含义是什么？', '教育子女', '父母与子女共同学习和成长']
2018-09-24 13:20:17,322 - mylogger - DEBUG - 数据库中检索答案
2018-09-24 13:20:17,323 - mylogger - DEBUG - 数据中无答案
2018-09-24 13:20:17,653 - mylogger - DEBUG - 在线检索答案：
2018-09-24 13:20:17,653 - mylogger - INFO - 我的答案：的真正含义是什么？
2018-09-24 13:36:04,109 - mylogger - INFO - 停止UC浏览器
2018-09-24 13:36:04,307 - mylogger - DEBUG - 返回主页面
2018-09-24 13:36:05,046 - mylogger - DEBUG - 打开UC浏览器
2018-09-24 13:36:07,670 - mylogger - DEBUG - 进入用户页面
2018-09-24 13:36:08,856 - mylogger - DEBUG - 进入游戏页面1
2018-09-24 13:36:11,195 - mylogger - DEBUG - 进入游戏页面2
2018-09-24 13:36:13,591 - mylogger - INFO - 选择游戏
2018-09-24 13:36:15,564 - mylogger - INFO - 进入排位赛
2018-09-24 13:36:15,565 - mylogger - INFO - 正在匹配中......
2018-09-24 13:36:42,021 - mylogger - INFO - 匹配成功
2018-09-24 13:36:42,023 - mylogger - DEBUG - 获取题目
2018-09-24 13:36:45,032 - mylogger - INFO - 第 1 题
2018-09-24 13:36:45,313 - mylogger - INFO - 中国古代的哪三大特产享誉世界？
2018-09-24 13:36:46,214 - mylogger - INFO - ['瓷器、玉器和茶叶', '用瓷、黄酒和丝绸', '瓷器、丝绸和茶叶']
2018-09-24 13:36:46,224 - mylogger - DEBUG - 数据库中检索答案
2018-09-24 13:36:46,224 - mylogger - DEBUG - 数据中无答案
2018-09-24 13:36:47,185 - mylogger - DEBUG - 在线检索答案：
2018-09-24 13:36:47,185 - mylogger - INFO - 我的答案：瓷器、玉器和茶叶
2018-09-24 13:36:47,793 - mylogger - DEBUG - 选择选项
2018-09-24 13:36:50,210 - mylogger - INFO - 答案错误
2018-09-24 13:36:50,470 - mylogger - INFO - 正确答案；瓷器、丝绸和茶叶
2018-09-24 13:36:50,471 - mylogger - DEBUG - 更新答案
2018-09-24 13:36:54,049 - mylogger - INFO - 本题结束
2018-09-24 13:36:54,050 - mylogger - DEBUG - 获取题目
2018-09-24 13:36:55,858 - mylogger - INFO - 第 2 题
2018-09-24 13:36:56,194 - mylogger - INFO - “鲁”是中国哪个省的简称？
2018-09-24 13:36:57,245 - mylogger - INFO - ['山东', '山西', '河北']
2018-09-24 13:36:57,253 - mylogger - DEBUG - 数据库中检索答案
2018-09-24 13:36:57,253 - mylogger - DEBUG - 数据中无答案
2018-09-24 13:36:58,152 - mylogger - DEBUG - 在线检索答案：山东
2018-09-24 13:36:58,152 - mylogger - INFO - 我的答案：山东
2018-09-24 13:36:58,709 - mylogger - DEBUG - 选择选项
2018-09-24 13:37:01,109 - mylogger - INFO - 答案正确
2018-09-24 13:37:01,110 - mylogger - DEBUG - 更新答案
2018-09-24 13:37:02,491 - mylogger - INFO - 本题结束
2018-09-24 13:37:02,492 - mylogger - DEBUG - 获取题目
2018-09-24 13:37:04,363 - mylogger - INFO - 第 3 题
2018-09-24 13:37:04,647 - mylogger - INFO - 巨人集团的创始人是谁？
2018-09-24 13:37:05,698 - mylogger - INFO - ['史玉柱', '李彦宏', '张朝阳']
2018-09-24 13:37:05,711 - mylogger - DEBUG - 数据库中检索答案
2018-09-24 13:37:05,712 - mylogger - DEBUG - 数据中无答案
2018-09-24 13:37:06,451 - mylogger - DEBUG - 在线检索答案：史玉柱
2018-09-24 13:37:06,452 - mylogger - INFO - 我的答案：史玉柱
2018-09-24 13:37:07,065 - mylogger - DEBUG - 选择选项
2018-09-24 13:37:09,515 - mylogger - INFO - 答案正确
2018-09-24 13:37:09,516 - mylogger - DEBUG - 更新答案
2018-09-24 13:37:13,141 - mylogger - INFO - 本题结束
2018-09-24 13:37:13,165 - mylogger - DEBUG - 获取题目
2018-09-24 13:37:16,186 - mylogger - INFO - 第 4 题
2018-09-24 13:37:16,459 - mylogger - INFO - 在《王者荣耀》中，跟女娲一样拥有全图技能的英雄是
2018-09-24 13:37:17,291 - mylogger - INFO - ['墨子', '武则天', '安琪拉']
2018-09-24 13:37:17,302 - mylogger - DEBUG - 数据库中检索答案
2018-09-24 13:37:17,302 - mylogger - DEBUG - 数据中无答案
2018-09-24 13:37:18,937 - mylogger - DEBUG - 在线检索答案：
2018-09-24 13:37:18,937 - mylogger - INFO - 我的答案：墨子
2018-09-24 13:37:19,527 - mylogger - DEBUG - 选择选项
2018-09-24 13:37:21,966 - mylogger - INFO - 答案错误
2018-09-24 13:37:22,091 - mylogger - INFO - 正确答案；武则天
2018-09-24 13:37:22,092 - mylogger - DEBUG - 更新答案
2018-09-24 13:37:23,428 - mylogger - INFO - 本题结束
2018-09-24 13:37:23,429 - mylogger - DEBUG - 获取题目
2018-09-24 13:37:25,249 - mylogger - INFO - 第 5 题
2018-09-24 13:37:25,583 - mylogger - INFO - 春节时，通常会把哪个汉字倒着张贴寓意吉祥？
2018-09-24 13:37:26,438 - mylogger - INFO - ['财', '福', '寿']
2018-09-24 13:37:26,451 - mylogger - DEBUG - 数据库中检索答案
2018-09-24 13:37:26,451 - mylogger - INFO - 我的答案：福
2018-09-24 13:37:27,064 - mylogger - DEBUG - 选择选项
2018-09-24 13:37:29,553 - mylogger - INFO - 答案正确
2018-09-24 13:37:29,555 - mylogger - DEBUG - 更新答案
2018-09-24 13:37:32,023 - mylogger - INFO - 本题结束
2018-09-24 13:37:33,169 - mylogger - INFO - 本场比赛结束
2018-09-24 13:37:33,233 - mylogger - INFO - 返回游戏页面
2018-09-24 13:37:34,827 - mylogger - INFO - 进入排位赛
2018-09-24 13:37:34,829 - mylogger - INFO - 正在匹配中......
2018-09-24 13:37:41,967 - mylogger - INFO - 匹配成功
2018-09-24 13:37:41,969 - mylogger - DEBUG - 获取题目
2018-09-24 13:37:45,009 - mylogger - INFO - 第 1 题
2018-09-24 13:37:45,340 - mylogger - INFO - 以下哪位是电视节目《中国好声音 第四季》的嘉宾？
2018-09-24 13:37:46,251 - mylogger - INFO - ['甄子丹', '胡可', '周杰伦']
2018-09-24 13:37:46,262 - mylogger - DEBUG - 数据库中检索答案
2018-09-24 13:37:46,263 - mylogger - DEBUG - 数据中无答案
2018-09-24 13:37:47,518 - mylogger - DEBUG - 在线检索答案：周杰伦
2018-09-24 13:37:47,518 - mylogger - INFO - 我的答案：周杰伦
2018-09-24 13:37:48,255 - mylogger - DEBUG - 选择选项
2018-09-24 13:37:50,634 - mylogger - INFO - 答案正确
2018-09-24 13:37:50,635 - mylogger - DEBUG - 更新答案
2018-09-24 13:37:51,973 - mylogger - INFO - 本题结束
2018-09-24 13:37:51,974 - mylogger - DEBUG - 获取题目
2018-09-24 13:37:53,821 - mylogger - INFO - 第 2 题
2018-09-24 13:37:54,093 - mylogger - INFO - 以下哪个主持人被人称呼为“何老师”？
2018-09-24 13:37:55,113 - mylogger - INFO - ['维嘉', '汪涵', '何炅']
2018-09-24 13:37:55,124 - mylogger - DEBUG - 数据库中检索答案
2018-09-24 13:37:55,124 - mylogger - DEBUG - 数据中无答案
2018-09-24 13:37:56,001 - mylogger - DEBUG - 在线检索答案：何炅
2018-09-24 13:37:56,001 - mylogger - INFO - 我的答案：何炅
2018-09-24 13:37:56,596 - mylogger - DEBUG - 选择选项
2018-09-24 13:37:59,001 - mylogger - INFO - 答案正确
2018-09-24 13:37:59,003 - mylogger - DEBUG - 更新答案
2018-09-24 13:38:09,480 - mylogger - INFO - 本题结束
2018-09-24 13:38:09,482 - mylogger - DEBUG - 获取题目
2018-09-24 13:38:10,206 - mylogger - INFO - 第 3 题
2018-09-24 13:38:10,588 - mylogger - INFO - 五官长得漂亮的人，配饰应该集中在哪个部位附近装饰？
2018-09-24 13:38:11,651 - mylogger - INFO - ['头部', '腹部', '']
2018-09-24 13:38:11,660 - mylogger - DEBUG - 数据库中检索答案
2018-09-24 13:38:11,660 - mylogger - DEBUG - 数据中无答案
2018-09-24 13:38:13,417 - mylogger - DEBUG - 在线检索答案：
2018-09-24 13:38:13,417 - mylogger - INFO - 我的答案：头部
2018-09-24 13:38:14,001 - mylogger - DEBUG - 选择选项
2018-09-24 13:39:07,850 - mylogger - INFO - 停止UC浏览器
2018-09-24 13:39:07,951 - mylogger - DEBUG - 返回主页面
2018-09-24 13:39:09,406 - mylogger - DEBUG - 打开UC浏览器
2018-09-24 13:39:11,867 - mylogger - DEBUG - 进入用户页面
2018-09-24 13:39:13,007 - mylogger - DEBUG - 进入游戏页面1
2018-09-24 13:39:15,124 - mylogger - DEBUG - 进入游戏页面2
2018-09-24 13:39:18,262 - mylogger - INFO - 选择游戏
2018-09-24 13:39:20,437 - mylogger - INFO - 进入排位赛
2018-09-24 13:39:20,441 - mylogger - INFO - 正在匹配中......
2018-09-24 13:39:32,178 - mylogger - INFO - 匹配成功
2018-09-24 13:39:32,182 - mylogger - DEBUG - 获取题目
2018-09-24 13:39:35,186 - mylogger - INFO - 第 1 题
2018-09-24 13:39:35,460 - mylogger - INFO - 世界上面积最大的宫殿是
2018-09-24 13:39:36,445 - mylogger - INFO - ['克里姆林宫', '爱丽舍宫', '北京故宫']
2018-09-24 13:39:36,459 - mylogger - DEBUG - 数据库中检索答案
2018-09-24 13:39:36,464 - mylogger - DEBUG - 数据中无答案
2018-09-24 13:39:36,931 - mylogger - DEBUG - 在线检索答案：北京故宫
2018-09-24 13:39:36,932 - mylogger - INFO - 我的答案：北京故宫
2018-09-24 13:39:37,551 - mylogger - DEBUG - 选择选项
2018-09-24 13:39:39,986 - mylogger - INFO - 答案正确
2018-09-24 13:39:40,005 - mylogger - DEBUG - 更新答案
2018-09-24 13:39:41,436 - mylogger - INFO - 本题结束
2018-09-24 13:39:41,461 - mylogger - DEBUG - 获取题目
2018-09-24 13:39:43,244 - mylogger - INFO - 第 2 题
2018-09-24 13:39:43,574 - mylogger - INFO - 盲人在“读”盲文时，依靠皮肤中的什么器？
2018-09-24 13:39:44,532 - mylogger - INFO - ['触压觉感受器', '痛觉感受器', '热觉感受器']
2018-09-24 13:39:44,553 - mylogger - DEBUG - 数据库中检索答案
2018-09-24 13:39:44,561 - mylogger - DEBUG - 数据中无答案
2018-09-24 13:39:45,487 - mylogger - DEBUG - 在线检索答案：热觉感受器
2018-09-24 13:39:45,488 - mylogger - INFO - 我的答案：热觉感受器
2018-09-24 13:39:46,067 - mylogger - DEBUG - 选择选项
2018-09-24 13:39:48,546 - mylogger - INFO - 答案错误
2018-09-24 13:39:48,677 - mylogger - INFO - 正确答案；触压觉感受器
2018-09-24 13:39:48,683 - mylogger - DEBUG - 更新答案
2018-09-24 13:39:52,485 - mylogger - INFO - 本题结束
2018-09-24 13:39:52,516 - mylogger - DEBUG - 获取题目
2018-09-24 13:39:55,631 - mylogger - INFO - 第 3 题
2018-09-24 13:39:55,982 - mylogger - INFO - 表示颜色时，英文单词“white”的反义词是哪个英文？
2018-09-24 13:39:57,025 - mylogger - INFO - ['red', 'black', 'blue']
2018-09-24 13:39:57,045 - mylogger - DEBUG - 数据库中检索答案
2018-09-24 13:39:57,055 - mylogger - DEBUG - 数据中无答案
2018-09-24 13:39:57,868 - mylogger - DEBUG - 在线检索答案：red
2018-09-24 13:39:57,869 - mylogger - INFO - 我的答案：red
2018-09-24 13:39:58,437 - mylogger - DEBUG - 选择选项
2018-09-24 13:40:00,852 - mylogger - INFO - 答案错误
2018-09-24 13:40:00,997 - mylogger - INFO - 正确答案；black
2018-09-24 13:40:01,004 - mylogger - DEBUG - 更新答案
2018-09-24 13:40:06,054 - mylogger - INFO - 本题结束
2018-09-24 13:40:06,061 - mylogger - DEBUG - 获取题目
2018-09-24 13:40:09,014 - mylogger - INFO - 第 4 题
2018-09-24 13:40:09,392 - mylogger - INFO - 太空育种是利用环境诱变，使种子产生什么的育种新技术？
2018-09-24 13:40:10,323 - mylogger - INFO - ['克隆技术', '基因重组', '变异']
2018-09-24 13:40:10,340 - mylogger - DEBUG - 数据库中检索答案
2018-09-24 13:40:10,345 - mylogger - INFO - 我的答案：变异
2018-09-24 13:40:10,901 - mylogger - DEBUG - 选择选项
2018-09-24 13:40:13,286 - mylogger - INFO - 答案正确
2018-09-24 13:40:13,303 - mylogger - DEBUG - 更新答案
2018-09-24 13:40:17,195 - mylogger - INFO - 本题结束
2018-09-24 13:40:17,200 - mylogger - DEBUG - 获取题目
2018-09-24 13:40:23,631 - mylogger - INFO - 第 5 题
2018-09-24 13:40:23,932 - mylogger - INFO - 狗在人类的生活中有重要的作用，如大丹犬能作为什么犬帮助人类？
2018-09-24 13:40:24,915 - mylogger - INFO - ['工作犬', '畜牧犬', '狩猎犬']
2018-09-24 13:40:24,927 - mylogger - DEBUG - 数据库中检索答案
2018-09-24 13:40:24,940 - mylogger - INFO - 我的答案：工作犬
2018-09-24 13:40:25,529 - mylogger - DEBUG - 选择选项
2018-09-24 13:40:27,911 - mylogger - INFO - 答案正确
2018-09-24 13:40:27,913 - mylogger - DEBUG - 更新答案
2018-09-24 13:40:30,589 - mylogger - INFO - 本题结束
2018-09-24 13:40:31,728 - mylogger - INFO - 本场比赛结束
2018-09-24 13:40:31,803 - mylogger - INFO - 返回游戏页面
2018-09-24 13:40:33,384 - mylogger - INFO - 进入排位赛
2018-09-24 13:40:33,388 - mylogger - INFO - 正在匹配中......
2018-09-24 13:40:48,189 - mylogger - INFO - 匹配成功
2018-09-24 13:40:48,192 - mylogger - DEBUG - 获取题目
2018-09-24 13:40:51,240 - mylogger - INFO - 第 1 题
2018-09-24 13:40:51,535 - mylogger - INFO - 对核武器、生物武器和（）效应的防护简称为“三防”
2018-09-24 13:40:52,507 - mylogger - INFO - ['电磁武器', '激光武器', '化学武器']
2018-09-24 13:40:52,547 - mylogger - DEBUG - 数据库中检索答案
2018-09-24 13:40:52,549 - mylogger - DEBUG - 数据中无答案
2018-09-24 13:40:54,290 - mylogger - DEBUG - 在线检索答案：化学武器
2018-09-24 13:40:54,291 - mylogger - INFO - 我的答案：化学武器
2018-09-24 13:40:54,912 - mylogger - DEBUG - 选择选项
2018-09-24 13:40:57,418 - mylogger - INFO - 答案正确
2018-09-24 13:40:57,423 - mylogger - DEBUG - 更新答案
2018-09-24 13:41:04,649 - mylogger - INFO - 本题结束
2018-09-24 13:41:04,654 - mylogger - DEBUG - 获取题目
2018-09-24 13:41:07,645 - mylogger - INFO - 第 2 题
2018-09-24 13:41:08,004 - mylogger - INFO - 以下哪种方法能够训练一个人的武术？
2018-09-24 13:41:08,856 - mylogger - INFO - ['气功、站桩', '冒调', '走板']
2018-09-24 13:41:08,873 - mylogger - DEBUG - 数据库中检索答案
2018-09-24 13:41:08,874 - mylogger - DEBUG - 数据中无答案
2018-09-24 13:41:10,186 - mylogger - DEBUG - 在线检索答案：
2018-09-24 13:41:10,187 - mylogger - INFO - 我的答案：气功、站桩
2018-09-24 13:41:10,795 - mylogger - DEBUG - 选择选项
2018-09-24 13:41:13,185 - mylogger - INFO - 答案正确
2018-09-24 13:41:13,189 - mylogger - DEBUG - 更新答案
2018-09-24 13:41:16,041 - mylogger - INFO - 本题结束
2018-09-24 13:41:16,081 - mylogger - DEBUG - 获取题目
2018-09-24 13:41:17,857 - mylogger - INFO - 第 3 题
2018-09-24 13:41:18,169 - mylogger - INFO - 在欧美动画电影中，王子和公主的结局一般都是怎样的？
2018-09-24 13:41:19,092 - mylogger - INFO - ['变成亲兄妹', '成为敌人', '在一起']
2018-09-24 13:41:19,114 - mylogger - DEBUG - 数据库中检索答案
2018-09-24 13:41:19,115 - mylogger - DEBUG - 数据中无答案
2018-09-24 13:41:20,008 - mylogger - DEBUG - 在线检索答案：
2018-09-24 13:41:20,010 - mylogger - INFO - 我的答案：变成亲兄妹
2018-09-24 13:41:20,644 - mylogger - DEBUG - 选择选项
2018-09-24 13:41:23,035 - mylogger - INFO - 答案错误
2018-09-24 13:41:23,333 - mylogger - INFO - 正确答案；在一起
2018-09-24 13:41:23,337 - mylogger - DEBUG - 更新答案
2018-09-24 13:41:23,729 - mylogger - INFO - 本题结束
2018-09-24 13:41:23,734 - mylogger - DEBUG - 获取题目
2018-09-24 13:41:26,845 - mylogger - INFO - 第 4 题
2018-09-24 13:41:27,166 - mylogger - INFO - 在独龙族的节日“卡雀哇”节上，最重要的仪式是以什么祭天？
2018-09-24 13:41:28,105 - mylogger - INFO - ['羊', '牛', '狗']
2018-09-24 13:41:28,116 - mylogger - DEBUG - 数据库中检索答案
2018-09-24 13:41:28,128 - mylogger - INFO - 我的答案：牛
2018-09-24 13:41:28,678 - mylogger - DEBUG - 选择选项
2018-09-24 13:41:31,142 - mylogger - INFO - 答案正确
2018-09-24 13:41:31,145 - mylogger - DEBUG - 更新答案
2018-09-24 13:41:36,031 - mylogger - INFO - 本题结束
2018-09-24 13:41:36,035 - mylogger - DEBUG - 获取题目
2018-09-24 13:41:37,887 - mylogger - INFO - 第 5 题
2018-09-24 13:41:38,190 - mylogger - INFO - “应氏杯”的创始人，为世界围棋做出杰出贡献的人是（）
2018-09-24 13:41:39,025 - mylogger - INFO - ['金庸', '应昌期', '应明皓']
2018-09-24 13:41:39,064 - mylogger - DEBUG - 数据库中检索答案
2018-09-24 13:41:39,078 - mylogger - DEBUG - 数据中无答案
2018-09-24 13:41:40,879 - mylogger - DEBUG - 在线检索答案：金庸
2018-09-24 13:41:40,881 - mylogger - INFO - 我的答案：金庸
2018-09-24 13:41:41,487 - mylogger - DEBUG - 选择选项
2018-09-24 13:41:43,904 - mylogger - INFO - 答案错误
2018-09-24 13:41:44,043 - mylogger - INFO - 正确答案；应昌期
2018-09-24 13:41:44,047 - mylogger - DEBUG - 更新答案
2018-09-24 13:41:46,563 - mylogger - INFO - 本题结束
2018-09-24 13:41:47,702 - mylogger - INFO - 本场比赛结束
2018-09-24 13:41:47,764 - mylogger - INFO - 返回游戏页面
2018-09-24 13:41:49,367 - mylogger - INFO - 进入排位赛
2018-09-24 13:41:49,370 - mylogger - INFO - 正在匹配中......
2018-09-24 13:42:03,558 - mylogger - INFO - 匹配成功
2018-09-24 13:42:03,562 - mylogger - DEBUG - 获取题目
2018-09-24 13:42:06,523 - mylogger - INFO - 第 1 题
2018-09-24 13:42:06,823 - mylogger - INFO - 蒙台梭利倡导学校应为儿童设计量身定做的专属环境提出了“敏感期”和：
2018-09-24 13:42:07,816 - mylogger - INFO - ['吸收性心智', '体能', '视觉']
2018-09-24 13:42:07,829 - mylogger - DEBUG - 数据库中检索答案
2018-09-24 13:42:07,842 - mylogger - INFO - 我的答案：吸收性心智
2018-09-24 13:42:08,387 - mylogger - DEBUG - 选择选项
2018-09-24 13:42:10,722 - mylogger - INFO - 答案正确
2018-09-24 13:42:10,728 - mylogger - DEBUG - 更新答案
2018-09-24 13:42:15,525 - mylogger - INFO - 本题结束
2018-09-24 13:42:15,529 - mylogger - DEBUG - 获取题目
2018-09-24 13:42:18,575 - mylogger - INFO - 第 2 题
2018-09-24 13:42:18,856 - mylogger - INFO - 有“森林医生”之称的是什么动物？
2018-09-24 13:42:19,847 - mylogger - INFO - ['蜜蜂', '杜鹃', '啄木鸟']
2018-09-24 13:42:19,862 - mylogger - DEBUG - 数据库中检索答案
2018-09-24 13:42:19,867 - mylogger - DEBUG - 数据中无答案
2018-09-24 13:42:21,154 - mylogger - DEBUG - 在线检索答案：啄木鸟
2018-09-24 13:42:21,156 - mylogger - INFO - 我的答案：啄木鸟
2018-09-24 13:42:21,784 - mylogger - DEBUG - 选择选项
2018-09-24 13:42:24,204 - mylogger - INFO - 答案正确
2018-09-24 13:42:24,208 - mylogger - DEBUG - 更新答案
2018-09-24 13:42:25,588 - mylogger - INFO - 本题结束
2018-09-24 13:42:25,592 - mylogger - DEBUG - 获取题目
2018-09-24 13:42:27,339 - mylogger - INFO - 第 3 题
2018-09-24 13:42:27,689 - mylogger - INFO - 2010年世博会是在哪举办的？
2018-09-24 13:42:28,632 - mylogger - INFO - ['纽约', '上海', '伦敦']
2018-09-24 13:42:28,645 - mylogger - DEBUG - 数据库中检索答案
2018-09-24 13:42:28,658 - mylogger - DEBUG - 数据中无答案
2018-09-24 13:42:30,760 - mylogger - DEBUG - 在线检索答案：上海
2018-09-24 13:42:30,761 - mylogger - INFO - 我的答案：上海
2018-09-24 13:42:31,448 - mylogger - DEBUG - 选择选项
2018-09-24 13:42:33,839 - mylogger - INFO - 答案正确
2018-09-24 13:42:33,842 - mylogger - DEBUG - 更新答案
2018-09-24 13:42:35,195 - mylogger - INFO - 本题结束
2018-09-24 13:42:35,198 - mylogger - DEBUG - 获取题目
2018-09-24 13:42:36,976 - mylogger - INFO - 第 4 题
2018-09-24 13:42:37,341 - mylogger - INFO - 农历正月初三又称什么_？
2018-09-24 13:42:38,279 - mylogger - INFO - ['大年朝', '小年朝', '大朝日']
2018-09-24 13:42:38,290 - mylogger - DEBUG - 数据库中检索答案
2018-09-24 13:42:38,302 - mylogger - DEBUG - 数据中无答案
2018-09-24 13:42:39,570 - mylogger - DEBUG - 在线检索答案：小年朝
2018-09-24 13:42:39,571 - mylogger - INFO - 我的答案：小年朝
2018-09-24 13:42:40,180 - mylogger - DEBUG - 选择选项
2018-09-24 13:42:42,590 - mylogger - INFO - 答案正确
2018-09-24 13:42:42,594 - mylogger - DEBUG - 更新答案
2018-09-24 13:42:48,508 - mylogger - INFO - 本题结束
2018-09-24 13:42:48,512 - mylogger - DEBUG - 获取题目
2018-09-24 13:42:50,273 - mylogger - INFO - 第 5 题
2018-09-24 13:42:50,636 - mylogger - INFO - 日本餐厅门口如果写着“放题”字样，表示这是哪种餐厅？
2018-09-24 13:42:51,604 - mylogger - INFO - ['自助餐', '海鲜餐', '传统料理']
2018-09-24 13:42:51,617 - mylogger - DEBUG - 数据库中检索答案
2018-09-24 13:42:51,629 - mylogger - DEBUG - 数据中无答案
2018-09-24 13:42:54,631 - mylogger - DEBUG - 在线检索答案：自助餐
2018-09-24 13:42:54,633 - mylogger - INFO - 我的答案：自助餐
2018-09-24 13:42:55,264 - mylogger - DEBUG - 选择选项
2018-09-24 13:42:57,660 - mylogger - INFO - 答案正确
2018-09-24 13:42:57,666 - mylogger - DEBUG - 更新答案
2018-09-24 13:43:02,616 - mylogger - INFO - 本题结束
2018-09-24 13:43:03,769 - mylogger - INFO - 本场比赛结束
2018-09-24 13:43:03,825 - mylogger - INFO - 返回游戏页面
2018-09-24 13:43:05,390 - mylogger - INFO - 进入排位赛
2018-09-24 13:43:05,394 - mylogger - INFO - 正在匹配中......
2018-09-24 13:43:09,214 - mylogger - INFO - 匹配成功
2018-09-24 13:43:09,217 - mylogger - DEBUG - 获取题目
2018-09-24 13:43:12,206 - mylogger - INFO - 第 1 题
2018-09-24 13:43:12,501 - mylogger - INFO - 科幻动画系列片《铁臂阿童木》的作者手冢治虫享有什么美誉之称？
2018-09-24 13:43:13,446 - mylogger - INFO - ['日本卡通之父', '英国卡通之父', '德国卡通之父']
2018-09-24 13:43:13,462 - mylogger - DEBUG - 数据库中检索答案
2018-09-24 13:43:13,465 - mylogger - DEBUG - 数据中无答案
2018-09-24 13:43:14,646 - mylogger - DEBUG - 在线检索答案：日本卡通之父
2018-09-24 13:43:14,648 - mylogger - INFO - 我的答案：日本卡通之父
2018-09-24 13:43:15,269 - mylogger - DEBUG - 选择选项
2018-09-24 13:43:17,675 - mylogger - INFO - 答案正确
2018-09-24 13:43:17,681 - mylogger - DEBUG - 更新答案
2018-09-24 13:43:20,145 - mylogger - INFO - 本题结束
2018-09-24 13:43:20,151 - mylogger - DEBUG - 获取题目
2018-09-24 13:43:22,011 - mylogger - INFO - 第 2 题
2018-09-24 13:43:22,297 - mylogger - INFO - 《大河之舞》是爱尔兰什么物种的舞剧？
2018-09-24 13:43:23,290 - mylogger - INFO - ['踢踏舞', '广场舞', '现代舞']
2018-09-24 13:43:23,305 - mylogger - DEBUG - 数据库中检索答案
2018-09-24 13:43:23,315 - mylogger - INFO - 我的答案：踢踏舞
2018-09-24 13:43:23,898 - mylogger - DEBUG - 选择选项
2018-09-24 13:43:26,291 - mylogger - INFO - 答案正确
2018-09-24 13:43:26,307 - mylogger - DEBUG - 更新答案
2018-09-24 13:43:36,713 - mylogger - INFO - 本题结束
2018-09-24 13:43:36,717 - mylogger - DEBUG - 获取题目
2018-09-24 13:43:37,495 - mylogger - INFO - 第 3 题
2018-09-24 13:43:37,794 - mylogger - INFO - 《雷雨》的作者是著名剧作家____。
2018-09-24 13:43:38,622 - mylogger - INFO - ['曹禺', '郭沫若', '萧乾']
2018-09-24 13:43:38,637 - mylogger - DEBUG - 数据库中检索答案
2018-09-24 13:43:38,641 - mylogger - INFO - 我的答案：曹禺
2018-09-24 13:43:39,162 - mylogger - DEBUG - 选择选项
2018-09-24 13:43:41,586 - mylogger - INFO - 答案正确
2018-09-24 13:43:41,590 - mylogger - DEBUG - 更新答案
2018-09-24 13:43:44,085 - mylogger - INFO - 本题结束
2018-09-24 13:43:44,090 - mylogger - DEBUG - 获取题目
2018-09-24 13:43:46,018 - mylogger - INFO - 第 4 题
2018-09-24 13:43:46,362 - mylogger - INFO - 美国人麦克.雷蒙在日本已升至围棋（）段
2018-09-24 13:43:47,247 - mylogger - INFO - ['八', '七', '九']
2018-09-24 13:43:47,265 - mylogger - DEBUG - 数据库中检索答案
2018-09-24 13:43:47,267 - mylogger - DEBUG - 数据中无答案
2018-09-24 13:43:49,113 - mylogger - DEBUG - 在线检索答案：九
2018-09-24 13:43:49,116 - mylogger - INFO - 我的答案：九
2018-09-24 13:43:49,690 - mylogger - DEBUG - 选择选项
2018-09-24 13:43:52,106 - mylogger - INFO - 答案正确
2018-09-24 13:43:52,111 - mylogger - DEBUG - 更新答案
2018-09-24 13:43:56,920 - mylogger - INFO - 本题结束
2018-09-24 13:43:56,934 - mylogger - DEBUG - 获取题目
2018-09-24 13:43:58,803 - mylogger - INFO - 第 5 题
2018-09-24 13:43:59,137 - mylogger - INFO - 华山是中国著名的五岳之一，华山在古时被称作什么？
2018-09-24 13:44:00,059 - mylogger - INFO - ['南岳', '东岳', '西岳']
2018-09-24 13:44:00,074 - mylogger - DEBUG - 数据库中检索答案
2018-09-24 13:44:00,076 - mylogger - DEBUG - 数据中无答案
2018-09-24 13:44:01,301 - mylogger - DEBUG - 在线检索答案：西岳
2018-09-24 13:44:01,303 - mylogger - INFO - 我的答案：西岳
2018-09-24 13:44:01,888 - mylogger - DEBUG - 选择选项
2018-09-24 13:44:04,288 - mylogger - INFO - 答案正确
2018-09-24 13:44:04,290 - mylogger - DEBUG - 更新答案
2018-09-24 13:44:10,232 - mylogger - INFO - 本题结束
2018-09-24 13:44:11,428 - mylogger - INFO - 本场比赛结束
2018-09-24 13:44:11,482 - mylogger - INFO - 返回游戏页面
2018-09-24 13:44:13,053 - mylogger - INFO - 进入排位赛
2018-09-24 13:44:13,064 - mylogger - INFO - 正在匹配中......
2018-09-24 13:44:31,178 - mylogger - INFO - 匹配成功
2018-09-24 13:44:31,189 - mylogger - DEBUG - 获取题目
2018-09-24 13:44:34,301 - mylogger - INFO - 第 1 题
2018-09-24 13:44:34,607 - mylogger - INFO - 在电视剧《粉红女郎》中，成功塑造“万人迷”这一角色的演员是谁？
2018-09-24 13:44:35,593 - mylogger - INFO - ['杨幂', '唐嫣', '陈好']
2018-09-24 13:44:35,616 - mylogger - DEBUG - 数据库中检索答案
2018-09-24 13:44:35,617 - mylogger - DEBUG - 数据中无答案
2018-09-24 13:44:37,749 - mylogger - DEBUG - 在线检索答案：陈好
2018-09-24 13:44:37,751 - mylogger - INFO - 我的答案：陈好
2018-09-24 13:44:38,435 - mylogger - DEBUG - 选择选项
2018-09-24 13:44:40,886 - mylogger - INFO - 答案正确
2018-09-24 13:44:40,890 - mylogger - DEBUG - 更新答案
2018-09-24 13:44:42,248 - mylogger - INFO - 本题结束
2018-09-24 13:44:42,252 - mylogger - DEBUG - 获取题目
2018-09-24 13:44:44,002 - mylogger - INFO - 第 2 题
2018-09-24 13:44:44,302 - mylogger - INFO - 以下哪一个物质可作为食品防腐剂？
2018-09-24 13:44:45,286 - mylogger - INFO - ['苯甲酸钠', '硼酸', '甲醛']
2018-09-24 13:44:45,331 - mylogger - DEBUG - 数据库中检索答案
2018-09-24 13:44:45,337 - mylogger - DEBUG - 数据中无答案
2018-09-24 13:44:46,241 - mylogger - DEBUG - 在线检索答案：苯甲酸钠
2018-09-24 13:44:46,243 - mylogger - INFO - 我的答案：苯甲酸钠
2018-09-24 13:44:46,951 - mylogger - DEBUG - 选择选项
2018-09-24 13:44:49,348 - mylogger - INFO - 答案正确
2018-09-24 13:44:49,352 - mylogger - DEBUG - 更新答案
2018-09-24 13:44:50,809 - mylogger - INFO - 本题结束
2018-09-24 13:44:50,814 - mylogger - DEBUG - 获取题目
2018-09-24 13:44:53,853 - mylogger - INFO - 第 3 题
2018-09-24 13:44:54,170 - mylogger - INFO - 著名哲学家柏拉图和亚里士多德是什么关系？
2018-09-24 13:44:55,294 - mylogger - INFO - ['师生', '堂兄弟', '表兄弟']
2018-09-24 13:44:55,305 - mylogger - DEBUG - 数据库中检索答案
2018-09-24 13:44:55,318 - mylogger - INFO - 我的答案：师生
2018-09-24 13:44:55,929 - mylogger - DEBUG - 选择选项
2018-09-24 13:44:58,304 - mylogger - INFO - 答案正确
2018-09-24 13:44:58,309 - mylogger - DEBUG - 更新答案
2018-09-24 13:45:03,201 - mylogger - INFO - 本题结束
2018-09-24 13:45:03,205 - mylogger - DEBUG - 获取题目
2018-09-24 13:45:05,039 - mylogger - INFO - 第 4 题
2018-09-24 13:45:05,355 - mylogger - INFO - 以下哪种植物是中国传统上用于洗衣和清洁的？
2018-09-24 13:45:06,267 - mylogger - INFO - ['皂角', '国槐', '柑橘']
2018-09-24 13:45:06,308 - mylogger - DEBUG - 数据库中检索答案
2018-09-24 13:45:06,316 - mylogger - DEBUG - 数据中无答案
2018-09-24 13:45:07,546 - mylogger - DEBUG - 在线检索答案：
2018-09-24 13:45:07,548 - mylogger - INFO - 我的答案：皂角
2018-09-24 13:45:08,186 - mylogger - DEBUG - 选择选项
2018-09-24 13:45:10,561 - mylogger - INFO - 答案正确
2018-09-24 13:45:10,564 - mylogger - DEBUG - 更新答案
2018-09-24 13:45:11,882 - mylogger - INFO - 本题结束
2018-09-24 13:45:11,888 - mylogger - DEBUG - 获取题目
2018-09-24 13:45:13,751 - mylogger - INFO - 第 5 题
2018-09-24 13:45:14,123 - mylogger - INFO - 在休闲游戏《欢乐斗地主》中，最大的牌型是什么？
2018-09-24 13:45:15,103 - mylogger - INFO - ['飞机', '王炸', 'A炸']
2018-09-24 13:45:15,119 - mylogger - DEBUG - 数据库中检索答案
2018-09-24 13:45:15,127 - mylogger - DEBUG - 数据中无答案
2018-09-24 13:45:16,057 - mylogger - DEBUG - 在线检索答案：王炸
2018-09-24 13:45:16,058 - mylogger - INFO - 我的答案：王炸
2018-09-24 13:45:16,687 - mylogger - DEBUG - 选择选项
2018-09-24 13:45:19,187 - mylogger - INFO - 答案正确
2018-09-24 13:45:19,191 - mylogger - DEBUG - 更新答案
2018-09-24 13:45:21,684 - mylogger - INFO - 本题结束
2018-09-24 13:45:22,865 - mylogger - INFO - 本场比赛结束
2018-09-24 13:45:22,907 - mylogger - INFO - 返回游戏页面
2018-09-24 13:45:24,462 - mylogger - INFO - 进入排位赛
2018-09-24 13:45:24,473 - mylogger - INFO - 正在匹配中......
2018-09-24 13:45:50,647 - mylogger - INFO - 匹配成功
2018-09-24 13:45:50,661 - mylogger - DEBUG - 获取题目
2018-09-24 13:45:53,688 - mylogger - INFO - 第 1 题
2018-09-24 13:45:53,956 - mylogger - INFO - 下列颜色中，亮度最高的是
2018-09-24 13:45:54,957 - mylogger - INFO - ['蓝色', '黄色', '绿色']
2018-09-24 13:45:54,967 - mylogger - DEBUG - 数据库中检索答案
2018-09-24 13:45:54,979 - mylogger - DEBUG - 数据中无答案
2018-09-24 13:45:56,177 - mylogger - DEBUG - 在线检索答案：黄色
2018-09-24 13:45:56,178 - mylogger - INFO - 我的答案：黄色
2018-09-24 13:45:56,780 - mylogger - DEBUG - 选择选项
2018-09-24 13:45:59,296 - mylogger - INFO - 答案正确
2018-09-24 13:45:59,300 - mylogger - DEBUG - 更新答案
2018-09-24 13:46:04,118 - mylogger - INFO - 本题结束
2018-09-24 13:46:04,123 - mylogger - DEBUG - 获取题目
2018-09-24 13:46:05,961 - mylogger - INFO - 第 2 题
2018-09-24 13:46:06,248 - mylogger - INFO - 美国队长是美国漫威漫画旗下超级英雄，请问他所使用的武器是什么？
2018-09-24 13:46:07,109 - mylogger - INFO - ['盾', '屠龙刀', '倚天剑']
2018-09-24 13:46:07,127 - mylogger - DEBUG - 数据库中检索答案
2018-09-24 13:46:07,135 - mylogger - DEBUG - 数据中无答案
2018-09-24 13:46:08,384 - mylogger - DEBUG - 在线检索答案：
2018-09-24 13:46:08,385 - mylogger - INFO - 我的答案：盾
2018-09-24 13:46:08,993 - mylogger - DEBUG - 选择选项
2018-09-24 13:46:11,378 - mylogger - INFO - 答案正确
2018-09-24 13:46:11,381 - mylogger - DEBUG - 更新答案
2018-09-24 13:46:12,724 - mylogger - INFO - 本题结束
2018-09-24 13:46:12,727 - mylogger - DEBUG - 获取题目
2018-09-24 13:46:14,504 - mylogger - INFO - 第 3 题
2018-09-24 13:46:14,770 - mylogger - INFO - 1＋1×0＋1=？
2018-09-24 13:46:15,724 - mylogger - INFO - ['2', '0', '1']
2018-09-24 13:46:15,734 - mylogger - DEBUG - 数据库中检索答案
2018-09-24 13:46:15,746 - mylogger - INFO - 我的答案：2
2018-09-24 13:46:16,309 - mylogger - DEBUG - 选择选项
2018-09-24 13:46:18,701 - mylogger - INFO - 答案正确
2018-09-24 13:46:18,705 - mylogger - DEBUG - 更新答案
2018-09-24 13:46:20,151 - mylogger - INFO - 本题结束
2018-09-24 13:46:20,159 - mylogger - DEBUG - 获取题目
2018-09-24 13:46:22,006 - mylogger - INFO - 第 4 题
2018-09-24 13:46:22,295 - mylogger - INFO - 1840年英国发行了世界上第一枚邮票，它被称为什么？
2018-09-24 13:46:23,198 - mylogger - INFO - ['黑便士', '红便士', '蓝便士']
2018-09-24 13:46:23,211 - mylogger - DEBUG - 数据库中检索答案
2018-09-24 13:46:23,223 - mylogger - INFO - 我的答案：黑便士
2018-09-24 13:46:23,774 - mylogger - DEBUG - 选择选项
2018-09-24 13:46:26,235 - mylogger - INFO - 答案正确
2018-09-24 13:46:26,239 - mylogger - DEBUG - 更新答案
2018-09-24 13:46:34,469 - mylogger - INFO - 本题结束
2018-09-24 13:46:34,473 - mylogger - DEBUG - 获取题目
2018-09-24 13:46:37,587 - mylogger - INFO - 第 5 题
2018-09-24 13:46:37,887 - mylogger - INFO - “结驷连骑“中的“骑“指的是？
2018-09-24 13:46:38,738 - mylogger - INFO - ['一人一马', '两人一马', '四人一马']
2018-09-24 13:46:38,751 - mylogger - DEBUG - 数据库中检索答案
2018-09-24 13:46:38,755 - mylogger - INFO - 我的答案：一人一马
2018-09-24 13:46:39,302 - mylogger - DEBUG - 选择选项
2018-09-24 13:46:41,735 - mylogger - INFO - 答案正确
2018-09-24 13:46:41,738 - mylogger - DEBUG - 更新答案
2018-09-24 13:46:45,379 - mylogger - INFO - 本题结束
2018-09-24 13:46:46,510 - mylogger - INFO - 本场比赛结束
2018-09-24 13:46:46,549 - mylogger - INFO - 返回游戏页面
2018-09-24 13:46:48,091 - mylogger - INFO - 进入排位赛
2018-09-24 13:46:48,095 - mylogger - INFO - 正在匹配中......
2018-09-24 13:47:05,292 - mylogger - INFO - 匹配成功
2018-09-24 13:47:05,298 - mylogger - DEBUG - 获取题目
2018-09-24 13:47:08,379 - mylogger - INFO - 第 1 题
2018-09-24 13:47:08,732 - mylogger - INFO - 演唱组合S.H.E的名字是怎么得来的？
2018-09-24 13:47:09,740 - mylogger - INFO - ['问别人的', '英文名字开头字母', '随便想的']
2018-09-24 13:47:09,755 - mylogger - DEBUG - 数据库中检索答案
2018-09-24 13:47:09,765 - mylogger - DEBUG - 数据中无答案
2018-09-24 13:47:10,545 - mylogger - DEBUG - 在线检索答案：
2018-09-24 13:47:10,546 - mylogger - INFO - 我的答案：问别人的
2018-09-24 13:47:11,159 - mylogger - DEBUG - 选择选项
2018-09-24 13:47:13,628 - mylogger - INFO - 答案错误
2018-09-24 13:47:13,776 - mylogger - INFO - 正确答案；英文名字开头字母
2018-09-24 13:47:13,781 - mylogger - DEBUG - 更新答案
2018-09-24 13:47:24,256 - mylogger - INFO - 本题结束
2018-09-24 13:47:24,261 - mylogger - DEBUG - 获取题目
2018-09-24 13:47:24,984 - mylogger - INFO - 第 2 题
2018-09-24 13:47:25,340 - mylogger - INFO - 德国队中被中国球迷称为“小猪”的球员是？
2018-09-24 13:47:26,353 - mylogger - INFO - ['拉姆', '克洛泽', '施魏因施泰格']
2018-09-24 13:47:26,370 - mylogger - DEBUG - 数据库中检索答案
2018-09-24 13:47:26,381 - mylogger - INFO - 我的答案：施魏因施泰格
2018-09-24 13:47:26,956 - mylogger - DEBUG - 选择选项
2018-09-24 13:47:29,378 - mylogger - INFO - 答案正确
2018-09-24 13:47:29,382 - mylogger - DEBUG - 更新答案
2018-09-24 13:47:30,811 - mylogger - INFO - 本题结束
2018-09-24 13:47:30,816 - mylogger - DEBUG - 获取题目
2018-09-24 13:47:32,593 - mylogger - INFO - 第 3 题
2018-09-24 13:47:32,889 - mylogger - INFO - 以下哪位是电视节目《奇葩说 第三季》的嘉宾？
2018-09-24 13:47:33,924 - mylogger - INFO - ['章子怡', '高晓松', '郑伊健']
2018-09-24 13:47:33,938 - mylogger - DEBUG - 数据库中检索答案
2018-09-24 13:47:33,943 - mylogger - DEBUG - 数据中无答案
2018-09-24 13:47:34,697 - mylogger - DEBUG - 在线检索答案：
2018-09-24 13:47:34,698 - mylogger - INFO - 我的答案：章子怡
2018-09-24 13:47:35,380 - mylogger - DEBUG - 选择选项
2018-09-24 13:47:37,839 - mylogger - INFO - 答案错误
2018-09-24 13:47:37,985 - mylogger - INFO - 正确答案；高晓松
2018-09-24 13:47:37,989 - mylogger - DEBUG - 更新答案
2018-09-24 13:47:41,603 - mylogger - INFO - 本题结束
2018-09-24 13:47:41,610 - mylogger - DEBUG - 获取题目
2018-09-24 13:47:43,500 - mylogger - INFO - 第 4 题
2018-09-24 13:47:43,785 - mylogger - INFO - 中国探月工程总设计师是谁？
2018-09-24 13:47:44,673 - mylogger - INFO - ['孙家栋', '钱学森', '杨利伟']
2018-09-24 13:47:44,696 - mylogger - DEBUG - 数据库中检索答案
2018-09-24 13:47:44,697 - mylogger - DEBUG - 数据中无答案
2018-09-24 13:47:45,546 - mylogger - DEBUG - 在线检索答案：孙家栋
2018-09-24 13:47:45,547 - mylogger - INFO - 我的答案：孙家栋
2018-09-24 13:47:46,116 - mylogger - DEBUG - 选择选项
2018-09-24 13:47:48,608 - mylogger - INFO - 答案正确
2018-09-24 13:47:48,612 - mylogger - DEBUG - 更新答案
2018-09-24 13:47:51,124 - mylogger - INFO - 本题结束
2018-09-24 13:47:51,172 - mylogger - DEBUG - 获取题目
2018-09-24 13:47:54,194 - mylogger - INFO - 第 5 题
2018-09-24 13:47:54,501 - mylogger - INFO - 哪个星座是出生在6月22日-7月22日之间的？
2018-09-24 13:47:55,472 - mylogger - INFO - ['狮子座', '金牛座', '巨蟹座']
2018-09-24 13:47:55,512 - mylogger - DEBUG - 数据库中检索答案
2018-09-24 13:47:55,525 - mylogger - INFO - 我的答案：巨蟹座
2018-09-24 13:47:56,129 - mylogger - DEBUG - 选择选项
2018-09-24 13:47:58,504 - mylogger - INFO - 答案正确
2018-09-24 13:47:58,509 - mylogger - DEBUG - 更新答案
2018-09-24 13:48:00,088 - mylogger - INFO - 本题结束
2018-09-24 13:48:01,229 - mylogger - INFO - 本场比赛结束
2018-09-24 13:48:01,287 - mylogger - INFO - 返回游戏页面
2018-09-24 13:48:02,818 - mylogger - INFO - 进入排位赛
2018-09-24 13:48:02,822 - mylogger - INFO - 正在匹配中......
2018-09-24 13:48:06,572 - mylogger - INFO - 匹配成功
2018-09-24 13:48:06,576 - mylogger - DEBUG - 获取题目
2018-09-24 13:48:09,683 - mylogger - INFO - 第 1 题
2018-09-24 13:48:09,982 - mylogger - INFO - 牛顿发现了什么？
2018-09-24 13:48:11,107 - mylogger - INFO - ['日心说', '地心说', '万有引力定律']
2018-09-24 13:48:11,122 - mylogger - DEBUG - 数据库中检索答案
2018-09-24 13:48:11,131 - mylogger - DEBUG - 数据中无答案
2018-09-24 13:48:12,279 - mylogger - DEBUG - 在线检索答案：万有引力定律
2018-09-24 13:48:12,280 - mylogger - INFO - 我的答案：万有引力定律
2018-09-24 13:48:12,867 - mylogger - DEBUG - 选择选项
2018-09-24 13:48:15,379 - mylogger - INFO - 答案正确
2018-09-24 13:48:15,382 - mylogger - DEBUG - 更新答案
2018-09-24 13:48:15,911 - mylogger - INFO - 本题结束
2018-09-24 13:48:15,915 - mylogger - DEBUG - 获取题目
2018-09-24 13:48:19,119 - mylogger - INFO - 第 2 题
2018-09-24 13:48:19,463 - mylogger - INFO - 下列不能作为商标的是
2018-09-24 13:48:20,389 - mylogger - INFO - ['国名', '山名', '地名']
2018-09-24 13:48:20,402 - mylogger - DEBUG - 数据库中检索答案
2018-09-24 13:48:20,413 - mylogger - DEBUG - 数据中无答案
2018-09-24 13:48:21,800 - mylogger - DEBUG - 在线检索答案：国名
2018-09-24 13:48:21,801 - mylogger - INFO - 我的答案：国名
2018-09-24 13:48:22,446 - mylogger - DEBUG - 选择选项
2018-09-24 13:48:24,830 - mylogger - INFO - 答案正确
2018-09-24 13:48:24,834 - mylogger - DEBUG - 更新答案
2018-09-24 13:48:26,453 - mylogger - INFO - 本题结束
2018-09-24 13:48:26,458 - mylogger - DEBUG - 获取题目
2018-09-24 13:48:28,351 - mylogger - INFO - 第 3 题
2018-09-24 13:48:28,616 - mylogger - INFO - 钻石商戴比尔斯的著名广告语「钻石恒久远」的下一句是？
2018-09-24 13:48:29,559 - mylogger - INFO - ['一颗永不变', '一颗永真心', '一颗永流传']
2018-09-24 13:48:29,572 - mylogger - DEBUG - 数据库中检索答案
2018-09-24 13:48:29,577 - mylogger - DEBUG - 数据中无答案
2018-09-24 13:48:30,308 - mylogger - DEBUG - 在线检索答案：一颗永流传
2018-09-24 13:48:30,309 - mylogger - INFO - 我的答案：一颗永流传
2018-09-24 13:48:30,941 - mylogger - DEBUG - 选择选项
2018-09-24 13:48:33,479 - mylogger - INFO - 答案正确
2018-09-24 13:48:33,484 - mylogger - DEBUG - 更新答案
2018-09-24 13:48:39,784 - mylogger - INFO - 本题结束
2018-09-24 13:48:39,787 - mylogger - DEBUG - 获取题目
2018-09-24 13:48:42,840 - mylogger - INFO - 第 4 题
2018-09-24 13:48:43,119 - mylogger - INFO - “秋贵重阳冬贵蜡，不如寒食在春前。”寒食节的传统食品中没有以下哪一种？
2018-09-24 13:48:44,027 - mylogger - INFO - ['糯米酪', '麦酪', '汤圆']
2018-09-24 13:48:44,069 - mylogger - DEBUG - 数据库中检索答案
2018-09-24 13:48:44,076 - mylogger - DEBUG - 数据中无答案
2018-09-24 13:48:45,359 - mylogger - DEBUG - 在线检索答案：糯米酪
2018-09-24 13:48:45,360 - mylogger - INFO - 我的答案：糯米酪
2018-09-24 13:48:45,975 - mylogger - DEBUG - 选择选项
2018-09-24 13:48:48,440 - mylogger - INFO - 答案错误
2018-09-24 13:48:48,740 - mylogger - INFO - 正确答案；汤圆
2018-09-24 13:48:48,743 - mylogger - DEBUG - 更新答案
2018-09-24 13:48:54,947 - mylogger - INFO - 本题结束
2018-09-24 13:48:54,952 - mylogger - DEBUG - 获取题目
2018-09-24 13:48:56,746 - mylogger - INFO - 第 5 题
2018-09-24 13:48:57,037 - mylogger - INFO - 最早的故宫建成于我国历史上的哪个朝代？
2018-09-24 13:48:58,008 - mylogger - INFO - ['明朝', '元朝', '清朝']
2018-09-24 13:48:58,027 - mylogger - DEBUG - 数据库中检索答案
2018-09-24 13:48:58,028 - mylogger - DEBUG - 数据中无答案
2018-09-24 13:48:58,888 - mylogger - DEBUG - 在线检索答案：明朝
2018-09-24 13:48:58,890 - mylogger - INFO - 我的答案：明朝
2018-09-24 13:48:59,482 - mylogger - DEBUG - 选择选项
2018-09-24 13:49:01,902 - mylogger - INFO - 答案正确
2018-09-24 13:49:01,905 - mylogger - DEBUG - 更新答案
2018-09-24 13:49:07,168 - mylogger - INFO - 本题结束
2018-09-24 13:49:08,314 - mylogger - INFO - 本场比赛结束
2018-09-24 13:49:08,452 - mylogger - INFO - 返回游戏页面
2018-09-24 13:49:10,037 - mylogger - INFO - 进入排位赛
2018-09-24 13:49:10,041 - mylogger - INFO - 正在匹配中......
2018-09-24 13:50:10,444 - mylogger - WARNING - 匹配失败
2018-09-24 13:50:10,526 - mylogger - INFO - 返回游戏页面
2018-09-24 13:50:12,062 - mylogger - INFO - 进入排位赛
2018-09-24 13:50:12,066 - mylogger - INFO - 正在匹配中......
2018-09-24 13:50:13,543 - mylogger - INFO - 匹配成功
2018-09-24 13:50:13,547 - mylogger - DEBUG - 获取题目
2018-09-24 13:50:16,447 - mylogger - INFO - 第 1 题
2018-09-24 13:50:16,759 - mylogger - INFO - 宣纸、宣笔、歙砚，都出自什么地方？
2018-09-24 13:50:17,580 - mylogger - INFO - ['徽州', '常州', '苏州']
2018-09-24 13:50:17,600 - mylogger - DEBUG - 数据库中检索答案
2018-09-24 13:50:17,602 - mylogger - DEBUG - 数据中无答案
2018-09-24 13:50:18,870 - mylogger - DEBUG - 在线检索答案：徽州
2018-09-24 13:50:18,872 - mylogger - INFO - 我的答案：徽州
2018-09-24 13:50:19,463 - mylogger - DEBUG - 选择选项
2018-09-24 13:50:21,841 - mylogger - INFO - 答案正确
2018-09-24 13:50:21,844 - mylogger - DEBUG - 更新答案
2018-09-24 13:50:22,414 - mylogger - INFO - 本题结束
2018-09-24 13:50:22,421 - mylogger - DEBUG - 获取题目
2018-09-24 13:50:25,656 - mylogger - INFO - 第 2 题
2018-09-24 13:50:25,960 - mylogger - INFO - 歌词“天青色等烟雨，而我在等你”是出自哪个歌手的歌曲？
2018-09-24 13:50:26,966 - mylogger - INFO - ['潘玮柏', '王力宏', '周杰伦']
2018-09-24 13:50:26,977 - mylogger - DEBUG - 数据库中检索答案
2018-09-24 13:50:26,990 - mylogger - DEBUG - 数据中无答案
2018-09-24 13:50:27,769 - mylogger - DEBUG - 在线检索答案：周杰伦
2018-09-24 13:50:27,771 - mylogger - INFO - 我的答案：周杰伦
2018-09-24 13:50:28,417 - mylogger - DEBUG - 选择选项
2018-09-24 13:50:30,841 - mylogger - INFO - 答案正确
2018-09-24 13:50:30,846 - mylogger - DEBUG - 更新答案
2018-09-24 13:50:33,573 - mylogger - INFO - 本题结束
2018-09-24 13:50:33,580 - mylogger - DEBUG - 获取题目
2018-09-24 13:50:35,377 - mylogger - INFO - 第 3 题
2018-09-24 13:50:35,763 - mylogger - INFO - 在电影《千与千寻》中，全身黑色，头戴一个白色面具的是哪个角色？
2018-09-24 13:50:36,648 - mylogger - INFO - ['无脸男', '锅炉爷爷', '幽灵']
2018-09-24 13:50:36,662 - mylogger - DEBUG - 数据库中检索答案
2018-09-24 13:50:36,669 - mylogger - DEBUG - 数据中无答案
2018-09-24 13:50:37,600 - mylogger - DEBUG - 在线检索答案：无脸男
2018-09-24 13:50:37,602 - mylogger - INFO - 我的答案：无脸男
2018-09-24 13:50:38,197 - mylogger - DEBUG - 选择选项
2018-09-24 13:50:40,561 - mylogger - INFO - 答案正确
2018-09-24 13:50:40,565 - mylogger - DEBUG - 更新答案
2018-09-24 13:50:43,239 - mylogger - INFO - 本题结束
2018-09-24 13:50:43,246 - mylogger - DEBUG - 获取题目
2018-09-24 13:50:45,041 - mylogger - INFO - 第 4 题
2018-09-24 13:50:45,324 - mylogger - INFO - “氧化钙”的俗名叫什么？
2018-09-24 13:50:46,173 - mylogger - INFO - ['电石', '生石灰', '熟石灰']
2018-09-24 13:50:46,185 - mylogger - DEBUG - 数据库中检索答案
2018-09-24 13:50:46,194 - mylogger - DEBUG - 数据中无答案
2018-09-24 13:50:47,019 - mylogger - DEBUG - 在线检索答案：生石灰
2018-09-24 13:50:47,020 - mylogger - INFO - 我的答案：生石灰
2018-09-24 13:50:47,664 - mylogger - DEBUG - 选择选项
2018-09-24 13:50:50,050 - mylogger - INFO - 答案正确
2018-09-24 13:50:50,055 - mylogger - DEBUG - 更新答案
2018-09-24 13:50:51,647 - mylogger - INFO - 本题结束
2018-09-24 13:50:51,653 - mylogger - DEBUG - 获取题目
2018-09-24 13:50:54,605 - mylogger - INFO - 第 5 题
2018-09-24 13:50:55,853 - mylogger - INFO - ['纽约现代艺术博物馆', '悉尼歌剧院', '阿斯托加主教宫']
2018-09-24 13:50:55,895 - mylogger - DEBUG - 数据库中检索答案
2018-09-24 13:50:55,902 - mylogger - DEBUG - 数据中无答案
2018-09-24 13:50:56,658 - mylogger - DEBUG - 在线检索答案：悉尼歌剧院
2018-09-24 13:50:56,659 - mylogger - INFO - 我的答案：悉尼歌剧院
2018-09-24 13:50:57,225 - mylogger - DEBUG - 选择选项
2018-09-24 13:50:59,590 - mylogger - INFO - 答案正确
2018-09-24 13:50:59,594 - mylogger - DEBUG - 更新答案
2018-09-24 13:51:03,452 - mylogger - INFO - 本题结束
2018-09-24 13:51:04,598 - mylogger - INFO - 本场比赛结束
2018-09-24 13:51:04,651 - mylogger - INFO - 返回游戏页面
2018-09-24 13:51:06,209 - mylogger - INFO - 进入排位赛
2018-09-24 13:51:06,213 - mylogger - INFO - 正在匹配中......
2018-09-24 13:51:09,971 - mylogger - INFO - 匹配成功
2018-09-24 13:51:09,974 - mylogger - DEBUG - 获取题目
2018-09-24 13:51:12,978 - mylogger - INFO - 第 1 题
2018-09-24 13:51:13,297 - mylogger - INFO - 截止至2017年，以下哪一个作品没有改编成动画电影？
2018-09-24 13:51:14,306 - mylogger - INFO - ['《甄嬛传》', '《大闹天宫》', '《白雪公主》']
2018-09-24 13:51:14,354 - mylogger - DEBUG - 数据库中检索答案
2018-09-24 13:51:14,356 - mylogger - DEBUG - 数据中无答案
2018-09-24 13:51:15,276 - mylogger - DEBUG - 在线检索答案：
2018-09-24 13:51:15,277 - mylogger - INFO - 我的答案：《甄嬛传》
2018-09-24 13:51:15,870 - mylogger - DEBUG - 选择选项
2018-09-24 13:51:18,307 - mylogger - INFO - 答案正确
2018-09-24 13:51:18,311 - mylogger - DEBUG - 更新答案
2018-09-24 13:51:21,035 - mylogger - INFO - 本题结束
2018-09-24 13:51:21,039 - mylogger - DEBUG - 获取题目
2018-09-24 13:51:22,898 - mylogger - INFO - 第 2 题
2018-09-24 13:51:23,186 - mylogger - INFO - 服装是指人穿戴了什么和首饰、包袋、围巾、帽子等的着装形象？
2018-09-24 13:51:24,104 - mylogger - INFO - ['上衣、鞋子', '上衣、下裳', '下裳、鞋子']
2018-09-24 13:51:24,121 - mylogger - DEBUG - 数据库中检索答案
2018-09-24 13:51:24,130 - mylogger - INFO - 我的答案：上衣、下裳
2018-09-24 13:51:24,718 - mylogger - DEBUG - 选择选项
2018-09-24 13:51:27,107 - mylogger - INFO - 答案正确
2018-09-24 13:51:27,111 - mylogger - DEBUG - 更新答案
2018-09-24 13:51:33,239 - mylogger - INFO - 本题结束
2018-09-24 13:51:33,243 - mylogger - DEBUG - 获取题目
2018-09-24 13:51:35,017 - mylogger - INFO - 第 3 题
2018-09-24 13:51:35,338 - mylogger - INFO - 当价格稍有升降，供给量就大幅度变化，其供给
2018-09-24 13:51:36,191 - mylogger - INFO - ['缺乏弹性', '与有无替代品有关', '富有弹性']
2018-09-24 13:51:36,206 - mylogger - DEBUG - 数据库中检索答案
2018-09-24 13:51:36,213 - mylogger - DEBUG - 数据中无答案
2018-09-24 13:51:37,989 - mylogger - DEBUG - 在线检索答案：富有弹性
2018-09-24 13:51:37,990 - mylogger - INFO - 我的答案：富有弹性
2018-09-24 13:51:38,574 - mylogger - DEBUG - 选择选项
2018-09-24 13:51:41,059 - mylogger - INFO - 答案正确
2018-09-24 13:51:41,063 - mylogger - DEBUG - 更新答案
2018-09-24 13:51:46,126 - mylogger - INFO - 本题结束
2018-09-24 13:51:46,169 - mylogger - DEBUG - 获取题目
2018-09-24 13:51:48,007 - mylogger - INFO - 第 4 题
2018-09-24 13:51:48,308 - mylogger - INFO - 下列著名宫殿哪个位于英国？
2018-09-24 13:51:49,235 - mylogger - INFO - ['故宫', '凡尔赛宫', '白金汉宫']
2018-09-24 13:51:49,246 - mylogger - DEBUG - 数据库中检索答案
2018-09-24 13:51:49,258 - mylogger - DEBUG - 数据中无答案
2018-09-24 13:51:50,920 - mylogger - DEBUG - 在线检索答案：白金汉宫
2018-09-24 13:51:50,921 - mylogger - INFO - 我的答案：白金汉宫
2018-09-24 13:51:51,620 - mylogger - DEBUG - 选择选项
2018-09-24 13:51:54,030 - mylogger - INFO - 答案正确
2018-09-24 13:51:54,032 - mylogger - DEBUG - 更新答案
2018-09-24 13:51:54,592 - mylogger - INFO - 本题结束
2018-09-24 13:51:54,597 - mylogger - DEBUG - 获取题目
2018-09-24 13:51:57,584 - mylogger - INFO - 第 5 题
2018-09-24 13:51:57,912 - mylogger - INFO - “Black Eyed Peas”是欧美哪个组合的英文名字？
2018-09-24 13:51:58,855 - mylogger - INFO - ['黑眼豆豆', '甲壳虫乐队', '酷玩乐队']
2018-09-24 13:51:58,866 - mylogger - DEBUG - 数据库中检索答案
2018-09-24 13:51:58,880 - mylogger - DEBUG - 数据中无答案
2018-09-24 13:51:59,725 - mylogger - DEBUG - 在线检索答案：黑眼豆豆
2018-09-24 13:51:59,726 - mylogger - INFO - 我的答案：黑眼豆豆
2018-09-24 13:52:00,323 - mylogger - DEBUG - 选择选项
2018-09-24 13:52:02,718 - mylogger - INFO - 答案正确
2018-09-24 13:52:02,722 - mylogger - DEBUG - 更新答案
2018-09-24 13:52:05,374 - mylogger - INFO - 本题结束
2018-09-24 13:52:06,508 - mylogger - INFO - 本场比赛结束
2018-09-24 13:52:06,641 - mylogger - INFO - 返回游戏页面
2018-09-24 13:52:08,169 - mylogger - INFO - 进入排位赛
2018-09-24 13:52:08,172 - mylogger - INFO - 正在匹配中......
2018-09-24 13:52:19,968 - mylogger - INFO - 匹配成功
2018-09-24 13:52:19,972 - mylogger - DEBUG - 获取题目
2018-09-24 13:52:23,110 - mylogger - INFO - 第 1 题
2018-09-24 13:52:23,453 - mylogger - INFO - 欢度春节（打一词牌名）
2018-09-24 13:52:24,409 - mylogger - INFO - ['如梦令', '快活年', '清平乐']
2018-09-24 13:52:24,420 - mylogger - DEBUG - 数据库中检索答案
2018-09-24 13:52:24,433 - mylogger - DEBUG - 数据中无答案
2018-09-24 13:52:25,120 - mylogger - DEBUG - 在线检索答案：快活年
2018-09-24 13:52:25,121 - mylogger - INFO - 我的答案：快活年
2018-09-24 13:52:25,736 - mylogger - DEBUG - 选择选项
2018-09-24 13:52:28,124 - mylogger - INFO - 答案正确
2018-09-24 13:52:28,128 - mylogger - DEBUG - 更新答案
2018-09-24 13:52:32,997 - mylogger - INFO - 本题结束
2018-09-24 13:52:33,002 - mylogger - DEBUG - 获取题目
2018-09-24 13:52:34,917 - mylogger - INFO - 第 2 题
2018-09-24 13:52:35,235 - mylogger - INFO - 船形屋又可称"船形茅屋"是我国哪个民族的传统民居？
2018-09-24 13:52:36,178 - mylogger - INFO - ['土家族', '傣族', '黎族']
2018-09-24 13:53:26,437 - mylogger - INFO - 停止UC浏览器
2018-09-24 13:53:26,497 - mylogger - DEBUG - 返回主页面
2018-09-24 13:53:26,959 - mylogger - DEBUG - 打开UC浏览器
2018-09-24 13:53:29,398 - mylogger - DEBUG - 进入用户页面
2018-09-24 13:53:30,470 - mylogger - DEBUG - 进入游戏页面1
2018-09-24 13:53:32,619 - mylogger - DEBUG - 进入游戏页面2
2018-09-24 13:53:35,131 - mylogger - INFO - 选择游戏
2018-09-24 13:53:37,136 - mylogger - INFO - 进入排位赛
2018-09-24 13:53:37,140 - mylogger - INFO - 正在匹配中......
2018-09-24 13:53:40,867 - mylogger - INFO - 匹配成功
2018-09-24 13:53:40,872 - mylogger - DEBUG - 获取题目
2018-09-24 13:53:43,983 - mylogger - INFO - 第 1 题
2018-09-24 13:53:44,251 - mylogger - INFO - 郁金香是下列哪个国家的国花？
2018-09-24 13:53:45,074 - mylogger - INFO - ['荷兰', '美国', '印度']
2018-09-24 13:53:45,086 - mylogger - DEBUG - 数据库中检索答案
2018-09-24 13:53:45,094 - mylogger - DEBUG - 数据中无答案
2018-09-24 13:53:46,341 - mylogger - DEBUG - 在线检索答案：荷兰
2018-09-24 13:53:46,342 - mylogger - INFO - 我的答案：荷兰
2018-09-24 13:53:46,887 - mylogger - DEBUG - 选择选项
2018-09-24 13:53:49,315 - mylogger - INFO - 答案正确
2018-09-24 13:53:49,319 - mylogger - DEBUG - 更新答案
2018-09-24 13:53:53,000 - mylogger - INFO - 本题结束
2018-09-24 13:53:53,004 - mylogger - DEBUG - 获取题目
2018-09-24 13:53:54,936 - mylogger - INFO - 第 2 题
2018-09-24 13:53:55,205 - mylogger - INFO - 第一次海湾战争中，美军的行动代号是什么？
2018-09-24 13:53:56,040 - mylogger - INFO - ['沙漠盾牌', '沙漠绿洲', '沙漠风暴']
2018-09-24 13:53:56,081 - mylogger - DEBUG - 数据库中检索答案
2018-09-24 13:53:56,093 - mylogger - INFO - 我的答案：沙漠风暴
2018-09-24 13:53:56,639 - mylogger - DEBUG - 选择选项
2018-09-24 13:53:58,998 - mylogger - INFO - 答案正确
2018-09-24 13:53:59,012 - mylogger - DEBUG - 更新答案
2018-09-24 13:54:02,633 - mylogger - INFO - 本题结束
2018-09-24 13:54:02,637 - mylogger - DEBUG - 获取题目
2018-09-24 13:54:04,497 - mylogger - INFO - 第 3 题
2018-09-24 13:54:04,821 - mylogger - INFO - 在《钢铁侠》中，钢铁侠的衣服以什么颜色为主？
2018-09-24 13:54:05,805 - mylogger - INFO - ['红色', '迷彩', '绿色']
2018-09-24 13:54:05,816 - mylogger - DEBUG - 数据库中检索答案
2018-09-24 13:54:05,830 - mylogger - DEBUG - 数据中无答案
2018-09-24 13:54:07,025 - mylogger - DEBUG - 在线检索答案：红色
2018-09-24 13:54:07,027 - mylogger - INFO - 我的答案：红色
2018-09-24 13:54:07,613 - mylogger - DEBUG - 选择选项
2018-09-24 13:54:09,957 - mylogger - INFO - 答案正确
2018-09-24 13:54:09,963 - mylogger - DEBUG - 更新答案
2018-09-24 13:54:11,326 - mylogger - INFO - 本题结束
2018-09-24 13:54:11,328 - mylogger - DEBUG - 获取题目
2018-09-24 13:54:13,161 - mylogger - INFO - 第 4 题
2018-09-24 13:54:13,476 - mylogger - INFO - “阿姆斯特丹攻击”（Amsterdam Attack）是什么？
2018-09-24 13:54:14,249 - mylogger - INFO - ['是国际象棋的一个布局', '是一场战役', '是拳击比赛的一种招术']
2018-09-24 13:54:14,263 - mylogger - DEBUG - 数据库中检索答案
2018-09-24 13:54:14,269 - mylogger - INFO - 我的答案：是国际象棋的一个布局
2018-09-24 13:54:14,894 - mylogger - DEBUG - 选择选项
2018-09-24 13:54:17,320 - mylogger - INFO - 答案正确
2018-09-24 13:54:17,323 - mylogger - DEBUG - 更新答案
2018-09-24 13:54:25,417 - mylogger - INFO - 本题结束
2018-09-24 13:54:25,421 - mylogger - DEBUG - 获取题目
2018-09-24 13:54:28,414 - mylogger - INFO - 第 5 题
2018-09-24 13:54:28,694 - mylogger - INFO - 以下哪一首歌曲不属于谢霆锋的代表作？
2018-09-24 13:54:29,530 - mylogger - INFO - ['《离人》', '《黄种人》', '《玉蝴蝶》']
2018-09-24 13:54:29,573 - mylogger - DEBUG - 数据库中检索答案
2018-09-24 13:54:29,586 - mylogger - DEBUG - 数据中无答案
2018-09-24 13:54:30,875 - mylogger - DEBUG - 在线检索答案：《离人》
2018-09-24 13:54:30,876 - mylogger - INFO - 我的答案：《离人》
2018-09-24 13:54:31,465 - mylogger - DEBUG - 选择选项
2018-09-24 13:54:33,854 - mylogger - INFO - 答案正确
2018-09-24 13:54:33,859 - mylogger - DEBUG - 更新答案
2018-09-24 13:54:35,362 - mylogger - INFO - 本题结束
2018-09-24 13:54:36,506 - mylogger - INFO - 本场比赛结束
2018-09-24 13:54:36,595 - mylogger - INFO - 返回游戏页面
2018-09-24 13:54:38,148 - mylogger - INFO - 进入排位赛
2018-09-24 13:54:38,155 - mylogger - INFO - 正在匹配中......
2018-09-24 13:54:40,806 - mylogger - INFO - 匹配成功
2018-09-24 13:54:40,810 - mylogger - DEBUG - 获取题目
2018-09-24 13:54:43,954 - mylogger - INFO - 第 1 题
2018-09-24 13:54:44,286 - mylogger - INFO - 常用的英文字母有几个？
2018-09-24 13:54:45,279 - mylogger - INFO - ['24', '26', '22']
2018-09-24 13:54:45,289 - mylogger - DEBUG - 数据库中检索答案
2018-09-24 13:54:45,301 - mylogger - DEBUG - 数据中无答案
2018-09-24 13:54:46,229 - mylogger - DEBUG - 在线检索答案：26
2018-09-24 13:54:46,230 - mylogger - INFO - 我的答案：26
2018-09-24 13:54:46,892 - mylogger - DEBUG - 选择选项
2018-09-24 13:54:49,318 - mylogger - INFO - 答案正确
2018-09-24 13:54:49,331 - mylogger - DEBUG - 更新答案
2018-09-24 13:54:50,726 - mylogger - INFO - 本题结束
2018-09-24 13:54:50,732 - mylogger - DEBUG - 获取题目
2018-09-24 13:54:52,591 - mylogger - INFO - 第 2 题
2018-09-24 13:54:52,897 - mylogger - INFO - 下面哪个不属于是西安的著名景点？
2018-09-24 13:54:53,783 - mylogger - INFO - ['钟鼓楼', '武侯祠', '小雁塔']
2018-09-24 13:54:53,802 - mylogger - DEBUG - 数据库中检索答案
2018-09-24 13:54:53,807 - mylogger - DEBUG - 数据中无答案
2018-09-24 13:54:55,560 - mylogger - DEBUG - 在线检索答案：钟鼓楼
2018-09-24 13:54:55,561 - mylogger - INFO - 我的答案：钟鼓楼
2018-09-24 13:54:56,134 - mylogger - DEBUG - 选择选项
2018-09-24 13:54:58,542 - mylogger - INFO - 答案错误
2018-09-24 13:54:58,725 - mylogger - INFO - 正确答案；武侯祠
2018-09-24 13:54:58,728 - mylogger - DEBUG - 更新答案
2018-09-24 13:55:01,172 - mylogger - INFO - 本题结束
2018-09-24 13:55:01,176 - mylogger - DEBUG - 获取题目
2018-09-24 13:55:03,031 - mylogger - INFO - 第 3 题
2018-09-24 13:55:03,379 - mylogger - INFO - 1个食堂阿姨10分钟做5个馒头，5个食堂阿姨10分钟做几个馒头？
2018-09-24 13:55:04,360 - mylogger - INFO - ['50个', '40个', '25个']
2018-09-24 13:55:04,372 - mylogger - DEBUG - 数据库中检索答案
2018-09-24 13:55:04,379 - mylogger - DEBUG - 数据中无答案
2018-09-24 13:55:05,580 - mylogger - DEBUG - 在线检索答案：
2018-09-24 13:55:05,582 - mylogger - INFO - 我的答案：50个
2018-09-24 13:55:06,189 - mylogger - DEBUG - 选择选项
2018-09-24 13:55:08,603 - mylogger - INFO - 答案错误
2018-09-24 13:55:08,863 - mylogger - INFO - 正确答案；25个
2018-09-24 13:55:08,869 - mylogger - DEBUG - 更新答案
2018-09-24 13:55:13,739 - mylogger - INFO - 本题结束
2018-09-24 13:55:13,746 - mylogger - DEBUG - 获取题目
2018-09-24 13:55:15,600 - mylogger - INFO - 第 4 题
2018-09-24 13:55:15,935 - mylogger - INFO - 《鹿鼎记》中阿珂是谁的女儿？
2018-09-24 13:55:16,807 - mylogger - INFO - ['李自成', '张献忠', '崇祯']
2018-09-24 13:55:16,820 - mylogger - DEBUG - 数据库中检索答案
2018-09-24 13:55:16,832 - mylogger - DEBUG - 数据中无答案
2018-09-24 13:55:17,778 - mylogger - DEBUG - 在线检索答案：李自成
2018-09-24 13:55:17,779 - mylogger - INFO - 我的答案：李自成
2018-09-24 13:55:18,413 - mylogger - DEBUG - 选择选项
2018-09-24 13:55:20,844 - mylogger - INFO - 答案正确
2018-09-24 13:55:20,848 - mylogger - DEBUG - 更新答案
2018-09-24 13:55:24,508 - mylogger - INFO - 本题结束
2018-09-24 13:55:24,511 - mylogger - DEBUG - 获取题目
2018-09-24 13:55:26,432 - mylogger - INFO - 第 5 题
2018-09-24 13:55:26,713 - mylogger - INFO - 产后产妇出现排尿困难时以下做法错误的是哪个？
2018-09-24 13:55:27,636 - mylogger - INFO - ['禁止产妇听流水声', '用热水袋敷压下腹', '用温水冲洗尿道口']
2018-09-24 13:55:27,654 - mylogger - DEBUG - 数据库中检索答案
2018-09-24 13:55:27,664 - mylogger - DEBUG - 数据中无答案
2018-09-24 13:55:28,531 - mylogger - DEBUG - 在线检索答案：
2018-09-24 13:55:28,532 - mylogger - INFO - 我的答案：禁止产妇听流水声
2018-09-24 13:55:29,127 - mylogger - DEBUG - 选择选项
2018-09-24 13:55:31,592 - mylogger - INFO - 答案正确
2018-09-24 13:55:31,596 - mylogger - DEBUG - 更新答案
2018-09-24 13:55:37,518 - mylogger - INFO - 本题结束
2018-09-24 13:55:38,674 - mylogger - INFO - 本场比赛结束
2018-09-24 13:55:38,733 - mylogger - INFO - 返回游戏页面
2018-09-24 13:55:40,357 - mylogger - INFO - 进入排位赛
2018-09-24 13:55:40,361 - mylogger - INFO - 正在匹配中......
2018-09-24 13:55:51,923 - mylogger - INFO - 匹配成功
2018-09-24 13:55:51,928 - mylogger - DEBUG - 获取题目
2018-09-24 13:55:55,009 - mylogger - INFO - 第 1 题
2018-09-24 13:55:55,329 - mylogger - INFO - 下列选项中，谁不属于中国女演员？
2018-09-24 13:55:56,202 - mylogger - INFO - ['宋慧乔', '杨颖', '宋丹丹']
2018-09-24 13:55:56,216 - mylogger - DEBUG - 数据库中检索答案
2018-09-24 13:55:56,227 - mylogger - DEBUG - 数据中无答案
2018-09-24 13:55:57,498 - mylogger - DEBUG - 在线检索答案：宋慧乔
2018-09-24 13:55:57,499 - mylogger - INFO - 我的答案：宋慧乔
2018-09-24 13:55:58,077 - mylogger - DEBUG - 选择选项
2018-09-24 13:56:00,438 - mylogger - INFO - 答案正确
2018-09-24 13:56:00,442 - mylogger - DEBUG - 更新答案
2018-09-24 13:56:04,032 - mylogger - INFO - 本题结束
2018-09-24 13:56:04,036 - mylogger - DEBUG - 获取题目
2018-09-24 13:56:05,830 - mylogger - INFO - 第 2 题
2018-09-24 13:56:06,173 - mylogger - INFO - 按照约定俗成的规定，愚人节可以在什么时候开玩笑？
2018-09-24 13:56:07,170 - mylogger - INFO - ['中午12点之前', '中午12点之后', '中午11点之前']
2018-09-24 13:56:07,188 - mylogger - DEBUG - 数据库中检索答案
2018-09-24 13:56:07,189 - mylogger - DEBUG - 数据中无答案
2018-09-24 13:56:08,886 - mylogger - DEBUG - 在线检索答案：中午12点之前
2018-09-24 13:56:08,887 - mylogger - INFO - 我的答案：中午12点之前
2018-09-24 13:56:09,475 - mylogger - DEBUG - 选择选项
2018-09-24 13:56:11,956 - mylogger - INFO - 答案正确
2018-09-24 13:56:11,960 - mylogger - DEBUG - 更新答案
2018-09-24 13:56:16,657 - mylogger - INFO - 本题结束
2018-09-24 13:56:16,661 - mylogger - DEBUG - 获取题目
2018-09-24 13:56:19,686 - mylogger - INFO - 第 3 题
2018-09-24 13:56:20,023 - mylogger - INFO - 月饼身较扁，饼皮洁白，以酥糖为馅，入口香酥，这是哪一种月饼？
2018-09-24 13:56:21,102 - mylogger - INFO - ['黔式月饼', '潮式月饼', '京式月饼']
2018-09-24 13:56:21,115 - mylogger - DEBUG - 数据库中检索答案
2018-09-24 13:56:21,117 - mylogger - DEBUG - 数据中无答案
2018-09-24 13:56:22,295 - mylogger - DEBUG - 在线检索答案：潮式月饼
2018-09-24 13:56:22,296 - mylogger - INFO - 我的答案：潮式月饼
2018-09-24 13:56:22,889 - mylogger - DEBUG - 选择选项
2018-09-24 13:56:25,355 - mylogger - INFO - 答案正确
2018-09-24 13:56:25,361 - mylogger - DEBUG - 更新答案
2018-09-24 13:56:28,961 - mylogger - INFO - 本题结束
2018-09-24 13:56:28,966 - mylogger - DEBUG - 获取题目
2018-09-24 13:56:32,047 - mylogger - INFO - 第 4 题
2018-09-24 13:56:32,400 - mylogger - INFO - 在动画电影《宝莲灯》中，为孙悟空配音的，是哪个著名喜剧演员？
2018-09-24 13:56:33,457 - mylogger - INFO - ['姜文', '梁天', '陈佩斯']
2018-09-24 13:56:33,472 - mylogger - DEBUG - 数据库中检索答案
2018-09-24 13:56:33,483 - mylogger - DEBUG - 数据中无答案
2018-09-24 13:56:34,281 - mylogger - DEBUG - 在线检索答案：陈佩斯
2018-09-24 13:56:34,282 - mylogger - INFO - 我的答案：陈佩斯
2018-09-24 13:56:34,900 - mylogger - DEBUG - 选择选项
2018-09-24 13:56:37,395 - mylogger - INFO - 答案正确
2018-09-24 13:56:37,399 - mylogger - DEBUG - 更新答案
2018-09-24 13:56:38,796 - mylogger - INFO - 本题结束
2018-09-24 13:56:38,801 - mylogger - DEBUG - 获取题目
2018-09-24 13:56:41,796 - mylogger - INFO - 第 5 题
2018-09-24 13:56:42,091 - mylogger - INFO - 糯米纸是一种可食薄膜，它是用什么加工制作而成的？
2018-09-24 13:56:42,871 - mylogger - INFO - ['淀粉', '莲蓬', '糯米']
2018-09-24 13:56:42,885 - mylogger - DEBUG - 数据库中检索答案
2018-09-24 13:56:42,893 - mylogger - DEBUG - 数据中无答案
2018-09-24 13:56:43,800 - mylogger - DEBUG - 在线检索答案：糯米
2018-09-24 13:56:43,802 - mylogger - INFO - 我的答案：糯米
2018-09-24 13:56:44,456 - mylogger - DEBUG - 选择选项
2018-09-24 13:56:46,967 - mylogger - INFO - 答案错误
2018-09-24 13:56:47,086 - mylogger - INFO - 正确答案；淀粉
2018-09-24 13:56:47,090 - mylogger - DEBUG - 更新答案
2018-09-24 13:56:51,920 - mylogger - INFO - 本题结束
2018-09-24 13:56:53,048 - mylogger - INFO - 本场比赛结束
2018-09-24 13:56:53,169 - mylogger - INFO - 返回游戏页面
2018-09-24 13:56:54,789 - mylogger - INFO - 进入排位赛
2018-09-24 13:56:54,794 - mylogger - INFO - 正在匹配中......
2018-09-24 13:57:04,089 - mylogger - INFO - 匹配成功
2018-09-24 13:57:04,092 - mylogger - DEBUG - 获取题目
2018-09-24 13:57:07,160 - mylogger - INFO - 第 1 题
2018-09-24 13:57:07,493 - mylogger - INFO - 舰空导弹是从哪里发射攻击空中目标的导弹？
2018-09-24 13:57:08,464 - mylogger - INFO - ['单兵', '战车', '舰艇']
2018-09-24 13:57:08,477 - mylogger - DEBUG - 数据库中检索答案
2018-09-24 13:57:08,488 - mylogger - INFO - 我的答案：舰艇
2018-09-24 13:57:09,052 - mylogger - DEBUG - 选择选项
2018-09-24 13:57:11,508 - mylogger - INFO - 答案正确
2018-09-24 13:57:11,512 - mylogger - DEBUG - 更新答案
2018-09-24 13:57:16,313 - mylogger - INFO - 本题结束
2018-09-24 13:57:16,317 - mylogger - DEBUG - 获取题目
2018-09-24 13:57:18,166 - mylogger - INFO - 第 2 题
2018-09-24 13:57:18,521 - mylogger - INFO - 哪位叱咤梨园的余派京剧女老生演员最后嫁给了杜月笙？
2018-09-24 13:57:19,522 - mylogger - INFO - ['李桂芬', '筱兰英', '孟小冬']
2018-09-24 13:57:19,533 - mylogger - DEBUG - 数据库中检索答案
2018-09-24 13:57:19,540 - mylogger - DEBUG - 数据中无答案
2018-09-24 13:57:21,680 - mylogger - DEBUG - 在线检索答案：孟小冬
2018-09-24 13:57:21,681 - mylogger - INFO - 我的答案：孟小冬
2018-09-24 13:57:22,273 - mylogger - DEBUG - 选择选项
2018-09-24 13:57:24,748 - mylogger - INFO - 答案正确
2018-09-24 13:57:24,751 - mylogger - DEBUG - 更新答案
2018-09-24 13:57:29,562 - mylogger - INFO - 本题结束
2018-09-24 13:57:29,567 - mylogger - DEBUG - 获取题目
2018-09-24 13:57:31,422 - mylogger - INFO - 第 3 题
2018-09-24 13:57:31,701 - mylogger - INFO - 谁说石家穷，家里真不穷，推开金板壁，珠宝嵌屏风。(打一植物)
2018-09-24 13:57:32,510 - mylogger - INFO - ['核桃', '板栗树', '石榴']
2018-09-24 13:57:32,530 - mylogger - DEBUG - 数据库中检索答案
2018-09-24 13:57:32,531 - mylogger - DEBUG - 数据中无答案
2018-09-24 13:57:33,784 - mylogger - DEBUG - 在线检索答案：核桃
2018-09-24 13:57:33,786 - mylogger - INFO - 我的答案：核桃
2018-09-24 13:57:34,400 - mylogger - DEBUG - 选择选项
2018-09-24 13:57:36,818 - mylogger - INFO - 答案错误
2018-09-24 13:57:37,047 - mylogger - INFO - 正确答案；石榴
2018-09-24 13:57:37,051 - mylogger - DEBUG - 更新答案
2018-09-24 13:57:44,233 - mylogger - INFO - 本题结束
2018-09-24 13:57:44,237 - mylogger - DEBUG - 获取题目
2018-09-24 13:57:46,034 - mylogger - INFO - 第 4 题
2018-09-24 13:57:46,396 - mylogger - INFO - 著名的旅游景点夏威夷位于哪个大洋中？
2018-09-24 13:57:47,353 - mylogger - INFO - ['印度洋', '太平洋', '大西洋']
2018-09-24 13:57:47,375 - mylogger - DEBUG - 数据库中检索答案
2018-09-24 13:57:47,377 - mylogger - DEBUG - 数据中无答案
2018-09-24 13:57:47,905 - mylogger - DEBUG - 在线检索答案：太平洋
2018-09-24 13:57:47,906 - mylogger - INFO - 我的答案：太平洋
2018-09-24 13:57:48,506 - mylogger - DEBUG - 选择选项
2018-09-24 13:57:50,972 - mylogger - INFO - 答案正确
2018-09-24 13:57:50,979 - mylogger - DEBUG - 更新答案
2018-09-24 13:57:58,053 - mylogger - INFO - 本题结束
2018-09-24 13:57:58,058 - mylogger - DEBUG - 获取题目
2018-09-24 13:57:59,894 - mylogger - INFO - 第 5 题
2018-09-24 13:58:00,151 - mylogger - INFO - 巴黎世家品牌的正确字母拼写是哪个？
2018-09-24 13:58:01,066 - mylogger - INFO - ['BalenSiaga', 'Balenciaga', 'Balenciga']
2018-09-24 13:58:01,080 - mylogger - DEBUG - 数据库中检索答案
2018-09-24 13:58:01,092 - mylogger - DEBUG - 数据中无答案
2018-09-24 13:58:02,153 - mylogger - DEBUG - 在线检索答案：Balenciaga
2018-09-24 13:58:02,154 - mylogger - INFO - 我的答案：Balenciaga
2018-09-24 13:58:02,746 - mylogger - DEBUG - 选择选项
2018-09-24 13:58:05,192 - mylogger - INFO - 答案正确
2018-09-24 13:58:05,197 - mylogger - DEBUG - 更新答案
2018-09-24 13:58:12,150 - mylogger - INFO - 本题结束
2018-09-24 13:58:13,283 - mylogger - INFO - 本场比赛结束
2018-09-24 13:58:13,387 - mylogger - INFO - 返回游戏页面
2018-09-24 13:58:14,915 - mylogger - INFO - 进入排位赛
2018-09-24 13:58:14,922 - mylogger - INFO - 正在匹配中......
2018-09-24 13:58:25,325 - mylogger - INFO - 匹配成功
2018-09-24 13:58:25,329 - mylogger - DEBUG - 获取题目
2018-09-24 13:58:28,364 - mylogger - INFO - 第 1 题
2018-09-24 13:58:28,684 - mylogger - INFO - 大年初一去拜年会收到什么？
2018-09-24 13:58:29,595 - mylogger - INFO - ['围巾', '领带', '压岁钱']
2018-09-24 13:58:29,608 - mylogger - DEBUG - 数据库中检索答案
2018-09-24 13:58:29,613 - mylogger - DEBUG - 数据中无答案
2018-09-24 13:58:30,507 - mylogger - DEBUG - 在线检索答案：
2018-09-24 13:58:30,509 - mylogger - INFO - 我的答案：围巾
2018-09-24 13:58:31,183 - mylogger - DEBUG - 选择选项
2018-09-24 13:58:33,607 - mylogger - INFO - 答案错误
2018-09-24 13:58:33,872 - mylogger - INFO - 正确答案；压岁钱
2018-09-24 13:58:33,876 - mylogger - DEBUG - 更新答案
2018-09-24 13:58:34,144 - mylogger - INFO - 本题结束
2018-09-24 13:58:34,150 - mylogger - DEBUG - 获取题目
2018-09-24 13:58:37,200 - mylogger - INFO - 第 2 题
2018-09-24 13:58:37,477 - mylogger - INFO - 王治郅在1999年第2轮第7位被NBA的哪支球队选中的？
2018-09-24 13:58:38,360 - mylogger - INFO - ['小牛队', '热火队', '国王队']
2018-09-24 13:58:38,371 - mylogger - DEBUG - 数据库中检索答案
2018-09-24 13:58:38,382 - mylogger - DEBUG - 数据中无答案
2018-09-24 13:58:39,223 - mylogger - DEBUG - 在线检索答案：小牛队
2018-09-24 13:58:39,224 - mylogger - INFO - 我的答案：小牛队
2018-09-24 13:58:39,813 - mylogger - DEBUG - 选择选项
2018-09-24 13:58:42,208 - mylogger - INFO - 答案正确
2018-09-24 13:58:42,213 - mylogger - DEBUG - 更新答案
2018-09-24 13:58:43,634 - mylogger - INFO - 本题结束
2018-09-24 13:58:43,639 - mylogger - DEBUG - 获取题目
2018-09-24 13:58:45,389 - mylogger - INFO - 第 3 题
2018-09-24 13:58:45,680 - mylogger - INFO - 下列有关声现象的说法正确的是?
2018-09-24 13:58:46,653 - mylogger - INFO - ['声音靠介质传播', '耳鼓不会产生同率振动', '声音频率高低叫做音响']
2018-09-24 13:58:46,669 - mylogger - DEBUG - 数据库中检索答案
2018-09-24 13:58:46,674 - mylogger - DEBUG - 数据中无答案
2018-09-24 13:58:48,326 - mylogger - DEBUG - 在线检索答案：
2018-09-24 13:58:48,328 - mylogger - INFO - 我的答案：声音靠介质传播
2018-09-24 13:58:48,896 - mylogger - DEBUG - 选择选项
2018-09-24 13:58:51,345 - mylogger - INFO - 答案正确
2018-09-24 13:58:51,349 - mylogger - DEBUG - 更新答案
2018-09-24 13:58:54,994 - mylogger - INFO - 本题结束
2018-09-24 13:58:54,998 - mylogger - DEBUG - 获取题目
2018-09-24 13:58:56,847 - mylogger - INFO - 第 4 题
2018-09-24 13:58:57,105 - mylogger - INFO - 子宫的功能不包括
2018-09-24 13:58:58,026 - mylogger - INFO - ['精子进入输卵管通道', '形成月经', '拾卵作用']
2018-09-24 13:58:58,040 - mylogger - DEBUG - 数据库中检索答案
2018-09-24 13:58:58,052 - mylogger - DEBUG - 数据中无答案
2018-09-24 13:58:58,965 - mylogger - DEBUG - 在线检索答案：拾卵作用
2018-09-24 13:58:58,966 - mylogger - INFO - 我的答案：拾卵作用
2018-09-24 13:58:59,553 - mylogger - DEBUG - 选择选项
2018-09-24 13:59:02,012 - mylogger - INFO - 答案正确
2018-09-24 13:59:02,018 - mylogger - DEBUG - 更新答案
2018-09-24 13:59:06,657 - mylogger - INFO - 本题结束
2018-09-24 13:59:06,666 - mylogger - DEBUG - 获取题目
2018-09-24 13:59:08,541 - mylogger - INFO - 第 5 题
2018-09-24 13:59:08,877 - mylogger - INFO - 动画《哪吒传奇》中，石矶肉体死去后，最后一点灵魂藏在了哪里？
2018-09-24 13:59:09,726 - mylogger - INFO - ['弱水之渊', '雪山之巅', '黑暗之谷']
2018-09-24 13:59:09,768 - mylogger - DEBUG - 数据库中检索答案
2018-09-24 13:59:09,769 - mylogger - DEBUG - 数据中无答案
2018-09-24 13:59:10,662 - mylogger - DEBUG - 在线检索答案：
2018-09-24 13:59:10,663 - mylogger - INFO - 我的答案：弱水之渊
2018-09-24 13:59:11,250 - mylogger - DEBUG - 选择选项
2018-09-24 13:59:13,705 - mylogger - INFO - 答案错误
2018-09-24 13:59:13,909 - mylogger - INFO - 正确答案；黑暗之谷
2018-09-24 13:59:13,913 - mylogger - DEBUG - 更新答案
2018-09-24 13:59:18,797 - mylogger - INFO - 本题结束
2018-09-24 13:59:19,950 - mylogger - INFO - 本场比赛结束
2018-09-24 13:59:20,004 - mylogger - INFO - 返回游戏页面
2018-09-24 13:59:21,542 - mylogger - INFO - 进入排位赛
2018-09-24 13:59:21,545 - mylogger - INFO - 正在匹配中......
2018-09-24 13:59:25,361 - mylogger - INFO - 匹配成功
2018-09-24 13:59:25,365 - mylogger - DEBUG - 获取题目
2018-09-24 13:59:28,374 - mylogger - INFO - 第 1 题
2018-09-24 13:59:28,647 - mylogger - INFO - 下列哪位明星担任过电视节目《欢乐喜剧人 第四季》的嘉宾？
2018-09-24 13:59:29,602 - mylogger - INFO - ['李佳航', '宋小宝', '张韶涵']
2018-09-24 13:59:29,616 - mylogger - DEBUG - 数据库中检索答案
2018-09-24 13:59:29,628 - mylogger - DEBUG - 数据中无答案
2018-09-24 13:59:31,337 - mylogger - DEBUG - 在线检索答案：宋小宝
2018-09-24 13:59:31,338 - mylogger - INFO - 我的答案：宋小宝
2018-09-24 13:59:31,911 - mylogger - DEBUG - 选择选项
2018-09-24 13:59:34,324 - mylogger - INFO - 答案正确
2018-09-24 13:59:34,328 - mylogger - DEBUG - 更新答案
2018-09-24 13:59:38,012 - mylogger - INFO - 本题结束
2018-09-24 13:59:38,017 - mylogger - DEBUG - 获取题目
2018-09-24 13:59:39,886 - mylogger - INFO - 第 2 题
2018-09-24 13:59:40,180 - mylogger - INFO - 家规的制定原则，不包括以下哪一个选项？
2018-09-24 13:59:41,219 - mylogger - INFO - ['内容便于遵守和执行', '内容简明细致', '着眼于监督孩子']
2018-09-24 13:59:41,237 - mylogger - DEBUG - 数据库中检索答案
2018-09-24 13:59:41,242 - mylogger - DEBUG - 数据中无答案
2018-09-24 13:59:42,195 - mylogger - DEBUG - 在线检索答案：内容便于遵守和执行
2018-09-24 13:59:42,196 - mylogger - INFO - 我的答案：内容便于遵守和执行
2018-09-24 13:59:42,812 - mylogger - DEBUG - 选择选项
2018-09-24 13:59:45,378 - mylogger - INFO - 答案错误
2018-09-24 13:59:45,579 - mylogger - INFO - 正确答案；着眼于监督孩子
2018-09-24 13:59:45,584 - mylogger - DEBUG - 更新答案
2018-09-24 13:59:51,516 - mylogger - INFO - 本题结束
2018-09-24 13:59:51,520 - mylogger - DEBUG - 获取题目
2018-09-24 13:59:57,917 - mylogger - INFO - 第 3 题
2018-09-24 13:59:58,227 - mylogger - INFO - “不可知论”最早是由哪个国家的科学家提出来的?
2018-09-24 13:59:59,316 - mylogger - INFO - ['英国', '法国', '美国']
2018-09-24 13:59:59,328 - mylogger - DEBUG - 数据库中检索答案
2018-09-24 13:59:59,338 - mylogger - DEBUG - 数据中无答案
2018-09-24 14:00:00,211 - mylogger - DEBUG - 在线检索答案：法国
2018-09-24 14:00:00,213 - mylogger - INFO - 我的答案：法国
2018-09-24 14:00:00,809 - mylogger - DEBUG - 选择选项
2018-09-24 14:00:03,203 - mylogger - INFO - 答案错误
2018-09-24 14:00:03,328 - mylogger - INFO - 正确答案；英国
2018-09-24 14:00:03,332 - mylogger - DEBUG - 更新答案
2018-09-24 14:00:04,720 - mylogger - INFO - 本题结束
2018-09-24 14:00:04,725 - mylogger - DEBUG - 获取题目
2018-09-24 14:00:06,580 - mylogger - INFO - 第 4 题
2018-09-24 14:00:06,916 - mylogger - INFO - 哪个发明家被誉为“电话之父”？
2018-09-24 14:00:07,812 - mylogger - INFO - ['贝尔', '特斯拉', '爱迪生']
2018-09-24 14:00:07,824 - mylogger - DEBUG - 数据库中检索答案
2018-09-24 14:00:07,830 - mylogger - DEBUG - 数据中无答案
2018-09-24 14:00:08,711 - mylogger - DEBUG - 在线检索答案：贝尔
2018-09-24 14:00:08,713 - mylogger - INFO - 我的答案：贝尔
2018-09-24 14:00:09,346 - mylogger - DEBUG - 选择选项
2018-09-24 14:00:11,760 - mylogger - INFO - 答案正确
2018-09-24 14:00:11,764 - mylogger - DEBUG - 更新答案
2018-09-24 14:00:14,273 - mylogger - INFO - 本题结束
2018-09-24 14:00:14,279 - mylogger - DEBUG - 获取题目
2018-09-24 14:00:16,097 - mylogger - INFO - 第 5 题
2018-09-24 14:00:16,392 - mylogger - INFO - 祭祀冬至最早可追溯到
2018-09-24 14:00:17,401 - mylogger - INFO - ['周朝', '春秋', '秦汉']
2018-09-24 14:00:17,412 - mylogger - DEBUG - 数据库中检索答案
2018-09-24 14:00:17,418 - mylogger - DEBUG - 数据中无答案
2018-09-24 14:00:18,334 - mylogger - DEBUG - 在线检索答案：周朝
2018-09-24 14:00:18,335 - mylogger - INFO - 我的答案：周朝
2018-09-24 14:00:18,969 - mylogger - DEBUG - 选择选项
2018-09-24 14:00:21,424 - mylogger - INFO - 答案正确
2018-09-24 14:00:21,428 - mylogger - DEBUG - 更新答案
2018-09-24 14:00:25,095 - mylogger - INFO - 本题结束
2018-09-24 14:00:26,248 - mylogger - INFO - 本场比赛结束
2018-09-24 14:00:26,314 - mylogger - INFO - 返回游戏页面
2018-09-24 14:00:27,892 - mylogger - INFO - 进入排位赛
2018-09-24 14:00:27,898 - mylogger - INFO - 正在匹配中......
2018-09-24 14:00:42,946 - mylogger - INFO - 匹配成功
2018-09-24 14:00:42,949 - mylogger - DEBUG - 获取题目
2018-09-24 14:00:45,990 - mylogger - INFO - 第 1 题
2018-09-24 14:00:46,272 - mylogger - INFO - 下列哪一个国家的货币名称是 "盾"?
2018-09-24 14:00:47,263 - mylogger - INFO - ['印度', '肯尼亚', '越南']
2018-09-24 14:01:37,511 - mylogger - INFO - 停止UC浏览器
2018-09-24 14:01:37,586 - mylogger - DEBUG - 返回主页面
2018-09-24 14:01:38,142 - mylogger - DEBUG - 打开UC浏览器
2018-09-24 14:01:40,524 - mylogger - DEBUG - 进入用户页面
2018-09-24 14:01:41,604 - mylogger - DEBUG - 进入游戏页面1
2018-09-24 14:01:43,888 - mylogger - DEBUG - 进入游戏页面2
2018-09-24 14:01:46,431 - mylogger - INFO - 选择游戏
2018-09-24 14:01:48,337 - mylogger - INFO - 进入排位赛
2018-09-24 14:01:48,341 - mylogger - INFO - 正在匹配中......
2018-09-24 14:01:49,852 - mylogger - INFO - 匹配成功
2018-09-24 14:01:49,857 - mylogger - DEBUG - 获取题目
2018-09-24 14:01:52,848 - mylogger - INFO - 第 5 题
2018-09-24 14:01:53,125 - mylogger - INFO - SpaceX公司总部在哪里？
2018-09-24 14:01:53,956 - mylogger - INFO - ['华盛顿州西雅图', '加利福尼亚州霍索恩', '华盛顿州肯特']
2018-09-24 14:01:54,005 - mylogger - DEBUG - 数据库中检索答案
2018-09-24 14:01:54,017 - mylogger - DEBUG - 数据中无答案
2018-09-24 14:01:54,518 - mylogger - DEBUG - 在线检索答案：
2018-09-24 14:01:54,520 - mylogger - INFO - 我的答案：华盛顿州西雅图
2018-09-24 14:01:55,115 - mylogger - DEBUG - 选择选项
2018-09-24 14:01:57,777 - mylogger - INFO - 答案错误
2018-09-24 14:01:58,080 - mylogger - DEBUG - 更新答案
2018-09-24 14:01:58,405 - mylogger - INFO - 本题结束
2018-09-24 14:01:59,544 - mylogger - INFO - 本场比赛结束
2018-09-24 14:01:59,598 - mylogger - INFO - 返回游戏页面
2018-09-24 14:02:01,141 - mylogger - INFO - 进入排位赛
2018-09-24 14:02:01,145 - mylogger - INFO - 正在匹配中......
2018-09-24 14:02:22,901 - mylogger - INFO - 匹配成功
2018-09-24 14:02:22,905 - mylogger - DEBUG - 获取题目
2018-09-24 14:02:25,906 - mylogger - INFO - 第 1 题
2018-09-24 14:02:26,257 - mylogger - INFO - 美国主张的国防类型是哪一种？
2018-09-24 14:02:27,166 - mylogger - INFO - ['自卫型', '联盟型', '中立型']
2018-09-24 14:02:27,180 - mylogger - DEBUG - 数据库中检索答案
2018-09-24 14:02:27,190 - mylogger - DEBUG - 数据中无答案
2018-09-24 14:02:28,088 - mylogger - DEBUG - 在线检索答案：自卫型
2018-09-24 14:02:28,089 - mylogger - INFO - 我的答案：自卫型
2018-09-24 14:02:28,662 - mylogger - DEBUG - 选择选项
2018-09-24 14:02:31,130 - mylogger - INFO - 答案错误
2018-09-24 14:02:31,282 - mylogger - INFO - 正确答案；联盟型
2018-09-24 14:02:31,286 - mylogger - DEBUG - 更新答案
2018-09-24 14:02:32,822 - mylogger - INFO - 本题结束
2018-09-24 14:02:32,827 - mylogger - DEBUG - 获取题目
2018-09-24 14:02:34,690 - mylogger - INFO - 第 2 题
2018-09-24 14:02:35,036 - mylogger - INFO - 地球上的哪种现象主要是由太阳和月球对地球的作用造成的
2018-09-24 14:02:35,978 - mylogger - INFO - ['海水涨潮退潮', '海啸', '台风']
2018-09-24 14:02:35,993 - mylogger - DEBUG - 数据库中检索答案
2018-09-24 14:02:36,004 - mylogger - DEBUG - 数据中无答案
2018-09-24 14:02:37,193 - mylogger - DEBUG - 在线检索答案：海水涨潮退潮
2018-09-24 14:02:37,194 - mylogger - INFO - 我的答案：海水涨潮退潮
2018-09-24 14:02:37,774 - mylogger - DEBUG - 选择选项
2018-09-24 14:02:40,266 - mylogger - INFO - 答案正确
2018-09-24 14:02:40,270 - mylogger - DEBUG - 更新答案
2018-09-24 14:02:47,342 - mylogger - INFO - 本题结束
2018-09-24 14:02:47,346 - mylogger - DEBUG - 获取题目
2018-09-24 14:02:49,131 - mylogger - INFO - 第 3 题
2018-09-24 14:02:49,434 - mylogger - INFO - 酗酒引起胃出血，表明酒精已经损害了?
2018-09-24 14:02:50,455 - mylogger - INFO - ['神经系统', '循环系统', '消化系统']
2018-09-24 14:02:50,470 - mylogger - DEBUG - 数据库中检索答案
2018-09-24 14:02:50,474 - mylogger - DEBUG - 数据中无答案
2018-09-24 14:02:52,633 - mylogger - DEBUG - 在线检索答案：神经系统
2018-09-24 14:02:52,634 - mylogger - INFO - 我的答案：神经系统
2018-09-24 14:02:53,314 - mylogger - DEBUG - 选择选项
2018-09-24 14:02:55,796 - mylogger - INFO - 答案错误
2018-09-24 14:02:56,091 - mylogger - INFO - 正确答案；消化系统
2018-09-24 14:02:56,095 - mylogger - DEBUG - 更新答案
2018-09-24 14:02:56,385 - mylogger - INFO - 本题结束
2018-09-24 14:02:56,396 - mylogger - DEBUG - 获取题目
2018-09-24 14:02:59,291 - mylogger - INFO - 第 4 题
2018-09-24 14:02:59,575 - mylogger - INFO - 下列坦克中，哪种是二战时期德国使用的主战坦克？
2018-09-24 14:03:00,417 - mylogger - INFO - ['KV-2坦克', '虎式坦克', '谢尔曼坦克']
2018-09-24 14:03:00,430 - mylogger - DEBUG - 数据库中检索答案
2018-09-24 14:03:00,436 - mylogger - INFO - 我的答案：虎式坦克
2018-09-24 14:03:01,087 - mylogger - DEBUG - 选择选项
2018-09-24 14:03:03,489 - mylogger - INFO - 答案正确
2018-09-24 14:03:03,502 - mylogger - DEBUG - 更新答案
2018-09-24 14:03:04,837 - mylogger - INFO - 本题结束
2018-09-24 14:03:04,841 - mylogger - DEBUG - 获取题目
2018-09-24 14:03:06,665 - mylogger - INFO - 第 5 题
2018-09-24 14:03:06,992 - mylogger - INFO - 金庸作品人物“郭襄”吃过以下哪种动物的奶？
2018-09-24 14:03:08,000 - mylogger - INFO - ['老虎', '豹子', '神雕']
2018-09-24 14:03:08,012 - mylogger - DEBUG - 数据库中检索答案
2018-09-24 14:03:08,020 - mylogger - INFO - 我的答案：豹子
2018-09-24 14:03:08,615 - mylogger - DEBUG - 选择选项
2018-09-24 14:03:11,003 - mylogger - INFO - 答案正确
2018-09-24 14:03:11,009 - mylogger - DEBUG - 更新答案
2018-09-24 14:03:12,564 - mylogger - INFO - 本题结束
2018-09-24 14:03:13,743 - mylogger - INFO - 本场比赛结束
2018-09-24 14:03:13,811 - mylogger - INFO - 返回游戏页面
2018-09-24 14:03:15,385 - mylogger - INFO - 进入排位赛
2018-09-24 14:03:15,389 - mylogger - INFO - 正在匹配中......
2018-09-24 14:03:38,461 - mylogger - INFO - 匹配成功
2018-09-24 14:03:38,465 - mylogger - DEBUG - 获取题目
2018-09-24 14:03:41,516 - mylogger - INFO - 第 1 题
2018-09-24 14:03:41,877 - mylogger - INFO - 下列选项中，谁是刘邦麾下最勇猛的武侯？
2018-09-24 14:03:42,798 - mylogger - INFO - ['蒯通', '樊哙', '张仓']
2018-09-24 14:03:42,814 - mylogger - DEBUG - 数据库中检索答案
2018-09-24 14:03:42,821 - mylogger - DEBUG - 数据中无答案
2018-09-24 14:03:43,561 - mylogger - DEBUG - 在线检索答案：樊哙
2018-09-24 14:03:43,562 - mylogger - INFO - 我的答案：樊哙
2018-09-24 14:03:44,133 - mylogger - DEBUG - 选择选项
2018-09-24 14:03:46,513 - mylogger - INFO - 答案正确
2018-09-24 14:03:46,516 - mylogger - DEBUG - 更新答案
2018-09-24 14:03:49,029 - mylogger - INFO - 本题结束
2018-09-24 14:03:49,034 - mylogger - DEBUG - 获取题目
2018-09-24 14:03:51,942 - mylogger - INFO - 第 2 题
2018-09-24 14:03:52,249 - mylogger - INFO - 下面不能发光的是
2018-09-24 14:03:53,137 - mylogger - INFO - ['太阳', '月亮', '萤火虫']
2018-09-24 14:03:53,151 - mylogger - DEBUG - 数据库中检索答案
2018-09-24 14:03:53,157 - mylogger - DEBUG - 数据中无答案
2018-09-24 14:03:53,583 - mylogger - DEBUG - 在线检索答案：月亮
2018-09-24 14:03:53,585 - mylogger - INFO - 我的答案：月亮
2018-09-24 14:03:54,143 - mylogger - DEBUG - 选择选项
2018-09-24 14:03:56,534 - mylogger - INFO - 答案正确
2018-09-24 14:03:56,538 - mylogger - DEBUG - 更新答案
2018-09-24 14:03:57,956 - mylogger - INFO - 本题结束
2018-09-24 14:03:57,977 - mylogger - DEBUG - 获取题目
2018-09-24 14:03:59,858 - mylogger - INFO - 第 3 题
2018-09-24 14:04:00,125 - mylogger - INFO - 一种艺术形式融合了文学、戏剧、舞蹈、绘画等艺术，请问这是?
2018-09-24 14:04:01,146 - mylogger - INFO - ['广播', '电视', '电影']
2018-09-24 14:04:01,166 - mylogger - DEBUG - 数据库中检索答案
2018-09-24 14:04:01,167 - mylogger - DEBUG - 数据中无答案
2018-09-24 14:04:02,903 - mylogger - DEBUG - 在线检索答案：电影
2018-09-24 14:04:02,904 - mylogger - INFO - 我的答案：电影
2018-09-24 14:04:03,534 - mylogger - DEBUG - 选择选项
2018-09-24 14:04:06,012 - mylogger - INFO - 答案正确
2018-09-24 14:04:06,018 - mylogger - DEBUG - 更新答案
2018-09-24 14:04:09,632 - mylogger - INFO - 本题结束
2018-09-24 14:04:09,638 - mylogger - DEBUG - 获取题目
2018-09-24 14:04:11,511 - mylogger - INFO - 第 4 题
2018-09-24 14:04:11,802 - mylogger - INFO - f(x)组合中，哪位成员是中国籍？
2018-09-24 14:04:12,780 - mylogger - INFO - ['宋茜', '崔雪莉', '郑秀晶']
2018-09-24 14:04:12,822 - mylogger - DEBUG - 数据库中检索答案
2018-09-24 14:04:12,834 - mylogger - DEBUG - 数据中无答案
2018-09-24 14:04:14,184 - mylogger - DEBUG - 在线检索答案：宋茜
2018-09-24 14:04:14,185 - mylogger - INFO - 我的答案：宋茜
2018-09-24 14:04:14,766 - mylogger - DEBUG - 选择选项
2018-09-24 14:04:17,234 - mylogger - INFO - 答案正确
2018-09-24 14:04:17,238 - mylogger - DEBUG - 更新答案
2018-09-24 14:04:19,706 - mylogger - INFO - 本题结束
2018-09-24 14:04:19,711 - mylogger - DEBUG - 获取题目
2018-09-24 14:04:22,669 - mylogger - INFO - 第 5 题
2018-09-24 14:04:22,923 - mylogger - INFO - 世界上最轻的树木，是以下哪种？
2018-09-24 14:04:23,892 - mylogger - INFO - ['榆木', '柳木', '轻木']
2018-09-24 14:04:23,915 - mylogger - DEBUG - 数据库中检索答案
2018-09-24 14:04:23,917 - mylogger - DEBUG - 数据中无答案
2018-09-24 14:04:25,127 - mylogger - DEBUG - 在线检索答案：轻木
2018-09-24 14:04:25,128 - mylogger - INFO - 我的答案：轻木
2018-09-24 14:04:25,759 - mylogger - DEBUG - 选择选项
2018-09-24 14:04:28,227 - mylogger - INFO - 答案正确
2018-09-24 14:04:28,231 - mylogger - DEBUG - 更新答案
2018-09-24 14:04:29,651 - mylogger - INFO - 本题结束
2018-09-24 14:04:30,790 - mylogger - INFO - 本场比赛结束
2018-09-24 14:04:30,847 - mylogger - INFO - 返回游戏页面
2018-09-24 14:04:32,488 - mylogger - INFO - 进入排位赛
2018-09-24 14:04:32,491 - mylogger - INFO - 正在匹配中......
2018-09-24 14:04:41,820 - mylogger - INFO - 匹配成功
2018-09-24 14:04:41,826 - mylogger - DEBUG - 获取题目
2018-09-24 14:04:44,937 - mylogger - INFO - 第 1 题
2018-09-24 14:04:45,312 - mylogger - INFO - 1×2×3×4×5＝？
2018-09-24 14:04:46,331 - mylogger - INFO - ['120', '125', '100']
2018-09-24 14:04:46,342 - mylogger - DEBUG - 数据库中检索答案
2018-09-24 14:04:46,352 - mylogger - DEBUG - 数据中无答案
2018-09-24 14:04:48,470 - mylogger - DEBUG - 在线检索答案：
2018-09-24 14:04:48,471 - mylogger - INFO - 我的答案：120
2018-09-24 14:04:49,064 - mylogger - DEBUG - 选择选项
2018-09-24 14:04:51,570 - mylogger - INFO - 答案正确
2018-09-24 14:04:51,576 - mylogger - DEBUG - 更新答案
2018-09-24 14:04:55,184 - mylogger - INFO - 本题结束
2018-09-24 14:04:55,190 - mylogger - DEBUG - 获取题目
2018-09-24 14:04:57,136 - mylogger - INFO - 第 2 题
2018-09-24 14:04:57,496 - mylogger - INFO - 俄军装备“BTR-90式装甲输送车”的绰号叫什么？
2018-09-24 14:04:58,436 - mylogger - INFO - ['罗斯炮克', '罗斯托克', '罗斯克']
2018-09-24 14:04:58,449 - mylogger - DEBUG - 数据库中检索答案
2018-09-24 14:04:58,459 - mylogger - DEBUG - 数据中无答案
2018-09-24 14:04:59,331 - mylogger - DEBUG - 在线检索答案：罗斯托克
2018-09-24 14:04:59,333 - mylogger - INFO - 我的答案：罗斯托克
2018-09-24 14:05:00,037 - mylogger - DEBUG - 选择选项
2018-09-24 14:05:02,407 - mylogger - INFO - 答案正确
2018-09-24 14:05:02,411 - mylogger - DEBUG - 更新答案
2018-09-24 14:05:08,357 - mylogger - INFO - 本题结束
2018-09-24 14:05:08,364 - mylogger - DEBUG - 获取题目
2018-09-24 14:05:10,290 - mylogger - INFO - 第 3 题
2018-09-24 14:05:10,629 - mylogger - INFO - 《云去云来》是哪位著名女演员在60岁时所写的散文集？
2018-09-24 14:05:11,614 - mylogger - INFO - ['林青霞', '钟楚红', '张曼玉']
2018-09-24 14:05:11,632 - mylogger - DEBUG - 数据库中检索答案
2018-09-24 14:05:11,639 - mylogger - DEBUG - 数据中无答案
2018-09-24 14:05:12,859 - mylogger - DEBUG - 在线检索答案：林青霞
2018-09-24 14:05:12,860 - mylogger - INFO - 我的答案：林青霞
2018-09-24 14:05:13,479 - mylogger - DEBUG - 选择选项
2018-09-24 14:05:15,923 - mylogger - INFO - 答案正确
2018-09-24 14:05:15,927 - mylogger - DEBUG - 更新答案
2018-09-24 14:05:19,610 - mylogger - INFO - 本题结束
2018-09-24 14:05:19,616 - mylogger - DEBUG - 获取题目
2018-09-24 14:05:24,914 - mylogger - INFO - 第 4 题
2018-09-24 14:05:25,238 - mylogger - INFO - 以下哪个时装周不属于四大时装周？
2018-09-24 14:05:26,154 - mylogger - INFO - ['巴黎时装周', '东京时装周', '伦敦时装周']
2018-09-24 14:05:26,177 - mylogger - DEBUG - 数据库中检索答案
2018-09-24 14:05:26,179 - mylogger - DEBUG - 数据中无答案
2018-09-24 14:05:27,531 - mylogger - DEBUG - 在线检索答案：东京时装周
2018-09-24 14:05:27,532 - mylogger - INFO - 我的答案：东京时装周
2018-09-24 14:05:28,128 - mylogger - DEBUG - 选择选项
2018-09-24 14:05:30,553 - mylogger - INFO - 答案正确
2018-09-24 14:05:30,557 - mylogger - DEBUG - 更新答案
2018-09-24 14:05:31,970 - mylogger - INFO - 本题结束
2018-09-24 14:05:31,975 - mylogger - DEBUG - 获取题目
2018-09-24 14:05:33,795 - mylogger - INFO - 第 5 题
2018-09-24 14:05:34,087 - mylogger - INFO - “不但……而且……”是哪种复句的关联词？
2018-09-24 14:05:35,079 - mylogger - INFO - ['承接复句', '转折复句', '递进复句']
2018-09-24 14:05:35,096 - mylogger - DEBUG - 数据库中检索答案
2018-09-24 14:05:35,103 - mylogger - DEBUG - 数据中无答案
2018-09-24 14:05:36,405 - mylogger - DEBUG - 在线检索答案：承接复句
2018-09-24 14:05:36,406 - mylogger - INFO - 我的答案：承接复句
2018-09-24 14:05:37,036 - mylogger - DEBUG - 选择选项
2018-09-24 14:05:39,580 - mylogger - INFO - 答案错误
2018-09-24 14:05:39,817 - mylogger - INFO - 正确答案；递进复句
2018-09-24 14:05:39,821 - mylogger - DEBUG - 更新答案
2018-09-24 14:05:42,283 - mylogger - INFO - 本题结束
2018-09-24 14:05:43,414 - mylogger - INFO - 本场比赛结束
2018-09-24 14:05:43,468 - mylogger - INFO - 返回游戏页面
2018-09-24 14:05:45,042 - mylogger - INFO - 进入排位赛
2018-09-24 14:05:45,047 - mylogger - INFO - 正在匹配中......
2018-09-24 14:05:56,772 - mylogger - INFO - 匹配成功
2018-09-24 14:05:56,786 - mylogger - DEBUG - 获取题目
2018-09-24 14:05:59,959 - mylogger - INFO - 第 1 题
2018-09-24 14:06:00,202 - mylogger - INFO - 喜马拉雅山位于哪个大州？
2018-09-24 14:06:01,082 - mylogger - INFO - ['美洲', '亚洲', '非洲']
2018-09-24 14:06:01,098 - mylogger - DEBUG - 数据库中检索答案
2018-09-24 14:06:01,106 - mylogger - DEBUG - 数据中无答案
2018-09-24 14:06:01,911 - mylogger - DEBUG - 在线检索答案：亚洲
2018-09-24 14:06:01,912 - mylogger - INFO - 我的答案：亚洲
2018-09-24 14:06:02,544 - mylogger - DEBUG - 选择选项
2018-09-24 14:06:04,957 - mylogger - INFO - 答案正确
2018-09-24 14:06:04,963 - mylogger - DEBUG - 更新答案
2018-09-24 14:06:06,474 - mylogger - INFO - 本题结束
2018-09-24 14:06:06,479 - mylogger - DEBUG - 获取题目
2018-09-24 14:06:09,558 - mylogger - INFO - 第 2 题
2018-09-24 14:06:09,900 - mylogger - INFO - 在童话故事里，“水晶鞋”的主人是谁？
2018-09-24 14:06:10,860 - mylogger - INFO - ['灰姑娘', '美人鱼', '白雪公主']
2018-09-24 14:06:10,877 - mylogger - DEBUG - 数据库中检索答案
2018-09-24 14:06:10,879 - mylogger - DEBUG - 数据中无答案
2018-09-24 14:06:12,245 - mylogger - DEBUG - 在线检索答案：灰姑娘
2018-09-24 14:06:12,247 - mylogger - INFO - 我的答案：灰姑娘
2018-09-24 14:06:12,846 - mylogger - DEBUG - 选择选项
2018-09-24 14:06:15,279 - mylogger - INFO - 答案正确
2018-09-24 14:06:15,283 - mylogger - DEBUG - 更新答案
2018-09-24 14:06:16,688 - mylogger - INFO - 本题结束
2018-09-24 14:06:16,693 - mylogger - DEBUG - 获取题目
2018-09-24 14:06:18,572 - mylogger - INFO - 第 3 题
2018-09-24 14:06:18,990 - mylogger - INFO - 除夕守岁数钟声（打一商业用语）
2018-09-24 14:06:19,864 - mylogger - INFO - ['年终盘点', '市场推广', '存货管理']
2018-09-24 14:06:19,882 - mylogger - DEBUG - 数据库中检索答案
2018-09-24 14:06:19,884 - mylogger - DEBUG - 数据中无答案
2018-09-24 14:06:21,692 - mylogger - DEBUG - 在线检索答案：年终盘点
2018-09-24 14:06:21,694 - mylogger - INFO - 我的答案：年终盘点
2018-09-24 14:06:22,421 - mylogger - DEBUG - 选择选项
2018-09-24 14:06:24,874 - mylogger - INFO - 答案正确
2018-09-24 14:06:24,879 - mylogger - DEBUG - 更新答案
2018-09-24 14:06:26,200 - mylogger - INFO - 本题结束
2018-09-24 14:06:26,203 - mylogger - DEBUG - 获取题目
2018-09-24 14:06:27,998 - mylogger - INFO - 第 4 题
2018-09-24 14:06:28,344 - mylogger - INFO - 当代奇幻小说《冰与火之歌》是哪位美国作家的作品？
2018-09-24 14:06:29,283 - mylogger - INFO - ['乔治·马丁', '惠特曼', '杰克·伦敦']
2018-09-24 14:06:29,333 - mylogger - DEBUG - 数据库中检索答案
2018-09-24 14:06:29,334 - mylogger - DEBUG - 数据中无答案
2018-09-24 14:06:30,582 - mylogger - DEBUG - 在线检索答案：
2018-09-24 14:06:30,584 - mylogger - INFO - 我的答案：乔治·马丁
2018-09-24 14:06:31,219 - mylogger - DEBUG - 选择选项
2018-09-24 14:06:33,614 - mylogger - INFO - 答案正确
2018-09-24 14:06:33,620 - mylogger - DEBUG - 更新答案
2018-09-24 14:06:36,145 - mylogger - INFO - 本题结束
2018-09-24 14:06:36,153 - mylogger - DEBUG - 获取题目
2018-09-24 14:06:37,908 - mylogger - INFO - 第 5 题
2018-09-24 14:06:38,187 - mylogger - INFO - 在射击游戏《荒野行动》中，没有以下哪个交通工具？
2018-09-24 14:06:39,183 - mylogger - INFO - ['缆车', '高铁', '直升飞机']
2018-09-24 14:06:39,198 - mylogger - DEBUG - 数据库中检索答案
2018-09-24 14:06:39,204 - mylogger - DEBUG - 数据中无答案
2018-09-24 14:06:39,995 - mylogger - DEBUG - 在线检索答案：
2018-09-24 14:06:39,996 - mylogger - INFO - 我的答案：缆车
2018-09-24 14:06:40,753 - mylogger - DEBUG - 选择选项
2018-09-24 14:06:43,202 - mylogger - INFO - 答案错误
2018-09-24 14:06:43,324 - mylogger - INFO - 正确答案；高铁
2018-09-24 14:06:43,337 - mylogger - DEBUG - 更新答案
2018-09-24 14:06:47,038 - mylogger - INFO - 本题结束
2018-09-24 14:06:48,170 - mylogger - INFO - 本场比赛结束
2018-09-24 14:06:48,229 - mylogger - INFO - 返回游戏页面
2018-09-24 14:06:49,769 - mylogger - INFO - 进入排位赛
2018-09-24 14:06:49,773 - mylogger - INFO - 正在匹配中......
2018-09-24 14:06:58,063 - mylogger - INFO - 匹配成功
2018-09-24 14:06:58,070 - mylogger - DEBUG - 获取题目
2018-09-24 14:07:01,022 - mylogger - INFO - 第 1 题
2018-09-24 14:07:01,358 - mylogger - INFO - 救白雪公主的小矮人一共有几个？
2018-09-24 14:07:02,318 - mylogger - INFO - ['七个', '五个', '两个']
2018-09-24 14:07:02,344 - mylogger - DEBUG - 数据库中检索答案
2018-09-24 14:07:02,347 - mylogger - DEBUG - 数据中无答案
2018-09-24 14:07:03,177 - mylogger - DEBUG - 在线检索答案：七个
2018-09-24 14:07:03,178 - mylogger - INFO - 我的答案：七个
2018-09-24 14:07:03,810 - mylogger - DEBUG - 选择选项
2018-09-24 14:07:06,229 - mylogger - INFO - 答案正确
2018-09-24 14:07:06,236 - mylogger - DEBUG - 更新答案
2018-09-24 14:07:07,648 - mylogger - INFO - 本题结束
2018-09-24 14:07:07,654 - mylogger - DEBUG - 获取题目
2018-09-24 14:07:09,466 - mylogger - INFO - 第 2 题
2018-09-24 14:07:09,800 - mylogger - INFO - 别名有“医生”、“E神”的是哪位男歌手？
2018-09-24 14:07:10,655 - mylogger - INFO - ['陈奕迅', '冯德伦', '林宥嘉']
2018-09-24 14:07:10,667 - mylogger - DEBUG - 数据库中检索答案
2018-09-24 14:07:10,674 - mylogger - DEBUG - 数据中无答案
2018-09-24 14:07:11,851 - mylogger - DEBUG - 在线检索答案：陈奕迅
2018-09-24 14:07:11,852 - mylogger - INFO - 我的答案：陈奕迅
2018-09-24 14:07:12,483 - mylogger - DEBUG - 选择选项
2018-09-24 14:07:14,908 - mylogger - INFO - 答案正确
2018-09-24 14:07:14,912 - mylogger - DEBUG - 更新答案
2018-09-24 14:07:23,108 - mylogger - INFO - 本题结束
2018-09-24 14:07:23,115 - mylogger - DEBUG - 获取题目
2018-09-24 14:07:24,979 - mylogger - INFO - 第 3 题
2018-09-24 14:07:25,290 - mylogger - INFO - “梅开二度”最初是什么意思？
2018-09-24 14:07:26,244 - mylogger - INFO - ['男女再度欢好', '同一件事成功地做到两次', '表示冬天才有梅花开']
2018-09-24 14:07:26,263 - mylogger - DEBUG - 数据库中检索答案
2018-09-24 14:07:26,270 - mylogger - DEBUG - 数据中无答案
2018-09-24 14:07:27,197 - mylogger - DEBUG - 在线检索答案：同一件事成功地做到两次
2018-09-24 14:07:27,200 - mylogger - INFO - 我的答案：同一件事成功地做到两次
2018-09-24 14:07:27,855 - mylogger - DEBUG - 选择选项
2018-09-24 14:07:30,197 - mylogger - INFO - 答案正确
2018-09-24 14:07:30,202 - mylogger - DEBUG - 更新答案
2018-09-24 14:07:31,519 - mylogger - INFO - 本题结束
2018-09-24 14:07:31,525 - mylogger - DEBUG - 获取题目
2018-09-24 14:07:34,559 - mylogger - INFO - 第 4 题
2018-09-24 14:07:34,863 - mylogger - INFO - “威驰”属于下列哪种车型？
2018-09-24 14:07:35,955 - mylogger - INFO - ['微卡', '大型车', '小型车']
2018-09-24 14:07:35,979 - mylogger - DEBUG - 数据库中检索答案
2018-09-24 14:07:35,985 - mylogger - DEBUG - 数据中无答案
2018-09-24 14:07:36,838 - mylogger - DEBUG - 在线检索答案：小型车
2018-09-24 14:07:36,840 - mylogger - INFO - 我的答案：小型车
2018-09-24 14:07:37,435 - mylogger - DEBUG - 选择选项
2018-09-24 14:07:39,847 - mylogger - INFO - 答案正确
2018-09-24 14:07:39,851 - mylogger - DEBUG - 更新答案
2018-09-24 14:07:41,306 - mylogger - INFO - 本题结束
2018-09-24 14:07:41,312 - mylogger - DEBUG - 获取题目
2018-09-24 14:07:43,174 - mylogger - INFO - 第 5 题
2018-09-24 14:07:43,415 - mylogger - INFO - 以下哪一个选项是建筑师雅克·赫尔佐格的代表作？
2018-09-24 14:07:44,339 - mylogger - INFO - ['德国慕尼黑安联足球场', '德国议会穹隆', '沙立克健康研究大楼']
2018-09-24 14:07:44,360 - mylogger - DEBUG - 数据库中检索答案
2018-09-24 14:07:44,371 - mylogger - DEBUG - 数据中无答案
2018-09-24 14:07:45,063 - mylogger - DEBUG - 在线检索答案：德国慕尼黑安联足球场
2018-09-24 14:07:45,064 - mylogger - INFO - 我的答案：德国慕尼黑安联足球场
2018-09-24 14:07:45,740 - mylogger - DEBUG - 选择选项
2018-09-24 14:07:48,103 - mylogger - INFO - 答案正确
2018-09-24 14:07:48,110 - mylogger - DEBUG - 更新答案
2018-09-24 14:07:49,510 - mylogger - INFO - 本题结束
2018-09-24 14:07:50,646 - mylogger - INFO - 本场比赛结束
2018-09-24 14:07:50,766 - mylogger - INFO - 返回游戏页面
2018-09-24 14:07:52,319 - mylogger - INFO - 进入排位赛
2018-09-24 14:07:52,331 - mylogger - INFO - 正在匹配中......
2018-09-24 14:07:58,340 - mylogger - INFO - 匹配成功
2018-09-24 14:07:58,344 - mylogger - DEBUG - 获取题目
2018-09-24 14:08:01,391 - mylogger - INFO - 第 1 题
2018-09-24 14:08:01,732 - mylogger - INFO - “全聚德”是北京一家什么店的字号？
2018-09-24 14:08:02,759 - mylogger - INFO - ['烤鸭店', '烤鸡店', '烤鹅店']
2018-09-24 14:08:02,781 - mylogger - DEBUG - 数据库中检索答案
2018-09-24 14:08:02,785 - mylogger - DEBUG - 数据中无答案
2018-09-24 14:08:03,569 - mylogger - DEBUG - 在线检索答案：烤鸭店
2018-09-24 14:08:03,570 - mylogger - INFO - 我的答案：烤鸭店
2018-09-24 14:08:04,244 - mylogger - DEBUG - 选择选项
2018-09-24 14:08:06,633 - mylogger - INFO - 答案正确
2018-09-24 14:08:06,638 - mylogger - DEBUG - 更新答案
2018-09-24 14:08:08,096 - mylogger - INFO - 本题结束
2018-09-24 14:08:08,102 - mylogger - DEBUG - 获取题目
2018-09-24 14:08:09,986 - mylogger - INFO - 第 2 题
2018-09-24 14:08:10,332 - mylogger - INFO - 以下哪种说法不属于肥胖的类型？
2018-09-24 14:08:11,248 - mylogger - INFO - ['执着型肥胖', '单纯性肥胖', '脂质型肥胖']
2018-09-24 14:08:11,262 - mylogger - DEBUG - 数据库中检索答案
2018-09-24 14:08:11,272 - mylogger - DEBUG - 数据中无答案
2018-09-24 14:08:12,168 - mylogger - DEBUG - 在线检索答案：执着型肥胖
2018-09-24 14:08:12,171 - mylogger - INFO - 我的答案：执着型肥胖
2018-09-24 14:08:12,775 - mylogger - DEBUG - 选择选项
2018-09-24 14:08:15,204 - mylogger - INFO - 答案正确
2018-09-24 14:08:15,208 - mylogger - DEBUG - 更新答案
2018-09-24 14:08:18,893 - mylogger - INFO - 本题结束
2018-09-24 14:08:18,907 - mylogger - DEBUG - 获取题目
2018-09-24 14:08:20,673 - mylogger - INFO - 第 3 题
2018-09-24 14:08:20,965 - mylogger - INFO - 网友们常调侃哪个亚洲国家的电视剧有“三宝”：车祸、绝症、治不好？
2018-09-24 14:08:21,793 - mylogger - INFO - ['中国', '韩国', '日本']
2018-09-24 14:08:21,808 - mylogger - DEBUG - 数据库中检索答案
2018-09-24 14:08:21,812 - mylogger - DEBUG - 数据中无答案
2018-09-24 14:08:23,542 - mylogger - DEBUG - 在线检索答案：日本
2018-09-24 14:08:23,543 - mylogger - INFO - 我的答案：日本
2018-09-24 14:08:24,114 - mylogger - DEBUG - 选择选项
2018-09-24 14:08:26,668 - mylogger - INFO - 答案错误
2018-09-24 14:08:26,893 - mylogger - INFO - 正确答案；韩国
2018-09-24 14:08:26,897 - mylogger - DEBUG - 更新答案
2018-09-24 14:08:32,870 - mylogger - INFO - 本题结束
2018-09-24 14:08:32,875 - mylogger - DEBUG - 获取题目
2018-09-24 14:08:35,806 - mylogger - INFO - 第 4 题
2018-09-24 14:08:36,164 - mylogger - INFO - 新春伊始大团圆（打一字）
2018-09-24 14:08:37,069 - mylogger - INFO - ['茶', '众', '庆']
2018-09-24 14:08:37,083 - mylogger - DEBUG - 数据库中检索答案
2018-09-24 14:08:37,093 - mylogger - DEBUG - 数据中无答案
2018-09-24 14:08:37,978 - mylogger - DEBUG - 在线检索答案：庆
2018-09-24 14:08:37,981 - mylogger - INFO - 我的答案：庆
2018-09-24 14:08:38,561 - mylogger - DEBUG - 选择选项
2018-09-24 14:08:41,058 - mylogger - INFO - 答案正确
2018-09-24 14:08:41,062 - mylogger - DEBUG - 更新答案
2018-09-24 14:08:44,754 - mylogger - INFO - 本题结束
2018-09-24 14:08:44,758 - mylogger - DEBUG - 获取题目
2018-09-24 14:08:47,697 - mylogger - INFO - 第 5 题
2018-09-24 14:08:47,999 - mylogger - INFO - 商品的替代性与该商品的需求价格弹性成：
2018-09-24 14:08:48,899 - mylogger - INFO - ['反比例', '不成比例', '正比例']
2018-09-24 14:08:48,915 - mylogger - DEBUG - 数据库中检索答案
2018-09-24 14:08:48,923 - mylogger - DEBUG - 数据中无答案
2018-09-24 14:08:51,278 - mylogger - DEBUG - 在线检索答案：正比例
2018-09-24 14:08:51,279 - mylogger - INFO - 我的答案：正比例
2018-09-24 14:08:51,859 - mylogger - DEBUG - 选择选项
2018-09-24 14:08:54,299 - mylogger - INFO - 答案正确
2018-09-24 14:08:54,305 - mylogger - DEBUG - 更新答案
2018-09-24 14:08:55,726 - mylogger - INFO - 本题结束
2018-09-24 14:08:56,863 - mylogger - INFO - 本场比赛结束
2018-09-24 14:08:56,921 - mylogger - INFO - 返回游戏页面
2018-09-24 14:08:58,484 - mylogger - INFO - 进入排位赛
2018-09-24 14:08:58,489 - mylogger - INFO - 正在匹配中......
2018-09-24 14:09:07,866 - mylogger - INFO - 匹配成功
2018-09-24 14:09:07,871 - mylogger - DEBUG - 获取题目
2018-09-24 14:09:10,904 - mylogger - INFO - 第 1 题
2018-09-24 14:09:11,207 - mylogger - INFO - 与成语“初出茅庐”有关的历史人物是？
2018-09-24 14:09:12,099 - mylogger - INFO - ['诸葛亮', '刘禅\xa0', '项羽\xa0']
2018-09-24 14:09:12,131 - mylogger - DEBUG - 数据库中检索答案
2018-09-24 14:09:12,137 - mylogger - DEBUG - 数据中无答案
2018-09-24 14:09:12,588 - mylogger - DEBUG - 在线检索答案：诸葛亮
2018-09-24 14:09:12,589 - mylogger - INFO - 我的答案：诸葛亮
2018-09-24 14:09:13,189 - mylogger - DEBUG - 选择选项
2018-09-24 14:09:15,631 - mylogger - INFO - 答案正确
2018-09-24 14:09:15,637 - mylogger - DEBUG - 更新答案
2018-09-24 14:09:16,983 - mylogger - INFO - 本题结束
2018-09-24 14:09:16,987 - mylogger - DEBUG - 获取题目
2018-09-24 14:09:18,799 - mylogger - INFO - 第 2 题
2018-09-24 14:09:19,110 - mylogger - INFO - 以下哪项不是“国际盲人节”的别称？
2018-09-24 14:09:20,029 - mylogger - INFO - ['盲人节', '白手杖节', '爱眼日']
2018-09-24 14:09:20,041 - mylogger - DEBUG - 数据库中检索答案
2018-09-24 14:09:20,047 - mylogger - DEBUG - 数据中无答案
2018-09-24 14:09:20,796 - mylogger - DEBUG - 在线检索答案：爱眼日
2018-09-24 14:09:20,798 - mylogger - INFO - 我的答案：爱眼日
2018-09-24 14:09:21,400 - mylogger - DEBUG - 选择选项
2018-09-24 14:09:23,746 - mylogger - INFO - 答案正确
2018-09-24 14:09:23,758 - mylogger - DEBUG - 更新答案
2018-09-24 14:09:26,211 - mylogger - INFO - 本题结束
2018-09-24 14:09:26,217 - mylogger - DEBUG - 获取题目
2018-09-24 14:09:29,255 - mylogger - INFO - 第 3 题
2018-09-24 14:09:29,591 - mylogger - INFO - 以下哪个动画主角是有妹妹的？
2018-09-24 14:09:30,466 - mylogger - INFO - ['阿宝', '野原新之助', '花木兰']
2018-09-24 14:09:30,478 - mylogger - DEBUG - 数据库中检索答案
2018-09-24 14:09:30,485 - mylogger - DEBUG - 数据中无答案
2018-09-24 14:09:31,319 - mylogger - DEBUG - 在线检索答案：
2018-09-24 14:09:31,320 - mylogger - INFO - 我的答案：阿宝
2018-09-24 14:09:31,936 - mylogger - DEBUG - 选择选项
2018-09-24 14:09:34,383 - mylogger - INFO - 答案错误
2018-09-24 14:09:34,536 - mylogger - INFO - 正确答案；野原新之助
2018-09-24 14:09:34,540 - mylogger - DEBUG - 更新答案
2018-09-24 14:09:38,200 - mylogger - INFO - 本题结束
2018-09-24 14:09:38,207 - mylogger - DEBUG - 获取题目
2018-09-24 14:09:40,115 - mylogger - INFO - 第 4 题
2018-09-24 14:09:40,476 - mylogger - INFO - 茅盾《蚀》三部曲的第一部是什么？
2018-09-24 14:09:41,483 - mylogger - INFO - ['《幻灭》', '《动摇》', '《追求》']
2018-09-24 14:09:41,499 - mylogger - DEBUG - 数据库中检索答案
2018-09-24 14:09:41,503 - mylogger - DEBUG - 数据中无答案
2018-09-24 14:09:42,802 - mylogger - DEBUG - 在线检索答案：《幻灭》
2018-09-24 14:09:42,803 - mylogger - INFO - 我的答案：《幻灭》
2018-09-24 14:09:43,476 - mylogger - DEBUG - 选择选项
2018-09-24 14:09:45,866 - mylogger - INFO - 答案正确
2018-09-24 14:09:45,871 - mylogger - DEBUG - 更新答案
2018-09-24 14:09:49,503 - mylogger - INFO - 本题结束
2018-09-24 14:09:49,509 - mylogger - DEBUG - 获取题目
2018-09-24 14:09:51,306 - mylogger - INFO - 第 5 题
2018-09-24 14:09:51,671 - mylogger - INFO - 哆拉A梦被老鼠机器人咬掉了什么地方？
2018-09-24 14:09:52,684 - mylogger - INFO - ['铃铛', '胡子', '耳朵']
2018-09-24 14:09:52,707 - mylogger - DEBUG - 数据库中检索答案
2018-09-24 14:09:52,709 - mylogger - DEBUG - 数据中无答案
2018-09-24 14:09:53,658 - mylogger - DEBUG - 在线检索答案：耳朵
2018-09-24 14:09:53,659 - mylogger - INFO - 我的答案：耳朵
2018-09-24 14:09:54,244 - mylogger - DEBUG - 选择选项
2018-09-24 14:09:56,633 - mylogger - INFO - 答案正确
2018-09-24 14:09:56,637 - mylogger - DEBUG - 更新答案
2018-09-24 14:09:58,094 - mylogger - INFO - 本题结束
2018-09-24 14:09:59,228 - mylogger - INFO - 本场比赛结束
2018-09-24 14:09:59,279 - mylogger - INFO - 返回游戏页面
2018-09-24 14:10:00,833 - mylogger - INFO - 进入排位赛
2018-09-24 14:10:00,839 - mylogger - INFO - 正在匹配中......
2018-09-24 14:10:12,530 - mylogger - INFO - 匹配成功
2018-09-24 14:10:12,533 - mylogger - DEBUG - 获取题目
2018-09-24 14:10:15,635 - mylogger - INFO - 第 1 题
2018-09-24 14:10:16,001 - mylogger - INFO - 全球哪家手机厂商的手机曾因屡发爆炸事件被禁止带上飞机？
2018-09-24 14:10:16,935 - mylogger - INFO - ['华为', '三星', '苹果']
2018-09-24 14:10:16,956 - mylogger - DEBUG - 数据库中检索答案
2018-09-24 14:10:16,957 - mylogger - INFO - 我的答案：三星
2018-09-24 14:10:17,514 - mylogger - DEBUG - 选择选项
2018-09-24 14:10:19,884 - mylogger - INFO - 答案正确
2018-09-24 14:10:19,887 - mylogger - DEBUG - 更新答案
2018-09-24 14:10:23,598 - mylogger - INFO - 本题结束
2018-09-24 14:10:23,603 - mylogger - DEBUG - 获取题目
2018-09-24 14:10:25,394 - mylogger - INFO - 第 2 题
2018-09-24 14:10:25,658 - mylogger - INFO - 当地球、月球、太阳位于一条直线时将会发生什么现象？
2018-09-24 14:10:26,534 - mylogger - INFO - ['月食', '月食或日食', '日食']
2018-09-24 14:10:26,545 - mylogger - DEBUG - 数据库中检索答案
2018-09-24 14:10:26,558 - mylogger - DEBUG - 数据中无答案
2018-09-24 14:10:27,849 - mylogger - DEBUG - 在线检索答案：月食
2018-09-24 14:10:27,851 - mylogger - INFO - 我的答案：月食
2018-09-24 14:10:28,430 - mylogger - DEBUG - 选择选项
2018-09-24 14:10:30,872 - mylogger - INFO - 答案错误
2018-09-24 14:10:31,011 - mylogger - INFO - 正确答案；月食或日食
2018-09-24 14:10:31,024 - mylogger - DEBUG - 更新答案
2018-09-24 14:10:34,687 - mylogger - INFO - 本题结束
2018-09-24 14:10:34,713 - mylogger - DEBUG - 获取题目
2018-09-24 14:10:36,446 - mylogger - INFO - 第 3 题
2018-09-24 14:10:36,786 - mylogger - INFO - “商女不知亡国恨，隔江犹唱后庭花”中，“商女”指的是？
2018-09-24 14:10:37,791 - mylogger - INFO - ['宫女', '浣纱的女子', '歌女']
2018-09-24 14:10:37,810 - mylogger - DEBUG - 数据库中检索答案
2018-09-24 14:10:37,818 - mylogger - DEBUG - 数据中无答案
2018-09-24 14:10:38,724 - mylogger - DEBUG - 在线检索答案：宫女
2018-09-24 14:10:38,726 - mylogger - INFO - 我的答案：宫女
2018-09-24 14:10:39,390 - mylogger - DEBUG - 选择选项
2018-09-24 14:10:41,795 - mylogger - INFO - 答案错误
2018-09-24 14:10:42,017 - mylogger - INFO - 正确答案；歌女
2018-09-24 14:10:42,032 - mylogger - DEBUG - 更新答案
2018-09-24 14:10:46,786 - mylogger - INFO - 本题结束
2018-09-24 14:10:46,790 - mylogger - DEBUG - 获取题目
2018-09-24 14:10:49,894 - mylogger - INFO - 第 4 题
2018-09-24 14:10:50,191 - mylogger - INFO - 在微博上自称“火华社长”的是哪位内地著名男明星？
2018-09-24 14:10:51,060 - mylogger - INFO - ['刘烨', '马德华', '徐锦江']
2018-09-24 14:10:51,076 - mylogger - DEBUG - 数据库中检索答案
2018-09-24 14:10:51,081 - mylogger - DEBUG - 数据中无答案
2018-09-24 14:10:52,322 - mylogger - DEBUG - 在线检索答案：刘烨
2018-09-24 14:10:52,323 - mylogger - INFO - 我的答案：刘烨
2018-09-24 14:10:52,932 - mylogger - DEBUG - 选择选项
2018-09-24 14:10:55,337 - mylogger - INFO - 答案正确
2018-09-24 14:10:55,341 - mylogger - DEBUG - 更新答案
2018-09-24 14:10:59,051 - mylogger - INFO - 本题结束
2018-09-24 14:10:59,058 - mylogger - DEBUG - 获取题目
2018-09-24 14:11:00,796 - mylogger - INFO - 第 5 题
2018-09-24 14:11:01,044 - mylogger - INFO - 著名F1车手莱科宁来自哪个国家？
2018-09-24 14:11:02,052 - mylogger - INFO - ['芬兰', '意大利', '加拿大']
2018-09-24 14:11:02,068 - mylogger - DEBUG - 数据库中检索答案
2018-09-24 14:11:02,073 - mylogger - DEBUG - 数据中无答案
2018-09-24 14:11:02,999 - mylogger - DEBUG - 在线检索答案：芬兰
2018-09-24 14:11:03,000 - mylogger - INFO - 我的答案：芬兰
2018-09-24 14:11:03,601 - mylogger - DEBUG - 选择选项
2018-09-24 14:11:06,050 - mylogger - INFO - 答案正确
2018-09-24 14:11:06,054 - mylogger - DEBUG - 更新答案
2018-09-24 14:11:07,543 - mylogger - INFO - 本题结束
2018-09-24 14:11:08,703 - mylogger - INFO - 本场比赛结束
2018-09-24 14:11:08,758 - mylogger - INFO - 返回游戏页面
2018-09-24 14:11:10,320 - mylogger - INFO - 进入排位赛
2018-09-24 14:11:10,324 - mylogger - INFO - 正在匹配中......
2018-09-24 14:11:11,802 - mylogger - INFO - 匹配成功
2018-09-24 14:11:11,806 - mylogger - DEBUG - 获取题目
2018-09-24 14:11:14,951 - mylogger - INFO - 第 1 题
2018-09-24 14:11:15,239 - mylogger - INFO - 下列动画，哪一部属于国产美术片？
2018-09-24 14:11:16,203 - mylogger - INFO - ['《大闹天宫》', '《樱桃小丸子》', '《猫和老鼠》']
2018-09-24 14:11:16,219 - mylogger - DEBUG - 数据库中检索答案
2018-09-24 14:11:16,229 - mylogger - DEBUG - 数据中无答案
2018-09-24 14:11:17,847 - mylogger - DEBUG - 在线检索答案：《大闹天宫》
2018-09-24 14:11:17,848 - mylogger - INFO - 我的答案：《大闹天宫》
2018-09-24 14:11:18,456 - mylogger - DEBUG - 选择选项
2018-09-24 14:11:20,879 - mylogger - INFO - 答案正确
2018-09-24 14:11:20,893 - mylogger - DEBUG - 更新答案
2018-09-24 14:11:22,306 - mylogger - INFO - 本题结束
2018-09-24 14:11:22,311 - mylogger - DEBUG - 获取题目
2018-09-24 14:11:24,116 - mylogger - INFO - 第 2 题
2018-09-24 14:11:24,380 - mylogger - INFO - 古装电视剧《兰陵王》是林依晨、陈晓东和谁主演的？
2018-09-24 14:11:25,392 - mylogger - INFO - ['李易峰', '胡宇崴', '冯绍峰']
2018-09-24 14:11:25,440 - mylogger - DEBUG - 数据库中检索答案
2018-09-24 14:11:25,450 - mylogger - DEBUG - 数据中无答案
2018-09-24 14:11:25,816 - mylogger - DEBUG - 在线检索答案：冯绍峰
2018-09-24 14:11:25,816 - mylogger - INFO - 我的答案：冯绍峰
2018-09-24 14:11:26,479 - mylogger - DEBUG - 选择选项
2018-09-24 14:11:28,966 - mylogger - INFO - 答案正确
2018-09-24 14:11:28,970 - mylogger - DEBUG - 更新答案
2018-09-24 14:11:32,655 - mylogger - INFO - 本题结束
2018-09-24 14:11:32,661 - mylogger - DEBUG - 获取题目
2018-09-24 14:11:34,553 - mylogger - INFO - 第 3 题
2018-09-24 14:11:34,924 - mylogger - INFO - 西方节日“愚人节”还被称为什么？
2018-09-24 14:11:35,906 - mylogger - INFO - ['幽默节', '大笑节', '搞笑节']
2018-09-24 14:11:35,923 - mylogger - DEBUG - 数据库中检索答案
2018-09-24 14:11:35,932 - mylogger - DEBUG - 数据中无答案
2018-09-24 14:11:36,786 - mylogger - DEBUG - 在线检索答案：幽默节
2018-09-24 14:11:36,787 - mylogger - INFO - 我的答案：幽默节
2018-09-24 14:11:37,404 - mylogger - DEBUG - 选择选项
2018-09-24 14:11:39,854 - mylogger - INFO - 答案正确
2018-09-24 14:11:39,859 - mylogger - DEBUG - 更新答案
2018-09-24 14:11:41,312 - mylogger - INFO - 本题结束
2018-09-24 14:11:41,316 - mylogger - DEBUG - 获取题目
2018-09-24 14:11:43,129 - mylogger - INFO - 第 4 题
2018-09-24 14:11:43,406 - mylogger - INFO - 下列属于化学武器的是：
2018-09-24 14:11:44,301 - mylogger - INFO - ['芥子气', '中子弹', '天花病毒']
2018-09-24 14:11:44,316 - mylogger - DEBUG - 数据库中检索答案
2018-09-24 14:11:44,326 - mylogger - INFO - 我的答案：芥子气
2018-09-24 14:11:44,922 - mylogger - DEBUG - 选择选项
2018-09-24 14:11:47,342 - mylogger - INFO - 答案正确
2018-09-24 14:11:47,345 - mylogger - DEBUG - 更新答案
2018-09-24 14:11:48,697 - mylogger - INFO - 本题结束
2018-09-24 14:11:48,700 - mylogger - DEBUG - 获取题目
2018-09-24 14:11:51,670 - mylogger - INFO - 第 5 题
2018-09-24 14:11:51,948 - mylogger - INFO - 下面哪个漫画不是出自手日本漫画之父手冢治虫之手？
2018-09-24 14:11:52,901 - mylogger - INFO - ['疾风铁拳霸', '铁臂阿童木', '森林大帝']
2018-09-24 14:11:52,920 - mylogger - DEBUG - 数据库中检索答案
2018-09-24 14:11:52,928 - mylogger - DEBUG - 数据中无答案
2018-09-24 14:11:53,796 - mylogger - DEBUG - 在线检索答案：疾风铁拳霸
2018-09-24 14:11:53,798 - mylogger - INFO - 我的答案：疾风铁拳霸
2018-09-24 14:11:54,443 - mylogger - DEBUG - 选择选项
2018-09-24 14:11:56,867 - mylogger - INFO - 答案正确
2018-09-24 14:11:56,871 - mylogger - DEBUG - 更新答案
2018-09-24 14:11:58,240 - mylogger - INFO - 本题结束
2018-09-24 14:11:59,366 - mylogger - INFO - 本场比赛结束
2018-09-24 14:11:59,484 - mylogger - INFO - 返回游戏页面
2018-09-24 14:12:01,002 - mylogger - INFO - 进入排位赛
2018-09-24 14:12:01,006 - mylogger - INFO - 正在匹配中......
2018-09-24 14:12:02,476 - mylogger - INFO - 匹配成功
2018-09-24 14:12:02,481 - mylogger - DEBUG - 获取题目
2018-09-24 14:12:05,490 - mylogger - INFO - 第 1 题
2018-09-24 14:12:05,773 - mylogger - INFO - 哪个不是月饼的别称？
2018-09-24 14:12:06,727 - mylogger - INFO - ['烙饼', '小饼', '月团']
2018-09-24 14:12:06,738 - mylogger - DEBUG - 数据库中检索答案
2018-09-24 14:12:06,748 - mylogger - DEBUG - 数据中无答案
2018-09-24 14:12:07,614 - mylogger - DEBUG - 在线检索答案：烙饼
2018-09-24 14:12:07,616 - mylogger - INFO - 我的答案：烙饼
2018-09-24 14:12:08,198 - mylogger - DEBUG - 选择选项
2018-09-24 14:12:10,638 - mylogger - INFO - 答案正确
2018-09-24 14:12:10,642 - mylogger - DEBUG - 更新答案
2018-09-24 14:12:13,236 - mylogger - INFO - 本题结束
2018-09-24 14:12:13,242 - mylogger - DEBUG - 获取题目
2018-09-24 14:12:16,212 - mylogger - INFO - 第 2 题
2018-09-24 14:12:16,475 - mylogger - INFO - 中国历史上的第一座寺院是哪个？
2018-09-24 14:12:17,439 - mylogger - INFO - ['白马寺', '青龙寺', '法门寺']
2018-09-24 14:12:17,454 - mylogger - DEBUG - 数据库中检索答案
2018-09-24 14:12:17,463 - mylogger - DEBUG - 数据中无答案
2018-09-24 14:12:18,364 - mylogger - DEBUG - 在线检索答案：白马寺
2018-09-24 14:12:18,366 - mylogger - INFO - 我的答案：白马寺
2018-09-24 14:12:19,015 - mylogger - DEBUG - 选择选项
2018-09-24 14:12:21,442 - mylogger - INFO - 答案正确
2018-09-24 14:12:21,447 - mylogger - DEBUG - 更新答案
2018-09-24 14:12:22,878 - mylogger - INFO - 本题结束
2018-09-24 14:12:22,883 - mylogger - DEBUG - 获取题目
2018-09-24 14:12:24,648 - mylogger - INFO - 第 3 题
2018-09-24 14:12:24,933 - mylogger - INFO - 在芒果TV的综艺节目中，由何炅、黄磊和刘宪华共同主持的节目是哪个？
2018-09-24 14:12:25,786 - mylogger - INFO - ['《亲爱的客栈》', '《向往的生活》', '《中餐厅》']
2018-09-24 14:12:25,797 - mylogger - DEBUG - 数据库中检索答案
2018-09-24 14:12:25,804 - mylogger - DEBUG - 数据中无答案
2018-09-24 14:12:26,954 - mylogger - DEBUG - 在线检索答案：《向往的生活》
2018-09-24 14:12:26,957 - mylogger - INFO - 我的答案：《向往的生活》
2018-09-24 14:12:27,563 - mylogger - DEBUG - 选择选项
2018-09-24 14:12:29,992 - mylogger - INFO - 答案正确
2018-09-24 14:12:30,005 - mylogger - DEBUG - 更新答案
2018-09-24 14:12:32,513 - mylogger - INFO - 本题结束
2018-09-24 14:12:32,517 - mylogger - DEBUG - 获取题目
2018-09-24 14:12:34,403 - mylogger - INFO - 第 4 题
2018-09-24 14:12:34,752 - mylogger - INFO - 哪个机构设立了“科技传播日”？
2018-09-24 14:12:35,663 - mylogger - INFO - ['中国科协', '世界精神卫生组织', '联合国']
2018-09-24 14:12:35,688 - mylogger - DEBUG - 数据库中检索答案
2018-09-24 14:12:35,693 - mylogger - DEBUG - 数据中无答案
2018-09-24 14:12:36,875 - mylogger - DEBUG - 在线检索答案：中国科协
2018-09-24 14:12:36,876 - mylogger - INFO - 我的答案：中国科协
2018-09-24 14:12:37,531 - mylogger - DEBUG - 选择选项
2018-09-24 14:12:39,957 - mylogger - INFO - 答案正确
2018-09-24 14:12:39,971 - mylogger - DEBUG - 更新答案
2018-09-24 14:12:42,487 - mylogger - INFO - 本题结束
2018-09-24 14:12:42,492 - mylogger - DEBUG - 获取题目
2018-09-24 14:12:44,337 - mylogger - INFO - 第 5 题
2018-09-24 14:12:44,668 - mylogger - INFO - 美剧《破产姐妹》中养在外面的宠物是什么？
2018-09-24 14:12:45,551 - mylogger - INFO - ['马', '狗', '牛']
2018-09-24 14:12:45,562 - mylogger - DEBUG - 数据库中检索答案
2018-09-24 14:12:45,568 - mylogger - DEBUG - 数据中无答案
2018-09-24 14:12:46,833 - mylogger - DEBUG - 在线检索答案：
2018-09-24 14:12:46,834 - mylogger - INFO - 我的答案：马
2018-09-24 14:12:47,488 - mylogger - DEBUG - 选择选项
2018-09-24 14:12:49,895 - mylogger - INFO - 答案正确
2018-09-24 14:12:49,906 - mylogger - DEBUG - 更新答案
2018-09-24 14:12:52,428 - mylogger - INFO - 本题结束
2018-09-24 14:12:53,573 - mylogger - INFO - 本场比赛结束
2018-09-24 14:12:53,633 - mylogger - INFO - 返回游戏页面
2018-09-24 14:12:55,220 - mylogger - INFO - 进入排位赛
2018-09-24 14:12:55,231 - mylogger - INFO - 正在匹配中......
2018-09-24 14:12:59,003 - mylogger - INFO - 匹配成功
2018-09-24 14:12:59,008 - mylogger - DEBUG - 获取题目
2018-09-24 14:13:01,981 - mylogger - INFO - 第 1 题
2018-09-24 14:13:02,340 - mylogger - INFO - 世界一级方程式锦标赛的英文缩写是什么？
2018-09-24 14:13:03,328 - mylogger - INFO - ['F1', 'F2', 'F3']
2018-09-24 14:13:03,341 - mylogger - DEBUG - 数据库中检索答案
2018-09-24 14:13:03,343 - mylogger - DEBUG - 数据中无答案
2018-09-24 14:13:04,219 - mylogger - DEBUG - 在线检索答案：F1
2018-09-24 14:13:04,221 - mylogger - INFO - 我的答案：F1
2018-09-24 14:13:04,848 - mylogger - DEBUG - 选择选项
2018-09-24 14:13:07,214 - mylogger - INFO - 答案正确
2018-09-24 14:13:07,217 - mylogger - DEBUG - 更新答案
2018-09-24 14:13:08,630 - mylogger - INFO - 本题结束
2018-09-24 14:13:08,635 - mylogger - DEBUG - 获取题目
2018-09-24 14:13:10,425 - mylogger - INFO - 第 2 题
2018-09-24 14:13:10,765 - mylogger - INFO - 创建绿色社区的硬件要求较多 其中哪项不是硬件必备的？
2018-09-24 14:13:11,761 - mylogger - INFO - ['节水节能设施', '社区绿化', '建有亭台池榭']
2018-09-24 14:13:11,812 - mylogger - DEBUG - 数据库中检索答案
2018-09-24 14:13:11,813 - mylogger - DEBUG - 数据中无答案
2018-09-24 14:13:13,043 - mylogger - DEBUG - 在线检索答案：节水节能设施
2018-09-24 14:13:13,045 - mylogger - INFO - 我的答案：节水节能设施
2018-09-24 14:13:13,677 - mylogger - DEBUG - 选择选项
2018-09-24 14:13:16,017 - mylogger - INFO - 答案错误
2018-09-24 14:13:16,261 - mylogger - INFO - 正确答案；建有亭台池榭
2018-09-24 14:13:16,265 - mylogger - DEBUG - 更新答案
2018-09-24 14:13:24,584 - mylogger - INFO - 本题结束
2018-09-24 14:13:24,588 - mylogger - DEBUG - 获取题目
2018-09-24 14:13:26,437 - mylogger - INFO - 第 3 题
2018-09-24 14:13:26,743 - mylogger - INFO - 血红蛋白是什么颜色的？
2018-09-24 14:13:27,651 - mylogger - INFO - ['青色', '白色', '红色']
2018-09-24 14:13:27,663 - mylogger - DEBUG - 数据库中检索答案
2018-09-24 14:13:27,675 - mylogger - DEBUG - 数据中无答案
2018-09-24 14:13:28,628 - mylogger - DEBUG - 在线检索答案：红色
2018-09-24 14:13:28,629 - mylogger - INFO - 我的答案：红色
2018-09-24 14:13:29,340 - mylogger - DEBUG - 选择选项
2018-09-24 14:13:31,812 - mylogger - INFO - 答案正确
2018-09-24 14:13:31,818 - mylogger - DEBUG - 更新答案
2018-09-24 14:13:35,410 - mylogger - INFO - 本题结束
2018-09-24 14:13:35,414 - mylogger - DEBUG - 获取题目
2018-09-24 14:13:37,250 - mylogger - INFO - 第 4 题
2018-09-24 14:13:37,630 - mylogger - INFO - 艺人吴亦凡不是以下哪个节目的常驻嘉宾？
2018-09-24 14:13:38,529 - mylogger - INFO - ['《挑战者联盟》', '《中国有嘻哈》', '《向往的生活》']
2018-09-24 14:13:38,542 - mylogger - DEBUG - 数据库中检索答案
2018-09-24 14:13:38,547 - mylogger - DEBUG - 数据中无答案
2018-09-24 14:13:39,464 - mylogger - DEBUG - 在线检索答案：《挑战者联盟》
2018-09-24 14:13:39,466 - mylogger - INFO - 我的答案：《挑战者联盟》
2018-09-24 14:13:40,050 - mylogger - DEBUG - 选择选项
2018-09-24 14:13:42,516 - mylogger - INFO - 答案错误
2018-09-24 14:13:42,778 - mylogger - INFO - 正确答案；《向往的生活》
2018-09-24 14:13:42,790 - mylogger - DEBUG - 更新答案
2018-09-24 14:13:45,292 - mylogger - INFO - 本题结束
2018-09-24 14:13:45,301 - mylogger - DEBUG - 获取题目
2018-09-24 14:13:48,282 - mylogger - INFO - 第 5 题
2018-09-24 14:13:48,631 - mylogger - INFO - 圆的面积为16π，它的直径是多少？
2018-09-24 14:13:49,531 - mylogger - INFO - ['2', '8', '4']
2018-09-24 14:13:49,545 - mylogger - DEBUG - 数据库中检索答案
2018-09-24 14:13:49,555 - mylogger - DEBUG - 数据中无答案
2018-09-24 14:13:50,820 - mylogger - DEBUG - 在线检索答案：2
2018-09-24 14:13:50,822 - mylogger - INFO - 我的答案：2
2018-09-24 14:13:51,485 - mylogger - DEBUG - 选择选项
2018-09-24 14:13:53,900 - mylogger - INFO - 答案错误
2018-09-24 14:13:54,083 - mylogger - INFO - 正确答案；8
2018-09-24 14:13:54,099 - mylogger - DEBUG - 更新答案
2018-09-24 14:13:59,015 - mylogger - INFO - 本题结束
2018-09-24 14:14:00,147 - mylogger - INFO - 本场比赛结束
2018-09-24 14:14:00,209 - mylogger - INFO - 返回游戏页面
2018-09-24 14:14:01,811 - mylogger - INFO - 进入排位赛
2018-09-24 14:14:01,825 - mylogger - INFO - 正在匹配中......
2018-09-24 14:14:14,698 - mylogger - INFO - 匹配成功
2018-09-24 14:14:14,702 - mylogger - DEBUG - 获取题目
2018-09-24 14:14:20,026 - mylogger - INFO - 第 1 题
2018-09-24 14:14:20,336 - mylogger - INFO - 微信学院、微信商学院是哪个公司推出的？
2018-09-24 14:14:21,369 - mylogger - INFO - ['腾讯', '奇虎360', '网易']
2018-09-24 14:14:21,385 - mylogger - DEBUG - 数据库中检索答案
2018-09-24 14:14:21,389 - mylogger - DEBUG - 数据中无答案
2018-09-24 14:14:23,082 - mylogger - DEBUG - 在线检索答案：腾讯
2018-09-24 14:14:23,083 - mylogger - INFO - 我的答案：腾讯
2018-09-24 14:14:23,703 - mylogger - DEBUG - 选择选项
2018-09-24 14:14:26,099 - mylogger - INFO - 答案正确
2018-09-24 14:14:26,102 - mylogger - DEBUG - 更新答案
2018-09-24 14:14:27,473 - mylogger - INFO - 本题结束
2018-09-24 14:14:27,476 - mylogger - DEBUG - 获取题目
2018-09-24 14:14:29,336 - mylogger - INFO - 第 2 题
2018-09-24 14:14:29,650 - mylogger - INFO - “三孔”指的是？
2018-09-24 14:14:30,692 - mylogger - INFO - ['孔山、孔庙和孔林', '孔府、孔庙和孔林', '孔府、孔山和孔林']
2018-09-24 14:14:30,707 - mylogger - DEBUG - 数据库中检索答案
2018-09-24 14:14:30,711 - mylogger - DEBUG - 数据中无答案
2018-09-24 14:14:32,803 - mylogger - DEBUG - 在线检索答案：
2018-09-24 14:14:32,805 - mylogger - INFO - 我的答案：孔山、孔庙和孔林
2018-09-24 14:14:33,462 - mylogger - DEBUG - 选择选项
2018-09-24 14:14:35,940 - mylogger - INFO - 答案错误
2018-09-24 14:14:36,098 - mylogger - INFO - 正确答案；孔府、孔庙和孔林
2018-09-24 14:14:36,102 - mylogger - DEBUG - 更新答案
2018-09-24 14:14:37,528 - mylogger - INFO - 本题结束
2018-09-24 14:14:37,534 - mylogger - DEBUG - 获取题目
2018-09-24 14:14:39,417 - mylogger - INFO - 第 3 题
2018-09-24 14:14:39,733 - mylogger - INFO - “众神之王”宙斯的姐姐，同时是宙斯的正式的妻子是？
2018-09-24 14:14:40,717 - mylogger - INFO - ['赫拉', '雅典娜', '维纳斯']
2018-09-24 14:14:40,734 - mylogger - DEBUG - 数据库中检索答案
2018-09-24 14:14:40,743 - mylogger - DEBUG - 数据中无答案
2018-09-24 14:14:41,938 - mylogger - DEBUG - 在线检索答案：赫拉
2018-09-24 14:14:41,939 - mylogger - INFO - 我的答案：赫拉
2018-09-24 14:14:42,518 - mylogger - DEBUG - 选择选项
2018-09-24 14:14:44,964 - mylogger - INFO - 答案正确
2018-09-24 14:14:44,968 - mylogger - DEBUG - 更新答案
2018-09-24 14:14:47,517 - mylogger - INFO - 本题结束
2018-09-24 14:14:47,525 - mylogger - DEBUG - 获取题目
2018-09-24 14:14:50,469 - mylogger - INFO - 第 4 题
2018-09-24 14:14:50,746 - mylogger - INFO - 皮卡中包括下列哪款车？
2018-09-24 14:14:51,674 - mylogger - INFO - ['速腾', '赛欧', '坦途']
2018-09-24 14:14:51,694 - mylogger - DEBUG - 数据库中检索答案
2018-09-24 14:14:51,695 - mylogger - DEBUG - 数据中无答案
2018-09-24 14:14:53,097 - mylogger - DEBUG - 在线检索答案：
2018-09-24 14:14:53,099 - mylogger - INFO - 我的答案：速腾
2018-09-24 14:14:53,741 - mylogger - DEBUG - 选择选项
2018-09-24 14:14:56,153 - mylogger - INFO - 答案错误
2018-09-24 14:14:56,495 - mylogger - INFO - 正确答案；坦途
2018-09-24 14:14:56,504 - mylogger - DEBUG - 更新答案
2018-09-24 14:14:56,757 - mylogger - INFO - 本题结束
2018-09-24 14:14:56,764 - mylogger - DEBUG - 获取题目
2018-09-24 14:14:59,775 - mylogger - INFO - 第 5 题
2018-09-24 14:15:00,054 - mylogger - INFO - 俄罗斯和平号空间站在太空工作了多长时间？
2018-09-24 14:15:01,002 - mylogger - INFO - ['15 年', '20 年', '10 年']
2018-09-24 14:15:01,016 - mylogger - DEBUG - 数据库中检索答案
2018-09-24 14:15:01,026 - mylogger - DEBUG - 数据中无答案
2018-09-24 14:15:02,319 - mylogger - DEBUG - 在线检索答案：
2018-09-24 14:15:02,320 - mylogger - INFO - 我的答案：15 年
2018-09-24 14:15:02,909 - mylogger - DEBUG - 选择选项
2018-09-24 14:15:05,351 - mylogger - INFO - 答案正确
2018-09-24 14:15:05,364 - mylogger - DEBUG - 更新答案
2018-09-24 14:15:09,150 - mylogger - INFO - 本题结束
2018-09-24 14:15:10,305 - mylogger - INFO - 本场比赛结束
2018-09-24 14:15:10,368 - mylogger - INFO - 返回游戏页面
2018-09-24 14:15:11,925 - mylogger - INFO - 进入排位赛
2018-09-24 14:15:11,937 - mylogger - INFO - 正在匹配中......
2018-09-24 14:15:16,882 - mylogger - INFO - 匹配成功
2018-09-24 14:15:16,887 - mylogger - DEBUG - 获取题目
2018-09-24 14:15:19,967 - mylogger - INFO - 第 1 题
2018-09-24 14:15:20,271 - mylogger - INFO - 古代城墙外一条用作军事防御的河流叫做什么河？
2018-09-24 14:15:21,178 - mylogger - INFO - ['护民河', '护国河', '护城河']
2018-09-24 14:15:21,189 - mylogger - DEBUG - 数据库中检索答案
2018-09-24 14:15:21,201 - mylogger - DEBUG - 数据中无答案
2018-09-24 14:15:23,287 - mylogger - DEBUG - 在线检索答案：护城河
2018-09-24 14:15:23,289 - mylogger - INFO - 我的答案：护城河
2018-09-24 14:15:23,892 - mylogger - DEBUG - 选择选项
2018-09-24 14:15:26,226 - mylogger - INFO - 答案正确
2018-09-24 14:15:26,229 - mylogger - DEBUG - 更新答案
2018-09-24 14:15:27,652 - mylogger - INFO - 本题结束
2018-09-24 14:15:27,657 - mylogger - DEBUG - 获取题目
2018-09-24 14:15:29,455 - mylogger - INFO - 第 2 题
2018-09-24 14:15:29,764 - mylogger - INFO - 白居易的《长恨歌》中，“春宵苦短日高起”的下一句是什么？
2018-09-24 14:15:30,619 - mylogger - INFO - ['从此君王不早朝', '三千宠爱在一身', '尽日君王看不足']
2018-09-24 14:15:30,632 - mylogger - DEBUG - 数据库中检索答案
2018-09-24 14:15:30,639 - mylogger - DEBUG - 数据中无答案
2018-09-24 14:15:31,609 - mylogger - DEBUG - 在线检索答案：从此君王不早朝
2018-09-24 14:15:31,610 - mylogger - INFO - 我的答案：从此君王不早朝
2018-09-24 14:15:32,214 - mylogger - DEBUG - 选择选项
2018-09-24 14:15:34,577 - mylogger - INFO - 答案正确
2018-09-24 14:15:34,582 - mylogger - DEBUG - 更新答案
2018-09-24 14:15:38,291 - mylogger - INFO - 本题结束
2018-09-24 14:15:38,303 - mylogger - DEBUG - 获取题目
2018-09-24 14:15:40,085 - mylogger - INFO - 第 3 题
2018-09-24 14:15:40,362 - mylogger - INFO - 谢娜在其主演的《娜娜的玫瑰战争》中扮演什么角色？
2018-09-24 14:15:41,286 - mylogger - INFO - ['小红', '丁娜', '唐薇']
2018-09-24 14:15:41,301 - mylogger - DEBUG - 数据库中检索答案
2018-09-24 14:15:41,305 - mylogger - INFO - 我的答案：丁娜
2018-09-24 14:15:41,839 - mylogger - DEBUG - 选择选项
2018-09-24 14:15:44,251 - mylogger - INFO - 答案正确
2018-09-24 14:15:44,254 - mylogger - DEBUG - 更新答案
2018-09-24 14:15:46,808 - mylogger - INFO - 本题结束
2018-09-24 14:15:46,814 - mylogger - DEBUG - 获取题目
2018-09-24 14:15:48,637 - mylogger - INFO - 第 4 题
2018-09-24 14:15:48,980 - mylogger - INFO - 文艺复兴时期主流社会思潮的核心是
2018-09-24 14:15:49,923 - mylogger - INFO - ['理性主义', '重商主义', '人文主义']
2018-09-24 14:15:49,938 - mylogger - DEBUG - 数据库中检索答案
2018-09-24 14:15:49,947 - mylogger - DEBUG - 数据中无答案
2018-09-24 14:15:51,174 - mylogger - DEBUG - 在线检索答案：人文主义
2018-09-24 14:15:51,175 - mylogger - INFO - 我的答案：人文主义
2018-09-24 14:15:51,786 - mylogger - DEBUG - 选择选项
2018-09-24 14:15:54,201 - mylogger - INFO - 答案正确
2018-09-24 14:15:54,212 - mylogger - DEBUG - 更新答案
2018-09-24 14:15:55,574 - mylogger - INFO - 本题结束
2018-09-24 14:15:55,577 - mylogger - DEBUG - 获取题目
2018-09-24 14:15:58,676 - mylogger - INFO - 第 5 题
2018-09-24 14:15:58,966 - mylogger - INFO - 《樱桃小丸子》的原型其实就是作者自己，她是谁？
2018-09-24 14:15:59,804 - mylogger - INFO - ['丸子', '小丸子', '樱桃子']
2018-09-24 14:15:59,828 - mylogger - DEBUG - 数据库中检索答案
2018-09-24 14:15:59,830 - mylogger - DEBUG - 数据中无答案
2018-09-24 14:16:00,771 - mylogger - DEBUG - 在线检索答案：丸子
2018-09-24 14:16:00,774 - mylogger - INFO - 我的答案：丸子
2018-09-24 14:16:01,288 - mylogger - DEBUG - 选择选项
2018-09-24 14:16:03,708 - mylogger - INFO - 答案错误
2018-09-24 14:16:03,936 - mylogger - INFO - 正确答案；樱桃子
2018-09-24 14:16:03,941 - mylogger - DEBUG - 更新答案
2018-09-24 14:16:05,342 - mylogger - INFO - 本题结束
2018-09-24 14:16:06,482 - mylogger - INFO - 本场比赛结束
2018-09-24 14:16:06,605 - mylogger - INFO - 返回游戏页面
2018-09-24 14:16:08,161 - mylogger - INFO - 进入排位赛
2018-09-24 14:16:08,173 - mylogger - INFO - 正在匹配中......
2018-09-24 14:16:45,393 - mylogger - INFO - 匹配成功
2018-09-24 14:16:45,399 - mylogger - DEBUG - 获取题目
2018-09-24 14:16:48,507 - mylogger - INFO - 第 1 题
2018-09-24 14:16:48,830 - mylogger - INFO - 世界上第一枚邮票诞生在
2018-09-24 14:16:49,683 - mylogger - INFO - ['法国', '中国', '英国']
2018-09-24 14:16:49,695 - mylogger - DEBUG - 数据库中检索答案
2018-09-24 14:16:49,707 - mylogger - INFO - 我的答案：英国
2018-09-24 14:16:50,248 - mylogger - DEBUG - 选择选项
2018-09-24 14:16:52,629 - mylogger - INFO - 答案正确
2018-09-24 14:16:52,634 - mylogger - DEBUG - 更新答案
2018-09-24 14:16:55,200 - mylogger - INFO - 本题结束
2018-09-24 14:16:55,205 - mylogger - DEBUG - 获取题目
2018-09-24 14:16:57,042 - mylogger - INFO - 第 2 题
2018-09-24 14:16:57,372 - mylogger - INFO - 谁参加了电视节目《谁是大歌神》？
2018-09-24 14:16:58,404 - mylogger - INFO - ['周杰', '林俊杰', '范丞丞']
2018-09-24 14:16:58,418 - mylogger - DEBUG - 数据库中检索答案
2018-09-24 14:16:58,427 - mylogger - DEBUG - 数据中无答案
2018-09-24 14:16:59,674 - mylogger - DEBUG - 在线检索答案：林俊杰
2018-09-24 14:16:59,675 - mylogger - INFO - 我的答案：林俊杰
2018-09-24 14:17:00,462 - mylogger - DEBUG - 选择选项
2018-09-24 14:17:02,891 - mylogger - INFO - 答案正确
2018-09-24 14:17:02,895 - mylogger - DEBUG - 更新答案
2018-09-24 14:17:13,435 - mylogger - INFO - 本题结束
2018-09-24 14:17:13,439 - mylogger - DEBUG - 获取题目
2018-09-24 14:17:14,152 - mylogger - INFO - 第 3 题
2018-09-24 14:17:14,466 - mylogger - INFO - 岁岁除夕有余粮（打一字）。
2018-09-24 14:17:15,393 - mylogger - INFO - ['食', '岁', '粜']
2018-09-24 14:17:15,407 - mylogger - DEBUG - 数据库中检索答案
2018-09-24 14:17:15,412 - mylogger - DEBUG - 数据中无答案
2018-09-24 14:17:16,659 - mylogger - DEBUG - 在线检索答案：岁
2018-09-24 14:17:16,661 - mylogger - INFO - 我的答案：岁
2018-09-24 14:17:17,251 - mylogger - DEBUG - 选择选项
2018-09-24 14:18:11,113 - mylogger - INFO - 停止UC浏览器
2018-09-24 14:18:11,183 - mylogger - DEBUG - 返回主页面
2018-09-24 14:18:12,870 - mylogger - DEBUG - 打开UC浏览器
2018-09-24 14:18:15,377 - mylogger - DEBUG - 进入用户页面
2018-09-24 14:18:16,584 - mylogger - DEBUG - 进入游戏页面1
2018-09-24 14:18:18,852 - mylogger - DEBUG - 进入游戏页面2
2018-09-24 14:18:21,101 - mylogger - INFO - 选择游戏
2018-09-24 14:18:23,371 - mylogger - INFO - 进入排位赛
2018-09-24 14:18:23,381 - mylogger - INFO - 正在匹配中......
2018-09-24 14:18:54,214 - mylogger - INFO - 匹配成功
2018-09-24 14:18:54,217 - mylogger - DEBUG - 获取题目
2018-09-24 14:18:57,139 - mylogger - INFO - 第 1 题
2018-09-24 14:18:57,480 - mylogger - INFO - 哪个景点不在北京？
2018-09-24 14:18:58,487 - mylogger - INFO - ['颐和园', '圆明园', '天池']
2018-09-24 14:18:58,503 - mylogger - DEBUG - 数据库中检索答案
2018-09-24 14:18:58,506 - mylogger - DEBUG - 数据中无答案
2018-09-24 14:19:00,726 - mylogger - DEBUG - 在线检索答案：天池
2018-09-24 14:19:00,728 - mylogger - INFO - 我的答案：天池
2018-09-24 14:19:01,309 - mylogger - DEBUG - 选择选项
2018-09-24 14:19:03,717 - mylogger - INFO - 答案正确
2018-09-24 14:19:03,721 - mylogger - DEBUG - 更新答案
2018-09-24 14:19:05,176 - mylogger - INFO - 本题结束
2018-09-24 14:19:05,181 - mylogger - DEBUG - 获取题目
2018-09-24 14:19:07,028 - mylogger - INFO - 第 2 题
2018-09-24 14:19:07,325 - mylogger - INFO - 以下哪一项不是植物生长调节剂？
2018-09-24 14:19:08,207 - mylogger - INFO - ['矮壮素', '波尔多液', '赤霉素']
2018-09-24 14:19:08,224 - mylogger - DEBUG - 数据库中检索答案
2018-09-24 14:19:08,231 - mylogger - DEBUG - 数据中无答案
2018-09-24 14:19:08,986 - mylogger - DEBUG - 在线检索答案：波尔多液
2018-09-24 14:19:08,987 - mylogger - INFO - 我的答案：波尔多液
2018-09-24 14:19:09,560 - mylogger - DEBUG - 选择选项
2018-09-24 14:19:12,062 - mylogger - INFO - 答案正确
2018-09-24 14:19:12,065 - mylogger - DEBUG - 更新答案
2018-09-24 14:19:18,104 - mylogger - INFO - 本题结束
2018-09-24 14:19:18,108 - mylogger - DEBUG - 获取题目
2018-09-24 14:19:19,897 - mylogger - INFO - 第 3 题
2018-09-24 14:19:20,176 - mylogger - INFO - 参加“火星—500”实验项目的6名志愿者中，来自中国的志愿者叫
2018-09-24 14:19:21,070 - mylogger - INFO - ['聂海胜', '杨立伟', '王跃']
2018-09-24 14:19:21,086 - mylogger - DEBUG - 数据库中检索答案
2018-09-24 14:19:21,094 - mylogger - DEBUG - 数据中无答案
2018-09-24 14:19:22,313 - mylogger - DEBUG - 在线检索答案：王跃
2018-09-24 14:19:22,315 - mylogger - INFO - 我的答案：王跃
2018-09-24 14:19:22,892 - mylogger - DEBUG - 选择选项
2018-09-24 14:19:25,303 - mylogger - INFO - 答案正确
2018-09-24 14:19:25,308 - mylogger - DEBUG - 更新答案
2018-09-24 14:19:28,978 - mylogger - INFO - 本题结束
2018-09-24 14:19:28,984 - mylogger - DEBUG - 获取题目
2018-09-24 14:19:30,745 - mylogger - INFO - 第 4 题
2018-09-24 14:19:31,013 - mylogger - INFO - 英镑的英文代码是
2018-09-24 14:19:31,872 - mylogger - INFO - ['GBP', 'CNY', 'CHF']
2018-09-24 14:19:31,889 - mylogger - DEBUG - 数据库中检索答案
2018-09-24 14:19:31,892 - mylogger - DEBUG - 数据中无答案
2018-09-24 14:19:32,642 - mylogger - DEBUG - 在线检索答案：CNY
2018-09-24 14:19:32,643 - mylogger - INFO - 我的答案：CNY
2018-09-24 14:19:33,223 - mylogger - DEBUG - 选择选项
2018-09-24 14:19:35,599 - mylogger - INFO - 答案错误
2018-09-24 14:19:35,752 - mylogger - INFO - 正确答案；GBP
2018-09-24 14:19:35,755 - mylogger - DEBUG - 更新答案
2018-09-24 14:19:37,144 - mylogger - INFO - 本题结束
2018-09-24 14:19:37,148 - mylogger - DEBUG - 获取题目
2018-09-24 14:19:39,081 - mylogger - INFO - 第 5 题
2018-09-24 14:19:39,392 - mylogger - INFO - 因环境污染损害赔偿提起诉讼的时效期限为几年？
2018-09-24 14:19:40,355 - mylogger - INFO - ['2年', '3年', '4年']
2018-09-24 14:19:40,377 - mylogger - DEBUG - 数据库中检索答案
2018-09-24 14:19:40,378 - mylogger - DEBUG - 数据中无答案
2018-09-24 14:19:41,974 - mylogger - DEBUG - 在线检索答案：3年
2018-09-24 14:19:41,975 - mylogger - INFO - 我的答案：3年
2018-09-24 14:19:42,541 - mylogger - DEBUG - 选择选项
2018-09-24 14:19:44,945 - mylogger - INFO - 答案正确
2018-09-24 14:19:44,951 - mylogger - DEBUG - 更新答案
2018-09-24 14:19:46,493 - mylogger - INFO - 本题结束
2018-09-24 14:19:47,651 - mylogger - INFO - 本场比赛结束
2018-09-24 14:19:47,720 - mylogger - INFO - 返回游戏页面
2018-09-24 14:19:49,283 - mylogger - INFO - 进入排位赛
2018-09-24 14:19:49,286 - mylogger - INFO - 正在匹配中......
2018-09-24 14:19:54,200 - mylogger - INFO - 匹配成功
2018-09-24 14:19:54,209 - mylogger - DEBUG - 获取题目
2018-09-24 14:19:57,299 - mylogger - INFO - 第 1 题
2018-09-24 14:19:57,609 - mylogger - INFO - 成语“一个愿打一个愿挨”描述的是三十六计中的那一计？
2018-09-24 14:19:58,551 - mylogger - INFO - ['苦肉计', '空城计', '走为上计']
2018-09-24 14:19:58,562 - mylogger - DEBUG - 数据库中检索答案
2018-09-24 14:19:58,574 - mylogger - DEBUG - 数据中无答案
2018-09-24 14:19:59,380 - mylogger - DEBUG - 在线检索答案：苦肉计
2018-09-24 14:19:59,381 - mylogger - INFO - 我的答案：苦肉计
2018-09-24 14:20:00,043 - mylogger - DEBUG - 选择选项
2018-09-24 14:20:02,478 - mylogger - INFO - 答案正确
2018-09-24 14:20:02,481 - mylogger - DEBUG - 更新答案
2018-09-24 14:20:11,841 - mylogger - INFO - 本题结束
2018-09-24 14:20:11,848 - mylogger - DEBUG - 获取题目
2018-09-24 14:20:18,443 - mylogger - INFO - 第 2 题
2018-09-24 14:20:18,799 - mylogger - INFO - 自动档汽车的空档档位用哪个英文字母表示？
2018-09-24 14:20:19,691 - mylogger - INFO - ['R', 'N', 'D']
2018-09-24 14:20:19,702 - mylogger - DEBUG - 数据库中检索答案
2018-09-24 14:20:19,707 - mylogger - DEBUG - 数据中无答案
2018-09-24 14:20:20,573 - mylogger - DEBUG - 在线检索答案：N
2018-09-24 14:20:20,575 - mylogger - INFO - 我的答案：N
2018-09-24 14:20:21,123 - mylogger - DEBUG - 选择选项
2018-09-24 14:20:23,565 - mylogger - INFO - 答案正确
2018-09-24 14:20:23,569 - mylogger - DEBUG - 更新答案
2018-09-24 14:20:25,078 - mylogger - INFO - 本题结束
2018-09-24 14:20:25,084 - mylogger - DEBUG - 获取题目
2018-09-24 14:20:26,943 - mylogger - INFO - 第 3 题
2018-09-24 14:20:27,247 - mylogger - INFO - 美国独立日是哪一天？
2018-09-24 14:20:28,363 - mylogger - INFO - ['7月4日', '7月6日', '8月6日']
2018-09-24 14:20:28,375 - mylogger - DEBUG - 数据库中检索答案
2018-09-24 14:20:28,382 - mylogger - DEBUG - 数据中无答案
2018-09-24 14:20:29,095 - mylogger - DEBUG - 在线检索答案：7月4日
2018-09-24 14:20:29,096 - mylogger - INFO - 我的答案：7月4日
2018-09-24 14:20:29,667 - mylogger - DEBUG - 选择选项
2018-09-24 14:20:32,022 - mylogger - INFO - 答案正确
2018-09-24 14:20:32,026 - mylogger - DEBUG - 更新答案
2018-09-24 14:20:33,390 - mylogger - INFO - 本题结束
2018-09-24 14:20:33,394 - mylogger - DEBUG - 获取题目
2018-09-24 14:20:35,303 - mylogger - INFO - 第 4 题
2018-09-24 14:20:35,628 - mylogger - INFO - 下列行星中，卫星最多的是？
2018-09-24 14:20:36,627 - mylogger - INFO - ['水星', '火星', '土星']
2018-09-24 14:20:36,646 - mylogger - DEBUG - 数据库中检索答案
2018-09-24 14:20:36,650 - mylogger - DEBUG - 数据中无答案
2018-09-24 14:20:37,574 - mylogger - DEBUG - 在线检索答案：土星
2018-09-24 14:20:37,576 - mylogger - INFO - 我的答案：土星
2018-09-24 14:20:38,223 - mylogger - DEBUG - 选择选项
2018-09-24 14:20:40,622 - mylogger - INFO - 答案正确
2018-09-24 14:20:40,626 - mylogger - DEBUG - 更新答案
2018-09-24 14:20:42,006 - mylogger - INFO - 本题结束
2018-09-24 14:20:42,010 - mylogger - DEBUG - 获取题目
2018-09-24 14:20:43,852 - mylogger - INFO - 第 5 题
2018-09-24 14:20:44,193 - mylogger - INFO - 保罗·塞尚是著名绘画大师，请问他生于哪个国家？
2018-09-24 14:20:45,182 - mylogger - INFO - ['意大利', '法国', '英国']
2018-09-24 14:20:45,196 - mylogger - DEBUG - 数据库中检索答案
2018-09-24 14:20:45,207 - mylogger - DEBUG - 数据中无答案
2018-09-24 14:20:46,087 - mylogger - DEBUG - 在线检索答案：法国
2018-09-24 14:20:46,089 - mylogger - INFO - 我的答案：法国
2018-09-24 14:20:46,724 - mylogger - DEBUG - 选择选项
2018-09-24 14:20:49,159 - mylogger - INFO - 答案正确
2018-09-24 14:20:49,163 - mylogger - DEBUG - 更新答案
2018-09-24 14:20:53,900 - mylogger - INFO - 本题结束
2018-09-24 14:20:55,085 - mylogger - INFO - 本场比赛结束
2018-09-24 14:20:55,189 - mylogger - INFO - 返回游戏页面
2018-09-24 14:20:56,745 - mylogger - INFO - 进入排位赛
2018-09-24 14:20:56,755 - mylogger - INFO - 正在匹配中......
2018-09-24 14:21:00,493 - mylogger - INFO - 匹配成功
2018-09-24 14:21:00,504 - mylogger - DEBUG - 获取题目
2018-09-24 14:21:03,645 - mylogger - INFO - 第 1 题
2018-09-24 14:21:03,980 - mylogger - INFO - 奥斯卡获奖电影《英雄》是我国哪位导演执导的？
2018-09-24 14:21:04,977 - mylogger - INFO - ['邓波儿', '张艺谋', '刘小刚']
2018-09-24 14:21:04,994 - mylogger - DEBUG - 数据库中检索答案
2018-09-24 14:21:04,997 - mylogger - DEBUG - 数据中无答案
2018-09-24 14:21:06,235 - mylogger - DEBUG - 在线检索答案：张艺谋
2018-09-24 14:21:06,235 - mylogger - INFO - 我的答案：张艺谋
2018-09-24 14:21:06,809 - mylogger - DEBUG - 选择选项
2018-09-24 14:21:09,283 - mylogger - INFO - 答案正确
2018-09-24 14:21:09,285 - mylogger - DEBUG - 更新答案
2018-09-24 14:21:12,964 - mylogger - INFO - 本题结束
2018-09-24 14:21:12,990 - mylogger - DEBUG - 获取题目
2018-09-24 14:21:14,705 - mylogger - INFO - 第 2 题
2018-09-24 14:21:15,004 - mylogger - INFO - 哪三种美食被欧美国家誉为“世界三大珍馐”？
2018-09-24 14:21:16,052 - mylogger - INFO - ['鹅肝、松子、鱼子酱', '鹅肝、松露、鱼子酱', '鸭肝、松露、鱼子酱']
2018-09-24 14:21:16,072 - mylogger - DEBUG - 数据库中检索答案
2018-09-24 14:21:16,081 - mylogger - DEBUG - 数据中无答案
2018-09-24 14:21:16,895 - mylogger - DEBUG - 在线检索答案：鹅肝、松露、鱼子酱
2018-09-24 14:21:16,897 - mylogger - INFO - 我的答案：鹅肝、松露、鱼子酱
2018-09-24 14:21:17,527 - mylogger - DEBUG - 选择选项
2018-09-24 14:21:19,935 - mylogger - INFO - 答案正确
2018-09-24 14:21:19,938 - mylogger - DEBUG - 更新答案
2018-09-24 14:21:23,585 - mylogger - INFO - 本题结束
2018-09-24 14:21:23,612 - mylogger - DEBUG - 获取题目
2018-09-24 14:21:26,621 - mylogger - INFO - 第 3 题
2018-09-24 14:21:26,977 - mylogger - INFO - 台剧《放羊的星星》女主角的扮演者是哪国人？
2018-09-24 14:21:27,958 - mylogger - INFO - ['日本', '韩国', '泰国']
2018-09-24 14:21:27,972 - mylogger - DEBUG - 数据库中检索答案
2018-09-24 14:21:27,977 - mylogger - DEBUG - 数据中无答案
2018-09-24 14:21:28,788 - mylogger - DEBUG - 在线检索答案：韩国
2018-09-24 14:21:28,789 - mylogger - INFO - 我的答案：韩国
2018-09-24 14:21:29,373 - mylogger - DEBUG - 选择选项
2018-09-24 14:21:31,823 - mylogger - INFO - 答案正确
2018-09-24 14:21:31,827 - mylogger - DEBUG - 更新答案
2018-09-24 14:21:35,598 - mylogger - INFO - 本题结束
2018-09-24 14:21:35,602 - mylogger - DEBUG - 获取题目
2018-09-24 14:21:37,530 - mylogger - INFO - 第 4 题
2018-09-24 14:21:37,859 - mylogger - INFO - 吃鳝鱼的时候，与什么食物合吃对滋养身体有较高的功效
2018-09-24 14:21:38,870 - mylogger - INFO - ['菠菜', '芹菜', '藕']
2018-09-24 14:21:38,886 - mylogger - DEBUG - 数据库中检索答案
2018-09-24 14:21:38,898 - mylogger - DEBUG - 数据中无答案
2018-09-24 14:21:41,059 - mylogger - DEBUG - 在线检索答案：藕
2018-09-24 14:21:41,060 - mylogger - INFO - 我的答案：藕
2018-09-24 14:21:41,675 - mylogger - DEBUG - 选择选项
2018-09-24 14:21:44,127 - mylogger - INFO - 答案正确
2018-09-24 14:21:44,130 - mylogger - DEBUG - 更新答案
2018-09-24 14:21:45,514 - mylogger - INFO - 本题结束
2018-09-24 14:21:45,518 - mylogger - DEBUG - 获取题目
2018-09-24 14:21:47,331 - mylogger - INFO - 第 5 题
2018-09-24 14:21:47,662 - mylogger - INFO - 中国的哪一传统戏剧被称为中国的“祖剧”？
2018-09-24 14:21:48,595 - mylogger - INFO - ['昆剧', '京剧', '粤剧']
2018-09-24 14:21:48,610 - mylogger - DEBUG - 数据库中检索答案
2018-09-24 14:21:48,614 - mylogger - DEBUG - 数据中无答案
2018-09-24 14:21:50,685 - mylogger - DEBUG - 在线检索答案：昆剧
2018-09-24 14:21:50,686 - mylogger - INFO - 我的答案：昆剧
2018-09-24 14:21:51,290 - mylogger - DEBUG - 选择选项
2018-09-24 14:21:53,704 - mylogger - INFO - 答案正确
2018-09-24 14:21:53,709 - mylogger - DEBUG - 更新答案
2018-09-24 14:21:55,113 - mylogger - INFO - 本题结束
2018-09-24 14:21:56,235 - mylogger - INFO - 本场比赛结束
2018-09-24 14:21:56,366 - mylogger - INFO - 返回游戏页面
2018-09-24 14:21:57,943 - mylogger - INFO - 进入排位赛
2018-09-24 14:21:57,947 - mylogger - INFO - 正在匹配中......
2018-09-24 14:22:09,646 - mylogger - INFO - 匹配成功
2018-09-24 14:22:09,653 - mylogger - DEBUG - 获取题目
2018-09-24 14:22:12,560 - mylogger - INFO - 第 1 题
2018-09-24 14:22:12,890 - mylogger - INFO - 似鸟又非鸟，有翅身无毛，一脸丑模样，专爱夜遨游。(打一动物)
2018-09-24 14:22:13,844 - mylogger - INFO - ['鲸', '鸭子', '蝙蝠']
2018-09-24 14:22:13,884 - mylogger - DEBUG - 数据库中检索答案
2018-09-24 14:22:13,896 - mylogger - DEBUG - 数据中无答案
2018-09-24 14:22:15,685 - mylogger - DEBUG - 在线检索答案：蝙蝠
2018-09-24 14:22:15,688 - mylogger - INFO - 我的答案：蝙蝠
2018-09-24 14:22:16,297 - mylogger - DEBUG - 选择选项
2018-09-24 14:22:18,683 - mylogger - INFO - 答案正确
2018-09-24 14:22:18,687 - mylogger - DEBUG - 更新答案
2018-09-24 14:22:21,139 - mylogger - INFO - 本题结束
2018-09-24 14:22:21,143 - mylogger - DEBUG - 获取题目
2018-09-24 14:22:22,931 - mylogger - INFO - 第 2 题
2018-09-24 14:22:23,224 - mylogger - INFO - 年俗舞狮中，北狮的发祥地是？
2018-09-24 14:22:24,228 - mylogger - INFO - ['北京', '河南', '河北']
2018-09-24 14:22:24,241 - mylogger - DEBUG - 数据库中检索答案
2018-09-24 14:22:24,247 - mylogger - DEBUG - 数据中无答案
2018-09-24 14:22:24,892 - mylogger - DEBUG - 在线检索答案：河北
2018-09-24 14:22:24,893 - mylogger - INFO - 我的答案：河北
2018-09-24 14:22:25,480 - mylogger - DEBUG - 选择选项
2018-09-24 14:22:27,880 - mylogger - INFO - 答案正确
2018-09-24 14:22:27,883 - mylogger - DEBUG - 更新答案
2018-09-24 14:22:30,396 - mylogger - INFO - 本题结束
2018-09-24 14:22:30,406 - mylogger - DEBUG - 获取题目
2018-09-24 14:22:32,168 - mylogger - INFO - 第 3 题
2018-09-24 14:22:32,489 - mylogger - INFO - “锦瑟年华谁与度”化用了谁的诗句？
2018-09-24 14:22:33,439 - mylogger - INFO - ['李商隐', '周邦彦', '白居易']
2018-09-24 14:22:33,463 - mylogger - DEBUG - 数据库中检索答案
2018-09-24 14:22:33,468 - mylogger - DEBUG - 数据中无答案
2018-09-24 14:22:34,732 - mylogger - DEBUG - 在线检索答案：李商隐
2018-09-24 14:22:34,734 - mylogger - INFO - 我的答案：李商隐
2018-09-24 14:22:35,324 - mylogger - DEBUG - 选择选项
2018-09-24 14:22:37,807 - mylogger - INFO - 答案正确
2018-09-24 14:22:37,811 - mylogger - DEBUG - 更新答案
2018-09-24 14:22:42,544 - mylogger - INFO - 本题结束
2018-09-24 14:22:42,548 - mylogger - DEBUG - 获取题目
2018-09-24 14:22:44,363 - mylogger - INFO - 第 4 题
2018-09-24 14:22:44,642 - mylogger - INFO - 下列哪句诗与“霜叶红于二月花”描述的季节相同？
2018-09-24 14:22:45,695 - mylogger - INFO - ['沾衣欲湿杏花雨', '二月春风似剪刀', '红藕香残玉簟秋']
2018-09-24 14:22:45,733 - mylogger - DEBUG - 数据库中检索答案
2018-09-24 14:22:45,742 - mylogger - INFO - 我的答案：红藕香残玉簟秋
2018-09-24 14:22:46,333 - mylogger - DEBUG - 选择选项
2018-09-24 14:22:48,763 - mylogger - INFO - 答案正确
2018-09-24 14:22:48,768 - mylogger - DEBUG - 更新答案
2018-09-24 14:22:55,743 - mylogger - INFO - 本题结束
2018-09-24 14:22:55,746 - mylogger - DEBUG - 获取题目
2018-09-24 14:22:57,605 - mylogger - INFO - 第 5 题
2018-09-24 14:22:57,894 - mylogger - INFO - 甲、乙、丙三人设立合伙企业，下列哪项不能作为合伙人的出资？
2018-09-24 14:22:58,922 - mylogger - INFO - ['实物使用权', '土地所有权', '劳务']
2018-09-24 14:22:58,935 - mylogger - DEBUG - 数据库中检索答案
2018-09-24 14:22:58,946 - mylogger - INFO - 我的答案：土地所有权
2018-09-24 14:22:59,528 - mylogger - DEBUG - 选择选项
2018-09-24 14:23:01,906 - mylogger - INFO - 答案正确
2018-09-24 14:23:01,909 - mylogger - DEBUG - 更新答案
2018-09-24 14:23:08,878 - mylogger - INFO - 本题结束
2018-09-24 14:23:10,002 - mylogger - INFO - 本场比赛结束
2018-09-24 14:23:10,120 - mylogger - INFO - 返回游戏页面
2018-09-24 14:23:11,686 - mylogger - INFO - 进入排位赛
2018-09-24 14:23:11,689 - mylogger - INFO - 正在匹配中......
2018-09-24 14:23:42,097 - mylogger - INFO - 匹配成功
2018-09-24 14:23:42,101 - mylogger - DEBUG - 获取题目
2018-09-24 14:23:45,283 - mylogger - INFO - 第 1 题
2018-09-24 14:23:45,643 - mylogger - INFO - 中国最长的河是哪一个？
2018-09-24 14:23:46,841 - mylogger - INFO - ['珠江', '黄河', '长江']
2018-09-24 14:23:46,852 - mylogger - DEBUG - 数据库中检索答案
2018-09-24 14:23:46,865 - mylogger - DEBUG - 数据中无答案
2018-09-24 14:23:47,751 - mylogger - DEBUG - 在线检索答案：长江
2018-09-24 14:23:47,751 - mylogger - INFO - 我的答案：长江
2018-09-24 14:23:48,330 - mylogger - DEBUG - 选择选项
2018-09-24 14:23:50,778 - mylogger - INFO - 答案正确
2018-09-24 14:23:50,782 - mylogger - DEBUG - 更新答案
2018-09-24 14:23:52,140 - mylogger - INFO - 本题结束
2018-09-24 14:23:52,144 - mylogger - DEBUG - 获取题目
2018-09-24 14:23:53,956 - mylogger - INFO - 第 2 题
2018-09-24 14:23:54,291 - mylogger - INFO - “春种一粒粟”粟指什么
2018-09-24 14:23:55,243 - mylogger - INFO - ['高粱', '大米', '谷子']
2018-09-24 14:23:55,262 - mylogger - DEBUG - 数据库中检索答案
2018-09-24 14:23:55,266 - mylogger - INFO - 我的答案：谷子
2018-09-24 14:23:55,873 - mylogger - DEBUG - 选择选项
2018-09-24 14:23:58,372 - mylogger - INFO - 答案正确
2018-09-24 14:23:58,375 - mylogger - DEBUG - 更新答案
2018-09-24 14:24:04,314 - mylogger - INFO - 本题结束
2018-09-24 14:24:04,320 - mylogger - DEBUG - 获取题目
2018-09-24 14:24:07,358 - mylogger - INFO - 第 3 题
2018-09-24 14:24:07,676 - mylogger - INFO - 以下哪件事是《水浒》中梁山好汉武松所为？
2018-09-24 14:24:08,699 - mylogger - INFO - ['醉打蒋门神', '拳打镇关西', '倒拔垂杨柳']
2018-09-24 14:24:08,719 - mylogger - DEBUG - 数据库中检索答案
2018-09-24 14:24:08,723 - mylogger - DEBUG - 数据中无答案
2018-09-24 14:24:10,889 - mylogger - DEBUG - 在线检索答案：醉打蒋门神
2018-09-24 14:24:10,890 - mylogger - INFO - 我的答案：醉打蒋门神
2018-09-24 14:24:11,601 - mylogger - DEBUG - 选择选项
2018-09-24 14:24:14,015 - mylogger - INFO - 答案正确
2018-09-24 14:24:14,019 - mylogger - DEBUG - 更新答案
2018-09-24 14:24:16,582 - mylogger - INFO - 本题结束
2018-09-24 14:24:16,604 - mylogger - DEBUG - 获取题目
2018-09-24 14:24:18,377 - mylogger - INFO - 第 4 题
2018-09-24 14:24:18,694 - mylogger - INFO - 中药中常用的一味药“地龙”是指：
2018-09-24 14:24:19,693 - mylogger - INFO - ['蜈蚣', '蚯蚓', '蛇']
2018-09-24 14:24:19,737 - mylogger - DEBUG - 数据库中检索答案
2018-09-24 14:24:19,747 - mylogger - DEBUG - 数据中无答案
2018-09-24 14:24:21,025 - mylogger - DEBUG - 在线检索答案：蚯蚓
2018-09-24 14:24:21,026 - mylogger - INFO - 我的答案：蚯蚓
2018-09-24 14:24:21,633 - mylogger - DEBUG - 选择选项
2018-09-24 14:24:24,028 - mylogger - INFO - 答案正确
2018-09-24 14:24:24,032 - mylogger - DEBUG - 更新答案
2018-09-24 14:24:25,410 - mylogger - INFO - 本题结束
2018-09-24 14:24:25,414 - mylogger - DEBUG - 获取题目
2018-09-24 14:24:27,241 - mylogger - INFO - 第 5 题
2018-09-24 14:24:27,533 - mylogger - INFO - 在第二次世界大战中，“海狮计划”是德军对哪个国家的作战计划？
2018-09-24 14:24:28,586 - mylogger - INFO - ['法国', '英国', '日本']
2018-09-24 14:24:28,604 - mylogger - DEBUG - 数据库中检索答案
2018-09-24 14:24:28,609 - mylogger - DEBUG - 数据中无答案
2018-09-24 14:24:29,961 - mylogger - DEBUG - 在线检索答案：英国
2018-09-24 14:24:29,962 - mylogger - INFO - 我的答案：英国
2018-09-24 14:24:30,555 - mylogger - DEBUG - 选择选项
2018-09-24 14:24:33,033 - mylogger - INFO - 答案正确
2018-09-24 14:24:33,037 - mylogger - DEBUG - 更新答案
2018-09-24 14:24:36,708 - mylogger - INFO - 本题结束
2018-09-24 14:24:37,895 - mylogger - INFO - 本场比赛结束
2018-09-24 14:24:38,013 - mylogger - INFO - 返回游戏页面
2018-09-24 14:24:39,604 - mylogger - INFO - 进入排位赛
2018-09-24 14:24:39,611 - mylogger - INFO - 正在匹配中......
2018-09-24 14:24:41,193 - mylogger - INFO - 匹配成功
2018-09-24 14:24:41,204 - mylogger - DEBUG - 获取题目
2018-09-24 14:24:44,254 - mylogger - INFO - 第 1 题
2018-09-24 14:24:44,593 - mylogger - INFO - 成语“背水一战”是哪位楚汉时期历史人物的典故？
2018-09-24 14:24:45,506 - mylogger - INFO - ['赵云', '韩信', '诸葛亮']
2018-09-24 14:24:45,512 - mylogger - DEBUG - 数据库中检索答案
2018-09-24 14:24:45,521 - mylogger - INFO - 我的答案：韩信
2018-09-24 14:24:46,080 - mylogger - DEBUG - 选择选项
2018-09-24 14:24:48,518 - mylogger - INFO - 答案正确
2018-09-24 14:24:48,528 - mylogger - DEBUG - 更新答案
2018-09-24 14:24:51,025 - mylogger - INFO - 本题结束
2018-09-24 14:24:51,029 - mylogger - DEBUG - 获取题目
2018-09-24 14:24:54,022 - mylogger - INFO - 第 2 题
2018-09-24 14:24:54,360 - mylogger - INFO - 金庸小说《天龙八部》中，康敏的丈夫，丐帮副帮主是谁？
2018-09-24 14:24:55,383 - mylogger - INFO - ['马小元', '马中元', '马大元']
2018-09-24 14:24:55,401 - mylogger - DEBUG - 数据库中检索答案
2018-09-24 14:24:55,404 - mylogger - DEBUG - 数据中无答案
2018-09-24 14:24:56,354 - mylogger - DEBUG - 在线检索答案：马大元
2018-09-24 14:24:56,357 - mylogger - INFO - 我的答案：马大元
2018-09-24 14:24:56,921 - mylogger - DEBUG - 选择选项
2018-09-24 14:24:59,375 - mylogger - INFO - 答案正确
2018-09-24 14:24:59,380 - mylogger - DEBUG - 更新答案
2018-09-24 14:25:01,888 - mylogger - INFO - 本题结束
2018-09-24 14:25:01,896 - mylogger - DEBUG - 获取题目
2018-09-24 14:25:03,771 - mylogger - INFO - 第 3 题
2018-09-24 14:25:04,066 - mylogger - INFO - 中国在建的最大全球最大单口径射电望远镜（FAST）在哪里？
2018-09-24 14:25:04,911 - mylogger - INFO - ['贵州', '陕西', '北京']
2018-09-24 14:25:04,936 - mylogger - DEBUG - 数据库中检索答案
2018-09-24 14:25:04,939 - mylogger - DEBUG - 数据中无答案
2018-09-24 14:25:06,192 - mylogger - DEBUG - 在线检索答案：贵州
2018-09-24 14:25:06,193 - mylogger - INFO - 我的答案：贵州
2018-09-24 14:25:06,814 - mylogger - DEBUG - 选择选项
2018-09-24 14:25:09,266 - mylogger - INFO - 答案正确
2018-09-24 14:25:09,270 - mylogger - DEBUG - 更新答案
2018-09-24 14:25:11,775 - mylogger - INFO - 本题结束
2018-09-24 14:25:11,780 - mylogger - DEBUG - 获取题目
2018-09-24 14:25:14,772 - mylogger - INFO - 第 4 题
2018-09-24 14:25:15,056 - mylogger - INFO - 以下哪个节气在立夏之前？
2018-09-24 14:25:16,003 - mylogger - INFO - ['雨水', '霜降', '谷雨']
2018-09-24 14:25:16,025 - mylogger - DEBUG - 数据库中检索答案
2018-09-24 14:25:16,030 - mylogger - DEBUG - 数据中无答案
2018-09-24 14:25:17,248 - mylogger - DEBUG - 在线检索答案：谷雨
2018-09-24 14:25:17,249 - mylogger - INFO - 我的答案：谷雨
2018-09-24 14:25:17,903 - mylogger - DEBUG - 选择选项
2018-09-24 14:25:20,303 - mylogger - INFO - 答案正确
2018-09-24 14:25:20,308 - mylogger - DEBUG - 更新答案
2018-09-24 14:25:22,815 - mylogger - INFO - 本题结束
2018-09-24 14:25:22,819 - mylogger - DEBUG - 获取题目
2018-09-24 14:25:25,831 - mylogger - INFO - 第 5 题
2018-09-24 14:25:26,143 - mylogger - INFO - 中国现存最早用纸作画的作品是
2018-09-24 14:25:27,101 - mylogger - INFO - ['《清明上河图》', '《洛神赋图》', '《五牛图》']
2018-09-24 14:25:27,119 - mylogger - DEBUG - 数据库中检索答案
2018-09-24 14:25:27,123 - mylogger - DEBUG - 数据中无答案
2018-09-24 14:25:27,897 - mylogger - DEBUG - 在线检索答案：《五牛图》
2018-09-24 14:25:27,900 - mylogger - INFO - 我的答案：《五牛图》
2018-09-24 14:25:28,476 - mylogger - DEBUG - 选择选项
2018-09-24 14:25:31,000 - mylogger - INFO - 答案正确
2018-09-24 14:25:31,006 - mylogger - DEBUG - 更新答案
2018-09-24 14:25:35,840 - mylogger - INFO - 本题结束
2018-09-24 14:25:37,016 - mylogger - INFO - 本场比赛结束
2018-09-24 14:25:37,129 - mylogger - INFO - 返回游戏页面
2018-09-24 14:25:38,705 - mylogger - INFO - 进入排位赛
2018-09-24 14:25:38,709 - mylogger - INFO - 正在匹配中......
2018-09-24 14:26:03,984 - mylogger - INFO - 匹配成功
2018-09-24 14:26:03,999 - mylogger - DEBUG - 获取题目
2018-09-24 14:26:06,941 - mylogger - INFO - 第 1 题
2018-09-24 14:26:07,313 - mylogger - INFO - 下面选项中不是元宵节的习俗的是？
2018-09-24 14:26:08,243 - mylogger - INFO - ['舞狮子', '赏花灯', '贴窗花']
2018-09-24 14:26:08,258 - mylogger - DEBUG - 数据库中检索答案
2018-09-24 14:26:08,267 - mylogger - DEBUG - 数据中无答案
2018-09-24 14:26:09,072 - mylogger - DEBUG - 在线检索答案：舞狮子
2018-09-24 14:26:09,073 - mylogger - INFO - 我的答案：舞狮子
2018-09-24 14:26:09,667 - mylogger - DEBUG - 选择选项
2018-09-24 14:26:12,196 - mylogger - INFO - 答案错误
2018-09-24 14:26:12,474 - mylogger - INFO - 正确答案；贴窗花
2018-09-24 14:26:12,487 - mylogger - DEBUG - 更新答案
2018-09-24 14:26:15,147 - mylogger - INFO - 本题结束
2018-09-24 14:26:15,153 - mylogger - DEBUG - 获取题目
2018-09-24 14:26:17,094 - mylogger - INFO - 第 2 题
2018-09-24 14:26:17,430 - mylogger - INFO - 在太阳系八大行星中，体积最大的是哪个行星？
2018-09-24 14:26:18,388 - mylogger - INFO - ['金星', '火星', '木星']
2018-09-24 14:26:18,401 - mylogger - DEBUG - 数据库中检索答案
2018-09-24 14:26:18,409 - mylogger - DEBUG - 数据中无答案
2018-09-24 14:26:19,214 - mylogger - DEBUG - 在线检索答案：木星
2018-09-24 14:26:19,215 - mylogger - INFO - 我的答案：木星
2018-09-24 14:26:19,858 - mylogger - DEBUG - 选择选项
2018-09-24 14:26:22,346 - mylogger - INFO - 答案正确
2018-09-24 14:26:22,350 - mylogger - DEBUG - 更新答案
2018-09-24 14:26:25,084 - mylogger - INFO - 本题结束
2018-09-24 14:26:25,090 - mylogger - DEBUG - 获取题目
2018-09-24 14:26:28,143 - mylogger - INFO - 第 3 题
2018-09-24 14:26:28,500 - mylogger - INFO - 河南焦作的特产之一，因表皮类似锈迹而得名的是哪种山药？
2018-09-24 14:26:29,457 - mylogger - INFO - ['铁皮石斛', '红枣', '铁棍山药']
2018-09-24 14:26:29,471 - mylogger - DEBUG - 数据库中检索答案
2018-09-24 14:26:29,477 - mylogger - DEBUG - 数据中无答案
2018-09-24 14:26:30,376 - mylogger - DEBUG - 在线检索答案：铁棍山药
2018-09-24 14:26:30,377 - mylogger - INFO - 我的答案：铁棍山药
2018-09-24 14:26:30,954 - mylogger - DEBUG - 选择选项
2018-09-24 14:26:33,348 - mylogger - INFO - 答案正确
2018-09-24 14:26:33,351 - mylogger - DEBUG - 更新答案
2018-09-24 14:26:36,151 - mylogger - INFO - 本题结束
2018-09-24 14:26:36,156 - mylogger - DEBUG - 获取题目
2018-09-24 14:26:38,011 - mylogger - INFO - 第 4 题
2018-09-24 14:26:38,440 - mylogger - INFO - 苯甲酸的分子式是：
2018-09-24 14:26:39,437 - mylogger - INFO - ['C6H60', 'C7H602', 'C6H6']
2018-09-24 14:26:39,452 - mylogger - DEBUG - 数据库中检索答案
2018-09-24 14:26:39,462 - mylogger - DEBUG - 数据中无答案
2018-09-24 14:26:40,824 - mylogger - DEBUG - 在线检索答案：
2018-09-24 14:26:40,825 - mylogger - INFO - 我的答案：C6H60
2018-09-24 14:26:41,393 - mylogger - DEBUG - 选择选项
2018-09-24 14:26:43,849 - mylogger - INFO - 答案错误
2018-09-24 14:26:43,966 - mylogger - INFO - 正确答案；C7H602
2018-09-24 14:26:43,969 - mylogger - DEBUG - 更新答案
2018-09-24 14:26:47,948 - mylogger - INFO - 本题结束
2018-09-24 14:26:47,993 - mylogger - DEBUG - 获取题目
2018-09-24 14:26:50,908 - mylogger - INFO - 第 5 题
2018-09-24 14:26:51,276 - mylogger - INFO - 在太阳系中，位于“天王星”与“木星”之间的行星是哪一个？
2018-09-24 14:26:52,332 - mylogger - INFO - ['海王星', '土星', '火星']
2018-09-24 14:26:52,350 - mylogger - DEBUG - 数据库中检索答案
2018-09-24 14:26:52,352 - mylogger - DEBUG - 数据中无答案
2018-09-24 14:26:54,417 - mylogger - DEBUG - 在线检索答案：土星
2018-09-24 14:26:54,418 - mylogger - INFO - 我的答案：土星
2018-09-24 14:26:55,100 - mylogger - DEBUG - 选择选项
2018-09-24 14:26:57,510 - mylogger - INFO - 答案正确
2018-09-24 14:26:57,516 - mylogger - DEBUG - 更新答案
2018-09-24 14:27:00,383 - mylogger - INFO - 本题结束
2018-09-24 14:27:01,542 - mylogger - INFO - 本场比赛结束
2018-09-24 14:27:01,652 - mylogger - INFO - 返回游戏页面
2018-09-24 14:27:03,205 - mylogger - INFO - 进入排位赛
2018-09-24 14:27:03,210 - mylogger - INFO - 正在匹配中......
2018-09-24 14:27:25,803 - mylogger - INFO - 匹配成功
2018-09-24 14:27:25,807 - mylogger - DEBUG - 获取题目
2018-09-24 14:27:28,829 - mylogger - INFO - 第 1 题
2018-09-24 14:27:29,132 - mylogger - INFO - 以下哪个行星是从太阳系大行星中被除名的？
2018-09-24 14:27:30,015 - mylogger - INFO - ['木星', '冥王星', '金星\t']
2018-09-24 14:27:30,033 - mylogger - DEBUG - 数据库中检索答案
2018-09-24 14:27:30,042 - mylogger - DEBUG - 数据中无答案
2018-09-24 14:27:30,900 - mylogger - DEBUG - 在线检索答案：冥王星
2018-09-24 14:27:30,901 - mylogger - INFO - 我的答案：冥王星
2018-09-24 14:27:31,505 - mylogger - DEBUG - 选择选项
2018-09-24 14:27:33,908 - mylogger - INFO - 答案正确
2018-09-24 14:27:33,913 - mylogger - DEBUG - 更新答案
2018-09-24 14:27:36,706 - mylogger - INFO - 本题结束
2018-09-24 14:27:36,713 - mylogger - DEBUG - 获取题目
2018-09-24 14:27:38,602 - mylogger - INFO - 第 2 题
2018-09-24 14:27:38,977 - mylogger - INFO - 电子计算机发明于哪一年？
2018-09-24 14:27:40,098 - mylogger - INFO - ['1946', '1955', '1960']
2018-09-24 14:27:40,111 - mylogger - DEBUG - 数据库中检索答案
2018-09-24 14:27:40,122 - mylogger - DEBUG - 数据中无答案
2018-09-24 14:27:40,516 - mylogger - DEBUG - 在线检索答案：1946
2018-09-24 14:27:40,518 - mylogger - INFO - 我的答案：1946
2018-09-24 14:27:41,182 - mylogger - DEBUG - 选择选项
2018-09-24 14:27:43,651 - mylogger - INFO - 答案正确
2018-09-24 14:27:43,655 - mylogger - DEBUG - 更新答案
2018-09-24 14:27:44,151 - mylogger - INFO - 本题结束
2018-09-24 14:27:44,156 - mylogger - DEBUG - 获取题目
2018-09-24 14:27:47,141 - mylogger - INFO - 第 3 题
2018-09-24 14:27:47,477 - mylogger - INFO - 以下哪首歌是由李圣杰演唱的？
2018-09-24 14:27:48,470 - mylogger - INFO - ['《手放开》', '《爱上未来的你》', '《酷爱》']
2018-09-24 14:27:48,483 - mylogger - DEBUG - 数据库中检索答案
2018-09-24 14:27:48,493 - mylogger - DEBUG - 数据中无答案
2018-09-24 14:27:49,219 - mylogger - DEBUG - 在线检索答案：《手放开》
2018-09-24 14:27:49,220 - mylogger - INFO - 我的答案：《手放开》
2018-09-24 14:27:49,849 - mylogger - DEBUG - 选择选项
2018-09-24 14:27:52,251 - mylogger - INFO - 答案正确
2018-09-24 14:27:52,255 - mylogger - DEBUG - 更新答案
2018-09-24 14:27:52,777 - mylogger - INFO - 本题结束
2018-09-24 14:27:52,784 - mylogger - DEBUG - 获取题目
2018-09-24 14:27:55,838 - mylogger - INFO - 第 4 题
2018-09-24 14:27:56,152 - mylogger - INFO - “二十四桥明月夜，玉人何处教吹箫”出自谁的手笔？
2018-09-24 14:27:57,159 - mylogger - INFO - ['李商隐', '李颀', '杜牧']
2018-09-24 14:27:57,173 - mylogger - DEBUG - 数据库中检索答案
2018-09-24 14:27:57,181 - mylogger - DEBUG - 数据中无答案
2018-09-24 14:27:58,150 - mylogger - DEBUG - 在线检索答案：杜牧
2018-09-24 14:27:58,152 - mylogger - INFO - 我的答案：杜牧
2018-09-24 14:27:58,787 - mylogger - DEBUG - 选择选项
2018-09-24 14:28:01,234 - mylogger - INFO - 答案正确
2018-09-24 14:28:01,238 - mylogger - DEBUG - 更新答案
2018-09-24 14:28:01,762 - mylogger - INFO - 本题结束
2018-09-24 14:28:01,768 - mylogger - DEBUG - 获取题目
2018-09-24 14:28:04,859 - mylogger - INFO - 第 5 题
2018-09-24 14:28:05,166 - mylogger - INFO - 二战中著名的市场花园行动发生于哪个国家？
2018-09-24 14:28:05,990 - mylogger - INFO - ['英国', '荷兰', '俄罗斯']
2018-09-24 14:28:06,005 - mylogger - DEBUG - 数据库中检索答案
2018-09-24 14:28:06,014 - mylogger - INFO - 我的答案：荷兰
2018-09-24 14:28:06,622 - mylogger - DEBUG - 选择选项
2018-09-24 14:28:09,051 - mylogger - INFO - 答案正确
2018-09-24 14:28:09,055 - mylogger - DEBUG - 更新答案
2018-09-24 14:28:12,985 - mylogger - INFO - 本题结束
2018-09-24 14:28:14,138 - mylogger - INFO - 本场比赛结束
2018-09-24 14:28:14,194 - mylogger - INFO - 返回游戏页面
2018-09-24 14:28:15,770 - mylogger - INFO - 进入排位赛
2018-09-24 14:28:15,773 - mylogger - INFO - 正在匹配中......
2018-09-24 14:29:16,220 - mylogger - WARNING - 匹配失败
2018-09-24 14:29:16,365 - mylogger - INFO - 返回游戏页面
2018-09-24 14:29:17,941 - mylogger - INFO - 进入排位赛
2018-09-24 14:29:17,944 - mylogger - INFO - 正在匹配中......
2018-09-24 14:29:52,254 - mylogger - INFO - 匹配成功
2018-09-24 14:29:52,259 - mylogger - DEBUG - 获取题目
2018-09-24 14:29:55,467 - mylogger - INFO - 第 1 题
2018-09-24 14:29:55,788 - mylogger - INFO - 著名油画向日葵的作者是哪位画家？
2018-09-24 14:29:56,939 - mylogger - INFO - ['达·芬奇', '梵高', '米开朗基罗']
2018-09-24 14:29:56,959 - mylogger - DEBUG - 数据库中检索答案
2018-09-24 14:29:56,962 - mylogger - DEBUG - 数据中无答案
2018-09-24 14:29:57,752 - mylogger - DEBUG - 在线检索答案：梵高
2018-09-24 14:29:57,754 - mylogger - INFO - 我的答案：梵高
2018-09-24 14:29:58,451 - mylogger - DEBUG - 选择选项
2018-09-24 14:30:00,855 - mylogger - INFO - 答案正确
2018-09-24 14:30:00,860 - mylogger - DEBUG - 更新答案
2018-09-24 14:30:01,354 - mylogger - INFO - 本题结束
2018-09-24 14:30:01,361 - mylogger - DEBUG - 获取题目
2018-09-24 14:30:04,402 - mylogger - INFO - 第 2 题
2018-09-24 14:30:04,735 - mylogger - INFO - 《杨家将》中，谁百岁挂帅，带领杨家十二寡妇及重孙文广出征杀敌
2018-09-24 14:30:05,680 - mylogger - INFO - ['花木兰', '穆桂英', '佘赛花']
2018-09-24 14:30:05,721 - mylogger - DEBUG - 数据库中检索答案
2018-09-24 14:30:05,729 - mylogger - DEBUG - 数据中无答案
2018-09-24 14:30:06,220 - mylogger - DEBUG - 在线检索答案：
2018-09-24 14:30:06,222 - mylogger - INFO - 我的答案：花木兰
2018-09-24 14:30:06,876 - mylogger - DEBUG - 选择选项
2018-09-24 14:30:09,317 - mylogger - INFO - 答案错误
2018-09-24 14:30:09,563 - mylogger - INFO - 正确答案；佘赛花
2018-09-24 14:30:09,567 - mylogger - DEBUG - 更新答案
2018-09-24 14:30:12,319 - mylogger - INFO - 本题结束
2018-09-24 14:30:12,364 - mylogger - DEBUG - 获取题目
2018-09-24 14:30:15,388 - mylogger - INFO - 第 3 题
2018-09-24 14:30:15,687 - mylogger - INFO - 一年有几个月份是31天？
2018-09-24 14:30:16,768 - mylogger - INFO - ['5个', '7个', '8个']
2018-09-24 14:30:16,782 - mylogger - DEBUG - 数据库中检索答案
2018-09-24 14:30:16,788 - mylogger - DEBUG - 数据中无答案
2018-09-24 14:30:18,527 - mylogger - DEBUG - 在线检索答案：5个
2018-09-24 14:30:18,528 - mylogger - INFO - 我的答案：5个
2018-09-24 14:30:19,129 - mylogger - DEBUG - 选择选项
2018-09-24 14:30:21,591 - mylogger - INFO - 答案错误
2018-09-24 14:30:21,753 - mylogger - INFO - 正确答案；7个
2018-09-24 14:30:21,758 - mylogger - DEBUG - 更新答案
2018-09-24 14:30:25,123 - mylogger - INFO - 本题结束
2018-09-24 14:30:25,128 - mylogger - DEBUG - 获取题目
2018-09-24 14:30:26,944 - mylogger - INFO - 第 4 题
2018-09-24 14:30:27,294 - mylogger - INFO - “寒号鸟”是属于什么类的动物？
2018-09-24 14:30:28,175 - mylogger - INFO - ['两栖类', '鸟类', '哺乳类']
2018-09-24 14:30:28,195 - mylogger - DEBUG - 数据库中检索答案
2018-09-24 14:30:28,197 - mylogger - INFO - 我的答案：哺乳类
2018-09-24 14:30:28,770 - mylogger - DEBUG - 选择选项
2018-09-24 14:30:31,165 - mylogger - INFO - 答案正确
2018-09-24 14:30:31,171 - mylogger - DEBUG - 更新答案
2018-09-24 14:30:33,952 - mylogger - INFO - 本题结束
2018-09-24 14:30:33,960 - mylogger - DEBUG - 获取题目
2018-09-24 14:30:35,863 - mylogger - INFO - 第 5 题
2018-09-24 14:30:36,229 - mylogger - INFO - 深受大家喜欢的巧克力原产于哪里？
2018-09-24 14:30:37,213 - mylogger - INFO - ['欧洲', '美洲', '亚洲']
2018-09-24 14:30:37,228 - mylogger - DEBUG - 数据库中检索答案
2018-09-24 14:30:37,236 - mylogger - DEBUG - 数据中无答案
2018-09-24 14:30:38,401 - mylogger - DEBUG - 在线检索答案：美洲
2018-09-24 14:30:38,403 - mylogger - INFO - 我的答案：美洲
2018-09-24 14:30:39,014 - mylogger - DEBUG - 选择选项
2018-09-24 14:30:41,404 - mylogger - INFO - 答案正确
2018-09-24 14:30:41,408 - mylogger - DEBUG - 更新答案
2018-09-24 14:30:41,836 - mylogger - INFO - 本题结束
2018-09-24 14:30:42,985 - mylogger - INFO - 本场比赛结束
2018-09-24 14:30:43,048 - mylogger - INFO - 返回游戏页面
2018-09-24 14:30:44,606 - mylogger - INFO - 进入排位赛
2018-09-24 14:30:44,611 - mylogger - INFO - 正在匹配中......
2018-09-24 14:31:07,819 - mylogger - INFO - 匹配成功
2018-09-24 14:31:07,823 - mylogger - DEBUG - 获取题目
2018-09-24 14:31:10,842 - mylogger - INFO - 第 1 题
2018-09-24 14:31:11,212 - mylogger - INFO - 六盘水市、遵义市是属于我国哪个省的城市？
2018-09-24 14:31:12,219 - mylogger - INFO - ['安徽', '贵州', '云南']
2018-09-24 14:31:12,232 - mylogger - DEBUG - 数据库中检索答案
2018-09-24 14:31:12,244 - mylogger - DEBUG - 数据中无答案
2018-09-24 14:31:13,514 - mylogger - DEBUG - 在线检索答案：贵州
2018-09-24 14:31:13,516 - mylogger - INFO - 我的答案：贵州
2018-09-24 14:31:14,155 - mylogger - DEBUG - 选择选项
2018-09-24 14:31:16,567 - mylogger - INFO - 答案正确
2018-09-24 14:31:16,578 - mylogger - DEBUG - 更新答案
2018-09-24 14:31:18,119 - mylogger - INFO - 本题结束
2018-09-24 14:31:18,126 - mylogger - DEBUG - 获取题目
2018-09-24 14:31:19,935 - mylogger - INFO - 第 2 题
2018-09-24 14:31:20,222 - mylogger - INFO - 火遍全球的游戏《Pokemon Go》由哪家公司发行？
2018-09-24 14:31:21,025 - mylogger - INFO - ['任天堂', '动视暴雪', '育碧']
2018-09-24 14:31:21,038 - mylogger - DEBUG - 数据库中检索答案
2018-09-24 14:31:21,045 - mylogger - INFO - 我的答案：任天堂
2018-09-24 14:31:21,636 - mylogger - DEBUG - 选择选项
2018-09-24 14:31:24,086 - mylogger - INFO - 答案正确
2018-09-24 14:31:24,093 - mylogger - DEBUG - 更新答案
2018-09-24 14:31:25,638 - mylogger - INFO - 本题结束
2018-09-24 14:31:25,644 - mylogger - DEBUG - 获取题目
2018-09-24 14:31:27,455 - mylogger - INFO - 第 3 题
2018-09-24 14:31:27,766 - mylogger - INFO - 哈勃望远镜是以下哪个国家发射的？
2018-09-24 14:31:28,740 - mylogger - INFO - ['美国', '英国', '俄国']
2018-09-24 14:31:28,761 - mylogger - DEBUG - 数据库中检索答案
2018-09-24 14:31:28,764 - mylogger - INFO - 我的答案：美国
2018-09-24 14:31:29,360 - mylogger - DEBUG - 选择选项
2018-09-24 14:31:31,753 - mylogger - INFO - 答案正确
2018-09-24 14:31:31,757 - mylogger - DEBUG - 更新答案
2018-09-24 14:31:33,332 - mylogger - INFO - 本题结束
2018-09-24 14:31:33,340 - mylogger - DEBUG - 获取题目
2018-09-24 14:31:35,178 - mylogger - INFO - 第 4 题
2018-09-24 14:31:35,471 - mylogger - INFO - 我国四大名酒中，产地位于陕西省的是哪种酒？
2018-09-24 14:31:36,367 - mylogger - INFO - ['茅台', '汾酒', '西凤酒']
2018-09-24 14:31:36,383 - mylogger - DEBUG - 数据库中检索答案
2018-09-24 14:31:36,392 - mylogger - INFO - 我的答案：西凤酒
2018-09-24 14:31:36,992 - mylogger - DEBUG - 选择选项
2018-09-24 14:31:39,513 - mylogger - INFO - 答案正确
2018-09-24 14:31:39,519 - mylogger - DEBUG - 更新答案
2018-09-24 14:31:44,516 - mylogger - INFO - 本题结束
2018-09-24 14:31:44,520 - mylogger - DEBUG - 获取题目
2018-09-24 14:31:46,341 - mylogger - INFO - 第 5 题
2018-09-24 14:31:46,624 - mylogger - INFO - 被称为“诗史”的是？
2018-09-24 14:31:47,475 - mylogger - INFO - ['李白', '陶渊明', '杜甫']
2018-09-24 14:31:47,492 - mylogger - DEBUG - 数据库中检索答案
2018-09-24 14:31:47,496 - mylogger - DEBUG - 数据中无答案
2018-09-24 14:31:48,345 - mylogger - DEBUG - 在线检索答案：杜甫
2018-09-24 14:31:48,347 - mylogger - INFO - 我的答案：杜甫
2018-09-24 14:31:48,944 - mylogger - DEBUG - 选择选项
2018-09-24 14:31:51,546 - mylogger - INFO - 答案正确
2018-09-24 14:31:51,551 - mylogger - DEBUG - 更新答案
2018-09-24 14:31:55,492 - mylogger - INFO - 本题结束
2018-09-24 14:31:56,625 - mylogger - INFO - 本场比赛结束
2018-09-24 14:31:56,678 - mylogger - INFO - 返回游戏页面
2018-09-24 14:31:58,260 - mylogger - INFO - 进入排位赛
2018-09-24 14:31:58,264 - mylogger - INFO - 正在匹配中......
2018-09-24 14:32:07,603 - mylogger - INFO - 匹配成功
2018-09-24 14:32:07,607 - mylogger - DEBUG - 获取题目
2018-09-24 14:32:10,736 - mylogger - INFO - 第 1 题
2018-09-24 14:32:11,113 - mylogger - INFO - 以下哪个演员没有参演电视剧《武林外传》？
2018-09-24 14:32:12,137 - mylogger - INFO - ['姚晨', '闫妮', '林心如']
2018-09-24 14:32:12,150 - mylogger - DEBUG - 数据库中检索答案
2018-09-24 14:32:12,154 - mylogger - INFO - 我的答案：林心如
2018-09-24 14:32:12,761 - mylogger - DEBUG - 选择选项
2018-09-24 14:32:15,198 - mylogger - INFO - 答案正确
2018-09-24 14:32:15,202 - mylogger - DEBUG - 更新答案
2018-09-24 14:32:16,821 - mylogger - INFO - 本题结束
2018-09-24 14:32:16,828 - mylogger - DEBUG - 获取题目
2018-09-24 14:32:18,758 - mylogger - INFO - 第 2 题
2018-09-24 14:32:19,045 - mylogger - INFO - “生存还是毁灭，这是一个值得考虑的问题”出自莎士比亚哪部作品
2018-09-24 14:32:19,930 - mylogger - INFO - ['哈姆雷特', '基督山伯爵', '茶花女']
2018-09-24 14:32:19,949 - mylogger - DEBUG - 数据库中检索答案
2018-09-24 14:32:19,951 - mylogger - INFO - 我的答案：哈姆雷特
2018-09-24 14:32:20,569 - mylogger - DEBUG - 选择选项
2018-09-24 14:32:23,028 - mylogger - INFO - 答案正确
2018-09-24 14:32:23,040 - mylogger - DEBUG - 更新答案
2018-09-24 14:32:26,917 - mylogger - INFO - 本题结束
2018-09-24 14:32:26,922 - mylogger - DEBUG - 获取题目
2018-09-24 14:32:28,782 - mylogger - INFO - 第 3 题
2018-09-24 14:32:29,236 - mylogger - INFO - 寒衣节是我国传统的祭祀节日，最早可追溯到什么时候？
2018-09-24 14:32:30,279 - mylogger - INFO - ['周代', '宋代', '明代']
2018-09-24 14:32:30,293 - mylogger - DEBUG - 数据库中检索答案
2018-09-24 14:32:30,299 - mylogger - DEBUG - 数据中无答案
2018-09-24 14:32:31,257 - mylogger - DEBUG - 在线检索答案：周代
2018-09-24 14:32:31,259 - mylogger - INFO - 我的答案：周代
2018-09-24 14:32:31,922 - mylogger - DEBUG - 选择选项
2018-09-24 14:32:34,410 - mylogger - INFO - 答案正确
2018-09-24 14:32:34,414 - mylogger - DEBUG - 更新答案
2018-09-24 14:32:34,922 - mylogger - INFO - 本题结束
2018-09-24 14:32:34,928 - mylogger - DEBUG - 获取题目
2018-09-24 14:32:37,905 - mylogger - INFO - 第 4 题
2018-09-24 14:32:38,254 - mylogger - INFO - 《四驱兄弟》中主角小烈、小豪兄弟俩的姓是什么？
2018-09-24 14:32:39,286 - mylogger - INFO - ['星辰', '星际', '星马']
2018-09-24 14:32:39,303 - mylogger - DEBUG - 数据库中检索答案
2018-09-24 14:32:39,313 - mylogger - DEBUG - 数据中无答案
2018-09-24 14:32:40,159 - mylogger - DEBUG - 在线检索答案：星马
2018-09-24 14:32:40,160 - mylogger - INFO - 我的答案：星马
2018-09-24 14:32:40,763 - mylogger - DEBUG - 选择选项
2018-09-24 14:32:43,173 - mylogger - INFO - 答案正确
2018-09-24 14:32:43,176 - mylogger - DEBUG - 更新答案
2018-09-24 14:32:43,598 - mylogger - INFO - 本题结束
2018-09-24 14:32:43,603 - mylogger - DEBUG - 获取题目
2018-09-24 14:32:46,635 - mylogger - INFO - 第 5 题
2018-09-24 14:32:47,010 - mylogger - INFO - 下列哪位艺人不是湖南籍？
2018-09-24 14:32:48,118 - mylogger - INFO - ['王栎鑫', '李宇春', '张艺兴']
2018-09-24 14:32:48,132 - mylogger - DEBUG - 数据库中检索答案
2018-09-24 14:32:48,138 - mylogger - INFO - 我的答案：李宇春
2018-09-24 14:32:48,703 - mylogger - DEBUG - 选择选项
2018-09-24 14:32:51,133 - mylogger - INFO - 答案正确
2018-09-24 14:32:51,138 - mylogger - DEBUG - 更新答案
2018-09-24 14:32:52,799 - mylogger - INFO - 本题结束
2018-09-24 14:32:53,943 - mylogger - INFO - 本场比赛结束
2018-09-24 14:32:53,996 - mylogger - INFO - 返回游戏页面
2018-09-24 14:32:55,529 - mylogger - INFO - 进入排位赛
2018-09-24 14:32:55,532 - mylogger - INFO - 正在匹配中......
2018-09-24 14:33:11,887 - mylogger - INFO - 匹配成功
2018-09-24 14:33:11,890 - mylogger - DEBUG - 获取题目
2018-09-24 14:33:14,836 - mylogger - INFO - 第 1 题
2018-09-24 14:33:15,172 - mylogger - INFO - 在影视作品中，苗翠花是哪个功夫大师的母亲？
2018-09-24 14:33:16,077 - mylogger - INFO - ['洪七公', '方世玉', '方孝雨']
2018-09-24 14:33:16,094 - mylogger - DEBUG - 数据库中检索答案
2018-09-24 14:33:16,102 - mylogger - DEBUG - 数据中无答案
2018-09-24 14:33:17,629 - mylogger - DEBUG - 在线检索答案：方世玉
2018-09-24 14:33:17,631 - mylogger - INFO - 我的答案：方世玉
2018-09-24 14:33:18,264 - mylogger - DEBUG - 选择选项
2018-09-24 14:33:20,743 - mylogger - INFO - 答案正确
2018-09-24 14:33:20,755 - mylogger - DEBUG - 更新答案
2018-09-24 14:33:29,082 - mylogger - INFO - 本题结束
2018-09-24 14:33:29,088 - mylogger - DEBUG - 获取题目
2018-09-24 14:33:30,949 - mylogger - INFO - 第 2 题
2018-09-24 14:33:31,264 - mylogger - INFO - 外交官一般分大使、公使、代办等共多少级？
2018-09-24 14:33:32,160 - mylogger - INFO - ['五', '四', '三']
2018-09-24 14:33:32,179 - mylogger - DEBUG - 数据库中检索答案
2018-09-24 14:33:32,181 - mylogger - INFO - 我的答案：五
2018-09-24 14:33:32,740 - mylogger - DEBUG - 选择选项
2018-09-24 14:33:35,240 - mylogger - INFO - 答案正确
2018-09-24 14:33:35,244 - mylogger - DEBUG - 更新答案
2018-09-24 14:33:45,943 - mylogger - INFO - 本题结束
2018-09-24 14:33:45,948 - mylogger - DEBUG - 获取题目
2018-09-24 14:33:48,981 - mylogger - INFO - 第 3 题
2018-09-24 14:33:49,273 - mylogger - INFO - 电视节目《我们相爱吧 第二季》的主持人是以下哪位？
2018-09-24 14:33:50,149 - mylogger - INFO - ['谢娜', '陈赫', '李艾']
2018-09-24 14:33:50,162 - mylogger - DEBUG - 数据库中检索答案
2018-09-24 14:33:50,174 - mylogger - INFO - 我的答案：李艾
2018-09-24 14:33:50,757 - mylogger - DEBUG - 选择选项
2018-09-24 14:33:53,213 - mylogger - INFO - 答案正确
2018-09-24 14:33:53,217 - mylogger - DEBUG - 更新答案
2018-09-24 14:34:02,870 - mylogger - INFO - 本题结束
2018-09-24 14:34:02,874 - mylogger - DEBUG - 获取题目
2018-09-24 14:34:05,905 - mylogger - INFO - 第 4 题
2018-09-24 14:34:06,246 - mylogger - INFO - 世界上第一张圣诞卡出现在哪个国家？
2018-09-24 14:34:07,102 - mylogger - INFO - ['英国', '德国', '意大利']
2018-09-24 14:34:07,123 - mylogger - DEBUG - 数据库中检索答案
2018-09-24 14:34:07,126 - mylogger - DEBUG - 数据中无答案
2018-09-24 14:34:08,434 - mylogger - DEBUG - 在线检索答案：英国
2018-09-24 14:34:08,435 - mylogger - INFO - 我的答案：英国
2018-09-24 14:34:09,081 - mylogger - DEBUG - 选择选项
2018-09-24 14:34:11,521 - mylogger - INFO - 答案正确
2018-09-24 14:34:11,535 - mylogger - DEBUG - 更新答案
2018-09-24 14:34:20,013 - mylogger - INFO - 本题结束
2018-09-24 14:34:20,017 - mylogger - DEBUG - 获取题目
2018-09-24 14:34:23,114 - mylogger - INFO - 第 5 题
2018-09-24 14:34:23,445 - mylogger - INFO - 第一颗人造卫星发射成功是什么时候？
2018-09-24 14:34:24,387 - mylogger - INFO - ['1967年', '1957年', '1947年']
2018-09-24 14:34:24,400 - mylogger - DEBUG - 数据库中检索答案
2018-09-24 14:34:24,410 - mylogger - DEBUG - 数据中无答案
2018-09-24 14:34:25,745 - mylogger - DEBUG - 在线检索答案：1957年
2018-09-24 14:34:25,745 - mylogger - INFO - 我的答案：1957年
2018-09-24 14:34:26,335 - mylogger - DEBUG - 选择选项
2018-09-24 14:34:28,728 - mylogger - INFO - 答案正确
2018-09-24 14:34:28,734 - mylogger - DEBUG - 更新答案
2018-09-24 14:34:37,290 - mylogger - INFO - 本题结束
2018-09-24 14:34:38,443 - mylogger - INFO - 本场比赛结束
2018-09-24 14:34:38,527 - mylogger - INFO - 返回游戏页面
2018-09-24 14:34:40,110 - mylogger - INFO - 进入排位赛
2018-09-24 14:34:40,116 - mylogger - INFO - 正在匹配中......
2018-09-24 14:35:08,877 - mylogger - INFO - 匹配成功
2018-09-24 14:35:08,883 - mylogger - DEBUG - 获取题目
2018-09-24 14:35:11,914 - mylogger - INFO - 第 1 题
2018-09-24 14:35:12,202 - mylogger - INFO - 哪个是《火影忍者》剧场版中的人物？
2018-09-24 14:35:13,090 - mylogger - INFO - ['小丸子', '鸣人', '大雄']
2018-09-24 14:35:13,104 - mylogger - DEBUG - 数据库中检索答案
2018-09-24 14:35:13,112 - mylogger - DEBUG - 数据中无答案
2018-09-24 14:35:13,968 - mylogger - DEBUG - 在线检索答案：鸣人
2018-09-24 14:35:13,969 - mylogger - INFO - 我的答案：鸣人
2018-09-24 14:35:14,666 - mylogger - DEBUG - 选择选项
2018-09-24 14:35:17,061 - mylogger - INFO - 答案正确
2018-09-24 14:35:17,064 - mylogger - DEBUG - 更新答案
2018-09-24 14:35:17,578 - mylogger - INFO - 本题结束
2018-09-24 14:35:17,586 - mylogger - DEBUG - 获取题目
2018-09-24 14:35:20,533 - mylogger - INFO - 第 2 题
2018-09-24 14:35:20,834 - mylogger - INFO - 哪个星座是出生在10月24日-11月22日之间的？
2018-09-24 14:35:21,724 - mylogger - INFO - ['天蝎座', '摩羯座', '射手座']
2018-09-24 14:35:21,741 - mylogger - DEBUG - 数据库中检索答案
2018-09-24 14:35:21,749 - mylogger - DEBUG - 数据中无答案
2018-09-24 14:35:22,675 - mylogger - DEBUG - 在线检索答案：天蝎座
2018-09-24 14:35:22,677 - mylogger - INFO - 我的答案：天蝎座
2018-09-24 14:35:23,260 - mylogger - DEBUG - 选择选项
2018-09-24 14:35:25,666 - mylogger - INFO - 答案正确
2018-09-24 14:35:25,672 - mylogger - DEBUG - 更新答案
2018-09-24 14:35:28,425 - mylogger - INFO - 本题结束
2018-09-24 14:35:28,430 - mylogger - DEBUG - 获取题目
2018-09-24 14:35:30,290 - mylogger - INFO - 第 3 题
2018-09-24 14:35:30,583 - mylogger - INFO - 以尖拱、高塔、大窗户和花窗玻璃为特色的建筑风格叫做？
2018-09-24 14:35:31,645 - mylogger - INFO - ['哥特式', '巴洛克式', '洛可可式']
2018-09-24 14:35:31,661 - mylogger - DEBUG - 数据库中检索答案
2018-09-24 14:35:31,669 - mylogger - INFO - 我的答案：哥特式
2018-09-24 14:35:32,248 - mylogger - DEBUG - 选择选项
2018-09-24 14:35:34,648 - mylogger - INFO - 答案正确
2018-09-24 14:35:34,653 - mylogger - DEBUG - 更新答案
2018-09-24 14:35:39,707 - mylogger - INFO - 本题结束
2018-09-24 14:35:39,713 - mylogger - DEBUG - 获取题目
2018-09-24 14:35:41,487 - mylogger - INFO - 第 4 题
2018-09-24 14:35:41,863 - mylogger - INFO - 在《海贼王》中，波特卡斯·D·艾斯是白胡子海贼团第几队队长？
2018-09-24 14:35:42,891 - mylogger - INFO - ['第二队队长', '第三队队长', '第四队队长']
2018-09-24 14:35:42,907 - mylogger - DEBUG - 数据库中检索答案
2018-09-24 14:35:42,908 - mylogger - DEBUG - 数据中无答案
2018-09-24 14:35:43,271 - mylogger - DEBUG - 在线检索答案：第二队队长
2018-09-24 14:35:43,272 - mylogger - INFO - 我的答案：第二队队长
2018-09-24 14:35:43,877 - mylogger - DEBUG - 选择选项
2018-09-24 14:35:46,280 - mylogger - INFO - 答案正确
2018-09-24 14:35:46,284 - mylogger - DEBUG - 更新答案
2018-09-24 14:35:56,933 - mylogger - INFO - 本题结束
2018-09-24 14:35:56,939 - mylogger - DEBUG - 获取题目
2018-09-24 14:35:57,643 - mylogger - INFO - 第 5 题
2018-09-24 14:35:57,998 - mylogger - INFO - 1999年6月，（）成为经棋圣战产生的中国第一位棋圣
2018-09-24 14:35:58,999 - mylogger - INFO - ['聂卫平', '周鹤洋', '常昊']
2018-09-24 14:35:59,024 - mylogger - DEBUG - 数据库中检索答案
2018-09-24 14:35:59,028 - mylogger - INFO - 我的答案：常昊
2018-09-24 14:35:59,603 - mylogger - DEBUG - 选择选项
2018-09-24 14:36:01,981 - mylogger - INFO - 答案正确
2018-09-24 14:36:01,988 - mylogger - DEBUG - 更新答案
2018-09-24 14:36:02,439 - mylogger - INFO - 本题结束
2018-09-24 14:36:03,606 - mylogger - INFO - 本场比赛结束
2018-09-24 14:36:03,669 - mylogger - INFO - 返回游戏页面
2018-09-24 14:36:05,281 - mylogger - INFO - 进入排位赛
2018-09-24 14:36:05,286 - mylogger - INFO - 正在匹配中......
2018-09-24 14:37:05,391 - mylogger - WARNING - 匹配失败
2018-09-24 14:37:05,540 - mylogger - INFO - 返回游戏页面
2018-09-24 14:37:07,142 - mylogger - INFO - 进入排位赛
2018-09-24 14:37:07,147 - mylogger - INFO - 正在匹配中......
2018-09-24 14:37:48,120 - mylogger - INFO - 匹配成功
2018-09-24 14:37:48,126 - mylogger - DEBUG - 获取题目
2018-09-24 14:37:51,286 - mylogger - INFO - 第 1 题
2018-09-24 14:37:51,595 - mylogger - INFO - 歌曲《你快回来》是哪位男歌手的成名歌曲？
2018-09-24 14:37:52,603 - mylogger - INFO - ['毛宁', '孙楠', '满文军']
2018-09-24 14:37:52,621 - mylogger - DEBUG - 数据库中检索答案
2018-09-24 14:37:52,625 - mylogger - DEBUG - 数据中无答案
2018-09-24 14:37:53,412 - mylogger - DEBUG - 在线检索答案：孙楠
2018-09-24 14:37:53,414 - mylogger - INFO - 我的答案：孙楠
2018-09-24 14:37:54,026 - mylogger - DEBUG - 选择选项
2018-09-24 14:37:56,456 - mylogger - INFO - 答案正确
2018-09-24 14:37:56,468 - mylogger - DEBUG - 更新答案
2018-09-24 14:37:57,001 - mylogger - INFO - 本题结束
2018-09-24 14:37:57,007 - mylogger - DEBUG - 获取题目
2018-09-24 14:38:00,027 - mylogger - INFO - 第 2 题
2018-09-24 14:38:00,319 - mylogger - INFO - 根据有关规定，职工的试用期最长不得超过：
2018-09-24 14:38:01,304 - mylogger - INFO - ['6个月', '两年', '一年']
2018-09-24 14:38:01,317 - mylogger - DEBUG - 数据库中检索答案
2018-09-24 14:38:01,318 - mylogger - INFO - 我的答案：6个月
2018-09-24 14:38:01,917 - mylogger - DEBUG - 选择选项
2018-09-24 14:38:04,373 - mylogger - INFO - 答案正确
2018-09-24 14:38:04,378 - mylogger - DEBUG - 更新答案
2018-09-24 14:38:04,893 - mylogger - INFO - 本题结束
2018-09-24 14:38:04,900 - mylogger - DEBUG - 获取题目
2018-09-24 14:38:07,997 - mylogger - INFO - 第 3 题
2018-09-24 14:38:08,360 - mylogger - INFO - 淀粉遇到碘液会变什么色？
2018-09-24 14:38:09,468 - mylogger - INFO - ['蓝色', '红色', '彩色']
2018-09-24 14:38:09,482 - mylogger - DEBUG - 数据库中检索答案
2018-09-24 14:38:09,492 - mylogger - DEBUG - 数据中无答案
2018-09-24 14:38:10,719 - mylogger - DEBUG - 在线检索答案：蓝色
2018-09-24 14:38:10,720 - mylogger - INFO - 我的答案：蓝色
2018-09-24 14:38:11,364 - mylogger - DEBUG - 选择选项
2018-09-24 14:38:13,811 - mylogger - INFO - 答案正确
2018-09-24 14:38:13,814 - mylogger - DEBUG - 更新答案
2018-09-24 14:38:14,433 - mylogger - INFO - 本题结束
2018-09-24 14:38:14,438 - mylogger - DEBUG - 获取题目
2018-09-24 14:38:17,375 - mylogger - INFO - 第 4 题
2018-09-24 14:38:17,704 - mylogger - INFO - 光宜散而后聚（猜一食品）。
2018-09-24 14:38:18,678 - mylogger - INFO - ['年糕', '饺子', '元宵']
2018-09-24 14:38:18,696 - mylogger - DEBUG - 数据库中检索答案
2018-09-24 14:38:18,700 - mylogger - DEBUG - 数据中无答案
2018-09-24 14:38:19,498 - mylogger - DEBUG - 在线检索答案：元宵
2018-09-24 14:38:19,499 - mylogger - INFO - 我的答案：元宵
2018-09-24 14:38:20,135 - mylogger - DEBUG - 选择选项
2018-09-24 14:38:22,520 - mylogger - INFO - 答案正确
2018-09-24 14:38:22,525 - mylogger - DEBUG - 更新答案
2018-09-24 14:38:26,406 - mylogger - INFO - 本题结束
2018-09-24 14:38:26,410 - mylogger - DEBUG - 获取题目
2018-09-24 14:38:29,512 - mylogger - INFO - 第 5 题
2018-09-24 14:38:29,823 - mylogger - INFO - 电影《向左走，向右走》，男女主角是在何处初遇的？
2018-09-24 14:38:30,745 - mylogger - INFO - ['公园', '海滩', '购物中心']
2018-09-24 14:38:30,759 - mylogger - DEBUG - 数据库中检索答案
2018-09-24 14:38:30,765 - mylogger - INFO - 我的答案：公园
2018-09-24 14:38:31,352 - mylogger - DEBUG - 选择选项
2018-09-24 14:38:33,844 - mylogger - INFO - 答案正确
2018-09-24 14:38:33,848 - mylogger - DEBUG - 更新答案
2018-09-24 14:38:36,648 - mylogger - INFO - 本题结束
2018-09-24 14:38:37,791 - mylogger - INFO - 本场比赛结束
2018-09-24 14:38:37,873 - mylogger - INFO - 返回游戏页面
2018-09-24 14:38:39,455 - mylogger - INFO - 进入排位赛
2018-09-24 14:38:39,460 - mylogger - INFO - 正在匹配中......
2018-09-24 14:38:41,005 - mylogger - INFO - 匹配成功
2018-09-24 14:38:41,016 - mylogger - DEBUG - 获取题目
2018-09-24 14:38:44,073 - mylogger - INFO - 第 1 题
2018-09-24 14:38:44,371 - mylogger - INFO - 围棋对局中正确的拿子方法是：用（）的指尖夹住棋子。
2018-09-24 14:38:45,401 - mylogger - INFO - ['拇指和食指', '食指和中指', '五指']
2018-09-24 14:38:45,422 - mylogger - DEBUG - 数据库中检索答案
2018-09-24 14:38:45,425 - mylogger - DEBUG - 数据中无答案
2018-09-24 14:38:46,366 - mylogger - DEBUG - 在线检索答案：食指和中指
2018-09-24 14:38:46,368 - mylogger - INFO - 我的答案：食指和中指
2018-09-24 14:38:47,003 - mylogger - DEBUG - 选择选项
2018-09-24 14:38:49,404 - mylogger - INFO - 答案正确
2018-09-24 14:38:49,407 - mylogger - DEBUG - 更新答案
2018-09-24 14:38:52,245 - mylogger - INFO - 本题结束
2018-09-24 14:38:52,250 - mylogger - DEBUG - 获取题目
2018-09-24 14:38:55,314 - mylogger - INFO - 第 2 题
2018-09-24 14:38:55,675 - mylogger - INFO - 秦始皇兵马俑位于陕西的哪一城市？
2018-09-24 14:38:56,597 - mylogger - INFO - ['西安', '汉中', '咸阳']
2018-09-24 14:38:56,607 - mylogger - DEBUG - 数据库中检索答案
2018-09-24 14:38:56,620 - mylogger - DEBUG - 数据中无答案
2018-09-24 14:38:58,330 - mylogger - DEBUG - 在线检索答案：西安
2018-09-24 14:38:58,332 - mylogger - INFO - 我的答案：西安
2018-09-24 14:38:58,924 - mylogger - DEBUG - 选择选项
2018-09-24 14:39:01,352 - mylogger - INFO - 答案正确
2018-09-24 14:39:01,361 - mylogger - DEBUG - 更新答案
2018-09-24 14:39:03,127 - mylogger - INFO - 本题结束
2018-09-24 14:39:03,133 - mylogger - DEBUG - 获取题目
2018-09-24 14:39:06,188 - mylogger - INFO - 第 3 题
2018-09-24 14:39:06,484 - mylogger - INFO - 在历届春晚中，以下哪个小品没有宋丹丹？
2018-09-24 14:39:07,530 - mylogger - INFO - ['《拜年》', '《火炬手》', '《说事》']
2018-09-24 14:39:07,546 - mylogger - DEBUG - 数据库中检索答案
2018-09-24 14:39:07,549 - mylogger - DEBUG - 数据中无答案
2018-09-24 14:39:09,193 - mylogger - DEBUG - 在线检索答案：《火炬手》
2018-09-24 14:39:09,194 - mylogger - INFO - 我的答案：《火炬手》
2018-09-24 14:39:09,850 - mylogger - DEBUG - 选择选项
2018-09-24 14:39:12,328 - mylogger - INFO - 答案错误
2018-09-24 14:39:12,454 - mylogger - INFO - 正确答案；《拜年》
2018-09-24 14:39:12,458 - mylogger - DEBUG - 更新答案
2018-09-24 14:39:14,235 - mylogger - INFO - 本题结束
2018-09-24 14:39:14,240 - mylogger - DEBUG - 获取题目
2018-09-24 14:39:16,122 - mylogger - INFO - 第 4 题
2018-09-24 14:39:16,459 - mylogger - INFO - “一阳初夏中大吕，谷粟为粥和豆煮。”腊八粥的主要材料是？
2018-09-24 14:39:17,500 - mylogger - INFO - ['谷类', '面粉', '杂粮']
2018-09-24 14:39:17,515 - mylogger - DEBUG - 数据库中检索答案
2018-09-24 14:39:17,520 - mylogger - INFO - 我的答案：谷类
2018-09-24 14:39:18,155 - mylogger - DEBUG - 选择选项
2018-09-24 14:39:20,611 - mylogger - INFO - 答案正确
2018-09-24 14:39:20,614 - mylogger - DEBUG - 更新答案
2018-09-24 14:39:26,485 - mylogger - INFO - 本题结束
2018-09-24 14:39:26,490 - mylogger - DEBUG - 获取题目
2018-09-24 14:39:28,307 - mylogger - INFO - 第 5 题
2018-09-24 14:39:28,653 - mylogger - INFO - 我国的十二生肖为何没有猫？
2018-09-24 14:39:29,626 - mylogger - INFO - ['生肖产生前中国没有猫', '古时猫是不祥之物', '传说是猫迟到了']
2018-09-24 14:39:29,663 - mylogger - DEBUG - 数据库中检索答案
2018-09-24 14:39:29,677 - mylogger - DEBUG - 数据中无答案
2018-09-24 14:39:30,606 - mylogger - DEBUG - 在线检索答案：
2018-09-24 14:39:30,609 - mylogger - INFO - 我的答案：生肖产生前中国没有猫
2018-09-24 14:39:31,240 - mylogger - DEBUG - 选择选项
2018-09-24 14:39:33,659 - mylogger - INFO - 答案正确
2018-09-24 14:39:33,666 - mylogger - DEBUG - 更新答案
2018-09-24 14:39:36,334 - mylogger - INFO - 本题结束
2018-09-24 14:39:37,495 - mylogger - INFO - 本场比赛结束
2018-09-24 14:39:37,556 - mylogger - INFO - 返回游戏页面
2018-09-24 14:39:39,142 - mylogger - INFO - 进入排位赛
2018-09-24 14:39:39,148 - mylogger - INFO - 正在匹配中......
2018-09-24 14:39:41,827 - mylogger - INFO - 匹配成功
2018-09-24 14:39:41,832 - mylogger - DEBUG - 获取题目
2018-09-24 14:39:44,791 - mylogger - INFO - 第 1 题
2018-09-24 14:39:45,080 - mylogger - INFO - 信息技术不包括以下哪种技术？
2018-09-24 14:39:46,067 - mylogger - INFO - ['通信技术', '计算机技术', '核聚变技术']
2018-09-24 14:39:46,088 - mylogger - DEBUG - 数据库中检索答案
2018-09-24 14:39:46,098 - mylogger - DEBUG - 数据中无答案
2018-09-24 14:39:47,402 - mylogger - DEBUG - 在线检索答案：核聚变技术
2018-09-24 14:39:47,403 - mylogger - INFO - 我的答案：核聚变技术
2018-09-24 14:39:47,996 - mylogger - DEBUG - 选择选项
2018-09-24 14:39:50,428 - mylogger - INFO - 答案正确
2018-09-24 14:39:50,434 - mylogger - DEBUG - 更新答案
2018-09-24 14:39:51,890 - mylogger - INFO - 本题结束
2018-09-24 14:39:51,897 - mylogger - DEBUG - 获取题目
2018-09-24 14:39:53,846 - mylogger - INFO - 第 2 题
2018-09-24 14:39:54,120 - mylogger - INFO - 《千里之外》是费玉清和周杰伦演唱的一首歌曲，请问这首歌是谁作词的？
2018-09-24 14:39:55,072 - mylogger - INFO - ['方文山', '薛之谦', '罗志祥']
2018-09-24 14:39:55,097 - mylogger - DEBUG - 数据库中检索答案
2018-09-24 14:39:55,100 - mylogger - DEBUG - 数据中无答案
2018-09-24 14:39:56,409 - mylogger - DEBUG - 在线检索答案：方文山
2018-09-24 14:39:56,410 - mylogger - INFO - 我的答案：方文山
2018-09-24 14:39:56,987 - mylogger - DEBUG - 选择选项
2018-09-24 14:39:59,441 - mylogger - INFO - 答案正确
2018-09-24 14:39:59,445 - mylogger - DEBUG - 更新答案
2018-09-24 14:40:04,274 - mylogger - INFO - 本题结束
2018-09-24 14:40:04,280 - mylogger - DEBUG - 获取题目
2018-09-24 14:40:06,165 - mylogger - INFO - 第 3 题
2018-09-24 14:40:06,489 - mylogger - INFO - CBA联赛是由以下哪个品牌赞助的？
2018-09-24 14:40:07,458 - mylogger - INFO - ['安踏', '匹克', '李宁']
2018-09-24 14:40:07,485 - mylogger - DEBUG - 数据库中检索答案
2018-09-24 14:40:07,491 - mylogger - INFO - 我的答案：李宁
2018-09-24 14:40:08,047 - mylogger - DEBUG - 选择选项
2018-09-24 14:40:10,498 - mylogger - INFO - 答案正确
2018-09-24 14:40:10,502 - mylogger - DEBUG - 更新答案
2018-09-24 14:40:16,392 - mylogger - INFO - 本题结束
2018-09-24 14:40:16,396 - mylogger - DEBUG - 获取题目
2018-09-24 14:40:18,250 - mylogger - INFO - 第 4 题
2018-09-24 14:40:18,538 - mylogger - INFO - 根号64与2的立方谁大？
2018-09-24 14:40:19,562 - mylogger - INFO - ['一样大', '2的立方', '根号64']
2018-09-24 14:40:19,575 - mylogger - DEBUG - 数据库中检索答案
2018-09-24 14:40:19,587 - mylogger - INFO - 我的答案：一样大
2018-09-24 14:40:20,154 - mylogger - DEBUG - 选择选项
2018-09-24 14:40:22,603 - mylogger - INFO - 答案正确
2018-09-24 14:40:22,608 - mylogger - DEBUG - 更新答案
2018-09-24 14:40:27,335 - mylogger - INFO - 本题结束
2018-09-24 14:40:27,339 - mylogger - DEBUG - 获取题目
2018-09-24 14:40:29,177 - mylogger - INFO - 第 5 题
2018-09-24 14:40:29,465 - mylogger - INFO - “香蕉球”是哪项体育运动的技术名词？
2018-09-24 14:40:30,409 - mylogger - INFO - ['篮球', '足球', '橄榄球']
2018-09-24 14:40:30,453 - mylogger - DEBUG - 数据库中检索答案
2018-09-24 14:40:30,459 - mylogger - INFO - 我的答案：足球
2018-09-24 14:40:31,029 - mylogger - DEBUG - 选择选项
2018-09-24 14:40:33,459 - mylogger - INFO - 答案正确
2018-09-24 14:40:33,465 - mylogger - DEBUG - 更新答案
2018-09-24 14:40:36,148 - mylogger - INFO - 本题结束
2018-09-24 14:40:37,279 - mylogger - INFO - 本场比赛结束
2018-09-24 14:40:37,331 - mylogger - INFO - 返回游戏页面
2018-09-24 14:40:38,850 - mylogger - INFO - 进入排位赛
2018-09-24 14:40:38,866 - mylogger - INFO - 正在匹配中......
2018-09-24 14:40:53,909 - mylogger - INFO - 匹配成功
2018-09-24 14:40:53,922 - mylogger - DEBUG - 获取题目
2018-09-24 14:40:56,943 - mylogger - INFO - 第 1 题
2018-09-24 14:40:57,265 - mylogger - INFO - 老版电视剧《还珠格格》第三部中，饰演“小燕子”的是哪位女星？
2018-09-24 14:40:58,214 - mylogger - INFO - ['黄奕', '黄圣依', '黄韵玲']
2018-09-24 14:40:58,231 - mylogger - DEBUG - 数据库中检索答案
2018-09-24 14:40:58,238 - mylogger - DEBUG - 数据中无答案
2018-09-24 14:40:59,488 - mylogger - DEBUG - 在线检索答案：黄奕
2018-09-24 14:40:59,490 - mylogger - INFO - 我的答案：黄奕
2018-09-24 14:41:00,162 - mylogger - DEBUG - 选择选项
2018-09-24 14:41:02,536 - mylogger - INFO - 答案正确
2018-09-24 14:41:02,539 - mylogger - DEBUG - 更新答案
2018-09-24 14:41:05,059 - mylogger - INFO - 本题结束
2018-09-24 14:41:05,063 - mylogger - DEBUG - 获取题目
2018-09-24 14:41:06,911 - mylogger - INFO - 第 2 题
2018-09-24 14:41:07,199 - mylogger - INFO - 在电影《西游·降魔篇》中，孙悟空的扮演者是谁？
2018-09-24 14:41:08,051 - mylogger - INFO - ['舒淇', '徐峥', '黄渤']
2018-09-24 14:41:08,067 - mylogger - DEBUG - 数据库中检索答案
2018-09-24 14:41:08,075 - mylogger - DEBUG - 数据中无答案
2018-09-24 14:41:08,992 - mylogger - DEBUG - 在线检索答案：黄渤
2018-09-24 14:41:08,994 - mylogger - INFO - 我的答案：黄渤
2018-09-24 14:41:09,591 - mylogger - DEBUG - 选择选项
2018-09-24 14:41:11,937 - mylogger - INFO - 答案正确
2018-09-24 14:41:11,941 - mylogger - DEBUG - 更新答案
2018-09-24 14:41:14,441 - mylogger - INFO - 本题结束
2018-09-24 14:41:14,451 - mylogger - DEBUG - 获取题目
2018-09-24 14:41:16,246 - mylogger - INFO - 第 3 题
2018-09-24 14:41:16,580 - mylogger - INFO - 毛不易为电影《寻梦环游记》演唱的中文主题曲叫什么？
2018-09-24 14:41:17,559 - mylogger - INFO - ['《请怀念我》', '《请记住我》', '《请忘记我》']
2018-09-24 14:41:17,583 - mylogger - DEBUG - 数据库中检索答案
2018-09-24 14:41:17,590 - mylogger - DEBUG - 数据中无答案
2018-09-24 14:41:18,430 - mylogger - DEBUG - 在线检索答案：《请怀念我》
2018-09-24 14:41:18,431 - mylogger - INFO - 我的答案：《请怀念我》
2018-09-24 14:41:19,016 - mylogger - DEBUG - 选择选项
2018-09-24 14:41:21,446 - mylogger - INFO - 答案错误
2018-09-24 14:41:21,581 - mylogger - INFO - 正确答案；《请记住我》
2018-09-24 14:41:21,592 - mylogger - DEBUG - 更新答案
2018-09-24 14:41:26,345 - mylogger - INFO - 本题结束
2018-09-24 14:41:26,351 - mylogger - DEBUG - 获取题目
2018-09-24 14:41:28,106 - mylogger - INFO - 第 4 题
2018-09-24 14:41:28,481 - mylogger - INFO - 美国建筑界宣布哪一年为“贝聿铭年”？
2018-09-24 14:41:29,496 - mylogger - INFO - ['1979年', '1978年', '1977年']
2018-09-24 14:41:29,508 - mylogger - DEBUG - 数据库中检索答案
2018-09-24 14:41:29,516 - mylogger - DEBUG - 数据中无答案
2018-09-24 14:41:31,339 - mylogger - DEBUG - 在线检索答案：1979年
2018-09-24 14:41:31,341 - mylogger - INFO - 我的答案：1979年
2018-09-24 14:41:31,976 - mylogger - DEBUG - 选择选项
2018-09-24 14:41:34,325 - mylogger - INFO - 答案正确
2018-09-24 14:41:34,330 - mylogger - DEBUG - 更新答案
2018-09-24 14:41:35,738 - mylogger - INFO - 本题结束
2018-09-24 14:41:35,758 - mylogger - DEBUG - 获取题目
2018-09-24 14:41:37,613 - mylogger - INFO - 第 5 题
2018-09-24 14:41:37,954 - mylogger - INFO - 根据刑法规定，失火罪处以多少年有期徒刑？
2018-09-24 14:41:38,934 - mylogger - INFO - ['1—2年', '3—6年', '3—7年']
2018-09-24 14:41:38,954 - mylogger - DEBUG - 数据库中检索答案
2018-09-24 14:41:38,956 - mylogger - DEBUG - 数据中无答案
2018-09-24 14:41:40,144 - mylogger - DEBUG - 在线检索答案：
2018-09-24 14:41:40,145 - mylogger - INFO - 我的答案：1—2年
2018-09-24 14:41:40,765 - mylogger - DEBUG - 选择选项
2018-09-24 14:41:43,212 - mylogger - INFO - 答案错误
2018-09-24 14:41:43,517 - mylogger - INFO - 正确答案；3—7年
2018-09-24 14:41:43,521 - mylogger - DEBUG - 更新答案
2018-09-24 14:41:43,769 - mylogger - INFO - 本题结束
2018-09-24 14:41:44,923 - mylogger - INFO - 本场比赛结束
2018-09-24 14:41:44,975 - mylogger - INFO - 返回游戏页面
2018-09-24 14:41:46,513 - mylogger - INFO - 进入排位赛
2018-09-24 14:41:46,518 - mylogger - INFO - 正在匹配中......
2018-09-24 14:41:57,119 - mylogger - INFO - 匹配成功
2018-09-24 14:41:57,125 - mylogger - DEBUG - 获取题目
2018-09-24 14:42:00,060 - mylogger - INFO - 第 1 题
2018-09-24 14:42:00,307 - mylogger - INFO - 火星是什么类型的？
2018-09-24 14:42:01,330 - mylogger - INFO - ['行星', '矮行星', '恒星']
2018-09-24 14:42:01,343 - mylogger - DEBUG - 数据库中检索答案
2018-09-24 14:42:01,345 - mylogger - DEBUG - 数据中无答案
2018-09-24 14:42:02,157 - mylogger - DEBUG - 在线检索答案：行星
2018-09-24 14:42:02,158 - mylogger - INFO - 我的答案：行星
2018-09-24 14:42:02,791 - mylogger - DEBUG - 选择选项
2018-09-24 14:42:05,200 - mylogger - INFO - 答案正确
2018-09-24 14:42:05,206 - mylogger - DEBUG - 更新答案
2018-09-24 14:42:06,589 - mylogger - INFO - 本题结束
2018-09-24 14:42:06,595 - mylogger - DEBUG - 获取题目
2018-09-24 14:42:09,606 - mylogger - INFO - 第 2 题
2018-09-24 14:42:09,887 - mylogger - INFO - 以下哪个书院不属于中国古代四大书院之一
2018-09-24 14:42:10,874 - mylogger - INFO - ['应天书院', '嵩阳书院', '武夷书院']
2018-09-24 14:42:10,893 - mylogger - DEBUG - 数据库中检索答案
2018-09-24 14:42:10,899 - mylogger - DEBUG - 数据中无答案
2018-09-24 14:42:11,789 - mylogger - DEBUG - 在线检索答案：武夷书院
2018-09-24 14:42:11,790 - mylogger - INFO - 我的答案：武夷书院
2018-09-24 14:42:12,383 - mylogger - DEBUG - 选择选项
2018-09-24 14:42:14,803 - mylogger - INFO - 答案正确
2018-09-24 14:42:14,809 - mylogger - DEBUG - 更新答案
2018-09-24 14:42:16,191 - mylogger - INFO - 本题结束
2018-09-24 14:42:16,200 - mylogger - DEBUG - 获取题目
2018-09-24 14:42:19,297 - mylogger - INFO - 第 3 题
2018-09-24 14:42:19,636 - mylogger - INFO - 如果昨天是明天就好了，这样今天就是星期五了。请问句中的今天是周几？
2018-09-24 14:42:20,702 - mylogger - INFO - ['周三', '周四', '周五']
2018-09-24 14:42:20,719 - mylogger - DEBUG - 数据库中检索答案
2018-09-24 14:42:20,726 - mylogger - DEBUG - 数据中无答案
2018-09-24 14:42:22,849 - mylogger - DEBUG - 在线检索答案：周五
2018-09-24 14:42:22,850 - mylogger - INFO - 我的答案：周五
2018-09-24 14:42:23,455 - mylogger - DEBUG - 选择选项
2018-09-24 14:42:25,955 - mylogger - INFO - 答案错误
2018-09-24 14:42:26,081 - mylogger - INFO - 正确答案；周三
2018-09-24 14:42:26,095 - mylogger - DEBUG - 更新答案
2018-09-24 14:42:29,822 - mylogger - INFO - 本题结束
2018-09-24 14:42:29,828 - mylogger - DEBUG - 获取题目
2018-09-24 14:42:31,721 - mylogger - INFO - 第 4 题
2018-09-24 14:42:32,062 - mylogger - INFO - 穿青衣迎春中的《青衣》是指？
2018-09-24 14:42:33,007 - mylogger - INFO - ['红色的衣服', '蓝色的衣服', '青色的衣服']
2018-09-24 14:42:33,025 - mylogger - DEBUG - 数据库中检索答案
2018-09-24 14:42:33,032 - mylogger - DEBUG - 数据中无答案
2018-09-24 14:42:33,801 - mylogger - DEBUG - 在线检索答案：
2018-09-24 14:42:33,802 - mylogger - INFO - 我的答案：红色的衣服
2018-09-24 14:42:34,440 - mylogger - DEBUG - 选择选项
2018-09-24 14:42:36,904 - mylogger - INFO - 答案错误
2018-09-24 14:42:37,128 - mylogger - INFO - 正确答案；青色的衣服
2018-09-24 14:42:37,132 - mylogger - DEBUG - 更新答案
2018-09-24 14:42:41,986 - mylogger - INFO - 本题结束
2018-09-24 14:42:41,992 - mylogger - DEBUG - 获取题目
2018-09-24 14:42:43,877 - mylogger - INFO - 第 5 题
2018-09-24 14:42:44,268 - mylogger - INFO - Surface系列平板电脑是哪家公司的产品？
2018-09-24 14:42:45,289 - mylogger - INFO - ['戴尔', '英特尔', '微软']
2018-09-24 14:42:45,313 - mylogger - DEBUG - 数据库中检索答案
2018-09-24 14:42:45,316 - mylogger - DEBUG - 数据中无答案
2018-09-24 14:42:46,792 - mylogger - DEBUG - 在线检索答案：微软
2018-09-24 14:42:46,794 - mylogger - INFO - 我的答案：微软
2018-09-24 14:42:47,385 - mylogger - DEBUG - 选择选项
2018-09-24 14:42:49,779 - mylogger - INFO - 答案正确
2018-09-24 14:42:49,793 - mylogger - DEBUG - 更新答案
2018-09-24 14:42:51,208 - mylogger - INFO - 本题结束
2018-09-24 14:42:52,343 - mylogger - INFO - 本场比赛结束
2018-09-24 14:42:52,415 - mylogger - INFO - 返回游戏页面
2018-09-24 14:42:54,063 - mylogger - INFO - 进入排位赛
2018-09-24 14:42:54,067 - mylogger - INFO - 正在匹配中......
2018-09-24 14:43:13,619 - mylogger - INFO - 匹配成功
2018-09-24 14:43:13,623 - mylogger - DEBUG - 获取题目
2018-09-24 14:43:16,679 - mylogger - INFO - 第 1 题
2018-09-24 14:43:17,032 - mylogger - INFO - 以下哪个是饿了么外卖的配送物流
2018-09-24 14:43:18,008 - mylogger - INFO - ['丰巢', '蜂窝配送', '蜂鸟配送']
2018-09-24 14:43:18,027 - mylogger - DEBUG - 数据库中检索答案
2018-09-24 14:43:18,031 - mylogger - DEBUG - 数据中无答案
2018-09-24 14:43:18,862 - mylogger - DEBUG - 在线检索答案：蜂鸟配送
2018-09-24 14:43:18,864 - mylogger - INFO - 我的答案：蜂鸟配送
2018-09-24 14:43:19,505 - mylogger - DEBUG - 选择选项
2018-09-24 14:43:21,959 - mylogger - INFO - 答案正确
2018-09-24 14:43:21,970 - mylogger - DEBUG - 更新答案
2018-09-24 14:43:25,593 - mylogger - INFO - 本题结束
2018-09-24 14:43:25,603 - mylogger - DEBUG - 获取题目
2018-09-24 14:43:27,540 - mylogger - INFO - 第 2 题
2018-09-24 14:43:27,923 - mylogger - INFO - 寒食节是在哪个时期设立的？
2018-09-24 14:43:28,935 - mylogger - INFO - ['明朝', '春秋时期', '秦朝']
2018-09-24 14:43:28,954 - mylogger - DEBUG - 数据库中检索答案
2018-09-24 14:43:28,964 - mylogger - DEBUG - 数据中无答案
2018-09-24 14:43:29,714 - mylogger - DEBUG - 在线检索答案：春秋时期
2018-09-24 14:43:29,715 - mylogger - INFO - 我的答案：春秋时期
2018-09-24 14:43:30,317 - mylogger - DEBUG - 选择选项
2018-09-24 14:43:32,708 - mylogger - INFO - 答案正确
2018-09-24 14:43:32,714 - mylogger - DEBUG - 更新答案
2018-09-24 14:43:35,248 - mylogger - INFO - 本题结束
2018-09-24 14:43:35,253 - mylogger - DEBUG - 获取题目
2018-09-24 14:43:37,091 - mylogger - INFO - 第 3 题
2018-09-24 14:43:37,382 - mylogger - INFO - 周易八卦中，乾和坤分别代表什么？
2018-09-24 14:43:38,410 - mylogger - INFO - ['雷和雨', '天和地', '日和月']
2018-09-24 14:43:38,426 - mylogger - DEBUG - 数据库中检索答案
2018-09-24 14:43:38,429 - mylogger - DEBUG - 数据中无答案
2018-09-24 14:43:39,339 - mylogger - DEBUG - 在线检索答案：
2018-09-24 14:43:39,340 - mylogger - INFO - 我的答案：雷和雨
2018-09-24 14:43:39,986 - mylogger - DEBUG - 选择选项
2018-09-24 14:43:42,419 - mylogger - INFO - 答案错误
2018-09-24 14:43:42,553 - mylogger - INFO - 正确答案；天和地
2018-09-24 14:43:42,557 - mylogger - DEBUG - 更新答案
2018-09-24 14:43:44,028 - mylogger - INFO - 本题结束
2018-09-24 14:43:44,034 - mylogger - DEBUG - 获取题目
2018-09-24 14:43:45,893 - mylogger - INFO - 第 4 题
2018-09-24 14:43:46,186 - mylogger - INFO - 薰衣草是下面哪个国家的国花？
2018-09-24 14:43:47,247 - mylogger - INFO - ['葡萄牙', '西班牙', '意大利']
2018-09-24 14:43:47,264 - mylogger - DEBUG - 数据库中检索答案
2018-09-24 14:43:47,276 - mylogger - DEBUG - 数据中无答案
2018-09-24 14:43:48,465 - mylogger - DEBUG - 在线检索答案：葡萄牙
2018-09-24 14:43:48,466 - mylogger - INFO - 我的答案：葡萄牙
2018-09-24 14:43:49,038 - mylogger - DEBUG - 选择选项
2018-09-24 14:43:51,495 - mylogger - INFO - 答案正确
2018-09-24 14:43:51,500 - mylogger - DEBUG - 更新答案
2018-09-24 14:44:01,948 - mylogger - INFO - 本题结束
2018-09-24 14:44:01,951 - mylogger - DEBUG - 获取题目
2018-09-24 14:44:02,608 - mylogger - INFO - 第 5 题
2018-09-24 14:44:02,950 - mylogger - INFO - 以下哪个选项是BMI指数
2018-09-24 14:44:04,003 - mylogger - INFO - ['体质指数', '体型指数', '脂质指数']
2018-09-24 14:44:04,019 - mylogger - DEBUG - 数据库中检索答案
2018-09-24 14:44:04,024 - mylogger - DEBUG - 数据中无答案
2018-09-24 14:44:04,829 - mylogger - DEBUG - 在线检索答案：体质指数
2018-09-24 14:44:04,831 - mylogger - INFO - 我的答案：体质指数
2018-09-24 14:44:05,467 - mylogger - DEBUG - 选择选项
2018-09-24 14:44:59,393 - mylogger - INFO - 停止UC浏览器
2018-09-24 14:44:59,542 - mylogger - DEBUG - 返回主页面
2018-09-24 14:45:00,820 - mylogger - DEBUG - 打开UC浏览器
2018-09-24 14:45:03,009 - mylogger - DEBUG - 进入用户页面
2018-09-24 14:45:04,116 - mylogger - DEBUG - 进入游戏页面1
2018-09-24 14:45:06,282 - mylogger - DEBUG - 进入游戏页面2
2018-09-24 14:45:08,617 - mylogger - INFO - 选择游戏
2018-09-24 14:45:10,854 - mylogger - INFO - 进入排位赛
2018-09-24 14:45:10,859 - mylogger - INFO - 正在匹配中......
2018-09-24 14:45:32,659 - mylogger - INFO - 匹配成功
2018-09-24 14:45:32,663 - mylogger - DEBUG - 获取题目
2018-09-24 14:45:35,773 - mylogger - INFO - 第 1 题
2018-09-24 14:45:36,070 - mylogger - INFO - 十二生肖中，鼠的下一个是？
2018-09-24 14:45:36,915 - mylogger - INFO - ['马', '蛇', '牛']
2018-09-24 14:45:36,934 - mylogger - DEBUG - 数据库中检索答案
2018-09-24 14:45:36,935 - mylogger - INFO - 我的答案：牛
2018-09-24 14:45:37,561 - mylogger - DEBUG - 选择选项
2018-09-24 14:45:39,937 - mylogger - INFO - 答案正确
2018-09-24 14:45:39,941 - mylogger - DEBUG - 更新答案
2018-09-24 14:45:43,580 - mylogger - INFO - 本题结束
2018-09-24 14:45:43,584 - mylogger - DEBUG - 获取题目
2018-09-24 14:45:46,595 - mylogger - INFO - 第 2 题
2018-09-24 14:45:46,888 - mylogger - INFO - 现今欧洲大陆仅存的大公国是哪个国家？
2018-09-24 14:45:47,896 - mylogger - INFO - ['锡安', '卢森堡', '梵蒂冈']
2018-09-24 14:45:47,921 - mylogger - DEBUG - 数据库中检索答案
2018-09-24 14:45:47,923 - mylogger - DEBUG - 数据中无答案
2018-09-24 14:45:48,366 - mylogger - DEBUG - 在线检索答案：卢森堡
2018-09-24 14:45:48,367 - mylogger - INFO - 我的答案：卢森堡
2018-09-24 14:45:49,007 - mylogger - DEBUG - 选择选项
2018-09-24 14:45:51,447 - mylogger - INFO - 答案正确
2018-09-24 14:45:51,451 - mylogger - DEBUG - 更新答案
2018-09-24 14:45:55,159 - mylogger - INFO - 本题结束
2018-09-24 14:45:55,164 - mylogger - DEBUG - 获取题目
2018-09-24 14:45:57,018 - mylogger - INFO - 第 3 题
2018-09-24 14:45:57,388 - mylogger - INFO - 以下哪种鸟没有飞羽，不能飞翔？
2018-09-24 14:45:58,329 - mylogger - INFO - ['蛎鹬', '鸵鸟', '鱼鹰']
2018-09-24 14:45:58,346 - mylogger - DEBUG - 数据库中检索答案
2018-09-24 14:45:58,353 - mylogger - INFO - 我的答案：鸵鸟
2018-09-24 14:45:58,920 - mylogger - DEBUG - 选择选项
2018-09-24 14:46:01,336 - mylogger - INFO - 答案正确
2018-09-24 14:46:01,342 - mylogger - DEBUG - 更新答案
2018-09-24 14:46:05,093 - mylogger - INFO - 本题结束
2018-09-24 14:46:05,098 - mylogger - DEBUG - 获取题目
2018-09-24 14:46:08,048 - mylogger - INFO - 第 4 题
2018-09-24 14:46:08,370 - mylogger - INFO - 哪个菜系有着“一菜一味，百菜百味”的美誉？
2018-09-24 14:46:09,360 - mylogger - INFO - ['湘菜', '川菜', '鲁菜']
2018-09-24 14:46:09,382 - mylogger - DEBUG - 数据库中检索答案
2018-09-24 14:46:09,389 - mylogger - DEBUG - 数据中无答案
2018-09-24 14:46:11,506 - mylogger - DEBUG - 在线检索答案：川菜
2018-09-24 14:46:11,508 - mylogger - INFO - 我的答案：川菜
2018-09-24 14:46:12,052 - mylogger - DEBUG - 选择选项
2018-09-24 14:46:14,489 - mylogger - INFO - 答案正确
2018-09-24 14:46:14,495 - mylogger - DEBUG - 更新答案
2018-09-24 14:46:15,927 - mylogger - INFO - 本题结束
2018-09-24 14:46:15,932 - mylogger - DEBUG - 获取题目
2018-09-24 14:46:17,797 - mylogger - INFO - 第 5 题
2018-09-24 14:46:18,104 - mylogger - INFO - “叫花鸡”是哪里的传统名菜？
2018-09-24 14:46:19,193 - mylogger - INFO - ['江苏常熟', '浙江台州', '福建厦门']
2018-09-24 14:46:19,211 - mylogger - DEBUG - 数据库中检索答案
2018-09-24 14:46:19,222 - mylogger - DEBUG - 数据中无答案
2018-09-24 14:46:20,004 - mylogger - DEBUG - 在线检索答案：江苏常熟
2018-09-24 14:46:20,006 - mylogger - INFO - 我的答案：江苏常熟
2018-09-24 14:46:20,661 - mylogger - DEBUG - 选择选项
2018-09-24 14:46:23,087 - mylogger - INFO - 答案正确
2018-09-24 14:46:23,092 - mylogger - DEBUG - 更新答案
2018-09-24 14:46:24,551 - mylogger - INFO - 本题结束
2018-09-24 14:46:25,741 - mylogger - INFO - 本场比赛结束
2018-09-24 14:46:25,807 - mylogger - INFO - 返回游戏页面
2018-09-24 14:46:27,321 - mylogger - INFO - 进入排位赛
2018-09-24 14:46:27,326 - mylogger - INFO - 正在匹配中......
2018-09-24 14:46:34,590 - mylogger - INFO - 匹配成功
2018-09-24 14:46:34,595 - mylogger - DEBUG - 获取题目
2018-09-24 14:46:37,706 - mylogger - INFO - 第 1 题
2018-09-24 14:46:37,974 - mylogger - INFO - 以下哪部悲剧中的主人公由爱生恨，将自己的两名孩子杀害？
2018-09-24 14:46:38,957 - mylogger - INFO - ['俄狄浦斯王', '美狄亚', '被缚的普罗米修斯']
2018-09-24 14:46:38,988 - mylogger - DEBUG - 数据库中检索答案
2018-09-24 14:46:38,989 - mylogger - INFO - 我的答案：美狄亚
2018-09-24 14:46:39,593 - mylogger - DEBUG - 选择选项
2018-09-24 14:46:41,907 - mylogger - INFO - 答案正确
2018-09-24 14:46:41,911 - mylogger - DEBUG - 更新答案
2018-09-24 14:46:46,786 - mylogger - INFO - 本题结束
2018-09-24 14:46:46,791 - mylogger - DEBUG - 获取题目
2018-09-24 14:46:48,713 - mylogger - INFO - 第 2 题
2018-09-24 14:46:49,050 - mylogger - INFO - 陶潜是哪个时期的诗人?
2018-09-24 14:46:50,008 - mylogger - INFO - ['东晋', '西晋', '东汉']
2018-09-24 14:46:50,026 - mylogger - DEBUG - 数据库中检索答案
2018-09-24 14:46:50,031 - mylogger - DEBUG - 数据中无答案
2018-09-24 14:46:50,843 - mylogger - DEBUG - 在线检索答案：东晋
2018-09-24 14:46:50,845 - mylogger - INFO - 我的答案：东晋
2018-09-24 14:46:51,508 - mylogger - DEBUG - 选择选项
2018-09-24 14:46:53,844 - mylogger - INFO - 答案正确
2018-09-24 14:46:53,848 - mylogger - DEBUG - 更新答案
2018-09-24 14:46:55,281 - mylogger - INFO - 本题结束
2018-09-24 14:46:55,287 - mylogger - DEBUG - 获取题目
2018-09-24 14:46:58,395 - mylogger - INFO - 第 3 题
2018-09-24 14:46:58,761 - mylogger - INFO - 发现X射线的物理学家是谁？
2018-09-24 14:46:59,687 - mylogger - INFO - ['贝克勒耳', '居里夫人', '伦琴']
2018-09-24 14:46:59,703 - mylogger - DEBUG - 数据库中检索答案
2018-09-24 14:46:59,712 - mylogger - DEBUG - 数据中无答案
2018-09-24 14:47:00,978 - mylogger - DEBUG - 在线检索答案：伦琴
2018-09-24 14:47:00,980 - mylogger - INFO - 我的答案：伦琴
2018-09-24 14:47:01,639 - mylogger - DEBUG - 选择选项
2018-09-24 14:47:04,063 - mylogger - INFO - 答案正确
2018-09-24 14:47:04,068 - mylogger - DEBUG - 更新答案
2018-09-24 14:47:06,576 - mylogger - INFO - 本题结束
2018-09-24 14:47:06,581 - mylogger - DEBUG - 获取题目
2018-09-24 14:47:08,414 - mylogger - INFO - 第 4 题
2018-09-24 14:47:08,763 - mylogger - INFO - 2013年电影《恐怖直播》是哪个国家的电影？
2018-09-24 14:47:09,662 - mylogger - INFO - ['韩国', '日本', '美国']
2018-09-24 14:47:09,673 - mylogger - DEBUG - 数据库中检索答案
2018-09-24 14:47:09,679 - mylogger - INFO - 我的答案：韩国
2018-09-24 14:47:10,289 - mylogger - DEBUG - 选择选项
2018-09-24 14:47:12,689 - mylogger - INFO - 答案正确
2018-09-24 14:47:12,697 - mylogger - DEBUG - 更新答案
2018-09-24 14:47:15,204 - mylogger - INFO - 本题结束
2018-09-24 14:47:15,213 - mylogger - DEBUG - 获取题目
2018-09-24 14:47:17,039 - mylogger - INFO - 第 5 题
2018-09-24 14:47:17,319 - mylogger - INFO - 名著《伊索寓言》何时传入的我国？
2018-09-24 14:47:18,385 - mylogger - INFO - ['唐代', '明代', '清代']
2018-09-24 14:47:18,405 - mylogger - DEBUG - 数据库中检索答案
2018-09-24 14:47:18,413 - mylogger - DEBUG - 数据中无答案
2018-09-24 14:47:19,212 - mylogger - DEBUG - 在线检索答案：明代
2018-09-24 14:47:19,213 - mylogger - INFO - 我的答案：明代
2018-09-24 14:47:19,938 - mylogger - DEBUG - 选择选项
2018-09-24 14:47:22,317 - mylogger - INFO - 答案正确
2018-09-24 14:47:22,322 - mylogger - DEBUG - 更新答案
2018-09-24 14:47:23,785 - mylogger - INFO - 本题结束
2018-09-24 14:47:24,961 - mylogger - INFO - 本场比赛结束
2018-09-24 14:47:25,019 - mylogger - INFO - 返回游戏页面
2018-09-24 14:47:26,614 - mylogger - INFO - 进入排位赛
2018-09-24 14:47:26,627 - mylogger - INFO - 正在匹配中......
2018-09-24 14:47:55,338 - mylogger - INFO - 匹配成功
2018-09-24 14:47:55,343 - mylogger - DEBUG - 获取题目
2018-09-24 14:47:58,318 - mylogger - INFO - 第 1 题
2018-09-24 14:47:58,651 - mylogger - INFO - 哪位男明星不是“飞轮海”的成员之一？
2018-09-24 14:47:59,777 - mylogger - INFO - ['彭于晏', '吴尊', '汪东城']
2018-09-24 14:47:59,795 - mylogger - DEBUG - 数据库中检索答案
2018-09-24 14:47:59,797 - mylogger - INFO - 我的答案：彭于晏
2018-09-24 14:48:00,408 - mylogger - DEBUG - 选择选项
2018-09-24 14:48:02,842 - mylogger - INFO - 答案正确
2018-09-24 14:48:02,856 - mylogger - DEBUG - 更新答案
2018-09-24 14:48:05,496 - mylogger - INFO - 本题结束
2018-09-24 14:48:05,501 - mylogger - DEBUG - 获取题目
2018-09-24 14:48:07,381 - mylogger - INFO - 第 2 题
2018-09-24 14:48:07,700 - mylogger - INFO - 杜海涛背的“棉被包”出自以下哪个品牌？
2018-09-24 14:48:08,605 - mylogger - INFO - ['Chloé', 'Furla', 'Balenciaga']
2018-09-24 14:48:08,617 - mylogger - DEBUG - 数据库中检索答案
2018-09-24 14:48:08,627 - mylogger - DEBUG - 数据中无答案
2018-09-24 14:48:09,417 - mylogger - DEBUG - 在线检索答案：Balenciaga
2018-09-24 14:48:09,515 - mylogger - INFO - 我的答案：Balenciaga
2018-09-24 14:48:10,327 - mylogger - DEBUG - 选择选项
2018-09-24 14:48:12,730 - mylogger - INFO - 答案正确
2018-09-24 14:48:12,732 - mylogger - DEBUG - 更新答案
2018-09-24 14:48:14,087 - mylogger - INFO - 本题结束
2018-09-24 14:48:14,089 - mylogger - DEBUG - 获取题目
2018-09-24 14:48:16,979 - mylogger - INFO - 第 3 题
2018-09-24 14:48:17,280 - mylogger - INFO - 印象派因名画《日出·印象》而得名其作者是
2018-09-24 14:48:18,168 - mylogger - INFO - ['莫奈', '凡·高', '塞尚']
2018-09-24 14:48:18,175 - mylogger - DEBUG - 数据库中检索答案
2018-09-24 14:48:18,183 - mylogger - DEBUG - 数据中无答案
2018-09-24 14:48:19,018 - mylogger - DEBUG - 在线检索答案：莫奈
2018-09-24 14:48:19,019 - mylogger - INFO - 我的答案：莫奈
2018-09-24 14:48:19,623 - mylogger - DEBUG - 选择选项
2018-09-24 14:48:22,000 - mylogger - INFO - 答案正确
2018-09-24 14:48:22,001 - mylogger - DEBUG - 更新答案
2018-09-24 14:48:23,351 - mylogger - INFO - 本题结束
2018-09-24 14:48:23,356 - mylogger - DEBUG - 获取题目
2018-09-24 14:48:25,144 - mylogger - INFO - 第 4 题
2018-09-24 14:48:25,477 - mylogger - INFO - 有微笑天使之称的宠物犬是什么犬？
2018-09-24 14:48:26,416 - mylogger - INFO - ['拉布拉多', '阿拉斯加', '萨摩耶']
2018-09-24 14:48:26,422 - mylogger - DEBUG - 数据库中检索答案
2018-09-24 14:48:26,423 - mylogger - INFO - 我的答案：萨摩耶
2018-09-24 14:48:26,985 - mylogger - DEBUG - 选择选项
2018-09-24 14:48:29,446 - mylogger - INFO - 答案正确
2018-09-24 14:48:29,448 - mylogger - DEBUG - 更新答案
2018-09-24 14:48:33,062 - mylogger - INFO - 本题结束
2018-09-24 14:48:33,063 - mylogger - DEBUG - 获取题目
2018-09-24 14:48:34,860 - mylogger - INFO - 第 5 题
2018-09-24 14:48:35,133 - mylogger - INFO - 曼陀罗花的开花时间为？
2018-09-24 14:48:36,117 - mylogger - INFO - ['10月', '9月', '8月']
2018-09-24 14:48:36,122 - mylogger - DEBUG - 数据库中检索答案
2018-09-24 14:48:36,139 - mylogger - INFO - 我的答案：8月
2018-09-24 14:48:36,748 - mylogger - DEBUG - 选择选项
2018-09-24 14:48:39,182 - mylogger - INFO - 答案正确
2018-09-24 14:48:39,184 - mylogger - DEBUG - 更新答案
2018-09-24 14:48:40,639 - mylogger - INFO - 本题结束
2018-09-24 14:48:41,777 - mylogger - INFO - 本场比赛结束
2018-09-24 14:48:41,824 - mylogger - INFO - 返回游戏页面
2018-09-24 14:48:43,305 - mylogger - INFO - 进入排位赛
2018-09-24 14:48:43,308 - mylogger - INFO - 正在匹配中......
2018-09-24 14:48:49,333 - mylogger - INFO - 匹配成功
2018-09-24 14:48:49,335 - mylogger - DEBUG - 获取题目
2018-09-24 14:48:52,390 - mylogger - INFO - 第 1 题
2018-09-24 14:48:52,686 - mylogger - INFO - “比上不足”的下一句是什么？
2018-09-24 14:48:53,630 - mylogger - INFO - ['比下有余', '比中有余', '比上有余']
2018-09-24 14:48:53,636 - mylogger - DEBUG - 数据库中检索答案
2018-09-24 14:48:53,652 - mylogger - DEBUG - 数据中无答案
2018-09-24 14:48:54,394 - mylogger - DEBUG - 在线检索答案：比中有余
2018-09-24 14:48:54,395 - mylogger - INFO - 我的答案：比中有余
2018-09-24 14:48:54,977 - mylogger - DEBUG - 选择选项
2018-09-24 14:48:57,372 - mylogger - INFO - 答案错误
2018-09-24 14:48:57,474 - mylogger - INFO - 正确答案；比下有余
2018-09-24 14:48:57,476 - mylogger - DEBUG - 更新答案
2018-09-24 14:48:58,954 - mylogger - INFO - 本题结束
2018-09-24 14:48:58,956 - mylogger - DEBUG - 获取题目
2018-09-24 14:49:00,762 - mylogger - INFO - 第 2 题
2018-09-24 14:49:01,102 - mylogger - INFO - 在游戏《雪人兄弟》中，两兄弟分别穿什么颜色的衣服？
2018-09-24 14:49:02,018 - mylogger - INFO - ['红、蓝', '红、绿', '蓝、绿']
2018-09-24 14:49:02,024 - mylogger - DEBUG - 数据库中检索答案
2018-09-24 14:49:02,039 - mylogger - DEBUG - 数据中无答案
2018-09-24 14:49:02,716 - mylogger - DEBUG - 在线检索答案：
2018-09-24 14:49:02,716 - mylogger - INFO - 我的答案：红、蓝
2018-09-24 14:49:03,461 - mylogger - DEBUG - 选择选项
2018-09-24 14:49:05,888 - mylogger - INFO - 答案正确
2018-09-24 14:49:05,890 - mylogger - DEBUG - 更新答案
2018-09-24 14:49:09,525 - mylogger - INFO - 本题结束
2018-09-24 14:49:09,528 - mylogger - DEBUG - 获取题目
2018-09-24 14:49:12,542 - mylogger - INFO - 第 3 题
2018-09-24 14:49:12,818 - mylogger - INFO - 《飘》的作者是？
2018-09-24 14:49:13,980 - mylogger - INFO - ['狄更斯', '玛格丽特·米切尔', '马克·吐温']
2018-09-24 14:49:13,986 - mylogger - DEBUG - 数据库中检索答案
2018-09-24 14:49:13,996 - mylogger - DEBUG - 数据中无答案
2018-09-24 14:49:14,780 - mylogger - DEBUG - 在线检索答案：玛格丽特·米切尔
2018-09-24 14:49:14,780 - mylogger - INFO - 我的答案：玛格丽特·米切尔
2018-09-24 14:49:15,474 - mylogger - DEBUG - 选择选项
2018-09-24 14:49:17,938 - mylogger - INFO - 答案正确
2018-09-24 14:49:17,941 - mylogger - DEBUG - 更新答案
2018-09-24 14:49:19,361 - mylogger - INFO - 本题结束
2018-09-24 14:49:19,364 - mylogger - DEBUG - 获取题目
2018-09-24 14:49:21,180 - mylogger - INFO - 第 4 题
2018-09-24 14:49:21,560 - mylogger - INFO - 1996年以“世界文化景观”列入《世界遗产名录》的是哪个？
2018-09-24 14:49:22,563 - mylogger - INFO - ['华山', '泰山', '庐山']
2018-09-24 14:49:22,571 - mylogger - DEBUG - 数据库中检索答案
2018-09-24 14:49:22,585 - mylogger - DEBUG - 数据中无答案
2018-09-24 14:49:23,753 - mylogger - DEBUG - 在线检索答案：庐山
2018-09-24 14:49:23,753 - mylogger - INFO - 我的答案：庐山
2018-09-24 14:49:24,354 - mylogger - DEBUG - 选择选项
2018-09-24 14:49:26,807 - mylogger - INFO - 答案正确
2018-09-24 14:49:26,809 - mylogger - DEBUG - 更新答案
2018-09-24 14:49:29,434 - mylogger - INFO - 本题结束
2018-09-24 14:49:29,436 - mylogger - DEBUG - 获取题目
2018-09-24 14:49:32,599 - mylogger - INFO - 第 5 题
2018-09-24 14:49:32,975 - mylogger - INFO - 英雄联盟S7总决赛半决赛在哪个城市举办？
2018-09-24 14:49:33,966 - mylogger - INFO - ['广州', '上海', '深圳']
2018-09-24 14:49:33,972 - mylogger - DEBUG - 数据库中检索答案
2018-09-24 14:49:33,983 - mylogger - DEBUG - 数据中无答案
2018-09-24 14:49:35,111 - mylogger - DEBUG - 在线检索答案：上海
2018-09-24 14:49:35,112 - mylogger - INFO - 我的答案：上海
2018-09-24 14:49:35,810 - mylogger - DEBUG - 选择选项
2018-09-24 14:49:38,209 - mylogger - INFO - 答案正确
2018-09-24 14:49:38,211 - mylogger - DEBUG - 更新答案
2018-09-24 14:49:39,649 - mylogger - INFO - 本题结束
2018-09-24 14:49:40,788 - mylogger - INFO - 本场比赛结束
2018-09-24 14:49:40,835 - mylogger - INFO - 返回游戏页面
2018-09-24 14:49:42,420 - mylogger - INFO - 进入排位赛
2018-09-24 14:49:42,422 - mylogger - INFO - 正在匹配中......
2018-09-24 14:49:44,096 - mylogger - INFO - 匹配成功
2018-09-24 14:49:44,097 - mylogger - DEBUG - 获取题目
2018-09-24 14:49:47,103 - mylogger - INFO - 第 1 题
2018-09-24 14:49:47,416 - mylogger - INFO - 以“你值得拥有”为口号的是下列哪个美妆品牌？
2018-09-24 14:49:48,352 - mylogger - INFO - ['巴黎欧莱雅', '资生堂', '迪奥']
2018-09-24 14:49:48,358 - mylogger - DEBUG - 数据库中检索答案
2018-09-24 14:49:48,374 - mylogger - DEBUG - 数据中无答案
2018-09-24 14:49:49,195 - mylogger - DEBUG - 在线检索答案：巴黎欧莱雅
2018-09-24 14:49:49,195 - mylogger - INFO - 我的答案：巴黎欧莱雅
2018-09-24 14:49:49,796 - mylogger - DEBUG - 选择选项
2018-09-24 14:49:52,195 - mylogger - INFO - 答案正确
2018-09-24 14:49:52,197 - mylogger - DEBUG - 更新答案
2018-09-24 14:49:53,612 - mylogger - INFO - 本题结束
2018-09-24 14:49:53,614 - mylogger - DEBUG - 获取题目
2018-09-24 14:49:55,368 - mylogger - INFO - 第 2 题
2018-09-24 14:49:55,682 - mylogger - INFO - 二战时期，创造“狼群”战术的德国海军将令是？
2018-09-24 14:49:56,682 - mylogger - INFO - ['吕特晏斯', '邓尼茨', '雷德尔']
2018-09-24 14:49:56,689 - mylogger - DEBUG - 数据库中检索答案
2018-09-24 14:49:56,699 - mylogger - INFO - 我的答案：邓尼茨
2018-09-24 14:49:57,251 - mylogger - DEBUG - 选择选项
2018-09-24 14:49:59,715 - mylogger - INFO - 答案正确
2018-09-24 14:49:59,717 - mylogger - DEBUG - 更新答案
2018-09-24 14:50:02,274 - mylogger - INFO - 本题结束
2018-09-24 14:50:02,280 - mylogger - DEBUG - 获取题目
2018-09-24 14:50:04,157 - mylogger - INFO - 第 3 题
2018-09-24 14:50:04,514 - mylogger - INFO - 金属合金具有形状记忆特性是因为含有
2018-09-24 14:50:05,661 - mylogger - INFO - ['镉', '钴', '镍']
2018-09-24 14:50:05,666 - mylogger - DEBUG - 数据库中检索答案
2018-09-24 14:50:05,682 - mylogger - DEBUG - 数据中无答案
2018-09-24 14:50:07,708 - mylogger - DEBUG - 在线检索答案：镍
2018-09-24 14:50:07,709 - mylogger - INFO - 我的答案：镍
2018-09-24 14:50:08,280 - mylogger - DEBUG - 选择选项
2018-09-24 14:50:10,729 - mylogger - INFO - 答案正确
2018-09-24 14:50:10,737 - mylogger - DEBUG - 更新答案
2018-09-24 14:50:13,202 - mylogger - INFO - 本题结束
2018-09-24 14:50:13,204 - mylogger - DEBUG - 获取题目
2018-09-24 14:50:14,957 - mylogger - INFO - 第 4 题
2018-09-24 14:50:15,293 - mylogger - INFO - 旅游胜地马尔代夫的首都是哪里？
2018-09-24 14:50:16,204 - mylogger - INFO - ['马蒂', '马累', '马从']
2018-09-24 14:50:16,210 - mylogger - DEBUG - 数据库中检索答案
2018-09-24 14:50:16,220 - mylogger - DEBUG - 数据中无答案
2018-09-24 14:50:17,011 - mylogger - DEBUG - 在线检索答案：马累
2018-09-24 14:50:17,012 - mylogger - INFO - 我的答案：马累
2018-09-24 14:50:17,637 - mylogger - DEBUG - 选择选项
2018-09-24 14:50:20,019 - mylogger - INFO - 答案正确
2018-09-24 14:50:20,022 - mylogger - DEBUG - 更新答案
2018-09-24 14:50:22,512 - mylogger - INFO - 本题结束
2018-09-24 14:50:22,515 - mylogger - DEBUG - 获取题目
2018-09-24 14:50:24,364 - mylogger - INFO - 第 5 题
2018-09-24 14:50:24,751 - mylogger - INFO - “户枢不蠹”的“不蠹”是什么意思？
2018-09-24 14:50:25,683 - mylogger - INFO - ['不生虫', '不损耗', '不腐朽']
2018-09-24 14:50:25,690 - mylogger - DEBUG - 数据库中检索答案
2018-09-24 14:50:25,702 - mylogger - DEBUG - 数据中无答案
2018-09-24 14:50:26,419 - mylogger - DEBUG - 在线检索答案：不损耗
2018-09-24 14:50:26,419 - mylogger - INFO - 我的答案：不损耗
2018-09-24 14:50:27,055 - mylogger - DEBUG - 选择选项
2018-09-24 14:50:29,481 - mylogger - INFO - 答案错误
2018-09-24 14:50:29,657 - mylogger - INFO - 正确答案；不生虫
2018-09-24 14:50:29,659 - mylogger - DEBUG - 更新答案
2018-09-24 14:50:31,033 - mylogger - INFO - 本题结束
2018-09-24 14:50:32,183 - mylogger - INFO - 本场比赛结束
2018-09-24 14:50:32,294 - mylogger - INFO - 返回游戏页面
2018-09-24 14:50:33,837 - mylogger - INFO - 进入排位赛
2018-09-24 14:50:33,839 - mylogger - INFO - 正在匹配中......
2018-09-24 14:51:19,451 - mylogger - INFO - 匹配成功
2018-09-24 14:51:19,464 - mylogger - DEBUG - 获取题目
2018-09-24 14:51:22,435 - mylogger - INFO - 第 1 题
2018-09-24 14:51:22,804 - mylogger - INFO - 女生常说的“杨树林”是指哪个品牌？
2018-09-24 14:51:23,711 - mylogger - INFO - ['YSL', '迪奥', 'MAC']
2018-09-24 14:51:23,726 - mylogger - DEBUG - 数据库中检索答案
2018-09-24 14:51:23,727 - mylogger - DEBUG - 数据中无答案
2018-09-24 14:51:24,414 - mylogger - DEBUG - 在线检索答案：YSL
2018-09-24 14:51:24,415 - mylogger - INFO - 我的答案：YSL
2018-09-24 14:51:25,100 - mylogger - DEBUG - 选择选项
2018-09-24 14:51:27,473 - mylogger - INFO - 答案正确
2018-09-24 14:51:27,475 - mylogger - DEBUG - 更新答案
2018-09-24 14:51:31,155 - mylogger - INFO - 本题结束
2018-09-24 14:51:31,157 - mylogger - DEBUG - 获取题目
2018-09-24 14:51:34,205 - mylogger - INFO - 第 2 题
2018-09-24 14:51:34,540 - mylogger - INFO - 李钟硕和裴秀智共同出演了以下哪部电视剧？
2018-09-24 14:51:35,393 - mylogger - INFO - ['《当你沉睡时》', '《三流之路》', '《大力女子都奉顺》']
2018-09-24 14:51:35,400 - mylogger - DEBUG - 数据库中检索答案
2018-09-24 14:51:35,414 - mylogger - DEBUG - 数据中无答案
2018-09-24 14:51:36,585 - mylogger - DEBUG - 在线检索答案：《当你沉睡时》
2018-09-24 14:51:36,586 - mylogger - INFO - 我的答案：《当你沉睡时》
2018-09-24 14:51:37,144 - mylogger - DEBUG - 选择选项
2018-09-24 14:51:39,601 - mylogger - INFO - 答案正确
2018-09-24 14:51:39,603 - mylogger - DEBUG - 更新答案
2018-09-24 14:51:43,337 - mylogger - INFO - 本题结束
2018-09-24 14:51:43,339 - mylogger - DEBUG - 获取题目
2018-09-24 14:51:45,129 - mylogger - INFO - 第 3 题
2018-09-24 14:51:45,477 - mylogger - INFO - 最大的企鹅直立起来有1米多高，它是下面的哪一种？
2018-09-24 14:51:46,304 - mylogger - INFO - ['蓝企鹅', '帝企鹅', '白企鹅']
2018-09-24 14:51:46,309 - mylogger - DEBUG - 数据库中检索答案
2018-09-24 14:51:46,324 - mylogger - DEBUG - 数据中无答案
2018-09-24 14:51:47,466 - mylogger - DEBUG - 在线检索答案：帝企鹅
2018-09-24 14:51:47,467 - mylogger - INFO - 我的答案：帝企鹅
2018-09-24 14:51:48,148 - mylogger - DEBUG - 选择选项
2018-09-24 14:51:50,583 - mylogger - INFO - 答案正确
2018-09-24 14:51:50,586 - mylogger - DEBUG - 更新答案
2018-09-24 14:51:56,680 - mylogger - INFO - 本题结束
2018-09-24 14:51:56,682 - mylogger - DEBUG - 获取题目
2018-09-24 14:51:59,637 - mylogger - INFO - 第 4 题
2018-09-24 14:52:00,023 - mylogger - INFO - 《英国恋物语》中的女主角艾玛是一位？
2018-09-24 14:52:00,961 - mylogger - INFO - ['贵族', '女仆', '家庭教师']
2018-09-24 14:52:00,967 - mylogger - DEBUG - 数据库中检索答案
2018-09-24 14:52:00,984 - mylogger - DEBUG - 数据中无答案
2018-09-24 14:52:01,673 - mylogger - DEBUG - 在线检索答案：女仆
2018-09-24 14:52:01,674 - mylogger - INFO - 我的答案：女仆
2018-09-24 14:52:02,290 - mylogger - DEBUG - 选择选项
2018-09-24 14:52:04,914 - mylogger - INFO - 答案正确
2018-09-24 14:52:04,916 - mylogger - DEBUG - 更新答案
2018-09-24 14:52:08,564 - mylogger - INFO - 本题结束
2018-09-24 14:52:08,586 - mylogger - DEBUG - 获取题目
2018-09-24 14:52:10,382 - mylogger - INFO - 第 5 题
2018-09-24 14:52:10,649 - mylogger - INFO - 《康定情歌》是我国哪个省份的民歌？
2018-09-24 14:52:11,555 - mylogger - INFO - ['东北民歌', '四川民歌', '云南民歌']
2018-09-24 14:52:11,560 - mylogger - DEBUG - 数据库中检索答案
2018-09-24 14:52:11,570 - mylogger - DEBUG - 数据中无答案
2018-09-24 14:52:12,207 - mylogger - DEBUG - 在线检索答案：四川民歌
2018-09-24 14:52:12,207 - mylogger - INFO - 我的答案：四川民歌
2018-09-24 14:52:12,806 - mylogger - DEBUG - 选择选项
2018-09-24 14:52:15,259 - mylogger - INFO - 答案正确
2018-09-24 14:52:15,261 - mylogger - DEBUG - 更新答案
2018-09-24 14:52:22,488 - mylogger - INFO - 本题结束
2018-09-24 14:52:23,620 - mylogger - INFO - 本场比赛结束
2018-09-24 14:52:23,668 - mylogger - INFO - 返回游戏页面
2018-09-24 14:52:25,215 - mylogger - INFO - 进入排位赛
2018-09-24 14:52:25,217 - mylogger - INFO - 正在匹配中......
2018-09-24 14:52:41,639 - mylogger - INFO - 匹配成功
2018-09-24 14:52:41,641 - mylogger - DEBUG - 获取题目
2018-09-24 14:52:44,847 - mylogger - INFO - 第 1 题
2018-09-24 14:52:45,159 - mylogger - INFO - “武财神”指的是？
2018-09-24 14:52:46,134 - mylogger - INFO - ['比干', '范蠡', '关羽']
2018-09-24 14:52:46,141 - mylogger - DEBUG - 数据库中检索答案
2018-09-24 14:52:46,157 - mylogger - DEBUG - 数据中无答案
2018-09-24 14:52:46,767 - mylogger - DEBUG - 在线检索答案：范蠡
2018-09-24 14:52:46,768 - mylogger - INFO - 我的答案：范蠡
2018-09-24 14:52:47,443 - mylogger - DEBUG - 选择选项
2018-09-24 14:52:49,854 - mylogger - INFO - 答案错误
2018-09-24 14:52:50,111 - mylogger - INFO - 正确答案；关羽
2018-09-24 14:52:50,113 - mylogger - DEBUG - 更新答案
2018-09-24 14:52:50,378 - mylogger - INFO - 本题结束
2018-09-24 14:52:50,380 - mylogger - DEBUG - 获取题目
2018-09-24 14:52:53,415 - mylogger - INFO - 第 2 题
2018-09-24 14:52:53,699 - mylogger - INFO - 成语“三纸无驴”是指？
2018-09-24 14:52:54,558 - mylogger - INFO - ['做事要有明确的目标', '讽刺人贪心不足', '行文啰嗦废话连篇']
2018-09-24 14:52:54,569 - mylogger - DEBUG - 数据库中检索答案
2018-09-24 14:52:54,585 - mylogger - DEBUG - 数据中无答案
2018-09-24 14:52:55,395 - mylogger - DEBUG - 在线检索答案：
2018-09-24 14:52:55,396 - mylogger - INFO - 我的答案：做事要有明确的目标
2018-09-24 14:52:56,012 - mylogger - DEBUG - 选择选项
2018-09-24 14:52:58,432 - mylogger - INFO - 答案错误
2018-09-24 14:52:58,632 - mylogger - INFO - 正确答案；行文啰嗦废话连篇
2018-09-24 14:52:58,633 - mylogger - DEBUG - 更新答案
2018-09-24 14:53:01,127 - mylogger - INFO - 本题结束
2018-09-24 14:53:01,129 - mylogger - DEBUG - 获取题目
2018-09-24 14:53:02,967 - mylogger - INFO - 第 3 题
2018-09-24 14:53:03,253 - mylogger - INFO - 名酒洋河大曲产自哪里？
2018-09-24 14:53:04,347 - mylogger - INFO - ['河北衡水', '江苏宿迁', '山西太原']
2018-09-24 14:53:04,353 - mylogger - DEBUG - 数据库中检索答案
2018-09-24 14:53:04,362 - mylogger - DEBUG - 数据中无答案
2018-09-24 14:53:05,056 - mylogger - DEBUG - 在线检索答案：
2018-09-24 14:53:05,057 - mylogger - INFO - 我的答案：河北衡水
2018-09-24 14:53:05,675 - mylogger - DEBUG - 选择选项
2018-09-24 14:53:08,125 - mylogger - INFO - 答案错误
2018-09-24 14:53:08,236 - mylogger - INFO - 正确答案；江苏宿迁
2018-09-24 14:53:08,238 - mylogger - DEBUG - 更新答案
2018-09-24 14:53:09,612 - mylogger - INFO - 本题结束
2018-09-24 14:53:09,614 - mylogger - DEBUG - 获取题目
2018-09-24 14:53:11,500 - mylogger - INFO - 第 4 题
2018-09-24 14:53:11,788 - mylogger - INFO - 防晒产品中“PA+++”表示的是？
2018-09-24 14:53:12,692 - mylogger - INFO - ['延缓晒黑时间4倍左右', '延缓晒黑时间6倍左右', '延缓晒黑时间8倍左右']
2018-09-24 14:53:12,699 - mylogger - DEBUG - 数据库中检索答案
2018-09-24 14:53:12,711 - mylogger - DEBUG - 数据中无答案
2018-09-24 14:53:13,925 - mylogger - DEBUG - 在线检索答案：
2018-09-24 14:53:13,926 - mylogger - INFO - 我的答案：延缓晒黑时间4倍左右
2018-09-24 14:53:14,609 - mylogger - DEBUG - 选择选项
2018-09-24 14:53:17,016 - mylogger - INFO - 答案错误
2018-09-24 14:53:17,299 - mylogger - INFO - 正确答案；延缓晒黑时间8倍左右
2018-09-24 14:53:17,301 - mylogger - DEBUG - 更新答案
2018-09-24 14:53:17,638 - mylogger - INFO - 本题结束
2018-09-24 14:53:17,640 - mylogger - DEBUG - 获取题目
2018-09-24 14:53:20,729 - mylogger - INFO - 第 5 题
2018-09-24 14:53:21,069 - mylogger - INFO - 史称“三班”的是班彪、班固和哪位东汉史学家？
2018-09-24 14:53:22,048 - mylogger - INFO - ['班超', '班昭', '窦宪']
2018-09-24 14:53:22,069 - mylogger - DEBUG - 数据库中检索答案
2018-09-24 14:53:22,086 - mylogger - DEBUG - 数据中无答案
2018-09-24 14:53:23,228 - mylogger - DEBUG - 在线检索答案：班昭
2018-09-24 14:53:23,228 - mylogger - INFO - 我的答案：班昭
2018-09-24 14:53:23,860 - mylogger - DEBUG - 选择选项
2018-09-24 14:53:26,300 - mylogger - INFO - 答案正确
2018-09-24 14:53:26,302 - mylogger - DEBUG - 更新答案
2018-09-24 14:53:28,827 - mylogger - INFO - 本题结束
2018-09-24 14:53:29,958 - mylogger - INFO - 本场比赛结束
2018-09-24 14:53:30,002 - mylogger - INFO - 返回游戏页面
2018-09-24 14:53:31,535 - mylogger - INFO - 进入排位赛
2018-09-24 14:53:31,537 - mylogger - INFO - 正在匹配中......
2018-09-24 14:53:57,026 - mylogger - INFO - 匹配成功
2018-09-24 14:53:57,028 - mylogger - DEBUG - 获取题目
2018-09-24 14:54:00,046 - mylogger - INFO - 第 1 题
2018-09-24 14:54:00,298 - mylogger - INFO - 下列修紫禁城的是谁？
2018-09-24 14:54:01,103 - mylogger - INFO - ['明成祖', '明尚宗', '明睿宗']
2018-09-24 14:54:01,110 - mylogger - DEBUG - 数据库中检索答案
2018-09-24 14:54:01,128 - mylogger - DEBUG - 数据中无答案
2018-09-24 14:54:01,832 - mylogger - DEBUG - 在线检索答案：明成祖
2018-09-24 14:54:01,833 - mylogger - INFO - 我的答案：明成祖
2018-09-24 14:54:02,410 - mylogger - DEBUG - 选择选项
2018-09-24 14:54:04,868 - mylogger - INFO - 答案正确
2018-09-24 14:54:04,870 - mylogger - DEBUG - 更新答案
2018-09-24 14:54:14,203 - mylogger - INFO - 本题结束
2018-09-24 14:54:14,204 - mylogger - DEBUG - 获取题目
2018-09-24 14:54:15,995 - mylogger - INFO - 第 2 题
2018-09-24 14:54:16,287 - mylogger - INFO - 京剧中，饰演性格活泼，开朗的青年女性的应该是？
2018-09-24 14:54:17,287 - mylogger - INFO - ['青衣', '花旦', '彩旦']
2018-09-24 14:54:17,293 - mylogger - DEBUG - 数据库中检索答案
2018-09-24 14:54:17,307 - mylogger - DEBUG - 数据中无答案
2018-09-24 14:54:17,948 - mylogger - DEBUG - 在线检索答案：花旦
2018-09-24 14:54:17,948 - mylogger - INFO - 我的答案：花旦
2018-09-24 14:54:18,571 - mylogger - DEBUG - 选择选项
2018-09-24 14:54:20,983 - mylogger - INFO - 答案正确
2018-09-24 14:54:20,985 - mylogger - DEBUG - 更新答案
2018-09-24 14:54:25,794 - mylogger - INFO - 本题结束
2018-09-24 14:54:25,795 - mylogger - DEBUG - 获取题目
2018-09-24 14:54:27,579 - mylogger - INFO - 第 3 题
2018-09-24 14:54:27,875 - mylogger - INFO - 《小蝌蚪找妈妈》中的小动物造型是取自于哪位画家的作品？
2018-09-24 14:54:28,762 - mylogger - INFO - ['徐悲鸿', '齐白石', '张大千']
2018-09-24 14:54:28,768 - mylogger - DEBUG - 数据库中检索答案
2018-09-24 14:54:28,778 - mylogger - DEBUG - 数据中无答案
2018-09-24 14:54:29,546 - mylogger - DEBUG - 在线检索答案：齐白石
2018-09-24 14:54:29,547 - mylogger - INFO - 我的答案：齐白石
2018-09-24 14:54:30,167 - mylogger - DEBUG - 选择选项
2018-09-24 14:54:32,642 - mylogger - INFO - 答案正确
2018-09-24 14:54:32,644 - mylogger - DEBUG - 更新答案
2018-09-24 14:54:43,180 - mylogger - INFO - 本题结束
2018-09-24 14:54:43,182 - mylogger - DEBUG - 获取题目
2018-09-24 14:54:43,887 - mylogger - INFO - 第 4 题
2018-09-24 14:54:44,201 - mylogger - INFO - 猫女是哪个公司设计的？
2018-09-24 14:54:45,081 - mylogger - INFO - ['DC漫画', '漫威', 'DC和漫威联合出品']
2018-09-24 14:54:45,097 - mylogger - DEBUG - 数据库中检索答案
2018-09-24 14:54:45,098 - mylogger - DEBUG - 数据中无答案
2018-09-24 14:54:45,731 - mylogger - DEBUG - 在线检索答案：DC漫画
2018-09-24 14:54:45,731 - mylogger - INFO - 我的答案：DC漫画
2018-09-24 14:54:46,335 - mylogger - DEBUG - 选择选项
2018-09-24 14:54:48,782 - mylogger - INFO - 答案正确
2018-09-24 14:54:48,783 - mylogger - DEBUG - 更新答案
2018-09-24 14:54:50,212 - mylogger - INFO - 本题结束
2018-09-24 14:54:50,214 - mylogger - DEBUG - 获取题目
2018-09-24 14:54:52,093 - mylogger - INFO - 第 5 题
2018-09-24 14:54:52,393 - mylogger - INFO - 苹果公司总部位于？
2018-09-24 14:54:53,460 - mylogger - INFO - ['萨克拉门托', '亚特兰大', '库比蒂诺']
2018-09-24 14:54:53,465 - mylogger - DEBUG - 数据库中检索答案
2018-09-24 14:54:53,482 - mylogger - INFO - 我的答案：库比蒂诺
2018-09-24 14:54:54,084 - mylogger - DEBUG - 选择选项
2018-09-24 14:54:56,591 - mylogger - INFO - 答案正确
2018-09-24 14:54:56,593 - mylogger - DEBUG - 更新答案
2018-09-24 14:54:59,260 - mylogger - INFO - 本题结束
2018-09-24 14:55:00,406 - mylogger - INFO - 本场比赛结束
2018-09-24 14:55:00,448 - mylogger - INFO - 返回游戏页面
2018-09-24 14:55:01,942 - mylogger - INFO - 进入排位赛
2018-09-24 14:55:01,944 - mylogger - INFO - 正在匹配中......
2018-09-24 14:55:22,765 - mylogger - INFO - 匹配成功
2018-09-24 14:55:22,767 - mylogger - DEBUG - 获取题目
2018-09-24 14:55:25,765 - mylogger - INFO - 第 1 题
2018-09-24 14:55:26,110 - mylogger - INFO - 演员孙俪在《甄嬛传》中饰演哪个角色？
2018-09-24 14:55:27,114 - mylogger - INFO - ['年世兰', '甄嬛', '皇后']
2018-09-24 14:55:27,119 - mylogger - DEBUG - 数据库中检索答案
2018-09-24 14:55:27,120 - mylogger - DEBUG - 数据中无答案
2018-09-24 14:55:27,995 - mylogger - DEBUG - 在线检索答案：甄嬛
2018-09-24 14:55:27,996 - mylogger - INFO - 我的答案：甄嬛
2018-09-24 14:55:28,602 - mylogger - DEBUG - 选择选项
2018-09-24 14:55:31,004 - mylogger - INFO - 答案正确
2018-09-24 14:55:31,006 - mylogger - DEBUG - 更新答案
2018-09-24 14:55:32,372 - mylogger - INFO - 本题结束
2018-09-24 14:55:32,374 - mylogger - DEBUG - 获取题目
2018-09-24 14:55:34,239 - mylogger - INFO - 第 2 题
2018-09-24 14:55:34,550 - mylogger - INFO - 吃饭时咬破口腔内壁，一般不会感染，是因为唾液中含有什么？
2018-09-24 14:55:35,494 - mylogger - INFO - ['抗原', '抗体', '溶菌酶']
2018-09-24 14:55:35,500 - mylogger - DEBUG - 数据库中检索答案
2018-09-24 14:55:35,510 - mylogger - DEBUG - 数据中无答案
2018-09-24 14:55:36,614 - mylogger - DEBUG - 在线检索答案：抗原
2018-09-24 14:55:36,615 - mylogger - INFO - 我的答案：抗原
2018-09-24 14:55:37,226 - mylogger - DEBUG - 选择选项
2018-09-24 14:55:39,637 - mylogger - INFO - 答案错误
2018-09-24 14:55:39,915 - mylogger - INFO - 正确答案；溶菌酶
2018-09-24 14:55:39,917 - mylogger - DEBUG - 更新答案
2018-09-24 14:55:40,184 - mylogger - INFO - 本题结束
2018-09-24 14:55:40,186 - mylogger - DEBUG - 获取题目
2018-09-24 14:55:43,231 - mylogger - INFO - 第 3 题
2018-09-24 14:55:43,616 - mylogger - INFO - 以下哪个品牌不是以创始人的名字命名的？
2018-09-24 14:55:44,623 - mylogger - INFO - ['蜜丝佛陀', '倩碧', '伊丽莎白·雅顿']
2018-09-24 14:55:44,630 - mylogger - DEBUG - 数据库中检索答案
2018-09-24 14:55:44,643 - mylogger - INFO - 我的答案：资生堂
2018-09-24 14:56:34,925 - mylogger - INFO - 停止UC浏览器
2018-09-24 14:56:35,024 - mylogger - DEBUG - 返回主页面
2018-09-24 14:56:36,152 - mylogger - DEBUG - 打开UC浏览器
2018-09-24 14:56:38,636 - mylogger - DEBUG - 进入用户页面
2018-09-24 14:56:39,568 - mylogger - DEBUG - 进入游戏页面1
2018-09-24 14:56:41,852 - mylogger - DEBUG - 进入游戏页面2
2018-09-24 14:56:44,230 - mylogger - INFO - 选择游戏
2018-09-24 14:56:45,397 - mylogger - INFO - 进入排位赛
2018-09-24 14:56:45,400 - mylogger - INFO - 正在匹配中......
2018-09-24 14:57:29,087 - mylogger - INFO - 匹配成功
2018-09-24 14:57:29,089 - mylogger - DEBUG - 获取题目
2018-09-24 14:57:32,122 - mylogger - INFO - 第 1 题
2018-09-24 14:57:32,418 - mylogger - INFO - “神舟”号是我国自行研制的什么飞船？
2018-09-24 14:57:33,255 - mylogger - INFO - ['航天飞船', '载人宇宙飞船', '人造飞船']
2018-09-24 14:57:33,261 - mylogger - DEBUG - 数据库中检索答案
2018-09-24 14:57:33,273 - mylogger - INFO - 我的答案：载人宇宙飞船
2018-09-24 14:57:33,831 - mylogger - DEBUG - 选择选项
2018-09-24 14:57:36,213 - mylogger - INFO - 答案正确
2018-09-24 14:57:36,215 - mylogger - DEBUG - 更新答案
2018-09-24 14:57:38,722 - mylogger - INFO - 本题结束
2018-09-24 14:57:38,724 - mylogger - DEBUG - 获取题目
2018-09-24 14:57:41,748 - mylogger - INFO - 第 2 题
2018-09-24 14:57:42,128 - mylogger - INFO - 以下哪个选项不属于散粉的功效？
2018-09-24 14:57:43,159 - mylogger - INFO - ['控油', '补水', '中和肤色不匀']
2018-09-24 14:57:43,166 - mylogger - DEBUG - 数据库中检索答案
2018-09-24 14:57:43,178 - mylogger - DEBUG - 数据中无答案
2018-09-24 14:57:43,859 - mylogger - DEBUG - 在线检索答案：补水
2018-09-24 14:57:43,860 - mylogger - INFO - 我的答案：补水
2018-09-24 14:57:44,443 - mylogger - DEBUG - 选择选项
2018-09-24 14:57:46,862 - mylogger - INFO - 答案正确
2018-09-24 14:57:46,864 - mylogger - DEBUG - 更新答案
2018-09-24 14:57:50,592 - mylogger - INFO - 本题结束
2018-09-24 14:57:50,595 - mylogger - DEBUG - 获取题目
2018-09-24 14:57:52,487 - mylogger - INFO - 第 3 题
2018-09-24 14:57:52,788 - mylogger - INFO - “宝来”是什么类型的车？
2018-09-24 14:57:53,757 - mylogger - INFO - ['小型SUV', '紧凑型车', 'MPV']
2018-09-24 14:57:53,762 - mylogger - DEBUG - 数据库中检索答案
2018-09-24 14:57:53,776 - mylogger - DEBUG - 数据中无答案
2018-09-24 14:57:54,476 - mylogger - DEBUG - 在线检索答案：紧凑型车
2018-09-24 14:57:54,477 - mylogger - INFO - 我的答案：紧凑型车
2018-09-24 14:57:55,059 - mylogger - DEBUG - 选择选项
2018-09-24 14:57:57,527 - mylogger - INFO - 答案正确
2018-09-24 14:57:57,529 - mylogger - DEBUG - 更新答案
2018-09-24 14:57:58,906 - mylogger - INFO - 本题结束
2018-09-24 14:57:58,908 - mylogger - DEBUG - 获取题目
2018-09-24 14:58:00,621 - mylogger - INFO - 第 4 题
2018-09-24 14:58:00,997 - mylogger - INFO - 2005年WCG世界总决赛中获得《魔兽争霸》冠军的是谁？
2018-09-24 14:58:01,969 - mylogger - INFO - ['韩国MOON', '中国SKY', '中国INFi']
2018-09-24 14:58:01,974 - mylogger - DEBUG - 数据库中检索答案
2018-09-24 14:58:01,987 - mylogger - DEBUG - 数据中无答案
2018-09-24 14:58:03,087 - mylogger - DEBUG - 在线检索答案：
2018-09-24 14:58:03,088 - mylogger - INFO - 我的答案：韩国MOON
2018-09-24 14:58:03,680 - mylogger - DEBUG - 选择选项
2018-09-24 14:58:06,078 - mylogger - INFO - 答案错误
2018-09-24 14:58:06,267 - mylogger - INFO - 正确答案；中国SKY
2018-09-24 14:58:06,269 - mylogger - DEBUG - 更新答案
2018-09-24 14:58:07,679 - mylogger - INFO - 本题结束
2018-09-24 14:58:07,683 - mylogger - DEBUG - 获取题目
2018-09-24 14:58:09,592 - mylogger - INFO - 第 5 题
2018-09-24 14:58:09,908 - mylogger - INFO - “反身、转体、臂立”是哪个体育项目的动作术语？
2018-09-24 14:58:10,773 - mylogger - INFO - ['跳水', '跳高', '体操']
2018-09-24 14:58:10,784 - mylogger - DEBUG - 数据库中检索答案
2018-09-24 14:58:10,785 - mylogger - INFO - 我的答案：跳水
2018-09-24 14:58:11,400 - mylogger - DEBUG - 选择选项
2018-09-24 14:58:13,790 - mylogger - INFO - 答案正确
2018-09-24 14:58:13,793 - mylogger - DEBUG - 更新答案
2018-09-24 14:58:17,488 - mylogger - INFO - 本题结束
2018-09-24 14:58:18,653 - mylogger - INFO - 本场比赛结束
2018-09-24 14:58:18,782 - mylogger - INFO - 返回游戏页面
2018-09-24 14:58:20,282 - mylogger - INFO - 进入排位赛
2018-09-24 14:58:20,284 - mylogger - INFO - 正在匹配中......
2018-09-24 14:58:21,794 - mylogger - INFO - 匹配成功
2018-09-24 14:58:21,795 - mylogger - DEBUG - 获取题目
2018-09-24 14:58:25,018 - mylogger - INFO - 第 1 题
2018-09-24 14:58:25,359 - mylogger - INFO - 电视节目《最强大脑 第二季》的主持人是以下哪位？
2018-09-24 14:58:26,290 - mylogger - INFO - ['谢娜', '吴秀波', '蒋昌建']
2018-09-24 14:58:26,298 - mylogger - DEBUG - 数据库中检索答案
2018-09-24 14:58:26,306 - mylogger - INFO - 我的答案：蒋昌建
2018-09-24 14:58:26,877 - mylogger - DEBUG - 选择选项
2018-09-24 14:58:29,367 - mylogger - INFO - 答案正确
2018-09-24 14:58:29,369 - mylogger - DEBUG - 更新答案
2018-09-24 14:58:33,044 - mylogger - INFO - 本题结束
2018-09-24 14:58:33,052 - mylogger - DEBUG - 获取题目
2018-09-24 14:58:34,933 - mylogger - INFO - 第 2 题
2018-09-24 14:58:35,294 - mylogger - INFO - 在26个字母表中，倒数第四个的字母是什么？
2018-09-24 14:58:36,302 - mylogger - INFO - ['U', 'X', 'W']
2018-09-24 14:58:36,306 - mylogger - DEBUG - 数据库中检索答案
2018-09-24 14:58:36,323 - mylogger - INFO - 我的答案：W
2018-09-24 14:58:36,926 - mylogger - DEBUG - 选择选项
2018-09-24 14:58:39,338 - mylogger - INFO - 答案正确
2018-09-24 14:58:39,339 - mylogger - DEBUG - 更新答案
2018-09-24 14:58:41,769 - mylogger - INFO - 本题结束
2018-09-24 14:58:41,773 - mylogger - DEBUG - 获取题目
2018-09-24 14:58:43,566 - mylogger - INFO - 第 3 题
2018-09-24 14:58:43,843 - mylogger - INFO - 阿根廷是盛产足球天才的国度，哪个球员的绰号是“风之子”吗？
2018-09-24 14:58:44,881 - mylogger - INFO - ['卡尼吉亚', '里克尔梅', '迭戈·弗兰']
2018-09-24 14:58:44,888 - mylogger - DEBUG - 数据库中检索答案
2018-09-24 14:58:44,897 - mylogger - DEBUG - 数据中无答案
2018-09-24 14:58:45,769 - mylogger - DEBUG - 在线检索答案：卡尼吉亚
2018-09-24 14:58:45,770 - mylogger - INFO - 我的答案：卡尼吉亚
2018-09-24 14:58:46,375 - mylogger - DEBUG - 选择选项
2018-09-24 14:58:48,775 - mylogger - INFO - 答案正确
2018-09-24 14:58:48,778 - mylogger - DEBUG - 更新答案
2018-09-24 14:58:51,296 - mylogger - INFO - 本题结束
2018-09-24 14:58:51,298 - mylogger - DEBUG - 获取题目
2018-09-24 14:58:53,154 - mylogger - INFO - 第 4 题
2018-09-24 14:58:53,438 - mylogger - INFO - “生命诚可贵，爱情价更高”作者是哪国人？
2018-09-24 14:58:54,307 - mylogger - INFO - ['匈牙利', '意大利', '中国']
2018-09-24 14:58:54,312 - mylogger - DEBUG - 数据库中检索答案
2018-09-24 14:58:54,323 - mylogger - DEBUG - 数据中无答案
2018-09-24 14:58:55,186 - mylogger - DEBUG - 在线检索答案：匈牙利
2018-09-24 14:58:55,187 - mylogger - INFO - 我的答案：匈牙利
2018-09-24 14:58:55,811 - mylogger - DEBUG - 选择选项
2018-09-24 14:58:58,193 - mylogger - INFO - 答案正确
2018-09-24 14:58:58,196 - mylogger - DEBUG - 更新答案
2018-09-24 14:58:59,716 - mylogger - INFO - 本题结束
2018-09-24 14:58:59,718 - mylogger - DEBUG - 获取题目
2018-09-24 14:59:02,811 - mylogger - INFO - 第 5 题
2018-09-24 14:59:03,164 - mylogger - INFO - 以下谁没有担任过春晚的导演？
2018-09-24 14:59:04,043 - mylogger - INFO - ['黄一鹤', '张艺谋', '冯小刚']
2018-09-24 14:59:04,056 - mylogger - DEBUG - 数据库中检索答案
2018-09-24 14:59:04,056 - mylogger - INFO - 我的答案：张艺谋
2018-09-24 14:59:04,755 - mylogger - DEBUG - 选择选项
2018-09-24 14:59:07,224 - mylogger - INFO - 答案正确
2018-09-24 14:59:07,226 - mylogger - DEBUG - 更新答案
2018-09-24 14:59:10,985 - mylogger - INFO - 本题结束
2018-09-24 14:59:12,171 - mylogger - INFO - 本场比赛结束
2018-09-24 14:59:12,219 - mylogger - INFO - 返回游戏页面
2018-09-24 14:59:13,756 - mylogger - INFO - 进入排位赛
2018-09-24 14:59:13,757 - mylogger - INFO - 正在匹配中......
2018-09-24 14:59:46,936 - mylogger - INFO - 匹配成功
2018-09-24 14:59:46,938 - mylogger - DEBUG - 获取题目
2018-09-24 14:59:50,089 - mylogger - INFO - 第 1 题
2018-09-24 14:59:50,528 - mylogger - INFO - 在《哆啦A梦》中，哆啦A梦最喜欢的食物是什么？
2018-09-24 14:59:51,538 - mylogger - INFO - ['铜锣烧', '汉堡包', '章鱼丸']
2018-09-24 14:59:51,545 - mylogger - DEBUG - 数据库中检索答案
2018-09-24 14:59:51,560 - mylogger - INFO - 我的答案：铜锣烧
2018-09-24 14:59:52,133 - mylogger - DEBUG - 选择选项
2018-09-24 14:59:54,563 - mylogger - INFO - 答案正确
2018-09-24 14:59:54,565 - mylogger - DEBUG - 更新答案
2018-09-24 14:59:56,033 - mylogger - INFO - 本题结束
2018-09-24 14:59:56,035 - mylogger - DEBUG - 获取题目
2018-09-24 14:59:59,106 - mylogger - INFO - 第 2 题
2018-09-24 14:59:59,448 - mylogger - INFO - 在春晚小品《如此包装》中，赵丽蓉一听到按手印想起了谁？
2018-09-24 15:00:00,437 - mylogger - INFO - ['大春', '杨白劳', '喜儿']
2018-09-24 15:00:00,442 - mylogger - DEBUG - 数据库中检索答案
2018-09-24 15:00:00,453 - mylogger - DEBUG - 数据中无答案
2018-09-24 15:00:01,215 - mylogger - DEBUG - 在线检索答案：
2018-09-24 15:00:01,215 - mylogger - INFO - 我的答案：大春
2018-09-24 15:00:01,789 - mylogger - DEBUG - 选择选项
2018-09-24 15:00:04,204 - mylogger - INFO - 答案错误
2018-09-24 15:00:04,345 - mylogger - INFO - 正确答案；杨白劳
2018-09-24 15:00:04,362 - mylogger - DEBUG - 更新答案
2018-09-24 15:00:05,774 - mylogger - INFO - 本题结束
2018-09-24 15:00:05,800 - mylogger - DEBUG - 获取题目
2018-09-24 15:00:08,825 - mylogger - INFO - 第 3 题
2018-09-24 15:00:09,181 - mylogger - INFO - 在中国哲学中，“机锋”和“棒喝” 是谁的术语
2018-09-24 15:00:10,233 - mylogger - INFO - ['道家', '禅宗', '华严宗']
2018-09-24 15:00:10,240 - mylogger - DEBUG - 数据库中检索答案
2018-09-24 15:00:10,255 - mylogger - DEBUG - 数据中无答案
2018-09-24 15:00:11,401 - mylogger - DEBUG - 在线检索答案：道家
2018-09-24 15:00:11,402 - mylogger - INFO - 我的答案：道家
2018-09-24 15:00:12,017 - mylogger - DEBUG - 选择选项
2018-09-24 15:00:14,455 - mylogger - INFO - 答案错误
2018-09-24 15:00:14,593 - mylogger - INFO - 正确答案；禅宗
2018-09-24 15:00:14,595 - mylogger - DEBUG - 更新答案
2018-09-24 15:00:15,985 - mylogger - INFO - 本题结束
2018-09-24 15:00:15,987 - mylogger - DEBUG - 获取题目
2018-09-24 15:00:18,886 - mylogger - INFO - 第 4 题
2018-09-24 15:00:19,213 - mylogger - INFO - 红宝石属于哪种矿物？
2018-09-24 15:00:20,098 - mylogger - INFO - ['玛瑙石', '刚玉', '贵榴石']
2018-09-24 15:00:20,122 - mylogger - DEBUG - 数据库中检索答案
2018-09-24 15:00:20,130 - mylogger - DEBUG - 数据中无答案
2018-09-24 15:00:20,871 - mylogger - DEBUG - 在线检索答案：刚玉
2018-09-24 15:00:20,871 - mylogger - INFO - 我的答案：刚玉
2018-09-24 15:00:21,477 - mylogger - DEBUG - 选择选项
2018-09-24 15:00:23,877 - mylogger - INFO - 答案正确
2018-09-24 15:00:23,880 - mylogger - DEBUG - 更新答案
2018-09-24 15:00:25,273 - mylogger - INFO - 本题结束
2018-09-24 15:00:25,276 - mylogger - DEBUG - 获取题目
2018-09-24 15:00:27,099 - mylogger - INFO - 第 5 题
2018-09-24 15:00:27,482 - mylogger - INFO - “就算是一条底裤,一张厕纸,都有它的用处”出自哪部电影？
2018-09-24 15:00:28,451 - mylogger - INFO - ['喜剧之王', '国产凌凌漆', '长江7号']
2018-09-24 15:00:28,457 - mylogger - DEBUG - 数据库中检索答案
2018-09-24 15:00:28,473 - mylogger - INFO - 我的答案：国产凌凌漆
2018-09-24 15:00:29,075 - mylogger - DEBUG - 选择选项
2018-09-24 15:00:31,579 - mylogger - INFO - 答案正确
2018-09-24 15:00:31,581 - mylogger - DEBUG - 更新答案
2018-09-24 15:00:34,113 - mylogger - INFO - 本题结束
2018-09-24 15:00:35,276 - mylogger - INFO - 本场比赛结束
2018-09-24 15:00:35,375 - mylogger - INFO - 返回游戏页面
2018-09-24 15:00:36,882 - mylogger - INFO - 进入排位赛
2018-09-24 15:00:36,884 - mylogger - INFO - 正在匹配中......
2018-09-24 15:01:37,344 - mylogger - WARNING - 匹配失败
2018-09-24 15:01:37,412 - mylogger - INFO - 返回游戏页面
2018-09-24 15:01:38,994 - mylogger - INFO - 进入排位赛
2018-09-24 15:01:38,997 - mylogger - INFO - 正在匹配中......
2018-09-24 15:01:52,870 - mylogger - INFO - 匹配成功
2018-09-24 15:01:52,872 - mylogger - DEBUG - 获取题目
2018-09-24 15:01:56,085 - mylogger - INFO - 第 1 题
2018-09-24 15:01:56,452 - mylogger - INFO - 清光绪年间曾对邮票有一种非常特殊的称谓，请问当时叫什么？
2018-09-24 15:01:57,586 - mylogger - INFO - ['老人头', '小孩头', '女人头']
2018-09-24 15:01:57,592 - mylogger - DEBUG - 数据库中检索答案
2018-09-24 15:01:57,607 - mylogger - DEBUG - 数据中无答案
2018-09-24 15:01:59,195 - mylogger - DEBUG - 在线检索答案：老人头
2018-09-24 15:01:59,195 - mylogger - INFO - 我的答案：老人头
2018-09-24 15:01:59,813 - mylogger - DEBUG - 选择选项
2018-09-24 15:02:02,212 - mylogger - INFO - 答案正确
2018-09-24 15:02:02,213 - mylogger - DEBUG - 更新答案
2018-09-24 15:02:03,659 - mylogger - INFO - 本题结束
2018-09-24 15:02:03,664 - mylogger - DEBUG - 获取题目
2018-09-24 15:02:05,562 - mylogger - INFO - 第 2 题
2018-09-24 15:02:05,907 - mylogger - INFO - 亚洲和非洲以哪条运河为界？
2018-09-24 15:02:06,851 - mylogger - INFO - ['巴拿马运河', '苏伊士运河', '京杭大运河']
2018-09-24 15:02:06,856 - mylogger - DEBUG - 数据库中检索答案
2018-09-24 15:02:06,866 - mylogger - DEBUG - 数据中无答案
2018-09-24 15:02:07,977 - mylogger - DEBUG - 在线检索答案：苏伊士运河
2018-09-24 15:02:07,977 - mylogger - INFO - 我的答案：苏伊士运河
2018-09-24 15:02:08,553 - mylogger - DEBUG - 选择选项
2018-09-24 15:02:10,943 - mylogger - INFO - 答案正确
2018-09-24 15:02:10,945 - mylogger - DEBUG - 更新答案
2018-09-24 15:02:21,433 - mylogger - INFO - 本题结束
2018-09-24 15:02:21,435 - mylogger - DEBUG - 获取题目
2018-09-24 15:02:22,299 - mylogger - INFO - 第 3 题
2018-09-24 15:02:22,639 - mylogger - INFO - 中央电视台第一届春晚是哪一个生肖年？
2018-09-24 15:02:23,620 - mylogger - INFO - ['蛇年', '鼠年', '猪年']
2018-09-24 15:02:23,625 - mylogger - DEBUG - 数据库中检索答案
2018-09-24 15:02:23,634 - mylogger - INFO - 我的答案：猪年
2018-09-24 15:02:24,403 - mylogger - DEBUG - 选择选项
2018-09-24 15:02:26,857 - mylogger - INFO - 答案错误
2018-09-24 15:02:27,043 - mylogger - DEBUG - 更新答案
2018-09-24 15:02:27,359 - mylogger - INFO - 本题结束
2018-09-24 15:02:27,361 - mylogger - DEBUG - 获取题目
2018-09-24 15:02:30,386 - mylogger - INFO - 第 4 题
2018-09-24 15:02:30,735 - mylogger - INFO - 根据中国传统建筑的特点，面对大院的门口，你的左手边是什么方向
2018-09-24 15:02:31,604 - mylogger - INFO - ['东', '西', '南']
2018-09-24 15:02:31,608 - mylogger - DEBUG - 数据库中检索答案
2018-09-24 15:02:31,624 - mylogger - DEBUG - 数据中无答案
2018-09-24 15:02:31,871 - mylogger - DEBUG - 在线检索答案：南
2018-09-24 15:02:31,872 - mylogger - INFO - 我的答案：南
2018-09-24 15:02:32,479 - mylogger - DEBUG - 选择选项
2018-09-24 15:02:34,948 - mylogger - INFO - 答案错误
2018-09-24 15:02:35,155 - mylogger - INFO - 正确答案；西
2018-09-24 15:02:35,157 - mylogger - DEBUG - 更新答案
2018-09-24 15:02:41,139 - mylogger - INFO - 本题结束
2018-09-24 15:02:41,141 - mylogger - DEBUG - 获取题目
2018-09-24 15:02:43,052 - mylogger - INFO - 第 5 题
2018-09-24 15:02:43,409 - mylogger - INFO - 美国的MTV电影大奖的奖杯外形是什么形状？
2018-09-24 15:02:44,372 - mylogger - INFO - ['爆米花', '小金人', '摄影机']
2018-09-24 15:02:44,378 - mylogger - DEBUG - 数据库中检索答案
2018-09-24 15:02:44,390 - mylogger - DEBUG - 数据中无答案
2018-09-24 15:02:45,199 - mylogger - DEBUG - 在线检索答案：爆米花
2018-09-24 15:02:45,199 - mylogger - INFO - 我的答案：爆米花
2018-09-24 15:02:45,799 - mylogger - DEBUG - 选择选项
2018-09-24 15:02:48,217 - mylogger - INFO - 答案正确
2018-09-24 15:02:48,218 - mylogger - DEBUG - 更新答案
2018-09-24 15:02:50,808 - mylogger - INFO - 本题结束
2018-09-24 15:02:52,013 - mylogger - INFO - 本场比赛结束
2018-09-24 15:02:52,065 - mylogger - INFO - 返回游戏页面
2018-09-24 15:02:53,616 - mylogger - INFO - 进入排位赛
2018-09-24 15:02:53,618 - mylogger - INFO - 正在匹配中......
2018-09-24 15:02:55,181 - mylogger - INFO - 匹配成功
2018-09-24 15:02:55,184 - mylogger - DEBUG - 获取题目
2018-09-24 15:02:58,268 - mylogger - INFO - 第 1 题
2018-09-24 15:02:58,560 - mylogger - INFO - 信息化战争的形成不是什么因素作用的结果？
2018-09-24 15:02:59,525 - mylogger - INFO - ['政治', '经济', '文化']
2018-09-24 15:02:59,531 - mylogger - DEBUG - 数据库中检索答案
2018-09-24 15:02:59,544 - mylogger - DEBUG - 数据中无答案
2018-09-24 15:03:00,369 - mylogger - DEBUG - 在线检索答案：文化
2018-09-24 15:03:00,370 - mylogger - INFO - 我的答案：文化
2018-09-24 15:03:00,956 - mylogger - DEBUG - 选择选项
2018-09-24 15:03:03,440 - mylogger - INFO - 答案正确
2018-09-24 15:03:03,442 - mylogger - DEBUG - 更新答案
2018-09-24 15:03:09,597 - mylogger - INFO - 本题结束
2018-09-24 15:03:09,599 - mylogger - DEBUG - 获取题目
2018-09-24 15:03:11,472 - mylogger - INFO - 第 2 题
2018-09-24 15:03:11,774 - mylogger - INFO - 下列哪个不是三国演义中的人物？
2018-09-24 15:03:12,715 - mylogger - INFO - ['陈达', '陈宫', '许攸']
2018-09-24 15:03:12,720 - mylogger - DEBUG - 数据库中检索答案
2018-09-24 15:03:12,736 - mylogger - INFO - 我的答案：陈达
2018-09-24 15:03:13,253 - mylogger - DEBUG - 选择选项
2018-09-24 15:03:15,654 - mylogger - INFO - 答案正确
2018-09-24 15:03:15,657 - mylogger - DEBUG - 更新答案
2018-09-24 15:03:17,018 - mylogger - INFO - 本题结束
2018-09-24 15:03:17,020 - mylogger - DEBUG - 获取题目
2018-09-24 15:03:20,022 - mylogger - INFO - 第 3 题
2018-09-24 15:03:20,314 - mylogger - INFO - ”天门蒸菜“属于哪个菜系？
2018-09-24 15:03:21,259 - mylogger - INFO - ['闽菜', '鄂菜', '粤菜']
2018-09-24 15:03:21,265 - mylogger - DEBUG - 数据库中检索答案
2018-09-24 15:03:21,277 - mylogger - INFO - 我的答案：鄂菜
2018-09-24 15:03:21,849 - mylogger - DEBUG - 选择选项
2018-09-24 15:03:24,263 - mylogger - INFO - 答案正确
2018-09-24 15:03:24,265 - mylogger - DEBUG - 更新答案
2018-09-24 15:03:29,011 - mylogger - INFO - 本题结束
2018-09-24 15:03:29,013 - mylogger - DEBUG - 获取题目
2018-09-24 15:03:32,225 - mylogger - INFO - 第 4 题
2018-09-24 15:03:32,538 - mylogger - INFO - 日本二二六事件，又名“帝都不祥事件”，该事件最终是哪个派掌握军部大权？
2018-09-24 15:03:33,382 - mylogger - INFO - ['统制派', '萨摩派', '信念派']
2018-09-24 15:03:33,386 - mylogger - DEBUG - 数据库中检索答案
2018-09-24 15:03:33,399 - mylogger - DEBUG - 数据中无答案
2018-09-24 15:03:34,253 - mylogger - DEBUG - 在线检索答案：萨摩派
2018-09-24 15:03:34,254 - mylogger - INFO - 我的答案：萨摩派
2018-09-24 15:03:34,850 - mylogger - DEBUG - 选择选项
2018-09-24 15:03:37,245 - mylogger - INFO - 答案错误
2018-09-24 15:03:37,359 - mylogger - INFO - 正确答案；统制派
2018-09-24 15:03:37,359 - mylogger - DEBUG - 更新答案
2018-09-24 15:03:39,938 - mylogger - INFO - 本题结束
2018-09-24 15:03:39,940 - mylogger - DEBUG - 获取题目
2018-09-24 15:03:41,783 - mylogger - INFO - 第 5 题
2018-09-24 15:03:42,058 - mylogger - INFO - 恐龙英文名是什么？
2018-09-24 15:03:42,982 - mylogger - INFO - ['konglseg', 'Dinologn', 'Dinosaur']
2018-09-24 15:03:42,987 - mylogger - DEBUG - 数据库中检索答案
2018-09-24 15:03:43,003 - mylogger - INFO - 我的答案：Dinosaur
2018-09-24 15:03:43,581 - mylogger - DEBUG - 选择选项
2018-09-24 15:03:45,973 - mylogger - INFO - 答案正确
2018-09-24 15:03:45,975 - mylogger - DEBUG - 更新答案
2018-09-24 15:03:50,809 - mylogger - INFO - 本题结束
2018-09-24 15:03:51,955 - mylogger - INFO - 本场比赛结束
2018-09-24 15:03:52,060 - mylogger - INFO - 返回游戏页面
2018-09-24 15:03:53,551 - mylogger - INFO - 进入排位赛
2018-09-24 15:03:53,552 - mylogger - INFO - 正在匹配中......
2018-09-24 15:03:55,091 - mylogger - INFO - 匹配成功
2018-09-24 15:03:55,094 - mylogger - DEBUG - 获取题目
2018-09-24 15:03:58,292 - mylogger - INFO - 第 1 题
2018-09-24 15:03:58,603 - mylogger - INFO - 哪个化学家是元素周期律的最早创造者？
2018-09-24 15:03:59,490 - mylogger - INFO - ['玛丽·居里', '居里夫人', '门捷列夫']
2018-09-24 15:03:59,507 - mylogger - DEBUG - 数据库中检索答案
2018-09-24 15:03:59,511 - mylogger - INFO - 我的答案：门捷列夫
2018-09-24 15:04:00,162 - mylogger - DEBUG - 选择选项
2018-09-24 15:04:02,599 - mylogger - INFO - 答案正确
2018-09-24 15:04:02,621 - mylogger - DEBUG - 更新答案
2018-09-24 15:04:04,173 - mylogger - INFO - 本题结束
2018-09-24 15:04:04,175 - mylogger - DEBUG - 获取题目
2018-09-24 15:04:06,023 - mylogger - INFO - 第 2 题
2018-09-24 15:04:06,335 - mylogger - INFO - 金熊奖是哪个电影节的最高荣誉？
2018-09-24 15:04:07,204 - mylogger - INFO - ['柏林国际电影节', '威尼斯电影节', '戛纳电影节']
2018-09-24 15:04:07,211 - mylogger - DEBUG - 数据库中检索答案
2018-09-24 15:04:07,221 - mylogger - DEBUG - 数据中无答案
2018-09-24 15:04:08,070 - mylogger - DEBUG - 在线检索答案：戛纳电影节
2018-09-24 15:04:08,071 - mylogger - INFO - 我的答案：戛纳电影节
2018-09-24 15:04:08,719 - mylogger - DEBUG - 选择选项
2018-09-24 15:04:11,153 - mylogger - INFO - 答案错误
2018-09-24 15:04:11,286 - mylogger - INFO - 正确答案；柏林国际电影节
2018-09-24 15:04:11,298 - mylogger - DEBUG - 更新答案
2018-09-24 15:04:12,682 - mylogger - INFO - 本题结束
2018-09-24 15:04:12,685 - mylogger - DEBUG - 获取题目
2018-09-24 15:04:14,616 - mylogger - INFO - 第 3 题
2018-09-24 15:04:14,913 - mylogger - INFO - 历史上获得第一个体操项目十分的是哪国人？
2018-09-24 15:04:16,000 - mylogger - INFO - ['罗马尼亚', '尼日利亚', '雅典']
2018-09-24 15:04:16,006 - mylogger - DEBUG - 数据库中检索答案
2018-09-24 15:04:16,014 - mylogger - INFO - 我的答案：罗马尼亚
2018-09-24 15:04:16,659 - mylogger - DEBUG - 选择选项
2018-09-24 15:04:19,046 - mylogger - INFO - 答案正确
2018-09-24 15:04:19,048 - mylogger - DEBUG - 更新答案
2018-09-24 15:04:20,487 - mylogger - INFO - 本题结束
2018-09-24 15:04:20,489 - mylogger - DEBUG - 获取题目
2018-09-24 15:04:23,516 - mylogger - INFO - 第 4 题
2018-09-24 15:04:23,856 - mylogger - INFO - 下面哪种动物被称为活化石？
2018-09-24 15:04:25,012 - mylogger - INFO - ['扬子鳄', '东北虎', '中华鲟']
2018-09-24 15:04:25,018 - mylogger - DEBUG - 数据库中检索答案
2018-09-24 15:04:25,027 - mylogger - DEBUG - 数据中无答案
2018-09-24 15:04:25,756 - mylogger - DEBUG - 在线检索答案：东北虎
2018-09-24 15:04:25,757 - mylogger - INFO - 我的答案：东北虎
2018-09-24 15:04:26,339 - mylogger - DEBUG - 选择选项
2018-09-24 15:04:28,728 - mylogger - INFO - 答案错误
2018-09-24 15:04:28,916 - mylogger - INFO - 正确答案；扬子鳄
2018-09-24 15:04:28,924 - mylogger - DEBUG - 更新答案
2018-09-24 15:04:29,232 - mylogger - INFO - 本题结束
2018-09-24 15:04:29,234 - mylogger - DEBUG - 获取题目
2018-09-24 15:04:32,180 - mylogger - INFO - 第 5 题
2018-09-24 15:04:32,484 - mylogger - INFO - 恭喜发财（打一字）
2018-09-24 15:04:33,290 - mylogger - INFO - ['诘', '贺', '怂']
2018-09-24 15:04:33,295 - mylogger - DEBUG - 数据库中检索答案
2018-09-24 15:04:33,312 - mylogger - DEBUG - 数据中无答案
2018-09-24 15:04:33,903 - mylogger - DEBUG - 在线检索答案：诘
2018-09-24 15:04:33,904 - mylogger - INFO - 我的答案：诘
2018-09-24 15:04:34,556 - mylogger - DEBUG - 选择选项
2018-09-24 15:04:36,984 - mylogger - INFO - 答案正确
2018-09-24 15:04:36,986 - mylogger - DEBUG - 更新答案
2018-09-24 15:04:39,582 - mylogger - INFO - 本题结束
2018-09-24 15:04:40,717 - mylogger - INFO - 本场比赛结束
2018-09-24 15:04:40,762 - mylogger - INFO - 返回游戏页面
2018-09-24 15:04:42,345 - mylogger - INFO - 进入排位赛
2018-09-24 15:04:42,359 - mylogger - INFO - 正在匹配中......
2018-09-24 15:05:42,738 - mylogger - WARNING - 匹配失败
2018-09-24 15:05:42,831 - mylogger - INFO - 返回游戏页面
2018-09-24 15:05:44,339 - mylogger - INFO - 进入排位赛
2018-09-24 15:05:44,341 - mylogger - INFO - 正在匹配中......
2018-09-24 15:06:44,749 - mylogger - WARNING - 匹配失败
2018-09-24 15:06:44,898 - mylogger - INFO - 返回游戏页面
2018-09-24 15:06:46,508 - mylogger - INFO - 进入排位赛
2018-09-24 15:06:46,512 - mylogger - INFO - 正在匹配中......
2018-09-24 15:29:03,107 - mylogger - INFO - 停止UC浏览器
2018-09-24 15:29:03,330 - mylogger - DEBUG - 返回主页面
2018-09-24 15:29:05,462 - mylogger - DEBUG - 打开UC浏览器
2018-09-24 15:29:07,886 - mylogger - DEBUG - 进入用户页面
2018-09-24 15:29:09,143 - mylogger - DEBUG - 进入游戏页面1
2018-09-24 15:29:12,392 - mylogger - DEBUG - 进入游戏页面2
2018-09-24 15:29:14,908 - mylogger - INFO - 选择游戏
2018-09-24 15:29:16,216 - mylogger - INFO - 进入排位赛
2018-09-24 15:29:16,216 - mylogger - INFO - 正在匹配中......
2018-09-24 15:29:43,519 - mylogger - INFO - 停止UC浏览器
2018-09-24 15:29:43,598 - mylogger - DEBUG - 返回主页面
2018-09-24 15:29:44,925 - mylogger - DEBUG - 打开UC浏览器
2018-09-24 15:29:47,345 - mylogger - DEBUG - 进入用户页面
2018-09-24 15:29:48,632 - mylogger - DEBUG - 进入游戏页面1
2018-09-24 15:29:50,833 - mylogger - DEBUG - 进入游戏页面2
2018-09-24 15:29:53,225 - mylogger - INFO - 选择游戏
2018-09-24 15:29:55,178 - mylogger - INFO - 进入排位赛
2018-09-24 15:29:55,179 - mylogger - INFO - 正在匹配中......
2018-09-24 15:30:29,523 - mylogger - INFO - 匹配成功
2018-09-24 15:30:29,523 - mylogger - DEBUG - 获取题目
2018-09-24 15:30:32,748 - mylogger - INFO - 第 1 题
2018-09-24 15:30:32,992 - mylogger - INFO - “哥德巴赫猜想”是关于什么学科的一个世界著名难题？
2018-09-24 15:30:33,884 - mylogger - INFO - ['数学', '物理', '化学']
2018-09-24 15:30:34,142 - mylogger - DEBUG - 在线检索答案
2018-09-24 15:30:34,142 - mylogger - INFO - 我的答案：数学
2018-09-24 15:30:34,755 - mylogger - DEBUG - 选择选项
2018-09-24 15:30:37,140 - mylogger - INFO - 答案正确
2018-09-24 15:30:37,140 - mylogger - DEBUG - 更新答案
2018-09-24 15:30:38,533 - mylogger - INFO - 本题结束
2018-09-24 15:30:38,533 - mylogger - DEBUG - 获取题目
2018-09-24 15:30:40,236 - mylogger - INFO - 第 2 题
2018-09-24 15:30:40,512 - mylogger - INFO - 眼如铜铃，身像铁钉，有翅无毛，有脚难行 (打一动物)
2018-09-24 15:30:41,429 - mylogger - INFO - ['蟋蟀', '蚊子', '蜻蜓']
2018-09-24 15:30:43,080 - mylogger - DEBUG - 在线检索答案
2018-09-24 15:30:43,080 - mylogger - INFO - 我的答案：蜻蜓
2018-09-24 15:30:43,676 - mylogger - DEBUG - 选择选项
2018-09-24 15:30:46,042 - mylogger - INFO - 答案正确
2018-09-24 15:30:46,042 - mylogger - DEBUG - 更新答案
2018-09-24 15:30:51,916 - mylogger - INFO - 本题结束
2018-09-24 15:30:51,917 - mylogger - DEBUG - 获取题目
2018-09-24 15:30:53,707 - mylogger - INFO - 第 3 题
2018-09-24 15:30:54,025 - mylogger - INFO - 人们惯用的芭蕉扇是什么叶子做成的？
2018-09-24 15:30:55,020 - mylogger - INFO - ['美人蕉叶', '蒲葵叶', '棕榈叶']
2018-09-24 15:30:56,493 - mylogger - DEBUG - 在线检索答案
2018-09-24 15:30:56,493 - mylogger - INFO - 我的答案：蒲葵叶
2018-09-24 15:30:57,050 - mylogger - DEBUG - 选择选项
2018-09-24 15:30:59,439 - mylogger - INFO - 答案正确
2018-09-24 15:30:59,440 - mylogger - DEBUG - 更新答案
2018-09-24 15:31:03,091 - mylogger - INFO - 本题结束
2018-09-24 15:31:03,091 - mylogger - DEBUG - 获取题目
2018-09-24 15:31:04,777 - mylogger - INFO - 第 4 题
2018-09-24 15:31:05,021 - mylogger - INFO - 下列哪种坦克，未参与第一次世界大战？
2018-09-24 15:31:05,934 - mylogger - INFO - ['M4谢尔曼坦克', '雷诺FT17坦克', 'MARKI型坦克']
2018-09-24 15:31:06,721 - mylogger - DEBUG - 未检索到答案
2018-09-24 15:31:06,721 - mylogger - INFO - 我的答案：M4谢尔曼坦克
2018-09-24 15:31:07,285 - mylogger - DEBUG - 选择选项
2018-09-24 15:31:09,728 - mylogger - INFO - 答案正确
2018-09-24 15:31:09,728 - mylogger - DEBUG - 更新答案
2018-09-24 15:31:12,236 - mylogger - INFO - 本题结束
2018-09-24 15:31:12,236 - mylogger - DEBUG - 获取题目
2018-09-24 15:31:15,143 - mylogger - INFO - 第 5 题
2018-09-24 15:31:15,505 - mylogger - INFO - 比特币（BitCoin）的概念最初在什么时候提出？
2018-09-24 15:31:16,393 - mylogger - INFO - ['2010年', '2007年', '2009年']
2018-09-24 15:31:16,396 - mylogger - DEBUG - 数据库中检索到答案
2018-09-24 15:31:16,396 - mylogger - INFO - 我的答案：2009年
2018-09-24 15:31:16,977 - mylogger - DEBUG - 选择选项
2018-09-24 15:31:19,330 - mylogger - INFO - 答案正确
2018-09-24 15:31:19,330 - mylogger - DEBUG - 更新答案
2018-09-24 15:31:21,771 - mylogger - INFO - 本题结束
2018-09-24 15:31:22,906 - mylogger - INFO - 本场比赛结束
2018-09-24 15:31:22,965 - mylogger - INFO - 返回游戏页面
2018-09-24 15:31:24,509 - mylogger - INFO - 进入排位赛
2018-09-24 15:31:24,510 - mylogger - INFO - 正在匹配中......
2018-09-24 15:31:31,702 - mylogger - INFO - 匹配成功
2018-09-24 15:31:31,702 - mylogger - DEBUG - 获取题目
2018-09-24 15:31:34,651 - mylogger - INFO - 第 1 题
2018-09-24 15:31:34,943 - mylogger - INFO - 以下哪位是电视节目《我们相爱吧 第三季》的主持人？
2018-09-24 15:31:35,871 - mylogger - INFO - ['陈鲁豫', '谢娜', '李艾']
2018-09-24 15:31:36,582 - mylogger - DEBUG - 未检索到答案
2018-09-24 15:31:36,582 - mylogger - INFO - 我的答案：陈鲁豫
2018-09-24 15:31:37,193 - mylogger - DEBUG - 选择选项
2018-09-24 15:31:39,591 - mylogger - INFO - 答案错误
2018-09-24 15:31:39,790 - mylogger - INFO - 正确答案；李艾
2018-09-24 15:31:39,791 - mylogger - DEBUG - 更新答案
2018-09-24 15:31:42,270 - mylogger - INFO - 本题结束
2018-09-24 15:31:42,270 - mylogger - DEBUG - 获取题目
2018-09-24 15:31:44,158 - mylogger - INFO - 第 2 题
2018-09-24 15:31:44,432 - mylogger - INFO - “孔雀石”在化学中的中文标准名称是什么？
2018-09-24 15:31:45,297 - mylogger - INFO - ['碱式碳酸铜', '碳酸钙', '氯化钠']
2018-09-24 15:31:46,457 - mylogger - DEBUG - 在线检索答案
2018-09-24 15:31:46,458 - mylogger - INFO - 我的答案：碱式碳酸铜
2018-09-24 15:31:47,046 - mylogger - DEBUG - 选择选项
2018-09-24 15:31:49,464 - mylogger - INFO - 答案正确
2018-09-24 15:31:49,464 - mylogger - DEBUG - 更新答案
2018-09-24 15:31:50,857 - mylogger - INFO - 本题结束
2018-09-24 15:31:50,857 - mylogger - DEBUG - 获取题目
2018-09-24 15:31:53,844 - mylogger - INFO - 第 3 题
2018-09-24 15:31:54,188 - mylogger - INFO - 经典电视剧《雪花女神龙》中的女一号是谁饰演的？
2018-09-24 15:31:55,202 - mylogger - INFO - ['刘亦菲', '杨采妮', '董璇']
2018-09-24 15:31:55,969 - mylogger - DEBUG - 在线检索答案
2018-09-24 15:31:55,969 - mylogger - INFO - 我的答案：董璇
2018-09-24 15:31:56,567 - mylogger - DEBUG - 选择选项
2018-09-24 15:31:59,021 - mylogger - INFO - 答案正确
2018-09-24 15:31:59,021 - mylogger - DEBUG - 更新答案
2018-09-24 15:32:00,403 - mylogger - INFO - 本题结束
2018-09-24 15:32:00,403 - mylogger - DEBUG - 获取题目
2018-09-24 15:32:02,218 - mylogger - INFO - 第 4 题
2018-09-24 15:32:02,508 - mylogger - INFO - 以下哪种物质不是制造“飞天小女警”的原料？
2018-09-24 15:32:03,550 - mylogger - INFO - ['化学物质X', '美好的味道', '芝麻油']
2018-09-24 15:32:04,284 - mylogger - DEBUG - 在线检索答案
2018-09-24 15:32:04,284 - mylogger - INFO - 我的答案：化学物质X
2018-09-24 15:32:04,807 - mylogger - DEBUG - 选择选项
2018-09-24 15:32:07,204 - mylogger - INFO - 答案错误
2018-09-24 15:32:07,447 - mylogger - INFO - 正确答案；芝麻油
2018-09-24 15:32:07,447 - mylogger - DEBUG - 更新答案
2018-09-24 15:32:12,237 - mylogger - INFO - 本题结束
2018-09-24 15:32:12,237 - mylogger - DEBUG - 获取题目
2018-09-24 15:32:14,080 - mylogger - INFO - 第 5 题
2018-09-24 15:32:14,372 - mylogger - INFO - 猎鹰 1 号运载火箭经历了几次才发射成功？
2018-09-24 15:32:15,343 - mylogger - INFO - ['4 次', '5 次', '2 次']
2018-09-24 15:32:16,182 - mylogger - DEBUG - 未检索到答案
2018-09-24 15:32:16,183 - mylogger - INFO - 我的答案：4 次
2018-09-24 15:32:16,780 - mylogger - DEBUG - 选择选项
2018-09-24 15:32:19,191 - mylogger - INFO - 答案正确
2018-09-24 15:32:19,192 - mylogger - DEBUG - 更新答案
2018-09-24 15:32:20,571 - mylogger - INFO - 本题结束
2018-09-24 15:32:21,736 - mylogger - INFO - 本场比赛结束
2018-09-24 15:32:21,786 - mylogger - INFO - 返回游戏页面
2018-09-24 15:33:28,728 - mylogger - INFO - 停止UC浏览器
2018-09-24 15:33:28,768 - mylogger - DEBUG - 返回主页面
2018-09-24 15:33:29,246 - mylogger - DEBUG - 打开UC浏览器
2018-09-24 15:33:31,815 - mylogger - DEBUG - 进入用户页面
2018-09-24 15:33:32,786 - mylogger - DEBUG - 进入游戏页面1
2018-09-24 15:33:34,883 - mylogger - DEBUG - 进入游戏页面2
2018-09-24 15:33:37,226 - mylogger - INFO - 选择游戏
2018-09-24 15:33:39,086 - mylogger - INFO - 进入排位赛
2018-09-24 15:33:39,086 - mylogger - INFO - 正在匹配中......
2018-09-24 15:34:10,153 - mylogger - INFO - 匹配成功
2018-09-24 15:34:10,153 - mylogger - DEBUG - 获取题目
2018-09-24 15:34:13,090 - mylogger - INFO - 第 1 题
2018-09-24 15:34:13,365 - mylogger - INFO - 流星为什么会有尾巴？
2018-09-24 15:34:14,209 - mylogger - INFO - ['与大气摩擦燃烧产生', '太阳光反射', '自身是火球']
2018-09-24 15:34:14,972 - mylogger - DEBUG - 未检索到答案
2018-09-24 15:34:14,972 - mylogger - INFO - 我的答案：与大气摩擦燃烧产生
2018-09-24 15:34:15,631 - mylogger - DEBUG - 选择选项
2018-09-24 15:34:18,040 - mylogger - INFO - 答案正确
2018-09-24 15:34:18,040 - mylogger - DEBUG - 更新答案
2018-09-24 15:34:19,437 - mylogger - INFO - 本题结束
2018-09-24 15:34:19,437 - mylogger - DEBUG - 获取题目
2018-09-24 15:34:21,213 - mylogger - INFO - 第 2 题
2018-09-24 15:34:21,505 - mylogger - INFO - 从1959年第二十五届开始，世界乒乓球锦标赛多少年举行一次？
2018-09-24 15:34:22,382 - mylogger - INFO - ['两年', '每年', '三年']
2018-09-24 15:34:22,385 - mylogger - DEBUG - 数据库中检索到答案
2018-09-24 15:34:22,385 - mylogger - INFO - 我的答案：两年
2018-09-24 15:34:23,000 - mylogger - DEBUG - 选择选项
2018-09-24 15:34:25,434 - mylogger - INFO - 答案正确
2018-09-24 15:34:25,434 - mylogger - DEBUG - 更新答案
2018-09-24 15:34:28,993 - mylogger - INFO - 本题结束
2018-09-24 15:34:28,993 - mylogger - DEBUG - 获取题目
2018-09-24 15:34:30,850 - mylogger - INFO - 第 3 题
2018-09-24 15:34:31,121 - mylogger - INFO - 《橄榄树》由谁作词？
2018-09-24 15:34:32,001 - mylogger - INFO - ['杨绛', '三毛', '齐豫']
2018-09-24 15:34:32,838 - mylogger - DEBUG - 在线检索答案
2018-09-24 15:34:32,839 - mylogger - INFO - 我的答案：齐豫
2018-09-24 15:34:33,389 - mylogger - DEBUG - 选择选项
2018-09-24 15:34:35,845 - mylogger - INFO - 答案错误
2018-09-24 15:34:36,052 - mylogger - INFO - 正确答案；1
2018-09-24 15:34:36,052 - mylogger - DEBUG - 更新答案
2018-09-24 15:34:37,402 - mylogger - INFO - 本题结束
2018-09-24 15:34:37,402 - mylogger - DEBUG - 获取题目
2018-09-24 15:34:39,306 - mylogger - INFO - 第 4 题
2018-09-24 15:34:39,594 - mylogger - INFO - 抗坏血酸是指缺什么？
2018-09-24 15:34:40,521 - mylogger - INFO - ['维生素A', '维生素C', '维生素B12']
2018-09-24 15:34:41,699 - mylogger - DEBUG - 在线检索答案
2018-09-24 15:34:41,699 - mylogger - INFO - 我的答案：维生素C
2018-09-24 15:34:42,269 - mylogger - DEBUG - 选择选项
2018-09-24 15:34:44,666 - mylogger - INFO - 答案正确
2018-09-24 15:34:44,666 - mylogger - DEBUG - 更新答案
2018-09-24 15:34:46,044 - mylogger - INFO - 本题结束
2018-09-24 15:34:46,045 - mylogger - DEBUG - 获取题目
2018-09-24 15:34:47,874 - mylogger - INFO - 第 5 题
2018-09-24 15:34:48,154 - mylogger - INFO - 世界第二高峰是哪条山脉的主峰？
2018-09-24 15:34:49,018 - mylogger - INFO - ['昆仑山脉', '安第斯山脉', '喀喇昆仑山脉']
2018-09-24 15:34:49,023 - mylogger - DEBUG - 数据库中检索到答案
2018-09-24 15:34:49,029 - mylogger - INFO - 我的答案：喀喇昆仑山脉
2018-09-24 15:34:49,691 - mylogger - DEBUG - 选择选项
2018-09-24 15:34:52,070 - mylogger - INFO - 答案正确
2018-09-24 15:34:52,071 - mylogger - DEBUG - 更新答案
2018-09-24 15:34:53,459 - mylogger - INFO - 本题结束
2018-09-24 15:34:54,614 - mylogger - INFO - 本场比赛结束
2018-09-24 15:34:54,676 - mylogger - INFO - 返回游戏页面
2018-09-24 15:34:56,246 - mylogger - INFO - 进入排位赛
2018-09-24 15:34:56,247 - mylogger - INFO - 正在匹配中......
2018-09-24 15:34:57,837 - mylogger - INFO - 匹配成功
2018-09-24 15:34:57,837 - mylogger - DEBUG - 获取题目
2018-09-24 15:35:00,779 - mylogger - INFO - 第 1 题
2018-09-24 15:35:01,086 - mylogger - INFO - 文艺复兴最先在哪个国家兴起？
2018-09-24 15:35:02,105 - mylogger - INFO - ['意大利', '希腊', '英国']
2018-09-24 15:35:02,869 - mylogger - DEBUG - 在线检索答案
2018-09-24 15:35:02,869 - mylogger - INFO - 我的答案：意大利
2018-09-24 15:35:03,414 - mylogger - DEBUG - 选择选项
2018-09-24 15:35:05,795 - mylogger - INFO - 答案正确
2018-09-24 15:35:05,795 - mylogger - DEBUG - 更新答案
2018-09-24 15:35:07,120 - mylogger - INFO - 本题结束
2018-09-24 15:35:07,120 - mylogger - DEBUG - 获取题目
2018-09-24 15:35:08,934 - mylogger - INFO - 第 2 题
2018-09-24 15:35:09,238 - mylogger - INFO - 铜锈的颜色是什么色？
2018-09-24 15:35:10,235 - mylogger - INFO - ['黄色', '黑色', '翠绿色']
2018-09-24 15:35:10,238 - mylogger - DEBUG - 数据库中检索到答案
2018-09-24 15:35:10,244 - mylogger - INFO - 我的答案：翠绿色
2018-09-24 15:35:10,871 - mylogger - DEBUG - 选择选项
2018-09-24 15:35:13,311 - mylogger - INFO - 答案正确
2018-09-24 15:35:13,312 - mylogger - DEBUG - 更新答案
2018-09-24 15:35:14,587 - mylogger - INFO - 本题结束
2018-09-24 15:35:14,587 - mylogger - DEBUG - 获取题目
2018-09-24 15:35:17,623 - mylogger - INFO - 第 3 题
2018-09-24 15:35:17,968 - mylogger - INFO - 2018年3月娇兰公布的全新护肤大使是哪位？
2018-09-24 15:35:18,868 - mylogger - INFO - ['巩俐', '王子文', '唐嫣']
2018-09-24 15:35:18,871 - mylogger - DEBUG - 数据库中检索到答案
2018-09-24 15:35:18,872 - mylogger - INFO - 我的答案：王子文
2018-09-24 15:35:19,480 - mylogger - DEBUG - 选择选项
2018-09-24 15:35:21,883 - mylogger - INFO - 答案正确
2018-09-24 15:35:21,883 - mylogger - DEBUG - 更新答案
2018-09-24 15:35:25,456 - mylogger - INFO - 本题结束
2018-09-24 15:35:25,456 - mylogger - DEBUG - 获取题目
2018-09-24 15:35:29,564 - mylogger - INFO - 第 4 题
2018-09-24 15:35:29,852 - mylogger - INFO - 名曲《十面埋伏》的主奏乐器是什么？
2018-09-24 15:35:30,772 - mylogger - INFO - ['二胡', '古筝', '琵琶']
2018-09-24 15:35:30,775 - mylogger - DEBUG - 数据库中检索到答案
2018-09-24 15:35:30,775 - mylogger - INFO - 我的答案：琵琶
2018-09-24 15:35:31,341 - mylogger - DEBUG - 选择选项
2018-09-24 15:35:33,750 - mylogger - INFO - 答案正确
2018-09-24 15:35:33,750 - mylogger - DEBUG - 更新答案
2018-09-24 15:35:35,060 - mylogger - INFO - 本题结束
2018-09-24 15:35:35,060 - mylogger - DEBUG - 获取题目
2018-09-24 15:35:36,885 - mylogger - INFO - 第 5 题
2018-09-24 15:35:37,149 - mylogger - INFO - 电视剧《金大班》中，女主角金兆丽的饰演者是哪位著名女演员？
2018-09-24 15:35:37,977 - mylogger - INFO - ['赵薇', '章子怡', '范冰冰']
2018-09-24 15:35:39,109 - mylogger - DEBUG - 在线检索答案
2018-09-24 15:35:39,109 - mylogger - INFO - 我的答案：范冰冰
2018-09-24 15:35:39,707 - mylogger - DEBUG - 选择选项
2018-09-24 15:35:42,162 - mylogger - INFO - 答案正确
2018-09-24 15:35:42,162 - mylogger - DEBUG - 更新答案
2018-09-24 15:35:48,171 - mylogger - INFO - 本题结束
2018-09-24 15:35:49,313 - mylogger - INFO - 本场比赛结束
2018-09-24 15:35:49,356 - mylogger - INFO - 返回游戏页面
2018-09-24 15:35:50,922 - mylogger - INFO - 进入排位赛
2018-09-24 15:35:50,922 - mylogger - INFO - 正在匹配中......
2018-09-24 15:39:55,448 - mylogger - INFO - 停止UC浏览器
2018-09-24 15:39:55,510 - mylogger - DEBUG - 返回主页面
2018-09-24 15:39:56,669 - mylogger - DEBUG - 打开UC浏览器
2018-09-24 15:39:58,914 - mylogger - DEBUG - 进入用户页面
2018-09-24 15:39:59,998 - mylogger - DEBUG - 进入游戏页面1
2018-09-24 15:40:02,199 - mylogger - DEBUG - 进入游戏页面2
2018-09-24 15:40:04,634 - mylogger - INFO - 选择游戏
2018-09-24 15:40:06,530 - mylogger - INFO - 进入排位赛
2018-09-24 15:40:06,530 - mylogger - INFO - 正在匹配中......
2018-09-24 15:40:19,263 - mylogger - INFO - 匹配成功
2018-09-24 15:40:19,264 - mylogger - DEBUG - 获取题目
2018-09-24 15:40:22,211 - mylogger - INFO - 第 1 题
2018-09-24 15:40:22,511 - mylogger - INFO - 围棋棋盘上的九个小圆点被叫做
2018-09-24 15:40:23,520 - mylogger - INFO - ['圆', '星', '原']
2018-09-24 15:40:23,524 - mylogger - DEBUG - 数据库中检索到答案
2018-09-24 15:40:23,524 - mylogger - INFO - 我的答案：星
2018-09-24 15:40:24,107 - mylogger - DEBUG - 选择选项
2018-09-24 15:40:26,615 - mylogger - INFO - 答案正确
2018-09-24 15:40:26,615 - mylogger - DEBUG - 更新答案
2018-09-24 15:40:36,953 - mylogger - INFO - 本题结束
2018-09-24 15:40:36,953 - mylogger - DEBUG - 获取题目
2018-09-24 15:40:38,800 - mylogger - INFO - 第 2 题
2018-09-24 15:40:39,076 - mylogger - INFO - 经常性牙龈出血、流鼻血，可能与缺乏哪种维生素有关？
2018-09-24 15:40:40,017 - mylogger - INFO - ['维生素A', '维生素C', '维生素E']
2018-09-24 15:40:41,165 - mylogger - DEBUG - 在线检索答案
2018-09-24 15:40:41,165 - mylogger - INFO - 我的答案：维生素C
2018-09-24 15:40:41,760 - mylogger - DEBUG - 选择选项
2018-09-24 15:40:44,183 - mylogger - INFO - 答案正确
2018-09-24 15:40:44,183 - mylogger - DEBUG - 更新答案
2018-09-24 15:40:45,528 - mylogger - INFO - 本题结束
2018-09-24 15:40:45,528 - mylogger - DEBUG - 获取题目
2018-09-24 15:40:47,466 - mylogger - INFO - 第 3 题
2018-09-24 15:40:47,749 - mylogger - INFO - 以下哪一个被苏联军队称为“斯大林之锤”的武器？
2018-09-24 15:40:48,660 - mylogger - INFO - ['M-10T榴弹炮', 'ISU-152突击炮', 'B-4型榴弹炮']
2018-09-24 15:40:50,359 - mylogger - DEBUG - 未检索到答案
2018-09-24 15:40:50,360 - mylogger - INFO - 我的答案：M-10T榴弹炮
2018-09-24 15:40:50,940 - mylogger - DEBUG - 选择选项
2018-09-24 15:40:53,357 - mylogger - INFO - 答案错误
2018-09-24 15:40:53,581 - mylogger - INFO - 正确答案；B-4型榴弹炮
2018-09-24 15:40:53,581 - mylogger - DEBUG - 更新答案
2018-09-24 15:40:56,079 - mylogger - INFO - 本题结束
2018-09-24 15:40:56,079 - mylogger - DEBUG - 获取题目
2018-09-24 15:40:57,871 - mylogger - INFO - 第 4 题
2018-09-24 15:40:58,229 - mylogger - INFO - 大和级战列舰的满载排水量约多少吨？
2018-09-24 15:40:59,113 - mylogger - INFO - ['8万', '7万', '9万']
2018-09-24 15:40:59,904 - mylogger - DEBUG - 在线检索答案
2018-09-24 15:40:59,904 - mylogger - INFO - 我的答案：7万
2018-09-24 15:41:00,509 - mylogger - DEBUG - 选择选项
2018-09-24 15:41:03,045 - mylogger - INFO - 答案正确
2018-09-24 15:41:03,045 - mylogger - DEBUG - 更新答案
2018-09-24 15:41:04,366 - mylogger - INFO - 本题结束
2018-09-24 15:41:04,366 - mylogger - DEBUG - 获取题目
2018-09-24 15:41:06,342 - mylogger - INFO - 第 5 题
2018-09-24 15:41:06,609 - mylogger - INFO - “飞天奖”是属于什么类型的奖项？
2018-09-24 15:41:07,610 - mylogger - INFO - ['电影奖', '舞蹈奖', '电视剧奖']
2018-09-24 15:41:08,744 - mylogger - DEBUG - 在线检索答案
2018-09-24 15:41:08,744 - mylogger - INFO - 我的答案：电视剧奖
2018-09-24 15:41:09,376 - mylogger - DEBUG - 选择选项
2018-09-24 15:41:11,781 - mylogger - INFO - 答案正确
2018-09-24 15:41:11,781 - mylogger - DEBUG - 更新答案
2018-09-24 15:41:13,167 - mylogger - INFO - 本题结束
2018-09-24 15:41:14,294 - mylogger - INFO - 本场比赛结束
2018-09-24 15:41:14,352 - mylogger - INFO - 返回游戏页面
2018-09-24 15:41:15,969 - mylogger - INFO - 进入排位赛
2018-09-24 15:41:15,969 - mylogger - INFO - 正在匹配中......
2018-09-24 15:41:25,354 - mylogger - INFO - 匹配成功
2018-09-24 15:41:25,354 - mylogger - DEBUG - 获取题目
2018-09-24 15:41:28,551 - mylogger - INFO - 第 1 题
2018-09-24 15:41:28,842 - mylogger - INFO - “雪山连绵，冰川广布”描写的是我国哪座海拔最高的高原景观？
2018-09-24 15:41:29,735 - mylogger - INFO - ['青藏高原', '内蒙古高原', '云贵高原']
2018-09-24 15:41:30,549 - mylogger - DEBUG - 在线检索答案
2018-09-24 15:41:30,549 - mylogger - INFO - 我的答案：青藏高原
2018-09-24 15:41:31,128 - mylogger - DEBUG - 选择选项
2018-09-24 15:41:33,518 - mylogger - INFO - 答案正确
2018-09-24 15:41:33,518 - mylogger - DEBUG - 更新答案
2018-09-24 15:41:37,253 - mylogger - INFO - 本题结束
2018-09-24 15:41:37,254 - mylogger - DEBUG - 获取题目
2018-09-24 15:41:40,307 - mylogger - INFO - 第 2 题
2018-09-24 15:41:40,635 - mylogger - INFO - 名句“晓风吹未醒”化用了哪一句词？
2018-09-24 15:41:41,608 - mylogger - INFO - ['杨柳岸，晓风残月', '人生若只如初见', '那人却在，灯火阑珊处']
2018-09-24 15:41:41,884 - mylogger - DEBUG - 未检索到答案
2018-09-24 15:41:41,884 - mylogger - INFO - 我的答案：杨柳岸，晓风残月
2018-09-24 15:41:42,464 - mylogger - DEBUG - 选择选项
2018-09-24 15:41:45,007 - mylogger - INFO - 答案正确
2018-09-24 15:41:45,008 - mylogger - DEBUG - 更新答案
2018-09-24 15:41:48,708 - mylogger - INFO - 本题结束
2018-09-24 15:41:48,708 - mylogger - DEBUG - 获取题目
2018-09-24 15:41:50,575 - mylogger - INFO - 第 3 题
2018-09-24 15:41:50,839 - mylogger - INFO - 羽毛球的球网规定，长是6.10米，那么宽是多少厘米？
2018-09-24 15:41:51,841 - mylogger - INFO - ['75厘米', '77厘米', '76厘米']
2018-09-24 15:41:53,384 - mylogger - DEBUG - 在线检索答案
2018-09-24 15:41:53,384 - mylogger - INFO - 我的答案：76厘米
2018-09-24 15:41:53,936 - mylogger - DEBUG - 选择选项
2018-09-24 15:41:56,406 - mylogger - INFO - 答案正确
2018-09-24 15:41:56,406 - mylogger - DEBUG - 更新答案
2018-09-24 15:41:57,797 - mylogger - INFO - 本题结束
2018-09-24 15:41:57,797 - mylogger - DEBUG - 获取题目
2018-09-24 15:41:59,636 - mylogger - INFO - 第 4 题
2018-09-24 15:41:59,984 - mylogger - INFO - 下列电影中，哪部由陈凯歌的儿子陈飞宇主演？
2018-09-24 15:42:00,908 - mylogger - INFO - ['《秘果》', '《悟空传》', '《匆匆那年》']
2018-09-24 15:42:00,910 - mylogger - DEBUG - 数据库中检索到答案
2018-09-24 15:42:00,911 - mylogger - INFO - 我的答案：《秘果》
2018-09-24 15:42:01,474 - mylogger - DEBUG - 选择选项
2018-09-24 15:42:03,826 - mylogger - INFO - 答案正确
2018-09-24 15:42:03,826 - mylogger - DEBUG - 更新答案
2018-09-24 15:42:08,624 - mylogger - INFO - 本题结束
2018-09-24 15:42:08,624 - mylogger - DEBUG - 获取题目
2018-09-24 15:42:11,656 - mylogger - INFO - 第 5 题
2018-09-24 15:42:11,986 - mylogger - INFO - 2011年发射的“朱诺号”飞船主要探索对象是？
2018-09-24 15:42:12,956 - mylogger - INFO - ['水星', '木星', '火星']
2018-09-24 15:42:13,848 - mylogger - DEBUG - 在线检索答案
2018-09-24 15:42:13,848 - mylogger - INFO - 我的答案：木星
2018-09-24 15:42:14,409 - mylogger - DEBUG - 选择选项
2018-09-24 15:42:16,945 - mylogger - INFO - 答案正确
2018-09-24 15:42:16,946 - mylogger - DEBUG - 更新答案
2018-09-24 15:42:17,228 - mylogger - INFO - 本题结束
2018-09-24 15:42:18,393 - mylogger - INFO - 本场比赛结束
2018-09-24 15:42:18,431 - mylogger - INFO - 返回游戏页面
2018-09-24 15:42:20,070 - mylogger - INFO - 进入排位赛
2018-09-24 15:42:20,070 - mylogger - INFO - 正在匹配中......
2018-09-24 15:42:28,448 - mylogger - INFO - 匹配成功
2018-09-24 15:42:28,449 - mylogger - DEBUG - 获取题目
2018-09-24 15:42:31,505 - mylogger - INFO - 第 1 题
2018-09-24 15:42:31,849 - mylogger - INFO - 下列不属于解放战争三大战役的是？
2018-09-24 15:42:32,722 - mylogger - INFO - ['辽沈战役', '晋冀战役', '淮海战役']
2018-09-24 15:42:34,300 - mylogger - DEBUG - 在线检索答案
2018-09-24 15:42:34,300 - mylogger - INFO - 我的答案：晋冀战役
2018-09-24 15:42:34,895 - mylogger - DEBUG - 选择选项
2018-09-24 15:42:37,324 - mylogger - INFO - 答案正确
2018-09-24 15:42:37,324 - mylogger - DEBUG - 更新答案
2018-09-24 15:42:38,712 - mylogger - INFO - 本题结束
2018-09-24 15:42:38,712 - mylogger - DEBUG - 获取题目
2018-09-24 15:42:40,646 - mylogger - INFO - 第 2 题
2018-09-24 15:42:40,990 - mylogger - INFO - 仙剑3中徐长卿登场的身份是？
2018-09-24 15:42:41,914 - mylogger - INFO - ['蜀山掌门', '蜀山弃徒', '蜀山大弟子']
2018-09-24 15:42:41,916 - mylogger - DEBUG - 数据库中检索到答案
2018-09-24 15:42:41,917 - mylogger - INFO - 我的答案：蜀山大弟子
2018-09-24 15:42:42,557 - mylogger - DEBUG - 选择选项
2018-09-24 15:42:45,013 - mylogger - INFO - 答案正确
2018-09-24 15:42:45,013 - mylogger - DEBUG - 更新答案
2018-09-24 15:42:46,334 - mylogger - INFO - 本题结束
2018-09-24 15:42:46,335 - mylogger - DEBUG - 获取题目
2018-09-24 15:42:48,147 - mylogger - INFO - 第 3 题
2018-09-24 15:42:48,503 - mylogger - INFO - 《圣斗士星矢》中，紫龙的必杀技是什么？
2018-09-24 15:42:49,425 - mylogger - INFO - ['星光灭绝', '魔皇幻胧拳', '庐山升龙霸']
2018-09-24 15:42:50,255 - mylogger - DEBUG - 在线检索答案
2018-09-24 15:42:50,255 - mylogger - INFO - 我的答案：庐山升龙霸
2018-09-24 15:42:50,843 - mylogger - DEBUG - 选择选项
2018-09-24 15:42:53,333 - mylogger - INFO - 答案正确
2018-09-24 15:42:53,334 - mylogger - DEBUG - 更新答案
2018-09-24 15:42:54,699 - mylogger - INFO - 本题结束
2018-09-24 15:42:54,700 - mylogger - DEBUG - 获取题目
2018-09-24 15:42:56,570 - mylogger - INFO - 第 4 题
2018-09-24 15:42:56,843 - mylogger - INFO - 名画《马拉之死》中的所画的马拉，是哪国人？
2018-09-24 15:42:57,738 - mylogger - INFO - ['意大利', '英国', '法国']
2018-09-24 15:42:57,741 - mylogger - DEBUG - 数据库中检索到答案
2018-09-24 15:42:57,742 - mylogger - INFO - 我的答案：法国
2018-09-24 15:42:58,443 - mylogger - DEBUG - 选择选项
2018-09-24 15:43:00,827 - mylogger - INFO - 答案正确
2018-09-24 15:43:00,827 - mylogger - DEBUG - 更新答案
2018-09-24 15:43:02,146 - mylogger - INFO - 本题结束
2018-09-24 15:43:02,146 - mylogger - DEBUG - 获取题目
2018-09-24 15:43:03,995 - mylogger - INFO - 第 5 题
2018-09-24 15:43:04,279 - mylogger - INFO - 电视节目《最强大脑》曾邀请下列哪位明星参加？
2018-09-24 15:43:05,148 - mylogger - INFO - ['张柏芝', '佟丽娅', '古力娜扎']
2018-09-24 15:43:06,061 - mylogger - DEBUG - 未检索到答案
2018-09-24 15:43:06,061 - mylogger - INFO - 我的答案：张柏芝
2018-09-24 15:43:06,678 - mylogger - DEBUG - 选择选项
2018-09-24 15:43:09,096 - mylogger - INFO - 答案正确
2018-09-24 15:43:09,096 - mylogger - DEBUG - 更新答案
2018-09-24 15:43:12,823 - mylogger - INFO - 本题结束
2018-09-24 15:43:13,967 - mylogger - INFO - 本场比赛结束
2018-09-24 15:43:14,019 - mylogger - INFO - 返回游戏页面
2018-09-24 15:43:15,599 - mylogger - INFO - 进入排位赛
2018-09-24 15:43:15,599 - mylogger - INFO - 正在匹配中......
2018-09-24 15:43:49,854 - mylogger - INFO - 匹配成功
2018-09-24 15:43:49,854 - mylogger - DEBUG - 获取题目
2018-09-24 15:43:53,102 - mylogger - INFO - 第 1 题
2018-09-24 15:43:53,368 - mylogger - INFO - 婴儿一般在多大时添加辅助食品比较好？
2018-09-24 15:43:54,304 - mylogger - INFO - ['2、3个月', '5、6个月', '7、8个月']
2018-09-24 15:43:55,454 - mylogger - DEBUG - 未检索到答案
2018-09-24 15:43:55,454 - mylogger - INFO - 我的答案：2、3个月
2018-09-24 15:43:56,052 - mylogger - DEBUG - 选择选项
2018-09-24 15:43:58,469 - mylogger - INFO - 答案错误
2018-09-24 15:43:58,592 - mylogger - INFO - 正确答案；5、6个月
2018-09-24 15:43:58,593 - mylogger - DEBUG - 更新答案
2018-09-24 15:43:59,917 - mylogger - INFO - 本题结束
2018-09-24 15:43:59,917 - mylogger - DEBUG - 获取题目
2018-09-24 15:44:01,892 - mylogger - INFO - 第 2 题
2018-09-24 15:44:02,170 - mylogger - INFO - 成语“金屋藏娇”是哪个皇帝曾为娶到表姐陈阿娇做妻子称要给她造金屋子？
2018-09-24 15:44:03,112 - mylogger - INFO - ['董卓', '李世民', '刘彻']
2018-09-24 15:44:04,004 - mylogger - DEBUG - 在线检索答案
2018-09-24 15:44:04,004 - mylogger - INFO - 我的答案：刘彻
2018-09-24 15:44:04,656 - mylogger - DEBUG - 选择选项
2018-09-24 15:44:07,019 - mylogger - INFO - 答案正确
2018-09-24 15:44:07,019 - mylogger - DEBUG - 更新答案
2018-09-24 15:44:08,366 - mylogger - INFO - 本题结束
2018-09-24 15:44:08,366 - mylogger - DEBUG - 获取题目
2018-09-24 15:44:11,382 - mylogger - INFO - 第 3 题
2018-09-24 15:44:11,753 - mylogger - INFO - 成年人有多少块骨骼？
2018-09-24 15:44:12,821 - mylogger - INFO - ['206块', '207块', '208块']
2018-09-24 15:44:13,451 - mylogger - DEBUG - 在线检索答案
2018-09-24 15:44:13,452 - mylogger - INFO - 我的答案：206块
2018-09-24 15:44:14,013 - mylogger - DEBUG - 选择选项
2018-09-24 15:44:16,393 - mylogger - INFO - 答案正确
2018-09-24 15:44:16,393 - mylogger - DEBUG - 更新答案
2018-09-24 15:44:17,795 - mylogger - INFO - 本题结束
2018-09-24 15:44:17,795 - mylogger - DEBUG - 获取题目
2018-09-24 15:44:19,581 - mylogger - INFO - 第 4 题
2018-09-24 15:44:19,889 - mylogger - INFO - “致大学生的七封信”是国内哪位互联网大佬写给学生的？
2018-09-24 15:44:20,806 - mylogger - INFO - ['李开复', '李彦宏', '雷军']
2018-09-24 15:44:21,728 - mylogger - DEBUG - 在线检索答案
2018-09-24 15:44:21,728 - mylogger - INFO - 我的答案：李开复
2018-09-24 15:44:22,305 - mylogger - DEBUG - 选择选项
2018-09-24 15:44:24,703 - mylogger - INFO - 答案正确
2018-09-24 15:44:24,703 - mylogger - DEBUG - 更新答案
2018-09-24 15:44:26,091 - mylogger - INFO - 本题结束
2018-09-24 15:44:26,091 - mylogger - DEBUG - 获取题目
2018-09-24 15:44:29,038 - mylogger - INFO - 第 5 题
2018-09-24 15:44:29,322 - mylogger - INFO - 网剧《河神》男主角的饰演者是？
2018-09-24 15:44:30,227 - mylogger - INFO - ['陈柏霖', '李现', '韩东君']
2018-09-24 15:44:31,043 - mylogger - DEBUG - 在线检索答案
2018-09-24 15:44:31,044 - mylogger - INFO - 我的答案：李现
2018-09-24 15:44:31,630 - mylogger - DEBUG - 选择选项
2018-09-24 15:44:33,972 - mylogger - INFO - 答案正确
2018-09-24 15:44:33,972 - mylogger - DEBUG - 更新答案
2018-09-24 15:44:35,341 - mylogger - INFO - 本题结束
2018-09-24 15:44:36,458 - mylogger - INFO - 本场比赛结束
2018-09-24 15:44:36,504 - mylogger - INFO - 返回游戏页面
2018-09-24 15:44:38,082 - mylogger - INFO - 进入排位赛
2018-09-24 15:44:38,082 - mylogger - INFO - 正在匹配中......
2018-09-24 15:44:58,815 - mylogger - INFO - 匹配成功
2018-09-24 15:44:58,815 - mylogger - DEBUG - 获取题目
2018-09-24 15:45:01,993 - mylogger - INFO - 第 1 题
2018-09-24 15:45:02,291 - mylogger - INFO - 曾被称为“乒乓外交”的是我国和哪个国家的外交？
2018-09-24 15:45:03,144 - mylogger - INFO - ['英国', '日本', '美国']
2018-09-24 15:45:03,998 - mylogger - DEBUG - 在线检索答案
2018-09-24 15:45:03,998 - mylogger - INFO - 我的答案：美国
2018-09-24 15:45:04,564 - mylogger - DEBUG - 选择选项
2018-09-24 15:45:06,997 - mylogger - INFO - 答案正确
2018-09-24 15:45:06,997 - mylogger - DEBUG - 更新答案
2018-09-24 15:45:09,492 - mylogger - INFO - 本题结束
2018-09-24 15:45:09,492 - mylogger - DEBUG - 获取题目
2018-09-24 15:45:11,421 - mylogger - INFO - 第 2 题
2018-09-24 15:45:11,732 - mylogger - INFO - 歌词“梦醒来是谁在窗台，把结局打开”是出自哪一首歌？
2018-09-24 15:45:12,595 - mylogger - INFO - ['《龙卷风》', '《千里之外》', '《菊花台》']
2018-09-24 15:45:13,701 - mylogger - DEBUG - 在线检索答案
2018-09-24 15:45:13,702 - mylogger - INFO - 我的答案：《千里之外》
2018-09-24 15:45:14,279 - mylogger - DEBUG - 选择选项
2018-09-24 15:45:16,727 - mylogger - INFO - 答案正确
2018-09-24 15:45:16,727 - mylogger - DEBUG - 更新答案
2018-09-24 15:45:18,126 - mylogger - INFO - 本题结束
2018-09-24 15:45:18,126 - mylogger - DEBUG - 获取题目
2018-09-24 15:45:19,989 - mylogger - INFO - 第 3 题
2018-09-24 15:45:20,304 - mylogger - INFO - 历史上最大的火箭“土星五号”的总设计师原本是哪国人？
2018-09-24 15:45:21,252 - mylogger - INFO - ['俄国', '中国', '德国']
2018-09-24 15:45:21,528 - mylogger - DEBUG - 在线检索答案
2018-09-24 15:45:21,528 - mylogger - INFO - 我的答案：中国
2018-09-24 15:45:22,152 - mylogger - DEBUG - 选择选项
2018-09-24 15:45:24,597 - mylogger - INFO - 答案错误
2018-09-24 15:45:24,853 - mylogger - INFO - 正确答案；德国
2018-09-24 15:45:24,853 - mylogger - DEBUG - 更新答案
2018-09-24 15:45:25,081 - mylogger - INFO - 本题结束
2018-09-24 15:45:25,081 - mylogger - DEBUG - 获取题目
2018-09-24 15:45:28,128 - mylogger - INFO - 第 4 题
2018-09-24 15:45:28,465 - mylogger - INFO - 20世纪末世界上最大的经济体是？
2018-09-24 15:45:29,571 - mylogger - INFO - ['德国', '美国', '欧盟']
2018-09-24 15:45:29,885 - mylogger - DEBUG - 在线检索答案
2018-09-24 15:45:29,885 - mylogger - INFO - 我的答案：欧盟
2018-09-24 15:45:30,520 - mylogger - DEBUG - 选择选项
2018-09-24 15:45:32,915 - mylogger - INFO - 答案正确
2018-09-24 15:45:32,915 - mylogger - DEBUG - 更新答案
2018-09-24 15:45:35,410 - mylogger - INFO - 本题结束
2018-09-24 15:45:35,410 - mylogger - DEBUG - 获取题目
2018-09-24 15:45:37,342 - mylogger - INFO - 第 5 题
2018-09-24 15:45:37,608 - mylogger - INFO - 发回重审的民事案件应当
2018-09-24 15:45:38,473 - mylogger - INFO - ['按重审程序审理', '按再审程序审理', '按第一审程序审理']
2018-09-24 15:45:38,752 - mylogger - DEBUG - 在线检索答案
2018-09-24 15:45:38,752 - mylogger - INFO - 我的答案：按重审程序审理
2018-09-24 15:45:39,334 - mylogger - DEBUG - 选择选项
2018-09-24 15:45:41,720 - mylogger - INFO - 答案错误
2018-09-24 15:45:41,969 - mylogger - INFO - 正确答案；按第一审程序审理
2018-09-24 15:45:41,969 - mylogger - DEBUG - 更新答案
2018-09-24 15:45:44,513 - mylogger - INFO - 本题结束
2018-09-24 15:45:45,657 - mylogger - INFO - 本场比赛结束
2018-09-24 15:45:45,711 - mylogger - INFO - 返回游戏页面
2018-09-24 15:45:47,246 - mylogger - INFO - 进入排位赛
2018-09-24 15:45:47,246 - mylogger - INFO - 正在匹配中......
2018-09-24 15:46:13,647 - mylogger - INFO - 匹配成功
2018-09-24 15:46:13,648 - mylogger - DEBUG - 获取题目
2018-09-24 15:46:16,803 - mylogger - INFO - 第 1 题
2018-09-24 15:46:17,111 - mylogger - INFO - 北半球各地的白昼时间达到全年最长的节气是哪个？
2018-09-24 15:46:18,018 - mylogger - INFO - ['夏至', '立夏', '春分']
2018-09-24 15:46:18,932 - mylogger - DEBUG - 在线检索答案
2018-09-24 15:46:18,932 - mylogger - INFO - 我的答案：夏至
2018-09-24 15:46:19,522 - mylogger - DEBUG - 选择选项
2018-09-24 15:46:21,990 - mylogger - INFO - 答案正确
2018-09-24 15:46:21,990 - mylogger - DEBUG - 更新答案
2018-09-24 15:46:31,321 - mylogger - INFO - 本题结束
2018-09-24 15:46:31,321 - mylogger - DEBUG - 获取题目
2018-09-24 15:46:33,223 - mylogger - INFO - 第 2 题
2018-09-24 15:46:33,515 - mylogger - INFO - 动画电影《马达加斯加》，是讲述一群什么的欢乐故事？
2018-09-24 15:46:34,379 - mylogger - INFO - ['水果', '动物', '蚂蚁']
2018-09-24 15:46:35,115 - mylogger - DEBUG - 在线检索答案
2018-09-24 15:46:35,115 - mylogger - INFO - 我的答案：动物
2018-09-24 15:46:35,791 - mylogger - DEBUG - 选择选项
2018-09-24 15:46:38,278 - mylogger - INFO - 答案正确
2018-09-24 15:46:38,278 - mylogger - DEBUG - 更新答案
2018-09-24 15:46:39,652 - mylogger - INFO - 本题结束
2018-09-24 15:46:39,653 - mylogger - DEBUG - 获取题目
2018-09-24 15:46:41,498 - mylogger - INFO - 第 3 题
2018-09-24 15:46:41,832 - mylogger - INFO - 寒食节是为了纪念谁?
2018-09-24 15:46:43,011 - mylogger - INFO - ['重耳', '介之推', '晋文公']
2018-09-24 15:46:43,261 - mylogger - DEBUG - 在线检索答案
2018-09-24 15:46:43,262 - mylogger - INFO - 我的答案：重耳
2018-09-24 15:46:43,847 - mylogger - DEBUG - 选择选项
2018-09-24 15:46:46,281 - mylogger - INFO - 答案错误
2018-09-24 15:46:46,412 - mylogger - INFO - 正确答案；介之推
2018-09-24 15:46:46,412 - mylogger - DEBUG - 更新答案
2018-09-24 15:46:50,097 - mylogger - INFO - 本题结束
2018-09-24 15:46:50,097 - mylogger - DEBUG - 获取题目
2018-09-24 15:46:53,085 - mylogger - INFO - 第 4 题
2018-09-24 15:46:53,397 - mylogger - INFO - “行通济“是广东哪个地区的元宵节特色活动？
2018-09-24 15:46:54,420 - mylogger - INFO - ['佛山', '湛江', '广州']
2018-09-24 15:46:55,223 - mylogger - DEBUG - 在线检索答案
2018-09-24 15:46:55,223 - mylogger - INFO - 我的答案：佛山
2018-09-24 15:46:55,839 - mylogger - DEBUG - 选择选项
2018-09-24 15:46:58,324 - mylogger - INFO - 答案正确
2018-09-24 15:46:58,324 - mylogger - DEBUG - 更新答案
2018-09-24 15:47:01,877 - mylogger - INFO - 本题结束
2018-09-24 15:47:01,877 - mylogger - DEBUG - 获取题目
2018-09-24 15:47:04,910 - mylogger - INFO - 第 5 题
2018-09-24 15:47:05,208 - mylogger - INFO - 动画片《蜡笔小新》的原作是谁？
2018-09-24 15:47:06,196 - mylogger - INFO - ['宫崎骏', '手冢治虫', '臼井仪人']
2018-09-24 15:47:06,969 - mylogger - DEBUG - 在线检索答案
2018-09-24 15:47:06,969 - mylogger - INFO - 我的答案：臼井仪人
2018-09-24 15:47:07,586 - mylogger - DEBUG - 选择选项
2018-09-24 15:47:10,007 - mylogger - INFO - 答案正确
2018-09-24 15:47:10,007 - mylogger - DEBUG - 更新答案
2018-09-24 15:47:11,440 - mylogger - INFO - 本题结束
2018-09-24 15:47:12,570 - mylogger - INFO - 本场比赛结束
2018-09-24 15:47:12,611 - mylogger - INFO - 返回游戏页面
2018-09-24 15:47:14,176 - mylogger - INFO - 进入排位赛
2018-09-24 15:47:14,176 - mylogger - INFO - 正在匹配中......
2018-09-24 15:47:41,846 - mylogger - INFO - 匹配成功
2018-09-24 15:47:41,846 - mylogger - DEBUG - 获取题目
2018-09-24 15:47:44,830 - mylogger - INFO - 第 1 题
2018-09-24 15:47:45,118 - mylogger - INFO - 在《王者荣耀》中，下列哪个英雄的定位不是战士？
2018-09-24 15:47:45,999 - mylogger - INFO - ['刘备', '曹操', '诸葛亮']
2018-09-24 15:47:46,748 - mylogger - DEBUG - 在线检索答案
2018-09-24 15:47:46,748 - mylogger - INFO - 我的答案：刘备
2018-09-24 15:47:47,342 - mylogger - DEBUG - 选择选项
2018-09-24 15:47:49,753 - mylogger - INFO - 答案错误
2018-09-24 15:47:49,962 - mylogger - INFO - 正确答案；诸葛亮
2018-09-24 15:47:49,962 - mylogger - DEBUG - 更新答案
2018-09-24 15:48:00,378 - mylogger - INFO - 本题结束
2018-09-24 15:48:00,378 - mylogger - DEBUG - 获取题目
2018-09-24 15:48:01,079 - mylogger - INFO - 第 2 题
2018-09-24 15:48:01,419 - mylogger - INFO - 围棋的棋盘上有九个圆点，称为（）
2018-09-24 15:48:02,439 - mylogger - INFO - ['星位', '天元', '星元']
2018-09-24 15:48:02,442 - mylogger - DEBUG - 数据库中检索到答案
2018-09-24 15:48:02,442 - mylogger - INFO - 我的答案：星位
2018-09-24 15:48:03,074 - mylogger - DEBUG - 选择选项
2018-09-24 15:48:05,487 - mylogger - INFO - 答案正确
2018-09-24 15:48:05,487 - mylogger - DEBUG - 更新答案
2018-09-24 15:48:06,770 - mylogger - INFO - 本题结束
2018-09-24 15:48:06,770 - mylogger - DEBUG - 获取题目
2018-09-24 15:48:08,655 - mylogger - INFO - 第 3 题
2018-09-24 15:48:08,935 - mylogger - INFO - 谁用自制的电磁式电报机拍发了人类第一封电报？
2018-09-24 15:48:10,027 - mylogger - INFO - ['莫尔斯', '爱迪生', '马可尼']
2018-09-24 15:48:10,862 - mylogger - DEBUG - 在线检索答案
2018-09-24 15:48:10,862 - mylogger - INFO - 我的答案：莫尔斯
2018-09-24 15:48:11,434 - mylogger - DEBUG - 选择选项
2018-09-24 15:48:13,856 - mylogger - INFO - 答案正确
2018-09-24 15:48:13,856 - mylogger - DEBUG - 更新答案
2018-09-24 15:48:21,981 - mylogger - INFO - 本题结束
2018-09-24 15:48:21,982 - mylogger - DEBUG - 获取题目
2018-09-24 15:48:25,072 - mylogger - INFO - 第 4 题
2018-09-24 15:48:25,408 - mylogger - INFO - 南极地区储量居各大洲之首的自然资源是？
2018-09-24 15:48:26,440 - mylogger - INFO - ['煤炭', '淡水', '天然气']
2018-09-24 15:48:26,445 - mylogger - DEBUG - 数据库中检索到答案
2018-09-24 15:48:26,445 - mylogger - INFO - 我的答案：淡水
2018-09-24 15:48:27,051 - mylogger - DEBUG - 选择选项
2018-09-24 15:48:29,376 - mylogger - INFO - 答案正确
2018-09-24 15:48:29,376 - mylogger - DEBUG - 更新答案
2018-09-24 15:48:31,803 - mylogger - INFO - 本题结束
2018-09-24 15:48:31,803 - mylogger - DEBUG - 获取题目
2018-09-24 15:48:34,827 - mylogger - INFO - 第 5 题
2018-09-24 15:48:35,140 - mylogger - INFO - 奶粉冲调后有泡沫与下列哪些因素无关？
2018-09-24 15:48:36,137 - mylogger - INFO - ['奶瓶质地', '冲调浓度', '冲调手法']
2018-09-24 15:48:36,846 - mylogger - DEBUG - 未检索到答案
2018-09-24 15:48:36,846 - mylogger - INFO - 我的答案：奶瓶质地
2018-09-24 15:48:37,451 - mylogger - DEBUG - 选择选项
2018-09-24 15:48:39,969 - mylogger - INFO - 答案正确
2018-09-24 15:48:39,969 - mylogger - DEBUG - 更新答案
2018-09-24 15:48:43,703 - mylogger - INFO - 本题结束
2018-09-24 15:48:44,829 - mylogger - INFO - 本场比赛结束
2018-09-24 15:48:44,940 - mylogger - INFO - 返回游戏页面
2018-09-24 15:48:46,530 - mylogger - INFO - 进入排位赛
2018-09-24 15:48:46,530 - mylogger - INFO - 正在匹配中......
2018-09-24 15:49:29,998 - mylogger - INFO - 匹配成功
2018-09-24 15:49:29,998 - mylogger - DEBUG - 获取题目
2018-09-24 15:49:32,944 - mylogger - INFO - 第 1 题
2018-09-24 15:49:33,211 - mylogger - INFO - 萨摩耶犬是以下哪种体型的狗?
2018-09-24 15:49:34,306 - mylogger - INFO - ['超小型犬', '中型犬', '超大型犬']
2018-09-24 15:49:35,122 - mylogger - DEBUG - 在线检索答案
2018-09-24 15:49:35,122 - mylogger - INFO - 我的答案：中型犬
2018-09-24 15:49:35,695 - mylogger - DEBUG - 选择选项
2018-09-24 15:49:38,090 - mylogger - INFO - 答案正确
2018-09-24 15:49:38,090 - mylogger - DEBUG - 更新答案
2018-09-24 15:49:39,470 - mylogger - INFO - 本题结束
2018-09-24 15:49:39,471 - mylogger - DEBUG - 获取题目
2018-09-24 15:49:41,316 - mylogger - INFO - 第 2 题
2018-09-24 15:49:41,608 - mylogger - INFO - 歌词“没有一点点防备，也没有一丝顾虑”是出自哪一首歌？
2018-09-24 15:49:42,519 - mylogger - INFO - ['《小苹果》', '《我的滑板鞋》', '《我的歌声里》']
2018-09-24 15:49:44,101 - mylogger - DEBUG - 在线检索答案
2018-09-24 15:49:44,101 - mylogger - INFO - 我的答案：《我的歌声里》
2018-09-24 15:49:44,786 - mylogger - DEBUG - 选择选项
2018-09-24 15:49:47,282 - mylogger - INFO - 答案正确
2018-09-24 15:49:47,282 - mylogger - DEBUG - 更新答案
2018-09-24 15:49:49,812 - mylogger - INFO - 本题结束
2018-09-24 15:49:49,813 - mylogger - DEBUG - 获取题目
2018-09-24 15:49:51,714 - mylogger - INFO - 第 3 题
2018-09-24 15:49:51,995 - mylogger - INFO - 医院标示有“ICU”的标示为什么病房？
2018-09-24 15:49:53,015 - mylogger - INFO - ['重症护理病房', '重症加强护理病房', '重疾加强护理病房']
2018-09-24 15:49:53,894 - mylogger - DEBUG - 在线检索答案
2018-09-24 15:49:53,894 - mylogger - INFO - 我的答案：重症加强护理病房
2018-09-24 15:49:54,476 - mylogger - DEBUG - 选择选项
2018-09-24 15:49:56,943 - mylogger - INFO - 答案正确
2018-09-24 15:49:56,943 - mylogger - DEBUG - 更新答案
2018-09-24 15:50:00,654 - mylogger - INFO - 本题结束
2018-09-24 15:50:00,654 - mylogger - DEBUG - 获取题目
2018-09-24 15:50:02,508 - mylogger - INFO - 第 4 题
2018-09-24 15:50:02,788 - mylogger - INFO - 哪种猴类是世界上最小的猴子？
2018-09-24 15:50:03,744 - mylogger - INFO - ['蜘蛛猴', '金丝猴', '狨猴']
2018-09-24 15:50:04,677 - mylogger - DEBUG - 在线检索答案
2018-09-24 15:50:04,677 - mylogger - INFO - 我的答案：狨猴
2018-09-24 15:50:05,304 - mylogger - DEBUG - 选择选项
2018-09-24 15:50:07,662 - mylogger - INFO - 答案正确
2018-09-24 15:50:07,662 - mylogger - DEBUG - 更新答案
2018-09-24 15:50:09,035 - mylogger - INFO - 本题结束
2018-09-24 15:50:09,035 - mylogger - DEBUG - 获取题目
2018-09-24 15:50:10,856 - mylogger - INFO - 第 5 题
2018-09-24 15:50:11,148 - mylogger - INFO - GNP指 ？
2018-09-24 15:50:11,997 - mylogger - INFO - ['人均国民收入', '国民生产总值', '国内生产总值']
2018-09-24 15:50:11,999 - mylogger - DEBUG - 数据库中检索到答案
2018-09-24 15:50:11,999 - mylogger - INFO - 我的答案：国民生产总值
2018-09-24 15:50:12,608 - mylogger - DEBUG - 选择选项
2018-09-24 15:50:15,067 - mylogger - INFO - 答案正确
2018-09-24 15:50:15,067 - mylogger - DEBUG - 更新答案
2018-09-24 15:50:19,848 - mylogger - INFO - 本题结束
2018-09-24 15:50:20,994 - mylogger - INFO - 本场比赛结束
2018-09-24 15:50:21,083 - mylogger - INFO - 返回游戏页面
2018-09-24 15:50:22,657 - mylogger - INFO - 进入排位赛
2018-09-24 15:50:22,657 - mylogger - INFO - 正在匹配中......
2018-09-24 15:50:34,524 - mylogger - INFO - 匹配成功
2018-09-24 15:50:34,524 - mylogger - DEBUG - 获取题目
2018-09-24 15:50:37,529 - mylogger - INFO - 第 1 题
2018-09-24 15:50:37,790 - mylogger - INFO - 田雨橙是田亮和哪位女明星的女儿？
2018-09-24 15:50:38,677 - mylogger - INFO - ['孙莉', '叶一茜', '鲍蕾']
2018-09-24 15:50:39,432 - mylogger - DEBUG - 在线检索答案
2018-09-24 15:50:39,432 - mylogger - INFO - 我的答案：叶一茜
2018-09-24 15:50:40,017 - mylogger - DEBUG - 选择选项
2018-09-24 15:50:42,393 - mylogger - INFO - 答案正确
2018-09-24 15:50:42,393 - mylogger - DEBUG - 更新答案
2018-09-24 15:50:43,695 - mylogger - INFO - 本题结束
2018-09-24 15:50:43,695 - mylogger - DEBUG - 获取题目
2018-09-24 15:50:46,769 - mylogger - INFO - 第 2 题
2018-09-24 15:50:47,062 - mylogger - INFO - 正月初一的早晨称之为？
2018-09-24 15:50:47,897 - mylogger - INFO - ['岁朝', '正朝', '朝时']
2018-09-24 15:50:48,741 - mylogger - DEBUG - 在线检索答案
2018-09-24 15:50:48,742 - mylogger - INFO - 我的答案：正朝
2018-09-24 15:50:49,351 - mylogger - DEBUG - 选择选项
2018-09-24 15:50:51,779 - mylogger - INFO - 答案错误
2018-09-24 15:50:51,886 - mylogger - INFO - 正确答案；岁朝
2018-09-24 15:50:51,886 - mylogger - DEBUG - 更新答案
2018-09-24 15:50:54,375 - mylogger - INFO - 本题结束
2018-09-24 15:50:54,375 - mylogger - DEBUG - 获取题目
2018-09-24 15:50:56,201 - mylogger - INFO - 第 3 题
2018-09-24 15:50:56,531 - mylogger - INFO - 180比一个数的50%多10，这个数是多少？
2018-09-24 15:50:57,550 - mylogger - INFO - ['350', '320', '340']
2018-09-24 15:50:59,184 - mylogger - DEBUG - 在线检索答案
2018-09-24 15:50:59,184 - mylogger - INFO - 我的答案：340
2018-09-24 15:50:59,764 - mylogger - DEBUG - 选择选项
2018-09-24 15:51:02,166 - mylogger - INFO - 答案正确
2018-09-24 15:51:02,166 - mylogger - DEBUG - 更新答案
2018-09-24 15:51:07,006 - mylogger - INFO - 本题结束
2018-09-24 15:51:07,006 - mylogger - DEBUG - 获取题目
2018-09-24 15:51:08,854 - mylogger - INFO - 第 4 题
2018-09-24 15:51:09,192 - mylogger - INFO - 下列哪部不是卡夫卡的作品？
2018-09-24 15:51:10,046 - mylogger - INFO - ['《变形记》', '《城堡》', '《生活在别处》']
2018-09-24 15:51:10,049 - mylogger - DEBUG - 数据库中检索到答案
2018-09-24 15:51:10,049 - mylogger - INFO - 我的答案：《生活在别处》
2018-09-24 15:51:10,647 - mylogger - DEBUG - 选择选项
2018-09-24 15:51:13,058 - mylogger - INFO - 答案正确
2018-09-24 15:51:13,058 - mylogger - DEBUG - 更新答案
2018-09-24 15:51:15,446 - mylogger - INFO - 本题结束
2018-09-24 15:51:15,447 - mylogger - DEBUG - 获取题目
2018-09-24 15:51:17,239 - mylogger - INFO - 第 5 题
2018-09-24 15:51:17,611 - mylogger - INFO - 富士山在日语中的意思是什么？
2018-09-24 15:51:18,670 - mylogger - INFO - ['火山', '圣山', '美丽的山']
2018-09-24 15:51:20,341 - mylogger - DEBUG - 在线检索答案
2018-09-24 15:51:20,341 - mylogger - INFO - 我的答案：火山
2018-09-24 15:51:20,896 - mylogger - DEBUG - 选择选项
2018-09-24 15:51:23,288 - mylogger - INFO - 答案正确
2018-09-24 15:51:23,288 - mylogger - DEBUG - 更新答案
2018-09-24 15:51:24,724 - mylogger - INFO - 本题结束
2018-09-24 15:51:25,863 - mylogger - INFO - 本场比赛结束
2018-09-24 15:51:25,910 - mylogger - INFO - 返回游戏页面
2018-09-24 15:51:27,487 - mylogger - INFO - 进入排位赛
2018-09-24 15:51:27,487 - mylogger - INFO - 正在匹配中......
2018-09-24 15:52:28,326 - mylogger - WARNING - 匹配失败
2018-09-24 15:52:28,485 - mylogger - INFO - 返回游戏页面
2018-09-24 15:52:30,062 - mylogger - INFO - 进入排位赛
2018-09-24 15:52:30,062 - mylogger - INFO - 正在匹配中......
2018-09-24 15:53:30,353 - mylogger - WARNING - 匹配失败
2018-09-24 15:53:30,466 - mylogger - INFO - 返回游戏页面
2018-09-24 15:53:32,033 - mylogger - INFO - 进入排位赛
2018-09-24 15:53:32,033 - mylogger - INFO - 正在匹配中......
2018-09-24 15:53:44,894 - mylogger - INFO - 匹配成功
2018-09-24 15:53:44,895 - mylogger - DEBUG - 获取题目
2018-09-24 15:53:48,038 - mylogger - INFO - 第 1 题
2018-09-24 15:53:48,351 - mylogger - INFO - 截至2017年，维秘大秀史上最贵的梦幻内衣大约价值多少钱？
2018-09-24 15:53:49,378 - mylogger - INFO - ['500万美元', '1500万美元', '200万美元']
2018-09-24 15:53:49,381 - mylogger - DEBUG - 数据库中检索到答案
2018-09-24 15:53:49,381 - mylogger - INFO - 我的答案：1500万美元
2018-09-24 15:53:49,972 - mylogger - DEBUG - 选择选项
2018-09-24 15:53:52,438 - mylogger - INFO - 答案正确
2018-09-24 15:53:52,439 - mylogger - DEBUG - 更新答案
2018-09-24 15:54:01,790 - mylogger - INFO - 本题结束
2018-09-24 15:54:01,790 - mylogger - DEBUG - 获取题目
2018-09-24 15:54:04,878 - mylogger - INFO - 第 2 题
2018-09-24 15:54:05,174 - mylogger - INFO - 何惕守是金庸武侠小说《碧血剑》中的重要角色，她的哪只手是铁勾？
2018-09-24 15:54:06,069 - mylogger - INFO - ['没有', '左手', '右手']
2018-09-24 15:54:06,814 - mylogger - DEBUG - 在线检索答案
2018-09-24 15:54:06,814 - mylogger - INFO - 我的答案：右手
2018-09-24 15:54:07,417 - mylogger - DEBUG - 选择选项
2018-09-24 15:54:09,785 - mylogger - INFO - 答案错误
2018-09-24 15:54:10,039 - mylogger - INFO - 正确答案；左手
2018-09-24 15:54:10,039 - mylogger - DEBUG - 更新答案
2018-09-24 15:54:12,454 - mylogger - INFO - 本题结束
2018-09-24 15:54:12,455 - mylogger - DEBUG - 获取题目
2018-09-24 15:54:14,310 - mylogger - INFO - 第 3 题
2018-09-24 15:54:14,610 - mylogger - INFO - 下列选项中，哪一个足球俱乐部是位于加泰罗尼亚？
2018-09-24 15:54:15,579 - mylogger - INFO - ['皇家马德里', '巴塞罗那', '马德里竞技']
2018-09-24 15:54:16,376 - mylogger - DEBUG - 在线检索答案
2018-09-24 15:54:16,377 - mylogger - INFO - 我的答案：巴塞罗那
2018-09-24 15:54:17,006 - mylogger - DEBUG - 选择选项
2018-09-24 15:54:19,403 - mylogger - INFO - 答案正确
2018-09-24 15:54:19,403 - mylogger - DEBUG - 更新答案
2018-09-24 15:54:20,805 - mylogger - INFO - 本题结束
2018-09-24 15:54:20,805 - mylogger - DEBUG - 获取题目
2018-09-24 15:54:23,888 - mylogger - INFO - 第 4 题
2018-09-24 15:54:24,251 - mylogger - INFO - 二战期间举行了雅尔塔会议，请问雅尔塔位于哪个半岛？
2018-09-24 15:54:25,104 - mylogger - INFO - ['巴尔干半岛', '克里米亚半岛', '佛罗里达半岛']
2018-09-24 15:54:25,108 - mylogger - DEBUG - 数据库中检索到答案
2018-09-24 15:54:25,108 - mylogger - INFO - 我的答案：克里米亚半岛
2018-09-24 15:54:25,722 - mylogger - DEBUG - 选择选项
2018-09-24 15:54:28,123 - mylogger - INFO - 答案正确
2018-09-24 15:54:28,123 - mylogger - DEBUG - 更新答案
2018-09-24 15:54:30,639 - mylogger - INFO - 本题结束
2018-09-24 15:54:30,639 - mylogger - DEBUG - 获取题目
2018-09-24 15:54:34,916 - mylogger - INFO - 第 5 题
2018-09-24 15:54:35,223 - mylogger - INFO - 下列哪一日期为合伙企业成立日期？
2018-09-24 15:54:36,177 - mylogger - INFO - ['合伙协议生效', '营业执照签发', '申请设立登记']
2018-09-24 15:54:36,463 - mylogger - DEBUG - 在线检索答案
2018-09-24 15:54:36,463 - mylogger - INFO - 我的答案：营业执照签发
2018-09-24 15:54:37,060 - mylogger - DEBUG - 选择选项
2018-09-24 15:54:39,434 - mylogger - INFO - 答案正确
2018-09-24 15:54:39,434 - mylogger - DEBUG - 更新答案
2018-09-24 15:54:41,976 - mylogger - INFO - 本题结束
2018-09-24 15:54:43,184 - mylogger - INFO - 本场比赛结束
2018-09-24 15:54:43,232 - mylogger - INFO - 返回游戏页面
2018-09-24 15:54:44,780 - mylogger - INFO - 进入排位赛
2018-09-24 15:54:44,780 - mylogger - INFO - 正在匹配中......
2018-09-24 15:55:11,157 - mylogger - INFO - 匹配成功
2018-09-24 15:55:11,157 - mylogger - DEBUG - 获取题目
2018-09-24 15:55:14,291 - mylogger - INFO - 第 1 题
2018-09-24 15:55:14,588 - mylogger - INFO - 微软的电脑操作系统Windows 10的默认系统字体是？
2018-09-24 15:55:15,592 - mylogger - INFO - ['宋体', '雅黑', '苹方']
2018-09-24 15:55:15,595 - mylogger - DEBUG - 数据库中检索到答案
2018-09-24 15:55:15,595 - mylogger - INFO - 我的答案：雅黑
2018-09-24 15:55:16,216 - mylogger - DEBUG - 选择选项
2018-09-24 15:55:18,703 - mylogger - INFO - 答案正确
2018-09-24 15:55:18,703 - mylogger - DEBUG - 更新答案
2018-09-24 15:55:29,150 - mylogger - INFO - 本题结束
2018-09-24 15:55:29,150 - mylogger - DEBUG - 获取题目
2018-09-24 15:55:30,970 - mylogger - INFO - 第 2 题
2018-09-24 15:55:31,342 - mylogger - INFO - 利率表示一定时期内利息与本金的比率，通常用下列哪项来表示
2018-09-24 15:55:32,311 - mylogger - INFO - ['千分比', '基点', '百分比']
2018-09-24 15:55:33,164 - mylogger - DEBUG - 在线检索答案
2018-09-24 15:55:33,164 - mylogger - INFO - 我的答案：百分比
2018-09-24 15:55:33,874 - mylogger - DEBUG - 选择选项
2018-09-24 15:55:36,301 - mylogger - INFO - 答案正确
2018-09-24 15:55:36,302 - mylogger - DEBUG - 更新答案
2018-09-24 15:55:44,634 - mylogger - INFO - 本题结束
2018-09-24 15:55:44,635 - mylogger - DEBUG - 获取题目
2018-09-24 15:55:46,475 - mylogger - INFO - 第 3 题
2018-09-24 15:55:46,854 - mylogger - INFO - 占人便宜为什么叫“吃豆腐”？
2018-09-24 15:55:47,733 - mylogger - INFO - ['源自去丧家吊唁蹭饭吃', '与豆腐西施有关', '豆腐白嫩，人们缀买']
2018-09-24 15:55:48,478 - mylogger - DEBUG - 未检索到答案
2018-09-24 15:55:48,478 - mylogger - INFO - 我的答案：源自去丧家吊唁蹭饭吃
2018-09-24 15:55:49,074 - mylogger - DEBUG - 选择选项
2018-09-24 15:55:51,566 - mylogger - INFO - 答案正确
2018-09-24 15:55:51,566 - mylogger - DEBUG - 更新答案
2018-09-24 15:55:55,226 - mylogger - INFO - 本题结束
2018-09-24 15:55:55,226 - mylogger - DEBUG - 获取题目
2018-09-24 15:55:57,019 - mylogger - INFO - 第 4 题
2018-09-24 15:55:57,291 - mylogger - INFO - 黄包袱，包黑豆，尝一口，甜水流。(打一植物)
2018-09-24 15:55:58,258 - mylogger - INFO - ['梨', '菠菜', '佛手']
2018-09-24 15:55:58,261 - mylogger - DEBUG - 数据库中检索到答案
2018-09-24 15:55:58,261 - mylogger - INFO - 我的答案：梨
2018-09-24 15:55:58,899 - mylogger - DEBUG - 选择选项
2018-09-24 15:56:01,375 - mylogger - INFO - 答案正确
2018-09-24 15:56:01,375 - mylogger - DEBUG - 更新答案
2018-09-24 15:56:04,958 - mylogger - INFO - 本题结束
2018-09-24 15:56:04,959 - mylogger - DEBUG - 获取题目
2018-09-24 15:56:06,796 - mylogger - INFO - 第 5 题
2018-09-24 15:56:07,080 - mylogger - INFO - 设计第一代甲壳虫汽车的人叫什么？
2018-09-24 15:56:07,970 - mylogger - INFO - ['费鲁吉欧·兰博基尼', '费迪南德·保时捷', '亨利·莱斯']
2018-09-24 15:56:08,872 - mylogger - DEBUG - 在线检索答案
2018-09-24 15:56:08,872 - mylogger - INFO - 我的答案：费迪南德·保时捷
2018-09-24 15:56:09,495 - mylogger - DEBUG - 选择选项
2018-09-24 15:56:11,859 - mylogger - INFO - 答案正确
2018-09-24 15:56:11,859 - mylogger - DEBUG - 更新答案
2018-09-24 15:56:17,871 - mylogger - INFO - 本题结束
2018-09-24 15:56:19,008 - mylogger - INFO - 本场比赛结束
2018-09-24 15:56:19,054 - mylogger - INFO - 返回游戏页面
2018-09-24 15:56:20,662 - mylogger - INFO - 进入排位赛
2018-09-24 15:56:20,663 - mylogger - INFO - 正在匹配中......
2018-09-24 15:56:34,548 - mylogger - INFO - 匹配成功
2018-09-24 15:56:34,549 - mylogger - DEBUG - 获取题目
2018-09-24 15:56:37,580 - mylogger - INFO - 第 1 题
2018-09-24 15:56:37,848 - mylogger - INFO - 韩国组合Super Junior唯一中国籍成员是谁？
2018-09-24 15:56:38,925 - mylogger - INFO - ['陈志朋', '吴奇隆', '韩庚']
2018-09-24 15:56:38,928 - mylogger - DEBUG - 数据库中检索到答案
2018-09-24 15:56:38,928 - mylogger - INFO - 我的答案：韩庚
2018-09-24 15:56:39,556 - mylogger - DEBUG - 选择选项
2018-09-24 15:56:41,961 - mylogger - INFO - 答案正确
2018-09-24 15:56:41,961 - mylogger - DEBUG - 更新答案
2018-09-24 15:56:44,468 - mylogger - INFO - 本题结束
2018-09-24 15:56:44,468 - mylogger - DEBUG - 获取题目
2018-09-24 15:56:46,334 - mylogger - INFO - 第 2 题
2018-09-24 15:56:46,609 - mylogger - INFO - 哪一天是“全国爱眼日”？
2018-09-24 15:56:47,517 - mylogger - INFO - ['6月6日', '10月1日', '9月15日']
2018-09-24 15:56:49,569 - mylogger - DEBUG - 在线检索答案
2018-09-24 15:56:49,569 - mylogger - INFO - 我的答案：6月6日
2018-09-24 15:56:50,148 - mylogger - DEBUG - 选择选项
2018-09-24 15:56:52,600 - mylogger - INFO - 答案正确
2018-09-24 15:56:52,600 - mylogger - DEBUG - 更新答案
2018-09-24 15:56:53,976 - mylogger - INFO - 本题结束
2018-09-24 15:56:53,976 - mylogger - DEBUG - 获取题目
2018-09-24 15:56:55,773 - mylogger - INFO - 第 3 题
2018-09-24 15:56:56,041 - mylogger - INFO - 南岳衡山七十二峰的最高峰是哪座？
2018-09-24 15:56:57,061 - mylogger - INFO - ['天柱峰', '祝融峰', '紫盖峰']
2018-09-24 15:56:58,725 - mylogger - DEBUG - 在线检索答案
2018-09-24 15:56:58,726 - mylogger - INFO - 我的答案：祝融峰
2018-09-24 15:56:59,381 - mylogger - DEBUG - 选择选项
2018-09-24 15:57:01,787 - mylogger - INFO - 答案正确
2018-09-24 15:57:01,787 - mylogger - DEBUG - 更新答案
2018-09-24 15:57:03,175 - mylogger - INFO - 本题结束
2018-09-24 15:57:03,175 - mylogger - DEBUG - 获取题目
2018-09-24 15:57:05,026 - mylogger - INFO - 第 4 题
2018-09-24 15:57:05,362 - mylogger - INFO - M.A.C是哪个集团的彩妆品牌？
2018-09-24 15:57:06,293 - mylogger - INFO - ['雅诗兰黛', 'LVMH', '伊丽莎白雅顿']
2018-09-24 15:57:07,519 - mylogger - DEBUG - 在线检索答案
2018-09-24 15:57:07,519 - mylogger - INFO - 我的答案：雅诗兰黛
2018-09-24 15:57:08,145 - mylogger - DEBUG - 选择选项
2018-09-24 15:57:10,557 - mylogger - INFO - 答案正确
2018-09-24 15:57:10,558 - mylogger - DEBUG - 更新答案
2018-09-24 15:57:11,947 - mylogger - INFO - 本题结束
2018-09-24 15:57:11,948 - mylogger - DEBUG - 获取题目
2018-09-24 15:57:13,749 - mylogger - INFO - 第 5 题
2018-09-24 15:57:14,071 - mylogger - INFO - 在《小蝌蚪找妈妈》中，小蝌蚪一共碰到了其他几种动物？
2018-09-24 15:57:14,921 - mylogger - INFO - ['6种', '7种', '4种']
2018-09-24 15:57:16,028 - mylogger - DEBUG - 未检索到答案
2018-09-24 15:57:16,028 - mylogger - INFO - 我的答案：6种
2018-09-24 15:57:16,646 - mylogger - DEBUG - 选择选项
2018-09-24 15:57:19,106 - mylogger - INFO - 答案正确
2018-09-24 15:57:19,106 - mylogger - DEBUG - 更新答案
2018-09-24 15:57:20,510 - mylogger - INFO - 本题结束
2018-09-24 15:57:21,631 - mylogger - INFO - 本场比赛结束
2018-09-24 15:57:21,734 - mylogger - INFO - 返回游戏页面
2018-09-24 15:57:23,286 - mylogger - INFO - 进入排位赛
2018-09-24 15:57:23,287 - mylogger - INFO - 正在匹配中......
2018-09-24 15:58:24,252 - mylogger - INFO - 匹配成功
2018-09-24 15:58:24,253 - mylogger - DEBUG - 获取题目
2018-09-24 15:58:28,680 - mylogger - INFO - 第 1 题
2018-09-24 15:58:28,989 - mylogger - INFO - “一片冰心在玉壶”的作者是？
2018-09-24 15:58:29,961 - mylogger - INFO - ['张旭', '李白', '王昌龄']
2018-09-24 15:58:30,845 - mylogger - DEBUG - 在线检索答案
2018-09-24 15:58:30,846 - mylogger - INFO - 我的答案：王昌龄
2018-09-24 15:58:31,465 - mylogger - DEBUG - 选择选项
2018-09-24 15:58:33,790 - mylogger - INFO - 答案正确
2018-09-24 15:58:33,790 - mylogger - DEBUG - 更新答案
2018-09-24 15:58:35,149 - mylogger - INFO - 本题结束
2018-09-24 15:58:35,149 - mylogger - DEBUG - 获取题目
2018-09-24 15:58:36,913 - mylogger - INFO - 第 2 题
2018-09-24 15:58:37,201 - mylogger - INFO - 美国内衣品牌维多利亚的秘密成立于哪一年？
2018-09-24 15:58:38,198 - mylogger - INFO - ['1977年', '1990年', '1987年']
2018-09-24 15:58:39,064 - mylogger - DEBUG - 在线检索答案
2018-09-24 15:58:39,064 - mylogger - INFO - 我的答案：1977年
2018-09-24 15:58:39,666 - mylogger - DEBUG - 选择选项
2018-09-24 15:58:41,949 - mylogger - INFO - 答案正确
2018-09-24 15:58:41,949 - mylogger - DEBUG - 更新答案
2018-09-24 15:58:45,633 - mylogger - INFO - 本题结束
2018-09-24 15:58:45,634 - mylogger - DEBUG - 获取题目
2018-09-24 15:58:47,449 - mylogger - INFO - 第 3 题
2018-09-24 15:58:47,713 - mylogger - INFO - 中秋节被列为国家法定节假日是在哪一年？
2018-09-24 15:58:48,656 - mylogger - INFO - ['2006年', '2008年', '2010年']
2018-09-24 15:58:49,478 - mylogger - DEBUG - 在线检索答案
2018-09-24 15:58:49,478 - mylogger - INFO - 我的答案：2008年
2018-09-24 15:58:50,038 - mylogger - DEBUG - 选择选项
2018-09-24 15:58:52,522 - mylogger - INFO - 答案正确
2018-09-24 15:58:52,522 - mylogger - DEBUG - 更新答案
2018-09-24 15:58:56,198 - mylogger - INFO - 本题结束
2018-09-24 15:58:56,198 - mylogger - DEBUG - 获取题目
2018-09-24 15:58:59,298 - mylogger - INFO - 第 4 题
2018-09-24 15:58:59,598 - mylogger - INFO - 有“昭和棋圣”之美誉，曾经称霸日本棋界三十年的中国人是
2018-09-24 15:59:00,478 - mylogger - INFO - ['吴清源', '林海峰', '聂卫平']
2018-09-24 15:59:02,458 - mylogger - DEBUG - 在线检索答案
2018-09-24 15:59:02,458 - mylogger - INFO - 我的答案：吴清源
2018-09-24 15:59:03,049 - mylogger - DEBUG - 选择选项
2018-09-24 15:59:05,456 - mylogger - INFO - 答案正确
2018-09-24 15:59:05,456 - mylogger - DEBUG - 更新答案
2018-09-24 15:59:06,821 - mylogger - INFO - 本题结束
2018-09-24 15:59:06,822 - mylogger - DEBUG - 获取题目
2018-09-24 15:59:08,626 - mylogger - INFO - 第 5 题
2018-09-24 15:59:08,890 - mylogger - INFO - 目前我国外币定期储蓄的起存期限为：
2018-09-24 15:59:09,784 - mylogger - INFO - ['1个月', '6个月', '12个月']
2018-09-24 15:59:09,788 - mylogger - DEBUG - 数据库中检索到答案
2018-09-24 15:59:09,788 - mylogger - INFO - 我的答案：1个月
2018-09-24 15:59:10,432 - mylogger - DEBUG - 选择选项
2018-09-24 15:59:12,812 - mylogger - INFO - 答案正确
2018-09-24 15:59:12,812 - mylogger - DEBUG - 更新答案
2018-09-24 15:59:15,240 - mylogger - INFO - 本题结束
2018-09-24 15:59:16,419 - mylogger - INFO - 本场比赛结束
2018-09-24 15:59:16,464 - mylogger - INFO - 返回游戏页面
2018-09-24 15:59:18,052 - mylogger - INFO - 进入排位赛
2018-09-24 15:59:18,052 - mylogger - INFO - 正在匹配中......
2018-09-24 16:00:01,012 - mylogger - INFO - 匹配成功
2018-09-24 16:00:01,012 - mylogger - DEBUG - 获取题目
2018-09-24 16:00:03,956 - mylogger - INFO - 第 1 题
2018-09-24 16:00:04,225 - mylogger - INFO - 可可是巧克力的主要原料，单不存在于下面哪种巧克力中？
2018-09-24 16:00:05,084 - mylogger - INFO - ['牛奶巧克力', '榛果巧克力', '白巧克力']
2018-09-24 16:00:06,045 - mylogger - DEBUG - 在线检索答案
2018-09-24 16:00:06,045 - mylogger - INFO - 我的答案：榛果巧克力
2018-09-24 16:00:06,633 - mylogger - DEBUG - 选择选项
2018-09-24 16:00:09,040 - mylogger - INFO - 答案错误
2018-09-24 16:00:09,257 - mylogger - INFO - 正确答案；白巧克力
2018-09-24 16:00:09,258 - mylogger - DEBUG - 更新答案
2018-09-24 16:00:14,171 - mylogger - INFO - 本题结束
2018-09-24 16:00:14,171 - mylogger - DEBUG - 获取题目
2018-09-24 16:00:17,229 - mylogger - INFO - 第 2 题
2018-09-24 16:00:17,525 - mylogger - INFO - 人类已给月球上的许多地方命名了，下列名称不属于月球的是
2018-09-24 16:00:18,358 - mylogger - INFO - ['风暴洋', '第谷环形山', '奥林匹斯山']
2018-09-24 16:00:20,366 - mylogger - DEBUG - 在线检索答案
2018-09-24 16:00:20,366 - mylogger - INFO - 我的答案：风暴洋
2018-09-24 16:00:21,065 - mylogger - DEBUG - 选择选项
2018-09-24 16:00:23,443 - mylogger - INFO - 答案错误
2018-09-24 16:00:23,669 - mylogger - INFO - 正确答案；奥林匹斯山
2018-09-24 16:00:23,669 - mylogger - DEBUG - 更新答案
2018-09-24 16:00:28,632 - mylogger - INFO - 本题结束
2018-09-24 16:00:28,632 - mylogger - DEBUG - 获取题目
2018-09-24 16:00:30,474 - mylogger - INFO - 第 3 题
2018-09-24 16:00:30,769 - mylogger - INFO - 《王者荣耀》中，诸葛亮被动技能最多几颗法球围绕自身？
2018-09-24 16:00:31,786 - mylogger - INFO - ['5颗', '200颗', '100颗']
2018-09-24 16:00:32,572 - mylogger - DEBUG - 在线检索答案
2018-09-24 16:00:32,573 - mylogger - INFO - 我的答案：5颗
2018-09-24 16:00:33,207 - mylogger - DEBUG - 选择选项
2018-09-24 16:00:35,560 - mylogger - INFO - 答案正确
2018-09-24 16:00:35,560 - mylogger - DEBUG - 更新答案
2018-09-24 16:00:36,966 - mylogger - INFO - 本题结束
2018-09-24 16:00:36,967 - mylogger - DEBUG - 获取题目
2018-09-24 16:00:38,766 - mylogger - INFO - 第 4 题
2018-09-24 16:00:39,023 - mylogger - INFO - 三国时，蜀国比魏国晚建国几年？
2018-09-24 16:00:39,923 - mylogger - INFO - ['1', '2', '3']
2018-09-24 16:00:39,926 - mylogger - DEBUG - 数据库中检索到答案
2018-09-24 16:00:39,926 - mylogger - INFO - 我的答案：1
2018-09-24 16:00:40,545 - mylogger - DEBUG - 选择选项
2018-09-24 16:00:42,931 - mylogger - INFO - 答案正确
2018-09-24 16:00:42,932 - mylogger - DEBUG - 更新答案
2018-09-24 16:00:44,298 - mylogger - INFO - 本题结束
2018-09-24 16:00:44,298 - mylogger - DEBUG - 获取题目
2018-09-24 16:00:47,266 - mylogger - INFO - 第 5 题
2018-09-24 16:00:47,547 - mylogger - INFO - 以下哪一个是我国最大高原深水湖？
2018-09-24 16:00:48,444 - mylogger - INFO - ['洱海', '微山湖', '抚仙湖']
2018-09-24 16:00:50,011 - mylogger - DEBUG - 在线检索答案
2018-09-24 16:00:50,011 - mylogger - INFO - 我的答案：抚仙湖
2018-09-24 16:00:50,577 - mylogger - DEBUG - 选择选项
2018-09-24 16:00:53,000 - mylogger - INFO - 答案正确
2018-09-24 16:00:53,001 - mylogger - DEBUG - 更新答案
2018-09-24 16:00:54,330 - mylogger - INFO - 本题结束
2018-09-24 16:00:55,481 - mylogger - INFO - 本场比赛结束
2018-09-24 16:00:55,526 - mylogger - INFO - 返回游戏页面
2018-09-24 16:00:57,164 - mylogger - INFO - 进入排位赛
2018-09-24 16:00:57,164 - mylogger - INFO - 正在匹配中......
2018-09-24 16:01:31,868 - mylogger - INFO - 匹配成功
2018-09-24 16:01:31,868 - mylogger - DEBUG - 获取题目
2018-09-24 16:01:34,965 - mylogger - INFO - 第 1 题
2018-09-24 16:01:35,228 - mylogger - INFO - 颅脑手术后的患者采取的卧位是
2018-09-24 16:01:36,077 - mylogger - INFO - ['半坐卧位', '去枕平卧位', '头高足低位']
2018-09-24 16:01:36,080 - mylogger - DEBUG - 数据库中检索到答案
2018-09-24 16:01:36,080 - mylogger - INFO - 我的答案：头高足低位
2018-09-24 16:01:36,745 - mylogger - DEBUG - 选择选项
2018-09-24 16:01:39,143 - mylogger - INFO - 答案正确
2018-09-24 16:01:39,143 - mylogger - DEBUG - 更新答案
2018-09-24 16:01:40,408 - mylogger - INFO - 本题结束
2018-09-24 16:01:40,408 - mylogger - DEBUG - 获取题目
2018-09-24 16:01:42,337 - mylogger - INFO - 第 2 题
2018-09-24 16:01:42,656 - mylogger - INFO - 世界上最庞大的动物群并不是壮观的驯鹿群、角马群，而是什么群？
2018-09-24 16:01:43,601 - mylogger - INFO - ['磷虾群', '海豚群', '热带鱼群']
2018-09-24 16:01:43,606 - mylogger - DEBUG - 数据库中检索到答案
2018-09-24 16:01:43,606 - mylogger - INFO - 我的答案：磷虾群
2018-09-24 16:01:44,212 - mylogger - DEBUG - 选择选项
2018-09-24 16:01:46,571 - mylogger - INFO - 答案正确
2018-09-24 16:01:46,571 - mylogger - DEBUG - 更新答案
2018-09-24 16:01:48,984 - mylogger - INFO - 本题结束
2018-09-24 16:01:48,984 - mylogger - DEBUG - 获取题目
2018-09-24 16:01:50,866 - mylogger - INFO - 第 3 题
2018-09-24 16:01:51,136 - mylogger - INFO - 下列哪个品牌不属于爱茉莉太平洋集团？
2018-09-24 16:01:52,065 - mylogger - INFO - ['菲诗小铺', 'HERA', '悦诗风吟']
2018-09-24 16:01:52,854 - mylogger - DEBUG - 在线检索答案
2018-09-24 16:01:52,854 - mylogger - INFO - 我的答案：菲诗小铺
2018-09-24 16:01:53,452 - mylogger - DEBUG - 选择选项
2018-09-24 16:01:55,883 - mylogger - INFO - 答案正确
2018-09-24 16:01:55,883 - mylogger - DEBUG - 更新答案
2018-09-24 16:01:57,239 - mylogger - INFO - 本题结束
2018-09-24 16:01:57,239 - mylogger - DEBUG - 获取题目
2018-09-24 16:01:59,115 - mylogger - INFO - 第 4 题
2018-09-24 16:01:59,361 - mylogger - INFO - 第一个以中国人名字命名的体操动作叫什么？
2018-09-24 16:02:00,293 - mylogger - INFO - ['李宁正吊', '月久空翻', '马燕红下']
2018-09-24 16:02:01,461 - mylogger - DEBUG - 在线检索答案
2018-09-24 16:02:01,461 - mylogger - INFO - 我的答案：马燕红下
2018-09-24 16:02:02,081 - mylogger - DEBUG - 选择选项
2018-09-24 16:02:04,506 - mylogger - INFO - 答案正确
2018-09-24 16:02:04,507 - mylogger - DEBUG - 更新答案
2018-09-24 16:02:05,782 - mylogger - INFO - 本题结束
2018-09-24 16:02:05,782 - mylogger - DEBUG - 获取题目
2018-09-24 16:02:08,835 - mylogger - INFO - 第 5 题
2018-09-24 16:02:09,177 - mylogger - INFO - 以下哪一项不是孩子升入初中后出现一系列问题的主要原因？
2018-09-24 16:02:10,083 - mylogger - INFO - ['父母态度的改变', '心理及生理的变化', '评价标准的不同']
2018-09-24 16:02:11,588 - mylogger - DEBUG - 在线检索答案
2018-09-24 16:02:11,589 - mylogger - INFO - 我的答案：父母态度的改变
2018-09-24 16:02:12,150 - mylogger - DEBUG - 选择选项
2018-09-24 16:02:14,505 - mylogger - INFO - 答案正确
2018-09-24 16:02:14,505 - mylogger - DEBUG - 更新答案
2018-09-24 16:02:18,242 - mylogger - INFO - 本题结束
2018-09-24 16:02:19,358 - mylogger - INFO - 本场比赛结束
2018-09-24 16:02:19,473 - mylogger - INFO - 返回游戏页面
2018-09-24 16:02:21,042 - mylogger - INFO - 进入排位赛
2018-09-24 16:02:21,042 - mylogger - INFO - 正在匹配中......
2018-09-24 16:03:08,028 - mylogger - INFO - 匹配成功
2018-09-24 16:03:08,029 - mylogger - DEBUG - 获取题目
2018-09-24 16:03:11,252 - mylogger - INFO - 第 1 题
2018-09-24 16:03:11,572 - mylogger - INFO - 文件型病毒传染的对象主要是哪种扩展名的文件？
2018-09-24 16:03:12,563 - mylogger - INFO - ['EXE', 'TXT', 'INI']
2018-09-24 16:03:12,566 - mylogger - DEBUG - 数据库中检索到答案
2018-09-24 16:03:12,566 - mylogger - INFO - 我的答案：EXE
2018-09-24 16:03:13,143 - mylogger - DEBUG - 选择选项
2018-09-24 16:03:15,672 - mylogger - INFO - 答案正确
2018-09-24 16:03:15,673 - mylogger - DEBUG - 更新答案
2018-09-24 16:03:24,980 - mylogger - INFO - 本题结束
2018-09-24 16:03:24,981 - mylogger - DEBUG - 获取题目
2018-09-24 16:03:26,790 - mylogger - INFO - 第 2 题
2018-09-24 16:03:27,129 - mylogger - INFO - 王俊凯的粉丝名称是什么？
2018-09-24 16:03:28,017 - mylogger - INFO - ['小海豚', '小螃蟹', '小锦鲤']
2018-09-24 16:03:28,020 - mylogger - DEBUG - 数据库中检索到答案
2018-09-24 16:03:28,021 - mylogger - INFO - 我的答案：小螃蟹
2018-09-24 16:03:28,625 - mylogger - DEBUG - 选择选项
2018-09-24 16:03:31,082 - mylogger - INFO - 答案正确
2018-09-24 16:03:31,083 - mylogger - DEBUG - 更新答案
2018-09-24 16:03:35,709 - mylogger - INFO - 本题结束
2018-09-24 16:03:35,709 - mylogger - DEBUG - 获取题目
2018-09-24 16:03:37,505 - mylogger - INFO - 第 3 题
2018-09-24 16:03:37,833 - mylogger - INFO - 元朝白朴所著的《墙头马上》属于什么类型的杂剧？
2018-09-24 16:03:38,857 - mylogger - INFO - ['言情', '历史', '武侠']
2018-09-24 16:03:39,952 - mylogger - DEBUG - 在线检索答案
2018-09-24 16:03:39,953 - mylogger - INFO - 我的答案：言情
2018-09-24 16:03:40,531 - mylogger - DEBUG - 选择选项
2018-09-24 16:03:42,899 - mylogger - INFO - 答案正确
2018-09-24 16:03:42,899 - mylogger - DEBUG - 更新答案
2018-09-24 16:03:45,427 - mylogger - INFO - 本题结束
2018-09-24 16:03:45,428 - mylogger - DEBUG - 获取题目
2018-09-24 16:03:47,308 - mylogger - INFO - 第 4 题
2018-09-24 16:03:47,646 - mylogger - INFO - 地震时各地震级一样吗？
2018-09-24 16:03:48,510 - mylogger - INFO - ['离震源近的强', '离震源远的强', '一样']
2018-09-24 16:03:49,655 - mylogger - DEBUG - 在线检索答案
2018-09-24 16:03:49,655 - mylogger - INFO - 我的答案：一样
2018-09-24 16:03:50,254 - mylogger - DEBUG - 选择选项
2018-09-24 16:03:52,660 - mylogger - INFO - 答案正确
2018-09-24 16:03:52,660 - mylogger - DEBUG - 更新答案
2018-09-24 16:03:56,342 - mylogger - INFO - 本题结束
2018-09-24 16:03:56,342 - mylogger - DEBUG - 获取题目
2018-09-24 16:03:58,174 - mylogger - INFO - 第 5 题
2018-09-24 16:03:58,522 - mylogger - INFO - 黄道共穿过多少个星座的天区
2018-09-24 16:03:59,586 - mylogger - INFO - ['12', '88', '13']
2018-09-24 16:04:00,298 - mylogger - DEBUG - 在线检索答案
2018-09-24 16:04:00,298 - mylogger - INFO - 我的答案：12
2018-09-24 16:04:00,909 - mylogger - DEBUG - 选择选项
2018-09-24 16:04:03,326 - mylogger - INFO - 答案错误
2018-09-24 16:04:03,559 - mylogger - INFO - 正确答案；13
2018-09-24 16:04:03,559 - mylogger - DEBUG - 更新答案
2018-09-24 16:04:05,003 - mylogger - INFO - 本题结束
2018-09-24 16:04:06,143 - mylogger - INFO - 本场比赛结束
2018-09-24 16:04:06,201 - mylogger - INFO - 返回游戏页面
2018-09-24 16:04:07,730 - mylogger - INFO - 进入排位赛
2018-09-24 16:04:07,731 - mylogger - INFO - 正在匹配中......
2018-09-24 16:04:41,096 - mylogger - INFO - 匹配成功
2018-09-24 16:04:41,096 - mylogger - DEBUG - 获取题目
2018-09-24 16:04:44,185 - mylogger - INFO - 第 1 题
2018-09-24 16:04:44,484 - mylogger - INFO - 京剧是哪两种剧种融合而成的
2018-09-24 16:04:45,446 - mylogger - INFO - ['粤剧和吕剧', '徽剧和汉剧', '汉剧和吕剧']
2018-09-24 16:04:46,652 - mylogger - DEBUG - 在线检索答案
2018-09-24 16:04:46,653 - mylogger - INFO - 我的答案：徽剧和汉剧
2018-09-24 16:04:47,216 - mylogger - DEBUG - 选择选项
2018-09-24 16:04:49,664 - mylogger - INFO - 答案正确
2018-09-24 16:04:49,664 - mylogger - DEBUG - 更新答案
2018-09-24 16:04:51,042 - mylogger - INFO - 本题结束
2018-09-24 16:04:51,042 - mylogger - DEBUG - 获取题目
2018-09-24 16:04:54,269 - mylogger - INFO - 第 2 题
2018-09-24 16:04:54,589 - mylogger - INFO - 一个数除以2的余数是1，除以5的余数是1，那么这个数除以10的余数是
2018-09-24 16:04:55,600 - mylogger - INFO - ['7', '1', '2']
2018-09-24 16:04:55,603 - mylogger - DEBUG - 数据库中检索到答案
2018-09-24 16:04:55,604 - mylogger - INFO - 我的答案：1
2018-09-24 16:04:56,244 - mylogger - DEBUG - 选择选项
2018-09-24 16:04:58,718 - mylogger - INFO - 答案正确
2018-09-24 16:04:58,718 - mylogger - DEBUG - 更新答案
2018-09-24 16:05:02,349 - mylogger - INFO - 本题结束
2018-09-24 16:05:02,349 - mylogger - DEBUG - 获取题目
2018-09-24 16:05:04,209 - mylogger - INFO - 第 3 题
2018-09-24 16:05:04,529 - mylogger - INFO - “圣罗兰”是哪个国家的时尚品牌？
2018-09-24 16:05:05,397 - mylogger - INFO - ['丹麦', '法国', '西班牙']
2018-09-24 16:05:05,401 - mylogger - DEBUG - 数据库中检索到答案
2018-09-24 16:05:05,401 - mylogger - INFO - 我的答案：法国
2018-09-24 16:05:06,040 - mylogger - DEBUG - 选择选项
2018-09-24 16:05:08,391 - mylogger - INFO - 答案正确
2018-09-24 16:05:08,391 - mylogger - DEBUG - 更新答案
2018-09-24 16:05:09,677 - mylogger - INFO - 本题结束
2018-09-24 16:05:09,677 - mylogger - DEBUG - 获取题目
2018-09-24 16:05:11,486 - mylogger - INFO - 第 4 题
2018-09-24 16:05:11,862 - mylogger - INFO - 处于地球上什么位置可以看到全天的恒星？
2018-09-24 16:05:12,869 - mylogger - INFO - ['南极', '北极', '赤道']
2018-09-24 16:05:12,873 - mylogger - DEBUG - 数据库中检索到答案
2018-09-24 16:05:12,873 - mylogger - INFO - 我的答案：北极
2018-09-24 16:05:13,476 - mylogger - DEBUG - 选择选项
2018-09-24 16:05:16,021 - mylogger - INFO - 答案正确
2018-09-24 16:05:16,022 - mylogger - DEBUG - 更新答案
2018-09-24 16:05:19,634 - mylogger - INFO - 本题结束
2018-09-24 16:05:19,634 - mylogger - DEBUG - 获取题目
2018-09-24 16:05:21,507 - mylogger - INFO - 第 5 题
2018-09-24 16:05:21,806 - mylogger - INFO - 陶瓷史上所称的“南青北白”是指那两大瓷系？
2018-09-24 16:05:22,778 - mylogger - INFO - ['越窑和官窑', '景德镇窑和邢窑', '越窑和邢窑']
2018-09-24 16:05:23,095 - mylogger - DEBUG - 在线检索答案
2018-09-24 16:05:23,095 - mylogger - INFO - 我的答案：越窑和邢窑
2018-09-24 16:05:23,675 - mylogger - DEBUG - 选择选项
2018-09-24 16:05:26,161 - mylogger - INFO - 答案正确
2018-09-24 16:05:26,161 - mylogger - DEBUG - 更新答案
2018-09-24 16:05:30,981 - mylogger - INFO - 本题结束
2018-09-24 16:05:32,115 - mylogger - INFO - 本场比赛结束
2018-09-24 16:05:32,162 - mylogger - INFO - 返回游戏页面
2018-09-24 16:05:33,730 - mylogger - INFO - 进入排位赛
2018-09-24 16:05:33,730 - mylogger - INFO - 正在匹配中......
2018-09-24 16:06:34,560 - mylogger - WARNING - 匹配失败
2018-09-24 16:06:34,700 - mylogger - INFO - 返回游戏页面
2018-09-24 16:06:36,281 - mylogger - INFO - 进入排位赛
2018-09-24 16:06:36,281 - mylogger - INFO - 正在匹配中......
2018-09-24 16:07:36,912 - mylogger - WARNING - 匹配失败
2018-09-24 16:07:37,076 - mylogger - INFO - 返回游戏页面
2018-09-24 16:07:38,635 - mylogger - INFO - 进入排位赛
2018-09-24 16:07:38,635 - mylogger - INFO - 正在匹配中......
2018-09-24 16:08:30,461 - mylogger - INFO - 匹配成功
2018-09-24 16:08:30,462 - mylogger - DEBUG - 获取题目
2018-09-24 16:08:33,449 - mylogger - INFO - 第 1 题
2018-09-24 16:08:33,754 - mylogger - INFO - 以下不是古代酒宴常用游戏的是？
2018-09-24 16:08:34,674 - mylogger - INFO - ['行酒令', '抛绣球', '投壶']
2018-09-24 16:08:35,058 - mylogger - DEBUG - 在线检索答案
2018-09-24 16:08:35,059 - mylogger - INFO - 我的答案：行酒令
2018-09-24 16:08:35,795 - mylogger - DEBUG - 选择选项
2018-09-24 16:08:38,264 - mylogger - INFO - 答案错误
2018-09-24 16:08:38,419 - mylogger - INFO - 正确答案；抛绣球
2018-09-24 16:08:38,419 - mylogger - DEBUG - 更新答案
2018-09-24 16:08:39,738 - mylogger - INFO - 本题结束
2018-09-24 16:08:39,738 - mylogger - DEBUG - 获取题目
2018-09-24 16:08:41,665 - mylogger - INFO - 第 2 题
2018-09-24 16:08:41,992 - mylogger - INFO - “自古圣贤尽贫贱，何况我辈孤且直！”的作者是？
2018-09-24 16:08:42,866 - mylogger - INFO - ['鲍照', '曹植', '高适']
2018-09-24 16:08:43,633 - mylogger - DEBUG - 在线检索答案
2018-09-24 16:08:43,633 - mylogger - INFO - 我的答案：鲍照
2018-09-24 16:08:44,226 - mylogger - DEBUG - 选择选项
2018-09-24 16:08:46,689 - mylogger - INFO - 答案正确
2018-09-24 16:08:46,689 - mylogger - DEBUG - 更新答案
2018-09-24 16:08:50,374 - mylogger - INFO - 本题结束
2018-09-24 16:08:50,375 - mylogger - DEBUG - 获取题目
2018-09-24 16:08:52,222 - mylogger - INFO - 第 3 题
2018-09-24 16:08:52,598 - mylogger - INFO - 美元中没有多少面额的？
2018-09-24 16:08:53,494 - mylogger - INFO - ['200元', '100元', '50元']
2018-09-24 16:08:54,315 - mylogger - DEBUG - 在线检索答案
2018-09-24 16:08:54,315 - mylogger - INFO - 我的答案：100元
2018-09-24 16:08:54,944 - mylogger - DEBUG - 选择选项
2018-09-24 16:08:57,429 - mylogger - INFO - 答案错误
2018-09-24 16:08:57,567 - mylogger - INFO - 正确答案；200元
2018-09-24 16:08:57,568 - mylogger - DEBUG - 更新答案
2018-09-24 16:09:00,116 - mylogger - INFO - 本题结束
2018-09-24 16:09:00,116 - mylogger - DEBUG - 获取题目
2018-09-24 16:09:02,087 - mylogger - INFO - 第 4 题
2018-09-24 16:09:02,399 - mylogger - INFO - 海胆身上的棘刺有很多功能，其中不包括以下哪一项？
2018-09-24 16:09:03,370 - mylogger - INFO - ['听声音', '挖掘泥沙', '运动']
2018-09-24 16:09:04,693 - mylogger - DEBUG - 在线检索答案
2018-09-24 16:09:04,693 - mylogger - INFO - 我的答案：挖掘泥沙
2018-09-24 16:09:05,298 - mylogger - DEBUG - 选择选项
2018-09-24 16:09:07,761 - mylogger - INFO - 答案正确
2018-09-24 16:09:07,761 - mylogger - DEBUG - 更新答案
2018-09-24 16:09:10,336 - mylogger - INFO - 本题结束
2018-09-24 16:09:10,336 - mylogger - DEBUG - 获取题目
2018-09-24 16:09:12,179 - mylogger - INFO - 第 5 题
2018-09-24 16:09:12,567 - mylogger - INFO - 金毛是以下哪种功能的狗?
2018-09-24 16:09:13,591 - mylogger - INFO - ['枪猎犬', '家庭犬', '玩具犬']
2018-09-24 16:09:13,595 - mylogger - DEBUG - 数据库中检索到答案
2018-09-24 16:09:13,595 - mylogger - INFO - 我的答案：枪猎犬
2018-09-24 16:09:14,212 - mylogger - DEBUG - 选择选项
2018-09-24 16:09:16,786 - mylogger - INFO - 答案正确
2018-09-24 16:09:16,787 - mylogger - DEBUG - 更新答案
2018-09-24 16:09:19,300 - mylogger - INFO - 本题结束
2018-09-24 16:09:20,532 - mylogger - INFO - 本场比赛结束
2018-09-24 16:09:20,667 - mylogger - INFO - 返回游戏页面
2018-09-24 16:09:22,283 - mylogger - INFO - 进入排位赛
2018-09-24 16:09:22,284 - mylogger - INFO - 正在匹配中......
2018-09-24 16:09:54,811 - mylogger - INFO - 匹配成功
2018-09-24 16:09:54,811 - mylogger - DEBUG - 获取题目
2018-09-24 16:09:57,830 - mylogger - INFO - 第 1 题
2018-09-24 16:09:58,201 - mylogger - INFO - 下列演员中，哪位没有参演韩剧《当你沉睡时》？
2018-09-24 16:09:59,241 - mylogger - INFO - ['安宰贤', '李相烨', '裴秀智']
2018-09-24 16:09:59,245 - mylogger - DEBUG - 数据库中检索到答案
2018-09-24 16:09:59,245 - mylogger - INFO - 我的答案：安宰贤
2018-09-24 16:09:59,869 - mylogger - DEBUG - 选择选项
2018-09-24 16:10:02,286 - mylogger - INFO - 答案正确
2018-09-24 16:10:02,286 - mylogger - DEBUG - 更新答案
2018-09-24 16:10:04,769 - mylogger - INFO - 本题结束
2018-09-24 16:10:04,769 - mylogger - DEBUG - 获取题目
2018-09-24 16:10:07,910 - mylogger - INFO - 第 2 题
2018-09-24 16:10:08,203 - mylogger - INFO - 正常男性的血红蛋白含量是多少g/L
2018-09-24 16:10:09,202 - mylogger - INFO - ['110~150', '120~160', '130~170']
2018-09-24 16:10:09,985 - mylogger - DEBUG - 未检索到答案
2018-09-24 16:10:09,985 - mylogger - INFO - 我的答案：110~150
2018-09-24 16:10:10,626 - mylogger - DEBUG - 选择选项
2018-09-24 16:10:13,037 - mylogger - INFO - 答案错误
2018-09-24 16:10:13,164 - mylogger - INFO - 正确答案；120~160
2018-09-24 16:10:13,164 - mylogger - DEBUG - 更新答案
2018-09-24 16:10:15,659 - mylogger - INFO - 本题结束
2018-09-24 16:10:15,660 - mylogger - DEBUG - 获取题目
2018-09-24 16:10:17,442 - mylogger - INFO - 第 3 题
2018-09-24 16:10:17,723 - mylogger - INFO - “豆寇年华”是指几岁？
2018-09-24 16:10:18,758 - mylogger - INFO - ['13岁', '16岁', '20岁']
2018-09-24 16:10:19,502 - mylogger - DEBUG - 在线检索答案
2018-09-24 16:10:19,502 - mylogger - INFO - 我的答案：13岁
2018-09-24 16:10:20,138 - mylogger - DEBUG - 选择选项
2018-09-24 16:10:22,522 - mylogger - INFO - 答案正确
2018-09-24 16:10:22,522 - mylogger - DEBUG - 更新答案
2018-09-24 16:10:23,964 - mylogger - INFO - 本题结束
2018-09-24 16:10:23,965 - mylogger - DEBUG - 获取题目
2018-09-24 16:10:25,875 - mylogger - INFO - 第 4 题
2018-09-24 16:10:26,154 - mylogger - INFO - 享有“宝石之王”美誉的宝石是哪一种？
2018-09-24 16:10:27,147 - mylogger - INFO - ['金刚石', '红宝石', '蓝宝石']
2018-09-24 16:10:27,150 - mylogger - DEBUG - 数据库中检索到答案
2018-09-24 16:10:27,150 - mylogger - INFO - 我的答案：金刚石
2018-09-24 16:10:27,775 - mylogger - DEBUG - 选择选项
2018-09-24 16:10:30,133 - mylogger - INFO - 答案正确
2018-09-24 16:10:30,133 - mylogger - DEBUG - 更新答案
2018-09-24 16:10:31,416 - mylogger - INFO - 本题结束
2018-09-24 16:10:31,417 - mylogger - DEBUG - 获取题目
2018-09-24 16:10:34,432 - mylogger - INFO - 第 5 题
2018-09-24 16:10:34,711 - mylogger - INFO - 世界上第一个会计职业团体是以下哪一个？
2018-09-24 16:10:35,758 - mylogger - INFO - ['爱丁堡特许会计师协会', '美国公共会计师协会', '慕尼黑会计师协会']
2018-09-24 16:10:37,862 - mylogger - DEBUG - 在线检索答案
2018-09-24 16:10:37,862 - mylogger - INFO - 我的答案：美国公共会计师协会
2018-09-24 16:10:38,490 - mylogger - DEBUG - 选择选项
2018-09-24 16:10:40,921 - mylogger - INFO - 答案错误
2018-09-24 16:10:41,143 - mylogger - INFO - 正确答案；爱丁堡特许会计师协会
2018-09-24 16:10:41,143 - mylogger - DEBUG - 更新答案
2018-09-24 16:10:41,425 - mylogger - INFO - 本题结束
2018-09-24 16:10:42,611 - mylogger - INFO - 本场比赛结束
2018-09-24 16:10:42,657 - mylogger - INFO - 返回游戏页面
2018-09-24 16:10:44,267 - mylogger - INFO - 进入排位赛
2018-09-24 16:10:44,267 - mylogger - INFO - 正在匹配中......
2018-09-24 16:11:45,233 - mylogger - WARNING - 匹配失败
2018-09-24 16:11:45,345 - mylogger - INFO - 返回游戏页面
2018-09-24 16:11:46,934 - mylogger - INFO - 进入排位赛
2018-09-24 16:11:46,934 - mylogger - INFO - 正在匹配中......
2018-09-24 16:12:16,927 - mylogger - INFO - 匹配成功
2018-09-24 16:12:16,927 - mylogger - DEBUG - 获取题目
2018-09-24 16:12:19,970 - mylogger - INFO - 第 1 题
2018-09-24 16:12:20,298 - mylogger - INFO - 西方的哪个节日期间，孩子们会在田间做寻找彩蛋的游戏？
2018-09-24 16:12:21,217 - mylogger - INFO - ['复活节', '万圣节', '圣诞节']
2018-09-24 16:12:22,793 - mylogger - DEBUG - 在线检索答案
2018-09-24 16:12:22,793 - mylogger - INFO - 我的答案：复活节
2018-09-24 16:12:23,510 - mylogger - DEBUG - 选择选项
2018-09-24 16:12:25,947 - mylogger - INFO - 答案正确
2018-09-24 16:12:25,947 - mylogger - DEBUG - 更新答案
2018-09-24 16:12:27,343 - mylogger - INFO - 本题结束
2018-09-24 16:12:27,343 - mylogger - DEBUG - 获取题目
2018-09-24 16:12:29,111 - mylogger - INFO - 第 2 题
2018-09-24 16:12:29,367 - mylogger - INFO - 小强刚满16岁就以劳动为生，他具有哪种行为能力？
2018-09-24 16:12:30,319 - mylogger - INFO - ['完全民事行为能力', '限制民事行为能力', '无民事行为能力']
2018-09-24 16:12:30,322 - mylogger - DEBUG - 数据库中检索到答案
2018-09-24 16:12:30,323 - mylogger - INFO - 我的答案：完全民事行为能力
2018-09-24 16:12:30,987 - mylogger - DEBUG - 选择选项
2018-09-24 16:12:33,389 - mylogger - INFO - 答案正确
2018-09-24 16:12:33,389 - mylogger - DEBUG - 更新答案
2018-09-24 16:12:35,843 - mylogger - INFO - 本题结束
2018-09-24 16:12:35,843 - mylogger - DEBUG - 获取题目
2018-09-24 16:12:38,872 - mylogger - INFO - 第 3 题
2018-09-24 16:12:39,207 - mylogger - INFO - 名菜“天下第一菜”的主要食材是虾仁、香菇、西红柿和什么？
2018-09-24 16:12:40,276 - mylogger - INFO - ['锅巴', '肉卷', '包子']
2018-09-24 16:12:40,989 - mylogger - DEBUG - 在线检索答案
2018-09-24 16:12:40,989 - mylogger - INFO - 我的答案：锅巴
2018-09-24 16:12:41,561 - mylogger - DEBUG - 选择选项
2018-09-24 16:12:44,016 - mylogger - INFO - 答案正确
2018-09-24 16:12:44,017 - mylogger - DEBUG - 更新答案
2018-09-24 16:12:46,566 - mylogger - INFO - 本题结束
2018-09-24 16:12:46,566 - mylogger - DEBUG - 获取题目
2018-09-24 16:12:48,444 - mylogger - INFO - 第 4 题
2018-09-24 16:12:48,788 - mylogger - INFO - 瑞士无人不晓，它的首都在
2018-09-24 16:12:49,696 - mylogger - INFO - ['苏黎世', '伯尔尼', '布加勒斯特']
2018-09-24 16:12:51,460 - mylogger - DEBUG - 在线检索答案
2018-09-24 16:12:51,460 - mylogger - INFO - 我的答案：苏黎世
2018-09-24 16:12:52,116 - mylogger - DEBUG - 选择选项
2018-09-24 16:12:54,524 - mylogger - INFO - 答案错误
2018-09-24 16:12:54,633 - mylogger - INFO - 正确答案；伯尔尼
2018-09-24 16:12:54,633 - mylogger - DEBUG - 更新答案
2018-09-24 16:12:56,033 - mylogger - INFO - 本题结束
2018-09-24 16:12:56,033 - mylogger - DEBUG - 获取题目
2018-09-24 16:12:57,869 - mylogger - INFO - 第 5 题
2018-09-24 16:12:58,172 - mylogger - INFO - 以下哪一个是《王者荣耀》英雄廉颇的技能？
2018-09-24 16:12:59,174 - mylogger - INFO - ['落红雨', '舍身忘死', '豪情突进']
2018-09-24 16:12:59,971 - mylogger - DEBUG - 在线检索答案
2018-09-24 16:12:59,972 - mylogger - INFO - 我的答案：豪情突进
2018-09-24 16:13:00,693 - mylogger - DEBUG - 选择选项
2018-09-24 16:13:03,124 - mylogger - INFO - 答案正确
2018-09-24 16:13:03,124 - mylogger - DEBUG - 更新答案
2018-09-24 16:13:09,271 - mylogger - INFO - 本题结束
2018-09-24 16:13:10,393 - mylogger - INFO - 本场比赛结束
2018-09-24 16:13:10,464 - mylogger - INFO - 返回游戏页面
2018-09-24 16:13:12,093 - mylogger - INFO - 进入排位赛
2018-09-24 16:13:12,093 - mylogger - INFO - 正在匹配中......
2018-09-24 16:14:13,055 - mylogger - WARNING - 匹配失败
2018-09-24 16:14:13,220 - mylogger - INFO - 返回游戏页面
2018-09-24 16:14:14,847 - mylogger - INFO - 进入排位赛
2018-09-24 16:14:14,847 - mylogger - INFO - 正在匹配中......
2018-09-24 16:15:06,442 - mylogger - INFO - 匹配成功
2018-09-24 16:15:06,442 - mylogger - DEBUG - 获取题目
2018-09-24 16:15:08,301 - mylogger - INFO - 第 1 题
2018-09-24 16:15:08,579 - mylogger - INFO - “法拉利”是哪个国家生产的汽车品牌？
2018-09-24 16:15:09,542 - mylogger - INFO - ['德国', '英国', '意大利']
2018-09-24 16:15:09,545 - mylogger - DEBUG - 数据库中检索到答案
2018-09-24 16:15:09,545 - mylogger - INFO - 我的答案：意大利
2018-09-24 16:15:10,202 - mylogger - DEBUG - 选择选项
2018-09-24 16:15:12,596 - mylogger - INFO - 答案正确
2018-09-24 16:15:12,596 - mylogger - DEBUG - 更新答案
2018-09-24 16:15:13,829 - mylogger - INFO - 本题结束
2018-09-24 16:15:13,829 - mylogger - DEBUG - 获取题目
2018-09-24 16:15:15,714 - mylogger - INFO - 第 2 题
2018-09-24 16:15:16,065 - mylogger - INFO - 南翔馒头是哪个城市的特色小吃？
2018-09-24 16:15:16,990 - mylogger - INFO - ['北京', '上海', '杭州']
2018-09-24 16:15:17,780 - mylogger - DEBUG - 在线检索答案
2018-09-24 16:15:17,780 - mylogger - INFO - 我的答案：上海
2018-09-24 16:15:18,383 - mylogger - DEBUG - 选择选项
2018-09-24 16:15:20,855 - mylogger - INFO - 答案正确
2018-09-24 16:15:20,856 - mylogger - DEBUG - 更新答案
2018-09-24 16:15:22,232 - mylogger - INFO - 本题结束
2018-09-24 16:15:22,233 - mylogger - DEBUG - 获取题目
2018-09-24 16:15:24,043 - mylogger - INFO - 第 3 题
2018-09-24 16:15:24,355 - mylogger - INFO - 下列不属于“唐宋八大家”的一项是
2018-09-24 16:15:25,315 - mylogger - INFO - ['柳宗元', '曾巩', '刘禹锡']
2018-09-24 16:15:26,146 - mylogger - DEBUG - 在线检索答案
2018-09-24 16:15:26,146 - mylogger - INFO - 我的答案：刘禹锡
2018-09-24 16:15:26,750 - mylogger - DEBUG - 选择选项
2018-09-24 16:15:29,173 - mylogger - INFO - 答案正确
2018-09-24 16:15:29,173 - mylogger - DEBUG - 更新答案
2018-09-24 16:15:39,809 - mylogger - INFO - 本题结束
2018-09-24 16:15:39,809 - mylogger - DEBUG - 获取题目
2018-09-24 16:15:40,483 - mylogger - INFO - 第 4 题
2018-09-24 16:15:40,832 - mylogger - INFO - 以下哪一个是古埃及第一位女法老？
2018-09-24 16:15:41,780 - mylogger - INFO - ['哈特谢普苏特', '图坦卡蒙', '涅菲尔提提']
2018-09-24 16:15:42,952 - mylogger - DEBUG - 在线检索答案
2018-09-24 16:15:42,952 - mylogger - INFO - 我的答案：哈特谢普苏特
2018-09-24 16:15:43,515 - mylogger - DEBUG - 选择选项
2018-09-24 16:16:37,544 - mylogger - INFO - 停止UC浏览器
2018-09-24 16:16:37,692 - mylogger - DEBUG - 返回主页面
2018-09-24 16:16:38,376 - mylogger - DEBUG - 打开UC浏览器
2018-09-24 16:16:41,162 - mylogger - DEBUG - 进入用户页面
2018-09-24 16:16:42,209 - mylogger - DEBUG - 进入游戏页面1
2018-09-24 16:16:44,262 - mylogger - DEBUG - 进入游戏页面2
2018-09-24 16:16:46,663 - mylogger - INFO - 选择游戏
2018-09-24 16:16:47,834 - mylogger - INFO - 进入排位赛
2018-09-24 16:16:47,834 - mylogger - INFO - 正在匹配中......
2018-09-24 16:17:35,140 - mylogger - INFO - 匹配成功
2018-09-24 16:17:35,140 - mylogger - DEBUG - 获取题目
2018-09-24 16:17:38,143 - mylogger - INFO - 第 1 题
2018-09-24 16:17:38,484 - mylogger - INFO - 下列哪个产品属于SK-II品牌？
2018-09-24 16:17:39,364 - mylogger - INFO - ['神仙水', '流金水', '健康水']
2018-09-24 16:17:40,184 - mylogger - DEBUG - 在线检索答案
2018-09-24 16:17:40,184 - mylogger - INFO - 我的答案：神仙水
2018-09-24 16:17:40,751 - mylogger - DEBUG - 选择选项
2018-09-24 16:17:41,848 - mylogger - INFO - 答案正确
2018-09-24 16:17:41,848 - mylogger - DEBUG - 更新答案
2018-09-24 16:17:49,991 - mylogger - INFO - 本题结束
2018-09-24 16:17:49,992 - mylogger - DEBUG - 获取题目
2018-09-24 16:17:51,869 - mylogger - INFO - 第 2 题
2018-09-24 16:17:52,160 - mylogger - INFO - 《那年花开月正圆》里孙俪饰演的是？
2018-09-24 16:17:52,977 - mylogger - INFO - ['山东女富商', '山西女富商', '陕西女富商']
2018-09-24 16:17:53,753 - mylogger - DEBUG - 未检索到答案
2018-09-24 16:17:53,754 - mylogger - INFO - 我的答案：山东女富商
2018-09-24 16:17:54,364 - mylogger - DEBUG - 选择选项
2018-09-24 16:17:55,376 - mylogger - INFO - 答案错误
2018-09-24 16:17:55,540 - mylogger - INFO - 正确答案；山西女富商
2018-09-24 16:17:55,540 - mylogger - DEBUG - 更新答案
2018-09-24 16:18:04,854 - mylogger - INFO - 本题结束
2018-09-24 16:18:04,855 - mylogger - DEBUG - 获取题目
2018-09-24 16:18:07,803 - mylogger - INFO - 第 3 题
2018-09-24 16:18:08,101 - mylogger - INFO - 巴黎圣母院是什么式建筑的代表作?
2018-09-24 16:18:08,917 - mylogger - INFO - ['古罗马', '巴洛克', '哥特']
2018-09-24 16:18:09,591 - mylogger - DEBUG - 在线检索答案
2018-09-24 16:18:09,591 - mylogger - INFO - 我的答案：哥特
2018-09-24 16:18:10,173 - mylogger - DEBUG - 选择选项
2018-09-24 16:18:11,402 - mylogger - INFO - 答案正确
2018-09-24 16:18:11,402 - mylogger - DEBUG - 更新答案
2018-09-24 16:18:20,642 - mylogger - INFO - 本题结束
2018-09-24 16:18:20,642 - mylogger - DEBUG - 获取题目
2018-09-24 16:18:22,437 - mylogger - INFO - 第 4 题
2018-09-24 16:18:22,749 - mylogger - INFO - 一年四季中，金钱树常在什么时候开花？
2018-09-24 16:18:23,682 - mylogger - INFO - ['秋季', '夏季', '春季']
2018-09-24 16:18:25,359 - mylogger - DEBUG - 在线检索答案
2018-09-24 16:18:25,359 - mylogger - INFO - 我的答案：夏季
2018-09-24 16:18:26,025 - mylogger - DEBUG - 选择选项
2018-09-24 16:18:27,218 - mylogger - INFO - 答案错误
2018-09-24 16:18:27,335 - mylogger - INFO - 正确答案；秋季
2018-09-24 16:18:27,335 - mylogger - DEBUG - 更新答案
2018-09-24 16:18:35,455 - mylogger - INFO - 本题结束
2018-09-24 16:18:35,455 - mylogger - DEBUG - 获取题目
2018-09-24 16:18:37,263 - mylogger - INFO - 第 5 题
2018-09-24 16:18:37,622 - mylogger - INFO - 孙悟空去何处找荡魔天尊来对付黄眉老怪？
2018-09-24 16:18:38,424 - mylogger - INFO - ['天台山', '五台山', '武当山']
2018-09-24 16:18:39,572 - mylogger - DEBUG - 在线检索答案
2018-09-24 16:18:39,572 - mylogger - INFO - 我的答案：五台山
2018-09-24 16:18:40,166 - mylogger - DEBUG - 选择选项
2018-09-24 16:18:41,199 - mylogger - INFO - 答案错误
2018-09-24 16:18:41,339 - mylogger - INFO - 正确答案；天台山
2018-09-24 16:18:41,339 - mylogger - DEBUG - 更新答案
2018-09-24 16:23:05,487 - mylogger - INFO - 停止UC浏览器
2018-09-24 16:23:05,560 - mylogger - DEBUG - 返回主页面
2018-09-24 16:23:06,849 - mylogger - DEBUG - 打开UC浏览器
2018-09-24 16:23:09,322 - mylogger - DEBUG - 进入用户页面
2018-09-24 16:23:10,329 - mylogger - DEBUG - 进入游戏页面1
2018-09-24 16:23:12,541 - mylogger - DEBUG - 进入游戏页面2
2018-09-24 16:23:14,946 - mylogger - INFO - 选择游戏
2018-09-24 16:23:17,118 - mylogger - INFO - 进入排位赛
2018-09-24 16:23:17,118 - mylogger - INFO - 正在匹配中......
2018-09-24 16:23:42,663 - mylogger - INFO - 匹配成功
2018-09-24 16:23:42,664 - mylogger - DEBUG - 获取题目
2018-09-24 16:23:45,679 - mylogger - INFO - 第 1 题
2018-09-24 16:23:45,952 - mylogger - INFO - 《在人间》的作者是？
2018-09-24 16:23:46,796 - mylogger - INFO - ['司汤达', '高尔基', '契诃夫']
2018-09-24 16:23:48,620 - mylogger - DEBUG - 在线检索答案
2018-09-24 16:23:48,620 - mylogger - INFO - 我的答案：高尔基
2018-09-24 16:23:49,205 - mylogger - DEBUG - 选择选项
2018-09-24 16:23:50,335 - mylogger - INFO - 答案正确
2018-09-24 16:23:50,336 - mylogger - DEBUG - 更新答案
2018-09-24 16:23:54,043 - mylogger - INFO - 本题结束
2018-09-24 16:23:54,043 - mylogger - DEBUG - 获取题目
2018-09-24 16:23:55,907 - mylogger - INFO - 第 2 题
2018-09-24 16:23:56,201 - mylogger - INFO - 2018年2月18日NBA全明星赛在哪个球馆举办？
2018-09-24 16:23:57,136 - mylogger - INFO - ['斯台普斯球馆', '麦迪逊广场花园', '丰田中心']
2018-09-24 16:23:58,286 - mylogger - DEBUG - 在线检索答案
2018-09-24 16:23:58,286 - mylogger - INFO - 我的答案：斯台普斯球馆
2018-09-24 16:23:58,886 - mylogger - DEBUG - 选择选项
2018-09-24 16:24:00,192 - mylogger - INFO - 答案错误
2018-09-24 16:24:00,391 - mylogger - DEBUG - 更新答案
2018-09-24 16:24:05,277 - mylogger - INFO - 本题结束
2018-09-24 16:24:05,277 - mylogger - DEBUG - 获取题目
2018-09-24 16:24:08,450 - mylogger - INFO - 第 3 题
2018-09-24 16:24:08,717 - mylogger - INFO - 黄金分割律是谁发现的？
2018-09-24 16:24:09,549 - mylogger - INFO - ['亚里士多德', '毕达哥拉斯', '柏拉图']
2018-09-24 16:24:10,315 - mylogger - DEBUG - 在线检索答案
2018-09-24 16:24:10,315 - mylogger - INFO - 我的答案：毕达哥拉斯
2018-09-24 16:24:10,967 - mylogger - DEBUG - 选择选项
2018-09-24 16:24:12,185 - mylogger - INFO - 答案错误
2018-09-24 16:24:12,391 - mylogger - DEBUG - 更新答案
2018-09-24 16:24:13,786 - mylogger - INFO - 本题结束
2018-09-24 16:24:13,786 - mylogger - DEBUG - 获取题目
2018-09-24 16:24:16,856 - mylogger - INFO - 第 4 题
2018-09-24 16:24:17,145 - mylogger - INFO - 名句“小楼一夜听春雨，深巷明朝卖杏花”出自谁的作品？
2018-09-24 16:24:18,045 - mylogger - INFO - ['杜牧', '陆游', '王维']
2018-09-24 16:24:18,905 - mylogger - DEBUG - 在线检索答案
2018-09-24 16:24:18,905 - mylogger - INFO - 我的答案：陆游
2018-09-24 16:24:19,584 - mylogger - DEBUG - 选择选项
2018-09-24 16:24:20,881 - mylogger - INFO - 答案错误
2018-09-24 16:24:21,073 - mylogger - DEBUG - 更新答案
2018-09-24 16:24:25,930 - mylogger - INFO - 本题结束
2018-09-24 16:24:25,930 - mylogger - DEBUG - 获取题目
2018-09-24 16:24:27,801 - mylogger - INFO - 第 5 题
2018-09-24 16:24:28,076 - mylogger - INFO - 我国第一个女配音演员
2018-09-24 16:24:28,977 - mylogger - INFO - ['阮玲玉', '舒绣文', '许婉玲']
2018-09-24 16:24:29,773 - mylogger - DEBUG - 在线检索答案
2018-09-24 16:24:29,773 - mylogger - INFO - 我的答案：舒绣文
2018-09-24 16:24:30,392 - mylogger - DEBUG - 选择选项
2018-09-24 16:24:31,481 - mylogger - INFO - 答案错误
2018-09-24 16:24:31,653 - mylogger - DEBUG - 更新答案
2018-09-24 16:24:34,136 - mylogger - INFO - 本题结束
2018-09-24 16:24:35,273 - mylogger - INFO - 本场比赛结束
2018-09-24 16:24:35,385 - mylogger - INFO - 返回游戏页面
2018-09-24 16:24:36,970 - mylogger - INFO - 进入排位赛
2018-09-24 16:24:36,970 - mylogger - INFO - 正在匹配中......
2018-09-24 16:25:04,572 - mylogger - INFO - 匹配成功
2018-09-24 16:25:04,572 - mylogger - DEBUG - 获取题目
2018-09-24 16:25:06,574 - mylogger - INFO - 第 1 题
2018-09-24 16:25:06,864 - mylogger - INFO - 雅诗兰黛旗下男士品牌朗仕2018年宣布的首位品牌大使是谁？
2018-09-24 16:25:07,777 - mylogger - INFO - ['杨洋', '易烊千玺', '吴尊']
2018-09-24 16:25:08,918 - mylogger - DEBUG - 在线检索答案
2018-09-24 16:25:08,919 - mylogger - INFO - 我的答案：吴尊
2018-09-24 16:25:09,558 - mylogger - DEBUG - 选择选项
2018-09-24 16:25:10,805 - mylogger - INFO - 答案正确
2018-09-24 16:25:10,805 - mylogger - DEBUG - 更新答案
2018-09-24 16:25:15,550 - mylogger - INFO - 本题结束
2018-09-24 16:25:15,551 - mylogger - DEBUG - 获取题目
2018-09-24 16:25:17,351 - mylogger - INFO - 第 2 题
2018-09-24 16:25:17,675 - mylogger - INFO - 月亮属于
2018-09-24 16:25:18,551 - mylogger - INFO - ['卫星', '恒星', '行星']
2018-09-24 16:25:19,434 - mylogger - DEBUG - 在线检索答案
2018-09-24 16:25:19,434 - mylogger - INFO - 我的答案：卫星
2018-09-24 16:25:20,195 - mylogger - DEBUG - 选择选项
2018-09-24 16:25:21,311 - mylogger - INFO - 答案错误
2018-09-24 16:25:21,475 - mylogger - DEBUG - 更新答案
2018-09-24 16:25:24,073 - mylogger - INFO - 本题结束
2018-09-24 16:25:24,073 - mylogger - DEBUG - 获取题目
2018-09-24 16:25:25,939 - mylogger - INFO - 第 3 题
2018-09-24 16:25:26,216 - mylogger - INFO - 美国现有多少个州？
2018-09-24 16:25:27,171 - mylogger - INFO - ['49 个', '52 个', '50 个']
2018-09-24 16:25:27,543 - mylogger - DEBUG - 在线检索答案
2018-09-24 16:25:27,543 - mylogger - INFO - 我的答案：50 个
2018-09-24 16:25:28,214 - mylogger - DEBUG - 选择选项
2018-09-24 16:25:29,492 - mylogger - INFO - 答案错误
2018-09-24 16:25:29,695 - mylogger - DEBUG - 更新答案
2018-09-24 16:25:40,226 - mylogger - INFO - 本题结束
2018-09-24 16:25:40,226 - mylogger - DEBUG - 获取题目
2018-09-24 16:25:40,951 - mylogger - INFO - 第 4 题
2018-09-24 16:25:41,246 - mylogger - INFO - 1782年起，延续至今的泰国王室属于以下哪个王朝？
2018-09-24 16:25:42,225 - mylogger - INFO - ['阿瑜陀耶王国', '素可泰王国', '却克里王朝']
2018-09-24 16:25:43,125 - mylogger - DEBUG - 在线检索答案
2018-09-24 16:25:43,126 - mylogger - INFO - 我的答案：却克里王朝
2018-09-24 16:25:43,745 - mylogger - DEBUG - 选择选项
2018-09-24 16:25:44,412 - mylogger - INFO - 答案错误
2018-09-24 16:25:44,596 - mylogger - DEBUG - 更新答案
2018-09-24 16:25:45,994 - mylogger - INFO - 本题结束
2018-09-24 16:25:45,995 - mylogger - DEBUG - 获取题目
2018-09-24 16:25:49,106 - mylogger - INFO - 第 5 题
2018-09-24 16:25:49,449 - mylogger - INFO - 我国于哪一年加入《濒危野生动植物种国际贸易公约》 
2018-09-24 16:25:50,348 - mylogger - INFO - ['1980年', '1983年', '1985年']
2018-09-24 16:25:51,113 - mylogger - DEBUG - 在线检索答案
2018-09-24 16:25:51,113 - mylogger - INFO - 我的答案：1980年
2018-09-24 16:25:51,744 - mylogger - DEBUG - 选择选项
2018-09-24 16:25:52,937 - mylogger - INFO - 答案正确
2018-09-24 16:25:52,937 - mylogger - DEBUG - 更新答案
2018-09-24 16:25:55,522 - mylogger - INFO - 本题结束
2018-09-24 16:25:56,661 - mylogger - INFO - 本场比赛结束
2018-09-24 16:25:56,793 - mylogger - INFO - 返回游戏页面
2018-09-24 16:25:58,400 - mylogger - INFO - 进入排位赛
2018-09-24 16:25:58,401 - mylogger - INFO - 正在匹配中......
2018-09-24 16:26:05,529 - mylogger - INFO - 匹配成功
2018-09-24 16:26:05,529 - mylogger - DEBUG - 获取题目
2018-09-24 16:26:08,576 - mylogger - INFO - 第 1 题
2018-09-24 16:26:08,869 - mylogger - INFO - 哪个国家是机器人的发源地？
2018-09-24 16:26:09,665 - mylogger - INFO - ['中国', '美国', '日本']
2018-09-24 16:26:10,346 - mylogger - DEBUG - 在线检索答案
2018-09-24 16:26:10,346 - mylogger - INFO - 我的答案：美国
2018-09-24 16:26:10,970 - mylogger - DEBUG - 选择选项
2018-09-24 16:26:12,169 - mylogger - INFO - 答案正确
2018-09-24 16:26:12,170 - mylogger - DEBUG - 更新答案
2018-09-24 16:26:16,986 - mylogger - INFO - 本题结束
2018-09-24 16:26:16,986 - mylogger - DEBUG - 获取题目
2018-09-24 16:26:18,881 - mylogger - INFO - 第 2 题
2018-09-24 16:26:19,191 - mylogger - INFO - 宝成铁路经过下面哪个关？
2018-09-24 16:26:20,053 - mylogger - INFO - ['阳平关', '居庸关', '万佛关']
2018-09-24 16:26:20,927 - mylogger - DEBUG - 在线检索答案
2018-09-24 16:26:20,927 - mylogger - INFO - 我的答案：阳平关
2018-09-24 16:26:21,573 - mylogger - DEBUG - 选择选项
2018-09-24 16:26:22,721 - mylogger - INFO - 答案错误
2018-09-24 16:26:22,927 - mylogger - DEBUG - 更新答案
2018-09-24 16:26:26,630 - mylogger - INFO - 本题结束
2018-09-24 16:26:26,631 - mylogger - DEBUG - 获取题目
2018-09-24 16:26:28,410 - mylogger - INFO - 第 3 题
2018-09-24 16:26:28,691 - mylogger - INFO - “谁见幽人独往来”的下一句是？
2018-09-24 16:26:29,650 - mylogger - INFO - ['有恨无人省', '寂寞沙洲冷', '缥缈孤鸿影']
2018-09-24 16:26:30,501 - mylogger - DEBUG - 在线检索答案
2018-09-24 16:26:30,501 - mylogger - INFO - 我的答案：缥缈孤鸿影
2018-09-24 16:26:31,158 - mylogger - DEBUG - 选择选项
2018-09-24 16:26:32,361 - mylogger - INFO - 答案错误
2018-09-24 16:26:32,527 - mylogger - DEBUG - 更新答案
2018-09-24 16:26:36,255 - mylogger - INFO - 本题结束
2018-09-24 16:26:36,255 - mylogger - DEBUG - 获取题目
2018-09-24 16:26:39,320 - mylogger - INFO - 第 4 题
2018-09-24 16:26:39,631 - mylogger - INFO - 斗鱼为什么要打架？
2018-09-24 16:26:40,551 - mylogger - INFO - ['妒忌别的斗鱼长得漂亮', '显示自己的能力', '天生性格暴躁']
2018-09-24 16:26:41,201 - mylogger - DEBUG - 在线检索答案
2018-09-24 16:26:41,201 - mylogger - INFO - 我的答案：显示自己的能力
2018-09-24 16:26:41,768 - mylogger - DEBUG - 选择选项
2018-09-24 16:26:42,703 - mylogger - INFO - 答案错误
2018-09-24 16:26:42,958 - mylogger - DEBUG - 更新答案
2018-09-24 16:26:47,816 - mylogger - INFO - 本题结束
2018-09-24 16:26:47,816 - mylogger - DEBUG - 获取题目
2018-09-24 16:26:50,694 - mylogger - INFO - 第 5 题
2018-09-24 16:26:51,034 - mylogger - INFO - 下列哪部电视剧是孙红雷参演的作品？
2018-09-24 16:26:51,911 - mylogger - INFO - ['暗算', '大丈夫', '猎场']
2018-09-24 16:26:51,914 - mylogger - DEBUG - 数据库中检索到答案
2018-09-24 16:26:51,914 - mylogger - INFO - 我的答案：猎场
2018-09-24 16:26:52,507 - mylogger - DEBUG - 选择选项
2018-09-24 16:26:53,667 - mylogger - INFO - 答案正确
2018-09-24 16:26:53,667 - mylogger - DEBUG - 更新答案
2018-09-24 16:26:56,109 - mylogger - INFO - 本题结束
2018-09-24 16:26:58,117 - mylogger - INFO - 本场比赛结束
2018-09-24 16:26:58,155 - mylogger - INFO - 返回游戏页面
2018-09-24 16:32:52,047 - mylogger - INFO - 停止UC浏览器
2018-09-24 16:32:52,142 - mylogger - DEBUG - 返回主页面
2018-09-24 16:32:53,414 - mylogger - DEBUG - 打开UC浏览器
2018-09-24 16:32:55,889 - mylogger - DEBUG - 进入用户页面
2018-09-24 16:32:56,769 - mylogger - DEBUG - 进入游戏页面1
2018-09-24 16:32:58,914 - mylogger - DEBUG - 进入游戏页面2
2018-09-24 16:33:01,278 - mylogger - INFO - 选择游戏
2018-09-24 16:33:03,834 - mylogger - INFO - 进入排位赛
2018-09-24 16:33:03,834 - mylogger - INFO - 正在匹配中......
2018-09-24 16:34:04,438 - mylogger - WARNING - 匹配失败
2018-09-24 16:34:04,579 - mylogger - INFO - 返回游戏页面
2018-09-24 16:34:06,181 - mylogger - INFO - 进入排位赛
2018-09-24 16:34:06,181 - mylogger - INFO - 正在匹配中......
2018-09-24 16:34:18,890 - mylogger - INFO - 匹配成功
2018-09-24 16:34:18,890 - mylogger - DEBUG - 获取题目
2018-09-24 16:34:21,973 - mylogger - INFO - 第 1 题
2018-09-24 16:34:22,265 - mylogger - INFO - 车尔尼雪夫斯基在《艺术与现实的审美关系》中提出了什么定义？
2018-09-24 16:34:23,302 - mylogger - INFO - ['“美是生活”', '“美是自然”', '“美是和谐”']
2018-09-24 16:34:23,307 - mylogger - DEBUG - 数据库中检索到答案
2018-09-24 16:34:23,307 - mylogger - INFO - 我的答案：“美是生活”
2018-09-24 16:34:23,894 - mylogger - DEBUG - 选择选项
2018-09-24 16:34:25,050 - mylogger - INFO - 答案正确
2018-09-24 16:34:25,050 - mylogger - DEBUG - 更新答案
2018-09-24 16:34:29,923 - mylogger - INFO - 本题结束
2018-09-24 16:34:29,923 - mylogger - DEBUG - 获取题目
2018-09-24 16:34:32,997 - mylogger - INFO - 第 2 题
2018-09-24 16:34:33,330 - mylogger - INFO - 演员邓超因出演哪部电影作品而获得中国电影金鸡奖最佳男主角奖？
2018-09-24 16:34:34,394 - mylogger - INFO - ['《乘风破浪》', '《烈日灼心》', '《分手大师》']
2018-09-24 16:34:35,157 - mylogger - DEBUG - 在线检索答案
2018-09-24 16:34:35,157 - mylogger - INFO - 我的答案：《烈日灼心》
2018-09-24 16:34:35,899 - mylogger - DEBUG - 选择选项
2018-09-24 16:34:37,010 - mylogger - INFO - 答案错误
2018-09-24 16:34:37,205 - mylogger - DEBUG - 更新答案
2018-09-24 16:34:39,723 - mylogger - INFO - 本题结束
2018-09-24 16:34:39,723 - mylogger - DEBUG - 获取题目
2018-09-24 16:34:41,603 - mylogger - INFO - 第 3 题
2018-09-24 16:34:41,871 - mylogger - INFO - 下列哪个地区不是著名的火腿产地？
2018-09-24 16:34:42,871 - mylogger - INFO - ['莱阳', '诺邓', '宣威']
2018-09-24 16:34:44,026 - mylogger - DEBUG - 在线检索答案
2018-09-24 16:34:44,026 - mylogger - INFO - 我的答案：莱阳
2018-09-24 16:34:44,634 - mylogger - DEBUG - 选择选项
2018-09-24 16:34:45,807 - mylogger - INFO - 答案错误
2018-09-24 16:34:45,995 - mylogger - DEBUG - 更新答案
2018-09-24 16:34:48,504 - mylogger - INFO - 本题结束
2018-09-24 16:34:48,505 - mylogger - DEBUG - 获取题目
2018-09-24 16:34:50,282 - mylogger - INFO - 第 4 题
2018-09-24 16:34:50,574 - mylogger - INFO - 地球上的鸟类有多少种？
2018-09-24 16:34:51,711 - mylogger - INFO - ['8000多种', '11000多种', '9000多种']
2018-09-24 16:34:52,520 - mylogger - DEBUG - 在线检索答案
2018-09-24 16:34:52,520 - mylogger - INFO - 我的答案：8000多种
2018-09-24 16:34:53,152 - mylogger - DEBUG - 选择选项
2018-09-24 16:34:54,143 - mylogger - INFO - 答案错误
2018-09-24 16:34:54,335 - mylogger - DEBUG - 更新答案
2018-09-24 16:34:56,879 - mylogger - INFO - 本题结束
2018-09-24 16:34:56,879 - mylogger - DEBUG - 获取题目
2018-09-24 16:34:58,758 - mylogger - INFO - 第 5 题
2018-09-24 16:34:59,111 - mylogger - INFO - 什么民族自称为“白人”？
2018-09-24 16:35:00,296 - mylogger - INFO - ['白族', '哈尼族', '普米族']
2018-09-24 16:35:02,019 - mylogger - DEBUG - 在线检索答案
2018-09-24 16:35:02,019 - mylogger - INFO - 我的答案：普米族
2018-09-24 16:35:02,661 - mylogger - DEBUG - 选择选项
2018-09-24 16:35:03,855 - mylogger - INFO - 答案正确
2018-09-24 16:35:03,855 - mylogger - DEBUG - 更新答案
2018-09-24 16:35:06,446 - mylogger - INFO - 本题结束
2018-09-24 16:36:44,683 - mylogger - INFO - 停止UC浏览器
2018-09-24 16:36:44,730 - mylogger - DEBUG - 返回主页面
2018-09-24 16:36:46,000 - mylogger - DEBUG - 打开UC浏览器
2018-09-24 16:36:48,387 - mylogger - DEBUG - 进入用户页面
2018-09-24 16:36:49,395 - mylogger - DEBUG - 进入游戏页面1
2018-09-24 16:36:51,945 - mylogger - DEBUG - 进入游戏页面2
2018-09-24 16:36:54,278 - mylogger - INFO - 选择游戏
2018-09-24 16:36:56,487 - mylogger - INFO - 进入排位赛
2018-09-24 16:36:56,487 - mylogger - INFO - 正在匹配中......
2018-09-24 16:37:34,438 - mylogger - INFO - 匹配成功
2018-09-24 16:37:34,438 - mylogger - DEBUG - 获取题目
2018-09-24 16:37:37,488 - mylogger - INFO - 第 1 题
2018-09-24 16:37:37,801 - mylogger - INFO - 《恋爱的犀牛》是哪位内地话剧导演的作品？
2018-09-24 16:37:38,677 - mylogger - INFO - ['孟京辉', '焦菊隐', '林兆华']
2018-09-24 16:37:39,522 - mylogger - DEBUG - 在线检索答案
2018-09-24 16:37:39,522 - mylogger - INFO - 我的答案：孟京辉
2018-09-24 16:37:40,153 - mylogger - DEBUG - 选择选项
2018-09-24 16:37:42,529 - mylogger - INFO - 答案正确
2018-09-24 16:37:42,529 - mylogger - DEBUG - 更新答案
2018-09-24 16:37:51,699 - mylogger - INFO - 本题结束
2018-09-24 16:37:51,699 - mylogger - DEBUG - 获取题目
2018-09-24 16:37:53,651 - mylogger - INFO - 第 2 题
2018-09-24 16:37:53,962 - mylogger - INFO - 下列哪个词是乒乓球的正确英文拼写？
2018-09-24 16:37:54,862 - mylogger - INFO - ['bing-pang', 'ping-bang', 'ping-pong']
2018-09-24 16:37:55,711 - mylogger - DEBUG - 在线检索答案
2018-09-24 16:37:55,711 - mylogger - INFO - 我的答案：ping-pong
2018-09-24 16:37:56,290 - mylogger - DEBUG - 选择选项
2018-09-24 16:37:58,737 - mylogger - INFO - 答案正确
2018-09-24 16:37:58,738 - mylogger - DEBUG - 更新答案
2018-09-24 16:38:09,310 - mylogger - INFO - 本题结束
2018-09-24 16:38:09,310 - mylogger - DEBUG - 获取题目
2018-09-24 16:38:11,136 - mylogger - INFO - 第 3 题
2018-09-24 16:38:11,427 - mylogger - INFO - 最早的春联起源于什么时期？
2018-09-24 16:38:12,340 - mylogger - INFO - ['五代', '隋唐', '三国']
2018-09-24 16:38:13,088 - mylogger - DEBUG - 在线检索答案
2018-09-24 16:38:13,088 - mylogger - INFO - 我的答案：五代
2018-09-24 16:38:13,759 - mylogger - DEBUG - 选择选项
2018-09-24 16:38:16,133 - mylogger - INFO - 答案正确
2018-09-24 16:38:16,133 - mylogger - DEBUG - 更新答案
2018-09-24 16:38:17,525 - mylogger - INFO - 本题结束
2018-09-24 16:38:17,526 - mylogger - DEBUG - 获取题目
2018-09-24 16:38:19,323 - mylogger - INFO - 第 4 题
2018-09-24 16:38:19,608 - mylogger - INFO - 十二月党人起义失败后赦免普希金，并将他召回莫斯科的是？
2018-09-24 16:38:20,495 - mylogger - INFO - ['尼古拉一世', '尼古拉二世', '尼古拉三世']
2018-09-24 16:38:21,335 - mylogger - DEBUG - 在线检索答案
2018-09-24 16:38:21,335 - mylogger - INFO - 我的答案：尼古拉一世
2018-09-24 16:38:21,987 - mylogger - DEBUG - 选择选项
2018-09-24 16:38:24,413 - mylogger - INFO - 答案正确
2018-09-24 16:38:24,413 - mylogger - DEBUG - 更新答案
2018-09-24 16:38:25,721 - mylogger - INFO - 本题结束
2018-09-24 16:38:25,722 - mylogger - DEBUG - 获取题目
2018-09-24 16:38:27,617 - mylogger - INFO - 第 5 题
2018-09-24 16:38:27,907 - mylogger - INFO - 1932年的奥运会，在素有“天使之城”美誉的哪个城市举办的？
2018-09-24 16:38:28,851 - mylogger - INFO - ['洛杉矶', '威尼斯', '维也纳']
2018-09-24 16:38:30,350 - mylogger - DEBUG - 在线检索答案
2018-09-24 16:38:30,351 - mylogger - INFO - 我的答案：洛杉矶
2018-09-24 16:38:30,923 - mylogger - DEBUG - 选择选项
2018-09-24 16:38:33,264 - mylogger - INFO - 答案正确
2018-09-24 16:38:33,265 - mylogger - DEBUG - 更新答案
2018-09-24 16:38:34,710 - mylogger - INFO - 本题结束
2018-09-24 16:38:35,839 - mylogger - INFO - 本场比赛结束
2018-09-24 16:38:35,911 - mylogger - INFO - 返回游戏页面
2018-09-24 16:38:37,459 - mylogger - INFO - 进入排位赛
2018-09-24 16:38:37,459 - mylogger - INFO - 正在匹配中......
2018-09-24 16:39:32,635 - mylogger - INFO - 匹配成功
2018-09-24 16:39:32,635 - mylogger - DEBUG - 获取题目
2018-09-24 16:39:35,889 - mylogger - INFO - 第 1 题
2018-09-24 16:39:36,162 - mylogger - INFO - 下列哪个不是荷花的别称？
2018-09-24 16:39:36,989 - mylogger - INFO - ['藕花', '芙蓉', '荷包牡丹']
2018-09-24 16:39:37,731 - mylogger - DEBUG - 在线检索答案
2018-09-24 16:39:37,732 - mylogger - INFO - 我的答案：荷包牡丹
2018-09-24 16:39:38,427 - mylogger - DEBUG - 选择选项
2018-09-24 16:39:40,833 - mylogger - INFO - 答案正确
2018-09-24 16:39:40,833 - mylogger - DEBUG - 更新答案
2018-09-24 16:39:42,244 - mylogger - INFO - 本题结束
2018-09-24 16:39:42,244 - mylogger - DEBUG - 获取题目
2018-09-24 16:39:44,095 - mylogger - INFO - 第 2 题
2018-09-24 16:39:44,378 - mylogger - INFO - 比特币是谁发明的
2018-09-24 16:39:45,222 - mylogger - INFO - ['中本聪', '东本聪', '中本东']
2018-09-24 16:39:45,518 - mylogger - DEBUG - 在线检索答案
2018-09-24 16:39:45,518 - mylogger - INFO - 我的答案：中本聪
2018-09-24 16:39:46,154 - mylogger - DEBUG - 选择选项
2018-09-24 16:39:48,549 - mylogger - INFO - 答案正确
2018-09-24 16:39:48,549 - mylogger - DEBUG - 更新答案
2018-09-24 16:39:49,968 - mylogger - INFO - 本题结束
2018-09-24 16:39:49,968 - mylogger - DEBUG - 获取题目
2018-09-24 16:39:51,775 - mylogger - INFO - 第 3 题
2018-09-24 16:39:52,047 - mylogger - INFO - 兵制即军事制度，也称什么？
2018-09-24 16:39:52,932 - mylogger - INFO - ['兵役', '兵法', '军制']
2018-09-24 16:39:54,644 - mylogger - DEBUG - 在线检索答案
2018-09-24 16:39:54,644 - mylogger - INFO - 我的答案：军制
2018-09-24 16:39:55,243 - mylogger - DEBUG - 选择选项
2018-09-24 16:39:57,594 - mylogger - INFO - 答案正确
2018-09-24 16:39:57,594 - mylogger - DEBUG - 更新答案
2018-09-24 16:40:00,029 - mylogger - INFO - 本题结束
2018-09-24 16:40:00,029 - mylogger - DEBUG - 获取题目
2018-09-24 16:40:03,119 - mylogger - INFO - 第 4 题
2018-09-24 16:40:03,419 - mylogger - INFO - 87×99+87＝87×(99+1)=8700,在计算中运用了
2018-09-24 16:40:04,276 - mylogger - INFO - ['乘法分配律', '乘法结合律', '乘法交换律和结合律']
2018-09-24 16:40:05,378 - mylogger - DEBUG - 在线检索答案
2018-09-24 16:40:05,378 - mylogger - INFO - 我的答案：乘法分配律
2018-09-24 16:40:06,067 - mylogger - DEBUG - 选择选项
2018-09-24 16:40:08,482 - mylogger - INFO - 答案正确
2018-09-24 16:40:08,482 - mylogger - DEBUG - 更新答案
2018-09-24 16:40:12,071 - mylogger - INFO - 本题结束
2018-09-24 16:40:12,072 - mylogger - DEBUG - 获取题目
2018-09-24 16:40:13,928 - mylogger - INFO - 第 5 题
2018-09-24 16:40:14,204 - mylogger - INFO - 太阳质量是地球的多少万倍？
2018-09-24 16:40:14,935 - mylogger - INFO - ['28万倍', '33万倍', '42万倍']
2018-09-24 16:40:15,794 - mylogger - DEBUG - 在线检索答案
2018-09-24 16:40:15,795 - mylogger - INFO - 我的答案：33万倍
2018-09-24 16:40:16,259 - mylogger - DEBUG - 选择选项
2018-09-24 16:40:18,624 - mylogger - INFO - 答案正确
2018-09-24 16:40:18,624 - mylogger - DEBUG - 更新答案
2018-09-24 16:40:21,245 - mylogger - INFO - 本题结束
2018-09-24 16:40:22,369 - mylogger - INFO - 本场比赛结束
2018-09-24 16:40:22,416 - mylogger - INFO - 返回游戏页面
2018-09-24 16:40:24,040 - mylogger - INFO - 进入排位赛
2018-09-24 16:40:24,040 - mylogger - INFO - 正在匹配中......
2018-09-24 16:40:51,877 - mylogger - INFO - 匹配成功
2018-09-24 16:40:51,877 - mylogger - DEBUG - 获取题目
2018-09-24 16:41:02,686 - mylogger - DEBUG - 获取题目
2018-09-24 16:41:13,370 - mylogger - DEBUG - 获取题目
2018-09-24 16:42:22,979 - mylogger - INFO - 停止UC浏览器
2018-09-24 16:42:23,099 - mylogger - DEBUG - 返回主页面
2018-09-24 16:42:24,348 - mylogger - DEBUG - 打开UC浏览器
2018-09-24 16:42:26,653 - mylogger - DEBUG - 进入用户页面
2018-09-24 16:42:27,994 - mylogger - DEBUG - 进入游戏页面1
2018-09-24 16:42:30,388 - mylogger - DEBUG - 进入游戏页面2
2018-09-24 16:42:32,822 - mylogger - INFO - 选择游戏
2018-09-24 16:42:34,579 - mylogger - INFO - 进入排位赛
2018-09-24 16:42:34,579 - mylogger - INFO - 正在匹配中......
2018-09-24 16:43:08,037 - mylogger - INFO - 匹配成功
2018-09-24 16:43:08,037 - mylogger - DEBUG - 获取题目
2018-09-24 16:43:11,131 - mylogger - INFO - 第 1 题
2018-09-24 16:43:11,401 - mylogger - INFO - 一个胚珠通常能产生几个胚囊？
2018-09-24 16:43:12,233 - mylogger - INFO - ['一个', '多个', '四个']
2018-09-24 16:43:13,158 - mylogger - DEBUG - 在线检索答案
2018-09-24 16:43:13,158 - mylogger - INFO - 我的答案：一个
2018-09-24 16:43:13,741 - mylogger - DEBUG - 选择选项
2018-09-24 16:43:16,109 - mylogger - INFO - 答案正确
2018-09-24 16:43:16,109 - mylogger - DEBUG - 更新答案
2018-09-24 16:43:17,474 - mylogger - INFO - 本题结束
2018-09-24 16:43:17,474 - mylogger - DEBUG - 获取题目
2018-09-24 16:43:20,587 - mylogger - INFO - 第 2 题
2018-09-24 16:43:20,885 - mylogger - INFO - 太阳系现有几颗大行星？
2018-09-24 16:43:21,903 - mylogger - INFO - ['许许多多', '10颗', '8颗']
2018-09-24 16:43:21,907 - mylogger - DEBUG - 数据库中检索到答案
2018-09-24 16:43:21,907 - mylogger - INFO - 我的答案：8颗
2018-09-24 16:43:22,499 - mylogger - DEBUG - 选择选项
2018-09-24 16:43:24,858 - mylogger - INFO - 答案正确
2018-09-24 16:43:24,858 - mylogger - DEBUG - 更新答案
2018-09-24 16:43:26,123 - mylogger - INFO - 本题结束
2018-09-24 16:43:26,123 - mylogger - DEBUG - 获取题目
2018-09-24 16:43:27,935 - mylogger - INFO - 第 3 题
2018-09-24 16:43:28,196 - mylogger - INFO - 下列硫的单质和化合物中，硫元素的化合价是+4的是
2018-09-24 16:43:29,030 - mylogger - INFO - ['H2SO4', 'SO2', 'S']
2018-09-24 16:43:31,018 - mylogger - DEBUG - 在线检索答案
2018-09-24 16:43:31,018 - mylogger - INFO - 我的答案：S
2018-09-24 16:43:31,604 - mylogger - DEBUG - 选择选项
2018-09-24 16:43:34,041 - mylogger - INFO - 答案错误
2018-09-24 16:43:34,237 - mylogger - INFO - 正确答案；SO2
2018-09-24 16:43:34,237 - mylogger - DEBUG - 更新答案
2018-09-24 16:43:35,562 - mylogger - INFO - 本题结束
2018-09-24 16:43:35,562 - mylogger - DEBUG - 获取题目
2018-09-24 16:43:37,620 - mylogger - INFO - 第 4 题
2018-09-24 16:43:37,873 - mylogger - INFO - 在古代贵族教育体系“君子六艺”中，不包含以下哪一种？
2018-09-24 16:43:38,647 - mylogger - INFO - ['书', '射', '棋']
2018-09-24 16:43:39,488 - mylogger - DEBUG - 在线检索答案
2018-09-24 16:43:39,488 - mylogger - INFO - 我的答案：棋
2018-09-24 16:43:40,028 - mylogger - DEBUG - 选择选项
2018-09-24 16:43:42,445 - mylogger - INFO - 答案正确
2018-09-24 16:43:42,445 - mylogger - DEBUG - 更新答案
2018-09-24 16:43:44,930 - mylogger - INFO - 本题结束
2018-09-24 16:43:44,930 - mylogger - DEBUG - 获取题目
2018-09-24 16:43:46,664 - mylogger - INFO - 第 5 题
2018-09-24 16:43:46,946 - mylogger - INFO - 下面无人机中，哪一种是主要用来攻击雷达系统的？
2018-09-24 16:43:47,756 - mylogger - INFO - ['全球鹰无人机', '彩虹无人机', '哈比无人机']
2018-09-24 16:43:48,604 - mylogger - DEBUG - 在线检索答案
2018-09-24 16:43:48,604 - mylogger - INFO - 我的答案：哈比无人机
2018-09-24 16:43:49,293 - mylogger - DEBUG - 选择选项
2018-09-24 16:43:51,733 - mylogger - INFO - 答案正确
2018-09-24 16:43:51,733 - mylogger - DEBUG - 更新答案
2018-09-24 16:43:53,074 - mylogger - INFO - 本题结束
2018-09-24 16:43:54,237 - mylogger - INFO - 本场比赛结束
2018-09-24 16:43:54,294 - mylogger - INFO - 返回游戏页面
2018-09-24 16:43:55,853 - mylogger - INFO - 进入排位赛
2018-09-24 16:43:55,853 - mylogger - INFO - 正在匹配中......
2018-09-24 16:46:43,607 - mylogger - INFO - 停止UC浏览器
2018-09-24 16:46:43,680 - mylogger - DEBUG - 返回主页面
2018-09-24 16:46:44,155 - mylogger - DEBUG - 打开UC浏览器
2018-09-24 16:46:46,539 - mylogger - DEBUG - 进入用户页面
2018-09-24 16:46:47,556 - mylogger - DEBUG - 进入游戏页面1
2018-09-24 16:46:49,828 - mylogger - DEBUG - 进入游戏页面2
2018-09-24 16:46:52,320 - mylogger - INFO - 选择游戏
2018-09-24 16:46:54,209 - mylogger - INFO - 进入排位赛
2018-09-24 16:46:54,209 - mylogger - INFO - 正在匹配中......
2018-09-24 16:47:28,770 - mylogger - INFO - 匹配成功
2018-09-24 16:47:28,770 - mylogger - DEBUG - 获取题目
2018-09-24 16:47:31,948 - mylogger - INFO - 第 1 题
2018-09-24 16:47:32,214 - mylogger - INFO - 世界公认的心理健康标准是哪个心理学家和米特乐曼提出的10条标准？
2018-09-24 16:47:33,098 - mylogger - INFO - ['马斯洛', '加德纳', '福禄贝尔']
2018-09-24 16:47:33,812 - mylogger - DEBUG - 在线检索答案
2018-09-24 16:47:33,812 - mylogger - INFO - 我的答案：马斯洛
2018-09-24 16:47:34,414 - mylogger - DEBUG - 选择选项
2018-09-24 16:47:36,896 - mylogger - INFO - 答案正确
2018-09-24 16:47:36,896 - mylogger - DEBUG - 更新答案
2018-09-24 16:47:46,234 - mylogger - INFO - 本题结束
2018-09-24 16:47:46,234 - mylogger - DEBUG - 获取题目
2018-09-24 16:47:49,302 - mylogger - INFO - 第 2 题
2018-09-24 16:47:49,590 - mylogger - INFO - 正规围棋比赛的棋盘大小是：
2018-09-24 16:47:50,486 - mylogger - INFO - ['13乘13', '15乘15', '19乘19']
2018-09-24 16:47:51,128 - mylogger - DEBUG - 在线检索答案
2018-09-24 16:47:51,129 - mylogger - INFO - 我的答案：19乘19
2018-09-24 16:47:51,719 - mylogger - DEBUG - 选择选项
2018-09-24 16:47:54,167 - mylogger - INFO - 答案正确
2018-09-24 16:47:54,167 - mylogger - DEBUG - 更新答案
2018-09-24 16:47:55,552 - mylogger - INFO - 本题结束
2018-09-24 16:47:55,553 - mylogger - DEBUG - 获取题目
2018-09-24 16:47:57,439 - mylogger - INFO - 第 3 题
2018-09-24 16:47:57,779 - mylogger - INFO - 迈克尔·乔丹在1984年NBA选秀中是第1轮第几位被选中的?
2018-09-24 16:47:58,756 - mylogger - INFO - ['第3位', '第1位', '第2位']
2018-09-24 16:47:59,525 - mylogger - DEBUG - 在线检索答案
2018-09-24 16:47:59,525 - mylogger - INFO - 我的答案：第3位
2018-09-24 16:48:00,129 - mylogger - DEBUG - 选择选项
2018-09-24 16:48:02,522 - mylogger - INFO - 答案正确
2018-09-24 16:48:02,523 - mylogger - DEBUG - 更新答案
2018-09-24 16:48:06,181 - mylogger - INFO - 本题结束
2018-09-24 16:48:06,182 - mylogger - DEBUG - 获取题目
2018-09-24 16:48:09,315 - mylogger - INFO - 第 4 题
2018-09-24 16:48:09,636 - mylogger - INFO - “东风无力，欲皱还休”是以下哪首词中的语句？
2018-09-24 16:48:10,480 - mylogger - INFO - ['点绛唇', '眼儿媚', '巽离络']
2018-09-24 16:48:10,483 - mylogger - DEBUG - 数据库中检索到答案
2018-09-24 16:48:10,483 - mylogger - INFO - 我的答案：眼儿媚
2018-09-24 16:48:11,143 - mylogger - DEBUG - 选择选项
2018-09-24 16:48:13,564 - mylogger - INFO - 答案正确
2018-09-24 16:48:13,564 - mylogger - DEBUG - 更新答案
2018-09-24 16:48:16,047 - mylogger - INFO - 本题结束
2018-09-24 16:48:16,048 - mylogger - DEBUG - 获取题目
2018-09-24 16:48:17,884 - mylogger - INFO - 第 5 题
2018-09-24 16:48:18,213 - mylogger - INFO - 日本动画staff中的“监督”是什么意思？
2018-09-24 16:48:19,117 - mylogger - INFO - ['导演', '制片人', '监制']
2018-09-24 16:48:19,387 - mylogger - DEBUG - 在线检索答案
2018-09-24 16:48:19,388 - mylogger - INFO - 我的答案：导演
2018-09-24 16:48:19,983 - mylogger - DEBUG - 选择选项
2018-09-24 16:48:29,726 - mylogger - INFO - 停止UC浏览器
2018-09-24 16:48:29,790 - mylogger - DEBUG - 返回主页面
2018-09-24 16:48:31,060 - mylogger - DEBUG - 打开UC浏览器
2018-09-24 16:48:33,540 - mylogger - DEBUG - 进入用户页面
2018-09-24 16:48:34,681 - mylogger - DEBUG - 进入游戏页面1
2018-09-24 16:48:41,065 - mylogger - DEBUG - 进入游戏页面2
2018-09-24 16:48:43,445 - mylogger - INFO - 选择游戏
2018-09-24 16:48:44,776 - mylogger - INFO - 进入排位赛
2018-09-24 16:48:44,776 - mylogger - INFO - 正在匹配中......
2018-09-24 16:48:52,065 - mylogger - INFO - 匹配成功
2018-09-24 16:48:52,065 - mylogger - DEBUG - 获取题目
2018-09-24 16:48:55,005 - mylogger - INFO - 第 1 题
2018-09-24 16:48:55,294 - mylogger - INFO - 在吴宇森执导的《纵横四海》影片中，饰演女主角的女演员是谁？
2018-09-24 16:48:56,274 - mylogger - INFO - ['梅艳芳', '钟楚红', '关之琳']
2018-09-24 16:48:56,278 - mylogger - DEBUG - 数据库中检索到答案
2018-09-24 16:48:56,278 - mylogger - INFO - 我的答案：钟楚红
2018-09-24 16:48:56,885 - mylogger - DEBUG - 选择选项
2018-09-24 16:48:59,264 - mylogger - INFO - 答案正确
2018-09-24 16:48:59,265 - mylogger - DEBUG - 更新答案
2018-09-24 16:49:00,501 - mylogger - INFO - 本题结束
2018-09-24 16:49:00,502 - mylogger - DEBUG - 获取题目
2018-09-24 16:49:02,337 - mylogger - INFO - 第 2 题
2018-09-24 16:49:02,593 - mylogger - INFO - 一年四季中，风信子常在什么时候开花？
2018-09-24 16:49:03,453 - mylogger - INFO - ['秋季', '春季', '夏季']
2018-09-24 16:49:03,456 - mylogger - DEBUG - 数据库中检索到答案
2018-09-24 16:49:03,457 - mylogger - INFO - 我的答案：春季
2018-09-24 16:49:04,104 - mylogger - DEBUG - 选择选项
2018-09-24 16:49:06,560 - mylogger - INFO - 答案正确
2018-09-24 16:49:06,561 - mylogger - DEBUG - 更新答案
2018-09-24 16:49:10,182 - mylogger - INFO - 本题结束
2018-09-24 16:49:10,182 - mylogger - DEBUG - 获取题目
2018-09-24 16:49:11,962 - mylogger - INFO - 第 3 题
2018-09-24 16:49:12,249 - mylogger - INFO - 里戈贝尔塔门楚获得诺贝尔和平奖时几岁
2018-09-24 16:49:13,051 - mylogger - INFO - ['33', '23', '25']
2018-09-24 16:49:13,054 - mylogger - DEBUG - 数据库中检索到答案
2018-09-24 16:49:13,055 - mylogger - INFO - 我的答案：33
2018-09-24 16:49:13,686 - mylogger - DEBUG - 选择选项
2018-09-24 16:49:16,089 - mylogger - INFO - 答案正确
2018-09-24 16:49:16,089 - mylogger - DEBUG - 更新答案
2018-09-24 16:49:18,546 - mylogger - INFO - 本题结束
2018-09-24 16:49:18,547 - mylogger - DEBUG - 获取题目
2018-09-24 16:49:20,304 - mylogger - INFO - 第 4 题
2018-09-24 16:49:20,618 - mylogger - INFO - 以下哪个词汇指代的不是美妆品牌？
2018-09-24 16:49:21,471 - mylogger - INFO - ['许三多', '子丹', '腊梅']
2018-09-24 16:49:22,083 - mylogger - DEBUG - 在线检索答案
2018-09-24 16:49:22,083 - mylogger - INFO - 我的答案：许三多
2018-09-24 16:49:22,667 - mylogger - DEBUG - 选择选项
2018-09-24 16:49:25,090 - mylogger - INFO - 答案错误
2018-09-24 16:49:25,199 - mylogger - INFO - 正确答案；子丹
2018-09-24 16:49:25,199 - mylogger - DEBUG - 更新答案
2018-09-24 16:49:27,683 - mylogger - INFO - 本题结束
2018-09-24 16:49:27,684 - mylogger - DEBUG - 获取题目
2018-09-24 16:49:29,515 - mylogger - INFO - 第 5 题
2018-09-24 16:49:29,799 - mylogger - INFO - 在《男子高中生的日常》第一话中，被怂恿穿上女生校服的是？
2018-09-24 16:49:30,792 - mylogger - INFO - ['秀则', '忠邦', '吉竹']
2018-09-24 16:49:31,520 - mylogger - DEBUG - 在线检索答案
2018-09-24 16:49:31,520 - mylogger - INFO - 我的答案：忠邦
2018-09-24 16:49:32,106 - mylogger - DEBUG - 选择选项
2018-09-24 16:49:34,616 - mylogger - INFO - 答案正确
2018-09-24 16:49:34,616 - mylogger - DEBUG - 更新答案
2018-09-24 16:56:34,256 - mylogger - INFO - 停止UC浏览器
2018-09-24 16:56:34,502 - mylogger - DEBUG - 返回主页面
2018-09-24 16:56:35,786 - mylogger - DEBUG - 打开UC浏览器
2018-09-24 16:56:38,140 - mylogger - DEBUG - 进入用户页面
2018-09-24 16:56:39,329 - mylogger - DEBUG - 进入游戏页面1
2018-09-24 16:56:41,872 - mylogger - DEBUG - 进入游戏页面2
2018-09-24 16:56:44,912 - mylogger - INFO - 选择游戏
2018-09-24 16:56:46,046 - mylogger - INFO - 进入排位赛
2018-09-24 16:56:46,047 - mylogger - INFO - 正在匹配中......
2018-09-24 16:57:07,173 - mylogger - INFO - 匹配成功
2018-09-24 16:57:07,173 - mylogger - DEBUG - 获取题目
2018-09-24 16:57:09,117 - mylogger - INFO - 第 1 题
2018-09-24 16:57:09,409 - mylogger - INFO - 下列哪部是关于母爱题材的电影？
2018-09-24 16:57:10,447 - mylogger - INFO - ['《美丽人生》', '《当幸福来敲门》', '《菲洛梅娜》']
2018-09-24 16:57:11,226 - mylogger - DEBUG - 未检索到答案
2018-09-24 16:57:11,226 - mylogger - INFO - 我的答案：《美丽人生》
2018-09-24 16:57:11,938 - mylogger - DEBUG - 选择选项
2018-09-24 16:57:14,426 - mylogger - INFO - 答案错误
2018-09-24 16:57:14,690 - mylogger - INFO - 正确答案；《菲洛梅娜》
2018-09-24 16:57:14,690 - mylogger - DEBUG - 添加此题
2018-09-24 16:57:18,434 - mylogger - INFO - 本题结束
2018-09-24 16:57:18,434 - mylogger - DEBUG - 获取题目
2018-09-24 16:57:21,946 - mylogger - INFO - 第 2 题
2018-09-24 16:57:22,362 - mylogger - INFO - 以下关于行政指导的叙述中，哪一项是正确的？
2018-09-24 16:57:23,443 - mylogger - INFO - ['具有法律强制力', '能够直接产生法律后果', '属于"积极行政"的范畴']
2018-09-24 16:57:23,447 - mylogger - DEBUG - 数据库中检索到答案
2018-09-24 16:57:23,447 - mylogger - INFO - 我的答案：属于"积极行政"的范畴
2018-09-24 16:57:24,221 - mylogger - DEBUG - 选择选项
2018-09-24 16:57:26,877 - mylogger - INFO - 答案正确
2018-09-24 16:57:29,406 - mylogger - INFO - 本题结束
2018-09-24 16:57:29,406 - mylogger - DEBUG - 获取题目
2018-09-24 16:57:31,495 - mylogger - INFO - 第 3 题
2018-09-24 16:57:31,864 - mylogger - INFO - 《火影忍者》中“忍宗”开山鼻祖是谁？
2018-09-24 16:57:32,792 - mylogger - INFO - ['黑绝', '六道仙人', '宇智波斑']
2018-09-24 16:57:34,800 - mylogger - DEBUG - 在线检索答案
2018-09-24 16:57:34,800 - mylogger - INFO - 我的答案：六道仙人
2018-09-24 16:57:35,341 - mylogger - DEBUG - 选择选项
2018-09-24 16:57:37,820 - mylogger - INFO - 答案正确
2018-09-24 16:57:37,821 - mylogger - DEBUG - 添加此题
2018-09-24 16:57:39,237 - mylogger - INFO - 本题结束
2018-09-24 16:57:39,237 - mylogger - DEBUG - 获取题目
2018-09-24 16:57:41,275 - mylogger - INFO - 第 4 题
2018-09-24 16:57:41,627 - mylogger - INFO - 明朝文人解缙的号是？
2018-09-24 16:57:42,751 - mylogger - INFO - ['春雨', '缙绅', '解学士']
2018-09-24 16:57:43,411 - mylogger - DEBUG - 在线检索答案
2018-09-24 16:57:43,411 - mylogger - INFO - 我的答案：春雨
2018-09-24 16:57:44,074 - mylogger - DEBUG - 选择选项
2018-09-24 16:57:46,566 - mylogger - INFO - 答案正确
2018-09-24 16:57:46,567 - mylogger - DEBUG - 添加此题
2018-09-24 16:57:49,179 - mylogger - INFO - 本题结束
2018-09-24 16:57:49,180 - mylogger - DEBUG - 获取题目
2018-09-24 16:57:51,113 - mylogger - INFO - 第 5 题
2018-09-24 16:57:51,433 - mylogger - INFO - 法国顶级品牌爱马仕作为标志的首个字母是哪个？
2018-09-24 16:57:52,596 - mylogger - INFO - ['H', 'A', 'M']
2018-09-24 16:57:54,598 - mylogger - DEBUG - 在线检索答案
2018-09-24 16:57:54,598 - mylogger - INFO - 我的答案：H
2018-09-24 16:57:55,401 - mylogger - DEBUG - 选择选项
2018-09-24 16:57:58,054 - mylogger - INFO - 答案正确
2018-09-24 16:57:58,055 - mylogger - DEBUG - 添加此题
2018-09-24 16:57:58,386 - mylogger - INFO - 本题结束
2018-09-24 16:57:59,597 - mylogger - INFO - 本场比赛结束
2018-09-24 16:57:59,710 - mylogger - INFO - 返回游戏页面
2018-09-24 16:58:01,440 - mylogger - INFO - 进入排位赛
2018-09-24 16:58:01,440 - mylogger - INFO - 正在匹配中......
2018-09-24 16:58:13,822 - mylogger - INFO - 匹配成功
2018-09-24 16:58:13,823 - mylogger - DEBUG - 获取题目
2018-09-24 16:58:17,012 - mylogger - INFO - 第 1 题
2018-09-24 16:58:17,404 - mylogger - INFO - 地球大约诞生于多少年前？
2018-09-24 16:58:18,584 - mylogger - INFO - ['48亿年前', '47亿年前', '46亿年前']
2018-09-24 16:58:19,353 - mylogger - DEBUG - 未检索到答案
2018-09-24 16:58:19,354 - mylogger - INFO - 我的答案：48亿年前
2018-09-24 16:58:20,005 - mylogger - DEBUG - 选择选项
2018-09-24 16:58:22,531 - mylogger - INFO - 答案错误
2018-09-24 16:58:22,820 - mylogger - INFO - 正确答案；46亿年前
2018-09-24 16:58:22,821 - mylogger - DEBUG - 添加此题
2018-09-24 16:58:23,160 - mylogger - INFO - 本题结束
2018-09-24 16:58:23,160 - mylogger - DEBUG - 获取题目
2018-09-24 16:58:25,277 - mylogger - INFO - 第 2 题
2018-09-24 16:58:25,608 - mylogger - INFO - 西施是中国古代四大美女之首，她究竟姓什么呢？
2018-09-24 16:58:26,805 - mylogger - INFO - ['姓周', '姓施', '姓西']
2018-09-24 16:58:26,808 - mylogger - DEBUG - 数据库中检索到答案
2018-09-24 16:58:26,808 - mylogger - INFO - 我的答案：姓施
2018-09-24 16:58:27,599 - mylogger - DEBUG - 选择选项
2018-09-24 16:58:30,036 - mylogger - INFO - 答案正确
2018-09-24 16:58:32,617 - mylogger - INFO - 本题结束
2018-09-24 16:58:32,617 - mylogger - DEBUG - 获取题目
2018-09-24 16:58:34,717 - mylogger - INFO - 第 3 题
2018-09-24 16:58:35,050 - mylogger - INFO - 扑克牌最早起源于哪个国家?
2018-09-24 16:58:36,317 - mylogger - INFO - ['中国', '法国', '西班牙']
2018-09-24 16:58:36,321 - mylogger - DEBUG - 数据库中检索到答案
2018-09-24 16:58:36,321 - mylogger - INFO - 我的答案：中国
2018-09-24 16:58:37,006 - mylogger - DEBUG - 选择选项
2018-09-24 16:58:39,507 - mylogger - INFO - 答案正确
2018-09-24 16:58:40,849 - mylogger - INFO - 本题结束
2018-09-24 16:58:40,849 - mylogger - DEBUG - 获取题目
2018-09-24 16:58:47,653 - mylogger - INFO - 第 4 题
2018-09-24 16:58:48,005 - mylogger - INFO - 以外币表示的可以用于国际结算的支付手段和资产是
2018-09-24 16:58:49,081 - mylogger - INFO - ['广义的静态外汇', '狭义的静态外汇', '广义的动态外汇']
2018-09-24 16:58:49,084 - mylogger - DEBUG - 数据库中检索到答案
2018-09-24 16:58:49,084 - mylogger - INFO - 我的答案：狭义的静态外汇
2018-09-24 16:58:49,837 - mylogger - DEBUG - 选择选项
2018-09-24 16:58:52,297 - mylogger - INFO - 答案正确
2018-09-24 16:58:53,677 - mylogger - INFO - 本题结束
2018-09-24 16:58:53,677 - mylogger - DEBUG - 获取题目
2018-09-24 16:58:55,622 - mylogger - INFO - 第 5 题
2018-09-24 16:58:55,982 - mylogger - INFO - 以下选项中，哪一个不属于建筑师诺曼·福斯特的代表作品？
2018-09-24 16:58:57,006 - mylogger - INFO - ['斯坦斯泰德机场', '德国议会穹隆', '提巴欧文化中心']
2018-09-24 16:58:58,616 - mylogger - DEBUG - 在线检索答案
2018-09-24 16:58:58,616 - mylogger - INFO - 我的答案：斯坦斯泰德机场
2018-09-24 16:58:59,353 - mylogger - DEBUG - 选择选项
2018-09-24 16:59:01,852 - mylogger - INFO - 答案错误
2018-09-24 16:59:02,206 - mylogger - DEBUG - 添加此题
2018-09-24 16:59:02,596 - mylogger - INFO - 本题结束
2018-09-24 16:59:03,792 - mylogger - INFO - 本场比赛结束
2018-09-24 16:59:03,838 - mylogger - INFO - 返回游戏页面
2018-09-24 16:59:05,498 - mylogger - INFO - 进入排位赛
2018-09-24 16:59:05,499 - mylogger - INFO - 正在匹配中......
2018-09-24 17:01:01,796 - mylogger - INFO - 停止UC浏览器
2018-09-24 17:01:01,872 - mylogger - DEBUG - 返回主页面
2018-09-24 17:01:02,347 - mylogger - DEBUG - 打开UC浏览器
2018-09-24 17:01:05,007 - mylogger - DEBUG - 进入用户页面
2018-09-24 17:01:06,010 - mylogger - DEBUG - 进入游戏页面1
2018-09-24 17:01:08,239 - mylogger - DEBUG - 进入游戏页面2
2018-09-24 17:01:10,551 - mylogger - INFO - 选择游戏
2018-09-24 17:01:12,563 - mylogger - INFO - 进入排位赛
2018-09-24 17:01:12,563 - mylogger - INFO - 正在匹配中......
2018-09-24 17:01:38,892 - mylogger - INFO - 匹配成功
2018-09-24 17:01:38,892 - mylogger - DEBUG - 获取题目
2018-09-24 17:01:41,948 - mylogger - INFO - 第 1 题
2018-09-24 17:01:42,278 - mylogger - INFO - 真正能雌雄相守，从一而终的比翼鸟是什么动物？
2018-09-24 17:01:43,106 - mylogger - INFO - ['天鹅', '鸳鸯', '燕子']
2018-09-24 17:01:43,110 - mylogger - DEBUG - 数据库中检索到答案
2018-09-24 17:01:43,110 - mylogger - INFO - 我的答案：天鹅
2018-09-24 17:01:43,724 - mylogger - DEBUG - 选择选项
2018-09-24 17:01:46,286 - mylogger - INFO - 答案正确
2018-09-24 17:01:48,665 - mylogger - INFO - 本题结束
2018-09-24 17:01:48,665 - mylogger - DEBUG - 获取题目
2018-09-24 17:01:50,512 - mylogger - INFO - 第 2 题
2018-09-24 17:01:50,797 - mylogger - INFO - 《十面埋伏》又名什么？
2018-09-24 17:01:51,665 - mylogger - INFO - ['淮阴平楚', '广陵止息', '雁门之战']
2018-09-24 17:01:52,089 - mylogger - DEBUG - 在线检索答案
2018-09-24 17:01:52,089 - mylogger - INFO - 我的答案：淮阴平楚
2018-09-24 17:01:52,656 - mylogger - DEBUG - 选择选项
2018-09-24 17:01:55,293 - mylogger - INFO - 答案正确
2018-09-24 17:01:55,294 - mylogger - DEBUG - 添加此题
2018-09-24 17:01:57,693 - mylogger - INFO - 本题结束
2018-09-24 17:01:57,693 - mylogger - DEBUG - 获取题目
2018-09-24 17:02:00,642 - mylogger - INFO - 第 3 题
2018-09-24 17:02:00,926 - mylogger - INFO - 世界上第一种最成功的无烟火药枪械“勒贝尔步枪”起源于哪个国家？
2018-09-24 17:02:01,790 - mylogger - INFO - ['英国', '法国', '中国']
2018-09-24 17:02:02,430 - mylogger - DEBUG - 在线检索答案
2018-09-24 17:02:02,430 - mylogger - INFO - 我的答案：法国
2018-09-24 17:02:03,021 - mylogger - DEBUG - 选择选项
2018-09-24 17:02:05,618 - mylogger - INFO - 答案正确
2018-09-24 17:02:05,619 - mylogger - DEBUG - 添加此题
2018-09-24 17:02:08,064 - mylogger - INFO - 本题结束
2018-09-24 17:02:08,064 - mylogger - DEBUG - 获取题目
2018-09-24 17:02:11,073 - mylogger - INFO - 第 4 题
2018-09-24 17:02:11,405 - mylogger - INFO - 目前在市面上流通的硬币有几种
2018-09-24 17:02:12,323 - mylogger - INFO - ['4', '6', '3']
2018-09-24 17:02:13,473 - mylogger - DEBUG - 在线检索答案
2018-09-24 17:02:13,474 - mylogger - INFO - 我的答案：4
2018-09-24 17:02:14,003 - mylogger - DEBUG - 选择选项
2018-09-24 17:02:16,510 - mylogger - INFO - 答案错误
2018-09-24 17:02:16,647 - mylogger - INFO - 正确答案；6
2018-09-24 17:02:16,648 - mylogger - DEBUG - 添加此题
2018-09-24 17:02:18,018 - mylogger - INFO - 本题结束
2018-09-24 17:02:18,019 - mylogger - DEBUG - 获取题目
2018-09-24 17:02:19,850 - mylogger - INFO - 第 5 题
2018-09-24 17:02:20,158 - mylogger - INFO - “织女星”属于什么星座？
2018-09-24 17:02:21,044 - mylogger - INFO - ['天琴座', '仙女座', '天龙座']
2018-09-24 17:02:21,738 - mylogger - DEBUG - 在线检索答案
2018-09-24 17:02:21,739 - mylogger - INFO - 我的答案：天琴座
2018-09-24 17:02:22,346 - mylogger - DEBUG - 选择选项
2018-09-24 17:02:24,947 - mylogger - INFO - 答案正确
2018-09-24 17:02:24,948 - mylogger - DEBUG - 添加此题
2018-09-24 17:02:29,688 - mylogger - INFO - 本题结束
2018-09-24 17:02:30,807 - mylogger - INFO - 本场比赛结束
2018-09-24 17:02:30,861 - mylogger - INFO - 返回游戏页面
2018-09-24 17:02:32,404 - mylogger - INFO - 进入排位赛
2018-09-24 17:02:32,404 - mylogger - INFO - 正在匹配中......
2018-09-24 17:02:44,080 - mylogger - INFO - 匹配成功
2018-09-24 17:02:44,080 - mylogger - DEBUG - 获取题目
2018-09-24 17:02:47,063 - mylogger - INFO - 第 1 题
2018-09-24 17:02:47,323 - mylogger - INFO - 王大雷是哪个俱乐部的门将？
2018-09-24 17:02:48,144 - mylogger - INFO - ['山东鲁能', '北京国安', '广州恒大']
2018-09-24 17:02:48,872 - mylogger - DEBUG - 在线检索答案
2018-09-24 17:02:48,872 - mylogger - INFO - 我的答案：山东鲁能
2018-09-24 17:02:49,440 - mylogger - DEBUG - 选择选项
2018-09-24 17:02:51,956 - mylogger - INFO - 答案正确
2018-09-24 17:02:51,957 - mylogger - DEBUG - 添加此题
2018-09-24 17:02:53,265 - mylogger - INFO - 本题结束
2018-09-24 17:02:53,265 - mylogger - DEBUG - 获取题目
2018-09-24 17:02:56,284 - mylogger - INFO - 第 2 题
2018-09-24 17:02:56,627 - mylogger - INFO - 哥白尼的哪部作品改变了那个时代人类对宇宙的认识？
2018-09-24 17:02:57,643 - mylogger - INFO - ['日心说', '黑洞学说', '地心说']
2018-09-24 17:02:58,763 - mylogger - DEBUG - 在线检索答案
2018-09-24 17:02:58,763 - mylogger - INFO - 我的答案：日心说
2018-09-24 17:02:59,331 - mylogger - DEBUG - 选择选项
2018-09-24 17:03:01,787 - mylogger - INFO - 答案正确
2018-09-24 17:03:01,788 - mylogger - DEBUG - 添加此题
2018-09-24 17:03:03,210 - mylogger - INFO - 本题结束
2018-09-24 17:03:03,211 - mylogger - DEBUG - 获取题目
2018-09-24 17:03:05,054 - mylogger - INFO - 第 3 题
2018-09-24 17:03:05,370 - mylogger - INFO - 一般情况下，居住在高原的居民的红细胞数比居住在平原的居民：
2018-09-24 17:03:06,276 - mylogger - INFO - ['多', '少', '一样']
2018-09-24 17:03:06,280 - mylogger - DEBUG - 数据库中检索到答案
2018-09-24 17:03:06,280 - mylogger - INFO - 我的答案：多
2018-09-24 17:03:06,908 - mylogger - DEBUG - 选择选项
2018-09-24 17:03:09,448 - mylogger - INFO - 答案正确
2018-09-24 17:03:11,864 - mylogger - INFO - 本题结束
2018-09-24 17:03:11,864 - mylogger - DEBUG - 获取题目
2018-09-24 17:03:13,700 - mylogger - INFO - 第 4 题
2018-09-24 17:03:14,021 - mylogger - INFO - 下列哪场战役不属于美日太平洋海战？
2018-09-24 17:03:14,908 - mylogger - INFO - ['马塔潘角海战', '瓜达尔卡纳尔岛战役', '莱特湾海战']
2018-09-24 17:03:15,649 - mylogger - DEBUG - 在线检索答案
2018-09-24 17:03:15,649 - mylogger - INFO - 我的答案：马塔潘角海战
2018-09-24 17:03:16,242 - mylogger - DEBUG - 选择选项
2018-09-24 17:03:18,767 - mylogger - INFO - 答案正确
2018-09-24 17:03:18,768 - mylogger - DEBUG - 添加此题
2018-09-24 17:03:20,222 - mylogger - INFO - 本题结束
2018-09-24 17:03:20,222 - mylogger - DEBUG - 获取题目
2018-09-24 17:03:23,193 - mylogger - INFO - 第 5 题
2018-09-24 17:03:23,542 - mylogger - INFO - “国际原子能机构”的英文简称是什么？
2018-09-24 17:03:24,561 - mylogger - INFO - ['OECD', 'IAEA', 'WHO']
2018-09-24 17:03:26,184 - mylogger - DEBUG - 在线检索答案
2018-09-24 17:03:26,184 - mylogger - INFO - 我的答案：IAEA
2018-09-24 17:03:26,737 - mylogger - DEBUG - 选择选项
2018-09-24 17:03:29,469 - mylogger - INFO - 答案正确
2018-09-24 17:03:29,470 - mylogger - DEBUG - 添加此题
2018-09-24 17:03:29,750 - mylogger - INFO - 本题结束
2018-09-24 17:03:30,881 - mylogger - INFO - 本场比赛结束
2018-09-24 17:03:30,991 - mylogger - INFO - 返回游戏页面
2018-09-24 17:03:32,450 - mylogger - INFO - 进入排位赛
2018-09-24 17:03:32,450 - mylogger - INFO - 正在匹配中......
2018-09-24 17:04:03,407 - mylogger - INFO - 匹配成功
2018-09-24 17:04:03,407 - mylogger - DEBUG - 获取题目
2018-09-24 17:04:06,418 - mylogger - INFO - 第 1 题
2018-09-24 17:04:06,679 - mylogger - INFO - 电影《重返二十岁》的主题曲《我们的明天》是由谁演唱的？
2018-09-24 17:04:07,554 - mylogger - INFO - ['吴亦凡', '鹿晗', '黄子韬']
2018-09-24 17:04:08,342 - mylogger - DEBUG - 在线检索答案
2018-09-24 17:04:08,342 - mylogger - INFO - 我的答案：鹿晗
2018-09-24 17:04:08,919 - mylogger - DEBUG - 选择选项
2018-09-24 17:04:11,547 - mylogger - INFO - 答案正确
2018-09-24 17:04:11,548 - mylogger - DEBUG - 添加此题
2018-09-24 17:04:14,003 - mylogger - INFO - 本题结束
2018-09-24 17:04:14,004 - mylogger - DEBUG - 获取题目
2018-09-24 17:04:17,095 - mylogger - INFO - 第 2 题
2018-09-24 17:04:17,439 - mylogger - INFO - 以下哪个机构是美国航空航天局真实存在的机构？
2018-09-24 17:04:18,427 - mylogger - INFO - ['UFO防御办公室', '外星人防御办公室', '行星防御办公室']
2018-09-24 17:04:19,594 - mylogger - DEBUG - 未检索到答案
2018-09-24 17:04:19,594 - mylogger - INFO - 我的答案：UFO防御办公室
2018-09-24 17:04:20,223 - mylogger - DEBUG - 选择选项
2018-09-24 17:04:22,828 - mylogger - INFO - 答案错误
2018-09-24 17:04:23,091 - mylogger - INFO - 正确答案；行星防御办公室
2018-09-24 17:04:23,092 - mylogger - DEBUG - 添加此题
2018-09-24 17:04:27,859 - mylogger - INFO - 本题结束
2018-09-24 17:04:27,859 - mylogger - DEBUG - 获取题目
2018-09-24 17:04:29,631 - mylogger - INFO - 第 3 题
2018-09-24 17:04:29,932 - mylogger - INFO - 3支球队，两两进行比赛，会举行几场比赛？
2018-09-24 17:04:30,831 - mylogger - INFO - ['2场', '3场', '6场']
2018-09-24 17:04:32,489 - mylogger - DEBUG - 未检索到答案
2018-09-24 17:04:32,490 - mylogger - INFO - 我的答案：2场
2018-09-24 17:04:33,071 - mylogger - DEBUG - 选择选项
2018-09-24 17:04:35,592 - mylogger - INFO - 答案错误
2018-09-24 17:04:35,735 - mylogger - INFO - 正确答案；3场
2018-09-24 17:04:35,736 - mylogger - DEBUG - 添加此题
2018-09-24 17:04:37,030 - mylogger - INFO - 本题结束
2018-09-24 17:04:37,030 - mylogger - DEBUG - 获取题目
2018-09-24 17:04:38,888 - mylogger - INFO - 第 4 题
2018-09-24 17:04:39,157 - mylogger - INFO - 电视剧《致青春》的片尾曲《相爱恨早》的原唱歌手是谁？
2018-09-24 17:04:40,044 - mylogger - INFO - ['徐佳莹', '那英', '张惠妹']
2018-09-24 17:04:40,801 - mylogger - DEBUG - 在线检索答案
2018-09-24 17:04:40,801 - mylogger - INFO - 我的答案：那英
2018-09-24 17:04:41,354 - mylogger - DEBUG - 选择选项
2018-09-24 17:04:43,908 - mylogger - INFO - 答案正确
2018-09-24 17:04:43,909 - mylogger - DEBUG - 添加此题
2018-09-24 17:04:46,525 - mylogger - INFO - 本题结束
2018-09-24 17:04:46,525 - mylogger - DEBUG - 获取题目
2018-09-24 17:04:49,472 - mylogger - INFO - 第 5 题
2018-09-24 17:04:49,760 - mylogger - INFO - 是哪个国家研制的凝固汽油？
2018-09-24 17:04:50,634 - mylogger - INFO - ['英国', '美国', '德国']
2018-09-24 17:04:51,348 - mylogger - DEBUG - 在线检索答案
2018-09-24 17:04:51,349 - mylogger - INFO - 我的答案：美国
2018-09-24 17:04:52,001 - mylogger - DEBUG - 选择选项
2018-09-24 17:04:54,509 - mylogger - INFO - 答案正确
2018-09-24 17:04:54,510 - mylogger - DEBUG - 添加此题
2018-09-24 17:04:55,862 - mylogger - INFO - 本题结束
2018-09-24 17:04:56,993 - mylogger - INFO - 本场比赛结束
2018-09-24 17:04:57,038 - mylogger - INFO - 返回游戏页面
2018-09-24 17:04:58,572 - mylogger - INFO - 进入排位赛
2018-09-24 17:04:58,573 - mylogger - INFO - 正在匹配中......
2018-09-24 17:05:58,940 - mylogger - WARNING - 匹配失败
2018-09-24 17:05:59,010 - mylogger - INFO - 返回游戏页面
2018-09-24 17:06:00,567 - mylogger - INFO - 进入排位赛
2018-09-24 17:06:00,567 - mylogger - INFO - 正在匹配中......
2018-09-24 17:06:23,199 - mylogger - INFO - 匹配成功
2018-09-24 17:06:23,199 - mylogger - DEBUG - 获取题目
2018-09-24 17:06:26,293 - mylogger - INFO - 第 1 题
2018-09-24 17:06:26,592 - mylogger - INFO - 足球运动中,清道夫是打什么位置的？
2018-09-24 17:06:27,702 - mylogger - INFO - ['后卫', '前锋', '中锋']
2018-09-24 17:06:27,705 - mylogger - DEBUG - 数据库中检索到答案
2018-09-24 17:06:27,705 - mylogger - INFO - 我的答案：后卫
2018-09-24 17:06:28,273 - mylogger - DEBUG - 选择选项
2018-09-24 17:06:30,869 - mylogger - INFO - 答案正确
2018-09-24 17:06:35,533 - mylogger - INFO - 本题结束
2018-09-24 17:06:35,533 - mylogger - DEBUG - 获取题目
2018-09-24 17:06:41,953 - mylogger - INFO - 第 2 题
2018-09-24 17:06:42,251 - mylogger - INFO - 热风品牌创立于哪个城市？
2018-09-24 17:06:43,185 - mylogger - INFO - ['巴黎', '米兰', '上海']
2018-09-24 17:06:44,522 - mylogger - DEBUG - 在线检索答案
2018-09-24 17:06:44,522 - mylogger - INFO - 我的答案：上海
2018-09-24 17:06:45,085 - mylogger - DEBUG - 选择选项
2018-09-24 17:06:47,633 - mylogger - INFO - 答案正确
2018-09-24 17:06:47,634 - mylogger - DEBUG - 添加此题
2018-09-24 17:06:48,970 - mylogger - INFO - 本题结束
2018-09-24 17:06:48,970 - mylogger - DEBUG - 获取题目
2018-09-24 17:06:50,733 - mylogger - INFO - 第 3 题
2018-09-24 17:06:51,009 - mylogger - INFO - 作家编剧家李碧华的原著改编的电影代表作很多，其中不包括以下哪一部？
2018-09-24 17:06:51,922 - mylogger - INFO - ['《钟无艳》', '《青蛇》', '《霸王别姬》']
2018-09-24 17:06:53,050 - mylogger - DEBUG - 在线检索答案
2018-09-24 17:06:53,050 - mylogger - INFO - 我的答案：《钟无艳》
2018-09-24 17:06:53,614 - mylogger - DEBUG - 选择选项
2018-09-24 17:06:56,074 - mylogger - INFO - 答案正确
2018-09-24 17:06:56,075 - mylogger - DEBUG - 添加此题
2018-09-24 17:06:58,517 - mylogger - INFO - 本题结束
2018-09-24 17:06:58,517 - mylogger - DEBUG - 获取题目
2018-09-24 17:07:00,401 - mylogger - INFO - 第 4 题
2018-09-24 17:07:00,669 - mylogger - INFO - 哪位历史人物将正月十五定为元宵节？
2018-09-24 17:07:01,464 - mylogger - INFO - ['汉文帝刘恒', '汉高祖刘邦', '汉武帝刘彻']
2018-09-24 17:07:02,340 - mylogger - DEBUG - 在线检索答案
2018-09-24 17:07:02,341 - mylogger - INFO - 我的答案：汉高祖刘邦
2018-09-24 17:07:02,889 - mylogger - DEBUG - 选择选项
2018-09-24 17:07:05,362 - mylogger - INFO - 答案错误
2018-09-24 17:07:05,485 - mylogger - INFO - 正确答案；汉文帝刘恒
2018-09-24 17:07:05,486 - mylogger - DEBUG - 添加此题
2018-09-24 17:07:07,929 - mylogger - INFO - 本题结束
2018-09-24 17:07:07,930 - mylogger - DEBUG - 获取题目
2018-09-24 17:07:09,823 - mylogger - INFO - 第 5 题
2018-09-24 17:07:10,119 - mylogger - INFO - 范冰冰在小红书上公布“冰冰红”是由哪个品牌口红打造的？
2018-09-24 17:07:11,031 - mylogger - INFO - ['梦妆', '娇兰', '倩碧']
2018-09-24 17:07:11,757 - mylogger - DEBUG - 在线检索答案
2018-09-24 17:07:11,757 - mylogger - INFO - 我的答案：娇兰
2018-09-24 17:07:12,322 - mylogger - DEBUG - 选择选项
2018-09-24 17:07:14,894 - mylogger - INFO - 答案正确
2018-09-24 17:07:14,895 - mylogger - DEBUG - 添加此题
2018-09-24 17:07:16,273 - mylogger - INFO - 本题结束
2018-09-24 17:07:17,403 - mylogger - INFO - 本场比赛结束
2018-09-24 17:07:17,458 - mylogger - INFO - 返回游戏页面
2018-09-24 17:07:18,974 - mylogger - INFO - 进入排位赛
2018-09-24 17:07:18,974 - mylogger - INFO - 正在匹配中......
2018-09-24 17:07:40,695 - mylogger - INFO - 匹配成功
2018-09-24 17:07:40,695 - mylogger - DEBUG - 获取题目
2018-09-24 17:07:43,631 - mylogger - INFO - 第 1 题
2018-09-24 17:07:43,896 - mylogger - INFO - 围棋中，小目小飞守角又称作（）。
2018-09-24 17:07:44,704 - mylogger - INFO - ['无忧角', '单关角', '金柜角']
2018-09-24 17:07:45,625 - mylogger - DEBUG - 在线检索答案
2018-09-24 17:07:45,625 - mylogger - INFO - 我的答案：无忧角
2018-09-24 17:07:46,192 - mylogger - DEBUG - 选择选项
2018-09-24 17:07:48,780 - mylogger - INFO - 答案正确
2018-09-24 17:07:48,781 - mylogger - DEBUG - 添加此题
2018-09-24 17:07:49,065 - mylogger - INFO - 本题结束
2018-09-24 17:07:49,065 - mylogger - DEBUG - 获取题目
2018-09-24 17:07:51,960 - mylogger - INFO - 第 2 题
2018-09-24 17:07:52,240 - mylogger - INFO - 吸氧装置中氧气流量表的计量单位是
2018-09-24 17:07:53,241 - mylogger - INFO - ['L/min', 'ml/min', 'L/s']
2018-09-24 17:07:54,938 - mylogger - DEBUG - 在线检索答案
2018-09-24 17:07:54,938 - mylogger - INFO - 我的答案：ml/min
2018-09-24 17:07:55,536 - mylogger - DEBUG - 选择选项
2018-09-24 17:07:58,137 - mylogger - INFO - 答案错误
2018-09-24 17:07:58,316 - mylogger - INFO - 正确答案；L/min
2018-09-24 17:07:58,316 - mylogger - DEBUG - 添加此题
2018-09-24 17:07:58,577 - mylogger - INFO - 本题结束
2018-09-24 17:07:58,577 - mylogger - DEBUG - 获取题目
2018-09-24 17:08:01,536 - mylogger - INFO - 第 3 题
2018-09-24 17:08:01,869 - mylogger - INFO - 以下哪位著名NBA球星的别称是“J博士”？
2018-09-24 17:08:02,737 - mylogger - INFO - ['阿伦·艾弗森', '卡尔·马龙', '朱利叶斯·欧文']
2018-09-24 17:08:03,636 - mylogger - DEBUG - 在线检索答案
2018-09-24 17:08:03,636 - mylogger - INFO - 我的答案：朱利叶斯·欧文
2018-09-24 17:08:04,251 - mylogger - DEBUG - 选择选项
2018-09-24 17:08:06,804 - mylogger - INFO - 答案正确
2018-09-24 17:08:06,805 - mylogger - DEBUG - 添加此题
2018-09-24 17:08:08,144 - mylogger - INFO - 本题结束
2018-09-24 17:08:08,144 - mylogger - DEBUG - 获取题目
2018-09-24 17:08:10,009 - mylogger - INFO - 第 4 题
2018-09-24 17:08:10,306 - mylogger - INFO - 美国第十六任总统是谁？
2018-09-24 17:08:11,340 - mylogger - INFO - ['富兰克林', '肯尼迪', '林肯']
2018-09-24 17:08:11,344 - mylogger - DEBUG - 数据库中检索到答案
2018-09-24 17:08:11,344 - mylogger - INFO - 我的答案：林肯
2018-09-24 17:08:11,880 - mylogger - DEBUG - 选择选项
2018-09-24 17:08:14,405 - mylogger - INFO - 答案正确
2018-09-24 17:08:15,717 - mylogger - INFO - 本题结束
2018-09-24 17:08:15,718 - mylogger - DEBUG - 获取题目
2018-09-24 17:08:17,537 - mylogger - INFO - 第 5 题
2018-09-24 17:08:17,809 - mylogger - INFO - 日本男星小栗旬的妻子是哪位艺人？
2018-09-24 17:08:18,741 - mylogger - INFO - ['石原里美', '广末凉子', '山田优']
2018-09-24 17:08:19,522 - mylogger - DEBUG - 在线检索答案
2018-09-24 17:08:19,523 - mylogger - INFO - 我的答案：山田优
2018-09-24 17:08:20,117 - mylogger - DEBUG - 选择选项
2018-09-24 17:08:22,645 - mylogger - INFO - 答案正确
2018-09-24 17:08:22,646 - mylogger - DEBUG - 添加此题
2018-09-24 17:08:23,962 - mylogger - INFO - 本题结束
2018-09-24 17:08:25,094 - mylogger - INFO - 本场比赛结束
2018-09-24 17:08:25,139 - mylogger - INFO - 返回游戏页面
2018-09-24 17:08:26,634 - mylogger - INFO - 进入排位赛
2018-09-24 17:08:26,635 - mylogger - INFO - 正在匹配中......
2018-09-24 17:08:44,912 - mylogger - INFO - 匹配成功
2018-09-24 17:08:44,912 - mylogger - DEBUG - 获取题目
2018-09-24 17:08:46,759 - mylogger - INFO - 第 1 题
2018-09-24 17:08:47,082 - mylogger - INFO - 以下哪个国家是SIG Sauer枪械公司总部的所在国？
2018-09-24 17:08:47,838 - mylogger - INFO - ['瑞士', '德国', '英国']
2018-09-24 17:08:49,452 - mylogger - DEBUG - 在线检索答案
2018-09-24 17:08:49,452 - mylogger - INFO - 我的答案：德国
2018-09-24 17:08:49,965 - mylogger - DEBUG - 选择选项
2018-09-24 17:08:52,507 - mylogger - INFO - 答案正确
2018-09-24 17:08:52,507 - mylogger - DEBUG - 添加此题
2018-09-24 17:08:54,997 - mylogger - INFO - 本题结束
2018-09-24 17:08:54,997 - mylogger - DEBUG - 获取题目
2018-09-24 17:08:56,799 - mylogger - INFO - 第 2 题
2018-09-24 17:08:57,055 - mylogger - INFO - “西施舌”指的是哪种海产？
2018-09-24 17:08:57,907 - mylogger - INFO - ['蛤蜊', '扇贝', '蚬']
2018-09-24 17:08:58,674 - mylogger - DEBUG - 在线检索答案
2018-09-24 17:08:58,675 - mylogger - INFO - 我的答案：蛤蜊
2018-09-24 17:08:59,298 - mylogger - DEBUG - 选择选项
2018-09-24 17:09:01,867 - mylogger - INFO - 答案正确
2018-09-24 17:09:01,868 - mylogger - DEBUG - 添加此题
2018-09-24 17:09:05,450 - mylogger - INFO - 本题结束
2018-09-24 17:09:05,450 - mylogger - DEBUG - 获取题目
2018-09-24 17:09:07,351 - mylogger - INFO - 第 3 题
2018-09-24 17:09:07,671 - mylogger - INFO - 在电视剧《金太郎的幸福生活》中，范明饰演的角色叫什么？
2018-09-24 17:09:08,643 - mylogger - INFO - ['金亮', '金大柱', '米范']
2018-09-24 17:09:08,647 - mylogger - DEBUG - 数据库中检索到答案
2018-09-24 17:09:08,647 - mylogger - INFO - 我的答案：米范
2018-09-24 17:09:09,270 - mylogger - DEBUG - 选择选项
2018-09-24 17:09:11,816 - mylogger - INFO - 答案正确
2018-09-24 17:09:13,075 - mylogger - INFO - 本题结束
2018-09-24 17:09:13,075 - mylogger - DEBUG - 获取题目
2018-09-24 17:09:14,944 - mylogger - INFO - 第 4 题
2018-09-24 17:09:15,291 - mylogger - INFO - 在网游《坦克世界》中，S-51的坦克别称不包括以下哪一个？
2018-09-24 17:09:16,240 - mylogger - INFO - ['五幺', '独角牛', '虎喵']
2018-09-24 17:09:17,131 - mylogger - DEBUG - 在线检索答案
2018-09-24 17:09:17,131 - mylogger - INFO - 我的答案：五幺
2018-09-24 17:09:17,712 - mylogger - DEBUG - 选择选项
2018-09-24 17:09:20,252 - mylogger - INFO - 答案错误
2018-09-24 17:09:20,459 - mylogger - INFO - 正确答案；虎喵
2018-09-24 17:09:20,460 - mylogger - DEBUG - 添加此题
2018-09-24 17:09:22,942 - mylogger - INFO - 本题结束
2018-09-24 17:09:22,942 - mylogger - DEBUG - 获取题目
2018-09-24 17:09:24,860 - mylogger - INFO - 第 5 题
2018-09-24 17:09:25,176 - mylogger - INFO - 谷饲牛排相对于草饲牛排的优点是？
2018-09-24 17:09:26,028 - mylogger - INFO - ['更香', '更有嚼劲', '更易消化']
2018-09-24 17:09:26,673 - mylogger - DEBUG - 未检索到答案
2018-09-24 17:09:26,673 - mylogger - INFO - 我的答案：更香
2018-09-24 17:09:27,236 - mylogger - DEBUG - 选择选项
2018-09-24 17:09:29,831 - mylogger - INFO - 答案正确
2018-09-24 17:09:29,832 - mylogger - DEBUG - 添加此题
2018-09-24 17:09:32,287 - mylogger - INFO - 本题结束
2018-09-24 17:09:33,441 - mylogger - INFO - 本场比赛结束
2018-09-24 17:09:33,480 - mylogger - INFO - 返回游戏页面
2018-09-24 17:09:35,037 - mylogger - INFO - 进入排位赛
2018-09-24 17:09:35,037 - mylogger - INFO - 正在匹配中......
2018-09-24 17:10:36,042 - mylogger - WARNING - 匹配失败
2018-09-24 17:10:36,152 - mylogger - INFO - 返回游戏页面
2018-09-24 17:10:37,714 - mylogger - INFO - 进入排位赛
2018-09-24 17:10:37,715 - mylogger - INFO - 正在匹配中......
2018-09-24 17:11:03,968 - mylogger - INFO - 匹配成功
2018-09-24 17:11:03,968 - mylogger - DEBUG - 获取题目
2018-09-24 17:11:07,076 - mylogger - INFO - 第 1 题
2018-09-24 17:11:07,375 - mylogger - INFO - 在电影《听说》中，陈意涵和陈妍希饰演的角色是什么关系？
2018-09-24 17:11:08,212 - mylogger - INFO - ['姐妹', '恋人', '情敌']
2018-09-24 17:11:08,221 - mylogger - DEBUG - 数据库中检索到答案
2018-09-24 17:11:08,221 - mylogger - INFO - 我的答案：姐妹
2018-09-24 17:11:08,784 - mylogger - DEBUG - 选择选项
2018-09-24 17:11:11,385 - mylogger - INFO - 答案正确
2018-09-24 17:11:14,980 - mylogger - INFO - 本题结束
2018-09-24 17:11:14,981 - mylogger - DEBUG - 获取题目
2018-09-24 17:11:18,048 - mylogger - INFO - 第 2 题
2018-09-24 17:11:18,340 - mylogger - INFO - 您知道图灵奖是哪个领域的最高奖吗？
2018-09-24 17:11:19,224 - mylogger - INFO - ['计算机', '象棋', '影视']
2018-09-24 17:11:20,098 - mylogger - DEBUG - 在线检索答案
2018-09-24 17:11:20,099 - mylogger - INFO - 我的答案：计算机
2018-09-24 17:11:20,720 - mylogger - DEBUG - 选择选项
2018-09-24 17:11:23,336 - mylogger - INFO - 答案正确
2018-09-24 17:11:23,337 - mylogger - DEBUG - 添加此题
2018-09-24 17:11:23,607 - mylogger - INFO - 本题结束
2018-09-24 17:11:23,607 - mylogger - DEBUG - 获取题目
2018-09-24 17:11:26,723 - mylogger - INFO - 第 3 题
2018-09-24 17:11:27,006 - mylogger - INFO - 2017年春晚相声《新虎口遐想》的表演者是？
2018-09-24 17:11:27,929 - mylogger - INFO - ['姜昆和戴志诚', '戴志诚和秦向飞', '姜昆和秦向飞']
2018-09-24 17:11:28,727 - mylogger - DEBUG - 在线检索答案
2018-09-24 17:11:28,727 - mylogger - INFO - 我的答案：姜昆和戴志诚
2018-09-24 17:11:29,324 - mylogger - DEBUG - 选择选项
2018-09-24 17:11:31,938 - mylogger - INFO - 答案正确
2018-09-24 17:11:31,939 - mylogger - DEBUG - 添加此题
2018-09-24 17:11:33,260 - mylogger - INFO - 本题结束
2018-09-24 17:11:33,261 - mylogger - DEBUG - 获取题目
2018-09-24 17:11:35,029 - mylogger - INFO - 第 4 题
2018-09-24 17:11:35,285 - mylogger - INFO - 粽子一般有正三角形、尖三角形等形状，为什么粽子的形状大多以角为主？
2018-09-24 17:11:36,065 - mylogger - INFO - ['象征牛，祭祖', '象征剑，勇猛', '象征果实，丰收']
2018-09-24 17:11:36,068 - mylogger - DEBUG - 数据库中检索到答案
2018-09-24 17:11:36,069 - mylogger - INFO - 我的答案：象征牛，祭祖
2018-09-24 17:11:36,653 - mylogger - DEBUG - 选择选项
2018-09-24 17:11:39,229 - mylogger - INFO - 答案正确
2018-09-24 17:11:42,865 - mylogger - INFO - 本题结束
2018-09-24 17:11:42,865 - mylogger - DEBUG - 获取题目
2018-09-24 17:11:44,571 - mylogger - INFO - 第 5 题
2018-09-24 17:11:44,834 - mylogger - INFO - 哪一年世界贸易组织取代了关贸总协定？
2018-09-24 17:11:45,671 - mylogger - INFO - ['1994', '1995', '1996']
2018-09-24 17:11:47,449 - mylogger - DEBUG - 在线检索答案
2018-09-24 17:11:47,450 - mylogger - INFO - 我的答案：1995
2018-09-24 17:11:48,126 - mylogger - DEBUG - 选择选项
2018-09-24 17:11:50,694 - mylogger - INFO - 答案正确
2018-09-24 17:11:50,695 - mylogger - DEBUG - 添加此题
2018-09-24 17:11:52,164 - mylogger - INFO - 本题结束
2018-09-24 17:11:53,294 - mylogger - INFO - 本场比赛结束
2018-09-24 17:11:53,344 - mylogger - INFO - 返回游戏页面
2018-09-24 17:11:54,846 - mylogger - INFO - 进入排位赛
2018-09-24 17:11:54,846 - mylogger - INFO - 正在匹配中......
2018-09-24 17:12:55,444 - mylogger - WARNING - 匹配失败
2018-09-24 17:12:55,580 - mylogger - INFO - 返回游戏页面
2018-09-24 17:12:57,105 - mylogger - INFO - 进入排位赛
2018-09-24 17:12:57,105 - mylogger - INFO - 正在匹配中......
2018-09-24 17:13:31,384 - mylogger - INFO - 匹配成功
2018-09-24 17:13:31,384 - mylogger - DEBUG - 获取题目
2018-09-24 17:13:34,342 - mylogger - INFO - 第 1 题
2018-09-24 17:13:34,661 - mylogger - INFO - 在吃了感冒药之后不能摄入酒精，是因为
2018-09-24 17:13:35,506 - mylogger - INFO - ['酸碱中和反应', '双硫仑样反应', '氧化还原反应']
2018-09-24 17:13:36,281 - mylogger - DEBUG - 在线检索答案
2018-09-24 17:13:36,281 - mylogger - INFO - 我的答案：酸碱中和反应
2018-09-24 17:13:36,866 - mylogger - DEBUG - 选择选项
2018-09-24 17:13:39,466 - mylogger - INFO - 答案错误
2018-09-24 17:13:39,606 - mylogger - INFO - 正确答案；双硫仑样反应
2018-09-24 17:13:39,607 - mylogger - DEBUG - 添加此题
2018-09-24 17:13:48,959 - mylogger - INFO - 本题结束
2018-09-24 17:13:48,960 - mylogger - DEBUG - 获取题目
2018-09-24 17:13:50,742 - mylogger - INFO - 第 2 题
2018-09-24 17:13:51,028 - mylogger - INFO - 在已经发现的行星中,天王星有多少颗卫星
2018-09-24 17:13:52,091 - mylogger - INFO - ['27', '26', '25']
2018-09-24 17:13:53,272 - mylogger - DEBUG - 在线检索答案
2018-09-24 17:13:53,272 - mylogger - INFO - 我的答案：27
2018-09-24 17:13:53,875 - mylogger - DEBUG - 选择选项
2018-09-24 17:13:56,451 - mylogger - INFO - 答案正确
2018-09-24 17:13:56,452 - mylogger - DEBUG - 添加此题
2018-09-24 17:13:57,798 - mylogger - INFO - 本题结束
2018-09-24 17:13:57,798 - mylogger - DEBUG - 获取题目
2018-09-24 17:13:59,564 - mylogger - INFO - 第 3 题
2018-09-24 17:13:59,867 - mylogger - INFO - 下列哪架飞机不属于武装直升机？
2018-09-24 17:14:00,760 - mylogger - INFO - ['武直-10', '直-5', 'AH-1Z']
2018-09-24 17:14:01,455 - mylogger - DEBUG - 在线检索答案
2018-09-24 17:14:01,456 - mylogger - INFO - 我的答案：武直-10
2018-09-24 17:14:02,095 - mylogger - DEBUG - 选择选项
2018-09-24 17:14:04,683 - mylogger - INFO - 答案错误
2018-09-24 17:14:04,788 - mylogger - INFO - 正确答案；直-5
2018-09-24 17:14:04,789 - mylogger - DEBUG - 添加此题
2018-09-24 17:14:08,413 - mylogger - INFO - 本题结束
2018-09-24 17:14:08,413 - mylogger - DEBUG - 获取题目
2018-09-24 17:14:11,339 - mylogger - INFO - 第 4 题
2018-09-24 17:14:11,691 - mylogger - INFO - 范冰冰在哪年担任戛纳国际电影节主竞赛单元评委？
2018-09-24 17:14:12,691 - mylogger - INFO - ['2015年', '2016年', '2017年']
2018-09-24 17:14:13,580 - mylogger - DEBUG - 在线检索答案
2018-09-24 17:14:13,580 - mylogger - INFO - 我的答案：2017年
2018-09-24 17:14:14,182 - mylogger - DEBUG - 选择选项
2018-09-24 17:14:16,672 - mylogger - INFO - 答案正确
2018-09-24 17:14:16,673 - mylogger - DEBUG - 添加此题
2018-09-24 17:14:18,016 - mylogger - INFO - 本题结束
2018-09-24 17:14:18,016 - mylogger - DEBUG - 获取题目
2018-09-24 17:14:19,925 - mylogger - INFO - 第 5 题
2018-09-24 17:14:20,208 - mylogger - INFO - 《水浒传》杨志试宝刀将多少文铜钱一刀剁成两半？
2018-09-24 17:14:21,132 - mylogger - INFO - ['五文', '十文', '二十文']
2018-09-24 17:14:22,365 - mylogger - DEBUG - 在线检索答案
2018-09-24 17:14:22,365 - mylogger - INFO - 我的答案：五文
2018-09-24 17:14:22,957 - mylogger - DEBUG - 选择选项
2018-09-24 17:14:25,572 - mylogger - INFO - 答案错误
2018-09-24 17:14:25,791 - mylogger - INFO - 正确答案；二十文
2018-09-24 17:14:25,792 - mylogger - DEBUG - 添加此题
2018-09-24 17:14:31,704 - mylogger - INFO - 本题结束
2018-09-24 17:14:32,817 - mylogger - INFO - 本场比赛结束
2018-09-24 17:14:32,916 - mylogger - INFO - 返回游戏页面
2018-09-24 17:14:34,473 - mylogger - INFO - 进入排位赛
2018-09-24 17:14:34,473 - mylogger - INFO - 正在匹配中......
2018-09-24 17:14:42,645 - mylogger - INFO - 匹配成功
2018-09-24 17:14:42,645 - mylogger - DEBUG - 获取题目
2018-09-24 17:14:45,732 - mylogger - INFO - 第 1 题
2018-09-24 17:14:46,133 - mylogger - INFO - 2014年巴西世界杯揭幕战中射进乌龙球的哪位球员？
2018-09-24 17:14:47,088 - mylogger - INFO - ['马塞洛', '保利尼奥', '威廉']
2018-09-24 17:14:47,858 - mylogger - DEBUG - 在线检索答案
2018-09-24 17:14:47,858 - mylogger - INFO - 我的答案：马塞洛
2018-09-24 17:14:48,454 - mylogger - DEBUG - 选择选项
2018-09-24 17:14:50,985 - mylogger - INFO - 答案正确
2018-09-24 17:14:50,986 - mylogger - DEBUG - 添加此题
2018-09-24 17:14:52,298 - mylogger - INFO - 本题结束
2018-09-24 17:14:52,298 - mylogger - DEBUG - 获取题目
2018-09-24 17:14:55,118 - mylogger - INFO - 第 2 题
2018-09-24 17:14:55,437 - mylogger - INFO - 2004年宋慧乔与Rain合作的电视剧是哪一部？
2018-09-24 17:14:56,342 - mylogger - INFO - ['《蓝色生死恋》', '《顺风妇产科》', '《浪漫满屋》']
2018-09-24 17:14:57,162 - mylogger - DEBUG - 在线检索答案
2018-09-24 17:14:57,163 - mylogger - INFO - 我的答案：《浪漫满屋》
2018-09-24 17:14:57,709 - mylogger - DEBUG - 选择选项
2018-09-24 17:15:00,330 - mylogger - INFO - 答案正确
2018-09-24 17:15:00,331 - mylogger - DEBUG - 添加此题
2018-09-24 17:15:01,676 - mylogger - INFO - 本题结束
2018-09-24 17:15:01,676 - mylogger - DEBUG - 获取题目
2018-09-24 17:15:03,586 - mylogger - INFO - 第 3 题
2018-09-24 17:15:03,932 - mylogger - INFO - 10英里大约等于多少千米？
2018-09-24 17:15:04,947 - mylogger - INFO - ['22千米', '20千米', '16千米']
2018-09-24 17:15:04,951 - mylogger - DEBUG - 数据库中检索到答案
2018-09-24 17:15:04,952 - mylogger - INFO - 我的答案：16千米
2018-09-24 17:15:05,549 - mylogger - DEBUG - 选择选项
2018-09-24 17:15:08,080 - mylogger - INFO - 答案正确
2018-09-24 17:15:09,351 - mylogger - INFO - 本题结束
2018-09-24 17:15:09,351 - mylogger - DEBUG - 获取题目
2018-09-24 17:15:11,200 - mylogger - INFO - 第 4 题
2018-09-24 17:15:11,554 - mylogger - INFO - 韩国节目《PRODUCE 101》第二季产生男团的组合名是？
2018-09-24 17:15:12,542 - mylogger - INFO - ['防弹少年团', 'Wanna One', 'Big Bang']
2018-09-24 17:15:13,356 - mylogger - DEBUG - 在线检索答案
2018-09-24 17:15:13,356 - mylogger - INFO - 我的答案：Wanna One
2018-09-24 17:15:13,942 - mylogger - DEBUG - 选择选项
2018-09-24 17:15:16,483 - mylogger - INFO - 答案正确
2018-09-24 17:15:16,485 - mylogger - DEBUG - 添加此题
2018-09-24 17:15:19,011 - mylogger - INFO - 本题结束
2018-09-24 17:15:19,011 - mylogger - DEBUG - 获取题目
2018-09-24 17:15:21,927 - mylogger - INFO - 第 5 题
2018-09-24 17:15:22,238 - mylogger - INFO - 抗原的基本性质不包括以下哪一个？
2018-09-24 17:15:23,127 - mylogger - INFO - ['异物性', '小分子性', '大分子性']
2018-09-24 17:15:23,130 - mylogger - DEBUG - 数据库中检索到答案
2018-09-24 17:15:23,130 - mylogger - INFO - 我的答案：小分子性
2018-09-24 17:15:23,698 - mylogger - DEBUG - 选择选项
2018-09-24 17:15:26,322 - mylogger - INFO - 答案正确
2018-09-24 17:15:28,783 - mylogger - INFO - 本题结束
2018-09-24 17:15:29,979 - mylogger - INFO - 本场比赛结束
2018-09-24 17:15:30,074 - mylogger - INFO - 返回游戏页面
2018-09-24 17:15:31,614 - mylogger - INFO - 进入排位赛
2018-09-24 17:15:31,614 - mylogger - INFO - 正在匹配中......
2018-09-24 17:16:15,663 - mylogger - INFO - 停止UC浏览器
2018-09-24 17:16:15,730 - mylogger - DEBUG - 返回主页面
2018-09-24 17:16:16,839 - mylogger - DEBUG - 打开UC浏览器
2018-09-24 17:16:19,157 - mylogger - DEBUG - 进入用户页面
2018-09-24 17:16:20,440 - mylogger - DEBUG - 进入游戏页面1
2018-09-24 17:16:22,709 - mylogger - DEBUG - 进入游戏页面2
2018-09-24 17:16:25,281 - mylogger - INFO - 选择游戏
2018-09-24 17:16:26,528 - mylogger - INFO - 进入排位赛
2018-09-24 17:16:26,528 - mylogger - INFO - 正在匹配中......
2018-09-24 17:17:27,152 - mylogger - WARNING - 匹配失败
2018-09-24 17:17:27,332 - mylogger - INFO - 返回游戏页面
2018-09-24 17:17:28,888 - mylogger - INFO - 进入排位赛
2018-09-24 17:17:28,888 - mylogger - INFO - 正在匹配中......
2018-09-24 17:17:49,653 - mylogger - INFO - 匹配成功
2018-09-24 17:17:49,653 - mylogger - DEBUG - 获取题目
2018-09-24 17:17:52,705 - mylogger - INFO - 第 1 题
2018-09-24 17:17:53,065 - mylogger - INFO - 化学元素硫属于哪个元素类别？
2018-09-24 17:17:53,966 - mylogger - INFO - ['非金属', '准金属', '碱金属']
2018-09-24 17:17:54,750 - mylogger - DEBUG - 在线检索答案
2018-09-24 17:17:54,750 - mylogger - INFO - 我的答案：非金属
2018-09-24 17:17:55,341 - mylogger - DEBUG - 选择选项
2018-09-24 17:17:57,889 - mylogger - INFO - 答案正确
2018-09-24 17:17:57,890 - mylogger - DEBUG - 添加此题
2018-09-24 17:18:00,351 - mylogger - INFO - 本题结束
2018-09-24 17:18:00,352 - mylogger - DEBUG - 获取题目
2018-09-24 17:18:02,166 - mylogger - INFO - 第 2 题
2018-09-24 17:18:02,429 - mylogger - INFO - 在中国春秋战国时期哲学家中，最重视“仁”和“礼”的是哪？
2018-09-24 17:18:03,368 - mylogger - INFO - ['孔子', '墨子', '老子']
2018-09-24 17:18:05,146 - mylogger - DEBUG - 在线检索答案
2018-09-24 17:18:05,146 - mylogger - INFO - 我的答案：孔子
2018-09-24 17:18:05,696 - mylogger - DEBUG - 选择选项
2018-09-24 17:18:08,267 - mylogger - INFO - 答案正确
2018-09-24 17:18:08,268 - mylogger - DEBUG - 添加此题
2018-09-24 17:18:09,610 - mylogger - INFO - 本题结束
2018-09-24 17:18:09,610 - mylogger - DEBUG - 获取题目
2018-09-24 17:18:11,422 - mylogger - INFO - 第 3 题
2018-09-24 17:18:11,705 - mylogger - INFO - 以下哪一个艺人不属于童星出身？
2018-09-24 17:18:12,619 - mylogger - INFO - ['杨幂', '宋茜', '杨紫']
2018-09-24 17:18:12,622 - mylogger - DEBUG - 数据库中检索到答案
2018-09-24 17:18:12,622 - mylogger - INFO - 我的答案：宋茜
2018-09-24 17:18:13,261 - mylogger - DEBUG - 选择选项
2018-09-24 17:18:15,797 - mylogger - INFO - 答案正确
2018-09-24 17:18:17,158 - mylogger - INFO - 本题结束
2018-09-24 17:18:17,158 - mylogger - DEBUG - 获取题目
2018-09-24 17:18:20,331 - mylogger - INFO - 第 4 题
2018-09-24 17:18:20,610 - mylogger - INFO - “狗不理”是天津什么食品的品牌？
2018-09-24 17:18:21,571 - mylogger - INFO - ['包子', '馒头', '油条']
2018-09-24 17:18:21,574 - mylogger - DEBUG - 数据库中检索到答案
2018-09-24 17:18:21,574 - mylogger - INFO - 我的答案：包子
2018-09-24 17:18:22,169 - mylogger - DEBUG - 选择选项
2018-09-24 17:18:24,641 - mylogger - INFO - 答案正确
2018-09-24 17:18:25,986 - mylogger - INFO - 本题结束
2018-09-24 17:18:25,986 - mylogger - DEBUG - 获取题目
2018-09-24 17:18:27,746 - mylogger - INFO - 第 5 题
2018-09-24 17:18:28,027 - mylogger - INFO - 歌曲《勇气》的原唱是谁？
2018-09-24 17:18:29,146 - mylogger - INFO - ['梁咏琪', '蔡依林', '梁静茹']
2018-09-24 17:18:30,014 - mylogger - DEBUG - 在线检索答案
2018-09-24 17:18:30,014 - mylogger - INFO - 我的答案：梁静茹
2018-09-24 17:18:30,606 - mylogger - DEBUG - 选择选项
2018-09-24 17:24:28,738 - mylogger - INFO - 停止UC浏览器
2018-09-24 17:24:28,885 - mylogger - DEBUG - 返回主页面
2018-09-24 17:24:30,108 - mylogger - DEBUG - 打开UC浏览器
2018-09-24 17:24:32,564 - mylogger - DEBUG - 进入用户页面
2018-09-24 17:24:33,404 - mylogger - DEBUG - 进入游戏页面1
2018-09-24 17:24:35,593 - mylogger - DEBUG - 进入游戏页面2
2018-09-24 17:24:37,860 - mylogger - INFO - 选择游戏
2018-09-24 17:24:39,781 - mylogger - INFO - 进入排位赛
2018-09-24 17:24:39,781 - mylogger - INFO - 正在匹配中......
2018-09-24 17:25:40,736 - mylogger - WARNING - 匹配失败
2018-09-24 17:25:40,812 - mylogger - INFO - 返回游戏页面
2018-09-24 17:25:42,367 - mylogger - INFO - 进入排位赛
2018-09-24 17:25:42,367 - mylogger - INFO - 正在匹配中......
2018-09-24 17:25:54,225 - mylogger - INFO - 匹配成功
2018-09-24 17:25:54,226 - mylogger - DEBUG - 获取题目
2018-09-24 17:25:57,392 - mylogger - INFO - 第 1 题
2018-09-24 17:25:57,701 - mylogger - INFO - 巴基斯坦的F-22P型护卫舰，其中最后一艘是在哪里建造的？
2018-09-24 17:25:58,749 - mylogger - INFO - ['卡拉奇', '上海', '武汉']
2018-09-24 17:25:58,763 - mylogger - DEBUG - 数据库中检索到答案
2018-09-24 17:25:58,763 - mylogger - INFO - 我的答案：卡拉奇
2018-09-24 17:25:59,432 - mylogger - DEBUG - 选择选项
2018-09-24 17:26:01,963 - mylogger - INFO - 答案正确
2018-09-24 17:26:04,465 - mylogger - INFO - 本题结束
2018-09-24 17:26:04,466 - mylogger - DEBUG - 获取题目
2018-09-24 17:26:06,309 - mylogger - INFO - 第 2 题
2018-09-24 17:26:06,625 - mylogger - INFO - 4加上一个数的75%等于11.5，这个数是几？
2018-09-24 17:26:07,492 - mylogger - INFO - ['10', '8', '6']
2018-09-24 17:26:09,584 - mylogger - DEBUG - 在线检索答案
2018-09-24 17:26:09,584 - mylogger - INFO - 我的答案：10
2018-09-24 17:26:10,185 - mylogger - DEBUG - 选择选项
2018-09-24 17:26:12,773 - mylogger - INFO - 答案正确
2018-09-24 17:26:12,774 - mylogger - DEBUG - 添加此题
2018-09-24 17:26:14,179 - mylogger - INFO - 本题结束
2018-09-24 17:26:14,180 - mylogger - DEBUG - 获取题目
2018-09-24 17:26:16,058 - mylogger - INFO - 第 3 题
2018-09-24 17:26:16,382 - mylogger - INFO - 以下哪种水果是温带水果之王？
2018-09-24 17:26:17,277 - mylogger - INFO - ['西瓜', '苹果', '菠萝']
2018-09-24 17:26:17,924 - mylogger - DEBUG - 在线检索答案
2018-09-24 17:26:17,924 - mylogger - INFO - 我的答案：苹果
2018-09-24 17:26:18,501 - mylogger - DEBUG - 选择选项
2018-09-24 17:26:21,073 - mylogger - INFO - 答案正确
2018-09-24 17:26:21,074 - mylogger - DEBUG - 添加此题
2018-09-24 17:26:22,395 - mylogger - INFO - 本题结束
2018-09-24 17:26:22,395 - mylogger - DEBUG - 获取题目
2018-09-24 17:26:24,259 - mylogger - INFO - 第 4 题
2018-09-24 17:26:24,555 - mylogger - INFO - 皮划艇比赛运动员是如何比赛？
2018-09-24 17:26:25,380 - mylogger - INFO - ['背向前进方向', '站着进行比赛', '面向前进方向']
2018-09-24 17:26:25,383 - mylogger - DEBUG - 数据库中检索到答案
2018-09-24 17:26:25,383 - mylogger - INFO - 我的答案：背向前进方向
2018-09-24 17:26:26,002 - mylogger - DEBUG - 选择选项
2018-09-24 17:26:28,590 - mylogger - INFO - 答案错误
2018-09-24 17:26:28,838 - mylogger - INFO - 正确答案；面向前进方向
2018-09-24 17:26:28,838 - mylogger - DEBUG - 更新答案
2018-09-24 17:26:33,669 - mylogger - INFO - 本题结束
2018-09-24 17:26:33,670 - mylogger - DEBUG - 获取题目
2018-09-24 17:26:36,714 - mylogger - INFO - 第 5 题
2018-09-24 17:26:37,054 - mylogger - INFO - 偃旗息鼓“偃”的意思是
2018-09-24 17:26:37,958 - mylogger - INFO - ['摘下', '收起', '放倒']
2018-09-24 17:26:39,498 - mylogger - DEBUG - 在线检索答案
2018-09-24 17:26:39,499 - mylogger - INFO - 我的答案：放倒
2018-09-24 17:26:40,163 - mylogger - DEBUG - 选择选项
2018-09-24 17:31:02,634 - mylogger - INFO - 停止UC浏览器
2018-09-24 17:31:02,677 - mylogger - DEBUG - 返回主页面
2018-09-24 17:31:03,949 - mylogger - DEBUG - 打开UC浏览器
2018-09-24 17:31:06,333 - mylogger - DEBUG - 进入用户页面
2018-09-24 17:31:07,551 - mylogger - DEBUG - 进入游戏页面1
2018-09-24 17:31:08,881 - mylogger - DEBUG - 进入游戏页面2
2018-09-24 17:31:12,086 - mylogger - INFO - 选择游戏
2018-09-24 17:31:14,209 - mylogger - INFO - 进入排位赛
2018-09-24 17:31:14,210 - mylogger - INFO - 正在匹配中......
2018-09-24 17:32:04,928 - mylogger - INFO - 匹配成功
2018-09-24 17:32:04,928 - mylogger - DEBUG - 获取题目
2018-09-24 17:32:07,764 - mylogger - INFO - 第 1 题
2018-09-24 17:32:08,052 - mylogger - INFO - 周杰伦在2018年1月份发布的最新单曲是哪一首歌？
2018-09-24 17:32:08,884 - mylogger - INFO - ['《等你下课》', '《青花瓷》', '《东风破》']
2018-09-24 17:32:09,624 - mylogger - DEBUG - 在线检索答案
2018-09-24 17:32:09,625 - mylogger - INFO - 我的答案：《等你下课》
2018-09-24 17:32:10,191 - mylogger - DEBUG - 选择选项
2018-09-24 17:32:12,717 - mylogger - INFO - 答案正确
2018-09-24 17:32:12,718 - mylogger - DEBUG - 添加此题
2018-09-24 17:32:14,138 - mylogger - INFO - 本题结束
2018-09-24 17:32:14,139 - mylogger - DEBUG - 获取题目
2018-09-24 17:32:15,548 - mylogger - INFO - 第 2 题
2018-09-24 17:32:15,828 - mylogger - INFO - 七八分熟的涮羊肉不宜吃，因为比较容易得什么病？
2018-09-24 17:32:16,688 - mylogger - INFO - ['旋毛虫病', '绦虫病', '蛔虫病']
2018-09-24 17:32:17,852 - mylogger - DEBUG - 在线检索答案
2018-09-24 17:32:17,853 - mylogger - INFO - 我的答案：绦虫病
2018-09-24 17:32:18,441 - mylogger - DEBUG - 选择选项
2018-09-24 17:32:21,016 - mylogger - INFO - 答案错误
2018-09-24 17:32:21,150 - mylogger - INFO - 正确答案；旋毛虫病
2018-09-24 17:32:21,151 - mylogger - DEBUG - 添加此题
2018-09-24 17:32:23,712 - mylogger - INFO - 本题结束
2018-09-24 17:32:23,712 - mylogger - DEBUG - 获取题目
2018-09-24 17:32:25,482 - mylogger - INFO - 第 3 题
2018-09-24 17:32:25,768 - mylogger - INFO - “奇迹水”“奇迹乳”是以下哪个品牌的产品？
2018-09-24 17:32:26,565 - mylogger - INFO - ['温碧泉', '八杯水', '碧欧泉']
2018-09-24 17:32:27,286 - mylogger - DEBUG - 在线检索答案
2018-09-24 17:32:27,286 - mylogger - INFO - 我的答案：碧欧泉
2018-09-24 17:32:27,837 - mylogger - DEBUG - 选择选项
2018-09-24 17:32:30,313 - mylogger - INFO - 答案正确
2018-09-24 17:32:30,314 - mylogger - DEBUG - 添加此题
2018-09-24 17:32:32,878 - mylogger - INFO - 本题结束
2018-09-24 17:32:32,878 - mylogger - DEBUG - 获取题目
2018-09-24 17:32:34,418 - mylogger - INFO - 第 4 题
2018-09-24 17:32:34,697 - mylogger - INFO - 美国是于哪一年宇宙飞船登月成功？
2018-09-24 17:32:35,581 - mylogger - INFO - ['1964年', '1965年', '1966年']
2018-09-24 17:32:36,385 - mylogger - DEBUG - 在线检索答案
2018-09-24 17:32:36,386 - mylogger - INFO - 我的答案：1966年
2018-09-24 17:32:36,969 - mylogger - DEBUG - 选择选项
2018-09-24 17:32:39,509 - mylogger - INFO - 答案正确
2018-09-24 17:32:39,510 - mylogger - DEBUG - 添加此题
2018-09-24 17:32:40,862 - mylogger - INFO - 本题结束
2018-09-24 17:32:40,863 - mylogger - DEBUG - 获取题目
2018-09-24 17:32:42,622 - mylogger - INFO - 第 5 题
2018-09-24 17:32:42,903 - mylogger - INFO - 压岁钱最早出现在？
2018-09-24 17:32:43,689 - mylogger - INFO - ['西晋', '宋朝', '汉朝']
2018-09-24 17:32:44,333 - mylogger - DEBUG - 未检索到答案
2018-09-24 17:32:44,333 - mylogger - INFO - 我的答案：西晋
2018-09-24 17:32:44,960 - mylogger - DEBUG - 选择选项
2018-09-24 17:32:47,447 - mylogger - INFO - 答案错误
2018-09-24 17:32:47,633 - mylogger - INFO - 正确答案；汉朝
2018-09-24 17:32:47,634 - mylogger - DEBUG - 添加此题
2018-09-24 17:32:48,986 - mylogger - INFO - 本题结束
2018-09-24 17:32:50,138 - mylogger - INFO - 本场比赛结束
2018-09-24 17:32:50,202 - mylogger - INFO - 返回游戏页面
2018-09-24 17:32:51,718 - mylogger - INFO - 进入排位赛
2018-09-24 17:32:51,718 - mylogger - INFO - 正在匹配中......
2018-09-24 17:34:35,259 - mylogger - INFO - 停止UC浏览器
2018-09-24 17:34:35,334 - mylogger - DEBUG - 返回主页面
2018-09-24 17:34:36,398 - mylogger - DEBUG - 打开UC浏览器
2018-09-24 17:34:39,224 - mylogger - DEBUG - 进入用户页面
2018-09-24 17:34:40,369 - mylogger - DEBUG - 进入游戏页面1
2018-09-24 17:34:42,507 - mylogger - DEBUG - 进入游戏页面2
2018-09-24 17:34:44,870 - mylogger - INFO - 选择游戏
2018-09-24 17:34:46,887 - mylogger - INFO - 进入排位赛
2018-09-24 17:34:46,887 - mylogger - INFO - 正在匹配中......
2018-09-24 17:35:47,841 - mylogger - WARNING - 匹配失败
2018-09-24 17:35:47,969 - mylogger - INFO - 返回游戏页面
2018-09-24 17:35:49,506 - mylogger - INFO - 进入排位赛
2018-09-24 17:35:49,506 - mylogger - INFO - 正在匹配中......
2018-09-24 17:36:06,813 - mylogger - INFO - 匹配成功
2018-09-24 17:36:06,814 - mylogger - DEBUG - 获取题目
2018-09-24 17:36:09,062 - mylogger - INFO - 第 1 题
2018-09-24 17:36:09,402 - mylogger - INFO - “两两轻红半晕腮”是苏轼对什么花的形容？
2018-09-24 17:36:10,314 - mylogger - INFO - ['芙蓉花', '牡丹花', '迎春花']
2018-09-24 17:36:11,141 - mylogger - DEBUG - 在线检索答案
2018-09-24 17:36:11,141 - mylogger - INFO - 我的答案：芙蓉花
2018-09-24 17:36:11,711 - mylogger - DEBUG - 选择选项
2018-09-24 17:36:14,302 - mylogger - INFO - 答案正确
2018-09-24 17:36:14,302 - mylogger - DEBUG - 添加此题
2018-09-24 17:36:17,477 - mylogger - INFO - 本题结束
2018-09-24 17:36:17,477 - mylogger - DEBUG - 获取题目
2018-09-24 17:36:19,751 - mylogger - INFO - 第 2 题
2018-09-24 17:36:20,043 - mylogger - INFO - 86版电影《英雄本色》的导演是谁？
2018-09-24 17:36:20,890 - mylogger - INFO - ['王晶', '王家卫', '吴宇森']
2018-09-24 17:36:21,610 - mylogger - DEBUG - 在线检索答案
2018-09-24 17:36:21,610 - mylogger - INFO - 我的答案：吴宇森
2018-09-24 17:36:22,321 - mylogger - DEBUG - 选择选项
2018-09-24 17:36:24,870 - mylogger - INFO - 答案正确
2018-09-24 17:36:24,871 - mylogger - DEBUG - 添加此题
2018-09-24 17:36:26,942 - mylogger - INFO - 本题结束
2018-09-24 17:36:26,943 - mylogger - DEBUG - 获取题目
2018-09-24 17:36:29,083 - mylogger - INFO - 第 3 题
2018-09-24 17:36:29,407 - mylogger - INFO - 笼子共有鸡和兔6个头，18条腿，兔几只？鸡几只？
2018-09-24 17:36:30,247 - mylogger - INFO - ['3、3', '2、4', '5、1']
2018-09-24 17:36:31,052 - mylogger - DEBUG - 未检索到答案
2018-09-24 17:36:31,052 - mylogger - INFO - 我的答案：3、3
2018-09-24 17:36:31,622 - mylogger - DEBUG - 选择选项
2018-09-24 17:36:34,175 - mylogger - INFO - 答案正确
2018-09-24 17:36:34,176 - mylogger - DEBUG - 添加此题
2018-09-24 17:36:35,887 - mylogger - INFO - 本题结束
2018-09-24 17:36:35,887 - mylogger - DEBUG - 获取题目
2018-09-24 17:36:38,068 - mylogger - INFO - 第 4 题
2018-09-24 17:36:38,367 - mylogger - INFO - 我国草原候鸟冬天的栖息地在
2018-09-24 17:36:39,187 - mylogger - INFO - ['我国东海', '印度洋北岸', '我国南海']
2018-09-24 17:36:40,811 - mylogger - DEBUG - 在线检索答案
2018-09-24 17:36:40,811 - mylogger - INFO - 我的答案：印度洋北岸
2018-09-24 17:36:41,395 - mylogger - DEBUG - 选择选项
2018-09-24 17:36:43,931 - mylogger - INFO - 答案正确
2018-09-24 17:36:43,932 - mylogger - DEBUG - 添加此题
2018-09-24 17:36:48,360 - mylogger - INFO - 本题结束
2018-09-24 17:36:48,360 - mylogger - DEBUG - 获取题目
2018-09-24 17:36:50,551 - mylogger - INFO - 第 5 题
2018-09-24 17:36:50,856 - mylogger - INFO - 已知苯丙氨酸的分子式是C9H11NO2，那么该氨基酸的R基是
2018-09-24 17:36:51,667 - mylogger - INFO - ['—C7H7', '—C7H5NO', '—C7H7N']
2018-09-24 17:36:51,922 - mylogger - DEBUG - 在线检索答案
2018-09-24 17:36:51,922 - mylogger - INFO - 我的答案：—C7H7
2018-09-24 17:36:52,475 - mylogger - DEBUG - 选择选项
2018-09-24 17:36:55,039 - mylogger - INFO - 答案正确
2018-09-24 17:36:55,040 - mylogger - DEBUG - 添加此题
2018-09-24 17:37:00,472 - mylogger - INFO - 本题结束
2018-09-24 17:37:01,618 - mylogger - INFO - 本场比赛结束
2018-09-24 17:37:01,730 - mylogger - INFO - 返回游戏页面
2018-09-24 17:37:03,305 - mylogger - INFO - 进入排位赛
2018-09-24 17:37:03,305 - mylogger - INFO - 正在匹配中......
2018-09-24 17:38:04,039 - mylogger - WARNING - 匹配失败
2018-09-24 17:38:04,130 - mylogger - INFO - 返回游戏页面
2018-09-24 17:38:05,679 - mylogger - INFO - 进入排位赛
2018-09-24 17:38:05,679 - mylogger - INFO - 正在匹配中......
2018-09-24 17:39:06,217 - mylogger - WARNING - 匹配失败
2018-09-24 17:39:06,317 - mylogger - INFO - 返回游戏页面
2018-09-24 17:39:07,893 - mylogger - INFO - 进入排位赛
2018-09-24 17:39:07,893 - mylogger - INFO - 正在匹配中......
2018-09-24 17:39:35,199 - mylogger - INFO - 匹配成功
2018-09-24 17:39:35,199 - mylogger - DEBUG - 获取题目
2018-09-24 17:39:37,475 - mylogger - INFO - 第 1 题
2018-09-24 17:39:37,735 - mylogger - INFO - 由大麦等谷物酿制而成，被英国人称为“生命之水”的酒是？
2018-09-24 17:39:38,576 - mylogger - INFO - ['路易斯', '威士忌', '白兰地']
2018-09-24 17:39:39,563 - mylogger - DEBUG - 在线检索答案
2018-09-24 17:39:39,563 - mylogger - INFO - 我的答案：威士忌
2018-09-24 17:39:40,178 - mylogger - DEBUG - 选择选项
2018-09-24 17:39:42,807 - mylogger - INFO - 答案正确
2018-09-24 17:39:42,808 - mylogger - DEBUG - 添加此题
2018-09-24 17:39:45,434 - mylogger - INFO - 本题结束
2018-09-24 17:39:45,434 - mylogger - DEBUG - 获取题目
2018-09-24 17:39:47,729 - mylogger - INFO - 第 2 题
2018-09-24 17:39:48,016 - mylogger - INFO - 甲静止，乙向东行驶，那么乙相对于甲向哪个方向行驶？
2018-09-24 17:39:48,915 - mylogger - INFO - ['东', '静止', '西']
2018-09-24 17:39:49,771 - mylogger - DEBUG - 在线检索答案
2018-09-24 17:39:49,772 - mylogger - INFO - 我的答案：东
2018-09-24 17:39:50,394 - mylogger - DEBUG - 选择选项
2018-09-24 17:39:53,011 - mylogger - INFO - 答案正确
2018-09-24 17:39:53,012 - mylogger - DEBUG - 添加此题
2018-09-24 17:39:58,159 - mylogger - INFO - 本题结束
2018-09-24 17:39:58,159 - mylogger - DEBUG - 获取题目
2018-09-24 17:40:00,315 - mylogger - INFO - 第 3 题
2018-09-24 17:40:00,587 - mylogger - INFO - 洗甲水中一般含有哪种成分？
2018-09-24 17:40:01,523 - mylogger - INFO - ['丙酮', '乙酸乙酯', '戊基肉桂醛']
2018-09-24 17:40:02,266 - mylogger - DEBUG - 在线检索答案
2018-09-24 17:40:02,267 - mylogger - INFO - 我的答案：丙酮
2018-09-24 17:40:02,855 - mylogger - DEBUG - 选择选项
2018-09-24 17:40:05,408 - mylogger - INFO - 答案正确
2018-09-24 17:40:05,409 - mylogger - DEBUG - 添加此题
2018-09-24 17:40:06,379 - mylogger - INFO - 本题结束
2018-09-24 17:40:06,379 - mylogger - DEBUG - 获取题目
2018-09-24 17:40:08,639 - mylogger - INFO - 第 4 题
2018-09-24 17:40:08,916 - mylogger - INFO - 我们常说的“破镜重圆，成人之美”说的是谁？
2018-09-24 17:40:09,768 - mylogger - INFO - ['海瑞', '刘禹锡', '杨素']
2018-09-24 17:40:10,692 - mylogger - DEBUG - 在线检索答案
2018-09-24 17:40:10,692 - mylogger - INFO - 我的答案：杨素
2018-09-24 17:40:11,312 - mylogger - DEBUG - 选择选项
2018-09-24 17:40:13,840 - mylogger - INFO - 答案正确
2018-09-24 17:40:13,841 - mylogger - DEBUG - 添加此题
2018-09-24 17:40:15,424 - mylogger - INFO - 本题结束
2018-09-24 17:40:15,425 - mylogger - DEBUG - 获取题目
2018-09-24 17:40:17,604 - mylogger - INFO - 第 5 题
2018-09-24 17:40:17,917 - mylogger - INFO - 世界湿地日为每年的几月几日？
2018-09-24 17:40:18,798 - mylogger - INFO - ['3月12日', '5月2日', '2月2日']
2018-09-24 17:40:19,560 - mylogger - DEBUG - 在线检索答案
2018-09-24 17:40:19,560 - mylogger - INFO - 我的答案：2月2日
2018-09-24 17:40:20,080 - mylogger - DEBUG - 选择选项
2018-09-24 17:40:22,705 - mylogger - INFO - 答案正确
2018-09-24 17:40:22,705 - mylogger - DEBUG - 添加此题
2018-09-24 17:40:32,449 - mylogger - INFO - 本题结束
2018-09-24 17:40:33,630 - mylogger - INFO - 本场比赛结束
2018-09-24 17:40:33,731 - mylogger - INFO - 返回游戏页面
2018-09-24 17:40:35,277 - mylogger - INFO - 进入排位赛
2018-09-24 17:40:35,277 - mylogger - INFO - 正在匹配中......
2018-09-24 17:41:35,408 - mylogger - WARNING - 匹配失败
2018-09-24 17:41:35,527 - mylogger - INFO - 返回游戏页面
2018-09-24 17:41:37,048 - mylogger - INFO - 进入排位赛
2018-09-24 17:41:37,048 - mylogger - INFO - 正在匹配中......
2018-09-24 17:42:38,367 - mylogger - WARNING - 匹配失败
2018-09-24 17:42:38,522 - mylogger - INFO - 返回游戏页面
2018-09-24 17:42:41,178 - mylogger - INFO - 进入排位赛
2018-09-24 17:42:41,178 - mylogger - INFO - 正在匹配中......
2018-09-24 17:43:41,243 - mylogger - WARNING - 匹配失败
2018-09-24 17:43:41,368 - mylogger - INFO - 返回游戏页面
2018-09-24 17:43:42,971 - mylogger - INFO - 进入排位赛
2018-09-24 17:43:42,971 - mylogger - INFO - 正在匹配中......
2018-09-24 17:44:44,023 - mylogger - WARNING - 匹配失败
2018-09-24 17:44:44,151 - mylogger - INFO - 返回游戏页面
2018-09-24 17:44:45,719 - mylogger - INFO - 进入排位赛
2018-09-24 17:44:45,719 - mylogger - INFO - 正在匹配中......
2018-09-24 17:45:46,049 - mylogger - WARNING - 匹配失败
2018-09-24 17:45:46,186 - mylogger - INFO - 返回游戏页面
2018-09-24 17:45:47,784 - mylogger - INFO - 进入排位赛
2018-09-24 17:45:47,784 - mylogger - INFO - 正在匹配中......
2018-09-24 17:47:51,424 - mylogger - DEBUG - 获取题目
2018-09-24 17:47:52,215 - mylogger - INFO - 第 1 题
2018-09-24 17:47:52,547 - mylogger - INFO - 下面哪种动物不是传说中女娲造出来的？
2018-09-24 17:47:53,563 - mylogger - INFO - ['狗', '驴', '羊']
2018-09-24 17:47:54,473 - mylogger - DEBUG - 在线检索答案
2018-09-24 17:47:54,473 - mylogger - INFO - 我的答案：狗
2018-09-24 17:47:55,084 - mylogger - DEBUG - 选择选项
2018-09-24 17:47:57,695 - mylogger - INFO - 答案错误
2018-09-24 17:47:57,831 - mylogger - INFO - 正确答案；驴
2018-09-24 17:47:57,832 - mylogger - DEBUG - 添加此题
2018-09-24 17:48:05,825 - mylogger - INFO - 本题结束
2018-09-24 17:48:05,825 - mylogger - DEBUG - 获取题目
2018-09-24 17:48:07,983 - mylogger - INFO - 第 2 题
2018-09-24 17:48:08,248 - mylogger - INFO - 目前全球最大的电脑软件提供商是____？
2018-09-24 17:48:09,183 - mylogger - INFO - ['AWS', 'Microsoft', 'IBM']
2018-09-24 17:48:10,974 - mylogger - DEBUG - 在线检索答案
2018-09-24 17:48:10,974 - mylogger - INFO - 我的答案：Microsoft
2018-09-24 17:48:11,564 - mylogger - DEBUG - 选择选项
2018-09-24 17:48:14,144 - mylogger - INFO - 答案正确
2018-09-24 17:48:14,145 - mylogger - DEBUG - 添加此题
2018-09-24 17:48:22,705 - mylogger - INFO - 本题结束
2018-09-24 17:48:22,705 - mylogger - DEBUG - 获取题目
2018-09-24 17:48:25,184 - mylogger - INFO - 第 3 题
2018-09-24 17:48:25,536 - mylogger - INFO - 名句“江畔何人初见月？江月何年初照人？”出自以下哪首诗？
2018-09-24 17:48:26,517 - mylogger - INFO - ['《春江花月夜》', '《琵琶行》', '《葬花吟》']
2018-09-24 17:48:27,217 - mylogger - DEBUG - 在线检索答案
2018-09-24 17:48:27,217 - mylogger - INFO - 我的答案：《春江花月夜》
2018-09-24 17:48:27,802 - mylogger - DEBUG - 选择选项
2018-09-24 17:48:30,377 - mylogger - INFO - 答案正确
2018-09-24 17:48:30,378 - mylogger - DEBUG - 添加此题
2018-09-24 17:48:39,942 - mylogger - INFO - 本题结束
2018-09-24 17:48:39,942 - mylogger - DEBUG - 获取题目
2018-09-24 17:48:42,381 - mylogger - INFO - 第 4 题
2018-09-24 17:48:42,745 - mylogger - INFO - 美国中央情报局是世界四大情报机构之一，那它的英文简写是哪个？
2018-09-24 17:48:43,864 - mylogger - INFO - ['CNN', 'TVB', 'CIA']
2018-09-24 17:48:45,239 - mylogger - DEBUG - 在线检索答案
2018-09-24 17:48:45,239 - mylogger - INFO - 我的答案：CIA
2018-09-24 17:48:45,909 - mylogger - DEBUG - 选择选项
2018-09-24 17:48:48,529 - mylogger - INFO - 答案正确
2018-09-24 17:48:48,530 - mylogger - DEBUG - 添加此题
2018-09-24 17:48:57,108 - mylogger - INFO - 本题结束
2018-09-24 17:48:57,108 - mylogger - DEBUG - 获取题目
2018-09-24 17:48:59,482 - mylogger - INFO - 第 5 题
2018-09-24 17:48:59,770 - mylogger - INFO - 下列各项中，属于煤炭资源丰富的省区是？
2018-09-24 17:49:00,618 - mylogger - INFO - ['晋蒙陕', '晋蒙川', '晋陕冀']
2018-09-24 17:49:01,418 - mylogger - DEBUG - 未检索到答案
2018-09-24 17:49:01,418 - mylogger - INFO - 我的答案：晋蒙陕
2018-09-24 17:49:01,982 - mylogger - DEBUG - 选择选项
2018-09-24 17:49:04,530 - mylogger - INFO - 答案正确
2018-09-24 17:49:04,531 - mylogger - DEBUG - 添加此题
2018-09-24 17:49:14,094 - mylogger - INFO - 本题结束
2018-09-24 17:53:12,685 - mylogger - DEBUG - 获取题目
2018-09-24 18:00:04,414 - mylogger - INFO - 第 1 题
2018-09-24 18:00:04,713 - mylogger - INFO - 以下哪个动漫人物拥有黄色皮肤？
2018-09-24 18:00:05,621 - mylogger - INFO - ['史莱克', '小黄人', '巴斯光年']
2018-09-24 18:00:05,625 - mylogger - DEBUG - 数据库中检索到答案
2018-09-24 18:00:05,625 - mylogger - INFO - 我的答案：小黄人
2018-09-24 18:00:06,209 - mylogger - DEBUG - 选择选项
2018-09-24 18:00:08,813 - mylogger - INFO - 答案正确
2018-09-24 18:00:13,594 - mylogger - INFO - 本题结束
2018-09-24 18:00:13,594 - mylogger - DEBUG - 获取题目
2018-09-24 18:00:15,918 - mylogger - INFO - 第 2 题
2018-09-24 18:00:16,184 - mylogger - INFO - 下列女演员不是北京电影学院的是？
2018-09-24 18:00:17,121 - mylogger - INFO - ['关晓彤', '杨幂', '章子怡']
2018-09-24 18:00:17,922 - mylogger - DEBUG - 在线检索答案
2018-09-24 18:00:17,922 - mylogger - INFO - 我的答案：关晓彤
2018-09-24 18:00:18,518 - mylogger - DEBUG - 选择选项
2018-09-24 18:00:21,086 - mylogger - INFO - 答案错误
2018-09-24 18:00:21,310 - mylogger - INFO - 正确答案；章子怡
2018-09-24 18:00:21,311 - mylogger - DEBUG - 添加此题
2018-09-24 18:00:23,218 - mylogger - INFO - 本题结束
2018-09-24 18:00:23,218 - mylogger - DEBUG - 获取题目
2018-09-24 18:00:25,642 - mylogger - INFO - 第 3 题
2018-09-24 18:00:25,960 - mylogger - INFO - 我国劳动法中规定，劳动者连续工作几年以上，享受带薪休假？
2018-09-24 18:00:26,977 - mylogger - INFO - ['1年', '2年', '3年']
2018-09-24 18:00:28,164 - mylogger - DEBUG - 在线检索答案
2018-09-24 18:00:28,164 - mylogger - INFO - 我的答案：1年
2018-09-24 18:00:28,780 - mylogger - DEBUG - 选择选项
2018-09-24 18:00:31,399 - mylogger - INFO - 答案正确
2018-09-24 18:00:31,400 - mylogger - DEBUG - 添加此题
2018-09-24 18:00:35,980 - mylogger - INFO - 本题结束
2018-09-24 18:00:35,981 - mylogger - DEBUG - 获取题目
2018-09-24 18:00:38,191 - mylogger - INFO - 第 4 题
2018-09-24 18:00:38,484 - mylogger - INFO - 小品《公交协奏曲》中，公交车的车票价钱是？
2018-09-24 18:00:39,351 - mylogger - INFO - ['2元', '3元', '1元']
2018-09-24 18:00:39,354 - mylogger - DEBUG - 数据库中检索到答案
2018-09-24 18:00:39,354 - mylogger - INFO - 我的答案：1元
2018-09-24 18:00:39,986 - mylogger - DEBUG - 选择选项
2018-09-24 18:00:42,579 - mylogger - INFO - 答案正确
2018-09-24 18:00:46,699 - mylogger - INFO - 本题结束
2018-09-24 18:00:46,699 - mylogger - DEBUG - 获取题目
2018-09-24 18:00:49,055 - mylogger - INFO - 第 5 题
2018-09-24 18:00:49,315 - mylogger - INFO - 第二次世界大战期间纳粹德国的三大名将，不包括下面哪位将领？
2018-09-24 18:00:50,232 - mylogger - INFO - ['邓尼茨', '古德里安', '曼施坦因']
2018-09-24 18:00:50,235 - mylogger - DEBUG - 数据库中检索到答案
2018-09-24 18:00:50,236 - mylogger - INFO - 我的答案：邓尼茨
2018-09-24 18:00:50,809 - mylogger - DEBUG - 选择选项
2018-09-24 18:00:53,471 - mylogger - INFO - 答案正确
2018-09-24 18:00:59,530 - mylogger - INFO - 本题结束
2018-09-24 18:01:43,841 - mylogger - DEBUG - 获取题目
2018-09-24 18:02:01,178 - mylogger - INFO - 第 1 题
2018-09-24 18:02:01,450 - mylogger - INFO - 合伙企业申请营业执照时下列哪项不是必须提交的？
2018-09-24 18:02:02,364 - mylogger - INFO - ['申请书', '合伙协议', '合伙人出资证明']
2018-09-24 18:02:03,237 - mylogger - DEBUG - 在线检索答案
2018-09-24 18:02:03,237 - mylogger - INFO - 我的答案：合伙协议
2018-09-24 18:02:03,829 - mylogger - DEBUG - 选择选项
2018-09-24 18:02:06,435 - mylogger - INFO - 答案错误
2018-09-24 18:02:06,647 - mylogger - INFO - 正确答案；合伙人出资证明
2018-09-24 18:02:06,648 - mylogger - DEBUG - 添加此题
2018-09-24 18:02:09,383 - mylogger - INFO - 本题结束
2018-09-24 18:02:09,383 - mylogger - DEBUG - 获取题目
2018-09-24 18:02:11,567 - mylogger - INFO - 第 2 题
2018-09-24 18:02:11,854 - mylogger - INFO - 以下不属于明初“吴中四杰”的是？
2018-09-24 18:02:12,776 - mylogger - INFO - ['张羽', '管道升', '杨基']
2018-09-24 18:02:13,922 - mylogger - DEBUG - 在线检索答案
2018-09-24 18:02:13,922 - mylogger - INFO - 我的答案：管道升
2018-09-24 18:02:14,523 - mylogger - DEBUG - 选择选项
2018-09-24 18:02:17,055 - mylogger - INFO - 答案正确
2018-09-24 18:02:17,056 - mylogger - DEBUG - 添加此题
2018-09-24 18:02:18,255 - mylogger - INFO - 本题结束
2018-09-24 18:02:18,256 - mylogger - DEBUG - 获取题目
2018-09-24 18:02:20,491 - mylogger - INFO - 第 3 题
2018-09-24 18:02:20,752 - mylogger - INFO - 在古希腊，象征婚姻幸福的标志是什么形状？
2018-09-24 18:02:21,591 - mylogger - INFO - ['正方形', '心形', '三角形']
2018-09-24 18:02:22,268 - mylogger - DEBUG - 在线检索答案
2018-09-24 18:02:22,268 - mylogger - INFO - 我的答案：三角形
2018-09-24 18:02:22,843 - mylogger - DEBUG - 选择选项
2018-09-24 18:02:25,331 - mylogger - INFO - 答案正确
2018-09-24 18:02:25,332 - mylogger - DEBUG - 添加此题
2018-09-24 18:02:27,279 - mylogger - INFO - 本题结束
2018-09-24 18:02:27,279 - mylogger - DEBUG - 获取题目
2018-09-24 18:02:29,395 - mylogger - INFO - 第 4 题
2018-09-24 18:02:29,701 - mylogger - INFO - 猪油膏的作用是？
2018-09-24 18:02:30,579 - mylogger - INFO - ['做饭', '锁住肌肤水分', '掩饰毛孔']
2018-09-24 18:02:31,165 - mylogger - DEBUG - 在线检索答案
2018-09-24 18:02:31,166 - mylogger - INFO - 我的答案：掩饰毛孔
2018-09-24 18:02:31,767 - mylogger - DEBUG - 选择选项
2018-09-24 18:02:34,415 - mylogger - INFO - 答案正确
2018-09-24 18:02:34,416 - mylogger - DEBUG - 添加此题
2018-09-24 18:02:38,628 - mylogger - INFO - 本题结束
2018-09-24 18:02:38,629 - mylogger - DEBUG - 获取题目
2018-09-24 18:02:40,872 - mylogger - INFO - 第 5 题
2018-09-24 18:02:41,164 - mylogger - INFO - 我国在哪年成功发射第一颗人造卫星？
2018-09-24 18:02:42,111 - mylogger - INFO - ['1964年', '1957年', '1970年']
2018-09-24 18:02:42,115 - mylogger - DEBUG - 数据库中检索到答案
2018-09-24 18:02:42,115 - mylogger - INFO - 我的答案：1970年
2018-09-24 18:02:42,725 - mylogger - DEBUG - 选择选项
2018-09-24 18:02:45,301 - mylogger - INFO - 答案正确
2018-09-24 18:02:48,013 - mylogger - INFO - 本题结束
2018-09-24 18:04:07,295 - mylogger - INFO - 停止UC浏览器
2018-09-24 18:04:07,342 - mylogger - DEBUG - 返回主页面
2018-09-24 18:04:07,918 - mylogger - DEBUG - 打开UC浏览器
2018-09-24 18:04:10,268 - mylogger - DEBUG - 进入用户页面
2018-09-24 18:04:11,416 - mylogger - DEBUG - 进入游戏页面1
2018-09-24 18:04:13,662 - mylogger - DEBUG - 进入游戏页面2
2018-09-24 18:04:16,067 - mylogger - INFO - 选择游戏
2018-09-24 18:04:17,988 - mylogger - INFO - 进入排位赛
2018-09-24 18:04:17,988 - mylogger - INFO - 正在匹配中......
2018-09-24 18:04:29,584 - mylogger - INFO - 匹配成功
2018-09-24 18:04:29,584 - mylogger - DEBUG - 获取题目
2018-09-24 18:04:32,508 - mylogger - INFO - 第 1 题
2018-09-24 18:04:32,780 - mylogger - INFO - 《猫和老鼠》是哪个电影公司的经典动画？
2018-09-24 18:04:33,636 - mylogger - INFO - ['福克斯', '米高梅', '派拉蒙']
2018-09-24 18:04:34,494 - mylogger - DEBUG - 在线检索答案
2018-09-24 18:04:34,494 - mylogger - INFO - 我的答案：米高梅
2018-09-24 18:04:35,128 - mylogger - DEBUG - 选择选项
2018-09-24 18:04:37,656 - mylogger - INFO - 答案正确
2018-09-24 18:04:37,657 - mylogger - DEBUG - 添加此题
2018-09-24 18:04:39,310 - mylogger - INFO - 本题结束
2018-09-24 18:04:39,310 - mylogger - DEBUG - 获取题目
2018-09-24 18:04:41,521 - mylogger - INFO - 第 2 题
2018-09-24 18:04:41,826 - mylogger - INFO - 常吃的生菜是什么蔬菜的变种？
2018-09-24 18:04:42,633 - mylogger - INFO - ['菠菜', '空心菜', '莴苣']
2018-09-24 18:04:43,503 - mylogger - DEBUG - 在线检索答案
2018-09-24 18:04:43,503 - mylogger - INFO - 我的答案：莴苣
2018-09-24 18:04:44,081 - mylogger - DEBUG - 选择选项
2018-09-24 18:04:46,709 - mylogger - INFO - 答案正确
2018-09-24 18:04:46,710 - mylogger - DEBUG - 添加此题
2018-09-24 18:04:49,513 - mylogger - INFO - 本题结束
2018-09-24 18:04:49,514 - mylogger - DEBUG - 获取题目
2018-09-24 18:04:51,681 - mylogger - INFO - 第 3 题
2018-09-24 18:04:52,001 - mylogger - INFO - 在电影《听说》中，角色小朋是哪方面的运动员？
2018-09-24 18:04:52,898 - mylogger - INFO - ['游泳', '跑步', '攀岩']
2018-09-24 18:04:53,633 - mylogger - DEBUG - 在线检索答案
2018-09-24 18:04:53,633 - mylogger - INFO - 我的答案：游泳
2018-09-24 18:04:54,225 - mylogger - DEBUG - 选择选项
2018-09-24 18:04:56,802 - mylogger - INFO - 答案正确
2018-09-24 18:04:56,803 - mylogger - DEBUG - 添加此题
2018-09-24 18:05:00,370 - mylogger - INFO - 本题结束
2018-09-24 18:05:00,370 - mylogger - DEBUG - 获取题目
2018-09-24 18:05:02,696 - mylogger - INFO - 第 4 题
2018-09-24 18:05:02,958 - mylogger - INFO - 民间相传古人庆祝“腊八”的原因之一是为了？
2018-09-24 18:05:03,826 - mylogger - INFO - ['庆祝丰收', '祭祀祖先', '表达美好希望']
2018-09-24 18:05:04,657 - mylogger - DEBUG - 在线检索答案
2018-09-24 18:05:04,657 - mylogger - INFO - 我的答案：祭祀祖先
2018-09-24 18:05:05,262 - mylogger - DEBUG - 选择选项
2018-09-24 18:05:07,803 - mylogger - INFO - 答案错误
2018-09-24 18:05:07,925 - mylogger - INFO - 正确答案；庆祝丰收
2018-09-24 18:05:07,926 - mylogger - DEBUG - 添加此题
2018-09-24 18:05:10,915 - mylogger - INFO - 本题结束
2018-09-24 18:05:10,915 - mylogger - DEBUG - 获取题目
2018-09-24 18:05:13,198 - mylogger - INFO - 第 5 题
2018-09-24 18:05:13,486 - mylogger - INFO - 被传媒封为“当代文艺复兴的代表”的服装设计师是：
2018-09-24 18:05:14,429 - mylogger - INFO - ['伊夫·圣·洛朗', '让·保罗·高提耶', '卡尔·拉格斐']
2018-09-24 18:05:16,420 - mylogger - DEBUG - 在线检索答案
2018-09-24 18:05:16,420 - mylogger - INFO - 我的答案：卡尔·拉格斐
2018-09-24 18:05:17,075 - mylogger - DEBUG - 选择选项
2018-09-24 18:05:19,862 - mylogger - INFO - 答案正确
2018-09-24 18:05:19,863 - mylogger - DEBUG - 添加此题
2018-09-24 18:05:20,151 - mylogger - INFO - 本题结束
2018-09-24 18:05:21,324 - mylogger - INFO - 本场比赛结束
2018-09-24 18:05:21,369 - mylogger - INFO - 返回游戏页面
2018-09-24 18:05:22,927 - mylogger - INFO - 进入排位赛
2018-09-24 18:05:22,927 - mylogger - INFO - 正在匹配中......
2018-09-24 18:05:24,454 - mylogger - INFO - 匹配成功
2018-09-24 18:05:24,454 - mylogger - DEBUG - 获取题目
2018-09-24 18:05:27,271 - mylogger - INFO - 第 1 题
2018-09-24 18:05:27,563 - mylogger - INFO - 中国用于量子通信研究的卫星名字是？
2018-09-24 18:05:28,470 - mylogger - INFO - ['墨子', '老子', '孔子']
2018-09-24 18:05:29,238 - mylogger - DEBUG - 在线检索答案
2018-09-24 18:05:29,238 - mylogger - INFO - 我的答案：墨子
2018-09-24 18:05:29,820 - mylogger - DEBUG - 选择选项
2018-09-24 18:05:32,411 - mylogger - INFO - 答案正确
2018-09-24 18:05:32,412 - mylogger - DEBUG - 添加此题
2018-09-24 18:05:41,812 - mylogger - INFO - 本题结束
2018-09-24 18:05:41,812 - mylogger - DEBUG - 获取题目
2018-09-24 18:05:43,936 - mylogger - INFO - 第 2 题
2018-09-24 18:05:44,280 - mylogger - INFO - 2014年央视春晚魔术《斗转星移》的表演者是？
2018-09-24 18:05:45,168 - mylogger - INFO - ['于谦', '邓男子', '刘谦']
2018-09-24 18:05:45,869 - mylogger - DEBUG - 在线检索答案
2018-09-24 18:05:45,870 - mylogger - INFO - 我的答案：刘谦
2018-09-24 18:05:46,460 - mylogger - DEBUG - 选择选项
2018-09-24 18:05:49,040 - mylogger - INFO - 答案正确
2018-09-24 18:05:49,041 - mylogger - DEBUG - 添加此题
2018-09-24 18:05:51,729 - mylogger - INFO - 本题结束
2018-09-24 18:05:51,729 - mylogger - DEBUG - 获取题目
2018-09-24 18:05:53,867 - mylogger - INFO - 第 3 题
2018-09-24 18:05:54,134 - mylogger - INFO - 武侠小说《三少爷的剑》是谁写的？
2018-09-24 18:05:55,104 - mylogger - INFO - ['古龙', '温瑞安', '金庸']
2018-09-24 18:05:55,791 - mylogger - DEBUG - 在线检索答案
2018-09-24 18:05:55,791 - mylogger - INFO - 我的答案：古龙
2018-09-24 18:05:56,376 - mylogger - DEBUG - 选择选项
2018-09-24 18:05:58,901 - mylogger - INFO - 答案正确
2018-09-24 18:05:58,902 - mylogger - DEBUG - 添加此题
2018-09-24 18:05:59,968 - mylogger - INFO - 本题结束
2018-09-24 18:05:59,968 - mylogger - DEBUG - 获取题目
2018-09-24 18:06:02,324 - mylogger - INFO - 第 4 题
2018-09-24 18:06:02,633 - mylogger - INFO - 对当事人的同一个违法行为，不得给予罚款的行政处罚
2018-09-24 18:06:03,554 - mylogger - INFO - ['一次以上', '两次以上', '三次以上']
2018-09-24 18:06:04,491 - mylogger - DEBUG - 在线检索答案
2018-09-24 18:06:04,491 - mylogger - INFO - 我的答案：一次以上
2018-09-24 18:06:05,037 - mylogger - DEBUG - 选择选项
2018-09-24 18:06:07,549 - mylogger - INFO - 答案错误
2018-09-24 18:06:07,724 - mylogger - INFO - 正确答案；两次以上
2018-09-24 18:06:07,725 - mylogger - DEBUG - 添加此题
2018-09-24 18:06:08,037 - mylogger - INFO - 本题结束
2018-09-24 18:06:08,037 - mylogger - DEBUG - 获取题目
2018-09-24 18:06:10,421 - mylogger - INFO - 第 5 题
2018-09-24 18:06:10,764 - mylogger - INFO - 在动画《喜羊羊与灰太狼》中，哪只羊的发型像便便？
2018-09-24 18:06:11,749 - mylogger - INFO - ['美羊羊', '懒羊羊', '沸羊羊']
2018-09-24 18:06:12,620 - mylogger - DEBUG - 在线检索答案
2018-09-24 18:06:12,620 - mylogger - INFO - 我的答案：懒羊羊
2018-09-24 18:06:13,205 - mylogger - DEBUG - 选择选项
2018-09-24 18:06:15,780 - mylogger - INFO - 答案正确
2018-09-24 18:06:15,781 - mylogger - DEBUG - 添加此题
2018-09-24 18:06:16,336 - mylogger - INFO - 本题结束
2018-09-24 18:06:17,518 - mylogger - INFO - 本场比赛结束
2018-09-24 18:06:17,629 - mylogger - INFO - 返回游戏页面
2018-09-24 18:06:19,154 - mylogger - INFO - 进入排位赛
2018-09-24 18:06:19,154 - mylogger - INFO - 正在匹配中......
2018-09-24 18:07:19,436 - mylogger - WARNING - 匹配失败
2018-09-24 18:07:19,567 - mylogger - INFO - 返回游戏页面
2018-09-24 18:07:21,147 - mylogger - INFO - 进入排位赛
2018-09-24 18:07:21,147 - mylogger - INFO - 正在匹配中......
2018-09-24 18:08:21,782 - mylogger - WARNING - 匹配失败
2018-09-24 18:08:21,877 - mylogger - INFO - 返回游戏页面
2018-09-24 18:08:23,445 - mylogger - INFO - 进入排位赛
2018-09-24 18:08:23,446 - mylogger - INFO - 正在匹配中......
2018-09-24 18:08:54,032 - mylogger - INFO - 匹配成功
2018-09-24 18:08:54,032 - mylogger - DEBUG - 获取题目
2018-09-24 18:08:56,188 - mylogger - INFO - 第 1 题
2018-09-24 18:08:56,492 - mylogger - INFO - “醉卧沙场君莫笑，古来征战几人回”的作者是谁？
2018-09-24 18:08:57,416 - mylogger - INFO - ['王勃', '王翰', '杜甫']
2018-09-24 18:08:58,224 - mylogger - DEBUG - 在线检索答案
2018-09-24 18:08:58,224 - mylogger - INFO - 我的答案：王翰
2018-09-24 18:08:58,791 - mylogger - DEBUG - 选择选项
2018-09-24 18:09:01,356 - mylogger - INFO - 答案正确
2018-09-24 18:09:01,357 - mylogger - DEBUG - 添加此题
2018-09-24 18:09:02,380 - mylogger - INFO - 本题结束
2018-09-24 18:09:02,381 - mylogger - DEBUG - 获取题目
2018-09-24 18:09:04,625 - mylogger - INFO - 第 2 题
2018-09-24 18:09:04,885 - mylogger - INFO - 以下哪颗行星是气态巨行星?
2018-09-24 18:09:05,772 - mylogger - INFO - ['火星', '水星', '木星']
2018-09-24 18:09:06,421 - mylogger - DEBUG - 在线检索答案
2018-09-24 18:09:06,421 - mylogger - INFO - 我的答案：木星
2018-09-24 18:09:07,040 - mylogger - DEBUG - 选择选项
2018-09-24 18:09:09,648 - mylogger - INFO - 答案正确
2018-09-24 18:09:09,649 - mylogger - DEBUG - 添加此题
2018-09-24 18:09:14,349 - mylogger - INFO - 本题结束
2018-09-24 18:09:14,349 - mylogger - DEBUG - 获取题目
2018-09-24 18:09:16,644 - mylogger - INFO - 第 3 题
2018-09-24 18:09:16,996 - mylogger - INFO - 以下哪一个是阿尔泰山脉北部的最高峰？
2018-09-24 18:09:17,863 - mylogger - INFO - ['友谊峰', '托木尔峰', '博格达峰']
2018-09-24 18:09:18,681 - mylogger - DEBUG - 在线检索答案
2018-09-24 18:09:18,681 - mylogger - INFO - 我的答案：友谊峰
2018-09-24 18:09:19,283 - mylogger - DEBUG - 选择选项
2018-09-24 18:09:21,816 - mylogger - INFO - 答案正确
2018-09-24 18:09:21,817 - mylogger - DEBUG - 添加此题
2018-09-24 18:09:22,365 - mylogger - INFO - 本题结束
2018-09-24 18:09:22,365 - mylogger - DEBUG - 获取题目
2018-09-24 18:09:24,565 - mylogger - INFO - 第 4 题
2018-09-24 18:09:24,860 - mylogger - INFO - 明朝末年，多尔衮利用吴三桂引兵入关，用的是？
2018-09-24 18:09:25,725 - mylogger - INFO - ['趁火打劫', '调虎离山', '抛砖引玉']
2018-09-24 18:09:25,729 - mylogger - DEBUG - 数据库中检索到答案
2018-09-24 18:09:25,729 - mylogger - INFO - 我的答案：趁火打劫
2018-09-24 18:09:26,328 - mylogger - DEBUG - 选择选项
2018-09-24 18:09:28,793 - mylogger - INFO - 答案正确
2018-09-24 18:09:33,565 - mylogger - INFO - 本题结束
2018-09-24 18:09:33,566 - mylogger - DEBUG - 获取题目
2018-09-24 18:09:35,813 - mylogger - INFO - 第 5 题
2018-09-24 18:09:36,077 - mylogger - INFO - 陆游的名句“中原北望气如山”的上一句是？
2018-09-24 18:09:36,953 - mylogger - INFO - ['塞上长城空自许', '铁马秋风大散关', '早岁那知世事艰']
2018-09-24 18:09:37,765 - mylogger - DEBUG - 在线检索答案
2018-09-24 18:09:37,765 - mylogger - INFO - 我的答案：早岁那知世事艰
2018-09-24 18:09:38,353 - mylogger - DEBUG - 选择选项
2018-09-24 18:09:40,901 - mylogger - INFO - 答案正确
2018-09-24 18:09:40,902 - mylogger - DEBUG - 添加此题
2018-09-24 18:09:42,357 - mylogger - INFO - 本题结束
2018-09-24 18:09:43,545 - mylogger - INFO - 本场比赛结束
2018-09-24 18:09:43,577 - mylogger - INFO - 返回游戏页面
2018-09-24 18:09:45,084 - mylogger - INFO - 进入排位赛
2018-09-24 18:09:45,084 - mylogger - INFO - 正在匹配中......
2018-09-24 18:10:13,458 - mylogger - INFO - 匹配成功
2018-09-24 18:10:13,458 - mylogger - DEBUG - 获取题目
2018-09-24 18:10:16,215 - mylogger - INFO - 第 1 题
2018-09-24 18:10:16,503 - mylogger - INFO - 情人节如果女朋友说想要红腰子，你应该送她什么？
2018-09-24 18:10:17,475 - mylogger - INFO - ['99串烤羊腰', 'OLAY大红瓶', '资生堂红妍肌活精华露']
2018-09-24 18:10:18,294 - mylogger - DEBUG - 未检索到答案
2018-09-24 18:10:18,295 - mylogger - INFO - 我的答案：99串烤羊腰
2018-09-24 18:10:18,887 - mylogger - DEBUG - 选择选项
2018-09-24 18:10:21,491 - mylogger - INFO - 答案错误
2018-09-24 18:10:21,739 - mylogger - INFO - 正确答案；资生堂红妍肌活精华露
2018-09-24 18:10:21,740 - mylogger - DEBUG - 添加此题
2018-09-24 18:10:24,525 - mylogger - INFO - 本题结束
2018-09-24 18:10:24,525 - mylogger - DEBUG - 获取题目
2018-09-24 18:10:26,855 - mylogger - INFO - 第 2 题
2018-09-24 18:10:27,156 - mylogger - INFO - 以下选项中，哪种鱼一次产卵量最多？
2018-09-24 18:10:28,067 - mylogger - INFO - ['鲫鱼', '鳟鱼', '翻车鱼']
2018-09-24 18:10:28,070 - mylogger - DEBUG - 数据库中检索到答案
2018-09-24 18:10:28,070 - mylogger - INFO - 我的答案：翻车鱼
2018-09-24 18:10:28,652 - mylogger - DEBUG - 选择选项
2018-09-24 18:10:31,209 - mylogger - INFO - 答案正确
2018-09-24 18:10:32,507 - mylogger - INFO - 本题结束
2018-09-24 18:10:32,507 - mylogger - DEBUG - 获取题目
2018-09-24 18:10:34,776 - mylogger - INFO - 第 3 题
2018-09-24 18:10:35,068 - mylogger - INFO - 歌曲《夜夜夜夜》的原唱是哪个歌手？
2018-09-24 18:10:35,959 - mylogger - INFO - ['林志炫', '梁静茹', '齐秦']
2018-09-24 18:10:35,962 - mylogger - DEBUG - 数据库中检索到答案
2018-09-24 18:10:35,963 - mylogger - INFO - 我的答案：齐秦
2018-09-24 18:10:36,523 - mylogger - DEBUG - 选择选项
2018-09-24 18:10:39,052 - mylogger - INFO - 答案正确
2018-09-24 18:10:40,783 - mylogger - INFO - 本题结束
2018-09-24 18:10:40,784 - mylogger - DEBUG - 获取题目
2018-09-24 18:10:43,145 - mylogger - INFO - 第 4 题
2018-09-24 18:10:43,408 - mylogger - INFO - 世界最大的单口径射电望远镜占地面积相当于多少个足球场 ？
2018-09-24 18:10:44,228 - mylogger - INFO - ['25个', '20个', '30个']
2018-09-24 18:10:45,044 - mylogger - DEBUG - 在线检索答案
2018-09-24 18:10:45,044 - mylogger - INFO - 我的答案：30个
2018-09-24 18:10:45,611 - mylogger - DEBUG - 选择选项
2018-09-24 18:10:48,292 - mylogger - INFO - 答案正确
2018-09-24 18:10:48,293 - mylogger - DEBUG - 添加此题
2018-09-24 18:10:50,508 - mylogger - INFO - 本题结束
2018-09-24 18:10:50,508 - mylogger - DEBUG - 获取题目
2018-09-24 18:10:52,776 - mylogger - INFO - 第 5 题
2018-09-24 18:10:53,077 - mylogger - INFO - 在动画片《灌篮高手》中，樱木军团里又矮又胖的角色叫什么？
2018-09-24 18:10:53,972 - mylogger - INFO - ['角天悟', '安田靖春', '高宫望']
2018-09-24 18:10:55,589 - mylogger - DEBUG - 在线检索答案
2018-09-24 18:10:55,590 - mylogger - INFO - 我的答案：高宫望
2018-09-24 18:10:56,176 - mylogger - DEBUG - 选择选项
2018-09-24 18:10:58,733 - mylogger - INFO - 答案正确
2018-09-24 18:10:58,734 - mylogger - DEBUG - 添加此题
2018-09-24 18:11:07,636 - mylogger - INFO - 本题结束
2018-09-24 18:11:08,849 - mylogger - INFO - 本场比赛结束
2018-09-24 18:11:08,974 - mylogger - INFO - 返回游戏页面
2018-09-24 18:11:10,532 - mylogger - INFO - 进入排位赛
2018-09-24 18:11:10,532 - mylogger - INFO - 正在匹配中......
2018-09-24 18:12:10,808 - mylogger - WARNING - 匹配失败
2018-09-24 18:12:10,927 - mylogger - INFO - 返回游戏页面
2018-09-24 18:12:12,482 - mylogger - INFO - 进入排位赛
2018-09-24 18:12:12,482 - mylogger - INFO - 正在匹配中......
2018-09-24 18:12:50,597 - mylogger - INFO - 匹配成功
2018-09-24 18:12:50,597 - mylogger - DEBUG - 获取题目
2018-09-24 18:12:53,001 - mylogger - INFO - 第 1 题
2018-09-24 18:12:53,265 - mylogger - INFO - 在太阳系八大行星中，请问哪一个是在轨道上横滚的？
2018-09-24 18:12:54,094 - mylogger - INFO - ['金星', '土星', '天王星']
2018-09-24 18:12:54,913 - mylogger - DEBUG - 在线检索答案
2018-09-24 18:12:54,914 - mylogger - INFO - 我的答案：金星
2018-09-24 18:12:55,493 - mylogger - DEBUG - 选择选项
2018-09-24 18:12:58,093 - mylogger - INFO - 答案错误
2018-09-24 18:12:58,300 - mylogger - INFO - 正确答案；天王星
2018-09-24 18:12:58,301 - mylogger - DEBUG - 添加此题
2018-09-24 18:13:00,678 - mylogger - INFO - 本题结束
2018-09-24 18:13:00,678 - mylogger - DEBUG - 获取题目
2018-09-24 18:13:02,866 - mylogger - INFO - 第 2 题
2018-09-24 18:13:03,145 - mylogger - INFO - 把现象与本质对立绝对化的是
2018-09-24 18:13:04,062 - mylogger - INFO - ['机械唯物主义', '形而上学的观点', '客观唯物主义']
2018-09-24 18:13:05,706 - mylogger - DEBUG - 在线检索答案
2018-09-24 18:13:05,707 - mylogger - INFO - 我的答案：形而上学的观点
2018-09-24 18:13:06,290 - mylogger - DEBUG - 选择选项
2018-09-24 18:13:08,781 - mylogger - INFO - 答案正确
2018-09-24 18:13:08,782 - mylogger - DEBUG - 添加此题
2018-09-24 18:13:10,332 - mylogger - INFO - 本题结束
2018-09-24 18:13:10,332 - mylogger - DEBUG - 获取题目
2018-09-24 18:13:12,582 - mylogger - INFO - 第 3 题
2018-09-24 18:13:12,894 - mylogger - INFO - 十二音体系是谁创立的？
2018-09-24 18:13:13,904 - mylogger - INFO - ['贝尔格', '勋伯格', '瓦格纳']
2018-09-24 18:13:14,515 - mylogger - DEBUG - 在线检索答案
2018-09-24 18:13:14,515 - mylogger - INFO - 我的答案：勋伯格
2018-09-24 18:13:15,038 - mylogger - DEBUG - 选择选项
2018-09-24 18:13:17,534 - mylogger - INFO - 答案正确
2018-09-24 18:13:17,535 - mylogger - DEBUG - 添加此题
2018-09-24 18:13:18,886 - mylogger - INFO - 本题结束
2018-09-24 18:13:18,886 - mylogger - DEBUG - 获取题目
2018-09-24 18:13:21,054 - mylogger - INFO - 第 4 题
2018-09-24 18:13:21,363 - mylogger - INFO - 缺乏什么物质会导致婴儿体格和智力发育迟缓、智力低下 ？
2018-09-24 18:13:22,238 - mylogger - INFO - ['碘', '维生素D', '叶酸']
2018-09-24 18:13:23,347 - mylogger - DEBUG - 在线检索答案
2018-09-24 18:13:23,348 - mylogger - INFO - 我的答案：维生素D
2018-09-24 18:13:23,918 - mylogger - DEBUG - 选择选项
2018-09-24 18:13:26,491 - mylogger - INFO - 答案错误
2018-09-24 18:13:26,631 - mylogger - INFO - 正确答案；碘
2018-09-24 18:13:26,632 - mylogger - DEBUG - 添加此题
2018-09-24 18:13:28,331 - mylogger - INFO - 本题结束
2018-09-24 18:13:28,332 - mylogger - DEBUG - 获取题目
2018-09-24 18:13:30,398 - mylogger - INFO - 第 5 题
2018-09-24 18:13:30,689 - mylogger - INFO - 《三国演义》中，以下哪两人是站在袁谭一边的？
2018-09-24 18:13:31,639 - mylogger - INFO - ['审配，逢纪', '辛评，郭图', '审配，辛评']
2018-09-24 18:13:32,767 - mylogger - DEBUG - 未检索到答案
2018-09-24 18:13:32,767 - mylogger - INFO - 我的答案：审配，逢纪
2018-09-24 18:13:33,418 - mylogger - DEBUG - 选择选项
2018-09-24 18:13:35,964 - mylogger - INFO - 答案正确
2018-09-24 18:13:35,965 - mylogger - DEBUG - 添加此题
2018-09-24 18:13:36,887 - mylogger - INFO - 本题结束
2018-09-24 18:13:38,064 - mylogger - INFO - 本场比赛结束
2018-09-24 18:13:38,116 - mylogger - INFO - 返回游戏页面
2018-09-24 18:13:39,636 - mylogger - INFO - 进入排位赛
2018-09-24 18:13:39,636 - mylogger - INFO - 正在匹配中......
2018-09-24 18:14:40,442 - mylogger - WARNING - 匹配失败
2018-09-24 18:14:40,570 - mylogger - INFO - 返回游戏页面
2018-09-24 18:14:42,116 - mylogger - INFO - 进入排位赛
2018-09-24 18:14:42,116 - mylogger - INFO - 正在匹配中......
2018-09-24 18:15:14,179 - mylogger - INFO - 停止UC浏览器
2018-09-24 18:15:14,251 - mylogger - DEBUG - 返回主页面
2018-09-24 18:15:15,378 - mylogger - DEBUG - 打开UC浏览器
2018-09-24 18:15:17,891 - mylogger - DEBUG - 进入用户页面
2018-09-24 18:15:18,862 - mylogger - DEBUG - 进入游戏页面1
2018-09-24 18:15:21,144 - mylogger - DEBUG - 进入游戏页面2
2018-09-24 18:15:23,556 - mylogger - INFO - 选择游戏
2018-09-24 18:15:24,748 - mylogger - INFO - 进入排位赛
2018-09-24 18:15:24,748 - mylogger - INFO - 正在匹配中......
2018-09-24 18:16:34,550 - mylogger - INFO - 匹配成功
2018-09-24 18:16:34,550 - mylogger - DEBUG - 获取题目
2018-09-24 18:16:36,047 - mylogger - INFO - 第 1 题
2018-09-24 18:16:36,379 - mylogger - INFO - 今岁除夕（打一字）
2018-09-24 18:16:37,235 - mylogger - INFO - ['山', '出', '从']
2018-09-24 18:16:38,792 - mylogger - DEBUG - 在线检索答案
2018-09-24 18:16:38,792 - mylogger - INFO - 我的答案：山
2018-09-24 18:16:39,335 - mylogger - DEBUG - 选择选项
2018-09-24 18:16:41,934 - mylogger - INFO - 答案正确
2018-09-24 18:16:41,935 - mylogger - DEBUG - 添加此题
2018-09-24 18:16:50,463 - mylogger - INFO - 本题结束
2018-09-24 18:16:50,463 - mylogger - DEBUG - 获取题目
2018-09-24 18:16:52,669 - mylogger - INFO - 第 2 题
2018-09-24 18:16:52,991 - mylogger - INFO - 患克汀病是由于胎儿期和新生儿期缺乏？
2018-09-24 18:16:53,872 - mylogger - INFO - ['碘', '锌', '铬']
2018-09-24 18:16:55,542 - mylogger - DEBUG - 在线检索答案
2018-09-24 18:16:55,542 - mylogger - INFO - 我的答案：碘
2018-09-24 18:16:56,119 - mylogger - DEBUG - 选择选项
2018-09-24 18:16:58,667 - mylogger - INFO - 答案正确
2018-09-24 18:16:58,668 - mylogger - DEBUG - 添加此题
2018-09-24 18:17:07,460 - mylogger - INFO - 本题结束
2018-09-24 18:17:07,460 - mylogger - DEBUG - 获取题目
2018-09-24 18:17:09,847 - mylogger - INFO - 第 3 题
2018-09-24 18:17:10,126 - mylogger - INFO - “秦缓”是哪位古代名医的本名？
2018-09-24 18:17:11,016 - mylogger - INFO - ['华佗', '扁鹊', '李时珍']
2018-09-24 18:17:11,019 - mylogger - DEBUG - 数据库中检索到答案
2018-09-24 18:17:11,019 - mylogger - INFO - 我的答案：扁鹊
2018-09-24 18:17:11,617 - mylogger - DEBUG - 选择选项
2018-09-24 18:17:14,116 - mylogger - INFO - 答案正确
2018-09-24 18:17:24,761 - mylogger - INFO - 本题结束
2018-09-24 18:17:24,761 - mylogger - DEBUG - 获取题目
2018-09-24 18:17:26,955 - mylogger - INFO - 第 4 题
2018-09-24 18:17:27,204 - mylogger - INFO - 贫困问题已成为国际关注的问题，请问“国际消除贫困日”是在哪一天？
2018-09-24 18:17:28,247 - mylogger - INFO - ['10月17日', '10月20日', '11月19日']
2018-09-24 18:17:29,102 - mylogger - DEBUG - 在线检索答案
2018-09-24 18:17:29,102 - mylogger - INFO - 我的答案：10月17日
2018-09-24 18:17:29,692 - mylogger - DEBUG - 选择选项
2018-09-24 18:17:32,265 - mylogger - INFO - 答案正确
2018-09-24 18:17:32,266 - mylogger - DEBUG - 添加此题
2018-09-24 18:17:41,918 - mylogger - INFO - 本题结束
2018-09-24 18:17:41,918 - mylogger - DEBUG - 获取题目
2018-09-24 18:17:44,162 - mylogger - INFO - 第 5 题
2018-09-24 18:17:44,431 - mylogger - INFO - 回族的三大节日除了开斋节、圣纪节之外还有什么？
2018-09-24 18:17:45,469 - mylogger - INFO - ['古尔邦节', '盂兰盆节', '寒食节']
2018-09-24 18:17:46,239 - mylogger - DEBUG - 在线检索答案
2018-09-24 18:17:46,239 - mylogger - INFO - 我的答案：古尔邦节
2018-09-24 18:17:46,850 - mylogger - DEBUG - 选择选项
2018-09-24 18:17:49,419 - mylogger - INFO - 答案正确
2018-09-24 18:17:49,420 - mylogger - DEBUG - 添加此题
2018-09-24 18:17:59,062 - mylogger - INFO - 本题结束
2018-09-24 18:18:00,231 - mylogger - INFO - 本场比赛结束
2018-09-24 18:18:00,338 - mylogger - INFO - 返回游戏页面
2018-09-24 18:18:01,842 - mylogger - INFO - 进入排位赛
2018-09-24 18:18:01,842 - mylogger - INFO - 正在匹配中......
2018-09-24 18:19:29,539 - mylogger - INFO - 匹配成功
2018-09-24 18:19:29,540 - mylogger - DEBUG - 获取题目
2018-09-24 18:19:30,295 - mylogger - INFO - 第 1 题
2018-09-24 18:19:30,614 - mylogger - INFO - “低眉信手续续弹”的下句是？
2018-09-24 18:19:31,582 - mylogger - INFO - ['枫叶荻花秋瑟瑟', '说尽心中无限事', '添酒回灯重开宴']
2018-09-24 18:19:32,317 - mylogger - DEBUG - 在线检索答案
2018-09-24 18:19:32,317 - mylogger - INFO - 我的答案：说尽心中无限事
2018-09-24 18:19:32,898 - mylogger - DEBUG - 选择选项
2018-09-24 18:19:35,506 - mylogger - INFO - 答案正确
2018-09-24 18:19:35,507 - mylogger - DEBUG - 添加此题
2018-09-24 18:19:38,071 - mylogger - INFO - 本题结束
2018-09-24 18:19:38,071 - mylogger - DEBUG - 获取题目
2018-09-24 18:19:40,326 - mylogger - INFO - 第 2 题
2018-09-24 18:19:40,650 - mylogger - INFO - 夏达漫画作品《长歌行》中的主人公李长歌是什么身份？
2018-09-24 18:19:41,562 - mylogger - INFO - ['兵马大将军', '公主', '太子']
2018-09-24 18:19:42,187 - mylogger - DEBUG - 在线检索答案
2018-09-24 18:19:42,187 - mylogger - INFO - 我的答案：公主
2018-09-24 18:19:42,758 - mylogger - DEBUG - 选择选项
2018-09-24 18:19:45,351 - mylogger - INFO - 答案正确
2018-09-24 18:19:45,352 - mylogger - DEBUG - 添加此题
2018-09-24 18:19:49,986 - mylogger - INFO - 本题结束
2018-09-24 18:19:49,986 - mylogger - DEBUG - 获取题目
2018-09-24 18:19:52,122 - mylogger - INFO - 第 3 题
2018-09-24 18:19:52,398 - mylogger - INFO - 以下选项中，哪个是世界上最小的岛国？
2018-09-24 18:19:53,362 - mylogger - INFO - ['图瓦卢', '瑙鲁', '马其他']
2018-09-24 18:19:54,058 - mylogger - DEBUG - 在线检索答案
2018-09-24 18:19:54,058 - mylogger - INFO - 我的答案：瑙鲁
2018-09-24 18:19:54,676 - mylogger - DEBUG - 选择选项
2018-09-24 18:19:57,327 - mylogger - INFO - 答案正确
2018-09-24 18:19:57,328 - mylogger - DEBUG - 添加此题
2018-09-24 18:20:00,004 - mylogger - INFO - 本题结束
2018-09-24 18:20:00,004 - mylogger - DEBUG - 获取题目
2018-09-24 18:20:02,226 - mylogger - INFO - 第 4 题
2018-09-24 18:20:02,563 - mylogger - INFO - 保险责任开始后，投保人要求解除合同的，保险人可以
2018-09-24 18:20:03,419 - mylogger - INFO - ['收取全部保险费', '要求投保人支付违约金', '收取部分保险费']
2018-09-24 18:20:03,762 - mylogger - DEBUG - 在线检索答案
2018-09-24 18:20:03,762 - mylogger - INFO - 我的答案：收取全部保险费
2018-09-24 18:20:04,366 - mylogger - DEBUG - 选择选项
2018-09-24 18:20:06,900 - mylogger - INFO - 答案错误
2018-09-24 18:20:07,131 - mylogger - INFO - 正确答案；收取部分保险费
2018-09-24 18:20:07,132 - mylogger - DEBUG - 添加此题
2018-09-24 18:20:08,927 - mylogger - INFO - 本题结束
2018-09-24 18:20:08,927 - mylogger - DEBUG - 获取题目
2018-09-24 18:20:11,207 - mylogger - INFO - 第 5 题
2018-09-24 18:20:11,536 - mylogger - INFO - 古代被称为大食的国家是？
2018-09-24 18:20:12,415 - mylogger - INFO - ['波斯', '阿拉伯', '蒙古']
2018-09-24 18:20:12,419 - mylogger - DEBUG - 数据库中检索到答案
2018-09-24 18:20:12,419 - mylogger - INFO - 我的答案：阿拉伯
2018-09-24 18:20:13,071 - mylogger - DEBUG - 选择选项
2018-09-24 18:20:15,657 - mylogger - INFO - 答案正确
2018-09-24 18:20:17,596 - mylogger - INFO - 本题结束
2018-09-24 18:20:18,749 - mylogger - INFO - 本场比赛结束
2018-09-24 18:20:18,855 - mylogger - INFO - 返回游戏页面
2018-09-24 18:20:20,381 - mylogger - INFO - 进入排位赛
2018-09-24 18:20:20,381 - mylogger - INFO - 正在匹配中......
2018-09-24 18:21:00,205 - mylogger - INFO - 匹配成功
2018-09-24 18:21:00,205 - mylogger - DEBUG - 获取题目
2018-09-24 18:21:00,835 - mylogger - INFO - 第 1 题
2018-09-24 18:21:01,142 - mylogger - INFO - 下列选项中，不属于太阳系内的物体的是
2018-09-24 18:21:02,021 - mylogger - INFO - ['柯伊伯带天体', '月球', '织女星']
2018-09-24 18:21:02,764 - mylogger - DEBUG - 在线检索答案
2018-09-24 18:21:02,764 - mylogger - INFO - 我的答案：柯伊伯带天体
2018-09-24 18:21:03,351 - mylogger - DEBUG - 选择选项
2018-09-24 18:21:05,922 - mylogger - INFO - 答案错误
2018-09-24 18:21:06,157 - mylogger - INFO - 正确答案；织女星
2018-09-24 18:21:06,157 - mylogger - DEBUG - 添加此题
2018-09-24 18:21:15,226 - mylogger - INFO - 本题结束
2018-09-24 18:21:15,226 - mylogger - DEBUG - 获取题目
2018-09-24 18:21:17,502 - mylogger - INFO - 第 2 题
2018-09-24 18:21:17,826 - mylogger - INFO - （15+20）×（15-20）=？
2018-09-24 18:21:18,674 - mylogger - INFO - ['－150', '－175', '150']
2018-09-24 18:21:20,263 - mylogger - DEBUG - 未检索到答案
2018-09-24 18:21:20,263 - mylogger - INFO - 我的答案：－150
2018-09-24 18:21:20,875 - mylogger - DEBUG - 选择选项
2018-09-24 18:21:23,442 - mylogger - INFO - 答案错误
2018-09-24 18:21:23,555 - mylogger - INFO - 正确答案；－175
2018-09-24 18:21:23,556 - mylogger - DEBUG - 添加此题
2018-09-24 18:21:24,886 - mylogger - INFO - 本题结束
2018-09-24 18:21:24,886 - mylogger - DEBUG - 获取题目
2018-09-24 18:21:27,194 - mylogger - INFO - 第 3 题
2018-09-24 18:21:27,466 - mylogger - INFO - 水银是在常温、常压下唯一以液态存在的金属，它的沸点约几度？
2018-09-24 18:21:28,335 - mylogger - INFO - ['357℃', '100℃', '50℃']
2018-09-24 18:21:28,338 - mylogger - DEBUG - 数据库中检索到答案
2018-09-24 18:21:28,338 - mylogger - INFO - 我的答案：357℃
2018-09-24 18:21:28,925 - mylogger - DEBUG - 选择选项
2018-09-24 18:21:31,443 - mylogger - INFO - 答案正确
2018-09-24 18:21:33,123 - mylogger - INFO - 本题结束
2018-09-24 18:21:33,123 - mylogger - DEBUG - 获取题目
2018-09-24 18:21:35,415 - mylogger - INFO - 第 4 题
2018-09-24 18:21:35,694 - mylogger - INFO - 2018年2月6日，被重型运载火箭送上天的特斯拉，车上播的歌曲叫什么？
2018-09-24 18:21:36,539 - mylogger - INFO - ['《飞行》', '《太空怪人》', '《宇宙》']
2018-09-24 18:21:37,389 - mylogger - DEBUG - 未检索到答案
2018-09-24 18:21:37,390 - mylogger - INFO - 我的答案：《飞行》
2018-09-24 18:21:37,955 - mylogger - DEBUG - 选择选项
2018-09-24 18:21:40,534 - mylogger - INFO - 答案错误
2018-09-24 18:21:40,675 - mylogger - INFO - 正确答案；《太空怪人》
2018-09-24 18:21:40,676 - mylogger - DEBUG - 添加此题
2018-09-24 18:21:40,933 - mylogger - INFO - 本题结束
2018-09-24 18:21:40,933 - mylogger - DEBUG - 获取题目
2018-09-24 18:21:43,084 - mylogger - INFO - 第 5 题
2018-09-24 18:21:43,423 - mylogger - INFO - 我国最早的一副春联出现在什么时候？
2018-09-24 18:21:44,344 - mylogger - INFO - ['三国时期', '五代时期', '隋唐']
2018-09-24 18:21:46,752 - mylogger - DEBUG - 在线检索答案
2018-09-24 18:21:46,752 - mylogger - INFO - 我的答案：五代时期
2018-09-24 18:21:47,347 - mylogger - DEBUG - 选择选项
2018-09-24 18:21:49,983 - mylogger - INFO - 答案正确
2018-09-24 18:21:49,984 - mylogger - DEBUG - 添加此题
2018-09-24 18:21:50,272 - mylogger - INFO - 本题结束
2018-09-24 18:21:51,448 - mylogger - INFO - 本场比赛结束
2018-09-24 18:21:51,499 - mylogger - INFO - 返回游戏页面
2018-09-24 18:21:52,991 - mylogger - INFO - 进入排位赛
2018-09-24 18:21:52,991 - mylogger - INFO - 正在匹配中......
2018-09-24 18:22:06,007 - mylogger - INFO - 匹配成功
2018-09-24 18:22:06,008 - mylogger - DEBUG - 获取题目
2018-09-24 18:22:07,276 - mylogger - INFO - 第 1 题
2018-09-24 18:22:07,565 - mylogger - INFO - 在《鼠胆龙威》中，自称医生的匪徒准备盗取什么东西？
2018-09-24 18:22:08,524 - mylogger - INFO - ['藏宝图', '黄金手杖', '钻饰']
2018-09-24 18:22:09,421 - mylogger - DEBUG - 在线检索答案
2018-09-24 18:22:09,421 - mylogger - INFO - 我的答案：钻饰
2018-09-24 18:22:10,044 - mylogger - DEBUG - 选择选项
2018-09-24 18:22:12,602 - mylogger - INFO - 答案正确
2018-09-24 18:22:12,603 - mylogger - DEBUG - 添加此题
2018-09-24 18:22:14,000 - mylogger - INFO - 本题结束
2018-09-24 18:22:14,000 - mylogger - DEBUG - 获取题目
2018-09-24 18:22:16,305 - mylogger - INFO - 第 2 题
2018-09-24 18:22:16,653 - mylogger - INFO - 由于行为人的过失引起火灾，造成严重后果的行为，构成
2018-09-24 18:22:17,568 - mylogger - INFO - ['玩忽职守罪', '失火罪', '重大责任事故']
2018-09-24 18:22:17,885 - mylogger - DEBUG - 在线检索答案
2018-09-24 18:22:17,886 - mylogger - INFO - 我的答案：失火罪
2018-09-24 18:22:18,492 - mylogger - DEBUG - 选择选项
2018-09-24 18:22:21,104 - mylogger - INFO - 答案正确
2018-09-24 18:22:21,105 - mylogger - DEBUG - 添加此题
2018-09-24 18:22:23,637 - mylogger - INFO - 本题结束
2018-09-24 18:22:23,637 - mylogger - DEBUG - 获取题目
2018-09-24 18:22:25,765 - mylogger - INFO - 第 3 题
2018-09-24 18:22:26,115 - mylogger - INFO - 以下哪种类型的肥胖是最常见的？
2018-09-24 18:22:27,021 - mylogger - INFO - ['脂质型肥胖', '代谢型肥胖', '单纯性肥胖']
2018-09-24 18:22:27,923 - mylogger - DEBUG - 在线检索答案
2018-09-24 18:22:27,923 - mylogger - INFO - 我的答案：单纯性肥胖
2018-09-24 18:22:28,625 - mylogger - DEBUG - 选择选项
2018-09-24 18:22:31,145 - mylogger - INFO - 答案正确
2018-09-24 18:22:31,146 - mylogger - DEBUG - 添加此题
2018-09-24 18:22:32,466 - mylogger - INFO - 本题结束
2018-09-24 18:22:32,466 - mylogger - DEBUG - 获取题目
2018-09-24 18:22:34,590 - mylogger - INFO - 第 4 题
2018-09-24 18:22:34,870 - mylogger - INFO - 以下哪位大师没有在1983年首届春晚中出镜？
2018-09-24 18:22:35,865 - mylogger - INFO - ['马季', '马三立', '严顺开']
2018-09-24 18:22:36,637 - mylogger - DEBUG - 在线检索答案
2018-09-24 18:22:36,637 - mylogger - INFO - 我的答案：马季
2018-09-24 18:22:37,281 - mylogger - DEBUG - 选择选项
2018-09-24 18:22:39,817 - mylogger - INFO - 答案错误
2018-09-24 18:22:39,926 - mylogger - INFO - 正确答案；马三立
2018-09-24 18:22:39,927 - mylogger - DEBUG - 添加此题
2018-09-24 18:22:41,605 - mylogger - INFO - 本题结束
2018-09-24 18:22:41,605 - mylogger - DEBUG - 获取题目
2018-09-24 18:22:43,930 - mylogger - INFO - 第 5 题
2018-09-24 18:22:44,248 - mylogger - INFO - 在尔冬升执导的《新不了情》的电影中，女主角患有什么疾病？
2018-09-24 18:22:45,082 - mylogger - INFO - ['胃癌', '乳腺癌', '骨癌']
2018-09-24 18:22:45,859 - mylogger - DEBUG - 在线检索答案
2018-09-24 18:22:45,859 - mylogger - INFO - 我的答案：胃癌
2018-09-24 18:22:46,441 - mylogger - DEBUG - 选择选项
2018-09-24 18:22:49,077 - mylogger - INFO - 答案错误
2018-09-24 18:22:49,317 - mylogger - INFO - 正确答案；骨癌
2018-09-24 18:22:49,318 - mylogger - DEBUG - 添加此题
2018-09-24 18:22:51,193 - mylogger - INFO - 本题结束
2018-09-24 18:22:52,387 - mylogger - INFO - 本场比赛结束
2018-09-24 18:22:52,433 - mylogger - INFO - 返回游戏页面
2018-09-24 18:22:53,930 - mylogger - INFO - 进入排位赛
2018-09-24 18:22:53,931 - mylogger - INFO - 正在匹配中......
2018-09-24 18:24:56,252 - mylogger - WARNING - 匹配失败
2018-09-24 18:24:56,371 - mylogger - INFO - 返回游戏页面
2018-09-24 18:24:57,934 - mylogger - INFO - 进入排位赛
2018-09-24 18:24:57,935 - mylogger - INFO - 正在匹配中......
2018-09-24 18:25:14,136 - mylogger - INFO - 停止UC浏览器
2018-09-24 18:25:14,197 - mylogger - DEBUG - 返回主页面
2018-09-24 18:25:15,267 - mylogger - DEBUG - 打开UC浏览器
2018-09-24 18:25:17,840 - mylogger - DEBUG - 进入用户页面
2018-09-24 18:25:18,856 - mylogger - DEBUG - 进入游戏页面1
2018-09-24 18:25:21,167 - mylogger - DEBUG - 进入游戏页面2
2018-09-24 18:25:23,580 - mylogger - INFO - 选择游戏
2018-09-24 18:25:25,589 - mylogger - INFO - 进入排位赛
2018-09-24 18:25:25,589 - mylogger - INFO - 正在匹配中......
2018-09-24 18:25:59,946 - mylogger - INFO - 匹配成功
2018-09-24 18:25:59,946 - mylogger - DEBUG - 获取题目
2018-09-24 18:26:00,663 - mylogger - INFO - 第 1 题
2018-09-24 18:26:00,923 - mylogger - INFO - “县”作为行政区划，该名称始于什么时期？
2018-09-24 18:26:01,722 - mylogger - INFO - ['汉朝', '唐朝', '春秋时期']
2018-09-24 18:26:02,603 - mylogger - DEBUG - 在线检索答案
2018-09-24 18:26:02,603 - mylogger - INFO - 我的答案：春秋时期
2018-09-24 18:26:03,331 - mylogger - DEBUG - 选择选项
2018-09-24 18:26:05,870 - mylogger - INFO - 答案正确
2018-09-24 18:26:05,872 - mylogger - DEBUG - 添加此题
2018-09-24 18:26:06,430 - mylogger - INFO - 本题结束
2018-09-24 18:26:06,430 - mylogger - DEBUG - 获取题目
2018-09-24 18:26:08,526 - mylogger - INFO - 第 2 题
2018-09-24 18:26:08,798 - mylogger - INFO - 在电影《剪刀手爱德华》中，以下哪一个选项是爱德华的正确描述？
2018-09-24 18:26:09,726 - mylogger - INFO - ['机器人', '克隆人', '植物人']
2018-09-24 18:26:10,347 - mylogger - DEBUG - 在线检索答案
2018-09-24 18:26:10,347 - mylogger - INFO - 我的答案：机器人
2018-09-24 18:26:10,886 - mylogger - DEBUG - 选择选项
2018-09-24 18:26:13,482 - mylogger - INFO - 答案正确
2018-09-24 18:26:13,483 - mylogger - DEBUG - 添加此题
2018-09-24 18:26:19,142 - mylogger - INFO - 本题结束
2018-09-24 18:26:19,142 - mylogger - DEBUG - 获取题目
2018-09-24 18:26:21,390 - mylogger - INFO - 第 3 题
2018-09-24 18:26:21,662 - mylogger - INFO - 因为出演《哥哥太爱我了怎么办》而爆红的日本男演员名叫？
2018-09-24 18:26:22,558 - mylogger - INFO - ['菅田将晖', '坂口健太郎', '片寄凉太']
2018-09-24 18:26:24,080 - mylogger - DEBUG - 在线检索答案
2018-09-24 18:26:24,080 - mylogger - INFO - 我的答案：片寄凉太
2018-09-24 18:26:24,663 - mylogger - DEBUG - 选择选项
2018-09-24 18:26:27,211 - mylogger - INFO - 答案正确
2018-09-24 18:26:27,212 - mylogger - DEBUG - 添加此题
2018-09-24 18:26:36,321 - mylogger - INFO - 本题结束
2018-09-24 18:26:36,321 - mylogger - DEBUG - 获取题目
2018-09-24 18:26:38,459 - mylogger - INFO - 第 4 题
2018-09-24 18:26:38,760 - mylogger - INFO - 第一版iOS操作系统于哪一年发布？
2018-09-24 18:26:39,600 - mylogger - INFO - ['2006年', '2007年', '2004年']
2018-09-24 18:26:39,604 - mylogger - DEBUG - 数据库中检索到答案
2018-09-24 18:26:39,604 - mylogger - INFO - 我的答案：2007年
2018-09-24 18:26:40,216 - mylogger - DEBUG - 选择选项
2018-09-24 18:26:42,792 - mylogger - INFO - 答案正确
2018-09-24 18:26:53,437 - mylogger - INFO - 本题结束
2018-09-24 18:26:53,438 - mylogger - DEBUG - 获取题目
2018-09-24 18:26:55,637 - mylogger - INFO - 第 5 题
2018-09-24 18:26:55,908 - mylogger - INFO - 围棋中，黑棋的第一步棋应当下在（）角，表示礼貌。
2018-09-24 18:26:56,753 - mylogger - INFO - ['左下', '右上', '中间']
2018-09-24 18:26:58,416 - mylogger - DEBUG - 在线检索答案
2018-09-24 18:26:58,416 - mylogger - INFO - 我的答案：左下
2018-09-24 18:26:58,964 - mylogger - DEBUG - 选择选项
2018-09-24 18:27:01,548 - mylogger - INFO - 答案错误
2018-09-24 18:27:01,693 - mylogger - INFO - 正确答案；右上
2018-09-24 18:27:01,694 - mylogger - DEBUG - 添加此题
2018-09-24 18:27:10,497 - mylogger - INFO - 本题结束
2018-09-24 18:27:11,706 - mylogger - INFO - 本场比赛结束
2018-09-24 18:27:23,182 - mylogger - WARNING - 进入排位赛失败
2018-09-24 18:29:25,336 - mylogger - INFO - 停止UC浏览器
2018-09-24 18:29:25,391 - mylogger - DEBUG - 返回主页面
2018-09-24 18:29:26,501 - mylogger - DEBUG - 打开UC浏览器
2018-09-24 18:29:29,786 - mylogger - DEBUG - 进入用户页面
2018-09-24 18:29:30,714 - mylogger - DEBUG - 进入游戏页面1
2018-09-24 18:29:32,821 - mylogger - DEBUG - 进入游戏页面2
2018-09-24 18:29:35,010 - mylogger - INFO - 选择游戏
2018-09-24 18:29:36,331 - mylogger - INFO - 进入排位赛
2018-09-24 18:29:36,331 - mylogger - INFO - 正在匹配中......
2018-09-24 18:31:26,196 - mylogger - INFO - 匹配成功
2018-09-24 18:31:26,196 - mylogger - DEBUG - 获取题目
2018-09-24 18:31:27,675 - mylogger - INFO - 第 1 题
2018-09-24 18:31:27,947 - mylogger - INFO - （）被称为韩国现代围棋的开山鼻祖
2018-09-24 18:31:28,799 - mylogger - INFO - ['金寅', '赵南哲', '尹奇炫']
2018-09-24 18:31:30,609 - mylogger - DEBUG - 在线检索答案
2018-09-24 18:31:30,610 - mylogger - INFO - 我的答案：赵南哲
2018-09-24 18:31:31,215 - mylogger - DEBUG - 选择选项
2018-09-24 18:31:33,836 - mylogger - INFO - 答案正确
2018-09-24 18:31:33,837 - mylogger - DEBUG - 添加此题
2018-09-24 18:31:34,070 - mylogger - INFO - 本题结束
2018-09-24 18:31:34,070 - mylogger - DEBUG - 获取题目
2018-09-24 18:31:36,441 - mylogger - INFO - 第 2 题
2018-09-24 18:31:36,708 - mylogger - INFO - 首部获奥斯卡最佳影片的有声影片？
2018-09-24 18:31:37,568 - mylogger - INFO - ['西线无战事', '百老汇的旋律', '摩登时代']
2018-09-24 18:31:38,803 - mylogger - DEBUG - 在线检索答案
2018-09-24 18:31:38,803 - mylogger - INFO - 我的答案：百老汇的旋律
2018-09-24 18:31:39,389 - mylogger - DEBUG - 选择选项
2018-09-24 18:31:41,924 - mylogger - INFO - 答案正确
2018-09-24 18:31:41,925 - mylogger - DEBUG - 添加此题
2018-09-24 18:31:43,979 - mylogger - INFO - 本题结束
2018-09-24 18:31:43,979 - mylogger - DEBUG - 获取题目
2018-09-24 18:31:46,168 - mylogger - INFO - 第 3 题
2018-09-24 18:31:46,440 - mylogger - INFO - 下面哪个菜系十分讲究清汤和奶汤的调剂？
2018-09-24 18:31:47,336 - mylogger - INFO - ['川菜', ' 鲁菜', ' 淮扬菜']
2018-09-24 18:31:48,163 - mylogger - DEBUG - 在线检索答案
2018-09-24 18:31:48,163 - mylogger - INFO - 我的答案：川菜
2018-09-24 18:31:48,764 - mylogger - DEBUG - 选择选项
2018-09-24 18:31:51,336 - mylogger - INFO - 答案错误
2018-09-24 18:31:51,456 - mylogger - INFO - 正确答案； 鲁菜
2018-09-24 18:31:51,457 - mylogger - DEBUG - 添加此题
2018-09-24 18:31:52,902 - mylogger - INFO - 本题结束
2018-09-24 18:31:52,902 - mylogger - DEBUG - 获取题目
2018-09-24 18:31:54,983 - mylogger - INFO - 第 4 题
2018-09-24 18:31:55,249 - mylogger - INFO - 下列哪一个公益性节日被联合国定在每年的3月22日？
2018-09-24 18:31:56,229 - mylogger - INFO - ['世界森林日', '世界睡眠日', '世界水日']
2018-09-24 18:31:58,205 - mylogger - DEBUG - 在线检索答案
2018-09-24 18:31:58,205 - mylogger - INFO - 我的答案：世界水日
2018-09-24 18:31:58,817 - mylogger - DEBUG - 选择选项
2018-09-24 18:32:01,350 - mylogger - INFO - 答案正确
2018-09-24 18:32:01,351 - mylogger - DEBUG - 添加此题
2018-09-24 18:32:01,829 - mylogger - INFO - 本题结束
2018-09-24 18:32:01,829 - mylogger - DEBUG - 获取题目
2018-09-24 18:32:04,174 - mylogger - INFO - 第 5 题
2018-09-24 18:32:04,453 - mylogger - INFO - “交响乐之父”指的是奥地利哪位著名的作曲家？
2018-09-24 18:32:05,389 - mylogger - INFO - ['海顿', '贝多芬', '莫扎特']
2018-09-24 18:32:06,521 - mylogger - DEBUG - 在线检索答案
2018-09-24 18:32:06,521 - mylogger - INFO - 我的答案：海顿
2018-09-24 18:32:07,148 - mylogger - DEBUG - 选择选项
2018-09-24 18:32:09,861 - mylogger - INFO - 答案正确
2018-09-24 18:32:09,861 - mylogger - DEBUG - 添加此题
2018-09-24 18:32:10,163 - mylogger - INFO - 本题结束
2018-09-24 18:32:11,321 - mylogger - INFO - 本场比赛结束
2018-09-24 18:32:11,378 - mylogger - INFO - 返回游戏页面
2018-09-24 18:32:13,001 - mylogger - INFO - 进入排位赛
2018-09-24 18:32:13,001 - mylogger - INFO - 正在匹配中......
2018-09-24 18:32:37,081 - mylogger - INFO - 匹配成功
2018-09-24 18:32:37,082 - mylogger - DEBUG - 获取题目
2018-09-24 18:32:37,715 - mylogger - INFO - 第 1 题
2018-09-24 18:32:37,990 - mylogger - INFO - 2014年马来西亚航空公司航班失联事故中，失联的航班班次是？
2018-09-24 18:32:38,895 - mylogger - INFO - ['MH371', 'MH375', 'MH370']
2018-09-24 18:32:40,060 - mylogger - DEBUG - 在线检索答案
2018-09-24 18:32:40,061 - mylogger - INFO - 我的答案：MH370
2018-09-24 18:32:40,647 - mylogger - DEBUG - 选择选项
2018-09-24 18:32:43,259 - mylogger - INFO - 答案正确
2018-09-24 18:32:43,260 - mylogger - DEBUG - 添加此题
2018-09-24 18:32:45,503 - mylogger - INFO - 本题结束
2018-09-24 18:32:45,503 - mylogger - DEBUG - 获取题目
2018-09-24 18:32:47,463 - mylogger - INFO - 第 2 题
2018-09-24 18:32:47,773 - mylogger - INFO - 出演《家有儿女》中的“夏雪”角色的演员是谁？
2018-09-24 18:32:48,714 - mylogger - INFO - ['宋证', '杨凯丽', '杨紫']
2018-09-24 18:32:49,910 - mylogger - DEBUG - 在线检索答案
2018-09-24 18:32:49,910 - mylogger - INFO - 我的答案：杨紫
2018-09-24 18:32:50,447 - mylogger - DEBUG - 选择选项
2018-09-24 18:32:52,996 - mylogger - INFO - 答案正确
2018-09-24 18:32:52,996 - mylogger - DEBUG - 添加此题
2018-09-24 18:32:53,387 - mylogger - INFO - 本题结束
2018-09-24 18:32:53,387 - mylogger - DEBUG - 获取题目
2018-09-24 18:32:55,712 - mylogger - INFO - 第 3 题
2018-09-24 18:32:56,055 - mylogger - INFO - 在麻将桌上，大家双手搓动牌，使牌均匀而无序地运动，称为：
2018-09-24 18:32:56,959 - mylogger - INFO - ['码牌', '理气', '洗牌']
2018-09-24 18:32:58,125 - mylogger - DEBUG - 在线检索答案
2018-09-24 18:32:58,125 - mylogger - INFO - 我的答案：洗牌
2018-09-24 18:32:58,745 - mylogger - DEBUG - 选择选项
2018-09-24 18:33:01,212 - mylogger - INFO - 答案正确
2018-09-24 18:33:01,213 - mylogger - DEBUG - 添加此题
2018-09-24 18:33:01,776 - mylogger - INFO - 本题结束
2018-09-24 18:33:01,776 - mylogger - DEBUG - 获取题目
2018-09-24 18:33:03,840 - mylogger - INFO - 第 4 题
2018-09-24 18:33:04,139 - mylogger - INFO - 名句“十年生死两茫茫”的下一句是？
2018-09-24 18:33:05,020 - mylogger - INFO - ['鬓如霜', '不思量', '尘满面']
2018-09-24 18:33:06,199 - mylogger - DEBUG - 在线检索答案
2018-09-24 18:33:06,199 - mylogger - INFO - 我的答案：不思量
2018-09-24 18:33:06,795 - mylogger - DEBUG - 选择选项
2018-09-24 18:33:09,408 - mylogger - INFO - 答案正确
2018-09-24 18:33:09,409 - mylogger - DEBUG - 添加此题
2018-09-24 18:33:09,684 - mylogger - INFO - 本题结束
2018-09-24 18:33:09,685 - mylogger - DEBUG - 获取题目
2018-09-24 18:33:11,980 - mylogger - INFO - 第 5 题
2018-09-24 18:33:12,259 - mylogger - INFO - 芒种所处以下哪个季节？
2018-09-24 18:33:13,180 - mylogger - INFO - ['夏季', '春季', '秋季']
2018-09-24 18:33:13,893 - mylogger - DEBUG - 在线检索答案
2018-09-24 18:33:13,893 - mylogger - INFO - 我的答案：夏季
2018-09-24 18:33:14,459 - mylogger - DEBUG - 选择选项
2018-09-24 18:33:17,000 - mylogger - INFO - 答案正确
2018-09-24 18:33:17,001 - mylogger - DEBUG - 添加此题
2018-09-24 18:33:18,604 - mylogger - INFO - 本题结束
2018-09-24 18:33:19,812 - mylogger - INFO - 本场比赛结束
2018-09-24 18:33:19,858 - mylogger - INFO - 返回游戏页面
2018-09-24 18:33:21,352 - mylogger - INFO - 进入排位赛
2018-09-24 18:33:21,352 - mylogger - INFO - 正在匹配中......
2018-09-24 18:33:31,344 - mylogger - INFO - 匹配成功
2018-09-24 18:33:31,344 - mylogger - DEBUG - 获取题目
2018-09-24 18:33:32,053 - mylogger - INFO - 第 1 题
2018-09-24 18:33:32,317 - mylogger - INFO - 小年一般是在农历的哪一天？
2018-09-24 18:33:33,222 - mylogger - INFO - ['腊月二十', '腊月二十三或二十四', '腊月二十八']
2018-09-24 18:33:33,950 - mylogger - DEBUG - 在线检索答案
2018-09-24 18:33:33,950 - mylogger - INFO - 我的答案：腊月二十
2018-09-24 18:33:34,632 - mylogger - DEBUG - 选择选项
2018-09-24 18:33:37,251 - mylogger - INFO - 答案错误
2018-09-24 18:33:37,383 - mylogger - INFO - 正确答案；腊月二十三或二十四
2018-09-24 18:33:37,383 - mylogger - DEBUG - 添加此题
2018-09-24 18:33:37,765 - mylogger - INFO - 本题结束
2018-09-24 18:33:37,765 - mylogger - DEBUG - 获取题目
2018-09-24 18:33:39,839 - mylogger - INFO - 第 2 题
2018-09-24 18:33:40,186 - mylogger - INFO - 我国古代的医学巨著《本草纲目》成书于哪个朝代？
2018-09-24 18:33:41,020 - mylogger - INFO - ['明代', '宋代', '唐代']
2018-09-24 18:33:41,023 - mylogger - DEBUG - 数据库中检索到答案
2018-09-24 18:33:41,023 - mylogger - INFO - 我的答案：明代
2018-09-24 18:33:41,617 - mylogger - DEBUG - 选择选项
2018-09-24 18:33:44,157 - mylogger - INFO - 答案正确
2018-09-24 18:33:45,385 - mylogger - INFO - 本题结束
2018-09-24 18:33:45,385 - mylogger - DEBUG - 获取题目
2018-09-24 18:33:47,794 - mylogger - INFO - 第 3 题
2018-09-24 18:33:48,085 - mylogger - INFO - 下列哪个是LED技术应用场景？
2018-09-24 18:33:48,902 - mylogger - INFO - ['调节温度', '海水净化', '可见光通信']
2018-09-24 18:33:49,521 - mylogger - DEBUG - 未检索到答案
2018-09-24 18:33:49,521 - mylogger - INFO - 我的答案：调节温度
2018-09-24 18:33:50,121 - mylogger - DEBUG - 选择选项
2018-09-24 18:33:52,714 - mylogger - INFO - 答案错误
2018-09-24 18:33:52,910 - mylogger - INFO - 正确答案；可见光通信
2018-09-24 18:33:52,911 - mylogger - DEBUG - 添加此题
2018-09-24 18:33:55,935 - mylogger - INFO - 本题结束
2018-09-24 18:33:55,935 - mylogger - DEBUG - 获取题目
2018-09-24 18:33:58,233 - mylogger - INFO - 第 4 题
2018-09-24 18:33:58,522 - mylogger - INFO - 被称为“沙漠之舟”的骆驼，其驼峰的作用是什么？
2018-09-24 18:33:59,469 - mylogger - INFO - ['储水', '防晒', '储存脂肪']
2018-09-24 18:33:59,472 - mylogger - DEBUG - 数据库中检索到答案
2018-09-24 18:33:59,472 - mylogger - INFO - 我的答案：储存脂肪
2018-09-24 18:34:00,080 - mylogger - DEBUG - 选择选项
2018-09-24 18:34:02,594 - mylogger - INFO - 答案正确
2018-09-24 18:34:03,394 - mylogger - INFO - 本题结束
2018-09-24 18:34:03,394 - mylogger - DEBUG - 获取题目
2018-09-24 18:34:05,798 - mylogger - INFO - 第 5 题
2018-09-24 18:34:06,106 - mylogger - INFO - 2012伦敦奥运会跆拳道女子49公斤决赛中夺得金牌的是哪位？
2018-09-24 18:34:06,962 - mylogger - INFO - ['侯玉琢', '吴静钰', '陈中']
2018-09-24 18:34:08,649 - mylogger - DEBUG - 在线检索答案
2018-09-24 18:34:08,650 - mylogger - INFO - 我的答案：吴静钰
2018-09-24 18:34:09,244 - mylogger - DEBUG - 选择选项
2018-09-24 18:34:11,950 - mylogger - INFO - 答案正确
2018-09-24 18:34:11,951 - mylogger - DEBUG - 添加此题
2018-09-24 18:34:14,550 - mylogger - INFO - 本题结束
2018-09-24 18:34:15,731 - mylogger - INFO - 本场比赛结束
2018-09-24 18:34:15,774 - mylogger - INFO - 返回游戏页面
2018-09-24 18:34:17,346 - mylogger - INFO - 进入排位赛
2018-09-24 18:34:17,346 - mylogger - INFO - 正在匹配中......
2018-09-24 18:35:47,353 - mylogger - INFO - 匹配成功
2018-09-24 18:35:47,353 - mylogger - DEBUG - 获取题目
2018-09-24 18:35:48,031 - mylogger - INFO - 第 1 题
2018-09-24 18:35:48,318 - mylogger - INFO - 哪个女星没有参演周星驰版的电影《大话西游》？
2018-09-24 18:35:49,214 - mylogger - INFO - ['杨幂', '莫文蔚', '朱茵']
2018-09-24 18:35:49,217 - mylogger - DEBUG - 数据库中检索到答案
2018-09-24 18:35:49,217 - mylogger - INFO - 我的答案：杨幂
2018-09-24 18:35:49,835 - mylogger - DEBUG - 选择选项
2018-09-24 18:35:52,445 - mylogger - INFO - 答案正确
2018-09-24 18:35:54,578 - mylogger - INFO - 本题结束
2018-09-24 18:35:54,578 - mylogger - DEBUG - 获取题目
2018-09-24 18:35:56,823 - mylogger - INFO - 第 2 题
2018-09-24 18:35:57,155 - mylogger - INFO - 以下哪个节气在立春之后？
2018-09-24 18:35:58,168 - mylogger - INFO - ['小雪', '雨水', '白露']
2018-09-24 18:35:59,114 - mylogger - DEBUG - 在线检索答案
2018-09-24 18:35:59,115 - mylogger - INFO - 我的答案：雨水
2018-09-24 18:35:59,664 - mylogger - DEBUG - 选择选项
2018-09-24 18:36:02,255 - mylogger - INFO - 答案正确
2018-09-24 18:36:02,256 - mylogger - DEBUG - 添加此题
2018-09-24 18:36:02,539 - mylogger - INFO - 本题结束
2018-09-24 18:36:02,539 - mylogger - DEBUG - 获取题目
2018-09-24 18:36:04,835 - mylogger - INFO - 第 3 题
2018-09-24 18:36:05,143 - mylogger - INFO - 星星为什么是一闪一闪的？
2018-09-24 18:36:06,051 - mylogger - INFO - ['星星有时不发光', '地球大气的绕动', '受其他星体的干扰']
2018-09-24 18:36:06,999 - mylogger - DEBUG - 未检索到答案
2018-09-24 18:36:07,000 - mylogger - INFO - 我的答案：星星有时不发光
2018-09-24 18:36:07,666 - mylogger - DEBUG - 选择选项
2018-09-24 18:36:10,226 - mylogger - INFO - 答案错误
2018-09-24 18:36:10,363 - mylogger - INFO - 正确答案；地球大气的绕动
2018-09-24 18:36:10,364 - mylogger - DEBUG - 添加此题
2018-09-24 18:36:10,648 - mylogger - INFO - 本题结束
2018-09-24 18:36:10,648 - mylogger - DEBUG - 获取题目
2018-09-24 18:36:12,999 - mylogger - INFO - 第 4 题
2018-09-24 18:36:13,332 - mylogger - INFO - 爸妈都姓李，所有人都随父亲姓，下列亲属哪一个可能和自己不同姓？
2018-09-24 18:36:14,379 - mylogger - INFO - ['表弟', '二姑', '堂妹']
2018-09-24 18:36:15,288 - mylogger - DEBUG - 在线检索答案
2018-09-24 18:36:15,288 - mylogger - INFO - 我的答案：表弟
2018-09-24 18:36:15,899 - mylogger - DEBUG - 选择选项
2018-09-24 18:36:18,456 - mylogger - INFO - 答案正确
2018-09-24 18:36:18,457 - mylogger - DEBUG - 添加此题
2018-09-24 18:36:18,903 - mylogger - INFO - 本题结束
2018-09-24 18:36:18,903 - mylogger - DEBUG - 获取题目
2018-09-24 18:36:21,216 - mylogger - INFO - 第 5 题
2018-09-24 18:36:21,487 - mylogger - INFO - 世界上唯一没有海岸的海是什么海?
2018-09-24 18:36:22,433 - mylogger - INFO - ['马尾藻海', '马尔马拉海', '地中海']
2018-09-24 18:36:22,436 - mylogger - DEBUG - 数据库中检索到答案
2018-09-24 18:36:22,436 - mylogger - INFO - 我的答案：马尾藻海
2018-09-24 18:36:23,069 - mylogger - DEBUG - 选择选项
2018-09-24 18:36:25,664 - mylogger - INFO - 答案正确
2018-09-24 18:36:26,735 - mylogger - INFO - 本题结束
2018-09-24 18:36:27,892 - mylogger - INFO - 本场比赛结束
2018-09-24 18:36:27,930 - mylogger - INFO - 返回游戏页面
2018-09-24 18:36:29,469 - mylogger - INFO - 进入排位赛
2018-09-24 18:36:29,469 - mylogger - INFO - 正在匹配中......
2018-09-24 18:37:58,904 - mylogger - INFO - 匹配成功
2018-09-24 18:37:58,905 - mylogger - DEBUG - 获取题目
2018-09-24 18:38:00,377 - mylogger - INFO - 第 1 题
2018-09-24 18:38:00,664 - mylogger - INFO - 会飞不是鸟，两翅没羽毛，白天休息晚活动，捕捉蚊子本领高，它是
2018-09-24 18:38:01,476 - mylogger - INFO - ['海豚', '马蜂', '蝙蝠']
2018-09-24 18:38:03,507 - mylogger - DEBUG - 在线检索答案
2018-09-24 18:38:03,508 - mylogger - INFO - 我的答案：海豚
2018-09-24 18:38:04,092 - mylogger - DEBUG - 选择选项
2018-09-24 18:38:06,643 - mylogger - INFO - 答案错误
2018-09-24 18:38:06,900 - mylogger - INFO - 正确答案；蝙蝠
2018-09-24 18:38:06,900 - mylogger - DEBUG - 添加此题
2018-09-24 18:38:07,180 - mylogger - INFO - 本题结束
2018-09-24 18:38:07,180 - mylogger - DEBUG - 获取题目
2018-09-24 18:38:09,540 - mylogger - INFO - 第 2 题
2018-09-24 18:38:09,863 - mylogger - INFO - 请根据关键词说出一位历史人物：阿珂、冲冠一怒、秦淮八艳之一
2018-09-24 18:38:10,753 - mylogger - INFO - ['陈圆圆', '柳如是', '马湘兰']
2018-09-24 18:38:11,597 - mylogger - DEBUG - 在线检索答案
2018-09-24 18:38:11,598 - mylogger - INFO - 我的答案：陈圆圆
2018-09-24 18:38:12,203 - mylogger - DEBUG - 选择选项
2018-09-24 18:38:14,776 - mylogger - INFO - 答案正确
2018-09-24 18:38:14,777 - mylogger - DEBUG - 添加此题
2018-09-24 18:38:15,348 - mylogger - INFO - 本题结束
2018-09-24 18:38:15,349 - mylogger - DEBUG - 获取题目
2018-09-24 18:38:17,732 - mylogger - INFO - 第 3 题
2018-09-24 18:38:18,001 - mylogger - INFO - 葫芦娃动画中，葫芦山里关着的是蛇精和什么妖精？
2018-09-24 18:38:18,930 - mylogger - INFO - ['蝎子精', '老鼠精', '犀牛精']
2018-09-24 18:38:19,768 - mylogger - DEBUG - 在线检索答案
2018-09-24 18:38:19,768 - mylogger - INFO - 我的答案：蝎子精
2018-09-24 18:38:20,323 - mylogger - DEBUG - 选择选项
2018-09-24 18:38:22,912 - mylogger - INFO - 答案正确
2018-09-24 18:38:22,913 - mylogger - DEBUG - 添加此题
2018-09-24 18:38:25,984 - mylogger - INFO - 本题结束
2018-09-24 18:38:25,984 - mylogger - DEBUG - 获取题目
2018-09-24 18:38:28,116 - mylogger - INFO - 第 4 题
2018-09-24 18:38:28,396 - mylogger - INFO - 电视节目《家庭幽默录像》的主持人是以下哪位？
2018-09-24 18:38:29,397 - mylogger - INFO - ['陈赫', '撒贝宁', '刘仪伟']
2018-09-24 18:38:30,538 - mylogger - DEBUG - 在线检索答案
2018-09-24 18:38:30,539 - mylogger - INFO - 我的答案：刘仪伟
2018-09-24 18:38:31,157 - mylogger - DEBUG - 选择选项
2018-09-24 18:38:33,762 - mylogger - INFO - 答案正确
2018-09-24 18:38:33,763 - mylogger - DEBUG - 添加此题
2018-09-24 18:38:35,809 - mylogger - INFO - 本题结束
2018-09-24 18:38:35,809 - mylogger - DEBUG - 获取题目
2018-09-24 18:38:38,105 - mylogger - INFO - 第 5 题
2018-09-24 18:38:38,386 - mylogger - INFO - 《睡在我上铺的兄弟》的词曲作者是谁？
2018-09-24 18:38:39,233 - mylogger - INFO - ['李海鹰', '高晓松', '林夕']
2018-09-24 18:38:39,953 - mylogger - DEBUG - 在线检索答案
2018-09-24 18:38:39,953 - mylogger - INFO - 我的答案：高晓松
2018-09-24 18:38:40,549 - mylogger - DEBUG - 选择选项
2018-09-24 18:38:43,213 - mylogger - INFO - 答案正确
2018-09-24 18:38:43,214 - mylogger - DEBUG - 添加此题
2018-09-24 18:38:45,977 - mylogger - INFO - 本题结束
2018-09-24 18:38:47,170 - mylogger - INFO - 本场比赛结束
2018-09-24 18:38:47,260 - mylogger - INFO - 返回游戏页面
2018-09-24 18:38:48,837 - mylogger - INFO - 进入排位赛
2018-09-24 18:38:48,837 - mylogger - INFO - 正在匹配中......
2018-09-24 18:40:10,363 - mylogger - INFO - 停止UC浏览器
2018-09-24 18:40:10,495 - mylogger - DEBUG - 返回主页面
2018-09-24 18:40:11,553 - mylogger - DEBUG - 打开UC浏览器
2018-09-24 18:40:14,142 - mylogger - DEBUG - 进入用户页面
2018-09-24 18:40:15,269 - mylogger - DEBUG - 进入游戏页面1
2018-09-24 18:40:17,489 - mylogger - DEBUG - 进入游戏页面2
2018-09-24 18:40:19,842 - mylogger - INFO - 选择游戏
2018-09-24 18:40:21,892 - mylogger - INFO - 进入排位赛
2018-09-24 18:40:21,892 - mylogger - INFO - 正在匹配中......
2018-09-24 18:40:54,138 - mylogger - INFO - 匹配成功
2018-09-24 18:40:54,139 - mylogger - DEBUG - 获取题目
2018-09-24 18:40:55,671 - mylogger - INFO - 第 1 题
2018-09-24 18:40:55,939 - mylogger - INFO - “我善养吾浩然之气”是谁说的？
2018-09-24 18:40:56,811 - mylogger - INFO - ['孔子', '韩非子', '孟子']
2018-09-24 18:40:56,815 - mylogger - DEBUG - 数据库中检索答案
2018-09-24 18:40:56,815 - mylogger - INFO - 我的答案：孟子
2018-09-24 18:40:57,405 - mylogger - DEBUG - 选择选项
2018-09-24 18:40:59,967 - mylogger - INFO - 答案正确
2018-09-24 18:41:10,056 - mylogger - INFO - 本题结束
2018-09-24 18:41:10,056 - mylogger - DEBUG - 获取题目
2018-09-24 18:41:12,227 - mylogger - INFO - 第 2 题
2018-09-24 18:41:12,577 - mylogger - INFO - 雌黄的主要成分是什么？
2018-09-24 18:41:13,499 - mylogger - INFO - ['五硫化二砷', '三氧化二砷', '三硫化二砷']
2018-09-24 18:41:13,842 - mylogger - DEBUG - 在线检索答案
2018-09-24 18:41:13,842 - mylogger - INFO - 我的答案：三硫化二砷
2018-09-24 18:41:14,384 - mylogger - DEBUG - 选择选项
2018-09-24 18:41:16,935 - mylogger - INFO - 答案正确
2018-09-24 18:41:16,936 - mylogger - DEBUG - 添加此题
2018-09-24 18:41:27,192 - mylogger - INFO - 本题结束
2018-09-24 18:41:27,192 - mylogger - DEBUG - 获取题目
2018-09-24 18:41:29,427 - mylogger - INFO - 第 3 题
2018-09-24 18:41:29,689 - mylogger - INFO - 以下哪个行星没有光环？
2018-09-24 18:41:30,584 - mylogger - INFO - ['天王星', '火星', '土星']
2018-09-24 18:41:31,288 - mylogger - DEBUG - 在线检索答案
2018-09-24 18:41:31,289 - mylogger - INFO - 我的答案：土星
2018-09-24 18:41:31,913 - mylogger - DEBUG - 选择选项
2018-09-24 18:41:34,476 - mylogger - INFO - 答案错误
2018-09-24 18:41:34,685 - mylogger - INFO - 正确答案；火星
2018-09-24 18:41:34,686 - mylogger - DEBUG - 添加此题
2018-09-24 18:41:44,209 - mylogger - INFO - 本题结束
2018-09-24 18:41:44,210 - mylogger - DEBUG - 获取题目
2018-09-24 18:41:46,597 - mylogger - INFO - 第 4 题
2018-09-24 18:41:46,957 - mylogger - INFO - 给小孩补充赖氨酸将它搀在下列哪种食品中比较好？
2018-09-24 18:41:47,849 - mylogger - INFO - ['牛奶', '大米饭', '面条']
2018-09-24 18:41:47,853 - mylogger - DEBUG - 数据库中检索答案
2018-09-24 18:41:47,853 - mylogger - INFO - 我的答案：大米饭
2018-09-24 18:41:48,450 - mylogger - DEBUG - 选择选项
2018-09-24 18:41:51,090 - mylogger - INFO - 答案正确
2018-09-24 18:42:01,335 - mylogger - INFO - 本题结束
2018-09-24 18:42:01,335 - mylogger - DEBUG - 获取题目
2018-09-24 18:42:03,642 - mylogger - INFO - 第 5 题
2018-09-24 18:42:03,977 - mylogger - INFO - 川菜的特点是百菜百味和什么？
2018-09-24 18:42:04,790 - mylogger - INFO - ['精雕细刻', '一菜一格', '食材新鲜']
2018-09-24 18:42:04,793 - mylogger - DEBUG - 数据库中检索答案
2018-09-24 18:42:04,793 - mylogger - INFO - 我的答案：一菜一格
2018-09-24 18:42:05,365 - mylogger - DEBUG - 选择选项
2018-09-24 18:42:07,887 - mylogger - INFO - 答案正确
2018-09-24 18:42:18,582 - mylogger - INFO - 本题结束
2018-09-24 18:42:19,759 - mylogger - INFO - 本场比赛结束
2018-09-24 18:42:19,865 - mylogger - INFO - 返回游戏页面
2018-09-24 18:42:21,458 - mylogger - INFO - 进入排位赛
2018-09-24 18:42:21,458 - mylogger - INFO - 正在匹配中......
2018-09-24 18:43:03,249 - mylogger - INFO - 匹配成功
2018-09-24 18:43:03,249 - mylogger - DEBUG - 获取题目
2018-09-24 18:43:04,625 - mylogger - INFO - 第 1 题
2018-09-24 18:43:04,915 - mylogger - INFO - 下面活动中不属于元宵节的民俗活动？
2018-09-24 18:43:05,816 - mylogger - INFO - ['放风筝', '闹灶火', '舞狮子']
2018-09-24 18:43:06,892 - mylogger - DEBUG - 在线检索答案
2018-09-24 18:43:06,892 - mylogger - INFO - 我的答案：放风筝
2018-09-24 18:43:07,532 - mylogger - DEBUG - 选择选项
2018-09-24 18:43:10,121 - mylogger - INFO - 答案正确
2018-09-24 18:43:10,121 - mylogger - DEBUG - 添加此题
2018-09-24 18:43:11,246 - mylogger - INFO - 本题结束
2018-09-24 18:43:11,246 - mylogger - DEBUG - 获取题目
2018-09-24 18:43:13,349 - mylogger - INFO - 第 2 题
2018-09-24 18:43:13,641 - mylogger - INFO - 孩子在学习上碰到困难，家长应有的态度是怎样的？
2018-09-24 18:43:14,525 - mylogger - INFO - ['指责孩子太笨', '鼓励孩子克服，适当给予指点', '包办代替']
2018-09-24 18:43:14,796 - mylogger - DEBUG - 在线检索答案
2018-09-24 18:43:14,796 - mylogger - INFO - 我的答案：指责孩子太笨
2018-09-24 18:43:15,400 - mylogger - DEBUG - 选择选项
2018-09-24 18:43:17,932 - mylogger - INFO - 答案错误
2018-09-24 18:43:18,066 - mylogger - INFO - 正确答案；鼓励孩子克服，适当给予指点
2018-09-24 18:43:18,066 - mylogger - DEBUG - 添加此题
2018-09-24 18:43:18,785 - mylogger - INFO - 本题结束
2018-09-24 18:43:18,785 - mylogger - DEBUG - 获取题目
2018-09-24 18:43:21,009 - mylogger - INFO - 第 3 题
2018-09-24 18:43:21,284 - mylogger - INFO - 中国在国际货币基金组织中属于：
2018-09-24 18:43:22,093 - mylogger - INFO - ['观察员', '正式成员', '准成员']
2018-09-24 18:43:23,874 - mylogger - DEBUG - 在线检索答案
2018-09-24 18:43:23,874 - mylogger - INFO - 我的答案：正式成员
2018-09-24 18:50:07,089 - mylogger - INFO - 停止UC浏览器
2018-09-24 18:50:07,218 - mylogger - DEBUG - 返回主页面
2018-09-24 18:50:08,633 - mylogger - DEBUG - 打开UC浏览器
2018-09-24 18:50:11,061 - mylogger - DEBUG - 进入用户页面
2018-09-24 18:50:12,050 - mylogger - DEBUG - 进入游戏页面1
2018-09-24 18:50:14,077 - mylogger - DEBUG - 进入游戏页面2
2018-09-24 18:50:16,418 - mylogger - INFO - 选择游戏
2018-09-24 18:50:18,565 - mylogger - INFO - 进入排位赛
2018-09-24 18:50:18,565 - mylogger - INFO - 正在匹配中......
2018-09-24 18:50:49,111 - mylogger - INFO - 匹配成功
2018-09-24 18:50:49,111 - mylogger - DEBUG - 获取题目
2018-09-24 18:50:50,566 - mylogger - INFO - 第 1 题
2018-09-24 18:50:50,940 - mylogger - INFO - 《公主与青蛙》里的青蛙是什么变的？
2018-09-24 18:50:51,876 - mylogger - INFO - ['公主的妈妈', '王子', '仆人']
2018-09-24 18:50:52,586 - mylogger - DEBUG - 在线检索答案
2018-09-24 18:50:52,587 - mylogger - INFO - 我的答案：王子
2018-09-24 18:50:53,226 - mylogger - DEBUG - 选择选项
2018-09-24 18:50:55,835 - mylogger - INFO - 答案正确
2018-09-24 18:50:55,836 - mylogger - DEBUG - 添加此题
2018-09-24 18:50:58,954 - mylogger - INFO - 本题结束
2018-09-24 18:50:58,954 - mylogger - DEBUG - 获取题目
2018-09-24 18:51:01,008 - mylogger - INFO - 第 2 题
2018-09-24 18:51:01,301 - mylogger - INFO - 遗传学的分离定律和自由组合定律的发现者是谁？
2018-09-24 18:51:02,211 - mylogger - INFO - ['孟德尔', '摩尔根', '比德尔']
2018-09-24 18:51:02,922 - mylogger - DEBUG - 在线检索答案
2018-09-24 18:51:02,922 - mylogger - INFO - 我的答案：孟德尔
2018-09-24 18:51:03,539 - mylogger - DEBUG - 选择选项
2018-09-24 18:51:06,092 - mylogger - INFO - 答案正确
2018-09-24 18:51:06,093 - mylogger - DEBUG - 添加此题
2018-09-24 18:51:06,632 - mylogger - INFO - 本题结束
2018-09-24 18:51:06,632 - mylogger - DEBUG - 获取题目
2018-09-24 18:51:08,836 - mylogger - INFO - 第 3 题
2018-09-24 18:51:09,133 - mylogger - INFO - 《欧若拉》是哪个女歌手的专辑？
2018-09-24 18:51:10,021 - mylogger - INFO - ['张韶涵', '张碧晨', '韩红']
2018-09-24 18:51:10,830 - mylogger - DEBUG - 在线检索答案
2018-09-24 18:51:10,830 - mylogger - INFO - 我的答案：张韶涵
2018-09-24 18:51:11,456 - mylogger - DEBUG - 选择选项
2018-09-24 18:51:13,997 - mylogger - INFO - 答案正确
2018-09-24 18:51:13,998 - mylogger - DEBUG - 添加此题
2018-09-24 18:51:14,984 - mylogger - INFO - 本题结束
2018-09-24 18:51:14,984 - mylogger - DEBUG - 获取题目
2018-09-24 18:51:17,134 - mylogger - INFO - 第 4 题
2018-09-24 18:51:17,438 - mylogger - INFO - 哪一个历史事件被认为是古代欧洲的终结？
2018-09-24 18:51:18,296 - mylogger - INFO - ['西罗马帝国灭亡', '亚历山大西征', '君士坦丁堡的陷落']
2018-09-24 18:51:19,169 - mylogger - DEBUG - 未检索到答案
2018-09-24 18:51:19,169 - mylogger - INFO - 我的答案：西罗马帝国灭亡
2018-09-24 18:51:19,816 - mylogger - DEBUG - 选择选项
2018-09-24 18:51:22,317 - mylogger - INFO - 答案正确
2018-09-24 18:51:22,318 - mylogger - DEBUG - 添加此题
2018-09-24 18:51:24,272 - mylogger - INFO - 本题结束
2018-09-24 18:51:24,272 - mylogger - DEBUG - 获取题目
2018-09-24 18:51:26,518 - mylogger - INFO - 第 5 题
2018-09-24 18:51:26,876 - mylogger - INFO - 三个数相乘，先乘前两个数，或者先乘后两个数，积不变，这是？
2018-09-24 18:51:27,774 - mylogger - INFO - ['乘法交换律', '乘法结合律', '乘法分配律']
2018-09-24 18:51:29,525 - mylogger - DEBUG - 在线检索答案
2018-09-24 18:51:29,525 - mylogger - INFO - 我的答案：乘法交换律
2018-09-24 18:51:30,105 - mylogger - DEBUG - 选择选项
2018-09-24 18:51:32,714 - mylogger - INFO - 答案错误
2018-09-24 18:51:32,830 - mylogger - INFO - 正确答案；乘法结合律
2018-09-24 18:51:32,831 - mylogger - DEBUG - 添加此题
2018-09-24 18:51:36,465 - mylogger - INFO - 本题结束
2018-09-24 18:51:37,645 - mylogger - INFO - 本场比赛结束
2018-09-24 18:51:37,773 - mylogger - INFO - 返回游戏页面
2018-09-24 18:51:39,302 - mylogger - INFO - 进入排位赛
2018-09-24 18:51:39,303 - mylogger - INFO - 正在匹配中......
2018-09-24 18:53:26,702 - mylogger - INFO - 匹配成功
2018-09-24 18:53:26,702 - mylogger - DEBUG - 获取题目
2018-09-24 18:53:27,378 - mylogger - INFO - 第 1 题
2018-09-24 18:53:27,631 - mylogger - INFO - “北京时间”来自哪个授时点？
2018-09-24 18:53:28,446 - mylogger - INFO - ['南昌天文台', '山西天文台', '陕西天文台']
2018-09-24 18:53:28,449 - mylogger - DEBUG - 数据库中检索答案
2018-09-24 18:53:28,449 - mylogger - INFO - 我的答案：陕西天文台
2018-09-24 18:53:29,098 - mylogger - DEBUG - 选择选项
2018-09-24 18:53:31,566 - mylogger - INFO - 答案正确
2018-09-24 18:53:33,354 - mylogger - INFO - 本题结束
2018-09-24 18:53:33,354 - mylogger - DEBUG - 获取题目
2018-09-24 18:53:35,538 - mylogger - INFO - 第 2 题
2018-09-24 18:53:35,886 - mylogger - INFO - 以下哪个词不指代口红？
2018-09-24 18:53:36,694 - mylogger - INFO - ['小苹果', '子弹头', '小羊皮']
2018-09-24 18:53:37,454 - mylogger - DEBUG - 在线检索答案
2018-09-24 18:53:37,454 - mylogger - INFO - 我的答案：小苹果
2018-09-24 18:53:38,004 - mylogger - DEBUG - 选择选项
2018-09-24 18:53:40,659 - mylogger - INFO - 答案正确
2018-09-24 18:53:40,659 - mylogger - DEBUG - 添加此题
2018-09-24 18:53:44,423 - mylogger - INFO - 本题结束
2018-09-24 18:53:44,423 - mylogger - DEBUG - 获取题目
2018-09-24 18:53:46,491 - mylogger - INFO - 第 3 题
2018-09-24 18:53:46,763 - mylogger - INFO - 太阳的中心温度可达摄氏多少度左右？
2018-09-24 18:53:47,587 - mylogger - INFO - ['2万', '5000万', '1500万']
2018-09-24 18:53:47,590 - mylogger - DEBUG - 数据库中检索答案
2018-09-24 18:53:47,591 - mylogger - INFO - 我的答案：1500万
2018-09-24 18:53:48,186 - mylogger - DEBUG - 选择选项
2018-09-24 18:53:50,715 - mylogger - INFO - 答案正确
2018-09-24 18:53:52,112 - mylogger - INFO - 本题结束
2018-09-24 18:53:52,112 - mylogger - DEBUG - 获取题目
2018-09-24 18:53:54,112 - mylogger - INFO - 第 4 题
2018-09-24 18:53:54,387 - mylogger - INFO - 北京的居庸关云台，俗称什么塔？
2018-09-24 18:53:55,260 - mylogger - INFO - ['过街塔', '金刚宝座塔', '覆钵塔']
2018-09-24 18:53:55,897 - mylogger - DEBUG - 在线检索答案
2018-09-24 18:53:55,898 - mylogger - INFO - 我的答案：过街塔
2018-09-24 18:53:56,559 - mylogger - DEBUG - 选择选项
2018-09-24 18:53:59,143 - mylogger - INFO - 答案正确
2018-09-24 18:53:59,144 - mylogger - DEBUG - 添加此题
2018-09-24 18:54:00,335 - mylogger - INFO - 本题结束
2018-09-24 18:54:00,336 - mylogger - DEBUG - 获取题目
2018-09-24 18:54:02,527 - mylogger - INFO - 第 5 题
2018-09-24 18:54:02,792 - mylogger - INFO - 篮球运动员克里斯-保罗未曾效力过哪支球队？
2018-09-24 18:54:03,667 - mylogger - INFO - ['密尔沃基雄鹿队', '休斯顿火箭队', '新奥尔良鹈鹕队']
2018-09-24 18:54:04,385 - mylogger - DEBUG - 在线检索答案
2018-09-24 18:54:04,386 - mylogger - INFO - 我的答案：休斯顿火箭队
2018-09-24 18:54:04,983 - mylogger - DEBUG - 选择选项
2018-09-24 18:54:07,508 - mylogger - INFO - 答案错误
2018-09-24 18:54:07,620 - mylogger - INFO - 正确答案；密尔沃基雄鹿队
2018-09-24 18:54:07,620 - mylogger - DEBUG - 添加此题
2018-09-24 18:54:08,807 - mylogger - INFO - 本题结束
2018-09-24 18:54:10,000 - mylogger - INFO - 本场比赛结束
2018-09-24 18:54:10,078 - mylogger - INFO - 返回游戏页面
2018-09-24 18:54:11,684 - mylogger - INFO - 进入排位赛
2018-09-24 18:54:11,684 - mylogger - INFO - 正在匹配中......
2018-09-24 18:55:10,842 - mylogger - INFO - 匹配成功
2018-09-24 18:55:10,842 - mylogger - DEBUG - 获取题目
2018-09-24 18:55:11,553 - mylogger - INFO - 第 1 题
2018-09-24 18:55:11,903 - mylogger - INFO - “途观”属于下列哪种车型？
2018-09-24 18:55:12,790 - mylogger - INFO - ['皮卡', '紧凑型SUV', '全尺寸SUV']
2018-09-24 18:55:13,614 - mylogger - DEBUG - 在线检索答案
2018-09-24 18:55:13,615 - mylogger - INFO - 我的答案：紧凑型SUV
2018-09-24 18:55:14,278 - mylogger - DEBUG - 选择选项
2018-09-24 18:55:16,858 - mylogger - INFO - 答案正确
2018-09-24 18:55:16,859 - mylogger - DEBUG - 添加此题
2018-09-24 18:55:17,161 - mylogger - INFO - 本题结束
2018-09-24 18:55:17,162 - mylogger - DEBUG - 获取题目
2018-09-24 18:55:19,427 - mylogger - INFO - 第 2 题
2018-09-24 18:55:19,728 - mylogger - INFO - 以下哪一个是联合国安理会常任理事国之一?
2018-09-24 18:55:20,615 - mylogger - INFO - ['法国', '日本', '加拿大']
2018-09-24 18:55:20,618 - mylogger - DEBUG - 数据库中检索答案
2018-09-24 18:55:20,619 - mylogger - INFO - 我的答案：法国
2018-09-24 18:55:21,227 - mylogger - DEBUG - 选择选项
2018-09-24 18:55:23,847 - mylogger - INFO - 答案正确
2018-09-24 18:55:26,080 - mylogger - INFO - 本题结束
2018-09-24 18:55:26,080 - mylogger - DEBUG - 获取题目
2018-09-24 18:55:28,379 - mylogger - INFO - 第 3 题
2018-09-24 18:55:28,659 - mylogger - INFO - 以下哪一首歌曲不是蔡依林的代表作？
2018-09-24 18:55:29,515 - mylogger - INFO - ['《处处吻》', '《倒带》', '《日不落》']
2018-09-24 18:55:30,645 - mylogger - DEBUG - 在线检索答案
2018-09-24 18:55:30,645 - mylogger - INFO - 我的答案：《处处吻》
2018-09-24 18:55:31,223 - mylogger - DEBUG - 选择选项
2018-09-24 18:55:33,740 - mylogger - INFO - 答案正确
2018-09-24 18:55:33,741 - mylogger - DEBUG - 添加此题
2018-09-24 18:55:34,755 - mylogger - INFO - 本题结束
2018-09-24 18:55:34,755 - mylogger - DEBUG - 获取题目
2018-09-24 18:55:37,003 - mylogger - INFO - 第 4 题
2018-09-24 18:55:37,268 - mylogger - INFO - 小李有15颗糖，送给小张2颗后，两人的糖一样多，那么小张原来有几颗糖？
2018-09-24 18:55:38,263 - mylogger - INFO - ['13颗', '11颗', '15颗']
2018-09-24 18:55:39,400 - mylogger - DEBUG - 在线检索答案
2018-09-24 18:55:39,400 - mylogger - INFO - 我的答案：15颗
2018-09-24 18:55:40,030 - mylogger - DEBUG - 选择选项
2018-09-24 18:55:42,648 - mylogger - INFO - 答案错误
2018-09-24 18:55:42,847 - mylogger - INFO - 正确答案；11颗
2018-09-24 18:55:42,848 - mylogger - DEBUG - 添加此题
2018-09-24 18:55:47,112 - mylogger - INFO - 本题结束
2018-09-24 18:55:47,112 - mylogger - DEBUG - 获取题目
2018-09-24 18:55:49,387 - mylogger - INFO - 第 5 题
2018-09-24 18:55:49,656 - mylogger - INFO - 中国第一个国家森林公园是哪个？
2018-09-24 18:55:50,592 - mylogger - INFO - ['溪流河国家森林公园', '张家界国家森林公园', '亚龙湾热带森林公园']
2018-09-24 18:55:50,931 - mylogger - DEBUG - 在线检索答案
2018-09-24 18:55:50,931 - mylogger - INFO - 我的答案：张家界国家森林公园
2018-09-24 18:55:51,524 - mylogger - DEBUG - 选择选项
2018-09-24 18:55:54,108 - mylogger - INFO - 答案正确
2018-09-24 18:55:54,109 - mylogger - DEBUG - 添加此题
2018-09-24 18:55:59,612 - mylogger - INFO - 本题结束
2018-09-24 18:56:00,817 - mylogger - INFO - 本场比赛结束
2018-09-24 18:56:00,888 - mylogger - INFO - 返回游戏页面
2018-09-24 18:56:02,425 - mylogger - INFO - 进入排位赛
2018-09-24 18:56:02,425 - mylogger - INFO - 正在匹配中......
2018-09-24 18:56:21,589 - mylogger - INFO - 匹配成功
2018-09-24 18:56:21,589 - mylogger - DEBUG - 获取题目
2018-09-24 18:56:22,278 - mylogger - INFO - 第 1 题
2018-09-24 18:56:22,585 - mylogger - INFO - 以下哪一次战争，是世界历史上第一次欧亚两洲大规模国际战争？
2018-09-24 18:56:23,449 - mylogger - INFO - ['布匿战争', '特洛伊战争', '希波战争']
2018-09-24 18:56:23,452 - mylogger - DEBUG - 数据库中检索答案
2018-09-24 18:56:23,453 - mylogger - INFO - 我的答案：希波战争
2018-09-24 18:56:24,050 - mylogger - DEBUG - 选择选项
2018-09-24 18:56:26,662 - mylogger - INFO - 答案正确
2018-09-24 18:56:31,577 - mylogger - INFO - 本题结束
2018-09-24 18:56:31,577 - mylogger - DEBUG - 获取题目
2018-09-24 18:56:33,810 - mylogger - INFO - 第 2 题
2018-09-24 18:56:34,078 - mylogger - INFO - 金庸《天龙八部》中，写了一种叫“十八学士”的花，是下列哪种？
2018-09-24 18:56:34,957 - mylogger - INFO - ['菊花', '桃花', '茶花']
2018-09-24 18:56:35,740 - mylogger - DEBUG - 在线检索答案
2018-09-24 18:56:35,740 - mylogger - INFO - 我的答案：茶花
2018-09-24 18:56:36,326 - mylogger - DEBUG - 选择选项
2018-09-24 18:56:38,831 - mylogger - INFO - 答案正确
2018-09-24 18:56:38,832 - mylogger - DEBUG - 添加此题
2018-09-24 18:56:40,549 - mylogger - INFO - 本题结束
2018-09-24 18:56:40,549 - mylogger - DEBUG - 获取题目
2018-09-24 18:56:42,812 - mylogger - INFO - 第 3 题
2018-09-24 18:56:43,118 - mylogger - INFO - 一年将尽夜（打一过节用品）
2018-09-24 18:56:44,034 - mylogger - INFO - ['新春联', '鞭炮', '年货']
2018-09-24 18:56:45,176 - mylogger - DEBUG - 在线检索答案
2018-09-24 18:56:45,176 - mylogger - INFO - 我的答案：新春联
2018-09-24 18:56:45,773 - mylogger - DEBUG - 选择选项
2018-09-24 18:56:48,380 - mylogger - INFO - 答案正确
2018-09-24 18:56:48,380 - mylogger - DEBUG - 添加此题
2018-09-24 18:56:53,338 - mylogger - INFO - 本题结束
2018-09-24 18:56:53,339 - mylogger - DEBUG - 获取题目
2018-09-24 18:56:55,530 - mylogger - INFO - 第 4 题
2018-09-24 18:56:55,796 - mylogger - INFO - 古天乐版电影《倩女幽魂》中，小倩的扮演者是谁？
2018-09-24 18:56:56,638 - mylogger - INFO - ['刘亦菲', '大S', '王祖贤']
2018-09-24 18:56:56,648 - mylogger - DEBUG - 数据库中检索答案
2018-09-24 18:56:56,648 - mylogger - INFO - 我的答案：刘亦菲
2018-09-24 18:56:57,270 - mylogger - DEBUG - 选择选项
2018-09-24 18:56:59,811 - mylogger - INFO - 答案正确
2018-09-24 18:57:03,530 - mylogger - INFO - 本题结束
2018-09-24 18:57:03,531 - mylogger - DEBUG - 获取题目
2018-09-24 18:57:05,707 - mylogger - INFO - 第 5 题
2018-09-24 18:57:05,988 - mylogger - INFO - 过多的紫外线伤害不会导致什么疾病发病率变高？
2018-09-24 18:57:06,931 - mylogger - INFO - ['结膜炎', '角膜炎', '白内障']
2018-09-24 18:57:08,044 - mylogger - DEBUG - 在线检索答案
2018-09-24 18:57:08,044 - mylogger - INFO - 我的答案：结膜炎
2018-09-24 18:57:08,610 - mylogger - DEBUG - 选择选项
2018-09-24 18:57:11,198 - mylogger - INFO - 答案错误
2018-09-24 18:57:11,327 - mylogger - INFO - 正确答案；角膜炎
2018-09-24 18:57:11,328 - mylogger - DEBUG - 添加此题
2018-09-24 18:57:12,806 - mylogger - INFO - 本题结束
2018-09-24 18:57:13,975 - mylogger - INFO - 本场比赛结束
2018-09-24 18:57:14,026 - mylogger - INFO - 返回游戏页面
2018-09-24 18:57:15,560 - mylogger - INFO - 进入排位赛
2018-09-24 18:57:15,560 - mylogger - INFO - 正在匹配中......
2018-09-24 18:59:17,392 - mylogger - WARNING - 匹配失败
2018-09-24 18:59:17,495 - mylogger - INFO - 返回游戏页面
2018-09-24 18:59:19,046 - mylogger - INFO - 进入排位赛
2018-09-24 18:59:19,046 - mylogger - INFO - 正在匹配中......
2018-09-24 18:59:24,004 - mylogger - INFO - 匹配成功
2018-09-24 18:59:24,004 - mylogger - DEBUG - 获取题目
2018-09-24 18:59:25,433 - mylogger - INFO - 第 1 题
2018-09-24 18:59:25,701 - mylogger - INFO - 世界上第一颗人造卫星是由哪个国家发射的？
2018-09-24 18:59:26,586 - mylogger - INFO - ['德国', '苏联', '美国']
2018-09-24 18:59:27,390 - mylogger - DEBUG - 在线检索答案
2018-09-24 18:59:27,390 - mylogger - INFO - 我的答案：苏联
2018-09-24 18:59:27,992 - mylogger - DEBUG - 选择选项
2018-09-24 18:59:30,597 - mylogger - INFO - 答案正确
2018-09-24 18:59:30,598 - mylogger - DEBUG - 添加此题
2018-09-24 18:59:37,452 - mylogger - INFO - 本题结束
2018-09-24 18:59:37,452 - mylogger - DEBUG - 获取题目
2018-09-24 18:59:39,757 - mylogger - INFO - 第 2 题
2018-09-24 18:59:40,101 - mylogger - INFO - 什么东西只增不减？
2018-09-24 18:59:40,937 - mylogger - INFO - ['egg', 'tea', 'age']
2018-09-24 18:59:41,630 - mylogger - DEBUG - 在线检索答案
2018-09-24 18:59:41,631 - mylogger - INFO - 我的答案：egg
2018-09-24 18:59:42,246 - mylogger - DEBUG - 选择选项
2018-09-24 19:01:46,906 - mylogger - INFO - 停止UC浏览器
2018-09-24 19:01:47,040 - mylogger - DEBUG - 返回主页面
2018-09-24 19:01:47,510 - mylogger - DEBUG - 打开UC浏览器
2018-09-24 19:01:50,062 - mylogger - DEBUG - 进入用户页面
2018-09-24 19:01:56,818 - mylogger - INFO - 停止UC浏览器
2018-09-24 19:01:56,887 - mylogger - DEBUG - 返回主页面
2018-09-24 19:01:58,646 - mylogger - DEBUG - 打开UC浏览器
2018-09-24 19:02:01,507 - mylogger - DEBUG - 进入用户页面
2018-09-24 19:02:02,927 - mylogger - DEBUG - 进入游戏页面1
2018-09-24 19:02:05,187 - mylogger - DEBUG - 进入游戏页面2
2018-09-24 19:02:07,584 - mylogger - INFO - 选择游戏
2018-09-24 19:02:09,507 - mylogger - INFO - 进入排位赛
2018-09-24 19:02:09,507 - mylogger - INFO - 正在匹配中......
2018-09-24 19:03:18,094 - mylogger - INFO - 匹配成功
2018-09-24 19:03:18,095 - mylogger - DEBUG - 获取题目
2018-09-24 19:03:19,526 - mylogger - INFO - 第 1 题
2018-09-24 19:03:19,881 - mylogger - INFO - 日本现役的F-2A战斗机的技术原型是哪一个？
2018-09-24 19:03:20,898 - mylogger - INFO - ['美国F-16', '美国F-15', '法国“阵风”']
2018-09-24 19:03:21,721 - mylogger - DEBUG - 未检索到答案
2018-09-24 19:03:21,721 - mylogger - INFO - 我的答案：美国F-16
2018-09-24 19:03:22,320 - mylogger - DEBUG - 选择选项
2018-09-24 19:03:24,903 - mylogger - INFO - 答案正确
2018-09-24 19:03:24,904 - mylogger - DEBUG - 添加此题
2018-09-24 19:03:27,826 - mylogger - INFO - 本题结束
2018-09-24 19:03:27,827 - mylogger - DEBUG - 获取题目
2018-09-24 19:03:30,079 - mylogger - INFO - 第 2 题
2018-09-24 19:03:30,354 - mylogger - INFO - 《樱桃小丸子》的原型其实就是作者自己，她是谁？
2018-09-24 19:03:31,203 - mylogger - INFO - ['樱桃子', '樱子', '丸子']
2018-09-24 19:03:31,206 - mylogger - DEBUG - 数据库中检索答案
2018-09-24 19:03:31,206 - mylogger - INFO - 我的答案：樱桃子
2018-09-24 19:03:31,801 - mylogger - DEBUG - 选择选项
2018-09-24 19:03:34,434 - mylogger - INFO - 答案正确
2018-09-24 19:03:39,740 - mylogger - INFO - 本题结束
2018-09-24 19:03:39,740 - mylogger - DEBUG - 获取题目
2018-09-24 19:03:42,020 - mylogger - INFO - 第 3 题
2018-09-24 19:03:42,384 - mylogger - INFO - 乔治-希尔当前效力的球队是以下哪个？
2018-09-24 19:03:43,331 - mylogger - INFO - ['萨克拉门托国王队', '克里夫兰骑士队', '华盛顿奇才队']
2018-09-24 19:03:43,335 - mylogger - DEBUG - 数据库中检索答案
2018-09-24 19:03:43,335 - mylogger - INFO - 我的答案：克里夫兰骑士队
2018-09-24 19:03:43,924 - mylogger - DEBUG - 选择选项
2018-09-24 19:03:46,492 - mylogger - INFO - 答案正确
2018-09-24 19:03:53,080 - mylogger - INFO - 本题结束
2018-09-24 19:03:53,080 - mylogger - DEBUG - 获取题目
2018-09-24 19:03:55,286 - mylogger - INFO - 第 4 题
2018-09-24 19:03:55,625 - mylogger - INFO - 猜灯谜最早出现在哪个朝代？
2018-09-24 19:03:56,516 - mylogger - INFO - ['汉朝', '宋朝', '元朝']
2018-09-24 19:03:56,527 - mylogger - DEBUG - 数据库中检索答案
2018-09-24 19:03:56,527 - mylogger - INFO - 我的答案：宋朝
2018-09-24 19:03:57,143 - mylogger - DEBUG - 选择选项
2018-09-24 19:03:59,744 - mylogger - INFO - 答案正确
2018-09-24 19:04:01,985 - mylogger - INFO - 本题结束
2018-09-24 19:04:01,986 - mylogger - DEBUG - 获取题目
2018-09-24 19:04:04,185 - mylogger - INFO - 第 5 题
2018-09-24 19:04:04,488 - mylogger - INFO - 下列动画片中，属于我国独创的水墨动画片的是哪个？
2018-09-24 19:04:05,337 - mylogger - INFO - ['《牧笛》', '《三个和尚》', '《哪吒闹海》']
2018-09-24 19:04:07,370 - mylogger - DEBUG - 在线检索答案
2018-09-24 19:04:07,370 - mylogger - INFO - 我的答案：《牧笛》
2018-09-24 19:04:07,929 - mylogger - DEBUG - 选择选项
2018-09-24 19:12:48,165 - mylogger - INFO - 停止UC浏览器
2018-09-24 19:12:48,284 - mylogger - DEBUG - 返回主页面
2018-09-24 19:12:48,937 - mylogger - DEBUG - 打开UC浏览器
2018-09-24 19:12:51,318 - mylogger - DEBUG - 进入用户页面
2018-09-24 19:12:52,737 - mylogger - DEBUG - 进入游戏页面1
2018-09-24 19:12:54,769 - mylogger - DEBUG - 进入游戏页面2
2018-09-24 19:12:57,093 - mylogger - INFO - 选择游戏
2018-09-24 19:12:59,322 - mylogger - INFO - 进入排位赛
2018-09-24 19:12:59,323 - mylogger - INFO - 正在匹配中......
2018-09-24 19:13:54,628 - mylogger - INFO - 匹配成功
2018-09-24 19:13:54,628 - mylogger - DEBUG - 获取题目
2018-09-24 19:13:55,314 - mylogger - INFO - 第 1 题
2018-09-24 19:13:55,621 - mylogger - INFO - 以下哪一个不属于《复仇者联盟》中的六大超级英雄之一？
2018-09-24 19:13:56,477 - mylogger - INFO - ['美国队长', '葫芦娃', '钢铁侠']
2018-09-24 19:13:56,486 - mylogger - DEBUG - 数据库中检索答案
2018-09-24 19:13:56,486 - mylogger - INFO - 我的答案：葫芦娃
2018-09-24 19:13:57,047 - mylogger - DEBUG - 选择选项
2018-09-24 19:13:59,542 - mylogger - INFO - 答案正确
2018-09-24 19:14:01,504 - mylogger - INFO - 本题结束
2018-09-24 19:14:01,504 - mylogger - DEBUG - 获取题目
2018-09-24 19:14:03,876 - mylogger - INFO - 第 2 题
2018-09-24 19:14:04,177 - mylogger - INFO - 《西游记》“三打白骨精”，白骨精第二次变成什么人物来骗唐僧？
2018-09-24 19:14:05,073 - mylogger - INFO - ['老太太', '老头子', '小姑娘']
2018-09-24 19:14:06,006 - mylogger - DEBUG - 未检索到答案
2018-09-24 19:14:06,006 - mylogger - INFO - 我的答案：老太太
2018-09-24 19:14:06,581 - mylogger - DEBUG - 选择选项
2018-09-24 19:14:09,125 - mylogger - INFO - 答案正确
2018-09-24 19:14:09,126 - mylogger - DEBUG - 添加此题
2018-09-24 19:14:09,626 - mylogger - INFO - 本题结束
2018-09-24 19:14:09,626 - mylogger - DEBUG - 获取题目
2018-09-24 19:14:11,973 - mylogger - INFO - 第 3 题
2018-09-24 19:14:12,270 - mylogger - INFO - 下列哪一个不是我国“新四大发明”？
2018-09-24 19:14:13,117 - mylogger - INFO - ['共享单车', '网购', '指南针']
2018-09-24 19:14:13,880 - mylogger - DEBUG - 在线检索答案
2018-09-24 19:14:13,881 - mylogger - INFO - 我的答案：指南针
2018-09-24 19:14:14,489 - mylogger - DEBUG - 选择选项
2018-09-24 19:14:17,012 - mylogger - INFO - 答案正确
2018-09-24 19:14:17,012 - mylogger - DEBUG - 添加此题
2018-09-24 19:14:18,023 - mylogger - INFO - 本题结束
2018-09-24 19:14:18,023 - mylogger - DEBUG - 获取题目
2018-09-24 19:14:20,134 - mylogger - INFO - 第 4 题
2018-09-24 19:14:20,407 - mylogger - INFO - 4-6个月宝宝两次喂奶之间的喂水量是？
2018-09-24 19:14:21,270 - mylogger - INFO - ['30－45ml', '90－100ml', '90－120ml']
2018-09-24 19:14:21,274 - mylogger - DEBUG - 数据库中检索答案
2018-09-24 19:14:21,275 - mylogger - INFO - 我的答案：90－100ml
2018-09-24 19:14:21,893 - mylogger - DEBUG - 选择选项
2018-09-24 19:14:24,494 - mylogger - INFO - 答案正确
2018-09-24 19:14:27,749 - mylogger - INFO - 本题结束
2018-09-24 19:14:27,749 - mylogger - DEBUG - 获取题目
2018-09-24 19:14:30,070 - mylogger - INFO - 第 5 题
2018-09-24 19:14:30,357 - mylogger - INFO - 下列选项中，哪一个是我国黄河上游与中游的分界点？
2018-09-24 19:14:31,218 - mylogger - INFO - ['河曲', '河口', '孟津']
2018-09-24 19:14:32,858 - mylogger - DEBUG - 在线检索答案
2018-09-24 19:14:32,858 - mylogger - INFO - 我的答案：河口
2018-09-24 19:14:33,447 - mylogger - DEBUG - 选择选项
2018-09-24 19:14:36,030 - mylogger - INFO - 答案正确
2018-09-24 19:14:36,031 - mylogger - DEBUG - 添加此题
2018-09-24 19:14:36,974 - mylogger - INFO - 本题结束
2018-09-24 19:14:38,134 - mylogger - INFO - 本场比赛结束
2018-09-24 19:14:38,219 - mylogger - INFO - 返回游戏页面
2018-09-24 19:14:39,838 - mylogger - INFO - 进入排位赛
2018-09-24 19:14:39,838 - mylogger - INFO - 正在匹配中......
2018-09-24 19:16:41,991 - mylogger - WARNING - 匹配失败
2018-09-24 19:16:42,099 - mylogger - INFO - 返回游戏页面
2018-09-24 19:16:43,759 - mylogger - INFO - 进入排位赛
2018-09-24 19:16:43,759 - mylogger - INFO - 正在匹配中......
2018-09-24 19:16:53,064 - mylogger - INFO - 匹配成功
2018-09-24 19:16:53,064 - mylogger - DEBUG - 获取题目
2018-09-24 19:16:53,776 - mylogger - INFO - 第 1 题
2018-09-24 19:16:54,064 - mylogger - INFO - 军事名称中，常见的“STOVL飞机”是指什么意思？
2018-09-24 19:16:55,048 - mylogger - INFO - ['超音速飞机', '垂直/短距起降飞机', '滑跃起飞']
2018-09-24 19:16:55,816 - mylogger - DEBUG - 未检索到答案
2018-09-24 19:16:55,817 - mylogger - INFO - 我的答案：超音速飞机
2018-09-24 19:16:56,379 - mylogger - DEBUG - 选择选项
2018-09-24 19:16:58,956 - mylogger - INFO - 答案错误
2018-09-24 19:16:59,076 - mylogger - INFO - 正确答案；垂直/短距起降飞机
2018-09-24 19:16:59,077 - mylogger - DEBUG - 添加此题
2018-09-24 19:17:20,338 - mylogger - INFO - 本题结束
2018-09-24 19:17:20,338 - mylogger - DEBUG - 获取题目
2018-09-24 19:17:22,165 - mylogger - INFO - 第 1 题
2018-09-24 19:17:22,473 - mylogger - INFO - 军事名称中，常见的“STOVL飞机”是指什么意思？
2018-09-24 19:17:23,605 - mylogger - INFO - ['超音速飞机', '垂直/短距起降飞机', '滑跃起飞']
2018-09-24 19:17:23,608 - mylogger - DEBUG - 数据库中检索答案
2018-09-24 19:17:23,608 - mylogger - INFO - 我的答案：垂直/短距起降飞机
2018-09-24 19:17:24,177 - mylogger - DEBUG - 选择选项
2018-09-24 19:17:26,738 - mylogger - INFO - 答案错误
2018-09-24 19:17:26,849 - mylogger - INFO - 正确答案；超音速飞机
2018-09-24 19:17:26,850 - mylogger - DEBUG - 更新答案
2018-09-24 19:19:56,782 - mylogger - INFO - 停止UC浏览器
2018-09-24 19:19:56,844 - mylogger - DEBUG - 返回主页面
2018-09-24 19:19:58,318 - mylogger - DEBUG - 打开UC浏览器
2018-09-24 19:20:00,608 - mylogger - DEBUG - 进入用户页面
2018-09-24 19:20:01,812 - mylogger - DEBUG - 进入游戏页面1
2018-09-24 19:20:04,110 - mylogger - DEBUG - 进入游戏页面2
2018-09-24 19:20:07,124 - mylogger - INFO - 选择游戏
2018-09-24 19:20:08,399 - mylogger - INFO - 进入排位赛
2018-09-24 19:20:08,399 - mylogger - INFO - 正在匹配中......
2018-09-24 19:20:50,869 - mylogger - INFO - 匹配成功
2018-09-24 19:20:50,870 - mylogger - DEBUG - 获取题目
2018-09-24 19:20:52,279 - mylogger - INFO - 第 1 题
2018-09-24 19:20:52,570 - mylogger - INFO - 东风从哪个方向刮过来？
2018-09-24 19:20:53,406 - mylogger - INFO - ['东方', '西方', '南方']
2018-09-24 19:20:54,214 - mylogger - DEBUG - 在线检索答案
2018-09-24 19:20:54,214 - mylogger - INFO - 我的答案：南方
2018-09-24 19:20:54,881 - mylogger - DEBUG - 选择选项
2018-09-24 19:20:57,499 - mylogger - INFO - 答案错误
2018-09-24 19:20:57,621 - mylogger - INFO - 正确答案；东方
2018-09-24 19:20:57,622 - mylogger - DEBUG - 添加此题
2018-09-24 19:21:00,649 - mylogger - INFO - 本题结束
2018-09-24 19:21:00,650 - mylogger - DEBUG - 获取题目
2018-09-24 19:21:02,902 - mylogger - INFO - 第 2 题
2018-09-24 19:21:03,183 - mylogger - INFO - 田雨橙是田亮和哪位女明星的女儿？
2018-09-24 19:21:04,179 - mylogger - INFO - ['叶一茜', '孙莉', '蔡少芬']
2018-09-24 19:21:04,182 - mylogger - DEBUG - 数据库中检索答案
2018-09-24 19:21:04,182 - mylogger - INFO - 我的答案：叶一茜
2018-09-24 19:21:04,781 - mylogger - DEBUG - 选择选项
2018-09-24 19:21:07,319 - mylogger - INFO - 答案正确
2018-09-24 19:21:10,128 - mylogger - INFO - 本题结束
2018-09-24 19:21:10,128 - mylogger - DEBUG - 获取题目
2018-09-24 19:21:12,286 - mylogger - INFO - 第 3 题
2018-09-24 19:21:12,632 - mylogger - INFO - 以下哪项不是天文学主要研究对象？ 
2018-09-24 19:21:13,482 - mylogger - INFO - ['气象', '天体', '宇宙结构']
2018-09-24 19:21:13,856 - mylogger - DEBUG - 在线检索答案
2018-09-24 19:21:13,856 - mylogger - INFO - 我的答案：宇宙结构
2018-09-24 19:21:14,461 - mylogger - DEBUG - 选择选项
2018-09-24 19:21:17,027 - mylogger - INFO - 答案错误
2018-09-24 19:21:17,146 - mylogger - INFO - 正确答案；气象
2018-09-24 19:21:17,147 - mylogger - DEBUG - 添加此题
2018-09-24 19:21:22,070 - mylogger - INFO - 本题结束
2018-09-24 19:21:22,070 - mylogger - DEBUG - 获取题目
2018-09-24 19:21:24,420 - mylogger - INFO - 第 4 题
2018-09-24 19:21:24,695 - mylogger - INFO - 电视剧《步步惊心》的女一号是谁？
2018-09-24 19:21:25,607 - mylogger - INFO - ['李晟', '海陆', '刘诗诗']
2018-09-24 19:21:26,299 - mylogger - DEBUG - 在线检索答案
2018-09-24 19:21:26,300 - mylogger - INFO - 我的答案：刘诗诗
2018-09-24 19:21:26,919 - mylogger - DEBUG - 选择选项
2018-09-24 19:21:29,523 - mylogger - INFO - 答案正确
2018-09-24 19:21:29,524 - mylogger - DEBUG - 添加此题
2018-09-24 19:21:29,899 - mylogger - INFO - 本题结束
2018-09-24 19:21:29,900 - mylogger - DEBUG - 获取题目
2018-09-24 19:21:32,247 - mylogger - INFO - 第 5 题
2018-09-24 19:21:32,555 - mylogger - INFO - 2004年以《江南》红遍两岸三地的歌手是谁？
2018-09-24 19:21:33,468 - mylogger - INFO - ['罗志祥', '周杰伦', '林俊杰']
2018-09-24 19:21:33,471 - mylogger - DEBUG - 数据库中检索答案
2018-09-24 19:21:33,472 - mylogger - INFO - 我的答案：林俊杰
2018-09-24 19:21:34,169 - mylogger - DEBUG - 选择选项
2018-09-24 19:21:36,709 - mylogger - INFO - 答案正确
2018-09-24 19:21:38,320 - mylogger - INFO - 本题结束
2018-09-24 19:21:39,492 - mylogger - INFO - 本场比赛结束
2018-09-24 19:21:39,613 - mylogger - INFO - 返回游戏页面
2018-09-24 19:21:41,212 - mylogger - INFO - 进入排位赛
2018-09-24 19:21:41,212 - mylogger - INFO - 正在匹配中......
2018-09-24 19:22:03,609 - mylogger - INFO - 匹配成功
2018-09-24 19:22:03,609 - mylogger - DEBUG - 获取题目
2018-09-24 19:22:04,296 - mylogger - INFO - 第 1 题
2018-09-24 19:22:04,560 - mylogger - INFO - 年终岁尾，不缺鱼米（打一字）
2018-09-24 19:22:05,405 - mylogger - INFO - ['鲮', '鳞', '粼']
2018-09-24 19:22:05,692 - mylogger - DEBUG - 在线检索答案
2018-09-24 19:22:05,693 - mylogger - INFO - 我的答案：鲮
2018-09-24 19:22:06,324 - mylogger - DEBUG - 选择选项
2018-09-24 19:22:08,969 - mylogger - INFO - 答案错误
2018-09-24 19:22:09,081 - mylogger - INFO - 正确答案；鳞
2018-09-24 19:22:09,082 - mylogger - DEBUG - 添加此题
2018-09-24 19:22:11,389 - mylogger - INFO - 本题结束
2018-09-24 19:22:11,389 - mylogger - DEBUG - 获取题目
2018-09-24 19:22:13,577 - mylogger - INFO - 第 2 题
2018-09-24 19:22:13,925 - mylogger - INFO - 演员刘恺威的妻子是谁？
2018-09-24 19:22:14,809 - mylogger - INFO - ['谢娜', '杨幂', '萱萱']
2018-09-24 19:22:15,538 - mylogger - DEBUG - 在线检索答案
2018-09-24 19:22:15,538 - mylogger - INFO - 我的答案：杨幂
2018-09-24 19:22:16,256 - mylogger - DEBUG - 选择选项
2018-09-24 19:22:18,748 - mylogger - INFO - 答案正确
2018-09-24 19:22:18,749 - mylogger - DEBUG - 添加此题
2018-09-24 19:22:19,549 - mylogger - INFO - 本题结束
2018-09-24 19:22:19,550 - mylogger - DEBUG - 获取题目
2018-09-24 19:22:21,786 - mylogger - INFO - 第 3 题
2018-09-24 19:22:22,053 - mylogger - INFO - 《公主与青蛙》里的青蛙是什么变的？
2018-09-24 19:22:22,890 - mylogger - INFO - ['王子', '公主的爸爸', '仆人']
2018-09-24 19:22:22,893 - mylogger - DEBUG - 数据库中检索答案
2018-09-24 19:22:22,893 - mylogger - INFO - 我的答案：王子
2018-09-24 19:22:23,513 - mylogger - DEBUG - 选择选项
2018-09-24 19:22:26,089 - mylogger - INFO - 答案正确
2018-09-24 19:22:26,587 - mylogger - INFO - 本题结束
2018-09-24 19:22:26,587 - mylogger - DEBUG - 获取题目
2018-09-24 19:22:28,665 - mylogger - INFO - 第 4 题
2018-09-24 19:22:28,937 - mylogger - INFO - 范冰冰因参演哪部电视剧而一举成名？
2018-09-24 19:22:29,854 - mylogger - INFO - ['《还珠格格》', '《天龙八部》', '《射雕英雄传》']
2018-09-24 19:22:30,616 - mylogger - DEBUG - 在线检索答案
2018-09-24 19:22:30,617 - mylogger - INFO - 我的答案：《还珠格格》
2018-09-24 19:22:31,242 - mylogger - DEBUG - 选择选项
2018-09-24 19:22:33,730 - mylogger - INFO - 答案正确
2018-09-24 19:22:33,731 - mylogger - DEBUG - 添加此题
2018-09-24 19:22:35,207 - mylogger - INFO - 本题结束
2018-09-24 19:22:35,207 - mylogger - DEBUG - 获取题目
2018-09-24 19:22:37,286 - mylogger - INFO - 第 5 题
2018-09-24 19:22:37,566 - mylogger - INFO - 过桥米线源自哪里？
2018-09-24 19:22:38,415 - mylogger - INFO - ['四川', '广州', '云南']
2018-09-24 19:22:39,036 - mylogger - DEBUG - 在线检索答案
2018-09-24 19:22:39,036 - mylogger - INFO - 我的答案：云南
2018-09-24 19:22:39,654 - mylogger - DEBUG - 选择选项
2018-09-24 19:22:42,218 - mylogger - INFO - 答案正确
2018-09-24 19:22:42,219 - mylogger - DEBUG - 添加此题
2018-09-24 19:22:42,607 - mylogger - INFO - 本题结束
2018-09-24 19:22:43,794 - mylogger - INFO - 本场比赛结束
2018-09-24 19:22:43,914 - mylogger - INFO - 返回游戏页面
2018-09-24 19:22:45,495 - mylogger - INFO - 进入排位赛
2018-09-24 19:22:45,495 - mylogger - INFO - 正在匹配中......
2018-09-24 19:23:30,113 - mylogger - INFO - 匹配成功
2018-09-24 19:23:30,113 - mylogger - DEBUG - 获取题目
2018-09-24 19:23:31,545 - mylogger - INFO - 第 1 题
2018-09-24 19:23:31,816 - mylogger - INFO - 在游戏《马里奥兄弟》中，一开始被怪兽抓走的公主叫什么名字？
2018-09-24 19:23:32,816 - mylogger - INFO - ['白雪公主', '太平公主', '碧琪公主']
2018-09-24 19:23:32,825 - mylogger - DEBUG - 数据库中检索答案
2018-09-24 19:23:32,825 - mylogger - INFO - 我的答案：碧琪公主
2018-09-24 19:23:33,444 - mylogger - DEBUG - 选择选项
2018-09-24 19:23:35,984 - mylogger - INFO - 答案正确
2018-09-24 19:23:38,683 - mylogger - INFO - 本题结束
2018-09-24 19:23:38,683 - mylogger - DEBUG - 获取题目
2018-09-24 19:23:41,005 - mylogger - INFO - 第 2 题
2018-09-24 19:23:41,293 - mylogger - INFO - “鲁”是中国哪个省的简称？
2018-09-24 19:23:42,203 - mylogger - INFO - ['山东', '山西', '河北']
2018-09-24 19:23:42,206 - mylogger - DEBUG - 数据库中检索答案
2018-09-24 19:23:42,206 - mylogger - INFO - 我的答案：山东
2018-09-24 19:23:42,867 - mylogger - DEBUG - 选择选项
2018-09-24 19:23:45,448 - mylogger - INFO - 答案正确
2018-09-24 19:23:45,977 - mylogger - INFO - 本题结束
2018-09-24 19:23:45,977 - mylogger - DEBUG - 获取题目
2018-09-24 19:23:48,109 - mylogger - INFO - 第 3 题
2018-09-24 19:23:48,421 - mylogger - INFO - 贸易顺差指的是:
2018-09-24 19:23:49,309 - mylogger - INFO - ['出口额多，进口额少', '出口额少，进口额多', '出口额进口额一样多']
2018-09-24 19:23:49,591 - mylogger - DEBUG - 未检索到答案
2018-09-24 19:23:49,591 - mylogger - INFO - 我的答案：出口额多，进口额少
2018-09-24 19:23:50,173 - mylogger - DEBUG - 选择选项
2018-09-24 19:23:52,753 - mylogger - INFO - 答案正确
2018-09-24 19:23:52,754 - mylogger - DEBUG - 添加此题
2018-09-24 19:23:56,689 - mylogger - INFO - 本题结束
2018-09-24 19:23:56,689 - mylogger - DEBUG - 获取题目
2018-09-24 19:23:58,897 - mylogger - INFO - 第 4 题
2018-09-24 19:23:59,222 - mylogger - INFO - 我国法律规定，未满多少周岁的公民称为未成年人？
2018-09-24 19:24:00,081 - mylogger - INFO - ['20', '24', '18']
2018-09-24 19:24:00,084 - mylogger - DEBUG - 数据库中检索答案
2018-09-24 19:24:00,084 - mylogger - INFO - 我的答案：18
2018-09-24 19:24:00,753 - mylogger - DEBUG - 选择选项
2018-09-24 19:24:03,343 - mylogger - INFO - 答案正确
2018-09-24 19:24:04,402 - mylogger - INFO - 本题结束
2018-09-24 19:24:04,402 - mylogger - DEBUG - 获取题目
2018-09-24 19:24:06,647 - mylogger - INFO - 第 5 题
2018-09-24 19:24:06,939 - mylogger - INFO - 家住青山顶，身披破蓑衣，常在天上游，爱吃兔和鸡。(打一动物)
2018-09-24 19:24:07,894 - mylogger - INFO - ['乌贼', '鸽子', '老鹰']
2018-09-24 19:24:09,105 - mylogger - DEBUG - 在线检索答案
2018-09-24 19:24:09,105 - mylogger - INFO - 我的答案：老鹰
2018-09-24 19:24:09,730 - mylogger - DEBUG - 选择选项
2018-09-24 19:24:12,307 - mylogger - INFO - 答案正确
2018-09-24 19:24:12,308 - mylogger - DEBUG - 添加此题
2018-09-24 19:24:15,546 - mylogger - INFO - 本题结束
2018-09-24 19:24:16,715 - mylogger - INFO - 本场比赛结束
2018-09-24 19:24:16,749 - mylogger - INFO - 返回游戏页面
2018-09-24 19:24:18,283 - mylogger - INFO - 进入排位赛
2018-09-24 19:24:18,283 - mylogger - INFO - 正在匹配中......
2018-09-24 19:24:43,655 - mylogger - INFO - 匹配成功
2018-09-24 19:24:43,655 - mylogger - DEBUG - 获取题目
2018-09-24 19:24:44,257 - mylogger - INFO - 第 1 题
2018-09-24 19:24:44,563 - mylogger - INFO - 演员关咏荷的老公是谁？
2018-09-24 19:24:45,472 - mylogger - INFO - ['张家辉', '梁朝伟', '梁家辉']
2018-09-24 19:24:46,163 - mylogger - DEBUG - 在线检索答案
2018-09-24 19:24:46,164 - mylogger - INFO - 我的答案：张家辉
2018-09-24 19:24:46,767 - mylogger - DEBUG - 选择选项
2018-09-24 19:24:49,240 - mylogger - INFO - 答案正确
2018-09-24 19:24:49,240 - mylogger - DEBUG - 添加此题
2018-09-24 19:24:57,072 - mylogger - INFO - 本题结束
2018-09-24 19:24:57,072 - mylogger - DEBUG - 获取题目
2018-09-24 19:24:59,383 - mylogger - INFO - 第 2 题
2018-09-24 19:24:59,648 - mylogger - INFO - 下列颜色中，亮度最高的是
2018-09-24 19:25:00,404 - mylogger - INFO - ['蓝色', '黄色', '绿色']
2018-09-24 19:25:00,407 - mylogger - DEBUG - 数据库中检索答案
2018-09-24 19:25:00,407 - mylogger - INFO - 我的答案：黄色
2018-09-24 19:25:01,059 - mylogger - DEBUG - 选择选项
2018-09-24 19:25:03,609 - mylogger - INFO - 答案正确
2018-09-24 19:25:07,492 - mylogger - INFO - 本题结束
2018-09-24 19:25:07,492 - mylogger - DEBUG - 获取题目
2018-09-24 19:25:09,908 - mylogger - INFO - 第 3 题
2018-09-24 19:25:10,181 - mylogger - INFO - 著名哲学家柏拉图和亚里士多德是什么关系？
2018-09-24 19:25:11,045 - mylogger - INFO - ['师生', '父子', '堂兄弟']
2018-09-24 19:25:11,048 - mylogger - DEBUG - 数据库中检索答案
2018-09-24 19:25:11,048 - mylogger - INFO - 我的答案：师生
2018-09-24 19:25:11,644 - mylogger - DEBUG - 选择选项
2018-09-24 19:25:14,176 - mylogger - INFO - 答案正确
2018-09-24 19:25:19,452 - mylogger - INFO - 本题结束
2018-09-24 19:25:19,452 - mylogger - DEBUG - 获取题目
2018-09-24 19:25:21,765 - mylogger - INFO - 第 4 题
2018-09-24 19:25:22,025 - mylogger - INFO - 宣纸、宣笔、歙砚，都出自什么地方？
2018-09-24 19:25:22,963 - mylogger - INFO - ['常州', '徽州', '苏州']
2018-09-24 19:25:22,966 - mylogger - DEBUG - 数据库中检索答案
2018-09-24 19:25:22,966 - mylogger - INFO - 我的答案：徽州
2018-09-24 19:25:23,648 - mylogger - DEBUG - 选择选项
2018-09-24 19:25:26,137 - mylogger - INFO - 答案正确
2018-09-24 19:25:27,890 - mylogger - INFO - 本题结束
2018-09-24 19:25:27,890 - mylogger - DEBUG - 获取题目
2018-09-24 19:25:30,090 - mylogger - INFO - 第 5 题
2018-09-24 19:25:30,353 - mylogger - INFO - 全智贤在韩剧《来自星星的你》中扮演的女主角叫什么名字？
2018-09-24 19:25:31,181 - mylogger - INFO - ['宋秀晶', '千颂伊', '连正熙']
2018-09-24 19:25:31,184 - mylogger - DEBUG - 数据库中检索答案
2018-09-24 19:25:31,184 - mylogger - INFO - 我的答案：千颂伊
2018-09-24 19:25:31,801 - mylogger - DEBUG - 选择选项
2018-09-24 19:25:34,254 - mylogger - INFO - 答案正确
2018-09-24 19:25:35,898 - mylogger - INFO - 本题结束
2018-09-24 19:25:37,070 - mylogger - INFO - 本场比赛结束
2018-09-24 19:25:37,120 - mylogger - INFO - 返回游戏页面
2018-09-24 19:25:39,149 - mylogger - INFO - 进入排位赛
2018-09-24 19:25:39,149 - mylogger - INFO - 正在匹配中......
2018-09-24 19:25:50,802 - mylogger - INFO - 匹配成功
2018-09-24 19:25:50,802 - mylogger - DEBUG - 获取题目
2018-09-24 19:25:51,444 - mylogger - INFO - 第 1 题
2018-09-24 19:25:51,782 - mylogger - INFO - 脂肪不含以下哪种元素？
2018-09-24 19:25:52,610 - mylogger - INFO - ['C', 'Hg', 'H']
2018-09-24 19:25:53,464 - mylogger - DEBUG - 在线检索答案
2018-09-24 19:25:53,464 - mylogger - INFO - 我的答案：Hg
2018-09-24 19:25:54,059 - mylogger - DEBUG - 选择选项
2018-09-24 19:25:56,591 - mylogger - INFO - 答案正确
2018-09-24 19:25:56,592 - mylogger - DEBUG - 添加此题
2018-09-24 19:25:57,789 - mylogger - INFO - 本题结束
2018-09-24 19:25:57,789 - mylogger - DEBUG - 获取题目
2018-09-24 19:26:00,005 - mylogger - INFO - 第 2 题
2018-09-24 19:26:00,298 - mylogger - INFO - 在夜间，雄性的招潮蟹有节奏的轻叩地面，是为了什么？
2018-09-24 19:26:01,175 - mylogger - INFO - ['联络开会', '为了招潮', '为吸引雌蟹']
2018-09-24 19:26:02,359 - mylogger - DEBUG - 在线检索答案
2018-09-24 19:26:02,359 - mylogger - INFO - 我的答案：为吸引雌蟹
2018-09-24 19:26:02,979 - mylogger - DEBUG - 选择选项
2018-09-24 19:26:05,487 - mylogger - INFO - 答案正确
2018-09-24 19:26:05,488 - mylogger - DEBUG - 添加此题
2018-09-24 19:26:08,734 - mylogger - INFO - 本题结束
2018-09-24 19:26:08,734 - mylogger - DEBUG - 获取题目
2018-09-24 19:26:11,003 - mylogger - INFO - 第 3 题
2018-09-24 19:26:11,306 - mylogger - INFO - 法拉利车队的赛车命名时头一个字母是 ？
2018-09-24 19:26:12,228 - mylogger - INFO - ['A', 'Y', 'F']
2018-09-24 19:26:12,231 - mylogger - DEBUG - 数据库中检索答案
2018-09-24 19:26:12,232 - mylogger - INFO - 我的答案：F
2018-09-24 19:26:12,871 - mylogger - DEBUG - 选择选项
2018-09-24 19:26:15,407 - mylogger - INFO - 答案正确
2018-09-24 19:26:22,267 - mylogger - INFO - 本题结束
2018-09-24 19:26:22,268 - mylogger - DEBUG - 获取题目
2018-09-24 19:26:24,343 - mylogger - INFO - 第 4 题
2018-09-24 19:26:24,628 - mylogger - INFO - 陈奕迅歌曲《明年今日》的国语版歌名叫什么？
2018-09-24 19:26:25,484 - mylogger - INFO - ['《十年》', '《千年》', '《百年》']
2018-09-24 19:26:26,441 - mylogger - DEBUG - 在线检索答案
2018-09-24 19:26:26,441 - mylogger - INFO - 我的答案：《十年》
2018-09-24 19:26:27,055 - mylogger - DEBUG - 选择选项
2018-09-24 19:26:29,553 - mylogger - INFO - 答案正确
2018-09-24 19:26:29,554 - mylogger - DEBUG - 添加此题
2018-09-24 19:26:33,300 - mylogger - INFO - 本题结束
2018-09-24 19:26:33,300 - mylogger - DEBUG - 获取题目
2018-09-24 19:26:35,500 - mylogger - INFO - 第 5 题
2018-09-24 19:26:35,781 - mylogger - INFO - 下面哪个选项不属于央视春晚的节目类型？
2018-09-24 19:26:36,684 - mylogger - INFO - ['语言类节目', '竞技类节目', '歌舞类节目']
2018-09-24 19:26:37,402 - mylogger - DEBUG - 在线检索答案
2018-09-24 19:26:37,403 - mylogger - INFO - 我的答案：竞技类节目
2018-09-24 19:26:38,111 - mylogger - DEBUG - 选择选项
2018-09-24 19:26:40,723 - mylogger - INFO - 答案正确
2018-09-24 19:26:40,723 - mylogger - DEBUG - 添加此题
2018-09-24 19:26:41,486 - mylogger - INFO - 本题结束
2018-09-24 19:26:42,653 - mylogger - INFO - 本场比赛结束
2018-09-24 19:26:42,701 - mylogger - INFO - 返回游戏页面
2018-09-24 19:26:44,261 - mylogger - INFO - 进入排位赛
2018-09-24 19:26:44,261 - mylogger - INFO - 正在匹配中......
2018-09-24 19:27:18,086 - mylogger - INFO - 匹配成功
2018-09-24 19:27:18,087 - mylogger - DEBUG - 获取题目
2018-09-24 19:27:19,538 - mylogger - INFO - 第 1 题
2018-09-24 19:27:19,823 - mylogger - INFO - 《龙猫》是哪个国家的动画电影？
2018-09-24 19:27:20,763 - mylogger - INFO - ['中国', '日本', '美国']
2018-09-24 19:27:21,941 - mylogger - DEBUG - 在线检索答案
2018-09-24 19:27:21,942 - mylogger - INFO - 我的答案：日本
2018-09-24 19:27:22,641 - mylogger - DEBUG - 选择选项
2018-09-24 19:27:25,230 - mylogger - INFO - 答案正确
2018-09-24 19:27:25,231 - mylogger - DEBUG - 添加此题
2018-09-24 19:27:25,586 - mylogger - INFO - 本题结束
2018-09-24 19:27:25,586 - mylogger - DEBUG - 获取题目
2018-09-24 19:27:27,862 - mylogger - INFO - 第 2 题
2018-09-24 19:27:28,138 - mylogger - INFO - 歌唱组合“羽泉”，是由谁和陈羽凡组成的？
2018-09-24 19:27:29,031 - mylogger - INFO - ['胡海泉', '邓超', '夏东海']
2018-09-24 19:27:29,034 - mylogger - DEBUG - 数据库中检索答案
2018-09-24 19:27:29,034 - mylogger - INFO - 我的答案：胡海泉
2018-09-24 19:27:29,698 - mylogger - DEBUG - 选择选项
2018-09-24 19:27:32,238 - mylogger - INFO - 答案正确
2018-09-24 19:27:35,639 - mylogger - INFO - 本题结束
2018-09-24 19:27:35,640 - mylogger - DEBUG - 获取题目
2018-09-24 19:27:37,907 - mylogger - INFO - 第 3 题
2018-09-24 19:27:38,210 - mylogger - INFO - 狗在人类的生活中有重要的作用，如阿拉斯加能作为一种什么犬帮助人类？
2018-09-24 19:27:39,142 - mylogger - INFO - ['玩具犬', '梗类犬', '工作犬']
2018-09-24 19:27:40,807 - mylogger - DEBUG - 在线检索答案
2018-09-24 19:27:40,807 - mylogger - INFO - 我的答案：工作犬
2018-09-24 19:27:41,398 - mylogger - DEBUG - 选择选项
2018-09-24 19:27:43,960 - mylogger - INFO - 答案正确
2018-09-24 19:27:43,961 - mylogger - DEBUG - 添加此题
2018-09-24 19:27:45,490 - mylogger - INFO - 本题结束
2018-09-24 19:27:45,490 - mylogger - DEBUG - 获取题目
2018-09-24 19:27:47,790 - mylogger - INFO - 第 4 题
2018-09-24 19:27:48,071 - mylogger - INFO - 我国名誉权规定要保护死者及其几代嫡系亲属的名誉权？
2018-09-24 19:27:48,899 - mylogger - INFO - ['四代', '二代', '三代']
2018-09-24 19:27:48,902 - mylogger - DEBUG - 数据库中检索答案
2018-09-24 19:27:48,903 - mylogger - INFO - 我的答案：三代
2018-09-24 19:27:49,503 - mylogger - DEBUG - 选择选项
2018-09-24 19:27:52,043 - mylogger - INFO - 答案正确
2018-09-24 19:27:56,975 - mylogger - INFO - 本题结束
2018-09-24 19:27:56,975 - mylogger - DEBUG - 获取题目
2018-09-24 19:27:59,140 - mylogger - INFO - 第 5 题
2018-09-24 19:27:59,438 - mylogger - INFO - 我国载人飞船的名字是什么？
2018-09-24 19:28:00,280 - mylogger - INFO - ['勇气号', '探险号', '神舟号']
2018-09-24 19:28:01,473 - mylogger - DEBUG - 在线检索答案
2018-09-24 19:28:01,473 - mylogger - INFO - 我的答案：神舟号
2018-09-24 19:28:02,103 - mylogger - DEBUG - 选择选项
2018-09-24 19:28:04,623 - mylogger - INFO - 答案正确
2018-09-24 19:28:04,624 - mylogger - DEBUG - 添加此题
2018-09-24 19:28:05,047 - mylogger - INFO - 本题结束
2018-09-24 19:28:06,198 - mylogger - INFO - 本场比赛结束
2018-09-24 19:28:06,291 - mylogger - INFO - 返回游戏页面
2018-09-24 19:28:07,833 - mylogger - INFO - 进入排位赛
2018-09-24 19:28:07,833 - mylogger - INFO - 正在匹配中......
2018-09-24 19:28:12,408 - mylogger - INFO - 匹配成功
2018-09-24 19:28:12,408 - mylogger - DEBUG - 获取题目
2018-09-24 19:28:13,171 - mylogger - INFO - 第 1 题
2018-09-24 19:28:13,442 - mylogger - INFO - 在2001年获得年度最佳公益歌曲奖的《天亮了》是谁唱的？
2018-09-24 19:28:14,423 - mylogger - INFO - ['韩红', '陈小春', '方力申']
2018-09-24 19:28:14,427 - mylogger - DEBUG - 数据库中检索答案
2018-09-24 19:28:14,427 - mylogger - INFO - 我的答案：韩红
2018-09-24 19:28:15,045 - mylogger - DEBUG - 选择选项
2018-09-24 19:28:19,389 - mylogger - ERROR - -32001 Jsonrpc error: <android.support.test.uiautomator.UiObjectNotFoundException> data: UiSelector[DESCRIPTION=A.  韩红, PARENT=UiSelector[INSTANCE=1]], method: objInfo
2018-09-24 19:28:19,389 - mylogger - DEBUG - 获取题目
2018-09-24 19:28:20,365 - mylogger - INFO - 第 2 题
2018-09-24 19:28:20,617 - mylogger - INFO - “酷似菱角，又似元宝，更拟人形”指的是四川省的哪种美食？
2018-09-24 19:28:21,440 - mylogger - INFO - ['龙抄手', '无花果', '担担面']
2018-09-24 19:28:22,164 - mylogger - DEBUG - 在线检索答案
2018-09-24 19:28:22,165 - mylogger - INFO - 我的答案：龙抄手
2018-09-24 19:28:22,732 - mylogger - DEBUG - 选择选项
2018-09-24 19:28:25,241 - mylogger - INFO - 答案正确
2018-09-24 19:28:25,242 - mylogger - DEBUG - 添加此题
2018-09-24 19:28:28,705 - mylogger - INFO - 本题结束
2018-09-24 19:28:28,705 - mylogger - DEBUG - 获取题目
2018-09-24 19:28:30,953 - mylogger - INFO - 第 3 题
2018-09-24 19:28:31,221 - mylogger - INFO - 狗在人类的生活中有重要的作用，如秋田能作为一种什么犬帮助人类？
2018-09-24 19:28:32,210 - mylogger - INFO - ['梗类犬', '工作犬', '玩具犬']
2018-09-24 19:28:32,213 - mylogger - DEBUG - 数据库中检索答案
2018-09-24 19:28:32,214 - mylogger - INFO - 我的答案：工作犬
2018-09-24 19:28:32,885 - mylogger - DEBUG - 选择选项
2018-09-24 19:28:35,453 - mylogger - INFO - 答案正确
2018-09-24 19:28:39,973 - mylogger - INFO - 本题结束
2018-09-24 19:28:39,974 - mylogger - DEBUG - 获取题目
2018-09-24 19:28:42,314 - mylogger - INFO - 第 4 题
2018-09-24 19:28:42,665 - mylogger - INFO - “十三能织素，十四学裁衣，十五弹箜篌，十六诵诗书”，求出现的数字之和？
2018-09-24 19:28:43,585 - mylogger - INFO - ['59', '58', '42']
2018-09-24 19:28:44,430 - mylogger - DEBUG - 未检索到答案
2018-09-24 19:28:44,430 - mylogger - INFO - 我的答案：59
2018-09-24 19:28:44,968 - mylogger - DEBUG - 选择选项
2018-09-24 19:28:47,565 - mylogger - INFO - 答案错误
2018-09-24 19:28:47,686 - mylogger - INFO - 正确答案；58
2018-09-24 19:28:47,687 - mylogger - DEBUG - 添加此题
2018-09-24 19:28:53,975 - mylogger - INFO - 本题结束
2018-09-24 19:28:53,975 - mylogger - DEBUG - 获取题目
2018-09-24 19:28:56,159 - mylogger - INFO - 第 5 题
2018-09-24 19:28:56,428 - mylogger - INFO - 下列哪句适合做“玉兔出宫观盛世”的下联？
2018-09-24 19:28:57,234 - mylogger - INFO - ['金猴降世笑丰年', '晓春猴乘爆竹来', '天增岁月人增寿']
2018-09-24 19:28:57,237 - mylogger - DEBUG - 数据库中检索答案
2018-09-24 19:28:57,237 - mylogger - INFO - 我的答案：金猴降世笑丰年
2018-09-24 19:28:57,837 - mylogger - DEBUG - 选择选项
2018-09-24 19:29:00,339 - mylogger - INFO - 答案正确
2018-09-24 19:29:03,392 - mylogger - INFO - 本题结束
2018-09-24 19:29:04,578 - mylogger - INFO - 本场比赛结束
2018-09-24 19:29:04,680 - mylogger - INFO - 返回游戏页面
2018-09-24 19:29:06,198 - mylogger - INFO - 进入排位赛
2018-09-24 19:29:06,198 - mylogger - INFO - 正在匹配中......
2018-09-24 19:29:34,943 - mylogger - INFO - 匹配成功
2018-09-24 19:29:34,944 - mylogger - DEBUG - 获取题目
2018-09-24 19:29:36,092 - mylogger - INFO - 第 1 题
2018-09-24 19:29:36,420 - mylogger - INFO - 以下哪个选项往往代表女性，表示动，多用于女装？
2018-09-24 19:29:37,275 - mylogger - INFO - ['任意线', '曲线', '直线']
2018-09-24 19:29:37,282 - mylogger - DEBUG - 数据库中检索答案
2018-09-24 19:29:37,282 - mylogger - INFO - 我的答案：曲线
2018-09-24 19:29:37,897 - mylogger - DEBUG - 选择选项
2018-09-24 19:29:40,407 - mylogger - INFO - 答案正确
2018-09-24 19:29:44,536 - mylogger - INFO - 本题结束
2018-09-24 19:29:44,536 - mylogger - DEBUG - 获取题目
2018-09-24 19:29:46,761 - mylogger - INFO - 第 2 题
2018-09-24 19:29:47,041 - mylogger - INFO - 下列不能作为商标的是
2018-09-24 19:29:47,884 - mylogger - INFO - ['山名', '地名', '国名']
2018-09-24 19:29:47,887 - mylogger - DEBUG - 数据库中检索答案
2018-09-24 19:29:47,887 - mylogger - INFO - 我的答案：国名
2018-09-24 19:29:48,480 - mylogger - DEBUG - 选择选项
2018-09-24 19:29:51,048 - mylogger - INFO - 答案正确
2018-09-24 19:29:54,099 - mylogger - INFO - 本题结束
2018-09-24 19:29:54,099 - mylogger - DEBUG - 获取题目
2018-09-24 19:29:56,352 - mylogger - INFO - 第 3 题
2018-09-24 19:29:56,676 - mylogger - INFO - 叶绿素中的色素所吸收的光能都能用于？
2018-09-24 19:29:57,533 - mylogger - INFO - ['光合作用', '呼吸作用', '蒸腾作用']
2018-09-24 19:29:58,696 - mylogger - DEBUG - 在线检索答案
2018-09-24 19:29:58,696 - mylogger - INFO - 我的答案：光合作用
2018-09-24 19:29:59,316 - mylogger - DEBUG - 选择选项
2018-09-24 19:30:01,832 - mylogger - INFO - 答案正确
2018-09-24 19:30:01,833 - mylogger - DEBUG - 添加此题
2018-09-24 19:30:02,292 - mylogger - INFO - 本题结束
2018-09-24 19:30:02,292 - mylogger - DEBUG - 获取题目
2018-09-24 19:30:04,602 - mylogger - INFO - 第 4 题
2018-09-24 19:30:04,869 - mylogger - INFO - 游泳健将孙杨、叶诗文的家乡都在哪个省？
2018-09-24 19:30:05,784 - mylogger - INFO - ['浙江', '河南', '安徽']
2018-09-24 19:30:06,624 - mylogger - DEBUG - 在线检索答案
2018-09-24 19:30:06,624 - mylogger - INFO - 我的答案：浙江
2018-09-24 19:30:07,245 - mylogger - DEBUG - 选择选项
2018-09-24 19:30:09,742 - mylogger - INFO - 答案正确
2018-09-24 19:30:09,742 - mylogger - DEBUG - 添加此题
2018-09-24 19:30:10,349 - mylogger - INFO - 本题结束
2018-09-24 19:30:10,349 - mylogger - DEBUG - 获取题目
2018-09-24 19:30:12,382 - mylogger - INFO - 第 5 题
2018-09-24 19:30:12,710 - mylogger - INFO - 美国国家航空航天局的简称是哪个？
2018-09-24 19:30:13,517 - mylogger - INFO - ['NASA', 'RKA', 'ESA']
2018-09-24 19:30:14,394 - mylogger - DEBUG - 在线检索答案
2018-09-24 19:30:14,394 - mylogger - INFO - 我的答案：NASA
2018-09-24 19:30:14,957 - mylogger - DEBUG - 选择选项
2018-09-24 19:30:17,514 - mylogger - INFO - 答案正确
2018-09-24 19:30:17,514 - mylogger - DEBUG - 添加此题
2018-09-24 19:30:19,597 - mylogger - INFO - 本题结束
2018-09-24 19:30:20,741 - mylogger - INFO - 本场比赛结束
2018-09-24 19:30:20,845 - mylogger - INFO - 返回游戏页面
2018-09-24 19:30:22,359 - mylogger - INFO - 进入排位赛
2018-09-24 19:30:22,359 - mylogger - INFO - 正在匹配中......
2018-09-24 19:30:30,470 - mylogger - INFO - 匹配成功
2018-09-24 19:30:30,470 - mylogger - DEBUG - 获取题目
2018-09-24 19:30:31,830 - mylogger - INFO - 第 1 题
2018-09-24 19:30:32,118 - mylogger - INFO - 西点军校是美国第一所军事学校，它的正式名称是什么？
2018-09-24 19:30:32,978 - mylogger - INFO - ['美国海军学院', '美国国防大学', '美国陆军军官学院']
2018-09-24 19:30:33,750 - mylogger - DEBUG - 未检索到答案
2018-09-24 19:30:33,750 - mylogger - INFO - 我的答案：美国海军学院
2018-09-24 19:30:34,338 - mylogger - DEBUG - 选择选项
2018-09-24 19:30:36,950 - mylogger - INFO - 答案错误
2018-09-24 19:30:37,173 - mylogger - INFO - 正确答案；美国陆军军官学院
2018-09-24 19:30:37,174 - mylogger - DEBUG - 添加此题
2018-09-24 19:30:40,060 - mylogger - INFO - 本题结束
2018-09-24 19:30:40,060 - mylogger - DEBUG - 获取题目
2018-09-24 19:30:42,373 - mylogger - INFO - 第 2 题
2018-09-24 19:30:42,643 - mylogger - INFO - 歌手刘若英的别名是什么？
2018-09-24 19:30:43,551 - mylogger - INFO - ['果冻', '巧克力', '奶茶']
2018-09-24 19:30:44,233 - mylogger - DEBUG - 在线检索答案
2018-09-24 19:30:44,233 - mylogger - INFO - 我的答案：奶茶
2018-09-24 19:30:44,830 - mylogger - DEBUG - 选择选项
2018-09-24 19:30:47,339 - mylogger - INFO - 答案正确
2018-09-24 19:30:47,340 - mylogger - DEBUG - 添加此题
2018-09-24 19:30:47,748 - mylogger - INFO - 本题结束
2018-09-24 19:30:47,748 - mylogger - DEBUG - 获取题目
2018-09-24 19:30:50,167 - mylogger - INFO - 第 3 题
2018-09-24 19:30:50,427 - mylogger - INFO - 歌词“外面下着雨，犹如我心血在滴”是出自张惠妹的哪一首歌？
2018-09-24 19:30:51,362 - mylogger - INFO - ['《我可以抱你吗》', '《天路》', '《自由飞翔》']
2018-09-24 19:30:52,197 - mylogger - DEBUG - 在线检索答案
2018-09-24 19:30:52,197 - mylogger - INFO - 我的答案：《我可以抱你吗》
2018-09-24 19:30:52,811 - mylogger - DEBUG - 选择选项
2018-09-24 19:30:55,426 - mylogger - INFO - 答案正确
2018-09-24 19:30:55,427 - mylogger - DEBUG - 添加此题
2018-09-24 19:30:57,979 - mylogger - INFO - 本题结束
2018-09-24 19:30:57,979 - mylogger - DEBUG - 获取题目
2018-09-24 19:31:00,286 - mylogger - INFO - 第 4 题
2018-09-24 19:31:00,572 - mylogger - INFO - 前中国职业篮球运动员姚明，他曾在球队的哪个位置？
2018-09-24 19:31:01,507 - mylogger - INFO - ['后卫', '小前锋', '中锋']
2018-09-24 19:31:02,367 - mylogger - DEBUG - 在线检索答案
2018-09-24 19:31:02,368 - mylogger - INFO - 我的答案：中锋
2018-09-24 19:31:02,987 - mylogger - DEBUG - 选择选项
2018-09-24 19:31:05,560 - mylogger - INFO - 答案正确
2018-09-24 19:31:05,561 - mylogger - DEBUG - 添加此题
2018-09-24 19:31:10,235 - mylogger - INFO - 本题结束
2018-09-24 19:31:10,235 - mylogger - DEBUG - 获取题目
2018-09-24 19:31:12,383 - mylogger - INFO - 第 5 题
2018-09-24 19:31:12,731 - mylogger - INFO - 以下哪个数学家被誉为“数学王子”？
2018-09-24 19:31:13,569 - mylogger - INFO - ['高斯', '莱布尼兹', '牛顿']
2018-09-24 19:31:13,579 - mylogger - DEBUG - 数据库中检索答案
2018-09-24 19:31:13,579 - mylogger - INFO - 我的答案：高斯
2018-09-24 19:31:14,247 - mylogger - DEBUG - 选择选项
2018-09-24 19:31:16,791 - mylogger - INFO - 答案正确
2018-09-24 19:31:19,096 - mylogger - INFO - 本题结束
2018-09-24 19:31:20,268 - mylogger - INFO - 本场比赛结束
2018-09-24 19:31:20,309 - mylogger - INFO - 返回游戏页面
2018-09-24 19:31:21,880 - mylogger - INFO - 进入排位赛
2018-09-24 19:31:21,880 - mylogger - INFO - 正在匹配中......
2018-09-24 19:31:35,972 - mylogger - INFO - 匹配成功
2018-09-24 19:31:35,972 - mylogger - DEBUG - 获取题目
2018-09-24 19:31:37,348 - mylogger - INFO - 第 1 题
2018-09-24 19:31:37,617 - mylogger - INFO - 导演李安的妻子是谁？
2018-09-24 19:31:38,497 - mylogger - INFO - ['赵丽颖', '林惠嘉', '林志玲']
2018-09-24 19:31:39,250 - mylogger - DEBUG - 在线检索答案
2018-09-24 19:31:39,251 - mylogger - INFO - 我的答案：林惠嘉
2018-09-24 19:31:39,896 - mylogger - DEBUG - 选择选项
2018-09-24 19:31:42,501 - mylogger - INFO - 答案正确
2018-09-24 19:31:42,502 - mylogger - DEBUG - 添加此题
2018-09-24 19:31:43,648 - mylogger - INFO - 本题结束
2018-09-24 19:31:43,648 - mylogger - DEBUG - 获取题目
2018-09-24 19:31:45,849 - mylogger - INFO - 第 2 题
2018-09-24 19:31:46,157 - mylogger - INFO - 世界上第一枚邮票诞生在
2018-09-24 19:31:47,016 - mylogger - INFO - ['英国', '法国', '美国']
2018-09-24 19:31:47,019 - mylogger - DEBUG - 数据库中检索答案
2018-09-24 19:31:47,019 - mylogger - INFO - 我的答案：英国
2018-09-24 19:31:47,596 - mylogger - DEBUG - 选择选项
2018-09-24 19:31:50,217 - mylogger - INFO - 答案正确
2018-09-24 19:31:53,714 - mylogger - INFO - 本题结束
2018-09-24 19:31:53,714 - mylogger - DEBUG - 获取题目
2018-09-24 19:31:55,949 - mylogger - INFO - 第 3 题
2018-09-24 19:31:56,297 - mylogger - INFO - 人们常用“张三”和“什么”来泛指某人？
2018-09-24 19:31:57,205 - mylogger - INFO - ['李四', '王五', '赵六']
2018-09-24 19:31:58,497 - mylogger - DEBUG - 在线检索答案
2018-09-24 19:31:58,497 - mylogger - INFO - 我的答案：李四
2018-09-24 19:31:59,113 - mylogger - DEBUG - 选择选项
2018-09-24 19:32:01,645 - mylogger - INFO - 答案正确
2018-09-24 19:32:01,646 - mylogger - DEBUG - 添加此题
2018-09-24 19:32:02,016 - mylogger - INFO - 本题结束
2018-09-24 19:32:02,017 - mylogger - DEBUG - 获取题目
2018-09-24 19:32:04,261 - mylogger - INFO - 第 4 题
2018-09-24 19:32:04,570 - mylogger - INFO - 与咖啡、可可并称为世界三大饮料的是？
2018-09-24 19:32:05,417 - mylogger - INFO - ['茶叶', '牛奶', '橙汁']
2018-09-24 19:32:06,605 - mylogger - DEBUG - 在线检索答案
2018-09-24 19:32:06,605 - mylogger - INFO - 我的答案：茶叶
2018-09-24 19:32:07,201 - mylogger - DEBUG - 选择选项
2018-09-24 19:32:09,727 - mylogger - INFO - 答案正确
2018-09-24 19:32:09,728 - mylogger - DEBUG - 添加此题
2018-09-24 19:32:11,230 - mylogger - INFO - 本题结束
2018-09-24 19:32:11,230 - mylogger - DEBUG - 获取题目
2018-09-24 19:32:13,330 - mylogger - INFO - 第 5 题
2018-09-24 19:32:13,614 - mylogger - INFO - 死刑只适用于（）犯罪分子
2018-09-24 19:32:14,513 - mylogger - INFO - ['罪行极其严重的', '危害国家安全的', '罪大恶极的']
2018-09-24 19:32:15,675 - mylogger - DEBUG - 在线检索答案
2018-09-24 19:32:15,675 - mylogger - INFO - 我的答案：罪行极其严重的
2018-09-24 19:32:16,321 - mylogger - DEBUG - 选择选项
2018-09-24 19:32:18,898 - mylogger - INFO - 答案正确
2018-09-24 19:32:18,899 - mylogger - DEBUG - 添加此题
2018-09-24 19:32:22,514 - mylogger - INFO - 本题结束
2018-09-24 19:32:23,774 - mylogger - INFO - 本场比赛结束
2018-09-24 19:32:23,873 - mylogger - INFO - 返回游戏页面
2018-09-24 19:32:25,391 - mylogger - INFO - 进入排位赛
2018-09-24 19:32:25,391 - mylogger - INFO - 正在匹配中......
2018-09-24 19:32:29,099 - mylogger - INFO - 匹配成功
2018-09-24 19:32:29,099 - mylogger - DEBUG - 获取题目
2018-09-24 19:32:29,766 - mylogger - INFO - 第 1 题
2018-09-24 19:32:30,038 - mylogger - INFO - 美国首次登陆月球的载人太空船叫什么名字?
2018-09-24 19:32:30,887 - mylogger - INFO - ['奋进号', '亚特兰蒂斯号', ' 阿波罗11']
2018-09-24 19:32:30,891 - mylogger - DEBUG - 数据库中检索答案
2018-09-24 19:32:30,891 - mylogger - INFO - 我的答案： 阿波罗11
2018-09-24 19:32:31,503 - mylogger - DEBUG - 选择选项
2018-09-24 19:32:34,014 - mylogger - INFO - 答案正确
2018-09-24 19:32:38,212 - mylogger - INFO - 本题结束
2018-09-24 19:32:38,212 - mylogger - DEBUG - 获取题目
2018-09-24 19:32:40,491 - mylogger - INFO - 第 2 题
2018-09-24 19:32:40,772 - mylogger - INFO - 有关“毋”的读音正确的是？
2018-09-24 19:32:41,772 - mylogger - INFO - ['mu', 'wo', 'wu']
2018-09-24 19:32:42,490 - mylogger - DEBUG - 未检索到答案
2018-09-24 19:32:42,491 - mylogger - INFO - 我的答案：mu
2018-09-24 19:32:43,087 - mylogger - DEBUG - 选择选项
2018-09-24 19:32:45,576 - mylogger - INFO - 答案错误
2018-09-24 19:32:45,758 - mylogger - INFO - 正确答案；wu
2018-09-24 19:32:45,759 - mylogger - DEBUG - 添加此题
2018-09-24 19:32:47,315 - mylogger - INFO - 本题结束
2018-09-24 19:32:47,315 - mylogger - DEBUG - 获取题目
2018-09-24 19:32:49,492 - mylogger - INFO - 第 3 题
2018-09-24 19:32:49,757 - mylogger - INFO - 经典老歌《朋友》的演唱者是谁？
2018-09-24 19:32:50,683 - mylogger - INFO - ['郑智化', '罗大佑', '周华健']
2018-09-24 19:32:52,698 - mylogger - DEBUG - 在线检索答案
2018-09-24 19:32:52,699 - mylogger - INFO - 我的答案：周华健
2018-09-24 19:32:53,319 - mylogger - DEBUG - 选择选项
2018-09-24 19:32:55,885 - mylogger - INFO - 答案正确
2018-09-24 19:32:55,886 - mylogger - DEBUG - 添加此题
2018-09-24 19:32:56,295 - mylogger - INFO - 本题结束
2018-09-24 19:32:56,295 - mylogger - DEBUG - 获取题目
2018-09-24 19:32:58,672 - mylogger - INFO - 第 4 题
2018-09-24 19:32:58,996 - mylogger - INFO - 以下哪一个是高山族的传统风俗？
2018-09-24 19:32:59,908 - mylogger - INFO - ['背篓会', '打年糕', '拔河']
2018-09-24 19:33:01,036 - mylogger - DEBUG - 未检索到答案
2018-09-24 19:33:01,037 - mylogger - INFO - 我的答案：背篓会
2018-09-24 19:33:01,603 - mylogger - DEBUG - 选择选项
2018-09-24 19:33:04,135 - mylogger - INFO - 答案正确
2018-09-24 19:33:04,136 - mylogger - DEBUG - 添加此题
2018-09-24 19:33:05,637 - mylogger - INFO - 本题结束
2018-09-24 19:33:05,637 - mylogger - DEBUG - 获取题目
2018-09-24 19:33:07,776 - mylogger - INFO - 第 5 题
2018-09-24 19:33:08,048 - mylogger - INFO - 111x111=？
2018-09-24 19:33:08,991 - mylogger - INFO - ['12121', '12345', '12321']
2018-09-24 19:33:09,754 - mylogger - DEBUG - 在线检索答案
2018-09-24 19:33:09,755 - mylogger - INFO - 我的答案：12321
2018-09-24 19:33:10,312 - mylogger - DEBUG - 选择选项
2018-09-24 19:33:12,905 - mylogger - INFO - 答案正确
2018-09-24 19:33:12,905 - mylogger - DEBUG - 添加此题
2018-09-24 19:33:17,225 - mylogger - INFO - 本题结束
2018-09-24 19:33:18,401 - mylogger - INFO - 本场比赛结束
2018-09-24 19:33:18,503 - mylogger - INFO - 返回游戏页面
2018-09-24 19:33:20,037 - mylogger - INFO - 进入排位赛
2018-09-24 19:33:20,037 - mylogger - INFO - 正在匹配中......
2018-09-24 19:33:23,852 - mylogger - INFO - 匹配成功
2018-09-24 19:33:23,853 - mylogger - DEBUG - 获取题目
2018-09-24 19:33:24,522 - mylogger - INFO - 第 1 题
2018-09-24 19:33:24,793 - mylogger - INFO - 杨幂和刘恺威的婚礼在哪举行？
2018-09-24 19:33:25,665 - mylogger - INFO - ['北京', '巴厘岛', '大理']
2018-09-24 19:33:25,669 - mylogger - DEBUG - 数据库中检索答案
2018-09-24 19:33:25,669 - mylogger - INFO - 我的答案：巴厘岛
2018-09-24 19:33:26,250 - mylogger - DEBUG - 选择选项
2018-09-24 19:33:28,805 - mylogger - INFO - 答案正确
2018-09-24 19:33:32,301 - mylogger - INFO - 本题结束
2018-09-24 19:33:32,301 - mylogger - DEBUG - 获取题目
2018-09-24 19:33:34,607 - mylogger - INFO - 第 2 题
2018-09-24 19:33:34,930 - mylogger - INFO - 人体内有多少个肾脏？
2018-09-24 19:33:35,896 - mylogger - INFO - ['2', '1', '3']
2018-09-24 19:33:36,658 - mylogger - DEBUG - 在线检索答案
2018-09-24 19:33:36,658 - mylogger - INFO - 我的答案：1
2018-09-24 19:33:37,283 - mylogger - DEBUG - 选择选项
2018-09-24 19:33:39,882 - mylogger - INFO - 答案错误
2018-09-24 19:33:39,991 - mylogger - INFO - 正确答案；2
2018-09-24 19:33:39,992 - mylogger - DEBUG - 添加此题
2018-09-24 19:33:41,042 - mylogger - INFO - 本题结束
2018-09-24 19:33:41,042 - mylogger - DEBUG - 获取题目
2018-09-24 19:33:43,313 - mylogger - INFO - 第 3 题
2018-09-24 19:33:43,589 - mylogger - INFO - 国防的主要手段是
2018-09-24 19:33:44,597 - mylogger - INFO - ['军事', '外交', '政治']
2018-09-24 19:33:45,422 - mylogger - DEBUG - 在线检索答案
2018-09-24 19:33:45,423 - mylogger - INFO - 我的答案：军事
2018-09-24 19:33:46,037 - mylogger - DEBUG - 选择选项
2018-09-24 19:33:48,670 - mylogger - INFO - 答案正确
2018-09-24 19:33:48,671 - mylogger - DEBUG - 添加此题
2018-09-24 19:33:52,649 - mylogger - INFO - 本题结束
2018-09-24 19:33:52,650 - mylogger - DEBUG - 获取题目
2018-09-24 19:33:54,926 - mylogger - INFO - 第 4 题
2018-09-24 19:33:55,231 - mylogger - INFO - 头戴珊瑚帽，身穿梅花袄，腿儿细又长，翻山快如飞 (打一动物)
2018-09-24 19:33:56,179 - mylogger - INFO - ['七星瓢虫', '喜鹊', '鹿']
2018-09-24 19:33:56,526 - mylogger - DEBUG - 在线检索答案
2018-09-24 19:33:56,526 - mylogger - INFO - 我的答案：鹿
2018-09-24 19:33:57,197 - mylogger - DEBUG - 选择选项
2018-09-24 19:33:59,926 - mylogger - INFO - 答案正确
2018-09-24 19:33:59,927 - mylogger - DEBUG - 添加此题
2018-09-24 19:34:06,295 - mylogger - INFO - 本题结束
2018-09-24 19:34:06,295 - mylogger - DEBUG - 获取题目
2018-09-24 19:34:08,703 - mylogger - INFO - 第 5 题
2018-09-24 19:34:09,013 - mylogger - INFO - 中国话剧开拓者之一李叔同曾去过哪个国家留学？
2018-09-24 19:34:09,862 - mylogger - INFO - ['日本', '美国', '德国']
2018-09-24 19:34:11,010 - mylogger - DEBUG - 在线检索答案
2018-09-24 19:34:11,010 - mylogger - INFO - 我的答案：日本
2018-09-24 19:34:11,620 - mylogger - DEBUG - 选择选项
2018-09-24 19:34:14,163 - mylogger - INFO - 答案正确
2018-09-24 19:34:14,164 - mylogger - DEBUG - 添加此题
2018-09-24 19:34:15,756 - mylogger - INFO - 本题结束
2018-09-24 19:34:16,936 - mylogger - INFO - 本场比赛结束
2018-09-24 19:34:17,050 - mylogger - INFO - 返回游戏页面
2018-09-24 19:34:18,635 - mylogger - INFO - 进入排位赛
2018-09-24 19:34:18,635 - mylogger - INFO - 正在匹配中......
2018-09-24 19:34:21,707 - mylogger - INFO - 匹配成功
2018-09-24 19:34:21,708 - mylogger - DEBUG - 获取题目
2018-09-24 19:34:22,876 - mylogger - INFO - 第 1 题
2018-09-24 19:34:23,172 - mylogger - INFO - 吃年糕是为了纪念我国历史上的哪一位名人？
2018-09-24 19:34:24,023 - mylogger - INFO - ['夫差', '孙武', '伍子胥']
2018-09-24 19:34:24,609 - mylogger - DEBUG - 在线检索答案
2018-09-24 19:34:24,609 - mylogger - INFO - 我的答案：伍子胥
2018-09-24 19:34:25,847 - mylogger - DEBUG - 选择选项
2018-09-24 19:34:28,391 - mylogger - INFO - 答案正确
2018-09-24 19:34:28,391 - mylogger - DEBUG - 添加此题
2018-09-24 19:34:28,843 - mylogger - INFO - 本题结束
2018-09-24 19:34:28,843 - mylogger - DEBUG - 获取题目
2018-09-24 19:34:31,044 - mylogger - INFO - 第 2 题
2018-09-24 19:34:31,316 - mylogger - INFO - 蓝田玉产自哪里？
2018-09-24 19:34:32,232 - mylogger - INFO - ['陕西西安', '江苏南京', '浙江杭州']
2018-09-24 19:34:32,757 - mylogger - DEBUG - 未检索到答案
2018-09-24 19:34:32,757 - mylogger - INFO - 我的答案：陕西西安
2018-09-24 19:34:33,348 - mylogger - DEBUG - 选择选项
2018-09-24 19:34:35,812 - mylogger - INFO - 答案正确
2018-09-24 19:34:35,813 - mylogger - DEBUG - 添加此题
2018-09-24 19:34:37,764 - mylogger - INFO - 本题结束
2018-09-24 19:34:37,765 - mylogger - DEBUG - 获取题目
2018-09-24 19:34:39,915 - mylogger - INFO - 第 3 题
2018-09-24 19:34:40,179 - mylogger - INFO - 世界卫生组织的简称是什么？
2018-09-24 19:34:41,061 - mylogger - INFO - ['WHO', 'WFO', 'WIO']
2018-09-24 19:34:41,986 - mylogger - DEBUG - 在线检索答案
2018-09-24 19:34:41,986 - mylogger - INFO - 我的答案：WHO
2018-09-24 19:34:42,581 - mylogger - DEBUG - 选择选项
2018-09-24 19:34:45,185 - mylogger - INFO - 答案正确
2018-09-24 19:34:45,185 - mylogger - DEBUG - 添加此题
2018-09-24 19:34:47,252 - mylogger - INFO - 本题结束
2018-09-24 19:34:47,252 - mylogger - DEBUG - 获取题目
2018-09-24 19:34:49,504 - mylogger - INFO - 第 4 题
2018-09-24 19:34:49,817 - mylogger - INFO - 以下哪首歌不是范玮琪的代表作？
2018-09-24 19:34:50,764 - mylogger - INFO - ['《领悟》', '《最亲爱的你》', '《启程》']
2018-09-24 19:34:51,668 - mylogger - DEBUG - 在线检索答案
2018-09-24 19:34:51,668 - mylogger - INFO - 我的答案：《领悟》
2018-09-24 19:34:52,296 - mylogger - DEBUG - 选择选项
2018-09-24 19:34:54,796 - mylogger - INFO - 答案正确
2018-09-24 19:34:54,797 - mylogger - DEBUG - 添加此题
2018-09-24 19:34:56,320 - mylogger - INFO - 本题结束
2018-09-24 19:34:56,321 - mylogger - DEBUG - 获取题目
2018-09-24 19:34:58,577 - mylogger - INFO - 第 5 题
2018-09-24 19:34:58,877 - mylogger - INFO - 新年健康（打一中国地名）
2018-09-24 19:34:59,687 - mylogger - INFO - ['广安', '临安', '正安']
2018-09-24 19:35:01,456 - mylogger - DEBUG - 在线检索答案
2018-09-24 19:35:01,456 - mylogger - INFO - 我的答案：正安
2018-09-24 19:35:02,057 - mylogger - DEBUG - 选择选项
2018-09-24 19:35:04,725 - mylogger - INFO - 答案正确
2018-09-24 19:35:04,726 - mylogger - DEBUG - 添加此题
2018-09-24 19:35:07,014 - mylogger - INFO - 本题结束
2018-09-24 19:35:08,194 - mylogger - INFO - 本场比赛结束
2018-09-24 19:35:08,323 - mylogger - INFO - 返回游戏页面
2018-09-24 19:35:09,889 - mylogger - INFO - 进入排位赛
2018-09-24 19:35:09,889 - mylogger - INFO - 正在匹配中......
2018-09-24 19:35:13,837 - mylogger - INFO - 匹配成功
2018-09-24 19:35:13,838 - mylogger - DEBUG - 获取题目
2018-09-24 19:35:15,347 - mylogger - INFO - 第 1 题
2018-09-24 19:35:15,689 - mylogger - INFO - 《神笔马良》的主角姓什么？
2018-09-24 19:35:16,533 - mylogger - INFO - ['马', '神', '良']
2018-09-24 19:35:17,164 - mylogger - DEBUG - 在线检索答案
2018-09-24 19:35:17,164 - mylogger - INFO - 我的答案：马
2018-09-24 19:35:17,757 - mylogger - DEBUG - 选择选项
2018-09-24 19:35:20,330 - mylogger - INFO - 答案正确
2018-09-24 19:35:20,331 - mylogger - DEBUG - 添加此题
2018-09-24 19:35:22,469 - mylogger - INFO - 本题结束
2018-09-24 19:35:22,470 - mylogger - DEBUG - 获取题目
2018-09-24 19:35:24,591 - mylogger - INFO - 第 2 题
2018-09-24 19:35:24,895 - mylogger - INFO - 新凤霞是演什么的？
2018-09-24 19:35:25,963 - mylogger - INFO - ['电影', '评剧', '京剧']
2018-09-24 19:35:26,825 - mylogger - DEBUG - 在线检索答案
2018-09-24 19:35:26,825 - mylogger - INFO - 我的答案：评剧
2018-09-24 19:35:27,401 - mylogger - DEBUG - 选择选项
2018-09-24 19:35:29,966 - mylogger - INFO - 答案正确
2018-09-24 19:35:29,967 - mylogger - DEBUG - 添加此题
2018-09-24 19:35:32,023 - mylogger - INFO - 本题结束
2018-09-24 19:35:32,024 - mylogger - DEBUG - 获取题目
2018-09-24 19:35:34,147 - mylogger - INFO - 第 3 题
2018-09-24 19:35:34,422 - mylogger - INFO - 以下哪一条河，是我国的第二长河？
2018-09-24 19:35:35,308 - mylogger - INFO - ['珠江', '黄河', '长江']
2018-09-24 19:35:36,291 - mylogger - DEBUG - 在线检索答案
2018-09-24 19:35:36,292 - mylogger - INFO - 我的答案：长江
2018-09-24 19:35:36,902 - mylogger - DEBUG - 选择选项
2018-09-24 19:35:39,483 - mylogger - INFO - 答案错误
2018-09-24 19:35:39,686 - mylogger - INFO - 正确答案；黄河
2018-09-24 19:35:39,687 - mylogger - DEBUG - 添加此题
2018-09-24 19:35:41,274 - mylogger - INFO - 本题结束
2018-09-24 19:35:41,275 - mylogger - DEBUG - 获取题目
2018-09-24 19:35:43,515 - mylogger - INFO - 第 4 题
2018-09-24 19:35:43,783 - mylogger - INFO - 我国古代敬称中“令坦”是指：
2018-09-24 19:35:44,636 - mylogger - INFO - ['对方的女婿', '对方的儿子', '对方的女儿']
2018-09-24 19:35:46,327 - mylogger - DEBUG - 在线检索答案
2018-09-24 19:35:46,327 - mylogger - INFO - 我的答案：对方的女婿
2018-09-24 19:35:46,939 - mylogger - DEBUG - 选择选项
2018-09-24 19:35:49,544 - mylogger - INFO - 答案正确
2018-09-24 19:35:49,545 - mylogger - DEBUG - 添加此题
2018-09-24 19:35:53,152 - mylogger - INFO - 本题结束
2018-09-24 19:35:53,153 - mylogger - DEBUG - 获取题目
2018-09-24 19:35:55,463 - mylogger - INFO - 第 5 题
2018-09-24 19:35:55,723 - mylogger - INFO - 以下哪一架是世界上第一种共轴双三桨旋翼攻击直升机？
2018-09-24 19:35:56,627 - mylogger - INFO - ['米-24直升机', '卡-50攻击直升机', 'CH-47运输直升机']
2018-09-24 19:35:57,395 - mylogger - DEBUG - 未检索到答案
2018-09-24 19:35:57,396 - mylogger - INFO - 我的答案：米-24直升机
2018-09-24 19:35:58,059 - mylogger - DEBUG - 选择选项
2018-09-24 19:36:00,688 - mylogger - INFO - 答案错误
2018-09-24 19:36:00,823 - mylogger - INFO - 正确答案；卡-50攻击直升机
2018-09-24 19:36:00,824 - mylogger - DEBUG - 添加此题
2018-09-24 19:36:07,168 - mylogger - INFO - 本题结束
2018-09-24 19:36:08,348 - mylogger - INFO - 本场比赛结束
2018-09-24 19:36:08,458 - mylogger - INFO - 返回游戏页面
2018-09-24 19:36:09,968 - mylogger - INFO - 进入排位赛
2018-09-24 19:36:09,968 - mylogger - INFO - 正在匹配中......
2018-09-24 19:36:15,628 - mylogger - INFO - 匹配成功
2018-09-24 19:36:15,628 - mylogger - DEBUG - 获取题目
2018-09-24 19:36:17,047 - mylogger - INFO - 第 1 题
2018-09-24 19:36:17,323 - mylogger - INFO - 购买私家车后，必须购买的保险是哪个险种？
2018-09-24 19:36:18,288 - mylogger - INFO - ['交强险', '车头险', '车辆损失险']
2018-09-24 19:36:18,291 - mylogger - DEBUG - 数据库中检索答案
2018-09-24 19:36:18,292 - mylogger - INFO - 我的答案：交强险
2018-09-24 19:36:18,892 - mylogger - DEBUG - 选择选项
2018-09-24 19:36:21,388 - mylogger - INFO - 答案正确
2018-09-24 19:36:22,660 - mylogger - INFO - 本题结束
2018-09-24 19:36:22,660 - mylogger - DEBUG - 获取题目
2018-09-24 19:36:24,913 - mylogger - INFO - 第 2 题
2018-09-24 19:36:25,236 - mylogger - INFO - 因肉质细嫩洁白，有“海鸡肉”之称的是哪种鱼？
2018-09-24 19:36:26,152 - mylogger - INFO - ['金龙鱼', '石斑鱼', '马林鱼']
2018-09-24 19:36:26,966 - mylogger - DEBUG - 在线检索答案
2018-09-24 19:36:26,966 - mylogger - INFO - 我的答案：石斑鱼
2018-09-24 19:36:27,551 - mylogger - DEBUG - 选择选项
2018-09-24 19:36:30,092 - mylogger - INFO - 答案正确
2018-09-24 19:36:30,093 - mylogger - DEBUG - 添加此题
2018-09-24 19:36:33,088 - mylogger - INFO - 本题结束
2018-09-24 19:36:33,088 - mylogger - DEBUG - 获取题目
2018-09-24 19:36:35,205 - mylogger - INFO - 第 3 题
2018-09-24 19:36:35,508 - mylogger - INFO - 以下哪位是电视节目《火星情报局 第二季》的主持人？
2018-09-24 19:36:36,334 - mylogger - INFO - ['陈鲁豫', '汪涵', '吴秀波']
2018-09-24 19:36:37,092 - mylogger - DEBUG - 在线检索答案
2018-09-24 19:36:37,092 - mylogger - INFO - 我的答案：汪涵
2018-09-24 19:36:37,736 - mylogger - DEBUG - 选择选项
2018-09-24 19:36:40,361 - mylogger - INFO - 答案正确
2018-09-24 19:36:40,362 - mylogger - DEBUG - 添加此题
2018-09-24 19:36:42,376 - mylogger - INFO - 本题结束
2018-09-24 19:36:42,376 - mylogger - DEBUG - 获取题目
2018-09-24 19:36:44,593 - mylogger - INFO - 第 4 题
2018-09-24 19:36:44,881 - mylogger - INFO - 英镑的英文代码是
2018-09-24 19:36:45,813 - mylogger - INFO - ['USD', 'GBP', 'CNY']
2018-09-24 19:36:45,816 - mylogger - DEBUG - 数据库中检索答案
2018-09-24 19:36:45,817 - mylogger - INFO - 我的答案：GBP
2018-09-24 19:36:46,477 - mylogger - DEBUG - 选择选项
2018-09-24 19:36:49,014 - mylogger - INFO - 答案正确
2018-09-24 19:36:52,226 - mylogger - INFO - 本题结束
2018-09-24 19:36:52,226 - mylogger - DEBUG - 获取题目
2018-09-24 19:36:54,401 - mylogger - INFO - 第 5 题
2018-09-24 19:36:54,738 - mylogger - INFO - 有“世界船王”之称的海外炎黄子孙是指：
2018-09-24 19:36:55,625 - mylogger - INFO - ['王安', '王贞治', '包玉刚']
2018-09-24 19:36:56,749 - mylogger - DEBUG - 在线检索答案
2018-09-24 19:36:56,749 - mylogger - INFO - 我的答案：包玉刚
2018-09-24 19:36:57,331 - mylogger - DEBUG - 选择选项
2018-09-24 19:36:59,894 - mylogger - INFO - 答案正确
2018-09-24 19:36:59,895 - mylogger - DEBUG - 添加此题
2018-09-24 19:37:01,763 - mylogger - INFO - 本题结束
2018-09-24 19:37:02,934 - mylogger - INFO - 本场比赛结束
2018-09-24 19:37:02,995 - mylogger - INFO - 返回游戏页面
2018-09-24 19:37:04,525 - mylogger - INFO - 进入排位赛
2018-09-24 19:37:04,525 - mylogger - INFO - 正在匹配中......
2018-09-24 19:37:14,930 - mylogger - INFO - 匹配成功
2018-09-24 19:37:14,930 - mylogger - DEBUG - 获取题目
2018-09-24 19:37:16,178 - mylogger - INFO - 第 1 题
2018-09-24 19:37:16,542 - mylogger - INFO - 二战中击沉日本超级战列舰大和号的是？
2018-09-24 19:37:17,598 - mylogger - INFO - [' 美国海军航空兵', ' 美国陆军坦克兵', '美国陆军步兵']
2018-09-24 19:37:17,601 - mylogger - DEBUG - 数据库中检索答案
2018-09-24 19:37:17,601 - mylogger - INFO - 我的答案： 美国海军航空兵
2018-09-24 19:37:18,203 - mylogger - DEBUG - 选择选项
2018-09-24 19:37:20,938 - mylogger - INFO - 答案正确
2018-09-24 19:37:23,303 - mylogger - INFO - 本题结束
2018-09-24 19:37:23,304 - mylogger - DEBUG - 获取题目
2018-09-24 19:37:25,684 - mylogger - INFO - 第 2 题
2018-09-24 19:37:25,961 - mylogger - INFO - 以下哪部作品不属于宫崎骏的代表作？
2018-09-24 19:37:26,858 - mylogger - INFO - ['《米亚和米高人》', '《幽灵公主》', '《天空之城》']
2018-09-24 19:37:27,618 - mylogger - DEBUG - 在线检索答案
2018-09-24 19:37:27,618 - mylogger - INFO - 我的答案：《米亚和米高人》
2018-09-24 19:37:28,250 - mylogger - DEBUG - 选择选项
2018-09-24 19:37:30,763 - mylogger - INFO - 答案正确
2018-09-24 19:37:30,764 - mylogger - DEBUG - 添加此题
2018-09-24 19:37:32,768 - mylogger - INFO - 本题结束
2018-09-24 19:37:32,769 - mylogger - DEBUG - 获取题目
2018-09-24 19:37:35,023 - mylogger - INFO - 第 3 题
2018-09-24 19:37:35,287 - mylogger - INFO - 起源于非洲，但流行于阿根廷的双人舞蹈是什么舞？
2018-09-24 19:37:36,151 - mylogger - INFO - ['探戈', '摇滚', '爵士']
2018-09-24 19:37:37,281 - mylogger - DEBUG - 在线检索答案
2018-09-24 19:37:37,282 - mylogger - INFO - 我的答案：探戈
2018-09-24 19:37:37,919 - mylogger - DEBUG - 选择选项
2018-09-24 19:37:40,487 - mylogger - INFO - 答案正确
2018-09-24 19:37:40,488 - mylogger - DEBUG - 添加此题
2018-09-24 19:37:43,392 - mylogger - INFO - 本题结束
2018-09-24 19:37:43,393 - mylogger - DEBUG - 获取题目
2018-09-24 19:37:45,428 - mylogger - INFO - 第 4 题
2018-09-24 19:37:45,792 - mylogger - INFO - 红线吊绿球，吊上树梢头，不怕风和雨，只怕贼来偷。(打一植物)
2018-09-24 19:37:46,679 - mylogger - INFO - ['菊花', '猕猴桃', '枣树']
2018-09-24 19:37:48,714 - mylogger - DEBUG - 在线检索答案
2018-09-24 19:37:48,714 - mylogger - INFO - 我的答案：菊花
2018-09-24 19:37:49,347 - mylogger - DEBUG - 选择选项
2018-09-24 19:37:51,923 - mylogger - INFO - 答案错误
2018-09-24 19:37:52,052 - mylogger - INFO - 正确答案；猕猴桃
2018-09-24 19:37:52,053 - mylogger - DEBUG - 添加此题
2018-09-24 19:37:55,162 - mylogger - INFO - 本题结束
2018-09-24 19:37:55,162 - mylogger - DEBUG - 获取题目
2018-09-24 19:37:57,425 - mylogger - INFO - 第 5 题
2018-09-24 19:37:57,740 - mylogger - INFO - 咖啡的故乡是哪里?
2018-09-24 19:37:58,621 - mylogger - INFO - ['非洲', '美洲', '大洋洲']
2018-09-24 19:37:58,624 - mylogger - DEBUG - 数据库中检索答案
2018-09-24 19:37:58,625 - mylogger - INFO - 我的答案：非洲
2018-09-24 19:37:59,243 - mylogger - DEBUG - 选择选项
2018-09-24 19:38:01,825 - mylogger - INFO - 答案正确
2018-09-24 19:38:06,712 - mylogger - INFO - 本题结束
2018-09-24 19:38:07,861 - mylogger - INFO - 本场比赛结束
2018-09-24 19:38:07,955 - mylogger - INFO - 返回游戏页面
2018-09-24 19:38:09,636 - mylogger - INFO - 进入排位赛
2018-09-24 19:38:09,636 - mylogger - INFO - 正在匹配中......
2018-09-24 19:38:26,873 - mylogger - INFO - 匹配成功
2018-09-24 19:38:26,873 - mylogger - DEBUG - 获取题目
2018-09-24 19:38:28,118 - mylogger - INFO - 第 1 题
2018-09-24 19:38:28,421 - mylogger - INFO - 以下选项中，哪个是晚上扑向灯光的昆虫？
2018-09-24 19:38:29,270 - mylogger - INFO - ['蚂蚁', '飞蛾', '蜻蜓']
2018-09-24 19:38:30,096 - mylogger - DEBUG - 未检索到答案
2018-09-24 19:38:30,096 - mylogger - INFO - 我的答案：蚂蚁
2018-09-24 19:38:30,824 - mylogger - DEBUG - 选择选项
2018-09-24 19:38:33,401 - mylogger - INFO - 答案错误
2018-09-24 19:38:33,505 - mylogger - INFO - 正确答案；飞蛾
2018-09-24 19:38:33,506 - mylogger - DEBUG - 添加此题
2018-09-24 19:38:34,354 - mylogger - INFO - 本题结束
2018-09-24 19:38:34,354 - mylogger - DEBUG - 获取题目
2018-09-24 19:38:36,513 - mylogger - INFO - 第 2 题
2018-09-24 19:38:36,806 - mylogger - INFO - 钱学森曾经参与创建的NASA研究中心是？
2018-09-24 19:38:37,718 - mylogger - INFO - ['兰利研究中心', '喷气推进实验室', '马歇尔中心']
2018-09-24 19:38:37,727 - mylogger - DEBUG - 数据库中检索答案
2018-09-24 19:38:37,727 - mylogger - INFO - 我的答案：喷气推进实验室
2018-09-24 19:38:38,321 - mylogger - DEBUG - 选择选项
2018-09-24 19:38:40,918 - mylogger - INFO - 答案正确
2018-09-24 19:38:43,506 - mylogger - INFO - 本题结束
2018-09-24 19:38:43,506 - mylogger - DEBUG - 获取题目
2018-09-24 19:38:45,590 - mylogger - INFO - 第 3 题
2018-09-24 19:38:45,878 - mylogger - INFO - 我国劳动法中规定，劳动者连续工作几年以上，享受带薪休假？
2018-09-24 19:38:46,778 - mylogger - INFO - ['1年', '2年', '3年']
2018-09-24 19:38:46,781 - mylogger - DEBUG - 数据库中检索答案
2018-09-24 19:38:46,781 - mylogger - INFO - 我的答案：1年
2018-09-24 19:38:47,398 - mylogger - DEBUG - 选择选项
2018-09-24 19:38:50,074 - mylogger - INFO - 答案正确
2018-09-24 19:38:52,351 - mylogger - INFO - 本题结束
2018-09-24 19:38:52,352 - mylogger - DEBUG - 获取题目
2018-09-24 19:38:54,522 - mylogger - INFO - 第 4 题
2018-09-24 19:38:54,802 - mylogger - INFO - WII游戏机是哪一公司的产品？
2018-09-24 19:38:55,758 - mylogger - INFO - ['任天堂', '索尼', '微软']
2018-09-24 19:38:56,485 - mylogger - DEBUG - 在线检索答案
2018-09-24 19:38:56,485 - mylogger - INFO - 我的答案：任天堂
2018-09-24 19:38:57,174 - mylogger - DEBUG - 选择选项
2018-09-24 19:38:59,659 - mylogger - INFO - 答案正确
2018-09-24 19:38:59,660 - mylogger - DEBUG - 添加此题
2018-09-24 19:39:00,177 - mylogger - INFO - 本题结束
2018-09-24 19:39:00,177 - mylogger - DEBUG - 获取题目
2018-09-24 19:39:02,483 - mylogger - INFO - 第 5 题
2018-09-24 19:39:02,783 - mylogger - INFO - 圣彼得大教堂是世界最大的教堂之一，它位于何处？
2018-09-24 19:39:03,651 - mylogger - INFO - ['梵蒂冈', '耶路撒冷', '君士坦丁堡']
2018-09-24 19:39:04,387 - mylogger - DEBUG - 在线检索答案
2018-09-24 19:39:04,387 - mylogger - INFO - 我的答案：梵蒂冈
2018-09-24 19:39:04,991 - mylogger - DEBUG - 选择选项
2018-09-24 19:39:07,498 - mylogger - INFO - 答案正确
2018-09-24 19:39:07,499 - mylogger - DEBUG - 添加此题
2018-09-24 19:39:08,087 - mylogger - INFO - 本题结束
2018-09-24 19:39:09,238 - mylogger - INFO - 本场比赛结束
2018-09-24 19:39:09,296 - mylogger - INFO - 返回游戏页面
2018-09-24 19:39:10,831 - mylogger - INFO - 进入排位赛
2018-09-24 19:39:10,831 - mylogger - INFO - 正在匹配中......
2018-09-24 19:39:20,128 - mylogger - INFO - 匹配成功
2018-09-24 19:39:20,128 - mylogger - DEBUG - 获取题目
2018-09-24 19:39:21,457 - mylogger - INFO - 第 1 题
2018-09-24 19:39:21,775 - mylogger - INFO - 在封建社会，皇帝的朝服通常是什么颜色的？
2018-09-24 19:39:22,636 - mylogger - INFO - ['蓝色', '黄色', '红色']
2018-09-24 19:39:23,494 - mylogger - DEBUG - 在线检索答案
2018-09-24 19:39:23,494 - mylogger - INFO - 我的答案：黄色
2018-09-24 19:39:24,055 - mylogger - DEBUG - 选择选项
2018-09-24 19:39:26,587 - mylogger - INFO - 答案正确
2018-09-24 19:39:26,588 - mylogger - DEBUG - 添加此题
2018-09-24 19:39:27,815 - mylogger - INFO - 本题结束
2018-09-24 19:39:27,815 - mylogger - DEBUG - 获取题目
2018-09-24 19:39:30,120 - mylogger - INFO - 第 2 题
2018-09-24 19:39:30,392 - mylogger - INFO - Android系统是哪一年发布的
2018-09-24 19:39:31,277 - mylogger - INFO - ['2010年', '2009年', '2008年']
2018-09-24 19:39:31,280 - mylogger - DEBUG - 数据库中检索答案
2018-09-24 19:39:31,280 - mylogger - INFO - 我的答案：2008年
2018-09-24 19:39:31,888 - mylogger - DEBUG - 选择选项
2018-09-24 19:39:34,440 - mylogger - INFO - 答案正确
2018-09-24 19:39:39,076 - mylogger - INFO - 本题结束
2018-09-24 19:39:39,076 - mylogger - DEBUG - 获取题目
2018-09-24 19:39:41,160 - mylogger - INFO - 第 3 题
2018-09-24 19:39:41,432 - mylogger - INFO - 《王者荣耀》英雄嬴政拥有什么技能？
2018-09-24 19:39:42,308 - mylogger - INFO - ['不灭魔躯', '王者审判', '大圣神威']
2018-09-24 19:39:43,154 - mylogger - DEBUG - 未检索到答案
2018-09-24 19:39:43,154 - mylogger - INFO - 我的答案：不灭魔躯
2018-09-24 19:39:43,751 - mylogger - DEBUG - 选择选项
2018-09-24 19:39:46,372 - mylogger - INFO - 答案错误
2018-09-24 19:39:46,484 - mylogger - INFO - 正确答案；王者审判
2018-09-24 19:39:46,485 - mylogger - DEBUG - 添加此题
2018-09-24 19:39:49,569 - mylogger - INFO - 本题结束
2018-09-24 19:39:49,569 - mylogger - DEBUG - 获取题目
2018-09-24 19:39:51,753 - mylogger - INFO - 第 4 题
2018-09-24 19:39:52,028 - mylogger - INFO - 女子演唱团体S.H.E成员中的Selina，她的原名叫什么？
2018-09-24 19:39:52,853 - mylogger - INFO - ['田馥甄', '徐宁', '任家萱']
2018-09-24 19:39:53,668 - mylogger - DEBUG - 在线检索答案
2018-09-24 19:39:53,668 - mylogger - INFO - 我的答案：任家萱
2018-09-24 19:39:54,417 - mylogger - DEBUG - 选择选项
2018-09-24 19:39:56,933 - mylogger - INFO - 答案正确
2018-09-24 19:39:56,934 - mylogger - DEBUG - 添加此题
2018-09-24 19:39:57,949 - mylogger - INFO - 本题结束
2018-09-24 19:39:57,950 - mylogger - DEBUG - 获取题目
2018-09-24 19:40:00,101 - mylogger - INFO - 第 5 题
2018-09-24 19:40:00,369 - mylogger - INFO - 请问以下哪个不是岳父的另一种说法？
2018-09-24 19:40:01,189 - mylogger - INFO - ['丈公', '老丈人', '外父']
2018-09-24 19:40:02,002 - mylogger - DEBUG - 在线检索答案
2018-09-24 19:40:02,002 - mylogger - INFO - 我的答案：丈公
2018-09-24 19:40:02,605 - mylogger - DEBUG - 选择选项
2018-09-24 19:40:05,282 - mylogger - INFO - 答案正确
2018-09-24 19:40:05,283 - mylogger - DEBUG - 添加此题
2018-09-24 19:40:09,885 - mylogger - INFO - 本题结束
2018-09-24 19:40:11,071 - mylogger - INFO - 本场比赛结束
2018-09-24 19:40:11,136 - mylogger - INFO - 返回游戏页面
2018-09-24 19:40:12,717 - mylogger - INFO - 进入排位赛
2018-09-24 19:40:12,717 - mylogger - INFO - 正在匹配中......
2018-09-24 19:40:16,493 - mylogger - INFO - 匹配成功
2018-09-24 19:40:16,494 - mylogger - DEBUG - 获取题目
2018-09-24 19:40:17,134 - mylogger - INFO - 第 1 题
2018-09-24 19:40:17,405 - mylogger - INFO - 歌曲《怒放的生命》是哪位男歌手的代表作？
2018-09-24 19:40:18,355 - mylogger - INFO - ['汪峰', '崔健', '窦唯']
2018-09-24 19:40:19,182 - mylogger - DEBUG - 在线检索答案
2018-09-24 19:40:19,182 - mylogger - INFO - 我的答案：汪峰
2018-09-24 19:40:19,782 - mylogger - DEBUG - 选择选项
2018-09-24 19:40:22,402 - mylogger - INFO - 答案正确
2018-09-24 19:40:22,403 - mylogger - DEBUG - 添加此题
2018-09-24 19:40:22,814 - mylogger - INFO - 本题结束
2018-09-24 19:40:22,814 - mylogger - DEBUG - 获取题目
2018-09-24 19:40:24,930 - mylogger - INFO - 第 2 题
2018-09-24 19:40:25,302 - mylogger - INFO - 以下哪一部作品，不属于动画电影？
2018-09-24 19:40:26,314 - mylogger - INFO - ['《马达加斯加》', '《神偷奶爸》', '《环太平洋》']
2018-09-24 19:40:27,512 - mylogger - DEBUG - 在线检索答案
2018-09-24 19:40:27,512 - mylogger - INFO - 我的答案：《马达加斯加》
2018-09-24 19:40:28,109 - mylogger - DEBUG - 选择选项
2018-09-24 19:40:30,682 - mylogger - INFO - 答案错误
2018-09-24 19:40:30,870 - mylogger - INFO - 正确答案；《环太平洋》
2018-09-24 19:40:30,871 - mylogger - DEBUG - 添加此题
2018-09-24 19:40:35,924 - mylogger - INFO - 本题结束
2018-09-24 19:40:35,924 - mylogger - DEBUG - 获取题目
2018-09-24 19:40:38,108 - mylogger - INFO - 第 3 题
2018-09-24 19:40:38,399 - mylogger - INFO - 怎样的喜事可以被称为“弥月之喜”？
2018-09-24 19:40:39,289 - mylogger - INFO - ['乔迁满月', '婴儿满月', '结婚满月']
2018-09-24 19:40:39,292 - mylogger - DEBUG - 数据库中检索答案
2018-09-24 19:40:39,292 - mylogger - INFO - 我的答案：婴儿满月
2018-09-24 19:40:39,866 - mylogger - DEBUG - 选择选项
2018-09-24 19:40:42,388 - mylogger - INFO - 答案正确
2018-09-24 19:40:46,264 - mylogger - INFO - 本题结束
2018-09-24 19:40:46,264 - mylogger - DEBUG - 获取题目
2018-09-24 19:40:48,537 - mylogger - INFO - 第 4 题
2018-09-24 19:40:48,815 - mylogger - INFO - 截止到2017年底，下列哪位明星没有参加过湖南卫视的《爸爸去哪儿》？
2018-09-24 19:40:49,715 - mylogger - INFO - ['修杰楷', '吴尊', '沙溢']
2018-09-24 19:40:50,608 - mylogger - DEBUG - 在线检索答案
2018-09-24 19:40:50,608 - mylogger - INFO - 我的答案：吴尊
2018-09-24 19:40:51,192 - mylogger - DEBUG - 选择选项
2018-09-24 19:40:53,791 - mylogger - INFO - 答案错误
2018-09-24 19:40:53,919 - mylogger - INFO - 正确答案；修杰楷
2018-09-24 19:40:53,920 - mylogger - DEBUG - 添加此题
2018-09-24 19:40:56,004 - mylogger - INFO - 本题结束
2018-09-24 19:40:56,005 - mylogger - DEBUG - 获取题目
2018-09-24 19:40:58,116 - mylogger - INFO - 第 5 题
2018-09-24 19:40:58,452 - mylogger - INFO - 周文王的大儿子叫什么名字？
2018-09-24 19:40:59,468 - mylogger - INFO - ['雷震子', '姬发', '伯邑考']
2018-09-24 19:40:59,471 - mylogger - DEBUG - 数据库中检索答案
2018-09-24 19:40:59,471 - mylogger - INFO - 我的答案：伯邑考
2018-09-24 19:41:00,067 - mylogger - DEBUG - 选择选项
2018-09-24 19:41:02,583 - mylogger - INFO - 答案正确
2018-09-24 19:41:06,268 - mylogger - INFO - 本题结束
2018-09-24 19:41:07,457 - mylogger - INFO - 本场比赛结束
2018-09-24 19:41:07,555 - mylogger - INFO - 返回游戏页面
2018-09-24 19:41:09,184 - mylogger - INFO - 进入排位赛
2018-09-24 19:41:09,184 - mylogger - INFO - 正在匹配中......
2018-09-24 19:41:11,971 - mylogger - INFO - 匹配成功
2018-09-24 19:41:11,972 - mylogger - DEBUG - 获取题目
2018-09-24 19:41:13,460 - mylogger - INFO - 第 1 题
2018-09-24 19:41:13,720 - mylogger - INFO - 琥珀又被称为什么？
2018-09-24 19:41:14,537 - mylogger - INFO - ['孩儿面', '松脂化石', '佛石']
2018-09-24 19:41:15,279 - mylogger - DEBUG - 未检索到答案
2018-09-24 19:41:15,279 - mylogger - INFO - 我的答案：孩儿面
2018-09-24 19:41:15,877 - mylogger - DEBUG - 选择选项
2018-09-24 19:41:18,488 - mylogger - INFO - 答案错误
2018-09-24 19:41:18,633 - mylogger - INFO - 正确答案；松脂化石
2018-09-24 19:41:18,634 - mylogger - DEBUG - 添加此题
2018-09-24 19:41:18,845 - mylogger - INFO - 本题结束
2018-09-24 19:41:18,846 - mylogger - DEBUG - 获取题目
2018-09-24 19:41:20,940 - mylogger - INFO - 第 2 题
2018-09-24 19:41:21,209 - mylogger - INFO - 我国最早的表演艺术是：
2018-09-24 19:41:22,041 - mylogger - INFO - ['曲艺', '杂技', '戏剧']
2018-09-24 19:41:23,691 - mylogger - DEBUG - 在线检索答案
2018-09-24 19:41:23,691 - mylogger - INFO - 我的答案：杂技
2018-09-24 19:41:24,300 - mylogger - DEBUG - 选择选项
2018-09-24 19:41:26,881 - mylogger - INFO - 答案正确
2018-09-24 19:41:26,882 - mylogger - DEBUG - 添加此题
2018-09-24 19:41:30,526 - mylogger - INFO - 本题结束
2018-09-24 19:41:30,526 - mylogger - DEBUG - 获取题目
2018-09-24 19:41:32,794 - mylogger - INFO - 第 3 题
2018-09-24 19:41:33,122 - mylogger - INFO - 以下数中与2／3数值不同的数是？
2018-09-24 19:41:34,146 - mylogger - INFO - ['12／16', '20／30', '4／6']
2018-09-24 19:41:35,869 - mylogger - DEBUG - 在线检索答案
2018-09-24 19:41:35,869 - mylogger - INFO - 我的答案：12／16
2018-09-24 19:41:36,450 - mylogger - DEBUG - 选择选项
2018-09-24 19:41:39,041 - mylogger - INFO - 答案正确
2018-09-24 19:41:39,042 - mylogger - DEBUG - 添加此题
2018-09-24 19:41:42,459 - mylogger - INFO - 本题结束
2018-09-24 19:41:42,459 - mylogger - DEBUG - 获取题目
2018-09-24 19:41:44,834 - mylogger - INFO - 第 4 题
2018-09-24 19:41:45,134 - mylogger - INFO - 名句“似楚江暝宿”中“暝”是什么意思？
2018-09-24 19:41:45,985 - mylogger - INFO - ['日出', '正午', '天黑']
2018-09-24 19:41:47,037 - mylogger - DEBUG - 未检索到答案
2018-09-24 19:41:47,037 - mylogger - INFO - 我的答案：日出
2018-09-24 19:41:47,629 - mylogger - DEBUG - 选择选项
2018-09-24 19:41:50,178 - mylogger - INFO - 答案错误
2018-09-24 19:41:50,354 - mylogger - INFO - 正确答案；天黑
2018-09-24 19:41:50,355 - mylogger - DEBUG - 添加此题
2018-09-24 19:41:52,382 - mylogger - INFO - 本题结束
2018-09-24 19:41:52,383 - mylogger - DEBUG - 获取题目
2018-09-24 19:41:54,698 - mylogger - INFO - 第 5 题
2018-09-24 19:41:54,958 - mylogger - INFO - 2000年5月，俞斌夺得（）世界棋王赛桂冠
2018-09-24 19:41:55,846 - mylogger - INFO - ['LG杯', '三星杯券杯', '东洋证券杯']
2018-09-24 19:41:57,634 - mylogger - DEBUG - 在线检索答案
2018-09-24 19:41:57,635 - mylogger - INFO - 我的答案：LG杯
2018-09-24 19:41:58,203 - mylogger - DEBUG - 选择选项
2018-09-24 19:42:00,830 - mylogger - INFO - 答案正确
2018-09-24 19:42:00,831 - mylogger - DEBUG - 添加此题
2018-09-24 19:42:01,743 - mylogger - INFO - 本题结束
2018-09-24 19:42:21,278 - mylogger - DEBUG - 获取题目
2018-09-24 19:42:54,300 - mylogger - DEBUG - 获取题目
2018-09-24 19:44:18,369 - mylogger - INFO - 第 1 题
2018-09-24 19:44:18,664 - mylogger - INFO - 杨沫《青春之歌》以主人公____的人生轨迹为主线。
2018-09-24 19:44:19,560 - mylogger - INFO - ['卢嘉川', '江华', '林道静']
2018-09-24 19:44:20,406 - mylogger - DEBUG - 在线检索答案
2018-09-24 19:44:20,406 - mylogger - INFO - 我的答案：林道静
2018-09-24 19:44:21,039 - mylogger - DEBUG - 选择选项
2018-09-24 19:44:23,712 - mylogger - INFO - 答案正确
2018-09-24 19:44:23,714 - mylogger - DEBUG - 添加此题
2018-09-24 19:44:32,912 - mylogger - INFO - 本题结束
2018-09-24 19:44:32,912 - mylogger - DEBUG - 获取题目
2018-09-24 19:44:35,335 - mylogger - INFO - 第 2 题
2018-09-24 19:44:35,720 - mylogger - INFO - “草船借箭”这一典故出自何人？
2018-09-24 19:44:36,760 - mylogger - INFO - ['周瑜', '诸葛亮', '鲁肃']
2018-09-24 19:44:37,490 - mylogger - DEBUG - 在线检索答案
2018-09-24 19:44:37,490 - mylogger - INFO - 我的答案：诸葛亮
2018-09-24 19:44:38,180 - mylogger - DEBUG - 选择选项
2018-09-24 19:44:40,750 - mylogger - INFO - 答案正确
2018-09-24 19:44:40,750 - mylogger - DEBUG - 添加此题
2018-09-24 19:44:41,673 - mylogger - INFO - 本题结束
2018-09-24 19:44:41,673 - mylogger - DEBUG - 获取题目
2018-09-24 19:44:43,849 - mylogger - INFO - 第 3 题
2018-09-24 19:44:44,137 - mylogger - INFO - 雷锋在部队里从事的是什么职务？
2018-09-24 19:44:45,065 - mylogger - INFO - ['飞行员', '汽车兵', '坦克兵']
2018-09-24 19:44:47,076 - mylogger - DEBUG - 在线检索答案
2018-09-24 19:44:47,076 - mylogger - INFO - 我的答案：飞行员
2018-09-24 19:44:47,707 - mylogger - DEBUG - 选择选项
2018-09-24 19:44:50,297 - mylogger - INFO - 答案错误
2018-09-24 19:44:50,444 - mylogger - INFO - 正确答案；汽车兵
2018-09-24 19:44:50,445 - mylogger - DEBUG - 添加此题
2018-09-24 19:44:50,631 - mylogger - INFO - 本题结束
2018-09-24 19:44:50,631 - mylogger - DEBUG - 获取题目
2018-09-24 19:44:53,017 - mylogger - INFO - 第 4 题
2018-09-24 19:44:53,389 - mylogger - INFO - 重型猎鹰运载火箭近地轨道运载能力是多少？
2018-09-24 19:44:54,302 - mylogger - INFO - ['16.8 吨', '30.7 吨', '63.8 吨']
2018-09-24 19:44:55,012 - mylogger - DEBUG - 在线检索答案
2018-09-24 19:44:55,012 - mylogger - INFO - 我的答案：63.8 吨
2018-09-24 19:44:55,702 - mylogger - DEBUG - 选择选项
2018-09-24 19:44:58,362 - mylogger - INFO - 答案正确
2018-09-24 19:44:58,362 - mylogger - DEBUG - 添加此题
2018-09-24 19:45:02,894 - mylogger - INFO - 本题结束
2018-09-24 19:45:02,895 - mylogger - DEBUG - 获取题目
2018-09-24 19:45:05,111 - mylogger - INFO - 第 5 题
2018-09-24 19:45:05,378 - mylogger - INFO - 游戏里面的ADC学名称什么？
2018-09-24 19:45:06,341 - mylogger - INFO - ['射手', '法师', '刺客']
2018-09-24 19:45:07,087 - mylogger - DEBUG - 在线检索答案
2018-09-24 19:45:07,087 - mylogger - INFO - 我的答案：射手
2018-09-24 19:45:07,710 - mylogger - DEBUG - 选择选项
2018-09-24 19:45:10,279 - mylogger - INFO - 答案正确
2018-09-24 19:45:10,280 - mylogger - DEBUG - 添加此题
2018-09-24 19:45:11,879 - mylogger - INFO - 本题结束
2018-09-24 19:45:35,452 - mylogger - DEBUG - 获取题目
2018-09-24 19:47:05,533 - mylogger - INFO - 停止UC浏览器
2018-09-24 19:47:05,616 - mylogger - DEBUG - 返回主页面
2018-09-24 19:47:07,263 - mylogger - DEBUG - 打开UC浏览器
2018-09-24 19:47:09,770 - mylogger - DEBUG - 进入用户页面
2018-09-24 19:47:10,686 - mylogger - DEBUG - 进入游戏页面1
2018-09-24 19:47:13,043 - mylogger - DEBUG - 进入游戏页面2
2018-09-24 19:47:15,479 - mylogger - INFO - 选择游戏
2018-09-24 19:47:17,367 - mylogger - INFO - 进入排位赛
2018-09-24 19:47:17,368 - mylogger - INFO - 正在匹配中......
2018-09-24 19:48:02,106 - mylogger - INFO - 匹配成功
2018-09-24 19:48:02,107 - mylogger - DEBUG - 获取题目
2018-09-24 19:48:03,647 - mylogger - INFO - 第 1 题
2018-09-24 19:48:03,928 - mylogger - INFO - 企业破产，清算组组成如何产生？
2018-09-24 19:48:04,805 - mylogger - INFO - ['由人民法院指定', '由最大债权人决定', '由破产企业推选']
2018-09-24 19:48:04,810 - mylogger - DEBUG - 数据库中检索答案
2018-09-24 19:48:04,810 - mylogger - INFO - 我的答案：由人民法院指定
2018-09-24 19:48:05,412 - mylogger - DEBUG - 选择选项
2018-09-24 19:48:07,938 - mylogger - INFO - 答案正确
2018-09-24 19:48:13,377 - mylogger - INFO - 本题结束
2018-09-24 19:48:13,378 - mylogger - DEBUG - 获取题目
2018-09-24 19:48:15,555 - mylogger - INFO - 第 2 题
2018-09-24 19:48:15,842 - mylogger - INFO - 《摩尔干提》是哪位意大利诗人的作品？
2018-09-24 19:48:16,703 - mylogger - INFO - ['康帕内拉', '马基雅维利', '浦尔契']
2018-09-24 19:48:17,504 - mylogger - DEBUG - 在线检索答案
2018-09-24 19:48:17,504 - mylogger - INFO - 我的答案：浦尔契
2018-09-24 19:48:18,093 - mylogger - DEBUG - 选择选项
2018-09-24 19:48:20,634 - mylogger - INFO - 答案正确
2018-09-24 19:48:20,635 - mylogger - DEBUG - 添加此题
2018-09-24 19:48:21,758 - mylogger - INFO - 本题结束
2018-09-24 19:48:21,758 - mylogger - DEBUG - 获取题目
2018-09-24 19:48:23,706 - mylogger - INFO - 第 3 题
2018-09-24 19:48:23,967 - mylogger - INFO - “朗逸”属于下列哪种车型？
2018-09-24 19:48:24,815 - mylogger - INFO - ['跑车', '紧凑型车', '微面']
2018-09-24 19:48:25,625 - mylogger - DEBUG - 未检索到答案
2018-09-24 19:48:25,625 - mylogger - INFO - 我的答案：跑车
2018-09-24 19:48:26,242 - mylogger - DEBUG - 选择选项
2018-09-24 19:48:28,738 - mylogger - INFO - 答案错误
2018-09-24 19:48:28,838 - mylogger - INFO - 正确答案；紧凑型车
2018-09-24 19:48:28,839 - mylogger - DEBUG - 添加此题
2018-09-24 19:48:29,538 - mylogger - INFO - 本题结束
2018-09-24 19:48:29,539 - mylogger - DEBUG - 获取题目
2018-09-24 19:48:31,770 - mylogger - INFO - 第 4 题
2018-09-24 19:48:32,106 - mylogger - INFO - 哪首歌曲不是罗大佑演唱的？
2018-09-24 19:48:32,942 - mylogger - INFO - ['《故乡》', '《滚滚红尘》', '《双节棍》']
2018-09-24 19:48:33,741 - mylogger - DEBUG - 在线检索答案
2018-09-24 19:48:33,741 - mylogger - INFO - 我的答案：《故乡》
2018-09-24 19:48:34,354 - mylogger - DEBUG - 选择选项
2018-09-24 19:48:36,938 - mylogger - INFO - 答案错误
2018-09-24 19:48:37,118 - mylogger - INFO - 正确答案；《双节棍》
2018-09-24 19:48:37,120 - mylogger - DEBUG - 添加此题
2018-09-24 19:48:37,548 - mylogger - INFO - 本题结束
2018-09-24 19:48:37,549 - mylogger - DEBUG - 获取题目
2018-09-24 19:48:39,779 - mylogger - INFO - 第 5 题
2018-09-24 19:48:40,039 - mylogger - INFO - 藏族和蒙古族人要献什么来表示对对方的敬意和问候？
2018-09-24 19:48:40,903 - mylogger - INFO - ['哈撒', '扎西德勒', '哈达']
2018-09-24 19:48:40,908 - mylogger - DEBUG - 数据库中检索答案
2018-09-24 19:48:40,909 - mylogger - INFO - 我的答案：哈达
2018-09-24 19:48:41,631 - mylogger - DEBUG - 选择选项
2018-09-24 19:48:44,331 - mylogger - INFO - 答案正确
2018-09-24 19:48:47,145 - mylogger - INFO - 本题结束
2018-09-24 19:48:48,287 - mylogger - INFO - 本场比赛结束
2018-09-24 19:48:48,341 - mylogger - INFO - 返回游戏页面
2018-09-24 19:48:49,927 - mylogger - INFO - 进入排位赛
2018-09-24 19:48:49,928 - mylogger - INFO - 正在匹配中......
2018-09-24 19:48:55,272 - mylogger - INFO - 匹配成功
2018-09-24 19:48:55,272 - mylogger - DEBUG - 获取题目
2018-09-24 19:48:56,624 - mylogger - INFO - 第 1 题
2018-09-24 19:48:56,989 - mylogger - INFO - 《红与黑》的主人公于连的父亲的职业是？
2018-09-24 19:48:57,968 - mylogger - INFO - ['铁匠', '鞋匠', '木匠']
2018-09-24 19:48:58,701 - mylogger - DEBUG - 在线检索答案
2018-09-24 19:48:58,701 - mylogger - INFO - 我的答案：木匠
2018-09-24 19:48:59,294 - mylogger - DEBUG - 选择选项
2018-09-24 19:49:01,896 - mylogger - INFO - 答案正确
2018-09-24 19:49:01,897 - mylogger - DEBUG - 添加此题
2018-09-24 19:49:06,704 - mylogger - INFO - 本题结束
2018-09-24 19:49:06,705 - mylogger - DEBUG - 获取题目
2018-09-24 19:49:08,975 - mylogger - INFO - 第 2 题
2018-09-24 19:49:09,242 - mylogger - INFO - 著有《茶经》，被人们称为”茶圣“的是谁？
2018-09-24 19:49:10,140 - mylogger - INFO - ['杜康', '李龟年', '陆羽']
2018-09-24 19:49:10,926 - mylogger - DEBUG - 在线检索答案
2018-09-24 19:49:10,926 - mylogger - INFO - 我的答案：陆羽
2018-09-24 19:49:11,555 - mylogger - DEBUG - 选择选项
2018-09-24 19:49:14,150 - mylogger - INFO - 答案正确
2018-09-24 19:49:14,152 - mylogger - DEBUG - 添加此题
2018-09-24 19:49:17,768 - mylogger - INFO - 本题结束
2018-09-24 19:49:17,769 - mylogger - DEBUG - 获取题目
2018-09-24 19:49:19,892 - mylogger - INFO - 第 3 题
2018-09-24 19:49:20,153 - mylogger - INFO - “锦瑟年华谁与度”化用了谁的诗句？
2018-09-24 19:49:21,196 - mylogger - INFO - ['白居易', '李商隐', '王维']
2018-09-24 19:49:21,201 - mylogger - DEBUG - 数据库中检索答案
2018-09-24 19:49:21,202 - mylogger - INFO - 我的答案：李商隐
2018-09-24 19:49:21,840 - mylogger - DEBUG - 选择选项
2018-09-24 19:49:24,452 - mylogger - INFO - 答案正确
2018-09-24 19:49:27,516 - mylogger - INFO - 本题结束
2018-09-24 19:49:27,517 - mylogger - DEBUG - 获取题目
2018-09-24 19:49:29,825 - mylogger - INFO - 第 4 题
2018-09-24 19:49:30,188 - mylogger - INFO - “世界三大男高音”中的多明戈和卡雷拉斯都是哪国人？
2018-09-24 19:49:31,140 - mylogger - INFO - ['西班牙', '葡萄牙', '俄罗斯']
2018-09-24 19:49:32,535 - mylogger - DEBUG - 在线检索答案
2018-09-24 19:49:32,535 - mylogger - INFO - 我的答案：西班牙
2018-09-24 19:49:33,154 - mylogger - DEBUG - 选择选项
2018-09-24 19:49:35,726 - mylogger - INFO - 答案正确
2018-09-24 19:49:35,727 - mylogger - DEBUG - 添加此题
2018-09-24 19:49:37,893 - mylogger - INFO - 本题结束
2018-09-24 19:49:37,894 - mylogger - DEBUG - 获取题目
2018-09-24 19:49:40,093 - mylogger - INFO - 第 5 题
2018-09-24 19:49:40,397 - mylogger - INFO - 一把刀，顺水漂，有眼睛，没眉毛。（打一动物名）：
2018-09-24 19:49:41,269 - mylogger - INFO - ['蟹', '蛇', '鱼']
2018-09-24 19:49:42,089 - mylogger - DEBUG - 在线检索答案
2018-09-24 19:49:42,089 - mylogger - INFO - 我的答案：鱼
2018-09-24 19:49:42,737 - mylogger - DEBUG - 选择选项
2018-09-24 19:49:45,317 - mylogger - INFO - 答案正确
2018-09-24 19:49:45,319 - mylogger - DEBUG - 添加此题
2018-09-24 19:49:48,073 - mylogger - INFO - 本题结束
2018-09-24 19:49:49,238 - mylogger - INFO - 本场比赛结束
2018-09-24 19:49:49,277 - mylogger - INFO - 返回游戏页面
2018-09-24 19:49:50,838 - mylogger - INFO - 进入排位赛
2018-09-24 19:49:50,839 - mylogger - INFO - 正在匹配中......
2018-09-24 19:49:54,294 - mylogger - INFO - 匹配成功
2018-09-24 19:49:54,295 - mylogger - DEBUG - 获取题目
2018-09-24 19:49:55,042 - mylogger - INFO - 第 1 题
2018-09-24 19:49:55,346 - mylogger - INFO - 《红与黑》的作者是哪国人？
2018-09-24 19:49:56,227 - mylogger - INFO - ['英国', '比利时', '法国']
2018-09-24 19:49:57,092 - mylogger - DEBUG - 在线检索答案
2018-09-24 19:49:57,092 - mylogger - INFO - 我的答案：法国
2018-09-24 19:49:57,686 - mylogger - DEBUG - 选择选项
2018-09-24 19:50:00,266 - mylogger - INFO - 答案正确
2018-09-24 19:50:00,267 - mylogger - DEBUG - 添加此题
2018-09-24 19:50:00,763 - mylogger - INFO - 本题结束
2018-09-24 19:50:00,764 - mylogger - DEBUG - 获取题目
2018-09-24 19:50:02,854 - mylogger - INFO - 第 2 题
2018-09-24 19:50:03,179 - mylogger - INFO - 以下哪个选项不属于散粉的功效？
2018-09-24 19:50:04,038 - mylogger - INFO - ['补水', '中和肤色不匀', '控油']
2018-09-24 19:50:04,042 - mylogger - DEBUG - 数据库中检索答案
2018-09-24 19:50:04,043 - mylogger - INFO - 我的答案：补水
2018-09-24 19:50:04,630 - mylogger - DEBUG - 选择选项
2018-09-24 19:50:07,254 - mylogger - INFO - 答案正确
2018-09-24 19:50:09,997 - mylogger - INFO - 本题结束
2018-09-24 19:50:09,998 - mylogger - DEBUG - 获取题目
2018-09-24 19:50:12,111 - mylogger - INFO - 第 3 题
2018-09-24 19:50:12,455 - mylogger - INFO - 癌症已成为全世界首要死因之一，因此而确立的“世界抗癌日”是哪一天？
2018-09-24 19:50:13,339 - mylogger - INFO - ['1月1日', '2月4日', '11月11日']
2018-09-24 19:50:14,366 - mylogger - DEBUG - 在线检索答案
2018-09-24 19:50:14,367 - mylogger - INFO - 我的答案：2月4日
2018-09-24 19:50:15,010 - mylogger - DEBUG - 选择选项
2018-09-24 19:50:17,603 - mylogger - INFO - 答案正确
2018-09-24 19:50:17,604 - mylogger - DEBUG - 添加此题
2018-09-24 19:50:19,643 - mylogger - INFO - 本题结束
2018-09-24 19:50:19,643 - mylogger - DEBUG - 获取题目
2018-09-24 19:50:22,047 - mylogger - INFO - 第 4 题
2018-09-24 19:50:22,363 - mylogger - INFO - 与好莱坞电影《卡萨布兰卡》同名的城市在哪里？
2018-09-24 19:50:23,275 - mylogger - INFO - ['印度', '尼日亚', '摩洛哥']
2018-09-24 19:50:23,280 - mylogger - DEBUG - 数据库中检索答案
2018-09-24 19:50:23,280 - mylogger - INFO - 我的答案：摩洛哥
2018-09-24 19:50:23,902 - mylogger - DEBUG - 选择选项
2018-09-24 19:50:26,492 - mylogger - INFO - 答案正确
2018-09-24 19:50:34,253 - mylogger - INFO - 本题结束
2018-09-24 19:50:34,254 - mylogger - DEBUG - 获取题目
2018-09-24 19:50:36,459 - mylogger - INFO - 第 5 题
2018-09-24 19:50:36,772 - mylogger - INFO - 煮温泉蛋的水温应控制在什么范围内？
2018-09-24 19:50:37,836 - mylogger - INFO - ['90~100℃之间', '60~80℃之间', '80~90℃之间']
2018-09-24 19:50:38,466 - mylogger - DEBUG - 未检索到答案
2018-09-24 19:50:38,467 - mylogger - INFO - 我的答案：90~100℃之间
2018-09-24 19:50:39,071 - mylogger - DEBUG - 选择选项
2018-09-24 19:50:41,633 - mylogger - INFO - 答案错误
2018-09-24 19:50:41,763 - mylogger - INFO - 正确答案；60~80℃之间
2018-09-24 19:50:41,765 - mylogger - DEBUG - 添加此题
2018-09-24 19:50:44,696 - mylogger - INFO - 本题结束
2018-09-24 19:50:45,864 - mylogger - INFO - 本场比赛结束
2018-09-24 19:50:45,908 - mylogger - INFO - 返回游戏页面
2018-09-24 19:50:47,456 - mylogger - INFO - 进入排位赛
2018-09-24 19:50:47,457 - mylogger - INFO - 正在匹配中......
2018-09-24 19:50:51,720 - mylogger - INFO - 匹配成功
2018-09-24 19:50:51,721 - mylogger - DEBUG - 获取题目
2018-09-24 19:50:52,984 - mylogger - INFO - 第 1 题
2018-09-24 19:50:53,269 - mylogger - INFO - 屈原的绝笔作？
2018-09-24 19:50:54,136 - mylogger - INFO - ['离骚', '怀沙', '天问']
2018-09-24 19:50:55,371 - mylogger - DEBUG - 在线检索答案
2018-09-24 19:50:55,371 - mylogger - INFO - 我的答案：怀沙
2018-09-24 19:50:56,019 - mylogger - DEBUG - 选择选项
2018-09-24 19:50:58,565 - mylogger - INFO - 答案正确
2018-09-24 19:50:58,566 - mylogger - DEBUG - 添加此题
2018-09-24 19:50:59,088 - mylogger - INFO - 本题结束
2018-09-24 19:50:59,089 - mylogger - DEBUG - 获取题目
2018-09-24 19:51:01,121 - mylogger - INFO - 第 2 题
2018-09-24 19:51:01,421 - mylogger - INFO - 成语“破釜沉舟”中的“釜”指的是什么？
2018-09-24 19:51:02,453 - mylogger - INFO - ['锅', '斧头', '碗']
2018-09-24 19:51:03,401 - mylogger - DEBUG - 在线检索答案
2018-09-24 19:51:03,401 - mylogger - INFO - 我的答案：锅
2018-09-24 19:51:04,028 - mylogger - DEBUG - 选择选项
2018-09-24 19:51:06,548 - mylogger - INFO - 答案正确
2018-09-24 19:51:06,550 - mylogger - DEBUG - 添加此题
2018-09-24 19:51:07,085 - mylogger - INFO - 本题结束
2018-09-24 19:51:07,085 - mylogger - DEBUG - 获取题目
2018-09-24 19:51:09,357 - mylogger - INFO - 第 3 题
2018-09-24 19:51:09,661 - mylogger - INFO - 日本餐厅门口如果写着“放题”字样，表示这是哪种餐厅？
2018-09-24 19:51:10,593 - mylogger - INFO - ['自助餐', '海鲜餐', '传统料理']
2018-09-24 19:51:10,598 - mylogger - DEBUG - 数据库中检索答案
2018-09-24 19:51:10,598 - mylogger - INFO - 我的答案：自助餐
2018-09-24 19:51:11,222 - mylogger - DEBUG - 选择选项
2018-09-24 19:51:13,829 - mylogger - INFO - 答案正确
2018-09-24 19:51:16,576 - mylogger - INFO - 本题结束
2018-09-24 19:51:16,577 - mylogger - DEBUG - 获取题目
2018-09-24 19:51:18,605 - mylogger - INFO - 第 4 题
2018-09-24 19:51:18,901 - mylogger - INFO - 汽车品牌中人们常说的BBA不包括哪个品牌？
2018-09-24 19:51:19,726 - mylogger - INFO - ['保时捷', '宝马', '奔驰']
2018-09-24 19:51:20,580 - mylogger - DEBUG - 在线检索答案
2018-09-24 19:51:20,581 - mylogger - INFO - 我的答案：保时捷
2018-09-24 19:51:21,205 - mylogger - DEBUG - 选择选项
2018-09-24 19:51:23,766 - mylogger - INFO - 答案正确
2018-09-24 19:51:23,767 - mylogger - DEBUG - 添加此题
2018-09-24 19:51:26,341 - mylogger - INFO - 本题结束
2018-09-24 19:51:26,342 - mylogger - DEBUG - 获取题目
2018-09-24 19:51:28,606 - mylogger - INFO - 第 5 题
2018-09-24 19:51:28,893 - mylogger - INFO - 下列点心中，哪一个不属于广州早茶的特色小吃？
2018-09-24 19:51:29,782 - mylogger - INFO - ['马拉糕', '天鹅酥', '蝴蝶酥']
2018-09-24 19:51:30,615 - mylogger - DEBUG - 在线检索答案
2018-09-24 19:51:30,615 - mylogger - INFO - 我的答案：马拉糕
2018-09-24 19:51:31,274 - mylogger - DEBUG - 选择选项
2018-09-24 19:51:33,818 - mylogger - INFO - 答案错误
2018-09-24 19:51:34,045 - mylogger - INFO - 正确答案；蝴蝶酥
2018-09-24 19:51:34,046 - mylogger - DEBUG - 添加此题
2018-09-24 19:51:36,685 - mylogger - INFO - 本题结束
2018-09-24 19:51:37,895 - mylogger - INFO - 本场比赛结束
2018-09-24 19:51:38,018 - mylogger - INFO - 返回游戏页面
2018-09-24 19:51:39,603 - mylogger - INFO - 进入排位赛
2018-09-24 19:51:39,604 - mylogger - INFO - 正在匹配中......
2018-09-24 19:51:42,571 - mylogger - INFO - 匹配成功
2018-09-24 19:51:42,571 - mylogger - DEBUG - 获取题目
2018-09-24 19:51:43,862 - mylogger - INFO - 第 1 题
2018-09-24 19:51:44,210 - mylogger - INFO - 切尔西球员库尔图瓦的场上位置是？
2018-09-24 19:51:45,195 - mylogger - INFO - ['前锋', '守门员', '后卫']
2018-09-24 19:51:45,200 - mylogger - DEBUG - 数据库中检索答案
2018-09-24 19:51:45,201 - mylogger - INFO - 我的答案：守门员
2018-09-24 19:51:45,867 - mylogger - DEBUG - 选择选项
2018-09-24 19:51:48,434 - mylogger - INFO - 答案正确
2018-09-24 19:51:49,231 - mylogger - INFO - 本题结束
2018-09-24 19:51:49,232 - mylogger - DEBUG - 获取题目
2018-09-24 19:51:51,523 - mylogger - INFO - 第 2 题
2018-09-24 19:51:51,787 - mylogger - INFO - “谁家见月能闲坐，何处闻灯不看来”是描述什么的诗句？
2018-09-24 19:51:52,703 - mylogger - INFO - ['重阳节', '元宵节', '除夕']
2018-09-24 19:51:53,573 - mylogger - DEBUG - 在线检索答案
2018-09-24 19:51:53,573 - mylogger - INFO - 我的答案：重阳节
2018-09-24 19:51:54,196 - mylogger - DEBUG - 选择选项
2018-09-24 19:51:56,763 - mylogger - INFO - 答案错误
2018-09-24 19:51:56,929 - mylogger - INFO - 正确答案；元宵节
2018-09-24 19:51:56,931 - mylogger - DEBUG - 添加此题
2018-09-24 19:52:01,092 - mylogger - INFO - 本题结束
2018-09-24 19:52:01,093 - mylogger - DEBUG - 获取题目
2018-09-24 19:52:03,267 - mylogger - INFO - 第 3 题
2018-09-24 19:52:03,519 - mylogger - INFO - 爸妈都姓李，所有人都随父亲姓，下列亲属哪一个可能和自己不同姓？
2018-09-24 19:52:04,447 - mylogger - INFO - ['表弟', '堂妹', '二姑']
2018-09-24 19:52:04,451 - mylogger - DEBUG - 数据库中检索答案
2018-09-24 19:52:04,451 - mylogger - INFO - 我的答案：表弟
2018-09-24 19:52:05,099 - mylogger - DEBUG - 选择选项
2018-09-24 19:52:07,698 - mylogger - INFO - 答案正确
2018-09-24 19:52:11,980 - mylogger - INFO - 本题结束
2018-09-24 19:52:11,981 - mylogger - DEBUG - 获取题目
2018-09-24 19:52:14,284 - mylogger - INFO - 第 4 题
2018-09-24 19:52:14,596 - mylogger - INFO - 一个三角形，三个内角度数比是2：5：2，这个三角形是？
2018-09-24 19:52:15,500 - mylogger - INFO - ['锐角三角形', '钝角三角形', '等边三角形']
2018-09-24 19:52:16,410 - mylogger - DEBUG - 在线检索答案
2018-09-24 19:52:16,410 - mylogger - INFO - 我的答案：钝角三角形
2018-09-24 19:52:17,009 - mylogger - DEBUG - 选择选项
2018-09-24 19:52:19,584 - mylogger - INFO - 答案正确
2018-09-24 19:52:19,586 - mylogger - DEBUG - 添加此题
2018-09-24 19:52:21,852 - mylogger - INFO - 本题结束
2018-09-24 19:52:21,853 - mylogger - DEBUG - 获取题目
2018-09-24 19:52:24,180 - mylogger - INFO - 第 5 题
2018-09-24 19:52:24,504 - mylogger - INFO - 被誉为现代舞之母的是：
2018-09-24 19:52:25,492 - mylogger - INFO - ['杨丽萍', '乌拉诺娃', '伊莎多拉·邓肯']
2018-09-24 19:52:25,794 - mylogger - DEBUG - 在线检索答案
2018-09-24 19:52:25,794 - mylogger - INFO - 我的答案：伊莎多拉·邓肯
2018-09-24 19:52:26,416 - mylogger - DEBUG - 选择选项
2018-09-24 19:52:30,646 - mylogger - ERROR - -32001 Jsonrpc error: <android.support.test.uiautomator.UiObjectNotFoundException> data: UiSelector[DESCRIPTION=C.  伊莎多拉·邓肯, PARENT=UiSelector[INSTANCE=1]], method: objInfo
2018-09-24 19:52:31,796 - mylogger - INFO - 本场比赛结束
2018-09-24 19:52:31,844 - mylogger - INFO - 返回游戏页面
2018-09-24 19:52:33,380 - mylogger - INFO - 进入排位赛
2018-09-24 19:52:33,382 - mylogger - INFO - 正在匹配中......
2018-09-24 19:53:02,607 - mylogger - INFO - 匹配成功
2018-09-24 19:53:02,608 - mylogger - DEBUG - 获取题目
2018-09-24 19:53:03,906 - mylogger - INFO - 第 1 题
2018-09-24 19:53:04,177 - mylogger - INFO - 2018年春晚有一件珍贵的国家宝藏回归了，它是？
2018-09-24 19:53:05,154 - mylogger - INFO - ['商虎食人卣', '潇湘卧游图卷', '丝路山水地图']
2018-09-24 19:53:05,161 - mylogger - DEBUG - 数据库中检索答案
2018-09-24 19:53:05,171 - mylogger - INFO - 我的答案：丝路山水地图
2018-09-24 19:53:05,765 - mylogger - DEBUG - 选择选项
2018-09-24 19:53:08,410 - mylogger - INFO - 答案正确
2018-09-24 19:53:11,328 - mylogger - INFO - 本题结束
2018-09-24 19:53:11,329 - mylogger - DEBUG - 获取题目
2018-09-24 19:53:13,538 - mylogger - INFO - 第 2 题
2018-09-24 19:53:13,823 - mylogger - INFO - 符号“Ω”是以下哪个变量的单位？
2018-09-24 19:53:14,754 - mylogger - INFO - ['电流', '电压', '电阻']
2018-09-24 19:53:15,512 - mylogger - DEBUG - 在线检索答案
2018-09-24 19:53:15,512 - mylogger - INFO - 我的答案：电阻
2018-09-24 19:53:16,190 - mylogger - DEBUG - 选择选项
2018-09-24 19:53:18,694 - mylogger - INFO - 答案正确
2018-09-24 19:53:18,697 - mylogger - DEBUG - 添加此题
2018-09-24 19:53:19,514 - mylogger - INFO - 本题结束
2018-09-24 19:53:19,525 - mylogger - DEBUG - 获取题目
2018-09-24 19:53:21,798 - mylogger - INFO - 第 3 题
2018-09-24 19:53:22,142 - mylogger - INFO - 以下哪一架是现代世界上最小巧的超音速战略轰炸机？
2018-09-24 19:53:23,127 - mylogger - INFO - ['幻影IV', 'B-29', 'F-117']
2018-09-24 19:53:23,133 - mylogger - DEBUG - 数据库中检索答案
2018-09-24 19:53:23,148 - mylogger - INFO - 我的答案：幻影IV
2018-09-24 19:53:23,738 - mylogger - DEBUG - 选择选项
2018-09-24 19:53:26,326 - mylogger - INFO - 答案正确
2018-09-24 19:53:26,851 - mylogger - INFO - 本题结束
2018-09-24 19:53:26,853 - mylogger - DEBUG - 获取题目
2018-09-24 19:53:29,014 - mylogger - INFO - 第 4 题
2018-09-24 19:53:29,314 - mylogger - INFO - 以下哪个地区是我国年画的重要产地？
2018-09-24 19:53:30,184 - mylogger - INFO - ['苏州桃花坞', '北京大栅栏', '上海城隍庙']
2018-09-24 19:53:30,190 - mylogger - DEBUG - 数据库中检索答案
2018-09-24 19:53:30,205 - mylogger - INFO - 我的答案：苏州桃花坞
2018-09-24 19:53:30,834 - mylogger - DEBUG - 选择选项
2018-09-24 19:53:33,443 - mylogger - INFO - 答案正确
2018-09-24 19:53:39,531 - mylogger - INFO - 本题结束
2018-09-24 19:53:39,533 - mylogger - DEBUG - 获取题目
2018-09-24 19:53:41,671 - mylogger - INFO - 第 5 题
2018-09-24 19:53:42,019 - mylogger - INFO - 下列哪位明星担任过电视节目《饭局的诱惑 第二季》的嘉宾？
2018-09-24 19:53:42,956 - mylogger - INFO - ['唐嫣', '肖骁', '吴京']
2018-09-24 19:53:42,964 - mylogger - DEBUG - 数据库中检索答案
2018-09-24 19:53:42,977 - mylogger - INFO - 我的答案：肖骁
2018-09-24 19:53:43,607 - mylogger - DEBUG - 选择选项
2018-09-24 19:53:46,272 - mylogger - INFO - 答案正确
2018-09-24 19:53:48,710 - mylogger - INFO - 本题结束
2018-09-24 19:53:49,880 - mylogger - INFO - 本场比赛结束
2018-09-24 19:53:49,952 - mylogger - INFO - 返回游戏页面
2018-09-24 19:53:51,582 - mylogger - INFO - 进入排位赛
2018-09-24 19:53:51,584 - mylogger - INFO - 正在匹配中......
2018-09-24 19:54:04,996 - mylogger - INFO - 匹配成功
2018-09-24 19:54:04,998 - mylogger - DEBUG - 获取题目
2018-09-24 19:54:06,416 - mylogger - INFO - 第 1 题
2018-09-24 19:54:06,664 - mylogger - INFO - 纺织品中的尼龙，是谁发明的？
2018-09-24 19:54:07,634 - mylogger - INFO - ['爱因斯坦', '爱迪生', '卡罗瑟斯']
2018-09-24 19:54:07,639 - mylogger - DEBUG - 数据库中检索答案
2018-09-24 19:54:07,655 - mylogger - INFO - 我的答案：卡罗瑟斯
2018-09-24 19:54:08,254 - mylogger - DEBUG - 选择选项
2018-09-24 19:54:10,832 - mylogger - INFO - 答案正确
2018-09-24 19:54:14,940 - mylogger - INFO - 本题结束
2018-09-24 19:54:14,942 - mylogger - DEBUG - 获取题目
2018-09-24 19:54:17,144 - mylogger - INFO - 第 2 题
2018-09-24 19:54:17,481 - mylogger - INFO - 成语“三纸无驴”是指？
2018-09-24 19:54:18,423 - mylogger - INFO - ['做事要有明确的目标', '讽刺人贪心不足', '行文啰嗦废话连篇']
2018-09-24 19:54:18,429 - mylogger - DEBUG - 数据库中检索答案
2018-09-24 19:54:18,439 - mylogger - INFO - 我的答案：行文啰嗦废话连篇
2018-09-24 19:54:19,056 - mylogger - DEBUG - 选择选项
2018-09-24 19:54:21,664 - mylogger - INFO - 答案正确
2018-09-24 19:54:27,226 - mylogger - INFO - 本题结束
2018-09-24 19:54:27,228 - mylogger - DEBUG - 获取题目
2018-09-24 19:54:29,433 - mylogger - INFO - 第 3 题
2018-09-24 19:54:29,746 - mylogger - INFO - 以下哪位不是《听风者》的主要演员？
2018-09-24 19:54:30,685 - mylogger - INFO - ['凯特·温丝莱特', '王学兵', '梁朝伟']
2018-09-24 19:54:30,691 - mylogger - DEBUG - 数据库中检索答案
2018-09-24 19:54:30,707 - mylogger - INFO - 我的答案：凯特·温丝莱特
2018-09-24 19:54:31,289 - mylogger - DEBUG - 选择选项
2018-09-24 19:54:33,851 - mylogger - INFO - 答案正确
2018-09-24 19:54:39,517 - mylogger - INFO - 本题结束
2018-09-24 19:54:39,519 - mylogger - DEBUG - 获取题目
2018-09-24 19:54:41,742 - mylogger - INFO - 第 4 题
2018-09-24 19:54:42,018 - mylogger - INFO - 以下哪一首歌曲，不是电影《海角七号》中的音乐原声？
2018-09-24 19:54:42,893 - mylogger - INFO - ['《野玫瑰》', '《放生》', '《国境之南》']
2018-09-24 19:54:42,901 - mylogger - DEBUG - 数据库中检索答案
2018-09-24 19:54:42,911 - mylogger - INFO - 我的答案：《放生》
2018-09-24 19:54:43,506 - mylogger - DEBUG - 选择选项
2018-09-24 19:54:46,062 - mylogger - INFO - 答案正确
2018-09-24 19:54:50,270 - mylogger - INFO - 本题结束
2018-09-24 19:54:50,272 - mylogger - DEBUG - 获取题目
2018-09-24 19:54:52,490 - mylogger - INFO - 第 5 题
2018-09-24 19:54:52,799 - mylogger - INFO - 人类首次登上月球是在哪一年？
2018-09-24 19:54:53,674 - mylogger - INFO - ['1967 年', '1969 年', '1971 年']
2018-09-24 19:54:53,679 - mylogger - DEBUG - 数据库中检索答案
2018-09-24 19:54:53,694 - mylogger - INFO - 我的答案：1969 年
2018-09-24 19:54:54,286 - mylogger - DEBUG - 选择选项
2018-09-24 19:54:56,814 - mylogger - INFO - 答案正确
2018-09-24 19:54:59,595 - mylogger - INFO - 本题结束
2018-09-24 19:55:00,779 - mylogger - INFO - 本场比赛结束
2018-09-24 19:55:00,810 - mylogger - INFO - 返回游戏页面
2018-09-24 19:55:02,331 - mylogger - INFO - 进入排位赛
2018-09-24 19:55:02,333 - mylogger - INFO - 正在匹配中......
2018-09-24 19:55:05,171 - mylogger - INFO - 匹配成功
2018-09-24 19:55:05,172 - mylogger - DEBUG - 获取题目
2018-09-24 19:55:06,691 - mylogger - INFO - 第 1 题
2018-09-24 19:55:06,983 - mylogger - INFO - 西游记里的火焰山在哪里？
2018-09-24 19:55:07,847 - mylogger - INFO - ['乌鲁木齐', '伊犁', '吐鲁番']
2018-09-24 19:55:07,853 - mylogger - DEBUG - 数据库中检索答案
2018-09-24 19:55:07,864 - mylogger - INFO - 我的答案：吐鲁番
2018-09-24 19:55:08,490 - mylogger - DEBUG - 选择选项
2018-09-24 19:55:11,060 - mylogger - INFO - 答案正确
2018-09-24 19:55:12,193 - mylogger - INFO - 本题结束
2018-09-24 19:55:12,194 - mylogger - DEBUG - 获取题目
2018-09-24 19:55:14,468 - mylogger - INFO - 第 2 题
2018-09-24 19:55:14,787 - mylogger - INFO - “绿云冉冉粉初匀”的下一句是？
2018-09-24 19:55:15,712 - mylogger - INFO - ['他时欲与问归魂', '玉露泠泠香自省', '独拥檀心窥晓镜']
2018-09-24 19:55:17,006 - mylogger - DEBUG - 在线检索答案
2018-09-24 19:55:17,007 - mylogger - INFO - 我的答案：玉露泠泠香自省
2018-09-24 19:55:17,648 - mylogger - DEBUG - 选择选项
2018-09-24 19:55:20,131 - mylogger - INFO - 答案正确
2018-09-24 19:55:20,133 - mylogger - DEBUG - 添加此题
2018-09-24 19:55:25,855 - mylogger - INFO - 本题结束
2018-09-24 19:55:25,857 - mylogger - DEBUG - 获取题目
2018-09-24 19:55:28,012 - mylogger - INFO - 第 3 题
2018-09-24 19:55:28,256 - mylogger - INFO - 英文单词“Orange”表示什么颜色？
2018-09-24 19:55:29,304 - mylogger - INFO - ['黄色', '绿色', '橙色']
2018-09-24 19:55:30,124 - mylogger - DEBUG - 在线检索答案
2018-09-24 19:55:30,124 - mylogger - INFO - 我的答案：橙色
2018-09-24 19:55:30,749 - mylogger - DEBUG - 选择选项
2018-09-24 19:55:33,260 - mylogger - INFO - 答案正确
2018-09-24 19:55:33,263 - mylogger - DEBUG - 添加此题
2018-09-24 19:55:33,687 - mylogger - INFO - 本题结束
2018-09-24 19:55:33,689 - mylogger - DEBUG - 获取题目
2018-09-24 19:55:36,040 - mylogger - INFO - 第 4 题
2018-09-24 19:55:36,315 - mylogger - INFO - 在电影《复仇者联盟》中，绿巨人的扮演者是哪个明星？
2018-09-24 19:55:37,216 - mylogger - INFO - ['马克·鲁弗洛', '克里斯·埃文斯', '杰瑞米·雷纳']
2018-09-24 19:55:37,979 - mylogger - DEBUG - 在线检索答案
2018-09-24 19:55:37,980 - mylogger - INFO - 我的答案：马克·鲁弗洛
2018-09-24 19:55:38,579 - mylogger - DEBUG - 选择选项
2018-09-24 19:55:41,104 - mylogger - INFO - 答案正确
2018-09-24 19:55:41,108 - mylogger - DEBUG - 添加此题
2018-09-24 19:55:42,715 - mylogger - INFO - 本题结束
2018-09-24 19:55:42,717 - mylogger - DEBUG - 获取题目
2018-09-24 19:55:44,989 - mylogger - INFO - 第 5 题
2018-09-24 19:55:45,265 - mylogger - INFO - 《上邪》中情景交融的特点是什么？
2018-09-24 19:55:46,136 - mylogger - INFO - ['因情造景', '因景生情', '情景交融']
2018-09-24 19:55:46,143 - mylogger - DEBUG - 数据库中检索答案
2018-09-24 19:55:46,151 - mylogger - INFO - 我的答案：因情造景
2018-09-24 19:55:46,767 - mylogger - DEBUG - 选择选项
2018-09-24 19:55:49,365 - mylogger - INFO - 答案正确
2018-09-24 19:55:51,904 - mylogger - INFO - 本题结束
2018-09-24 19:55:53,105 - mylogger - INFO - 本场比赛结束
2018-09-24 19:55:53,232 - mylogger - INFO - 返回游戏页面
2018-09-24 19:55:54,925 - mylogger - INFO - 进入排位赛
2018-09-24 19:55:54,927 - mylogger - INFO - 正在匹配中......
2018-09-24 19:56:09,213 - mylogger - INFO - 匹配成功
2018-09-24 19:56:09,215 - mylogger - DEBUG - 获取题目
2018-09-24 19:56:10,001 - mylogger - INFO - 第 1 题
2018-09-24 19:56:10,357 - mylogger - INFO - 哪个女演员在2010年参演《水浒传》中的潘金莲？
2018-09-24 19:56:11,335 - mylogger - INFO - ['甘婷婷', '赵丽颖', 'Angelababy']
2018-09-24 19:56:13,000 - mylogger - DEBUG - 在线检索答案
2018-09-24 19:56:13,001 - mylogger - INFO - 我的答案：甘婷婷
2018-09-24 19:56:13,559 - mylogger - DEBUG - 选择选项
2018-09-24 19:56:16,217 - mylogger - INFO - 答案正确
2018-09-24 19:56:16,220 - mylogger - DEBUG - 添加此题
2018-09-24 19:56:16,635 - mylogger - INFO - 本题结束
2018-09-24 19:56:16,636 - mylogger - DEBUG - 获取题目
2018-09-24 19:56:18,945 - mylogger - INFO - 第 2 题
2018-09-24 19:56:19,214 - mylogger - INFO - 做自由落体运动的物体处于什么状态？
2018-09-24 19:56:20,230 - mylogger - INFO - ['完全失重', '超重', '失重']
2018-09-24 19:56:21,038 - mylogger - DEBUG - 在线检索答案
2018-09-24 19:56:21,039 - mylogger - INFO - 我的答案：失重
2018-09-24 19:56:21,629 - mylogger - DEBUG - 选择选项
2018-09-24 19:56:24,310 - mylogger - INFO - 答案错误
2018-09-24 19:56:24,426 - mylogger - INFO - 正确答案；完全失重
2018-09-24 19:56:24,427 - mylogger - DEBUG - 添加此题
2018-09-24 19:56:26,767 - mylogger - INFO - 本题结束
2018-09-24 19:56:26,767 - mylogger - DEBUG - 获取题目
2018-09-24 19:56:28,915 - mylogger - INFO - 第 3 题
2018-09-24 19:56:29,174 - mylogger - INFO - 人体是左右对称的，以下哪一个选项不属于对称的人体结构要素？
2018-09-24 19:56:30,092 - mylogger - INFO - ['耳', '足', '口']
2018-09-24 19:56:30,909 - mylogger - DEBUG - 在线检索答案
2018-09-24 19:56:30,909 - mylogger - INFO - 我的答案：足
2018-09-24 19:56:31,574 - mylogger - DEBUG - 选择选项
2018-09-24 19:56:34,250 - mylogger - INFO - 答案错误
2018-09-24 19:56:34,474 - mylogger - INFO - 正确答案；口
2018-09-24 19:56:34,476 - mylogger - DEBUG - 添加此题
2018-09-24 19:56:36,506 - mylogger - INFO - 本题结束
2018-09-24 19:56:36,508 - mylogger - DEBUG - 获取题目
2018-09-24 19:56:38,687 - mylogger - INFO - 第 4 题
2018-09-24 19:56:38,986 - mylogger - INFO - 第一位用麻醉药来进行阑尾外科手术的是谁？
2018-09-24 19:56:39,894 - mylogger - INFO - ['琴纳', '华佗', '李时珍']
2018-09-24 19:56:41,707 - mylogger - DEBUG - 在线检索答案
2018-09-24 19:56:41,708 - mylogger - INFO - 我的答案：华佗
2018-09-24 19:56:42,294 - mylogger - DEBUG - 选择选项
2018-09-24 19:56:44,834 - mylogger - INFO - 答案正确
2018-09-24 19:56:44,838 - mylogger - DEBUG - 添加此题
2018-09-24 19:56:45,707 - mylogger - INFO - 本题结束
2018-09-24 19:56:45,709 - mylogger - DEBUG - 获取题目
2018-09-24 19:56:47,907 - mylogger - INFO - 第 5 题
2018-09-24 19:56:48,195 - mylogger - INFO - 有微笑天使之称的宠物犬是什么犬？
2018-09-24 19:56:49,211 - mylogger - INFO - ['拉布拉多', '阿拉斯加', '萨摩耶']
2018-09-24 19:56:49,225 - mylogger - DEBUG - 数据库中检索答案
2018-09-24 19:56:49,225 - mylogger - INFO - 我的答案：萨摩耶
2018-09-24 19:56:49,843 - mylogger - DEBUG - 选择选项
2018-09-24 19:56:52,383 - mylogger - INFO - 答案正确
2018-09-24 19:56:56,151 - mylogger - INFO - 本题结束
2018-09-24 19:56:57,316 - mylogger - INFO - 本场比赛结束
2018-09-24 19:56:57,367 - mylogger - INFO - 返回游戏页面
2018-09-24 19:56:58,931 - mylogger - INFO - 进入排位赛
2018-09-24 19:56:58,939 - mylogger - INFO - 正在匹配中......
2018-09-24 19:57:21,504 - mylogger - INFO - 匹配成功
2018-09-24 19:57:21,506 - mylogger - DEBUG - 获取题目
2018-09-24 19:57:22,276 - mylogger - INFO - 第 1 题
2018-09-24 19:57:22,549 - mylogger - INFO - 以下哪种植物是中国传统上用于洗衣和清洁的？
2018-09-24 19:57:23,565 - mylogger - INFO - ['玫瑰', '国槐', '皂角']
2018-09-24 19:57:23,570 - mylogger - DEBUG - 数据库中检索答案
2018-09-24 19:57:23,587 - mylogger - INFO - 我的答案：皂角
2018-09-24 19:57:24,190 - mylogger - DEBUG - 选择选项
2018-09-24 19:57:26,684 - mylogger - INFO - 答案正确
2018-09-24 19:57:28,216 - mylogger - INFO - 本题结束
2018-09-24 19:57:28,218 - mylogger - DEBUG - 获取题目
2018-09-24 19:57:30,508 - mylogger - INFO - 第 2 题
2018-09-24 19:57:30,780 - mylogger - INFO - 我国最深的湖泊是哪一个？
2018-09-24 19:57:31,745 - mylogger - INFO - ['太湖', '滇池', '长白山天池']
2018-09-24 19:57:32,079 - mylogger - DEBUG - 在线检索答案
2018-09-24 19:57:32,080 - mylogger - INFO - 我的答案：长白山天池
2018-09-24 19:57:32,692 - mylogger - DEBUG - 选择选项
2018-09-24 19:57:35,309 - mylogger - INFO - 答案正确
2018-09-24 19:57:35,311 - mylogger - DEBUG - 添加此题
2018-09-24 19:57:37,586 - mylogger - INFO - 本题结束
2018-09-24 19:57:37,587 - mylogger - DEBUG - 获取题目
2018-09-24 19:57:39,837 - mylogger - INFO - 第 3 题
2018-09-24 19:57:40,113 - mylogger - INFO - 喜剧《旋风小子》中，饰演“四毛”的是谁？
2018-09-24 19:57:41,103 - mylogger - INFO - ['朱孝天', '林志颖', '周渝民']
2018-09-24 19:57:41,905 - mylogger - DEBUG - 在线检索答案
2018-09-24 19:57:41,906 - mylogger - INFO - 我的答案：林志颖
2018-09-24 19:57:42,517 - mylogger - DEBUG - 选择选项
2018-09-24 19:57:45,041 - mylogger - INFO - 答案正确
2018-09-24 19:57:45,044 - mylogger - DEBUG - 添加此题
2018-09-24 19:57:47,965 - mylogger - INFO - 本题结束
2018-09-24 19:57:47,967 - mylogger - DEBUG - 获取题目
2018-09-24 19:57:50,138 - mylogger - INFO - 第 4 题
2018-09-24 19:57:50,478 - mylogger - INFO - 是由哪个国家发明的水压水雷？
2018-09-24 19:57:51,342 - mylogger - INFO - ['英国', '德国', '中国']
2018-09-24 19:57:52,461 - mylogger - DEBUG - 在线检索答案
2018-09-24 19:57:52,462 - mylogger - INFO - 我的答案：德国
2018-09-24 19:57:53,037 - mylogger - DEBUG - 选择选项
2018-09-24 19:57:55,498 - mylogger - INFO - 答案正确
2018-09-24 19:57:55,500 - mylogger - DEBUG - 添加此题
2018-09-24 19:57:58,035 - mylogger - INFO - 本题结束
2018-09-24 19:57:58,037 - mylogger - DEBUG - 获取题目
2018-09-24 19:58:00,365 - mylogger - INFO - 第 5 题
2018-09-24 19:58:00,718 - mylogger - INFO - 下列哪个国家的经济学家最先把产业结构分为三大产业？
2018-09-24 19:58:01,607 - mylogger - INFO - ['英国', '澳大利亚', '美国']
2018-09-24 19:58:02,498 - mylogger - DEBUG - 在线检索答案
2018-09-24 19:58:02,498 - mylogger - INFO - 我的答案：英国
2018-09-24 19:58:03,095 - mylogger - DEBUG - 选择选项
2018-09-24 19:58:05,718 - mylogger - INFO - 答案正确
2018-09-24 19:58:05,720 - mylogger - DEBUG - 添加此题
2018-09-24 19:58:09,782 - mylogger - INFO - 本题结束
2018-09-24 19:58:10,950 - mylogger - INFO - 本场比赛结束
2018-09-24 19:58:11,017 - mylogger - INFO - 返回游戏页面
2018-09-24 19:58:12,593 - mylogger - INFO - 进入排位赛
2018-09-24 19:58:12,595 - mylogger - INFO - 正在匹配中......
2018-09-24 19:58:21,451 - mylogger - INFO - 匹配成功
2018-09-24 19:58:21,453 - mylogger - DEBUG - 获取题目
2018-09-24 19:58:22,695 - mylogger - INFO - 第 1 题
2018-09-24 19:58:23,044 - mylogger - INFO - 常吃的“老干妈”豆豉辣椒酱的创始人姓什么？
2018-09-24 19:58:24,072 - mylogger - INFO - ['许', '张', '陶']
2018-09-24 19:58:24,828 - mylogger - DEBUG - 在线检索答案
2018-09-24 19:58:24,828 - mylogger - INFO - 我的答案：陶
2018-09-24 19:58:25,511 - mylogger - DEBUG - 选择选项
2018-09-24 19:58:28,099 - mylogger - INFO - 答案正确
2018-09-24 19:58:28,102 - mylogger - DEBUG - 添加此题
2018-09-24 19:58:29,739 - mylogger - INFO - 本题结束
2018-09-24 19:58:29,741 - mylogger - DEBUG - 获取题目
2018-09-24 19:58:32,039 - mylogger - INFO - 第 2 题
2018-09-24 19:58:32,361 - mylogger - INFO - 电阻的国际单位是什么？
2018-09-24 19:58:33,227 - mylogger - INFO - ['勒克斯', '牛顿', '欧姆']
2018-09-24 19:58:34,916 - mylogger - DEBUG - 在线检索答案
2018-09-24 19:58:34,917 - mylogger - INFO - 我的答案：欧姆
2018-09-24 19:58:35,667 - mylogger - DEBUG - 选择选项
2018-09-24 19:58:38,252 - mylogger - INFO - 答案正确
2018-09-24 19:58:38,254 - mylogger - DEBUG - 添加此题
2018-09-24 19:58:38,668 - mylogger - INFO - 本题结束
2018-09-24 19:58:38,669 - mylogger - DEBUG - 获取题目
2018-09-24 19:58:40,940 - mylogger - INFO - 第 3 题
2018-09-24 19:58:41,261 - mylogger - INFO - 双氧水的学名是什么？
2018-09-24 19:58:42,279 - mylogger - INFO - ['过氧化氢', '过氧化氯', '过氧化氟']
2018-09-24 19:58:42,286 - mylogger - DEBUG - 数据库中检索答案
2018-09-24 19:58:42,299 - mylogger - INFO - 我的答案：过氧化氢
2018-09-24 19:58:42,931 - mylogger - DEBUG - 选择选项
2018-09-24 19:58:45,487 - mylogger - INFO - 答案正确
2018-09-24 19:58:47,373 - mylogger - INFO - 本题结束
2018-09-24 19:58:47,375 - mylogger - DEBUG - 获取题目
2018-09-24 19:58:49,736 - mylogger - INFO - 第 4 题
2018-09-24 19:58:50,004 - mylogger - INFO - 打起高柄伞，穿起麻布衣，生来不怕热，为何脱我衣。(打一植物)
2018-09-24 19:58:50,972 - mylogger - INFO - ['松树', '樟树', '棕榈树']
2018-09-24 19:58:51,915 - mylogger - DEBUG - 在线检索答案
2018-09-24 19:58:51,916 - mylogger - INFO - 我的答案：松树
2018-09-24 19:58:52,496 - mylogger - DEBUG - 选择选项
2018-09-24 19:58:55,080 - mylogger - INFO - 答案错误
2018-09-24 19:58:55,320 - mylogger - INFO - 正确答案；棕榈树
2018-09-24 19:58:55,323 - mylogger - DEBUG - 添加此题
2018-09-24 19:58:59,432 - mylogger - INFO - 本题结束
2018-09-24 19:58:59,434 - mylogger - DEBUG - 获取题目
2018-09-24 19:59:01,473 - mylogger - INFO - 第 5 题
2018-09-24 19:59:01,769 - mylogger - INFO - 股东大会是股份公司的
2018-09-24 19:59:02,809 - mylogger - INFO - ['执行机构', '监督机构', '权力机构']
2018-09-24 19:59:02,815 - mylogger - DEBUG - 数据库中检索答案
2018-09-24 19:59:02,825 - mylogger - INFO - 我的答案：权力机构
2018-09-24 19:59:03,390 - mylogger - DEBUG - 选择选项
2018-09-24 19:59:06,005 - mylogger - INFO - 答案正确
2018-09-24 19:59:12,653 - mylogger - INFO - 本题结束
2018-09-24 19:59:13,816 - mylogger - INFO - 本场比赛结束
2018-09-24 19:59:13,862 - mylogger - INFO - 返回游戏页面
2018-09-24 19:59:15,440 - mylogger - INFO - 进入排位赛
2018-09-24 19:59:15,449 - mylogger - INFO - 正在匹配中......
2018-09-24 19:59:23,266 - mylogger - INFO - 匹配成功
2018-09-24 19:59:23,267 - mylogger - DEBUG - 获取题目
2018-09-24 19:59:23,976 - mylogger - INFO - 第 1 题
2018-09-24 19:59:24,290 - mylogger - INFO - 下列选项中，哪个城市不属于我国的六大古都之一？
2018-09-24 19:59:25,146 - mylogger - INFO - ['哈尔滨', '开封', '洛阳']
2018-09-24 19:59:25,959 - mylogger - DEBUG - 在线检索答案
2018-09-24 19:59:25,960 - mylogger - INFO - 我的答案：哈尔滨
2018-09-24 19:59:26,567 - mylogger - DEBUG - 选择选项
2018-09-24 19:59:29,113 - mylogger - INFO - 答案正确
2018-09-24 19:59:29,116 - mylogger - DEBUG - 添加此题
2018-09-24 19:59:30,233 - mylogger - INFO - 本题结束
2018-09-24 19:59:30,235 - mylogger - DEBUG - 获取题目
2018-09-24 19:59:32,559 - mylogger - INFO - 第 2 题
2018-09-24 19:59:32,831 - mylogger - INFO - “晴川历历汉阳树，芳草萋萋鹦鹉洲”描写的是哪座名楼？
2018-09-24 19:59:33,663 - mylogger - INFO - ['黄鹤楼', '岳阳楼', '鹳雀楼']
2018-09-24 19:59:33,670 - mylogger - DEBUG - 数据库中检索答案
2018-09-24 19:59:33,685 - mylogger - INFO - 我的答案：黄鹤楼
2018-09-24 19:59:34,272 - mylogger - DEBUG - 选择选项
2018-09-24 19:59:36,874 - mylogger - INFO - 答案正确
2018-09-24 19:59:41,103 - mylogger - INFO - 本题结束
2018-09-24 19:59:41,105 - mylogger - DEBUG - 获取题目
2018-09-24 19:59:43,302 - mylogger - INFO - 第 3 题
2018-09-24 19:59:43,563 - mylogger - INFO - 在周星驰的电影《功夫》中，哑巴女孩是谁饰演的？
2018-09-24 19:59:44,390 - mylogger - INFO - ['黄圣依', '朱茵', '郭彩霞']
2018-09-24 19:59:45,145 - mylogger - DEBUG - 在线检索答案
2018-09-24 19:59:45,145 - mylogger - INFO - 我的答案：黄圣依
2018-09-24 19:59:45,769 - mylogger - DEBUG - 选择选项
2018-09-24 19:59:48,366 - mylogger - INFO - 答案正确
2018-09-24 19:59:48,369 - mylogger - DEBUG - 添加此题
2018-09-24 19:59:48,750 - mylogger - INFO - 本题结束
2018-09-24 19:59:48,752 - mylogger - DEBUG - 获取题目
2018-09-24 19:59:51,026 - mylogger - INFO - 第 4 题
2018-09-24 19:59:51,298 - mylogger - INFO - 世界第一支重型轰机部队出现在哪个国家？
2018-09-24 19:59:52,247 - mylogger - INFO - ['美国', '俄国', '法国']
2018-09-24 19:59:52,252 - mylogger - DEBUG - 数据库中检索答案
2018-09-24 19:59:52,261 - mylogger - INFO - 我的答案：俄国
2018-09-24 19:59:52,890 - mylogger - DEBUG - 选择选项
2018-09-24 19:59:55,538 - mylogger - INFO - 答案正确
2018-09-24 19:59:57,983 - mylogger - INFO - 本题结束
2018-09-24 19:59:57,985 - mylogger - DEBUG - 获取题目
2018-09-24 20:00:00,143 - mylogger - INFO - 第 5 题
2018-09-24 20:00:00,475 - mylogger - INFO - “大珠小珠落玉盘”的上一句是？
2018-09-24 20:00:01,320 - mylogger - INFO - ['轻拢慢捻抹复挑', '低眉信手续续弹', '嘈嘈切切错杂弹']
2018-09-24 20:00:01,366 - mylogger - DEBUG - 数据库中检索答案
2018-09-24 20:00:01,368 - mylogger - INFO - 我的答案：嘈嘈切切错杂弹
2018-09-24 20:00:01,966 - mylogger - DEBUG - 选择选项
2018-09-24 20:00:04,502 - mylogger - INFO - 答案正确
2018-09-24 20:00:09,391 - mylogger - INFO - 本题结束
2018-09-24 20:00:10,537 - mylogger - INFO - 本场比赛结束
2018-09-24 20:00:10,644 - mylogger - INFO - 返回游戏页面
2018-09-24 20:00:12,219 - mylogger - INFO - 进入排位赛
2018-09-24 20:00:12,221 - mylogger - INFO - 正在匹配中......
2018-09-24 20:00:15,311 - mylogger - INFO - 匹配成功
2018-09-24 20:00:15,313 - mylogger - DEBUG - 获取题目
2018-09-24 20:00:16,828 - mylogger - INFO - 第 1 题
2018-09-24 20:00:17,095 - mylogger - INFO - 哪个故事和端午节有关？
2018-09-24 20:00:17,976 - mylogger - INFO - ['牛郎织女', '嫦娥奔月', '屈原投江']
2018-09-24 20:00:18,761 - mylogger - DEBUG - 未检索到答案
2018-09-24 20:00:18,762 - mylogger - INFO - 我的答案：牛郎织女
2018-09-24 20:00:19,383 - mylogger - DEBUG - 选择选项
2018-09-24 20:00:21,935 - mylogger - INFO - 答案错误
2018-09-24 20:00:22,144 - mylogger - INFO - 正确答案；屈原投江
2018-09-24 20:00:22,146 - mylogger - DEBUG - 添加此题
2018-09-24 20:00:23,040 - mylogger - INFO - 本题结束
2018-09-24 20:00:23,042 - mylogger - DEBUG - 获取题目
2018-09-24 20:00:25,376 - mylogger - INFO - 第 2 题
2018-09-24 20:00:25,757 - mylogger - INFO - 白居易的《长恨歌》中“杨家有女初长成”的下一句是？
2018-09-24 20:00:26,709 - mylogger - INFO - ['天生丽质难自弃', '养在深闺人未识', '三千宠爱在一身']
2018-09-24 20:00:28,705 - mylogger - DEBUG - 在线检索答案
2018-09-24 20:00:28,706 - mylogger - INFO - 我的答案：养在深闺人未识
2018-09-24 20:00:29,342 - mylogger - DEBUG - 选择选项
2018-09-24 20:00:31,968 - mylogger - INFO - 答案正确
2018-09-24 20:00:31,970 - mylogger - DEBUG - 添加此题
2018-09-24 20:00:32,257 - mylogger - INFO - 本题结束
2018-09-24 20:00:32,259 - mylogger - DEBUG - 获取题目
2018-09-24 20:00:34,537 - mylogger - INFO - 第 3 题
2018-09-24 20:00:34,828 - mylogger - INFO - WCG世界总决赛中没有下列哪款游戏？
2018-09-24 20:00:35,775 - mylogger - INFO - ['魔兽争霸', '星际争霸', '红色警戒']
2018-09-24 20:00:35,782 - mylogger - DEBUG - 数据库中检索答案
2018-09-24 20:00:35,797 - mylogger - INFO - 我的答案：红色警戒
2018-09-24 20:00:36,341 - mylogger - DEBUG - 选择选项
2018-09-24 20:00:38,922 - mylogger - INFO - 答案正确
2018-09-24 20:00:40,701 - mylogger - INFO - 本题结束
2018-09-24 20:00:40,703 - mylogger - DEBUG - 获取题目
2018-09-24 20:00:42,837 - mylogger - INFO - 第 4 题
2018-09-24 20:00:43,177 - mylogger - INFO - 下列哪颗行星几乎没有大气？
2018-09-24 20:00:44,165 - mylogger - INFO - ['水星', '火星', '金星']
2018-09-24 20:00:44,170 - mylogger - DEBUG - 数据库中检索答案
2018-09-24 20:00:44,181 - mylogger - INFO - 我的答案：水星
2018-09-24 20:00:44,763 - mylogger - DEBUG - 选择选项
2018-09-24 20:00:47,269 - mylogger - INFO - 答案正确
2018-09-24 20:00:50,802 - mylogger - INFO - 本题结束
2018-09-24 20:00:50,803 - mylogger - DEBUG - 获取题目
2018-09-24 20:00:52,961 - mylogger - INFO - 第 5 题
2018-09-24 20:00:53,206 - mylogger - INFO - 潇湘馆是《红楼梦》大观园中一景，请问潇湘馆是谁住的呢？
2018-09-24 20:00:54,156 - mylogger - INFO - ['贾宝玉', '晴雯', '林黛玉']
2018-09-24 20:00:54,162 - mylogger - DEBUG - 数据库中检索答案
2018-09-24 20:00:54,175 - mylogger - INFO - 我的答案：林黛玉
2018-09-24 20:00:54,758 - mylogger - DEBUG - 选择选项
2018-09-24 20:00:57,446 - mylogger - INFO - 答案正确
2018-09-24 20:00:59,535 - mylogger - INFO - 本题结束
2018-09-24 20:01:00,706 - mylogger - INFO - 本场比赛结束
2018-09-24 20:01:00,770 - mylogger - INFO - 返回游戏页面
2018-09-24 20:01:02,258 - mylogger - INFO - 进入排位赛
2018-09-24 20:01:02,260 - mylogger - INFO - 正在匹配中......
2018-09-24 20:01:37,647 - mylogger - INFO - 匹配成功
2018-09-24 20:01:37,650 - mylogger - DEBUG - 获取题目
2018-09-24 20:01:39,183 - mylogger - INFO - 第 1 题
2018-09-24 20:01:39,460 - mylogger - INFO - 婴儿一般在多大时添加辅助食品比较好？
2018-09-24 20:01:40,500 - mylogger - INFO - ['2、3个月', '5、6个月', '7、8个月']
2018-09-24 20:01:40,505 - mylogger - DEBUG - 数据库中检索答案
2018-09-24 20:01:40,521 - mylogger - INFO - 我的答案：5、6个月
2018-09-24 20:01:41,144 - mylogger - DEBUG - 选择选项
2018-09-24 20:01:43,744 - mylogger - INFO - 答案正确
2018-09-24 20:01:50,520 - mylogger - INFO - 本题结束
2018-09-24 20:01:50,522 - mylogger - DEBUG - 获取题目
2018-09-24 20:01:52,717 - mylogger - INFO - 第 2 题
2018-09-24 20:01:52,988 - mylogger - INFO - NBA球队的“76人队”位于美国的哪个城市？
2018-09-24 20:01:53,943 - mylogger - INFO - ['费城', '纽约', '洛杉矶']
2018-09-24 20:01:55,189 - mylogger - DEBUG - 在线检索答案
2018-09-24 20:01:55,190 - mylogger - INFO - 我的答案：费城
2018-09-24 20:01:55,769 - mylogger - DEBUG - 选择选项
2018-09-24 20:01:58,264 - mylogger - INFO - 答案正确
2018-09-24 20:01:58,266 - mylogger - DEBUG - 添加此题
2018-09-24 20:01:59,817 - mylogger - INFO - 本题结束
2018-09-24 20:01:59,819 - mylogger - DEBUG - 获取题目
2018-09-24 20:02:01,680 - mylogger - INFO - 第 3 题
2018-09-24 20:02:01,948 - mylogger - INFO - 美国现役航母一般以什么来命名？
2018-09-24 20:02:02,832 - mylogger - INFO - ['州名', '海洋生物', '人名']
2018-09-24 20:02:04,034 - mylogger - DEBUG - 在线检索答案
2018-09-24 20:02:04,034 - mylogger - INFO - 我的答案：人名
2018-09-24 20:02:04,701 - mylogger - DEBUG - 选择选项
2018-09-24 20:02:07,332 - mylogger - INFO - 答案正确
2018-09-24 20:02:07,335 - mylogger - DEBUG - 添加此题
2018-09-24 20:02:09,330 - mylogger - INFO - 本题结束
2018-09-24 20:02:09,331 - mylogger - DEBUG - 获取题目
2018-09-24 20:02:11,548 - mylogger - INFO - 第 4 题
2018-09-24 20:02:11,850 - mylogger - INFO - 日本二二六事件，又名“帝都不祥事件”，该事件最终是哪个派掌握军部大权？
2018-09-24 20:02:12,749 - mylogger - INFO - ['皇道派', '统制派', '信念派']
2018-09-24 20:02:12,771 - mylogger - DEBUG - 数据库中检索答案
2018-09-24 20:02:12,772 - mylogger - INFO - 我的答案：统制派
2018-09-24 20:02:13,380 - mylogger - DEBUG - 选择选项
2018-09-24 20:02:15,984 - mylogger - INFO - 答案正确
2018-09-24 20:02:21,097 - mylogger - INFO - 本题结束
2018-09-24 20:02:21,099 - mylogger - DEBUG - 获取题目
2018-09-24 20:02:23,338 - mylogger - INFO - 第 5 题
2018-09-24 20:02:23,608 - mylogger - INFO - 2017年哪个饮料品牌跨界推出了面膜？
2018-09-24 20:02:24,615 - mylogger - INFO - ['可口可乐', '农夫山泉', '百事可乐']
2018-09-24 20:02:24,621 - mylogger - DEBUG - 数据库中检索答案
2018-09-24 20:02:24,636 - mylogger - INFO - 我的答案：农夫山泉
2018-09-24 20:02:25,229 - mylogger - DEBUG - 选择选项
2018-09-24 20:02:27,825 - mylogger - INFO - 答案正确
2018-09-24 20:02:34,981 - mylogger - INFO - 本题结束
2018-09-24 20:02:36,151 - mylogger - INFO - 本场比赛结束
2018-09-24 20:02:36,288 - mylogger - INFO - 返回游戏页面
2018-09-24 20:02:37,854 - mylogger - INFO - 进入排位赛
2018-09-24 20:02:37,857 - mylogger - INFO - 正在匹配中......
2018-09-24 20:04:40,674 - mylogger - INFO - 匹配成功
2018-09-24 20:04:40,676 - mylogger - DEBUG - 获取题目
2018-09-24 20:04:42,179 - mylogger - INFO - 第 1 题
2018-09-24 20:04:42,468 - mylogger - INFO - 民间把10月24日称为哪个职业的节日？
2018-09-24 20:04:43,203 - mylogger - INFO - ['程序员', '收银员', '教师']
2018-09-24 20:04:44,032 - mylogger - DEBUG - 未检索到答案
2018-09-24 20:04:44,033 - mylogger - INFO - 我的答案：程序员
2018-09-24 20:04:44,670 - mylogger - DEBUG - 选择选项
2018-09-24 20:04:47,276 - mylogger - INFO - 答案正确
2018-09-24 20:04:47,278 - mylogger - DEBUG - 添加此题
2018-09-24 20:04:56,776 - mylogger - INFO - 本题结束
2018-09-24 20:04:56,777 - mylogger - DEBUG - 获取题目
2018-09-24 20:04:58,844 - mylogger - INFO - 第 2 题
2018-09-24 20:04:59,192 - mylogger - INFO - 先秦思想的集大成者是
2018-09-24 20:05:00,044 - mylogger - INFO - ['孔子', '孟子', '荀子']
2018-09-24 20:05:00,772 - mylogger - DEBUG - 在线检索答案
2018-09-24 20:05:00,773 - mylogger - INFO - 我的答案：孔子
2018-09-24 20:05:01,343 - mylogger - DEBUG - 选择选项
2018-09-24 20:05:03,995 - mylogger - INFO - 答案错误
2018-09-24 20:05:04,209 - mylogger - INFO - 正确答案；荀子
2018-09-24 20:05:04,211 - mylogger - DEBUG - 添加此题
2018-09-24 20:05:13,648 - mylogger - INFO - 本题结束
2018-09-24 20:05:13,650 - mylogger - DEBUG - 获取题目
2018-09-24 20:05:16,092 - mylogger - INFO - 第 3 题
2018-09-24 20:05:16,364 - mylogger - INFO - 韩国节目《PRODUCE 101》第二季产生男团的组合名是？
2018-09-24 20:05:17,249 - mylogger - INFO - ['防弹少年团', 'Big Bang', 'Wanna One']
2018-09-24 20:05:17,254 - mylogger - DEBUG - 数据库中检索答案
2018-09-24 20:05:17,270 - mylogger - INFO - 我的答案：Wanna One
2018-09-24 20:05:17,848 - mylogger - DEBUG - 选择选项
2018-09-24 20:05:20,472 - mylogger - INFO - 答案正确
2018-09-24 20:05:30,885 - mylogger - INFO - 本题结束
2018-09-24 20:05:30,886 - mylogger - DEBUG - 获取题目
2018-09-24 20:05:33,172 - mylogger - INFO - 第 4 题
2018-09-24 20:05:33,441 - mylogger - INFO - 《阴阳师》在2018年新出的ssr中不包括哪一个？
2018-09-24 20:05:34,305 - mylogger - INFO - ['卖药郎', '山风', '花鸟卷']
2018-09-24 20:05:36,324 - mylogger - DEBUG - 在线检索答案
2018-09-24 20:05:36,324 - mylogger - INFO - 我的答案：卖药郎
2018-09-24 20:05:36,956 - mylogger - DEBUG - 选择选项
2018-09-24 20:05:39,546 - mylogger - INFO - 答案错误
2018-09-24 20:05:39,749 - mylogger - INFO - 正确答案；花鸟卷
2018-09-24 20:05:39,752 - mylogger - DEBUG - 添加此题
2018-09-24 20:05:47,943 - mylogger - INFO - 本题结束
2018-09-24 20:05:47,945 - mylogger - DEBUG - 获取题目
2018-09-24 20:05:50,358 - mylogger - INFO - 第 5 题
2018-09-24 20:05:50,645 - mylogger - INFO - 被视为“海派”名家，但未定居上海的画家是：
2018-09-24 20:05:51,531 - mylogger - INFO - ['张熊', '胡远', '虚谷']
2018-09-24 20:05:52,657 - mylogger - DEBUG - 在线检索答案
2018-09-24 20:05:52,657 - mylogger - INFO - 我的答案：虚谷
2018-09-24 20:05:53,405 - mylogger - DEBUG - 选择选项
2018-09-24 20:05:56,003 - mylogger - INFO - 答案正确
2018-09-24 20:05:56,006 - mylogger - DEBUG - 添加此题
2018-09-24 20:06:05,170 - mylogger - INFO - 本题结束
2018-09-24 20:06:06,334 - mylogger - INFO - 本场比赛结束
2018-09-24 20:06:06,463 - mylogger - INFO - 返回游戏页面
2018-09-24 20:06:08,018 - mylogger - INFO - 进入排位赛
2018-09-24 20:06:08,020 - mylogger - INFO - 正在匹配中......
2018-09-24 20:06:16,998 - mylogger - INFO - 匹配成功
2018-09-24 20:06:17,001 - mylogger - DEBUG - 获取题目
2018-09-24 20:06:17,679 - mylogger - INFO - 第 1 题
2018-09-24 20:06:17,975 - mylogger - INFO - 工业生产中，酒精的危害表现为
2018-09-24 20:06:18,887 - mylogger - INFO - ['易燃性', '助燃性', '刺激性']
2018-09-24 20:06:20,064 - mylogger - DEBUG - 在线检索答案
2018-09-24 20:06:20,065 - mylogger - INFO - 我的答案：易燃性
2018-09-24 20:06:20,704 - mylogger - DEBUG - 选择选项
2018-09-24 20:06:23,296 - mylogger - INFO - 答案正确
2018-09-24 20:06:23,298 - mylogger - DEBUG - 添加此题
2018-09-24 20:06:26,894 - mylogger - INFO - 本题结束
2018-09-24 20:06:26,896 - mylogger - DEBUG - 获取题目
2018-09-24 20:06:29,078 - mylogger - INFO - 第 2 题
2018-09-24 20:06:29,433 - mylogger - INFO - 桌游《三国杀》中哪位女性角色拥有“离间”的技能？
2018-09-24 20:06:30,460 - mylogger - INFO - ['孙尚香', '貂蝉', '小乔']
2018-09-24 20:06:30,466 - mylogger - DEBUG - 数据库中检索答案
2018-09-24 20:06:30,477 - mylogger - INFO - 我的答案：貂蝉
2018-09-24 20:06:31,055 - mylogger - DEBUG - 选择选项
2018-09-24 20:06:33,598 - mylogger - INFO - 答案正确
2018-09-24 20:06:37,983 - mylogger - INFO - 本题结束
2018-09-24 20:06:37,985 - mylogger - DEBUG - 获取题目
2018-09-24 20:06:40,375 - mylogger - INFO - 第 3 题
2018-09-24 20:06:40,695 - mylogger - INFO - 电视剧《京华烟云》根据同名小说改编，原作者是
2018-09-24 20:06:41,735 - mylogger - INFO - ['老舍', '周作人', '林语堂']
2018-09-24 20:06:42,565 - mylogger - DEBUG - 在线检索答案
2018-09-24 20:06:42,565 - mylogger - INFO - 我的答案：林语堂
2018-09-24 20:06:43,183 - mylogger - DEBUG - 选择选项
2018-09-24 20:06:45,800 - mylogger - INFO - 答案正确
2018-09-24 20:06:45,812 - mylogger - DEBUG - 添加此题
2018-09-24 20:06:48,372 - mylogger - INFO - 本题结束
2018-09-24 20:06:48,374 - mylogger - DEBUG - 获取题目
2018-09-24 20:06:50,468 - mylogger - INFO - 第 4 题
2018-09-24 20:06:50,800 - mylogger - INFO - 以下哪位演员是电视剧《武动乾坤》的主演？
2018-09-24 20:06:51,765 - mylogger - INFO - ['杨洋', '白敬亭', '潘粤明']
2018-09-24 20:06:52,538 - mylogger - DEBUG - 在线检索答案
2018-09-24 20:06:52,539 - mylogger - INFO - 我的答案：杨洋
2018-09-24 20:06:53,224 - mylogger - DEBUG - 选择选项
2018-09-24 20:06:55,708 - mylogger - INFO - 答案正确
2018-09-24 20:06:55,711 - mylogger - DEBUG - 添加此题
2018-09-24 20:06:58,601 - mylogger - INFO - 本题结束
2018-09-24 20:06:58,601 - mylogger - DEBUG - 获取题目
2018-09-24 20:07:00,953 - mylogger - INFO - 第 5 题
2018-09-24 20:07:01,224 - mylogger - INFO - 张爱玲的名著《金锁记》中，女主角叫什么名字？
2018-09-24 20:07:02,128 - mylogger - INFO - ['曹七巧', '顾曼桢', '娟儿']
2018-09-24 20:07:03,841 - mylogger - DEBUG - 在线检索答案
2018-09-24 20:07:03,842 - mylogger - INFO - 我的答案：曹七巧
2018-09-24 20:07:04,480 - mylogger - DEBUG - 选择选项
2018-09-24 20:07:07,048 - mylogger - INFO - 答案正确
2018-09-24 20:07:07,051 - mylogger - DEBUG - 添加此题
2018-09-24 20:07:08,348 - mylogger - INFO - 本题结束
2018-09-24 20:07:09,522 - mylogger - INFO - 本场比赛结束
2018-09-24 20:07:09,559 - mylogger - INFO - 返回游戏页面
2018-09-24 20:07:11,089 - mylogger - INFO - 进入排位赛
2018-09-24 20:07:11,091 - mylogger - INFO - 正在匹配中......
2018-09-24 20:07:33,970 - mylogger - INFO - 匹配成功
2018-09-24 20:07:33,972 - mylogger - DEBUG - 获取题目
2018-09-24 20:07:35,220 - mylogger - INFO - 第 1 题
2018-09-24 20:07:35,522 - mylogger - INFO - 以下哪一个是上海特色小吃？
2018-09-24 20:07:36,422 - mylogger - INFO - ['螺蛳粉', '臭豆腐', '南翔小笼包']
2018-09-24 20:07:37,334 - mylogger - DEBUG - 未检索到答案
2018-09-24 20:07:37,335 - mylogger - INFO - 我的答案：螺蛳粉
2018-09-24 20:07:37,977 - mylogger - DEBUG - 选择选项
2018-09-24 20:07:40,590 - mylogger - INFO - 答案错误
2018-09-24 20:07:40,834 - mylogger - INFO - 正确答案；南翔小笼包
2018-09-24 20:07:40,837 - mylogger - DEBUG - 添加此题
2018-09-24 20:07:49,815 - mylogger - INFO - 本题结束
2018-09-24 20:07:49,816 - mylogger - DEBUG - 获取题目
2018-09-24 20:07:51,935 - mylogger - INFO - 第 2 题
2018-09-24 20:07:52,206 - mylogger - INFO - 下面哪位互联网大佬曾表示自己是个脸盲症患者？
2018-09-24 20:07:53,155 - mylogger - INFO - ['周鸿祎', '罗永浩', '刘强东']
2018-09-24 20:07:53,867 - mylogger - DEBUG - 在线检索答案
2018-09-24 20:07:53,868 - mylogger - INFO - 我的答案：刘强东
2018-09-24 20:07:54,546 - mylogger - DEBUG - 选择选项
2018-09-24 20:07:57,079 - mylogger - INFO - 答案正确
2018-09-24 20:07:57,081 - mylogger - DEBUG - 添加此题
2018-09-24 20:07:59,194 - mylogger - INFO - 本题结束
2018-09-24 20:07:59,195 - mylogger - DEBUG - 获取题目
2018-09-24 20:08:01,351 - mylogger - INFO - 第 3 题
2018-09-24 20:08:01,599 - mylogger - INFO - 秦国的哪个将领在长平之战中坑杀赵国士卒约40万？
2018-09-24 20:08:02,415 - mylogger - INFO - ['王翦', '吴起', '白起']
2018-09-24 20:08:03,337 - mylogger - DEBUG - 在线检索答案
2018-09-24 20:08:03,338 - mylogger - INFO - 我的答案：白起
2018-09-24 20:08:03,954 - mylogger - DEBUG - 选择选项
2018-09-24 20:08:06,579 - mylogger - INFO - 答案正确
2018-09-24 20:08:06,582 - mylogger - DEBUG - 添加此题
2018-09-24 20:08:09,123 - mylogger - INFO - 本题结束
2018-09-24 20:08:09,125 - mylogger - DEBUG - 获取题目
2018-09-24 20:08:11,387 - mylogger - INFO - 第 4 题
2018-09-24 20:08:11,704 - mylogger - INFO - 夜盲症即夜视力下降，主要是由于体内缺乏。
2018-09-24 20:08:12,754 - mylogger - INFO - ['维生素D', '维生素C', '维生素A']
2018-09-24 20:08:12,760 - mylogger - DEBUG - 数据库中检索答案
2018-09-24 20:08:12,770 - mylogger - INFO - 我的答案：维生素A
2018-09-24 20:08:13,323 - mylogger - DEBUG - 选择选项
2018-09-24 20:08:15,827 - mylogger - INFO - 答案正确
2018-09-24 20:08:16,823 - mylogger - INFO - 本题结束
2018-09-24 20:08:16,824 - mylogger - DEBUG - 获取题目
2018-09-24 20:08:18,979 - mylogger - INFO - 第 5 题
2018-09-24 20:08:19,252 - mylogger - INFO - 下列肉类中，哪种被誉为“脂肪含量最低的保健肉”？
2018-09-24 20:08:20,188 - mylogger - INFO - ['猪肉', '鸡肉', '兔肉']
2018-09-24 20:08:21,990 - mylogger - DEBUG - 在线检索答案
2018-09-24 20:08:21,991 - mylogger - INFO - 我的答案：兔肉
2018-09-24 20:08:22,632 - mylogger - DEBUG - 选择选项
2018-09-24 20:08:25,236 - mylogger - INFO - 答案正确
2018-09-24 20:08:25,238 - mylogger - DEBUG - 添加此题
2018-09-24 20:08:27,383 - mylogger - INFO - 本题结束
2018-09-24 20:08:28,572 - mylogger - INFO - 本场比赛结束
2018-09-24 20:08:28,685 - mylogger - INFO - 返回游戏页面
2018-09-24 20:08:30,308 - mylogger - INFO - 进入排位赛
2018-09-24 20:08:30,310 - mylogger - INFO - 正在匹配中......
2018-09-24 20:08:44,508 - mylogger - INFO - 匹配成功
2018-09-24 20:08:44,509 - mylogger - DEBUG - 获取题目
2018-09-24 20:08:45,137 - mylogger - INFO - 第 1 题
2018-09-24 20:08:45,409 - mylogger - INFO - 使用时需要点燃的芳香用品是？
2018-09-24 20:08:46,360 - mylogger - INFO - ['香氛蜡烛', '扩香石', '香水']
2018-09-24 20:08:46,367 - mylogger - DEBUG - 数据库中检索答案
2018-09-24 20:08:46,377 - mylogger - INFO - 我的答案：香氛蜡烛
2018-09-24 20:08:46,989 - mylogger - DEBUG - 选择选项
2018-09-24 20:08:49,493 - mylogger - INFO - 答案正确
2018-09-24 20:08:51,529 - mylogger - INFO - 本题结束
2018-09-24 20:08:51,530 - mylogger - DEBUG - 获取题目
2018-09-24 20:08:53,801 - mylogger - INFO - 第 2 题
2018-09-24 20:08:54,082 - mylogger - INFO - 卡丁车很少翻车是因为什么？
2018-09-24 20:08:55,114 - mylogger - INFO - ['轮胎大', '底盘低', '体积小']
2018-09-24 20:08:56,735 - mylogger - DEBUG - 在线检索答案
2018-09-24 20:08:56,736 - mylogger - INFO - 我的答案：体积小
2018-09-24 20:08:57,350 - mylogger - DEBUG - 选择选项
2018-09-24 20:08:59,885 - mylogger - INFO - 答案错误
2018-09-24 20:09:00,082 - mylogger - INFO - 正确答案；底盘低
2018-09-24 20:09:00,086 - mylogger - DEBUG - 添加此题
2018-09-24 20:09:01,017 - mylogger - INFO - 本题结束
2018-09-24 20:09:01,019 - mylogger - DEBUG - 获取题目
2018-09-24 20:09:03,077 - mylogger - INFO - 第 3 题
2018-09-24 20:09:03,359 - mylogger - INFO - 袋子里有4个黑球和1个红球，随机拿一个球是红色的概率是多少？
2018-09-24 20:09:04,166 - mylogger - INFO - ['10%', '5%', '20%']
2018-09-24 20:09:05,073 - mylogger - DEBUG - 未检索到答案
2018-09-24 20:09:05,074 - mylogger - INFO - 我的答案：10%
2018-09-24 20:09:05,698 - mylogger - DEBUG - 选择选项
2018-09-24 20:09:08,218 - mylogger - INFO - 答案错误
2018-09-24 20:09:08,485 - mylogger - INFO - 正确答案；20%
2018-09-24 20:09:08,487 - mylogger - DEBUG - 添加此题
2018-09-24 20:09:11,834 - mylogger - INFO - 本题结束
2018-09-24 20:09:11,835 - mylogger - DEBUG - 获取题目
2018-09-24 20:09:13,891 - mylogger - INFO - 第 4 题
2018-09-24 20:09:14,201 - mylogger - INFO - 2018年3月娇兰公布的全新护肤大使是哪位？
2018-09-24 20:09:15,238 - mylogger - INFO - ['王子文', '唐嫣', '巩俐']
2018-09-24 20:09:15,261 - mylogger - DEBUG - 数据库中检索答案
2018-09-24 20:09:15,262 - mylogger - INFO - 我的答案：王子文
2018-09-24 20:09:15,886 - mylogger - DEBUG - 选择选项
2018-09-24 20:09:18,437 - mylogger - INFO - 答案正确
2018-09-24 20:09:20,131 - mylogger - INFO - 本题结束
2018-09-24 20:09:20,132 - mylogger - DEBUG - 获取题目
2018-09-24 20:09:22,430 - mylogger - INFO - 第 5 题
2018-09-24 20:09:22,726 - mylogger - INFO - 2005年WCG世界总决赛中获得《魔兽争霸》冠军的是谁？
2018-09-24 20:09:23,714 - mylogger - INFO - ['韩国MOON', '中国SKY', '中国INFi']
2018-09-24 20:09:23,719 - mylogger - DEBUG - 数据库中检索答案
2018-09-24 20:09:23,736 - mylogger - INFO - 我的答案：中国SKY
2018-09-24 20:09:24,310 - mylogger - DEBUG - 选择选项
2018-09-24 20:09:26,850 - mylogger - INFO - 答案正确
2018-09-24 20:09:29,746 - mylogger - INFO - 本题结束
2018-09-24 20:09:30,939 - mylogger - INFO - 本场比赛结束
2018-09-24 20:09:31,060 - mylogger - INFO - 返回游戏页面
2018-09-24 20:09:32,634 - mylogger - INFO - 进入排位赛
2018-09-24 20:09:32,635 - mylogger - INFO - 正在匹配中......
2018-09-24 20:10:37,932 - mylogger - INFO - 匹配成功
2018-09-24 20:10:37,933 - mylogger - DEBUG - 获取题目
2018-09-24 20:10:39,354 - mylogger - INFO - 第 1 题
2018-09-24 20:10:39,657 - mylogger - INFO - 清朝发生的“九子夺嫡”最后哪位皇子夺取了皇位？
2018-09-24 20:10:40,565 - mylogger - INFO - ['二阿哥胤礽', '四阿哥胤禛', '八阿哥胤禩']
2018-09-24 20:10:40,572 - mylogger - DEBUG - 数据库中检索答案
2018-09-24 20:10:40,587 - mylogger - INFO - 我的答案：四阿哥胤禛
2018-09-24 20:10:41,165 - mylogger - DEBUG - 选择选项
2018-09-24 20:10:43,741 - mylogger - INFO - 答案正确
2018-09-24 20:10:45,802 - mylogger - INFO - 本题结束
2018-09-24 20:10:45,805 - mylogger - DEBUG - 获取题目
2018-09-24 20:10:47,959 - mylogger - INFO - 第 2 题
2018-09-24 20:10:48,282 - mylogger - INFO - 《王者荣耀》中五军对决地图的形状大致为什么图形？
2018-09-24 20:10:49,247 - mylogger - INFO - ['正方形', '五边形', '八边形']
2018-09-24 20:10:50,114 - mylogger - DEBUG - 在线检索答案
2018-09-24 20:10:50,115 - mylogger - INFO - 我的答案：五边形
2018-09-24 20:10:50,717 - mylogger - DEBUG - 选择选项
2018-09-24 20:10:53,298 - mylogger - INFO - 答案正确
2018-09-24 20:10:53,300 - mylogger - DEBUG - 添加此题
2018-09-24 20:10:54,217 - mylogger - INFO - 本题结束
2018-09-24 20:10:54,219 - mylogger - DEBUG - 获取题目
2018-09-24 20:10:56,478 - mylogger - INFO - 第 3 题
2018-09-24 20:10:56,834 - mylogger - INFO - 诗句“默品其滋味，相思泪沾巾”描述的是哪种食物？
2018-09-24 20:10:57,848 - mylogger - INFO - ['粽子', '月饼', '腊八粥']
2018-09-24 20:10:57,855 - mylogger - DEBUG - 数据库中检索答案
2018-09-24 20:10:57,866 - mylogger - INFO - 我的答案：月饼
2018-09-24 20:10:58,534 - mylogger - DEBUG - 选择选项
2018-09-24 20:11:01,099 - mylogger - INFO - 答案正确
2018-09-24 20:11:03,979 - mylogger - INFO - 本题结束
2018-09-24 20:11:03,981 - mylogger - DEBUG - 获取题目
2018-09-24 20:11:06,127 - mylogger - INFO - 第 4 题
2018-09-24 20:11:06,439 - mylogger - INFO - 清代文学家蒲松龄的家乡是现今山东省的哪个城市？
2018-09-24 20:11:07,391 - mylogger - INFO - ['临沂市', '淄博市', '潍坊市']
2018-09-24 20:11:09,043 - mylogger - DEBUG - 在线检索答案
2018-09-24 20:11:09,044 - mylogger - INFO - 我的答案：淄博市
2018-09-24 20:11:09,633 - mylogger - DEBUG - 选择选项
2018-09-24 20:11:12,202 - mylogger - INFO - 答案正确
2018-09-24 20:11:12,205 - mylogger - DEBUG - 添加此题
2018-09-24 20:11:13,859 - mylogger - INFO - 本题结束
2018-09-24 20:11:13,861 - mylogger - DEBUG - 获取题目
2018-09-24 20:11:16,247 - mylogger - INFO - 第 5 题
2018-09-24 20:11:16,548 - mylogger - INFO - 世界文化遗产“大研古镇”位于我国哪个市？
2018-09-24 20:11:17,430 - mylogger - INFO - ['丽江', '大理', '昆明']
2018-09-24 20:11:18,641 - mylogger - DEBUG - 在线检索答案
2018-09-24 20:11:18,642 - mylogger - INFO - 我的答案：丽江
2018-09-24 20:11:19,323 - mylogger - DEBUG - 选择选项
2018-09-24 20:11:21,875 - mylogger - INFO - 答案正确
2018-09-24 20:11:21,877 - mylogger - DEBUG - 添加此题
2018-09-24 20:11:24,480 - mylogger - INFO - 本题结束
2018-09-24 20:11:25,647 - mylogger - INFO - 本场比赛结束
2018-09-24 20:11:25,714 - mylogger - INFO - 返回游戏页面
2018-09-24 20:11:27,315 - mylogger - INFO - 进入排位赛
2018-09-24 20:11:27,316 - mylogger - INFO - 正在匹配中......
2018-09-24 20:11:37,485 - mylogger - INFO - 匹配成功
2018-09-24 20:11:37,487 - mylogger - DEBUG - 获取题目
2018-09-24 20:11:38,165 - mylogger - INFO - 第 1 题
2018-09-24 20:11:38,396 - mylogger - INFO - 瓦伦西亚球员扎扎在场上的位置是？
2018-09-24 20:11:39,320 - mylogger - INFO - ['守门员', '前锋', '中场']
2018-09-24 20:11:39,325 - mylogger - DEBUG - 数据库中检索答案
2018-09-24 20:11:39,340 - mylogger - INFO - 我的答案：前锋
2018-09-24 20:11:39,956 - mylogger - DEBUG - 选择选项
2018-09-24 20:11:42,561 - mylogger - INFO - 答案正确
2018-09-24 20:11:46,944 - mylogger - INFO - 本题结束
2018-09-24 20:11:46,946 - mylogger - DEBUG - 获取题目
2018-09-24 20:11:49,149 - mylogger - INFO - 第 2 题
2018-09-24 20:11:49,429 - mylogger - INFO - 围棋棋盘上的九个小圆点被叫做
2018-09-24 20:11:50,328 - mylogger - INFO - ['标', '星', '原']
2018-09-24 20:11:50,333 - mylogger - DEBUG - 数据库中检索答案
2018-09-24 20:11:50,348 - mylogger - INFO - 我的答案：星
2018-09-24 20:11:50,956 - mylogger - DEBUG - 选择选项
2018-09-24 20:11:53,592 - mylogger - INFO - 答案正确
2018-09-24 20:11:56,310 - mylogger - INFO - 本题结束
2018-09-24 20:11:56,311 - mylogger - DEBUG - 获取题目
2018-09-24 20:11:58,621 - mylogger - INFO - 第 3 题
2018-09-24 20:11:58,880 - mylogger - INFO - ”天门蒸菜“属于哪个菜系？
2018-09-24 20:11:59,773 - mylogger - INFO - ['浙菜', '鄂菜', '闽菜']
2018-09-24 20:11:59,780 - mylogger - DEBUG - 数据库中检索答案
2018-09-24 20:11:59,795 - mylogger - INFO - 我的答案：鄂菜
2018-09-24 20:12:00,429 - mylogger - DEBUG - 选择选项
2018-09-24 20:12:02,953 - mylogger - INFO - 答案正确
2018-09-24 20:12:06,013 - mylogger - INFO - 本题结束
2018-09-24 20:12:06,016 - mylogger - DEBUG - 获取题目
2018-09-24 20:12:08,353 - mylogger - INFO - 第 4 题
2018-09-24 20:12:08,601 - mylogger - INFO - 太阳系八大行星中，离太阳最近的是哪个？
2018-09-24 20:12:09,529 - mylogger - INFO - ['木星', '水星', '火星']
2018-09-24 20:12:10,397 - mylogger - DEBUG - 在线检索答案
2018-09-24 20:12:10,397 - mylogger - INFO - 我的答案：水星
2018-09-24 20:12:11,065 - mylogger - DEBUG - 选择选项
2018-09-24 20:12:13,614 - mylogger - INFO - 答案正确
2018-09-24 20:12:13,617 - mylogger - DEBUG - 添加此题
2018-09-24 20:12:15,142 - mylogger - INFO - 本题结束
2018-09-24 20:12:15,143 - mylogger - DEBUG - 获取题目
2018-09-24 20:12:17,486 - mylogger - INFO - 第 5 题
2018-09-24 20:12:17,778 - mylogger - INFO - 利用利率期货进行空头套期保值，主要是担心
2018-09-24 20:12:18,731 - mylogger - INFO - ['市场利率波动变大', '市场利率会上升', '市场利率会下跌']
2018-09-24 20:12:18,737 - mylogger - DEBUG - 数据库中检索答案
2018-09-24 20:12:18,753 - mylogger - INFO - 我的答案：市场利率会上升
2018-09-24 20:12:19,369 - mylogger - DEBUG - 选择选项
2018-09-24 20:12:21,950 - mylogger - INFO - 答案正确
2018-09-24 20:12:26,509 - mylogger - INFO - 本题结束
2018-09-24 20:12:27,688 - mylogger - INFO - 本场比赛结束
2018-09-24 20:12:27,812 - mylogger - INFO - 返回游戏页面
2018-09-24 20:12:29,363 - mylogger - INFO - 进入排位赛
2018-09-24 20:12:29,365 - mylogger - INFO - 正在匹配中......
2018-09-24 20:12:44,999 - mylogger - INFO - 匹配成功
2018-09-24 20:12:45,000 - mylogger - DEBUG - 获取题目
2018-09-24 20:12:46,423 - mylogger - INFO - 第 1 题
2018-09-24 20:12:46,772 - mylogger - INFO - 以下选项中，哪一个不属于建筑师王澍的代表作？
2018-09-24 20:12:47,810 - mylogger - INFO - ['宁波美术馆', '南京华侨大厦', '梦露大厦']
2018-09-24 20:12:47,832 - mylogger - DEBUG - 数据库中检索答案
2018-09-24 20:12:47,833 - mylogger - INFO - 我的答案：梦露大厦
2018-09-24 20:12:48,390 - mylogger - DEBUG - 选择选项
2018-09-24 20:12:50,979 - mylogger - INFO - 答案正确
2018-09-24 20:12:54,475 - mylogger - INFO - 本题结束
2018-09-24 20:12:54,477 - mylogger - DEBUG - 获取题目
2018-09-24 20:12:56,888 - mylogger - INFO - 第 2 题
2018-09-24 20:12:57,187 - mylogger - INFO - 华杰工作室是哪个演员的工作室？
2018-09-24 20:12:58,019 - mylogger - INFO - ['陈坤', '张杰', '霍建华']
2018-09-24 20:12:58,862 - mylogger - DEBUG - 在线检索答案
2018-09-24 20:12:58,862 - mylogger - INFO - 我的答案：霍建华
2018-09-24 20:12:59,470 - mylogger - DEBUG - 选择选项
2018-09-24 20:13:02,035 - mylogger - INFO - 答案正确
2018-09-24 20:13:02,037 - mylogger - DEBUG - 添加此题
2018-09-24 20:13:03,317 - mylogger - INFO - 本题结束
2018-09-24 20:13:03,318 - mylogger - DEBUG - 获取题目
2018-09-24 20:13:05,155 - mylogger - INFO - 第 3 题
2018-09-24 20:13:05,455 - mylogger - INFO - 山东临沂的特色早餐“糁”是一种？
2018-09-24 20:13:06,404 - mylogger - INFO - ['汤', '炒饭', '甜品']
2018-09-24 20:13:06,411 - mylogger - DEBUG - 数据库中检索答案
2018-09-24 20:13:06,421 - mylogger - INFO - 我的答案：汤
2018-09-24 20:13:07,027 - mylogger - DEBUG - 选择选项
2018-09-24 20:13:09,619 - mylogger - INFO - 答案正确
2018-09-24 20:13:11,767 - mylogger - INFO - 本题结束
2018-09-24 20:13:11,769 - mylogger - DEBUG - 获取题目
2018-09-24 20:13:13,987 - mylogger - INFO - 第 4 题
2018-09-24 20:13:14,317 - mylogger - INFO - 希腊神话中的维纳斯是？
2018-09-24 20:13:15,197 - mylogger - INFO - ['美神', '自由神', '智慧神']
2018-09-24 20:13:15,915 - mylogger - DEBUG - 在线检索答案
2018-09-24 20:13:15,916 - mylogger - INFO - 我的答案：美神
2018-09-24 20:13:16,569 - mylogger - DEBUG - 选择选项
2018-09-24 20:13:19,190 - mylogger - INFO - 答案正确
2018-09-24 20:13:19,192 - mylogger - DEBUG - 添加此题
2018-09-24 20:13:19,740 - mylogger - INFO - 本题结束
2018-09-24 20:13:19,742 - mylogger - DEBUG - 获取题目
2018-09-24 20:13:21,976 - mylogger - INFO - 第 5 题
2018-09-24 20:13:22,308 - mylogger - INFO - 由中国举办的第一届“春兰杯”世界职业围棋锦标赛是哪一年开始的？
2018-09-24 20:13:23,156 - mylogger - INFO - ['1997', '1998', '1999']
2018-09-24 20:13:23,162 - mylogger - DEBUG - 数据库中检索答案
2018-09-24 20:13:23,178 - mylogger - INFO - 我的答案：1998
2018-09-24 20:13:23,783 - mylogger - DEBUG - 选择选项
2018-09-24 20:13:26,428 - mylogger - INFO - 答案正确
2018-09-24 20:13:28,612 - mylogger - INFO - 本题结束
2018-09-24 20:13:29,796 - mylogger - INFO - 本场比赛结束
2018-09-24 20:13:29,923 - mylogger - INFO - 返回游戏页面
2018-09-24 20:13:31,497 - mylogger - INFO - 进入排位赛
2018-09-24 20:13:31,498 - mylogger - INFO - 正在匹配中......
2018-09-24 20:13:38,081 - mylogger - INFO - 匹配成功
2018-09-24 20:13:38,082 - mylogger - DEBUG - 获取题目
2018-09-24 20:13:39,541 - mylogger - INFO - 第 1 题
2018-09-24 20:13:39,869 - mylogger - INFO - “速腾”是什么类型的车？
2018-09-24 20:13:40,805 - mylogger - INFO - ['紧凑型车', '中型SUV', '大型SUV']
2018-09-24 20:13:40,810 - mylogger - DEBUG - 数据库中检索答案
2018-09-24 20:13:40,827 - mylogger - INFO - 我的答案：紧凑型车
2018-09-24 20:13:41,484 - mylogger - DEBUG - 选择选项
2018-09-24 20:13:44,057 - mylogger - INFO - 答案正确
2018-09-24 20:13:48,870 - mylogger - INFO - 本题结束
2018-09-24 20:13:48,872 - mylogger - DEBUG - 获取题目
2018-09-24 20:13:51,049 - mylogger - INFO - 第 2 题
2018-09-24 20:13:51,358 - mylogger - INFO - 群体性内心崩溃问题可能出现在哪家互联网的员工身上？
2018-09-24 20:13:52,353 - mylogger - INFO - ['百度', '网易', '乐视']
2018-09-24 20:13:53,164 - mylogger - DEBUG - 在线检索答案
2018-09-24 20:13:53,165 - mylogger - INFO - 我的答案：百度
2018-09-24 20:13:53,785 - mylogger - DEBUG - 选择选项
2018-09-24 20:13:56,329 - mylogger - INFO - 答案错误
2018-09-24 20:13:56,586 - mylogger - INFO - 正确答案；乐视
2018-09-24 20:13:56,588 - mylogger - DEBUG - 添加此题
2018-09-24 20:13:58,513 - mylogger - INFO - 本题结束
2018-09-24 20:13:58,515 - mylogger - DEBUG - 获取题目
2018-09-24 20:14:00,822 - mylogger - INFO - 第 3 题
2018-09-24 20:14:01,085 - mylogger - INFO - 地球的引力是月球的几倍?
2018-09-24 20:14:01,991 - mylogger - INFO - ['4 倍', '6 倍', '2 倍']
2018-09-24 20:14:02,900 - mylogger - DEBUG - 未检索到答案
2018-09-24 20:14:02,901 - mylogger - INFO - 我的答案：4 倍
2018-09-24 20:14:03,526 - mylogger - DEBUG - 选择选项
2018-09-24 20:14:06,066 - mylogger - INFO - 答案错误
2018-09-24 20:14:06,206 - mylogger - INFO - 正确答案；6 倍
2018-09-24 20:14:06,209 - mylogger - DEBUG - 添加此题
2018-09-24 20:14:10,615 - mylogger - INFO - 本题结束
2018-09-24 20:14:10,617 - mylogger - DEBUG - 获取题目
2018-09-24 20:14:12,654 - mylogger - INFO - 第 4 题
2018-09-24 20:14:12,923 - mylogger - INFO - 心宿二位于
2018-09-24 20:14:13,767 - mylogger - INFO - ['天蝎座', '金牛座', '天鹰座']
2018-09-24 20:14:14,576 - mylogger - DEBUG - 在线检索答案
2018-09-24 20:14:14,577 - mylogger - INFO - 我的答案：天蝎座
2018-09-24 20:14:15,264 - mylogger - DEBUG - 选择选项
2018-09-24 20:14:17,877 - mylogger - INFO - 答案正确
2018-09-24 20:14:17,880 - mylogger - DEBUG - 添加此题
2018-09-24 20:14:18,999 - mylogger - INFO - 本题结束
2018-09-24 20:14:19,000 - mylogger - DEBUG - 获取题目
2018-09-24 20:14:21,330 - mylogger - INFO - 第 5 题
2018-09-24 20:14:21,662 - mylogger - INFO - 形象是指能引起人的思想或感情活动的具体形态或：
2018-09-24 20:14:22,487 - mylogger - INFO - ['姿态', '形态', '动态']
2018-09-24 20:14:23,606 - mylogger - DEBUG - 在线检索答案
2018-09-24 20:14:23,607 - mylogger - INFO - 我的答案：形态
2018-09-24 20:14:24,214 - mylogger - DEBUG - 选择选项
2018-09-24 20:14:26,832 - mylogger - INFO - 答案错误
2018-09-24 20:14:26,967 - mylogger - INFO - 正确答案；姿态
2018-09-24 20:14:26,969 - mylogger - DEBUG - 添加此题
2018-09-24 20:14:29,259 - mylogger - INFO - 本题结束
2018-09-24 20:14:30,455 - mylogger - INFO - 本场比赛结束
2018-09-24 20:14:30,505 - mylogger - INFO - 返回游戏页面
2018-09-24 20:14:32,056 - mylogger - INFO - 进入排位赛
2018-09-24 20:14:32,058 - mylogger - INFO - 正在匹配中......
2018-09-24 20:14:52,314 - mylogger - INFO - 匹配成功
2018-09-24 20:14:52,316 - mylogger - DEBUG - 获取题目
2018-09-24 20:14:53,664 - mylogger - INFO - 第 1 题
2018-09-24 20:14:53,980 - mylogger - INFO - 主持人小S的原名叫什么？
2018-09-24 20:14:54,959 - mylogger - INFO - ['徐贤', '徐浩', '徐熙娣']
2018-09-24 20:14:55,688 - mylogger - DEBUG - 在线检索答案
2018-09-24 20:14:55,689 - mylogger - INFO - 我的答案：徐熙娣
2018-09-24 20:14:56,372 - mylogger - DEBUG - 选择选项
2018-09-24 20:14:58,917 - mylogger - INFO - 答案正确
2018-09-24 20:14:58,919 - mylogger - DEBUG - 添加此题
2018-09-24 20:15:00,076 - mylogger - INFO - 本题结束
2018-09-24 20:15:00,078 - mylogger - DEBUG - 获取题目
2018-09-24 20:15:02,365 - mylogger - INFO - 第 2 题
2018-09-24 20:15:02,675 - mylogger - INFO - 《葫芦娃》中蛇妖的如意簪咒语是什么？
2018-09-24 20:15:03,621 - mylogger - INFO - ['如意如意随我心意', '如意如意听我命令', '如意如意请听我命令']
2018-09-24 20:15:03,627 - mylogger - DEBUG - 数据库中检索答案
2018-09-24 20:15:03,642 - mylogger - INFO - 我的答案：如意如意随我心意
2018-09-24 20:15:04,271 - mylogger - DEBUG - 选择选项
2018-09-24 20:15:06,851 - mylogger - INFO - 答案正确
2018-09-24 20:15:12,446 - mylogger - INFO - 本题结束
2018-09-24 20:15:12,447 - mylogger - DEBUG - 获取题目
2018-09-24 20:15:14,736 - mylogger - INFO - 第 3 题
2018-09-24 20:15:15,038 - mylogger - INFO - 辛弃疾的名句“明月别枝惊鹊”的下一句是？
2018-09-24 20:15:15,947 - mylogger - INFO - ['谁家新燕啄春泥', '清风半夜鸣蝉', '草色遥看近却无']
2018-09-24 20:15:16,784 - mylogger - DEBUG - 在线检索答案
2018-09-24 20:15:16,784 - mylogger - INFO - 我的答案：清风半夜鸣蝉
2018-09-24 20:15:17,425 - mylogger - DEBUG - 选择选项
2018-09-24 20:15:19,961 - mylogger - INFO - 答案正确
2018-09-24 20:15:19,963 - mylogger - DEBUG - 添加此题
2018-09-24 20:15:20,745 - mylogger - INFO - 本题结束
2018-09-24 20:15:20,746 - mylogger - DEBUG - 获取题目
2018-09-24 20:15:23,022 - mylogger - INFO - 第 4 题
2018-09-24 20:15:23,401 - mylogger - INFO - 我国四大名酒中，产地位于陕西省的是哪种酒？
2018-09-24 20:15:24,311 - mylogger - INFO - ['茅台', '汾酒', '西凤酒']
2018-09-24 20:15:24,317 - mylogger - DEBUG - 数据库中检索答案
2018-09-24 20:15:24,333 - mylogger - INFO - 我的答案：西凤酒
2018-09-24 20:15:24,928 - mylogger - DEBUG - 选择选项
2018-09-24 20:15:27,547 - mylogger - INFO - 答案正确
2018-09-24 20:15:31,530 - mylogger - INFO - 本题结束
2018-09-24 20:15:31,532 - mylogger - DEBUG - 获取题目
2018-09-24 20:15:33,813 - mylogger - INFO - 第 5 题
2018-09-24 20:15:34,146 - mylogger - INFO - 长征五号火箭芯一级的燃料是什么？
2018-09-24 20:15:35,078 - mylogger - INFO - ['偏二甲肼+液氧', '煤油+四氧化二氮', '液氧液氢']
2018-09-24 20:15:35,086 - mylogger - DEBUG - 数据库中检索答案
2018-09-24 20:15:35,094 - mylogger - INFO - 我的答案：液氧液氢
2018-09-24 20:15:35,693 - mylogger - DEBUG - 选择选项
2018-09-24 20:15:38,426 - mylogger - INFO - 答案正确
2018-09-24 20:15:41,301 - mylogger - INFO - 本题结束
2018-09-24 20:15:42,484 - mylogger - INFO - 本场比赛结束
2018-09-24 20:15:42,605 - mylogger - INFO - 返回游戏页面
2018-09-24 20:15:44,174 - mylogger - INFO - 进入排位赛
2018-09-24 20:15:44,175 - mylogger - INFO - 正在匹配中......
2018-09-24 20:16:02,739 - mylogger - INFO - 匹配成功
2018-09-24 20:16:02,740 - mylogger - DEBUG - 获取题目
2018-09-24 20:16:04,436 - mylogger - INFO - 第 1 题
2018-09-24 20:16:04,787 - mylogger - INFO - “图腾万古辉华夏，四海传人共仰君。”打一生肖？
2018-09-24 20:16:05,678 - mylogger - INFO - ['牛', '虎', '龙']
2018-09-24 20:16:06,496 - mylogger - DEBUG - 在线检索答案
2018-09-24 20:16:06,497 - mylogger - INFO - 我的答案：龙
2018-09-24 20:16:07,110 - mylogger - DEBUG - 选择选项
2018-09-24 20:16:09,719 - mylogger - INFO - 答案正确
2018-09-24 20:16:09,721 - mylogger - DEBUG - 添加此题
2018-09-24 20:16:12,183 - mylogger - INFO - 本题结束
2018-09-24 20:16:12,184 - mylogger - DEBUG - 获取题目
2018-09-24 20:16:14,271 - mylogger - INFO - 第 2 题
2018-09-24 20:16:14,572 - mylogger - INFO - 工业设计师雷蒙德·罗维的代表作品是什么？
2018-09-24 20:16:15,451 - mylogger - INFO - ['可口可乐瓶', '计算器', '鸭舌帽']
2018-09-24 20:16:16,110 - mylogger - DEBUG - 在线检索答案
2018-09-24 20:16:16,110 - mylogger - INFO - 我的答案：可口可乐瓶
2018-09-24 20:16:16,759 - mylogger - DEBUG - 选择选项
2018-09-24 20:16:19,359 - mylogger - INFO - 答案正确
2018-09-24 20:16:19,372 - mylogger - DEBUG - 添加此题
2018-09-24 20:16:25,252 - mylogger - INFO - 本题结束
2018-09-24 20:16:25,253 - mylogger - DEBUG - 获取题目
2018-09-24 20:16:27,707 - mylogger - INFO - 第 3 题
2018-09-24 20:16:28,060 - mylogger - INFO - 奥运会闭幕式会进行以下哪一种交接仪式？
2018-09-24 20:16:29,026 - mylogger - INFO - ['和平鸽', '橄榄枝', '奥运会旗']
2018-09-24 20:16:29,916 - mylogger - DEBUG - 未检索到答案
2018-09-24 20:16:29,917 - mylogger - INFO - 我的答案：和平鸽
2018-09-24 20:16:30,564 - mylogger - DEBUG - 选择选项
2018-09-24 20:16:33,077 - mylogger - INFO - 答案错误
2018-09-24 20:16:33,328 - mylogger - INFO - 正确答案；奥运会旗
2018-09-24 20:16:33,330 - mylogger - DEBUG - 添加此题
2018-09-24 20:16:34,456 - mylogger - INFO - 本题结束
2018-09-24 20:16:34,458 - mylogger - DEBUG - 获取题目
2018-09-24 20:16:36,752 - mylogger - INFO - 第 4 题
2018-09-24 20:16:37,088 - mylogger - INFO - 译文为“上帝与我们同在”的字样出现在哪种货币上
2018-09-24 20:16:37,976 - mylogger - INFO - ['英镑', '法郎', '美元']
2018-09-24 20:16:39,981 - mylogger - DEBUG - 在线检索答案
2018-09-24 20:16:39,982 - mylogger - INFO - 我的答案：美元
2018-09-24 20:16:40,705 - mylogger - DEBUG - 选择选项
2018-09-24 20:16:43,232 - mylogger - INFO - 答案正确
2018-09-24 20:16:43,234 - mylogger - DEBUG - 添加此题
2018-09-24 20:16:45,089 - mylogger - INFO - 本题结束
2018-09-24 20:16:45,090 - mylogger - DEBUG - 获取题目
2018-09-24 20:16:47,401 - mylogger - INFO - 第 5 题
2018-09-24 20:16:47,705 - mylogger - INFO - “百狮会”是我国哪个少数民族的年俗活动？
2018-09-24 20:16:48,685 - mylogger - INFO - ['布朗族', '苗族', '高山族']
2018-09-24 20:16:49,329 - mylogger - DEBUG - 在线检索答案
2018-09-24 20:16:49,330 - mylogger - INFO - 我的答案：苗族
2018-09-24 20:16:49,950 - mylogger - DEBUG - 选择选项
2018-09-24 20:16:52,545 - mylogger - INFO - 答案正确
2018-09-24 20:16:52,547 - mylogger - DEBUG - 添加此题
2018-09-24 20:16:56,777 - mylogger - INFO - 本题结束
2018-09-24 20:16:57,982 - mylogger - INFO - 本场比赛结束
2018-09-24 20:16:58,022 - mylogger - INFO - 返回游戏页面
2018-09-24 20:16:59,570 - mylogger - INFO - 进入排位赛
2018-09-24 20:16:59,571 - mylogger - INFO - 正在匹配中......
2018-09-24 20:17:15,838 - mylogger - INFO - 匹配成功
2018-09-24 20:17:15,839 - mylogger - DEBUG - 获取题目
2018-09-24 20:17:17,259 - mylogger - INFO - 第 1 题
2018-09-24 20:17:17,554 - mylogger - INFO - 阿拉伯人身着长袍，头戴头巾打扮，其居住地区的地理环境特点是?
2018-09-24 20:17:18,473 - mylogger - INFO - ['气候寒冷，多大雪', '气候炎热，多风沙', '四季变化分明']
2018-09-24 20:17:19,374 - mylogger - DEBUG - 在线检索答案
2018-09-24 20:17:19,374 - mylogger - INFO - 我的答案：四季变化分明
2018-09-24 20:17:20,054 - mylogger - DEBUG - 选择选项
2018-09-24 20:17:22,634 - mylogger - INFO - 答案错误
2018-09-24 20:17:22,887 - mylogger - DEBUG - 添加此题
2018-09-24 20:17:23,377 - mylogger - INFO - 本题结束
2018-09-24 20:17:23,379 - mylogger - DEBUG - 获取题目
2018-09-24 20:17:25,200 - mylogger - INFO - 第 2 题
2018-09-24 20:17:25,525 - mylogger - INFO - 漫画《航海王》中路飞四个伙伴里鼻子最长的是谁？
2018-09-24 20:17:26,414 - mylogger - INFO - ['乌索普', '乔巴', '索隆']
2018-09-24 20:17:27,447 - mylogger - DEBUG - 在线检索答案
2018-09-24 20:17:27,447 - mylogger - INFO - 我的答案：乌索普
2018-09-24 20:17:28,047 - mylogger - DEBUG - 选择选项
2018-09-24 20:17:30,583 - mylogger - INFO - 答案正确
2018-09-24 20:17:30,586 - mylogger - DEBUG - 添加此题
2018-09-24 20:17:34,443 - mylogger - INFO - 本题结束
2018-09-24 20:17:34,444 - mylogger - DEBUG - 获取题目
2018-09-24 20:17:36,677 - mylogger - INFO - 第 3 题
2018-09-24 20:17:36,975 - mylogger - INFO - 发热的界定，体温高于多少度即为发热
2018-09-24 20:17:37,859 - mylogger - INFO - ['>37℃', '>37.3℃', '>37.5℃']
2018-09-24 20:17:39,059 - mylogger - DEBUG - 未检索到答案
2018-09-24 20:17:39,060 - mylogger - INFO - 我的答案：>37℃
2018-09-24 20:17:39,722 - mylogger - DEBUG - 选择选项
2018-09-24 20:17:42,300 - mylogger - INFO - 答案错误
2018-09-24 20:17:42,595 - mylogger - INFO - 正确答案；>37.5℃
2018-09-24 20:17:42,598 - mylogger - DEBUG - 添加此题
2018-09-24 20:17:43,081 - mylogger - INFO - 本题结束
2018-09-24 20:17:43,083 - mylogger - DEBUG - 获取题目
2018-09-24 20:17:45,200 - mylogger - INFO - 第 4 题
2018-09-24 20:17:45,531 - mylogger - INFO - 4-6个月宝宝两次喂奶之间的喂水量是？
2018-09-24 20:17:46,472 - mylogger - INFO - ['30－45ml', '90－100ml', '90－120ml']
2018-09-24 20:17:46,477 - mylogger - DEBUG - 数据库中检索答案
2018-09-24 20:17:46,493 - mylogger - INFO - 我的答案：90－100ml
2018-09-24 20:17:47,082 - mylogger - DEBUG - 选择选项
2018-09-24 20:17:49,647 - mylogger - INFO - 答案正确
2018-09-24 20:17:50,711 - mylogger - INFO - 本题结束
2018-09-24 20:17:50,713 - mylogger - DEBUG - 获取题目
2018-09-24 20:17:52,872 - mylogger - INFO - 第 5 题
2018-09-24 20:17:53,208 - mylogger - INFO - “回头贪兔魄，失意放渔竿”中的“兔魄”指什么？
2018-09-24 20:17:54,164 - mylogger - INFO - ['月亮', '野味', '鱼鲜']
2018-09-24 20:17:54,170 - mylogger - DEBUG - 数据库中检索答案
2018-09-24 20:17:54,186 - mylogger - INFO - 我的答案：月亮
2018-09-24 20:17:54,843 - mylogger - DEBUG - 选择选项
2018-09-24 20:17:57,447 - mylogger - INFO - 答案正确
2018-09-24 20:18:00,940 - mylogger - INFO - 本题结束
2018-09-24 20:18:02,109 - mylogger - INFO - 本场比赛结束
2018-09-24 20:18:02,215 - mylogger - INFO - 返回游戏页面
2018-09-24 20:18:03,777 - mylogger - INFO - 进入排位赛
2018-09-24 20:18:03,779 - mylogger - INFO - 正在匹配中......
2018-09-24 20:18:17,429 - mylogger - INFO - 匹配成功
2018-09-24 20:18:17,431 - mylogger - DEBUG - 获取题目
2018-09-24 20:18:18,813 - mylogger - INFO - 第 1 题
2018-09-24 20:18:19,156 - mylogger - INFO - 下列哪位明星担任过电视节目《中国新歌声 第二季》的嘉宾？
2018-09-24 20:18:20,069 - mylogger - INFO - ['沙溢', '周杰伦', '董成鹏']
2018-09-24 20:18:20,813 - mylogger - DEBUG - 在线检索答案
2018-09-24 20:18:20,814 - mylogger - INFO - 我的答案：周杰伦
2018-09-24 20:18:21,460 - mylogger - DEBUG - 选择选项
2018-09-24 20:18:24,077 - mylogger - INFO - 答案正确
2018-09-24 20:18:24,080 - mylogger - DEBUG - 添加此题
2018-09-24 20:18:27,037 - mylogger - INFO - 本题结束
2018-09-24 20:18:27,038 - mylogger - DEBUG - 获取题目
2018-09-24 20:18:29,208 - mylogger - INFO - 第 2 题
2018-09-24 20:18:29,486 - mylogger - INFO - 2017年，凭借韩国综艺《同床异梦》大红的中韩夫妇是？
2018-09-24 20:18:30,317 - mylogger - INFO - ['李承铉、戚薇', '于晓光、秋瓷炫', '金泰勇、汤唯']
2018-09-24 20:18:30,334 - mylogger - DEBUG - 数据库中检索答案
2018-09-24 20:18:30,335 - mylogger - INFO - 我的答案：于晓光、秋瓷炫
2018-09-24 20:18:30,929 - mylogger - DEBUG - 选择选项
2018-09-24 20:18:33,498 - mylogger - INFO - 答案正确
2018-09-24 20:18:36,826 - mylogger - INFO - 本题结束
2018-09-24 20:18:36,828 - mylogger - DEBUG - 获取题目
2018-09-24 20:18:39,122 - mylogger - INFO - 第 3 题
2018-09-24 20:18:39,389 - mylogger - INFO - 下列哪个共享单车的车身颜色是蓝色的？
2018-09-24 20:18:40,250 - mylogger - INFO - ['永安行', 'Bluegogo', '摩拜']
2018-09-24 20:18:40,958 - mylogger - DEBUG - 在线检索答案
2018-09-24 20:18:40,958 - mylogger - INFO - 我的答案：摩拜
2018-09-24 20:18:41,580 - mylogger - DEBUG - 选择选项
2018-09-24 20:18:44,181 - mylogger - INFO - 答案错误
2018-09-24 20:18:44,446 - mylogger - INFO - 正确答案；Bluegogo
2018-09-24 20:18:44,447 - mylogger - DEBUG - 添加此题
2018-09-24 20:18:46,982 - mylogger - INFO - 本题结束
2018-09-24 20:18:46,984 - mylogger - DEBUG - 获取题目
2018-09-24 20:18:49,190 - mylogger - INFO - 第 4 题
2018-09-24 20:18:49,474 - mylogger - INFO - 动画电影《机器人总动员》中，每天跟着瓦力去工作的小宠物是什么？
2018-09-24 20:18:50,461 - mylogger - INFO - ['蟑螂', '瓢虫', '蜻蜓']
2018-09-24 20:18:51,324 - mylogger - DEBUG - 在线检索答案
2018-09-24 20:18:51,325 - mylogger - INFO - 我的答案：蟑螂
2018-09-24 20:18:51,930 - mylogger - DEBUG - 选择选项
2018-09-24 20:18:54,490 - mylogger - INFO - 答案正确
2018-09-24 20:18:54,493 - mylogger - DEBUG - 添加此题
2018-09-24 20:18:57,434 - mylogger - INFO - 本题结束
2018-09-24 20:18:57,436 - mylogger - DEBUG - 获取题目
2018-09-24 20:18:59,772 - mylogger - INFO - 第 5 题
2018-09-24 20:19:00,127 - mylogger - INFO - 灯笼又称灯彩，是一种古老的中国传统工艺品，它起源于什么时期？
2018-09-24 20:19:01,071 - mylogger - INFO - ['西汉', '三国', '唐朝']
2018-09-24 20:19:01,817 - mylogger - DEBUG - 在线检索答案
2018-09-24 20:19:01,818 - mylogger - INFO - 我的答案：西汉
2018-09-24 20:19:02,422 - mylogger - DEBUG - 选择选项
2018-09-24 20:19:04,987 - mylogger - INFO - 答案正确
2018-09-24 20:19:04,989 - mylogger - DEBUG - 添加此题
2018-09-24 20:19:07,971 - mylogger - INFO - 本题结束
2018-09-24 20:19:09,187 - mylogger - INFO - 本场比赛结束
2018-09-24 20:19:09,291 - mylogger - INFO - 返回游戏页面
2018-09-24 20:19:10,903 - mylogger - INFO - 进入排位赛
2018-09-24 20:19:10,905 - mylogger - INFO - 正在匹配中......
2018-09-24 20:19:26,378 - mylogger - INFO - 匹配成功
2018-09-24 20:19:26,380 - mylogger - DEBUG - 获取题目
2018-09-24 20:19:27,076 - mylogger - INFO - 第 1 题
2018-09-24 20:19:27,408 - mylogger - INFO - 美国主张的国防类型是哪一种？
2018-09-24 20:19:28,242 - mylogger - INFO - ['自卫型', '联盟型', '中立型']
2018-09-24 20:19:28,247 - mylogger - DEBUG - 数据库中检索答案
2018-09-24 20:19:28,264 - mylogger - INFO - 我的答案：联盟型
2018-09-24 20:19:28,859 - mylogger - DEBUG - 选择选项
2018-09-24 20:19:31,387 - mylogger - INFO - 答案正确
2018-09-24 20:19:33,511 - mylogger - INFO - 本题结束
2018-09-24 20:19:33,513 - mylogger - DEBUG - 获取题目
2018-09-24 20:19:35,756 - mylogger - INFO - 第 2 题
2018-09-24 20:19:36,115 - mylogger - INFO - 电影《英雄》是哪位导演的作品？
2018-09-24 20:19:37,068 - mylogger - INFO - ['张艺谋', '冯小刚', '王晶']
2018-09-24 20:19:37,936 - mylogger - DEBUG - 在线检索答案
2018-09-24 20:19:37,937 - mylogger - INFO - 我的答案：张艺谋
2018-09-24 20:19:38,587 - mylogger - DEBUG - 选择选项
2018-09-24 20:19:41,164 - mylogger - INFO - 答案正确
2018-09-24 20:19:41,167 - mylogger - DEBUG - 添加此题
2018-09-24 20:19:41,816 - mylogger - INFO - 本题结束
2018-09-24 20:19:41,819 - mylogger - DEBUG - 获取题目
2018-09-24 20:19:43,918 - mylogger - INFO - 第 3 题
2018-09-24 20:19:44,232 - mylogger - INFO - 爵士乐的发源地是哪个国家？
2018-09-24 20:19:45,268 - mylogger - INFO - ['法国', '德国', '美国']
2018-09-24 20:19:46,798 - mylogger - DEBUG - 在线检索答案
2018-09-24 20:19:46,799 - mylogger - INFO - 我的答案：美国
2018-09-24 20:19:47,435 - mylogger - DEBUG - 选择选项
2018-09-24 20:19:50,009 - mylogger - INFO - 答案正确
2018-09-24 20:19:50,011 - mylogger - DEBUG - 添加此题
2018-09-24 20:19:50,569 - mylogger - INFO - 本题结束
2018-09-24 20:19:50,570 - mylogger - DEBUG - 获取题目
2018-09-24 20:19:52,849 - mylogger - INFO - 第 4 题
2018-09-24 20:19:53,193 - mylogger - INFO - 杨丞琳演唱的歌曲《带我走》是由谁作词作曲的？
2018-09-24 20:19:54,224 - mylogger - INFO - ['李荣浩', '阿信', '吴青峰']
2018-09-24 20:19:55,105 - mylogger - DEBUG - 在线检索答案
2018-09-24 20:19:55,106 - mylogger - INFO - 我的答案：吴青峰
2018-09-24 20:19:55,805 - mylogger - DEBUG - 选择选项
2018-09-24 20:19:58,349 - mylogger - INFO - 答案正确
2018-09-24 20:19:58,351 - mylogger - DEBUG - 添加此题
2018-09-24 20:19:59,952 - mylogger - INFO - 本题结束
2018-09-24 20:19:59,954 - mylogger - DEBUG - 获取题目
2018-09-24 20:20:02,018 - mylogger - INFO - 第 5 题
2018-09-24 20:20:02,380 - mylogger - INFO - 气管向健侧移位见于下列疾病，除了
2018-09-24 20:20:03,309 - mylogger - INFO - ['心包积液', '大量胸腔积液', '气胸']
2018-09-24 20:20:04,539 - mylogger - DEBUG - 在线检索答案
2018-09-24 20:20:04,540 - mylogger - INFO - 我的答案：气胸
2018-09-24 20:20:05,184 - mylogger - DEBUG - 选择选项
2018-09-24 20:20:07,813 - mylogger - INFO - 答案错误
2018-09-24 20:20:07,913 - mylogger - INFO - 正确答案；心包积液
2018-09-24 20:20:07,915 - mylogger - DEBUG - 添加此题
2018-09-24 20:20:14,609 - mylogger - INFO - 本题结束
2018-09-24 20:20:15,793 - mylogger - INFO - 本场比赛结束
2018-09-24 20:20:15,865 - mylogger - INFO - 返回游戏页面
2018-09-24 20:20:17,418 - mylogger - INFO - 进入排位赛
2018-09-24 20:20:17,420 - mylogger - INFO - 正在匹配中......
2018-09-24 20:20:25,250 - mylogger - INFO - 匹配成功
2018-09-24 20:20:25,251 - mylogger - DEBUG - 获取题目
2018-09-24 20:20:26,666 - mylogger - INFO - 第 1 题
2018-09-24 20:20:26,985 - mylogger - INFO - 利物浦的主场是？
2018-09-24 20:20:28,074 - mylogger - INFO - ['安菲尔德', '酋长球场', '斯坦福桥']
2018-09-24 20:20:29,285 - mylogger - DEBUG - 在线检索答案
2018-09-24 20:20:29,286 - mylogger - INFO - 我的答案：安菲尔德
2018-09-24 20:20:29,925 - mylogger - DEBUG - 选择选项
2018-09-24 20:20:32,499 - mylogger - INFO - 答案正确
2018-09-24 20:20:32,501 - mylogger - DEBUG - 添加此题
2018-09-24 20:20:32,935 - mylogger - INFO - 本题结束
2018-09-24 20:20:32,937 - mylogger - DEBUG - 获取题目
2018-09-24 20:20:35,310 - mylogger - INFO - 第 2 题
2018-09-24 20:20:35,594 - mylogger - INFO - 亚洲和非洲以哪条运河为界？
2018-09-24 20:20:36,471 - mylogger - INFO - ['巴拿马运河', '苏伊士运河', '京杭大运河']
2018-09-24 20:20:36,476 - mylogger - DEBUG - 数据库中检索答案
2018-09-24 20:20:36,487 - mylogger - INFO - 我的答案：苏伊士运河
2018-09-24 20:20:37,118 - mylogger - DEBUG - 选择选项
2018-09-24 20:20:39,678 - mylogger - INFO - 答案正确
2018-09-24 20:20:40,551 - mylogger - INFO - 本题结束
2018-09-24 20:20:40,553 - mylogger - DEBUG - 获取题目
2018-09-24 20:20:42,967 - mylogger - INFO - 第 3 题
2018-09-24 20:20:43,271 - mylogger - INFO - 百会穴，别名“三阳五会”，请问这个穴位在哪个位置？
2018-09-24 20:20:44,243 - mylogger - INFO - ['眼角外两侧', '头顶正中', '眉心']
2018-09-24 20:20:44,249 - mylogger - DEBUG - 数据库中检索答案
2018-09-24 20:20:44,265 - mylogger - INFO - 我的答案：头顶正中
2018-09-24 20:20:44,919 - mylogger - DEBUG - 选择选项
2018-09-24 20:20:47,531 - mylogger - INFO - 答案正确
2018-09-24 20:20:50,411 - mylogger - INFO - 本题结束
2018-09-24 20:20:50,413 - mylogger - DEBUG - 获取题目
2018-09-24 20:20:52,734 - mylogger - INFO - 第 4 题
2018-09-24 20:20:53,043 - mylogger - INFO - “全国十佳运动员评选”活动创办于哪一年？
2018-09-24 20:20:54,043 - mylogger - INFO - ['2015年', '2000年', '1979年']
2018-09-24 20:20:54,817 - mylogger - DEBUG - 在线检索答案
2018-09-24 20:20:54,818 - mylogger - INFO - 我的答案：1979年
2018-09-24 20:20:55,482 - mylogger - DEBUG - 选择选项
2018-09-24 20:20:58,011 - mylogger - INFO - 答案正确
2018-09-24 20:20:58,013 - mylogger - DEBUG - 添加此题
2018-09-24 20:20:59,408 - mylogger - INFO - 本题结束
2018-09-24 20:20:59,409 - mylogger - DEBUG - 获取题目
2018-09-24 20:21:01,691 - mylogger - INFO - 第 5 题
2018-09-24 20:21:01,969 - mylogger - INFO - 东汉史学家（）的《弈旨》，是历史上第一篇论述围棋理论的专著
2018-09-24 20:21:02,879 - mylogger - INFO - ['班固', '李尤', '桓谭']
2018-09-24 20:21:04,624 - mylogger - DEBUG - 在线检索答案
2018-09-24 20:21:04,625 - mylogger - INFO - 我的答案：班固
2018-09-24 20:21:05,279 - mylogger - DEBUG - 选择选项
2018-09-24 20:21:07,904 - mylogger - INFO - 答案正确
2018-09-24 20:21:07,906 - mylogger - DEBUG - 添加此题
2018-09-24 20:21:08,547 - mylogger - INFO - 本题结束
2018-09-24 20:21:09,716 - mylogger - INFO - 本场比赛结束
2018-09-24 20:21:09,827 - mylogger - INFO - 返回游戏页面
2018-09-24 20:21:11,381 - mylogger - INFO - 进入排位赛
2018-09-24 20:21:11,383 - mylogger - INFO - 正在匹配中......
2018-09-24 20:21:21,456 - mylogger - INFO - 匹配成功
2018-09-24 20:21:21,458 - mylogger - DEBUG - 获取题目
2018-09-24 20:21:22,133 - mylogger - INFO - 第 1 题
2018-09-24 20:21:22,412 - mylogger - INFO - 寒食节是谁设立的节日?
2018-09-24 20:21:23,285 - mylogger - INFO - ['晋文公', '秦怀公', '楚襄王']
2018-09-24 20:21:23,291 - mylogger - DEBUG - 数据库中检索答案
2018-09-24 20:21:23,307 - mylogger - INFO - 我的答案：晋文公
2018-09-24 20:21:23,891 - mylogger - DEBUG - 选择选项
2018-09-24 20:21:26,492 - mylogger - INFO - 答案正确
2018-09-24 20:21:29,020 - mylogger - INFO - 本题结束
2018-09-24 20:21:29,022 - mylogger - DEBUG - 获取题目
2018-09-24 20:21:31,320 - mylogger - INFO - 第 2 题
2018-09-24 20:21:31,588 - mylogger - INFO - 哪款地图软件的logo是“纸飞机”？
2018-09-24 20:21:32,432 - mylogger - INFO - ['搜狗地图', '高德地图', '百度地图']
2018-09-24 20:21:33,595 - mylogger - DEBUG - 在线检索答案
2018-09-24 20:21:33,596 - mylogger - INFO - 我的答案：高德地图
2018-09-24 20:21:34,268 - mylogger - DEBUG - 选择选项
2018-09-24 20:21:36,849 - mylogger - INFO - 答案正确
2018-09-24 20:21:36,851 - mylogger - DEBUG - 添加此题
2018-09-24 20:21:40,209 - mylogger - INFO - 本题结束
2018-09-24 20:21:40,211 - mylogger - DEBUG - 获取题目
2018-09-24 20:21:42,433 - mylogger - INFO - 第 3 题
2018-09-24 20:21:42,686 - mylogger - INFO - 下列哪部电影是霍思燕参演的作品？
2018-09-24 20:21:43,560 - mylogger - INFO - ['环太平洋2:雷霆再起', '唐人街探案', '二次曝光']
2018-09-24 20:21:43,566 - mylogger - DEBUG - 数据库中检索答案
2018-09-24 20:21:43,583 - mylogger - INFO - 我的答案：二次曝光
2018-09-24 20:21:44,117 - mylogger - DEBUG - 选择选项
2018-09-24 20:21:46,686 - mylogger - INFO - 答案正确
2018-09-24 20:21:49,974 - mylogger - INFO - 本题结束
2018-09-24 20:21:49,976 - mylogger - DEBUG - 获取题目
2018-09-24 20:21:52,126 - mylogger - INFO - 第 4 题
2018-09-24 20:21:52,454 - mylogger - INFO - 二战时期，纳粹德国的“陆地巡洋舰”计划是指要建造什么？
2018-09-24 20:21:53,341 - mylogger - INFO - ['1500吨超重型坦克', '飞艇部队', '闪电战计划']
2018-09-24 20:21:54,071 - mylogger - DEBUG - 未检索到答案
2018-09-24 20:21:54,072 - mylogger - INFO - 我的答案：1500吨超重型坦克
2018-09-24 20:21:54,718 - mylogger - DEBUG - 选择选项
2018-09-24 20:21:57,273 - mylogger - INFO - 答案正确
2018-09-24 20:21:57,276 - mylogger - DEBUG - 添加此题
2018-09-24 20:22:04,506 - mylogger - INFO - 本题结束
2018-09-24 20:22:04,508 - mylogger - DEBUG - 获取题目
2018-09-24 20:22:06,550 - mylogger - INFO - 第 5 题
2018-09-24 20:22:06,809 - mylogger - INFO - 截至2018年，央视春晚已举办了多少届？
2018-09-24 20:22:07,763 - mylogger - INFO - ['33次', '34次', '35次']
2018-09-24 20:22:08,686 - mylogger - DEBUG - 未检索到答案
2018-09-24 20:22:08,686 - mylogger - INFO - 我的答案：33次
2018-09-24 20:22:09,308 - mylogger - DEBUG - 选择选项
2018-09-24 20:22:11,838 - mylogger - INFO - 答案错误
2018-09-24 20:22:11,966 - mylogger - INFO - 正确答案；34次
2018-09-24 20:22:11,969 - mylogger - DEBUG - 添加此题
2018-09-24 20:22:19,086 - mylogger - INFO - 本题结束
2018-09-24 20:22:20,259 - mylogger - INFO - 本场比赛结束
2018-09-24 20:22:20,329 - mylogger - INFO - 返回游戏页面
2018-09-24 20:22:21,892 - mylogger - INFO - 进入排位赛
2018-09-24 20:22:21,900 - mylogger - INFO - 正在匹配中......
2018-09-24 20:22:49,463 - mylogger - INFO - 匹配成功
2018-09-24 20:22:49,465 - mylogger - DEBUG - 获取题目
2018-09-24 20:22:50,977 - mylogger - INFO - 第 1 题
2018-09-24 20:22:51,263 - mylogger - INFO - 2017赛季，杨智效力于以下哪支足球俱乐部？
2018-09-24 20:22:52,152 - mylogger - INFO - ['上海申花', '北京国安', '上海上港']
2018-09-24 20:22:53,030 - mylogger - DEBUG - 在线检索答案
2018-09-24 20:22:53,030 - mylogger - INFO - 我的答案：上海上港
2018-09-24 20:22:53,679 - mylogger - DEBUG - 选择选项
2018-09-24 20:22:56,212 - mylogger - INFO - 答案错误
2018-09-24 20:22:56,472 - mylogger - INFO - 正确答案；北京国安
2018-09-24 20:22:56,474 - mylogger - DEBUG - 添加此题
2018-09-24 20:22:56,927 - mylogger - INFO - 本题结束
2018-09-24 20:22:56,929 - mylogger - DEBUG - 获取题目
2018-09-24 20:22:58,852 - mylogger - INFO - 第 2 题
2018-09-24 20:22:59,124 - mylogger - INFO - 我们通常喝的“拿铁”实际上是咖啡和什么饮料调和而成的？
2018-09-24 20:22:59,949 - mylogger - INFO - ['酸奶', '炼奶', '牛奶']
2018-09-24 20:23:00,854 - mylogger - DEBUG - 在线检索答案
2018-09-24 20:23:00,855 - mylogger - INFO - 我的答案：牛奶
2018-09-24 20:23:01,508 - mylogger - DEBUG - 选择选项
2018-09-24 20:23:04,140 - mylogger - INFO - 答案正确
2018-09-24 20:23:04,143 - mylogger - DEBUG - 添加此题
2018-09-24 20:23:08,381 - mylogger - INFO - 本题结束
2018-09-24 20:23:08,383 - mylogger - DEBUG - 获取题目
2018-09-24 20:23:10,724 - mylogger - INFO - 第 3 题
2018-09-24 20:23:11,009 - mylogger - INFO - 在东京审判被判处绞刑的战犯中，哪一位自杀未遂，最终被送上绞刑架？
2018-09-24 20:23:11,880 - mylogger - INFO - ['东条英机', '木村兵太郎', '土肥原贤二']
2018-09-24 20:23:12,995 - mylogger - DEBUG - 在线检索答案
2018-09-24 20:23:12,996 - mylogger - INFO - 我的答案：东条英机
2018-09-24 20:23:13,680 - mylogger - DEBUG - 选择选项
2018-09-24 20:23:16,185 - mylogger - INFO - 答案正确
2018-09-24 20:23:16,187 - mylogger - DEBUG - 添加此题
2018-09-24 20:23:17,513 - mylogger - INFO - 本题结束
2018-09-24 20:23:17,514 - mylogger - DEBUG - 获取题目
2018-09-24 20:23:19,561 - mylogger - INFO - 第 4 题
2018-09-24 20:23:19,835 - mylogger - INFO - 下列关于中药“三七”的功效作用，描述错误的是：
2018-09-24 20:23:20,717 - mylogger - INFO - ['散瘀止血', '消肿定痛', '清热解毒']
2018-09-24 20:23:20,739 - mylogger - DEBUG - 数据库中检索答案
2018-09-24 20:23:20,747 - mylogger - INFO - 我的答案：清热解毒
2018-09-24 20:23:21,405 - mylogger - DEBUG - 选择选项
2018-09-24 20:23:23,985 - mylogger - INFO - 答案正确
2018-09-24 20:23:27,838 - mylogger - INFO - 本题结束
2018-09-24 20:23:27,840 - mylogger - DEBUG - 获取题目
2018-09-24 20:23:30,038 - mylogger - INFO - 第 5 题
2018-09-24 20:23:30,310 - mylogger - INFO - 1969年到1972年阿波罗登月成功几次？
2018-09-24 20:23:31,214 - mylogger - INFO - ['8次', '7次', '6次']
2018-09-24 20:23:31,219 - mylogger - DEBUG - 数据库中检索答案
2018-09-24 20:23:31,227 - mylogger - INFO - 我的答案：6次
2018-09-24 20:23:31,821 - mylogger - DEBUG - 选择选项
2018-09-24 20:23:34,410 - mylogger - INFO - 答案正确
2018-09-24 20:23:39,263 - mylogger - INFO - 本题结束
2018-09-24 20:23:40,432 - mylogger - INFO - 本场比赛结束
2018-09-24 20:23:40,537 - mylogger - INFO - 返回游戏页面
2018-09-24 20:23:42,129 - mylogger - INFO - 进入排位赛
2018-09-24 20:23:42,131 - mylogger - INFO - 正在匹配中......
2018-09-24 20:25:14,494 - mylogger - INFO - 匹配成功
2018-09-24 20:25:14,496 - mylogger - DEBUG - 获取题目
2018-09-24 20:25:15,169 - mylogger - INFO - 第 1 题
2018-09-24 20:25:15,435 - mylogger - INFO - 《红楼梦》第五回的判词“玉带林中挂，金钗雪里埋”暗指哪两位主人公？
2018-09-24 20:25:16,293 - mylogger - INFO - ['探春、迎春', '宝钗、黛玉', '宝钗、惜春']
2018-09-24 20:25:18,495 - mylogger - DEBUG - 在线检索答案
2018-09-24 20:25:18,496 - mylogger - INFO - 我的答案：探春、迎春
2018-09-24 20:25:19,130 - mylogger - DEBUG - 选择选项
2018-09-24 20:25:21,742 - mylogger - INFO - 答案错误
2018-09-24 20:25:21,870 - mylogger - INFO - 正确答案；宝钗、黛玉
2018-09-24 20:25:21,872 - mylogger - DEBUG - 添加此题
2018-09-24 20:25:23,441 - mylogger - INFO - 本题结束
2018-09-24 20:25:23,443 - mylogger - DEBUG - 获取题目
2018-09-24 20:25:25,610 - mylogger - INFO - 第 2 题
2018-09-24 20:25:25,930 - mylogger - INFO - 云南省最大的淡水湖是哪个湖泊？
2018-09-24 20:25:26,794 - mylogger - INFO - ['太湖', '鄱阳湖', '昆明湖']
2018-09-24 20:25:27,687 - mylogger - DEBUG - 在线检索答案
2018-09-24 20:25:27,687 - mylogger - INFO - 我的答案：昆明湖
2018-09-24 20:25:28,369 - mylogger - DEBUG - 选择选项
2018-09-24 20:25:30,924 - mylogger - INFO - 答案正确
2018-09-24 20:25:30,926 - mylogger - DEBUG - 添加此题
2018-09-24 20:25:31,924 - mylogger - INFO - 本题结束
2018-09-24 20:25:31,926 - mylogger - DEBUG - 获取题目
2018-09-24 20:25:34,067 - mylogger - INFO - 第 3 题
2018-09-24 20:25:34,327 - mylogger - INFO - 以下哪一架是世界上最大的轰炸机？
2018-09-24 20:25:35,239 - mylogger - INFO - ['图-95', '图-160', 'B-52']
2018-09-24 20:25:35,245 - mylogger - DEBUG - 数据库中检索答案
2018-09-24 20:25:35,259 - mylogger - INFO - 我的答案：图-160
2018-09-24 20:25:35,866 - mylogger - DEBUG - 选择选项
2018-09-24 20:25:38,419 - mylogger - INFO - 答案正确
2018-09-24 20:25:40,650 - mylogger - INFO - 本题结束
2018-09-24 20:25:40,652 - mylogger - DEBUG - 获取题目
2018-09-24 20:25:42,803 - mylogger - INFO - 第 4 题
2018-09-24 20:25:43,093 - mylogger - INFO - 下列卫星中，哪一个的自转周期与公转周期相同
2018-09-24 20:25:44,075 - mylogger - INFO - ['月球', '木卫一', '冥卫一']
2018-09-24 20:25:45,373 - mylogger - DEBUG - 在线检索答案
2018-09-24 20:25:45,373 - mylogger - INFO - 我的答案：月球
2018-09-24 20:25:45,989 - mylogger - DEBUG - 选择选项
2018-09-24 20:25:48,627 - mylogger - INFO - 答案正确
2018-09-24 20:25:48,630 - mylogger - DEBUG - 添加此题
2018-09-24 20:25:50,743 - mylogger - INFO - 本题结束
2018-09-24 20:25:50,746 - mylogger - DEBUG - 获取题目
2018-09-24 20:25:52,916 - mylogger - INFO - 第 5 题
2018-09-24 20:25:53,191 - mylogger - INFO - 《英雄联盟》中以下哪个英雄可以隐身
2018-09-24 20:25:54,163 - mylogger - INFO - ['萨科', '莫德凯撒', '蔚']
2018-09-24 20:25:54,942 - mylogger - DEBUG - 未检索到答案
2018-09-24 20:25:54,946 - mylogger - INFO - 我的答案：萨科
2018-09-24 20:25:55,563 - mylogger - DEBUG - 选择选项
2018-09-24 20:25:58,108 - mylogger - INFO - 答案正确
2018-09-24 20:25:58,112 - mylogger - DEBUG - 添加此题
2018-09-24 20:25:59,083 - mylogger - INFO - 本题结束
2018-09-24 20:26:00,280 - mylogger - INFO - 本场比赛结束
2018-09-24 20:26:00,400 - mylogger - INFO - 返回游戏页面
2018-09-24 20:26:02,024 - mylogger - INFO - 进入排位赛
2018-09-24 20:26:02,026 - mylogger - INFO - 正在匹配中......
2018-09-24 20:27:12,020 - mylogger - INFO - 匹配成功
2018-09-24 20:27:12,024 - mylogger - DEBUG - 获取题目
2018-09-24 20:27:12,750 - mylogger - INFO - 第 1 题
2018-09-24 20:27:13,039 - mylogger - INFO - 下列哪一个是建筑师帕孜来提·木特里甫的代表作品？
2018-09-24 20:27:13,919 - mylogger - INFO - ['喀什老城阿霍街坊改造', '中国美术学院雕塑系馆', '议会大厦']
2018-09-24 20:27:14,749 - mylogger - DEBUG - 未检索到答案
2018-09-24 20:27:14,749 - mylogger - INFO - 我的答案：喀什老城阿霍街坊改造
2018-09-24 20:27:15,376 - mylogger - DEBUG - 选择选项
2018-09-24 20:27:17,939 - mylogger - INFO - 答案正确
2018-09-24 20:27:17,941 - mylogger - DEBUG - 添加此题
2018-09-24 20:27:26,947 - mylogger - INFO - 本题结束
2018-09-24 20:27:26,950 - mylogger - DEBUG - 获取题目
2018-09-24 20:27:29,231 - mylogger - INFO - 第 2 题
2018-09-24 20:27:29,527 - mylogger - INFO - 君君今年6岁，妈妈是他年龄的5倍，4年前妈妈比君君大几岁？
2018-09-24 20:27:30,375 - mylogger - INFO - ['28岁', '24岁', '20岁']
2018-09-24 20:27:31,179 - mylogger - DEBUG - 在线检索答案
2018-09-24 20:27:31,180 - mylogger - INFO - 我的答案：24岁
2018-09-24 20:27:31,799 - mylogger - DEBUG - 选择选项
2018-09-24 20:27:34,311 - mylogger - INFO - 答案正确
2018-09-24 20:27:34,314 - mylogger - DEBUG - 添加此题
2018-09-24 20:27:44,237 - mylogger - INFO - 本题结束
2018-09-24 20:27:44,239 - mylogger - DEBUG - 获取题目
2018-09-24 20:27:46,452 - mylogger - INFO - 第 3 题
2018-09-24 20:27:46,720 - mylogger - INFO - 艺人韩庚是哪个少数民族的人？
2018-09-24 20:27:47,621 - mylogger - INFO - ['鄂温克族', '赫哲族', '朝鲜族']
2018-09-24 20:27:47,628 - mylogger - DEBUG - 数据库中检索答案
2018-09-24 20:27:47,645 - mylogger - INFO - 我的答案：赫哲族
2018-09-24 20:27:48,232 - mylogger - DEBUG - 选择选项
2018-09-24 20:27:50,836 - mylogger - INFO - 答案正确
2018-09-24 20:28:01,346 - mylogger - INFO - 本题结束
2018-09-24 20:28:01,348 - mylogger - DEBUG - 获取题目
2018-09-24 20:28:03,528 - mylogger - INFO - 第 4 题
2018-09-24 20:28:03,795 - mylogger - INFO - 国防法属于什么法？
2018-09-24 20:28:04,645 - mylogger - INFO - ['宪法', '特别法', '普通法']
2018-09-24 20:28:05,651 - mylogger - DEBUG - 在线检索答案
2018-09-24 20:28:05,651 - mylogger - INFO - 我的答案：宪法
2018-09-24 20:28:06,281 - mylogger - DEBUG - 选择选项
2018-09-24 20:28:08,808 - mylogger - INFO - 答案正确
2018-09-24 20:28:08,811 - mylogger - DEBUG - 添加此题
2018-09-24 20:28:18,459 - mylogger - INFO - 本题结束
2018-09-24 20:28:18,461 - mylogger - DEBUG - 获取题目
2018-09-24 20:28:20,646 - mylogger - INFO - 第 5 题
2018-09-24 20:28:20,926 - mylogger - INFO - 据唐朝人韩鄂所著《岁华纪丽》的记载，屠苏酒的“屠苏”指什么？
2018-09-24 20:28:21,813 - mylogger - INFO - ['一间茅舍的名称', '一个地方的地名', '屠苏酒的创始人']
2018-09-24 20:28:22,690 - mylogger - DEBUG - 未检索到答案
2018-09-24 20:28:22,691 - mylogger - INFO - 我的答案：一间茅舍的名称
2018-09-24 20:28:23,325 - mylogger - DEBUG - 选择选项
2018-09-24 20:28:25,942 - mylogger - INFO - 答案正确
2018-09-24 20:28:25,945 - mylogger - DEBUG - 添加此题
2018-09-24 20:28:35,530 - mylogger - INFO - 本题结束
2018-09-24 20:28:36,723 - mylogger - INFO - 本场比赛结束
2018-09-24 20:28:36,850 - mylogger - INFO - 返回游戏页面
2018-09-24 20:28:38,438 - mylogger - INFO - 进入排位赛
2018-09-24 20:28:38,440 - mylogger - INFO - 正在匹配中......
2018-09-24 20:30:34,804 - mylogger - INFO - 匹配成功
2018-09-24 20:30:34,805 - mylogger - DEBUG - 获取题目
2018-09-24 20:30:36,167 - mylogger - INFO - 第 1 题
2018-09-24 20:30:36,431 - mylogger - INFO - 以下选项中，谁饰演过《还珠格格》里面的夏紫薇？
2018-09-24 20:30:37,395 - mylogger - INFO - ['赵薇', '海陆', '范冰冰']
2018-09-24 20:30:38,127 - mylogger - DEBUG - 在线检索答案
2018-09-24 20:30:38,128 - mylogger - INFO - 我的答案：海陆
2018-09-24 20:30:38,818 - mylogger - DEBUG - 选择选项
2018-09-24 20:30:41,395 - mylogger - INFO - 答案正确
2018-09-24 20:30:41,399 - mylogger - DEBUG - 添加此题
2018-09-24 20:30:50,656 - mylogger - INFO - 本题结束
2018-09-24 20:30:50,657 - mylogger - DEBUG - 获取题目
2018-09-24 20:30:52,784 - mylogger - INFO - 第 2 题
2018-09-24 20:30:53,069 - mylogger - INFO - “难将心事和人说，说与青天明月知”出自哪位诗人的手笔？
2018-09-24 20:30:53,973 - mylogger - INFO - ['唐寅', '陶渊明', '辛弃疾']
2018-09-24 20:30:54,732 - mylogger - DEBUG - 在线检索答案
2018-09-24 20:30:54,733 - mylogger - INFO - 我的答案：唐寅
2018-09-24 20:30:55,368 - mylogger - DEBUG - 选择选项
2018-09-24 20:30:57,968 - mylogger - INFO - 答案正确
2018-09-24 20:30:57,970 - mylogger - DEBUG - 添加此题
2018-09-24 20:31:07,979 - mylogger - INFO - 本题结束
2018-09-24 20:31:07,982 - mylogger - DEBUG - 获取题目
2018-09-24 20:31:10,048 - mylogger - INFO - 第 3 题
2018-09-24 20:31:10,413 - mylogger - INFO - 黄包袱，包黑豆，尝一口，甜水流。(打一植物)
2018-09-24 20:31:11,480 - mylogger - INFO - ['梨', '菠菜', '佛手']
2018-09-24 20:31:11,487 - mylogger - DEBUG - 数据库中检索答案
2018-09-24 20:31:11,496 - mylogger - INFO - 我的答案：梨
2018-09-24 20:31:12,155 - mylogger - DEBUG - 选择选项
2018-09-24 20:31:14,737 - mylogger - INFO - 答案正确
2018-09-24 20:31:18,005 - mylogger - INFO - 本题结束
2018-09-24 20:31:18,007 - mylogger - DEBUG - 获取题目
2018-09-24 20:31:20,185 - mylogger - INFO - 第 4 题
2018-09-24 20:31:20,505 - mylogger - INFO - 三月街又称“祭观音街”，是我国哪个民族一年中最盛大的节日？
2018-09-24 20:31:21,530 - mylogger - INFO - ['藏族', '白族', '土家族']
2018-09-24 20:31:23,618 - mylogger - DEBUG - 在线检索答案
2018-09-24 20:31:23,619 - mylogger - INFO - 我的答案：白族
2018-09-24 20:31:24,252 - mylogger - DEBUG - 选择选项
2018-09-24 20:31:26,837 - mylogger - INFO - 答案正确
2018-09-24 20:31:26,839 - mylogger - DEBUG - 添加此题
2018-09-24 20:31:29,715 - mylogger - INFO - 本题结束
2018-09-24 20:31:29,717 - mylogger - DEBUG - 获取题目
2018-09-24 20:31:31,998 - mylogger - INFO - 第 5 题
2018-09-24 20:31:32,283 - mylogger - INFO - 韩国男子组合东方神起现以几人形式活动？
2018-09-24 20:31:33,197 - mylogger - INFO - ['2人', '4人', '5人']
2018-09-24 20:31:34,770 - mylogger - DEBUG - 在线检索答案
2018-09-24 20:31:34,771 - mylogger - INFO - 我的答案：2人
2018-09-24 20:31:35,381 - mylogger - DEBUG - 选择选项
2018-09-24 20:31:38,133 - mylogger - INFO - 答案正确
2018-09-24 20:31:38,135 - mylogger - DEBUG - 添加此题
2018-09-24 20:31:38,647 - mylogger - INFO - 本题结束
2018-09-24 20:31:39,786 - mylogger - INFO - 本场比赛结束
2018-09-24 20:31:39,855 - mylogger - INFO - 返回游戏页面
2018-09-24 20:31:41,485 - mylogger - INFO - 进入排位赛
2018-09-24 20:31:41,487 - mylogger - INFO - 正在匹配中......
2018-09-24 20:32:15,287 - mylogger - INFO - 匹配成功
2018-09-24 20:32:15,290 - mylogger - DEBUG - 获取题目
2018-09-24 20:32:16,627 - mylogger - INFO - 第 1 题
2018-09-24 20:32:16,966 - mylogger - INFO - 第一次登上月球的航天器是哪个？
2018-09-24 20:32:17,995 - mylogger - INFO - ['阿波罗11号', '月球3号', '土星2号']
2018-09-24 20:32:18,002 - mylogger - DEBUG - 数据库中检索答案
2018-09-24 20:32:18,016 - mylogger - INFO - 我的答案：阿波罗11号
2018-09-24 20:32:18,611 - mylogger - DEBUG - 选择选项
2018-09-24 20:32:21,202 - mylogger - INFO - 答案正确
2018-09-24 20:32:22,388 - mylogger - INFO - 本题结束
2018-09-24 20:32:22,389 - mylogger - DEBUG - 获取题目
2018-09-24 20:32:24,540 - mylogger - INFO - 第 2 题
2018-09-24 20:32:24,836 - mylogger - INFO - 张靓颖演唱的《我用所有报答爱》是哪部国产电影的主题曲？
2018-09-24 20:32:25,679 - mylogger - INFO - ['非诚勿扰', '画皮', '夜宴']
2018-09-24 20:32:26,501 - mylogger - DEBUG - 在线检索答案
2018-09-24 20:32:26,502 - mylogger - INFO - 我的答案：夜宴
2018-09-24 20:32:27,151 - mylogger - DEBUG - 选择选项
2018-09-24 20:32:29,844 - mylogger - INFO - 答案正确
2018-09-24 20:32:29,847 - mylogger - DEBUG - 添加此题
2018-09-24 20:32:34,171 - mylogger - INFO - 本题结束
2018-09-24 20:32:34,173 - mylogger - DEBUG - 获取题目
2018-09-24 20:32:36,269 - mylogger - INFO - 第 3 题
2018-09-24 20:32:36,604 - mylogger - INFO - 碘量法使用什么溶解碘单质
2018-09-24 20:32:37,373 - mylogger - INFO - ['NaCI溶液', 'KI溶液', 'KF溶液']
2018-09-24 20:32:38,202 - mylogger - DEBUG - 在线检索答案
2018-09-24 20:32:38,203 - mylogger - INFO - 我的答案：KI溶液
2018-09-24 20:32:38,848 - mylogger - DEBUG - 选择选项
2018-09-24 20:32:41,440 - mylogger - INFO - 答案正确
2018-09-24 20:32:41,443 - mylogger - DEBUG - 添加此题
2018-09-24 20:32:48,333 - mylogger - INFO - 本题结束
2018-09-24 20:32:48,336 - mylogger - DEBUG - 获取题目
2018-09-24 20:32:50,461 - mylogger - INFO - 第 4 题
2018-09-24 20:32:50,769 - mylogger - INFO - 大多数生活习性在极热、极酸和绝对厌氧环境的菌体是哪一个？
2018-09-24 20:32:51,749 - mylogger - INFO - ['霉菌', '酵母菌', '古菌']
2018-09-24 20:32:53,527 - mylogger - DEBUG - 在线检索答案
2018-09-24 20:32:53,527 - mylogger - INFO - 我的答案：古菌
2018-09-24 20:32:54,141 - mylogger - DEBUG - 选择选项
2018-09-24 20:32:56,774 - mylogger - INFO - 答案正确
2018-09-24 20:32:56,776 - mylogger - DEBUG - 添加此题
2018-09-24 20:33:02,722 - mylogger - INFO - 本题结束
2018-09-24 20:33:02,723 - mylogger - DEBUG - 获取题目
2018-09-24 20:33:04,941 - mylogger - INFO - 第 5 题
2018-09-24 20:33:05,205 - mylogger - INFO - 标准麻将牌局中，某家抓牌墙中最后一张牌自摸和牌，被称为什么？
2018-09-24 20:33:06,114 - mylogger - INFO - ['海底捞月', '妙手回春', '八仙过海']
2018-09-24 20:33:06,132 - mylogger - DEBUG - 数据库中检索答案
2018-09-24 20:33:06,132 - mylogger - INFO - 我的答案：妙手回春
2018-09-24 20:33:06,701 - mylogger - DEBUG - 选择选项
2018-09-24 20:33:09,298 - mylogger - INFO - 答案正确
2018-09-24 20:33:16,934 - mylogger - INFO - 本题结束
2018-09-24 20:33:18,154 - mylogger - INFO - 本场比赛结束
2018-09-24 20:33:18,226 - mylogger - INFO - 返回游戏页面
2018-09-24 20:33:19,793 - mylogger - INFO - 进入排位赛
2018-09-24 20:33:19,795 - mylogger - INFO - 正在匹配中......
2018-09-24 20:33:54,679 - mylogger - INFO - 匹配成功
2018-09-24 20:33:54,683 - mylogger - DEBUG - 获取题目
2018-09-24 20:33:56,087 - mylogger - INFO - 第 1 题
2018-09-24 20:33:56,416 - mylogger - INFO - 医用酒精，一般的浓度是多少的？
2018-09-24 20:33:57,280 - mylogger - INFO - ['50%', '85%', '75%']
2018-09-24 20:33:58,492 - mylogger - DEBUG - 在线检索答案
2018-09-24 20:33:58,494 - mylogger - INFO - 我的答案：75%
2018-09-24 20:33:59,099 - mylogger - DEBUG - 选择选项
2018-09-24 20:34:01,816 - mylogger - INFO - 答案正确
2018-09-24 20:34:01,820 - mylogger - DEBUG - 添加此题
2018-09-24 20:34:10,547 - mylogger - INFO - 本题结束
2018-09-24 20:34:10,549 - mylogger - DEBUG - 获取题目
2018-09-24 20:34:12,738 - mylogger - INFO - 第 2 题
2018-09-24 20:34:13,046 - mylogger - INFO - 以下哪位是电视节目《金曲捞》的嘉宾？
2018-09-24 20:34:13,948 - mylogger - INFO - ['周杰伦', '林心如', '薛之谦']
2018-09-24 20:34:14,694 - mylogger - DEBUG - 在线检索答案
2018-09-24 20:34:14,694 - mylogger - INFO - 我的答案：薛之谦
2018-09-24 20:34:15,336 - mylogger - DEBUG - 选择选项
2018-09-24 20:34:17,892 - mylogger - INFO - 答案正确
2018-09-24 20:34:17,895 - mylogger - DEBUG - 添加此题
2018-09-24 20:34:18,688 - mylogger - INFO - 本题结束
2018-09-24 20:34:18,690 - mylogger - DEBUG - 获取题目
2018-09-24 20:34:20,888 - mylogger - INFO - 第 3 题
2018-09-24 20:34:21,177 - mylogger - INFO - 以下哪一著作不是用来解释《春秋》的？
2018-09-24 20:34:22,048 - mylogger - INFO - ['左传', '国语', '公羊传']
2018-09-24 20:34:23,236 - mylogger - DEBUG - 在线检索答案
2018-09-24 20:34:23,237 - mylogger - INFO - 我的答案：左传
2018-09-24 20:34:23,848 - mylogger - DEBUG - 选择选项
2018-09-24 20:34:26,477 - mylogger - INFO - 答案错误
2018-09-24 20:34:26,605 - mylogger - INFO - 正确答案；国语
2018-09-24 20:34:26,608 - mylogger - DEBUG - 添加此题
2018-09-24 20:34:30,929 - mylogger - INFO - 本题结束
2018-09-24 20:34:30,930 - mylogger - DEBUG - 获取题目
2018-09-24 20:34:33,049 - mylogger - INFO - 第 4 题
2018-09-24 20:34:33,333 - mylogger - INFO - 下列哪个手机不属于全面屏系列手机？
2018-09-24 20:34:34,289 - mylogger - INFO - ['三星 GALAXY S8', '魅族PRO7', '小米MIX2']
2018-09-24 20:34:34,299 - mylogger - DEBUG - 数据库中检索答案
2018-09-24 20:34:34,307 - mylogger - INFO - 我的答案：魅族PRO7
2018-09-24 20:34:34,872 - mylogger - DEBUG - 选择选项
2018-09-24 20:34:37,509 - mylogger - INFO - 答案正确
2018-09-24 20:34:40,823 - mylogger - INFO - 本题结束
2018-09-24 20:34:40,827 - mylogger - DEBUG - 获取题目
2018-09-24 20:34:43,117 - mylogger - INFO - 第 5 题
2018-09-24 20:34:43,398 - mylogger - INFO - 在《围棋少年》中，以下哪个人物在年轻时就是围棋界的“棋圣”？
2018-09-24 20:34:44,368 - mylogger - INFO - ['林心诚', '聂卫平', '江流儿']
2018-09-24 20:34:44,375 - mylogger - DEBUG - 数据库中检索答案
2018-09-24 20:34:44,391 - mylogger - INFO - 我的答案：林心诚
2018-09-24 20:34:44,988 - mylogger - DEBUG - 选择选项
2018-09-24 20:34:47,541 - mylogger - INFO - 答案正确
2018-09-24 20:34:51,685 - mylogger - INFO - 本题结束
2018-09-24 20:34:52,883 - mylogger - INFO - 本场比赛结束
2018-09-24 20:34:52,951 - mylogger - INFO - 返回游戏页面
2018-09-24 20:34:54,502 - mylogger - INFO - 进入排位赛
2018-09-24 20:34:54,504 - mylogger - INFO - 正在匹配中......
2018-09-24 20:35:05,702 - mylogger - INFO - 匹配成功
2018-09-24 20:35:05,704 - mylogger - DEBUG - 获取题目
2018-09-24 20:35:07,214 - mylogger - INFO - 第 1 题
2018-09-24 20:35:07,464 - mylogger - INFO - 汽车后面的方向灯闪烁时，表示要。
2018-09-24 20:35:08,362 - mylogger - INFO - ['转弯', '煞车', '请后面的车辆先行']
2018-09-24 20:35:08,692 - mylogger - DEBUG - 在线检索答案
2018-09-24 20:35:08,693 - mylogger - INFO - 我的答案：转弯
2018-09-24 20:35:09,369 - mylogger - DEBUG - 选择选项
2018-09-24 20:35:11,935 - mylogger - INFO - 答案正确
2018-09-24 20:35:11,937 - mylogger - DEBUG - 添加此题
2018-09-24 20:35:15,442 - mylogger - INFO - 本题结束
2018-09-24 20:35:15,444 - mylogger - DEBUG - 获取题目
2018-09-24 20:35:17,779 - mylogger - INFO - 第 2 题
2018-09-24 20:35:18,107 - mylogger - INFO - 一个三角形的面积是100平方厘米，底是25厘米，则高是多少？
2018-09-24 20:35:18,928 - mylogger - INFO - ['4厘米', '10厘米', '8厘米']
2018-09-24 20:35:18,933 - mylogger - DEBUG - 数据库中检索答案
2018-09-24 20:35:18,945 - mylogger - INFO - 我的答案：8厘米
2018-09-24 20:35:19,526 - mylogger - DEBUG - 选择选项
2018-09-24 20:35:22,160 - mylogger - INFO - 答案正确
2018-09-24 20:35:28,952 - mylogger - INFO - 本题结束
2018-09-24 20:35:28,954 - mylogger - DEBUG - 获取题目
2018-09-24 20:35:31,175 - mylogger - INFO - 第 3 题
2018-09-24 20:35:31,500 - mylogger - INFO - 以下哪项不是寒食节的习俗？
2018-09-24 20:35:32,431 - mylogger - INFO - ['祭祖', '踏青', '登高']
2018-09-24 20:35:33,213 - mylogger - DEBUG - 在线检索答案
2018-09-24 20:35:33,214 - mylogger - INFO - 我的答案：登高
2018-09-24 20:35:33,939 - mylogger - DEBUG - 选择选项
2018-09-24 20:35:36,465 - mylogger - INFO - 答案正确
2018-09-24 20:35:36,467 - mylogger - DEBUG - 添加此题
2018-09-24 20:35:37,228 - mylogger - INFO - 本题结束
2018-09-24 20:35:37,230 - mylogger - DEBUG - 获取题目
2018-09-24 20:35:39,531 - mylogger - INFO - 第 4 题
2018-09-24 20:35:39,817 - mylogger - INFO - 哈勃望远镜是以下什么望远镜？
2018-09-24 20:35:40,739 - mylogger - INFO - ['光学望远镜', '空间望远镜', '射电望远镜']
2018-09-24 20:35:40,746 - mylogger - DEBUG - 数据库中检索答案
2018-09-24 20:35:40,756 - mylogger - INFO - 我的答案：空间望远镜
2018-09-24 20:35:41,384 - mylogger - DEBUG - 选择选项
2018-09-24 20:35:44,017 - mylogger - INFO - 答案正确
2018-09-24 20:35:46,189 - mylogger - INFO - 本题结束
2018-09-24 20:35:46,191 - mylogger - DEBUG - 获取题目
2018-09-24 20:35:48,373 - mylogger - INFO - 第 5 题
2018-09-24 20:35:48,660 - mylogger - INFO - 《奔跑》这首歌开篇唱到，以多少迈的速度奔跑，心情是自由自在？
2018-09-24 20:35:49,620 - mylogger - INFO - ['80迈', '90迈', '70迈']
2018-09-24 20:35:51,637 - mylogger - DEBUG - 在线检索答案
2018-09-24 20:35:51,638 - mylogger - INFO - 我的答案：70迈
2018-09-24 20:35:52,266 - mylogger - DEBUG - 选择选项
2018-09-24 20:35:56,596 - mylogger - ERROR - -32001 Jsonrpc error: <android.support.test.uiautomator.UiObjectNotFoundException> data: UiSelector[DESCRIPTION=C.  70迈, PARENT=UiSelector[INSTANCE=1]], method: objInfo
2018-09-24 20:35:57,721 - mylogger - INFO - 本场比赛结束
2018-09-24 20:35:57,768 - mylogger - INFO - 返回游戏页面
2018-09-24 20:35:59,304 - mylogger - INFO - 进入排位赛
2018-09-24 20:35:59,306 - mylogger - INFO - 正在匹配中......
2018-09-24 20:36:23,915 - mylogger - INFO - 匹配成功
2018-09-24 20:36:23,916 - mylogger - DEBUG - 获取题目
2018-09-24 20:36:25,370 - mylogger - INFO - 第 1 题
2018-09-24 20:36:25,714 - mylogger - INFO - 由于行为人的过失引起火灾，造成严重后果的行为，构成
2018-09-24 20:36:26,585 - mylogger - INFO - ['玩忽职守罪', '失火罪', '重大责任事故']
2018-09-24 20:36:26,603 - mylogger - DEBUG - 数据库中检索答案
2018-09-24 20:36:26,604 - mylogger - INFO - 我的答案：失火罪
2018-09-24 20:36:27,174 - mylogger - DEBUG - 选择选项
2018-09-24 20:36:29,787 - mylogger - INFO - 答案正确
2018-09-24 20:36:36,491 - mylogger - INFO - 本题结束
2018-09-24 20:36:36,492 - mylogger - DEBUG - 获取题目
2018-09-24 20:36:38,494 - mylogger - INFO - 第 2 题
2018-09-24 20:36:38,766 - mylogger - INFO - 演员罗晋在《美人心计》中，饰演哪个角色？
2018-09-24 20:36:39,603 - mylogger - INFO - ['刘启', '刘恒', '刘盈']
2018-09-24 20:36:40,400 - mylogger - DEBUG - 在线检索答案
2018-09-24 20:36:40,401 - mylogger - INFO - 我的答案：刘盈
2018-09-24 20:36:41,054 - mylogger - DEBUG - 选择选项
2018-09-24 20:36:43,632 - mylogger - INFO - 答案正确
2018-09-24 20:36:43,634 - mylogger - DEBUG - 添加此题
2018-09-24 20:36:48,790 - mylogger - INFO - 本题结束
2018-09-24 20:36:48,791 - mylogger - DEBUG - 获取题目
2018-09-24 20:36:50,907 - mylogger - INFO - 第 3 题
2018-09-24 20:36:51,248 - mylogger - INFO - 按生产进程分，建筑业应属于哪一产业？
2018-09-24 20:36:52,175 - mylogger - INFO - ['第二产业', '第一产业', '皆不是']
2018-09-24 20:36:52,183 - mylogger - DEBUG - 数据库中检索答案
2018-09-24 20:36:52,193 - mylogger - INFO - 我的答案：第二产业
2018-09-24 20:36:52,809 - mylogger - DEBUG - 选择选项
2018-09-24 20:36:55,319 - mylogger - INFO - 答案正确
2018-09-24 20:37:00,123 - mylogger - INFO - 本题结束
2018-09-24 20:37:00,126 - mylogger - DEBUG - 获取题目
2018-09-24 20:37:02,435 - mylogger - INFO - 第 4 题
2018-09-24 20:37:02,727 - mylogger - INFO - 考古发现真正的特洛伊遗址在今天的哪个国家？
2018-09-24 20:37:03,600 - mylogger - INFO - ['希腊', '土耳其', '马其顿']
2018-09-24 20:37:04,459 - mylogger - DEBUG - 在线检索答案
2018-09-24 20:37:04,460 - mylogger - INFO - 我的答案：土耳其
2018-09-24 20:37:05,079 - mylogger - DEBUG - 选择选项
2018-09-24 20:37:07,595 - mylogger - INFO - 答案正确
2018-09-24 20:37:07,598 - mylogger - DEBUG - 添加此题
2018-09-24 20:37:08,800 - mylogger - INFO - 本题结束
2018-09-24 20:37:08,802 - mylogger - DEBUG - 获取题目
2018-09-24 20:37:10,948 - mylogger - INFO - 第 5 题
2018-09-24 20:37:11,251 - mylogger - INFO - 大陆漂移假说的提出的时间？
2018-09-24 20:37:12,152 - mylogger - INFO - ['1910年', '1911年', '1912年']
2018-09-24 20:37:12,973 - mylogger - DEBUG - 在线检索答案
2018-09-24 20:37:12,974 - mylogger - INFO - 我的答案：1912年
2018-09-24 20:37:13,592 - mylogger - DEBUG - 选择选项
2018-09-24 20:37:16,187 - mylogger - INFO - 答案正确
2018-09-24 20:37:16,189 - mylogger - DEBUG - 添加此题
2018-09-24 20:37:16,759 - mylogger - INFO - 本题结束
2018-09-24 20:37:17,917 - mylogger - INFO - 本场比赛结束
2018-09-24 20:37:18,036 - mylogger - INFO - 返回游戏页面
2018-09-24 20:37:19,577 - mylogger - INFO - 进入排位赛
2018-09-24 20:37:19,579 - mylogger - INFO - 正在匹配中......
2018-09-24 20:37:38,140 - mylogger - INFO - 匹配成功
2018-09-24 20:37:38,142 - mylogger - DEBUG - 获取题目
2018-09-24 20:37:39,533 - mylogger - INFO - 第 1 题
2018-09-24 20:37:39,822 - mylogger - INFO - 在电影《千与千寻》中，全身黑色，头戴一个白色面具的是哪个角色？
2018-09-24 20:37:40,704 - mylogger - INFO - ['锅炉爷爷', '幽灵', '无脸男']
2018-09-24 20:37:40,712 - mylogger - DEBUG - 数据库中检索答案
2018-09-24 20:37:40,727 - mylogger - INFO - 我的答案：无脸男
2018-09-24 20:37:41,329 - mylogger - DEBUG - 选择选项
2018-09-24 20:37:43,899 - mylogger - INFO - 答案正确
2018-09-24 20:37:50,294 - mylogger - INFO - 本题结束
2018-09-24 20:37:50,295 - mylogger - DEBUG - 获取题目
2018-09-24 20:37:52,566 - mylogger - INFO - 第 2 题
2018-09-24 20:37:52,841 - mylogger - INFO - 硅谷是世界著名高科技产业区，请问硅谷位于美国的哪个城市？
2018-09-24 20:37:53,721 - mylogger - INFO - ['旧金山', '芝加哥', '纽约']
2018-09-24 20:37:54,627 - mylogger - DEBUG - 在线检索答案
2018-09-24 20:37:54,628 - mylogger - INFO - 我的答案：旧金山
2018-09-24 20:37:55,324 - mylogger - DEBUG - 选择选项
2018-09-24 20:37:57,873 - mylogger - INFO - 答案正确
2018-09-24 20:37:57,875 - mylogger - DEBUG - 添加此题
2018-09-24 20:37:58,368 - mylogger - INFO - 本题结束
2018-09-24 20:37:58,370 - mylogger - DEBUG - 获取题目
2018-09-24 20:38:00,614 - mylogger - INFO - 第 3 题
2018-09-24 20:38:00,909 - mylogger - INFO - 历史上获得第一个体操项目十分的是哪国人？
2018-09-24 20:38:01,757 - mylogger - INFO - ['罗马尼亚', '尼日利亚', '雅典']
2018-09-24 20:38:01,765 - mylogger - DEBUG - 数据库中检索答案
2018-09-24 20:38:01,773 - mylogger - INFO - 我的答案：罗马尼亚
2018-09-24 20:38:02,461 - mylogger - DEBUG - 选择选项
2018-09-24 20:38:05,050 - mylogger - INFO - 答案正确
2018-09-24 20:38:05,891 - mylogger - INFO - 本题结束
2018-09-24 20:38:05,892 - mylogger - DEBUG - 获取题目
2018-09-24 20:38:08,223 - mylogger - INFO - 第 4 题
2018-09-24 20:38:08,527 - mylogger - INFO - 下列不属于“唐宋八大家”的一项是
2018-09-24 20:38:09,394 - mylogger - INFO - ['柳宗元', '曾巩', '刘禹锡']
2018-09-24 20:38:09,402 - mylogger - DEBUG - 数据库中检索答案
2018-09-24 20:38:09,412 - mylogger - INFO - 我的答案：刘禹锡
2018-09-24 20:38:10,050 - mylogger - DEBUG - 选择选项
2018-09-24 20:38:12,650 - mylogger - INFO - 答案正确
2018-09-24 20:38:16,228 - mylogger - INFO - 本题结束
2018-09-24 20:38:16,229 - mylogger - DEBUG - 获取题目
2018-09-24 20:38:18,547 - mylogger - INFO - 第 5 题
2018-09-24 20:38:18,814 - mylogger - INFO - 猜灯谜是元宵节的一项重要习俗，猜灯谜源于
2018-09-24 20:38:19,730 - mylogger - INFO - ['周朝', '秦朝', '汉朝']
2018-09-24 20:38:19,737 - mylogger - DEBUG - 数据库中检索答案
2018-09-24 20:38:19,752 - mylogger - INFO - 我的答案：秦朝
2018-09-24 20:38:20,366 - mylogger - DEBUG - 选择选项
2018-09-24 20:38:23,068 - mylogger - INFO - 答案正确
2018-09-24 20:38:25,170 - mylogger - INFO - 本题结束
2018-09-24 20:38:26,396 - mylogger - INFO - 本场比赛结束
2018-09-24 20:38:26,462 - mylogger - INFO - 返回游戏页面
2018-09-24 20:38:28,095 - mylogger - INFO - 进入排位赛
2018-09-24 20:38:28,097 - mylogger - INFO - 正在匹配中......
2018-09-24 20:39:34,574 - mylogger - INFO - 匹配成功
2018-09-24 20:39:34,575 - mylogger - DEBUG - 获取题目
2018-09-24 20:39:35,326 - mylogger - INFO - 第 1 题
2018-09-24 20:39:35,609 - mylogger - INFO - 美国女演员布莱克莱弗利在《绯闻女孩》中扮演的是哪个角色？
2018-09-24 20:39:36,438 - mylogger - INFO - ['Serena', 'Chuck', 'Jenny']
2018-09-24 20:39:37,599 - mylogger - DEBUG - 在线检索答案
2018-09-24 20:39:37,599 - mylogger - INFO - 我的答案：Serena
2018-09-24 20:39:38,314 - mylogger - DEBUG - 选择选项
2018-09-24 20:39:40,898 - mylogger - INFO - 答案正确
2018-09-24 20:39:40,901 - mylogger - DEBUG - 添加此题
2018-09-24 20:39:41,818 - mylogger - INFO - 本题结束
2018-09-24 20:39:41,820 - mylogger - DEBUG - 获取题目
2018-09-24 20:39:44,078 - mylogger - INFO - 第 2 题
2018-09-24 20:39:44,490 - mylogger - INFO - 美国人麦克.雷蒙在日本已升至围棋（）段
2018-09-24 20:39:45,424 - mylogger - INFO - ['八', '六', '九']
2018-09-24 20:39:45,430 - mylogger - DEBUG - 数据库中检索答案
2018-09-24 20:39:45,445 - mylogger - INFO - 我的答案：九
2018-09-24 20:39:46,043 - mylogger - DEBUG - 选择选项
2018-09-24 20:39:48,582 - mylogger - INFO - 答案正确
2018-09-24 20:39:50,678 - mylogger - INFO - 本题结束
2018-09-24 20:39:50,681 - mylogger - DEBUG - 获取题目
2018-09-24 20:39:52,858 - mylogger - INFO - 第 3 题
2018-09-24 20:39:53,138 - mylogger - INFO - 苏联研制的AT-3反坦克导弹，其最大射程是多少米？
2018-09-24 20:39:54,010 - mylogger - INFO - ['10km', '5km', '3km']
2018-09-24 20:39:55,549 - mylogger - DEBUG - 在线检索答案
2018-09-24 20:39:55,550 - mylogger - INFO - 我的答案：3km
2018-09-24 20:39:56,234 - mylogger - DEBUG - 选择选项
2018-09-24 20:39:58,787 - mylogger - INFO - 答案正确
2018-09-24 20:39:58,789 - mylogger - DEBUG - 添加此题
2018-09-24 20:40:00,456 - mylogger - INFO - 本题结束
2018-09-24 20:40:00,458 - mylogger - DEBUG - 获取题目
2018-09-24 20:40:02,742 - mylogger - INFO - 第 4 题
2018-09-24 20:40:03,071 - mylogger - INFO - 二战期间，哪一场战役是因为盟军破译了对方密码而战胜对手的？
2018-09-24 20:40:04,067 - mylogger - INFO - ['中途岛战役', '敦刻尔克撤退', '阿拉曼战役']
2018-09-24 20:40:05,234 - mylogger - DEBUG - 未检索到答案
2018-09-24 20:40:05,235 - mylogger - INFO - 我的答案：中途岛战役
2018-09-24 20:40:05,883 - mylogger - DEBUG - 选择选项
2018-09-24 20:40:08,568 - mylogger - INFO - 答案正确
2018-09-24 20:40:08,570 - mylogger - DEBUG - 添加此题
2018-09-24 20:40:11,639 - mylogger - INFO - 本题结束
2018-09-24 20:40:11,641 - mylogger - DEBUG - 获取题目
2018-09-24 20:40:13,832 - mylogger - INFO - 第 5 题
2018-09-24 20:40:14,131 - mylogger - INFO - “唐三彩”主要由哪三种色釉组成？
2018-09-24 20:40:14,991 - mylogger - INFO - ['白、黄、绿', '白、黄、蓝', '白、赫、绿']
2018-09-24 20:40:14,999 - mylogger - DEBUG - 数据库中检索答案
2018-09-24 20:40:15,011 - mylogger - INFO - 我的答案：白、黄、绿
2018-09-24 20:40:15,608 - mylogger - DEBUG - 选择选项
2018-09-24 20:40:18,119 - mylogger - INFO - 答案正确
2018-09-24 20:40:23,396 - mylogger - INFO - 本题结束
2018-09-24 20:40:24,571 - mylogger - INFO - 本场比赛结束
2018-09-24 20:40:24,610 - mylogger - INFO - 返回游戏页面
2018-09-24 20:40:26,168 - mylogger - INFO - 进入排位赛
2018-09-24 20:40:26,170 - mylogger - INFO - 正在匹配中......
2018-09-24 20:42:27,812 - mylogger - WARNING - 匹配失败
2018-09-24 20:42:27,920 - mylogger - INFO - 返回游戏页面
2018-09-24 20:42:29,525 - mylogger - INFO - 进入排位赛
2018-09-24 20:42:29,527 - mylogger - INFO - 正在匹配中......
2018-09-24 20:42:44,882 - mylogger - INFO - 匹配成功
2018-09-24 20:42:44,887 - mylogger - DEBUG - 获取题目
2018-09-24 20:42:46,283 - mylogger - INFO - 第 1 题
2018-09-24 20:42:46,623 - mylogger - INFO - 几维鸟又叫做什么鸟？
2018-09-24 20:42:47,578 - mylogger - INFO - ['幼鸟', '无尾鸟', '无翼鸟']
2018-09-24 20:42:47,587 - mylogger - DEBUG - 数据库中检索答案
2018-09-24 20:42:47,598 - mylogger - INFO - 我的答案：无翼鸟
2018-09-24 20:42:48,238 - mylogger - DEBUG - 选择选项
2018-09-24 20:42:50,947 - mylogger - INFO - 答案正确
2018-09-24 20:42:53,685 - mylogger - INFO - 本题结束
2018-09-24 20:42:53,687 - mylogger - DEBUG - 获取题目
2018-09-24 20:42:55,105 - mylogger - INFO - 第 1 题
2018-09-24 20:42:56,123 - mylogger - INFO - 国际上简称UAV的武器装备是指什么？
2018-09-24 20:42:57,042 - mylogger - INFO - ['无人潜航器', '无人机', '无人战车']
2018-09-24 20:42:58,804 - mylogger - DEBUG - 在线检索答案
2018-09-24 20:42:58,805 - mylogger - INFO - 我的答案：无人机
2018-09-24 20:42:59,438 - mylogger - DEBUG - 选择选项
2018-09-24 20:43:01,971 - mylogger - INFO - 答案正确
2018-09-24 20:43:01,973 - mylogger - DEBUG - 添加此题
2018-09-24 20:43:04,186 - mylogger - INFO - 本题结束
2018-09-24 20:43:04,188 - mylogger - DEBUG - 获取题目
2018-09-24 20:43:06,531 - mylogger - INFO - 第 2 题
2018-09-24 20:43:06,827 - mylogger - INFO - “战国四公子”指的是信陵君、平原君、春申君和齐国的哪位大臣？
2018-09-24 20:43:07,790 - mylogger - INFO - ['孟尝君', '武安君', '昌平君']
2018-09-24 20:43:08,595 - mylogger - DEBUG - 在线检索答案
2018-09-24 20:43:08,596 - mylogger - INFO - 我的答案：孟尝君
2018-09-24 20:43:09,211 - mylogger - DEBUG - 选择选项
2018-09-24 20:45:29,723 - mylogger - INFO - 停止UC浏览器
2018-09-24 20:45:29,808 - mylogger - DEBUG - 返回主页面
2018-09-24 20:45:30,575 - mylogger - DEBUG - 打开UC浏览器
2018-09-24 20:45:33,040 - mylogger - DEBUG - 进入用户页面
2018-09-24 20:45:34,157 - mylogger - DEBUG - 进入游戏页面1
2018-09-24 20:45:36,504 - mylogger - DEBUG - 进入游戏页面2
2018-09-24 20:45:38,916 - mylogger - INFO - 选择游戏
2018-09-24 20:45:40,062 - mylogger - INFO - 进入排位赛
2018-09-24 20:45:40,063 - mylogger - INFO - 正在匹配中......
2018-09-24 20:46:03,462 - mylogger - INFO - 匹配成功
2018-09-24 20:46:03,462 - mylogger - DEBUG - 获取题目
2018-09-24 20:46:04,150 - mylogger - INFO - 第 1 题
2018-09-24 20:46:04,446 - mylogger - INFO - 在雷雨天将风筝放上天，以证明闪电是电的人是谁？
2018-09-24 20:46:05,359 - mylogger - INFO - ['爱迪生', '达尔文', '富兰克林']
2018-09-24 20:46:06,469 - mylogger - DEBUG - 在线检索答案
2018-09-24 20:46:06,469 - mylogger - INFO - 我的答案：富兰克林
2018-09-24 20:46:07,162 - mylogger - DEBUG - 选择选项
2018-09-24 20:46:08,341 - mylogger - INFO - 答案正确
2018-09-24 20:46:08,342 - mylogger - DEBUG - 添加此题
2018-09-24 20:46:11,850 - mylogger - INFO - 本题结束
2018-09-24 20:46:11,850 - mylogger - DEBUG - 获取题目
2018-09-24 20:46:14,190 - mylogger - INFO - 第 2 题
2018-09-24 20:46:14,458 - mylogger - INFO - 《云去云来》是哪位著名女演员在60岁时所写的散文集？
2018-09-24 20:46:15,437 - mylogger - INFO - ['林青霞', '钟楚红', '张曼玉']
2018-09-24 20:46:15,443 - mylogger - DEBUG - 数据库中检索答案
2018-09-24 20:46:15,443 - mylogger - INFO - 我的答案：林青霞
2018-09-24 20:46:16,039 - mylogger - DEBUG - 选择选项
2018-09-24 20:46:17,202 - mylogger - INFO - 答案错误
2018-09-24 20:46:17,398 - mylogger - DEBUG - 更新答案
2018-09-24 20:46:23,994 - mylogger - INFO - 本题结束
2018-09-24 20:46:23,995 - mylogger - DEBUG - 获取题目
2018-09-24 20:46:26,111 - mylogger - INFO - 第 3 题
2018-09-24 20:46:26,357 - mylogger - INFO - 张韶涵在《歌手》中演唱的《阿刁》的原唱是？
2018-09-24 20:46:27,218 - mylogger - INFO - ['许巍', '赵雷', '汪峰']
2018-09-24 20:46:27,855 - mylogger - DEBUG - 在线检索答案
2018-09-24 20:46:27,855 - mylogger - INFO - 我的答案：赵雷
2018-09-24 20:46:28,435 - mylogger - DEBUG - 选择选项
2018-09-24 20:46:29,706 - mylogger - INFO - 答案错误
2018-09-24 20:46:29,892 - mylogger - DEBUG - 添加此题
2018-09-24 20:46:34,299 - mylogger - INFO - 本题结束
2018-09-24 20:46:34,299 - mylogger - DEBUG - 获取题目
2018-09-24 20:46:36,539 - mylogger - INFO - 第 4 题
2018-09-24 20:46:36,843 - mylogger - INFO - 下列不属于《三十六计》的是
2018-09-24 20:46:37,783 - mylogger - INFO - ['浑水摸鱼', '反戈一击', '笑里藏刀']
2018-09-24 20:46:37,788 - mylogger - DEBUG - 数据库中检索答案
2018-09-24 20:46:37,788 - mylogger - INFO - 我的答案：反戈一击
2018-09-24 20:46:38,427 - mylogger - DEBUG - 选择选项
2018-09-24 20:46:39,607 - mylogger - INFO - 答案错误
2018-09-24 20:46:39,859 - mylogger - DEBUG - 更新答案
2018-09-24 20:46:42,189 - mylogger - INFO - 本题结束
2018-09-24 20:46:42,189 - mylogger - DEBUG - 获取题目
2018-09-24 20:46:44,452 - mylogger - INFO - 第 5 题
2018-09-24 20:46:44,715 - mylogger - INFO - “像你恨它一样驾驶它”是哪一个汽车品牌商的广告语？
2018-09-24 20:46:45,699 - mylogger - INFO - ['  路虎 ', '福特 ', '沃尔沃']
2018-09-24 20:46:45,708 - mylogger - DEBUG - 数据库中检索答案
2018-09-24 20:46:45,708 - mylogger - INFO - 我的答案：沃尔沃
2018-09-24 20:46:46,331 - mylogger - DEBUG - 选择选项
2018-09-24 20:46:47,520 - mylogger - INFO - 答案错误
2018-09-24 20:46:47,760 - mylogger - DEBUG - 更新答案
2018-09-24 20:46:52,848 - mylogger - INFO - 本题结束
2018-09-24 20:46:54,053 - mylogger - INFO - 本场比赛结束
2018-09-24 20:46:54,191 - mylogger - INFO - 返回游戏页面
2018-09-24 20:46:55,788 - mylogger - INFO - 进入排位赛
2018-09-24 20:46:55,789 - mylogger - INFO - 正在匹配中......
2018-09-24 20:47:30,633 - mylogger - INFO - 匹配成功
2018-09-24 20:47:30,634 - mylogger - DEBUG - 获取题目
2018-09-24 20:47:32,097 - mylogger - INFO - 第 1 题
2018-09-24 20:47:32,377 - mylogger - INFO - 我国最早的中医书是：
2018-09-24 20:47:33,249 - mylogger - INFO - ['神农本草经', '本草钢目', '黄帝内经']
2018-09-24 20:47:34,145 - mylogger - DEBUG - 在线检索答案
2018-09-24 20:47:34,145 - mylogger - INFO - 我的答案：黄帝内经
2018-09-24 20:47:34,773 - mylogger - DEBUG - 选择选项
2018-09-24 20:47:35,993 - mylogger - INFO - 答案正确
2018-09-24 20:47:35,994 - mylogger - DEBUG - 添加此题
2018-09-24 20:47:37,749 - mylogger - INFO - 本题结束
2018-09-24 20:47:37,750 - mylogger - DEBUG - 获取题目
2018-09-24 20:47:39,913 - mylogger - INFO - 第 2 题
2018-09-24 20:47:40,194 - mylogger - INFO - 哪一部动画电影不是宫崎骏的代表作？
2018-09-24 20:47:41,266 - mylogger - INFO - ['《天空之城》', '《冰雪奇缘》', '《龙猫》']
2018-09-24 20:47:41,269 - mylogger - DEBUG - 数据库中检索答案
2018-09-24 20:47:41,270 - mylogger - INFO - 我的答案：《冰雪奇缘》
2018-09-24 20:47:41,894 - mylogger - DEBUG - 选择选项
2018-09-24 20:47:43,121 - mylogger - INFO - 答案错误
2018-09-24 20:47:43,287 - mylogger - DEBUG - 更新答案
2018-09-24 20:47:46,354 - mylogger - INFO - 本题结束
2018-09-24 20:47:46,356 - mylogger - DEBUG - 获取题目
2018-09-24 20:47:48,499 - mylogger - INFO - 第 3 题
2018-09-24 20:47:48,771 - mylogger - INFO - 爆笑喜剧《咖啡猫》中的咖啡猫，其身上是哪两种颜色的？
2018-09-24 20:47:49,629 - mylogger - INFO - ['红黑', '蓝黑', '橙黑']
2018-09-24 20:47:51,197 - mylogger - DEBUG - 未检索到答案
2018-09-24 20:47:51,197 - mylogger - INFO - 我的答案：红黑
2018-09-24 20:47:51,808 - mylogger - DEBUG - 选择选项
2018-09-24 20:47:52,802 - mylogger - INFO - 答案错误
2018-09-24 20:47:53,085 - mylogger - INFO - 正确答案；橙黑
2018-09-24 20:47:53,087 - mylogger - DEBUG - 添加此题
2018-09-24 20:47:57,324 - mylogger - INFO - 本题结束
2018-09-24 20:47:57,324 - mylogger - DEBUG - 获取题目
2018-09-24 20:47:59,482 - mylogger - INFO - 第 4 题
2018-09-24 20:47:59,763 - mylogger - INFO - 日本电影《千与千寻》的配乐大师是谁？
2018-09-24 20:48:00,679 - mylogger - INFO - ['宗次郎', '坂本龙一', '久石让']
2018-09-24 20:48:01,514 - mylogger - DEBUG - 在线检索答案
2018-09-24 20:48:01,515 - mylogger - INFO - 我的答案：久石让
2018-09-24 20:48:02,194 - mylogger - DEBUG - 选择选项
2018-09-24 20:48:03,311 - mylogger - INFO - 答案正确
2018-09-24 20:48:03,312 - mylogger - DEBUG - 添加此题
2018-09-24 20:48:05,119 - mylogger - INFO - 本题结束
2018-09-24 20:48:05,119 - mylogger - DEBUG - 获取题目
2018-09-24 20:48:07,503 - mylogger - INFO - 第 5 题
2018-09-24 20:48:07,775 - mylogger - INFO - 我国第一张围棋专业报出自
2018-09-24 20:48:08,769 - mylogger - INFO - ['江苏省苏州市', '湖南省长沙市', '湖北省鄂州市']
2018-09-24 20:48:10,443 - mylogger - DEBUG - 在线检索答案
2018-09-24 20:48:10,443 - mylogger - INFO - 我的答案：江苏省苏州市
2018-09-24 20:48:11,095 - mylogger - DEBUG - 选择选项
2018-09-24 20:48:12,015 - mylogger - INFO - 答案错误
2018-09-24 20:48:12,221 - mylogger - DEBUG - 添加此题
2018-09-24 20:48:13,968 - mylogger - INFO - 本题结束
2018-09-24 20:48:15,144 - mylogger - INFO - 本场比赛结束
2018-09-24 20:48:15,193 - mylogger - INFO - 返回游戏页面
2018-09-24 20:48:16,760 - mylogger - INFO - 进入排位赛
2018-09-24 20:48:16,760 - mylogger - INFO - 正在匹配中......
2018-09-24 20:48:28,767 - mylogger - INFO - 停止UC浏览器
2018-09-24 20:48:28,873 - mylogger - DEBUG - 返回主页面
2018-09-24 20:48:29,335 - mylogger - DEBUG - 打开UC浏览器
2018-09-24 20:48:31,900 - mylogger - DEBUG - 进入用户页面
2018-09-24 20:48:33,007 - mylogger - DEBUG - 进入游戏页面1
2018-09-24 20:48:35,199 - mylogger - DEBUG - 进入游戏页面2
2018-09-24 20:48:37,736 - mylogger - INFO - 选择游戏
2018-09-24 20:48:38,952 - mylogger - INFO - 进入排位赛
2018-09-24 20:48:38,952 - mylogger - INFO - 正在匹配中......
2018-09-24 20:49:06,001 - mylogger - INFO - 匹配成功
2018-09-24 20:49:06,002 - mylogger - DEBUG - 获取题目
2018-09-24 20:49:06,666 - mylogger - INFO - 第 1 题
2018-09-24 20:49:06,936 - mylogger - INFO - “瓦伦丁节”时候哪个从西方传来的节日的别称？
2018-09-24 20:49:07,990 - mylogger - INFO - A.情人节 B.教师节 C.圣诞节
2018-09-24 20:49:07,995 - mylogger - DEBUG - 数据库中检索答案
2018-09-24 20:49:07,995 - mylogger - INFO - 我的答案：情人节
2018-09-24 20:49:08,655 - mylogger - DEBUG - 选择选项
2018-09-24 20:49:09,727 - mylogger - INFO - 答案正确
2018-09-24 20:49:12,874 - mylogger - INFO - 本题结束
2018-09-24 20:49:12,875 - mylogger - DEBUG - 获取题目
2018-09-24 20:49:15,050 - mylogger - INFO - 第 2 题
2018-09-24 20:49:15,322 - mylogger - INFO - 每一个少数民族都有自己喜爱的颜色，生长在大草原的蒙古族喜爱：
2018-09-24 20:49:16,146 - mylogger - INFO - A.黄色 B.黑色 C.白色
2018-09-24 20:49:16,417 - mylogger - DEBUG - 在线检索答案
2018-09-24 20:49:16,417 - mylogger - INFO - 我的答案：白色
2018-09-24 20:49:17,045 - mylogger - DEBUG - 选择选项
2018-09-24 20:49:18,274 - mylogger - INFO - 答案错误
2018-09-24 20:49:18,455 - mylogger - DEBUG - 添加此题
2018-09-24 20:49:20,881 - mylogger - INFO - 本题结束
2018-09-24 20:49:20,882 - mylogger - DEBUG - 获取题目
2018-09-24 20:49:23,086 - mylogger - INFO - 第 3 题
2018-09-24 20:49:23,377 - mylogger - INFO - “十年磨一剑，霜刃未曾试”的作者是？
2018-09-24 20:49:24,196 - mylogger - INFO - A.李白 B.白居易 C.贾岛
2018-09-24 20:49:24,976 - mylogger - DEBUG - 在线检索答案
2018-09-24 20:49:24,977 - mylogger - INFO - 我的答案：贾岛
2018-09-24 20:49:25,568 - mylogger - DEBUG - 选择选项
2018-09-24 20:49:26,755 - mylogger - INFO - 答案错误
2018-09-24 20:49:27,003 - mylogger - DEBUG - 添加此题
2018-09-24 20:49:31,175 - mylogger - INFO - 本题结束
2018-09-24 20:49:31,176 - mylogger - DEBUG - 获取题目
2018-09-24 20:49:33,363 - mylogger - INFO - 第 4 题
2018-09-24 20:49:33,691 - mylogger - INFO - 86版电影《英雄本色》的导演是谁？
2018-09-24 20:49:34,630 - mylogger - INFO - A.吴宇森 B.杜琪峰 C.王家卫
2018-09-24 20:49:34,635 - mylogger - DEBUG - 数据库中检索答案
2018-09-24 20:49:34,635 - mylogger - INFO - 我的答案：吴宇森
2018-09-24 20:49:35,240 - mylogger - DEBUG - 选择选项
2018-09-24 20:49:36,563 - mylogger - INFO - 答案错误
2018-09-24 20:49:36,740 - mylogger - DEBUG - 更新答案
2018-09-24 20:49:38,691 - mylogger - INFO - 本题结束
2018-09-24 20:49:38,692 - mylogger - DEBUG - 获取题目
2018-09-24 20:49:41,030 - mylogger - INFO - 第 5 题
2018-09-24 20:49:41,311 - mylogger - INFO - 蚂蚁金服上线的首家无人体验店是？
2018-09-24 20:49:42,146 - mylogger - INFO - A.Biu店 B.WithAnt C.Amazon Go
2018-09-24 20:49:42,154 - mylogger - DEBUG - 数据库中检索答案
2018-09-24 20:49:42,154 - mylogger - INFO - 我的答案：WithAnt
2018-09-24 20:49:42,758 - mylogger - DEBUG - 选择选项
2018-09-24 20:49:43,946 - mylogger - INFO - 答案错误
2018-09-24 20:49:44,125 - mylogger - DEBUG - 更新答案
2018-09-24 20:51:22,249 - mylogger - INFO - 停止UC浏览器
2018-09-24 20:51:22,337 - mylogger - DEBUG - 返回主页面
2018-09-24 20:51:23,601 - mylogger - DEBUG - 打开UC浏览器
2018-09-24 20:51:26,418 - mylogger - DEBUG - 进入用户页面
2018-09-24 20:51:27,355 - mylogger - DEBUG - 进入游戏页面1
2018-09-24 20:51:29,434 - mylogger - DEBUG - 进入游戏页面2
2018-09-24 20:51:31,966 - mylogger - INFO - 选择游戏
2018-09-24 20:51:33,243 - mylogger - INFO - 进入排位赛
2018-09-24 20:51:33,244 - mylogger - INFO - 正在匹配中......
2018-09-24 20:51:49,149 - mylogger - INFO - 匹配成功
2018-09-24 20:51:49,151 - mylogger - DEBUG - 获取题目
2018-09-24 20:51:50,452 - mylogger - INFO - 第 1 题
2018-09-24 20:51:50,715 - mylogger - INFO - VR技术是指什么？
2018-09-24 20:51:51,612 - mylogger - INFO - A.虚拟现实技术 B.人工智能 C.游戏用具
2018-09-24 20:51:52,431 - mylogger - DEBUG - 在线检索答案
2018-09-24 20:51:52,432 - mylogger - INFO - 我的答案：虚拟现实技术
2018-09-24 20:51:53,084 - mylogger - DEBUG - 选择选项
2018-09-24 20:51:54,176 - mylogger - INFO - 答案正确
2018-09-24 20:51:54,177 - mylogger - DEBUG - 添加此题
2018-09-24 20:51:56,022 - mylogger - INFO - 本题结束
2018-09-24 20:51:56,022 - mylogger - DEBUG - 获取题目
2018-09-24 20:51:58,292 - mylogger - INFO - 第 2 题
2018-09-24 20:51:58,540 - mylogger - INFO - 在目前的世界围棋大赛中，中国人出资举办的有应氏杯和（）两项赛事。
2018-09-24 20:51:59,412 - mylogger - INFO - A.LG杯 B.富士通杯 C.春兰杯
2018-09-24 20:51:59,416 - mylogger - DEBUG - 数据库中检索答案
2018-09-24 20:51:59,416 - mylogger - INFO - 我的答案：春兰杯
2018-09-24 20:52:00,007 - mylogger - DEBUG - 选择选项
2018-09-24 20:52:01,184 - mylogger - INFO - 答案错误
2018-09-24 20:52:01,356 - mylogger - DEBUG - 更新答案
2018-09-24 20:52:05,517 - mylogger - INFO - 本题结束
2018-09-24 20:52:05,518 - mylogger - DEBUG - 获取题目
2018-09-24 20:52:07,650 - mylogger - INFO - 第 3 题
2018-09-24 20:52:07,996 - mylogger - INFO - 《四驱兄弟》中主角小烈、小豪兄弟俩的姓是什么？
2018-09-24 20:52:08,857 - mylogger - INFO - A.星际 B.星矢 C.星马
2018-09-24 20:52:08,867 - mylogger - DEBUG - 数据库中检索答案
2018-09-24 20:52:08,867 - mylogger - INFO - 我的答案：星马
2018-09-24 20:52:09,500 - mylogger - DEBUG - 选择选项
2018-09-24 20:52:10,766 - mylogger - INFO - 答案错误
2018-09-24 20:52:10,971 - mylogger - DEBUG - 更新答案
2018-09-24 20:52:15,029 - mylogger - INFO - 本题结束
2018-09-24 20:52:15,030 - mylogger - DEBUG - 获取题目
2018-09-24 20:52:17,142 - mylogger - INFO - 第 4 题
2018-09-24 20:52:17,409 - mylogger - INFO - 在电影《画壁》中，角色牡丹是谁扮演的？
2018-09-24 20:52:18,302 - mylogger - INFO - A.孙俪 B.郑爽 C.周冬雨
2018-09-24 20:52:18,307 - mylogger - DEBUG - 数据库中检索答案
2018-09-24 20:52:18,307 - mylogger - INFO - 我的答案：郑爽
2018-09-24 20:52:18,943 - mylogger - DEBUG - 选择选项
2018-09-24 20:52:20,033 - mylogger - INFO - 答案错误
2018-09-24 20:52:20,246 - mylogger - DEBUG - 更新答案
2018-09-24 20:52:23,426 - mylogger - INFO - 本题结束
2018-09-24 20:52:23,427 - mylogger - DEBUG - 获取题目
2018-09-24 20:52:25,577 - mylogger - INFO - 第 5 题
2018-09-24 20:52:25,825 - mylogger - INFO - 最早期的热气球是用来做什么的？
2018-09-24 20:52:26,596 - mylogger - INFO - A. 空中监视 B.旅行 C.气象探测
2018-09-24 20:52:26,601 - mylogger - DEBUG - 数据库中检索答案
2018-09-24 20:52:26,601 - mylogger - INFO - 我的答案： 空中监视
2018-09-24 20:52:27,238 - mylogger - DEBUG - 选择选项
2018-09-24 20:52:28,449 - mylogger - INFO - 答案错误
2018-09-24 20:52:28,638 - mylogger - DEBUG - 更新答案
2018-09-24 20:52:30,853 - mylogger - INFO - 本题结束
2018-09-24 20:52:32,047 - mylogger - INFO - 本场比赛结束
2018-09-24 20:52:32,194 - mylogger - INFO - 返回游戏页面
2018-09-24 20:52:33,754 - mylogger - INFO - 进入排位赛
2018-09-24 20:52:33,755 - mylogger - INFO - 正在匹配中......
2018-09-24 20:53:21,740 - mylogger - INFO - 匹配成功
2018-09-24 20:53:21,741 - mylogger - DEBUG - 获取题目
2018-09-24 20:53:23,160 - mylogger - INFO - 第 1 题
2018-09-24 20:53:23,504 - mylogger - INFO - 屈原“长太息以掩涕兮”的下一句是？
2018-09-24 20:53:24,320 - mylogger - INFO - A.只留清气满乾坤 B.哀民生之多艰 C.一代新人换旧人
2018-09-24 20:53:25,181 - mylogger - DEBUG - 在线检索答案
2018-09-24 20:53:25,182 - mylogger - INFO - 我的答案：哀民生之多艰
2018-09-24 20:53:25,841 - mylogger - DEBUG - 选择选项
2018-09-24 20:53:27,156 - mylogger - INFO - 答案正确
2018-09-24 20:53:27,158 - mylogger - DEBUG - 添加此题
2018-09-24 20:53:29,424 - mylogger - INFO - 本题结束
2018-09-24 20:53:29,425 - mylogger - DEBUG - 获取题目
2018-09-24 20:53:31,757 - mylogger - INFO - 第 2 题
2018-09-24 20:53:32,088 - mylogger - INFO - 动漫《火影忍者》中第七代火影是谁？
2018-09-24 20:53:32,876 - mylogger - INFO - A.鸣人 B.博人 C.自来也
2018-09-24 20:53:33,673 - mylogger - DEBUG - 在线检索答案
2018-09-24 20:53:33,673 - mylogger - INFO - 我的答案：鸣人
2018-09-24 20:53:34,259 - mylogger - DEBUG - 选择选项
2018-09-24 20:53:35,468 - mylogger - INFO - 答案错误
2018-09-24 20:53:35,665 - mylogger - DEBUG - 添加此题
2018-09-24 20:53:37,628 - mylogger - INFO - 本题结束
2018-09-24 20:53:37,629 - mylogger - DEBUG - 获取题目
2018-09-24 20:53:39,724 - mylogger - INFO - 第 3 题
2018-09-24 20:53:40,004 - mylogger - INFO - 小王比小李小，小张比小王大，小李比小张小，问谁的年纪最小？
2018-09-24 20:53:40,853 - mylogger - INFO - A.小张 B.小李 C.小王
2018-09-24 20:53:40,858 - mylogger - DEBUG - 数据库中检索答案
2018-09-24 20:53:40,858 - mylogger - INFO - 我的答案：小王
2018-09-24 20:53:41,456 - mylogger - DEBUG - 选择选项
2018-09-24 20:53:42,697 - mylogger - INFO - 答案错误
2018-09-24 20:53:42,901 - mylogger - DEBUG - 更新答案
2018-09-24 20:53:47,941 - mylogger - INFO - 本题结束
2018-09-24 20:53:47,942 - mylogger - DEBUG - 获取题目
2018-09-24 20:53:50,213 - mylogger - INFO - 第 4 题
2018-09-24 20:53:50,518 - mylogger - INFO - 2015年春晚岳云鹏和孙越合作的相声是？
2018-09-24 20:53:51,477 - mylogger - INFO - A.《车站奇遇》 B.《我忍不了》 C.《投其所好》
2018-09-24 20:53:52,676 - mylogger - DEBUG - 在线检索答案
2018-09-24 20:53:52,676 - mylogger - INFO - 我的答案：《我忍不了》
2018-09-24 20:53:53,336 - mylogger - DEBUG - 选择选项
2018-09-24 20:53:54,413 - mylogger - INFO - 答案错误
2018-09-24 20:53:54,594 - mylogger - DEBUG - 添加此题
2018-09-24 20:53:56,349 - mylogger - INFO - 本题结束
2018-09-24 20:53:56,350 - mylogger - DEBUG - 获取题目
2018-09-24 20:53:58,630 - mylogger - INFO - 第 5 题
2018-09-24 20:53:58,925 - mylogger - INFO - 最早将国际法介绍到中国来的是
2018-09-24 20:53:59,882 - mylogger - INFO - A.丁韪良 B.蒲安臣 C.林则徐
2018-09-24 20:54:01,983 - mylogger - DEBUG - 在线检索答案
2018-09-24 20:54:01,983 - mylogger - INFO - 我的答案：丁韪良
2018-09-24 20:54:02,641 - mylogger - DEBUG - 选择选项
2018-09-24 20:54:03,782 - mylogger - INFO - 答案错误
2018-09-24 20:54:03,970 - mylogger - DEBUG - 添加此题
2018-09-24 20:54:05,538 - mylogger - INFO - 本题结束
2018-09-24 20:54:06,726 - mylogger - INFO - 本场比赛结束
2018-09-24 20:54:06,765 - mylogger - INFO - 返回游戏页面
2018-09-24 20:54:08,386 - mylogger - INFO - 进入排位赛
2018-09-24 20:54:08,387 - mylogger - INFO - 正在匹配中......
2018-09-24 20:54:40,676 - mylogger - INFO - 匹配成功
2018-09-24 20:54:40,676 - mylogger - DEBUG - 获取题目
2018-09-24 20:54:41,492 - mylogger - INFO - 第 1 题
2018-09-24 20:54:41,803 - mylogger - INFO - 《天体运行论》一书是哪个科学家的伟大著作
2018-09-24 20:54:42,715 - mylogger - INFO - A.牛顿 B.伽利略 C.哥白尼
2018-09-24 20:54:43,628 - mylogger - DEBUG - 在线检索答案
2018-09-24 20:54:43,629 - mylogger - INFO - 我的答案：哥白尼
2018-09-24 20:54:44,254 - mylogger - DEBUG - 选择选项
2018-09-24 20:54:45,355 - mylogger - INFO - 答案正确
2018-09-24 20:54:45,356 - mylogger - DEBUG - 添加此题
2018-09-24 20:54:51,156 - mylogger - INFO - 本题结束
2018-09-24 20:54:51,156 - mylogger - DEBUG - 获取题目
2018-09-24 20:54:53,384 - mylogger - INFO - 第 2 题
2018-09-24 20:54:53,688 - mylogger - INFO - “CAI”指的是？
2018-09-24 20:54:54,609 - mylogger - INFO - A.办公自动化系统 B.系统软件 C.计算机辅助教学软件
2018-09-24 20:54:54,615 - mylogger - DEBUG - 数据库中检索答案
2018-09-24 20:54:54,616 - mylogger - INFO - 我的答案：计算机辅助教学软件
2018-09-24 20:54:55,268 - mylogger - DEBUG - 选择选项
2018-09-24 20:54:56,428 - mylogger - INFO - 答案错误
2018-09-24 20:54:56,596 - mylogger - DEBUG - 更新答案
2018-09-24 20:55:00,297 - mylogger - INFO - 本题结束
2018-09-24 20:55:00,297 - mylogger - DEBUG - 获取题目
2018-09-24 20:55:02,496 - mylogger - INFO - 第 3 题
2018-09-24 20:55:02,812 - mylogger - INFO - 动画电影《西游记之大圣归来》的插曲是什么？
2018-09-24 20:55:03,759 - mylogger - INFO - A.《孙悟空》 B.《飞得更高》 C.《勇敢的心》
2018-09-24 20:55:04,614 - mylogger - DEBUG - 在线检索答案
2018-09-24 20:55:04,614 - mylogger - INFO - 我的答案：《勇敢的心》
2018-09-24 20:55:05,224 - mylogger - DEBUG - 选择选项
2018-09-24 20:55:06,504 - mylogger - INFO - 答案错误
2018-09-24 20:55:06,669 - mylogger - DEBUG - 添加此题
2018-09-24 20:55:12,824 - mylogger - INFO - 本题结束
2018-09-24 20:55:12,825 - mylogger - DEBUG - 获取题目
2018-09-24 20:55:15,033 - mylogger - INFO - 第 4 题
2018-09-24 20:55:15,356 - mylogger - INFO - 公元18世纪葡萄牙人把咖啡树移植到。
2018-09-24 20:55:16,230 - mylogger - INFO - A.哥伦比亚 B.印度尼西亚 C.巴西
2018-09-24 20:55:17,821 - mylogger - DEBUG - 在线检索答案
2018-09-24 20:55:17,821 - mylogger - INFO - 我的答案：哥伦比亚
2018-09-24 20:55:18,488 - mylogger - DEBUG - 选择选项
2018-09-24 20:55:19,596 - mylogger - INFO - 答案错误
2018-09-24 20:55:19,877 - mylogger - INFO - 正确答案；巴西
2018-09-24 20:55:19,878 - mylogger - DEBUG - 添加此题
2018-09-24 20:55:23,201 - mylogger - INFO - 本题结束
2018-09-24 20:55:23,201 - mylogger - DEBUG - 获取题目
2018-09-24 20:55:25,358 - mylogger - INFO - 第 5 题
2018-09-24 20:55:25,689 - mylogger - INFO - 酸度不超过多少的特级初榨橄榄油是质量最好的橄榄油？
2018-09-24 20:55:26,669 - mylogger - INFO - A.0.8 B.0.7 C.0.6
2018-09-24 20:55:27,412 - mylogger - DEBUG - 在线检索答案
2018-09-24 20:55:27,412 - mylogger - INFO - 我的答案：0.7
2018-09-24 20:55:28,033 - mylogger - DEBUG - 选择选项
2018-09-24 20:55:28,985 - mylogger - INFO - 答案错误
2018-09-24 20:55:29,154 - mylogger - DEBUG - 添加此题
2018-09-24 20:55:34,097 - mylogger - INFO - 本题结束
2018-09-24 20:55:35,265 - mylogger - INFO - 本场比赛结束
2018-09-24 20:55:35,316 - mylogger - INFO - 返回游戏页面
2018-09-24 20:55:36,942 - mylogger - INFO - 进入排位赛
2018-09-24 20:55:36,943 - mylogger - INFO - 正在匹配中......
2018-09-24 20:55:52,218 - mylogger - INFO - 匹配成功
2018-09-24 20:55:52,219 - mylogger - DEBUG - 获取题目
2018-09-24 20:55:53,665 - mylogger - INFO - 第 1 题
2018-09-24 20:55:53,978 - mylogger - INFO - 春晚小品《说事儿》中，白云大妈穿的外套是什么？
2018-09-24 20:55:54,810 - mylogger - INFO - A.貂绒大衣 B.棉袄 C.羽绒服
2018-09-24 20:55:54,846 - mylogger - DEBUG - 数据库中检索答案
2018-09-24 20:55:54,846 - mylogger - INFO - 我的答案：貂绒大衣
2018-09-24 20:55:55,414 - mylogger - DEBUG - 选择选项
2018-09-24 20:55:56,699 - mylogger - INFO - 答案正确
2018-09-24 20:55:59,373 - mylogger - INFO - 本题结束
2018-09-24 20:55:59,374 - mylogger - DEBUG - 获取题目
2018-09-24 20:56:01,523 - mylogger - INFO - 第 2 题
2018-09-24 20:56:01,814 - mylogger - INFO - 在《魔女宅急便》中，小魔女琪琪的宠物是什么？
2018-09-24 20:56:02,819 - mylogger - INFO - A.猫头鹰 B.乌鸦 C.黑猫
2018-09-24 20:56:03,779 - mylogger - DEBUG - 在线检索答案
2018-09-24 20:56:03,779 - mylogger - INFO - 我的答案：黑猫
2018-09-24 20:56:04,403 - mylogger - DEBUG - 选择选项
2018-09-24 20:56:05,607 - mylogger - INFO - 答案错误
2018-09-24 20:56:05,822 - mylogger - DEBUG - 添加此题
2018-09-24 20:56:08,371 - mylogger - INFO - 本题结束
2018-09-24 20:56:08,372 - mylogger - DEBUG - 获取题目
2018-09-24 20:56:10,455 - mylogger - INFO - 第 3 题
2018-09-24 20:56:10,719 - mylogger - INFO - 三年以上固定期限和无固定期限的劳动合同，试用期不得超过（）月
2018-09-24 20:56:11,618 - mylogger - INFO - A.二个月 B.三个月 C.六个月
2018-09-24 20:56:12,792 - mylogger - DEBUG - 在线检索答案
2018-09-24 20:56:12,792 - mylogger - INFO - 我的答案：三个月
2018-09-24 20:56:13,382 - mylogger - DEBUG - 选择选项
2018-09-24 20:56:14,380 - mylogger - INFO - 答案错误
2018-09-24 20:56:14,572 - mylogger - DEBUG - 添加此题
2018-09-24 20:56:18,254 - mylogger - INFO - 本题结束
2018-09-24 20:56:18,255 - mylogger - DEBUG - 获取题目
2018-09-24 20:56:20,628 - mylogger - INFO - 第 4 题
2018-09-24 20:56:20,956 - mylogger - INFO - 1999年轰炸中国驻贝尔格莱德大使馆的美军飞机机型是什么？
2018-09-24 20:56:21,791 - mylogger - INFO - A.B-2A B.B-29 C.B-1B
2018-09-24 20:56:21,795 - mylogger - DEBUG - 数据库中检索答案
2018-09-24 20:56:21,796 - mylogger - INFO - 我的答案：B-2A
2018-09-24 20:56:22,367 - mylogger - DEBUG - 选择选项
2018-09-24 20:56:23,472 - mylogger - INFO - 答案正确
2018-09-24 20:56:27,356 - mylogger - INFO - 本题结束
2018-09-24 20:56:27,357 - mylogger - DEBUG - 获取题目
2018-09-24 20:56:29,668 - mylogger - INFO - 第 5 题
2018-09-24 20:56:29,952 - mylogger - INFO - 因为味道绝佳，固定时间售卖而得名的“时辰包子”发源于陕西哪里
2018-09-24 20:56:30,817 - mylogger - INFO - A.渭南 B.榆林 C.安康
2018-09-24 20:56:31,498 - mylogger - DEBUG - 在线检索答案
2018-09-24 20:56:31,498 - mylogger - INFO - 我的答案：渭南
2018-09-24 20:56:32,123 - mylogger - DEBUG - 选择选项
2018-09-24 20:56:33,167 - mylogger - INFO - 答案错误
2018-09-24 20:56:33,321 - mylogger - DEBUG - 添加此题
2018-09-24 20:56:36,676 - mylogger - INFO - 本题结束
2018-09-24 20:56:37,841 - mylogger - INFO - 本场比赛结束
2018-09-24 20:56:37,908 - mylogger - INFO - 返回游戏页面
2018-09-24 20:56:39,508 - mylogger - INFO - 进入排位赛
2018-09-24 20:56:39,509 - mylogger - INFO - 正在匹配中......
2018-09-24 20:57:34,071 - mylogger - INFO - 匹配成功
2018-09-24 20:57:34,071 - mylogger - DEBUG - 获取题目
2018-09-24 20:57:34,762 - mylogger - INFO - 第 1 题
2018-09-24 20:57:35,050 - mylogger - INFO - 什么水可以溶解金？
2018-09-24 20:57:35,875 - mylogger - INFO - A.王水 B.胶水 C.自来水
2018-09-24 20:57:36,609 - mylogger - DEBUG - 在线检索答案
2018-09-24 20:57:36,609 - mylogger - INFO - 我的答案：王水
2018-09-24 20:57:37,258 - mylogger - DEBUG - 选择选项
2018-09-24 20:57:38,370 - mylogger - INFO - 答案正确
2018-09-24 20:57:38,372 - mylogger - DEBUG - 添加此题
2018-09-24 20:57:40,174 - mylogger - INFO - 本题结束
2018-09-24 20:57:40,175 - mylogger - DEBUG - 获取题目
2018-09-24 20:57:42,443 - mylogger - INFO - 第 2 题
2018-09-24 20:57:42,727 - mylogger - INFO - “银烛秋光冷画屏，轻罗小扇扑流萤”出自下列哪首诗？
2018-09-24 20:57:43,603 - mylogger - INFO - A.《长恨歌》 B.《秋夕》 C.《相思》
2018-09-24 20:57:44,227 - mylogger - DEBUG - 在线检索答案
2018-09-24 20:57:44,227 - mylogger - INFO - 我的答案：《秋夕》
2018-09-24 20:57:44,927 - mylogger - DEBUG - 选择选项
2018-09-24 20:57:45,995 - mylogger - INFO - 答案错误
2018-09-24 20:57:46,159 - mylogger - DEBUG - 添加此题
2018-09-24 20:57:49,663 - mylogger - INFO - 本题结束
2018-09-24 20:57:49,664 - mylogger - DEBUG - 获取题目
2018-09-24 20:57:51,839 - mylogger - INFO - 第 3 题
2018-09-24 20:57:52,107 - mylogger - INFO - 成语“破釜沉舟”是哪个历史人物的典故？
2018-09-24 20:57:52,999 - mylogger - INFO - A.韩信 B.刘邦 C.项羽
2018-09-24 20:57:53,762 - mylogger - DEBUG - 在线检索答案
2018-09-24 20:57:53,763 - mylogger - INFO - 我的答案：项羽
2018-09-24 20:57:54,391 - mylogger - DEBUG - 选择选项
2018-09-24 20:57:55,520 - mylogger - INFO - 答案错误
2018-09-24 20:57:55,679 - mylogger - DEBUG - 添加此题
2018-09-24 20:57:57,499 - mylogger - INFO - 本题结束
2018-09-24 20:57:57,500 - mylogger - DEBUG - 获取题目
2018-09-24 20:57:59,628 - mylogger - INFO - 第 4 题
2018-09-24 20:57:59,978 - mylogger - INFO - 2016年电影《血战钢锯岭》讲述的是哪两国之间的战争？
2018-09-24 20:58:00,831 - mylogger - INFO - A.法德 B.英德 C.美日
2018-09-24 20:58:01,959 - mylogger - DEBUG - 未检索到答案
2018-09-24 20:58:01,959 - mylogger - INFO - 我的答案：法德
2018-09-24 20:58:02,555 - mylogger - DEBUG - 选择选项
2018-09-24 20:58:03,555 - mylogger - INFO - 答案错误
2018-09-24 20:58:03,869 - mylogger - INFO - 正确答案；美日
2018-09-24 20:58:03,870 - mylogger - DEBUG - 添加此题
2018-09-24 20:58:06,830 - mylogger - INFO - 本题结束
2018-09-24 20:58:06,831 - mylogger - DEBUG - 获取题目
2018-09-24 20:58:09,120 - mylogger - INFO - 第 5 题
2018-09-24 20:58:09,388 - mylogger - INFO - 下列动物类群中，完全生活在海洋中的类群是？
2018-09-24 20:58:10,212 - mylogger - INFO - A.棘皮动物 B.软体动物 C.环节动物
2018-09-24 20:58:11,790 - mylogger - DEBUG - 在线检索答案
2018-09-24 20:58:11,791 - mylogger - INFO - 我的答案：棘皮动物
2018-09-24 20:58:12,449 - mylogger - DEBUG - 选择选项
2018-09-24 20:58:13,716 - mylogger - INFO - 答案正确
2018-09-24 20:58:13,718 - mylogger - DEBUG - 添加此题
2018-09-24 20:58:16,008 - mylogger - INFO - 本题结束
2018-09-24 20:58:17,178 - mylogger - INFO - 本场比赛结束
2018-09-24 20:58:17,295 - mylogger - INFO - 返回游戏页面
2018-09-24 20:58:18,953 - mylogger - INFO - 进入排位赛
2018-09-24 20:58:18,953 - mylogger - INFO - 正在匹配中......
2018-09-24 20:59:10,842 - mylogger - INFO - 停止UC浏览器
2018-09-24 20:59:10,901 - mylogger - DEBUG - 返回主页面
2018-09-24 20:59:12,026 - mylogger - DEBUG - 打开UC浏览器
2018-09-24 20:59:14,486 - mylogger - DEBUG - 进入用户页面
2018-09-24 20:59:15,528 - mylogger - DEBUG - 进入游戏页面1
2018-09-24 20:59:17,816 - mylogger - DEBUG - 进入游戏页面2
2018-09-24 20:59:21,063 - mylogger - INFO - 选择游戏
2018-09-24 20:59:22,950 - mylogger - INFO - 进入排位赛
2018-09-24 20:59:22,951 - mylogger - INFO - 正在匹配中......
2018-09-24 21:00:34,401 - mylogger - INFO - 匹配成功
2018-09-24 21:00:34,402 - mylogger - DEBUG - 获取题目
2018-09-24 21:00:35,830 - mylogger - INFO - 第 1 题
2018-09-24 21:00:36,118 - mylogger - INFO - “MQ”指的是什么？
2018-09-24 21:00:36,997 - mylogger - INFO - A.德商 B.逆商 C.智商
2018-09-24 21:00:37,898 - mylogger - DEBUG - 在线检索答案
2018-09-24 21:00:37,898 - mylogger - INFO - 我的答案：德商
2018-09-24 21:00:38,522 - mylogger - DEBUG - 选择选项
2018-09-24 21:00:40,270 - mylogger - INFO - 答案正确
2018-09-24 21:00:40,271 - mylogger - DEBUG - 添加此题
2018-09-24 21:00:45,010 - mylogger - INFO - 本题结束
2018-09-24 21:00:45,011 - mylogger - DEBUG - 获取题目
2018-09-24 21:00:47,231 - mylogger - INFO - 第 2 题
2018-09-24 21:00:47,506 - mylogger - INFO - 以下哪一个国家拥有三个首都？
2018-09-24 21:00:48,322 - mylogger - INFO - A.南非 B.玻利维亚 C.荷兰
2018-09-24 21:00:49,029 - mylogger - DEBUG - 在线检索答案
2018-09-24 21:00:49,029 - mylogger - INFO - 我的答案：南非
2018-09-24 21:00:49,755 - mylogger - DEBUG - 选择选项
2018-09-24 21:00:52,171 - mylogger - INFO - 答案正确
2018-09-24 21:00:52,173 - mylogger - DEBUG - 添加此题
2018-09-24 21:00:52,710 - mylogger - INFO - 本题结束
2018-09-24 21:00:52,711 - mylogger - DEBUG - 获取题目
2018-09-24 21:00:54,942 - mylogger - INFO - 第 3 题
2018-09-24 21:00:55,219 - mylogger - INFO - 下列哪个品牌的标志是希腊神话人物“美杜莎”？
2018-09-24 21:00:56,131 - mylogger - INFO - A.圣罗兰 B.范思哲 C.香奈儿
2018-09-24 21:00:56,935 - mylogger - DEBUG - 在线检索答案
2018-09-24 21:00:56,935 - mylogger - INFO - 我的答案：范思哲
2018-09-24 21:00:57,594 - mylogger - DEBUG - 选择选项
2018-09-24 21:01:00,128 - mylogger - INFO - 答案正确
2018-09-24 21:01:00,131 - mylogger - DEBUG - 添加此题
2018-09-24 21:01:01,866 - mylogger - INFO - 本题结束
2018-09-24 21:01:01,868 - mylogger - DEBUG - 获取题目
2018-09-24 21:01:04,016 - mylogger - INFO - 第 4 题
2018-09-24 21:01:04,343 - mylogger - INFO - 以下哪一条河，是英国境内最长的河流？
2018-09-24 21:01:05,201 - mylogger - INFO - A.塞文河 B.泰晤士河 C.塞纳河
2018-09-24 21:01:05,942 - mylogger - DEBUG - 在线检索答案
2018-09-24 21:01:05,942 - mylogger - INFO - 我的答案：塞文河
2018-09-24 21:01:06,538 - mylogger - DEBUG - 选择选项
2018-09-24 21:01:08,212 - mylogger - INFO - 答案正确
2018-09-24 21:01:08,215 - mylogger - DEBUG - 添加此题
2018-09-24 21:01:14,040 - mylogger - INFO - 本题结束
2018-09-24 21:01:14,042 - mylogger - DEBUG - 获取题目
2018-09-24 21:01:16,208 - mylogger - INFO - 第 5 题
2018-09-24 21:01:16,509 - mylogger - INFO - 永乐七年，明成祖在黑龙江设立了什么？
2018-09-24 21:01:17,379 - mylogger - INFO - A.乌思藏都指挥使司 B.左军都督府 C.奴儿干都司
2018-09-24 21:01:19,400 - mylogger - DEBUG - 在线检索答案
2018-09-24 21:01:19,401 - mylogger - INFO - 我的答案：奴儿干都司
2018-09-24 21:01:20,076 - mylogger - DEBUG - 选择选项
2018-09-24 21:01:21,848 - mylogger - INFO - 答案正确
2018-09-24 21:01:21,851 - mylogger - DEBUG - 添加此题
2018-09-24 21:01:25,921 - mylogger - INFO - 本题结束
2018-09-24 21:01:27,125 - mylogger - INFO - 本场比赛结束
2018-09-24 21:01:27,256 - mylogger - INFO - 返回游戏页面
2018-09-24 21:01:28,861 - mylogger - INFO - 进入排位赛
2018-09-24 21:01:28,875 - mylogger - INFO - 正在匹配中......
2018-09-24 21:03:32,818 - mylogger - WARNING - 匹配失败
2018-09-24 21:03:32,929 - mylogger - INFO - 返回游戏页面
2018-09-24 21:03:34,502 - mylogger - INFO - 进入排位赛
2018-09-24 21:03:34,503 - mylogger - INFO - 正在匹配中......
2018-09-24 21:04:26,850 - mylogger - INFO - 匹配成功
2018-09-24 21:04:26,853 - mylogger - DEBUG - 获取题目
2018-09-24 21:04:28,280 - mylogger - INFO - 第 1 题
2018-09-24 21:04:28,603 - mylogger - INFO - 安装家庭电路时，开关应装在
2018-09-24 21:04:29,519 - mylogger - INFO - A.零线上 B.火线上 C.地线上
2018-09-24 21:04:31,326 - mylogger - DEBUG - 在线检索答案
2018-09-24 21:04:31,327 - mylogger - INFO - 我的答案：火线上
2018-09-24 21:04:31,994 - mylogger - DEBUG - 选择选项
2018-09-24 21:04:33,493 - mylogger - INFO - 答案正确
2018-09-24 21:04:33,495 - mylogger - DEBUG - 添加此题
2018-09-24 21:04:42,899 - mylogger - INFO - 本题结束
2018-09-24 21:04:42,900 - mylogger - DEBUG - 获取题目
2018-09-24 21:04:45,272 - mylogger - INFO - 第 2 题
2018-09-24 21:04:45,549 - mylogger - INFO - 在动画电影《天空之城》中，女主角的名字叫什么？
2018-09-24 21:04:46,360 - mylogger - INFO - A.千寻 B.希达 C.小丸子
2018-09-24 21:04:47,244 - mylogger - DEBUG - 在线检索答案
2018-09-24 21:04:47,245 - mylogger - INFO - 我的答案：希达
2018-09-24 21:04:47,940 - mylogger - DEBUG - 选择选项
2018-09-24 21:04:50,409 - mylogger - INFO - 答案正确
2018-09-24 21:04:50,411 - mylogger - DEBUG - 添加此题
2018-09-24 21:05:00,077 - mylogger - INFO - 本题结束
2018-09-24 21:05:00,079 - mylogger - DEBUG - 获取题目
2018-09-24 21:05:02,326 - mylogger - INFO - 第 3 题
2018-09-24 21:05:02,645 - mylogger - INFO - 2006年春晚，舞蹈《俏夕阳》的表演者平均年龄多少岁？
2018-09-24 21:05:03,576 - mylogger - INFO - A.58岁 B.62岁 C.65岁
2018-09-24 21:05:04,721 - mylogger - DEBUG - 在线检索答案
2018-09-24 21:05:04,722 - mylogger - INFO - 我的答案：62岁
2018-09-24 21:05:05,353 - mylogger - DEBUG - 选择选项
2018-09-24 21:05:07,752 - mylogger - INFO - 答案正确
2018-09-24 21:05:07,755 - mylogger - DEBUG - 添加此题
2018-09-24 21:05:17,346 - mylogger - INFO - 本题结束
2018-09-24 21:05:17,348 - mylogger - DEBUG - 获取题目
2018-09-24 21:05:19,474 - mylogger - INFO - 第 4 题
2018-09-24 21:05:19,770 - mylogger - INFO - 动漫《妖精的尾巴》众主角在天狼岛篇被黑龙打败后失踪了几年？
2018-09-24 21:05:20,709 - mylogger - INFO - A.7年 B.5年 C.6年
2018-09-24 21:05:21,869 - mylogger - DEBUG - 在线检索答案
2018-09-24 21:05:21,870 - mylogger - INFO - 我的答案：7年
2018-09-24 21:05:22,510 - mylogger - DEBUG - 选择选项
2018-09-24 21:05:24,108 - mylogger - INFO - 答案正确
2018-09-24 21:05:24,110 - mylogger - DEBUG - 添加此题
2018-09-24 21:05:34,310 - mylogger - INFO - 本题结束
2018-09-24 21:05:34,312 - mylogger - DEBUG - 获取题目
2018-09-24 21:05:36,395 - mylogger - INFO - 第 5 题
2018-09-24 21:05:36,695 - mylogger - INFO - 在《水浒传》中，谁为救被关胜所捉的头领，亦被关胜手下生擒？
2018-09-24 21:05:37,756 - mylogger - INFO - A.张横 B.阮小二 C.阮小七
2018-09-24 21:05:38,572 - mylogger - DEBUG - 在线检索答案
2018-09-24 21:05:38,573 - mylogger - INFO - 我的答案：张横
2018-09-24 21:05:39,190 - mylogger - DEBUG - 选择选项
2018-09-24 21:05:40,718 - mylogger - INFO - 答案错误
2018-09-24 21:05:40,910 - mylogger - INFO - 正确答案；阮小七
2018-09-24 21:05:40,913 - mylogger - DEBUG - 添加此题
2018-09-24 21:07:23,956 - mylogger - INFO - 停止UC浏览器
2018-09-24 21:07:24,015 - mylogger - DEBUG - 返回主页面
2018-09-24 21:07:25,142 - mylogger - DEBUG - 打开UC浏览器
2018-09-24 21:07:27,463 - mylogger - DEBUG - 进入用户页面
2018-09-24 21:07:28,487 - mylogger - DEBUG - 进入游戏页面1
2018-09-24 21:07:30,711 - mylogger - DEBUG - 进入游戏页面2
2018-09-24 21:07:33,259 - mylogger - INFO - 选择游戏
2018-09-24 21:07:35,334 - mylogger - INFO - 进入排位赛
2018-09-24 21:07:35,335 - mylogger - INFO - 正在匹配中......
2018-09-24 21:07:54,520 - mylogger - INFO - 匹配成功
2018-09-24 21:07:54,521 - mylogger - DEBUG - 获取题目
2018-09-24 21:07:55,201 - mylogger - INFO - 第 1 题
2018-09-24 21:07:55,477 - mylogger - INFO - 造成婴儿中毒的原因之一是盲目大量的服用
2018-09-24 21:07:56,356 - mylogger - INFO - A.维生素 B.辅食 C.零食
2018-09-24 21:07:56,360 - mylogger - DEBUG - 数据库中检索答案
2018-09-24 21:07:56,360 - mylogger - INFO - 我的答案：维生素
2018-09-24 21:07:56,972 - mylogger - DEBUG - 选择选项
2018-09-24 21:07:59,045 - mylogger - INFO - 答案正确
2018-09-24 21:08:02,700 - mylogger - INFO - 本题结束
2018-09-24 21:08:02,701 - mylogger - DEBUG - 获取题目
2018-09-24 21:08:04,893 - mylogger - INFO - 第 2 题
2018-09-24 21:08:05,197 - mylogger - INFO - 电视剧《大明宫词》中，谁扮演了少年时代太平公主？
2018-09-24 21:08:06,197 - mylogger - INFO - A.郑爽 B.袁姗姗 C.周迅
2018-09-24 21:08:07,147 - mylogger - DEBUG - 在线检索答案
2018-09-24 21:08:07,148 - mylogger - INFO - 我的答案：周迅
2018-09-24 21:08:07,758 - mylogger - DEBUG - 选择选项
2018-09-24 21:08:09,873 - mylogger - INFO - 答案正确
2018-09-24 21:08:09,874 - mylogger - DEBUG - 添加此题
2018-09-24 21:08:11,889 - mylogger - INFO - 本题结束
2018-09-24 21:08:11,890 - mylogger - DEBUG - 获取题目
2018-09-24 21:08:14,081 - mylogger - INFO - 第 3 题
2018-09-24 21:08:14,413 - mylogger - INFO - 以下哪种动物的牙齿最多？
2018-09-24 21:08:15,310 - mylogger - INFO - A.蚊子 B.鲸鱼 C.蜗牛
2018-09-24 21:08:16,154 - mylogger - DEBUG - 在线检索答案
2018-09-24 21:08:16,154 - mylogger - INFO - 我的答案：蜗牛
2018-09-24 21:08:16,801 - mylogger - DEBUG - 选择选项
2018-09-24 21:08:19,010 - mylogger - INFO - 答案正确
2018-09-24 21:08:19,011 - mylogger - DEBUG - 添加此题
2018-09-24 21:08:19,742 - mylogger - INFO - 本题结束
2018-09-24 21:08:19,742 - mylogger - DEBUG - 获取题目
2018-09-24 21:08:21,974 - mylogger - INFO - 第 4 题
2018-09-24 21:08:22,302 - mylogger - INFO - 以下史书中不属编年体的是？
2018-09-24 21:08:23,111 - mylogger - INFO - A.春秋 B.史记 C.左传
2018-09-24 21:08:24,642 - mylogger - DEBUG - 在线检索答案
2018-09-24 21:08:24,642 - mylogger - INFO - 我的答案：左传
2018-09-24 21:08:25,245 - mylogger - DEBUG - 选择选项
2018-09-24 21:08:27,289 - mylogger - INFO - 答案错误
2018-09-24 21:08:27,473 - mylogger - INFO - 正确答案；史记
2018-09-24 21:08:27,475 - mylogger - DEBUG - 添加此题
2018-09-24 21:08:29,365 - mylogger - INFO - 本题结束
2018-09-24 21:08:29,366 - mylogger - DEBUG - 获取题目
2018-09-24 21:08:31,545 - mylogger - INFO - 第 5 题
2018-09-24 21:08:31,838 - mylogger - INFO - 在地球赤道地区的观测者肉眼看不到的天体是
2018-09-24 21:08:32,670 - mylogger - INFO - A.小麦哲伦星云 B.大麦哲伦星云 C.室女座星系团
2018-09-24 21:08:33,553 - mylogger - DEBUG - 在线检索答案
2018-09-24 21:08:33,553 - mylogger - INFO - 我的答案：小麦哲伦星云
2018-09-24 21:08:34,186 - mylogger - DEBUG - 选择选项
2018-09-24 21:08:36,258 - mylogger - INFO - 答案错误
2018-09-24 21:08:36,466 - mylogger - INFO - 正确答案；室女座星系团
2018-09-24 21:08:36,468 - mylogger - DEBUG - 添加此题
2018-09-24 21:08:39,370 - mylogger - INFO - 本题结束
2018-09-24 21:08:40,534 - mylogger - INFO - 本场比赛结束
2018-09-24 21:08:40,671 - mylogger - INFO - 返回游戏页面
2018-09-24 21:08:42,194 - mylogger - INFO - 进入排位赛
2018-09-24 21:08:42,194 - mylogger - INFO - 正在匹配中......
2018-09-24 21:09:04,275 - mylogger - INFO - 匹配成功
2018-09-24 21:09:04,276 - mylogger - DEBUG - 获取题目
2018-09-24 21:09:04,972 - mylogger - INFO - 第 1 题
2018-09-24 21:09:05,264 - mylogger - INFO - “智跑”是什么类型的车？
2018-09-24 21:09:06,107 - mylogger - INFO - A.微型车 B.紧凑型SUV C.大型SUV
2018-09-24 21:09:07,032 - mylogger - DEBUG - 在线检索答案
2018-09-24 21:09:07,032 - mylogger - INFO - 我的答案：紧凑型SUV
2018-09-24 21:09:07,678 - mylogger - DEBUG - 选择选项
2018-09-24 21:09:09,737 - mylogger - INFO - 答案正确
2018-09-24 21:09:09,738 - mylogger - DEBUG - 添加此题
2018-09-24 21:09:10,802 - mylogger - INFO - 本题结束
2018-09-24 21:09:10,803 - mylogger - DEBUG - 获取题目
2018-09-24 21:09:13,131 - mylogger - INFO - 第 2 题
2018-09-24 21:09:13,419 - mylogger - INFO - 由李双飞谱曲，施人诚填词的《说谎》是哪位男歌手的歌曲？
2018-09-24 21:09:14,259 - mylogger - INFO - A.韦礼安 B.林宥嘉 C.方大同
2018-09-24 21:09:14,972 - mylogger - DEBUG - 在线检索答案
2018-09-24 21:09:14,972 - mylogger - INFO - 我的答案：林宥嘉
2018-09-24 21:09:15,575 - mylogger - DEBUG - 选择选项
2018-09-24 21:09:17,584 - mylogger - INFO - 答案正确
2018-09-24 21:09:17,585 - mylogger - DEBUG - 添加此题
2018-09-24 21:09:22,560 - mylogger - INFO - 本题结束
2018-09-24 21:09:22,561 - mylogger - DEBUG - 获取题目
2018-09-24 21:09:24,701 - mylogger - INFO - 第 3 题
2018-09-24 21:09:25,036 - mylogger - INFO - 以尖拱、高塔、大窗户和花窗玻璃为特色的建筑风格叫做？
2018-09-24 21:09:25,916 - mylogger - INFO - A.巴洛克式 B.哥特式 C.罗马式
2018-09-24 21:09:25,921 - mylogger - DEBUG - 数据库中检索答案
2018-09-24 21:09:25,921 - mylogger - INFO - 我的答案：哥特式
2018-09-24 21:09:26,555 - mylogger - DEBUG - 选择选项
2018-09-24 21:09:28,573 - mylogger - INFO - 答案正确
2018-09-24 21:09:31,892 - mylogger - INFO - 本题结束
2018-09-24 21:09:31,893 - mylogger - DEBUG - 获取题目
2018-09-24 21:09:34,076 - mylogger - INFO - 第 4 题
2018-09-24 21:09:34,412 - mylogger - INFO - 只吃素食易产生以下哪种结果？
2018-09-24 21:09:35,352 - mylogger - INFO - A.脱发 B.增加肾脏负担 C.高血压
2018-09-24 21:09:35,356 - mylogger - DEBUG - 数据库中检索答案
2018-09-24 21:09:35,356 - mylogger - INFO - 我的答案：脱发
2018-09-24 21:09:35,968 - mylogger - DEBUG - 选择选项
2018-09-24 21:09:38,044 - mylogger - INFO - 答案正确
2018-09-24 21:09:41,940 - mylogger - INFO - 本题结束
2018-09-24 21:09:41,941 - mylogger - DEBUG - 获取题目
2018-09-24 21:09:44,001 - mylogger - INFO - 第 5 题
2018-09-24 21:09:44,317 - mylogger - INFO - 《旅行青蛙》是上村真裕子与几个人的团队研发的？
2018-09-24 21:09:45,212 - mylogger - INFO - A.5人 B.7人 C.4人
2018-09-24 21:09:46,360 - mylogger - DEBUG - 在线检索答案
2018-09-24 21:09:46,360 - mylogger - INFO - 我的答案：7人
2018-09-24 21:09:46,985 - mylogger - DEBUG - 选择选项
2018-09-24 21:09:49,176 - mylogger - INFO - 答案错误
2018-09-24 21:09:49,433 - mylogger - INFO - 正确答案；4人
2018-09-24 21:09:49,434 - mylogger - DEBUG - 添加此题
2018-09-24 21:09:51,701 - mylogger - INFO - 本题结束
2018-09-24 21:09:52,893 - mylogger - INFO - 本场比赛结束
2018-09-24 21:09:52,969 - mylogger - INFO - 返回游戏页面
2018-09-24 21:09:54,536 - mylogger - INFO - 进入排位赛
2018-09-24 21:09:54,536 - mylogger - INFO - 正在匹配中......
2018-09-24 21:10:08,543 - mylogger - INFO - 匹配成功
2018-09-24 21:10:08,544 - mylogger - DEBUG - 获取题目
2018-09-24 21:10:09,218 - mylogger - INFO - 第 1 题
2018-09-24 21:10:09,506 - mylogger - INFO - 通常以下哪一个属于香水中的花香香调？
2018-09-24 21:10:10,395 - mylogger - INFO - A.茉莉 B.香草 C.佛手柑
2018-09-24 21:10:10,398 - mylogger - DEBUG - 数据库中检索答案
2018-09-24 21:10:10,399 - mylogger - INFO - 我的答案：茉莉
2018-09-24 21:10:11,010 - mylogger - DEBUG - 选择选项
2018-09-24 21:10:13,043 - mylogger - INFO - 答案正确
2018-09-24 21:10:17,310 - mylogger - INFO - 本题结束
2018-09-24 21:10:17,310 - mylogger - DEBUG - 获取题目
2018-09-24 21:10:19,707 - mylogger - INFO - 第 2 题
2018-09-24 21:10:19,986 - mylogger - INFO - 在电影《盛夏光年》中，正行真正喜欢的人是谁？
2018-09-24 21:10:20,907 - mylogger - INFO - A.守恒 B.毛利兰 C.小丸子
2018-09-24 21:10:22,052 - mylogger - DEBUG - 在线检索答案
2018-09-24 21:10:22,052 - mylogger - INFO - 我的答案：守恒
2018-09-24 21:10:22,650 - mylogger - DEBUG - 选择选项
2018-09-24 21:10:24,730 - mylogger - INFO - 答案正确
2018-09-24 21:10:24,731 - mylogger - DEBUG - 添加此题
2018-09-24 21:10:29,611 - mylogger - INFO - 本题结束
2018-09-24 21:10:29,611 - mylogger - DEBUG - 获取题目
2018-09-24 21:10:31,703 - mylogger - INFO - 第 3 题
2018-09-24 21:10:31,979 - mylogger - INFO - 通过股指期货套期保值回避的风险是
2018-09-24 21:10:32,848 - mylogger - INFO - A.非系统性风险 B.偶然性风险 C.系统性风险
2018-09-24 21:10:32,851 - mylogger - DEBUG - 数据库中检索答案
2018-09-24 21:10:32,851 - mylogger - INFO - 我的答案：系统性风险
2018-09-24 21:10:33,454 - mylogger - DEBUG - 选择选项
2018-09-24 21:10:35,435 - mylogger - INFO - 答案正确
2018-09-24 21:10:42,667 - mylogger - INFO - 本题结束
2018-09-24 21:10:42,667 - mylogger - DEBUG - 获取题目
2018-09-24 21:10:44,824 - mylogger - INFO - 第 4 题
2018-09-24 21:10:45,172 - mylogger - INFO - 欧洲文学“四大吝啬鬼”中哪个是出自莫里哀《吝啬鬼》？
2018-09-24 21:10:46,059 - mylogger - INFO - A.阿巴贡 B.夏洛克 C.葛朗台  
2018-09-24 21:10:46,919 - mylogger - DEBUG - 在线检索答案
2018-09-24 21:10:46,919 - mylogger - INFO - 我的答案：阿巴贡
2018-09-24 21:10:47,527 - mylogger - DEBUG - 选择选项
2018-09-24 21:10:49,629 - mylogger - INFO - 答案正确
2018-09-24 21:10:49,631 - mylogger - DEBUG - 添加此题
2018-09-24 21:10:55,828 - mylogger - INFO - 本题结束
2018-09-24 21:10:55,829 - mylogger - DEBUG - 获取题目
2018-09-24 21:10:57,983 - mylogger - INFO - 第 5 题
2018-09-24 21:10:58,288 - mylogger - INFO - 以下选项中不是冬至的别称的是
2018-09-24 21:10:59,180 - mylogger - INFO - A.冬节 B.长至节 C.腊至
2018-09-24 21:11:00,043 - mylogger - DEBUG - 在线检索答案
2018-09-24 21:11:00,043 - mylogger - INFO - 我的答案：长至节
2018-09-24 21:11:00,639 - mylogger - DEBUG - 选择选项
2018-09-24 21:11:02,720 - mylogger - INFO - 答案错误
2018-09-24 21:11:02,908 - mylogger - INFO - 正确答案；腊至
2018-09-24 21:11:02,910 - mylogger - DEBUG - 添加此题
2018-09-24 21:11:05,524 - mylogger - INFO - 本题结束
2018-09-24 21:11:06,735 - mylogger - INFO - 本场比赛结束
2018-09-24 21:11:06,851 - mylogger - INFO - 返回游戏页面
2018-09-24 21:11:08,393 - mylogger - INFO - 进入排位赛
2018-09-24 21:11:08,394 - mylogger - INFO - 正在匹配中......
2018-09-24 21:11:23,773 - mylogger - INFO - 匹配成功
2018-09-24 21:11:23,774 - mylogger - DEBUG - 获取题目
2018-09-24 21:11:25,209 - mylogger - INFO - 第 1 题
2018-09-24 21:11:25,510 - mylogger - INFO - 著名的烧酒品牌“真露”是哪个国家特产酒？
2018-09-24 21:11:26,366 - mylogger - INFO - A.韩国 B.日本 C.中国
2018-09-24 21:11:27,110 - mylogger - DEBUG - 在线检索答案
2018-09-24 21:11:27,110 - mylogger - INFO - 我的答案：韩国
2018-09-24 21:11:27,842 - mylogger - DEBUG - 选择选项
2018-09-24 21:11:29,901 - mylogger - INFO - 答案正确
2018-09-24 21:11:29,902 - mylogger - DEBUG - 添加此题
2018-09-24 21:11:31,095 - mylogger - INFO - 本题结束
2018-09-24 21:11:31,096 - mylogger - DEBUG - 获取题目
2018-09-24 21:11:33,249 - mylogger - INFO - 第 2 题
2018-09-24 21:11:33,601 - mylogger - INFO - 哈勃望远镜至今观测到的目标中，最远的目标距离地球有多远？
2018-09-24 21:11:34,412 - mylogger - INFO - A.120亿光年 B.130亿光年 C.100亿光年
2018-09-24 21:11:35,314 - mylogger - DEBUG - 在线检索答案
2018-09-24 21:11:35,314 - mylogger - INFO - 我的答案：130亿光年
2018-09-24 21:11:35,909 - mylogger - DEBUG - 选择选项
2018-09-24 21:11:38,009 - mylogger - INFO - 答案正确
2018-09-24 21:11:38,011 - mylogger - DEBUG - 添加此题
2018-09-24 21:11:40,086 - mylogger - INFO - 本题结束
2018-09-24 21:11:40,087 - mylogger - DEBUG - 获取题目
2018-09-24 21:11:42,238 - mylogger - INFO - 第 3 题
2018-09-24 21:11:42,514 - mylogger - INFO - 《未麻的部屋》中，未麻最初参与的偶像团体有几个人？
2018-09-24 21:11:43,455 - mylogger - INFO - A.三个 B.两个 C.48个
2018-09-24 21:11:44,616 - mylogger - DEBUG - 未检索到答案
2018-09-24 21:11:44,616 - mylogger - INFO - 我的答案：三个
2018-09-24 21:11:45,247 - mylogger - DEBUG - 选择选项
2018-09-24 21:11:47,302 - mylogger - INFO - 答案正确
2018-09-24 21:11:47,304 - mylogger - DEBUG - 添加此题
2018-09-24 21:11:48,956 - mylogger - INFO - 本题结束
2018-09-24 21:11:48,957 - mylogger - DEBUG - 获取题目
2018-09-24 21:11:50,998 - mylogger - INFO - 第 4 题
2018-09-24 21:11:51,270 - mylogger - INFO - 在摄氏零下40度以下，应该使用哪种温度计？
2018-09-24 21:11:52,102 - mylogger - INFO - A.煤油温度计 B.酒精温度计 C.水银温度计
2018-09-24 21:11:53,299 - mylogger - DEBUG - 在线检索答案
2018-09-24 21:11:53,299 - mylogger - INFO - 我的答案：酒精温度计
2018-09-24 21:11:53,967 - mylogger - DEBUG - 选择选项
2018-09-24 21:11:55,983 - mylogger - INFO - 答案正确
2018-09-24 21:11:55,984 - mylogger - DEBUG - 添加此题
2018-09-24 21:11:59,347 - mylogger - INFO - 本题结束
2018-09-24 21:11:59,348 - mylogger - DEBUG - 获取题目
2018-09-24 21:12:01,458 - mylogger - INFO - 第 5 题
2018-09-24 21:12:01,753 - mylogger - INFO - 下面哪个菜系十分讲究清汤和奶汤的调剂？
2018-09-24 21:12:02,587 - mylogger - INFO - A. 鲁菜 B. 粤菜 C. 淮扬菜
2018-09-24 21:12:02,647 - mylogger - DEBUG - 数据库中检索答案
2018-09-24 21:12:02,648 - mylogger - INFO - 我的答案： 鲁菜
2018-09-24 21:12:03,258 - mylogger - DEBUG - 选择选项
2018-09-24 21:12:05,298 - mylogger - INFO - 答案正确
2018-09-24 21:12:07,969 - mylogger - INFO - 本题结束
2018-09-24 21:12:09,160 - mylogger - INFO - 本场比赛结束
2018-09-24 21:12:09,280 - mylogger - INFO - 返回游戏页面
2018-09-24 21:12:10,862 - mylogger - INFO - 进入排位赛
2018-09-24 21:12:10,863 - mylogger - INFO - 正在匹配中......
2018-09-24 21:12:53,245 - mylogger - INFO - 匹配成功
2018-09-24 21:12:53,246 - mylogger - DEBUG - 获取题目
2018-09-24 21:12:53,869 - mylogger - INFO - 第 1 题
2018-09-24 21:12:54,129 - mylogger - INFO - 以下哪个品牌不属于国产护肤品品牌？
2018-09-24 21:12:54,966 - mylogger - INFO - A.百雀羚 B.艾天然 C.双妹
2018-09-24 21:12:56,611 - mylogger - DEBUG - 在线检索答案
2018-09-24 21:12:56,611 - mylogger - INFO - 我的答案：艾天然
2018-09-24 21:12:57,190 - mylogger - DEBUG - 选择选项
2018-09-24 21:12:59,196 - mylogger - INFO - 答案正确
2018-09-24 21:12:59,198 - mylogger - DEBUG - 添加此题
2018-09-24 21:13:02,034 - mylogger - INFO - 本题结束
2018-09-24 21:13:02,035 - mylogger - DEBUG - 获取题目
2018-09-24 21:13:04,081 - mylogger - INFO - 第 2 题
2018-09-24 21:13:04,345 - mylogger - INFO - 下列哪一级不是二战新锐战列舰？
2018-09-24 21:13:05,133 - mylogger - INFO - A.北卡罗来纳级 B.维托里奥维内托级 C.山城级
2018-09-24 21:13:05,880 - mylogger - DEBUG - 在线检索答案
2018-09-24 21:13:05,880 - mylogger - INFO - 我的答案：北卡罗来纳级
2018-09-24 21:13:06,489 - mylogger - DEBUG - 选择选项
2018-09-24 21:13:08,577 - mylogger - INFO - 答案错误
2018-09-24 21:13:08,913 - mylogger - INFO - 正确答案；山城级
2018-09-24 21:13:08,915 - mylogger - DEBUG - 添加此题
2018-09-24 21:13:11,318 - mylogger - INFO - 本题结束
2018-09-24 21:13:11,318 - mylogger - DEBUG - 获取题目
2018-09-24 21:13:13,538 - mylogger - INFO - 第 3 题
2018-09-24 21:13:13,810 - mylogger - INFO - 放映幻灯时，在银幕上得到的是幻灯片的
2018-09-24 21:13:14,633 - mylogger - INFO - A.正立放大的实像 B.倒立放大的虚像 C.倒立放大的实像
2018-09-24 21:13:16,394 - mylogger - DEBUG - 在线检索答案
2018-09-24 21:13:16,394 - mylogger - INFO - 我的答案：倒立放大的实像
2018-09-24 21:13:17,145 - mylogger - DEBUG - 选择选项
2018-09-24 21:13:19,183 - mylogger - INFO - 答案正确
2018-09-24 21:13:19,185 - mylogger - DEBUG - 添加此题
2018-09-24 21:13:21,522 - mylogger - INFO - 本题结束
2018-09-24 21:13:21,523 - mylogger - DEBUG - 获取题目
2018-09-24 21:13:23,638 - mylogger - INFO - 第 4 题
2018-09-24 21:13:23,918 - mylogger - INFO - 保险责任开始后，投保人要求解除合同的，保险人可以
2018-09-24 21:13:24,746 - mylogger - INFO - A.收取全部保险费 B.要求投保人支付违约金 C.收取部分保险费
2018-09-24 21:13:24,752 - mylogger - DEBUG - 数据库中检索答案
2018-09-24 21:13:24,752 - mylogger - INFO - 我的答案：收取部分保险费
2018-09-24 21:13:25,374 - mylogger - DEBUG - 选择选项
2018-09-24 21:13:27,378 - mylogger - INFO - 答案正确
2018-09-24 21:13:31,038 - mylogger - INFO - 本题结束
2018-09-24 21:13:31,039 - mylogger - DEBUG - 获取题目
2018-09-24 21:13:33,162 - mylogger - INFO - 第 5 题
2018-09-24 21:13:33,451 - mylogger - INFO - 结婚四十五年称？
2018-09-24 21:13:34,520 - mylogger - INFO - A.齐头婚 B.珊瑚婚 C.青玉婚
2018-09-24 21:13:35,318 - mylogger - DEBUG - 在线检索答案
2018-09-24 21:13:35,319 - mylogger - INFO - 我的答案：珊瑚婚
2018-09-24 21:13:35,882 - mylogger - DEBUG - 选择选项
2018-09-24 21:13:37,879 - mylogger - INFO - 答案错误
2018-09-24 21:13:38,092 - mylogger - INFO - 正确答案；青玉婚
2018-09-24 21:13:38,093 - mylogger - DEBUG - 添加此题
2018-09-24 21:13:39,957 - mylogger - INFO - 本题结束
2018-09-24 21:13:41,123 - mylogger - INFO - 本场比赛结束
2018-09-24 21:13:41,173 - mylogger - INFO - 返回游戏页面
2018-09-24 21:13:42,715 - mylogger - INFO - 进入排位赛
2018-09-24 21:13:42,716 - mylogger - INFO - 正在匹配中......
2018-09-24 21:15:10,542 - mylogger - INFO - 匹配成功
2018-09-24 21:15:10,543 - mylogger - DEBUG - 获取题目
2018-09-24 21:15:12,103 - mylogger - INFO - 第 1 题
2018-09-24 21:15:12,375 - mylogger - INFO - 下列不属于品酒动作的是？
2018-09-24 21:15:13,334 - mylogger - INFO - A.触 B.闻 C.观
2018-09-24 21:15:14,108 - mylogger - DEBUG - 在线检索答案
2018-09-24 21:15:14,109 - mylogger - INFO - 我的答案：触
2018-09-24 21:15:14,703 - mylogger - DEBUG - 选择选项
2018-09-24 21:15:16,742 - mylogger - INFO - 答案正确
2018-09-24 21:15:16,744 - mylogger - DEBUG - 添加此题
2018-09-24 21:15:22,074 - mylogger - INFO - 本题结束
2018-09-24 21:15:22,075 - mylogger - DEBUG - 获取题目
2018-09-24 21:15:24,207 - mylogger - INFO - 第 2 题
2018-09-24 21:15:24,477 - mylogger - INFO - 在《海贼王》中，波特卡斯·D·艾斯是白胡子海贼团第几队队长？
2018-09-24 21:15:25,431 - mylogger - INFO - A.第三队队长 B.第四队队长 C.第二队队长
2018-09-24 21:15:25,437 - mylogger - DEBUG - 数据库中检索答案
2018-09-24 21:15:25,437 - mylogger - INFO - 我的答案：第二队队长
2018-09-24 21:15:26,079 - mylogger - DEBUG - 选择选项
2018-09-24 21:15:28,236 - mylogger - INFO - 答案正确
2018-09-24 21:15:30,632 - mylogger - INFO - 本题结束
2018-09-24 21:15:30,632 - mylogger - DEBUG - 获取题目
2018-09-24 21:15:32,907 - mylogger - INFO - 第 3 题
2018-09-24 21:15:33,183 - mylogger - INFO - 在太阳系的“星云假说”中，太阳系形成于什么时候？
2018-09-24 21:15:34,047 - mylogger - INFO - A.100亿年前 B.46亿年前 C.80亿年前
2018-09-24 21:15:34,905 - mylogger - DEBUG - 在线检索答案
2018-09-24 21:15:34,906 - mylogger - INFO - 我的答案：46亿年前
2018-09-24 21:15:35,555 - mylogger - DEBUG - 选择选项
2018-09-24 21:15:37,580 - mylogger - INFO - 答案正确
2018-09-24 21:15:37,582 - mylogger - DEBUG - 添加此题
2018-09-24 21:15:40,999 - mylogger - INFO - 本题结束
2018-09-24 21:15:41,000 - mylogger - DEBUG - 获取题目
2018-09-24 21:15:43,144 - mylogger - INFO - 第 4 题
2018-09-24 21:15:43,492 - mylogger - INFO - 在细胞代谢过程中，能帮助运送物质的是
2018-09-24 21:15:44,339 - mylogger - INFO - A.脂肪 B.葡萄糖 C.胆固醇
2018-09-24 21:15:46,166 - mylogger - DEBUG - 在线检索答案
2018-09-24 21:15:46,166 - mylogger - INFO - 我的答案：脂肪
2018-09-24 21:15:46,755 - mylogger - DEBUG - 选择选项
2018-09-24 21:15:48,869 - mylogger - INFO - 答案错误
2018-09-24 21:15:49,081 - mylogger - INFO - 正确答案；胆固醇
2018-09-24 21:15:49,082 - mylogger - DEBUG - 添加此题
2018-09-24 21:15:50,460 - mylogger - INFO - 本题结束
2018-09-24 21:15:50,460 - mylogger - DEBUG - 获取题目
2018-09-24 21:15:52,596 - mylogger - INFO - 第 5 题
2018-09-24 21:15:52,857 - mylogger - INFO - 司马懿将何人捉住，招出另有五人同谋篡逆？
2018-09-24 21:15:53,684 - mylogger - INFO - A.张当 B.何晏 C.李胜
2018-09-24 21:15:55,792 - mylogger - DEBUG - 在线检索答案
2018-09-24 21:15:55,792 - mylogger - INFO - 我的答案：张当
2018-09-24 21:15:56,400 - mylogger - DEBUG - 选择选项
2018-09-24 21:15:58,413 - mylogger - INFO - 答案正确
2018-09-24 21:15:58,414 - mylogger - DEBUG - 添加此题
2018-09-24 21:16:02,601 - mylogger - INFO - 本题结束
2018-09-24 21:16:03,792 - mylogger - INFO - 本场比赛结束
2018-09-24 21:16:03,865 - mylogger - INFO - 返回游戏页面
2018-09-24 21:16:05,413 - mylogger - INFO - 进入排位赛
2018-09-24 21:16:05,414 - mylogger - INFO - 正在匹配中......
2018-09-24 21:17:59,381 - mylogger - INFO - 匹配成功
2018-09-24 21:17:59,382 - mylogger - DEBUG - 获取题目
2018-09-24 21:18:00,861 - mylogger - INFO - 第 1 题
2018-09-24 21:18:01,147 - mylogger - INFO - 下列数字中哪一个是西方人最忌讳的？
2018-09-24 21:18:01,954 - mylogger - INFO - A.4 B.7 C.13
2018-09-24 21:18:01,958 - mylogger - DEBUG - 数据库中检索答案
2018-09-24 21:18:01,959 - mylogger - INFO - 我的答案：13
2018-09-24 21:18:02,657 - mylogger - DEBUG - 选择选项
2018-09-24 21:18:04,682 - mylogger - INFO - 答案正确
2018-09-24 21:18:05,606 - mylogger - INFO - 本题结束
2018-09-24 21:18:05,607 - mylogger - DEBUG - 获取题目
2018-09-24 21:18:08,007 - mylogger - INFO - 第 2 题
2018-09-24 21:18:08,277 - mylogger - INFO - 以下哪部漫画的同名电视剧是关晓彤主演的？
2018-09-24 21:18:09,097 - mylogger - INFO - A.《三生三世十里桃花》 B.《凤囚凰》 C.《微微一笑很倾城》
2018-09-24 21:18:09,935 - mylogger - DEBUG - 在线检索答案
2018-09-24 21:18:09,935 - mylogger - INFO - 我的答案：《凤囚凰》
2018-09-24 21:18:10,553 - mylogger - DEBUG - 选择选项
2018-09-24 21:18:12,570 - mylogger - INFO - 答案正确
2018-09-24 21:18:12,572 - mylogger - DEBUG - 添加此题
2018-09-24 21:18:13,558 - mylogger - INFO - 本题结束
2018-09-24 21:18:13,559 - mylogger - DEBUG - 获取题目
2018-09-24 21:18:15,802 - mylogger - INFO - 第 3 题
2018-09-24 21:18:16,107 - mylogger - INFO - 西方国家在平安夜报圣诞佳音持续时间段是？
2018-09-24 21:18:16,951 - mylogger - INFO - A.12:00-19:00 B.17:00-00:00 C.21:00-04:00
2018-09-24 21:18:17,831 - mylogger - DEBUG - 未检索到答案
2018-09-24 21:18:17,832 - mylogger - INFO - 我的答案：12:00-19:00
2018-09-24 21:18:18,402 - mylogger - DEBUG - 选择选项
2018-09-24 21:18:20,451 - mylogger - INFO - 答案错误
2018-09-24 21:18:20,659 - mylogger - INFO - 正确答案；21:00-04:00
2018-09-24 21:18:20,660 - mylogger - DEBUG - 添加此题
2018-09-24 21:18:26,966 - mylogger - INFO - 本题结束
2018-09-24 21:18:26,967 - mylogger - DEBUG - 获取题目
2018-09-24 21:18:29,271 - mylogger - INFO - 第 4 题
2018-09-24 21:18:29,544 - mylogger - INFO - 下列哪个选项不是腊八节的别称？
2018-09-24 21:18:30,343 - mylogger - INFO - A.腊月祭 B.腊八祭 C.王侯腊
2018-09-24 21:18:30,348 - mylogger - DEBUG - 数据库中检索答案
2018-09-24 21:18:30,348 - mylogger - INFO - 我的答案：腊月祭
2018-09-24 21:18:30,970 - mylogger - DEBUG - 选择选项
2018-09-24 21:18:33,004 - mylogger - INFO - 答案正确
2018-09-24 21:18:34,623 - mylogger - INFO - 本题结束
2018-09-24 21:18:34,624 - mylogger - DEBUG - 获取题目
2018-09-24 21:18:36,815 - mylogger - INFO - 第 5 题
2018-09-24 21:18:37,084 - mylogger - INFO - 身体质量指数是指以下的哪一个？
2018-09-24 21:18:37,928 - mylogger - INFO - A.BIM指数 B.BMI指数 C.MIB指数
2018-09-24 21:18:37,934 - mylogger - DEBUG - 数据库中检索答案
2018-09-24 21:18:37,934 - mylogger - INFO - 我的答案：BMI指数
2018-09-24 21:18:38,539 - mylogger - DEBUG - 选择选项
2018-09-24 21:18:40,579 - mylogger - INFO - 答案正确
2018-09-24 21:18:44,679 - mylogger - INFO - 本题结束
2018-09-24 21:18:45,864 - mylogger - INFO - 本场比赛结束
2018-09-24 21:18:45,967 - mylogger - INFO - 返回游戏页面
2018-09-24 21:18:47,504 - mylogger - INFO - 进入排位赛
2018-09-24 21:18:47,505 - mylogger - INFO - 正在匹配中......
2018-09-24 21:19:29,246 - mylogger - INFO - 停止UC浏览器
2018-09-24 21:19:29,297 - mylogger - DEBUG - 返回主页面
2018-09-24 21:19:30,429 - mylogger - DEBUG - 打开UC浏览器
2018-09-24 21:19:32,821 - mylogger - DEBUG - 进入用户页面
2018-09-24 21:19:34,010 - mylogger - DEBUG - 进入游戏页面1
2018-09-24 21:19:36,256 - mylogger - DEBUG - 进入游戏页面2
2018-09-24 21:19:38,998 - mylogger - INFO - 选择游戏
2018-09-24 21:19:41,259 - mylogger - INFO - 进入排位赛
2018-09-24 21:19:41,259 - mylogger - INFO - 正在匹配中......
2018-09-24 21:21:09,853 - mylogger - INFO - 匹配成功
2018-09-24 21:21:09,853 - mylogger - DEBUG - 获取题目
2018-09-24 21:21:11,245 - mylogger - INFO - 第 1 题
2018-09-24 21:21:11,525 - mylogger - INFO - 响尾蛇可以利用什么感应附近的动物？
2018-09-24 21:21:12,520 - mylogger - INFO - A.红外线 B.次声波 C.超声波
2018-09-24 21:21:12,525 - mylogger - DEBUG - 数据库中检索答案
2018-09-24 21:21:12,525 - mylogger - INFO - 我的答案：红外线
2018-09-24 21:21:13,205 - mylogger - DEBUG - 选择选项
2018-09-24 21:21:15,226 - mylogger - INFO - 答案正确
2018-09-24 21:21:21,133 - mylogger - INFO - 本题结束
2018-09-24 21:21:21,133 - mylogger - DEBUG - 获取题目
2018-09-24 21:21:23,306 - mylogger - INFO - 第 2 题
2018-09-24 21:21:23,610 - mylogger - INFO - 下列干果中，脂肪含量最高的是什么？
2018-09-24 21:21:24,512 - mylogger - INFO - A.核桃 B.开心果 C.瓜子
2018-09-24 21:21:25,475 - mylogger - DEBUG - 在线检索答案
2018-09-24 21:21:25,475 - mylogger - INFO - 我的答案：核桃
2018-09-24 21:21:26,109 - mylogger - DEBUG - 选择选项
2018-09-24 21:21:28,190 - mylogger - INFO - 答案正确
2018-09-24 21:21:28,191 - mylogger - DEBUG - 添加此题
2018-09-24 21:21:32,862 - mylogger - INFO - 本题结束
2018-09-24 21:21:32,862 - mylogger - DEBUG - 获取题目
2018-09-24 21:21:35,150 - mylogger - INFO - 第 3 题
2018-09-24 21:21:35,463 - mylogger - INFO - 以下哪位球员不是在1996年NBA选秀中选出的？
2018-09-24 21:21:36,443 - mylogger - INFO - A.夸梅·布朗 B.斯蒂芬·马布里 C.科比·布莱恩特
2018-09-24 21:21:36,448 - mylogger - DEBUG - 数据库中检索答案
2018-09-24 21:21:36,448 - mylogger - INFO - 我的答案：夸梅·布朗
2018-09-24 21:21:37,094 - mylogger - DEBUG - 选择选项
2018-09-24 21:21:39,182 - mylogger - INFO - 答案正确
2018-09-24 21:21:42,751 - mylogger - INFO - 本题结束
2018-09-24 21:21:42,751 - mylogger - DEBUG - 获取题目
2018-09-24 21:21:44,850 - mylogger - INFO - 第 4 题
2018-09-24 21:21:45,146 - mylogger - INFO - 在斯诺克的彩球里面，咖啡球是多少分值？
2018-09-24 21:21:45,985 - mylogger - INFO - A.3分 B.5分 C.4分
2018-09-24 21:21:45,988 - mylogger - DEBUG - 数据库中检索答案
2018-09-24 21:21:45,989 - mylogger - INFO - 我的答案：4分
2018-09-24 21:21:46,608 - mylogger - DEBUG - 选择选项
2018-09-24 21:21:48,683 - mylogger - INFO - 答案正确
2018-09-24 21:21:51,655 - mylogger - INFO - 本题结束
2018-09-24 21:21:51,655 - mylogger - DEBUG - 获取题目
2018-09-24 21:21:53,957 - mylogger - INFO - 第 5 题
2018-09-24 21:21:54,287 - mylogger - INFO - “肠断白苹洲”是以下哪首词中的语句？
2018-09-24 21:21:55,200 - mylogger - INFO - A.如梦令 B.梦江南 C.渔歌子
2018-09-24 21:21:56,123 - mylogger - DEBUG - 在线检索答案
2018-09-24 21:21:56,124 - mylogger - INFO - 我的答案：梦江南
2018-09-24 21:21:56,747 - mylogger - DEBUG - 选择选项
2018-09-24 21:21:58,904 - mylogger - INFO - 答案正确
2018-09-24 21:21:58,905 - mylogger - DEBUG - 添加此题
2018-09-24 21:22:00,989 - mylogger - INFO - 本题结束
2018-09-24 21:22:02,142 - mylogger - INFO - 本场比赛结束
2018-09-24 21:22:02,271 - mylogger - INFO - 返回游戏页面
2018-09-24 21:22:03,883 - mylogger - INFO - 进入排位赛
2018-09-24 21:22:03,883 - mylogger - INFO - 正在匹配中......
2018-09-24 21:22:32,032 - mylogger - INFO - 匹配成功
2018-09-24 21:22:32,033 - mylogger - DEBUG - 获取题目
2018-09-24 21:22:33,462 - mylogger - INFO - 第 1 题
2018-09-24 21:22:33,725 - mylogger - INFO - 有叶不开花，开花不见叶，花开百花前，飘香傲风雪 (打一植物)
2018-09-24 21:22:34,585 - mylogger - INFO - A.冬瓜 B.含羞草 C.梅花
2018-09-24 21:22:35,762 - mylogger - DEBUG - 在线检索答案
2018-09-24 21:22:35,762 - mylogger - INFO - 我的答案：冬瓜
2018-09-24 21:22:36,370 - mylogger - DEBUG - 选择选项
2018-09-24 21:22:38,441 - mylogger - INFO - 答案错误
2018-09-24 21:22:38,653 - mylogger - INFO - 正确答案；梅花
2018-09-24 21:22:38,654 - mylogger - DEBUG - 添加此题
2018-09-24 21:22:43,449 - mylogger - INFO - 本题结束
2018-09-24 21:22:43,449 - mylogger - DEBUG - 获取题目
2018-09-24 21:22:45,489 - mylogger - INFO - 第 2 题
2018-09-24 21:22:45,777 - mylogger - INFO - 一元硬币的直径是多少？
2018-09-24 21:22:46,785 - mylogger - INFO - A.3千米 B.1米 C.25毫米
2018-09-24 21:22:47,432 - mylogger - DEBUG - 在线检索答案
2018-09-24 21:22:47,432 - mylogger - INFO - 我的答案：25毫米
2018-09-24 21:22:48,021 - mylogger - DEBUG - 选择选项
2018-09-24 21:22:50,058 - mylogger - INFO - 答案正确
2018-09-24 21:22:50,059 - mylogger - DEBUG - 添加此题
2018-09-24 21:22:51,385 - mylogger - INFO - 本题结束
2018-09-24 21:22:51,385 - mylogger - DEBUG - 获取题目
2018-09-24 21:22:53,694 - mylogger - INFO - 第 3 题
2018-09-24 21:22:53,968 - mylogger - INFO - 在麻将桌上，大家双手搓动牌，使牌均匀而无序地运动，称为：
2018-09-24 21:22:54,846 - mylogger - INFO - A.理气 B.码牌 C.洗牌
2018-09-24 21:22:54,849 - mylogger - DEBUG - 数据库中检索答案
2018-09-24 21:22:54,849 - mylogger - INFO - 我的答案：洗牌
2018-09-24 21:22:55,498 - mylogger - DEBUG - 选择选项
2018-09-24 21:22:57,574 - mylogger - INFO - 答案正确
2018-09-24 21:23:00,898 - mylogger - INFO - 本题结束
2018-09-24 21:23:00,899 - mylogger - DEBUG - 获取题目
2018-09-24 21:23:03,130 - mylogger - INFO - 第 4 题
2018-09-24 21:23:03,407 - mylogger - INFO - 尼古拉·哥白尼是著名的天文学家，请问他是哪国人？
2018-09-24 21:23:04,266 - mylogger - INFO - A.英国 B.澳大利亚 C.波兰
2018-09-24 21:23:04,270 - mylogger - DEBUG - 数据库中检索答案
2018-09-24 21:23:04,270 - mylogger - INFO - 我的答案：波兰
2018-09-24 21:23:04,889 - mylogger - DEBUG - 选择选项
2018-09-24 21:23:06,970 - mylogger - INFO - 答案正确
2018-09-24 21:23:10,267 - mylogger - INFO - 本题结束
2018-09-24 21:23:10,268 - mylogger - DEBUG - 获取题目
2018-09-24 21:23:12,458 - mylogger - INFO - 第 5 题
2018-09-24 21:23:12,779 - mylogger - INFO - “汁”字有多少笔画数？
2018-09-24 21:23:13,691 - mylogger - INFO - A.7 B.6 C.5
2018-09-24 21:23:14,481 - mylogger - DEBUG - 在线检索答案
2018-09-24 21:23:14,481 - mylogger - INFO - 我的答案：5
2018-09-24 21:23:15,131 - mylogger - DEBUG - 选择选项
2018-09-24 21:23:17,309 - mylogger - INFO - 答案正确
2018-09-24 21:23:17,310 - mylogger - DEBUG - 添加此题
2018-09-24 21:23:19,411 - mylogger - INFO - 本题结束
2018-09-24 21:23:20,616 - mylogger - INFO - 本场比赛结束
2018-09-24 21:23:20,662 - mylogger - INFO - 返回游戏页面
2018-09-24 21:23:22,330 - mylogger - INFO - 进入排位赛
2018-09-24 21:23:22,331 - mylogger - INFO - 正在匹配中......
2018-09-24 21:24:06,561 - mylogger - INFO - 匹配成功
2018-09-24 21:24:06,561 - mylogger - DEBUG - 获取题目
2018-09-24 21:24:08,061 - mylogger - INFO - 第 1 题
2018-09-24 21:24:08,340 - mylogger - INFO - 篮球运动员郭艾伦的球衣号码是几号？
2018-09-24 21:24:09,337 - mylogger - INFO - A.13号 B.3号 C.5号
2018-09-24 21:24:10,162 - mylogger - DEBUG - 在线检索答案
2018-09-24 21:24:10,162 - mylogger - INFO - 我的答案：5号
2018-09-24 21:24:10,881 - mylogger - DEBUG - 选择选项
2018-09-24 21:24:12,979 - mylogger - INFO - 答案错误
2018-09-24 21:24:13,086 - mylogger - INFO - 正确答案；13号
2018-09-24 21:24:13,087 - mylogger - DEBUG - 添加此题
2018-09-24 21:24:14,950 - mylogger - INFO - 本题结束
2018-09-24 21:24:14,950 - mylogger - DEBUG - 获取题目
2018-09-24 21:24:17,253 - mylogger - INFO - 第 2 题
2018-09-24 21:24:17,593 - mylogger - INFO - 安全电压应低于多少伏？
2018-09-24 21:24:18,607 - mylogger - INFO - A.110V B.24V C.36V
2018-09-24 21:24:20,226 - mylogger - DEBUG - 在线检索答案
2018-09-24 21:24:20,226 - mylogger - INFO - 我的答案：24V
2018-09-24 21:24:20,885 - mylogger - DEBUG - 选择选项
2018-09-24 21:24:23,042 - mylogger - INFO - 答案错误
2018-09-24 21:24:23,246 - mylogger - INFO - 正确答案；36V
2018-09-24 21:24:23,247 - mylogger - DEBUG - 添加此题
2018-09-24 21:24:23,851 - mylogger - INFO - 本题结束
2018-09-24 21:24:23,851 - mylogger - DEBUG - 获取题目
2018-09-24 21:24:26,126 - mylogger - INFO - 第 3 题
2018-09-24 21:24:26,409 - mylogger - INFO - 10个橘子重1斤，1个橘子分10瓣，每瓣大小都相同，1瓣橘子重多少？
2018-09-24 21:24:27,318 - mylogger - INFO - A.100克 B.50克 C.5克
2018-09-24 21:24:28,949 - mylogger - DEBUG - 未检索到答案
2018-09-24 21:24:28,949 - mylogger - INFO - 我的答案：100克
2018-09-24 21:24:29,577 - mylogger - DEBUG - 选择选项
2018-09-24 21:24:31,706 - mylogger - INFO - 答案错误
2018-09-24 21:24:31,943 - mylogger - INFO - 正确答案；5克
2018-09-24 21:24:31,943 - mylogger - DEBUG - 添加此题
2018-09-24 21:24:37,286 - mylogger - INFO - 本题结束
2018-09-24 21:24:37,287 - mylogger - DEBUG - 获取题目
2018-09-24 21:24:39,370 - mylogger - INFO - 第 4 题
2018-09-24 21:24:39,705 - mylogger - INFO - 半月型钻石镶嵌技法是哪个珠宝品牌的特色？
2018-09-24 21:24:40,806 - mylogger - INFO - A.Damiani B.梵克雅宝 C.宝格丽
2018-09-24 21:24:40,810 - mylogger - DEBUG - 数据库中检索答案
2018-09-24 21:24:40,810 - mylogger - INFO - 我的答案：Damiani
2018-09-24 21:24:41,450 - mylogger - DEBUG - 选择选项
2018-09-24 21:24:43,528 - mylogger - INFO - 答案正确
2018-09-24 21:24:47,928 - mylogger - INFO - 本题结束
2018-09-24 21:24:47,928 - mylogger - DEBUG - 获取题目
2018-09-24 21:24:50,198 - mylogger - INFO - 第 5 题
2018-09-24 21:24:50,507 - mylogger - INFO - “（）”是满族民间体育活动中的一种球类比赛，已有很长的历史。
2018-09-24 21:24:51,463 - mylogger - INFO - A.绣珍珠 B.采珍珠 C.踢珍珠
2018-09-24 21:24:52,593 - mylogger - DEBUG - 在线检索答案
2018-09-24 21:24:52,594 - mylogger - INFO - 我的答案：采珍珠
2018-09-24 21:24:53,187 - mylogger - DEBUG - 选择选项
2018-09-24 21:24:55,304 - mylogger - INFO - 答案正确
2018-09-24 21:24:55,305 - mylogger - DEBUG - 添加此题
2018-09-24 21:24:59,799 - mylogger - INFO - 本题结束
2018-09-24 21:25:00,975 - mylogger - INFO - 本场比赛结束
2018-09-24 21:25:01,014 - mylogger - INFO - 返回游戏页面
2018-09-24 21:25:02,602 - mylogger - INFO - 进入排位赛
2018-09-24 21:25:02,602 - mylogger - INFO - 正在匹配中......
2018-09-24 21:26:30,894 - mylogger - INFO - 匹配成功
2018-09-24 21:26:30,895 - mylogger - DEBUG - 获取题目
2018-09-24 21:26:32,516 - mylogger - INFO - 第 1 题
2018-09-24 21:26:32,835 - mylogger - INFO - 地球有几颗卫星：
2018-09-24 21:26:33,683 - mylogger - INFO - A.1 B.2 C.0
2018-09-24 21:26:34,461 - mylogger - DEBUG - 在线检索答案
2018-09-24 21:26:34,462 - mylogger - INFO - 我的答案：0
2018-09-24 21:26:35,119 - mylogger - DEBUG - 选择选项
2018-09-24 21:26:37,195 - mylogger - INFO - 答案错误
2018-09-24 21:26:37,307 - mylogger - INFO - 正确答案；1
2018-09-24 21:26:37,307 - mylogger - DEBUG - 添加此题
2018-09-24 21:26:38,034 - mylogger - INFO - 本题结束
2018-09-24 21:26:38,035 - mylogger - DEBUG - 获取题目
2018-09-24 21:26:40,203 - mylogger - INFO - 第 2 题
2018-09-24 21:26:40,463 - mylogger - INFO - 电影《河东狮吼2》中，黄月英的扮演者是谁？
2018-09-24 21:26:41,299 - mylogger - INFO - A.吴君如 B.张柏芝 C.刘亦菲
2018-09-24 21:26:41,994 - mylogger - DEBUG - 在线检索答案
2018-09-24 21:26:41,994 - mylogger - INFO - 我的答案：张柏芝
2018-09-24 21:26:42,579 - mylogger - DEBUG - 选择选项
2018-09-24 21:26:44,607 - mylogger - INFO - 答案正确
2018-09-24 21:26:44,608 - mylogger - DEBUG - 添加此题
2018-09-24 21:26:48,043 - mylogger - INFO - 本题结束
2018-09-24 21:26:48,044 - mylogger - DEBUG - 获取题目
2018-09-24 21:26:50,263 - mylogger - INFO - 第 3 题
2018-09-24 21:26:50,532 - mylogger - INFO - 唐代“三省”中一般负责决策的是哪个省？
2018-09-24 21:26:51,500 - mylogger - INFO - A.尚书省 B.门下省 C.中书省
2018-09-24 21:26:51,503 - mylogger - DEBUG - 数据库中检索答案
2018-09-24 21:26:51,503 - mylogger - INFO - 我的答案：中书省
2018-09-24 21:26:52,087 - mylogger - DEBUG - 选择选项
2018-09-24 21:26:54,216 - mylogger - INFO - 答案正确
2018-09-24 21:27:01,068 - mylogger - INFO - 本题结束
2018-09-24 21:27:01,068 - mylogger - DEBUG - 获取题目
2018-09-24 21:27:03,019 - mylogger - INFO - 第 4 题
2018-09-24 21:27:03,309 - mylogger - INFO - 真正能雌雄相守，从一而终的比翼鸟是什么动物？
2018-09-24 21:27:04,244 - mylogger - INFO - A.燕子 B.大雁 C.天鹅
2018-09-24 21:27:04,247 - mylogger - DEBUG - 数据库中检索答案
2018-09-24 21:27:04,247 - mylogger - INFO - 我的答案：天鹅
2018-09-24 21:27:04,851 - mylogger - DEBUG - 选择选项
2018-09-24 21:27:06,944 - mylogger - INFO - 答案正确
2018-09-24 21:27:13,964 - mylogger - INFO - 本题结束
2018-09-24 21:27:13,965 - mylogger - DEBUG - 获取题目
2018-09-24 21:27:16,349 - mylogger - INFO - 第 5 题
2018-09-24 21:27:16,665 - mylogger - INFO - 春晚小品《打工奇遇》中的 “群英荟萃”这道菜由几种萝卜做成？
2018-09-24 21:27:17,481 - mylogger - INFO - A.3 B.4 C.6
2018-09-24 21:27:18,277 - mylogger - DEBUG - 在线检索答案
2018-09-24 21:27:18,277 - mylogger - INFO - 我的答案：6
2018-09-24 21:27:18,953 - mylogger - DEBUG - 选择选项
2018-09-24 21:27:21,005 - mylogger - INFO - 答案错误
2018-09-24 21:27:21,286 - mylogger - INFO - 正确答案；4
2018-09-24 21:27:21,287 - mylogger - DEBUG - 添加此题
2018-09-24 21:27:26,189 - mylogger - INFO - 本题结束
2018-09-24 21:27:27,345 - mylogger - INFO - 本场比赛结束
2018-09-24 21:27:27,386 - mylogger - INFO - 返回游戏页面
2018-09-24 21:27:28,933 - mylogger - INFO - 进入排位赛
2018-09-24 21:27:28,933 - mylogger - INFO - 正在匹配中......
2018-09-24 21:27:42,842 - mylogger - INFO - 匹配成功
2018-09-24 21:27:42,842 - mylogger - DEBUG - 获取题目
2018-09-24 21:27:44,078 - mylogger - INFO - 第 1 题
2018-09-24 21:27:44,386 - mylogger - INFO - 以下动画中，哪部是日本漫画家宫崎骏的作品？
2018-09-24 21:27:45,394 - mylogger - INFO - A.《圣斗士》 B.《犬夜叉》 C.《天空之城》
2018-09-24 21:27:46,571 - mylogger - DEBUG - 未检索到答案
2018-09-24 21:27:46,571 - mylogger - INFO - 我的答案：《圣斗士》
2018-09-24 21:27:47,222 - mylogger - DEBUG - 选择选项
2018-09-24 21:27:49,354 - mylogger - INFO - 答案错误
2018-09-24 21:27:49,606 - mylogger - INFO - 正确答案；《天空之城》
2018-09-24 21:27:49,607 - mylogger - DEBUG - 添加此题
2018-09-24 21:27:51,498 - mylogger - INFO - 本题结束
2018-09-24 21:27:51,498 - mylogger - DEBUG - 获取题目
2018-09-24 21:27:53,670 - mylogger - INFO - 第 2 题
2018-09-24 21:27:53,958 - mylogger - INFO - 从糖的甜度讲，下列物质最甜的是：
2018-09-24 21:27:54,827 - mylogger - INFO - A.果糖 B.白糖 C.乳糖
2018-09-24 21:27:54,838 - mylogger - DEBUG - 数据库中检索答案
2018-09-24 21:27:54,838 - mylogger - INFO - 我的答案：果糖
2018-09-24 21:27:55,443 - mylogger - DEBUG - 选择选项
2018-09-24 21:27:57,502 - mylogger - INFO - 答案正确
2018-09-24 21:28:04,978 - mylogger - INFO - 本题结束
2018-09-24 21:28:04,978 - mylogger - DEBUG - 获取题目
2018-09-24 21:28:07,243 - mylogger - INFO - 第 3 题
2018-09-24 21:28:07,570 - mylogger - INFO - 键盘盲打时，左右手的两个食指分别在哪个键上？
2018-09-24 21:28:08,379 - mylogger - INFO - A.F、G B.G、J C.F、J
2018-09-24 21:28:08,382 - mylogger - DEBUG - 数据库中检索答案
2018-09-24 21:28:08,382 - mylogger - INFO - 我的答案：F、J
2018-09-24 21:28:09,052 - mylogger - DEBUG - 选择选项
2018-09-24 21:28:11,187 - mylogger - INFO - 答案正确
2018-09-24 21:28:19,047 - mylogger - INFO - 本题结束
2018-09-24 21:28:19,047 - mylogger - DEBUG - 获取题目
2018-09-24 21:28:21,340 - mylogger - INFO - 第 4 题
2018-09-24 21:28:21,648 - mylogger - INFO - 苹果公司总部位于？
2018-09-24 21:28:22,543 - mylogger - INFO - A.萨克拉门托 B.亚特兰大 C.库比蒂诺
2018-09-24 21:28:22,554 - mylogger - DEBUG - 数据库中检索答案
2018-09-24 21:28:22,554 - mylogger - INFO - 我的答案：库比蒂诺
2018-09-24 21:28:23,147 - mylogger - DEBUG - 选择选项
2018-09-24 21:28:25,231 - mylogger - INFO - 答案正确
2018-09-24 21:28:29,443 - mylogger - INFO - 本题结束
2018-09-24 21:28:29,444 - mylogger - DEBUG - 获取题目
2018-09-24 21:28:31,564 - mylogger - INFO - 第 5 题
2018-09-24 21:28:31,864 - mylogger - INFO - 世界第二高峰是哪条山脉的主峰？
2018-09-24 21:28:32,764 - mylogger - INFO - A.安第斯山脉 B.昆仑山脉 C.喀喇昆仑山脉
2018-09-24 21:28:32,767 - mylogger - DEBUG - 数据库中检索答案
2018-09-24 21:28:32,767 - mylogger - INFO - 我的答案：喀喇昆仑山脉
2018-09-24 21:28:33,368 - mylogger - DEBUG - 选择选项
2018-09-24 21:28:35,452 - mylogger - INFO - 答案正确
2018-09-24 21:28:41,861 - mylogger - INFO - 本题结束
2018-09-24 21:28:43,046 - mylogger - INFO - 本场比赛结束
2018-09-24 21:28:43,169 - mylogger - INFO - 返回游戏页面
2018-09-24 21:28:44,745 - mylogger - INFO - 进入排位赛
2018-09-24 21:28:44,745 - mylogger - INFO - 正在匹配中......
2018-09-24 21:28:58,112 - mylogger - INFO - 匹配成功
2018-09-24 21:28:58,112 - mylogger - DEBUG - 获取题目
2018-09-24 21:28:59,297 - mylogger - INFO - 第 1 题
2018-09-24 21:28:59,576 - mylogger - INFO - 周杰伦唱的“你和猫都想了解”的鱼是什么鱼？
2018-09-24 21:29:00,445 - mylogger - INFO - A.鳗鱼 B.多春鱼 C.秋刀鱼
2018-09-24 21:29:01,215 - mylogger - DEBUG - 在线检索答案
2018-09-24 21:29:01,216 - mylogger - INFO - 我的答案：秋刀鱼
2018-09-24 21:29:01,848 - mylogger - DEBUG - 选择选项
2018-09-24 21:29:03,913 - mylogger - INFO - 答案正确
2018-09-24 21:29:03,914 - mylogger - DEBUG - 添加此题
2018-09-24 21:29:08,653 - mylogger - INFO - 本题结束
2018-09-24 21:29:08,653 - mylogger - DEBUG - 获取题目
2018-09-24 21:29:10,986 - mylogger - INFO - 第 2 题
2018-09-24 21:29:11,317 - mylogger - INFO - 糖尿病患者的血中胰岛素：
2018-09-24 21:29:12,272 - mylogger - INFO - A.过剩 B.适中 C.不足
2018-09-24 21:29:14,295 - mylogger - DEBUG - 未检索到答案
2018-09-24 21:29:14,295 - mylogger - INFO - 我的答案：过剩
2018-09-24 21:29:14,989 - mylogger - DEBUG - 选择选项
2018-09-24 21:29:17,047 - mylogger - INFO - 答案错误
2018-09-24 21:29:17,254 - mylogger - INFO - 正确答案；不足
2018-09-24 21:29:17,255 - mylogger - DEBUG - 添加此题
2018-09-24 21:29:19,013 - mylogger - INFO - 本题结束
2018-09-24 21:29:19,013 - mylogger - DEBUG - 获取题目
2018-09-24 21:29:21,237 - mylogger - INFO - 第 3 题
2018-09-24 21:29:21,507 - mylogger - INFO - 被誉为"欧元之父"的是：
2018-09-24 21:29:22,470 - mylogger - INFO - A.科尼普坎普 B.罗伯特·蒙代尔 C.冯．诺依曼
2018-09-24 21:34:31,297 - 123 - INFO - 停止UC浏览器
2018-09-24 21:34:31,476 - 123 - DEBUG - 返回主页面
2018-09-24 21:34:32,050 - 123 - DEBUG - 打开UC浏览器
2018-09-24 21:34:34,626 - 123 - DEBUG - 进入用户页面
2018-09-24 21:34:35,665 - 123 - DEBUG - 进入游戏页面1
2018-09-24 21:34:38,011 - 123 - DEBUG - 进入游戏页面2
2018-09-24 21:34:40,403 - 123 - INFO - 选择游戏
2018-09-24 21:35:54,039 - VBJDU18422021801 - INFO - 停止UC浏览器
2018-09-24 21:35:54,109 - VBJDU18422021801 - DEBUG - 返回主页面
2018-09-24 21:35:55,210 - VBJDU18422021801 - DEBUG - 打开UC浏览器
2018-09-24 21:35:57,538 - VBJDU18422021801 - DEBUG - 进入用户页面
2018-09-24 21:35:58,686 - VBJDU18422021801 - DEBUG - 进入游戏页面1
2018-09-24 21:36:00,946 - VBJDU18422021801 - DEBUG - 进入游戏页面2
2018-09-24 21:36:03,570 - VBJDU18422021801 - INFO - 选择游戏
2018-09-24 21:36:06,115 - VBJDU18422021801 - INFO - 进入排位赛
2018-09-24 21:36:06,115 - VBJDU18422021801 - INFO - 正在匹配中......
2018-09-24 21:36:20,363 - VBJDU18422021801 - INFO - 匹配成功
2018-09-24 21:36:20,363 - VBJDU18422021801 - DEBUG - 获取题目
2018-09-24 21:36:21,024 - VBJDU18422021801 - INFO - 第 1 题
2018-09-24 21:36:21,283 - VBJDU18422021801 - INFO - ”国际儿童节“是哪个机构设立的？
2018-09-24 21:36:22,127 - VBJDU18422021801 - INFO - A.国际民主妇女联合会 B.联合国 C.欧盟
2018-09-24 21:36:22,939 - VBJDU18422021801 - DEBUG - 在线检索答案
2018-09-24 21:36:22,939 - VBJDU18422021801 - INFO - 我的答案：国际民主妇女联合会
2018-09-24 21:36:23,580 - VBJDU18422021801 - DEBUG - 选择选项
2018-09-24 21:36:25,635 - VBJDU18422021801 - INFO - 答案正确
2018-09-24 21:36:25,636 - VBJDU18422021801 - DEBUG - 添加此题
2018-09-24 21:36:26,584 - VBJDU18422021801 - INFO - 本题结束
2018-09-24 21:36:26,585 - VBJDU18422021801 - DEBUG - 获取题目
2018-09-24 21:36:28,699 - VBJDU18422021801 - INFO - 第 2 题
2018-09-24 21:36:28,983 - VBJDU18422021801 - INFO - 婴儿经常含着奶瓶睡觉易造成哪种危害？
2018-09-24 21:36:29,807 - VBJDU18422021801 - INFO - A.容易发生龋齿 B.容易引起窒息 C.容易缺乏安全感
2018-09-24 21:36:30,486 - VBJDU18422021801 - DEBUG - 在线检索答案
2018-09-24 21:36:30,486 - VBJDU18422021801 - INFO - 我的答案：容易发生龋齿
2018-09-24 21:36:31,075 - VBJDU18422021801 - DEBUG - 选择选项
2018-09-24 21:36:33,096 - VBJDU18422021801 - INFO - 答案正确
2018-09-24 21:36:33,097 - VBJDU18422021801 - DEBUG - 添加此题
2018-09-24 21:36:38,468 - VBJDU18422021801 - INFO - 本题结束
2018-09-24 21:36:38,468 - VBJDU18422021801 - DEBUG - 获取题目
2018-09-24 21:36:40,915 - VBJDU18422021801 - INFO - 第 3 题
2018-09-24 21:36:41,259 - VBJDU18422021801 - INFO - 南岳衡山七十二峰的最高峰是哪座？
2018-09-24 21:36:42,168 - VBJDU18422021801 - INFO - A.祝融峰 B.天柱峰 C.紫盖峰
2018-09-24 21:36:42,171 - VBJDU18422021801 - DEBUG - 数据库中检索答案
2018-09-24 21:36:42,171 - VBJDU18422021801 - INFO - 我的答案：祝融峰
2018-09-24 21:36:42,803 - VBJDU18422021801 - DEBUG - 选择选项
2018-09-24 21:36:44,852 - VBJDU18422021801 - INFO - 答案正确
2018-09-24 21:36:46,457 - VBJDU18422021801 - INFO - 本题结束
2018-09-24 21:36:46,457 - VBJDU18422021801 - DEBUG - 获取题目
2018-09-24 21:36:48,625 - VBJDU18422021801 - INFO - 第 4 题
2018-09-24 21:36:48,944 - VBJDU18422021801 - INFO - IBM总部位于？
2018-09-24 21:36:49,753 - VBJDU18422021801 - INFO - A.阿蒙克 B.伯明翰 C.洛杉矶
2018-09-24 21:36:49,765 - VBJDU18422021801 - DEBUG - 数据库中检索答案
2018-09-24 21:36:49,765 - VBJDU18422021801 - INFO - 我的答案：阿蒙克
2018-09-24 21:36:50,401 - VBJDU18422021801 - DEBUG - 选择选项
2018-09-24 21:36:52,468 - VBJDU18422021801 - INFO - 答案正确
2018-09-24 21:36:54,953 - VBJDU18422021801 - INFO - 本题结束
2018-09-24 21:36:54,953 - VBJDU18422021801 - DEBUG - 获取题目
2018-09-24 21:36:57,324 - VBJDU18422021801 - INFO - 第 5 题
2018-09-24 21:36:57,641 - VBJDU18422021801 - INFO - 名菜“廖排骨”是哪个地方的？
2018-09-24 21:36:58,508 - VBJDU18422021801 - INFO - A.贵州 B.四川 C.重庆
2018-09-24 21:36:59,742 - VBJDU18422021801 - DEBUG - 在线检索答案
2018-09-24 21:36:59,742 - VBJDU18422021801 - INFO - 我的答案：四川
2018-09-24 21:37:00,348 - VBJDU18422021801 - DEBUG - 选择选项
2018-09-24 21:37:02,382 - VBJDU18422021801 - INFO - 答案正确
2018-09-24 21:37:02,382 - VBJDU18422021801 - DEBUG - 添加此题
2018-09-24 21:37:03,145 - VBJDU18422021801 - INFO - 本题结束
2018-09-24 21:37:04,346 - VBJDU18422021801 - INFO - 本场比赛结束
2018-09-24 21:37:04,469 - VBJDU18422021801 - INFO - 返回游戏页面
2018-09-24 21:37:06,101 - VBJDU18422021801 - INFO - 进入排位赛
2018-09-24 21:37:06,101 - VBJDU18422021801 - INFO - 正在匹配中......
2018-09-24 21:40:27,225 - VBJDU18422021801 - INFO - 停止UC浏览器
2018-09-24 21:40:27,276 - VBJDU18422021801 - DEBUG - 返回主页面
2018-09-24 21:40:27,769 - VBJDU18422021801 - DEBUG - 打开UC浏览器
2018-09-24 21:40:30,369 - VBJDU18422021801 - DEBUG - 进入用户页面
2018-09-24 21:40:31,479 - VBJDU18422021801 - DEBUG - 进入游戏页面1
2018-09-24 21:40:33,658 - VBJDU18422021801 - DEBUG - 进入游戏页面2
2018-09-24 21:40:36,055 - VBJDU18422021801 - INFO - 选择游戏
2018-09-24 21:40:37,249 - VBJDU18422021801 - INFO - 进入排位赛
2018-09-24 21:40:37,249 - VBJDU18422021801 - INFO - 正在匹配中......
2018-09-24 21:41:06,299 - VBJDU18422021801 - INFO - 匹配成功
2018-09-24 21:41:06,300 - VBJDU18422021801 - DEBUG - 获取题目
2018-09-24 21:41:07,068 - VBJDU18422021801 - INFO - 第 1 题
2018-09-24 21:41:07,367 - VBJDU18422021801 - INFO - 孟子说：“君子有三乐”，下列哪项不在其“三乐”之列？
2018-09-24 21:41:08,204 - VBJDU18422021801 - INFO - A.父母俱存，兄弟无故 B.仰不愧于天，俯不怍于人 C.乡人无不称其善也
2018-09-24 21:41:09,385 - VBJDU18422021801 - DEBUG - 在线检索答案
2018-09-24 21:41:09,385 - VBJDU18422021801 - INFO - 我的答案：仰不愧于天，俯不怍于人
2018-09-24 21:41:09,955 - VBJDU18422021801 - DEBUG - 选择选项
2018-09-24 21:41:12,023 - VBJDU18422021801 - INFO - 答案错误
2018-09-24 21:41:12,280 - VBJDU18422021801 - INFO - 正确答案；乡人无不称其善也
2018-09-24 21:41:12,281 - VBJDU18422021801 - DEBUG - 添加此题
2018-09-24 21:41:17,169 - VBJDU18422021801 - INFO - 本题结束
2018-09-24 21:41:17,169 - VBJDU18422021801 - DEBUG - 获取题目
2018-09-24 21:41:19,533 - VBJDU18422021801 - INFO - 第 2 题
2018-09-24 21:41:19,821 - VBJDU18422021801 - INFO - 英式台球“斯诺克”的意思是什么？
2018-09-24 21:41:20,632 - VBJDU18422021801 - INFO - A.撞击 B.阻碍 C.得分
2018-09-24 21:41:20,635 - VBJDU18422021801 - DEBUG - 数据库中检索答案
2018-09-24 21:41:20,635 - VBJDU18422021801 - INFO - 我的答案：阻碍
2018-09-24 21:41:21,256 - VBJDU18422021801 - DEBUG - 选择选项
2018-09-24 21:41:23,260 - VBJDU18422021801 - INFO - 答案正确
2018-09-24 21:41:24,912 - VBJDU18422021801 - INFO - 本题结束
2018-09-24 21:41:24,912 - VBJDU18422021801 - DEBUG - 获取题目
2018-09-24 21:41:27,315 - VBJDU18422021801 - INFO - 第 3 题
2018-09-24 21:41:27,632 - VBJDU18422021801 - INFO - 被称为“诗史”的是？
2018-09-24 21:41:28,577 - VBJDU18422021801 - INFO - A.李白 B.陶渊明 C.杜甫
2018-09-24 21:41:28,580 - VBJDU18422021801 - DEBUG - 数据库中检索答案
2018-09-24 21:41:28,581 - VBJDU18422021801 - INFO - 我的答案：杜甫
2018-09-24 21:41:29,212 - VBJDU18422021801 - DEBUG - 选择选项
2018-09-24 21:41:31,276 - VBJDU18422021801 - INFO - 答案正确
2018-09-24 21:41:34,608 - VBJDU18422021801 - INFO - 本题结束
2018-09-24 21:41:34,609 - VBJDU18422021801 - DEBUG - 获取题目
2018-09-24 21:41:36,856 - VBJDU18422021801 - INFO - 第 4 题
2018-09-24 21:41:37,189 - VBJDU18422021801 - INFO - 国际数学奥林匹克竞赛开始于哪一年？
2018-09-24 21:41:38,001 - VBJDU18422021801 - INFO - A.1960 B.1959 C.1957
2018-09-24 21:41:38,004 - VBJDU18422021801 - DEBUG - 数据库中检索答案
2018-09-24 21:41:38,004 - VBJDU18422021801 - INFO - 我的答案：1959
2018-09-24 21:41:38,577 - VBJDU18422021801 - DEBUG - 选择选项
2018-09-24 21:41:40,881 - VBJDU18422021801 - INFO - 答案正确
2018-09-24 21:41:43,052 - VBJDU18422021801 - INFO - 本题结束
2018-09-24 21:41:43,052 - VBJDU18422021801 - DEBUG - 获取题目
2018-09-24 21:41:45,413 - VBJDU18422021801 - INFO - 第 5 题
2018-09-24 21:41:45,729 - VBJDU18422021801 - INFO - 围棋中，黑棋的第一步棋应当下在（）角，表示礼貌。
2018-09-24 21:41:46,548 - VBJDU18422021801 - INFO - A.左下 B.右上 C.中间
2018-09-24 21:41:46,551 - VBJDU18422021801 - DEBUG - 数据库中检索答案
2018-09-24 21:41:46,551 - VBJDU18422021801 - INFO - 我的答案：右上
2018-09-24 21:41:47,160 - VBJDU18422021801 - DEBUG - 选择选项
2018-09-24 21:41:49,277 - VBJDU18422021801 - INFO - 答案正确
2018-09-24 21:41:54,696 - VBJDU18422021801 - INFO - 本题结束
2018-09-24 21:41:55,865 - VBJDU18422021801 - INFO - 本场比赛结束
2018-09-24 21:41:55,997 - VBJDU18422021801 - INFO - 返回游戏页面
2018-09-24 21:41:57,594 - VBJDU18422021801 - INFO - 进入排位赛
2018-09-24 21:41:57,594 - VBJDU18422021801 - INFO - 正在匹配中......
2018-09-24 21:43:13,785 - VBJDU18422021801 - INFO - 匹配成功
2018-09-24 21:43:13,785 - VBJDU18422021801 - DEBUG - 获取题目
2018-09-24 21:43:15,096 - VBJDU18422021801 - INFO - 第 1 题
2018-09-24 21:43:15,360 - VBJDU18422021801 - INFO - 以下关于行政指导的叙述中，哪一项是正确的？
2018-09-24 21:43:16,197 - VBJDU18422021801 - INFO - A.具有法律强制力 B.能够直接产生法律后果 C.属于"积极行政"的范畴
2018-09-24 21:43:16,200 - VBJDU18422021801 - DEBUG - 数据库中检索答案
2018-09-24 21:43:16,201 - VBJDU18422021801 - INFO - 我的答案：属于"积极行政"的范畴
2018-09-24 21:43:16,844 - VBJDU18422021801 - DEBUG - 选择选项
2018-09-24 21:43:18,914 - VBJDU18422021801 - INFO - 答案正确
2018-09-24 21:43:25,790 - VBJDU18422021801 - INFO - 本题结束
2018-09-24 21:43:25,790 - VBJDU18422021801 - DEBUG - 获取题目
2018-09-24 21:43:27,805 - VBJDU18422021801 - INFO - 第 2 题
2018-09-24 21:43:28,097 - VBJDU18422021801 - INFO - 以下哪一个选项，不能防电脑辐射？
2018-09-24 21:43:28,945 - VBJDU18422021801 - INFO - A.橘子 B.绿茶 C.红茶
2018-09-24 21:43:29,621 - VBJDU18422021801 - DEBUG - 在线检索答案
2018-09-24 21:43:29,621 - VBJDU18422021801 - INFO - 我的答案：红茶
2018-09-24 21:43:30,217 - VBJDU18422021801 - DEBUG - 选择选项
2018-09-24 21:43:32,273 - VBJDU18422021801 - INFO - 答案正确
2018-09-24 21:43:32,274 - VBJDU18422021801 - DEBUG - 添加此题
2018-09-24 21:43:40,257 - VBJDU18422021801 - INFO - 本题结束
2018-09-24 21:43:40,258 - VBJDU18422021801 - DEBUG - 获取题目
2018-09-24 21:43:42,485 - VBJDU18422021801 - INFO - 第 3 题
2018-09-24 21:43:42,787 - VBJDU18422021801 - INFO - 截至2017年底，杨幂没有为下列哪个品牌代言过？
2018-09-24 21:43:43,730 - VBJDU18422021801 - INFO - A.Dior B.阿迪达斯 C.雅诗兰黛
2018-09-24 21:43:45,323 - VBJDU18422021801 - DEBUG - 在线检索答案
2018-09-24 21:43:45,323 - VBJDU18422021801 - INFO - 我的答案：雅诗兰黛
2018-09-24 21:43:46,021 - VBJDU18422021801 - DEBUG - 选择选项
2018-09-24 21:43:48,090 - VBJDU18422021801 - INFO - 答案错误
2018-09-24 21:43:48,215 - VBJDU18422021801 - INFO - 正确答案；Dior
2018-09-24 21:43:48,216 - VBJDU18422021801 - DEBUG - 添加此题
2018-09-24 21:43:48,951 - VBJDU18422021801 - INFO - 本题结束
2018-09-24 21:43:48,951 - VBJDU18422021801 - DEBUG - 获取题目
2018-09-24 21:43:51,266 - VBJDU18422021801 - INFO - 第 4 题
2018-09-24 21:43:51,578 - VBJDU18422021801 - INFO - 以下哪个人物提出产业发展的“雁型模式”？
2018-09-24 21:43:52,534 - VBJDU18422021801 - INFO - A.克里斯塔 B.萨缪尔森 C.赤松要
2018-09-24 21:43:53,197 - VBJDU18422021801 - DEBUG - 在线检索答案
2018-09-24 21:43:53,197 - VBJDU18422021801 - INFO - 我的答案：赤松要
2018-09-24 21:43:53,786 - VBJDU18422021801 - DEBUG - 选择选项
2018-09-24 21:43:55,939 - VBJDU18422021801 - INFO - 答案正确
2018-09-24 21:43:55,940 - VBJDU18422021801 - DEBUG - 添加此题
2018-09-24 21:43:58,213 - VBJDU18422021801 - INFO - 本题结束
2018-09-24 21:43:58,214 - VBJDU18422021801 - DEBUG - 获取题目
2018-09-24 21:44:00,470 - VBJDU18422021801 - INFO - 第 5 题
2018-09-24 21:44:00,747 - VBJDU18422021801 - INFO - 围棋中，当包围住对方棋子时，（）不是杀棋的方法
2018-09-24 21:44:01,612 - VBJDU18422021801 - INFO - A.扩大眼位 B.点眼 C.缩小眼位
2018-09-24 21:44:01,615 - VBJDU18422021801 - DEBUG - 数据库中检索答案
2018-09-24 21:44:01,615 - VBJDU18422021801 - INFO - 我的答案：扩大眼位
2018-09-24 21:44:02,218 - VBJDU18422021801 - DEBUG - 选择选项
2018-09-24 21:44:04,267 - VBJDU18422021801 - INFO - 答案正确
2018-09-24 21:44:09,946 - VBJDU18422021801 - INFO - 本题结束
2018-09-24 21:44:11,110 - VBJDU18422021801 - INFO - 本场比赛结束
2018-09-24 21:44:11,216 - VBJDU18422021801 - INFO - 返回游戏页面
2018-09-24 21:44:12,786 - VBJDU18422021801 - INFO - 进入排位赛
2018-09-24 21:44:12,786 - VBJDU18422021801 - INFO - 正在匹配中......
2018-09-24 21:45:14,582 - VBJDU18422021801 - INFO - 匹配成功
2018-09-24 21:45:14,582 - VBJDU18422021801 - DEBUG - 获取题目
2018-09-24 21:45:16,117 - VBJDU18422021801 - INFO - 第 1 题
2018-09-24 21:45:16,389 - VBJDU18422021801 - INFO - 江西特色小吃“南昌炒粉”中的“粉”是指什么粉？
2018-09-24 21:45:17,283 - VBJDU18422021801 - INFO - A.河粉 B.土豆粉 C.米粉
2018-09-24 21:45:18,011 - VBJDU18422021801 - DEBUG - 在线检索答案
2018-09-24 21:45:18,011 - VBJDU18422021801 - INFO - 我的答案：米粉
2018-09-24 21:45:18,613 - VBJDU18422021801 - DEBUG - 选择选项
2018-09-24 21:45:20,730 - VBJDU18422021801 - INFO - 答案正确
2018-09-24 21:45:20,731 - VBJDU18422021801 - DEBUG - 添加此题
2018-09-24 21:45:30,618 - VBJDU18422021801 - INFO - 本题结束
2018-09-24 21:45:30,618 - VBJDU18422021801 - DEBUG - 获取题目
2018-09-24 21:45:32,656 - VBJDU18422021801 - INFO - 第 2 题
2018-09-24 21:45:32,946 - VBJDU18422021801 - INFO - 昂贵的“猫屎咖啡”主要产自东南亚的哪个国家？
2018-09-24 21:45:33,857 - VBJDU18422021801 - INFO - A.菲律宾 B.马来西亚 C.印度尼西亚
2018-09-24 21:45:33,860 - VBJDU18422021801 - DEBUG - 数据库中检索答案
2018-09-24 21:45:33,860 - VBJDU18422021801 - INFO - 我的答案：印度尼西亚
2018-09-24 21:45:34,470 - VBJDU18422021801 - DEBUG - 选择选项
2018-09-24 21:45:36,534 - VBJDU18422021801 - INFO - 答案正确
2018-09-24 21:45:39,707 - VBJDU18422021801 - INFO - 本题结束
2018-09-24 21:45:39,707 - VBJDU18422021801 - DEBUG - 获取题目
2018-09-24 21:45:41,949 - VBJDU18422021801 - INFO - 第 3 题
2018-09-24 21:45:42,231 - VBJDU18422021801 - INFO - 汽车尾气中的主要有害物质主要有？
2018-09-24 21:45:43,120 - VBJDU18422021801 - INFO - A.一氧化碳、碳氢化合物 B.一氧化碳、氮氧化物 C.二氧化碳、碳氧化物
2018-09-24 21:45:43,123 - VBJDU18422021801 - DEBUG - 数据库中检索答案
2018-09-24 21:45:43,123 - VBJDU18422021801 - INFO - 我的答案：一氧化碳、氮氧化物
2018-09-24 21:45:43,754 - VBJDU18422021801 - DEBUG - 选择选项
2018-09-24 21:45:45,834 - VBJDU18422021801 - INFO - 答案正确
2018-09-24 21:45:49,755 - VBJDU18422021801 - INFO - 本题结束
2018-09-24 21:45:49,756 - VBJDU18422021801 - DEBUG - 获取题目
2018-09-24 21:45:51,983 - VBJDU18422021801 - INFO - 第 4 题
2018-09-24 21:45:52,251 - VBJDU18422021801 - INFO - 古代被称为大食的国家是？
2018-09-24 21:45:53,159 - VBJDU18422021801 - INFO - A.波斯 B.阿拉伯 C.蒙古
2018-09-24 21:45:53,162 - VBJDU18422021801 - DEBUG - 数据库中检索答案
2018-09-24 21:45:53,163 - VBJDU18422021801 - INFO - 我的答案：阿拉伯
2018-09-24 21:45:53,758 - VBJDU18422021801 - DEBUG - 选择选项
2018-09-24 21:45:55,824 - VBJDU18422021801 - INFO - 答案正确
2018-09-24 21:46:06,875 - VBJDU18422021801 - INFO - 本题结束
2018-09-24 21:46:06,875 - VBJDU18422021801 - DEBUG - 获取题目
2018-09-24 21:46:09,135 - VBJDU18422021801 - INFO - 第 5 题
2018-09-24 21:46:09,463 - VBJDU18422021801 - INFO - 爱国诗人屈原在他的哪部作品中描写了重阳？
2018-09-24 21:46:10,337 - VBJDU18422021801 - INFO - A.远游 B.离骚 C.天问
2018-09-24 21:46:11,093 - VBJDU18422021801 - DEBUG - 在线检索答案
2018-09-24 21:46:11,093 - VBJDU18422021801 - INFO - 我的答案：离骚
2018-09-24 21:46:11,683 - VBJDU18422021801 - DEBUG - 选择选项
2018-09-24 21:46:13,741 - VBJDU18422021801 - INFO - 答案错误
2018-09-24 21:46:13,847 - VBJDU18422021801 - INFO - 正确答案；远游
2018-09-24 21:46:13,848 - VBJDU18422021801 - DEBUG - 添加此题
2018-09-24 21:46:24,057 - VBJDU18422021801 - INFO - 本题结束
2018-09-24 21:46:25,225 - VBJDU18422021801 - INFO - 本场比赛结束
2018-09-24 21:46:25,265 - VBJDU18422021801 - INFO - 返回游戏页面
2018-09-24 21:46:26,829 - VBJDU18422021801 - INFO - 进入排位赛
2018-09-24 21:46:26,829 - VBJDU18422021801 - INFO - 正在匹配中......
2018-09-24 21:47:51,784 - VBJDU18422021801 - INFO - 匹配成功
2018-09-24 21:47:51,784 - VBJDU18422021801 - DEBUG - 获取题目
2018-09-24 21:47:52,468 - VBJDU18422021801 - INFO - 第 1 题
2018-09-24 21:47:52,773 - VBJDU18422021801 - INFO - “豆寇年华”是指几岁？
2018-09-24 21:47:53,564 - VBJDU18422021801 - INFO - A.13岁 B.16岁 C.20岁
2018-09-24 21:47:53,566 - VBJDU18422021801 - DEBUG - 数据库中检索答案
2018-09-24 21:47:53,567 - VBJDU18422021801 - INFO - 我的答案：13岁
2018-09-24 21:47:54,171 - VBJDU18422021801 - DEBUG - 选择选项
2018-09-24 21:47:56,204 - VBJDU18422021801 - INFO - 答案正确
2018-09-24 21:47:57,635 - VBJDU18422021801 - INFO - 本题结束
2018-09-24 21:47:57,635 - VBJDU18422021801 - DEBUG - 获取题目
2018-09-24 21:47:59,825 - VBJDU18422021801 - INFO - 第 2 题
2018-09-24 21:48:00,144 - VBJDU18422021801 - INFO - ”荧惑守心“是一种天文现象,那么请问”荧惑“是指哪颗星
2018-09-24 21:48:01,022 - VBJDU18422021801 - INFO - A.水星 B.火星 C.月球
2018-09-24 21:48:01,797 - VBJDU18422021801 - DEBUG - 在线检索答案
2018-09-24 21:48:01,798 - VBJDU18422021801 - INFO - 我的答案：火星
2018-09-24 21:48:02,436 - VBJDU18422021801 - DEBUG - 选择选项
2018-09-24 21:48:05,352 - VBJDU18422021801 - INFO - 答案正确
2018-09-24 21:48:05,353 - VBJDU18422021801 - DEBUG - 添加此题
2018-09-24 21:48:11,182 - VBJDU18422021801 - INFO - 本题结束
2018-09-24 21:48:11,182 - VBJDU18422021801 - DEBUG - 获取题目
2018-09-24 21:48:13,321 - VBJDU18422021801 - INFO - 第 3 题
2018-09-24 21:48:13,610 - VBJDU18422021801 - INFO - 根据各地习俗，下列哪种食物不是腊八节吃的？
2018-09-24 21:48:14,465 - VBJDU18422021801 - INFO - A.腊八粥 B.干果 C.蒜
2018-09-24 21:48:15,463 - VBJDU18422021801 - DEBUG - 在线检索答案
2018-09-24 21:48:15,463 - VBJDU18422021801 - INFO - 我的答案：干果
2018-09-24 21:48:16,073 - VBJDU18422021801 - DEBUG - 选择选项
2018-09-24 21:48:18,162 - VBJDU18422021801 - INFO - 答案正确
2018-09-24 21:48:18,163 - VBJDU18422021801 - DEBUG - 添加此题
2018-09-24 21:48:20,789 - VBJDU18422021801 - INFO - 本题结束
2018-09-24 21:48:20,789 - VBJDU18422021801 - DEBUG - 获取题目
2018-09-24 21:48:22,953 - VBJDU18422021801 - INFO - 第 4 题
2018-09-24 21:48:23,221 - VBJDU18422021801 - INFO - 在《家有喜事》常家三兄弟中，哪一位婚后有了外遇？
2018-09-24 21:48:24,158 - VBJDU18422021801 - INFO - A.常舒 B.常欢 C.常满
2018-09-24 21:48:25,166 - VBJDU18422021801 - DEBUG - 在线检索答案
2018-09-24 21:48:25,166 - VBJDU18422021801 - INFO - 我的答案：常满
2018-09-24 21:48:25,800 - VBJDU18422021801 - DEBUG - 选择选项
2018-09-24 21:48:27,809 - VBJDU18422021801 - INFO - 答案正确
2018-09-24 21:48:27,810 - VBJDU18422021801 - DEBUG - 添加此题
2018-09-24 21:48:32,774 - VBJDU18422021801 - INFO - 本题结束
2018-09-24 21:48:32,774 - VBJDU18422021801 - DEBUG - 获取题目
2018-09-24 21:48:34,894 - VBJDU18422021801 - INFO - 第 5 题
2018-09-24 21:48:35,214 - VBJDU18422021801 - INFO - 演奏乐团“女子十二乐坊”的成员有几人？
2018-09-24 21:48:36,147 - VBJDU18422021801 - INFO - A.12 B.14 C.13
2018-09-24 21:48:36,894 - VBJDU18422021801 - DEBUG - 在线检索答案
2018-09-24 21:48:36,894 - VBJDU18422021801 - INFO - 我的答案：13
2018-09-24 21:48:37,485 - VBJDU18422021801 - DEBUG - 选择选项
2018-09-24 21:48:39,523 - VBJDU18422021801 - INFO - 答案正确
2018-09-24 21:48:39,524 - VBJDU18422021801 - DEBUG - 添加此题
2018-09-24 21:48:43,774 - VBJDU18422021801 - INFO - 本题结束
2018-09-24 21:48:44,942 - VBJDU18422021801 - INFO - 本场比赛结束
2018-09-24 21:48:45,053 - VBJDU18422021801 - INFO - 返回游戏页面
2018-09-24 21:48:46,683 - VBJDU18422021801 - INFO - 进入排位赛
2018-09-24 21:48:46,683 - VBJDU18422021801 - INFO - 正在匹配中......
2018-09-24 21:49:00,852 - VBJDU18422021801 - INFO - 匹配成功
2018-09-24 21:49:00,852 - VBJDU18422021801 - DEBUG - 获取题目
2018-09-24 21:49:01,486 - VBJDU18422021801 - INFO - 第 1 题
2018-09-24 21:49:01,791 - VBJDU18422021801 - INFO - 电视剧《步步惊心》中“八爷”的扮演者是谁？
2018-09-24 21:49:02,611 - VBJDU18422021801 - INFO - A.叶祖新 B.郑嘉颖 C.蒋劲夫
2018-09-24 21:49:02,616 - VBJDU18422021801 - DEBUG - 数据库中检索答案
2018-09-24 21:49:02,616 - VBJDU18422021801 - INFO - 我的答案：郑嘉颖
2018-09-24 21:49:03,319 - VBJDU18422021801 - DEBUG - 选择选项
2018-09-24 21:49:05,376 - VBJDU18422021801 - INFO - 答案正确
2018-09-24 21:49:08,672 - VBJDU18422021801 - INFO - 本题结束
2018-09-24 21:49:08,672 - VBJDU18422021801 - DEBUG - 获取题目
2018-09-24 21:49:10,796 - VBJDU18422021801 - INFO - 第 2 题
2018-09-24 21:49:11,075 - VBJDU18422021801 - INFO - 《橄榄树》由谁作词？
2018-09-24 21:49:11,931 - VBJDU18422021801 - INFO - A.杨绛 B.三毛 C.齐豫
2018-09-24 21:49:11,935 - VBJDU18422021801 - DEBUG - 数据库中检索答案
2018-09-24 21:49:11,935 - VBJDU18422021801 - INFO - 我的答案：三毛
2018-09-24 21:49:12,551 - VBJDU18422021801 - DEBUG - 选择选项
2018-09-24 21:49:14,575 - VBJDU18422021801 - INFO - 答案正确
2018-09-24 21:49:18,348 - VBJDU18422021801 - INFO - 本题结束
2018-09-24 21:49:18,348 - VBJDU18422021801 - DEBUG - 获取题目
2018-09-24 21:49:20,540 - VBJDU18422021801 - INFO - 第 3 题
2018-09-24 21:49:20,836 - VBJDU18422021801 - INFO - 玛丽黛佳是以下哪个国家的品牌？
2018-09-24 21:49:21,769 - VBJDU18422021801 - INFO - A.波兰 B.中国 C.日本
2018-09-24 21:49:22,603 - VBJDU18422021801 - DEBUG - 在线检索答案
2018-09-24 21:49:22,603 - VBJDU18422021801 - INFO - 我的答案：中国
2018-09-24 21:49:23,204 - VBJDU18422021801 - DEBUG - 选择选项
2018-09-24 21:49:25,244 - VBJDU18422021801 - INFO - 答案正确
2018-09-24 21:49:25,245 - VBJDU18422021801 - DEBUG - 添加此题
2018-09-24 21:49:28,068 - VBJDU18422021801 - INFO - 本题结束
2018-09-24 21:49:28,068 - VBJDU18422021801 - DEBUG - 获取题目
2018-09-24 21:49:30,384 - VBJDU18422021801 - INFO - 第 4 题
2018-09-24 21:49:30,708 - VBJDU18422021801 - INFO - 2018 年CES 科技展，三星展出的TV名为？
2018-09-24 21:49:31,655 - VBJDU18422021801 - INFO - A.The Wall B.Great Wall C.Tec TV
2018-09-24 21:49:31,962 - VBJDU18422021801 - DEBUG - 在线检索答案
2018-09-24 21:49:31,962 - VBJDU18422021801 - INFO - 我的答案：The Wall
2018-09-24 21:49:32,572 - VBJDU18422021801 - DEBUG - 选择选项
2018-09-24 21:49:34,589 - VBJDU18422021801 - INFO - 答案正确
2018-09-24 21:49:34,589 - VBJDU18422021801 - DEBUG - 添加此题
2018-09-24 21:49:38,053 - VBJDU18422021801 - INFO - 本题结束
2018-09-24 21:49:38,054 - VBJDU18422021801 - DEBUG - 获取题目
2018-09-24 21:49:40,160 - VBJDU18422021801 - INFO - 第 5 题
2018-09-24 21:49:40,425 - VBJDU18422021801 - INFO - 在二十四节气中，“清明”是第几个节气？
2018-09-24 21:49:41,340 - VBJDU18422021801 - INFO - A.第六个 B.第四个 C.第五个
2018-09-24 21:49:43,018 - VBJDU18422021801 - DEBUG - 在线检索答案
2018-09-24 21:49:43,018 - VBJDU18422021801 - INFO - 我的答案：第五个
2018-09-24 21:49:43,644 - VBJDU18422021801 - DEBUG - 选择选项
2018-09-24 21:49:45,638 - VBJDU18422021801 - INFO - 答案正确
2018-09-24 21:49:45,638 - VBJDU18422021801 - DEBUG - 添加此题
2018-09-24 21:49:46,601 - VBJDU18422021801 - INFO - 本题结束
2018-09-24 21:49:47,769 - VBJDU18422021801 - INFO - 本场比赛结束
2018-09-24 21:49:47,807 - VBJDU18422021801 - INFO - 返回游戏页面
2018-09-24 21:49:49,405 - VBJDU18422021801 - INFO - 进入排位赛
2018-09-24 21:49:49,405 - VBJDU18422021801 - INFO - 正在匹配中......
2018-09-24 21:51:01,696 - VBJDU18422021801 - INFO - 匹配成功
2018-09-24 21:51:01,696 - VBJDU18422021801 - DEBUG - 获取题目
2018-09-24 21:51:02,381 - VBJDU18422021801 - INFO - 第 1 题
2018-09-24 21:51:02,663 - VBJDU18422021801 - INFO - 大家互祝新年好 (打两中国地名)
2018-09-24 21:51:03,549 - VBJDU18422021801 - INFO - A.庆元、同安 B.同安、重庆 C.开平、庆元
2018-09-24 21:51:04,310 - VBJDU18422021801 - DEBUG - 在线检索答案
2018-09-24 21:51:04,311 - VBJDU18422021801 - INFO - 我的答案：庆元、同安
2018-09-24 21:51:04,944 - VBJDU18422021801 - DEBUG - 选择选项
2018-09-24 21:51:06,989 - VBJDU18422021801 - INFO - 答案正确
2018-09-24 21:51:06,989 - VBJDU18422021801 - DEBUG - 添加此题
2018-09-24 21:51:10,431 - VBJDU18422021801 - INFO - 本题结束
2018-09-24 21:51:10,432 - VBJDU18422021801 - DEBUG - 获取题目
2018-09-24 21:51:12,584 - VBJDU18422021801 - INFO - 第 2 题
2018-09-24 21:51:12,901 - VBJDU18422021801 - INFO - 古罗马神话中“爱神丘比特”的母亲是谁？
2018-09-24 21:51:13,761 - VBJDU18422021801 - INFO - A.维纳斯 B.赫拉 C.雅典娜
2018-09-24 21:51:14,939 - VBJDU18422021801 - DEBUG - 在线检索答案
2018-09-24 21:51:14,940 - VBJDU18422021801 - INFO - 我的答案：维纳斯
2018-09-24 21:51:15,593 - VBJDU18422021801 - DEBUG - 选择选项
2018-09-24 21:51:17,660 - VBJDU18422021801 - INFO - 答案正确
2018-09-24 21:51:17,661 - VBJDU18422021801 - DEBUG - 添加此题
2018-09-24 21:51:19,020 - VBJDU18422021801 - INFO - 本题结束
2018-09-24 21:51:19,020 - VBJDU18422021801 - DEBUG - 获取题目
2018-09-24 21:51:21,212 - VBJDU18422021801 - INFO - 第 3 题
2018-09-24 21:51:21,481 - VBJDU18422021801 - INFO - 《三国演义》王双将蜀将何人打得口吐鲜血？
2018-09-24 21:51:22,357 - VBJDU18422021801 - INFO - A.张嶷 B.王平 C.廖化
2018-09-24 21:51:23,938 - VBJDU18422021801 - DEBUG - 在线检索答案
2018-09-24 21:51:23,938 - VBJDU18422021801 - INFO - 我的答案：张嶷
2018-09-24 21:51:24,577 - VBJDU18422021801 - DEBUG - 选择选项
2018-09-24 21:51:26,605 - VBJDU18422021801 - INFO - 答案正确
2018-09-24 21:51:26,606 - VBJDU18422021801 - DEBUG - 添加此题
2018-09-24 21:51:32,737 - VBJDU18422021801 - INFO - 本题结束
2018-09-24 21:51:32,737 - VBJDU18422021801 - DEBUG - 获取题目
2018-09-24 21:51:34,949 - VBJDU18422021801 - INFO - 第 4 题
2018-09-24 21:51:35,253 - VBJDU18422021801 - INFO - 全国范围内经营保险业务的保险公司，实收货币资本金不低于人民币
2018-09-24 21:51:36,102 - VBJDU18422021801 - INFO - A.2亿元 B.1亿元 C.5亿元
2018-09-24 21:51:36,105 - VBJDU18422021801 - DEBUG - 数据库中检索答案
2018-09-24 21:51:36,105 - VBJDU18422021801 - INFO - 我的答案：5亿元
2018-09-24 21:51:36,714 - VBJDU18422021801 - DEBUG - 选择选项
2018-09-24 21:51:38,759 - VBJDU18422021801 - INFO - 答案正确
2018-09-24 21:51:42,449 - VBJDU18422021801 - INFO - 本题结束
2018-09-24 21:51:42,450 - VBJDU18422021801 - DEBUG - 获取题目
2018-09-24 21:51:44,808 - VBJDU18422021801 - INFO - 第 5 题
2018-09-24 21:51:45,097 - VBJDU18422021801 - INFO - 日本「成人之日」是为了祝贺年满多少岁的青年而举行的仪式？
2018-09-24 21:51:45,974 - VBJDU18422021801 - INFO - A.16 岁 B.20 岁 C.22 岁
2018-09-24 21:51:45,980 - VBJDU18422021801 - DEBUG - 数据库中检索答案
2018-09-24 21:51:45,981 - VBJDU18422021801 - INFO - 我的答案：20 岁
2018-09-24 21:51:46,613 - VBJDU18422021801 - DEBUG - 选择选项
2018-09-24 21:51:48,698 - VBJDU18422021801 - INFO - 答案正确
2018-09-24 21:51:50,461 - VBJDU18422021801 - INFO - 本题结束
2018-09-24 21:51:51,622 - VBJDU18422021801 - INFO - 本场比赛结束
2018-09-24 21:51:51,685 - VBJDU18422021801 - INFO - 返回游戏页面
2018-09-24 21:51:53,263 - VBJDU18422021801 - INFO - 进入排位赛
2018-09-24 21:51:53,263 - VBJDU18422021801 - INFO - 正在匹配中......
2018-09-24 21:52:06,978 - VBJDU18422021801 - INFO - 匹配成功
2018-09-24 21:52:06,978 - VBJDU18422021801 - DEBUG - 获取题目
2018-09-24 21:52:08,336 - VBJDU18422021801 - INFO - 第 1 题
2018-09-24 21:52:08,608 - VBJDU18422021801 - INFO - 梵高是哪个国家的著名画家
2018-09-24 21:52:09,555 - VBJDU18422021801 - INFO - A.奥地利 B.荷兰 C.法国
2018-09-24 21:52:10,341 - VBJDU18422021801 - DEBUG - 在线检索答案
2018-09-24 21:52:10,341 - VBJDU18422021801 - INFO - 我的答案：荷兰
2018-09-24 21:52:10,983 - VBJDU18422021801 - DEBUG - 选择选项
2018-09-24 21:52:12,967 - VBJDU18422021801 - INFO - 答案正确
2018-09-24 21:52:12,968 - VBJDU18422021801 - DEBUG - 添加此题
2018-09-24 21:52:17,931 - VBJDU18422021801 - INFO - 本题结束
2018-09-24 21:52:17,931 - VBJDU18422021801 - DEBUG - 获取题目
2018-09-24 21:52:20,151 - VBJDU18422021801 - INFO - 第 2 题
2018-09-24 21:52:20,423 - VBJDU18422021801 - INFO - 阿根廷旅游每人预算55000元，每三人节约两万元，9个人要花多少钱？
2018-09-24 21:52:21,239 - VBJDU18422021801 - INFO - A.435000元 B.355000元 C.135000元
2018-09-24 21:52:22,885 - VBJDU18422021801 - DEBUG - 未检索到答案
2018-09-24 21:52:22,885 - VBJDU18422021801 - INFO - 我的答案：435000元
2018-09-24 21:52:23,520 - VBJDU18422021801 - DEBUG - 选择选项
2018-09-24 21:52:25,552 - VBJDU18422021801 - INFO - 答案正确
2018-09-24 21:52:25,553 - VBJDU18422021801 - DEBUG - 添加此题
2018-09-24 21:52:32,639 - VBJDU18422021801 - INFO - 本题结束
2018-09-24 21:52:32,639 - VBJDU18422021801 - DEBUG - 获取题目
2018-09-24 21:52:34,872 - VBJDU18422021801 - INFO - 第 3 题
2018-09-24 21:52:35,192 - VBJDU18422021801 - INFO - 美国历史上第一位女性国务卿是谁？
2018-09-24 21:52:36,007 - VBJDU18422021801 - INFO - A.希拉里·克林顿 B.康多莉扎·赖斯 C.奥尔布赖特
2018-09-24 21:52:37,198 - VBJDU18422021801 - DEBUG - 在线检索答案
2018-09-24 21:52:37,198 - VBJDU18422021801 - INFO - 我的答案：康多莉扎·赖斯
2018-09-24 21:52:37,876 - VBJDU18422021801 - DEBUG - 选择选项
2018-09-24 21:52:39,904 - VBJDU18422021801 - INFO - 答案错误
2018-09-24 21:52:40,147 - VBJDU18422021801 - INFO - 正确答案；奥尔布赖特
2018-09-24 21:52:40,148 - VBJDU18422021801 - DEBUG - 添加此题
2018-09-24 21:52:44,209 - VBJDU18422021801 - INFO - 本题结束
2018-09-24 21:52:44,209 - VBJDU18422021801 - DEBUG - 获取题目
2018-09-24 21:52:46,398 - VBJDU18422021801 - INFO - 第 4 题
2018-09-24 21:52:46,680 - VBJDU18422021801 - INFO - "紫毫”是用什么动物的毛做成的毛笔？
2018-09-24 21:52:47,503 - VBJDU18422021801 - INFO - A.黄鼠狼 B.兔 C.羊
2018-09-24 21:58:15,580 - VBJDU18422021801 - INFO - 停止UC浏览器
2018-09-24 21:58:15,751 - VBJDU18422021801 - DEBUG - 返回主页面
2018-09-24 21:58:16,224 - VBJDU18422021801 - DEBUG - 打开UC浏览器
2018-09-24 21:58:18,852 - VBJDU18422021801 - DEBUG - 进入用户页面
2018-09-24 21:58:20,189 - VBJDU18422021801 - DEBUG - 进入游戏页面1
2018-09-24 21:58:22,338 - VBJDU18422021801 - DEBUG - 进入游戏页面2
2018-09-24 21:58:24,762 - VBJDU18422021801 - INFO - 选择游戏
2018-09-24 21:58:25,998 - VBJDU18422021801 - INFO - 进入排位赛
2018-09-24 21:58:25,998 - VBJDU18422021801 - INFO - 正在匹配中......
2018-09-24 21:59:13,844 - VBJDU18422021801 - INFO - 匹配成功
2018-09-24 21:59:13,844 - VBJDU18422021801 - DEBUG - 获取题目
2018-09-24 21:59:15,168 - VBJDU18422021801 - INFO - 第 1 题
2018-09-24 21:59:15,441 - VBJDU18422021801 - INFO - 以本币价格表示外币价格的标价方法是
2018-09-24 21:59:16,321 - VBJDU18422021801 - INFO - A.间接标价法 B.英镑标价法 C.美元标价法
2018-09-24 21:59:16,692 - VBJDU18422021801 - DEBUG - 在线检索答案
2018-09-24 21:59:16,693 - VBJDU18422021801 - INFO - 我的答案：间接标价法
2018-09-24 21:59:17,322 - VBJDU18422021801 - DEBUG - 选择选项
2018-09-24 21:59:19,464 - VBJDU18422021801 - INFO - 答案正确
2018-09-24 21:59:19,465 - VBJDU18422021801 - DEBUG - 添加此题
2018-09-24 21:59:22,789 - VBJDU18422021801 - INFO - 本题结束
2018-09-24 21:59:22,789 - VBJDU18422021801 - DEBUG - 获取题目
2018-09-24 21:59:24,992 - VBJDU18422021801 - INFO - 第 2 题
2018-09-24 21:59:25,313 - VBJDU18422021801 - INFO - 第6届世界杯足球赛最佳射手所在国是？
2018-09-24 21:59:26,197 - VBJDU18422021801 - INFO - A.法国 B.美国 C.德国
2018-09-24 21:59:26,201 - VBJDU18422021801 - DEBUG - 数据库中检索答案
2018-09-24 21:59:26,202 - VBJDU18422021801 - INFO - 我的答案：法国
2018-09-24 21:59:26,839 - VBJDU18422021801 - DEBUG - 选择选项
2018-09-24 21:59:28,905 - VBJDU18422021801 - INFO - 答案正确
2018-09-24 21:59:32,840 - VBJDU18422021801 - INFO - 本题结束
2018-09-24 21:59:32,841 - VBJDU18422021801 - DEBUG - 获取题目
2018-09-24 21:59:34,962 - VBJDU18422021801 - INFO - 第 3 题
2018-09-24 21:59:35,245 - VBJDU18422021801 - INFO - 太阳系中自转最快的行星是
2018-09-24 21:59:36,140 - VBJDU18422021801 - INFO - A.木星 B.海王星 C.土星
2018-09-24 21:59:36,839 - VBJDU18422021801 - DEBUG - 在线检索答案
2018-09-24 21:59:36,839 - VBJDU18422021801 - INFO - 我的答案：木星
2018-09-24 21:59:37,509 - VBJDU18422021801 - DEBUG - 选择选项
2018-09-24 21:59:39,545 - VBJDU18422021801 - INFO - 答案正确
2018-09-24 21:59:39,545 - VBJDU18422021801 - DEBUG - 添加此题
2018-09-24 21:59:42,190 - VBJDU18422021801 - INFO - 本题结束
2018-09-24 21:59:42,190 - VBJDU18422021801 - DEBUG - 获取题目
2018-09-24 21:59:44,437 - VBJDU18422021801 - INFO - 第 4 题
2018-09-24 21:59:44,709 - VBJDU18422021801 - INFO - 法国克里蒙梭号航母主要舰载机是哪一个？
2018-09-24 21:59:45,563 - VBJDU18422021801 - INFO - A.超级军旗攻击机 B.F-14雄猫攻击机 C.阵风攻击机
2018-09-24 21:59:46,829 - VBJDU18422021801 - DEBUG - 未检索到答案
2018-09-24 21:59:46,829 - VBJDU18422021801 - INFO - 我的答案：超级军旗攻击机
2018-09-24 21:59:47,424 - VBJDU18422021801 - DEBUG - 选择选项
2018-09-24 21:59:49,462 - VBJDU18422021801 - INFO - 答案正确
2018-09-24 21:59:49,463 - VBJDU18422021801 - DEBUG - 添加此题
2018-09-24 21:59:52,513 - VBJDU18422021801 - INFO - 本题结束
2018-09-24 21:59:52,513 - VBJDU18422021801 - DEBUG - 获取题目
2018-09-24 21:59:54,722 - VBJDU18422021801 - INFO - 第 5 题
2018-09-24 21:59:54,978 - VBJDU18422021801 - INFO - 南朝哪位皇帝设置围棋州邑，是世界上最早的围棋专业机构？
2018-09-24 21:59:55,842 - VBJDU18422021801 - INFO - A.宋明帝 B.齐高帝 C.宋武帝
2018-09-24 21:59:56,600 - VBJDU18422021801 - DEBUG - 在线检索答案
2018-09-24 21:59:56,600 - VBJDU18422021801 - INFO - 我的答案：宋明帝
2018-09-24 21:59:57,237 - VBJDU18422021801 - DEBUG - 选择选项
2018-09-24 21:59:59,270 - VBJDU18422021801 - INFO - 答案正确
2018-09-24 21:59:59,271 - VBJDU18422021801 - DEBUG - 添加此题
2018-09-24 22:00:06,890 - VBJDU18422021801 - INFO - 本题结束
2018-09-24 22:00:08,078 - VBJDU18422021801 - INFO - 本场比赛结束
2018-09-24 22:00:08,211 - VBJDU18422021801 - INFO - 返回游戏页面
2018-09-24 22:00:09,790 - VBJDU18422021801 - INFO - 进入排位赛
2018-09-24 22:00:09,790 - VBJDU18422021801 - INFO - 正在匹配中......
2018-09-24 22:00:42,540 - VBJDU18422021801 - INFO - 匹配成功
2018-09-24 22:00:42,541 - VBJDU18422021801 - DEBUG - 获取题目
2018-09-24 22:00:43,984 - VBJDU18422021801 - INFO - 第 1 题
2018-09-24 22:00:44,264 - VBJDU18422021801 - INFO - 2018年2月6日，被重型运载火箭送上天的特斯拉，有谁坐在车里了？
2018-09-24 22:00:45,144 - VBJDU18422021801 - INFO - A.一只狗 B.一只鸟 C.假人航天员
2018-09-24 22:00:45,172 - VBJDU18422021801 - DEBUG - 数据库中检索答案
2018-09-24 22:00:45,173 - VBJDU18422021801 - INFO - 我的答案：假人航天员
2018-09-24 22:00:45,808 - VBJDU18422021801 - DEBUG - 选择选项
2018-09-24 22:00:47,835 - VBJDU18422021801 - INFO - 答案正确
2018-09-24 22:00:51,268 - VBJDU18422021801 - INFO - 本题结束
2018-09-24 22:00:51,268 - VBJDU18422021801 - DEBUG - 获取题目
2018-09-24 22:00:53,433 - VBJDU18422021801 - INFO - 第 2 题
2018-09-24 22:00:53,714 - VBJDU18422021801 - INFO - 我国陈志行教授研究的围棋程序“手谈”于（）年夺得第一个电脑围棋世界冠军
2018-09-24 22:00:54,568 - VBJDU18422021801 - INFO - A.1993 B.1994 C.1995
2018-09-24 22:00:54,572 - VBJDU18422021801 - DEBUG - 数据库中检索答案
2018-09-24 22:00:54,572 - VBJDU18422021801 - INFO - 我的答案：1993
2018-09-24 22:00:55,208 - VBJDU18422021801 - DEBUG - 选择选项
2018-09-24 22:00:57,256 - VBJDU18422021801 - INFO - 答案正确
2018-09-24 22:01:02,080 - VBJDU18422021801 - INFO - 本题结束
2018-09-24 22:01:02,080 - VBJDU18422021801 - DEBUG - 获取题目
2018-09-24 22:01:04,316 - VBJDU18422021801 - INFO - 第 3 题
2018-09-24 22:01:04,581 - VBJDU18422021801 - INFO - 下列哪一项不属于七夕节习俗？
2018-09-24 22:01:05,517 - VBJDU18422021801 - INFO - A.穿针乞巧 B.种生求子 C.拉兔子灯
2018-09-24 22:01:06,359 - VBJDU18422021801 - DEBUG - 在线检索答案
2018-09-24 22:01:06,359 - VBJDU18422021801 - INFO - 我的答案：拉兔子灯
2018-09-24 22:01:07,017 - VBJDU18422021801 - DEBUG - 选择选项
2018-09-24 22:01:09,049 - VBJDU18422021801 - INFO - 答案正确
2018-09-24 22:01:09,050 - VBJDU18422021801 - DEBUG - 添加此题
2018-09-24 22:01:15,465 - VBJDU18422021801 - INFO - 本题结束
2018-09-24 22:01:15,466 - VBJDU18422021801 - DEBUG - 获取题目
2018-09-24 22:01:17,665 - VBJDU18422021801 - INFO - 第 4 题
2018-09-24 22:01:17,942 - VBJDU18422021801 - INFO - 在动画片《葫芦小金刚》中，正面角色小蝴蝶最后被谁所杀？
2018-09-24 22:01:18,789 - VBJDU18422021801 - INFO - A.青蛇精 B.鳄鱼头领 C.老鼠精
2018-09-24 22:01:19,591 - VBJDU18422021801 - DEBUG - 在线检索答案
2018-09-24 22:01:19,591 - VBJDU18422021801 - INFO - 我的答案：青蛇精
2018-09-24 22:01:20,281 - VBJDU18422021801 - DEBUG - 选择选项
2018-09-24 22:01:22,313 - VBJDU18422021801 - INFO - 答案错误
2018-09-24 22:01:22,494 - VBJDU18422021801 - INFO - 正确答案；老鼠精
2018-09-24 22:01:22,494 - VBJDU18422021801 - DEBUG - 添加此题
2018-09-24 22:01:26,781 - VBJDU18422021801 - INFO - 本题结束
2018-09-24 22:01:26,781 - VBJDU18422021801 - DEBUG - 获取题目
2018-09-24 22:01:29,050 - VBJDU18422021801 - INFO - 第 5 题
2018-09-24 22:01:29,382 - VBJDU18422021801 - INFO - “年年乞与人间巧，不道人间巧已多。”在古代，以下哪个不是七夕节的别称？
2018-09-24 22:01:30,390 - VBJDU18422021801 - INFO - A.女儿节 B.乞巧节 C.情人节
2018-09-24 22:01:31,221 - VBJDU18422021801 - DEBUG - 在线检索答案
2018-09-24 22:01:31,221 - VBJDU18422021801 - INFO - 我的答案：女儿节
2018-09-24 22:01:31,865 - VBJDU18422021801 - DEBUG - 选择选项
2018-09-24 22:01:33,930 - VBJDU18422021801 - INFO - 答案错误
2018-09-24 22:01:34,158 - VBJDU18422021801 - INFO - 正确答案；情人节
2018-09-24 22:01:34,159 - VBJDU18422021801 - DEBUG - 添加此题
2018-09-24 22:01:38,850 - VBJDU18422021801 - INFO - 本题结束
2018-09-24 22:01:40,014 - VBJDU18422021801 - INFO - 本场比赛结束
2018-09-24 22:01:40,050 - VBJDU18422021801 - INFO - 返回游戏页面
2018-09-24 22:01:41,606 - VBJDU18422021801 - INFO - 进入排位赛
2018-09-24 22:01:41,606 - VBJDU18422021801 - INFO - 正在匹配中......
2018-09-24 22:02:52,117 - VBJDU18422021801 - INFO - 匹配成功
2018-09-24 22:02:52,117 - VBJDU18422021801 - DEBUG - 获取题目
2018-09-24 22:02:52,765 - VBJDU18422021801 - INFO - 第 1 题
2018-09-24 22:02:53,054 - VBJDU18422021801 - INFO - “反身、转体、臂立”是哪个体育项目的动作术语？
2018-09-24 22:02:53,906 - VBJDU18422021801 - INFO - A.跳水 B.跳高 C.体操
2018-09-24 22:02:53,910 - VBJDU18422021801 - DEBUG - 数据库中检索答案
2018-09-24 22:02:53,910 - VBJDU18422021801 - INFO - 我的答案：跳水
2018-09-24 22:02:54,525 - VBJDU18422021801 - DEBUG - 选择选项
2018-09-24 22:02:56,566 - VBJDU18422021801 - INFO - 答案正确
2018-09-24 22:02:59,142 - VBJDU18422021801 - INFO - 本题结束
2018-09-24 22:02:59,142 - VBJDU18422021801 - DEBUG - 获取题目
2018-09-24 22:03:01,282 - VBJDU18422021801 - INFO - 第 2 题
2018-09-24 22:03:01,549 - VBJDU18422021801 - INFO - 普鲁士是欧洲历史地名，现位于哪里？
2018-09-24 22:03:02,535 - VBJDU18422021801 - INFO - A.西班牙 B.德国 C.俄罗斯
2018-09-24 22:03:02,539 - VBJDU18422021801 - DEBUG - 数据库中检索答案
2018-09-24 22:03:02,539 - VBJDU18422021801 - INFO - 我的答案：德国
2018-09-24 22:03:03,173 - VBJDU18422021801 - DEBUG - 选择选项
2018-09-24 22:03:05,262 - VBJDU18422021801 - INFO - 答案正确
2018-09-24 22:03:07,054 - VBJDU18422021801 - INFO - 本题结束
2018-09-24 22:03:07,055 - VBJDU18422021801 - DEBUG - 获取题目
2018-09-24 22:03:09,401 - VBJDU18422021801 - INFO - 第 3 题
2018-09-24 22:03:09,702 - VBJDU18422021801 - INFO - “我不喜欢麻将”出自下列哪部动漫？
2018-09-24 22:03:10,490 - VBJDU18422021801 - INFO - A.《咲-Saki-》 B.《斗牌传说》 C.《游戏王》
2018-09-24 22:03:11,775 - VBJDU18422021801 - DEBUG - 在线检索答案
2018-09-24 22:03:11,775 - VBJDU18422021801 - INFO - 我的答案：《斗牌传说》
2018-09-24 22:03:12,405 - VBJDU18422021801 - DEBUG - 选择选项
2018-09-24 22:03:14,414 - VBJDU18422021801 - INFO - 答案错误
2018-09-24 22:03:14,530 - VBJDU18422021801 - INFO - 正确答案；《咲-Saki-》
2018-09-24 22:03:14,531 - VBJDU18422021801 - DEBUG - 添加此题
2018-09-24 22:03:16,562 - VBJDU18422021801 - INFO - 本题结束
2018-09-24 22:03:16,562 - VBJDU18422021801 - DEBUG - 获取题目
2018-09-24 22:03:18,687 - VBJDU18422021801 - INFO - 第 4 题
2018-09-24 22:03:18,974 - VBJDU18422021801 - INFO - 药粉和水按1：30配药，30克的药粉可以配制多少克药水？
2018-09-24 22:03:19,862 - VBJDU18422021801 - INFO - A.960克 B.930克 C.900克
2018-09-24 22:03:21,423 - VBJDU18422021801 - DEBUG - 未检索到答案
2018-09-24 22:03:21,424 - VBJDU18422021801 - INFO - 我的答案：960克
2018-09-24 22:03:22,060 - VBJDU18422021801 - DEBUG - 选择选项
2018-09-24 22:03:24,050 - VBJDU18422021801 - INFO - 答案错误
2018-09-24 22:03:24,167 - VBJDU18422021801 - INFO - 正确答案；930克
2018-09-24 22:03:24,167 - VBJDU18422021801 - DEBUG - 添加此题
2018-09-24 22:03:29,483 - VBJDU18422021801 - INFO - 本题结束
2018-09-24 22:03:29,483 - VBJDU18422021801 - DEBUG - 获取题目
2018-09-24 22:03:31,547 - VBJDU18422021801 - INFO - 第 5 题
2018-09-24 22:03:31,866 - VBJDU18422021801 - INFO - 《疯狂动物城》中的“尼克·王尔德”是现实中的什么动物？
2018-09-24 22:03:32,856 - VBJDU18422021801 - INFO - A.绵阳 B.赤狐 C.兔子
2018-09-24 22:03:33,510 - VBJDU18422021801 - DEBUG - 在线检索答案
2018-09-24 22:03:33,510 - VBJDU18422021801 - INFO - 我的答案：兔子
2018-09-24 22:03:34,130 - VBJDU18422021801 - DEBUG - 选择选项
2018-09-24 22:03:36,119 - VBJDU18422021801 - INFO - 答案错误
2018-09-24 22:03:36,306 - VBJDU18422021801 - INFO - 正确答案；赤狐
2018-09-24 22:03:36,307 - VBJDU18422021801 - DEBUG - 添加此题
2018-09-24 22:03:37,427 - VBJDU18422021801 - INFO - 本题结束
2018-09-24 22:03:38,643 - VBJDU18422021801 - INFO - 本场比赛结束
2018-09-24 22:03:38,691 - VBJDU18422021801 - INFO - 返回游戏页面
2018-09-24 22:03:40,293 - VBJDU18422021801 - INFO - 进入排位赛
2018-09-24 22:03:40,294 - VBJDU18422021801 - INFO - 正在匹配中......
2018-09-24 22:04:19,490 - VBJDU18422021801 - INFO - 匹配成功
2018-09-24 22:04:19,490 - VBJDU18422021801 - DEBUG - 获取题目
2018-09-24 22:04:20,926 - VBJDU18422021801 - INFO - 第 1 题
2018-09-24 22:04:21,218 - VBJDU18422021801 - INFO - 中国第一位探索太空的航天员是谁？
2018-09-24 22:04:22,157 - VBJDU18422021801 - INFO - A.杨利伟 B.费俊龙 C.景海鹏
2018-09-24 22:04:22,161 - VBJDU18422021801 - DEBUG - 数据库中检索答案
2018-09-24 22:04:22,161 - VBJDU18422021801 - INFO - 我的答案：杨利伟
2018-09-24 22:04:22,823 - VBJDU18422021801 - DEBUG - 选择选项
2018-09-24 22:04:24,929 - VBJDU18422021801 - INFO - 答案正确
2018-09-24 22:04:27,163 - VBJDU18422021801 - INFO - 本题结束
2018-09-24 22:04:27,163 - VBJDU18422021801 - DEBUG - 获取题目
2018-09-24 22:04:29,282 - VBJDU18422021801 - INFO - 第 2 题
2018-09-24 22:04:29,573 - VBJDU18422021801 - INFO - 端午节的习俗是哪个？
2018-09-24 22:04:30,402 - VBJDU18422021801 - INFO - A.舞狮子 B.吃汤圆 C.赛龙舟
2018-09-24 22:04:31,099 - VBJDU18422021801 - DEBUG - 在线检索答案
2018-09-24 22:04:31,099 - VBJDU18422021801 - INFO - 我的答案：赛龙舟
2018-09-24 22:04:31,761 - VBJDU18422021801 - DEBUG - 选择选项
2018-09-24 22:04:33,774 - VBJDU18422021801 - INFO - 答案正确
2018-09-24 22:04:33,775 - VBJDU18422021801 - DEBUG - 添加此题
2018-09-24 22:04:38,401 - VBJDU18422021801 - INFO - 本题结束
2018-09-24 22:04:38,401 - VBJDU18422021801 - DEBUG - 获取题目
2018-09-24 22:04:40,506 - VBJDU18422021801 - INFO - 第 3 题
2018-09-24 22:04:40,838 - VBJDU18422021801 - INFO - 以下哪位是电视节目《火星情报局 第三季》的嘉宾？
2018-09-24 22:04:41,753 - VBJDU18422021801 - INFO - A.赵雅芝 B.范冰冰 C.薛之谦
2018-09-24 22:04:42,622 - VBJDU18422021801 - DEBUG - 在线检索答案
2018-09-24 22:04:42,622 - VBJDU18422021801 - INFO - 我的答案：薛之谦
2018-09-24 22:04:43,285 - VBJDU18422021801 - DEBUG - 选择选项
2018-09-24 22:04:45,350 - VBJDU18422021801 - INFO - 答案正确
2018-09-24 22:04:45,351 - VBJDU18422021801 - DEBUG - 添加此题
2018-09-24 22:04:46,663 - VBJDU18422021801 - INFO - 本题结束
2018-09-24 22:04:46,663 - VBJDU18422021801 - DEBUG - 获取题目
2018-09-24 22:04:48,750 - VBJDU18422021801 - INFO - 第 4 题
2018-09-24 22:04:49,010 - VBJDU18422021801 - INFO - 电视剧《还珠格格》的主题曲是以下哪首歌？
2018-09-24 22:04:49,931 - VBJDU18422021801 - INFO - A.阿郎 B.背叛 C.当
2018-09-24 22:04:51,442 - VBJDU18422021801 - DEBUG - 在线检索答案
2018-09-24 22:04:51,442 - VBJDU18422021801 - INFO - 我的答案：当
2018-09-24 22:04:52,073 - VBJDU18422021801 - DEBUG - 选择选项
2018-09-24 22:04:54,111 - VBJDU18422021801 - INFO - 答案正确
2018-09-24 22:04:54,112 - VBJDU18422021801 - DEBUG - 添加此题
2018-09-24 22:04:55,166 - VBJDU18422021801 - INFO - 本题结束
2018-09-24 22:04:55,166 - VBJDU18422021801 - DEBUG - 获取题目
2018-09-24 22:04:57,230 - VBJDU18422021801 - INFO - 第 5 题
2018-09-24 22:04:57,493 - VBJDU18422021801 - INFO - 在英文中，“T”表示正确，那么错误用哪个字母表示？
2018-09-24 22:04:58,396 - VBJDU18422021801 - INFO - A.F B.Z C.S
2018-09-24 22:04:59,129 - VBJDU18422021801 - DEBUG - 在线检索答案
2018-09-24 22:04:59,129 - VBJDU18422021801 - INFO - 我的答案：F
2018-09-24 22:04:59,787 - VBJDU18422021801 - DEBUG - 选择选项
2018-09-24 22:05:01,769 - VBJDU18422021801 - INFO - 答案正确
2018-09-24 22:05:01,770 - VBJDU18422021801 - DEBUG - 添加此题
2018-09-24 22:05:03,298 - VBJDU18422021801 - INFO - 本题结束
2018-09-24 22:05:04,483 - VBJDU18422021801 - INFO - 本场比赛结束
2018-09-24 22:05:04,600 - VBJDU18422021801 - INFO - 返回游戏页面
2018-09-24 22:05:06,170 - VBJDU18422021801 - INFO - 进入排位赛
2018-09-24 22:05:06,170 - VBJDU18422021801 - INFO - 正在匹配中......
2018-09-24 22:05:40,700 - VBJDU18422021801 - INFO - 匹配成功
2018-09-24 22:05:40,700 - VBJDU18422021801 - DEBUG - 获取题目
2018-09-24 22:05:41,421 - VBJDU18422021801 - INFO - 第 1 题
2018-09-24 22:05:41,789 - VBJDU18422021801 - INFO - 以下哪位是电视节目《吐槽大会2》的主持人？
2018-09-24 22:05:42,642 - VBJDU18422021801 - INFO - A.撒贝宁 B.张绍刚 C.谢娜
2018-09-24 22:05:42,646 - VBJDU18422021801 - DEBUG - 数据库中检索答案
2018-09-24 22:05:42,646 - VBJDU18422021801 - INFO - 我的答案：张绍刚
2018-09-24 22:05:43,301 - VBJDU18422021801 - DEBUG - 选择选项
2018-09-24 22:05:45,298 - VBJDU18422021801 - INFO - 答案正确
2018-09-24 22:05:47,438 - VBJDU18422021801 - INFO - 本题结束
2018-09-24 22:05:47,438 - VBJDU18422021801 - DEBUG - 获取题目
2018-09-24 22:05:49,713 - VBJDU18422021801 - INFO - 第 2 题
2018-09-24 22:05:49,977 - VBJDU18422021801 - INFO - 在太阳系中，地球的特殊性表现在
2018-09-24 22:05:50,904 - VBJDU18422021801 - INFO - A.存在生命 B.有二氧化碳 C.存在自转转
2018-09-24 22:05:52,556 - VBJDU18422021801 - DEBUG - 在线检索答案
2018-09-24 22:05:52,556 - VBJDU18422021801 - INFO - 我的答案：存在生命
2018-09-24 22:05:53,256 - VBJDU18422021801 - DEBUG - 选择选项
2018-09-24 22:05:55,349 - VBJDU18422021801 - INFO - 答案正确
2018-09-24 22:05:55,350 - VBJDU18422021801 - DEBUG - 添加此题
2018-09-24 22:05:56,237 - VBJDU18422021801 - INFO - 本题结束
2018-09-24 22:05:56,238 - VBJDU18422021801 - DEBUG - 获取题目
2018-09-24 22:05:58,508 - VBJDU18422021801 - INFO - 第 3 题
2018-09-24 22:05:58,774 - VBJDU18422021801 - INFO - 以下哪一个人物是《东方Project》游戏的主要角色？
2018-09-24 22:05:59,617 - VBJDU18422021801 - INFO - A.野原新之助 B.江户川柯南 C.博丽灵梦
2018-09-24 22:05:59,620 - VBJDU18422021801 - DEBUG - 数据库中检索答案
2018-09-24 22:05:59,620 - VBJDU18422021801 - INFO - 我的答案：博丽灵梦
2018-09-24 22:06:00,256 - VBJDU18422021801 - DEBUG - 选择选项
2018-09-24 22:06:02,325 - VBJDU18422021801 - INFO - 答案正确
2018-09-24 22:06:05,201 - VBJDU18422021801 - INFO - 本题结束
2018-09-24 22:06:05,201 - VBJDU18422021801 - DEBUG - 获取题目
2018-09-24 22:06:07,433 - VBJDU18422021801 - INFO - 第 4 题
2018-09-24 22:06:07,777 - VBJDU18422021801 - INFO - 55乘以11等于多少？
2018-09-24 22:06:08,698 - VBJDU18422021801 - INFO - A.605 B.666 C.595
2018-09-24 22:06:09,498 - VBJDU18422021801 - DEBUG - 在线检索答案
2018-09-24 22:06:09,499 - VBJDU18422021801 - INFO - 我的答案：605
2018-09-24 22:06:10,153 - VBJDU18422021801 - DEBUG - 选择选项
2018-09-24 22:06:12,219 - VBJDU18422021801 - INFO - 答案正确
2018-09-24 22:06:12,220 - VBJDU18422021801 - DEBUG - 添加此题
2018-09-24 22:06:15,070 - VBJDU18422021801 - INFO - 本题结束
2018-09-24 22:06:15,070 - VBJDU18422021801 - DEBUG - 获取题目
2018-09-24 22:06:17,234 - VBJDU18422021801 - INFO - 第 5 题
2018-09-24 22:06:17,498 - VBJDU18422021801 - INFO - 30以内的质数加上2，还是质数的有几个？
2018-09-24 22:06:18,345 - VBJDU18422021801 - INFO - A.6 B.5 C.4
2018-09-24 22:06:20,111 - VBJDU18422021801 - DEBUG - 在线检索答案
2018-09-24 22:06:20,111 - VBJDU18422021801 - INFO - 我的答案：5
2018-09-24 22:06:20,694 - VBJDU18422021801 - DEBUG - 选择选项
2018-09-24 22:06:22,747 - VBJDU18422021801 - INFO - 答案正确
2018-09-24 22:06:22,748 - VBJDU18422021801 - DEBUG - 添加此题
2018-09-24 22:06:28,163 - VBJDU18422021801 - INFO - 本题结束
2018-09-24 22:06:29,331 - VBJDU18422021801 - INFO - 本场比赛结束
2018-09-24 22:06:29,373 - VBJDU18422021801 - INFO - 返回游戏页面
2018-09-24 22:06:30,947 - VBJDU18422021801 - INFO - 进入排位赛
2018-09-24 22:06:30,947 - VBJDU18422021801 - INFO - 正在匹配中......
2018-09-24 22:07:05,559 - VBJDU18422021801 - INFO - 匹配成功
2018-09-24 22:07:05,559 - VBJDU18422021801 - DEBUG - 获取题目
2018-09-24 22:07:06,940 - VBJDU18422021801 - INFO - 第 1 题
2018-09-24 22:07:07,195 - VBJDU18422021801 - INFO - 下列哪一个选项有“塞外米粮川”之称？
2018-09-24 22:07:08,015 - VBJDU18422021801 - INFO - A.伊犁地区 B.柴达木盆地 C.河套地区
2018-09-24 22:07:08,720 - VBJDU18422021801 - DEBUG - 在线检索答案
2018-09-24 22:07:08,720 - VBJDU18422021801 - INFO - 我的答案：河套地区
2018-09-24 22:07:09,308 - VBJDU18422021801 - DEBUG - 选择选项
2018-09-24 22:07:11,339 - VBJDU18422021801 - INFO - 答案正确
2018-09-24 22:07:11,340 - VBJDU18422021801 - DEBUG - 添加此题
2018-09-24 22:07:13,552 - VBJDU18422021801 - INFO - 本题结束
2018-09-24 22:07:13,552 - VBJDU18422021801 - DEBUG - 获取题目
2018-09-24 22:07:15,756 - VBJDU18422021801 - INFO - 第 2 题
2018-09-24 22:07:16,029 - VBJDU18422021801 - INFO - 第一个登上维密的亚洲模特是谁？
2018-09-24 22:07:16,864 - VBJDU18422021801 - INFO - A.奚梦瑶 B.睢晓雯 C.刘雯
2018-09-24 22:07:17,750 - VBJDU18422021801 - DEBUG - 在线检索答案
2018-09-24 22:07:17,750 - VBJDU18422021801 - INFO - 我的答案：刘雯
2018-09-24 22:07:18,372 - VBJDU18422021801 - DEBUG - 选择选项
2018-09-24 22:07:20,541 - VBJDU18422021801 - INFO - 答案正确
2018-09-24 22:07:20,542 - VBJDU18422021801 - DEBUG - 添加此题
2018-09-24 22:07:24,666 - VBJDU18422021801 - INFO - 本题结束
2018-09-24 22:07:24,666 - VBJDU18422021801 - DEBUG - 获取题目
2018-09-24 22:07:26,802 - VBJDU18422021801 - INFO - 第 3 题
2018-09-24 22:07:27,069 - VBJDU18422021801 - INFO - 唐代唯一存世的记载皇帝言行的史书《顺宗实录》作者是？
2018-09-24 22:07:27,941 - VBJDU18422021801 - INFO - A.刘禹锡 B.柳宗元 C.韩愈
2018-09-24 22:07:28,746 - VBJDU18422021801 - DEBUG - 在线检索答案
2018-09-24 22:07:28,747 - VBJDU18422021801 - INFO - 我的答案：韩愈
2018-09-24 22:07:29,372 - VBJDU18422021801 - DEBUG - 选择选项
2018-09-24 22:07:31,507 - VBJDU18422021801 - INFO - 答案正确
2018-09-24 22:07:31,508 - VBJDU18422021801 - DEBUG - 添加此题
2018-09-24 22:07:33,625 - VBJDU18422021801 - INFO - 本题结束
2018-09-24 22:07:33,625 - VBJDU18422021801 - DEBUG - 获取题目
2018-09-24 22:07:35,845 - VBJDU18422021801 - INFO - 第 4 题
2018-09-24 22:07:36,105 - VBJDU18422021801 - INFO - “乡心新岁切，天畔独潸然”的诗名是什么？
2018-09-24 22:07:37,017 - VBJDU18422021801 - INFO - A.《新年赋》 B.《新年作》 C.《除夜作》
2018-09-24 22:07:38,248 - VBJDU18422021801 - DEBUG - 在线检索答案
2018-09-24 22:07:38,248 - VBJDU18422021801 - INFO - 我的答案：《新年作》
2018-09-24 22:07:38,881 - VBJDU18422021801 - DEBUG - 选择选项
2018-09-24 22:07:40,924 - VBJDU18422021801 - INFO - 答案正确
2018-09-24 22:07:40,925 - VBJDU18422021801 - DEBUG - 添加此题
2018-09-24 22:07:45,422 - VBJDU18422021801 - INFO - 本题结束
2018-09-24 22:07:45,422 - VBJDU18422021801 - DEBUG - 获取题目
2018-09-24 22:07:47,561 - VBJDU18422021801 - INFO - 第 5 题
2018-09-24 22:07:47,814 - VBJDU18422021801 - INFO - 世界上森林覆盖率最高的国家
2018-09-24 22:07:48,705 - VBJDU18422021801 - INFO - A.日本 B.加拿大 C.芬兰
2018-09-24 22:07:49,381 - VBJDU18422021801 - DEBUG - 在线检索答案
2018-09-24 22:07:49,382 - VBJDU18422021801 - INFO - 我的答案：日本
2018-09-24 22:07:50,010 - VBJDU18422021801 - DEBUG - 选择选项
2018-09-24 22:07:52,014 - VBJDU18422021801 - INFO - 答案正确
2018-09-24 22:07:52,014 - VBJDU18422021801 - DEBUG - 添加此题
2018-09-24 22:07:52,965 - VBJDU18422021801 - INFO - 本题结束
2018-09-24 22:07:54,126 - VBJDU18422021801 - INFO - 本场比赛结束
2018-09-24 22:07:54,241 - VBJDU18422021801 - INFO - 返回游戏页面
2018-09-24 22:07:55,777 - VBJDU18422021801 - INFO - 进入排位赛
2018-09-24 22:07:55,777 - VBJDU18422021801 - INFO - 正在匹配中......
2018-09-24 22:08:04,666 - VBJDU18422021801 - INFO - 匹配成功
2018-09-24 22:08:04,666 - VBJDU18422021801 - DEBUG - 获取题目
2018-09-24 22:08:05,362 - VBJDU18422021801 - INFO - 第 1 题
2018-09-24 22:08:05,711 - VBJDU18422021801 - INFO - 什么色的花在自然界里最多？
2018-09-24 22:08:06,603 - VBJDU18422021801 - INFO - A.红色 B.黑色 C.白色
2018-09-24 22:08:07,405 - VBJDU18422021801 - DEBUG - 在线检索答案
2018-09-24 22:08:07,405 - VBJDU18422021801 - INFO - 我的答案：红色
2018-09-24 22:08:07,986 - VBJDU18422021801 - DEBUG - 选择选项
2018-09-24 22:08:09,997 - VBJDU18422021801 - INFO - 答案错误
2018-09-24 22:08:10,183 - VBJDU18422021801 - INFO - 正确答案；白色
2018-09-24 22:08:10,183 - VBJDU18422021801 - DEBUG - 添加此题
2018-09-24 22:08:11,727 - VBJDU18422021801 - INFO - 本题结束
2018-09-24 22:08:11,727 - VBJDU18422021801 - DEBUG - 获取题目
2018-09-24 22:08:13,987 - VBJDU18422021801 - INFO - 第 2 题
2018-09-24 22:08:14,266 - VBJDU18422021801 - INFO - 芒种所处以下哪个季节？
2018-09-24 22:08:15,123 - VBJDU18422021801 - INFO - A.夏季 B.春季 C.秋季
2018-09-24 22:08:15,126 - VBJDU18422021801 - DEBUG - 数据库中检索答案
2018-09-24 22:08:15,127 - VBJDU18422021801 - INFO - 我的答案：夏季
2018-09-24 22:08:15,779 - VBJDU18422021801 - DEBUG - 选择选项
2018-09-24 22:08:17,800 - VBJDU18422021801 - INFO - 答案正确
2018-09-24 22:08:21,562 - VBJDU18422021801 - INFO - 本题结束
2018-09-24 22:08:21,562 - VBJDU18422021801 - DEBUG - 获取题目
2018-09-24 22:08:23,871 - VBJDU18422021801 - INFO - 第 3 题
2018-09-24 22:08:24,150 - VBJDU18422021801 - INFO - 城区气温高于郊区气温的现象在地理学上被称作什么效应？
2018-09-24 22:08:25,104 - VBJDU18422021801 - INFO - A.蝴蝶效应 B.热岛效应 C.温室效应
2018-09-24 22:08:25,473 - VBJDU18422021801 - DEBUG - 在线检索答案
2018-09-24 22:08:25,473 - VBJDU18422021801 - INFO - 我的答案：热岛效应
2018-09-24 22:08:26,070 - VBJDU18422021801 - DEBUG - 选择选项
2018-09-24 22:08:28,067 - VBJDU18422021801 - INFO - 答案正确
2018-09-24 22:08:28,068 - VBJDU18422021801 - DEBUG - 添加此题
2018-09-24 22:08:31,108 - VBJDU18422021801 - INFO - 本题结束
2018-09-24 22:08:31,109 - VBJDU18422021801 - DEBUG - 获取题目
2018-09-24 22:08:33,200 - VBJDU18422021801 - INFO - 第 4 题
2018-09-24 22:08:33,496 - VBJDU18422021801 - INFO - 吸氧装置中氧气流量表的计量单位是
2018-09-24 22:08:34,391 - VBJDU18422021801 - INFO - A.L/min B.L/h C.L/s
2018-09-24 22:08:34,395 - VBJDU18422021801 - DEBUG - 数据库中检索答案
2018-09-24 22:08:34,395 - VBJDU18422021801 - INFO - 我的答案：L/min
2018-09-24 22:08:35,007 - VBJDU18422021801 - DEBUG - 选择选项
2018-09-24 22:08:37,052 - VBJDU18422021801 - INFO - 答案正确
2018-09-24 22:08:41,874 - VBJDU18422021801 - INFO - 本题结束
2018-09-24 22:08:41,875 - VBJDU18422021801 - DEBUG - 获取题目
2018-09-24 22:08:44,236 - VBJDU18422021801 - INFO - 第 5 题
2018-09-24 22:08:44,539 - VBJDU18422021801 - INFO - “比更大还更大”是以下哪个公司用过的宣传语？
2018-09-24 22:08:45,346 - VBJDU18422021801 - INFO - A.华为 B.苹果 C.小米
2018-09-24 22:08:47,027 - VBJDU18422021801 - DEBUG - 在线检索答案
2018-09-24 22:08:47,027 - VBJDU18422021801 - INFO - 我的答案：苹果
2018-09-24 22:08:47,656 - VBJDU18422021801 - DEBUG - 选择选项
2018-09-24 22:08:49,620 - VBJDU18422021801 - INFO - 答案正确
2018-09-24 22:08:49,621 - VBJDU18422021801 - DEBUG - 添加此题
2018-09-24 22:08:50,507 - VBJDU18422021801 - INFO - 本题结束
2018-09-24 22:08:51,708 - VBJDU18422021801 - INFO - 本场比赛结束
2018-09-24 22:08:51,808 - VBJDU18422021801 - INFO - 返回游戏页面
2018-09-24 22:08:53,411 - VBJDU18422021801 - INFO - 进入排位赛
2018-09-24 22:08:53,412 - VBJDU18422021801 - INFO - 正在匹配中......
2018-09-24 22:09:01,404 - VBJDU18422021801 - INFO - 匹配成功
2018-09-24 22:09:01,404 - VBJDU18422021801 - DEBUG - 获取题目
2018-09-24 22:09:02,648 - VBJDU18422021801 - INFO - 第 1 题
2018-09-24 22:09:02,987 - VBJDU18422021801 - INFO - 中国农业银行发行的信用卡是：
2018-09-24 22:09:03,769 - VBJDU18422021801 - INFO - A.金穗卡 B.龙卡 C.惠民卡
2018-09-24 22:09:04,659 - VBJDU18422021801 - DEBUG - 在线检索答案
2018-09-24 22:09:04,659 - VBJDU18422021801 - INFO - 我的答案：金穗卡
2018-09-24 22:09:05,312 - VBJDU18422021801 - DEBUG - 选择选项
2018-09-24 22:09:07,340 - VBJDU18422021801 - INFO - 答案正确
2018-09-24 22:09:07,341 - VBJDU18422021801 - DEBUG - 添加此题
2018-09-24 22:09:11,120 - VBJDU18422021801 - INFO - 本题结束
2018-09-24 22:09:11,121 - VBJDU18422021801 - DEBUG - 获取题目
2018-09-24 22:09:13,114 - VBJDU18422021801 - INFO - 第 2 题
2018-09-24 22:09:13,414 - VBJDU18422021801 - INFO - 提出“陈氏定理”的是我国哪位著名数学家？
2018-09-24 22:09:14,357 - VBJDU18422021801 - INFO - A.陈景润 B.苏步青 C.华罗庚
2018-09-24 22:09:14,360 - VBJDU18422021801 - DEBUG - 数据库中检索答案
2018-09-24 22:09:14,360 - VBJDU18422021801 - INFO - 我的答案：陈景润
2018-09-24 22:09:15,024 - VBJDU18422021801 - DEBUG - 选择选项
2018-09-24 22:09:17,102 - VBJDU18422021801 - INFO - 答案正确
2018-09-24 22:09:18,416 - VBJDU18422021801 - INFO - 本题结束
2018-09-24 22:09:18,417 - VBJDU18422021801 - DEBUG - 获取题目
2018-09-24 22:09:20,566 - VBJDU18422021801 - INFO - 第 3 题
2018-09-24 22:09:20,867 - VBJDU18422021801 - INFO - 山西中的“山”是指什么山？
2018-09-24 22:09:21,706 - VBJDU18422021801 - INFO - A.泰山 B.太行山 C.华山
2018-09-24 22:09:22,929 - VBJDU18422021801 - DEBUG - 在线检索答案
2018-09-24 22:09:22,929 - VBJDU18422021801 - INFO - 我的答案：太行山
2018-09-24 22:09:23,542 - VBJDU18422021801 - DEBUG - 选择选项
2018-09-24 22:09:25,617 - VBJDU18422021801 - INFO - 答案正确
2018-09-24 22:09:25,618 - VBJDU18422021801 - DEBUG - 添加此题
2018-09-24 22:09:26,574 - VBJDU18422021801 - INFO - 本题结束
2018-09-24 22:09:26,574 - VBJDU18422021801 - DEBUG - 获取题目
2018-09-24 22:09:28,731 - VBJDU18422021801 - INFO - 第 4 题
2018-09-24 22:09:29,029 - VBJDU18422021801 - INFO - 一种蟹能准确地掌握海水涨落的时间出来活动，这是一种什么行为？
2018-09-24 22:09:29,908 - VBJDU18422021801 - INFO - A.昼夜节律行为 B.潮汐节律行为 C.季节节律行为
2018-09-24 22:09:31,042 - VBJDU18422021801 - DEBUG - 在线检索答案
2018-09-24 22:09:31,042 - VBJDU18422021801 - INFO - 我的答案：潮汐节律行为
2018-09-24 22:09:31,641 - VBJDU18422021801 - DEBUG - 选择选项
2018-09-24 22:09:33,971 - VBJDU18422021801 - INFO - 答案正确
2018-09-24 22:09:33,972 - VBJDU18422021801 - DEBUG - 添加此题
2018-09-24 22:09:35,902 - VBJDU18422021801 - INFO - 本题结束
2018-09-24 22:09:35,902 - VBJDU18422021801 - DEBUG - 获取题目
2018-09-24 22:09:38,007 - VBJDU18422021801 - INFO - 第 5 题
2018-09-24 22:09:38,282 - VBJDU18422021801 - INFO - 节气清明在哪个季节？
2018-09-24 22:09:39,115 - VBJDU18422021801 - INFO - A.春季 B.冬季 C.夏季
2018-09-24 22:09:39,864 - VBJDU18422021801 - DEBUG - 未检索到答案
2018-09-24 22:09:39,865 - VBJDU18422021801 - INFO - 我的答案：春季
2018-09-24 22:09:40,455 - VBJDU18422021801 - DEBUG - 选择选项
2018-09-24 22:09:42,547 - VBJDU18422021801 - INFO - 答案正确
2018-09-24 22:09:42,547 - VBJDU18422021801 - DEBUG - 添加此题
2018-09-24 22:09:44,322 - VBJDU18422021801 - INFO - 本题结束
2018-09-24 22:09:45,510 - VBJDU18422021801 - INFO - 本场比赛结束
2018-09-24 22:09:45,557 - VBJDU18422021801 - INFO - 返回游戏页面
2018-09-24 22:09:47,186 - VBJDU18422021801 - INFO - 进入排位赛
2018-09-24 22:09:47,186 - VBJDU18422021801 - INFO - 正在匹配中......
2018-09-24 22:11:11,262 - VBJDU18422021801 - INFO - 匹配成功
2018-09-24 22:11:11,263 - VBJDU18422021801 - DEBUG - 获取题目
2018-09-24 22:11:11,906 - VBJDU18422021801 - INFO - 第 1 题
2018-09-24 22:11:12,182 - VBJDU18422021801 - INFO - 《大魔术师》是讲述一个用魔术改变命运的传奇故事，其历史背景在什么时期？
2018-09-24 22:11:13,038 - VBJDU18422021801 - INFO - A.一战时期 B.北洋时期 C.清朝时期
2018-09-24 22:11:13,042 - VBJDU18422021801 - DEBUG - 数据库中检索答案
2018-09-24 22:11:13,042 - VBJDU18422021801 - INFO - 我的答案：北洋时期
2018-09-24 22:11:13,710 - VBJDU18422021801 - DEBUG - 选择选项
2018-09-24 22:11:15,797 - VBJDU18422021801 - INFO - 答案正确
2018-09-24 22:11:20,012 - VBJDU18422021801 - INFO - 本题结束
2018-09-24 22:11:20,012 - VBJDU18422021801 - DEBUG - 获取题目
2018-09-24 22:11:22,198 - VBJDU18422021801 - INFO - 第 2 题
2018-09-24 22:11:22,511 - VBJDU18422021801 - INFO - 成语“退避三舍”，是描述古代的哪一个战争？
2018-09-24 22:11:23,416 - VBJDU18422021801 - INFO - A.赤壁之战 B.汉中之战 C.城濮之战
2018-09-24 22:11:24,252 - VBJDU18422021801 - DEBUG - 在线检索答案
2018-09-24 22:11:24,253 - VBJDU18422021801 - INFO - 我的答案：城濮之战
2018-09-24 22:11:24,837 - VBJDU18422021801 - DEBUG - 选择选项
2018-09-24 22:11:26,842 - VBJDU18422021801 - INFO - 答案正确
2018-09-24 22:11:26,843 - VBJDU18422021801 - DEBUG - 添加此题
2018-09-24 22:11:29,615 - VBJDU18422021801 - INFO - 本题结束
2018-09-24 22:11:29,615 - VBJDU18422021801 - DEBUG - 获取题目
2018-09-24 22:11:31,711 - VBJDU18422021801 - INFO - 第 3 题
2018-09-24 22:11:31,997 - VBJDU18422021801 - INFO - 通过影响国内物价水平、影响短期资本流动而间接地对利率产生影响的是
2018-09-24 22:11:32,908 - VBJDU18422021801 - INFO - A.货币政策 B.汇率政策 C.利率政策
2018-09-24 22:11:34,988 - VBJDU18422021801 - DEBUG - 在线检索答案
2018-09-24 22:11:34,989 - VBJDU18422021801 - INFO - 我的答案：货币政策
2018-09-24 22:11:35,606 - VBJDU18422021801 - DEBUG - 选择选项
2018-09-24 22:11:37,695 - VBJDU18422021801 - INFO - 答案错误
2018-09-24 22:11:37,804 - VBJDU18422021801 - INFO - 正确答案；汇率政策
2018-09-24 22:11:37,805 - VBJDU18422021801 - DEBUG - 添加此题
2018-09-24 22:11:43,106 - VBJDU18422021801 - INFO - 本题结束
2018-09-24 22:11:43,106 - VBJDU18422021801 - DEBUG - 获取题目
2018-09-24 22:11:45,467 - VBJDU18422021801 - INFO - 第 4 题
2018-09-24 22:11:45,727 - VBJDU18422021801 - INFO - 以下哪一部剧目全部是二黄唱腔
2018-09-24 22:11:46,620 - VBJDU18422021801 - INFO - A.四郎探母 B.朱砂痣 C.大保国
2018-09-24 22:11:47,495 - VBJDU18422021801 - DEBUG - 在线检索答案
2018-09-24 22:11:47,496 - VBJDU18422021801 - INFO - 我的答案：四郎探母
2018-09-24 22:11:48,111 - VBJDU18422021801 - DEBUG - 选择选项
2018-09-24 22:11:50,166 - VBJDU18422021801 - INFO - 答案错误
2018-09-24 22:11:50,279 - VBJDU18422021801 - INFO - 正确答案；朱砂痣
2018-09-24 22:11:50,280 - VBJDU18422021801 - DEBUG - 添加此题
2018-09-24 22:11:51,335 - VBJDU18422021801 - INFO - 本题结束
2018-09-24 22:11:51,335 - VBJDU18422021801 - DEBUG - 获取题目
2018-09-24 22:11:53,679 - VBJDU18422021801 - INFO - 第 5 题
2018-09-24 22:11:53,951 - VBJDU18422021801 - INFO - 影片“ET外星人”中，ET是喝什么饮料醉倒的？
2018-09-24 22:11:54,836 - VBJDU18422021801 - INFO - A.啤酒 B.鸡尾酒 C.红酒
2018-09-24 22:11:56,585 - VBJDU18422021801 - DEBUG - 在线检索答案
2018-09-24 22:11:56,585 - VBJDU18422021801 - INFO - 我的答案：啤酒
2018-09-24 22:11:57,199 - VBJDU18422021801 - DEBUG - 选择选项
2018-09-24 22:11:59,236 - VBJDU18422021801 - INFO - 答案正确
2018-09-24 22:11:59,236 - VBJDU18422021801 - DEBUG - 添加此题
2018-09-24 22:12:02,543 - VBJDU18422021801 - INFO - 本题结束
2018-09-24 22:12:03,721 - VBJDU18422021801 - INFO - 本场比赛结束
2018-09-24 22:12:03,818 - VBJDU18422021801 - INFO - 返回游戏页面
2018-09-24 22:12:05,372 - VBJDU18422021801 - INFO - 进入排位赛
2018-09-24 22:12:05,372 - VBJDU18422021801 - INFO - 正在匹配中......
2018-09-24 22:12:30,789 - VBJDU18422021801 - INFO - 匹配成功
2018-09-24 22:12:30,789 - VBJDU18422021801 - DEBUG - 获取题目
2018-09-24 22:12:31,433 - VBJDU18422021801 - INFO - 第 1 题
2018-09-24 22:12:31,741 - VBJDU18422021801 - INFO - 重阳节，又称重九节，在这个节日里具有象征意义的鲜花是？
2018-09-24 22:12:32,585 - VBJDU18422021801 - INFO - A.海棠 B.百合 C.菊花
2018-09-24 22:12:33,294 - VBJDU18422021801 - DEBUG - 在线检索答案
2018-09-24 22:12:33,294 - VBJDU18422021801 - INFO - 我的答案：菊花
2018-09-24 22:12:33,902 - VBJDU18422021801 - DEBUG - 选择选项
2018-09-24 22:12:35,933 - VBJDU18422021801 - INFO - 答案正确
2018-09-24 22:12:35,934 - VBJDU18422021801 - DEBUG - 添加此题
2018-09-24 22:12:40,681 - VBJDU18422021801 - INFO - 本题结束
2018-09-24 22:12:40,681 - VBJDU18422021801 - DEBUG - 获取题目
2018-09-24 22:12:42,909 - VBJDU18422021801 - INFO - 第 2 题
2018-09-24 22:12:43,186 - VBJDU18422021801 - INFO - 《消防法》规定，禁止非法携带下列哪项进入公共场所或乘坐公共交通工具
2018-09-24 22:12:44,058 - VBJDU18422021801 - INFO - A.易燃易爆物品 B.枪支、炸药 C.火种
2018-09-24 22:12:44,916 - VBJDU18422021801 - DEBUG - 未检索到答案
2018-09-24 22:12:44,916 - VBJDU18422021801 - INFO - 我的答案：易燃易爆物品
2018-09-24 22:12:45,511 - VBJDU18422021801 - DEBUG - 选择选项
2018-09-24 22:12:47,494 - VBJDU18422021801 - INFO - 答案正确
2018-09-24 22:12:47,495 - VBJDU18422021801 - DEBUG - 添加此题
2018-09-24 22:12:49,313 - VBJDU18422021801 - INFO - 本题结束
2018-09-24 22:12:49,314 - VBJDU18422021801 - DEBUG - 获取题目
2018-09-24 22:12:51,707 - VBJDU18422021801 - INFO - 第 3 题
2018-09-24 22:12:52,006 - VBJDU18422021801 - INFO - 对核武器、生物武器和（）效应的防护简称为“三防”
2018-09-24 22:12:53,002 - VBJDU18422021801 - INFO - A.电磁武器 B.激光武器 C.化学武器
2018-09-24 22:12:53,005 - VBJDU18422021801 - DEBUG - 数据库中检索答案
2018-09-24 22:12:53,005 - VBJDU18422021801 - INFO - 我的答案：化学武器
2018-09-24 22:12:53,618 - VBJDU18422021801 - DEBUG - 选择选项
2018-09-24 22:12:55,735 - VBJDU18422021801 - INFO - 答案正确
2018-09-24 22:13:00,842 - VBJDU18422021801 - INFO - 本题结束
2018-09-24 22:13:00,842 - VBJDU18422021801 - DEBUG - 获取题目
2018-09-24 22:13:02,891 - VBJDU18422021801 - INFO - 第 4 题
2018-09-24 22:13:03,167 - VBJDU18422021801 - INFO - 放大镜的设计原理是采用了
2018-09-24 22:13:04,055 - VBJDU18422021801 - INFO - A.凸透镜 B.凹透镜 C.平面镜
2018-09-24 22:13:04,313 - VBJDU18422021801 - DEBUG - 在线检索答案
2018-09-24 22:13:04,313 - VBJDU18422021801 - INFO - 我的答案：凸透镜
2018-09-24 22:13:04,922 - VBJDU18422021801 - DEBUG - 选择选项
2018-09-24 22:13:06,966 - VBJDU18422021801 - INFO - 答案正确
2018-09-24 22:13:06,967 - VBJDU18422021801 - DEBUG - 添加此题
2018-09-24 22:13:12,417 - VBJDU18422021801 - INFO - 本题结束
2018-09-24 22:13:12,418 - VBJDU18422021801 - DEBUG - 获取题目
2018-09-24 22:13:14,523 - VBJDU18422021801 - INFO - 第 5 题
2018-09-24 22:13:14,803 - VBJDU18422021801 - INFO - 化妆品欧莱雅是哪个国家的品牌？
2018-09-24 22:13:15,671 - VBJDU18422021801 - INFO - A.法国 B.日本 C.瑞典
2018-09-24 22:13:16,400 - VBJDU18422021801 - DEBUG - 在线检索答案
2018-09-24 22:13:16,401 - VBJDU18422021801 - INFO - 我的答案：法国
2018-09-24 22:13:17,018 - VBJDU18422021801 - DEBUG - 选择选项
2018-09-24 22:13:19,043 - VBJDU18422021801 - INFO - 答案正确
2018-09-24 22:13:19,044 - VBJDU18422021801 - DEBUG - 添加此题
2018-09-24 22:13:21,663 - VBJDU18422021801 - INFO - 本题结束
2018-09-24 22:13:22,868 - VBJDU18422021801 - INFO - 本场比赛结束
2018-09-24 22:13:22,902 - VBJDU18422021801 - INFO - 返回游戏页面
2018-09-24 22:13:24,463 - VBJDU18422021801 - INFO - 进入排位赛
2018-09-24 22:13:24,463 - VBJDU18422021801 - INFO - 正在匹配中......
2018-09-24 22:14:00,285 - VBJDU18422021801 - INFO - 匹配成功
2018-09-24 22:14:00,285 - VBJDU18422021801 - DEBUG - 获取题目
2018-09-24 22:14:00,921 - VBJDU18422021801 - INFO - 第 1 题
2018-09-24 22:14:01,244 - VBJDU18422021801 - INFO - 除夕夜在烧红的煤炭上浇上醋是哪个地区的习俗？
2018-09-24 22:14:02,065 - VBJDU18422021801 - INFO - A.广东 B.陕北 C.山西
2018-09-24 22:14:02,068 - VBJDU18422021801 - DEBUG - 数据库中检索答案
2018-09-24 22:14:02,068 - VBJDU18422021801 - INFO - 我的答案：陕北
2018-09-24 22:14:02,733 - VBJDU18422021801 - DEBUG - 选择选项
2018-09-24 22:14:04,830 - VBJDU18422021801 - INFO - 答案正确
2018-09-24 22:14:06,971 - VBJDU18422021801 - INFO - 本题结束
2018-09-24 22:14:06,971 - VBJDU18422021801 - DEBUG - 获取题目
2018-09-24 22:14:09,181 - VBJDU18422021801 - INFO - 第 2 题
2018-09-24 22:14:09,438 - VBJDU18422021801 - INFO - 世界七大水坝之一，位于埃及尼罗河上的水坝叫什么？
2018-09-24 22:14:10,424 - VBJDU18422021801 - INFO - A. 泰拉普水坝 B.胡佛水坝 C.阿斯旺水坝
2018-09-24 22:14:10,428 - VBJDU18422021801 - DEBUG - 数据库中检索答案
2018-09-24 22:14:10,428 - VBJDU18422021801 - INFO - 我的答案：阿斯旺水坝
2018-09-24 22:14:11,041 - VBJDU18422021801 - DEBUG - 选择选项
2018-09-24 22:14:13,305 - VBJDU18422021801 - INFO - 答案正确
2018-09-24 22:14:15,742 - VBJDU18422021801 - INFO - 本题结束
2018-09-24 22:14:15,743 - VBJDU18422021801 - DEBUG - 获取题目
2018-09-24 22:14:17,898 - VBJDU18422021801 - INFO - 第 3 题
2018-09-24 22:14:18,226 - VBJDU18422021801 - INFO - 第一届中日围棋擂台赛是哪一年开始的？
2018-09-24 22:14:19,094 - VBJDU18422021801 - INFO - A.1973 B.1979 C.1984
2018-09-24 22:14:20,254 - VBJDU18422021801 - DEBUG - 在线检索答案
2018-09-24 22:14:20,254 - VBJDU18422021801 - INFO - 我的答案：1984
2018-09-24 22:14:20,897 - VBJDU18422021801 - DEBUG - 选择选项
2018-09-24 22:14:22,902 - VBJDU18422021801 - INFO - 答案正确
2018-09-24 22:14:22,904 - VBJDU18422021801 - DEBUG - 添加此题
2018-09-24 22:14:24,750 - VBJDU18422021801 - INFO - 本题结束
2018-09-24 22:14:24,750 - VBJDU18422021801 - DEBUG - 获取题目
2018-09-24 22:14:26,962 - VBJDU18422021801 - INFO - 第 4 题
2018-09-24 22:14:27,283 - VBJDU18422021801 - INFO - 比特币（BitCoin）的概念最初在什么时候提出？
2018-09-24 22:14:28,186 - VBJDU18422021801 - INFO - A.2008年 B.2009年 C.2007年
2018-09-24 22:14:28,196 - VBJDU18422021801 - DEBUG - 数据库中检索答案
2018-09-24 22:14:28,197 - VBJDU18422021801 - INFO - 我的答案：2009年
2018-09-24 22:14:28,869 - VBJDU18422021801 - DEBUG - 选择选项
2018-09-24 22:14:30,958 - VBJDU18422021801 - INFO - 答案正确
2018-09-24 22:14:32,762 - VBJDU18422021801 - INFO - 本题结束
2018-09-24 22:14:32,762 - VBJDU18422021801 - DEBUG - 获取题目
2018-09-24 22:14:34,894 - VBJDU18422021801 - INFO - 第 5 题
2018-09-24 22:14:35,178 - VBJDU18422021801 - INFO - 歌手王力宏的第一张专辑《情敌贝多芬》发行于哪一年？
2018-09-24 22:14:36,015 - VBJDU18422021801 - INFO - A.1995年 B.2001年 C.2000年
2018-09-24 22:14:36,018 - VBJDU18422021801 - DEBUG - 数据库中检索答案
2018-09-24 22:14:36,019 - VBJDU18422021801 - INFO - 我的答案：1995年
2018-09-24 22:14:36,726 - VBJDU18422021801 - DEBUG - 选择选项
2018-09-24 22:14:38,772 - VBJDU18422021801 - INFO - 答案正确
2018-09-24 22:14:43,202 - VBJDU18422021801 - INFO - 本题结束
2018-09-24 22:14:44,411 - VBJDU18422021801 - INFO - 本场比赛结束
2018-09-24 22:14:44,498 - VBJDU18422021801 - INFO - 返回游戏页面
2018-09-24 22:14:46,155 - VBJDU18422021801 - INFO - 进入排位赛
2018-09-24 22:14:46,155 - VBJDU18422021801 - INFO - 正在匹配中......
2018-09-24 22:16:09,267 - VBJDU18422021801 - DEBUG - 获取题目
2018-09-24 22:16:19,034 - VBJDU18422021801 - INFO - 第 1 题
2018-09-24 22:16:19,328 - VBJDU18422021801 - INFO - 以下不属于清明的风俗的是
2018-09-24 22:16:20,190 - VBJDU18422021801 - INFO - A.踏青 B.门旁插柳和戴柳枝帽 C.种花
2018-09-24 22:16:21,076 - VBJDU18422021801 - DEBUG - 在线检索答案
2018-09-24 22:16:21,076 - VBJDU18422021801 - INFO - 我的答案：门旁插柳和戴柳枝帽
2018-09-24 22:16:21,686 - VBJDU18422021801 - DEBUG - 选择选项
2018-09-24 22:16:23,747 - VBJDU18422021801 - INFO - 答案错误
2018-09-24 22:16:23,986 - VBJDU18422021801 - INFO - 正确答案；种花
2018-09-24 22:16:23,987 - VBJDU18422021801 - DEBUG - 添加此题
2018-09-24 22:16:27,484 - VBJDU18422021801 - INFO - 本题结束
2018-09-24 22:16:27,484 - VBJDU18422021801 - DEBUG - 获取题目
2018-09-24 22:16:29,703 - VBJDU18422021801 - INFO - 第 2 题
2018-09-24 22:16:29,963 - VBJDU18422021801 - INFO - 脚气是由于什么感染造成的？
2018-09-24 22:16:30,797 - VBJDU18422021801 - INFO - A.支原体 B.细菌 C.真菌
2018-09-24 22:16:31,472 - VBJDU18422021801 - DEBUG - 在线检索答案
2018-09-24 22:16:31,472 - VBJDU18422021801 - INFO - 我的答案：真菌
2018-09-24 22:16:32,134 - VBJDU18422021801 - DEBUG - 选择选项
2018-09-24 22:16:34,155 - VBJDU18422021801 - INFO - 答案正确
2018-09-24 22:16:34,156 - VBJDU18422021801 - DEBUG - 添加此题
2018-09-24 22:16:35,663 - VBJDU18422021801 - INFO - 本题结束
2018-09-24 22:16:35,663 - VBJDU18422021801 - DEBUG - 获取题目
2018-09-24 22:16:37,836 - VBJDU18422021801 - INFO - 第 3 题
2018-09-24 22:16:38,096 - VBJDU18422021801 - INFO - 汽车在什么状态下排放的一氧化碳最多
2018-09-24 22:16:39,035 - VBJDU18422021801 - INFO - A.中速行驶 B.低速行驶 C.停车状态开发动机
2018-09-24 22:16:39,607 - VBJDU18422021801 - DEBUG - 在线检索答案
2018-09-24 22:16:39,607 - VBJDU18422021801 - INFO - 我的答案：停车状态开发动机
2018-09-24 22:16:40,252 - VBJDU18422021801 - DEBUG - 选择选项
2018-09-24 22:16:42,299 - VBJDU18422021801 - INFO - 答案正确
2018-09-24 22:16:42,300 - VBJDU18422021801 - DEBUG - 添加此题
2018-09-24 22:16:44,467 - VBJDU18422021801 - INFO - 本题结束
2018-09-24 22:16:44,467 - VBJDU18422021801 - DEBUG - 获取题目
2018-09-24 22:16:46,613 - VBJDU18422021801 - INFO - 第 4 题
2018-09-24 22:16:46,872 - VBJDU18422021801 - INFO - 英语中的“Black Tea”是我们常说的哪类茶？
2018-09-24 22:16:47,746 - VBJDU18422021801 - INFO - A.红茶 B.黑茶 C.绿茶
2018-09-24 22:16:47,749 - VBJDU18422021801 - DEBUG - 数据库中检索答案
2018-09-24 22:16:47,749 - VBJDU18422021801 - INFO - 我的答案：红茶
2018-09-24 22:16:48,311 - VBJDU18422021801 - DEBUG - 选择选项
2018-09-24 22:16:50,352 - VBJDU18422021801 - INFO - 答案正确
2018-09-24 22:16:51,989 - VBJDU18422021801 - INFO - 本题结束
2018-09-24 22:16:51,989 - VBJDU18422021801 - DEBUG - 获取题目
2018-09-24 22:16:54,098 - VBJDU18422021801 - INFO - 第 5 题
2018-09-24 22:16:54,352 - VBJDU18422021801 - INFO - 下列哪一个不是互联网直播平台？
2018-09-24 22:16:55,209 - VBJDU18422021801 - INFO - A.虎牙 B.花瓣 C.花椒
2018-09-24 22:16:55,213 - VBJDU18422021801 - DEBUG - 数据库中检索答案
2018-09-24 22:16:55,213 - VBJDU18422021801 - INFO - 我的答案：花瓣
2018-09-24 22:16:55,857 - VBJDU18422021801 - DEBUG - 选择选项
2018-09-24 22:16:57,973 - VBJDU18422021801 - INFO - 答案正确
2018-09-24 22:16:59,892 - VBJDU18422021801 - INFO - 本题结束
2018-09-24 23:05:15,037 - CLB0218314000434 - INFO - 停止UC浏览器
2018-09-24 23:05:15,335 - CLB0218314000434 - DEBUG - 返回主页面
2018-09-24 23:05:16,003 - CLB0218314000434 - DEBUG - 打开UC浏览器
2018-09-24 23:05:18,840 - CLB0218314000434 - DEBUG - 进入用户页面
2018-09-24 23:05:20,159 - CLB0218314000434 - DEBUG - 进入游戏页面1
2018-09-24 23:05:23,017 - CLB0218314000434 - DEBUG - 进入游戏页面2
2018-09-24 23:05:25,837 - CLB0218314000434 - INFO - 选择游戏
2018-09-24 23:05:27,560 - CLB0218314000434 - INFO - 进入排位赛
2018-09-24 23:05:27,561 - CLB0218314000434 - INFO - 正在匹配中......
2018-09-24 23:05:46,772 - CLB0218314000434 - INFO - 匹配成功
2018-09-24 23:05:46,773 - CLB0218314000434 - DEBUG - 获取题目
2018-09-24 23:05:48,384 - CLB0218314000434 - INFO - 第 1 题
2018-09-24 23:05:48,690 - CLB0218314000434 - INFO - 在游戏《马里奥兄弟》中，一开始被怪兽抓走的公主叫什么名字？
2018-09-24 23:05:49,640 - CLB0218314000434 - INFO - A.白雪公主 B.太平公主 C.碧琪公主
2018-09-24 23:05:49,688 - CLB0218314000434 - DEBUG - 数据库中检索答案
2018-09-24 23:05:49,688 - CLB0218314000434 - INFO - 我的答案：碧琪公主
2018-09-24 23:05:50,225 - CLB0218314000434 - DEBUG - 选择选项
2018-09-24 23:05:52,350 - CLB0218314000434 - INFO - 答案正确
2018-09-24 23:05:54,791 - CLB0218314000434 - INFO - 本题结束
2018-09-24 23:05:54,791 - CLB0218314000434 - DEBUG - 获取题目
2018-09-24 23:05:57,001 - CLB0218314000434 - INFO - 第 2 题
2018-09-24 23:05:57,343 - CLB0218314000434 - INFO - 在古代立春之时，人们有咬春的习俗，后来演变成哪种食物？
2018-09-24 23:05:58,278 - CLB0218314000434 - INFO - A.烧麦 B.粥 C.春卷
2018-09-24 23:05:59,284 - CLB0218314000434 - DEBUG - 在线检索答案
2018-09-24 23:05:59,285 - CLB0218314000434 - INFO - 我的答案：春卷
2018-09-24 23:05:59,877 - CLB0218314000434 - DEBUG - 选择选项
2018-09-24 23:06:01,935 - CLB0218314000434 - INFO - 答案正确
2018-09-24 23:06:01,936 - CLB0218314000434 - DEBUG - 添加此题
2018-09-24 23:06:05,978 - CLB0218314000434 - INFO - 本题结束
2018-09-24 23:06:05,978 - CLB0218314000434 - DEBUG - 获取题目
2018-09-24 23:06:08,314 - CLB0218314000434 - INFO - 第 3 题
2018-09-24 23:06:08,698 - CLB0218314000434 - INFO - 下列哪部不是大仲马的作品？
2018-09-24 23:06:09,821 - CLB0218314000434 - INFO - A.《基督山伯爵》 B.《巴黎圣母院》 C.《黑郁金香》
2018-09-24 23:06:10,541 - CLB0218314000434 - DEBUG - 在线检索答案
2018-09-24 23:06:10,541 - CLB0218314000434 - INFO - 我的答案：《巴黎圣母院》
2018-09-24 23:06:11,154 - CLB0218314000434 - DEBUG - 选择选项
2018-09-24 23:06:13,263 - CLB0218314000434 - INFO - 答案正确
2018-09-24 23:06:13,264 - CLB0218314000434 - DEBUG - 添加此题
2018-09-24 23:06:15,042 - CLB0218314000434 - INFO - 本题结束
2018-09-24 23:06:15,042 - CLB0218314000434 - DEBUG - 获取题目
2018-09-24 23:06:17,270 - CLB0218314000434 - INFO - 第 4 题
2018-09-24 23:06:17,603 - CLB0218314000434 - INFO - 十二生肖中，鼠的下一个是？
2018-09-24 23:06:18,554 - CLB0218314000434 - INFO - A.牛 B.蛇 C.马
2018-09-24 23:06:18,558 - CLB0218314000434 - DEBUG - 数据库中检索答案
2018-09-24 23:06:18,559 - CLB0218314000434 - INFO - 我的答案：牛
2018-09-24 23:06:19,080 - CLB0218314000434 - DEBUG - 选择选项
2018-09-24 23:06:21,237 - CLB0218314000434 - INFO - 答案正确
2018-09-24 23:06:25,782 - CLB0218314000434 - INFO - 本题结束
2018-09-24 23:06:25,783 - CLB0218314000434 - DEBUG - 获取题目
2018-09-24 23:06:27,991 - CLB0218314000434 - INFO - 第 5 题
2018-09-24 23:06:28,284 - CLB0218314000434 - INFO - 比利时球员巴舒亚伊目前在哪支球队效力？
2018-09-24 23:06:29,246 - CLB0218314000434 - INFO - A.拜仁慕尼黑 B.多特蒙德 C.勒沃库森
2018-09-24 23:06:29,250 - CLB0218314000434 - DEBUG - 数据库中检索答案
2018-09-24 23:06:29,250 - CLB0218314000434 - INFO - 我的答案：多特蒙德
2018-09-24 23:06:29,847 - CLB0218314000434 - DEBUG - 选择选项
2018-09-24 23:06:31,867 - CLB0218314000434 - INFO - 答案正确
2018-09-24 23:06:36,263 - CLB0218314000434 - INFO - 本题结束
2018-09-24 23:06:37,395 - CLB0218314000434 - INFO - 本场比赛结束
2018-09-24 23:06:37,501 - CLB0218314000434 - INFO - 返回游戏页面
2018-09-24 23:06:39,067 - CLB0218314000434 - INFO - 进入排位赛
2018-09-24 23:06:39,068 - CLB0218314000434 - INFO - 正在匹配中......
2018-09-24 23:07:08,544 - CLB0218314000434 - INFO - 匹配成功
2018-09-24 23:07:08,545 - CLB0218314000434 - DEBUG - 获取题目
2018-09-24 23:07:09,217 - CLB0218314000434 - INFO - 第 1 题
2018-09-24 23:07:09,665 - CLB0218314000434 - INFO - 《消防法》规定，禁止非法携带下列哪项进入公共场所或乘坐公共交通工具
2018-09-24 23:07:11,935 - CLB0218314000434 - ERROR - -32001 Jsonrpc error: <android.support.test.uiautomator.UiObjectNotFoundException> data: UiSelector[CLASS=android.view.View, INSTANCE=19], method: objInfo
2018-09-24 23:10:23,682 - VBJDU18422021801 - INFO - 停止UC浏览器
2018-09-24 23:10:32,384 - VBJDU18422021801 - INFO - 停止UC浏览器
2018-09-24 23:10:32,514 - VBJDU18422021801 - DEBUG - 返回主页面
2018-09-24 23:10:43,525 - VBJDU18422021801 - DEBUG - 打开UC浏览器
2018-09-24 23:10:46,053 - VBJDU18422021801 - DEBUG - 进入用户页面
2018-09-24 23:10:53,606 - VBJDU18422021801 - INFO - 停止UC浏览器
2018-09-24 23:10:53,648 - VBJDU18422021801 - DEBUG - 返回主页面
2018-09-24 23:10:54,737 - VBJDU18422021801 - DEBUG - 打开UC浏览器
2018-09-24 23:10:57,202 - VBJDU18422021801 - DEBUG - 进入用户页面
2018-09-24 23:10:58,382 - VBJDU18422021801 - DEBUG - 进入游戏页面1
2018-09-24 23:11:00,568 - VBJDU18422021801 - DEBUG - 进入游戏页面2
2018-09-24 23:11:03,254 - VBJDU18422021801 - INFO - 选择游戏
2018-09-24 23:11:05,944 - VBJDU18422021801 - INFO - 进入排位赛
2018-09-24 23:11:05,944 - VBJDU18422021801 - INFO - 正在匹配中......
2018-09-24 23:13:10,086 - VBJDU18422021801 - WARNING - 匹配失败
2018-09-24 23:13:10,223 - VBJDU18422021801 - INFO - 返回游戏页面
2018-09-24 23:13:11,860 - VBJDU18422021801 - INFO - 进入排位赛
2018-09-24 23:13:11,860 - VBJDU18422021801 - INFO - 正在匹配中......
2018-09-24 23:13:21,665 - VBJDU18422021801 - INFO - 匹配成功
2018-09-24 23:13:21,665 - VBJDU18422021801 - DEBUG - 获取题目
2018-09-24 23:13:22,385 - VBJDU18422021801 - INFO - 第 1 题
2018-09-24 23:13:22,685 - VBJDU18422021801 - INFO - 谁与曾孝谷等人在日本创办了我国最早的话剧团体“春柳社” 
2018-09-24 23:13:23,660 - VBJDU18422021801 - INFO - A.老舍 B.李叔同 C.郭沫若
2018-09-24 23:13:23,693 - VBJDU18422021801 - DEBUG - 数据库中检索答案
2018-09-24 23:13:23,693 - VBJDU18422021801 - INFO - 我的答案：李叔同
2018-09-24 23:13:24,266 - VBJDU18422021801 - DEBUG - 选择选项
2018-09-24 23:13:26,324 - VBJDU18422021801 - INFO - 答案正确
2018-09-24 23:13:27,819 - VBJDU18422021801 - INFO - 本题结束
2018-09-24 23:13:27,819 - VBJDU18422021801 - DEBUG - 获取题目
2018-09-24 23:13:30,128 - VBJDU18422021801 - INFO - 第 2 题
2018-09-24 23:13:30,417 - VBJDU18422021801 - INFO - 以下哪个国家，没有加入美国联合攻击战斗机F-35的研制计划？
2018-09-24 23:13:31,352 - VBJDU18422021801 - INFO - A.英国 B.土耳其 C.法国
2018-09-24 23:13:32,549 - VBJDU18422021801 - DEBUG - 在线检索答案
2018-09-24 23:13:32,550 - VBJDU18422021801 - INFO - 我的答案：英国
2018-09-24 23:13:33,221 - VBJDU18422021801 - DEBUG - 选择选项
2018-09-24 23:13:35,296 - VBJDU18422021801 - INFO - 答案错误
2018-09-24 23:13:35,491 - VBJDU18422021801 - INFO - 正确答案；法国
2018-09-24 23:13:35,492 - VBJDU18422021801 - DEBUG - 添加此题
2018-09-24 23:13:36,217 - VBJDU18422021801 - INFO - 本题结束
2018-09-24 23:13:36,217 - VBJDU18422021801 - DEBUG - 获取题目
2018-09-24 23:13:38,447 - VBJDU18422021801 - INFO - 第 3 题
2018-09-24 23:13:38,743 - VBJDU18422021801 - INFO - 味噌是哪个国家的特色食材？
2018-09-24 23:13:39,633 - VBJDU18422021801 - INFO - A.新加坡 B.马来西亚 C.日本
2018-09-24 23:13:40,401 - VBJDU18422021801 - DEBUG - 在线检索答案
2018-09-24 23:13:40,401 - VBJDU18422021801 - INFO - 我的答案：日本
2018-09-24 23:13:41,005 - VBJDU18422021801 - DEBUG - 选择选项
2018-09-24 23:13:43,030 - VBJDU18422021801 - INFO - 答案正确
2018-09-24 23:13:43,031 - VBJDU18422021801 - DEBUG - 添加此题
2018-09-24 23:13:44,341 - VBJDU18422021801 - INFO - 本题结束
2018-09-24 23:13:44,341 - VBJDU18422021801 - DEBUG - 获取题目
2018-09-24 23:13:46,417 - VBJDU18422021801 - INFO - 第 4 题
2018-09-24 23:13:46,689 - VBJDU18422021801 - INFO - 名句“小楼一夜听春雨，深巷明朝卖杏花”出自谁的作品？
2018-09-24 23:13:47,637 - VBJDU18422021801 - INFO - A.杜牧 B.陆游 C.王维
2018-09-24 23:13:47,641 - VBJDU18422021801 - DEBUG - 数据库中检索答案
2018-09-24 23:13:47,641 - VBJDU18422021801 - INFO - 我的答案：陆游
2018-09-24 23:13:48,253 - VBJDU18422021801 - DEBUG - 选择选项
2018-09-24 23:13:50,297 - VBJDU18422021801 - INFO - 答案正确
2018-09-24 23:13:53,822 - VBJDU18422021801 - INFO - 本题结束
2018-09-24 23:13:53,822 - VBJDU18422021801 - DEBUG - 获取题目
2018-09-24 23:13:56,209 - VBJDU18422021801 - INFO - 第 5 题
2018-09-24 23:13:56,593 - VBJDU18422021801 - INFO - 如果来自同种生物的细胞甲比细胞乙RNA的含量多，可能的原因有
2018-09-24 23:13:57,484 - VBJDU18422021801 - INFO - A.甲合成的蛋白质比乙多 B.甲含的DNA比乙多 C.甲含的染色体比乙多
2018-09-24 23:13:57,487 - VBJDU18422021801 - DEBUG - 数据库中检索答案
2018-09-24 23:13:57,487 - VBJDU18422021801 - INFO - 我的答案：甲合成的蛋白质比乙多
2018-09-24 23:13:58,090 - VBJDU18422021801 - DEBUG - 选择选项
2018-09-24 23:14:00,089 - VBJDU18422021801 - INFO - 答案正确
2018-09-24 23:14:05,461 - VBJDU18422021801 - INFO - 本题结束
2018-09-24 23:14:06,638 - VBJDU18422021801 - INFO - 本场比赛结束
2018-09-24 23:14:06,688 - VBJDU18422021801 - INFO - 返回游戏页面
2018-09-24 23:14:08,283 - VBJDU18422021801 - INFO - 进入排位赛
2018-09-24 23:14:08,283 - VBJDU18422021801 - INFO - 正在匹配中......
2018-09-24 23:14:15,967 - VBJDU18422021801 - INFO - 匹配成功
2018-09-24 23:14:15,967 - VBJDU18422021801 - DEBUG - 获取题目
2018-09-24 23:14:17,434 - VBJDU18422021801 - INFO - 第 1 题
2018-09-24 23:14:17,894 - VBJDU18422021801 - INFO - 下面哪个漫画不是出自手日本漫画之父手冢治虫之手？
2018-09-24 23:14:18,726 - VBJDU18422021801 - INFO - A.疾风铁拳霸 B.铁臂阿童木 C.森林大帝
2018-09-24 23:14:18,730 - VBJDU18422021801 - DEBUG - 数据库中检索答案
2018-09-24 23:14:18,730 - VBJDU18422021801 - INFO - 我的答案：疾风铁拳霸
2018-09-24 23:14:19,354 - VBJDU18422021801 - DEBUG - 选择选项
2018-09-24 23:14:21,378 - VBJDU18422021801 - INFO - 答案正确
2018-09-24 23:14:23,478 - VBJDU18422021801 - INFO - 本题结束
2018-09-24 23:14:23,478 - VBJDU18422021801 - DEBUG - 获取题目
2018-09-24 23:14:25,714 - VBJDU18422021801 - INFO - 第 2 题
2018-09-24 23:14:25,983 - VBJDU18422021801 - INFO - 关于元宵节吃元宵的最早记载见于哪个朝代？
2018-09-24 23:14:26,846 - VBJDU18422021801 - INFO - A.汉代 B.宋代 C.明代
2018-09-24 23:14:28,027 - VBJDU18422021801 - DEBUG - 在线检索答案
2018-09-24 23:14:28,028 - VBJDU18422021801 - INFO - 我的答案：宋代
2018-09-24 23:14:28,594 - VBJDU18422021801 - DEBUG - 选择选项
2018-09-24 23:14:30,619 - VBJDU18422021801 - INFO - 答案正确
2018-09-24 23:14:30,620 - VBJDU18422021801 - DEBUG - 添加此题
2018-09-24 23:14:32,230 - VBJDU18422021801 - INFO - 本题结束
2018-09-24 23:14:32,231 - VBJDU18422021801 - DEBUG - 获取题目
2018-09-24 23:14:34,592 - VBJDU18422021801 - INFO - 第 3 题
2018-09-24 23:14:34,853 - VBJDU18422021801 - INFO - ST股是指什么股？
2018-09-24 23:14:35,812 - VBJDU18422021801 - INFO - A.赢利 B.亏损 C.蓝筹股
2018-09-24 23:14:37,094 - VBJDU18422021801 - DEBUG - 在线检索答案
2018-09-24 23:14:37,094 - VBJDU18422021801 - INFO - 我的答案：亏损
2018-09-24 23:14:37,710 - VBJDU18422021801 - DEBUG - 选择选项
2018-09-24 23:14:39,744 - VBJDU18422021801 - INFO - 答案正确
2018-09-24 23:14:39,745 - VBJDU18422021801 - DEBUG - 添加此题
2018-09-24 23:14:41,715 - VBJDU18422021801 - INFO - 本题结束
2018-09-24 23:14:41,715 - VBJDU18422021801 - DEBUG - 获取题目
2018-09-24 23:14:43,815 - VBJDU18422021801 - INFO - 第 4 题
2018-09-24 23:14:44,091 - VBJDU18422021801 - INFO - 以下哪个是航天器脱离太阳引力场所需的最低速度？
2018-09-24 23:14:44,932 - VBJDU18422021801 - INFO - A.第三宇宙速度 B.第一宇宙速度 C.第二宇宙速度
2018-09-24 23:14:44,936 - VBJDU18422021801 - DEBUG - 数据库中检索答案
2018-09-24 23:14:44,936 - VBJDU18422021801 - INFO - 我的答案：第三宇宙速度
2018-09-24 23:14:45,603 - VBJDU18422021801 - DEBUG - 选择选项
2018-09-24 23:14:47,623 - VBJDU18422021801 - INFO - 答案正确
2018-09-24 23:14:50,555 - VBJDU18422021801 - INFO - 本题结束
2018-09-24 23:14:50,556 - VBJDU18422021801 - DEBUG - 获取题目
2018-09-24 23:14:52,667 - VBJDU18422021801 - INFO - 第 5 题
2018-09-24 23:14:52,936 - VBJDU18422021801 - INFO - 迪奥品牌的创立时间是？
2018-09-24 23:14:53,798 - VBJDU18422021801 - INFO - A.1946年 B.1928年 C.1932年
2018-09-24 23:14:53,802 - VBJDU18422021801 - DEBUG - 数据库中检索答案
2018-09-24 23:14:53,802 - VBJDU18422021801 - INFO - 我的答案：1946年
2018-09-24 23:14:54,391 - VBJDU18422021801 - DEBUG - 选择选项
2018-09-24 23:14:57,135 - VBJDU18422021801 - INFO - 答案正确
2018-09-24 23:14:58,155 - VBJDU18422021801 - INFO - 本题结束
2018-09-24 23:14:59,325 - VBJDU18422021801 - INFO - 本场比赛结束
2018-09-24 23:14:59,389 - VBJDU18422021801 - INFO - 返回游戏页面
2018-09-24 23:15:01,032 - VBJDU18422021801 - INFO - 进入排位赛
2018-09-24 23:15:01,032 - VBJDU18422021801 - INFO - 正在匹配中......
2018-09-24 23:15:11,624 - VBJDU18422021801 - INFO - 匹配成功
2018-09-24 23:15:11,625 - VBJDU18422021801 - DEBUG - 获取题目
2018-09-24 23:15:12,941 - VBJDU18422021801 - INFO - 第 1 题
2018-09-24 23:15:13,210 - VBJDU18422021801 - INFO - 《管宁割席》选自于____。
2018-09-24 23:15:14,142 - VBJDU18422021801 - INFO - A.《三国志》 B.《淮南子》 C.《世说新语》
2018-09-24 23:15:14,923 - VBJDU18422021801 - DEBUG - 未检索到答案
2018-09-24 23:15:14,924 - VBJDU18422021801 - INFO - 我的答案：《三国志》
2018-09-24 23:15:15,536 - VBJDU18422021801 - DEBUG - 选择选项
2018-09-24 23:15:17,541 - VBJDU18422021801 - INFO - 答案错误
2018-09-24 23:15:17,741 - VBJDU18422021801 - INFO - 正确答案；《世说新语》
2018-09-24 23:15:17,743 - VBJDU18422021801 - DEBUG - 添加此题
2018-09-24 23:15:20,613 - VBJDU18422021801 - INFO - 本题结束
2018-09-24 23:15:20,613 - VBJDU18422021801 - DEBUG - 获取题目
2018-09-24 23:15:22,941 - VBJDU18422021801 - INFO - 第 2 题
2018-09-24 23:15:23,238 - VBJDU18422021801 - INFO - 世界四大古都是指开罗，雅典，罗马和哪个城市？
2018-09-24 23:15:24,125 - VBJDU18422021801 - INFO - A.北京 B.洛阳 C.西安
2018-09-24 23:15:25,003 - VBJDU18422021801 - DEBUG - 在线检索答案
2018-09-24 23:15:25,003 - VBJDU18422021801 - INFO - 我的答案：西安
2018-09-24 23:15:25,581 - VBJDU18422021801 - DEBUG - 选择选项
2018-09-24 23:15:27,617 - VBJDU18422021801 - INFO - 答案正确
2018-09-24 23:15:27,618 - VBJDU18422021801 - DEBUG - 添加此题
2018-09-24 23:15:28,614 - VBJDU18422021801 - INFO - 本题结束
2018-09-24 23:15:28,614 - VBJDU18422021801 - DEBUG - 获取题目
2018-09-24 23:15:30,882 - VBJDU18422021801 - INFO - 第 3 题
2018-09-24 23:15:31,174 - VBJDU18422021801 - INFO - 华山是中国著名的五岳之一，华山在古时被称作什么？
2018-09-24 23:15:32,065 - VBJDU18422021801 - INFO - A.南岳 B.西岳 C.北岳
2018-09-24 23:15:32,069 - VBJDU18422021801 - DEBUG - 数据库中检索答案
2018-09-24 23:15:32,069 - VBJDU18422021801 - INFO - 我的答案：西岳
2018-09-24 23:15:32,681 - VBJDU18422021801 - DEBUG - 选择选项
2018-09-24 23:15:34,750 - VBJDU18422021801 - INFO - 答案正确
2018-09-24 23:15:35,861 - VBJDU18422021801 - INFO - 本题结束
2018-09-24 23:15:35,862 - VBJDU18422021801 - DEBUG - 获取题目
2018-09-24 23:15:37,936 - VBJDU18422021801 - INFO - 第 4 题
2018-09-24 23:15:38,256 - VBJDU18422021801 - INFO - 牦牛是什么地区的特有牛种？
2018-09-24 23:15:39,294 - VBJDU18422021801 - INFO - A.草原地区 B.高寒地区 C.三角洲地区
2018-09-24 23:15:40,116 - VBJDU18422021801 - DEBUG - 在线检索答案
2018-09-24 23:15:40,117 - VBJDU18422021801 - INFO - 我的答案：高寒地区
2018-09-24 23:15:40,744 - VBJDU18422021801 - DEBUG - 选择选项
2018-09-24 23:15:42,824 - VBJDU18422021801 - INFO - 答案正确
2018-09-24 23:15:42,825 - VBJDU18422021801 - DEBUG - 添加此题
2018-09-24 23:15:43,614 - VBJDU18422021801 - INFO - 本题结束
2018-09-24 23:15:43,615 - VBJDU18422021801 - DEBUG - 获取题目
2018-09-24 23:15:45,850 - VBJDU18422021801 - INFO - 第 5 题
2018-09-24 23:15:46,191 - VBJDU18422021801 - INFO - 我国最新一代99式主战坦克的标准乘员是几人？
2018-09-24 23:15:47,071 - VBJDU18422021801 - INFO - A.5人 B.3人 C.2人
2018-09-24 23:15:48,009 - VBJDU18422021801 - DEBUG - 在线检索答案
2018-09-24 23:15:48,010 - VBJDU18422021801 - INFO - 我的答案：3人
2018-09-24 23:15:48,665 - VBJDU18422021801 - DEBUG - 选择选项
2018-09-24 23:15:50,666 - VBJDU18422021801 - INFO - 答案正确
2018-09-24 23:15:50,667 - VBJDU18422021801 - DEBUG - 添加此题
2018-09-24 23:15:51,562 - VBJDU18422021801 - INFO - 本题结束
2018-09-24 23:15:52,743 - VBJDU18422021801 - INFO - 本场比赛结束
2018-09-24 23:15:52,868 - VBJDU18422021801 - INFO - 返回游戏页面
2018-09-24 23:15:54,432 - VBJDU18422021801 - INFO - 进入排位赛
2018-09-24 23:15:54,432 - VBJDU18422021801 - INFO - 正在匹配中......
2018-09-24 23:17:07,297 - VBJDU18422021801 - INFO - 匹配成功
2018-09-24 23:17:07,300 - VBJDU18422021801 - DEBUG - 获取题目
2018-09-24 23:17:08,085 - VBJDU18422021801 - INFO - 第 1 题
2018-09-24 23:17:08,362 - VBJDU18422021801 - INFO - “爱丽舍”属于下列哪种车型？
2018-09-24 23:17:09,273 - VBJDU18422021801 - INFO - A.紧凑型车 B.MPV C.皮卡
2018-09-24 23:17:10,017 - VBJDU18422021801 - DEBUG - 未检索到答案
2018-09-24 23:17:10,017 - VBJDU18422021801 - INFO - 我的答案：紧凑型车
2018-09-24 23:17:10,593 - VBJDU18422021801 - DEBUG - 选择选项
2018-09-24 23:17:12,647 - VBJDU18422021801 - INFO - 答案正确
2018-09-24 23:17:12,648 - VBJDU18422021801 - DEBUG - 添加此题
2018-09-24 23:17:13,651 - VBJDU18422021801 - INFO - 本题结束
2018-09-24 23:17:13,651 - VBJDU18422021801 - DEBUG - 获取题目
2018-09-24 23:17:15,809 - VBJDU18422021801 - INFO - 第 2 题
2018-09-24 23:17:16,077 - VBJDU18422021801 - INFO - “这是一沟绝望的死水，清风吹不起半点漪沦”的作者是？
2018-09-24 23:17:16,970 - VBJDU18422021801 - INFO - A.刘半农 B.闻一多 C.徐志摩
2018-09-24 23:17:17,798 - VBJDU18422021801 - DEBUG - 在线检索答案
2018-09-24 23:17:17,798 - VBJDU18422021801 - INFO - 我的答案：刘半农
2018-09-24 23:17:18,381 - VBJDU18422021801 - DEBUG - 选择选项
2018-09-24 23:17:20,494 - VBJDU18422021801 - INFO - 答案错误
2018-09-24 23:17:20,610 - VBJDU18422021801 - INFO - 正确答案；闻一多
2018-09-24 23:17:20,611 - VBJDU18422021801 - DEBUG - 添加此题
2018-09-24 23:17:22,813 - VBJDU18422021801 - INFO - 本题结束
2018-09-24 23:17:22,813 - VBJDU18422021801 - DEBUG - 获取题目
2018-09-24 23:17:25,182 - VBJDU18422021801 - INFO - 第 3 题
2018-09-24 23:17:25,495 - VBJDU18422021801 - INFO - 台词“忽悠，接着忽悠”出自哪位小品演员？
2018-09-24 23:17:26,298 - VBJDU18422021801 - INFO - A.郭达 B.巩汉林 C.范伟
2018-09-24 23:17:27,038 - VBJDU18422021801 - DEBUG - 在线检索答案
2018-09-24 23:17:27,038 - VBJDU18422021801 - INFO - 我的答案：范伟
2018-09-24 23:17:27,631 - VBJDU18422021801 - DEBUG - 选择选项
2018-09-24 23:17:29,658 - VBJDU18422021801 - INFO - 答案正确
2018-09-24 23:17:29,662 - VBJDU18422021801 - DEBUG - 添加此题
2018-09-24 23:17:30,838 - VBJDU18422021801 - INFO - 本题结束
2018-09-24 23:17:30,839 - VBJDU18422021801 - DEBUG - 获取题目
2018-09-24 23:17:33,094 - VBJDU18422021801 - INFO - 第 4 题
2018-09-24 23:17:33,358 - VBJDU18422021801 - INFO - 以下哪个节日不属于我国“三大灯节”之一？
2018-09-24 23:17:34,191 - VBJDU18422021801 - INFO - A.端午节 B.中秋节 C.春节
2018-09-24 23:17:34,194 - VBJDU18422021801 - DEBUG - 数据库中检索答案
2018-09-24 23:17:34,194 - VBJDU18422021801 - INFO - 我的答案：端午节
2018-09-24 23:17:34,818 - VBJDU18422021801 - DEBUG - 选择选项
2018-09-24 23:17:37,014 - VBJDU18422021801 - INFO - 答案正确
2018-09-24 23:17:39,998 - VBJDU18422021801 - INFO - 本题结束
2018-09-24 23:17:39,999 - VBJDU18422021801 - DEBUG - 获取题目
2018-09-24 23:17:42,287 - VBJDU18422021801 - INFO - 第 5 题
2018-09-24 23:17:42,564 - VBJDU18422021801 - INFO - 指挥美军赢得马里亚纳海战的将领是谁？
2018-09-24 23:17:43,393 - VBJDU18422021801 - INFO - A.斯普鲁恩斯 B.佩里 C.哈尔西
2018-09-24 23:17:44,072 - VBJDU18422021801 - DEBUG - 在线检索答案
2018-09-24 23:17:44,073 - VBJDU18422021801 - INFO - 我的答案：斯普鲁恩斯
2018-09-24 23:17:44,694 - VBJDU18422021801 - DEBUG - 选择选项
2018-09-24 23:17:46,715 - VBJDU18422021801 - INFO - 答案正确
2018-09-24 23:17:46,716 - VBJDU18422021801 - DEBUG - 添加此题
2018-09-24 23:17:48,680 - VBJDU18422021801 - INFO - 本题结束
2018-09-24 23:17:49,863 - VBJDU18422021801 - INFO - 本场比赛结束
2018-09-24 23:17:49,899 - VBJDU18422021801 - INFO - 返回游戏页面
2018-09-24 23:17:51,572 - VBJDU18422021801 - INFO - 进入排位赛
2018-09-24 23:17:51,572 - VBJDU18422021801 - INFO - 正在匹配中......
2018-09-24 23:18:28,388 - VBJDU18422021801 - INFO - 匹配成功
2018-09-24 23:18:28,389 - VBJDU18422021801 - DEBUG - 获取题目
2018-09-24 23:18:29,929 - VBJDU18422021801 - INFO - 第 1 题
2018-09-24 23:18:30,205 - VBJDU18422021801 - INFO - 关于除夕的别称，下列错误的是？
2018-09-24 23:18:31,077 - VBJDU18422021801 - INFO - A.年三十 B.春节 C.大年夜
2018-09-24 23:18:31,646 - VBJDU18422021801 - DEBUG - 在线检索答案
2018-09-24 23:18:31,646 - VBJDU18422021801 - INFO - 我的答案：春节
2018-09-24 23:18:32,289 - VBJDU18422021801 - DEBUG - 选择选项
2018-09-24 23:18:34,317 - VBJDU18422021801 - INFO - 答案正确
2018-09-24 23:18:34,318 - VBJDU18422021801 - DEBUG - 添加此题
2018-09-24 23:18:44,377 - VBJDU18422021801 - INFO - 本题结束
2018-09-24 23:18:44,378 - VBJDU18422021801 - DEBUG - 获取题目
2018-09-24 23:18:46,482 - VBJDU18422021801 - INFO - 第 2 题
2018-09-24 23:18:46,825 - VBJDU18422021801 - INFO - “靖边曾建千秋业，识路也全一战功。”打一生肖？
2018-09-24 23:18:47,681 - VBJDU18422021801 - INFO - A.马 B.虎 C.龙
2018-09-24 23:18:48,164 - VBJDU18422021801 - DEBUG - 在线检索答案
2018-09-24 23:18:48,164 - VBJDU18422021801 - INFO - 我的答案：马
2018-09-24 23:18:48,776 - VBJDU18422021801 - DEBUG - 选择选项
2018-09-24 23:18:50,810 - VBJDU18422021801 - INFO - 答案正确
2018-09-24 23:18:50,811 - VBJDU18422021801 - DEBUG - 添加此题
2018-09-24 23:19:01,517 - VBJDU18422021801 - INFO - 本题结束
2018-09-24 23:19:01,517 - VBJDU18422021801 - DEBUG - 获取题目
2018-09-24 23:19:03,658 - VBJDU18422021801 - INFO - 第 3 题
2018-09-24 23:19:03,935 - VBJDU18422021801 - INFO - 全球共划分为多少个时区？
2018-09-24 23:19:04,789 - VBJDU18422021801 - INFO - A.24个 B.12个 C.18个
2018-09-24 23:19:05,468 - VBJDU18422021801 - DEBUG - 在线检索答案
2018-09-24 23:19:05,469 - VBJDU18422021801 - INFO - 我的答案：24个
2018-09-24 23:19:06,071 - VBJDU18422021801 - DEBUG - 选择选项
2018-09-24 23:19:08,210 - VBJDU18422021801 - INFO - 答案正确
2018-09-24 23:19:08,211 - VBJDU18422021801 - DEBUG - 添加此题
2018-09-24 23:19:18,552 - VBJDU18422021801 - INFO - 本题结束
2018-09-24 23:19:18,553 - VBJDU18422021801 - DEBUG - 获取题目
2018-09-24 23:19:20,844 - VBJDU18422021801 - INFO - 第 4 题
2018-09-24 23:19:21,175 - VBJDU18422021801 - INFO - UC订阅号、优酷自频道账号统一后的名字是？
2018-09-24 23:19:22,175 - VBJDU18422021801 - INFO - A.鲤鱼号 B.大鱼号 C.小鱼号
2018-09-24 23:19:22,907 - VBJDU18422021801 - DEBUG - 在线检索答案
2018-09-24 23:19:22,907 - VBJDU18422021801 - INFO - 我的答案：大鱼号
2018-09-24 23:19:23,474 - VBJDU18422021801 - DEBUG - 选择选项
2018-09-24 23:19:25,507 - VBJDU18422021801 - INFO - 答案正确
2018-09-24 23:19:25,507 - VBJDU18422021801 - DEBUG - 添加此题
2018-09-24 23:19:35,675 - VBJDU18422021801 - INFO - 本题结束
2018-09-24 23:19:35,675 - VBJDU18422021801 - DEBUG - 获取题目
2018-09-24 23:19:38,016 - VBJDU18422021801 - INFO - 第 5 题
2018-09-24 23:19:38,315 - VBJDU18422021801 - INFO - 以下哪一部作品是不属于赵丽颖主演的？
2018-09-24 23:19:39,227 - VBJDU18422021801 - INFO - A.《陆贞传奇》 B.《宫锁心玉》 C.《杉杉来了》
2018-09-24 23:19:39,942 - VBJDU18422021801 - DEBUG - 在线检索答案
2018-09-24 23:19:39,943 - VBJDU18422021801 - INFO - 我的答案：《宫锁心玉》
2018-09-24 23:19:40,554 - VBJDU18422021801 - DEBUG - 选择选项
2018-09-24 23:19:42,596 - VBJDU18422021801 - INFO - 答案正确
2018-09-24 23:19:42,597 - VBJDU18422021801 - DEBUG - 添加此题
2018-09-24 23:19:52,872 - VBJDU18422021801 - INFO - 本题结束
2018-09-24 23:19:54,105 - VBJDU18422021801 - INFO - 本场比赛结束
2018-09-24 23:19:54,141 - VBJDU18422021801 - INFO - 返回游戏页面
2018-09-24 23:19:55,725 - VBJDU18422021801 - INFO - 进入排位赛
2018-09-24 23:19:55,725 - VBJDU18422021801 - INFO - 正在匹配中......
2018-09-24 23:20:21,828 - VBJDU18422021801 - INFO - 匹配成功
2018-09-24 23:20:21,829 - VBJDU18422021801 - DEBUG - 获取题目
2018-09-24 23:20:22,485 - VBJDU18422021801 - INFO - 第 1 题
2018-09-24 23:20:22,798 - VBJDU18422021801 - INFO - 舞剧“天鹅湖”中舞蹈形式是什么？
2018-09-24 23:20:23,705 - VBJDU18422021801 - INFO - A.圆舞 B.国标舞 C.芭蕾舞
2018-09-24 23:20:24,876 - VBJDU18422021801 - DEBUG - 在线检索答案
2018-09-24 23:20:24,877 - VBJDU18422021801 - INFO - 我的答案：芭蕾舞
2018-09-24 23:20:25,496 - VBJDU18422021801 - DEBUG - 选择选项
2018-09-24 23:20:27,578 - VBJDU18422021801 - INFO - 答案正确
2018-09-24 23:20:27,579 - VBJDU18422021801 - DEBUG - 添加此题
2018-09-24 23:20:34,838 - VBJDU18422021801 - INFO - 本题结束
2018-09-24 23:20:34,838 - VBJDU18422021801 - DEBUG - 获取题目
2018-09-24 23:20:37,002 - VBJDU18422021801 - INFO - 第 2 题
2018-09-24 23:20:37,409 - VBJDU18422021801 - INFO - “凯越”是什么类型的车？
2018-09-24 23:20:38,335 - VBJDU18422021801 - INFO - A.小型SUV B.微面 C.紧凑型车
2018-09-24 23:20:38,337 - VBJDU18422021801 - DEBUG - 数据库中检索答案
2018-09-24 23:20:38,338 - VBJDU18422021801 - INFO - 我的答案：紧凑型车
2018-09-24 23:20:39,109 - VBJDU18422021801 - DEBUG - 选择选项
2018-09-24 23:20:41,263 - VBJDU18422021801 - INFO - 答案正确
2018-09-24 23:20:43,375 - VBJDU18422021801 - INFO - 本题结束
2018-09-24 23:20:43,375 - VBJDU18422021801 - DEBUG - 获取题目
2018-09-24 23:20:45,419 - VBJDU18422021801 - INFO - 第 3 题
2018-09-24 23:20:45,698 - VBJDU18422021801 - INFO - 被粉丝称为“大表姐”的中国超模是下面哪一位？
2018-09-24 23:20:46,562 - VBJDU18422021801 - INFO - A.刘雯 B.奚梦瑶 C.吕燕
2018-09-24 23:20:47,200 - VBJDU18422021801 - DEBUG - 在线检索答案
2018-09-24 23:20:47,200 - VBJDU18422021801 - INFO - 我的答案：刘雯
2018-09-24 23:20:47,817 - VBJDU18422021801 - DEBUG - 选择选项
2018-09-24 23:20:50,061 - VBJDU18422021801 - INFO - 答案正确
2018-09-24 23:20:50,062 - VBJDU18422021801 - DEBUG - 添加此题
2018-09-24 23:20:52,386 - VBJDU18422021801 - INFO - 本题结束
2018-09-24 23:20:52,386 - VBJDU18422021801 - DEBUG - 获取题目
2018-09-24 23:20:54,618 - VBJDU18422021801 - INFO - 第 4 题
2018-09-24 23:20:54,894 - VBJDU18422021801 - INFO - “上帝粒子”一般是指什么？
2018-09-24 23:20:55,826 - VBJDU18422021801 - INFO - A.分子 B.希格斯玻色子 C.原子
2018-09-24 23:20:56,448 - VBJDU18422021801 - DEBUG - 在线检索答案
2018-09-24 23:20:56,448 - VBJDU18422021801 - INFO - 我的答案：希格斯玻色子
2018-09-24 23:20:57,038 - VBJDU18422021801 - DEBUG - 选择选项
2018-09-24 23:20:59,071 - VBJDU18422021801 - INFO - 答案正确
2018-09-24 23:20:59,072 - VBJDU18422021801 - DEBUG - 添加此题
2018-09-24 23:20:59,951 - VBJDU18422021801 - INFO - 本题结束
2018-09-24 23:20:59,951 - VBJDU18422021801 - DEBUG - 获取题目
2018-09-24 23:21:02,288 - VBJDU18422021801 - INFO - 第 5 题
2018-09-24 23:21:02,598 - VBJDU18422021801 - INFO - 2018年3月，兰蔻正式官宣以下哪位女星成为其品牌大使？
2018-09-24 23:21:03,371 - VBJDU18422021801 - INFO - A.周冬雨 B.宋祖儿 C.倪妮
2018-09-24 23:21:03,375 - VBJDU18422021801 - DEBUG - 数据库中检索答案
2018-09-24 23:21:03,375 - VBJDU18422021801 - INFO - 我的答案：周冬雨
2018-09-24 23:21:04,011 - VBJDU18422021801 - DEBUG - 选择选项
2018-09-24 23:21:06,023 - VBJDU18422021801 - INFO - 答案正确
2018-09-24 23:21:09,843 - VBJDU18422021801 - INFO - 本题结束
2018-09-24 23:21:11,020 - VBJDU18422021801 - INFO - 本场比赛结束
2018-09-24 23:21:11,057 - VBJDU18422021801 - INFO - 返回游戏页面
2018-09-24 23:21:12,675 - VBJDU18422021801 - INFO - 进入排位赛
2018-09-24 23:21:12,675 - VBJDU18422021801 - INFO - 正在匹配中......
2018-09-24 23:25:49,478 - VBJDU18422021801 - INFO - 停止UC浏览器
2018-09-24 23:25:49,582 - VBJDU18422021801 - DEBUG - 返回主页面
2018-09-24 23:25:50,357 - VBJDU18422021801 - DEBUG - 打开UC浏览器
2018-09-24 23:25:54,852 - VBJDU18422021801 - WARNING - 进入用户页面失败
2018-09-24 23:26:07,827 - VBJDU18422021801 - INFO - 停止UC浏览器
2018-09-24 23:26:07,891 - VBJDU18422021801 - DEBUG - 返回主页面
2018-09-24 23:26:09,086 - VBJDU18422021801 - DEBUG - 打开UC浏览器
2018-09-24 23:26:11,851 - VBJDU18422021801 - DEBUG - 进入用户页面
2018-09-24 23:26:13,119 - VBJDU18422021801 - DEBUG - 进入游戏页面1
2018-09-24 23:26:15,395 - VBJDU18422021801 - DEBUG - 进入游戏页面2
2018-09-24 23:26:17,767 - VBJDU18422021801 - INFO - 选择游戏
2018-09-24 23:26:19,143 - VBJDU18422021801 - INFO - 进入排位赛
2018-09-24 23:26:19,444 - VBJDU18422021801 - INFO - 正在匹配中......
2018-09-24 23:26:49,465 - VBJDU18422021801 - INFO - 匹配成功
2018-09-24 23:26:49,465 - VBJDU18422021801 - DEBUG - 获取题目
2018-09-24 23:26:50,988 - VBJDU18422021801 - INFO - 第 1 题
2018-09-24 23:26:51,296 - VBJDU18422021801 - INFO - 以下哪一个是流行在回、藏、蒙古族等民族的歌曲？
2018-09-24 23:26:52,339 - VBJDU18422021801 - INFO - A.草儿 B.花儿 C.鸟儿
2018-09-24 23:26:53,229 - VBJDU18422021801 - DEBUG - 在线检索答案
2018-09-24 23:26:53,229 - VBJDU18422021801 - INFO - 我的答案：花儿
2018-09-24 23:26:53,876 - VBJDU18422021801 - DEBUG - 选择选项
2018-09-24 23:26:55,945 - VBJDU18422021801 - INFO - 答案正确
2018-09-24 23:26:55,946 - VBJDU18422021801 - DEBUG - 添加此题
2018-09-24 23:27:05,333 - VBJDU18422021801 - INFO - 本题结束
2018-09-24 23:27:05,334 - VBJDU18422021801 - DEBUG - 获取题目
2018-09-24 23:27:07,574 - VBJDU18422021801 - INFO - 第 2 题
2018-09-24 23:27:07,911 - VBJDU18422021801 - INFO - 评剧起源于：
2018-09-24 23:27:08,986 - VBJDU18422021801 - INFO - A.“对口莲花落” B.“唐山落子” C.“奉天落子”
2018-09-24 23:27:09,664 - VBJDU18422021801 - DEBUG - 在线检索答案
2018-09-24 23:27:09,664 - VBJDU18422021801 - INFO - 我的答案：“对口莲花落”
2018-09-24 23:27:10,341 - VBJDU18422021801 - DEBUG - 选择选项
2018-09-24 23:27:12,436 - VBJDU18422021801 - INFO - 答案正确
2018-09-24 23:27:12,437 - VBJDU18422021801 - DEBUG - 添加此题
2018-09-24 23:27:22,378 - VBJDU18422021801 - INFO - 本题结束
2018-09-24 23:27:22,379 - VBJDU18422021801 - DEBUG - 获取题目
2018-09-24 23:27:24,631 - VBJDU18422021801 - INFO - 第 3 题
2018-09-24 23:27:24,922 - VBJDU18422021801 - INFO - 国际通用的天文学上的星座有多少个？
2018-09-24 23:27:25,855 - VBJDU18422021801 - INFO - A.12 B.35 C.88
2018-09-24 23:27:26,613 - VBJDU18422021801 - DEBUG - 在线检索答案
2018-09-24 23:27:26,613 - VBJDU18422021801 - INFO - 我的答案：88
2018-09-24 23:27:27,232 - VBJDU18422021801 - DEBUG - 选择选项
2018-09-24 23:27:29,303 - VBJDU18422021801 - INFO - 答案正确
2018-09-24 23:27:29,304 - VBJDU18422021801 - DEBUG - 添加此题
2018-09-24 23:27:39,579 - VBJDU18422021801 - INFO - 本题结束
2018-09-24 23:27:39,580 - VBJDU18422021801 - DEBUG - 获取题目
2018-09-24 23:27:41,842 - VBJDU18422021801 - INFO - 第 4 题
2018-09-24 23:27:42,131 - VBJDU18422021801 - INFO - 长江三峡位于最西面的一个峡谷是？
2018-09-24 23:27:43,046 - VBJDU18422021801 - INFO - A.西陵峡 B.巫峡 C.瞿塘峡
2018-09-24 23:27:43,653 - VBJDU18422021801 - DEBUG - 在线检索答案
2018-09-24 23:27:43,653 - VBJDU18422021801 - INFO - 我的答案：瞿塘峡
2018-09-24 23:27:44,316 - VBJDU18422021801 - DEBUG - 选择选项
2018-09-24 23:27:46,381 - VBJDU18422021801 - INFO - 答案正确
2018-09-24 23:27:46,383 - VBJDU18422021801 - DEBUG - 添加此题
2018-09-24 23:27:48,346 - VBJDU18422021801 - INFO - 本题结束
2018-09-24 23:27:48,347 - VBJDU18422021801 - DEBUG - 获取题目
2018-09-24 23:27:50,667 - VBJDU18422021801 - INFO - 第 5 题
2018-09-24 23:27:50,987 - VBJDU18422021801 - INFO - 通行至今的英式扑克有四组图案各有喻意：方块，金刚石，象征：
2018-09-24 23:27:51,967 - VBJDU18422021801 - INFO - A.象征财富 B.运气与幸福 C.象征和平
2018-09-24 23:27:51,986 - VBJDU18422021801 - DEBUG - 数据库中检索答案
2018-09-24 23:27:51,986 - VBJDU18422021801 - INFO - 我的答案：象征财富
2018-09-24 23:27:52,593 - VBJDU18422021801 - DEBUG - 选择选项
2018-09-24 23:27:54,664 - VBJDU18422021801 - INFO - 答案正确
2018-09-25 00:34:18,072 - VBJDU18422021801 - INFO - 停止UC浏览器
2018-09-25 00:34:18,179 - VBJDU18422021801 - DEBUG - 返回主页面
2018-09-25 00:34:18,852 - VBJDU18422021801 - DEBUG - 打开UC浏览器
2018-09-25 00:34:39,492 - VBJDU18422021801 - INFO - 停止UC浏览器
2018-09-25 00:34:39,564 - VBJDU18422021801 - DEBUG - 返回主页面
2018-09-25 00:34:40,769 - VBJDU18422021801 - DEBUG - 打开UC浏览器
2018-09-25 00:34:43,238 - VBJDU18422021801 - DEBUG - 进入用户页面
2018-09-25 00:34:44,230 - VBJDU18422021801 - DEBUG - 进入游戏页面1
2018-09-25 00:34:46,486 - VBJDU18422021801 - DEBUG - 进入游戏页面2
2018-09-25 00:34:48,898 - VBJDU18422021801 - INFO - 选择游戏
2018-09-25 00:34:50,834 - VBJDU18422021801 - INFO - 进入排位赛
2018-09-25 00:34:50,835 - VBJDU18422021801 - INFO - 正在匹配中......
2018-09-25 00:36:21,927 - VBJDU18422021801 - INFO - 匹配成功
2018-09-25 00:36:21,952 - VBJDU18422021801 - DEBUG - 获取题目
2018-09-25 00:36:23,383 - VBJDU18422021801 - INFO - 第 1 题
2018-09-25 00:36:23,698 - VBJDU18422021801 - INFO - 电脑动画电影《飞机总动员》的主角是什么？
2018-09-25 00:36:24,677 - VBJDU18422021801 - INFO - A.轮船 B.汽车 C.飞机
2018-09-25 00:36:25,524 - VBJDU18422021801 - DEBUG - 在线检索答案
2018-09-25 00:36:25,524 - VBJDU18422021801 - INFO - 我的答案：飞机
2018-09-25 00:36:26,155 - VBJDU18422021801 - DEBUG - 选择选项
2018-09-25 00:36:28,282 - VBJDU18422021801 - INFO - 答案正确
2018-09-25 00:36:28,284 - VBJDU18422021801 - DEBUG - 添加此题
2018-09-25 00:36:43,987 - VBJDU18422021801 - INFO - 本题结束
2018-09-25 00:36:43,988 - VBJDU18422021801 - DEBUG - 获取题目
2018-09-25 00:36:46,199 - VBJDU18422021801 - INFO - 第 3 题
2018-09-25 00:36:46,511 - VBJDU18422021801 - INFO - 女演员马思纯毕业于哪个学校？
2018-09-25 00:36:47,505 - VBJDU18422021801 - INFO - A.中央戏剧学院 B.上海戏剧学院 C.中国传媒大学
2018-09-25 00:36:48,314 - VBJDU18422021801 - DEBUG - 在线检索答案
2018-09-25 00:36:48,314 - VBJDU18422021801 - INFO - 我的答案：中国传媒大学
2018-09-25 00:36:48,911 - VBJDU18422021801 - DEBUG - 选择选项
2018-09-25 00:36:51,032 - VBJDU18422021801 - INFO - 答案正确
2018-09-25 00:36:51,034 - VBJDU18422021801 - DEBUG - 添加此题
2018-09-25 00:36:52,808 - VBJDU18422021801 - INFO - 本题结束
2018-09-25 00:36:52,809 - VBJDU18422021801 - DEBUG - 获取题目
2018-09-25 00:36:54,863 - VBJDU18422021801 - INFO - 第 4 题
2018-09-25 00:36:55,204 - VBJDU18422021801 - INFO - 防晒产品中“PA+++”表示的是？
2018-09-25 00:36:56,180 - VBJDU18422021801 - INFO - A.延缓晒黑时间4倍左右 B.延缓晒黑时间8倍左右 C.延缓晒黑时间2倍左右
2018-09-25 00:36:56,186 - VBJDU18422021801 - DEBUG - 数据库中检索答案
2018-09-25 00:36:56,186 - VBJDU18422021801 - INFO - 我的答案：延缓晒黑时间8倍左右
2018-09-25 00:36:56,731 - VBJDU18422021801 - DEBUG - 选择选项
2018-09-25 00:36:58,904 - VBJDU18422021801 - INFO - 答案正确
2018-09-25 00:37:04,024 - VBJDU18422021801 - INFO - 本题结束
2018-09-25 00:37:04,024 - VBJDU18422021801 - DEBUG - 获取题目
2018-09-25 00:37:06,349 - VBJDU18422021801 - INFO - 第 5 题
2018-09-25 00:37:06,705 - VBJDU18422021801 - INFO - 以下哪一个是《王者荣耀》英雄廉颇的技能？
2018-09-25 00:37:07,716 - VBJDU18422021801 - INFO - A.落红雨 B.舍身忘死 C.豪情突进
2018-09-25 00:37:07,770 - VBJDU18422021801 - DEBUG - 数据库中检索答案
2018-09-25 00:37:07,770 - VBJDU18422021801 - INFO - 我的答案：豪情突进
2018-09-25 00:37:08,344 - VBJDU18422021801 - DEBUG - 选择选项
2018-09-25 00:37:10,525 - VBJDU18422021801 - INFO - 答案正确
2018-09-25 00:37:13,140 - VBJDU18422021801 - INFO - 本题结束
2018-09-25 00:37:14,281 - VBJDU18422021801 - INFO - 本场比赛结束
2018-09-25 00:37:14,413 - VBJDU18422021801 - INFO - 返回游戏页面
2018-09-25 00:37:16,005 - VBJDU18422021801 - INFO - 进入排位赛
2018-09-25 00:37:16,005 - VBJDU18422021801 - INFO - 正在匹配中......
2018-09-25 00:38:11,166 - VBJDU18422021801 - INFO - 匹配成功
2018-09-25 00:38:11,167 - VBJDU18422021801 - DEBUG - 获取题目
2018-09-25 00:38:12,435 - VBJDU18422021801 - INFO - 第 1 题
2018-09-25 00:38:12,771 - VBJDU18422021801 - INFO - 在扑克牌中除大小王之外，字母牌还有K、Q、J外还有什么？
2018-09-25 00:38:13,703 - VBJDU18422021801 - INFO - A.字母A B.字母B C.字母C
2018-09-25 00:38:14,955 - VBJDU18422021801 - DEBUG - 未检索到答案
2018-09-25 00:38:14,955 - VBJDU18422021801 - INFO - 我的答案：字母A
2018-09-25 00:38:15,566 - VBJDU18422021801 - DEBUG - 选择选项
2018-09-25 00:38:17,568 - VBJDU18422021801 - INFO - 答案正确
2018-09-25 00:38:17,569 - VBJDU18422021801 - DEBUG - 添加此题
2018-09-25 00:38:21,272 - VBJDU18422021801 - INFO - 本题结束
2018-09-25 00:38:21,273 - VBJDU18422021801 - DEBUG - 获取题目
2018-09-25 00:38:23,544 - VBJDU18422021801 - INFO - 第 2 题
2018-09-25 00:38:23,891 - VBJDU18422021801 - INFO - 演员林志玲没有参演以下哪部电影作品？
2018-09-25 00:38:24,803 - VBJDU18422021801 - INFO - A.《赤壁》 B.《101次求婚》 C.《失恋33天》
2018-09-25 00:38:25,452 - VBJDU18422021801 - DEBUG - 在线检索答案
2018-09-25 00:38:25,452 - VBJDU18422021801 - INFO - 我的答案：《赤壁》
2018-09-25 00:38:26,152 - VBJDU18422021801 - DEBUG - 选择选项
2018-09-25 00:38:28,220 - VBJDU18422021801 - INFO - 答案错误
2018-09-25 00:38:28,431 - VBJDU18422021801 - INFO - 正确答案；《失恋33天》
2018-09-25 00:38:28,432 - VBJDU18422021801 - DEBUG - 添加此题
2018-09-25 00:38:32,116 - VBJDU18422021801 - INFO - 本题结束
2018-09-25 00:38:32,128 - VBJDU18422021801 - DEBUG - 获取题目
2018-09-25 00:38:34,492 - VBJDU18422021801 - INFO - 第 3 题
2018-09-25 00:38:34,848 - VBJDU18422021801 - INFO - 2018年2月，哪位艺人宣布退出新一季《奔跑吧》的常驻嘉宾？
2018-09-25 00:38:35,848 - VBJDU18422021801 - INFO - A.Angelababy B.郑恺 C.迪丽热巴
2018-09-25 00:38:37,516 - VBJDU18422021801 - DEBUG - 在线检索答案
2018-09-25 00:38:37,517 - VBJDU18422021801 - INFO - 我的答案：迪丽热巴
2018-09-25 00:38:38,173 - VBJDU18422021801 - DEBUG - 选择选项
2018-09-25 00:38:40,261 - VBJDU18422021801 - INFO - 答案正确
2018-09-25 00:38:40,263 - VBJDU18422021801 - DEBUG - 添加此题
2018-09-25 00:38:41,208 - VBJDU18422021801 - INFO - 本题结束
2018-09-25 00:38:41,208 - VBJDU18422021801 - DEBUG - 获取题目
2018-09-25 00:38:43,412 - VBJDU18422021801 - INFO - 第 4 题
2018-09-25 00:38:43,708 - VBJDU18422021801 - INFO - old navy隶属于下列哪个品牌？
2018-09-25 00:38:44,643 - VBJDU18422021801 - INFO - A.ZARA B.WEGO C.GAP
2018-09-25 00:38:45,418 - VBJDU18422021801 - DEBUG - 未检索到答案
2018-09-25 00:38:45,418 - VBJDU18422021801 - INFO - 我的答案：ZARA
2018-09-25 00:38:46,137 - VBJDU18422021801 - DEBUG - 选择选项
2018-09-25 00:38:48,286 - VBJDU18422021801 - INFO - 答案错误
2018-09-25 00:38:48,564 - VBJDU18422021801 - INFO - 正确答案；GAP
2018-09-25 00:38:48,571 - VBJDU18422021801 - DEBUG - 添加此题
2018-09-25 00:38:50,491 - VBJDU18422021801 - INFO - 本题结束
2018-09-25 00:38:50,492 - VBJDU18422021801 - DEBUG - 获取题目
2018-09-25 00:38:52,541 - VBJDU18422021801 - INFO - 第 5 题
2018-09-25 00:38:52,859 - VBJDU18422021801 - INFO - 在中国民俗叫法中，正月初六又称做什么?
2018-09-25 00:38:53,774 - VBJDU18422021801 - INFO - A.人日 B.马日 C.元硕
2018-09-25 00:38:54,686 - VBJDU18422021801 - DEBUG - 在线检索答案
2018-09-25 00:38:54,687 - VBJDU18422021801 - INFO - 我的答案：马日
2018-09-25 00:38:55,257 - VBJDU18422021801 - DEBUG - 选择选项
2018-09-25 00:38:57,373 - VBJDU18422021801 - INFO - 答案正确
2018-09-25 00:38:57,375 - VBJDU18422021801 - DEBUG - 添加此题
2018-09-25 00:39:01,937 - VBJDU18422021801 - INFO - 本题结束
2018-09-25 00:39:03,049 - VBJDU18422021801 - INFO - 本场比赛结束
2018-09-25 00:39:03,182 - VBJDU18422021801 - INFO - 返回游戏页面
2018-09-25 00:39:04,763 - VBJDU18422021801 - INFO - 进入排位赛
2018-09-25 00:39:04,763 - VBJDU18422021801 - INFO - 正在匹配中......
2018-09-25 00:39:17,641 - VBJDU18422021801 - INFO - 匹配成功
2018-09-25 00:39:17,642 - VBJDU18422021801 - DEBUG - 获取题目
2018-09-25 00:39:19,021 - VBJDU18422021801 - INFO - 第 1 题
2018-09-25 00:39:19,325 - VBJDU18422021801 - INFO - 荧光检测验钞机是利用什么光线检验钞票的真伪？
2018-09-25 00:39:20,281 - VBJDU18422021801 - INFO - A.紫外线 B.红外线 C.闪光灯
2018-09-25 00:39:20,945 - VBJDU18422021801 - DEBUG - 在线检索答案
2018-09-25 00:39:20,945 - VBJDU18422021801 - INFO - 我的答案：紫外线
2018-09-25 00:39:21,626 - VBJDU18422021801 - DEBUG - 选择选项
2018-09-25 00:39:23,666 - VBJDU18422021801 - INFO - 答案正确
2018-09-25 00:39:23,667 - VBJDU18422021801 - DEBUG - 添加此题
2018-09-25 00:39:30,106 - VBJDU18422021801 - INFO - 本题结束
2018-09-25 00:39:30,106 - VBJDU18422021801 - DEBUG - 获取题目
2018-09-25 00:39:32,327 - VBJDU18422021801 - INFO - 第 2 题
2018-09-25 00:39:32,675 - VBJDU18422021801 - INFO - 微软的电脑操作系统Windows 10的默认系统字体是？
2018-09-25 00:39:33,714 - VBJDU18422021801 - INFO - A.雅黑 B.苹方 C.宋体
2018-09-25 00:39:33,723 - VBJDU18422021801 - DEBUG - 数据库中检索答案
2018-09-25 00:39:33,724 - VBJDU18422021801 - INFO - 我的答案：雅黑
2018-09-25 00:39:34,444 - VBJDU18422021801 - DEBUG - 选择选项
2018-09-25 00:39:36,538 - VBJDU18422021801 - INFO - 答案正确
2018-09-25 00:39:37,690 - VBJDU18422021801 - INFO - 本题结束
2018-09-25 00:39:37,691 - VBJDU18422021801 - DEBUG - 获取题目
2018-09-25 00:39:39,923 - VBJDU18422021801 - INFO - 第 3 题
2018-09-25 00:39:40,226 - VBJDU18422021801 - INFO - 春运期间由于不能直接回家而间接折返的方式叫做？
2018-09-25 00:39:41,137 - VBJDU18422021801 - INFO - A.间接回家 B.中转方案 C.曲线回家
2018-09-25 00:39:41,884 - VBJDU18422021801 - DEBUG - 在线检索答案
2018-09-25 00:39:41,884 - VBJDU18422021801 - INFO - 我的答案：间接回家
2018-09-25 00:39:42,466 - VBJDU18422021801 - DEBUG - 选择选项
2018-09-25 00:39:44,581 - VBJDU18422021801 - INFO - 答案错误
2018-09-25 00:39:44,861 - VBJDU18422021801 - INFO - 正确答案；曲线回家
2018-09-25 00:39:44,862 - VBJDU18422021801 - DEBUG - 添加此题
2018-09-25 00:39:48,479 - VBJDU18422021801 - INFO - 本题结束
2018-09-25 00:39:48,480 - VBJDU18422021801 - DEBUG - 获取题目
2018-09-25 00:39:50,591 - VBJDU18422021801 - INFO - 第 4 题
2018-09-25 00:39:50,899 - VBJDU18422021801 - INFO - 触诊可用于全身各部位的检查，但临床上主要用于：
2018-09-25 00:39:51,878 - VBJDU18422021801 - INFO - A.头颈部 B.胸部 C.腹部
2018-09-25 00:39:55,205 - VBJDU18422021801 - DEBUG - 在线检索答案
2018-09-25 00:39:55,205 - VBJDU18422021801 - INFO - 我的答案：腹部
2018-09-25 00:39:55,830 - VBJDU18422021801 - DEBUG - 选择选项
2018-09-25 00:39:58,004 - VBJDU18422021801 - INFO - 答案正确
2018-09-25 00:39:58,005 - VBJDU18422021801 - DEBUG - 添加此题
2018-09-25 00:39:58,811 - VBJDU18422021801 - INFO - 本题结束
2018-09-25 00:39:58,812 - VBJDU18422021801 - DEBUG - 获取题目
2018-09-25 00:40:01,043 - VBJDU18422021801 - INFO - 第 5 题
2018-09-25 00:40:01,383 - VBJDU18422021801 - INFO - 以下哪个岛，是世界上地势最高的岛？
2018-09-25 00:40:02,389 - VBJDU18422021801 - INFO - A.马达加斯加岛 B.加里曼丹岛 C.新几内亚岛
2018-09-25 00:40:03,332 - VBJDU18422021801 - DEBUG - 在线检索答案
2018-09-25 00:40:03,332 - VBJDU18422021801 - INFO - 我的答案：新几内亚岛
2018-09-25 00:40:03,973 - VBJDU18422021801 - DEBUG - 选择选项
2018-09-25 00:40:06,067 - VBJDU18422021801 - INFO - 答案正确
2018-09-25 00:40:06,088 - VBJDU18422021801 - DEBUG - 添加此题
2018-09-25 00:40:07,819 - VBJDU18422021801 - INFO - 本题结束
2018-09-25 00:40:09,000 - VBJDU18422021801 - INFO - 本场比赛结束
2018-09-25 00:40:09,048 - VBJDU18422021801 - INFO - 返回游戏页面
2018-09-25 00:40:10,611 - VBJDU18422021801 - INFO - 进入排位赛
2018-09-25 00:40:10,612 - VBJDU18422021801 - INFO - 正在匹配中......
2018-09-25 00:40:41,525 - VBJDU18422021801 - INFO - 匹配成功
2018-09-25 00:40:41,526 - VBJDU18422021801 - DEBUG - 获取题目
2018-09-25 00:40:42,989 - VBJDU18422021801 - INFO - 第 1 题
2018-09-25 00:40:43,297 - VBJDU18422021801 - INFO - 主要产于高海拔地区，由幼虫躯壳和霉菌菌丝组成的中药材叫？
2018-09-25 00:40:44,404 - VBJDU18422021801 - INFO - A.鹿茸 B.灵芝 C.冬虫夏草
2018-09-25 00:40:45,105 - VBJDU18422021801 - DEBUG - 在线检索答案
2018-09-25 00:40:45,105 - VBJDU18422021801 - INFO - 我的答案：冬虫夏草
2018-09-25 00:40:45,765 - VBJDU18422021801 - DEBUG - 选择选项
2018-09-25 00:40:47,797 - VBJDU18422021801 - INFO - 答案正确
2018-09-25 00:40:47,798 - VBJDU18422021801 - DEBUG - 添加此题
2018-09-25 00:40:49,146 - VBJDU18422021801 - INFO - 本题结束
2018-09-25 00:40:49,147 - VBJDU18422021801 - DEBUG - 获取题目
2018-09-25 00:40:51,511 - VBJDU18422021801 - INFO - 第 2 题
2018-09-25 00:40:51,804 - VBJDU18422021801 - INFO - 下列哪个不是打车软件？
2018-09-25 00:40:52,762 - VBJDU18422021801 - INFO - A.滴滴打车 B.神州专车 C.途牛
2018-09-25 00:40:53,392 - VBJDU18422021801 - DEBUG - 在线检索答案
2018-09-25 00:40:53,392 - VBJDU18422021801 - INFO - 我的答案：神州专车
2018-09-25 00:40:54,037 - VBJDU18422021801 - DEBUG - 选择选项
2018-09-25 00:40:56,142 - VBJDU18422021801 - INFO - 答案错误
2018-09-25 00:40:56,362 - VBJDU18422021801 - INFO - 正确答案；途牛
2018-09-25 00:40:56,363 - VBJDU18422021801 - DEBUG - 添加此题
2018-09-25 00:40:57,497 - VBJDU18422021801 - INFO - 本题结束
2018-09-25 00:40:57,497 - VBJDU18422021801 - DEBUG - 获取题目
2018-09-25 00:40:59,762 - VBJDU18422021801 - INFO - 第 3 题
2018-09-25 00:41:00,116 - VBJDU18422021801 - INFO - 长期多食鸡蛋会导致什么？
2018-09-25 00:41:00,995 - VBJDU18422021801 - INFO - A.痛风 B.胆固醇偏高 C.甲亢
2018-09-25 00:41:01,886 - VBJDU18422021801 - DEBUG - 未检索到答案
2018-09-25 00:41:01,887 - VBJDU18422021801 - INFO - 我的答案：痛风
2018-09-25 00:41:02,590 - VBJDU18422021801 - DEBUG - 选择选项
2018-09-25 00:41:04,674 - VBJDU18422021801 - INFO - 答案错误
2018-09-25 00:41:04,799 - VBJDU18422021801 - INFO - 正确答案；胆固醇偏高
2018-09-25 00:41:04,803 - VBJDU18422021801 - DEBUG - 添加此题
2018-09-25 00:41:05,652 - VBJDU18422021801 - INFO - 本题结束
2018-09-25 00:41:05,656 - VBJDU18422021801 - DEBUG - 获取题目
2018-09-25 00:41:07,879 - VBJDU18422021801 - INFO - 第 4 题
2018-09-25 00:41:08,218 - VBJDU18422021801 - INFO - 民间通常所说的“鬼火”是化学中的什么现象
2018-09-25 00:41:09,226 - VBJDU18422021801 - INFO - A.熔化 B.自燃 C.潮解
2018-09-25 00:41:10,981 - VBJDU18422021801 - DEBUG - 在线检索答案
2018-09-25 00:41:10,981 - VBJDU18422021801 - INFO - 我的答案：自燃
2018-09-25 00:41:11,612 - VBJDU18422021801 - DEBUG - 选择选项
2018-09-25 00:41:13,687 - VBJDU18422021801 - INFO - 答案正确
2018-09-25 00:41:13,689 - VBJDU18422021801 - DEBUG - 添加此题
2018-09-25 00:41:14,543 - VBJDU18422021801 - INFO - 本题结束
2018-09-25 00:41:14,543 - VBJDU18422021801 - DEBUG - 获取题目
2018-09-25 00:41:16,903 - VBJDU18422021801 - INFO - 第 5 题
2018-09-25 00:41:17,265 - VBJDU18422021801 - INFO - 地球同步轨道卫星的运行周期是？
2018-09-25 00:41:18,329 - VBJDU18422021801 - INFO - A.36小时 B.1.5小时 C.24小时
2018-09-25 00:41:18,348 - VBJDU18422021801 - DEBUG - 数据库中检索答案
2018-09-25 00:41:18,348 - VBJDU18422021801 - INFO - 我的答案：24小时
2018-09-25 00:41:19,006 - VBJDU18422021801 - DEBUG - 选择选项
2018-09-25 00:41:21,123 - VBJDU18422021801 - INFO - 答案正确
2018-09-25 00:41:22,595 - VBJDU18422021801 - INFO - 本题结束
2018-09-25 00:41:23,811 - VBJDU18422021801 - INFO - 本场比赛结束
2018-09-25 00:41:23,859 - VBJDU18422021801 - INFO - 返回游戏页面
2018-09-25 00:41:25,441 - VBJDU18422021801 - INFO - 进入排位赛
2018-09-25 00:41:25,441 - VBJDU18422021801 - INFO - 正在匹配中......
2018-09-25 00:43:53,937 - VBJDU18422021801 - INFO - 匹配成功
2018-09-25 00:43:53,938 - VBJDU18422021801 - DEBUG - 获取题目
2018-09-25 00:43:54,565 - VBJDU18422021801 - INFO - 第 1 题
2018-09-25 00:43:54,861 - VBJDU18422021801 - INFO - 小刀能刻动哪种岩石?
2018-09-25 00:43:55,744 - VBJDU18422021801 - INFO - A.滑石 B.黄玉 C.金刚石
2018-09-25 00:43:56,648 - VBJDU18422021801 - DEBUG - 在线检索答案
2018-09-25 00:43:56,648 - VBJDU18422021801 - INFO - 我的答案：滑石
2018-09-25 00:43:57,192 - VBJDU18422021801 - DEBUG - 选择选项
2018-09-25 00:43:59,301 - VBJDU18422021801 - INFO - 答案正确
2018-09-25 00:43:59,302 - VBJDU18422021801 - DEBUG - 添加此题
2018-09-25 00:44:01,433 - VBJDU18422021801 - INFO - 本题结束
2018-09-25 00:44:01,434 - VBJDU18422021801 - DEBUG - 获取题目
2018-09-25 00:44:03,814 - VBJDU18422021801 - INFO - 第 2 题
2018-09-25 00:44:04,106 - VBJDU18422021801 - INFO - 下列哪位明星担任过电视节目《吐槽大会》的嘉宾？
2018-09-25 00:44:04,986 - VBJDU18422021801 - INFO - A.李小璐 B.张睿 C.王传君
2018-09-25 00:44:06,089 - VBJDU18422021801 - DEBUG - 在线检索答案
2018-09-25 00:44:06,089 - VBJDU18422021801 - INFO - 我的答案：李小璐
2018-09-25 00:44:06,685 - VBJDU18422021801 - DEBUG - 选择选项
2018-09-25 00:44:08,889 - VBJDU18422021801 - INFO - 答案正确
2018-09-25 00:44:08,890 - VBJDU18422021801 - DEBUG - 添加此题
2018-09-25 00:44:11,905 - VBJDU18422021801 - INFO - 本题结束
2018-09-25 00:44:11,905 - VBJDU18422021801 - DEBUG - 获取题目
2018-09-25 00:44:14,230 - VBJDU18422021801 - INFO - 第 3 题
2018-09-25 00:44:14,538 - VBJDU18422021801 - INFO - “黄金时代”三部曲作者是？
2018-09-25 00:44:15,433 - VBJDU18422021801 - INFO - A.王小波 B.巴金 C.冯唐
2018-09-25 00:44:16,239 - VBJDU18422021801 - DEBUG - 在线检索答案
2018-09-25 00:44:16,239 - VBJDU18422021801 - INFO - 我的答案：王小波
2018-09-25 00:44:16,903 - VBJDU18422021801 - DEBUG - 选择选项
2018-09-25 00:44:18,930 - VBJDU18422021801 - INFO - 答案正确
2018-09-25 00:44:18,931 - VBJDU18422021801 - DEBUG - 添加此题
2018-09-25 00:44:22,229 - VBJDU18422021801 - INFO - 本题结束
2018-09-25 00:44:22,230 - VBJDU18422021801 - DEBUG - 获取题目
2018-09-25 00:44:24,509 - VBJDU18422021801 - INFO - 第 4 题
2018-09-25 00:44:24,806 - VBJDU18422021801 - INFO - 《雾》《雨》《电》作者巴金原名是？
2018-09-25 00:44:25,706 - VBJDU18422021801 - INFO - A.李尧棠 B.熊耀国 C.舒庆春
2018-09-25 00:44:26,351 - VBJDU18422021801 - DEBUG - 在线检索答案
2018-09-25 00:44:26,351 - VBJDU18422021801 - INFO - 我的答案：李尧棠
2018-09-25 00:44:26,938 - VBJDU18422021801 - DEBUG - 选择选项
2018-09-25 00:44:29,185 - VBJDU18422021801 - INFO - 答案正确
2018-09-25 00:44:29,187 - VBJDU18422021801 - DEBUG - 添加此题
2018-09-25 00:44:31,095 - VBJDU18422021801 - INFO - 本题结束
2018-09-25 00:44:31,096 - VBJDU18422021801 - DEBUG - 获取题目
2018-09-25 00:44:33,358 - VBJDU18422021801 - INFO - 第 5 题
2018-09-25 00:44:33,630 - VBJDU18422021801 - INFO - 关贸总协定缔约方，在哪一回合谈判中正式建立WTO?
2018-09-25 00:44:34,474 - VBJDU18422021801 - INFO - A.新加坡回合 B.日内瓦回合 C.乌拉圭回合
2018-09-25 00:44:35,594 - VBJDU18422021801 - DEBUG - 在线检索答案
2018-09-25 00:44:35,594 - VBJDU18422021801 - INFO - 我的答案：乌拉圭回合
2018-09-25 00:44:36,156 - VBJDU18422021801 - DEBUG - 选择选项
2018-09-25 00:44:38,498 - VBJDU18422021801 - INFO - 答案正确
2018-09-25 00:44:38,499 - VBJDU18422021801 - DEBUG - 添加此题
2018-09-25 00:44:41,118 - VBJDU18422021801 - INFO - 本题结束
2018-09-25 00:44:42,351 - VBJDU18422021801 - INFO - 本场比赛结束
2018-09-25 00:44:42,419 - VBJDU18422021801 - INFO - 返回游戏页面
2018-09-25 00:44:44,019 - VBJDU18422021801 - INFO - 进入排位赛
2018-09-25 00:44:44,019 - VBJDU18422021801 - INFO - 正在匹配中......
2018-09-25 00:45:25,952 - VBJDU18422021801 - INFO - 匹配成功
2018-09-25 00:45:25,953 - VBJDU18422021801 - DEBUG - 获取题目
2018-09-25 00:45:27,177 - VBJDU18422021801 - INFO - 第 1 题
2018-09-25 00:45:27,468 - VBJDU18422021801 - INFO - 家庭教育的真正含义是什么？
2018-09-25 00:45:28,385 - VBJDU18422021801 - INFO - A.教育子女 B.教育父母 C.父母与子女共同学习和成长
2018-09-25 00:45:29,085 - VBJDU18422021801 - DEBUG - 未检索到答案
2018-09-25 00:45:29,085 - VBJDU18422021801 - INFO - 我的答案：教育子女
2018-09-25 00:45:29,716 - VBJDU18422021801 - DEBUG - 选择选项
2018-09-25 00:45:31,849 - VBJDU18422021801 - INFO - 答案错误
2018-09-25 00:45:32,085 - VBJDU18422021801 - INFO - 正确答案；父母与子女共同学习和成长
2018-09-25 00:45:32,086 - VBJDU18422021801 - DEBUG - 添加此题
2018-09-25 00:45:33,117 - VBJDU18422021801 - INFO - 本题结束
2018-09-25 00:45:33,117 - VBJDU18422021801 - DEBUG - 获取题目
2018-09-25 00:45:35,309 - VBJDU18422021801 - INFO - 第 2 题
2018-09-25 00:45:35,709 - VBJDU18422021801 - INFO - 我国哪个传统节日是祭祖和扫墓的日子？
2018-09-25 00:45:36,676 - VBJDU18422021801 - INFO - A.清明节 B.端午节 C.中秋节
2018-09-25 00:45:38,019 - VBJDU18422021801 - DEBUG - 在线检索答案
2018-09-25 00:45:38,019 - VBJDU18422021801 - INFO - 我的答案：清明节
2018-09-25 00:45:38,621 - VBJDU18422021801 - DEBUG - 选择选项
2018-09-25 00:45:40,705 - VBJDU18422021801 - INFO - 答案正确
2018-09-25 00:45:40,706 - VBJDU18422021801 - DEBUG - 添加此题
2018-09-25 00:45:41,569 - VBJDU18422021801 - INFO - 本题结束
2018-09-25 00:45:41,570 - VBJDU18422021801 - DEBUG - 获取题目
2018-09-25 00:45:43,757 - VBJDU18422021801 - INFO - 第 3 题
2018-09-25 00:45:44,046 - VBJDU18422021801 - INFO - 在电视剧《一起来看流星雨》中，张翰饰演的角色叫什么？
2018-09-25 00:45:44,997 - VBJDU18422021801 - INFO - A.慕容云海 B.杨过 C.乔峰
2018-09-25 00:45:45,712 - VBJDU18422021801 - DEBUG - 在线检索答案
2018-09-25 00:45:45,712 - VBJDU18422021801 - INFO - 我的答案：慕容云海
2018-09-25 00:45:46,380 - VBJDU18422021801 - DEBUG - 选择选项
2018-09-25 00:45:48,634 - VBJDU18422021801 - INFO - 答案正确
2018-09-25 00:45:48,635 - VBJDU18422021801 - DEBUG - 添加此题
2018-09-25 00:45:51,158 - VBJDU18422021801 - INFO - 本题结束
2018-09-25 00:45:51,158 - VBJDU18422021801 - DEBUG - 获取题目
2018-09-25 00:45:53,145 - VBJDU18422021801 - INFO - 第 4 题
2018-09-25 00:45:53,453 - VBJDU18422021801 - INFO - 游戏《愤怒的小鸟》中，抢走鸟蛋，而使小鸟们愤怒的是哪种动物？
2018-09-25 00:45:54,437 - VBJDU18422021801 - INFO - A.老鼠 B.羊 C.猪
2018-09-25 00:45:55,557 - VBJDU18422021801 - DEBUG - 在线检索答案
2018-09-25 00:45:55,557 - VBJDU18422021801 - INFO - 我的答案：猪
2018-09-25 00:45:56,198 - VBJDU18422021801 - DEBUG - 选择选项
2018-09-25 00:45:58,298 - VBJDU18422021801 - INFO - 答案正确
2018-09-25 00:45:58,300 - VBJDU18422021801 - DEBUG - 添加此题
2018-09-25 00:45:59,226 - VBJDU18422021801 - INFO - 本题结束
2018-09-25 00:45:59,227 - VBJDU18422021801 - DEBUG - 获取题目
2018-09-25 00:46:01,513 - VBJDU18422021801 - INFO - 第 5 题
2018-09-25 00:46:01,851 - VBJDU18422021801 - INFO - 为王昭君画像的画师是？
2018-09-25 00:46:02,819 - VBJDU18422021801 - INFO - A.蒋廷锡 B.王时敏 C.毛延寿
2018-09-25 00:46:03,671 - VBJDU18422021801 - DEBUG - 在线检索答案
2018-09-25 00:46:03,671 - VBJDU18422021801 - INFO - 我的答案：毛延寿
2018-09-25 00:46:04,293 - VBJDU18422021801 - DEBUG - 选择选项
2018-09-25 00:46:06,375 - VBJDU18422021801 - INFO - 答案正确
2018-09-25 00:46:06,376 - VBJDU18422021801 - DEBUG - 添加此题
2018-09-25 00:46:07,907 - VBJDU18422021801 - INFO - 本题结束
2018-09-25 00:46:09,094 - VBJDU18422021801 - INFO - 本场比赛结束
2018-09-25 00:46:09,143 - VBJDU18422021801 - INFO - 返回游戏页面
2018-09-25 00:46:10,748 - VBJDU18422021801 - INFO - 进入排位赛
2018-09-25 00:46:10,749 - VBJDU18422021801 - INFO - 正在匹配中......
2018-09-25 00:46:34,167 - VBJDU18422021801 - INFO - 匹配成功
2018-09-25 00:46:34,167 - VBJDU18422021801 - DEBUG - 获取题目
2018-09-25 00:46:35,623 - VBJDU18422021801 - INFO - 第 1 题
2018-09-25 00:46:35,915 - VBJDU18422021801 - INFO - 在《悬崖上的金鱼姬》中，女主角是由什么动物变的？
2018-09-25 00:46:36,905 - VBJDU18422021801 - INFO - A.小金鱼 B.海豚 C.大鲸鱼
2018-09-25 00:46:37,636 - VBJDU18422021801 - DEBUG - 在线检索答案
2018-09-25 00:46:37,636 - VBJDU18422021801 - INFO - 我的答案：小金鱼
2018-09-25 00:46:38,271 - VBJDU18422021801 - DEBUG - 选择选项
2018-09-25 00:46:40,287 - VBJDU18422021801 - INFO - 答案正确
2018-09-25 00:46:40,288 - VBJDU18422021801 - DEBUG - 添加此题
2018-09-25 00:46:42,331 - VBJDU18422021801 - INFO - 本题结束
2018-09-25 00:46:42,331 - VBJDU18422021801 - DEBUG - 获取题目
2018-09-25 00:46:44,593 - VBJDU18422021801 - INFO - 第 2 题
2018-09-25 00:46:44,908 - VBJDU18422021801 - INFO - 绰号“狼王”是指哪位已退役的NBA球星？
2018-09-25 00:46:45,962 - VBJDU18422021801 - INFO - A.科比·布莱恩特 B.詹姆斯·哈登 C.凯文·加内特
2018-09-25 00:46:46,644 - VBJDU18422021801 - DEBUG - 在线检索答案
2018-09-25 00:46:46,644 - VBJDU18422021801 - INFO - 我的答案：凯文·加内特
2018-09-25 00:46:47,336 - VBJDU18422021801 - DEBUG - 选择选项
2018-09-25 00:46:49,416 - VBJDU18422021801 - INFO - 答案正确
2018-09-25 00:46:49,417 - VBJDU18422021801 - DEBUG - 添加此题
2018-09-25 00:46:50,898 - VBJDU18422021801 - INFO - 本题结束
2018-09-25 00:46:50,910 - VBJDU18422021801 - DEBUG - 获取题目
2018-09-25 00:46:53,057 - VBJDU18422021801 - INFO - 第 3 题
2018-09-25 00:46:53,430 - VBJDU18422021801 - INFO - 美国人麦克.雷蒙在日本已升至围棋（）段
2018-09-25 00:46:54,501 - VBJDU18422021801 - INFO - A.八 B.七 C.九
2018-09-25 00:46:54,520 - VBJDU18422021801 - DEBUG - 数据库中检索答案
2018-09-25 00:46:54,521 - VBJDU18422021801 - INFO - 我的答案：九
2018-09-25 00:46:55,216 - VBJDU18422021801 - DEBUG - 选择选项
2018-09-25 00:46:57,504 - VBJDU18422021801 - INFO - 答案正确
2018-09-25 00:46:58,724 - VBJDU18422021801 - INFO - 本题结束
2018-09-25 00:46:58,726 - VBJDU18422021801 - DEBUG - 获取题目
2018-09-25 00:47:00,933 - VBJDU18422021801 - INFO - 第 4 题
2018-09-25 00:47:01,285 - VBJDU18422021801 - INFO - 关于孙思邈的叙述，哪一个选项是错误的？
2018-09-25 00:47:02,215 - VBJDU18422021801 - INFO - A.妙王真人 B.著有《千金方》 C.被后世尊为“药王”
2018-09-25 00:47:02,917 - VBJDU18422021801 - DEBUG - 未检索到答案
2018-09-25 00:47:02,917 - VBJDU18422021801 - INFO - 我的答案：妙王真人
2018-09-25 00:47:03,571 - VBJDU18422021801 - DEBUG - 选择选项
2018-09-25 00:47:05,699 - VBJDU18422021801 - INFO - 答案正确
2018-09-25 00:47:05,701 - VBJDU18422021801 - DEBUG - 添加此题
2018-09-25 00:47:08,522 - VBJDU18422021801 - INFO - 本题结束
2018-09-25 00:47:08,527 - VBJDU18422021801 - DEBUG - 获取题目
2018-09-25 00:47:10,661 - VBJDU18422021801 - INFO - 第 5 题
2018-09-25 00:47:10,997 - VBJDU18422021801 - INFO - 地区所在地与县之间的旅客运输班线属于几类客运班线
2018-09-25 00:47:12,043 - VBJDU18422021801 - INFO - A.一 B.二 C.三
2018-09-25 00:47:13,602 - VBJDU18422021801 - DEBUG - 在线检索答案
2018-09-25 00:47:13,602 - VBJDU18422021801 - INFO - 我的答案：二
2018-09-25 00:47:14,220 - VBJDU18422021801 - DEBUG - 选择选项
2018-09-25 00:47:16,321 - VBJDU18422021801 - INFO - 答案正确
2018-09-25 00:47:16,322 - VBJDU18422021801 - DEBUG - 添加此题
2018-09-25 00:47:17,070 - VBJDU18422021801 - INFO - 本题结束
2018-09-25 00:47:18,211 - VBJDU18422021801 - INFO - 本场比赛结束
2018-09-25 00:47:18,315 - VBJDU18422021801 - INFO - 返回游戏页面
2018-09-25 00:47:19,946 - VBJDU18422021801 - INFO - 进入排位赛
2018-09-25 00:47:19,950 - VBJDU18422021801 - INFO - 正在匹配中......
2018-09-25 00:47:50,526 - VBJDU18422021801 - INFO - 匹配成功
2018-09-25 00:47:50,526 - VBJDU18422021801 - DEBUG - 获取题目
2018-09-25 00:47:51,828 - VBJDU18422021801 - INFO - 第 1 题
2018-09-25 00:47:52,131 - VBJDU18422021801 - INFO - 苏轼的《海棠》中“东风袅袅泛崇光”的下一句是？
2018-09-25 00:47:53,010 - VBJDU18422021801 - INFO - A.香雾空蒙月转廊 B.落花风雨更伤春 C.酒酣胸胆尚开张
2018-09-25 00:47:53,708 - VBJDU18422021801 - DEBUG - 在线检索答案
2018-09-25 00:47:53,709 - VBJDU18422021801 - INFO - 我的答案：香雾空蒙月转廊
2018-09-25 00:47:54,315 - VBJDU18422021801 - DEBUG - 选择选项
2018-09-25 00:47:56,402 - VBJDU18422021801 - INFO - 答案正确
2018-09-25 00:47:56,405 - VBJDU18422021801 - DEBUG - 添加此题
2018-09-25 00:48:02,055 - VBJDU18422021801 - INFO - 本题结束
2018-09-25 00:48:02,055 - VBJDU18422021801 - DEBUG - 获取题目
2018-09-25 00:48:04,341 - VBJDU18422021801 - INFO - 第 2 题
2018-09-25 00:48:04,675 - VBJDU18422021801 - INFO - 中国第一颗原子弹爆炸的日期是？
2018-09-25 00:48:05,636 - VBJDU18422021801 - INFO - A.1966年10月17日 B.1966年10月27日 C.1964年10月16日
2018-09-25 00:48:06,549 - VBJDU18422021801 - DEBUG - 在线检索答案
2018-09-25 00:48:06,550 - VBJDU18422021801 - INFO - 我的答案：1964年10月16日
2018-09-25 00:48:07,254 - VBJDU18422021801 - DEBUG - 选择选项
2018-09-25 00:48:09,395 - VBJDU18422021801 - INFO - 答案正确
2018-09-25 00:48:09,396 - VBJDU18422021801 - DEBUG - 添加此题
2018-09-25 00:48:11,223 - VBJDU18422021801 - INFO - 本题结束
2018-09-25 00:48:11,224 - VBJDU18422021801 - DEBUG - 获取题目
2018-09-25 00:48:13,392 - VBJDU18422021801 - INFO - 第 3 题
2018-09-25 00:48:13,692 - VBJDU18422021801 - INFO - 太阳系中最大的卫星是以下哪个？
2018-09-25 00:48:14,699 - VBJDU18422021801 - INFO - A.木卫四 B.木卫三 C.木卫二
2018-09-25 00:48:15,623 - VBJDU18422021801 - DEBUG - 在线检索答案
2018-09-25 00:48:15,623 - VBJDU18422021801 - INFO - 我的答案：木卫三
2018-09-25 00:48:16,259 - VBJDU18422021801 - DEBUG - 选择选项
2018-09-25 00:48:18,363 - VBJDU18422021801 - INFO - 答案正确
2018-09-25 00:48:18,364 - VBJDU18422021801 - DEBUG - 添加此题
2018-09-25 00:48:21,007 - VBJDU18422021801 - INFO - 本题结束
2018-09-25 00:48:21,007 - VBJDU18422021801 - DEBUG - 获取题目
2018-09-25 00:48:23,359 - VBJDU18422021801 - INFO - 第 4 题
2018-09-25 00:48:23,683 - VBJDU18422021801 - INFO - 有“盘中明珠”美誉的是哪一种食材？
2018-09-25 00:48:24,809 - VBJDU18422021801 - INFO - A.牡蛎 B.田螺 C.扇贝
2018-09-25 00:48:26,332 - VBJDU18422021801 - DEBUG - 在线检索答案
2018-09-25 00:48:26,332 - VBJDU18422021801 - INFO - 我的答案：田螺
2018-09-25 00:48:26,943 - VBJDU18422021801 - DEBUG - 选择选项
2018-09-25 00:48:28,976 - VBJDU18422021801 - INFO - 答案正确
2018-09-25 00:48:28,978 - VBJDU18422021801 - DEBUG - 添加此题
2018-09-25 00:48:32,725 - VBJDU18422021801 - INFO - 本题结束
2018-09-25 00:48:32,725 - VBJDU18422021801 - DEBUG - 获取题目
2018-09-25 00:48:35,053 - VBJDU18422021801 - INFO - 第 5 题
2018-09-25 00:48:35,416 - VBJDU18422021801 - INFO - 截至2017年，人类历史上使用过的自重最大的运载火箭是？
2018-09-25 00:48:36,401 - VBJDU18422021801 - INFO - A.重型猎鹰 B.土星五号 C.阿丽亚娜-5
2018-09-25 00:48:37,537 - VBJDU18422021801 - DEBUG - 未检索到答案
2018-09-25 00:48:37,538 - VBJDU18422021801 - INFO - 我的答案：重型猎鹰
2018-09-25 00:48:38,223 - VBJDU18422021801 - DEBUG - 选择选项
2018-09-25 00:48:40,272 - VBJDU18422021801 - INFO - 答案错误
2018-09-25 00:48:40,389 - VBJDU18422021801 - INFO - 正确答案；土星五号
2018-09-25 00:48:40,392 - VBJDU18422021801 - DEBUG - 添加此题
2018-09-25 00:48:41,733 - VBJDU18422021801 - INFO - 本题结束
2018-09-25 00:48:42,939 - VBJDU18422021801 - INFO - 本场比赛结束
2018-09-25 00:48:43,005 - VBJDU18422021801 - INFO - 返回游戏页面
2018-09-25 00:48:44,541 - VBJDU18422021801 - INFO - 进入排位赛
2018-09-25 00:48:44,541 - VBJDU18422021801 - INFO - 正在匹配中......
2018-09-25 00:49:49,396 - VBJDU18422021801 - INFO - 匹配成功
2018-09-25 00:49:49,397 - VBJDU18422021801 - DEBUG - 获取题目
2018-09-25 00:49:50,785 - VBJDU18422021801 - INFO - 第 1 题
2018-09-25 00:49:51,127 - VBJDU18422021801 - INFO - 《日内瓦公约》的主要目的是什么？
2018-09-25 00:49:52,192 - VBJDU18422021801 - INFO - A.防止生化武器 B.保护平民和战争受难者 C.保护野生动物
2018-09-25 00:49:52,971 - VBJDU18422021801 - DEBUG - 在线检索答案
2018-09-25 00:49:52,971 - VBJDU18422021801 - INFO - 我的答案：保护平民和战争受难者
2018-09-25 00:49:53,595 - VBJDU18422021801 - DEBUG - 选择选项
2018-09-25 00:49:55,676 - VBJDU18422021801 - INFO - 答案正确
2018-09-25 00:49:55,677 - VBJDU18422021801 - DEBUG - 添加此题
2018-09-25 00:49:56,578 - VBJDU18422021801 - INFO - 本题结束
2018-09-25 00:49:56,578 - VBJDU18422021801 - DEBUG - 获取题目
2018-09-25 00:49:58,806 - VBJDU18422021801 - INFO - 第 2 题
2018-09-25 00:49:59,111 - VBJDU18422021801 - INFO - 《伤寒杂病论》是由谁著的？
2018-09-25 00:50:00,029 - VBJDU18422021801 - INFO - A.李时珍 B.张仲景 C.孙思邈
2018-09-25 00:50:00,696 - VBJDU18422021801 - DEBUG - 在线检索答案
2018-09-25 00:50:00,696 - VBJDU18422021801 - INFO - 我的答案：张仲景
2018-09-25 00:50:01,368 - VBJDU18422021801 - DEBUG - 选择选项
2018-09-25 00:50:03,600 - VBJDU18422021801 - INFO - 答案正确
2018-09-25 00:50:03,601 - VBJDU18422021801 - DEBUG - 添加此题
2018-09-25 00:50:04,283 - VBJDU18422021801 - INFO - 本题结束
2018-09-25 00:50:04,283 - VBJDU18422021801 - DEBUG - 获取题目
2018-09-25 00:50:06,519 - VBJDU18422021801 - INFO - 第 3 题
2018-09-25 00:50:06,833 - VBJDU18422021801 - INFO - “国际原子能机构”的英文简称是什么？
2018-09-25 00:50:07,800 - VBJDU18422021801 - INFO - A.WHO B.IUPAC C.IAEA
2018-09-25 00:50:07,815 - VBJDU18422021801 - DEBUG - 数据库中检索答案
2018-09-25 00:50:07,816 - VBJDU18422021801 - INFO - 我的答案：IAEA
2018-09-25 00:50:08,497 - VBJDU18422021801 - DEBUG - 选择选项
2018-09-25 00:50:10,625 - VBJDU18422021801 - INFO - 答案正确
2018-09-25 00:50:12,629 - VBJDU18422021801 - INFO - 本题结束
2018-09-25 00:50:12,629 - VBJDU18422021801 - DEBUG - 获取题目
2018-09-25 00:50:15,012 - VBJDU18422021801 - INFO - 第 4 题
2018-09-25 00:50:15,364 - VBJDU18422021801 - INFO - 北宋包拯的家乡是现今安徽的哪个城市？
2018-09-25 00:50:16,340 - VBJDU18422021801 - INFO - A.合肥 B.黄山 C.芜湖
2018-09-25 00:50:17,475 - VBJDU18422021801 - DEBUG - 在线检索答案
2018-09-25 00:50:17,475 - VBJDU18422021801 - INFO - 我的答案：合肥
2018-09-25 00:50:18,116 - VBJDU18422021801 - DEBUG - 选择选项
2018-09-25 00:50:20,177 - VBJDU18422021801 - INFO - 答案正确
2018-09-25 00:50:20,178 - VBJDU18422021801 - DEBUG - 添加此题
2018-09-25 00:50:21,316 - VBJDU18422021801 - INFO - 本题结束
2018-09-25 00:50:21,317 - VBJDU18422021801 - DEBUG - 获取题目
2018-09-25 00:50:23,385 - VBJDU18422021801 - INFO - 第 5 题
2018-09-25 00:50:23,708 - VBJDU18422021801 - INFO - 世界上第一颗商用通信卫星是：
2018-09-25 00:50:24,667 - VBJDU18422021801 - INFO - A.东方红号 B.晨鸟号 C.西可尔号
2018-09-25 00:50:26,241 - VBJDU18422021801 - DEBUG - 在线检索答案
2018-09-25 00:50:26,241 - VBJDU18422021801 - INFO - 我的答案：晨鸟号
2018-09-25 00:50:26,832 - VBJDU18422021801 - DEBUG - 选择选项
2018-09-25 00:50:28,957 - VBJDU18422021801 - INFO - 答案正确
2018-09-25 00:50:28,958 - VBJDU18422021801 - DEBUG - 添加此题
2018-09-25 00:50:29,948 - VBJDU18422021801 - INFO - 本题结束
2018-09-25 00:50:31,184 - VBJDU18422021801 - INFO - 本场比赛结束
2018-09-25 00:50:31,333 - VBJDU18422021801 - INFO - 返回游戏页面
2018-09-25 00:50:33,004 - VBJDU18422021801 - INFO - 进入排位赛
2018-09-25 00:50:33,006 - VBJDU18422021801 - INFO - 正在匹配中......
2018-09-25 00:52:36,606 - VBJDU18422021801 - WARNING - 匹配失败
2018-09-25 00:52:36,713 - VBJDU18422021801 - INFO - 返回游戏页面
2018-09-25 00:52:38,322 - VBJDU18422021801 - INFO - 进入排位赛
2018-09-25 00:52:38,356 - VBJDU18422021801 - INFO - 正在匹配中......
2018-09-25 00:53:47,557 - VBJDU18422021801 - INFO - 匹配成功
2018-09-25 00:53:47,560 - VBJDU18422021801 - DEBUG - 获取题目
2018-09-25 00:53:48,898 - VBJDU18422021801 - INFO - 第 1 题
2018-09-25 00:53:49,180 - VBJDU18422021801 - INFO - 医师处方的最主要的特性是
2018-09-25 00:53:50,052 - VBJDU18422021801 - INFO - A.经济性 B.法律性 C.社会性
2018-09-25 00:53:50,922 - VBJDU18422021801 - DEBUG - 在线检索答案
2018-09-25 00:53:50,922 - VBJDU18422021801 - INFO - 我的答案：法律性
2018-09-25 00:53:51,509 - VBJDU18422021801 - DEBUG - 选择选项
2018-09-25 00:53:53,650 - VBJDU18422021801 - INFO - 答案正确
2018-09-25 00:53:53,651 - VBJDU18422021801 - DEBUG - 添加此题
2018-09-25 00:54:03,390 - VBJDU18422021801 - INFO - 本题结束
2018-09-25 00:54:03,390 - VBJDU18422021801 - DEBUG - 获取题目
2018-09-25 00:54:05,570 - VBJDU18422021801 - INFO - 第 2 题
2018-09-25 00:54:05,902 - VBJDU18422021801 - INFO - 将3块披萨平均的分给2个人，每个人能分到几份完整的？
2018-09-25 00:54:06,859 - VBJDU18422021801 - INFO - A.一份 B.二分之三 C.二分之五
2018-09-25 00:54:07,744 - VBJDU18422021801 - DEBUG - 未检索到答案
2018-09-25 00:54:07,744 - VBJDU18422021801 - INFO - 我的答案：一份
2018-09-25 00:54:08,368 - VBJDU18422021801 - DEBUG - 选择选项
2018-09-25 00:54:10,429 - VBJDU18422021801 - INFO - 答案正确
2018-09-25 00:54:10,430 - VBJDU18422021801 - DEBUG - 添加此题
2018-09-25 00:54:12,041 - VBJDU18422021801 - INFO - 本题结束
2018-09-25 00:54:12,042 - VBJDU18422021801 - DEBUG - 获取题目
2018-09-25 00:54:14,290 - VBJDU18422021801 - INFO - 第 3 题
2018-09-25 00:54:14,577 - VBJDU18422021801 - INFO - 瑞士无人不晓，它的首都在
2018-09-25 00:54:15,482 - VBJDU18422021801 - INFO - A.苏黎世 B.伯尔尼 C.布加勒斯特
2018-09-25 00:54:15,502 - VBJDU18422021801 - DEBUG - 数据库中检索答案
2018-09-25 00:54:15,502 - VBJDU18422021801 - INFO - 我的答案：伯尔尼
2018-09-25 00:54:16,132 - VBJDU18422021801 - DEBUG - 选择选项
2018-09-25 00:54:18,214 - VBJDU18422021801 - INFO - 答案正确
2018-09-25 00:54:19,755 - VBJDU18422021801 - INFO - 本题结束
2018-09-25 00:54:19,756 - VBJDU18422021801 - DEBUG - 获取题目
2018-09-25 00:54:21,902 - VBJDU18422021801 - INFO - 第 4 题
2018-09-25 00:54:22,190 - VBJDU18422021801 - INFO - 世界上第一台计算机ENIAC是哪一年研制成功的？
2018-09-25 00:54:23,042 - VBJDU18422021801 - INFO - A.1944 B.1945 C.1946
2018-09-25 00:54:23,864 - VBJDU18422021801 - DEBUG - 在线检索答案
2018-09-25 00:54:23,864 - VBJDU18422021801 - INFO - 我的答案：1946
2018-09-25 00:54:24,489 - VBJDU18422021801 - DEBUG - 选择选项
2018-09-25 00:54:26,599 - VBJDU18422021801 - INFO - 答案错误
2018-09-25 00:54:26,815 - VBJDU18422021801 - INFO - 正确答案；1945
2018-09-25 00:54:26,816 - VBJDU18422021801 - DEBUG - 添加此题
2018-09-25 00:54:27,458 - VBJDU18422021801 - INFO - 本题结束
2018-09-25 00:54:27,459 - VBJDU18422021801 - DEBUG - 获取题目
2018-09-25 00:54:29,675 - VBJDU18422021801 - INFO - 第 5 题
2018-09-25 00:54:29,951 - VBJDU18422021801 - INFO - “昨夜斗回北，今朝岁起东”出自哪首诗？
2018-09-25 00:54:30,878 - VBJDU18422021801 - INFO - A.《田家元日》 B.《春晓》 C.《岁暮归南山》
2018-09-25 00:54:31,607 - VBJDU18422021801 - DEBUG - 在线检索答案
2018-09-25 00:54:31,608 - VBJDU18422021801 - INFO - 我的答案：《田家元日》
2018-09-25 00:54:32,190 - VBJDU18422021801 - DEBUG - 选择选项
2018-09-25 00:54:34,240 - VBJDU18422021801 - INFO - 答案正确
2018-09-25 00:54:34,241 - VBJDU18422021801 - DEBUG - 添加此题
2018-09-25 00:54:38,459 - VBJDU18422021801 - INFO - 本题结束
2018-09-25 00:54:39,647 - VBJDU18422021801 - INFO - 本场比赛结束
2018-09-25 00:54:39,747 - VBJDU18422021801 - INFO - 返回游戏页面
2018-09-25 00:54:41,412 - VBJDU18422021801 - INFO - 进入排位赛
2018-09-25 00:54:41,412 - VBJDU18422021801 - INFO - 正在匹配中......
2018-09-25 00:56:45,025 - VBJDU18422021801 - WARNING - 匹配失败
2018-09-25 00:56:45,094 - VBJDU18422021801 - INFO - 返回游戏页面
2018-09-25 00:56:46,767 - VBJDU18422021801 - INFO - 进入排位赛
2018-09-25 00:56:46,769 - VBJDU18422021801 - INFO - 正在匹配中......
2018-09-25 00:58:48,807 - VBJDU18422021801 - WARNING - 匹配失败
2018-09-25 00:58:48,910 - VBJDU18422021801 - INFO - 返回游戏页面
2018-09-25 00:58:50,482 - VBJDU18422021801 - INFO - 进入排位赛
2018-09-25 00:58:50,482 - VBJDU18422021801 - INFO - 正在匹配中......
2018-09-25 00:59:54,214 - VBJDU18422021801 - WARNING - 匹配失败
2018-09-25 00:59:54,333 - VBJDU18422021801 - INFO - 返回游戏页面
2018-09-25 00:59:55,928 - VBJDU18422021801 - INFO - 进入排位赛
2018-09-25 00:59:55,928 - VBJDU18422021801 - INFO - 正在匹配中......
2018-09-25 01:04:47,795 - VBJDU18422021801 - INFO - 匹配成功
2018-09-25 01:04:47,807 - VBJDU18422021801 - DEBUG - 获取题目
2018-09-25 01:04:48,335 - VBJDU18422021801 - INFO - 第 2 题
2018-09-25 01:04:48,551 - VBJDU18422021801 - INFO - 《冰雪奇缘》改编自哪部童话故事书中的故事？
2018-09-25 01:04:49,248 - VBJDU18422021801 - INFO - A.一千零一夜 B.伊索寓言 C.安徒生童话
2018-09-25 01:04:50,095 - VBJDU18422021801 - DEBUG - 在线检索答案
2018-09-25 01:04:50,095 - VBJDU18422021801 - INFO - 我的答案：安徒生童话
2018-09-25 01:04:50,719 - VBJDU18422021801 - DEBUG - 选择选项
2018-09-25 01:04:52,848 - VBJDU18422021801 - INFO - 答案正确
2018-09-25 01:04:52,849 - VBJDU18422021801 - DEBUG - 添加此题
2018-09-25 01:05:02,853 - VBJDU18422021801 - INFO - 本题结束
2018-09-25 01:05:02,854 - VBJDU18422021801 - DEBUG - 获取题目
2018-09-25 01:05:05,057 - VBJDU18422021801 - INFO - 第 3 题
2018-09-25 01:05:05,392 - VBJDU18422021801 - INFO - 2014年全球票房冠军，《变形金刚4》的影片名字是什么？
2018-09-25 01:05:06,280 - VBJDU18422021801 - INFO - A.月黑之时 B.绝迹重生 C.最后的骑士
2018-09-25 01:05:06,999 - VBJDU18422021801 - DEBUG - 在线检索答案
2018-09-25 01:05:06,999 - VBJDU18422021801 - INFO - 我的答案：绝迹重生
2018-09-25 01:05:07,560 - VBJDU18422021801 - DEBUG - 选择选项
2018-09-25 01:05:09,750 - VBJDU18422021801 - INFO - 答案正确
2018-09-25 01:05:09,751 - VBJDU18422021801 - DEBUG - 添加此题
2018-09-25 01:05:19,977 - VBJDU18422021801 - INFO - 本题结束
2018-09-25 01:05:19,977 - VBJDU18422021801 - DEBUG - 获取题目
2018-09-25 01:05:22,157 - VBJDU18422021801 - INFO - 第 4 题
2018-09-25 01:05:22,509 - VBJDU18422021801 - INFO - 我国航班号后两位数表示？
2018-09-25 01:05:23,501 - VBJDU18422021801 - INFO - A.航班型号 B.航班序号 C.航空公司
2018-09-25 01:05:24,150 - VBJDU18422021801 - DEBUG - 在线检索答案
2018-09-25 01:05:24,150 - VBJDU18422021801 - INFO - 我的答案：航空公司
2018-09-25 01:05:24,777 - VBJDU18422021801 - DEBUG - 选择选项
2018-09-25 01:05:26,849 - VBJDU18422021801 - INFO - 答案错误
2018-09-25 01:05:27,037 - VBJDU18422021801 - INFO - 正确答案；航班序号
2018-09-25 01:05:27,039 - VBJDU18422021801 - DEBUG - 添加此题
2018-09-25 01:05:37,306 - VBJDU18422021801 - INFO - 本题结束
2018-09-25 01:05:37,307 - VBJDU18422021801 - DEBUG - 获取题目
2018-09-25 01:05:39,282 - VBJDU18422021801 - INFO - 第 5 题
2018-09-25 01:05:39,590 - VBJDU18422021801 - INFO - 被称为人工智能之父的图灵是哪个国家的？
2018-09-25 01:05:40,497 - VBJDU18422021801 - INFO - A.法国 B.英国 C.德国
2018-09-25 01:05:41,195 - VBJDU18422021801 - DEBUG - 在线检索答案
2018-09-25 01:05:41,195 - VBJDU18422021801 - INFO - 我的答案：英国
2018-09-25 01:05:41,787 - VBJDU18422021801 - DEBUG - 选择选项
2018-09-25 01:05:43,878 - VBJDU18422021801 - INFO - 答案正确
2018-09-25 01:05:43,879 - VBJDU18422021801 - DEBUG - 添加此题
2018-09-25 02:20:00,563 - VBJDU18422021801 - INFO - 停止UC浏览器
2018-09-25 02:20:00,714 - VBJDU18422021801 - DEBUG - 返回主页面
2018-09-25 02:20:02,162 - VBJDU18422021801 - DEBUG - 打开UC浏览器
2018-09-25 02:20:04,564 - VBJDU18422021801 - DEBUG - 进入用户页面
2018-09-25 02:20:16,626 - VBJDU18422021801 - DEBUG - 进入游戏页面1
2018-09-25 02:20:17,868 - VBJDU18422021801 - DEBUG - 进入游戏页面2
2018-09-25 02:20:20,264 - VBJDU18422021801 - INFO - 选择游戏
2018-09-25 02:20:22,146 - VBJDU18422021801 - INFO - 进入排位赛
2018-09-25 02:20:22,188 - VBJDU18422021801 - INFO - 正在匹配中......
2018-09-25 02:22:25,505 - VBJDU18422021801 - WARNING - 匹配失败
2018-09-25 02:22:25,632 - VBJDU18422021801 - INFO - 返回游戏页面
2018-09-25 02:22:27,194 - VBJDU18422021801 - INFO - 进入排位赛
2018-09-25 02:22:27,903 - VBJDU18422021801 - INFO - 正在匹配中......
2018-09-25 02:25:52,112 - VBJDU18422021801 - WARNING - 匹配失败
2018-09-25 02:25:52,224 - VBJDU18422021801 - INFO - 返回游戏页面
2018-09-25 02:25:53,893 - VBJDU18422021801 - INFO - 进入排位赛
2018-09-25 02:25:53,893 - VBJDU18422021801 - INFO - 正在匹配中......
2018-09-25 02:29:35,122 - VBJDU18422021801 - WARNING - 匹配失败
2018-09-25 02:29:35,236 - VBJDU18422021801 - INFO - 返回游戏页面
2018-09-25 02:29:36,881 - VBJDU18422021801 - INFO - 进入排位赛
2018-09-25 02:29:36,881 - VBJDU18422021801 - INFO - 正在匹配中......
2018-09-25 10:14:31,508 - VBJDU18422021801 - INFO - 停止UC浏览器
2018-09-25 10:14:31,732 - VBJDU18422021801 - DEBUG - 返回主页面
2018-09-25 10:14:36,804 - VBJDU18422021801 - DEBUG - 打开UC浏览器
2018-09-25 10:14:42,886 - VBJDU18422021801 - WARNING - 进入用户页面失败
2018-09-25 10:14:53,188 - VBJDU18422021801 - WARNING - 进入排位赛失败
2018-09-25 10:14:53,421 - VBJDU18422021801 - INFO - 返回游戏页面
2018-09-25 10:15:05,523 - VBJDU18422021801 - WARNING - 进入排位赛失败
2018-09-25 10:15:10,378 - VBJDU18422021801 - INFO - 返回游戏页面
2018-09-25 10:15:17,256 - VBJDU18422021801 - INFO - 进入排位赛
2018-09-25 10:15:17,270 - VBJDU18422021801 - INFO - 正在匹配中......
2018-09-25 10:16:07,281 - VBJDU18422021801 - INFO - 匹配成功
2018-09-25 10:16:07,289 - VBJDU18422021801 - DEBUG - 获取题目
2018-09-25 10:16:12,345 - VBJDU18422021801 - INFO - 第 1 题
2018-09-25 10:16:13,005 - VBJDU18422021801 - INFO - 以下哪个品牌不是以创始人的名字命名的？
2018-09-25 10:16:16,715 - VBJDU18422021801 - INFO - A.赫莲娜 B.伊丽莎白·雅顿 C.倩碧
2018-09-25 10:16:17,502 - VBJDU18422021801 - DEBUG - 在线检索答案
2018-09-25 10:16:17,512 - VBJDU18422021801 - INFO - 我的答案：赫莲娜
2018-09-25 10:16:41,057 - VBJDU18422021801 - ERROR - -32002 Client error: <> data: , method: None
2018-09-25 10:16:41,071 - VBJDU18422021801 - DEBUG - 获取题目
2018-09-25 10:16:42,179 - VBJDU18422021801 - INFO - 第 3 题
2018-09-25 10:16:42,532 - VBJDU18422021801 - INFO - 对中国来说，太阳直射南回归线是24节气中的
2018-09-25 10:16:47,655 - VBJDU18422021801 - INFO - A.夏至 B.柏拉图 C.亚里士多德
2018-09-25 10:16:48,887 - VBJDU18422021801 - DEBUG - 在线检索答案
2018-09-25 10:16:48,894 - VBJDU18422021801 - INFO - 我的答案：夏至
2018-09-25 10:17:09,888 - VBJDU18422021801 - ERROR - -32002 Client error: <> data: , method: None
2018-09-25 10:17:09,903 - VBJDU18422021801 - DEBUG - 获取题目
2018-09-25 10:17:32,454 - VBJDU18422021801 - INFO - 停止UC浏览器
2018-09-25 10:17:32,610 - VBJDU18422021801 - DEBUG - 返回主页面
2018-09-25 10:17:33,530 - VBJDU18422021801 - DEBUG - 打开UC浏览器
2018-09-25 10:17:36,866 - VBJDU18422021801 - DEBUG - 进入用户页面
2018-09-25 10:19:36,233 - VBJDU18422021801 - INFO - 停止UC浏览器
2018-09-25 10:19:36,356 - VBJDU18422021801 - DEBUG - 返回主页面
2018-09-25 10:19:46,017 - VBJDU18422021801 - DEBUG - 打开UC浏览器
2018-09-25 10:19:48,555 - VBJDU18422021801 - DEBUG - 进入用户页面
2018-09-25 10:19:49,638 - VBJDU18422021801 - DEBUG - 进入游戏页面1
2018-09-25 10:19:51,817 - VBJDU18422021801 - DEBUG - 进入游戏页面2
2018-09-25 10:19:54,176 - VBJDU18422021801 - INFO - 选择游戏
2018-09-25 10:19:56,562 - VBJDU18422021801 - INFO - 进入排位赛
2018-09-25 10:19:56,567 - VBJDU18422021801 - INFO - 正在匹配中......
2018-09-25 10:20:30,387 - VBJDU18422021801 - INFO - 匹配成功
2018-09-25 10:20:30,392 - VBJDU18422021801 - DEBUG - 获取题目
2018-09-25 10:20:31,860 - VBJDU18422021801 - INFO - 第 1 题
2018-09-25 10:20:32,173 - VBJDU18422021801 - INFO - 方程2x-1=3x+2的解为
2018-09-25 10:20:33,162 - VBJDU18422021801 - INFO - A.x=-1 B.x=1 C.x=-3
2018-09-25 10:20:34,064 - VBJDU18422021801 - DEBUG - 在线检索答案
2018-09-25 10:20:34,647 - VBJDU18422021801 - INFO - 我的答案：x=-3
2018-09-25 10:20:35,294 - VBJDU18422021801 - DEBUG - 选择选项
2018-09-25 10:20:37,344 - VBJDU18422021801 - INFO - 答案正确
2018-09-25 10:20:37,376 - VBJDU18422021801 - DEBUG - 添加此题
2018-09-25 10:20:41,979 - VBJDU18422021801 - INFO - 本题结束
2018-09-25 10:20:41,979 - VBJDU18422021801 - DEBUG - 获取题目
2018-09-25 10:20:44,073 - VBJDU18422021801 - INFO - 第 2 题
2018-09-25 10:20:44,407 - VBJDU18422021801 - INFO - 《火影忍者》中长门拥有的瞳术是？
2018-09-25 10:20:45,330 - VBJDU18422021801 - INFO - A.白眼 B.写轮眼 C.轮回眼
2018-09-25 10:20:46,269 - VBJDU18422021801 - DEBUG - 在线检索答案
2018-09-25 10:20:46,269 - VBJDU18422021801 - INFO - 我的答案：轮回眼
2018-09-25 10:20:46,894 - VBJDU18422021801 - DEBUG - 选择选项
2018-09-25 10:20:49,024 - VBJDU18422021801 - INFO - 答案正确
2018-09-25 10:20:49,032 - VBJDU18422021801 - DEBUG - 添加此题
2018-09-25 10:20:51,948 - VBJDU18422021801 - INFO - 本题结束
2018-09-25 10:20:51,954 - VBJDU18422021801 - DEBUG - 获取题目
2018-09-25 10:20:54,348 - VBJDU18422021801 - INFO - 第 3 题
2018-09-25 10:20:54,662 - VBJDU18422021801 - INFO - 多瑙河是世界上流经国家最多的河流，它一共流经多少个国家吗？
2018-09-25 10:20:55,556 - VBJDU18422021801 - INFO - A.8个 B.9个 C.10个
2018-09-25 10:20:56,822 - VBJDU18422021801 - DEBUG - 未检索到答案
2018-09-25 10:20:56,822 - VBJDU18422021801 - INFO - 我的答案：8个
2018-09-25 10:20:57,485 - VBJDU18422021801 - DEBUG - 选择选项
2018-09-25 10:20:59,583 - VBJDU18422021801 - INFO - 答案错误
2018-09-25 10:20:59,712 - VBJDU18422021801 - INFO - 正确答案；9个
2018-09-25 10:20:59,716 - VBJDU18422021801 - DEBUG - 添加此题
2018-09-25 10:21:02,439 - VBJDU18422021801 - INFO - 本题结束
2018-09-25 10:21:02,443 - VBJDU18422021801 - DEBUG - 获取题目
2018-09-25 10:21:04,877 - VBJDU18422021801 - INFO - 第 4 题
2018-09-25 10:21:05,195 - VBJDU18422021801 - INFO - 南宋初，赵构定都南京应天府；其中“应天府”是现今的哪个地方？
2018-09-25 10:21:06,165 - VBJDU18422021801 - INFO - A.浙江杭州 B.安徽合肥 C.河南商丘
2018-09-25 10:21:07,464 - VBJDU18422021801 - DEBUG - 在线检索答案
2018-09-25 10:21:07,464 - VBJDU18422021801 - INFO - 我的答案：浙江杭州
2018-09-25 10:21:08,070 - VBJDU18422021801 - DEBUG - 选择选项
2018-09-25 10:21:10,118 - VBJDU18422021801 - INFO - 答案错误
2018-09-25 10:21:10,342 - VBJDU18422021801 - INFO - 正确答案；河南商丘
2018-09-25 10:21:10,345 - VBJDU18422021801 - DEBUG - 添加此题
2018-09-25 10:21:11,873 - VBJDU18422021801 - INFO - 本题结束
2018-09-25 10:21:11,875 - VBJDU18422021801 - DEBUG - 获取题目
2018-09-25 10:21:14,086 - VBJDU18422021801 - INFO - 第 5 题
2018-09-25 10:21:14,390 - VBJDU18422021801 - INFO - 以下名句中哪一句不是出自柳永的《望海潮》？
2018-09-25 10:21:15,370 - VBJDU18422021801 - INFO - A.钱塘自古繁华 B.参差十万人家 C.去年天气旧亭台
2018-09-25 10:21:16,985 - VBJDU18422021801 - DEBUG - 在线检索答案
2018-09-25 10:21:16,985 - VBJDU18422021801 - INFO - 我的答案：钱塘自古繁华
2018-09-25 10:21:17,619 - VBJDU18422021801 - DEBUG - 选择选项
2018-09-25 10:21:19,779 - VBJDU18422021801 - INFO - 答案错误
2018-09-25 10:21:20,122 - VBJDU18422021801 - INFO - 正确答案；去年天气旧亭台
2018-09-25 10:21:20,134 - VBJDU18422021801 - DEBUG - 添加此题
2018-09-25 10:21:22,622 - VBJDU18422021801 - INFO - 本题结束
2018-09-25 10:21:23,874 - VBJDU18422021801 - INFO - 本场比赛结束
2018-09-25 10:21:24,017 - VBJDU18422021801 - INFO - 返回游戏页面
2018-09-25 10:21:25,664 - VBJDU18422021801 - INFO - 进入排位赛
2018-09-25 10:21:25,675 - VBJDU18422021801 - INFO - 正在匹配中......
2018-09-25 10:21:47,943 - VBJDU18422021801 - INFO - 匹配成功
2018-09-25 10:21:47,952 - VBJDU18422021801 - DEBUG - 获取题目
2018-09-25 10:21:49,285 - VBJDU18422021801 - INFO - 第 1 题
2018-09-25 10:21:49,618 - VBJDU18422021801 - INFO - 古龙水的发明者是哪个国家的人？
2018-09-25 10:21:50,654 - VBJDU18422021801 - INFO - A.德国 B.法国 C.意大利
2018-09-25 10:21:51,426 - VBJDU18422021801 - DEBUG - 在线检索答案
2018-09-25 10:21:51,426 - VBJDU18422021801 - INFO - 我的答案：法国
2018-09-25 10:21:52,013 - VBJDU18422021801 - DEBUG - 选择选项
2018-09-25 10:21:54,165 - VBJDU18422021801 - INFO - 答案错误
2018-09-25 10:21:54,378 - VBJDU18422021801 - INFO - 正确答案；意大利
2018-09-25 10:21:54,394 - VBJDU18422021801 - DEBUG - 添加此题
2018-09-25 10:21:55,661 - VBJDU18422021801 - INFO - 本题结束
2018-09-25 10:21:55,663 - VBJDU18422021801 - DEBUG - 获取题目
2018-09-25 10:21:58,015 - VBJDU18422021801 - INFO - 第 2 题
2018-09-25 10:21:58,325 - VBJDU18422021801 - INFO - 亚里士多得研究天文学时认为除了水、火、气、土之外还有
2018-09-25 10:21:59,355 - VBJDU18422021801 - INFO - A.金 B.木 C.以太
2018-09-25 10:22:01,103 - VBJDU18422021801 - DEBUG - 在线检索答案
2018-09-25 10:22:01,103 - VBJDU18422021801 - INFO - 我的答案：以太
2018-09-25 10:22:01,790 - VBJDU18422021801 - DEBUG - 选择选项
2018-09-25 10:22:03,912 - VBJDU18422021801 - INFO - 答案正确
2018-09-25 10:22:03,915 - VBJDU18422021801 - DEBUG - 添加此题
2018-09-25 10:22:04,956 - VBJDU18422021801 - INFO - 本题结束
2018-09-25 10:22:04,956 - VBJDU18422021801 - DEBUG - 获取题目
2018-09-25 10:22:07,045 - VBJDU18422021801 - INFO - 第 3 题
2018-09-25 10:22:07,366 - VBJDU18422021801 - INFO - 元宵节最早可追溯到
2018-09-25 10:22:08,307 - VBJDU18422021801 - INFO - A.秦朝 B.西汉 C.三国
2018-09-25 10:22:08,694 - VBJDU18422021801 - DEBUG - 在线检索答案
2018-09-25 10:22:08,694 - VBJDU18422021801 - INFO - 我的答案：西汉
2018-09-25 10:22:09,361 - VBJDU18422021801 - DEBUG - 选择选项
2018-09-25 10:22:11,476 - VBJDU18422021801 - INFO - 答案错误
2018-09-25 10:22:11,775 - VBJDU18422021801 - INFO - 正确答案；三国
2018-09-25 10:22:11,779 - VBJDU18422021801 - DEBUG - 添加此题
2018-09-25 10:22:14,205 - VBJDU18422021801 - INFO - 本题结束
2018-09-25 10:22:14,213 - VBJDU18422021801 - DEBUG - 获取题目
2018-09-25 10:22:16,313 - VBJDU18422021801 - INFO - 第 4 题
2018-09-25 10:22:16,634 - VBJDU18422021801 - INFO - 罗马数字中的“Ⅸ”表示阿拉伯数字的多少？
2018-09-25 10:22:17,664 - VBJDU18422021801 - INFO - A.4 B.6 C.9
2018-09-25 10:22:17,681 - VBJDU18422021801 - DEBUG - 数据库中检索答案
2018-09-25 10:22:17,681 - VBJDU18422021801 - INFO - 我的答案：9
2018-09-25 10:22:18,337 - VBJDU18422021801 - DEBUG - 选择选项
2018-09-25 10:22:20,412 - VBJDU18422021801 - INFO - 答案正确
2018-09-25 10:22:21,851 - VBJDU18422021801 - INFO - 本题结束
2018-09-25 10:22:21,854 - VBJDU18422021801 - DEBUG - 获取题目
2018-09-25 10:22:24,052 - VBJDU18422021801 - INFO - 第 5 题
2018-09-25 10:22:24,379 - VBJDU18422021801 - INFO - 交响乐起源于哪个国家？
2018-09-25 10:22:25,267 - VBJDU18422021801 - INFO - A.英国 B.法国 C.希腊
2018-09-25 10:22:26,020 - VBJDU18422021801 - DEBUG - 在线检索答案
2018-09-25 10:22:26,020 - VBJDU18422021801 - INFO - 我的答案：希腊
2018-09-25 10:22:26,680 - VBJDU18422021801 - DEBUG - 选择选项
2018-09-25 10:22:28,809 - VBJDU18422021801 - INFO - 答案正确
2018-09-25 10:22:28,812 - VBJDU18422021801 - DEBUG - 添加此题
2018-09-25 10:22:32,094 - VBJDU18422021801 - INFO - 本题结束
2018-09-25 10:22:33,308 - VBJDU18422021801 - INFO - 本场比赛结束
2018-09-25 10:22:33,424 - VBJDU18422021801 - INFO - 返回游戏页面
2018-09-25 10:22:35,054 - VBJDU18422021801 - INFO - 进入排位赛
2018-09-25 10:22:35,062 - VBJDU18422021801 - INFO - 正在匹配中......
2018-09-25 10:24:03,645 - VBJDU18422021801 - INFO - 匹配成功
2018-09-25 10:24:03,645 - VBJDU18422021801 - DEBUG - 获取题目
2018-09-25 10:24:04,905 - VBJDU18422021801 - INFO - 第 1 题
2018-09-25 10:24:05,233 - VBJDU18422021801 - INFO - 以下哪一个不属于蔬菜类？
2018-09-25 10:24:06,229 - VBJDU18422021801 - INFO - A.水蜜桃 B.芹菜 C.西红柿
2018-09-25 10:24:07,907 - VBJDU18422021801 - DEBUG - 在线检索答案
2018-09-25 10:24:07,907 - VBJDU18422021801 - INFO - 我的答案：水蜜桃
2018-09-25 10:24:08,553 - VBJDU18422021801 - DEBUG - 选择选项
2018-09-25 10:24:10,633 - VBJDU18422021801 - INFO - 答案正确
2018-09-25 10:24:10,636 - VBJDU18422021801 - DEBUG - 添加此题
2018-09-25 10:24:11,579 - VBJDU18422021801 - INFO - 本题结束
2018-09-25 10:24:11,580 - VBJDU18422021801 - DEBUG - 获取题目
2018-09-25 10:24:13,624 - VBJDU18422021801 - INFO - 第 2 题
2018-09-25 10:24:13,954 - VBJDU18422021801 - INFO - 在游戏《雪人兄弟》中，两兄弟分别穿什么颜色的衣服？
2018-09-25 10:24:14,938 - VBJDU18422021801 - INFO - A.红、蓝 B.红、绿 C.蓝、绿
2018-09-25 10:24:14,991 - VBJDU18422021801 - DEBUG - 数据库中检索答案
2018-09-25 10:24:14,991 - VBJDU18422021801 - INFO - 我的答案：红、蓝
2018-09-25 10:24:15,589 - VBJDU18422021801 - DEBUG - 选择选项
2018-09-25 10:24:17,652 - VBJDU18422021801 - INFO - 答案正确
2018-09-25 10:24:20,340 - VBJDU18422021801 - INFO - 本题结束
2018-09-25 10:24:20,347 - VBJDU18422021801 - DEBUG - 获取题目
2018-09-25 10:24:22,541 - VBJDU18422021801 - INFO - 第 3 题
2018-09-25 10:24:22,869 - VBJDU18422021801 - INFO - 迪玛希在《歌手》第四期淘汰赛节目中，获得第三名所唱的歌名是什么？
2018-09-25 10:24:23,840 - VBJDU18422021801 - INFO - A.boyfriend B.一个忧伤者的求救 C.《秋意浓》
2018-09-25 10:24:24,784 - VBJDU18422021801 - DEBUG - 在线检索答案
2018-09-25 10:24:24,784 - VBJDU18422021801 - INFO - 我的答案：《秋意浓》
2018-09-25 10:24:25,432 - VBJDU18422021801 - DEBUG - 选择选项
2018-09-25 10:24:27,560 - VBJDU18422021801 - INFO - 答案正确
2018-09-25 10:24:27,568 - VBJDU18422021801 - DEBUG - 添加此题
2018-09-25 10:24:30,441 - VBJDU18422021801 - INFO - 本题结束
2018-09-25 10:24:30,442 - VBJDU18422021801 - DEBUG - 获取题目
2018-09-25 10:24:32,577 - VBJDU18422021801 - INFO - 第 4 题
2018-09-25 10:24:32,892 - VBJDU18422021801 - INFO - 译文为“上帝与我们同在”的字样出现在哪种货币上
2018-09-25 10:24:34,099 - VBJDU18422021801 - INFO - A.美元 B.日元 C.法郎
2018-09-25 10:24:34,148 - VBJDU18422021801 - DEBUG - 数据库中检索答案
2018-09-25 10:24:34,148 - VBJDU18422021801 - INFO - 我的答案：美元
2018-09-25 10:24:34,822 - VBJDU18422021801 - DEBUG - 选择选项
2018-09-25 10:24:36,972 - VBJDU18422021801 - INFO - 答案正确
2018-09-25 10:24:37,880 - VBJDU18422021801 - INFO - 本题结束
2018-09-25 10:24:37,880 - VBJDU18422021801 - DEBUG - 获取题目
2018-09-25 10:24:39,955 - VBJDU18422021801 - INFO - 第 5 题
2018-09-25 10:24:40,277 - VBJDU18422021801 - INFO - 以下哪个节气在白露之前？
2018-09-25 10:24:41,249 - VBJDU18422021801 - INFO - A.小雪 B.处暑 C.芒种
2018-09-25 10:24:41,300 - VBJDU18422021801 - DEBUG - 数据库中检索答案
2018-09-25 10:24:41,300 - VBJDU18422021801 - INFO - 我的答案：处暑
2018-09-25 10:24:41,854 - VBJDU18422021801 - DEBUG - 选择选项
2018-09-25 10:24:43,990 - VBJDU18422021801 - INFO - 答案正确
2018-09-25 10:24:48,408 - VBJDU18422021801 - INFO - 本题结束
2018-09-25 10:24:49,596 - VBJDU18422021801 - INFO - 本场比赛结束
2018-09-25 10:24:49,698 - VBJDU18422021801 - INFO - 返回游戏页面
2018-09-25 10:24:51,449 - VBJDU18422021801 - INFO - 进入排位赛
2018-09-25 10:24:51,461 - VBJDU18422021801 - INFO - 正在匹配中......
2018-09-25 10:25:43,638 - VBJDU18422021801 - INFO - 匹配成功
2018-09-25 10:25:43,642 - VBJDU18422021801 - DEBUG - 获取题目
2018-09-25 10:25:45,020 - VBJDU18422021801 - INFO - 第 1 题
2018-09-25 10:25:45,360 - VBJDU18422021801 - INFO - 巴塞罗那球员拉基蒂奇是哪国人？
2018-09-25 10:25:46,320 - VBJDU18422021801 - INFO - A.罗马尼亚 B.克罗地亚 C.斯洛文尼亚
2018-09-25 10:25:47,660 - VBJDU18422021801 - DEBUG - 在线检索答案
2018-09-25 10:25:48,386 - VBJDU18422021801 - INFO - 我的答案：克罗地亚
2018-09-25 10:25:49,060 - VBJDU18422021801 - DEBUG - 选择选项
2018-09-25 10:25:51,128 - VBJDU18422021801 - INFO - 答案正确
2018-09-25 10:25:51,134 - VBJDU18422021801 - DEBUG - 添加此题
2018-09-25 10:25:51,970 - VBJDU18422021801 - INFO - 本题结束
2018-09-25 10:25:51,972 - VBJDU18422021801 - DEBUG - 获取题目
2018-09-25 10:25:54,286 - VBJDU18422021801 - INFO - 第 2 题
2018-09-25 10:25:54,596 - VBJDU18422021801 - INFO - “还似花间见，双双对对飞”描写的是什么？
2018-09-25 10:25:55,596 - VBJDU18422021801 - INFO - A.玉兔 B.龙 C.蝴蝶
2018-09-25 10:25:56,860 - VBJDU18422021801 - DEBUG - 在线检索答案
2018-09-25 10:25:56,860 - VBJDU18422021801 - INFO - 我的答案：蝴蝶
2018-09-25 10:25:57,494 - VBJDU18422021801 - DEBUG - 选择选项
2018-09-25 10:25:59,636 - VBJDU18422021801 - INFO - 答案正确
2018-09-25 10:25:59,640 - VBJDU18422021801 - DEBUG - 添加此题
2018-09-25 10:26:00,677 - VBJDU18422021801 - INFO - 本题结束
2018-09-25 10:26:00,677 - VBJDU18422021801 - DEBUG - 获取题目
2018-09-25 10:26:03,044 - VBJDU18422021801 - INFO - 第 3 题
2018-09-25 10:26:03,336 - VBJDU18422021801 - INFO - 以下哪种食物富含微量元素碘？
2018-09-25 10:26:04,202 - VBJDU18422021801 - INFO - A.巧克力 B.海带 C.胡萝卜
2018-09-25 10:26:05,044 - VBJDU18422021801 - DEBUG - 在线检索答案
2018-09-25 10:26:05,044 - VBJDU18422021801 - INFO - 我的答案：海带
2018-09-25 10:26:05,709 - VBJDU18422021801 - DEBUG - 选择选项
2018-09-25 10:26:07,990 - VBJDU18422021801 - INFO - 答案正确
2018-09-25 10:26:07,994 - VBJDU18422021801 - DEBUG - 添加此题
2018-09-25 10:26:08,671 - VBJDU18422021801 - INFO - 本题结束
2018-09-25 10:26:08,672 - VBJDU18422021801 - DEBUG - 获取题目
2018-09-25 10:26:11,008 - VBJDU18422021801 - INFO - 第 4 题
2018-09-25 10:26:11,359 - VBJDU18422021801 - INFO - 宋代李之仪《卜算子》中“日日思君不见君”的下一句是什么？
2018-09-25 10:26:12,398 - VBJDU18422021801 - INFO - A.风雨送春归 B.她在丛中笑 C.共饮长江水
2018-09-25 10:26:12,442 - VBJDU18422021801 - DEBUG - 数据库中检索答案
2018-09-25 10:26:12,442 - VBJDU18422021801 - INFO - 我的答案：共饮长江水
2018-09-25 10:26:13,065 - VBJDU18422021801 - DEBUG - 选择选项
2018-09-25 10:26:15,148 - VBJDU18422021801 - INFO - 答案正确
2018-09-25 10:26:16,186 - VBJDU18422021801 - INFO - 本题结束
2018-09-25 10:26:16,188 - VBJDU18422021801 - DEBUG - 获取题目
2018-09-25 10:26:18,458 - VBJDU18422021801 - INFO - 第 5 题
2018-09-25 10:26:18,775 - VBJDU18422021801 - INFO - 以下哪种调味品被西方人称为“液体黄金”？
2018-09-25 10:26:19,727 - VBJDU18422021801 - INFO - A.李派林喼汁 B.意大利黑醋 C.橄榄油
2018-09-25 10:26:20,716 - VBJDU18422021801 - DEBUG - 在线检索答案
2018-09-25 10:26:20,716 - VBJDU18422021801 - INFO - 我的答案：橄榄油
2018-09-25 10:26:21,369 - VBJDU18422021801 - DEBUG - 选择选项
2018-09-25 10:26:23,449 - VBJDU18422021801 - INFO - 答案正确
2018-09-25 10:26:23,455 - VBJDU18422021801 - DEBUG - 添加此题
2018-09-25 10:26:24,240 - VBJDU18422021801 - INFO - 本题结束
2018-09-25 10:26:25,493 - VBJDU18422021801 - INFO - 本场比赛结束
2018-09-25 10:26:25,607 - VBJDU18422021801 - INFO - 返回游戏页面
2018-09-25 10:26:27,249 - VBJDU18422021801 - INFO - 进入排位赛
2018-09-25 10:26:27,249 - VBJDU18422021801 - INFO - 正在匹配中......
2018-09-25 10:26:30,556 - VBJDU18422021801 - INFO - 匹配成功
2018-09-25 10:26:30,560 - VBJDU18422021801 - DEBUG - 获取题目
2018-09-25 10:26:31,895 - VBJDU18422021801 - INFO - 第 1 题
2018-09-25 10:26:32,157 - VBJDU18422021801 - INFO - “天生我材必有用，千金散尽还复来”是出自？
2018-09-25 10:26:33,052 - VBJDU18422021801 - INFO - A.《梦游天姥吟留别》 B.《将进酒》 C.《蜀道难》
2018-09-25 10:26:34,356 - VBJDU18422021801 - DEBUG - 在线检索答案
2018-09-25 10:26:34,356 - VBJDU18422021801 - INFO - 我的答案：《将进酒》
2018-09-25 10:26:35,135 - VBJDU18422021801 - DEBUG - 选择选项
2018-09-25 10:26:37,186 - VBJDU18422021801 - INFO - 答案正确
2018-09-25 10:26:37,191 - VBJDU18422021801 - DEBUG - 添加此题
2018-09-25 10:26:38,275 - VBJDU18422021801 - INFO - 本题结束
2018-09-25 10:26:38,280 - VBJDU18422021801 - DEBUG - 获取题目
2018-09-25 10:26:40,607 - VBJDU18422021801 - INFO - 第 2 题
2018-09-25 10:26:40,909 - VBJDU18422021801 - INFO - 87版《红楼梦》的林黛玉是谁饰演的？
2018-09-25 10:26:41,784 - VBJDU18422021801 - INFO - A.蒋梦婕 B.陈晓旭 C.李沁
2018-09-25 10:26:43,277 - VBJDU18422021801 - DEBUG - 在线检索答案
2018-09-25 10:26:43,277 - VBJDU18422021801 - INFO - 我的答案：陈晓旭
2018-09-25 10:26:43,936 - VBJDU18422021801 - DEBUG - 选择选项
2018-09-25 10:26:46,036 - VBJDU18422021801 - INFO - 答案正确
2018-09-25 10:26:46,041 - VBJDU18422021801 - DEBUG - 添加此题
2018-09-25 10:26:46,958 - VBJDU18422021801 - INFO - 本题结束
2018-09-25 10:26:46,961 - VBJDU18422021801 - DEBUG - 获取题目
2018-09-25 10:26:49,142 - VBJDU18422021801 - INFO - 第 3 题
2018-09-25 10:26:49,427 - VBJDU18422021801 - INFO - 以下哪一个驱逐舰是满载排水量最大的“宙斯盾”战舰？
2018-09-25 10:26:50,376 - VBJDU18422021801 - INFO - A.“爱宕”级驱逐舰 B.“世宗大王”级驱逐舰 C.“无畏”级驱逐舰
2018-09-25 10:26:51,648 - VBJDU18422021801 - DEBUG - 在线检索答案
2018-09-25 10:26:51,648 - VBJDU18422021801 - INFO - 我的答案：“爱宕”级驱逐舰
2018-09-25 10:26:52,292 - VBJDU18422021801 - DEBUG - 选择选项
2018-09-25 10:26:54,362 - VBJDU18422021801 - INFO - 答案错误
2018-09-25 10:26:54,493 - VBJDU18422021801 - INFO - 正确答案；“世宗大王”级驱逐舰
2018-09-25 10:26:54,495 - VBJDU18422021801 - DEBUG - 添加此题
2018-09-25 10:26:57,016 - VBJDU18422021801 - INFO - 本题结束
2018-09-25 10:26:57,018 - VBJDU18422021801 - DEBUG - 获取题目
2018-09-25 10:26:59,287 - VBJDU18422021801 - INFO - 第 4 题
2018-09-25 10:26:59,559 - VBJDU18422021801 - INFO - “弃我去者，昨日之日不可留”是谁的名句？
2018-09-25 10:27:00,485 - VBJDU18422021801 - INFO - A.龚自珍 B.杜牧 C.李白
2018-09-25 10:27:03,023 - VBJDU18422021801 - DEBUG - 在线检索答案
2018-09-25 10:27:03,023 - VBJDU18422021801 - INFO - 我的答案：龚自珍
2018-09-25 10:27:03,810 - VBJDU18422021801 - DEBUG - 选择选项
2018-09-25 10:27:05,880 - VBJDU18422021801 - INFO - 答案错误
2018-09-25 10:27:06,120 - VBJDU18422021801 - INFO - 正确答案；李白
2018-09-25 10:27:06,123 - VBJDU18422021801 - DEBUG - 添加此题
2018-09-25 10:27:06,704 - VBJDU18422021801 - INFO - 本题结束
2018-09-25 10:27:06,705 - VBJDU18422021801 - DEBUG - 获取题目
2018-09-25 10:27:09,040 - VBJDU18422021801 - INFO - 第 5 题
2018-09-25 10:27:09,350 - VBJDU18422021801 - INFO - 第一个在太空漫步的人是以下哪个？
2018-09-25 10:27:10,328 - VBJDU18422021801 - INFO - A.列昂诺夫 B.巴兹·奥尔德林 C.兰斯·阿姆斯特朗
2018-09-25 10:27:11,194 - VBJDU18422021801 - DEBUG - 在线检索答案
2018-09-25 10:27:11,194 - VBJDU18422021801 - INFO - 我的答案：列昂诺夫
2018-09-25 10:27:11,792 - VBJDU18422021801 - DEBUG - 选择选项
2018-09-25 10:27:13,893 - VBJDU18422021801 - INFO - 答案正确
2018-09-25 10:27:13,897 - VBJDU18422021801 - DEBUG - 添加此题
2018-09-25 10:27:15,172 - VBJDU18422021801 - INFO - 本题结束
2018-09-25 10:27:16,332 - VBJDU18422021801 - INFO - 本场比赛结束
2018-09-25 10:27:16,385 - VBJDU18422021801 - INFO - 返回游戏页面
2018-09-25 10:27:18,004 - VBJDU18422021801 - INFO - 进入排位赛
2018-09-25 10:27:18,006 - VBJDU18422021801 - INFO - 正在匹配中......
2018-09-25 10:29:20,542 - VBJDU18422021801 - WARNING - 匹配失败
2018-09-25 10:29:20,649 - VBJDU18422021801 - INFO - 返回游戏页面
2018-09-25 10:29:22,244 - VBJDU18422021801 - INFO - 进入排位赛
2018-09-25 10:29:22,248 - VBJDU18422021801 - INFO - 正在匹配中......
2018-09-25 10:29:58,453 - VBJDU18422021801 - INFO - 匹配成功
2018-09-25 10:29:58,454 - VBJDU18422021801 - DEBUG - 获取题目
2018-09-25 10:29:59,798 - VBJDU18422021801 - INFO - 第 1 题
2018-09-25 10:30:00,097 - VBJDU18422021801 - INFO - 以下哪位是电视节目《火星情报局 第三季》的嘉宾？
2018-09-25 10:30:01,062 - VBJDU18422021801 - INFO - A.赵雅芝 B.范冰冰 C.薛之谦
2018-09-25 10:30:01,113 - VBJDU18422021801 - DEBUG - 数据库中检索答案
2018-09-25 10:30:01,113 - VBJDU18422021801 - INFO - 我的答案：薛之谦
2018-09-25 10:30:01,730 - VBJDU18422021801 - DEBUG - 选择选项
2018-09-25 10:30:03,750 - VBJDU18422021801 - INFO - 答案正确
2018-09-25 10:30:14,361 - VBJDU18422021801 - INFO - 本题结束
2018-09-25 10:30:14,363 - VBJDU18422021801 - DEBUG - 获取题目
2018-09-25 10:30:16,563 - VBJDU18422021801 - INFO - 第 2 题
2018-09-25 10:30:16,873 - VBJDU18422021801 - INFO - 演员袁咏仪的丈夫是谁？
2018-09-25 10:30:17,824 - VBJDU18422021801 - INFO - A.刘恺威 B.张智霖 C.张卫健
2018-09-25 10:30:19,134 - VBJDU18422021801 - DEBUG - 在线检索答案
2018-09-25 10:30:19,135 - VBJDU18422021801 - INFO - 我的答案：张智霖
2018-09-25 10:30:19,792 - VBJDU18422021801 - DEBUG - 选择选项
2018-09-25 10:30:21,877 - VBJDU18422021801 - INFO - 答案正确
2018-09-25 10:30:21,881 - VBJDU18422021801 - DEBUG - 添加此题
2018-09-25 10:30:31,469 - VBJDU18422021801 - INFO - 本题结束
2018-09-25 10:30:31,472 - VBJDU18422021801 - DEBUG - 获取题目
2018-09-25 10:30:33,769 - VBJDU18422021801 - INFO - 第 3 题
2018-09-25 10:30:34,054 - VBJDU18422021801 - INFO - 董明珠曾担任哪家公司的总裁？
2018-09-25 10:30:34,995 - VBJDU18422021801 - INFO - A.美的集团 B.格力集团 C.长虹集团
2018-09-25 10:30:36,539 - VBJDU18422021801 - DEBUG - 在线检索答案
2018-09-25 10:30:36,539 - VBJDU18422021801 - INFO - 我的答案：格力集团
2018-09-25 10:30:37,164 - VBJDU18422021801 - DEBUG - 选择选项
2018-09-25 10:30:39,218 - VBJDU18422021801 - INFO - 答案正确
2018-09-25 10:30:39,220 - VBJDU18422021801 - DEBUG - 添加此题
2018-09-25 10:30:48,542 - VBJDU18422021801 - INFO - 本题结束
2018-09-25 10:30:48,556 - VBJDU18422021801 - DEBUG - 获取题目
2018-09-25 10:30:50,819 - VBJDU18422021801 - INFO - 第 4 题
2018-09-25 10:30:51,092 - VBJDU18422021801 - INFO - 电视剧《北京青年》的片尾曲《存在》的演唱者是哪位内地男歌星？
2018-09-25 10:30:52,034 - VBJDU18422021801 - INFO - A.汪峰 B.崔健 C.周杰伦
2018-09-25 10:30:52,513 - VBJDU18422021801 - DEBUG - 在线检索答案
2018-09-25 10:30:52,513 - VBJDU18422021801 - INFO - 我的答案：汪峰
2018-09-25 10:30:53,121 - VBJDU18422021801 - DEBUG - 选择选项
2018-09-25 10:30:55,184 - VBJDU18422021801 - INFO - 答案正确
2018-09-25 10:30:55,198 - VBJDU18422021801 - DEBUG - 添加此题
2018-09-25 10:31:05,736 - VBJDU18422021801 - INFO - 本题结束
2018-09-25 10:31:05,751 - VBJDU18422021801 - DEBUG - 获取题目
2018-09-25 10:31:08,020 - VBJDU18422021801 - INFO - 第 5 题
2018-09-25 10:31:08,316 - VBJDU18422021801 - INFO - 用人单位因劳动者不能胜任工作而与其解除劳动合同，应怎么做？
2018-09-25 10:31:09,236 - VBJDU18422021801 - INFO - A.提前45日通知劳动者 B.提前30日通知劳动者 C.提前15日通知劳动者
2018-09-25 10:31:10,732 - VBJDU18422021801 - DEBUG - 在线检索答案
2018-09-25 10:31:10,732 - VBJDU18422021801 - INFO - 我的答案：提前45日通知劳动者
2018-09-25 10:31:11,413 - VBJDU18422021801 - DEBUG - 选择选项
2018-09-25 10:31:13,502 - VBJDU18422021801 - INFO - 答案错误
2018-09-25 10:31:13,610 - VBJDU18422021801 - INFO - 正确答案；提前30日通知劳动者
2018-09-25 10:31:13,614 - VBJDU18422021801 - DEBUG - 添加此题
2018-09-25 10:31:14,643 - VBJDU18422021801 - INFO - 本题结束
2018-09-25 10:31:15,843 - VBJDU18422021801 - INFO - 本场比赛结束
2018-09-25 10:31:15,897 - VBJDU18422021801 - INFO - 返回游戏页面
2018-09-25 10:31:17,489 - VBJDU18422021801 - INFO - 进入排位赛
2018-09-25 10:31:17,496 - VBJDU18422021801 - INFO - 正在匹配中......
2018-09-25 10:35:53,803 - VBJDU18422021801 - INFO - 停止UC浏览器
2018-09-25 10:35:53,858 - VBJDU18422021801 - DEBUG - 返回主页面
2018-09-25 10:35:55,247 - VBJDU18422021801 - DEBUG - 打开UC浏览器
2018-09-25 10:35:58,029 - VBJDU18422021801 - DEBUG - 进入用户页面
2018-09-25 10:35:59,076 - VBJDU18422021801 - DEBUG - 进入游戏页面1
2018-09-25 10:36:01,400 - VBJDU18422021801 - DEBUG - 进入游戏页面2
2018-09-25 10:36:03,830 - VBJDU18422021801 - INFO - 选择游戏
2018-09-25 10:36:06,344 - VBJDU18422021801 - INFO - 进入排位赛
2018-09-25 10:36:06,346 - VBJDU18422021801 - INFO - 正在匹配中......
2018-09-25 10:36:59,654 - VBJDU18422021801 - INFO - 匹配成功
2018-09-25 10:36:59,654 - VBJDU18422021801 - DEBUG - 获取题目
2018-09-25 10:37:00,392 - VBJDU18422021801 - INFO - 第 1 题
2018-09-25 10:37:00,691 - VBJDU18422021801 - INFO - 1964年奥运会是第一次来到什么洲？
2018-09-25 10:37:01,666 - VBJDU18422021801 - INFO - A.北美洲 B.拉丁美洲 C.亚洲
2018-09-25 10:37:03,012 - VBJDU18422021801 - DEBUG - 在线检索答案
2018-09-25 10:37:03,012 - VBJDU18422021801 - INFO - 我的答案：亚洲
2018-09-25 10:37:03,715 - VBJDU18422021801 - DEBUG - 选择选项
2018-09-25 10:37:05,827 - VBJDU18422021801 - INFO - 答案正确
2018-09-25 10:37:05,831 - VBJDU18422021801 - DEBUG - 添加此题
2018-09-25 10:37:07,204 - VBJDU18422021801 - INFO - 本题结束
2018-09-25 10:37:07,206 - VBJDU18422021801 - DEBUG - 获取题目
2018-09-25 10:37:09,583 - VBJDU18422021801 - INFO - 第 2 题
2018-09-25 10:37:09,889 - VBJDU18422021801 - INFO - 《平均律钢琴曲集》是下列哪位作曲家的作品？
2018-09-25 10:37:10,833 - VBJDU18422021801 - INFO - A.莫扎特 B.巴赫 C.海顿
2018-09-25 10:37:11,700 - VBJDU18422021801 - DEBUG - 在线检索答案
2018-09-25 10:37:11,700 - VBJDU18422021801 - INFO - 我的答案：巴赫
2018-09-25 10:37:12,331 - VBJDU18422021801 - DEBUG - 选择选项
2018-09-25 10:37:14,429 - VBJDU18422021801 - INFO - 答案正确
2018-09-25 10:37:14,443 - VBJDU18422021801 - DEBUG - 添加此题
2018-09-25 10:37:17,113 - VBJDU18422021801 - INFO - 本题结束
2018-09-25 10:37:17,125 - VBJDU18422021801 - DEBUG - 获取题目
2018-09-25 10:37:19,584 - VBJDU18422021801 - INFO - 第 3 题
2018-09-25 10:37:19,887 - VBJDU18422021801 - INFO - 清朝时的“盛京”是指今天的哪个地方？
2018-09-25 10:37:21,023 - VBJDU18422021801 - INFO - A.南京 B.沈阳 C.长春
2018-09-25 10:37:21,848 - VBJDU18422021801 - DEBUG - 在线检索答案
2018-09-25 10:37:21,848 - VBJDU18422021801 - INFO - 我的答案：沈阳
2018-09-25 10:37:22,520 - VBJDU18422021801 - DEBUG - 选择选项
2018-09-25 10:37:24,648 - VBJDU18422021801 - INFO - 答案正确
2018-09-25 10:37:24,651 - VBJDU18422021801 - DEBUG - 添加此题
2018-09-25 10:37:26,631 - VBJDU18422021801 - INFO - 本题结束
2018-09-25 10:37:26,631 - VBJDU18422021801 - DEBUG - 获取题目
2018-09-25 10:37:28,654 - VBJDU18422021801 - INFO - 第 4 题
2018-09-25 10:37:29,026 - VBJDU18422021801 - INFO - 以下哪项无后坐力反坦克武器来自于美国？
2018-09-25 10:37:29,954 - VBJDU18422021801 - INFO - A.RPG-7火箭筒 B.巴祖卡火箭筒 C.M2CG无后坐力炮
2018-09-25 10:37:31,257 - VBJDU18422021801 - DEBUG - 未检索到答案
2018-09-25 10:37:31,257 - VBJDU18422021801 - INFO - 我的答案：RPG-7火箭筒
2018-09-25 10:37:31,874 - VBJDU18422021801 - DEBUG - 选择选项
2018-09-25 10:37:33,967 - VBJDU18422021801 - INFO - 答案错误
2018-09-25 10:37:34,234 - VBJDU18422021801 - INFO - 正确答案；巴祖卡火箭筒
2018-09-25 10:37:34,239 - VBJDU18422021801 - DEBUG - 添加此题
2018-09-25 10:37:36,900 - VBJDU18422021801 - INFO - 本题结束
2018-09-25 10:37:36,901 - VBJDU18422021801 - DEBUG - 获取题目
2018-09-25 10:37:39,154 - VBJDU18422021801 - INFO - 第 5 题
2018-09-25 10:37:39,441 - VBJDU18422021801 - INFO - 企鹅反舰飞弹是西方世界第一款红外线导引飞弹，是由哪个国家制造的？
2018-09-25 10:37:40,464 - VBJDU18422021801 - INFO - A.美国 B.英国 C.挪威
2018-09-25 10:37:41,408 - VBJDU18422021801 - DEBUG - 在线检索答案
2018-09-25 10:37:41,408 - VBJDU18422021801 - INFO - 我的答案：挪威
2018-09-25 10:37:42,041 - VBJDU18422021801 - DEBUG - 选择选项
2018-09-25 10:37:44,149 - VBJDU18422021801 - INFO - 答案正确
2018-09-25 10:37:44,158 - VBJDU18422021801 - DEBUG - 添加此题
2018-09-25 10:37:46,844 - VBJDU18422021801 - INFO - 本题结束
2018-09-25 10:37:48,078 - VBJDU18422021801 - INFO - 本场比赛结束
2018-09-25 10:37:48,130 - VBJDU18422021801 - INFO - 返回游戏页面
2018-09-25 10:37:49,698 - VBJDU18422021801 - INFO - 进入排位赛
2018-09-25 10:37:49,698 - VBJDU18422021801 - INFO - 正在匹配中......
2018-09-25 10:39:54,613 - VBJDU18422021801 - WARNING - 匹配失败
2018-09-25 10:39:54,720 - VBJDU18422021801 - INFO - 返回游戏页面
2018-09-25 10:39:56,357 - VBJDU18422021801 - INFO - 进入排位赛
2018-09-25 10:39:56,357 - VBJDU18422021801 - INFO - 正在匹配中......
2018-09-25 10:49:12,188 - VBJDU18422021801 - INFO - 停止UC浏览器
2018-09-25 10:49:12,347 - VBJDU18422021801 - DEBUG - 返回主页面
2018-09-25 10:49:13,368 - VBJDU18422021801 - DEBUG - 打开UC浏览器
2018-09-25 10:49:15,758 - VBJDU18422021801 - DEBUG - 进入用户页面
2018-09-25 10:49:16,722 - VBJDU18422021801 - DEBUG - 进入游戏页面1
2018-09-25 10:49:18,958 - VBJDU18422021801 - DEBUG - 进入游戏页面2
2018-09-25 10:49:21,011 - VBJDU18422021801 - INFO - 选择游戏
2018-09-25 10:49:22,264 - VBJDU18422021801 - INFO - 进入排位赛
2018-09-25 10:49:22,272 - VBJDU18422021801 - INFO - 正在匹配中......
2018-09-25 10:49:39,592 - VBJDU18422021801 - INFO - 匹配成功
2018-09-25 10:49:39,593 - VBJDU18422021801 - DEBUG - 获取题目
2018-09-25 10:49:40,924 - VBJDU18422021801 - INFO - 第 1 题
2018-09-25 10:49:41,284 - VBJDU18422021801 - INFO - 汉字“廿”表示？
2018-09-25 10:49:42,376 - VBJDU18422021801 - INFO - A.二十 B.三十 C.四十
2018-09-25 10:49:44,667 - VBJDU18422021801 - DEBUG - 在线检索答案
2018-09-25 10:49:44,668 - VBJDU18422021801 - INFO - 我的答案：二十
2018-09-25 10:49:45,416 - VBJDU18422021801 - DEBUG - 选择选项
2018-09-25 10:49:47,513 - VBJDU18422021801 - INFO - 答案正确
2018-09-25 10:49:47,517 - VBJDU18422021801 - DEBUG - 添加此题
2018-09-25 10:49:48,547 - VBJDU18422021801 - INFO - 本题结束
2018-09-25 10:49:48,555 - VBJDU18422021801 - DEBUG - 获取题目
2018-09-25 10:49:50,644 - VBJDU18422021801 - INFO - 第 2 题
2018-09-25 10:49:50,974 - VBJDU18422021801 - INFO - 哪个星座是出生在10月24日-11月22日之间的？
2018-09-25 10:49:51,993 - VBJDU18422021801 - INFO - A.摩羯座 B.射手座 C.天蝎座
2018-09-25 10:49:52,005 - VBJDU18422021801 - DEBUG - 数据库中检索答案
2018-09-25 10:49:52,005 - VBJDU18422021801 - INFO - 我的答案：天蝎座
2018-09-25 10:49:52,620 - VBJDU18422021801 - DEBUG - 选择选项
2018-09-25 10:49:54,755 - VBJDU18422021801 - INFO - 答案正确
2018-09-25 10:49:58,536 - VBJDU18422021801 - INFO - 本题结束
2018-09-25 10:49:58,536 - VBJDU18422021801 - DEBUG - 获取题目
2018-09-25 10:50:00,713 - VBJDU18422021801 - INFO - 第 3 题
2018-09-25 10:50:01,045 - VBJDU18422021801 - INFO - 1913年创立于米兰的奢侈品服装品牌是下列哪一个？
2018-09-25 10:50:02,330 - VBJDU18422021801 - INFO - A.迪奥 B.华伦天奴 C.Prada
2018-09-25 10:50:02,390 - VBJDU18422021801 - DEBUG - 数据库中检索答案
2018-09-25 10:50:02,390 - VBJDU18422021801 - INFO - 我的答案：Prada
2018-09-25 10:50:03,029 - VBJDU18422021801 - DEBUG - 选择选项
2018-09-25 10:50:05,121 - VBJDU18422021801 - INFO - 答案正确
2018-09-25 10:50:09,041 - VBJDU18422021801 - INFO - 本题结束
2018-09-25 10:50:09,042 - VBJDU18422021801 - DEBUG - 获取题目
2018-09-25 10:50:11,483 - VBJDU18422021801 - INFO - 第 4 题
2018-09-25 10:50:11,785 - VBJDU18422021801 - INFO - 下面几种吃法对鸡蛋营养的吸收和消化率最高的是？
2018-09-25 10:50:12,757 - VBJDU18422021801 - INFO - A.蒸 B.煮 C.炒
2018-09-25 10:50:14,031 - VBJDU18422021801 - DEBUG - 在线检索答案
2018-09-25 10:50:14,032 - VBJDU18422021801 - INFO - 我的答案：煮
2018-09-25 10:50:14,688 - VBJDU18422021801 - DEBUG - 选择选项
2018-09-25 10:50:16,809 - VBJDU18422021801 - INFO - 答案正确
2018-09-25 10:50:16,812 - VBJDU18422021801 - DEBUG - 添加此题
2018-09-25 10:50:17,834 - VBJDU18422021801 - INFO - 本题结束
2018-09-25 10:50:17,835 - VBJDU18422021801 - DEBUG - 获取题目
2018-09-25 10:50:20,222 - VBJDU18422021801 - INFO - 第 5 题
2018-09-25 10:50:20,518 - VBJDU18422021801 - INFO - 孕前检查应该什么时候开始做？
2018-09-25 10:50:21,714 - VBJDU18422021801 - INFO - A.孕前3个月后 B.孕前3~6个月 C.孕前5~8个月
2018-09-25 10:50:23,164 - VBJDU18422021801 - DEBUG - 未检索到答案
2018-09-25 10:50:23,165 - VBJDU18422021801 - INFO - 我的答案：孕前3个月后
2018-09-25 10:50:23,801 - VBJDU18422021801 - DEBUG - 选择选项
2018-09-25 10:50:25,956 - VBJDU18422021801 - INFO - 答案错误
2018-09-25 10:50:26,126 - VBJDU18422021801 - INFO - 正确答案；孕前3~6个月
2018-09-25 10:50:26,130 - VBJDU18422021801 - DEBUG - 添加此题
2018-09-25 10:50:26,703 - VBJDU18422021801 - INFO - 本题结束
2018-09-25 10:50:27,909 - VBJDU18422021801 - INFO - 本场比赛结束
2018-09-25 10:50:28,045 - VBJDU18422021801 - INFO - 返回游戏页面
2018-09-25 10:50:29,749 - VBJDU18422021801 - INFO - 进入排位赛
2018-09-25 10:50:29,750 - VBJDU18422021801 - INFO - 正在匹配中......
2018-09-25 10:50:33,878 - VBJDU18422021801 - INFO - 匹配成功
2018-09-25 10:50:33,878 - VBJDU18422021801 - DEBUG - 获取题目
2018-09-25 10:50:35,278 - VBJDU18422021801 - INFO - 第 1 题
2018-09-25 10:50:35,575 - VBJDU18422021801 - INFO - 举世公认的最佳天文台选址是？
2018-09-25 10:50:36,571 - VBJDU18422021801 - INFO - A.阿尔卑斯山 B.莫纳克亚山 C.紫金山
2018-09-25 10:50:38,409 - VBJDU18422021801 - DEBUG - 在线检索答案
2018-09-25 10:50:38,409 - VBJDU18422021801 - INFO - 我的答案：莫纳克亚山
2018-09-25 10:50:39,007 - VBJDU18422021801 - DEBUG - 选择选项
2018-09-25 10:50:41,199 - VBJDU18422021801 - INFO - 答案正确
2018-09-25 10:50:41,202 - VBJDU18422021801 - DEBUG - 添加此题
2018-09-25 10:50:42,114 - VBJDU18422021801 - INFO - 本题结束
2018-09-25 10:50:42,116 - VBJDU18422021801 - DEBUG - 获取题目
2018-09-25 10:50:44,436 - VBJDU18422021801 - INFO - 第 2 题
2018-09-25 10:50:44,800 - VBJDU18422021801 - INFO - 华裔球星林书豪曾就读于哪所大学？
2018-09-25 10:50:45,953 - VBJDU18422021801 - INFO - A.斯坦福大学 B.密歇根州立大学 C.哈佛大学
2018-09-25 10:50:46,920 - VBJDU18422021801 - DEBUG - 在线检索答案
2018-09-25 10:50:46,921 - VBJDU18422021801 - INFO - 我的答案：哈佛大学
2018-09-25 10:50:47,615 - VBJDU18422021801 - DEBUG - 选择选项
2018-09-25 10:50:49,755 - VBJDU18422021801 - INFO - 答案正确
2018-09-25 10:50:49,757 - VBJDU18422021801 - DEBUG - 添加此题
2018-09-25 10:50:50,656 - VBJDU18422021801 - INFO - 本题结束
2018-09-25 10:50:50,657 - VBJDU18422021801 - DEBUG - 获取题目
2018-09-25 10:50:53,083 - VBJDU18422021801 - INFO - 第 3 题
2018-09-25 10:50:53,451 - VBJDU18422021801 - INFO - 黄金分割律是谁发现的？
2018-09-25 10:50:54,616 - VBJDU18422021801 - INFO - A.亚里士多德 B.毕达哥拉斯 C.柏拉图
2018-09-25 10:50:54,716 - VBJDU18422021801 - DEBUG - 数据库中检索答案
2018-09-25 10:50:54,716 - VBJDU18422021801 - INFO - 我的答案：毕达哥拉斯
2018-09-25 10:50:55,332 - VBJDU18422021801 - DEBUG - 选择选项
2018-09-25 10:50:57,508 - VBJDU18422021801 - INFO - 答案正确
2018-09-25 11:35:07,935 - VBJDU18422021801 - INFO - 停止UC浏览器
2018-09-25 11:35:08,105 - VBJDU18422021801 - DEBUG - 返回主页面
2018-09-25 11:35:09,613 - VBJDU18422021801 - DEBUG - 打开UC浏览器
2018-09-25 11:35:12,346 - VBJDU18422021801 - DEBUG - 进入用户页面
2018-09-25 11:35:13,539 - VBJDU18422021801 - DEBUG - 进入游戏页面1
2018-09-25 11:35:15,830 - VBJDU18422021801 - DEBUG - 进入游戏页面2
2018-09-25 11:35:17,953 - VBJDU18422021801 - INFO - 选择游戏
2018-09-25 11:35:20,262 - VBJDU18422021801 - INFO - 进入排位赛
2018-09-25 11:35:20,264 - VBJDU18422021801 - INFO - 正在匹配中......
2018-09-25 11:38:15,410 - VBJDU18422021801 - INFO - 停止UC浏览器
2018-09-25 11:38:15,483 - VBJDU18422021801 - DEBUG - 返回主页面
2018-09-25 11:38:17,167 - VBJDU18422021801 - DEBUG - 打开UC浏览器
2018-09-25 11:38:19,983 - VBJDU18422021801 - DEBUG - 进入用户页面
2018-09-25 11:38:21,182 - VBJDU18422021801 - DEBUG - 进入游戏页面1
2018-09-25 11:38:23,643 - VBJDU18422021801 - DEBUG - 进入游戏页面2
2018-09-25 11:38:26,790 - VBJDU18422021801 - INFO - 选择游戏
2018-09-25 11:38:28,014 - VBJDU18422021801 - INFO - 进入排位赛
2018-09-25 11:38:28,016 - VBJDU18422021801 - INFO - 正在匹配中......
2018-09-25 11:38:31,184 - VBJDU18422021801 - INFO - 匹配成功
2018-09-25 11:38:31,185 - VBJDU18422021801 - DEBUG - 获取题目
2018-09-25 11:38:32,333 - VBJDU18422021801 - INFO - 第 4 题
2018-09-25 11:38:32,742 - VBJDU18422021801 - INFO - 第一个以中国人名字命名的体操动作叫什么？
2018-09-25 11:38:33,581 - VBJDU18422021801 - INFO - A.李宁正吊 B.月久空翻 C.马燕红下
2018-09-25 11:38:33,669 - VBJDU18422021801 - DEBUG - 数据库中检索答案
2018-09-25 11:38:33,669 - VBJDU18422021801 - INFO - 我的答案：马燕红下
2018-09-25 11:38:34,256 - VBJDU18422021801 - DEBUG - 选择选项
2018-09-25 11:38:36,322 - VBJDU18422021801 - INFO - 答案正确
2018-09-25 11:38:37,219 - VBJDU18422021801 - INFO - 本题结束
2018-09-25 11:38:37,219 - VBJDU18422021801 - DEBUG - 获取题目
2018-09-25 11:38:39,623 - VBJDU18422021801 - INFO - 第 5 题
2018-09-25 11:38:39,898 - VBJDU18422021801 - INFO - 以下哪位不是韩国组合EXO的成员？
2018-09-25 11:38:40,800 - VBJDU18422021801 - INFO - A.金珉锡 B.边伯贤 C.金泰亨
2018-09-25 11:38:40,843 - VBJDU18422021801 - DEBUG - 数据库中检索答案
2018-09-25 11:38:40,843 - VBJDU18422021801 - INFO - 我的答案：金泰亨
2018-09-25 11:38:41,425 - VBJDU18422021801 - DEBUG - 选择选项
2018-09-25 11:38:43,519 - VBJDU18422021801 - INFO - 答案正确
2018-09-25 11:38:47,384 - VBJDU18422021801 - INFO - 本题结束
2018-09-25 11:38:48,575 - VBJDU18422021801 - INFO - 本场比赛结束
2018-09-25 11:38:48,620 - VBJDU18422021801 - INFO - 返回游戏页面
2018-09-25 11:38:50,248 - VBJDU18422021801 - INFO - 进入排位赛
2018-09-25 11:38:50,248 - VBJDU18422021801 - INFO - 正在匹配中......
2018-09-25 11:40:51,994 - VBJDU18422021801 - WARNING - 匹配失败
2018-09-25 11:40:52,095 - VBJDU18422021801 - INFO - 返回游戏页面
2018-09-25 11:40:53,720 - VBJDU18422021801 - INFO - 进入排位赛
2018-09-25 11:40:53,720 - VBJDU18422021801 - INFO - 正在匹配中......
2018-09-25 11:42:37,648 - VBJDU18422021801 - WARNING - 匹配失败
2018-09-25 11:42:37,755 - VBJDU18422021801 - INFO - 返回游戏页面
2018-09-25 11:42:39,377 - VBJDU18422021801 - INFO - 进入排位赛
2018-09-25 11:42:39,378 - VBJDU18422021801 - INFO - 正在匹配中......
2018-09-25 11:43:12,931 - VBJDU18422021801 - INFO - 匹配成功
2018-09-25 11:43:12,986 - VBJDU18422021801 - DEBUG - 获取题目
2018-09-25 11:43:14,311 - VBJDU18422021801 - INFO - 第 1 题
2018-09-25 11:43:14,613 - VBJDU18422021801 - INFO - 城区气温高于郊区气温的现象在地理学上被称作什么效应？
2018-09-25 11:43:15,515 - VBJDU18422021801 - INFO - A.蝴蝶效应 B.热岛效应 C.温室效应
2018-09-25 11:43:15,535 - VBJDU18422021801 - DEBUG - 数据库中检索答案
2018-09-25 11:43:15,535 - VBJDU18422021801 - INFO - 我的答案：热岛效应
2018-09-25 11:43:16,185 - VBJDU18422021801 - DEBUG - 选择选项
2018-09-25 11:43:18,265 - VBJDU18422021801 - INFO - 答案正确
2018-09-25 11:43:23,972 - VBJDU18422021801 - INFO - 本题结束
2018-09-25 11:43:23,974 - VBJDU18422021801 - DEBUG - 获取题目
2018-09-25 11:43:26,249 - VBJDU18422021801 - INFO - 第 2 题
2018-09-25 11:43:26,826 - VBJDU18422021801 - INFO - 《一级谋杀》是哪国的电影
2018-09-25 11:43:27,860 - VBJDU18422021801 - INFO - A.美国 B.德国 C.英国
2018-09-25 11:43:28,803 - VBJDU18422021801 - DEBUG - 在线检索答案
2018-09-25 11:43:28,803 - VBJDU18422021801 - INFO - 我的答案：美国
2018-09-25 11:43:29,487 - VBJDU18422021801 - DEBUG - 选择选项
2018-09-25 11:43:31,591 - VBJDU18422021801 - INFO - 答案正确
2018-09-25 11:43:31,600 - VBJDU18422021801 - DEBUG - 添加此题
2018-09-25 11:43:32,392 - VBJDU18422021801 - INFO - 本题结束
2018-09-25 11:43:32,396 - VBJDU18422021801 - DEBUG - 获取题目
2018-09-25 11:43:34,638 - VBJDU18422021801 - INFO - 第 3 题
2018-09-25 11:43:34,962 - VBJDU18422021801 - INFO - 名著《伊索寓言》何时传入的我国？
2018-09-25 11:43:35,932 - VBJDU18422021801 - INFO - A.明代 B.民国时期 C.唐代
2018-09-25 11:43:35,976 - VBJDU18422021801 - DEBUG - 数据库中检索答案
2018-09-25 11:43:35,976 - VBJDU18422021801 - INFO - 我的答案：明代
2018-09-25 11:43:36,644 - VBJDU18422021801 - DEBUG - 选择选项
2018-09-25 11:43:38,664 - VBJDU18422021801 - INFO - 答案正确
2018-09-25 11:43:39,944 - VBJDU18422021801 - INFO - 本题结束
2018-09-25 11:43:39,945 - VBJDU18422021801 - DEBUG - 获取题目
2018-09-25 11:43:42,205 - VBJDU18422021801 - INFO - 第 4 题
2018-09-25 11:43:42,563 - VBJDU18422021801 - INFO - 从1数到100，读出了多少个9?
2018-09-25 11:43:43,523 - VBJDU18422021801 - INFO - A.19 B.20 C.21
2018-09-25 11:43:44,725 - VBJDU18422021801 - DEBUG - 在线检索答案
2018-09-25 11:43:44,725 - VBJDU18422021801 - INFO - 我的答案：20
2018-09-25 11:43:45,443 - VBJDU18422021801 - DEBUG - 选择选项
2018-09-25 11:43:47,546 - VBJDU18422021801 - INFO - 答案正确
2018-09-25 11:43:47,552 - VBJDU18422021801 - DEBUG - 添加此题
2018-09-25 11:43:48,275 - VBJDU18422021801 - INFO - 本题结束
2018-09-25 11:43:48,292 - VBJDU18422021801 - DEBUG - 获取题目
2018-09-25 11:43:50,636 - VBJDU18422021801 - INFO - 第 5 题
2018-09-25 11:43:50,993 - VBJDU18422021801 - INFO - 缺乏什么物质会导致婴儿体格和智力发育迟缓、智力低下 ？
2018-09-25 11:43:52,056 - VBJDU18422021801 - INFO - A.碘 B.维生素D C.叶酸
2018-09-25 11:43:52,095 - VBJDU18422021801 - DEBUG - 数据库中检索答案
2018-09-25 11:43:52,095 - VBJDU18422021801 - INFO - 我的答案：碘
2018-09-25 11:43:52,716 - VBJDU18422021801 - DEBUG - 选择选项
2018-09-25 11:43:54,763 - VBJDU18422021801 - INFO - 答案正确
2018-09-25 11:43:57,686 - VBJDU18422021801 - INFO - 本题结束
2018-09-25 11:43:58,853 - VBJDU18422021801 - INFO - 本场比赛结束
2018-09-25 11:43:58,966 - VBJDU18422021801 - INFO - 返回游戏页面
2018-09-25 11:44:00,609 - VBJDU18422021801 - INFO - 进入排位赛
2018-09-25 11:44:00,617 - VBJDU18422021801 - INFO - 正在匹配中......
2018-09-25 11:45:03,314 - VBJDU18422021801 - INFO - 匹配成功
2018-09-25 11:45:03,324 - VBJDU18422021801 - DEBUG - 获取题目
2018-09-25 11:45:04,679 - VBJDU18422021801 - INFO - 第 1 题
2018-09-25 11:45:04,977 - VBJDU18422021801 - INFO - 小说《包法利夫人》的作者____被誉为西方现代小说的奠基者。
2018-09-25 11:45:06,078 - VBJDU18422021801 - INFO - A.雨果 B.大仲马 C.福楼拜
2018-09-25 11:45:07,685 - VBJDU18422021801 - DEBUG - 在线检索答案
2018-09-25 11:45:07,685 - VBJDU18422021801 - INFO - 我的答案：福楼拜
2018-09-25 11:45:08,313 - VBJDU18422021801 - DEBUG - 选择选项
2018-09-25 11:45:10,953 - VBJDU18422021801 - INFO - 答案正确
2018-09-25 11:45:10,959 - VBJDU18422021801 - DEBUG - 添加此题
2018-09-25 11:45:19,075 - VBJDU18422021801 - INFO - 本题结束
2018-09-25 11:45:19,085 - VBJDU18422021801 - DEBUG - 获取题目
2018-09-25 11:45:21,377 - VBJDU18422021801 - INFO - 第 2 题
2018-09-25 11:45:21,695 - VBJDU18422021801 - INFO - 下列哪个汽车品牌不是日本品牌？
2018-09-25 11:45:22,756 - VBJDU18422021801 - INFO - A.本田 B.雪铁龙 C.丰田
2018-09-25 11:45:25,379 - VBJDU18422021801 - DEBUG - 在线检索答案
2018-09-25 11:45:25,379 - VBJDU18422021801 - INFO - 我的答案：雪铁龙
2018-09-25 11:45:26,063 - VBJDU18422021801 - DEBUG - 选择选项
2018-09-25 11:45:28,094 - VBJDU18422021801 - INFO - 答案正确
2018-09-25 11:45:28,099 - VBJDU18422021801 - DEBUG - 添加此题
2018-09-25 11:45:36,253 - VBJDU18422021801 - INFO - 本题结束
2018-09-25 11:45:36,254 - VBJDU18422021801 - DEBUG - 获取题目
2018-09-25 11:45:38,464 - VBJDU18422021801 - INFO - 第 3 题
2018-09-25 11:45:38,800 - VBJDU18422021801 - INFO - 带有蛋白质编码的什么片段称为基因？
2018-09-25 11:45:39,852 - VBJDU18422021801 - INFO - A.DNA B.RNA C.CNA
2018-09-25 11:45:41,077 - VBJDU18422021801 - DEBUG - 在线检索答案
2018-09-25 11:45:41,077 - VBJDU18422021801 - INFO - 我的答案：DNA
2018-09-25 11:45:41,776 - VBJDU18422021801 - DEBUG - 选择选项
2018-09-25 11:45:43,800 - VBJDU18422021801 - INFO - 答案正确
2018-09-25 11:45:43,804 - VBJDU18422021801 - DEBUG - 添加此题
2018-09-25 11:45:53,354 - VBJDU18422021801 - INFO - 本题结束
2018-09-25 11:45:53,355 - VBJDU18422021801 - DEBUG - 获取题目
2018-09-25 11:45:55,445 - VBJDU18422021801 - INFO - 第 4 题
2018-09-25 11:45:55,721 - VBJDU18422021801 - INFO - 民间相传，下地狱前过奈何桥时要喝什么汤？
2018-09-25 11:45:56,611 - VBJDU18422021801 - INFO - A.忘情汤 B.迷魂汤 C.孟婆汤
2018-09-25 11:45:57,564 - VBJDU18422021801 - DEBUG - 在线检索答案
2018-09-25 11:45:57,564 - VBJDU18422021801 - INFO - 我的答案：孟婆汤
2018-09-25 11:45:58,229 - VBJDU18422021801 - DEBUG - 选择选项
2018-09-25 11:46:00,255 - VBJDU18422021801 - INFO - 答案正确
2018-09-25 11:46:00,260 - VBJDU18422021801 - DEBUG - 添加此题
2018-09-25 11:46:10,372 - VBJDU18422021801 - INFO - 本题结束
2018-09-25 11:46:10,376 - VBJDU18422021801 - DEBUG - 获取题目
2018-09-25 11:46:12,624 - VBJDU18422021801 - INFO - 第 5 题
2018-09-25 11:46:12,917 - VBJDU18422021801 - INFO - 特朗普签署的“１号太空政策指令”指出美国将重返哪个星球？
2018-09-25 11:46:13,848 - VBJDU18422021801 - INFO - A.土星 B.月球 C.金星
2018-09-25 11:46:13,858 - VBJDU18422021801 - DEBUG - 数据库中检索答案
2018-09-25 11:46:13,858 - VBJDU18422021801 - INFO - 我的答案：月球
2018-09-25 11:46:14,534 - VBJDU18422021801 - DEBUG - 选择选项
2018-09-25 11:46:16,619 - VBJDU18422021801 - INFO - 答案正确
2018-09-25 11:46:27,444 - VBJDU18422021801 - INFO - 本题结束
2018-09-25 11:46:28,635 - VBJDU18422021801 - INFO - 本场比赛结束
2018-09-25 11:46:28,736 - VBJDU18422021801 - INFO - 返回游戏页面
2018-09-25 11:46:30,341 - VBJDU18422021801 - INFO - 进入排位赛
2018-09-25 11:46:30,343 - VBJDU18422021801 - INFO - 正在匹配中......
2018-09-25 11:48:16,136 - VBJDU18422021801 - INFO - 匹配成功
2018-09-25 11:48:16,136 - VBJDU18422021801 - DEBUG - 获取题目
2018-09-25 11:48:16,818 - VBJDU18422021801 - INFO - 第 1 题
2018-09-25 11:48:17,122 - VBJDU18422021801 - INFO - 一袋大米16千克，5袋大米多少千克？
2018-09-25 11:48:18,091 - VBJDU18422021801 - INFO - A.80千克 B.95千克 C.90千克
2018-09-25 11:48:19,148 - VBJDU18422021801 - DEBUG - 未检索到答案
2018-09-25 11:48:19,148 - VBJDU18422021801 - INFO - 我的答案：80千克
2018-09-25 11:48:19,850 - VBJDU18422021801 - DEBUG - 选择选项
2018-09-25 11:48:22,004 - VBJDU18422021801 - INFO - 答案正确
2018-09-25 11:48:22,026 - VBJDU18422021801 - DEBUG - 添加此题
2018-09-25 11:48:24,181 - VBJDU18422021801 - INFO - 本题结束
2018-09-25 11:48:24,183 - VBJDU18422021801 - DEBUG - 获取题目
2018-09-25 11:48:26,452 - VBJDU18422021801 - INFO - 第 2 题
2018-09-25 11:48:26,789 - VBJDU18422021801 - INFO - 在星系间起主导作用的是那种力？
2018-09-25 11:48:27,689 - VBJDU18422021801 - INFO - A.引力 B.磁力 C.电场力
2018-09-25 11:48:29,498 - VBJDU18422021801 - DEBUG - 在线检索答案
2018-09-25 11:48:29,498 - VBJDU18422021801 - INFO - 我的答案：引力
2018-09-25 11:48:30,143 - VBJDU18422021801 - DEBUG - 选择选项
2018-09-25 11:48:32,204 - VBJDU18422021801 - INFO - 答案正确
2018-09-25 11:48:32,214 - VBJDU18422021801 - DEBUG - 添加此题
2018-09-25 11:48:32,969 - VBJDU18422021801 - INFO - 本题结束
2018-09-25 11:48:32,970 - VBJDU18422021801 - DEBUG - 获取题目
2018-09-25 11:48:35,431 - VBJDU18422021801 - INFO - 第 3 题
2018-09-25 11:48:35,753 - VBJDU18422021801 - INFO - 因《荒野求生》节目而全球闻名的求生专家贝尔·格里尔斯常被称为
2018-09-25 11:48:36,779 - VBJDU18422021801 - INFO - A.贝壳 B.小贝 C.贝爷
2018-09-25 11:48:38,529 - VBJDU18422021801 - DEBUG - 在线检索答案
2018-09-25 11:48:38,529 - VBJDU18422021801 - INFO - 我的答案：贝爷
2018-09-25 11:48:39,107 - VBJDU18422021801 - DEBUG - 选择选项
2018-09-25 11:48:41,209 - VBJDU18422021801 - INFO - 答案正确
2018-09-25 11:48:41,223 - VBJDU18422021801 - DEBUG - 添加此题
2018-09-25 11:48:42,312 - VBJDU18422021801 - INFO - 本题结束
2018-09-25 11:48:42,312 - VBJDU18422021801 - DEBUG - 获取题目
2018-09-25 11:48:44,321 - VBJDU18422021801 - INFO - 第 4 题
2018-09-25 11:48:44,594 - VBJDU18422021801 - INFO - “法拉利”是哪个国家生产的汽车品牌？
2018-09-25 11:48:45,679 - VBJDU18422021801 - INFO - A.德国 B.英国 C.意大利
2018-09-25 11:48:45,689 - VBJDU18422021801 - DEBUG - 数据库中检索答案
2018-09-25 11:48:45,689 - VBJDU18422021801 - INFO - 我的答案：意大利
2018-09-25 11:48:46,352 - VBJDU18422021801 - DEBUG - 选择选项
2018-09-25 11:48:48,428 - VBJDU18422021801 - INFO - 答案正确
2018-09-25 11:48:49,476 - VBJDU18422021801 - INFO - 本题结束
2018-09-25 11:48:49,477 - VBJDU18422021801 - DEBUG - 获取题目
2018-09-25 11:48:51,694 - VBJDU18422021801 - INFO - 第 5 题
2018-09-25 11:48:51,994 - VBJDU18422021801 - INFO - 名句“似楚江暝宿”中“暝”是什么意思？
2018-09-25 11:48:52,889 - VBJDU18422021801 - INFO - A.天亮 B.日出 C.天黑
2018-09-25 11:48:52,898 - VBJDU18422021801 - DEBUG - 数据库中检索答案
2018-09-25 11:48:52,898 - VBJDU18422021801 - INFO - 我的答案：天黑
2018-09-25 11:48:53,580 - VBJDU18422021801 - DEBUG - 选择选项
2018-09-25 11:48:55,738 - VBJDU18422021801 - INFO - 答案正确
2018-09-25 11:48:57,959 - VBJDU18422021801 - INFO - 本题结束
2018-09-25 11:48:59,157 - VBJDU18422021801 - INFO - 本场比赛结束
2018-09-25 11:48:59,268 - VBJDU18422021801 - INFO - 返回游戏页面
2018-09-25 11:49:00,921 - VBJDU18422021801 - INFO - 进入排位赛
2018-09-25 11:49:00,921 - VBJDU18422021801 - INFO - 正在匹配中......
2018-09-25 11:49:17,084 - VBJDU18422021801 - INFO - 匹配成功
2018-09-25 11:49:17,086 - VBJDU18422021801 - DEBUG - 获取题目
2018-09-25 11:49:17,824 - VBJDU18422021801 - INFO - 第 1 题
2018-09-25 11:49:18,151 - VBJDU18422021801 - INFO - 桥牌比赛中，所使用普通扑克牌去掉大小王后，有多少张扑克牌？
2018-09-25 11:49:19,083 - VBJDU18422021801 - INFO - A.58 B.52 C.56
2018-09-25 11:49:20,815 - VBJDU18422021801 - DEBUG - 在线检索答案
2018-09-25 11:49:20,815 - VBJDU18422021801 - INFO - 我的答案：52
2018-09-25 11:49:21,456 - VBJDU18422021801 - DEBUG - 选择选项
2018-09-25 11:49:23,521 - VBJDU18422021801 - INFO - 答案正确
2018-09-25 11:49:23,528 - VBJDU18422021801 - DEBUG - 添加此题
2018-09-25 11:49:24,473 - VBJDU18422021801 - INFO - 本题结束
2018-09-25 11:49:24,473 - VBJDU18422021801 - DEBUG - 获取题目
2018-09-25 11:49:26,687 - VBJDU18422021801 - INFO - 第 2 题
2018-09-25 11:49:26,994 - VBJDU18422021801 - INFO - 春晚小品《说事儿》中，白云黑土坐什么来北京的？
2018-09-25 11:49:27,984 - VBJDU18422021801 - INFO - A.专机 B.拖拉机 C.汽车
2018-09-25 11:49:29,205 - VBJDU18422021801 - DEBUG - 在线检索答案
2018-09-25 11:49:29,205 - VBJDU18422021801 - INFO - 我的答案：专机
2018-09-25 11:49:29,871 - VBJDU18422021801 - DEBUG - 选择选项
2018-09-25 11:49:31,936 - VBJDU18422021801 - INFO - 答案错误
2018-09-25 11:49:32,055 - VBJDU18422021801 - INFO - 正确答案；拖拉机
2018-09-25 11:49:32,068 - VBJDU18422021801 - DEBUG - 添加此题
2018-09-25 11:49:32,851 - VBJDU18422021801 - INFO - 本题结束
2018-09-25 11:49:32,853 - VBJDU18422021801 - DEBUG - 获取题目
2018-09-25 11:49:35,135 - VBJDU18422021801 - INFO - 第 3 题
2018-09-25 11:49:35,458 - VBJDU18422021801 - INFO - 哪种动物被号称为“澳洲懒汉”？
2018-09-25 11:49:36,294 - VBJDU18422021801 - INFO - A.松鼠 B.老鼠 C.树袋熊
2018-09-25 11:49:37,190 - VBJDU18422021801 - DEBUG - 在线检索答案
2018-09-25 11:49:37,190 - VBJDU18422021801 - INFO - 我的答案：树袋熊
2018-09-25 11:49:37,795 - VBJDU18422021801 - DEBUG - 选择选项
2018-09-25 11:49:39,906 - VBJDU18422021801 - INFO - 答案正确
2018-09-25 11:49:39,908 - VBJDU18422021801 - DEBUG - 添加此题
2018-09-25 11:49:41,123 - VBJDU18422021801 - INFO - 本题结束
2018-09-25 11:49:41,123 - VBJDU18422021801 - DEBUG - 获取题目
2018-09-25 11:49:43,377 - VBJDU18422021801 - INFO - 第 4 题
2018-09-25 11:49:43,673 - VBJDU18422021801 - INFO - 啤酒的度数通常指什么？
2018-09-25 11:49:44,661 - VBJDU18422021801 - INFO - A.酒精浓度 B.麦芽汁浓度 C.酒花含量
2018-09-25 11:49:45,616 - VBJDU18422021801 - DEBUG - 在线检索答案
2018-09-25 11:49:45,616 - VBJDU18422021801 - INFO - 我的答案：酒精浓度
2018-09-25 11:49:46,293 - VBJDU18422021801 - DEBUG - 选择选项
2018-09-25 11:49:48,401 - VBJDU18422021801 - INFO - 答案错误
2018-09-25 11:49:48,521 - VBJDU18422021801 - INFO - 正确答案；麦芽汁浓度
2018-09-25 11:49:48,529 - VBJDU18422021801 - DEBUG - 添加此题
2018-09-25 11:49:50,480 - VBJDU18422021801 - INFO - 本题结束
2018-09-25 11:49:50,481 - VBJDU18422021801 - DEBUG - 获取题目
2018-09-25 11:49:52,733 - VBJDU18422021801 - INFO - 第 5 题
2018-09-25 11:49:53,049 - VBJDU18422021801 - INFO - 电视节目《奇葩说 第三季》的主持人是以下哪位？
2018-09-25 11:49:53,969 - VBJDU18422021801 - INFO - A.马东 B.王嘉尔 C.吴秀波
2018-09-25 11:49:53,995 - VBJDU18422021801 - DEBUG - 数据库中检索答案
2018-09-25 11:49:53,995 - VBJDU18422021801 - INFO - 我的答案：马东
2018-09-25 11:49:54,727 - VBJDU18422021801 - DEBUG - 选择选项
2018-09-25 11:49:56,802 - VBJDU18422021801 - INFO - 答案正确
2018-09-25 11:49:57,878 - VBJDU18422021801 - INFO - 本题结束
2018-09-25 11:49:59,083 - VBJDU18422021801 - INFO - 本场比赛结束
2018-09-25 11:49:59,152 - VBJDU18422021801 - INFO - 返回游戏页面
2018-09-25 11:50:00,729 - VBJDU18422021801 - INFO - 进入排位赛
2018-09-25 11:50:00,731 - VBJDU18422021801 - INFO - 正在匹配中......
2018-09-25 11:51:31,311 - VBJDU18422021801 - INFO - 匹配成功
2018-09-25 11:51:31,324 - VBJDU18422021801 - DEBUG - 获取题目
2018-09-25 11:51:31,940 - VBJDU18422021801 - INFO - 第 1 题
2018-09-25 11:51:32,279 - VBJDU18422021801 - INFO - 铺好的无菌盘有效期不得超过：
2018-09-25 11:51:33,394 - VBJDU18422021801 - INFO - A.4h B.8h C.24h
2018-09-25 11:51:34,280 - VBJDU18422021801 - DEBUG - 在线检索答案
2018-09-25 11:51:34,280 - VBJDU18422021801 - INFO - 我的答案：24h
2018-09-25 11:51:34,950 - VBJDU18422021801 - DEBUG - 选择选项
2018-09-25 11:51:36,959 - VBJDU18422021801 - INFO - 答案错误
2018-09-25 11:51:37,117 - VBJDU18422021801 - INFO - 正确答案；4h
2018-09-25 11:51:37,121 - VBJDU18422021801 - DEBUG - 添加此题
2018-09-25 11:51:38,510 - VBJDU18422021801 - INFO - 本题结束
2018-09-25 11:51:38,522 - VBJDU18422021801 - DEBUG - 获取题目
2018-09-25 11:51:40,195 - VBJDU18422021801 - INFO - 第 2 题
2018-09-25 11:51:40,487 - VBJDU18422021801 - INFO - 南岳衡山七十二峰的最高峰是哪座？
2018-09-25 11:51:41,421 - VBJDU18422021801 - INFO - A.芙蓉峰 B.紫盖峰 C.祝融峰
2018-09-25 11:51:41,475 - VBJDU18422021801 - DEBUG - 数据库中检索答案
2018-09-25 11:51:41,475 - VBJDU18422021801 - INFO - 我的答案：祝融峰
2018-09-25 11:51:42,128 - VBJDU18422021801 - DEBUG - 选择选项
2018-09-25 11:51:44,206 - VBJDU18422021801 - INFO - 答案正确
2018-09-25 11:51:45,977 - VBJDU18422021801 - INFO - 本题结束
2018-09-25 11:51:45,980 - VBJDU18422021801 - DEBUG - 获取题目
2018-09-25 11:51:48,038 - VBJDU18422021801 - INFO - 第 3 题
2018-09-25 11:51:48,354 - VBJDU18422021801 - INFO - 第一位获得世界职业围棋锦标赛冠军的著名棋手是（）
2018-09-25 11:51:49,335 - VBJDU18422021801 - INFO - A.曹薰铉 B.武宫正树 C.马晓春
2018-09-25 11:51:49,375 - VBJDU18422021801 - DEBUG - 数据库中检索答案
2018-09-25 11:51:49,375 - VBJDU18422021801 - INFO - 我的答案：武宫正树
2018-09-25 11:51:50,024 - VBJDU18422021801 - DEBUG - 选择选项
2018-09-25 11:51:52,135 - VBJDU18422021801 - INFO - 答案正确
2018-09-25 11:51:54,153 - VBJDU18422021801 - INFO - 本题结束
2018-09-25 11:51:54,153 - VBJDU18422021801 - DEBUG - 获取题目
2018-09-25 11:51:56,372 - VBJDU18422021801 - INFO - 第 4 题
2018-09-25 11:51:56,672 - VBJDU18422021801 - INFO - 以下哪家致力于航天领域的私人公司成立的最早？
2018-09-25 11:51:57,690 - VBJDU18422021801 - INFO - A.蓝色起源  B.维珍银河  C.SpaceX
2018-09-25 11:51:58,410 - VBJDU18422021801 - DEBUG - 在线检索答案
2018-09-25 11:51:58,410 - VBJDU18422021801 - INFO - 我的答案：SpaceX
2018-09-25 11:51:59,024 - VBJDU18422021801 - DEBUG - 选择选项
2018-09-25 11:52:01,144 - VBJDU18422021801 - INFO - 答案错误
2018-09-25 11:52:01,277 - VBJDU18422021801 - INFO - 正确答案；蓝色起源 
2018-09-25 11:52:01,294 - VBJDU18422021801 - DEBUG - 添加此题
2018-09-25 11:52:03,719 - VBJDU18422021801 - INFO - 本题结束
2018-09-25 11:52:03,719 - VBJDU18422021801 - DEBUG - 获取题目
2018-09-25 11:52:06,108 - VBJDU18422021801 - INFO - 第 5 题
2018-09-25 11:52:06,420 - VBJDU18422021801 - INFO - 我国四大藏书阁之一的文渊阁坐落于？
2018-09-25 11:52:07,401 - VBJDU18422021801 - INFO - A.承德 B.杭州 C.北京
2018-09-25 11:52:09,168 - VBJDU18422021801 - DEBUG - 在线检索答案
2018-09-25 11:52:09,169 - VBJDU18422021801 - INFO - 我的答案：北京
2018-09-25 11:52:09,823 - VBJDU18422021801 - DEBUG - 选择选项
2018-09-25 11:52:11,901 - VBJDU18422021801 - INFO - 答案正确
2018-09-25 11:52:11,915 - VBJDU18422021801 - DEBUG - 添加此题
2018-09-25 11:52:12,759 - VBJDU18422021801 - INFO - 本题结束
2018-09-25 11:52:13,961 - VBJDU18422021801 - INFO - 本场比赛结束
2018-09-25 11:52:14,000 - VBJDU18422021801 - INFO - 返回游戏页面
2018-09-25 11:52:15,620 - VBJDU18422021801 - INFO - 进入排位赛
2018-09-25 11:52:15,635 - VBJDU18422021801 - INFO - 正在匹配中......
2018-09-25 11:52:37,277 - VBJDU18422021801 - INFO - 匹配成功
2018-09-25 11:52:37,277 - VBJDU18422021801 - DEBUG - 获取题目
2018-09-25 11:52:38,802 - VBJDU18422021801 - INFO - 第 1 题
2018-09-25 11:52:39,111 - VBJDU18422021801 - INFO - 以下哪一种商品的需求价格弹性最小？
2018-09-25 11:52:39,978 - VBJDU18422021801 - INFO - A.粮食 B.食盐 C.服装
2018-09-25 11:52:40,894 - VBJDU18422021801 - DEBUG - 在线检索答案
2018-09-25 11:52:40,894 - VBJDU18422021801 - INFO - 我的答案：食盐
2018-09-25 11:52:41,543 - VBJDU18422021801 - DEBUG - 选择选项
2018-09-25 11:52:43,599 - VBJDU18422021801 - INFO - 答案正确
2018-09-25 11:52:43,614 - VBJDU18422021801 - DEBUG - 添加此题
2018-09-25 11:52:46,900 - VBJDU18422021801 - INFO - 本题结束
2018-09-25 11:52:46,900 - VBJDU18422021801 - DEBUG - 获取题目
2018-09-25 11:52:49,215 - VBJDU18422021801 - INFO - 第 2 题
2018-09-25 11:52:49,598 - VBJDU18422021801 - INFO - “芡实”又叫做什么？
2018-09-25 11:52:50,523 - VBJDU18422021801 - INFO - A.皂角米 B.莲子 C.鸡头米
2018-09-25 11:52:50,538 - VBJDU18422021801 - DEBUG - 数据库中检索答案
2018-09-25 11:52:50,538 - VBJDU18422021801 - INFO - 我的答案：鸡头米
2018-09-25 11:52:51,242 - VBJDU18422021801 - DEBUG - 选择选项
2018-09-25 11:52:53,288 - VBJDU18422021801 - INFO - 答案正确
2018-09-25 11:52:54,343 - VBJDU18422021801 - INFO - 本题结束
2018-09-25 11:52:54,344 - VBJDU18422021801 - DEBUG - 获取题目
2018-09-25 11:52:56,689 - VBJDU18422021801 - INFO - 第 3 题
2018-09-25 11:52:57,005 - VBJDU18422021801 - INFO - 歌曲《常回家看看》首次唱响于哪一年春晚？
2018-09-25 11:52:57,931 - VBJDU18422021801 - INFO - A.1999年 B.1997年 C.2000年
2018-09-25 11:52:58,864 - VBJDU18422021801 - DEBUG - 在线检索答案
2018-09-25 11:52:58,864 - VBJDU18422021801 - INFO - 我的答案：1999年
2018-09-25 11:52:59,542 - VBJDU18422021801 - DEBUG - 选择选项
2018-09-25 11:53:01,618 - VBJDU18422021801 - INFO - 答案正确
2018-09-25 11:53:01,631 - VBJDU18422021801 - DEBUG - 添加此题
2018-09-25 11:53:03,652 - VBJDU18422021801 - INFO - 本题结束
2018-09-25 11:53:03,665 - VBJDU18422021801 - DEBUG - 获取题目
2018-09-25 11:53:05,946 - VBJDU18422021801 - INFO - 第 4 题
2018-09-25 11:53:06,251 - VBJDU18422021801 - INFO - 石田彰是日本人气一线声优，请问他配过以下哪个角色？
2018-09-25 11:53:07,161 - VBJDU18422021801 - INFO - A.三石琴乃 B.内山夕实 C.阿斯兰·萨拉
2018-09-25 11:53:07,178 - VBJDU18422021801 - DEBUG - 数据库中检索答案
2018-09-25 11:53:07,178 - VBJDU18422021801 - INFO - 我的答案：阿斯兰·萨拉
2018-09-25 11:53:07,844 - VBJDU18422021801 - DEBUG - 选择选项
2018-09-25 11:53:10,066 - VBJDU18422021801 - INFO - 答案正确
2018-09-25 11:53:17,204 - VBJDU18422021801 - INFO - 本题结束
2018-09-25 11:53:17,218 - VBJDU18422021801 - DEBUG - 获取题目
2018-09-25 11:53:19,508 - VBJDU18422021801 - INFO - 第 5 题
2018-09-25 11:53:19,813 - VBJDU18422021801 - INFO - 石膏在中医里用做：
2018-09-25 11:53:20,744 - VBJDU18422021801 - INFO - A.祛湿药 B.祛痰药 C.解热药
2018-09-25 11:53:21,146 - VBJDU18422021801 - DEBUG - 在线检索答案
2018-09-25 11:53:21,146 - VBJDU18422021801 - INFO - 我的答案：解热药
2018-09-25 11:53:21,767 - VBJDU18422021801 - DEBUG - 选择选项
2018-09-25 11:53:23,842 - VBJDU18422021801 - INFO - 答案正确
2018-09-25 11:53:23,849 - VBJDU18422021801 - DEBUG - 添加此题
2018-09-25 11:53:26,724 - VBJDU18422021801 - INFO - 本题结束
2018-09-25 11:53:27,916 - VBJDU18422021801 - INFO - 本场比赛结束
2018-09-25 11:53:28,032 - VBJDU18422021801 - INFO - 返回游戏页面
2018-09-25 11:53:29,579 - VBJDU18422021801 - INFO - 进入排位赛
2018-09-25 11:53:29,595 - VBJDU18422021801 - INFO - 正在匹配中......
2018-09-25 11:53:45,556 - VBJDU18422021801 - INFO - 匹配成功
2018-09-25 11:53:45,570 - VBJDU18422021801 - DEBUG - 获取题目
2018-09-25 11:53:46,864 - VBJDU18422021801 - INFO - 第 1 题
2018-09-25 11:53:47,241 - VBJDU18422021801 - INFO - 歧山挂面源于哪里？
2018-09-25 11:53:48,199 - VBJDU18422021801 - INFO - A.湖南 B.山西 C.陕西
2018-09-25 11:53:49,009 - VBJDU18422021801 - DEBUG - 在线检索答案
2018-09-25 11:53:49,009 - VBJDU18422021801 - INFO - 我的答案：陕西
2018-09-25 11:53:49,701 - VBJDU18422021801 - DEBUG - 选择选项
2018-09-25 11:53:51,774 - VBJDU18422021801 - INFO - 答案正确
2018-09-25 11:53:51,789 - VBJDU18422021801 - DEBUG - 添加此题
2018-09-25 11:53:52,815 - VBJDU18422021801 - INFO - 本题结束
2018-09-25 11:53:52,815 - VBJDU18422021801 - DEBUG - 获取题目
2018-09-25 11:53:55,047 - VBJDU18422021801 - INFO - 第 2 题
2018-09-25 11:53:55,358 - VBJDU18422021801 - INFO - 灯笼又称灯彩，是一种古老的中国传统工艺品，它起源于什么时期？
2018-09-25 11:53:56,337 - VBJDU18422021801 - INFO - A.西汉 B.三国 C.唐朝
2018-09-25 11:53:56,350 - VBJDU18422021801 - DEBUG - 数据库中检索答案
2018-09-25 11:53:56,350 - VBJDU18422021801 - INFO - 我的答案：西汉
2018-09-25 11:53:56,980 - VBJDU18422021801 - DEBUG - 选择选项
2018-09-25 11:53:59,052 - VBJDU18422021801 - INFO - 答案正确
2018-09-25 11:54:01,740 - VBJDU18422021801 - INFO - 本题结束
2018-09-25 11:54:01,742 - VBJDU18422021801 - DEBUG - 获取题目
2018-09-25 11:54:03,973 - VBJDU18422021801 - INFO - 第 3 题
2018-09-25 11:54:04,269 - VBJDU18422021801 - INFO - ”贝嫂“维多利亚·贝克汉姆创立的时尚服装品牌是？
2018-09-25 11:54:05,296 - VBJDU18422021801 - INFO - A.DVB B.路易威登 C.CK
2018-09-25 11:54:06,113 - VBJDU18422021801 - DEBUG - 在线检索答案
2018-09-25 11:54:06,113 - VBJDU18422021801 - INFO - 我的答案：DVB
2018-09-25 11:54:06,742 - VBJDU18422021801 - DEBUG - 选择选项
2018-09-25 11:54:08,866 - VBJDU18422021801 - INFO - 答案正确
2018-09-25 11:54:08,881 - VBJDU18422021801 - DEBUG - 添加此题
2018-09-25 11:54:09,747 - VBJDU18422021801 - INFO - 本题结束
2018-09-25 11:54:09,751 - VBJDU18422021801 - DEBUG - 获取题目
2018-09-25 11:54:11,952 - VBJDU18422021801 - INFO - 第 4 题
2018-09-25 11:54:12,246 - VBJDU18422021801 - INFO - 中国二十四节气中“春分”后面的一个节气为？
2018-09-25 11:54:13,141 - VBJDU18422021801 - INFO - A.清明 B.谷雨 C.立夏
2018-09-25 11:54:14,691 - VBJDU18422021801 - DEBUG - 在线检索答案
2018-09-25 11:54:14,707 - VBJDU18422021801 - INFO - 我的答案：清明
2018-09-25 11:54:15,361 - VBJDU18422021801 - DEBUG - 选择选项
2018-09-25 11:54:17,478 - VBJDU18422021801 - INFO - 答案正确
2018-09-25 11:54:17,481 - VBJDU18422021801 - DEBUG - 添加此题
2018-09-25 11:54:18,388 - VBJDU18422021801 - INFO - 本题结束
2018-09-25 11:54:18,391 - VBJDU18422021801 - DEBUG - 获取题目
2018-09-25 11:54:20,480 - VBJDU18422021801 - INFO - 第 5 题
2018-09-25 11:54:20,839 - VBJDU18422021801 - INFO - “秘贴精华”是以下哪个品牌的明星产品？
2018-09-25 11:54:21,839 - VBJDU18422021801 - INFO - A.MAC B.雪花秀 C.Whoo
2018-09-25 11:54:21,856 - VBJDU18422021801 - DEBUG - 数据库中检索答案
2018-09-25 11:54:21,856 - VBJDU18422021801 - INFO - 我的答案：Whoo
2018-09-25 11:54:22,490 - VBJDU18422021801 - DEBUG - 选择选项
2018-09-25 11:54:24,598 - VBJDU18422021801 - INFO - 答案正确
2018-09-25 11:54:25,739 - VBJDU18422021801 - INFO - 本题结束
2018-09-25 11:54:26,942 - VBJDU18422021801 - INFO - 本场比赛结束
2018-09-25 11:54:27,001 - VBJDU18422021801 - INFO - 返回游戏页面
2018-09-25 11:54:28,582 - VBJDU18422021801 - INFO - 进入排位赛
2018-09-25 11:54:28,588 - VBJDU18422021801 - INFO - 正在匹配中......
2018-09-25 11:56:02,726 - VBJDU18422021801 - INFO - 匹配成功
2018-09-25 11:56:02,741 - VBJDU18422021801 - DEBUG - 获取题目
2018-09-25 11:56:03,460 - VBJDU18422021801 - INFO - 第 1 题
2018-09-25 11:56:03,759 - VBJDU18422021801 - INFO - 郑晓龙执导的电视剧《金婚》中，少年佟多多的扮演者是谁？
2018-09-25 11:56:05,514 - VBJDU18422021801 - INFO - A.孙怡 B.赵丽颖 C.杨紫
2018-09-25 11:56:06,233 - VBJDU18422021801 - DEBUG - 在线检索答案
2018-09-25 11:56:06,233 - VBJDU18422021801 - INFO - 我的答案：赵丽颖
2018-09-25 11:56:06,875 - VBJDU18422021801 - DEBUG - 选择选项
2018-09-25 11:56:08,929 - VBJDU18422021801 - INFO - 答案正确
2018-09-25 11:56:08,931 - VBJDU18422021801 - DEBUG - 添加此题
2018-09-25 11:56:10,630 - VBJDU18422021801 - INFO - 本题结束
2018-09-25 11:56:10,630 - VBJDU18422021801 - DEBUG - 获取题目
2018-09-25 11:56:12,845 - VBJDU18422021801 - INFO - 第 2 题
2018-09-25 11:56:13,144 - VBJDU18422021801 - INFO - 以下哪位球星没有在“奥本山宫打架事件”中被处罚？
2018-09-25 11:56:14,140 - VBJDU18422021801 - INFO - A.杰梅因·奥尼尔 B.斯蒂芬·杰克逊 C.泰肖恩·普林斯 
2018-09-25 11:56:15,049 - VBJDU18422021801 - DEBUG - 在线检索答案
2018-09-25 11:56:15,049 - VBJDU18422021801 - INFO - 我的答案：斯蒂芬·杰克逊
2018-09-25 11:56:15,642 - VBJDU18422021801 - DEBUG - 选择选项
2018-09-25 11:56:17,722 - VBJDU18422021801 - INFO - 答案错误
2018-09-25 11:56:17,980 - VBJDU18422021801 - INFO - 正确答案；泰肖恩·普林斯 
2018-09-25 11:56:17,986 - VBJDU18422021801 - DEBUG - 添加此题
2018-09-25 11:56:19,851 - VBJDU18422021801 - INFO - 本题结束
2018-09-25 11:56:19,853 - VBJDU18422021801 - DEBUG - 获取题目
2018-09-25 11:56:22,119 - VBJDU18422021801 - INFO - 第 3 题
2018-09-25 11:56:22,412 - VBJDU18422021801 - INFO - 古罗马历史学家塔西佗的著作《历史》又被称作什么？
2018-09-25 11:56:23,425 - VBJDU18422021801 - INFO - A.《希波战争史》 B.《编年史》 C.《罗马史》
2018-09-25 11:56:23,467 - VBJDU18422021801 - DEBUG - 数据库中检索答案
2018-09-25 11:56:23,467 - VBJDU18422021801 - INFO - 我的答案：《罗马史》
2018-09-25 11:56:24,071 - VBJDU18422021801 - DEBUG - 选择选项
2018-09-25 11:56:26,145 - VBJDU18422021801 - INFO - 答案正确
2018-09-25 11:56:31,654 - VBJDU18422021801 - INFO - 本题结束
2018-09-25 11:56:31,670 - VBJDU18422021801 - DEBUG - 获取题目
2018-09-25 11:56:33,734 - VBJDU18422021801 - INFO - 第 4 题
2018-09-25 11:56:34,020 - VBJDU18422021801 - INFO - 坦克是哪个国家发明的?
2018-09-25 11:56:35,051 - VBJDU18422021801 - INFO - A.英国 B.德国 C.美国
2018-09-25 11:56:35,725 - VBJDU18422021801 - DEBUG - 在线检索答案
2018-09-25 11:56:35,725 - VBJDU18422021801 - INFO - 我的答案：英国
2018-09-25 11:56:36,362 - VBJDU18422021801 - DEBUG - 选择选项
2018-09-25 11:56:38,433 - VBJDU18422021801 - INFO - 答案正确
2018-09-25 11:56:38,445 - VBJDU18422021801 - DEBUG - 添加此题
2018-09-25 11:56:39,332 - VBJDU18422021801 - INFO - 本题结束
2018-09-25 11:56:39,347 - VBJDU18422021801 - DEBUG - 获取题目
2018-09-25 11:56:41,590 - VBJDU18422021801 - INFO - 第 5 题
2018-09-25 11:56:41,904 - VBJDU18422021801 - INFO - 侗族的文化艺术丰富多彩、有诗的家乡、（）之美誉。
2018-09-25 11:56:42,835 - VBJDU18422021801 - INFO - A.舞的世界 B.戏的天地 C.歌的海洋
2018-09-25 11:56:43,731 - VBJDU18422021801 - DEBUG - 在线检索答案
2018-09-25 11:56:43,731 - VBJDU18422021801 - INFO - 我的答案：歌的海洋
2018-09-25 11:56:44,464 - VBJDU18422021801 - DEBUG - 选择选项
2018-09-25 11:56:46,510 - VBJDU18422021801 - INFO - 答案正确
2018-09-25 11:56:46,519 - VBJDU18422021801 - DEBUG - 添加此题
2018-09-25 11:56:56,426 - VBJDU18422021801 - INFO - 本题结束
2018-09-25 11:56:57,688 - VBJDU18422021801 - INFO - 本场比赛结束
2018-09-25 11:56:57,731 - VBJDU18422021801 - INFO - 返回游戏页面
2018-09-25 11:56:59,298 - VBJDU18422021801 - INFO - 进入排位赛
2018-09-25 11:56:59,306 - VBJDU18422021801 - INFO - 正在匹配中......
2018-09-25 11:57:52,342 - VBJDU18422021801 - INFO - 匹配成功
2018-09-25 11:57:52,342 - VBJDU18422021801 - DEBUG - 获取题目
2018-09-25 11:57:53,579 - VBJDU18422021801 - INFO - 第 1 题
2018-09-25 11:57:53,903 - VBJDU18422021801 - INFO - 歌词“没天那有地，没有地那有家，没有家那有你”是出自哪一首歌？
2018-09-25 11:57:54,948 - VBJDU18422021801 - INFO - A.《蓝精灵》 B.《酒干倘卖无》 C.《棉花糖》
2018-09-25 11:57:56,642 - VBJDU18422021801 - DEBUG - 在线检索答案
2018-09-25 11:57:56,642 - VBJDU18422021801 - INFO - 我的答案：《酒干倘卖无》
2018-09-25 11:57:57,291 - VBJDU18422021801 - DEBUG - 选择选项
2018-09-25 11:57:59,384 - VBJDU18422021801 - INFO - 答案正确
2018-09-25 11:57:59,402 - VBJDU18422021801 - DEBUG - 添加此题
2018-09-25 11:58:00,608 - VBJDU18422021801 - INFO - 本题结束
2018-09-25 11:58:00,608 - VBJDU18422021801 - DEBUG - 获取题目
2018-09-25 11:58:02,413 - VBJDU18422021801 - INFO - 第 2 题
2018-09-25 11:58:02,717 - VBJDU18422021801 - INFO - 十八般兵器中的“君子”的是哪一样兵器？
2018-09-25 11:58:03,668 - VBJDU18422021801 - INFO - A.剑 B.刀 C.枪
2018-09-25 11:58:04,508 - VBJDU18422021801 - DEBUG - 在线检索答案
2018-09-25 11:58:04,508 - VBJDU18422021801 - INFO - 我的答案：剑
2018-09-25 11:58:05,182 - VBJDU18422021801 - DEBUG - 选择选项
2018-09-25 11:58:07,265 - VBJDU18422021801 - INFO - 答案正确
2018-09-25 11:58:07,279 - VBJDU18422021801 - DEBUG - 添加此题
2018-09-25 11:58:08,222 - VBJDU18422021801 - INFO - 本题结束
2018-09-25 11:58:08,230 - VBJDU18422021801 - DEBUG - 获取题目
2018-09-25 11:58:10,398 - VBJDU18422021801 - INFO - 第 3 题
2018-09-25 11:58:10,707 - VBJDU18422021801 - INFO - 在电影《失恋33天》中，女主角黄小仙是谁扮演的？
2018-09-25 11:58:11,621 - VBJDU18422021801 - INFO - A.景甜 B.白百何 C.杨幂
2018-09-25 11:58:12,489 - VBJDU18422021801 - DEBUG - 在线检索答案
2018-09-25 11:58:12,489 - VBJDU18422021801 - INFO - 我的答案：白百何
2018-09-25 11:58:13,135 - VBJDU18422021801 - DEBUG - 选择选项
2018-09-25 11:58:15,200 - VBJDU18422021801 - INFO - 答案正确
2018-09-25 11:58:15,211 - VBJDU18422021801 - DEBUG - 添加此题
2018-09-25 11:58:16,098 - VBJDU18422021801 - INFO - 本题结束
2018-09-25 11:58:16,109 - VBJDU18422021801 - DEBUG - 获取题目
2018-09-25 11:58:18,388 - VBJDU18422021801 - INFO - 第 4 题
2018-09-25 11:58:18,724 - VBJDU18422021801 - INFO - 以下哪项不是苹果的设备系列？
2018-09-25 11:58:19,665 - VBJDU18422021801 - INFO - A.Watch B.HoloLens C.Mac
2018-09-25 11:58:20,485 - VBJDU18422021801 - DEBUG - 在线检索答案
2018-09-25 11:58:20,485 - VBJDU18422021801 - INFO - 我的答案：Watch
2018-09-25 11:58:21,101 - VBJDU18422021801 - DEBUG - 选择选项
2018-09-25 11:58:23,264 - VBJDU18422021801 - INFO - 答案错误
2018-09-25 11:58:23,395 - VBJDU18422021801 - INFO - 正确答案；HoloLens
2018-09-25 11:58:23,407 - VBJDU18422021801 - DEBUG - 添加此题
2018-09-25 11:58:25,339 - VBJDU18422021801 - INFO - 本题结束
2018-09-25 11:58:25,339 - VBJDU18422021801 - DEBUG - 获取题目
2018-09-25 11:58:27,475 - VBJDU18422021801 - INFO - 第 5 题
2018-09-25 11:58:27,754 - VBJDU18422021801 - INFO - 电视节目《蒙面歌王》的主持人是以下哪位？
2018-09-25 11:58:28,726 - VBJDU18422021801 - INFO - A.李好 B.陈鲁豫 C.王嘉尔
2018-09-25 11:58:29,702 - VBJDU18422021801 - DEBUG - 在线检索答案
2018-09-25 11:58:29,702 - VBJDU18422021801 - INFO - 我的答案：李好
2018-09-25 11:58:30,359 - VBJDU18422021801 - DEBUG - 选择选项
2018-09-25 11:58:32,412 - VBJDU18422021801 - INFO - 答案正确
2018-09-25 11:58:32,424 - VBJDU18422021801 - DEBUG - 添加此题
2018-09-25 11:58:33,165 - VBJDU18422021801 - INFO - 本题结束
2018-09-25 11:58:34,353 - VBJDU18422021801 - INFO - 本场比赛结束
2018-09-25 11:58:34,397 - VBJDU18422021801 - INFO - 返回游戏页面
2018-09-25 11:58:35,992 - VBJDU18422021801 - INFO - 进入排位赛
2018-09-25 11:58:36,007 - VBJDU18422021801 - INFO - 正在匹配中......
2018-09-25 12:00:01,768 - VBJDU18422021801 - INFO - 匹配成功
2018-09-25 12:00:01,778 - VBJDU18422021801 - DEBUG - 获取题目
2018-09-25 12:00:03,344 - VBJDU18422021801 - INFO - 第 1 题
2018-09-25 12:00:03,712 - VBJDU18422021801 - INFO - 哪部动画电影是以猴子为主角的？
2018-09-25 12:00:04,657 - VBJDU18422021801 - INFO - A.《大闹天宫》 B.《海底总动员》 C.《功夫熊猫》
2018-09-25 12:00:04,667 - VBJDU18422021801 - DEBUG - 数据库中检索答案
2018-09-25 12:00:04,672 - VBJDU18422021801 - INFO - 我的答案：《大闹天宫》
2018-09-25 12:00:05,331 - VBJDU18422021801 - DEBUG - 选择选项
2018-09-25 12:00:08,074 - VBJDU18422021801 - INFO - 答案正确
2018-09-25 12:00:17,517 - VBJDU18422021801 - INFO - 本题结束
2018-09-25 12:00:17,530 - VBJDU18422021801 - DEBUG - 获取题目
2018-09-25 12:00:19,943 - VBJDU18422021801 - INFO - 第 2 题
2018-09-25 12:00:20,239 - VBJDU18422021801 - INFO - 福建省的哪个城市被誉为“榕城”？
2018-09-25 12:00:21,153 - VBJDU18422021801 - INFO - A.泉州 B.福州 C.厦门
2018-09-25 12:00:22,037 - VBJDU18422021801 - DEBUG - 在线检索答案
2018-09-25 12:00:22,037 - VBJDU18422021801 - INFO - 我的答案：福州
2018-09-25 12:00:22,706 - VBJDU18422021801 - DEBUG - 选择选项
2018-09-25 12:00:24,825 - VBJDU18422021801 - INFO - 答案正确
2018-09-25 12:00:24,832 - VBJDU18422021801 - DEBUG - 添加此题
2018-09-25 12:00:34,607 - VBJDU18422021801 - INFO - 本题结束
2018-09-25 12:00:34,608 - VBJDU18422021801 - DEBUG - 获取题目
2018-09-25 12:00:37,021 - VBJDU18422021801 - INFO - 第 3 题
2018-09-25 12:00:37,360 - VBJDU18422021801 - INFO - 金庸名著《射雕英雄传》中郭啸天之妻，郭靖之母叫什么名字？
2018-09-25 12:00:38,304 - VBJDU18422021801 - INFO - A.李萍 B.李曦 C.李媛
2018-09-25 12:00:39,139 - VBJDU18422021801 - DEBUG - 在线检索答案
2018-09-25 12:00:39,139 - VBJDU18422021801 - INFO - 我的答案：李萍
2018-09-25 12:00:39,871 - VBJDU18422021801 - DEBUG - 选择选项
2018-09-25 12:00:41,986 - VBJDU18422021801 - INFO - 答案正确
2018-09-25 12:00:41,990 - VBJDU18422021801 - DEBUG - 添加此题
2018-09-25 12:00:51,732 - VBJDU18422021801 - INFO - 本题结束
2018-09-25 12:00:51,736 - VBJDU18422021801 - DEBUG - 获取题目
2018-09-25 12:00:54,076 - VBJDU18422021801 - INFO - 第 4 题
2018-09-25 12:00:54,405 - VBJDU18422021801 - INFO - 1972年慕尼黑奥运会的吉祥物是什么动物？
2018-09-25 12:00:55,264 - VBJDU18422021801 - INFO - A.狗 B.猫 C.狼
2018-09-25 12:00:56,043 - VBJDU18422021801 - DEBUG - 在线检索答案
2018-09-25 12:00:56,043 - VBJDU18422021801 - INFO - 我的答案：狗
2018-09-25 12:00:56,693 - VBJDU18422021801 - DEBUG - 选择选项
2018-09-25 12:00:58,783 - VBJDU18422021801 - INFO - 答案正确
2018-09-25 12:00:58,794 - VBJDU18422021801 - DEBUG - 添加此题
2018-09-25 12:01:08,925 - VBJDU18422021801 - INFO - 本题结束
2018-09-25 12:01:08,929 - VBJDU18422021801 - DEBUG - 获取题目
2018-09-25 12:01:11,240 - VBJDU18422021801 - INFO - 第 5 题
2018-09-25 12:01:11,541 - VBJDU18422021801 - INFO - “酱油”一词最早出自哪本饮食著作中？
2018-09-25 12:01:12,496 - VBJDU18422021801 - INFO - A.《山家清供》 B.《饮膳正要》 C.《随园食单》
2018-09-25 12:01:13,242 - VBJDU18422021801 - DEBUG - 在线检索答案
2018-09-25 12:01:13,242 - VBJDU18422021801 - INFO - 我的答案：《山家清供》
2018-09-25 12:01:13,880 - VBJDU18422021801 - DEBUG - 选择选项
2018-09-25 12:01:15,972 - VBJDU18422021801 - INFO - 答案正确
2018-09-25 12:01:15,987 - VBJDU18422021801 - DEBUG - 添加此题
2018-09-25 12:01:26,039 - VBJDU18422021801 - INFO - 本题结束
2018-09-25 12:01:27,233 - VBJDU18422021801 - INFO - 本场比赛结束
2018-09-25 12:01:27,276 - VBJDU18422021801 - INFO - 返回游戏页面
2018-09-25 12:01:28,887 - VBJDU18422021801 - INFO - 进入排位赛
2018-09-25 12:01:28,887 - VBJDU18422021801 - INFO - 正在匹配中......
2018-09-25 12:02:02,133 - VBJDU18422021801 - INFO - 匹配成功
2018-09-25 12:02:02,144 - VBJDU18422021801 - DEBUG - 获取题目
2018-09-25 12:02:03,432 - VBJDU18422021801 - INFO - 第 1 题
2018-09-25 12:02:03,709 - VBJDU18422021801 - INFO - “不可知论”最早是由哪个国家的科学家提出来的?
2018-09-25 12:02:04,625 - VBJDU18422021801 - INFO - A.英国 B.法国 C.美国
2018-09-25 12:02:04,638 - VBJDU18422021801 - DEBUG - 数据库中检索答案
2018-09-25 12:02:04,638 - VBJDU18422021801 - INFO - 我的答案：英国
2018-09-25 12:02:05,261 - VBJDU18422021801 - DEBUG - 选择选项
2018-09-25 12:02:07,315 - VBJDU18422021801 - INFO - 答案正确
2018-09-25 12:02:09,385 - VBJDU18422021801 - INFO - 本题结束
2018-09-25 12:02:09,385 - VBJDU18422021801 - DEBUG - 获取题目
2018-09-25 12:02:11,753 - VBJDU18422021801 - INFO - 第 2 题
2018-09-25 12:02:12,086 - VBJDU18422021801 - INFO - “随意春芳歇，王孙自可留”是谁的名句？
2018-09-25 12:02:13,032 - VBJDU18422021801 - INFO - A.王维 B.李白 C.杜牧
2018-09-25 12:02:13,040 - VBJDU18422021801 - DEBUG - 数据库中检索答案
2018-09-25 12:02:13,040 - VBJDU18422021801 - INFO - 我的答案：王维
2018-09-25 12:02:13,726 - VBJDU18422021801 - DEBUG - 选择选项
2018-09-25 12:02:15,808 - VBJDU18422021801 - INFO - 答案正确
2018-09-25 12:02:20,008 - VBJDU18422021801 - INFO - 本题结束
2018-09-25 12:02:20,009 - VBJDU18422021801 - DEBUG - 获取题目
2018-09-25 12:02:22,287 - VBJDU18422021801 - INFO - 第 3 题
2018-09-25 12:02:22,585 - VBJDU18422021801 - INFO - 珠江流域水系支流之一的“东江”发源于我国哪个省？
2018-09-25 12:02:23,543 - VBJDU18422021801 - INFO - A.湖南 B.江苏 C.江西
2018-09-25 12:02:23,549 - VBJDU18422021801 - DEBUG - 数据库中检索答案
2018-09-25 12:02:23,549 - VBJDU18422021801 - INFO - 我的答案：江西
2018-09-25 12:02:24,197 - VBJDU18422021801 - DEBUG - 选择选项
2018-09-25 12:02:26,314 - VBJDU18422021801 - INFO - 答案正确
2018-09-25 12:02:30,749 - VBJDU18422021801 - INFO - 本题结束
2018-09-25 12:02:30,757 - VBJDU18422021801 - DEBUG - 获取题目
2018-09-25 12:02:33,282 - VBJDU18422021801 - INFO - 第 4 题
2018-09-25 12:02:33,592 - VBJDU18422021801 - INFO - 寒随一夜去，春随五更来（打一时节俗称）
2018-09-25 12:02:34,476 - VBJDU18422021801 - INFO - A.元宵 B.春节 C.除夕
2018-09-25 12:02:34,508 - VBJDU18422021801 - DEBUG - 数据库中检索答案
2018-09-25 12:02:34,508 - VBJDU18422021801 - INFO - 我的答案：除夕
2018-09-25 12:02:35,128 - VBJDU18422021801 - DEBUG - 选择选项
2018-09-25 12:02:37,200 - VBJDU18422021801 - INFO - 答案正确
2018-09-25 12:02:41,037 - VBJDU18422021801 - INFO - 本题结束
2018-09-25 12:02:41,038 - VBJDU18422021801 - DEBUG - 获取题目
2018-09-25 12:02:43,274 - VBJDU18422021801 - INFO - 第 5 题
2018-09-25 12:02:43,620 - VBJDU18422021801 - INFO - 在动漫《大鱼海棠》中，通往人间的门叫什么？
2018-09-25 12:02:44,609 - VBJDU18422021801 - INFO - A.灵魂之门 B.海棠之门 C.海天之门
2018-09-25 12:02:45,387 - VBJDU18422021801 - DEBUG - 在线检索答案
2018-09-25 12:02:45,387 - VBJDU18422021801 - INFO - 我的答案：海天之门
2018-09-25 12:02:46,018 - VBJDU18422021801 - DEBUG - 选择选项
2018-09-25 12:02:48,187 - VBJDU18422021801 - INFO - 答案正确
2018-09-25 12:02:48,192 - VBJDU18422021801 - DEBUG - 添加此题
2018-09-25 12:02:50,822 - VBJDU18422021801 - INFO - 本题结束
2018-09-25 12:02:52,028 - VBJDU18422021801 - INFO - 本场比赛结束
2018-09-25 12:02:52,079 - VBJDU18422021801 - INFO - 返回游戏页面
2018-09-25 12:02:53,710 - VBJDU18422021801 - INFO - 进入排位赛
2018-09-25 12:02:53,711 - VBJDU18422021801 - INFO - 正在匹配中......
2018-09-25 12:03:17,389 - VBJDU18422021801 - INFO - 匹配成功
2018-09-25 12:03:17,391 - VBJDU18422021801 - DEBUG - 获取题目
2018-09-25 12:03:18,791 - VBJDU18422021801 - INFO - 第 1 题
2018-09-25 12:03:19,095 - VBJDU18422021801 - INFO - 以下哪一个选项是亚洲人的正常比例？
2018-09-25 12:03:20,135 - VBJDU18422021801 - INFO - A.6头身 B.7头身 C.8头身
2018-09-25 12:03:20,471 - VBJDU18422021801 - DEBUG - 数据库中检索答案
2018-09-25 12:03:20,471 - VBJDU18422021801 - INFO - 我的答案：7头身
2018-09-25 12:03:21,074 - VBJDU18422021801 - DEBUG - 选择选项
2018-09-25 12:03:23,155 - VBJDU18422021801 - INFO - 答案正确
2018-09-25 12:03:27,149 - VBJDU18422021801 - INFO - 本题结束
2018-09-25 12:03:27,150 - VBJDU18422021801 - DEBUG - 获取题目
2018-09-25 12:03:29,454 - VBJDU18422021801 - INFO - 第 2 题
2018-09-25 12:03:29,767 - VBJDU18422021801 - INFO - 东阿镇位于山东省的哪个城市？
2018-09-25 12:03:30,691 - VBJDU18422021801 - INFO - A.济南 B.青岛 C.烟台
2018-09-25 12:03:32,299 - VBJDU18422021801 - DEBUG - 在线检索答案
2018-09-25 12:03:32,299 - VBJDU18422021801 - INFO - 我的答案：济南
2018-09-25 12:03:32,910 - VBJDU18422021801 - DEBUG - 选择选项
2018-09-25 12:03:35,042 - VBJDU18422021801 - INFO - 答案正确
2018-09-25 12:03:35,045 - VBJDU18422021801 - DEBUG - 添加此题
2018-09-25 12:03:41,819 - VBJDU18422021801 - INFO - 本题结束
2018-09-25 12:03:41,821 - VBJDU18422021801 - DEBUG - 获取题目
2018-09-25 12:03:43,919 - VBJDU18422021801 - INFO - 第 3 题
2018-09-25 12:03:44,205 - VBJDU18422021801 - INFO - 诺贝尔奖有一项奖是在1969年才开始颁发的，请问是哪一项？
2018-09-25 12:03:45,151 - VBJDU18422021801 - INFO - A.化学 B.经济 C.文学
2018-09-25 12:03:46,031 - VBJDU18422021801 - DEBUG - 在线检索答案
2018-09-25 12:03:46,031 - VBJDU18422021801 - INFO - 我的答案：经济
2018-09-25 12:03:46,706 - VBJDU18422021801 - DEBUG - 选择选项
2018-09-25 12:03:48,790 - VBJDU18422021801 - INFO - 答案正确
2018-09-25 12:03:48,795 - VBJDU18422021801 - DEBUG - 添加此题
2018-09-25 12:03:49,720 - VBJDU18422021801 - INFO - 本题结束
2018-09-25 12:03:49,720 - VBJDU18422021801 - DEBUG - 获取题目
2018-09-25 12:03:52,080 - VBJDU18422021801 - INFO - 第 4 题
2018-09-25 12:03:52,387 - VBJDU18422021801 - INFO - 从三双不同袜子中任意取出两只，恰好是同一双的概率是？
2018-09-25 12:03:53,279 - VBJDU18422021801 - INFO - A.六分之一 B.三分之一 C.五分之一
2018-09-25 12:03:55,025 - VBJDU18422021801 - DEBUG - 在线检索答案
2018-09-25 12:03:55,025 - VBJDU18422021801 - INFO - 我的答案：六分之一
2018-09-25 12:03:55,651 - VBJDU18422021801 - DEBUG - 选择选项
2018-09-25 12:03:57,817 - VBJDU18422021801 - INFO - 答案错误
2018-09-25 12:03:58,029 - VBJDU18422021801 - INFO - 正确答案；五分之一
2018-09-25 12:03:58,042 - VBJDU18422021801 - DEBUG - 添加此题
2018-09-25 12:04:04,350 - VBJDU18422021801 - INFO - 本题结束
2018-09-25 12:04:04,357 - VBJDU18422021801 - DEBUG - 获取题目
2018-09-25 12:04:06,603 - VBJDU18422021801 - INFO - 第 5 题
2018-09-25 12:04:06,921 - VBJDU18422021801 - INFO - 二战时期，美国海军哪一个驱逐舰舰级的驱逐舰生产的总数最多？
2018-09-25 12:04:07,861 - VBJDU18422021801 - INFO - A.斯普鲁恩斯级 B.阿利伯克级 C.弗莱彻级
2018-09-25 12:04:09,998 - VBJDU18422021801 - DEBUG - 在线检索答案
2018-09-25 12:04:09,999 - VBJDU18422021801 - INFO - 我的答案：弗莱彻级
2018-09-25 12:04:10,690 - VBJDU18422021801 - DEBUG - 选择选项
2018-09-25 12:04:12,816 - VBJDU18422021801 - INFO - 答案正确
2018-09-25 12:04:12,818 - VBJDU18422021801 - DEBUG - 添加此题
2018-09-25 12:04:18,546 - VBJDU18422021801 - INFO - 本题结束
2018-09-25 12:04:19,780 - VBJDU18422021801 - INFO - 本场比赛结束
2018-09-25 12:04:19,824 - VBJDU18422021801 - INFO - 返回游戏页面
2018-09-25 12:04:21,334 - VBJDU18422021801 - INFO - 进入排位赛
2018-09-25 12:04:21,337 - VBJDU18422021801 - INFO - 正在匹配中......
2018-09-25 12:05:42,674 - VBJDU18422021801 - INFO - 匹配成功
2018-09-25 12:05:42,690 - VBJDU18422021801 - DEBUG - 获取题目
2018-09-25 12:05:43,966 - VBJDU18422021801 - INFO - 第 1 题
2018-09-25 12:05:44,260 - VBJDU18422021801 - INFO - 下面哪一个城市不属于华北地区城市？
2018-09-25 12:05:45,217 - VBJDU18422021801 - INFO - A.鄂尔多斯 B.西安 C.石家庄
2018-09-25 12:05:45,230 - VBJDU18422021801 - DEBUG - 数据库中检索答案
2018-09-25 12:05:45,230 - VBJDU18422021801 - INFO - 我的答案：西安
2018-09-25 12:05:45,876 - VBJDU18422021801 - DEBUG - 选择选项
2018-09-25 12:05:48,002 - VBJDU18422021801 - INFO - 答案正确
2018-09-25 12:05:51,600 - VBJDU18422021801 - INFO - 本题结束
2018-09-25 12:05:51,609 - VBJDU18422021801 - DEBUG - 获取题目
2018-09-25 12:05:53,644 - VBJDU18422021801 - INFO - 第 2 题
2018-09-25 12:05:54,126 - VBJDU18422021801 - INFO - 哪位名人的喜剧《第十二夜》是从圣诞节的“第十二夜”来的
2018-09-25 12:05:55,009 - VBJDU18422021801 - INFO - A.狄更斯 B.莎士比亚 C.雨果
2018-09-25 12:05:56,188 - VBJDU18422021801 - DEBUG - 在线检索答案
2018-09-25 12:05:56,188 - VBJDU18422021801 - INFO - 我的答案：莎士比亚
2018-09-25 12:05:56,929 - VBJDU18422021801 - DEBUG - 选择选项
2018-09-25 12:05:59,076 - VBJDU18422021801 - INFO - 答案正确
2018-09-25 12:05:59,083 - VBJDU18422021801 - DEBUG - 添加此题
2018-09-25 12:06:00,831 - VBJDU18422021801 - INFO - 本题结束
2018-09-25 12:06:00,831 - VBJDU18422021801 - DEBUG - 获取题目
2018-09-25 12:06:02,976 - VBJDU18422021801 - INFO - 第 3 题
2018-09-25 12:06:03,329 - VBJDU18422021801 - INFO - 以下哪一个是流行在回、藏、蒙古族等民族的歌曲？
2018-09-25 12:06:04,288 - VBJDU18422021801 - INFO - A.草儿 B.花儿 C.鸟儿
2018-09-25 12:06:04,311 - VBJDU18422021801 - DEBUG - 数据库中检索答案
2018-09-25 12:06:04,311 - VBJDU18422021801 - INFO - 我的答案：花儿
2018-09-25 12:06:05,031 - VBJDU18422021801 - DEBUG - 选择选项
2018-09-25 12:06:07,224 - VBJDU18422021801 - INFO - 答案正确
2018-09-25 12:06:08,161 - VBJDU18422021801 - INFO - 本题结束
2018-09-25 12:06:08,174 - VBJDU18422021801 - DEBUG - 获取题目
2018-09-25 12:06:10,365 - VBJDU18422021801 - INFO - 第 4 题
2018-09-25 12:06:10,652 - VBJDU18422021801 - INFO - 以下哪位女性的名字被用来命名外太空环形山？
2018-09-25 12:06:11,524 - VBJDU18422021801 - INFO - A.班昭 B.鱼玄机 C.李清照
2018-09-25 12:06:12,449 - VBJDU18422021801 - DEBUG - 在线检索答案
2018-09-25 12:06:12,449 - VBJDU18422021801 - INFO - 我的答案：班昭
2018-09-25 12:06:13,103 - VBJDU18422021801 - DEBUG - 选择选项
2018-09-25 12:06:15,132 - VBJDU18422021801 - INFO - 答案错误
2018-09-25 12:06:15,344 - VBJDU18422021801 - INFO - 正确答案；李清照
2018-09-25 12:06:15,348 - VBJDU18422021801 - DEBUG - 添加此题
2018-09-25 12:06:15,954 - VBJDU18422021801 - INFO - 本题结束
2018-09-25 12:06:15,955 - VBJDU18422021801 - DEBUG - 获取题目
2018-09-25 12:06:18,201 - VBJDU18422021801 - INFO - 第 5 题
2018-09-25 12:06:18,505 - VBJDU18422021801 - INFO - 哪一个不是世界前三大炼油都市
2018-09-25 12:06:19,440 - VBJDU18422021801 - INFO - A.也门 B.新加坡 C.休斯顿
2018-09-25 12:06:21,063 - VBJDU18422021801 - DEBUG - 在线检索答案
2018-09-25 12:06:21,063 - VBJDU18422021801 - INFO - 我的答案：休斯顿
2018-09-25 12:06:21,756 - VBJDU18422021801 - DEBUG - 选择选项
2018-09-25 12:06:23,855 - VBJDU18422021801 - INFO - 答案错误
2018-09-25 12:06:23,992 - VBJDU18422021801 - INFO - 正确答案；也门
2018-09-25 12:06:23,999 - VBJDU18422021801 - DEBUG - 添加此题
2018-09-25 12:06:25,241 - VBJDU18422021801 - INFO - 本题结束
2018-09-25 12:06:26,471 - VBJDU18422021801 - INFO - 本场比赛结束
2018-09-25 12:06:26,523 - VBJDU18422021801 - INFO - 返回游戏页面
2018-09-25 12:06:28,166 - VBJDU18422021801 - INFO - 进入排位赛
2018-09-25 12:06:28,175 - VBJDU18422021801 - INFO - 正在匹配中......
2018-09-25 12:10:01,793 - VBJDU18422021801 - INFO - 停止UC浏览器
2018-09-25 12:10:01,930 - VBJDU18422021801 - DEBUG - 返回主页面
2018-09-25 12:10:02,713 - VBJDU18422021801 - DEBUG - 打开UC浏览器
2018-09-25 12:10:05,593 - VBJDU18422021801 - DEBUG - 进入用户页面
2018-09-25 12:10:06,697 - VBJDU18422021801 - DEBUG - 进入游戏页面1
2018-09-25 12:10:08,953 - VBJDU18422021801 - DEBUG - 进入游戏页面2
2018-09-25 12:10:12,134 - VBJDU18422021801 - INFO - 选择游戏
2018-09-25 12:10:13,547 - VBJDU18422021801 - INFO - 进入排位赛
2018-09-25 12:10:13,552 - VBJDU18422021801 - INFO - 正在匹配中......
2018-09-25 12:10:46,601 - VBJDU18422021801 - INFO - 匹配成功
2018-09-25 12:10:46,603 - VBJDU18422021801 - DEBUG - 获取题目
2018-09-25 12:10:47,308 - VBJDU18422021801 - INFO - 第 1 题
2018-09-25 12:10:48,675 - VBJDU18422021801 - INFO - 唐都长安城有市有坊，其中“坊”指的是什么区域？
2018-09-25 12:10:49,658 - VBJDU18422021801 - INFO - A.内廷 B.禁苑 C.住宅区
2018-09-25 12:10:50,597 - VBJDU18422021801 - DEBUG - 在线检索答案
2018-09-25 12:10:50,597 - VBJDU18422021801 - INFO - 我的答案：住宅区
2018-09-25 12:10:51,298 - VBJDU18422021801 - DEBUG - 选择选项
2018-09-25 12:10:53,410 - VBJDU18422021801 - INFO - 答案正确
2018-09-25 12:10:53,424 - VBJDU18422021801 - DEBUG - 添加此题
2018-09-25 12:11:01,566 - VBJDU18422021801 - INFO - 本题结束
2018-09-25 12:11:01,572 - VBJDU18422021801 - DEBUG - 获取题目
2018-09-25 12:11:03,889 - VBJDU18422021801 - INFO - 第 2 题
2018-09-25 12:11:04,192 - VBJDU18422021801 - INFO - 乒乓球运动员许昕的绰号是什么？
2018-09-25 12:11:05,208 - VBJDU18422021801 - INFO - A.洪荒少女 B.大白杨 C.大蟒
2018-09-25 12:11:05,959 - VBJDU18422021801 - DEBUG - 在线检索答案
2018-09-25 12:11:05,959 - VBJDU18422021801 - INFO - 我的答案：大蟒
2018-09-25 12:11:06,654 - VBJDU18422021801 - DEBUG - 选择选项
2018-09-25 12:11:08,842 - VBJDU18422021801 - INFO - 答案正确
2018-09-25 12:11:08,842 - VBJDU18422021801 - DEBUG - 添加此题
2018-09-25 12:11:09,712 - VBJDU18422021801 - INFO - 本题结束
2018-09-25 12:11:09,712 - VBJDU18422021801 - DEBUG - 获取题目
2018-09-25 12:11:12,010 - VBJDU18422021801 - INFO - 第 3 题
2018-09-25 12:11:12,353 - VBJDU18422021801 - INFO - 一个三位数，十位数是个位数的2倍，百位数是个位数的3倍，有几种情况？
2018-09-25 12:11:13,360 - VBJDU18422021801 - INFO - A.4种 B.1种 C.3种
2018-09-25 12:11:14,647 - VBJDU18422021801 - DEBUG - 未检索到答案
2018-09-25 12:11:14,647 - VBJDU18422021801 - INFO - 我的答案：4种
2018-09-25 12:11:15,311 - VBJDU18422021801 - DEBUG - 选择选项
2018-09-25 12:11:17,422 - VBJDU18422021801 - INFO - 答案错误
2018-09-25 12:11:17,636 - VBJDU18422021801 - INFO - 正确答案；3种
2018-09-25 12:11:17,638 - VBJDU18422021801 - DEBUG - 添加此题
2018-09-25 12:11:22,401 - VBJDU18422021801 - INFO - 本题结束
2018-09-25 12:11:22,408 - VBJDU18422021801 - DEBUG - 获取题目
2018-09-25 12:11:24,577 - VBJDU18422021801 - INFO - 第 4 题
2018-09-25 12:11:24,946 - VBJDU18422021801 - INFO - ST股是指什么股？
2018-09-25 12:11:25,956 - VBJDU18422021801 - INFO - A.赢利 B.亏损 C.蓝筹股
2018-09-25 12:11:25,987 - VBJDU18422021801 - DEBUG - 数据库中检索答案
2018-09-25 12:11:25,987 - VBJDU18422021801 - INFO - 我的答案：亏损
2018-09-25 12:11:26,578 - VBJDU18422021801 - DEBUG - 选择选项
2018-09-25 12:11:28,642 - VBJDU18422021801 - INFO - 答案正确
2018-09-25 12:11:30,041 - VBJDU18422021801 - INFO - 本题结束
2018-09-25 12:11:30,051 - VBJDU18422021801 - DEBUG - 获取题目
2018-09-25 12:11:32,310 - VBJDU18422021801 - INFO - 第 5 题
2018-09-25 12:11:32,633 - VBJDU18422021801 - INFO - 苹果公司飞船总部大楼由谁设计？
2018-09-25 12:11:33,518 - VBJDU18422021801 - INFO - A.乔纳森 B.乔布斯 C.诺曼
2018-09-25 12:11:34,228 - VBJDU18422021801 - DEBUG - 在线检索答案
2018-09-25 12:11:34,228 - VBJDU18422021801 - INFO - 我的答案：乔布斯
2018-09-25 12:11:34,872 - VBJDU18422021801 - DEBUG - 选择选项
2018-09-25 12:11:37,016 - VBJDU18422021801 - INFO - 答案错误
2018-09-25 12:11:37,227 - VBJDU18422021801 - INFO - 正确答案；诺曼
2018-09-25 12:11:37,237 - VBJDU18422021801 - DEBUG - 添加此题
2018-09-25 12:11:42,061 - VBJDU18422021801 - INFO - 本题结束
2018-09-25 12:11:43,294 - VBJDU18422021801 - INFO - 本场比赛结束
2018-09-25 12:11:43,354 - VBJDU18422021801 - INFO - 返回游戏页面
2018-09-25 12:11:44,992 - VBJDU18422021801 - INFO - 进入排位赛
2018-09-25 12:11:44,992 - VBJDU18422021801 - INFO - 正在匹配中......
2018-09-25 12:12:06,288 - VBJDU18422021801 - INFO - 匹配成功
2018-09-25 12:12:06,299 - VBJDU18422021801 - DEBUG - 获取题目
2018-09-25 12:12:07,709 - VBJDU18422021801 - INFO - 第 1 题
2018-09-25 12:12:08,076 - VBJDU18422021801 - INFO - 中国超模雎晓雯第一次参加维密大秀是哪一年？
2018-09-25 12:12:09,066 - VBJDU18422021801 - INFO - A.2017年 B.2014年 C.2016年
2018-09-25 12:12:09,073 - VBJDU18422021801 - DEBUG - 数据库中检索答案
2018-09-25 12:12:09,073 - VBJDU18422021801 - INFO - 我的答案：2016年
2018-09-25 12:12:09,749 - VBJDU18422021801 - DEBUG - 选择选项
2018-09-25 12:12:11,844 - VBJDU18422021801 - INFO - 答案正确
2018-09-25 12:12:14,973 - VBJDU18422021801 - INFO - 本题结束
2018-09-25 12:12:14,974 - VBJDU18422021801 - DEBUG - 获取题目
2018-09-25 12:12:17,114 - VBJDU18422021801 - INFO - 第 2 题
2018-09-25 12:12:17,462 - VBJDU18422021801 - INFO - “花月总随琴在席”的下一句是？
2018-09-25 12:12:18,403 - VBJDU18422021801 - INFO - A.只似南都旧礼郎 B.草书都与印盛箱 C.村歌晓日茶初出
2018-09-25 12:12:19,276 - VBJDU18422021801 - DEBUG - 在线检索答案
2018-09-25 12:12:19,276 - VBJDU18422021801 - INFO - 我的答案：草书都与印盛箱
2018-09-25 12:12:19,923 - VBJDU18422021801 - DEBUG - 选择选项
2018-09-25 12:12:21,967 - VBJDU18422021801 - INFO - 答案正确
2018-09-25 12:12:21,984 - VBJDU18422021801 - DEBUG - 添加此题
2018-09-25 12:12:26,786 - VBJDU18422021801 - INFO - 本题结束
2018-09-25 12:12:26,787 - VBJDU18422021801 - DEBUG - 获取题目
2018-09-25 12:12:28,831 - VBJDU18422021801 - INFO - 第 3 题
2018-09-25 12:12:29,135 - VBJDU18422021801 - INFO - 《长门赋》的作者司马相如的出生地是哪里？
2018-09-25 12:12:30,182 - VBJDU18422021801 - INFO - A.长安 B.蓬州 C.成都
2018-09-25 12:12:31,811 - VBJDU18422021801 - DEBUG - 在线检索答案
2018-09-25 12:12:31,811 - VBJDU18422021801 - INFO - 我的答案：成都
2018-09-25 12:12:32,382 - VBJDU18422021801 - DEBUG - 选择选项
2018-09-25 12:12:34,606 - VBJDU18422021801 - INFO - 答案正确
2018-09-25 12:12:34,612 - VBJDU18422021801 - DEBUG - 添加此题
2018-09-25 12:12:35,852 - VBJDU18422021801 - INFO - 本题结束
2018-09-25 12:12:35,863 - VBJDU18422021801 - DEBUG - 获取题目
2018-09-25 12:12:38,166 - VBJDU18422021801 - INFO - 第 4 题
2018-09-25 12:12:38,459 - VBJDU18422021801 - INFO - 下面哪支西甲球队不属于马德里地区？
2018-09-25 12:12:39,383 - VBJDU18422021801 - INFO - A.莱加内斯 B.马拉加 C.赫塔菲
2018-09-25 12:12:40,171 - VBJDU18422021801 - DEBUG - 在线检索答案
2018-09-25 12:12:40,171 - VBJDU18422021801 - INFO - 我的答案：马拉加
2018-09-25 12:12:40,808 - VBJDU18422021801 - DEBUG - 选择选项
2018-09-25 12:12:42,891 - VBJDU18422021801 - INFO - 答案正确
2018-09-25 12:12:42,893 - VBJDU18422021801 - DEBUG - 添加此题
2018-09-25 12:12:47,693 - VBJDU18422021801 - INFO - 本题结束
2018-09-25 12:12:47,699 - VBJDU18422021801 - DEBUG - 获取题目
2018-09-25 12:12:49,723 - VBJDU18422021801 - INFO - 第 5 题
2018-09-25 12:12:50,034 - VBJDU18422021801 - INFO - “不是我们有多强，而是我们走得足够稳”是哪位大佬的新年致辞？
2018-09-25 12:12:50,938 - VBJDU18422021801 - INFO - A.郭广昌 B.张近东 C.刘强东
2018-09-25 12:12:52,564 - VBJDU18422021801 - DEBUG - 在线检索答案
2018-09-25 12:12:52,564 - VBJDU18422021801 - INFO - 我的答案：郭广昌
2018-09-25 12:12:53,208 - VBJDU18422021801 - DEBUG - 选择选项
2018-09-25 12:12:55,319 - VBJDU18422021801 - INFO - 答案正确
2018-09-25 12:12:55,321 - VBJDU18422021801 - DEBUG - 添加此题
2018-09-25 12:12:57,189 - VBJDU18422021801 - INFO - 本题结束
2018-09-25 12:12:58,395 - VBJDU18422021801 - INFO - 本场比赛结束
2018-09-25 12:12:58,439 - VBJDU18422021801 - INFO - 返回游戏页面
2018-09-25 12:13:00,108 - VBJDU18422021801 - INFO - 进入排位赛
2018-09-25 12:13:00,117 - VBJDU18422021801 - INFO - 正在匹配中......
2018-09-25 12:13:28,875 - VBJDU18422021801 - INFO - 匹配成功
2018-09-25 12:13:28,881 - VBJDU18422021801 - DEBUG - 获取题目
2018-09-25 12:13:29,557 - VBJDU18422021801 - INFO - 第 1 题
2018-09-25 12:13:29,916 - VBJDU18422021801 - INFO - 徐悲鸿是以画什么出名的
2018-09-25 12:13:30,897 - VBJDU18422021801 - INFO - A.人物肖像 B.虾 C.马
2018-09-25 12:13:32,299 - VBJDU18422021801 - DEBUG - 在线检索答案
2018-09-25 12:13:32,299 - VBJDU18422021801 - INFO - 我的答案：马
2018-09-25 12:13:33,154 - VBJDU18422021801 - DEBUG - 选择选项
2018-09-25 12:13:35,219 - VBJDU18422021801 - INFO - 答案正确
2018-09-25 12:13:35,237 - VBJDU18422021801 - DEBUG - 添加此题
2018-09-25 12:13:36,841 - VBJDU18422021801 - INFO - 本题结束
2018-09-25 12:13:36,843 - VBJDU18422021801 - DEBUG - 获取题目
2018-09-25 12:13:38,303 - VBJDU18422021801 - INFO - 第 2 题
2018-09-25 12:13:38,616 - VBJDU18422021801 - INFO - 双飞燕是：
2018-09-25 12:13:39,601 - VBJDU18422021801 - INFO - A.国际象棋术语 B.中国象棋术语 C.围棋术语
2018-09-25 12:13:40,186 - VBJDU18422021801 - DEBUG - 未检索到答案
2018-09-25 12:13:40,186 - VBJDU18422021801 - INFO - 我的答案：国际象棋术语
2018-09-25 12:13:40,960 - VBJDU18422021801 - DEBUG - 选择选项
2018-09-25 12:13:42,988 - VBJDU18422021801 - INFO - 答案错误
2018-09-25 12:13:43,227 - VBJDU18422021801 - INFO - 正确答案；围棋术语
2018-09-25 12:13:43,239 - VBJDU18422021801 - DEBUG - 添加此题
2018-09-25 12:13:44,450 - VBJDU18422021801 - INFO - 本题结束
2018-09-25 12:13:44,452 - VBJDU18422021801 - DEBUG - 获取题目
2018-09-25 12:13:46,615 - VBJDU18422021801 - INFO - 第 3 题
2018-09-25 12:13:46,912 - VBJDU18422021801 - INFO - 《极速前进》第四季的总冠军是？
2018-09-25 12:13:47,856 - VBJDU18422021801 - INFO - A.吴敏霞、张效诚 B.范冰冰、谢依霖 C.贾静雯、修杰楷
2018-09-25 12:13:48,663 - VBJDU18422021801 - DEBUG - 未检索到答案
2018-09-25 12:13:48,663 - VBJDU18422021801 - INFO - 我的答案：吴敏霞、张效诚
2018-09-25 12:13:49,303 - VBJDU18422021801 - DEBUG - 选择选项
2018-09-25 12:13:51,296 - VBJDU18422021801 - INFO - 答案错误
2018-09-25 12:13:51,500 - VBJDU18422021801 - INFO - 正确答案；贾静雯、修杰楷
2018-09-25 12:13:51,511 - VBJDU18422021801 - DEBUG - 添加此题
2018-09-25 12:13:52,837 - VBJDU18422021801 - INFO - 本题结束
2018-09-25 12:13:52,837 - VBJDU18422021801 - DEBUG - 获取题目
2018-09-25 12:13:55,180 - VBJDU18422021801 - INFO - 第 4 题
2018-09-25 12:13:55,486 - VBJDU18422021801 - INFO - 以下史书中不属编年体的是？
2018-09-25 12:13:56,369 - VBJDU18422021801 - INFO - A.春秋 B.史记 C.左传
2018-09-25 12:13:56,387 - VBJDU18422021801 - DEBUG - 数据库中检索答案
2018-09-25 12:13:56,387 - VBJDU18422021801 - INFO - 我的答案：史记
2018-09-25 12:13:57,085 - VBJDU18422021801 - DEBUG - 选择选项
2018-09-25 12:13:59,208 - VBJDU18422021801 - INFO - 答案正确
2018-09-25 12:14:02,230 - VBJDU18422021801 - INFO - 本题结束
2018-09-25 12:14:02,231 - VBJDU18422021801 - DEBUG - 获取题目
2018-09-25 12:14:04,454 - VBJDU18422021801 - INFO - 第 5 题
2018-09-25 12:14:04,740 - VBJDU18422021801 - INFO - 截至2018年，央视春晚已举办了多少届？
2018-09-25 12:14:05,677 - VBJDU18422021801 - INFO - A.33次 B.34次 C.35次
2018-09-25 12:14:05,693 - VBJDU18422021801 - DEBUG - 数据库中检索答案
2018-09-25 12:14:05,693 - VBJDU18422021801 - INFO - 我的答案：34次
2018-09-25 12:14:06,317 - VBJDU18422021801 - DEBUG - 选择选项
2018-09-25 12:14:08,422 - VBJDU18422021801 - INFO - 答案正确
2018-09-25 12:14:15,570 - VBJDU18422021801 - INFO - 本题结束
2018-09-25 12:14:16,756 - VBJDU18422021801 - INFO - 本场比赛结束
2018-09-25 12:14:16,806 - VBJDU18422021801 - INFO - 返回游戏页面
2018-09-25 12:14:18,419 - VBJDU18422021801 - INFO - 进入排位赛
2018-09-25 12:14:18,429 - VBJDU18422021801 - INFO - 正在匹配中......
2018-09-25 12:16:35,460 - VBJDU18422021801 - INFO - 匹配成功
2018-09-25 12:16:35,465 - VBJDU18422021801 - DEBUG - 获取题目
2018-09-25 12:16:36,649 - VBJDU18422021801 - INFO - 第 1 题
2018-09-25 12:16:36,984 - VBJDU18422021801 - INFO - 美军在太平洋战争中损失的最后一艘大型战舰是？
2018-09-25 12:16:37,902 - VBJDU18422021801 - INFO - A.印第安纳波利斯号 B.新奥尔良号 C.威奇塔号
2018-09-25 12:16:38,670 - VBJDU18422021801 - DEBUG - 在线检索答案
2018-09-25 12:16:38,670 - VBJDU18422021801 - INFO - 我的答案：印第安纳波利斯号
2018-09-25 12:16:39,447 - VBJDU18422021801 - DEBUG - 选择选项
2018-09-25 12:16:42,092 - VBJDU18422021801 - INFO - 答案正确
2018-09-25 12:16:42,094 - VBJDU18422021801 - DEBUG - 添加此题
2018-09-25 12:16:42,656 - VBJDU18422021801 - INFO - 本题结束
2018-09-25 12:16:42,668 - VBJDU18422021801 - DEBUG - 获取题目
2018-09-25 12:16:44,688 - VBJDU18422021801 - INFO - 第 2 题
2018-09-25 12:16:44,991 - VBJDU18422021801 - INFO - 电影《龙门飞甲》中陈坤饰演的西厂督主叫什么？
2018-09-25 12:16:45,906 - VBJDU18422021801 - INFO - A.田化雨 B.雨田化 C.雨化田
2018-09-25 12:16:47,278 - VBJDU18422021801 - DEBUG - 在线检索答案
2018-09-25 12:16:47,278 - VBJDU18422021801 - INFO - 我的答案：雨化田
2018-09-25 12:16:47,941 - VBJDU18422021801 - DEBUG - 选择选项
2018-09-25 12:16:50,117 - VBJDU18422021801 - INFO - 答案正确
2018-09-25 12:16:50,131 - VBJDU18422021801 - DEBUG - 添加此题
2018-09-25 12:16:52,176 - VBJDU18422021801 - INFO - 本题结束
2018-09-25 12:16:52,187 - VBJDU18422021801 - DEBUG - 获取题目
2018-09-25 12:16:54,351 - VBJDU18422021801 - INFO - 第 3 题
2018-09-25 12:16:54,700 - VBJDU18422021801 - INFO - 以下哪个机构是美国航空航天局真实存在的机构？
2018-09-25 12:16:55,587 - VBJDU18422021801 - INFO - A.行星防御办公室 B.外星人防御办公室 C.火星人防御办公室
2018-09-25 12:16:55,599 - VBJDU18422021801 - DEBUG - 数据库中检索答案
2018-09-25 12:16:55,599 - VBJDU18422021801 - INFO - 我的答案：行星防御办公室
2018-09-25 12:16:56,238 - VBJDU18422021801 - DEBUG - 选择选项
2018-09-25 12:16:58,319 - VBJDU18422021801 - INFO - 答案正确
2018-09-25 12:17:02,041 - VBJDU18422021801 - INFO - 本题结束
2018-09-25 12:17:02,055 - VBJDU18422021801 - DEBUG - 获取题目
2018-09-25 12:17:04,341 - VBJDU18422021801 - INFO - 第 4 题
2018-09-25 12:17:04,715 - VBJDU18422021801 - INFO - 春节三人又聚首（打一字谜）
2018-09-25 12:17:05,649 - VBJDU18422021801 - INFO - A.最 B.摄 C.撮
2018-09-25 12:17:07,225 - VBJDU18422021801 - DEBUG - 在线检索答案
2018-09-25 12:17:07,225 - VBJDU18422021801 - INFO - 我的答案：最
2018-09-25 12:17:07,857 - VBJDU18422021801 - DEBUG - 选择选项
2018-09-25 12:17:09,932 - VBJDU18422021801 - INFO - 答案正确
2018-09-25 12:17:09,945 - VBJDU18422021801 - DEBUG - 添加此题
2018-09-25 12:17:10,784 - VBJDU18422021801 - INFO - 本题结束
2018-09-25 12:17:10,784 - VBJDU18422021801 - DEBUG - 获取题目
2018-09-25 12:17:13,003 - VBJDU18422021801 - INFO - 第 5 题
2018-09-25 12:17:13,296 - VBJDU18422021801 - INFO - "宇宙流”是哪位棋手的棋风？
2018-09-25 12:17:14,213 - VBJDU18422021801 - INFO - A.武宫正树 B.小林觉 C.小林光一
2018-09-25 12:22:44,478 - VBJDU18422021801 - INFO - 停止UC浏览器
2018-09-25 12:22:44,539 - VBJDU18422021801 - DEBUG - 返回主页面
2018-09-25 12:22:45,071 - VBJDU18422021801 - DEBUG - 打开UC浏览器
2018-09-25 12:29:11,624 - VBJDU18422021801 - INFO - 停止UC浏览器
2018-09-25 12:29:11,657 - VBJDU18422021801 - DEBUG - 返回主页面
2018-09-25 12:29:12,137 - VBJDU18422021801 - DEBUG - 打开UC浏览器
2018-09-25 12:29:14,456 - VBJDU18422021801 - DEBUG - 进入用户页面
2018-09-25 12:29:15,412 - VBJDU18422021801 - DEBUG - 进入游戏页面1
2018-09-25 12:29:17,842 - VBJDU18422021801 - DEBUG - 进入游戏页面2
2018-09-25 12:29:20,310 - VBJDU18422021801 - INFO - 选择游戏
2018-09-25 12:29:22,352 - VBJDU18422021801 - INFO - 进入排位赛
2018-09-25 12:29:22,356 - VBJDU18422021801 - INFO - 正在匹配中......
2018-09-25 12:29:25,994 - VBJDU18422021801 - INFO - 匹配成功
2018-09-25 12:29:25,997 - VBJDU18422021801 - DEBUG - 获取题目
2018-09-25 12:29:27,624 - VBJDU18422021801 - INFO - 第 1 题
2018-09-25 12:29:27,912 - VBJDU18422021801 - INFO - 下列哪一条军事原则是《孙子兵法》强调的？
2018-09-25 12:29:28,881 - VBJDU18422021801 - INFO - A.攻其无备，出其不意 B.积极防御，诱敌深入 C.保存自己，消灭敌人
2018-09-25 12:29:30,299 - VBJDU18422021801 - DEBUG - 未检索到答案
2018-09-25 12:29:30,299 - VBJDU18422021801 - INFO - 我的答案：攻其无备，出其不意
2018-09-25 12:29:31,027 - VBJDU18422021801 - DEBUG - 选择选项
2018-09-25 12:29:33,145 - VBJDU18422021801 - INFO - 答案正确
2018-09-25 12:29:33,147 - VBJDU18422021801 - DEBUG - 添加此题
2018-09-25 12:29:34,025 - VBJDU18422021801 - INFO - 本题结束
2018-09-25 12:29:34,026 - VBJDU18422021801 - DEBUG - 获取题目
2018-09-25 12:29:36,378 - VBJDU18422021801 - INFO - 第 2 题
2018-09-25 12:29:36,701 - VBJDU18422021801 - INFO - “逍客”属于下列哪种车型？
2018-09-25 12:29:37,760 - VBJDU18422021801 - INFO - A.紧凑型SUV B.皮卡 C.中型SUV
2018-09-25 12:29:38,586 - VBJDU18422021801 - DEBUG - 在线检索答案
2018-09-25 12:29:38,586 - VBJDU18422021801 - INFO - 我的答案：紧凑型SUV
2018-09-25 12:29:39,200 - VBJDU18422021801 - DEBUG - 选择选项
2018-09-25 12:29:41,297 - VBJDU18422021801 - INFO - 答案正确
2018-09-25 12:29:41,300 - VBJDU18422021801 - DEBUG - 添加此题
2018-09-25 12:29:51,210 - VBJDU18422021801 - INFO - 本题结束
2018-09-25 12:29:51,211 - VBJDU18422021801 - DEBUG - 获取题目
2018-09-25 12:29:53,419 - VBJDU18422021801 - INFO - 第 3 题
2018-09-25 12:29:53,714 - VBJDU18422021801 - INFO - 锤子科技创始人是？
2018-09-25 12:29:54,747 - VBJDU18422021801 - INFO - A.罗永浩 B.罗振宇 C.罗丰时
2018-09-25 12:29:56,014 - VBJDU18422021801 - DEBUG - 在线检索答案
2018-09-25 12:29:56,014 - VBJDU18422021801 - INFO - 我的答案：罗永浩
2018-09-25 12:29:56,675 - VBJDU18422021801 - DEBUG - 选择选项
2018-09-25 12:29:58,701 - VBJDU18422021801 - INFO - 答案正确
2018-09-25 12:29:58,705 - VBJDU18422021801 - DEBUG - 添加此题
2018-09-25 12:30:08,291 - VBJDU18422021801 - INFO - 本题结束
2018-09-25 12:30:08,292 - VBJDU18422021801 - DEBUG - 获取题目
2018-09-25 12:30:10,604 - VBJDU18422021801 - INFO - 第 4 题
2018-09-25 12:30:10,976 - VBJDU18422021801 - INFO - 我国古代，将天空划分为多少星宿？
2018-09-25 12:30:11,955 - VBJDU18422021801 - INFO - A.28个 B.48个 C.18个
2018-09-25 12:30:12,698 - VBJDU18422021801 - DEBUG - 在线检索答案
2018-09-25 12:30:12,698 - VBJDU18422021801 - INFO - 我的答案：28个
2018-09-25 12:30:13,394 - VBJDU18422021801 - DEBUG - 选择选项
2018-09-25 12:30:15,504 - VBJDU18422021801 - INFO - 答案正确
2018-09-25 12:30:15,510 - VBJDU18422021801 - DEBUG - 添加此题
2018-09-25 12:30:25,366 - VBJDU18422021801 - INFO - 本题结束
2018-09-25 12:30:25,368 - VBJDU18422021801 - DEBUG - 获取题目
2018-09-25 12:30:27,669 - VBJDU18422021801 - INFO - 第 5 题
2018-09-25 12:30:28,012 - VBJDU18422021801 - INFO - 物质的量的单位是
2018-09-25 12:30:28,972 - VBJDU18422021801 - INFO - A.摩尔 B.克 C.毫升
2018-09-25 12:30:29,391 - VBJDU18422021801 - DEBUG - 在线检索答案
2018-09-25 12:30:29,391 - VBJDU18422021801 - INFO - 我的答案：摩尔
2018-09-25 12:30:30,081 - VBJDU18422021801 - DEBUG - 选择选项
2018-09-25 12:30:32,287 - VBJDU18422021801 - INFO - 答案正确
2018-09-25 12:30:32,290 - VBJDU18422021801 - DEBUG - 添加此题
2018-09-25 12:30:42,533 - VBJDU18422021801 - INFO - 本题结束
2018-09-25 12:30:43,674 - VBJDU18422021801 - INFO - 本场比赛结束
2018-09-25 12:30:43,739 - VBJDU18422021801 - INFO - 返回游戏页面
2018-09-25 12:30:45,350 - VBJDU18422021801 - INFO - 进入排位赛
2018-09-25 12:30:45,355 - VBJDU18422021801 - INFO - 正在匹配中......
2018-09-25 12:31:24,057 - VBJDU18422021801 - INFO - 匹配成功
2018-09-25 12:31:24,061 - VBJDU18422021801 - DEBUG - 获取题目
2018-09-25 12:31:25,599 - VBJDU18422021801 - INFO - 第 1 题
2018-09-25 12:31:25,962 - VBJDU18422021801 - INFO - 脸上长勾子，头边绑扇子，四根粗柱子，一条小辫子 (打一动物)
2018-09-25 12:31:26,873 - VBJDU18422021801 - INFO - A.壁虎 B.蛇 C.大象
2018-09-25 12:31:28,568 - VBJDU18422021801 - DEBUG - 在线检索答案
2018-09-25 12:31:28,568 - VBJDU18422021801 - INFO - 我的答案：大象
2018-09-25 12:31:29,267 - VBJDU18422021801 - DEBUG - 选择选项
2018-09-25 12:31:31,311 - VBJDU18422021801 - INFO - 答案正确
2018-09-25 12:31:31,314 - VBJDU18422021801 - DEBUG - 添加此题
2018-09-25 12:31:32,876 - VBJDU18422021801 - INFO - 本题结束
2018-09-25 12:31:32,878 - VBJDU18422021801 - DEBUG - 获取题目
2018-09-25 12:31:34,556 - VBJDU18422021801 - INFO - 第 2 题
2018-09-25 12:31:34,875 - VBJDU18422021801 - INFO - 中国第一枚邮票的是以什么图案为主图
2018-09-25 12:31:35,799 - VBJDU18422021801 - INFO - A.龙 B.牛 C.马
2018-09-25 12:31:36,631 - VBJDU18422021801 - DEBUG - 在线检索答案
2018-09-25 12:31:36,635 - VBJDU18422021801 - INFO - 我的答案：龙
2018-09-25 12:31:37,297 - VBJDU18422021801 - DEBUG - 选择选项
2018-09-25 12:31:39,409 - VBJDU18422021801 - INFO - 答案正确
2018-09-25 12:31:39,412 - VBJDU18422021801 - DEBUG - 添加此题
2018-09-25 12:31:40,304 - VBJDU18422021801 - INFO - 本题结束
2018-09-25 12:31:40,308 - VBJDU18422021801 - DEBUG - 获取题目
2018-09-25 12:31:42,557 - VBJDU18422021801 - INFO - 第 3 题
2018-09-25 12:31:42,920 - VBJDU18422021801 - INFO - 钻石商戴比尔斯的著名广告语「钻石恒久远」的下一句是？
2018-09-25 12:31:43,997 - VBJDU18422021801 - INFO - A.一颗永流传 B.一颗永真心 C.一颗永相随
2018-09-25 12:31:44,013 - VBJDU18422021801 - DEBUG - 数据库中检索答案
2018-09-25 12:31:44,013 - VBJDU18422021801 - INFO - 我的答案：一颗永流传
2018-09-25 12:31:44,687 - VBJDU18422021801 - DEBUG - 选择选项
2018-09-25 12:31:46,760 - VBJDU18422021801 - INFO - 答案正确
2018-09-25 12:31:48,782 - VBJDU18422021801 - INFO - 本题结束
2018-09-25 12:31:48,786 - VBJDU18422021801 - DEBUG - 获取题目
2018-09-25 12:31:51,049 - VBJDU18422021801 - INFO - 第 4 题
2018-09-25 12:31:51,347 - VBJDU18422021801 - INFO - 河南出土的商代文物“后母戊鼎”是什么材料制作的？ 
2018-09-25 12:31:52,372 - VBJDU18422021801 - INFO - A.黄铜 B.青铜 C.黑铜
2018-09-25 12:31:53,975 - VBJDU18422021801 - DEBUG - 在线检索答案
2018-09-25 12:31:53,975 - VBJDU18422021801 - INFO - 我的答案：青铜
2018-09-25 12:31:54,631 - VBJDU18422021801 - DEBUG - 选择选项
2018-09-25 12:31:56,751 - VBJDU18422021801 - INFO - 答案正确
2018-09-25 12:31:56,754 - VBJDU18422021801 - DEBUG - 添加此题
2018-09-25 12:31:58,818 - VBJDU18422021801 - INFO - 本题结束
2018-09-25 12:31:58,823 - VBJDU18422021801 - DEBUG - 获取题目
2018-09-25 12:32:01,145 - VBJDU18422021801 - INFO - 第 5 题
2018-09-25 12:32:01,482 - VBJDU18422021801 - INFO - 电视剧《家有儿女》中张一山饰演的角色是？
2018-09-25 12:32:02,436 - VBJDU18422021801 - INFO - A.夏雨 B.夏雪 C.刘星
2018-09-25 12:32:03,392 - VBJDU18422021801 - DEBUG - 在线检索答案
2018-09-25 12:32:03,392 - VBJDU18422021801 - INFO - 我的答案：刘星
2018-09-25 12:32:04,074 - VBJDU18422021801 - DEBUG - 选择选项
2018-09-25 12:32:06,185 - VBJDU18422021801 - INFO - 答案正确
2018-09-25 12:32:06,191 - VBJDU18422021801 - DEBUG - 添加此题
2018-09-25 12:32:06,898 - VBJDU18422021801 - INFO - 本题结束
2018-09-25 12:32:08,078 - VBJDU18422021801 - INFO - 本场比赛结束
2018-09-25 12:32:08,130 - VBJDU18422021801 - INFO - 返回游戏页面
2018-09-25 12:32:09,751 - VBJDU18422021801 - INFO - 进入排位赛
2018-09-25 12:32:09,755 - VBJDU18422021801 - INFO - 正在匹配中......
2018-09-25 12:32:31,488 - VBJDU18422021801 - INFO - 匹配成功
2018-09-25 12:32:31,491 - VBJDU18422021801 - DEBUG - 获取题目
2018-09-25 12:32:32,282 - VBJDU18422021801 - INFO - 第 1 题
2018-09-25 12:32:32,647 - VBJDU18422021801 - INFO - 唐代陆羽的（）问世是中国茶文化正式形成的主要标志。
2018-09-25 12:32:33,780 - VBJDU18422021801 - INFO - A.《茶经》 B.《本草纲目》 C.《中国名茶志》
2018-09-25 12:32:35,576 - VBJDU18422021801 - DEBUG - 在线检索答案
2018-09-25 12:32:35,577 - VBJDU18422021801 - INFO - 我的答案：《茶经》
2018-09-25 12:32:36,246 - VBJDU18422021801 - DEBUG - 选择选项
2018-09-25 12:32:38,412 - VBJDU18422021801 - INFO - 答案正确
2018-09-25 12:32:38,416 - VBJDU18422021801 - DEBUG - 添加此题
2018-09-25 12:32:39,167 - VBJDU18422021801 - INFO - 本题结束
2018-09-25 12:32:39,169 - VBJDU18422021801 - DEBUG - 获取题目
2018-09-25 12:32:41,480 - VBJDU18422021801 - INFO - 第 2 题
2018-09-25 12:32:41,850 - VBJDU18422021801 - INFO - 电子计算机发明于哪一年？
2018-09-25 12:32:43,002 - VBJDU18422021801 - INFO - A.1955 B.1946 C.1950
2018-09-25 12:32:43,015 - VBJDU18422021801 - DEBUG - 数据库中检索答案
2018-09-25 12:32:43,015 - VBJDU18422021801 - INFO - 我的答案：1946
2018-09-25 12:32:43,724 - VBJDU18422021801 - DEBUG - 选择选项
2018-09-25 12:32:45,888 - VBJDU18422021801 - INFO - 答案正确
2018-09-25 12:32:46,761 - VBJDU18422021801 - INFO - 本题结束
2018-09-25 12:32:46,765 - VBJDU18422021801 - DEBUG - 获取题目
2018-09-25 12:32:49,119 - VBJDU18422021801 - INFO - 第 3 题
2018-09-25 12:32:49,429 - VBJDU18422021801 - INFO - 首先发现“青霉素”的微生物学家是谁？
2018-09-25 12:32:50,501 - VBJDU18422021801 - INFO - A.弗莱明 B.巴斯德 C.瓦克斯曼
2018-09-25 12:32:51,322 - VBJDU18422021801 - DEBUG - 在线检索答案
2018-09-25 12:32:51,322 - VBJDU18422021801 - INFO - 我的答案：弗莱明
2018-09-25 12:32:51,975 - VBJDU18422021801 - DEBUG - 选择选项
2018-09-25 12:32:54,079 - VBJDU18422021801 - INFO - 答案正确
2018-09-25 12:32:54,085 - VBJDU18422021801 - DEBUG - 添加此题
2018-09-25 12:32:55,153 - VBJDU18422021801 - INFO - 本题结束
2018-09-25 12:32:55,156 - VBJDU18422021801 - DEBUG - 获取题目
2018-09-25 12:32:57,229 - VBJDU18422021801 - INFO - 第 4 题
2018-09-25 12:32:57,588 - VBJDU18422021801 - INFO - 每袋大米重75千克，100袋大米重多少吨？
2018-09-25 12:32:58,570 - VBJDU18422021801 - INFO - A.75吨 B.7500吨 C.7.5吨
2018-09-25 12:32:59,810 - VBJDU18422021801 - DEBUG - 未检索到答案
2018-09-25 12:32:59,810 - VBJDU18422021801 - INFO - 我的答案：75吨
2018-09-25 12:33:00,582 - VBJDU18422021801 - DEBUG - 选择选项
2018-09-25 12:33:02,698 - VBJDU18422021801 - INFO - 答案错误
2018-09-25 12:33:02,946 - VBJDU18422021801 - INFO - 正确答案；7.5吨
2018-09-25 12:33:02,949 - VBJDU18422021801 - DEBUG - 添加此题
2018-09-25 12:33:04,659 - VBJDU18422021801 - INFO - 本题结束
2018-09-25 12:33:04,665 - VBJDU18422021801 - DEBUG - 获取题目
2018-09-25 12:33:07,132 - VBJDU18422021801 - INFO - 第 5 题
2018-09-25 12:33:07,497 - VBJDU18422021801 - INFO - 河蚌是属于什么动物？
2018-09-25 12:33:08,496 - VBJDU18422021801 - INFO - A.甲壳动物 B.软体动物 C.腔肠动物
2018-09-25 12:33:10,054 - VBJDU18422021801 - DEBUG - 在线检索答案
2018-09-25 12:33:10,054 - VBJDU18422021801 - INFO - 我的答案：软体动物
2018-09-25 12:33:10,707 - VBJDU18422021801 - DEBUG - 选择选项
2018-09-25 12:33:12,818 - VBJDU18422021801 - INFO - 答案正确
2018-09-25 12:33:12,823 - VBJDU18422021801 - DEBUG - 添加此题
2018-09-25 12:33:13,562 - VBJDU18422021801 - INFO - 本题结束
2018-09-25 12:33:14,791 - VBJDU18422021801 - INFO - 本场比赛结束
2018-09-25 12:33:14,847 - VBJDU18422021801 - INFO - 返回游戏页面
2018-09-25 12:33:16,498 - VBJDU18422021801 - INFO - 进入排位赛
2018-09-25 12:33:16,500 - VBJDU18422021801 - INFO - 正在匹配中......
2018-09-25 12:34:11,424 - VBJDU18422021801 - INFO - 匹配成功
2018-09-25 12:34:11,428 - VBJDU18422021801 - DEBUG - 获取题目
2018-09-25 12:34:12,197 - VBJDU18422021801 - INFO - 第 1 题
2018-09-25 12:34:12,512 - VBJDU18422021801 - INFO - “总有一天总有一年会发现，有人默默的陪在你的身边”出自哪首歌？
2018-09-25 12:34:13,566 - VBJDU18422021801 - INFO - A.《等你下课》 B.《稻香》 C.《晴天》
2018-09-25 12:34:14,780 - VBJDU18422021801 - DEBUG - 在线检索答案
2018-09-25 12:34:14,780 - VBJDU18422021801 - INFO - 我的答案：《等你下课》
2018-09-25 12:34:15,410 - VBJDU18422021801 - DEBUG - 选择选项
2018-09-25 12:34:17,481 - VBJDU18422021801 - INFO - 答案正确
2018-09-25 12:34:17,485 - VBJDU18422021801 - DEBUG - 添加此题
2018-09-25 12:34:21,190 - VBJDU18422021801 - INFO - 本题结束
2018-09-25 12:34:21,191 - VBJDU18422021801 - DEBUG - 获取题目
2018-09-25 12:34:23,494 - VBJDU18422021801 - INFO - 第 2 题
2018-09-25 12:34:23,800 - VBJDU18422021801 - INFO - 烤猪蹄36元一盘，一盘有两个，那么买6个烤猪蹄需要多少钱？
2018-09-25 12:34:24,852 - VBJDU18422021801 - INFO - A.108元 B.216元 C.72元
2018-09-25 12:34:26,153 - VBJDU18422021801 - DEBUG - 在线检索答案
2018-09-25 12:34:26,153 - VBJDU18422021801 - INFO - 我的答案：72元
2018-09-25 12:34:26,822 - VBJDU18422021801 - DEBUG - 选择选项
2018-09-25 12:34:29,027 - VBJDU18422021801 - INFO - 答案错误
2018-09-25 12:34:29,178 - VBJDU18422021801 - INFO - 正确答案；108元
2018-09-25 12:34:29,180 - VBJDU18422021801 - DEBUG - 添加此题
2018-09-25 12:34:33,190 - VBJDU18422021801 - INFO - 本题结束
2018-09-25 12:34:33,193 - VBJDU18422021801 - DEBUG - 获取题目
2018-09-25 12:34:35,500 - VBJDU18422021801 - INFO - 第 3 题
2018-09-25 12:34:35,844 - VBJDU18422021801 - INFO - 新年新气象（打一货币）
2018-09-25 12:34:36,969 - VBJDU18422021801 - INFO - A.美元 B.欧元 C.人民币
2018-09-25 12:34:37,702 - VBJDU18422021801 - DEBUG - 在线检索答案
2018-09-25 12:34:37,702 - VBJDU18422021801 - INFO - 我的答案：美元
2018-09-25 12:34:38,474 - VBJDU18422021801 - DEBUG - 选择选项
2018-09-25 12:34:40,630 - VBJDU18422021801 - INFO - 答案正确
2018-09-25 12:34:40,633 - VBJDU18422021801 - DEBUG - 添加此题
2018-09-25 12:34:41,507 - VBJDU18422021801 - INFO - 本题结束
2018-09-25 12:34:41,511 - VBJDU18422021801 - DEBUG - 获取题目
2018-09-25 12:34:43,704 - VBJDU18422021801 - INFO - 第 4 题
2018-09-25 12:34:44,004 - VBJDU18422021801 - INFO - 狮子座流星雨一般出现在？
2018-09-25 12:34:45,071 - VBJDU18422021801 - INFO - A.11月-12月 B.4月-5月 C.8月-9月
2018-09-25 12:34:46,017 - VBJDU18422021801 - DEBUG - 未检索到答案
2018-09-25 12:34:46,017 - VBJDU18422021801 - INFO - 我的答案：11月-12月
2018-09-25 12:34:46,706 - VBJDU18422021801 - DEBUG - 选择选项
2018-09-25 12:34:48,903 - VBJDU18422021801 - INFO - 答案正确
2018-09-25 12:34:48,905 - VBJDU18422021801 - DEBUG - 添加此题
2018-09-25 12:34:50,522 - VBJDU18422021801 - INFO - 本题结束
2018-09-25 12:34:50,524 - VBJDU18422021801 - DEBUG - 获取题目
2018-09-25 12:34:52,960 - VBJDU18422021801 - INFO - 第 5 题
2018-09-25 12:34:53,329 - VBJDU18422021801 - INFO - 《水浒传》中，除宋江外，还有谁被通缉时就有归顺朝廷的想法了？
2018-09-25 12:34:54,331 - VBJDU18422021801 - INFO - A.杨志 B.林冲 C.武松
2018-09-25 12:34:56,175 - VBJDU18422021801 - DEBUG - 在线检索答案
2018-09-25 12:34:56,175 - VBJDU18422021801 - INFO - 我的答案：武松
2018-09-25 12:34:56,825 - VBJDU18422021801 - DEBUG - 选择选项
2018-09-25 12:34:58,939 - VBJDU18422021801 - INFO - 答案正确
2018-09-25 12:34:58,943 - VBJDU18422021801 - DEBUG - 添加此题
2018-09-25 12:35:00,822 - VBJDU18422021801 - INFO - 本题结束
2018-09-25 12:35:02,010 - VBJDU18422021801 - INFO - 本场比赛结束
2018-09-25 12:35:02,148 - VBJDU18422021801 - INFO - 返回游戏页面
2018-09-25 12:35:03,772 - VBJDU18422021801 - INFO - 进入排位赛
2018-09-25 12:35:03,777 - VBJDU18422021801 - INFO - 正在匹配中......
2018-09-25 12:36:29,334 - VBJDU18422021801 - INFO - 匹配成功
2018-09-25 12:36:29,338 - VBJDU18422021801 - DEBUG - 获取题目
2018-09-25 12:36:30,701 - VBJDU18422021801 - INFO - 第 1 题
2018-09-25 12:36:30,959 - VBJDU18422021801 - INFO - 网友们常调侃哪个亚洲国家的电视剧有“三宝”：车祸、绝症、治不好？
2018-09-25 12:36:31,842 - VBJDU18422021801 - INFO - A.中国 B.韩国 C.日本
2018-09-25 12:36:31,853 - VBJDU18422021801 - DEBUG - 数据库中检索答案
2018-09-25 12:36:31,853 - VBJDU18422021801 - INFO - 我的答案：韩国
2018-09-25 12:36:32,494 - VBJDU18422021801 - DEBUG - 选择选项
2018-09-25 12:36:34,608 - VBJDU18422021801 - INFO - 答案正确
2018-09-25 12:36:39,599 - VBJDU18422021801 - INFO - 本题结束
2018-09-25 12:36:39,602 - VBJDU18422021801 - DEBUG - 获取题目
2018-09-25 12:36:41,822 - VBJDU18422021801 - INFO - 第 2 题
2018-09-25 12:36:42,193 - VBJDU18422021801 - INFO - 女子演唱团体S.H.E成员中的Selina，她的原名叫什么？
2018-09-25 12:36:43,144 - VBJDU18422021801 - INFO - A.杨妮 B.徐宁 C.任家萱
2018-09-25 12:36:43,190 - VBJDU18422021801 - DEBUG - 数据库中检索答案
2018-09-25 12:36:43,190 - VBJDU18422021801 - INFO - 我的答案：任家萱
2018-09-25 12:36:43,857 - VBJDU18422021801 - DEBUG - 选择选项
2018-09-25 12:36:46,024 - VBJDU18422021801 - INFO - 答案正确
2018-09-25 12:36:54,461 - VBJDU18422021801 - INFO - 本题结束
2018-09-25 12:36:54,466 - VBJDU18422021801 - DEBUG - 获取题目
2018-09-25 12:36:56,902 - VBJDU18422021801 - INFO - 第 3 题
2018-09-25 12:36:57,202 - VBJDU18422021801 - INFO - 商品的替代性与该商品的需求价格弹性成：
2018-09-25 12:36:58,255 - VBJDU18422021801 - INFO - A.反比例 B.不成比例 C.正比例
2018-09-25 12:36:58,268 - VBJDU18422021801 - DEBUG - 数据库中检索答案
2018-09-25 12:36:58,268 - VBJDU18422021801 - INFO - 我的答案：正比例
2018-09-25 12:36:58,941 - VBJDU18422021801 - DEBUG - 选择选项
2018-09-25 12:37:01,013 - VBJDU18422021801 - INFO - 答案正确
2018-09-25 12:37:08,539 - VBJDU18422021801 - INFO - 本题结束
2018-09-25 12:37:08,842 - VBJDU18422021801 - DEBUG - 获取题目
2018-09-25 12:37:10,867 - VBJDU18422021801 - INFO - 第 4 题
2018-09-25 12:37:11,162 - VBJDU18422021801 - INFO - （15+20）×（15-20）=？
2018-09-25 12:37:12,147 - VBJDU18422021801 - INFO - A.150 B.－175 C.175
2018-09-25 12:37:12,160 - VBJDU18422021801 - DEBUG - 数据库中检索答案
2018-09-25 12:37:12,160 - VBJDU18422021801 - INFO - 我的答案：－175
2018-09-25 12:37:12,826 - VBJDU18422021801 - DEBUG - 选择选项
2018-09-25 12:37:14,989 - VBJDU18422021801 - INFO - 答案正确
2018-09-25 12:37:20,701 - VBJDU18422021801 - INFO - 本题结束
2018-09-25 12:37:20,701 - VBJDU18422021801 - DEBUG - 获取题目
2018-09-25 12:37:22,838 - VBJDU18422021801 - INFO - 第 5 题
2018-09-25 12:37:23,129 - VBJDU18422021801 - INFO - 黄道共穿过多少个星座的天区
2018-09-25 12:37:24,038 - VBJDU18422021801 - INFO - A.6 B.13 C.12
2018-09-25 12:37:24,050 - VBJDU18422021801 - DEBUG - 数据库中检索答案
2018-09-25 12:37:24,050 - VBJDU18422021801 - INFO - 我的答案：13
2018-09-25 12:37:24,704 - VBJDU18422021801 - DEBUG - 选择选项
2018-09-25 12:37:26,827 - VBJDU18422021801 - INFO - 答案正确
2018-09-25 12:37:30,063 - VBJDU18422021801 - INFO - 本题结束
2018-09-25 12:37:31,274 - VBJDU18422021801 - INFO - 本场比赛结束
2018-09-25 12:37:31,328 - VBJDU18422021801 - INFO - 返回游戏页面
2018-09-25 12:37:33,010 - VBJDU18422021801 - INFO - 进入排位赛
2018-09-25 12:37:33,012 - VBJDU18422021801 - INFO - 正在匹配中......
2018-09-25 12:37:36,381 - VBJDU18422021801 - INFO - 匹配成功
2018-09-25 12:37:36,385 - VBJDU18422021801 - DEBUG - 获取题目
2018-09-25 12:37:37,900 - VBJDU18422021801 - INFO - 第 1 题
2018-09-25 12:37:38,248 - VBJDU18422021801 - INFO - 标准普尔500指数的计算方法为
2018-09-25 12:37:39,215 - VBJDU18422021801 - INFO - A.算术平均法 B.加权算术平均法 C.移动平均法
2018-09-25 12:37:40,396 - VBJDU18422021801 - DEBUG - 在线检索答案
2018-09-25 12:37:40,396 - VBJDU18422021801 - INFO - 我的答案：算术平均法
2018-09-25 12:37:41,064 - VBJDU18422021801 - DEBUG - 选择选项
2018-09-25 12:37:43,201 - VBJDU18422021801 - INFO - 答案错误
2018-09-25 12:37:43,382 - VBJDU18422021801 - INFO - 正确答案；加权算术平均法
2018-09-25 12:37:43,386 - VBJDU18422021801 - DEBUG - 添加此题
2018-09-25 12:37:45,639 - VBJDU18422021801 - INFO - 本题结束
2018-09-25 12:37:45,646 - VBJDU18422021801 - DEBUG - 获取题目
2018-09-25 12:37:48,006 - VBJDU18422021801 - INFO - 第 2 题
2018-09-25 12:37:48,351 - VBJDU18422021801 - INFO - “玄武门之变”前，魏征在谁的手下做事？
2018-09-25 12:37:49,441 - VBJDU18422021801 - INFO - A.李建成 B.李元吉 C.李世民
2018-09-25 12:37:51,251 - VBJDU18422021801 - DEBUG - 在线检索答案
2018-09-25 12:37:51,251 - VBJDU18422021801 - INFO - 我的答案：李建成
2018-09-25 12:37:52,003 - VBJDU18422021801 - DEBUG - 选择选项
2018-09-25 12:37:54,139 - VBJDU18422021801 - INFO - 答案正确
2018-09-25 12:37:54,140 - VBJDU18422021801 - DEBUG - 添加此题
2018-09-25 12:37:55,032 - VBJDU18422021801 - INFO - 本题结束
2018-09-25 12:37:55,035 - VBJDU18422021801 - DEBUG - 获取题目
2018-09-25 12:37:57,345 - VBJDU18422021801 - INFO - 第 3 题
2018-09-25 12:37:57,654 - VBJDU18422021801 - INFO - 大街网主要做什么业务？
2018-09-25 12:37:58,602 - VBJDU18422021801 - INFO - A.网上购物 B.求职招聘 C.房产中介
2018-09-25 12:38:00,272 - VBJDU18422021801 - DEBUG - 未检索到答案
2018-09-25 12:38:00,272 - VBJDU18422021801 - INFO - 我的答案：网上购物
2018-09-25 12:38:00,959 - VBJDU18422021801 - DEBUG - 选择选项
2018-09-25 12:38:03,097 - VBJDU18422021801 - INFO - 答案错误
2018-09-25 12:38:03,235 - VBJDU18422021801 - INFO - 正确答案；求职招聘
2018-09-25 12:38:03,241 - VBJDU18422021801 - DEBUG - 添加此题
2018-09-25 12:38:04,533 - VBJDU18422021801 - INFO - 本题结束
2018-09-25 12:38:04,537 - VBJDU18422021801 - DEBUG - 获取题目
2018-09-25 12:38:06,819 - VBJDU18422021801 - INFO - 第 4 题
2018-09-25 12:38:07,180 - VBJDU18422021801 - INFO - 以下哪个模特不是在2017年第一次走维密秀的？
2018-09-25 12:38:08,212 - VBJDU18422021801 - INFO - A.陈瑜 B.谢欣 C.雎晓雯
2018-09-25 12:38:08,971 - VBJDU18422021801 - DEBUG - 在线检索答案
2018-09-25 12:38:08,972 - VBJDU18422021801 - INFO - 我的答案：陈瑜
2018-09-25 12:38:09,620 - VBJDU18422021801 - DEBUG - 选择选项
2018-09-25 12:38:11,717 - VBJDU18422021801 - INFO - 答案错误
2018-09-25 12:38:11,986 - VBJDU18422021801 - INFO - 正确答案；雎晓雯
2018-09-25 12:38:11,990 - VBJDU18422021801 - DEBUG - 添加此题
2018-09-25 12:38:14,099 - VBJDU18422021801 - INFO - 本题结束
2018-09-25 12:38:14,102 - VBJDU18422021801 - DEBUG - 获取题目
2018-09-25 12:38:16,266 - VBJDU18422021801 - INFO - 第 5 题
2018-09-25 12:38:16,572 - VBJDU18422021801 - INFO - 妈妈的妹妹的女儿的姥姥的儿子和妈妈是什么关系？
2018-09-25 12:38:17,555 - VBJDU18422021801 - INFO - A.伯父 B.叔叔 C.哥哥
2018-09-25 12:38:19,120 - VBJDU18422021801 - DEBUG - 在线检索答案
2018-09-25 12:38:19,120 - VBJDU18422021801 - INFO - 我的答案：哥哥
2018-09-25 12:38:20,028 - VBJDU18422021801 - DEBUG - 选择选项
2018-09-25 12:38:22,200 - VBJDU18422021801 - INFO - 答案正确
2018-09-25 12:38:22,203 - VBJDU18422021801 - DEBUG - 添加此题
2018-09-25 12:38:26,573 - VBJDU18422021801 - INFO - 本题结束
2018-09-25 12:38:27,761 - VBJDU18422021801 - INFO - 本场比赛结束
2018-09-25 12:38:27,923 - VBJDU18422021801 - INFO - 返回游戏页面
2018-09-25 12:38:29,764 - VBJDU18422021801 - INFO - 进入排位赛
2018-09-25 12:38:29,764 - VBJDU18422021801 - INFO - 正在匹配中......
2018-09-25 12:39:53,382 - VBJDU18422021801 - INFO - 匹配成功
2018-09-25 12:39:53,386 - VBJDU18422021801 - DEBUG - 获取题目
2018-09-25 12:39:54,889 - VBJDU18422021801 - INFO - 第 1 题
2018-09-25 12:39:55,263 - VBJDU18422021801 - INFO - 相传“宋嫂鱼羹”这道菜与宋代哪位皇帝有关？
2018-09-25 12:39:56,214 - VBJDU18422021801 - INFO - A.宋高宗赵构 B.宋钦宗赵桓 C.宋徽宗赵佶
2018-09-25 12:39:57,030 - VBJDU18422021801 - DEBUG - 在线检索答案
2018-09-25 12:39:57,030 - VBJDU18422021801 - INFO - 我的答案：宋高宗赵构
2018-09-25 12:39:57,698 - VBJDU18422021801 - DEBUG - 选择选项
2018-09-25 12:39:59,790 - VBJDU18422021801 - INFO - 答案正确
2018-09-25 12:39:59,794 - VBJDU18422021801 - DEBUG - 添加此题
2018-09-25 12:40:04,413 - VBJDU18422021801 - INFO - 本题结束
2018-09-25 12:40:04,415 - VBJDU18422021801 - DEBUG - 获取题目
2018-09-25 12:40:06,908 - VBJDU18422021801 - INFO - 第 2 题
2018-09-25 12:40:07,288 - VBJDU18422021801 - INFO - “仍怜故乡水，万里送行舟”的作者是？
2018-09-25 12:40:08,225 - VBJDU18422021801 - INFO - A.张九龄 B.李白 C.王昌龄
2018-09-25 12:40:09,026 - VBJDU18422021801 - DEBUG - 在线检索答案
2018-09-25 12:40:09,026 - VBJDU18422021801 - INFO - 我的答案：李白
2018-09-25 12:40:09,727 - VBJDU18422021801 - DEBUG - 选择选项
2018-09-25 12:40:11,844 - VBJDU18422021801 - INFO - 答案正确
2018-09-25 12:40:11,847 - VBJDU18422021801 - DEBUG - 添加此题
2018-09-25 12:40:14,157 - VBJDU18422021801 - INFO - 本题结束
2018-09-25 12:40:14,164 - VBJDU18422021801 - DEBUG - 获取题目
2018-09-25 12:40:16,488 - VBJDU18422021801 - INFO - 第 3 题
2018-09-25 12:40:16,784 - VBJDU18422021801 - INFO - 含河豚鱼毒素最毒的部位是：
2018-09-25 12:40:17,734 - VBJDU18422021801 - INFO - A.卵巢 B.皮肤 C.肾脏
2018-09-25 12:40:18,518 - VBJDU18422021801 - DEBUG - 在线检索答案
2018-09-25 12:40:18,518 - VBJDU18422021801 - INFO - 我的答案：卵巢
2018-09-25 12:40:19,179 - VBJDU18422021801 - DEBUG - 选择选项
2018-09-25 12:40:21,279 - VBJDU18422021801 - INFO - 答案正确
2018-09-25 12:40:21,284 - VBJDU18422021801 - DEBUG - 添加此题
2018-09-25 12:40:24,663 - VBJDU18422021801 - INFO - 本题结束
2018-09-25 12:40:24,670 - VBJDU18422021801 - DEBUG - 获取题目
2018-09-25 12:40:27,116 - VBJDU18422021801 - INFO - 第 4 题
2018-09-25 12:40:27,430 - VBJDU18422021801 - INFO - 以下哪一部历史著作与《资治通鉴》的体裁相似？
2018-09-25 12:40:28,385 - VBJDU18422021801 - INFO - A.《通鉴纪事本末》 B.《续资治通鉴》 C.《资治通鉴纲目》
2018-09-25 12:40:29,280 - VBJDU18422021801 - DEBUG - 未检索到答案
2018-09-25 12:40:29,280 - VBJDU18422021801 - INFO - 我的答案：《通鉴纪事本末》
2018-09-25 12:40:29,903 - VBJDU18422021801 - DEBUG - 选择选项
2018-09-25 12:40:32,005 - VBJDU18422021801 - INFO - 答案错误
2018-09-25 12:40:32,123 - VBJDU18422021801 - INFO - 正确答案；《续资治通鉴》
2018-09-25 12:40:32,128 - VBJDU18422021801 - DEBUG - 添加此题
2018-09-25 12:40:41,268 - VBJDU18422021801 - INFO - 本题结束
2018-09-25 12:40:41,272 - VBJDU18422021801 - DEBUG - 获取题目
2018-09-25 12:40:43,647 - VBJDU18422021801 - INFO - 第 5 题
2018-09-25 12:40:43,972 - VBJDU18422021801 - INFO - 秋分节气是太阳直射地球的哪个位置？
2018-09-25 12:40:45,051 - VBJDU18422021801 - INFO - A.赤道 B.南回归线 C.北回归线
2018-09-25 12:40:45,765 - VBJDU18422021801 - DEBUG - 在线检索答案
2018-09-25 12:40:45,765 - VBJDU18422021801 - INFO - 我的答案：赤道
2018-09-25 12:40:46,445 - VBJDU18422021801 - DEBUG - 选择选项
2018-09-25 12:40:48,597 - VBJDU18422021801 - INFO - 答案正确
2018-09-25 12:40:48,601 - VBJDU18422021801 - DEBUG - 添加此题
2018-09-25 12:40:51,471 - VBJDU18422021801 - INFO - 本题结束
2018-09-25 12:40:52,687 - VBJDU18422021801 - INFO - 本场比赛结束
2018-09-25 12:40:52,745 - VBJDU18422021801 - INFO - 返回游戏页面
2018-09-25 12:40:54,308 - VBJDU18422021801 - INFO - 进入排位赛
2018-09-25 12:40:54,313 - VBJDU18422021801 - INFO - 正在匹配中......
2018-09-25 12:41:12,264 - VBJDU18422021801 - INFO - 匹配成功
2018-09-25 12:41:12,266 - VBJDU18422021801 - DEBUG - 获取题目
2018-09-25 12:41:13,976 - VBJDU18422021801 - INFO - 第 1 题
2018-09-25 12:41:14,285 - VBJDU18422021801 - INFO - 《西游记》中，要成功摘到人参果必须使用一种什么特殊的工具？
2018-09-25 12:41:15,339 - VBJDU18422021801 - INFO - A.金箍棒 B.金拂子 C.金击子
2018-09-25 12:41:17,499 - VBJDU18422021801 - DEBUG - 在线检索答案
2018-09-25 12:41:17,499 - VBJDU18422021801 - INFO - 我的答案：金击子
2018-09-25 12:41:18,212 - VBJDU18422021801 - DEBUG - 选择选项
2018-09-25 12:41:20,258 - VBJDU18422021801 - INFO - 答案正确
2018-09-25 12:41:20,262 - VBJDU18422021801 - DEBUG - 添加此题
2018-09-25 12:41:21,168 - VBJDU18422021801 - INFO - 本题结束
2018-09-25 12:41:21,170 - VBJDU18422021801 - DEBUG - 获取题目
2018-09-25 12:41:23,434 - VBJDU18422021801 - INFO - 第 2 题
2018-09-25 12:41:23,752 - VBJDU18422021801 - INFO - 下面哪一种食材是俄罗斯“罗宋汤”中的主料？
2018-09-25 12:41:24,771 - VBJDU18422021801 - INFO - A.防风草 B.红菜头 C.牛油果
2018-09-25 12:41:25,505 - VBJDU18422021801 - DEBUG - 未检索到答案
2018-09-25 12:41:25,505 - VBJDU18422021801 - INFO - 我的答案：防风草
2018-09-25 12:41:26,207 - VBJDU18422021801 - DEBUG - 选择选项
2018-09-25 12:41:28,392 - VBJDU18422021801 - INFO - 答案错误
2018-09-25 12:41:28,548 - VBJDU18422021801 - INFO - 正确答案；红菜头
2018-09-25 12:41:28,551 - VBJDU18422021801 - DEBUG - 添加此题
2018-09-25 12:41:29,442 - VBJDU18422021801 - INFO - 本题结束
2018-09-25 12:41:29,446 - VBJDU18422021801 - DEBUG - 获取题目
2018-09-25 12:41:31,728 - VBJDU18422021801 - INFO - 第 3 题
2018-09-25 12:41:32,102 - VBJDU18422021801 - INFO - 北方关公戏大师是
2018-09-25 12:41:33,122 - VBJDU18422021801 - INFO - A.李洪春 B.李少春 C.李桂春
2018-09-25 12:41:34,805 - VBJDU18422021801 - DEBUG - 在线检索答案
2018-09-25 12:41:34,805 - VBJDU18422021801 - INFO - 我的答案：李洪春
2018-09-25 12:41:35,455 - VBJDU18422021801 - DEBUG - 选择选项
2018-09-25 12:41:37,642 - VBJDU18422021801 - INFO - 答案正确
2018-09-25 12:41:37,647 - VBJDU18422021801 - DEBUG - 添加此题
2018-09-25 12:41:38,640 - VBJDU18422021801 - INFO - 本题结束
2018-09-25 12:41:38,642 - VBJDU18422021801 - DEBUG - 获取题目
2018-09-25 12:41:41,032 - VBJDU18422021801 - INFO - 第 4 题
2018-09-25 12:41:41,354 - VBJDU18422021801 - INFO - 一局围棋收官时，应该先收（）官子
2018-09-25 12:41:42,340 - VBJDU18422021801 - INFO - A.先手官子 B.双方先手官子 C.后手官子
2018-09-25 12:41:43,114 - VBJDU18422021801 - DEBUG - 在线检索答案
2018-09-25 12:41:43,114 - VBJDU18422021801 - INFO - 我的答案：先手官子
2018-09-25 12:41:43,774 - VBJDU18422021801 - DEBUG - 选择选项
2018-09-25 12:41:45,967 - VBJDU18422021801 - INFO - 答案错误
2018-09-25 12:41:46,162 - VBJDU18422021801 - INFO - 正确答案；双方先手官子
2018-09-25 12:41:46,164 - VBJDU18422021801 - DEBUG - 添加此题
2018-09-25 12:41:47,115 - VBJDU18422021801 - INFO - 本题结束
2018-09-25 12:41:47,120 - VBJDU18422021801 - DEBUG - 获取题目
2018-09-25 12:41:49,376 - VBJDU18422021801 - INFO - 第 5 题
2018-09-25 12:41:49,735 - VBJDU18422021801 - INFO - 《犬夜叉》中，日暮戈薇的配音是谁？
2018-09-25 12:41:50,749 - VBJDU18422021801 - INFO - A.雪野七月 B.雪野六月 C.雪野五月
2018-09-25 12:41:52,017 - VBJDU18422021801 - DEBUG - 在线检索答案
2018-09-25 12:41:52,017 - VBJDU18422021801 - INFO - 我的答案：雪野五月
2018-09-25 12:41:52,726 - VBJDU18422021801 - DEBUG - 选择选项
2018-09-25 12:41:54,905 - VBJDU18422021801 - INFO - 答案正确
2018-09-25 12:41:54,907 - VBJDU18422021801 - DEBUG - 添加此题
2018-09-25 12:41:56,145 - VBJDU18422021801 - INFO - 本题结束
2018-09-25 12:41:57,331 - VBJDU18422021801 - INFO - 本场比赛结束
2018-09-25 12:41:57,385 - VBJDU18422021801 - INFO - 返回游戏页面
2018-09-25 12:41:58,965 - VBJDU18422021801 - INFO - 进入排位赛
2018-09-25 12:41:58,969 - VBJDU18422021801 - INFO - 正在匹配中......
2018-09-25 12:43:01,496 - VBJDU18422021801 - WARNING - 匹配失败
2018-09-25 12:43:01,607 - VBJDU18422021801 - INFO - 返回游戏页面
2018-09-25 12:43:03,228 - VBJDU18422021801 - INFO - 进入排位赛
2018-09-25 12:43:03,230 - VBJDU18422021801 - INFO - 正在匹配中......
2018-09-25 12:43:06,588 - VBJDU18422021801 - INFO - 匹配成功
2018-09-25 12:43:06,589 - VBJDU18422021801 - DEBUG - 获取题目
2018-09-25 12:43:07,948 - VBJDU18422021801 - INFO - 第 1 题
2018-09-25 12:43:08,295 - VBJDU18422021801 - INFO - 《不能说的秘密》是谁主演而又首次导演的作品？
2018-09-25 12:43:09,363 - VBJDU18422021801 - INFO - A.周杰伦 B.林俊杰 C.陈奕迅
2018-09-25 12:43:11,181 - VBJDU18422021801 - DEBUG - 在线检索答案
2018-09-25 12:43:11,181 - VBJDU18422021801 - INFO - 我的答案：林俊杰
2018-09-25 12:43:11,841 - VBJDU18422021801 - DEBUG - 选择选项
2018-09-25 12:43:13,945 - VBJDU18422021801 - INFO - 答案错误
2018-09-25 12:43:14,093 - VBJDU18422021801 - INFO - 正确答案；周杰伦
2018-09-25 12:43:14,095 - VBJDU18422021801 - DEBUG - 添加此题
2018-09-25 12:43:18,861 - VBJDU18422021801 - INFO - 本题结束
2018-09-25 12:43:18,863 - VBJDU18422021801 - DEBUG - 获取题目
2018-09-25 12:43:20,948 - VBJDU18422021801 - INFO - 第 2 题
2018-09-25 12:43:21,290 - VBJDU18422021801 - INFO - 哪个演员曾饰演过电视剧《恶作剧之吻》的男主角？
2018-09-25 12:43:22,310 - VBJDU18422021801 - INFO - A.郑元畅 B.李易峰 C.陈伟霆
2018-09-25 12:43:23,067 - VBJDU18422021801 - DEBUG - 在线检索答案
2018-09-25 12:43:23,067 - VBJDU18422021801 - INFO - 我的答案：郑元畅
2018-09-25 12:43:23,771 - VBJDU18422021801 - DEBUG - 选择选项
2018-09-25 12:43:25,876 - VBJDU18422021801 - INFO - 答案正确
2018-09-25 12:43:25,880 - VBJDU18422021801 - DEBUG - 添加此题
2018-09-25 12:43:28,404 - VBJDU18422021801 - INFO - 本题结束
2018-09-25 12:43:28,409 - VBJDU18422021801 - DEBUG - 获取题目
2018-09-25 12:43:30,518 - VBJDU18422021801 - INFO - 第 3 题
2018-09-25 12:43:30,890 - VBJDU18422021801 - INFO - 游戏界的人气角色“超级马里奥”，马里奥的双胞胎兄弟叫什么？
2018-09-25 12:43:31,829 - VBJDU18422021801 - INFO - A.蘑菇王子 B.玛丽丽 C.路易基
2018-09-25 12:43:33,909 - VBJDU18422021801 - DEBUG - 在线检索答案
2018-09-25 12:43:33,909 - VBJDU18422021801 - INFO - 我的答案：路易基
2018-09-25 12:43:34,546 - VBJDU18422021801 - DEBUG - 选择选项
2018-09-25 12:43:36,726 - VBJDU18422021801 - INFO - 答案正确
2018-09-25 12:43:36,730 - VBJDU18422021801 - DEBUG - 添加此题
2018-09-25 12:43:38,828 - VBJDU18422021801 - INFO - 本题结束
2018-09-25 12:43:38,832 - VBJDU18422021801 - DEBUG - 获取题目
2018-09-25 12:43:41,133 - VBJDU18422021801 - INFO - 第 4 题
2018-09-25 12:43:41,487 - VBJDU18422021801 - INFO - 小明家里养了一只哈士奇，请问这是属于什么体型的狗?
2018-09-25 12:43:42,528 - VBJDU18422021801 - INFO - A.超小型犬 B.大型犬 C.中型犬
2018-09-25 12:43:43,335 - VBJDU18422021801 - DEBUG - 未检索到答案
2018-09-25 12:43:43,335 - VBJDU18422021801 - INFO - 我的答案：超小型犬
2018-09-25 12:43:43,972 - VBJDU18422021801 - DEBUG - 选择选项
2018-09-25 12:43:46,110 - VBJDU18422021801 - INFO - 答案错误
2018-09-25 12:43:46,373 - VBJDU18422021801 - INFO - 正确答案；中型犬
2018-09-25 12:43:46,376 - VBJDU18422021801 - DEBUG - 添加此题
2018-09-25 12:43:47,038 - VBJDU18422021801 - INFO - 本题结束
2018-09-25 12:43:47,038 - VBJDU18422021801 - DEBUG - 获取题目
2018-09-25 12:43:49,202 - VBJDU18422021801 - INFO - 第 5 题
2018-09-25 12:43:49,532 - VBJDU18422021801 - INFO - 桥牌的最高荣誉是？
2018-09-25 12:43:50,469 - VBJDU18422021801 - INFO - A.大师 B.国际大师 C.特级大师
2018-09-25 12:43:52,228 - VBJDU18422021801 - DEBUG - 在线检索答案
2018-09-25 12:43:52,228 - VBJDU18422021801 - INFO - 我的答案：大师
2018-09-25 12:43:52,896 - VBJDU18422021801 - DEBUG - 选择选项
2018-09-25 12:43:55,018 - VBJDU18422021801 - INFO - 答案错误
2018-09-25 12:43:55,264 - VBJDU18422021801 - INFO - 正确答案；特级大师
2018-09-25 12:43:55,269 - VBJDU18422021801 - DEBUG - 添加此题
2018-09-25 12:43:55,891 - VBJDU18422021801 - INFO - 本题结束
2018-09-25 12:43:57,110 - VBJDU18422021801 - INFO - 本场比赛结束
2018-09-25 12:43:57,198 - VBJDU18422021801 - INFO - 返回游戏页面
2018-09-25 12:43:58,758 - VBJDU18422021801 - INFO - 进入排位赛
2018-09-25 12:43:58,763 - VBJDU18422021801 - INFO - 正在匹配中......
2018-09-25 12:44:28,366 - VBJDU18422021801 - INFO - 匹配成功
2018-09-25 12:44:28,366 - VBJDU18422021801 - DEBUG - 获取题目
2018-09-25 12:44:29,741 - VBJDU18422021801 - INFO - 第 1 题
2018-09-25 12:44:30,040 - VBJDU18422021801 - INFO - 「军棋」游戏中下列最小的子是？
2018-09-25 12:44:31,056 - VBJDU18422021801 - INFO - A.司令 B.连长 C.工兵
2018-09-25 12:44:33,100 - VBJDU18422021801 - DEBUG - 在线检索答案
2018-09-25 12:44:33,100 - VBJDU18422021801 - INFO - 我的答案：工兵
2018-09-25 12:44:33,759 - VBJDU18422021801 - DEBUG - 选择选项
2018-09-25 12:44:35,868 - VBJDU18422021801 - INFO - 答案正确
2018-09-25 12:44:35,870 - VBJDU18422021801 - DEBUG - 添加此题
2018-09-25 12:44:43,089 - VBJDU18422021801 - INFO - 本题结束
2018-09-25 12:44:43,090 - VBJDU18422021801 - DEBUG - 获取题目
2018-09-25 12:44:45,247 - VBJDU18422021801 - INFO - 第 2 题
2018-09-25 12:44:45,616 - VBJDU18422021801 - INFO - 以下哪种植物是中国传统上用于洗衣和清洁的？
2018-09-25 12:44:46,577 - VBJDU18422021801 - INFO - A.玫瑰 B.国槐 C.皂角
2018-09-25 12:44:46,621 - VBJDU18422021801 - DEBUG - 数据库中检索答案
2018-09-25 12:44:46,622 - VBJDU18422021801 - INFO - 我的答案：皂角
2018-09-25 12:44:47,268 - VBJDU18422021801 - DEBUG - 选择选项
2018-09-25 12:44:49,460 - VBJDU18422021801 - INFO - 答案正确
2018-09-25 12:44:51,846 - VBJDU18422021801 - INFO - 本题结束
2018-09-25 12:44:51,850 - VBJDU18422021801 - DEBUG - 获取题目
2018-09-25 12:44:53,998 - VBJDU18422021801 - INFO - 第 3 题
2018-09-25 12:44:54,325 - VBJDU18422021801 - INFO - “卧龙跃马终黄土”中的“卧龙”指的是？
2018-09-25 12:44:55,356 - VBJDU18422021801 - INFO - A.诸葛亮 B.严武 C.李白
2018-09-25 12:44:56,036 - VBJDU18422021801 - DEBUG - 在线检索答案
2018-09-25 12:44:56,037 - VBJDU18422021801 - INFO - 我的答案：诸葛亮
2018-09-25 12:44:56,729 - VBJDU18422021801 - DEBUG - 选择选项
2018-09-25 12:44:58,853 - VBJDU18422021801 - INFO - 答案正确
2018-09-25 12:44:58,855 - VBJDU18422021801 - DEBUG - 添加此题
2018-09-25 12:44:59,776 - VBJDU18422021801 - INFO - 本题结束
2018-09-25 12:44:59,780 - VBJDU18422021801 - DEBUG - 获取题目
2018-09-25 12:45:02,057 - VBJDU18422021801 - INFO - 第 4 题
2018-09-25 12:45:02,438 - VBJDU18422021801 - INFO - 2017年，凭借韩国综艺《同床异梦》大红的中韩夫妇是？
2018-09-25 12:45:03,514 - VBJDU18422021801 - INFO - A.于晓光、秋瓷炫 B.高梓淇、蔡琳 C.金泰勇、汤唯
2018-09-25 12:45:03,563 - VBJDU18422021801 - DEBUG - 数据库中检索答案
2018-09-25 12:45:03,564 - VBJDU18422021801 - INFO - 我的答案：于晓光、秋瓷炫
2018-09-25 12:45:04,284 - VBJDU18422021801 - DEBUG - 选择选项
2018-09-25 12:45:06,407 - VBJDU18422021801 - INFO - 答案正确
2018-09-25 12:45:07,486 - VBJDU18422021801 - INFO - 本题结束
2018-09-25 12:45:07,490 - VBJDU18422021801 - DEBUG - 获取题目
2018-09-25 12:45:09,744 - VBJDU18422021801 - INFO - 第 5 题
2018-09-25 12:45:10,076 - VBJDU18422021801 - INFO - 白居易的《长恨歌》中“杨家有女初长成”的下一句是？
2018-09-25 12:45:11,225 - VBJDU18422021801 - INFO - A.天生丽质难自弃 B.养在深闺人未识 C.三千宠爱在一身
2018-09-25 12:45:11,242 - VBJDU18422021801 - DEBUG - 数据库中检索答案
2018-09-25 12:45:11,242 - VBJDU18422021801 - INFO - 我的答案：养在深闺人未识
2018-09-25 12:45:11,988 - VBJDU18422021801 - DEBUG - 选择选项
2018-09-25 12:45:14,127 - VBJDU18422021801 - INFO - 答案正确
2018-09-25 12:45:15,514 - VBJDU18422021801 - INFO - 本题结束
2018-09-25 12:45:16,695 - VBJDU18422021801 - INFO - 本场比赛结束
2018-09-25 12:45:16,747 - VBJDU18422021801 - INFO - 返回游戏页面
2018-09-25 12:45:18,409 - VBJDU18422021801 - INFO - 进入排位赛
2018-09-25 12:45:18,411 - VBJDU18422021801 - INFO - 正在匹配中......
2018-09-25 12:45:23,881 - VBJDU18422021801 - INFO - 匹配成功
2018-09-25 12:45:23,886 - VBJDU18422021801 - DEBUG - 获取题目
2018-09-25 12:45:24,686 - VBJDU18422021801 - INFO - 第 1 题
2018-09-25 12:45:25,025 - VBJDU18422021801 - INFO - 黔驴技穷典故中的故事发生在？
2018-09-25 12:45:26,088 - VBJDU18422021801 - INFO - A.贵州 B.苏州 C.杭州
2018-09-25 12:45:27,262 - VBJDU18422021801 - DEBUG - 在线检索答案
2018-09-25 12:45:27,263 - VBJDU18422021801 - INFO - 我的答案：贵州
2018-09-25 12:45:27,925 - VBJDU18422021801 - DEBUG - 选择选项
2018-09-25 12:45:30,042 - VBJDU18422021801 - INFO - 答案正确
2018-09-25 12:45:30,046 - VBJDU18422021801 - DEBUG - 添加此题
2018-09-25 12:45:30,846 - VBJDU18422021801 - INFO - 本题结束
2018-09-25 12:45:30,847 - VBJDU18422021801 - DEBUG - 获取题目
2018-09-25 12:45:33,141 - VBJDU18422021801 - INFO - 第 2 题
2018-09-25 12:45:33,481 - VBJDU18422021801 - INFO - 美国作家赛珍珠曾执教于____的前身金陵大学。
2018-09-25 12:45:34,460 - VBJDU18422021801 - INFO - A.南京大学 B.苏州大学 C.东南大学
2018-09-25 12:45:35,787 - VBJDU18422021801 - DEBUG - 在线检索答案
2018-09-25 12:45:35,787 - VBJDU18422021801 - INFO - 我的答案：南京大学
2018-09-25 12:45:36,494 - VBJDU18422021801 - DEBUG - 选择选项
2018-09-25 12:45:38,613 - VBJDU18422021801 - INFO - 答案正确
2018-09-25 12:45:38,617 - VBJDU18422021801 - DEBUG - 添加此题
2018-09-25 12:45:40,886 - VBJDU18422021801 - INFO - 本题结束
2018-09-25 12:45:40,890 - VBJDU18422021801 - DEBUG - 获取题目
2018-09-25 12:45:43,215 - VBJDU18422021801 - INFO - 第 3 题
2018-09-25 12:45:43,539 - VBJDU18422021801 - INFO - 2017-2018赛季，下列哪支球队并未进入欧联杯16强？
2018-09-25 12:45:44,574 - VBJDU18422021801 - INFO - A.莫斯科火车头 B.皇家社会 C.里昂
2018-09-25 12:45:45,280 - VBJDU18422021801 - DEBUG - 未检索到答案
2018-09-25 12:45:45,280 - VBJDU18422021801 - INFO - 我的答案：莫斯科火车头
2018-09-25 12:45:45,972 - VBJDU18422021801 - DEBUG - 选择选项
2018-09-25 12:45:48,083 - VBJDU18422021801 - INFO - 答案错误
2018-09-25 12:45:48,220 - VBJDU18422021801 - INFO - 正确答案；皇家社会
2018-09-25 12:45:48,223 - VBJDU18422021801 - DEBUG - 添加此题
2018-09-25 12:45:52,036 - VBJDU18422021801 - INFO - 本题结束
2018-09-25 12:45:52,041 - VBJDU18422021801 - DEBUG - 获取题目
2018-09-25 12:45:54,367 - VBJDU18422021801 - INFO - 第 4 题
2018-09-25 12:45:54,689 - VBJDU18422021801 - INFO - 《功夫熊猫》是一部以什么为主题的动画电影？
2018-09-25 12:45:55,846 - VBJDU18422021801 - INFO - A.忍术 B.中国功夫 C.散打
2018-09-25 12:45:57,077 - VBJDU18422021801 - DEBUG - 在线检索答案
2018-09-25 12:45:57,077 - VBJDU18422021801 - INFO - 我的答案：中国功夫
2018-09-25 12:45:57,721 - VBJDU18422021801 - DEBUG - 选择选项
2018-09-25 12:45:59,864 - VBJDU18422021801 - INFO - 答案正确
2018-09-25 12:45:59,866 - VBJDU18422021801 - DEBUG - 添加此题
2018-09-25 12:46:00,656 - VBJDU18422021801 - INFO - 本题结束
2018-09-25 12:46:00,658 - VBJDU18422021801 - DEBUG - 获取题目
2018-09-25 12:46:02,938 - VBJDU18422021801 - INFO - 第 5 题
2018-09-25 12:46:03,281 - VBJDU18422021801 - INFO - 第一届中日围棋擂台赛，（）取得最后胜利，从此中国大地掀起了围棋热潮
2018-09-25 12:46:04,295 - VBJDU18422021801 - INFO - A.聂卫平 B.马晓春 C.陈祖德
2018-09-25 12:46:06,373 - VBJDU18422021801 - DEBUG - 在线检索答案
2018-09-25 12:46:06,373 - VBJDU18422021801 - INFO - 我的答案：聂卫平
2018-09-25 12:46:07,079 - VBJDU18422021801 - DEBUG - 选择选项
2018-09-25 12:46:09,191 - VBJDU18422021801 - INFO - 答案正确
2018-09-25 12:46:09,195 - VBJDU18422021801 - DEBUG - 添加此题
2018-09-25 12:46:09,938 - VBJDU18422021801 - INFO - 本题结束
2018-09-25 12:46:11,119 - VBJDU18422021801 - INFO - 本场比赛结束
2018-09-25 12:46:11,179 - VBJDU18422021801 - INFO - 返回游戏页面
2018-09-25 12:46:12,812 - VBJDU18422021801 - INFO - 进入排位赛
2018-09-25 12:46:12,813 - VBJDU18422021801 - INFO - 正在匹配中......
2018-09-25 12:46:40,270 - VBJDU18422021801 - INFO - 匹配成功
2018-09-25 12:46:40,272 - VBJDU18422021801 - DEBUG - 获取题目
2018-09-25 12:46:41,699 - VBJDU18422021801 - INFO - 第 1 题
2018-09-25 12:46:42,034 - VBJDU18422021801 - INFO - 下列哪首乐曲是用二胡来演奏的？
2018-09-25 12:46:43,150 - VBJDU18422021801 - INFO - A.高山流水 B.二泉映月 C.百鸟朝凤
2018-09-25 12:46:43,161 - VBJDU18422021801 - DEBUG - 数据库中检索答案
2018-09-25 12:46:43,161 - VBJDU18422021801 - INFO - 我的答案：二泉映月
2018-09-25 12:46:43,794 - VBJDU18422021801 - DEBUG - 选择选项
2018-09-25 12:46:45,994 - VBJDU18422021801 - INFO - 答案正确
2018-09-25 12:46:48,271 - VBJDU18422021801 - INFO - 本题结束
2018-09-25 12:46:48,276 - VBJDU18422021801 - DEBUG - 获取题目
2018-09-25 12:46:50,352 - VBJDU18422021801 - INFO - 第 2 题
2018-09-25 12:46:50,670 - VBJDU18422021801 - INFO - 最短命的昆虫是什么？
2018-09-25 12:46:51,762 - VBJDU18422021801 - INFO - A.蜉蝣 B.蝉 C.蝗虫
2018-09-25 12:46:52,562 - VBJDU18422021801 - DEBUG - 在线检索答案
2018-09-25 12:46:52,566 - VBJDU18422021801 - INFO - 我的答案：蜉蝣
2018-09-25 12:46:53,351 - VBJDU18422021801 - DEBUG - 选择选项
2018-09-25 12:46:55,490 - VBJDU18422021801 - INFO - 答案正确
2018-09-25 12:46:55,493 - VBJDU18422021801 - DEBUG - 添加此题
2018-09-25 12:46:56,361 - VBJDU18422021801 - INFO - 本题结束
2018-09-25 12:46:56,364 - VBJDU18422021801 - DEBUG - 获取题目
2018-09-25 12:46:58,573 - VBJDU18422021801 - INFO - 第 3 题
2018-09-25 12:46:58,906 - VBJDU18422021801 - INFO - 在雷雨天将风筝放上天，以证明闪电是电的人是谁？
2018-09-25 12:46:59,866 - VBJDU18422021801 - INFO - A.爱迪生 B.达尔文 C.富兰克林
2018-09-25 12:46:59,877 - VBJDU18422021801 - DEBUG - 数据库中检索答案
2018-09-25 12:46:59,877 - VBJDU18422021801 - INFO - 我的答案：富兰克林
2018-09-25 12:47:00,580 - VBJDU18422021801 - DEBUG - 选择选项
2018-09-25 12:47:02,719 - VBJDU18422021801 - INFO - 答案正确
2018-09-25 12:47:04,665 - VBJDU18422021801 - INFO - 本题结束
2018-09-25 12:47:04,667 - VBJDU18422021801 - DEBUG - 获取题目
2018-09-25 12:47:06,882 - VBJDU18422021801 - INFO - 第 4 题
2018-09-25 12:47:07,209 - VBJDU18422021801 - INFO - 中国在建的最大全球最大单口径射电望远镜（FAST）在哪里？
2018-09-25 12:47:08,390 - VBJDU18422021801 - INFO - A.贵州 B.江苏 C.北京
2018-09-25 12:47:08,401 - VBJDU18422021801 - DEBUG - 数据库中检索答案
2018-09-25 12:47:08,401 - VBJDU18422021801 - INFO - 我的答案：贵州
2018-09-25 12:47:09,097 - VBJDU18422021801 - DEBUG - 选择选项
2018-09-25 12:47:11,198 - VBJDU18422021801 - INFO - 答案正确
2018-09-25 12:47:12,252 - VBJDU18422021801 - INFO - 本题结束
2018-09-25 12:47:12,257 - VBJDU18422021801 - DEBUG - 获取题目
2018-09-25 12:47:14,389 - VBJDU18422021801 - INFO - 第 5 题
2018-09-25 12:47:14,700 - VBJDU18422021801 - INFO - 味噌是哪个国家的特色食材？
2018-09-25 12:47:15,642 - VBJDU18422021801 - INFO - A.韩国 B.马来西亚 C.日本
2018-09-25 12:47:15,653 - VBJDU18422021801 - DEBUG - 数据库中检索答案
2018-09-25 12:47:15,653 - VBJDU18422021801 - INFO - 我的答案：日本
2018-09-25 12:47:16,363 - VBJDU18422021801 - DEBUG - 选择选项
2018-09-25 12:47:18,495 - VBJDU18422021801 - INFO - 答案正确
2018-09-25 12:47:22,111 - VBJDU18422021801 - INFO - 本题结束
2018-09-25 12:47:23,292 - VBJDU18422021801 - INFO - 本场比赛结束
2018-09-25 12:47:23,342 - VBJDU18422021801 - INFO - 返回游戏页面
2018-09-25 12:47:24,982 - VBJDU18422021801 - INFO - 进入排位赛
2018-09-25 12:47:24,986 - VBJDU18422021801 - INFO - 正在匹配中......
2018-09-25 12:48:12,885 - VBJDU18422021801 - INFO - 匹配成功
2018-09-25 12:48:12,888 - VBJDU18422021801 - DEBUG - 获取题目
2018-09-25 12:48:13,606 - VBJDU18422021801 - INFO - 第 1 题
2018-09-25 12:48:13,942 - VBJDU18422021801 - INFO - 我国第一位闯荡NBA的篮球运动员是谁？
2018-09-25 12:48:14,890 - VBJDU18422021801 - INFO - A.姚明 B.王治郅 C.周琦
2018-09-25 12:48:16,033 - VBJDU18422021801 - DEBUG - 在线检索答案
2018-09-25 12:48:16,033 - VBJDU18422021801 - INFO - 我的答案：王治郅
2018-09-25 12:48:16,711 - VBJDU18422021801 - DEBUG - 选择选项
2018-09-25 12:48:18,815 - VBJDU18422021801 - INFO - 答案正确
2018-09-25 12:48:18,822 - VBJDU18422021801 - DEBUG - 添加此题
2018-09-25 12:48:19,682 - VBJDU18422021801 - INFO - 本题结束
2018-09-25 12:48:19,686 - VBJDU18422021801 - DEBUG - 获取题目
2018-09-25 12:48:21,989 - VBJDU18422021801 - INFO - 第 2 题
2018-09-25 12:48:22,356 - VBJDU18422021801 - INFO - 太阳的寿命大概还有多长时间
2018-09-25 12:48:23,283 - VBJDU18422021801 - INFO - A.50亿年 B.70亿年 C.80亿年
2018-09-25 12:48:24,531 - VBJDU18422021801 - DEBUG - 在线检索答案
2018-09-25 12:48:24,531 - VBJDU18422021801 - INFO - 我的答案：50亿年
2018-09-25 12:48:25,171 - VBJDU18422021801 - DEBUG - 选择选项
2018-09-25 12:48:27,249 - VBJDU18422021801 - INFO - 答案正确
2018-09-25 12:48:27,252 - VBJDU18422021801 - DEBUG - 添加此题
2018-09-25 12:48:28,579 - VBJDU18422021801 - INFO - 本题结束
2018-09-25 12:48:28,584 - VBJDU18422021801 - DEBUG - 获取题目
2018-09-25 12:48:30,907 - VBJDU18422021801 - INFO - 第 3 题
2018-09-25 12:48:31,196 - VBJDU18422021801 - INFO - 以下不是维生素特点的是
2018-09-25 12:48:32,277 - VBJDU18422021801 - INFO - A.人体需要量很少 B.参与机体组成 C.人体不能合成
2018-09-25 12:48:34,042 - VBJDU18422021801 - DEBUG - 在线检索答案
2018-09-25 12:48:34,046 - VBJDU18422021801 - INFO - 我的答案：人体不能合成
2018-09-25 12:48:34,746 - VBJDU18422021801 - DEBUG - 选择选项
2018-09-25 12:48:36,888 - VBJDU18422021801 - INFO - 答案错误
2018-09-25 12:48:37,097 - VBJDU18422021801 - INFO - 正确答案；参与机体组成
2018-09-25 12:48:37,102 - VBJDU18422021801 - DEBUG - 添加此题
2018-09-25 12:48:42,331 - VBJDU18422021801 - INFO - 本题结束
2018-09-25 12:48:42,336 - VBJDU18422021801 - DEBUG - 获取题目
2018-09-25 12:48:44,577 - VBJDU18422021801 - INFO - 第 4 题
2018-09-25 12:48:44,856 - VBJDU18422021801 - INFO - 250-1-2-3-4-5-6-......-19-20=
2018-09-25 12:48:45,828 - VBJDU18422021801 - INFO - A.40 B.50 C.70
2018-09-25 12:48:47,054 - VBJDU18422021801 - DEBUG - 在线检索答案
2018-09-25 12:48:47,054 - VBJDU18422021801 - INFO - 我的答案：50
2018-09-25 12:48:47,726 - VBJDU18422021801 - DEBUG - 选择选项
2018-09-25 12:48:49,824 - VBJDU18422021801 - INFO - 答案错误
2018-09-25 12:48:49,963 - VBJDU18422021801 - INFO - 正确答案；40
2018-09-25 12:48:49,968 - VBJDU18422021801 - DEBUG - 添加此题
2018-09-25 12:48:55,343 - VBJDU18422021801 - INFO - 本题结束
2018-09-25 12:48:55,348 - VBJDU18422021801 - DEBUG - 获取题目
2018-09-25 12:48:57,694 - VBJDU18422021801 - INFO - 第 5 题
2018-09-25 12:48:58,017 - VBJDU18422021801 - INFO - 影片“ET外星人”中，ET是喝什么饮料醉倒的？
2018-09-25 12:48:59,061 - VBJDU18422021801 - INFO - A.啤酒 B.鸡尾酒 C.红酒
2018-09-25 12:48:59,071 - VBJDU18422021801 - DEBUG - 数据库中检索答案
2018-09-25 12:48:59,071 - VBJDU18422021801 - INFO - 我的答案：啤酒
2018-09-25 12:48:59,716 - VBJDU18422021801 - DEBUG - 选择选项
2018-09-25 12:49:01,792 - VBJDU18422021801 - INFO - 答案正确
2018-09-25 12:49:04,959 - VBJDU18422021801 - INFO - 本题结束
2018-09-25 12:49:06,160 - VBJDU18422021801 - INFO - 本场比赛结束
2018-09-25 12:49:06,209 - VBJDU18422021801 - INFO - 返回游戏页面
2018-09-25 12:49:07,796 - VBJDU18422021801 - INFO - 进入排位赛
2018-09-25 12:49:07,796 - VBJDU18422021801 - INFO - 正在匹配中......
2018-09-25 12:49:58,316 - VBJDU18422021801 - INFO - 匹配成功
2018-09-25 12:49:58,322 - VBJDU18422021801 - DEBUG - 获取题目
2018-09-25 12:49:59,709 - VBJDU18422021801 - INFO - 第 1 题
2018-09-25 12:50:01,030 - VBJDU18422021801 - INFO - 腊八节是哪个民族的传统节日？
2018-09-25 12:50:02,032 - VBJDU18422021801 - INFO - A.汉族 B.回族 C.满族
2018-09-25 12:50:02,428 - VBJDU18422021801 - DEBUG - 在线检索答案
2018-09-25 12:50:02,428 - VBJDU18422021801 - INFO - 我的答案：汉族
2018-09-25 12:50:03,100 - VBJDU18422021801 - DEBUG - 选择选项
2018-09-25 12:50:05,315 - VBJDU18422021801 - INFO - 答案正确
2018-09-25 12:50:05,317 - VBJDU18422021801 - DEBUG - 添加此题
2018-09-25 12:50:06,146 - VBJDU18422021801 - INFO - 本题结束
2018-09-25 12:50:06,147 - VBJDU18422021801 - DEBUG - 获取题目
2018-09-25 12:50:08,419 - VBJDU18422021801 - INFO - 第 2 题
2018-09-25 12:50:08,800 - VBJDU18422021801 - INFO - 一个黄妈妈，生性手段辣，老来愈厉害，小孩最怕它 (打一植物)
2018-09-25 12:50:09,825 - VBJDU18422021801 - INFO - A.木耳 B.姜 C.玉米
2018-09-25 12:50:11,553 - VBJDU18422021801 - DEBUG - 在线检索答案
2018-09-25 12:50:11,553 - VBJDU18422021801 - INFO - 我的答案：姜
2018-09-25 12:50:12,229 - VBJDU18422021801 - DEBUG - 选择选项
2018-09-25 12:50:14,304 - VBJDU18422021801 - INFO - 答案正确
2018-09-25 12:50:14,310 - VBJDU18422021801 - DEBUG - 添加此题
2018-09-25 12:50:15,266 - VBJDU18422021801 - INFO - 本题结束
2018-09-25 12:50:15,266 - VBJDU18422021801 - DEBUG - 获取题目
2018-09-25 12:50:17,539 - VBJDU18422021801 - INFO - 第 3 题
2018-09-25 12:50:17,832 - VBJDU18422021801 - INFO - 北京东岳庙是主祀哪个神话人物的？
2018-09-25 12:50:18,799 - VBJDU18422021801 - INFO - A.北岳大帝 B.南岳大帝 C.东岳大帝
2018-09-25 12:50:20,871 - VBJDU18422021801 - DEBUG - 在线检索答案
2018-09-25 12:50:20,871 - VBJDU18422021801 - INFO - 我的答案：东岳大帝
2018-09-25 12:50:21,535 - VBJDU18422021801 - DEBUG - 选择选项
2018-09-25 12:50:23,651 - VBJDU18422021801 - INFO - 答案正确
2018-09-25 12:50:23,655 - VBJDU18422021801 - DEBUG - 添加此题
2018-09-25 12:50:24,359 - VBJDU18422021801 - INFO - 本题结束
2018-09-25 12:50:24,359 - VBJDU18422021801 - DEBUG - 获取题目
2018-09-25 12:50:26,731 - VBJDU18422021801 - INFO - 第 4 题
2018-09-25 12:50:27,071 - VBJDU18422021801 - INFO - 在20℃时，下列哪个物体是液体？
2018-09-25 12:50:28,071 - VBJDU18422021801 - INFO - A.铅块 B.石墨 C.牛奶
2018-09-25 12:50:28,742 - VBJDU18422021801 - DEBUG - 未检索到答案
2018-09-25 12:50:28,743 - VBJDU18422021801 - INFO - 我的答案：铅块
2018-09-25 12:50:29,459 - VBJDU18422021801 - DEBUG - 选择选项
2018-09-25 12:50:31,553 - VBJDU18422021801 - INFO - 答案错误
2018-09-25 12:50:31,831 - VBJDU18422021801 - INFO - 正确答案；牛奶
2018-09-25 12:50:31,833 - VBJDU18422021801 - DEBUG - 添加此题
2018-09-25 12:50:32,488 - VBJDU18422021801 - INFO - 本题结束
2018-09-25 12:50:32,493 - VBJDU18422021801 - DEBUG - 获取题目
2018-09-25 12:50:34,774 - VBJDU18422021801 - INFO - 第 5 题
2018-09-25 12:50:35,140 - VBJDU18422021801 - INFO - 电视剧《步步惊情》的演员包括？
2018-09-25 12:50:36,269 - VBJDU18422021801 - INFO - A.刘诗诗 B.李湘 C.汪峰
2018-09-25 12:50:37,147 - VBJDU18422021801 - DEBUG - 在线检索答案
2018-09-25 12:50:37,147 - VBJDU18422021801 - INFO - 我的答案：刘诗诗
2018-09-25 12:50:37,798 - VBJDU18422021801 - DEBUG - 选择选项
2018-09-25 12:50:39,908 - VBJDU18422021801 - INFO - 答案正确
2018-09-25 12:50:39,912 - VBJDU18422021801 - DEBUG - 添加此题
2018-09-25 12:50:47,214 - VBJDU18422021801 - INFO - 本题结束
2018-09-25 12:50:48,428 - VBJDU18422021801 - INFO - 本场比赛结束
2018-09-25 12:50:48,484 - VBJDU18422021801 - INFO - 返回游戏页面
2018-09-25 12:50:50,035 - VBJDU18422021801 - INFO - 进入排位赛
2018-09-25 12:50:50,039 - VBJDU18422021801 - INFO - 正在匹配中......
2018-09-25 12:50:52,822 - VBJDU18422021801 - INFO - 匹配成功
2018-09-25 12:50:52,826 - VBJDU18422021801 - DEBUG - 获取题目
2018-09-25 12:50:54,424 - VBJDU18422021801 - INFO - 第 1 题
2018-09-25 12:50:54,757 - VBJDU18422021801 - INFO - 意大利民间文学作品《芬芳的鲜玫瑰》，反映了人民怎样的思想情绪？
2018-09-25 12:50:55,765 - VBJDU18422021801 - INFO - A.热爱生活 B.消极冷漠 C.堕落懒散
2018-09-25 12:50:56,705 - VBJDU18422021801 - DEBUG - 在线检索答案
2018-09-25 12:50:56,705 - VBJDU18422021801 - INFO - 我的答案：热爱生活
2018-09-25 12:50:57,389 - VBJDU18422021801 - DEBUG - 选择选项
2018-09-25 12:50:59,474 - VBJDU18422021801 - INFO - 答案正确
2018-09-25 12:50:59,480 - VBJDU18422021801 - DEBUG - 添加此题
2018-09-25 12:51:01,399 - VBJDU18422021801 - INFO - 本题结束
2018-09-25 12:51:01,402 - VBJDU18422021801 - DEBUG - 获取题目
2018-09-25 12:51:03,617 - VBJDU18422021801 - INFO - 第 2 题
2018-09-25 12:51:03,912 - VBJDU18422021801 - INFO - 火箭炮是专门发射哪一种弹的发射装置？
2018-09-25 12:51:04,906 - VBJDU18422021801 - INFO - A.枪弹 B.火箭弹 C.榴弹
2018-09-25 12:51:06,123 - VBJDU18422021801 - DEBUG - 在线检索答案
2018-09-25 12:51:06,123 - VBJDU18422021801 - INFO - 我的答案：火箭弹
2018-09-25 12:51:06,767 - VBJDU18422021801 - DEBUG - 选择选项
2018-09-25 12:51:08,832 - VBJDU18422021801 - INFO - 答案正确
2018-09-25 12:51:08,835 - VBJDU18422021801 - DEBUG - 添加此题
2018-09-25 12:51:10,453 - VBJDU18422021801 - INFO - 本题结束
2018-09-25 12:51:10,458 - VBJDU18422021801 - DEBUG - 获取题目
2018-09-25 12:51:12,641 - VBJDU18422021801 - INFO - 第 3 题
2018-09-25 12:51:12,974 - VBJDU18422021801 - INFO - 以下哪一对明星夫妻有“最萌身高差”？
2018-09-25 12:51:13,964 - VBJDU18422021801 - INFO - A.黄晓明和杨颖 B.王祖蓝和李亚男 C.孙俪和邓超
2018-09-25 12:51:14,713 - VBJDU18422021801 - DEBUG - 在线检索答案
2018-09-25 12:51:14,713 - VBJDU18422021801 - INFO - 我的答案：孙俪和邓超
2018-09-25 12:51:15,431 - VBJDU18422021801 - DEBUG - 选择选项
2018-09-25 12:51:17,512 - VBJDU18422021801 - INFO - 答案错误
2018-09-25 12:51:17,771 - VBJDU18422021801 - INFO - 正确答案；王祖蓝和李亚男
2018-09-25 12:51:17,774 - VBJDU18422021801 - DEBUG - 添加此题
2018-09-25 12:51:18,434 - VBJDU18422021801 - INFO - 本题结束
2018-09-25 12:51:18,436 - VBJDU18422021801 - DEBUG - 获取题目
2018-09-25 12:51:20,612 - VBJDU18422021801 - INFO - 第 4 题
2018-09-25 12:51:20,917 - VBJDU18422021801 - INFO - 下列不属于传统「蒙古男儿三艺」的是？
2018-09-25 12:51:21,840 - VBJDU18422021801 - INFO - A.摔跤 B.象棋 C.骑马
2018-09-25 12:51:23,128 - VBJDU18422021801 - DEBUG - 在线检索答案
2018-09-25 12:51:23,128 - VBJDU18422021801 - INFO - 我的答案：骑马
2018-09-25 12:51:23,834 - VBJDU18422021801 - DEBUG - 选择选项
2018-09-25 12:51:25,843 - VBJDU18422021801 - INFO - 答案错误
2018-09-25 12:51:26,047 - VBJDU18422021801 - INFO - 正确答案；象棋
2018-09-25 12:51:26,050 - VBJDU18422021801 - DEBUG - 添加此题
2018-09-25 12:51:26,884 - VBJDU18422021801 - INFO - 本题结束
2018-09-25 12:51:26,887 - VBJDU18422021801 - DEBUG - 获取题目
2018-09-25 12:51:29,253 - VBJDU18422021801 - INFO - 第 5 题
2018-09-25 12:51:29,580 - VBJDU18422021801 - INFO - 京剧《黛玉葬花》取材于
2018-09-25 12:51:30,628 - VBJDU18422021801 - INFO - A.《红楼梦》 B.《封神演义》 C.《水浒》
2018-09-25 12:51:31,518 - VBJDU18422021801 - DEBUG - 在线检索答案
2018-09-25 12:51:31,518 - VBJDU18422021801 - INFO - 我的答案：《红楼梦》
2018-09-25 12:51:32,147 - VBJDU18422021801 - DEBUG - 选择选项
2018-09-25 12:51:34,234 - VBJDU18422021801 - INFO - 答案正确
2018-09-25 12:51:34,237 - VBJDU18422021801 - DEBUG - 添加此题
2018-09-25 12:51:35,025 - VBJDU18422021801 - INFO - 本题结束
2018-09-25 12:51:36,200 - VBJDU18422021801 - INFO - 本场比赛结束
2018-09-25 12:51:36,252 - VBJDU18422021801 - INFO - 返回游戏页面
2018-09-25 12:51:37,952 - VBJDU18422021801 - INFO - 进入排位赛
2018-09-25 12:51:37,956 - VBJDU18422021801 - INFO - 正在匹配中......
2018-09-25 12:51:50,727 - VBJDU18422021801 - INFO - 匹配成功
2018-09-25 12:51:50,733 - VBJDU18422021801 - DEBUG - 获取题目
2018-09-25 12:51:52,105 - VBJDU18422021801 - INFO - 第 1 题
2018-09-25 12:51:52,459 - VBJDU18422021801 - INFO - 86、75、64、53、31、20、9，请问这里少了哪个数？
2018-09-25 12:51:53,513 - VBJDU18422021801 - INFO - A.39 B.40 C.42
2018-09-25 12:51:54,356 - VBJDU18422021801 - DEBUG - 在线检索答案
2018-09-25 12:51:54,356 - VBJDU18422021801 - INFO - 我的答案：42
2018-09-25 12:51:55,010 - VBJDU18422021801 - DEBUG - 选择选项
2018-09-25 12:51:57,149 - VBJDU18422021801 - INFO - 答案正确
2018-09-25 12:51:57,153 - VBJDU18422021801 - DEBUG - 添加此题
2018-09-25 12:51:58,435 - VBJDU18422021801 - INFO - 本题结束
2018-09-25 12:51:58,436 - VBJDU18422021801 - DEBUG - 获取题目
2018-09-25 12:52:00,734 - VBJDU18422021801 - INFO - 第 2 题
2018-09-25 12:52:01,078 - VBJDU18422021801 - INFO - 日地距离光要走约多长时间？
2018-09-25 12:52:02,020 - VBJDU18422021801 - INFO - A.7分钟 B.8分钟 C.6分钟
2018-09-25 12:52:03,261 - VBJDU18422021801 - DEBUG - 在线检索答案
2018-09-25 12:52:03,261 - VBJDU18422021801 - INFO - 我的答案：8分钟
2018-09-25 12:52:03,999 - VBJDU18422021801 - DEBUG - 选择选项
2018-09-25 12:52:06,055 - VBJDU18422021801 - INFO - 答案正确
2018-09-25 12:52:06,059 - VBJDU18422021801 - DEBUG - 添加此题
2018-09-25 12:52:08,176 - VBJDU18422021801 - INFO - 本题结束
2018-09-25 12:52:08,181 - VBJDU18422021801 - DEBUG - 获取题目
2018-09-25 12:52:10,222 - VBJDU18422021801 - INFO - 第 3 题
2018-09-25 12:52:10,575 - VBJDU18422021801 - INFO - 四大天王是韩国棋手的佼佼者，下面哪个不属于四大天王之列吗？
2018-09-25 12:52:11,593 - VBJDU18422021801 - INFO - A.柳时熏 B.曹薰铉 C.李昌镐
2018-09-25 12:52:13,708 - VBJDU18422021801 - DEBUG - 在线检索答案
2018-09-25 12:52:13,708 - VBJDU18422021801 - INFO - 我的答案：曹薰铉
2018-09-25 12:52:14,323 - VBJDU18422021801 - DEBUG - 选择选项
2018-09-25 12:52:16,468 - VBJDU18422021801 - INFO - 答案错误
2018-09-25 12:52:16,637 - VBJDU18422021801 - INFO - 正确答案；柳时熏
2018-09-25 12:52:16,642 - VBJDU18422021801 - DEBUG - 添加此题
2018-09-25 12:52:17,120 - VBJDU18422021801 - INFO - 本题结束
2018-09-25 12:52:17,124 - VBJDU18422021801 - DEBUG - 获取题目
2018-09-25 12:52:19,509 - VBJDU18422021801 - INFO - 第 4 题
2018-09-25 12:52:19,838 - VBJDU18422021801 - INFO - 战国时期，礼法并施的先行者是谁？
2018-09-25 12:52:20,861 - VBJDU18422021801 - INFO - A.荀子 B.李斯 C.韩非
2018-09-25 12:52:21,705 - VBJDU18422021801 - DEBUG - 在线检索答案
2018-09-25 12:52:21,705 - VBJDU18422021801 - INFO - 我的答案：荀子
2018-09-25 12:52:22,423 - VBJDU18422021801 - DEBUG - 选择选项
2018-09-25 12:52:24,471 - VBJDU18422021801 - INFO - 答案正确
2018-09-25 12:52:24,477 - VBJDU18422021801 - DEBUG - 添加此题
2018-09-25 12:52:28,588 - VBJDU18422021801 - INFO - 本题结束
2018-09-25 12:52:28,591 - VBJDU18422021801 - DEBUG - 获取题目
2018-09-25 12:52:30,808 - VBJDU18422021801 - INFO - 第 5 题
2018-09-25 12:52:31,100 - VBJDU18422021801 - INFO - 酒瓶上有特殊符号表示陈酿年代，F代表
2018-09-25 12:52:32,156 - VBJDU18422021801 - INFO - A.精美 B.老陈 C.柔顺
2018-09-25 12:52:34,179 - VBJDU18422021801 - DEBUG - 在线检索答案
2018-09-25 12:52:34,179 - VBJDU18422021801 - INFO - 我的答案：精美
2018-09-25 12:52:34,837 - VBJDU18422021801 - DEBUG - 选择选项
2018-09-25 12:52:36,951 - VBJDU18422021801 - INFO - 答案正确
2018-09-25 12:52:36,956 - VBJDU18422021801 - DEBUG - 添加此题
2018-09-25 12:52:37,960 - VBJDU18422021801 - INFO - 本题结束
2018-09-25 12:52:39,179 - VBJDU18422021801 - INFO - 本场比赛结束
2018-09-25 12:52:39,222 - VBJDU18422021801 - INFO - 返回游戏页面
2018-09-25 12:52:40,845 - VBJDU18422021801 - INFO - 进入排位赛
2018-09-25 12:52:40,845 - VBJDU18422021801 - INFO - 正在匹配中......
2018-09-25 12:52:48,859 - VBJDU18422021801 - INFO - 匹配成功
2018-09-25 12:52:48,860 - VBJDU18422021801 - DEBUG - 获取题目
2018-09-25 12:52:50,280 - VBJDU18422021801 - INFO - 第 1 题
2018-09-25 12:52:50,687 - VBJDU18422021801 - INFO - 马德里竞技球员奥布拉克在场上的位置是？
2018-09-25 12:52:51,817 - VBJDU18422021801 - INFO - A.前锋 B.守门员 C.后卫
2018-09-25 12:52:53,245 - VBJDU18422021801 - DEBUG - 在线检索答案
2018-09-25 12:52:53,245 - VBJDU18422021801 - INFO - 我的答案：守门员
2018-09-25 12:52:53,926 - VBJDU18422021801 - DEBUG - 选择选项
2018-09-25 12:52:56,034 - VBJDU18422021801 - INFO - 答案正确
2018-09-25 12:52:56,036 - VBJDU18422021801 - DEBUG - 添加此题
2018-09-25 12:53:00,887 - VBJDU18422021801 - INFO - 本题结束
2018-09-25 12:53:00,890 - VBJDU18422021801 - DEBUG - 获取题目
2018-09-25 12:53:03,042 - VBJDU18422021801 - INFO - 第 2 题
2018-09-25 12:53:03,345 - VBJDU18422021801 - INFO - 居里夫人的主要研究领域是什么？
2018-09-25 12:53:04,333 - VBJDU18422021801 - INFO - A.空气动力学 B.放射性理论 C.热力学
2018-09-25 12:53:05,020 - VBJDU18422021801 - DEBUG - 未检索到答案
2018-09-25 12:53:05,020 - VBJDU18422021801 - INFO - 我的答案：空气动力学
2018-09-25 12:53:05,713 - VBJDU18422021801 - DEBUG - 选择选项
2018-09-25 12:53:07,827 - VBJDU18422021801 - INFO - 答案错误
2018-09-25 12:53:07,969 - VBJDU18422021801 - INFO - 正确答案；放射性理论
2018-09-25 12:53:07,972 - VBJDU18422021801 - DEBUG - 添加此题
2018-09-25 12:53:09,124 - VBJDU18422021801 - INFO - 本题结束
2018-09-25 12:53:09,124 - VBJDU18422021801 - DEBUG - 获取题目
2018-09-25 12:53:11,358 - VBJDU18422021801 - INFO - 第 3 题
2018-09-25 12:53:11,670 - VBJDU18422021801 - INFO - 蝌蚪是哪种动物的幼虫？
2018-09-25 12:53:12,683 - VBJDU18422021801 - INFO - A.青蛙 B.鲤鱼 C.海龟
2018-09-25 12:53:13,420 - VBJDU18422021801 - DEBUG - 在线检索答案
2018-09-25 12:53:13,420 - VBJDU18422021801 - INFO - 我的答案：青蛙
2018-09-25 12:53:14,072 - VBJDU18422021801 - DEBUG - 选择选项
2018-09-25 12:53:16,140 - VBJDU18422021801 - INFO - 答案正确
2018-09-25 12:53:16,142 - VBJDU18422021801 - DEBUG - 添加此题
2018-09-25 12:53:17,295 - VBJDU18422021801 - INFO - 本题结束
2018-09-25 12:53:17,297 - VBJDU18422021801 - DEBUG - 获取题目
2018-09-25 12:53:19,533 - VBJDU18422021801 - INFO - 第 4 题
2018-09-25 12:53:19,863 - VBJDU18422021801 - INFO - 美军入侵格林纳达战争中，哪一个兵种并未参战？
2018-09-25 12:53:20,857 - VBJDU18422021801 - INFO - A.海军陆战队 B.空军 C.海岸警卫队
2018-09-25 12:53:21,713 - VBJDU18422021801 - DEBUG - 在线检索答案
2018-09-25 12:53:21,713 - VBJDU18422021801 - INFO - 我的答案：空军
2018-09-25 12:53:22,472 - VBJDU18422021801 - DEBUG - 选择选项
2018-09-25 12:53:24,510 - VBJDU18422021801 - INFO - 答案错误
2018-09-25 12:53:24,778 - VBJDU18422021801 - INFO - 正确答案；海岸警卫队
2018-09-25 12:53:24,782 - VBJDU18422021801 - DEBUG - 添加此题
2018-09-25 12:53:26,040 - VBJDU18422021801 - INFO - 本题结束
2018-09-25 12:53:26,044 - VBJDU18422021801 - DEBUG - 获取题目
2018-09-25 12:53:28,199 - VBJDU18422021801 - INFO - 第 5 题
2018-09-25 12:53:28,555 - VBJDU18422021801 - INFO - 在微博上自称“火华社长”的是哪位内地著名男明星？
2018-09-25 12:53:29,513 - VBJDU18422021801 - INFO - A.刘德华 B.刘烨 C.徐锦江
2018-09-25 12:53:29,525 - VBJDU18422021801 - DEBUG - 数据库中检索答案
2018-09-25 12:53:29,525 - VBJDU18422021801 - INFO - 我的答案：刘烨
2018-09-25 12:53:30,333 - VBJDU18422021801 - DEBUG - 选择选项
2018-09-25 12:53:32,522 - VBJDU18422021801 - INFO - 答案正确
2018-09-25 12:53:34,646 - VBJDU18422021801 - INFO - 本题结束
2018-09-25 12:53:35,821 - VBJDU18422021801 - INFO - 本场比赛结束
2018-09-25 12:53:35,874 - VBJDU18422021801 - INFO - 返回游戏页面
2018-09-25 12:53:37,485 - VBJDU18422021801 - INFO - 进入排位赛
2018-09-25 12:53:37,489 - VBJDU18422021801 - INFO - 正在匹配中......
2018-09-25 14:04:54,926 - VBJDU18422021801 - INFO - 停止UC浏览器
2018-09-25 14:04:55,067 - VBJDU18422021801 - DEBUG - 返回主页面
2018-09-25 14:04:55,895 - VBJDU18422021801 - DEBUG - 打开UC浏览器
2018-09-25 14:04:58,753 - VBJDU18422021801 - DEBUG - 进入用户页面
2018-09-25 14:05:00,190 - VBJDU18422021801 - DEBUG - 进入游戏页面1
2018-09-25 14:05:02,643 - VBJDU18422021801 - DEBUG - 进入游戏页面2
2018-09-25 14:05:04,955 - VBJDU18422021801 - INFO - 选择游戏
2018-09-25 14:05:06,954 - VBJDU18422021801 - INFO - 进入排位赛
2018-09-25 14:05:06,970 - VBJDU18422021801 - INFO - 正在匹配中......
2018-09-25 14:05:48,460 - VBJDU18422021801 - INFO - 匹配成功
2018-09-25 14:05:48,460 - VBJDU18422021801 - DEBUG - 获取题目
2018-09-25 14:05:50,084 - VBJDU18422021801 - INFO - 第 1 题
2018-09-25 14:05:50,928 - VBJDU18422021801 - INFO - 歌手萧敬腾在电影《大宅男》中扮演的角色叫什么？
2018-09-25 14:05:51,928 - VBJDU18422021801 - INFO - A.雨神 B.大鹏 C.阿宅
2018-09-25 14:05:52,646 - VBJDU18422021801 - DEBUG - 在线检索答案
2018-09-25 14:05:52,646 - VBJDU18422021801 - INFO - 我的答案：大鹏
2018-09-25 14:05:53,256 - VBJDU18422021801 - DEBUG - 选择选项
2018-09-25 14:05:55,443 - VBJDU18422021801 - INFO - 答案错误
2018-09-25 14:05:55,677 - VBJDU18422021801 - INFO - 正确答案；阿宅
2018-09-25 14:05:55,692 - VBJDU18422021801 - DEBUG - 添加此题
2018-09-25 14:05:58,286 - VBJDU18422021801 - INFO - 本题结束
2018-09-25 14:05:58,301 - VBJDU18422021801 - DEBUG - 获取题目
2018-09-25 14:05:59,895 - VBJDU18422021801 - INFO - 第 2 题
2018-09-25 14:06:00,254 - VBJDU18422021801 - INFO - 以下哪位日本男演员被中国粉丝称为“苏打”？
2018-09-25 14:06:01,301 - VBJDU18422021801 - INFO - A.千叶雄大 B.福士苍汰 C.菅田将晖
2018-09-25 14:06:01,348 - VBJDU18422021801 - DEBUG - 数据库中检索答案
2018-09-25 14:06:01,348 - VBJDU18422021801 - INFO - 我的答案：菅田将晖
2018-09-25 14:06:01,957 - VBJDU18422021801 - DEBUG - 选择选项
2018-09-25 14:06:04,050 - VBJDU18422021801 - INFO - 答案正确
2018-09-25 14:06:07,565 - VBJDU18422021801 - INFO - 本题结束
2018-09-25 14:06:07,565 - VBJDU18422021801 - DEBUG - 获取题目
2018-09-25 14:06:09,861 - VBJDU18422021801 - INFO - 第 3 题
2018-09-25 14:06:10,205 - VBJDU18422021801 - INFO - 韩剧《鬼怪》的女主角由哪位演员饰演？
2018-09-25 14:06:11,203 - VBJDU18422021801 - INFO - A.金所炫 B.尹恩惠 C.金高银
2018-09-25 14:06:12,000 - VBJDU18422021801 - DEBUG - 在线检索答案
2018-09-25 14:06:12,000 - VBJDU18422021801 - INFO - 我的答案：金高银
2018-09-25 14:06:13,124 - VBJDU18422021801 - DEBUG - 选择选项
2018-09-25 14:06:15,421 - VBJDU18422021801 - INFO - 答案正确
2018-09-25 14:06:15,421 - VBJDU18422021801 - DEBUG - 添加此题
2018-09-25 14:06:16,593 - VBJDU18422021801 - INFO - 本题结束
2018-09-25 14:06:16,593 - VBJDU18422021801 - DEBUG - 获取题目
2018-09-25 14:06:18,748 - VBJDU18422021801 - INFO - 第 4 题
2018-09-25 14:06:19,060 - VBJDU18422021801 - INFO - 世界上最长的人工运河──京杭大运河全长为1794公里它修建于
2018-09-25 14:06:20,045 - VBJDU18422021801 - INFO - A.商朝时期 B.秦国时期 C.春秋时期
2018-09-25 14:06:20,779 - VBJDU18422021801 - DEBUG - 在线检索答案
2018-09-25 14:06:20,779 - VBJDU18422021801 - INFO - 我的答案：春秋时期
2018-09-25 14:06:21,482 - VBJDU18422021801 - DEBUG - 选择选项
2018-09-25 14:06:23,576 - VBJDU18422021801 - INFO - 答案正确
2018-09-25 14:06:23,576 - VBJDU18422021801 - DEBUG - 添加此题
2018-09-25 14:06:28,965 - VBJDU18422021801 - INFO - 本题结束
2018-09-25 14:06:28,965 - VBJDU18422021801 - DEBUG - 获取题目
2018-09-25 14:06:31,356 - VBJDU18422021801 - INFO - 第 5 题
2018-09-25 14:06:31,668 - VBJDU18422021801 - INFO - 很多人都喜欢吃水果，下列关于水果的选项哪个是正确的？
2018-09-25 14:06:32,636 - VBJDU18422021801 - INFO - A.水果可以代替蔬菜 B.削皮不能解决农药问题 C.含有的维生素特别多
2018-09-25 14:06:33,479 - VBJDU18422021801 - DEBUG - 在线检索答案
2018-09-25 14:06:33,479 - VBJDU18422021801 - INFO - 我的答案：水果可以代替蔬菜
2018-09-25 14:06:34,104 - VBJDU18422021801 - DEBUG - 选择选项
2018-09-25 14:06:36,244 - VBJDU18422021801 - INFO - 答案错误
2018-09-25 14:06:36,385 - VBJDU18422021801 - INFO - 正确答案；削皮不能解决农药问题
2018-09-25 14:06:36,385 - VBJDU18422021801 - DEBUG - 添加此题
2018-09-25 14:06:41,228 - VBJDU18422021801 - INFO - 本题结束
2018-09-25 14:06:42,556 - VBJDU18422021801 - INFO - 本场比赛结束
2018-09-25 14:06:42,650 - VBJDU18422021801 - INFO - 返回游戏页面
2018-09-25 14:06:44,243 - VBJDU18422021801 - INFO - 进入排位赛
2018-09-25 14:06:44,243 - VBJDU18422021801 - INFO - 正在匹配中......
2018-09-25 14:08:46,075 - VBJDU18422021801 - WARNING - 匹配失败
2018-09-25 14:08:46,169 - VBJDU18422021801 - INFO - 返回游戏页面
2018-09-25 14:08:47,778 - VBJDU18422021801 - INFO - 进入排位赛
2018-09-25 14:08:48,041 - VBJDU18422021801 - INFO - 正在匹配中......
2018-09-25 14:08:50,337 - VBJDU18422021801 - INFO - 匹配成功
2018-09-25 14:08:50,337 - VBJDU18422021801 - DEBUG - 获取题目
2018-09-25 14:08:51,727 - VBJDU18422021801 - INFO - 第 1 题
2018-09-25 14:08:52,024 - VBJDU18422021801 - INFO - 在麻将桌上，大家双手搓动牌，使牌均匀而无序地运动，称为：
2018-09-25 14:08:52,915 - VBJDU18422021801 - INFO - A.洗牌 B.码牌 C.开光
2018-09-25 14:08:52,930 - VBJDU18422021801 - DEBUG - 数据库中检索答案
2018-09-25 14:08:52,930 - VBJDU18422021801 - INFO - 我的答案：洗牌
2018-09-25 14:08:53,555 - VBJDU18422021801 - DEBUG - 选择选项
2018-09-25 14:08:55,695 - VBJDU18422021801 - INFO - 答案正确
2018-09-25 14:08:57,601 - VBJDU18422021801 - INFO - 本题结束
2018-09-25 14:08:57,601 - VBJDU18422021801 - DEBUG - 获取题目
2018-09-25 14:08:59,804 - VBJDU18422021801 - INFO - 第 2 题
2018-09-25 14:09:00,116 - VBJDU18422021801 - INFO - 立春春节同一日（打一字）
2018-09-25 14:09:01,053 - VBJDU18422021801 - INFO - A.奉 B.音 C.曼
2018-09-25 14:09:01,568 - VBJDU18422021801 - DEBUG - 在线检索答案
2018-09-25 14:09:01,568 - VBJDU18422021801 - INFO - 我的答案：音
2018-09-25 14:09:02,287 - VBJDU18422021801 - DEBUG - 选择选项
2018-09-25 14:09:04,365 - VBJDU18422021801 - INFO - 答案正确
2018-09-25 14:09:04,365 - VBJDU18422021801 - DEBUG - 添加此题
2018-09-25 14:09:10,972 - VBJDU18422021801 - INFO - 本题结束
2018-09-25 14:09:10,972 - VBJDU18422021801 - DEBUG - 获取题目
2018-09-25 14:09:13,128 - VBJDU18422021801 - INFO - 第 3 题
2018-09-25 14:09:13,424 - VBJDU18422021801 - INFO - 药物不良反应的英文缩写是
2018-09-25 14:09:14,409 - VBJDU18422021801 - INFO - A.ADR B.TDM C.BDR
2018-09-25 14:09:14,955 - VBJDU18422021801 - DEBUG - 在线检索答案
2018-09-25 14:09:14,955 - VBJDU18422021801 - INFO - 我的答案：BDR
2018-09-25 14:09:15,612 - VBJDU18422021801 - DEBUG - 选择选项
2018-09-25 14:09:17,750 - VBJDU18422021801 - INFO - 答案错误
2018-09-25 14:09:17,891 - VBJDU18422021801 - INFO - 正确答案；ADR
2018-09-25 14:09:17,891 - VBJDU18422021801 - DEBUG - 添加此题
2018-09-25 14:09:18,656 - VBJDU18422021801 - INFO - 本题结束
2018-09-25 14:09:18,656 - VBJDU18422021801 - DEBUG - 获取题目
2018-09-25 14:09:20,876 - VBJDU18422021801 - INFO - 第 4 题
2018-09-25 14:09:21,173 - VBJDU18422021801 - INFO - 石原里美和以下哪位男演员出演了电视剧《朝5晚9》？
2018-09-25 14:09:22,142 - VBJDU18422021801 - INFO - A.山崎贤人 B.山下智久 C.菅田将晖
2018-09-25 14:09:22,766 - VBJDU18422021801 - DEBUG - 在线检索答案
2018-09-25 14:09:22,766 - VBJDU18422021801 - INFO - 我的答案：山下智久
2018-09-25 14:09:23,392 - VBJDU18422021801 - DEBUG - 选择选项
2018-09-25 14:09:25,438 - VBJDU18422021801 - INFO - 答案正确
2018-09-25 14:09:25,438 - VBJDU18422021801 - DEBUG - 添加此题
2018-09-25 14:09:27,422 - VBJDU18422021801 - INFO - 本题结束
2018-09-25 14:09:27,422 - VBJDU18422021801 - DEBUG - 获取题目
2018-09-25 14:09:29,578 - VBJDU18422021801 - INFO - 第 5 题
2018-09-25 14:09:29,906 - VBJDU18422021801 - INFO - 肝脾肾心肺在五行中各属于：
2018-09-25 14:09:30,890 - VBJDU18422021801 - INFO - A.木火土金水 B.木土水火金 C.火木金水土
2018-09-25 14:09:31,577 - VBJDU18422021801 - DEBUG - 在线检索答案
2018-09-25 14:09:31,577 - VBJDU18422021801 - INFO - 我的答案：木火土金水
2018-09-25 14:09:32,186 - VBJDU18422021801 - DEBUG - 选择选项
2018-09-25 14:09:34,233 - VBJDU18422021801 - INFO - 答案错误
2018-09-25 14:09:34,342 - VBJDU18422021801 - INFO - 正确答案；木土水火金
2018-09-25 14:09:34,342 - VBJDU18422021801 - DEBUG - 添加此题
2018-09-25 14:09:40,650 - VBJDU18422021801 - INFO - 本题结束
2018-09-25 14:09:41,853 - VBJDU18422021801 - INFO - 本场比赛结束
2018-09-25 14:09:41,884 - VBJDU18422021801 - INFO - 返回游戏页面
2018-09-25 14:09:43,525 - VBJDU18422021801 - INFO - 进入排位赛
2018-09-25 14:09:43,525 - VBJDU18422021801 - INFO - 正在匹配中......
2018-09-25 14:10:01,623 - VBJDU18422021801 - INFO - 匹配成功
2018-09-25 14:10:01,623 - VBJDU18422021801 - DEBUG - 获取题目
2018-09-25 14:10:02,311 - VBJDU18422021801 - INFO - 第 1 题
2018-09-25 14:10:02,607 - VBJDU18422021801 - INFO - 关于除夕的别称，下列错误的是？
2018-09-25 14:10:03,576 - VBJDU18422021801 - INFO - A.年三十 B.春节 C.大年夜
2018-09-25 14:10:03,607 - VBJDU18422021801 - DEBUG - 数据库中检索答案
2018-09-25 14:10:03,607 - VBJDU18422021801 - INFO - 我的答案：春节
2018-09-25 14:10:04,295 - VBJDU18422021801 - DEBUG - 选择选项
2018-09-25 14:10:06,372 - VBJDU18422021801 - INFO - 答案正确
2018-09-25 14:10:07,685 - VBJDU18422021801 - INFO - 本题结束
2018-09-25 14:10:07,685 - VBJDU18422021801 - DEBUG - 获取题目
2018-09-25 14:10:09,762 - VBJDU18422021801 - INFO - 第 2 题
2018-09-25 14:10:10,075 - VBJDU18422021801 - INFO - 陕西临潼年初五要把剪纸人到家门口扔掉，是因为？
2018-09-25 14:10:11,074 - VBJDU18422021801 - INFO - A.初五为“送穷节” B.纸人剪得不好看 C.家里纸太多了
2018-09-25 14:10:11,605 - VBJDU18422021801 - DEBUG - 在线检索答案
2018-09-25 14:10:11,605 - VBJDU18422021801 - INFO - 我的答案：初五为“送穷节”
2018-09-25 14:10:12,230 - VBJDU18422021801 - DEBUG - 选择选项
2018-09-25 14:10:14,433 - VBJDU18422021801 - INFO - 答案正确
2018-09-25 14:10:14,433 - VBJDU18422021801 - DEBUG - 添加此题
2018-09-25 14:10:17,455 - VBJDU18422021801 - INFO - 本题结束
2018-09-25 14:10:17,455 - VBJDU18422021801 - DEBUG - 获取题目
2018-09-25 14:10:19,688 - VBJDU18422021801 - INFO - 第 3 题
2018-09-25 14:10:19,985 - VBJDU18422021801 - INFO - 2001年，中国队在那个体育场战胜阿曼队闯入2002年韩日世界杯？
2018-09-25 14:10:20,964 - VBJDU18422021801 - INFO - A.贺龙体育场 B.五里河体育场 C.工人体育场
2018-09-25 14:10:21,635 - VBJDU18422021801 - DEBUG - 在线检索答案
2018-09-25 14:10:21,635 - VBJDU18422021801 - INFO - 我的答案：五里河体育场
2018-09-25 14:10:22,229 - VBJDU18422021801 - DEBUG - 选择选项
2018-09-25 14:10:24,306 - VBJDU18422021801 - INFO - 答案正确
2018-09-25 14:10:24,306 - VBJDU18422021801 - DEBUG - 添加此题
2018-09-25 14:10:28,009 - VBJDU18422021801 - INFO - 本题结束
2018-09-25 14:10:28,009 - VBJDU18422021801 - DEBUG - 获取题目
2018-09-25 14:10:30,227 - VBJDU18422021801 - INFO - 第 4 题
2018-09-25 14:10:30,524 - VBJDU18422021801 - INFO - 以下哪部作品不是以公主为主角的动画电影？
2018-09-25 14:10:31,461 - VBJDU18422021801 - INFO - A.《长发公主》 B.《白雪公主》 C.《疯狂原始人》
2018-09-25 14:10:31,867 - VBJDU18422021801 - DEBUG - 在线检索答案
2018-09-25 14:10:31,867 - VBJDU18422021801 - INFO - 我的答案：《长发公主》
2018-09-25 14:10:32,570 - VBJDU18422021801 - DEBUG - 选择选项
2018-09-25 14:10:34,648 - VBJDU18422021801 - INFO - 答案错误
2018-09-25 14:10:34,851 - VBJDU18422021801 - INFO - 正确答案；《疯狂原始人》
2018-09-25 14:10:34,851 - VBJDU18422021801 - DEBUG - 添加此题
2018-09-25 14:10:36,257 - VBJDU18422021801 - INFO - 本题结束
2018-09-25 14:10:36,257 - VBJDU18422021801 - DEBUG - 获取题目
2018-09-25 14:10:38,472 - VBJDU18422021801 - INFO - 第 5 题
2018-09-25 14:10:38,799 - VBJDU18422021801 - INFO - 甲状腺肿大又称大脖子病，是因为食物中缺少什么微量元素？
2018-09-25 14:10:39,753 - VBJDU18422021801 - INFO - A.锰 B.碘 C.铁
2018-09-25 14:10:40,471 - VBJDU18422021801 - DEBUG - 在线检索答案
2018-09-25 14:10:40,471 - VBJDU18422021801 - INFO - 我的答案：碘
2018-09-25 14:10:41,158 - VBJDU18422021801 - DEBUG - 选择选项
2018-09-25 14:10:43,268 - VBJDU18422021801 - INFO - 答案正确
2018-09-25 14:10:43,268 - VBJDU18422021801 - DEBUG - 添加此题
2018-09-25 14:10:44,127 - VBJDU18422021801 - INFO - 本题结束
2018-09-25 14:10:45,314 - VBJDU18422021801 - INFO - 本场比赛结束
2018-09-25 14:10:45,361 - VBJDU18422021801 - INFO - 返回游戏页面
2018-09-25 14:10:46,907 - VBJDU18422021801 - INFO - 进入排位赛
2018-09-25 14:10:46,907 - VBJDU18422021801 - INFO - 正在匹配中......
2018-09-25 14:10:55,780 - VBJDU18422021801 - INFO - 匹配成功
2018-09-25 14:10:55,780 - VBJDU18422021801 - DEBUG - 获取题目
2018-09-25 14:10:57,748 - VBJDU18422021801 - INFO - 第 1 题
2018-09-25 14:10:58,139 - VBJDU18422021801 - INFO - 重阳节“登高”这一习俗气氛日渐浓郁源于什么时候？
2018-09-25 14:10:59,170 - VBJDU18422021801 - INFO - A.魏晋 B.秦汉 C.战国
2018-09-25 14:10:59,873 - VBJDU18422021801 - DEBUG - 在线检索答案
2018-09-25 14:10:59,873 - VBJDU18422021801 - INFO - 我的答案：魏晋
2018-09-25 14:11:00,701 - VBJDU18422021801 - DEBUG - 选择选项
2018-09-25 14:11:02,779 - VBJDU18422021801 - INFO - 答案正确
2018-09-25 14:11:02,794 - VBJDU18422021801 - DEBUG - 添加此题
2018-09-25 14:11:03,622 - VBJDU18422021801 - INFO - 本题结束
2018-09-25 14:11:03,622 - VBJDU18422021801 - DEBUG - 获取题目
2018-09-25 14:11:05,887 - VBJDU18422021801 - INFO - 第 2 题
2018-09-25 14:11:06,168 - VBJDU18422021801 - INFO - 游泳健将孙杨、叶诗文的家乡都在哪个省？
2018-09-25 14:11:07,105 - VBJDU18422021801 - INFO - A.浙江 B.安徽 C.江苏
2018-09-25 14:11:07,121 - VBJDU18422021801 - DEBUG - 数据库中检索答案
2018-09-25 14:11:07,121 - VBJDU18422021801 - INFO - 我的答案：浙江
2018-09-25 14:11:07,762 - VBJDU18422021801 - DEBUG - 选择选项
2018-09-25 14:11:09,996 - VBJDU18422021801 - INFO - 答案正确
2018-09-25 14:11:12,323 - VBJDU18422021801 - INFO - 本题结束
2018-09-25 14:11:12,323 - VBJDU18422021801 - DEBUG - 获取题目
2018-09-25 14:11:14,573 - VBJDU18422021801 - INFO - 第 3 题
2018-09-25 14:11:14,869 - VBJDU18422021801 - INFO - 继谢军之后，又一个夺得世界象棋“棋后”称号的中国人是：
2018-09-25 14:11:15,760 - VBJDU18422021801 - INFO - A.许昱华 B.诸宸 C.王频
2018-09-25 14:11:16,306 - VBJDU18422021801 - DEBUG - 在线检索答案
2018-09-25 14:11:16,306 - VBJDU18422021801 - INFO - 我的答案：诸宸
2018-09-25 14:11:17,072 - VBJDU18422021801 - DEBUG - 选择选项
2018-09-25 14:11:19,257 - VBJDU18422021801 - INFO - 答案正确
2018-09-25 14:11:19,258 - VBJDU18422021801 - DEBUG - 添加此题
2018-09-25 14:11:20,033 - VBJDU18422021801 - INFO - 本题结束
2018-09-25 14:11:20,040 - VBJDU18422021801 - DEBUG - 获取题目
2018-09-25 14:11:22,108 - VBJDU18422021801 - INFO - 第 4 题
2018-09-25 14:11:22,513 - VBJDU18422021801 - INFO - 冰糖是用什么煎炼而成的冰块状结晶？
2018-09-25 14:11:23,497 - VBJDU18422021801 - INFO - A.蔗糖 B.单糖 C.白砂糖
2018-09-25 14:11:24,234 - VBJDU18422021801 - DEBUG - 在线检索答案
2018-09-25 14:11:24,234 - VBJDU18422021801 - INFO - 我的答案：白砂糖
2018-09-25 14:11:24,876 - VBJDU18422021801 - DEBUG - 选择选项
2018-09-25 14:11:26,972 - VBJDU18422021801 - INFO - 答案正确
2018-09-25 14:11:26,973 - VBJDU18422021801 - DEBUG - 添加此题
2018-09-25 14:11:28,370 - VBJDU18422021801 - INFO - 本题结束
2018-09-25 14:11:28,371 - VBJDU18422021801 - DEBUG - 获取题目
2018-09-25 14:11:30,589 - VBJDU18422021801 - INFO - 第 5 题
2018-09-25 14:11:30,869 - VBJDU18422021801 - INFO - 希腊神话中最先把马赐给人间的是？
2018-09-25 14:11:31,827 - VBJDU18422021801 - INFO - A.波塞顿 B.阿波罗 C.雅典娜
2018-09-25 14:11:32,471 - VBJDU18422021801 - DEBUG - 未检索到答案
2018-09-25 14:11:32,471 - VBJDU18422021801 - INFO - 我的答案：波塞顿
2018-09-25 14:11:33,169 - VBJDU18422021801 - DEBUG - 选择选项
2018-09-25 14:11:35,305 - VBJDU18422021801 - INFO - 答案正确
2018-09-25 14:11:35,307 - VBJDU18422021801 - DEBUG - 添加此题
2018-09-25 14:11:37,763 - VBJDU18422021801 - INFO - 本题结束
2018-09-25 14:11:38,983 - VBJDU18422021801 - INFO - 本场比赛结束
2018-09-25 14:11:39,021 - VBJDU18422021801 - INFO - 返回游戏页面
2018-09-25 14:11:40,575 - VBJDU18422021801 - INFO - 进入排位赛
2018-09-25 14:11:40,575 - VBJDU18422021801 - INFO - 正在匹配中......
2018-09-25 14:12:06,069 - VBJDU18422021801 - INFO - 匹配成功
2018-09-25 14:12:06,070 - VBJDU18422021801 - DEBUG - 获取题目
2018-09-25 14:12:07,542 - VBJDU18422021801 - INFO - 第 1 题
2018-09-25 14:12:07,828 - VBJDU18422021801 - INFO - “小羊皮”是出自以下哪个品牌的口红?
2018-09-25 14:12:08,883 - VBJDU18422021801 - INFO - A.迪奥 B.阿玛尼 C.纪梵希
2018-09-25 14:12:10,535 - VBJDU18422021801 - DEBUG - 在线检索答案
2018-09-25 14:12:10,535 - VBJDU18422021801 - INFO - 我的答案：纪梵希
2018-09-25 14:12:11,210 - VBJDU18422021801 - DEBUG - 选择选项
2018-09-25 14:12:13,294 - VBJDU18422021801 - INFO - 答案正确
2018-09-25 14:12:13,294 - VBJDU18422021801 - DEBUG - 添加此题
2018-09-25 14:12:20,176 - VBJDU18422021801 - INFO - 本题结束
2018-09-25 14:12:20,177 - VBJDU18422021801 - DEBUG - 获取题目
2018-09-25 14:12:22,537 - VBJDU18422021801 - INFO - 第 2 题
2018-09-25 14:12:22,853 - VBJDU18422021801 - INFO - 随着法国大革命的日渐临近，取代了罗可可美术的什么艺术风格？
2018-09-25 14:12:23,870 - VBJDU18422021801 - INFO - A.新古典主义美术 B.浪漫主义美术 C.写实主义美术
2018-09-25 14:12:24,742 - VBJDU18422021801 - DEBUG - 未检索到答案
2018-09-25 14:12:24,742 - VBJDU18422021801 - INFO - 我的答案：新古典主义美术
2018-09-25 14:12:25,396 - VBJDU18422021801 - DEBUG - 选择选项
2018-09-25 14:12:27,496 - VBJDU18422021801 - INFO - 答案正确
2018-09-25 14:12:27,498 - VBJDU18422021801 - DEBUG - 添加此题
2018-09-25 14:12:30,483 - VBJDU18422021801 - INFO - 本题结束
2018-09-25 14:12:30,483 - VBJDU18422021801 - DEBUG - 获取题目
2018-09-25 14:12:32,814 - VBJDU18422021801 - INFO - 第 3 题
2018-09-25 14:12:33,125 - VBJDU18422021801 - INFO - 中国第二大高原是以下哪个？
2018-09-25 14:12:34,054 - VBJDU18422021801 - INFO - A.黄土高原 B.云贵高原 C.内蒙古高原
2018-09-25 14:12:34,686 - VBJDU18422021801 - DEBUG - 在线检索答案
2018-09-25 14:12:34,686 - VBJDU18422021801 - INFO - 我的答案：内蒙古高原
2018-09-25 14:12:35,349 - VBJDU18422021801 - DEBUG - 选择选项
2018-09-25 14:12:37,462 - VBJDU18422021801 - INFO - 答案正确
2018-09-25 14:12:37,463 - VBJDU18422021801 - DEBUG - 添加此题
2018-09-25 14:12:39,901 - VBJDU18422021801 - INFO - 本题结束
2018-09-25 14:12:39,902 - VBJDU18422021801 - DEBUG - 获取题目
2018-09-25 14:12:42,250 - VBJDU18422021801 - INFO - 第 4 题
2018-09-25 14:12:42,565 - VBJDU18422021801 - INFO - 联合国教科文组织宣布2015年为
2018-09-25 14:12:43,541 - VBJDU18422021801 - INFO - A.国际光年 B.国际科学年 C.国际天文年
2018-09-25 14:12:44,321 - VBJDU18422021801 - DEBUG - 在线检索答案
2018-09-25 14:12:44,322 - VBJDU18422021801 - INFO - 我的答案：国际光年
2018-09-25 14:12:45,037 - VBJDU18422021801 - DEBUG - 选择选项
2018-09-25 14:12:47,133 - VBJDU18422021801 - INFO - 答案正确
2018-09-25 14:12:47,134 - VBJDU18422021801 - DEBUG - 添加此题
2018-09-25 14:12:49,493 - VBJDU18422021801 - INFO - 本题结束
2018-09-25 14:12:49,494 - VBJDU18422021801 - DEBUG - 获取题目
2018-09-25 14:12:51,846 - VBJDU18422021801 - INFO - 第 5 题
2018-09-25 14:12:52,166 - VBJDU18422021801 - INFO - 诗句“问世间，情为何物，直教生死相许？”出自？
2018-09-25 14:12:53,062 - VBJDU18422021801 - INFO - A.摸鱼儿·雁丘词 / 迈陂塘 B.鹊桥仙·纤云弄巧 C.上邪
2018-09-25 14:12:53,718 - VBJDU18422021801 - DEBUG - 未检索到答案
2018-09-25 14:12:53,718 - VBJDU18422021801 - INFO - 我的答案：摸鱼儿·雁丘词 / 迈陂塘
2018-09-25 14:12:54,353 - VBJDU18422021801 - DEBUG - 选择选项
2018-09-25 14:12:56,442 - VBJDU18422021801 - INFO - 答案正确
2018-09-25 14:12:56,443 - VBJDU18422021801 - DEBUG - 添加此题
2018-09-25 14:12:58,709 - VBJDU18422021801 - INFO - 本题结束
2018-09-25 14:12:59,894 - VBJDU18422021801 - INFO - 本场比赛结束
2018-09-25 14:12:59,942 - VBJDU18422021801 - INFO - 返回游戏页面
2018-09-25 14:13:01,534 - VBJDU18422021801 - INFO - 进入排位赛
2018-09-25 14:13:01,534 - VBJDU18422021801 - INFO - 正在匹配中......
2018-09-25 14:14:03,599 - VBJDU18422021801 - INFO - 匹配成功
2018-09-25 14:14:03,599 - VBJDU18422021801 - DEBUG - 获取题目
2018-09-25 14:14:04,406 - VBJDU18422021801 - INFO - 第 1 题
2018-09-25 14:14:04,701 - VBJDU18422021801 - INFO - 王俊凯的粉丝名称是什么？
2018-09-25 14:14:06,849 - VBJDU18422021801 - INFO - A.小螃蟹 B.小乌龟 C.小锦鲤
2018-09-25 14:14:06,853 - VBJDU18422021801 - DEBUG - 数据库中检索答案
2018-09-25 14:14:06,853 - VBJDU18422021801 - INFO - 我的答案：小螃蟹
2018-09-25 14:14:07,528 - VBJDU18422021801 - DEBUG - 选择选项
2018-09-25 14:14:09,686 - VBJDU18422021801 - INFO - 答案正确
2018-09-25 14:14:11,113 - VBJDU18422021801 - INFO - 本题结束
2018-09-25 14:14:11,114 - VBJDU18422021801 - DEBUG - 获取题目
2018-09-25 14:14:13,105 - VBJDU18422021801 - INFO - 第 2 题
2018-09-25 14:14:13,447 - VBJDU18422021801 - INFO - 顾城的《远和近》中，“我觉得，你看我时很远”的下一句是？
2018-09-25 14:14:14,427 - VBJDU18422021801 - INFO - A.我看你时很远 B.你看云时很近 C.我看云时很近
2018-09-25 14:14:15,128 - VBJDU18422021801 - DEBUG - 在线检索答案
2018-09-25 14:14:15,128 - VBJDU18422021801 - INFO - 我的答案：你看云时很近
2018-09-25 14:14:15,816 - VBJDU18422021801 - DEBUG - 选择选项
2018-09-25 14:14:18,170 - VBJDU18422021801 - INFO - 答案正确
2018-09-25 14:14:18,171 - VBJDU18422021801 - DEBUG - 添加此题
2018-09-25 14:14:21,272 - VBJDU18422021801 - INFO - 本题结束
2018-09-25 14:14:21,272 - VBJDU18422021801 - DEBUG - 获取题目
2018-09-25 14:14:23,295 - VBJDU18422021801 - INFO - 第 3 题
2018-09-25 14:14:23,650 - VBJDU18422021801 - INFO - 动画《扑杀天使朵库萝》的故事男主角叫什么？
2018-09-25 14:14:24,579 - VBJDU18422021801 - INFO - A.魔法樱 B.草壁樱 C.智慧樱
2018-09-25 14:14:25,200 - VBJDU18422021801 - DEBUG - 在线检索答案
2018-09-25 14:14:25,200 - VBJDU18422021801 - INFO - 我的答案：草壁樱
2018-09-25 14:14:25,903 - VBJDU18422021801 - DEBUG - 选择选项
2018-09-25 14:14:28,016 - VBJDU18422021801 - INFO - 答案正确
2018-09-25 14:14:28,016 - VBJDU18422021801 - DEBUG - 添加此题
2018-09-25 14:14:34,300 - VBJDU18422021801 - INFO - 本题结束
2018-09-25 14:14:34,300 - VBJDU18422021801 - DEBUG - 获取题目
2018-09-25 14:14:36,498 - VBJDU18422021801 - INFO - 第 4 题
2018-09-25 14:14:36,818 - VBJDU18422021801 - INFO - 标准麻将牌局中，某家抓牌墙中最后一张牌自摸和牌，被称为什么？
2018-09-25 14:14:37,714 - VBJDU18422021801 - INFO - A.海底捞月 B.妙手回春 C.八仙过海
2018-09-25 14:14:37,721 - VBJDU18422021801 - DEBUG - 数据库中检索答案
2018-09-25 14:14:37,721 - VBJDU18422021801 - INFO - 我的答案：妙手回春
2018-09-25 14:14:38,414 - VBJDU18422021801 - DEBUG - 选择选项
2018-09-25 14:14:40,514 - VBJDU18422021801 - INFO - 答案正确
2018-09-25 14:14:43,611 - VBJDU18422021801 - INFO - 本题结束
2018-09-25 14:14:43,611 - VBJDU18422021801 - DEBUG - 获取题目
2018-09-25 14:14:45,734 - VBJDU18422021801 - INFO - 第 5 题
2018-09-25 14:14:46,019 - VBJDU18422021801 - INFO - 《疯狂动物城》中的“尼克·王尔德”是现实中的什么动物？
2018-09-25 14:14:46,995 - VBJDU18422021801 - INFO - A.兔子 B.赤狐 C.狮子
2018-09-25 14:14:47,001 - VBJDU18422021801 - DEBUG - 数据库中检索答案
2018-09-25 14:14:47,001 - VBJDU18422021801 - INFO - 我的答案：赤狐
2018-09-25 14:14:47,679 - VBJDU18422021801 - DEBUG - 选择选项
2018-09-25 14:14:49,727 - VBJDU18422021801 - INFO - 答案正确
2018-09-25 14:14:52,286 - VBJDU18422021801 - INFO - 本题结束
2018-09-25 14:14:53,463 - VBJDU18422021801 - INFO - 本场比赛结束
2018-09-25 14:14:53,521 - VBJDU18422021801 - INFO - 返回游戏页面
2018-09-25 14:14:55,107 - VBJDU18422021801 - INFO - 进入排位赛
2018-09-25 14:14:55,108 - VBJDU18422021801 - INFO - 正在匹配中......
2018-09-25 14:16:58,012 - VBJDU18422021801 - WARNING - 匹配失败
2018-09-25 14:16:58,107 - VBJDU18422021801 - INFO - 返回游戏页面
2018-09-25 14:16:59,679 - VBJDU18422021801 - INFO - 进入排位赛
2018-09-25 14:16:59,680 - VBJDU18422021801 - INFO - 正在匹配中......
2018-09-25 14:18:06,318 - VBJDU18422021801 - INFO - 匹配成功
2018-09-25 14:18:06,318 - VBJDU18422021801 - DEBUG - 获取题目
2018-09-25 14:18:07,400 - VBJDU18422021801 - INFO - 第 1 题
2018-09-25 14:18:08,572 - VBJDU18422021801 - INFO - 著名篮球教练迈克·沙舍夫斯基，是美国哪所大学的篮球队教练？
2018-09-25 14:18:09,547 - VBJDU18422021801 - INFO - A.南加州理工大学 B.哈佛大学 C.杜克大学
2018-09-25 14:18:10,167 - VBJDU18422021801 - DEBUG - 在线检索答案
2018-09-25 14:18:10,167 - VBJDU18422021801 - INFO - 我的答案：杜克大学
2018-09-25 14:18:10,991 - VBJDU18422021801 - DEBUG - 选择选项
2018-09-25 14:18:13,079 - VBJDU18422021801 - INFO - 答案正确
2018-09-25 14:18:13,080 - VBJDU18422021801 - DEBUG - 添加此题
2018-09-25 14:18:14,634 - VBJDU18422021801 - INFO - 本题结束
2018-09-25 14:18:14,634 - VBJDU18422021801 - DEBUG - 获取题目
2018-09-25 14:18:16,778 - VBJDU18422021801 - INFO - 第 2 题
2018-09-25 14:18:17,081 - VBJDU18422021801 - INFO - 标准的乒乓球比赛场地的天花板高度不能低于几米？
2018-09-25 14:18:18,081 - VBJDU18422021801 - INFO - A.3米 B.4米 C.2米
2018-09-25 14:18:18,525 - VBJDU18422021801 - DEBUG - 在线检索答案
2018-09-25 14:18:18,525 - VBJDU18422021801 - INFO - 我的答案：3米
2018-09-25 14:18:19,159 - VBJDU18422021801 - DEBUG - 选择选项
2018-09-25 14:18:21,292 - VBJDU18422021801 - INFO - 答案错误
2018-09-25 14:18:21,415 - VBJDU18422021801 - INFO - 正确答案；4米
2018-09-25 14:18:21,415 - VBJDU18422021801 - DEBUG - 添加此题
2018-09-25 14:18:23,989 - VBJDU18422021801 - INFO - 本题结束
2018-09-25 14:18:23,989 - VBJDU18422021801 - DEBUG - 获取题目
2018-09-25 14:18:26,264 - VBJDU18422021801 - INFO - 第 3 题
2018-09-25 14:18:26,559 - VBJDU18422021801 - INFO - 小强刚满16岁就以劳动为生，他具有哪种行为能力？
2018-09-25 14:18:27,549 - VBJDU18422021801 - INFO - A.完全民事行为能力 B.限制民事行为能力 C.无民事行为能力
2018-09-25 14:18:27,549 - VBJDU18422021801 - DEBUG - 数据库中检索答案
2018-09-25 14:18:27,549 - VBJDU18422021801 - INFO - 我的答案：完全民事行为能力
2018-09-25 14:18:28,200 - VBJDU18422021801 - DEBUG - 选择选项
2018-09-25 14:18:30,292 - VBJDU18422021801 - INFO - 答案正确
2018-09-25 14:18:34,569 - VBJDU18422021801 - INFO - 本题结束
2018-09-25 14:18:34,569 - VBJDU18422021801 - DEBUG - 获取题目
2018-09-25 14:18:36,672 - VBJDU18422021801 - INFO - 第 4 题
2018-09-25 14:18:36,957 - VBJDU18422021801 - INFO - 英雄联盟S7总决赛半决赛在哪个城市举办？
2018-09-25 14:18:37,826 - VBJDU18422021801 - INFO - A.广州 B.上海 C.深圳
2018-09-25 14:18:37,826 - VBJDU18422021801 - DEBUG - 数据库中检索答案
2018-09-25 14:18:37,826 - VBJDU18422021801 - INFO - 我的答案：上海
2018-09-25 14:18:38,477 - VBJDU18422021801 - DEBUG - 选择选项
2018-09-25 14:18:40,618 - VBJDU18422021801 - INFO - 答案正确
2018-09-25 14:18:42,604 - VBJDU18422021801 - INFO - 本题结束
2018-09-25 14:18:42,604 - VBJDU18422021801 - DEBUG - 获取题目
2018-09-25 14:18:44,858 - VBJDU18422021801 - INFO - 第 5 题
2018-09-25 14:18:45,145 - VBJDU18422021801 - INFO - 人类基因组计划是堪称生物阿波罗计划，其中中国参与测定的部分占全部的：
2018-09-25 14:18:46,086 - VBJDU18422021801 - INFO - A.30% B.20% C.1%
2018-09-25 14:18:48,063 - VBJDU18422021801 - DEBUG - 在线检索答案
2018-09-25 14:18:48,063 - VBJDU18422021801 - INFO - 我的答案：1%
2018-09-25 14:18:48,708 - VBJDU18422021801 - DEBUG - 选择选项
2018-09-25 14:18:50,858 - VBJDU18422021801 - INFO - 答案正确
2018-09-25 14:18:50,858 - VBJDU18422021801 - DEBUG - 添加此题
2018-09-25 14:18:53,111 - VBJDU18422021801 - INFO - 本题结束
2018-09-25 14:18:54,298 - VBJDU18422021801 - INFO - 本场比赛结束
2018-09-25 14:18:54,344 - VBJDU18422021801 - INFO - 返回游戏页面
2018-09-25 14:18:55,928 - VBJDU18422021801 - INFO - 进入排位赛
2018-09-25 14:18:55,928 - VBJDU18422021801 - INFO - 正在匹配中......
2018-09-25 14:19:15,120 - VBJDU18422021801 - WARNING - 匹配失败
2018-09-25 14:19:15,249 - VBJDU18422021801 - INFO - 返回游戏页面
2018-09-25 14:19:16,834 - VBJDU18422021801 - INFO - 进入排位赛
2018-09-25 14:19:16,834 - VBJDU18422021801 - INFO - 正在匹配中......
2018-09-25 14:19:20,797 - VBJDU18422021801 - INFO - 匹配成功
2018-09-25 14:19:20,797 - VBJDU18422021801 - DEBUG - 获取题目
2018-09-25 14:19:22,026 - VBJDU18422021801 - INFO - 第 1 题
2018-09-25 14:19:22,337 - VBJDU18422021801 - INFO - 下列哪部不是大仲马的作品？
2018-09-25 14:19:23,219 - VBJDU18422021801 - INFO - A.《三个火枪手》 B.《基督山伯爵》 C.《巴黎圣母院》
2018-09-25 14:19:23,219 - VBJDU18422021801 - DEBUG - 数据库中检索答案
2018-09-25 14:19:23,219 - VBJDU18422021801 - INFO - 我的答案：《巴黎圣母院》
2018-09-25 14:19:23,914 - VBJDU18422021801 - DEBUG - 选择选项
2018-09-25 14:19:25,985 - VBJDU18422021801 - INFO - 答案正确
2018-09-25 14:19:28,399 - VBJDU18422021801 - INFO - 本题结束
2018-09-25 14:19:28,399 - VBJDU18422021801 - DEBUG - 获取题目
2018-09-25 14:19:30,434 - VBJDU18422021801 - INFO - 第 2 题
2018-09-25 14:19:30,727 - VBJDU18422021801 - INFO - 自然数中第八个数字是几？
2018-09-25 14:19:31,669 - VBJDU18422021801 - INFO - A.7 B.6 C.5
2018-09-25 14:19:32,373 - VBJDU18422021801 - DEBUG - 在线检索答案
2018-09-25 14:19:32,374 - VBJDU18422021801 - INFO - 我的答案：5
2018-09-25 14:19:33,039 - VBJDU18422021801 - DEBUG - 选择选项
2018-09-25 14:19:35,199 - VBJDU18422021801 - INFO - 答案错误
2018-09-25 14:19:35,331 - VBJDU18422021801 - INFO - 正确答案；7
2018-09-25 14:19:35,332 - VBJDU18422021801 - DEBUG - 添加此题
2018-09-25 14:19:37,455 - VBJDU18422021801 - INFO - 本题结束
2018-09-25 14:19:37,455 - VBJDU18422021801 - DEBUG - 获取题目
2018-09-25 14:19:39,611 - VBJDU18422021801 - INFO - 第 3 题
2018-09-25 14:19:39,944 - VBJDU18422021801 - INFO - “举杯消愁愁更愁”的上一句是？
2018-09-25 14:19:40,908 - VBJDU18422021801 - INFO - A.唯见长江天际流 B.抽刀断水水更流 C.烟花三月下扬州
2018-09-25 14:19:41,532 - VBJDU18422021801 - DEBUG - 在线检索答案
2018-09-25 14:19:41,532 - VBJDU18422021801 - INFO - 我的答案：抽刀断水水更流
2018-09-25 14:19:42,182 - VBJDU18422021801 - DEBUG - 选择选项
2018-09-25 14:19:44,243 - VBJDU18422021801 - INFO - 答案正确
2018-09-25 14:19:44,243 - VBJDU18422021801 - DEBUG - 添加此题
2018-09-25 14:19:45,128 - VBJDU18422021801 - INFO - 本题结束
2018-09-25 14:19:45,128 - VBJDU18422021801 - DEBUG - 获取题目
2018-09-25 14:19:47,328 - VBJDU18422021801 - INFO - 第 4 题
2018-09-25 14:19:47,648 - VBJDU18422021801 - INFO - 我国劳动法规定未成年工是年龄在多少的劳动者？
2018-09-25 14:19:48,665 - VBJDU18422021801 - INFO - A.15-17岁 B.14-16岁 C.16-18岁
2018-09-25 14:19:49,324 - VBJDU18422021801 - DEBUG - 未检索到答案
2018-09-25 14:19:49,324 - VBJDU18422021801 - INFO - 我的答案：15-17岁
2018-09-25 14:19:49,988 - VBJDU18422021801 - DEBUG - 选择选项
2018-09-25 14:19:52,127 - VBJDU18422021801 - INFO - 答案错误
2018-09-25 14:19:52,440 - VBJDU18422021801 - INFO - 正确答案；16-18岁
2018-09-25 14:19:52,455 - VBJDU18422021801 - DEBUG - 添加此题
2018-09-25 14:19:55,726 - VBJDU18422021801 - INFO - 本题结束
2018-09-25 14:19:55,726 - VBJDU18422021801 - DEBUG - 获取题目
2018-09-25 14:19:58,135 - VBJDU18422021801 - INFO - 第 5 题
2018-09-25 14:19:58,492 - VBJDU18422021801 - INFO - 章鱼烧是哪个亚洲国家的特色小吃？
2018-09-25 14:19:59,440 - VBJDU18422021801 - INFO - A.日本 B.意大利 C.韩国
2018-09-25 14:20:00,134 - VBJDU18422021801 - DEBUG - 在线检索答案
2018-09-25 14:20:00,134 - VBJDU18422021801 - INFO - 我的答案：日本
2018-09-25 14:20:00,809 - VBJDU18422021801 - DEBUG - 选择选项
2018-09-25 14:20:02,916 - VBJDU18422021801 - INFO - 答案正确
2018-09-25 14:20:02,916 - VBJDU18422021801 - DEBUG - 添加此题
2018-09-25 14:20:04,357 - VBJDU18422021801 - INFO - 本题结束
2018-09-25 14:20:05,554 - VBJDU18422021801 - INFO - 本场比赛结束
2018-09-25 14:20:05,601 - VBJDU18422021801 - INFO - 返回游戏页面
2018-09-25 14:20:07,143 - VBJDU18422021801 - INFO - 进入排位赛
2018-09-25 14:20:07,143 - VBJDU18422021801 - INFO - 正在匹配中......
2018-09-25 14:21:27,831 - VBJDU18422021801 - INFO - 匹配成功
2018-09-25 14:21:27,831 - VBJDU18422021801 - DEBUG - 获取题目
2018-09-25 14:21:29,100 - VBJDU18422021801 - INFO - 第 1 题
2018-09-25 14:21:29,408 - VBJDU18422021801 - INFO - “义取年胜年，籍以祈岁稔。”猜一春节常见食物？
2018-09-25 14:21:30,394 - VBJDU18422021801 - INFO - A.团子 B.糍粑 C.年糕
2018-09-25 14:21:31,255 - VBJDU18422021801 - DEBUG - 在线检索答案
2018-09-25 14:21:31,255 - VBJDU18422021801 - INFO - 我的答案：年糕
2018-09-25 14:21:31,940 - VBJDU18422021801 - DEBUG - 选择选项
2018-09-25 14:21:34,046 - VBJDU18422021801 - INFO - 答案正确
2018-09-25 14:21:34,214 - VBJDU18422021801 - DEBUG - 添加此题
2018-09-25 14:21:39,782 - VBJDU18422021801 - INFO - 本题结束
2018-09-25 14:21:39,782 - VBJDU18422021801 - DEBUG - 获取题目
2018-09-25 14:21:42,113 - VBJDU18422021801 - INFO - 第 2 题
2018-09-25 14:21:42,416 - VBJDU18422021801 - INFO - 《忍者神龟》是美国动画系列作品，其中米开朗基罗使用的武器是什么？
2018-09-25 14:21:43,352 - VBJDU18422021801 - INFO - A.木棍 B.来复枪 C.双节棍
2018-09-25 14:21:43,989 - VBJDU18422021801 - DEBUG - 在线检索答案
2018-09-25 14:21:43,989 - VBJDU18422021801 - INFO - 我的答案：双节棍
2018-09-25 14:21:44,668 - VBJDU18422021801 - DEBUG - 选择选项
2018-09-25 14:21:46,751 - VBJDU18422021801 - INFO - 答案正确
2018-09-25 14:21:46,751 - VBJDU18422021801 - DEBUG - 添加此题
2018-09-25 14:21:49,748 - VBJDU18422021801 - INFO - 本题结束
2018-09-25 14:21:49,748 - VBJDU18422021801 - DEBUG - 获取题目
2018-09-25 14:21:51,744 - VBJDU18422021801 - INFO - 第 3 题
2018-09-25 14:21:52,064 - VBJDU18422021801 - INFO - 修一条水渠，已修840米，剩120米没修，修的是没修的几倍？
2018-09-25 14:21:53,081 - VBJDU18422021801 - INFO - A.8倍 B.6倍 C.7倍
2018-09-25 14:21:53,606 - VBJDU18422021801 - DEBUG - 在线检索答案
2018-09-25 14:21:53,606 - VBJDU18422021801 - INFO - 我的答案：7倍
2018-09-25 14:21:54,284 - VBJDU18422021801 - DEBUG - 选择选项
2018-09-25 14:21:56,364 - VBJDU18422021801 - INFO - 答案正确
2018-09-25 14:21:56,366 - VBJDU18422021801 - DEBUG - 添加此题
2018-09-25 14:22:02,940 - VBJDU18422021801 - INFO - 本题结束
2018-09-25 14:22:02,940 - VBJDU18422021801 - DEBUG - 获取题目
2018-09-25 14:22:05,127 - VBJDU18422021801 - INFO - 第 4 题
2018-09-25 14:22:05,440 - VBJDU18422021801 - INFO - 水银是在常温、常压下唯一以液态存在的金属，它的沸点约几度？
2018-09-25 14:22:06,409 - VBJDU18422021801 - INFO - A.100℃ B.237℃ C.357℃
2018-09-25 14:22:06,409 - VBJDU18422021801 - DEBUG - 数据库中检索答案
2018-09-25 14:22:06,409 - VBJDU18422021801 - INFO - 我的答案：357℃
2018-09-25 14:22:07,087 - VBJDU18422021801 - DEBUG - 选择选项
2018-09-25 14:22:09,217 - VBJDU18422021801 - INFO - 答案正确
2018-09-25 14:22:12,569 - VBJDU18422021801 - INFO - 本题结束
2018-09-25 14:22:12,569 - VBJDU18422021801 - DEBUG - 获取题目
2018-09-25 14:22:14,879 - VBJDU18422021801 - INFO - 第 5 题
2018-09-25 14:22:15,166 - VBJDU18422021801 - INFO - 世界上首只可以戴在手腕上的腕表是什么品牌的？
2018-09-25 14:22:16,113 - VBJDU18422021801 - INFO - A.欧米伽 B.劳力士 C.卡地亚
2018-09-25 14:22:16,829 - VBJDU18422021801 - DEBUG - 在线检索答案
2018-09-25 14:22:16,829 - VBJDU18422021801 - INFO - 我的答案：卡地亚
2018-09-25 14:22:17,478 - VBJDU18422021801 - DEBUG - 选择选项
2018-09-25 14:22:19,571 - VBJDU18422021801 - INFO - 答案正确
2018-09-25 14:22:19,571 - VBJDU18422021801 - DEBUG - 添加此题
2018-09-25 14:22:23,454 - VBJDU18422021801 - INFO - 本题结束
2018-09-25 14:22:24,623 - VBJDU18422021801 - INFO - 本场比赛结束
2018-09-25 14:22:24,672 - VBJDU18422021801 - INFO - 返回游戏页面
2018-09-25 14:22:26,358 - VBJDU18422021801 - INFO - 进入排位赛
2018-09-25 14:22:26,360 - VBJDU18422021801 - INFO - 正在匹配中......
2018-09-25 14:22:29,553 - VBJDU18422021801 - INFO - 匹配成功
2018-09-25 14:22:29,553 - VBJDU18422021801 - DEBUG - 获取题目
2018-09-25 14:22:30,983 - VBJDU18422021801 - INFO - 第 1 题
2018-09-25 14:22:31,275 - VBJDU18422021801 - INFO - 武汉的别称是？
2018-09-25 14:22:32,230 - VBJDU18422021801 - INFO - A.江城 B.河城 C.星城
2018-09-25 14:22:32,531 - VBJDU18422021801 - DEBUG - 在线检索答案
2018-09-25 14:22:32,531 - VBJDU18422021801 - INFO - 我的答案：江城
2018-09-25 14:22:33,345 - VBJDU18422021801 - DEBUG - 选择选项
2018-09-25 14:22:35,390 - VBJDU18422021801 - INFO - 答案正确
2018-09-25 14:22:35,393 - VBJDU18422021801 - DEBUG - 添加此题
2018-09-25 14:22:36,410 - VBJDU18422021801 - INFO - 本题结束
2018-09-25 14:22:36,410 - VBJDU18422021801 - DEBUG - 获取题目
2018-09-25 14:22:38,446 - VBJDU18422021801 - INFO - 第 2 题
2018-09-25 14:22:38,736 - VBJDU18422021801 - INFO - 人的心脏的大小和本人的什么差不多？
2018-09-25 14:22:39,658 - VBJDU18422021801 - INFO - A.头 B.脚 C.拳头
2018-09-25 14:22:40,383 - VBJDU18422021801 - DEBUG - 在线检索答案
2018-09-25 14:22:40,383 - VBJDU18422021801 - INFO - 我的答案：脚
2018-09-25 14:22:40,979 - VBJDU18422021801 - DEBUG - 选择选项
2018-09-25 14:22:43,071 - VBJDU18422021801 - INFO - 答案错误
2018-09-25 14:22:43,267 - VBJDU18422021801 - INFO - 正确答案；拳头
2018-09-25 14:22:43,267 - VBJDU18422021801 - DEBUG - 添加此题
2018-09-25 14:22:43,915 - VBJDU18422021801 - INFO - 本题结束
2018-09-25 14:22:43,915 - VBJDU18422021801 - DEBUG - 获取题目
2018-09-25 14:22:46,359 - VBJDU18422021801 - INFO - 第 3 题
2018-09-25 14:22:46,654 - VBJDU18422021801 - INFO - 游戏《仙剑奇侠传》中，紫萱是哪位神话人物的后人？
2018-09-25 14:22:47,671 - VBJDU18422021801 - INFO - A.嫦娥 B.花仙子 C.女娲
2018-09-25 14:22:47,686 - VBJDU18422021801 - DEBUG - 数据库中检索答案
2018-09-25 14:22:47,686 - VBJDU18422021801 - INFO - 我的答案：女娲
2018-09-25 14:22:48,374 - VBJDU18422021801 - DEBUG - 选择选项
2018-09-25 14:22:50,435 - VBJDU18422021801 - INFO - 答案正确
2018-09-25 14:22:52,596 - VBJDU18422021801 - INFO - 本题结束
2018-09-25 14:22:52,597 - VBJDU18422021801 - DEBUG - 获取题目
2018-09-25 14:22:54,924 - VBJDU18422021801 - INFO - 第 4 题
2018-09-25 14:22:55,347 - VBJDU18422021801 - INFO - 希腊十二神中被认为是工匠的始祖的是？
2018-09-25 14:22:56,273 - VBJDU18422021801 - INFO - A.赫菲斯托斯 B.拉贝尔 C.斯特林
2018-09-25 14:22:56,696 - VBJDU18422021801 - DEBUG - 未检索到答案
2018-09-25 14:22:56,696 - VBJDU18422021801 - INFO - 我的答案：赫菲斯托斯
2018-09-25 14:22:57,308 - VBJDU18422021801 - DEBUG - 选择选项
2018-09-25 14:22:59,387 - VBJDU18422021801 - INFO - 答案正确
2018-09-25 14:22:59,387 - VBJDU18422021801 - DEBUG - 添加此题
2018-09-25 14:23:01,155 - VBJDU18422021801 - INFO - 本题结束
2018-09-25 14:23:01,155 - VBJDU18422021801 - DEBUG - 获取题目
2018-09-25 14:23:03,553 - VBJDU18422021801 - INFO - 第 5 题
2018-09-25 14:23:03,881 - VBJDU18422021801 - INFO - 故宫里有一块牌匾上写着“中正仁和”，其中“仁”的思想来自于?
2018-09-25 14:23:04,836 - VBJDU18422021801 - INFO - A.道家 B.儒家 C.法家
2018-09-25 14:23:06,214 - VBJDU18422021801 - DEBUG - 在线检索答案
2018-09-25 14:23:06,214 - VBJDU18422021801 - INFO - 我的答案：道家
2018-09-25 14:23:06,887 - VBJDU18422021801 - DEBUG - 选择选项
2018-09-25 14:23:09,013 - VBJDU18422021801 - INFO - 答案错误
2018-09-25 14:23:09,155 - VBJDU18422021801 - INFO - 正确答案；儒家
2018-09-25 14:23:09,156 - VBJDU18422021801 - DEBUG - 添加此题
2018-09-25 14:23:09,891 - VBJDU18422021801 - INFO - 本题结束
2018-09-25 14:23:11,048 - VBJDU18422021801 - INFO - 本场比赛结束
2018-09-25 14:23:11,095 - VBJDU18422021801 - INFO - 返回游戏页面
2018-09-25 14:23:12,716 - VBJDU18422021801 - INFO - 进入排位赛
2018-09-25 14:23:12,716 - VBJDU18422021801 - INFO - 正在匹配中......
2018-09-25 14:24:54,652 - VBJDU18422021801 - INFO - 匹配成功
2018-09-25 14:24:54,652 - VBJDU18422021801 - DEBUG - 获取题目
2018-09-25 14:24:56,016 - VBJDU18422021801 - INFO - 第 1 题
2018-09-25 14:24:56,373 - VBJDU18422021801 - INFO - 下面哪部漫画讲述的是漫画家穿越到自己作品中的故事？
2018-09-25 14:24:57,276 - VBJDU18422021801 - INFO - A.《驭灵师》 B.《百炼成神》 C.《宅妖记》
2018-09-25 14:24:57,276 - VBJDU18422021801 - DEBUG - 数据库中检索答案
2018-09-25 14:24:57,276 - VBJDU18422021801 - INFO - 我的答案：《驭灵师》
2018-09-25 14:24:57,988 - VBJDU18422021801 - DEBUG - 选择选项
2018-09-25 14:25:00,013 - VBJDU18422021801 - INFO - 答案正确
2018-09-25 14:25:06,842 - VBJDU18422021801 - INFO - 本题结束
2018-09-25 14:25:06,842 - VBJDU18422021801 - DEBUG - 获取题目
2018-09-25 14:25:08,965 - VBJDU18422021801 - INFO - 第 2 题
2018-09-25 14:25:09,246 - VBJDU18422021801 - INFO - 硫酸铜晶体的俗名叫
2018-09-25 14:25:10,233 - VBJDU18422021801 - INFO - A.皓矾 B.胆矾 C.烧碱
2018-09-25 14:25:10,726 - VBJDU18422021801 - DEBUG - 在线检索答案
2018-09-25 14:25:10,742 - VBJDU18422021801 - INFO - 我的答案：胆矾
2018-09-25 14:25:11,442 - VBJDU18422021801 - DEBUG - 选择选项
2018-09-25 14:25:13,535 - VBJDU18422021801 - INFO - 答案正确
2018-09-25 14:25:13,535 - VBJDU18422021801 - DEBUG - 添加此题
2018-09-25 14:25:17,503 - VBJDU18422021801 - INFO - 本题结束
2018-09-25 14:25:17,503 - VBJDU18422021801 - DEBUG - 获取题目
2018-09-25 14:25:19,708 - VBJDU18422021801 - INFO - 第 3 题
2018-09-25 14:25:20,004 - VBJDU18422021801 - INFO - 正月初十这一天又称为？
2018-09-25 14:25:21,051 - VBJDU18422021801 - INFO - A.赤狗日 B.石磨日 C.祭灶日
2018-09-25 14:25:22,644 - VBJDU18422021801 - DEBUG - 在线检索答案
2018-09-25 14:25:22,644 - VBJDU18422021801 - INFO - 我的答案：石磨日
2018-09-25 14:25:23,347 - VBJDU18422021801 - DEBUG - 选择选项
2018-09-25 14:25:25,457 - VBJDU18422021801 - INFO - 答案正确
2018-09-25 14:25:25,457 - VBJDU18422021801 - DEBUG - 添加此题
2018-09-25 14:25:26,476 - VBJDU18422021801 - INFO - 本题结束
2018-09-25 14:25:26,476 - VBJDU18422021801 - DEBUG - 获取题目
2018-09-25 14:25:28,613 - VBJDU18422021801 - INFO - 第 4 题
2018-09-25 14:25:28,906 - VBJDU18422021801 - INFO - 哪个朝代称面条为冷淘？
2018-09-25 14:25:29,945 - VBJDU18422021801 - INFO - A.宋代 B.明朝 C.唐朝
2018-09-25 14:25:29,960 - VBJDU18422021801 - DEBUG - 数据库中检索答案
2018-09-25 14:25:29,960 - VBJDU18422021801 - INFO - 我的答案：唐朝
2018-09-25 14:25:30,602 - VBJDU18422021801 - DEBUG - 选择选项
2018-09-25 14:25:32,726 - VBJDU18422021801 - INFO - 答案正确
2018-09-25 14:25:37,034 - VBJDU18422021801 - INFO - 本题结束
2018-09-25 14:25:37,034 - VBJDU18422021801 - DEBUG - 获取题目
2018-09-25 14:25:39,162 - VBJDU18422021801 - INFO - 第 5 题
2018-09-25 14:25:39,457 - VBJDU18422021801 - INFO - 动画《codegeass叛逆的鲁路修》的监督是谁？
2018-09-25 14:25:40,363 - VBJDU18422021801 - INFO - A.谷口悟朗 B.宫崎吾朗 C.山本宽
2018-09-25 14:25:42,202 - VBJDU18422021801 - DEBUG - 在线检索答案
2018-09-25 14:25:42,202 - VBJDU18422021801 - INFO - 我的答案：谷口悟朗
2018-09-25 14:25:42,827 - VBJDU18422021801 - DEBUG - 选择选项
2018-09-25 14:25:45,805 - VBJDU18422021801 - INFO - 答案正确
2018-09-25 14:25:45,805 - VBJDU18422021801 - DEBUG - 添加此题
2018-09-25 14:25:47,534 - VBJDU18422021801 - INFO - 本题结束
2018-09-25 14:25:48,742 - VBJDU18422021801 - INFO - 本场比赛结束
2018-09-25 14:25:48,774 - VBJDU18422021801 - INFO - 返回游戏页面
2018-09-25 14:25:50,331 - VBJDU18422021801 - INFO - 进入排位赛
2018-09-25 14:25:50,331 - VBJDU18422021801 - INFO - 正在匹配中......
2018-09-25 14:27:17,066 - VBJDU18422021801 - INFO - 匹配成功
2018-09-25 14:27:17,066 - VBJDU18422021801 - DEBUG - 获取题目
2018-09-25 14:27:18,362 - VBJDU18422021801 - INFO - 第 1 题
2018-09-25 14:27:18,647 - VBJDU18422021801 - INFO - 以下哪一个是意大利最小的火山？
2018-09-25 14:27:19,615 - VBJDU18422021801 - INFO - A.圣海伦火山 B.布斯卡火山 C.默拉皮火山
2018-09-25 14:27:20,192 - VBJDU18422021801 - DEBUG - 在线检索答案
2018-09-25 14:27:20,192 - VBJDU18422021801 - INFO - 我的答案：布斯卡火山
2018-09-25 14:27:20,855 - VBJDU18422021801 - DEBUG - 选择选项
2018-09-25 14:27:22,991 - VBJDU18422021801 - INFO - 答案正确
2018-09-25 14:27:22,991 - VBJDU18422021801 - DEBUG - 添加此题
2018-09-25 14:27:28,253 - VBJDU18422021801 - INFO - 本题结束
2018-09-25 14:27:28,253 - VBJDU18422021801 - DEBUG - 获取题目
2018-09-25 14:27:30,441 - VBJDU18422021801 - INFO - 第 2 题
2018-09-25 14:27:30,707 - VBJDU18422021801 - INFO - 促进人体内有机物氧化的激素是：
2018-09-25 14:27:31,631 - VBJDU18422021801 - INFO - A.甲状腺素 B.生长素 C.性激素
2018-09-25 14:27:32,442 - VBJDU18422021801 - DEBUG - 在线检索答案
2018-09-25 14:27:32,442 - VBJDU18422021801 - INFO - 我的答案：甲状腺素
2018-09-25 14:27:33,081 - VBJDU18422021801 - DEBUG - 选择选项
2018-09-25 14:27:35,113 - VBJDU18422021801 - INFO - 答案正确
2018-09-25 14:27:35,113 - VBJDU18422021801 - DEBUG - 添加此题
2018-09-25 14:27:39,988 - VBJDU18422021801 - INFO - 本题结束
2018-09-25 14:27:39,988 - VBJDU18422021801 - DEBUG - 获取题目
2018-09-25 14:27:42,286 - VBJDU18422021801 - INFO - 第 3 题
2018-09-25 14:27:42,599 - VBJDU18422021801 - INFO - 每年10月8日左右有可能出现极大的是哪个星座的流星雨
2018-09-25 14:27:43,586 - VBJDU18422021801 - INFO - A.英仙座 B.天龙座 C.猎户座
2018-09-25 14:27:43,590 - VBJDU18422021801 - DEBUG - 数据库中检索答案
2018-09-25 14:27:43,591 - VBJDU18422021801 - INFO - 我的答案：天龙座
2018-09-25 14:27:44,284 - VBJDU18422021801 - DEBUG - 选择选项
2018-09-25 14:27:46,394 - VBJDU18422021801 - INFO - 答案正确
2018-09-25 14:27:51,569 - VBJDU18422021801 - INFO - 本题结束
2018-09-25 14:27:51,569 - VBJDU18422021801 - DEBUG - 获取题目
2018-09-25 14:27:53,727 - VBJDU18422021801 - INFO - 第 4 题
2018-09-25 14:27:54,003 - VBJDU18422021801 - INFO - “飞天奖”是属于什么类型的奖项？
2018-09-25 14:27:54,957 - VBJDU18422021801 - INFO - A.电影奖 B.舞蹈奖 C.电视剧奖
2018-09-25 14:27:54,957 - VBJDU18422021801 - DEBUG - 数据库中检索答案
2018-09-25 14:27:54,972 - VBJDU18422021801 - INFO - 我的答案：电视剧奖
2018-09-25 14:27:55,598 - VBJDU18422021801 - DEBUG - 选择选项
2018-09-25 14:27:57,712 - VBJDU18422021801 - INFO - 答案正确
2018-09-25 14:28:03,412 - VBJDU18422021801 - INFO - 本题结束
2018-09-25 14:28:03,426 - VBJDU18422021801 - DEBUG - 获取题目
2018-09-25 14:28:05,629 - VBJDU18422021801 - INFO - 第 5 题
2018-09-25 14:28:05,941 - VBJDU18422021801 - INFO - 《红楼梦》湘云写了首什么词，很是得意，拿了给黛玉、宝钗看？
2018-09-25 14:28:06,838 - VBJDU18422021801 - INFO - A.西江月 B.如梦令 C.蝶恋花
2018-09-25 14:28:07,555 - VBJDU18422021801 - DEBUG - 未检索到答案
2018-09-25 14:28:07,555 - VBJDU18422021801 - INFO - 我的答案：西江月
2018-09-25 14:28:08,213 - VBJDU18422021801 - DEBUG - 选择选项
2018-09-25 14:28:10,316 - VBJDU18422021801 - INFO - 答案错误
2018-09-25 14:28:10,504 - VBJDU18422021801 - INFO - 正确答案；如梦令
2018-09-25 14:28:10,504 - VBJDU18422021801 - DEBUG - 添加此题
2018-09-25 14:28:13,520 - VBJDU18422021801 - INFO - 本题结束
2018-09-25 14:28:14,707 - VBJDU18422021801 - INFO - 本场比赛结束
2018-09-25 14:28:14,759 - VBJDU18422021801 - INFO - 返回游戏页面
2018-09-25 14:28:16,378 - VBJDU18422021801 - INFO - 进入排位赛
2018-09-25 14:28:16,378 - VBJDU18422021801 - INFO - 正在匹配中......
2018-09-25 14:36:30,688 - VBJDU18422021801 - INFO - 停止UC浏览器
2018-09-25 14:36:30,813 - VBJDU18422021801 - DEBUG - 返回主页面
2018-09-25 14:36:31,312 - VBJDU18422021801 - DEBUG - 打开UC浏览器
2018-09-25 14:36:33,968 - VBJDU18422021801 - DEBUG - 进入用户页面
2018-09-25 14:36:44,501 - VBJDU18422021801 - WARNING - 进入游戏页面1失败
2018-09-25 14:36:55,644 - VBJDU18422021801 - WARNING - 进入排位赛失败
2018-09-25 14:36:55,754 - VBJDU18422021801 - INFO - 返回游戏页面
2018-09-25 14:37:07,374 - VBJDU18422021801 - WARNING - 进入排位赛失败
2018-09-25 14:37:07,468 - VBJDU18422021801 - INFO - 返回游戏页面
2018-09-25 14:37:20,140 - VBJDU18422021801 - INFO - 进入排位赛
2018-09-25 14:37:20,140 - VBJDU18422021801 - INFO - 正在匹配中......
2018-09-25 14:37:33,596 - VBJDU18422021801 - INFO - 匹配成功
2018-09-25 14:37:33,596 - VBJDU18422021801 - DEBUG - 获取题目
2018-09-25 14:37:35,014 - VBJDU18422021801 - INFO - 第 1 题
2018-09-25 14:37:35,407 - VBJDU18422021801 - INFO - 在北斗七星中哪两颗星是用于找北极星的？
2018-09-25 14:37:36,594 - VBJDU18422021801 - INFO - A.天璇、天权 B.天璇、天枢 C.开阳、天权
2018-09-25 14:37:37,234 - VBJDU18422021801 - DEBUG - 未检索到答案
2018-09-25 14:37:37,234 - VBJDU18422021801 - INFO - 我的答案：天璇、天权
2018-09-25 14:37:37,953 - VBJDU18422021801 - DEBUG - 选择选项
2018-09-25 14:37:40,046 - VBJDU18422021801 - INFO - 答案错误
2018-09-25 14:37:40,185 - VBJDU18422021801 - INFO - 正确答案；天璇、天枢
2018-09-25 14:37:40,186 - VBJDU18422021801 - DEBUG - 添加此题
2018-09-25 14:37:45,233 - VBJDU18422021801 - INFO - 本题结束
2018-09-25 14:37:45,233 - VBJDU18422021801 - DEBUG - 获取题目
2018-09-25 14:37:47,420 - VBJDU18422021801 - INFO - 第 2 题
2018-09-25 14:37:47,720 - VBJDU18422021801 - INFO - 下面几种元素中，不能产生放射现象的是？
2018-09-25 14:37:48,771 - VBJDU18422021801 - INFO - A.镍 B.镭 C.氢
2018-09-25 14:37:49,375 - VBJDU18422021801 - DEBUG - 在线检索答案
2018-09-25 14:37:49,375 - VBJDU18422021801 - INFO - 我的答案：镍
2018-09-25 14:37:50,031 - VBJDU18422021801 - DEBUG - 选择选项
2018-09-25 14:37:52,189 - VBJDU18422021801 - INFO - 答案正确
2018-09-25 14:37:52,189 - VBJDU18422021801 - DEBUG - 添加此题
2018-09-25 14:39:44,438 - VBJDU18422021801 - INFO - 停止UC浏览器
2018-09-25 14:50:28,407 - VBJDU18422021801 - INFO - 停止UC浏览器
2018-09-25 14:50:28,532 - VBJDU18422021801 - DEBUG - 返回主页面
2018-09-25 14:50:30,642 - VBJDU18422021801 - DEBUG - 打开UC浏览器
2018-09-25 14:50:32,723 - VBJDU18422021801 - DEBUG - 进入用户页面
2018-09-25 14:50:33,969 - VBJDU18422021801 - DEBUG - 进入游戏页面1
2018-09-25 14:50:36,172 - VBJDU18422021801 - DEBUG - 进入游戏页面2
2018-09-25 14:50:38,579 - VBJDU18422021801 - INFO - 选择游戏
2018-09-25 14:50:40,844 - VBJDU18422021801 - INFO - 进入排位赛
2018-09-25 14:50:40,844 - VBJDU18422021801 - INFO - 正在匹配中......
2018-09-25 14:52:44,703 - VBJDU18422021801 - INFO - 停止UC浏览器
2018-09-25 14:52:44,781 - VBJDU18422021801 - DEBUG - 返回主页面
2018-09-25 14:52:45,280 - VBJDU18422021801 - DEBUG - 打开UC浏览器
2018-09-25 14:52:47,895 - VBJDU18422021801 - DEBUG - 进入用户页面
2018-09-25 14:52:48,921 - VBJDU18422021801 - DEBUG - 进入游戏页面1
2018-09-25 14:52:51,235 - VBJDU18422021801 - DEBUG - 进入游戏页面2
2018-09-25 14:52:53,784 - VBJDU18422021801 - INFO - 选择游戏
2018-09-25 14:52:55,938 - VBJDU18422021801 - INFO - 进入排位赛
2018-09-25 14:52:55,938 - VBJDU18422021801 - INFO - 正在匹配中......
2018-09-25 14:53:00,167 - VBJDU18422021801 - INFO - 匹配成功
2018-09-25 14:53:00,168 - VBJDU18422021801 - DEBUG - 获取题目
2018-09-25 14:53:14,904 - VBJDU18422021801 - INFO - 停止UC浏览器
2018-09-25 14:53:14,983 - VBJDU18422021801 - DEBUG - 返回主页面
2018-09-25 14:53:16,639 - VBJDU18422021801 - DEBUG - 打开UC浏览器
2018-09-25 14:53:19,519 - VBJDU18422021801 - DEBUG - 进入用户页面
2018-09-25 14:53:20,859 - VBJDU18422021801 - DEBUG - 进入游戏页面1
2018-09-25 14:53:23,163 - VBJDU18422021801 - DEBUG - 进入游戏页面2
2018-09-25 14:53:25,905 - VBJDU18422021801 - INFO - 选择游戏
2018-09-25 14:53:28,162 - VBJDU18422021801 - INFO - 进入排位赛
2018-09-25 14:53:28,163 - VBJDU18422021801 - INFO - 正在匹配中......
2018-09-25 14:53:37,835 - VBJDU18422021801 - INFO - 匹配成功
2018-09-25 14:53:37,835 - VBJDU18422021801 - DEBUG - 获取题目
2018-09-25 14:53:38,888 - VBJDU18422021801 - INFO - 第 1 题
2018-09-25 14:53:39,264 - VBJDU18422021801 - INFO - “春城无处不飞花,寒食东风御柳斜”描述的是什么节日
2018-09-25 14:53:40,525 - VBJDU18422021801 - INFO - A.端午节 B.清明节 C.中秋节
2018-09-25 14:53:41,344 - VBJDU18422021801 - DEBUG - 在线检索答案
2018-09-25 14:53:41,344 - VBJDU18422021801 - INFO - 我的答案：端午节
2018-09-25 14:53:42,061 - VBJDU18422021801 - DEBUG - 选择选项
2018-09-25 14:53:44,267 - VBJDU18422021801 - INFO - 答案错误
2018-09-25 14:53:44,412 - VBJDU18422021801 - INFO - 正确答案；清明节
2018-09-25 14:53:44,412 - VBJDU18422021801 - DEBUG - 添加此题
2018-09-25 14:53:45,740 - VBJDU18422021801 - INFO - 本题结束
2018-09-25 14:53:45,740 - VBJDU18422021801 - DEBUG - 获取题目
2018-09-25 14:53:47,894 - VBJDU18422021801 - INFO - 第 2 题
2018-09-25 14:53:48,189 - VBJDU18422021801 - INFO - “给我一个支点，我将撬动地球” 这句话所蕴含的物理知识是？
2018-09-25 14:53:49,113 - VBJDU18422021801 - INFO - A.运动产生力 B.杠杆可以省力 C.受力面积越小压强越大
2018-09-25 14:53:49,808 - VBJDU18422021801 - DEBUG - 在线检索答案
2018-09-25 14:53:49,808 - VBJDU18422021801 - INFO - 我的答案：运动产生力
2018-09-25 14:53:50,484 - VBJDU18422021801 - DEBUG - 选择选项
2018-09-25 14:53:52,554 - VBJDU18422021801 - INFO - 答案错误
2018-09-25 14:53:52,695 - VBJDU18422021801 - INFO - 正确答案；杠杆可以省力
2018-09-25 14:53:52,695 - VBJDU18422021801 - DEBUG - 添加此题
2018-09-25 14:53:55,594 - VBJDU18422021801 - INFO - 本题结束
2018-09-25 14:53:55,595 - VBJDU18422021801 - DEBUG - 获取题目
2018-09-25 14:53:57,869 - VBJDU18422021801 - INFO - 第 3 题
2018-09-25 14:53:58,235 - VBJDU18422021801 - INFO - 2004年初，美国宇航局的两架火星探测车成功登陆，他们不包括下面哪个?
2018-09-25 14:53:59,207 - VBJDU18422021801 - INFO - A.勇气号 B.机遇号 C.水手号
2018-09-25 14:53:59,906 - VBJDU18422021801 - DEBUG - 在线检索答案
2018-09-25 14:53:59,906 - VBJDU18422021801 - INFO - 我的答案：机遇号
2018-09-25 14:54:00,554 - VBJDU18422021801 - DEBUG - 选择选项
2018-09-25 14:54:02,667 - VBJDU18422021801 - INFO - 答案错误
2018-09-25 14:54:02,920 - VBJDU18422021801 - INFO - 正确答案；水手号
2018-09-25 14:54:02,920 - VBJDU18422021801 - DEBUG - 添加此题
2018-09-25 14:54:04,489 - VBJDU18422021801 - INFO - 本题结束
2018-09-25 14:54:04,489 - VBJDU18422021801 - DEBUG - 获取题目
2018-09-25 14:54:06,695 - VBJDU18422021801 - INFO - 第 4 题
2018-09-25 14:54:07,047 - VBJDU18422021801 - INFO - 芹菜有降血压的作用吗？
2018-09-25 14:54:08,015 - VBJDU18422021801 - INFO - A.有 B.没有 C.不知道
2018-09-25 14:54:08,582 - VBJDU18422021801 - DEBUG - 在线检索答案
2018-09-25 14:54:08,582 - VBJDU18422021801 - INFO - 我的答案：有
2018-09-25 14:54:09,257 - VBJDU18422021801 - DEBUG - 选择选项
2018-09-25 14:54:11,380 - VBJDU18422021801 - INFO - 答案正确
2018-09-25 14:54:11,380 - VBJDU18422021801 - DEBUG - 添加此题
2018-09-25 14:54:13,709 - VBJDU18422021801 - INFO - 本题结束
2018-09-25 14:54:13,709 - VBJDU18422021801 - DEBUG - 获取题目
2018-09-25 14:54:15,867 - VBJDU18422021801 - INFO - 第 5 题
2018-09-25 14:54:16,195 - VBJDU18422021801 - INFO - 《TOM AND JERRY》是哪部经典动画片的英文名字？
2018-09-25 14:54:17,127 - VBJDU18422021801 - INFO - A.《猫和老鼠》 B.《虹猫蓝兔》 C.《蓝猫淘气》
2018-09-25 14:54:17,741 - VBJDU18422021801 - DEBUG - 在线检索答案
2018-09-25 14:54:17,741 - VBJDU18422021801 - INFO - 我的答案：《猫和老鼠》
2018-09-25 14:54:18,396 - VBJDU18422021801 - DEBUG - 选择选项
2018-09-25 14:54:20,524 - VBJDU18422021801 - INFO - 答案正确
2018-09-25 14:54:20,525 - VBJDU18422021801 - DEBUG - 添加此题
2018-09-25 14:54:23,060 - VBJDU18422021801 - INFO - 本题结束
2018-09-25 14:54:24,227 - VBJDU18422021801 - INFO - 本场比赛结束
2018-09-25 14:54:24,298 - VBJDU18422021801 - INFO - 返回游戏页面
2018-09-25 14:54:25,970 - VBJDU18422021801 - INFO - 进入排位赛
2018-09-25 14:54:25,985 - VBJDU18422021801 - INFO - 正在匹配中......
2018-09-25 14:54:39,458 - VBJDU18422021801 - INFO - 匹配成功
2018-09-25 14:54:39,458 - VBJDU18422021801 - DEBUG - 获取题目
2018-09-25 14:54:40,801 - VBJDU18422021801 - INFO - 第 1 题
2018-09-25 14:54:41,133 - VBJDU18422021801 - INFO - 哺乳动物出现抽搐，有可能是血液中下列哪项成份的含量太低？
2018-09-25 14:54:42,076 - VBJDU18422021801 - INFO - A.钙盐 B.铁盐 C.钾盐
2018-09-25 14:54:43,322 - VBJDU18422021801 - DEBUG - 在线检索答案
2018-09-25 14:54:43,322 - VBJDU18422021801 - INFO - 我的答案：钙盐
2018-09-25 14:54:44,010 - VBJDU18422021801 - DEBUG - 选择选项
2018-09-25 14:54:46,108 - VBJDU18422021801 - INFO - 答案正确
2018-09-25 14:54:46,108 - VBJDU18422021801 - DEBUG - 添加此题
2018-09-25 14:54:47,087 - VBJDU18422021801 - INFO - 本题结束
2018-09-25 14:54:47,087 - VBJDU18422021801 - DEBUG - 获取题目
2018-09-25 14:54:49,355 - VBJDU18422021801 - INFO - 第 2 题
2018-09-25 14:54:49,700 - VBJDU18422021801 - INFO - 唐传奇《虬髯客传》是描写了哪个唐初名将与红拂女的爱情故事？
2018-09-25 14:54:50,674 - VBJDU18422021801 - INFO - A.秦叔宝 B.屈突通 C.李靖
2018-09-25 14:54:51,164 - VBJDU18422021801 - DEBUG - 在线检索答案
2018-09-25 14:54:51,164 - VBJDU18422021801 - INFO - 我的答案：李靖
2018-09-25 14:54:51,948 - VBJDU18422021801 - DEBUG - 选择选项
2018-09-25 14:54:54,030 - VBJDU18422021801 - INFO - 答案正确
2018-09-25 14:54:54,030 - VBJDU18422021801 - DEBUG - 添加此题
2018-09-25 14:54:55,052 - VBJDU18422021801 - INFO - 本题结束
2018-09-25 14:54:55,067 - VBJDU18422021801 - DEBUG - 获取题目
2018-09-25 14:54:57,225 - VBJDU18422021801 - INFO - 第 3 题
2018-09-25 14:54:57,529 - VBJDU18422021801 - INFO - 动画《哪吒传奇》中，石矶肉体死去后，最后一点灵魂藏在了哪里？
2018-09-25 14:54:58,567 - VBJDU18422021801 - INFO - A.雪山之巅 B.炎焰之山 C.黑暗之谷
2018-09-25 14:54:58,582 - VBJDU18422021801 - DEBUG - 数据库中检索答案
2018-09-25 14:54:58,582 - VBJDU18422021801 - INFO - 我的答案：黑暗之谷
2018-09-25 14:54:59,305 - VBJDU18422021801 - DEBUG - 选择选项
2018-09-25 14:55:01,473 - VBJDU18422021801 - INFO - 答案正确
2018-09-25 14:55:02,425 - VBJDU18422021801 - INFO - 本题结束
2018-09-25 14:55:02,425 - VBJDU18422021801 - DEBUG - 获取题目
2018-09-25 14:55:04,598 - VBJDU18422021801 - INFO - 第 4 题
2018-09-25 14:55:04,893 - VBJDU18422021801 - INFO - "东北三宝"中的乌拉草的优点是
2018-09-25 14:55:05,918 - VBJDU18422021801 - INFO - A.保温 B.纤维坚韧 C.美味
2018-09-25 14:55:06,592 - VBJDU18422021801 - DEBUG - 在线检索答案
2018-09-25 14:55:06,592 - VBJDU18422021801 - INFO - 我的答案：纤维坚韧
2018-09-25 14:55:07,313 - VBJDU18422021801 - DEBUG - 选择选项
2018-09-25 14:55:09,442 - VBJDU18422021801 - INFO - 答案错误
2018-09-25 14:55:09,584 - VBJDU18422021801 - INFO - 正确答案；保温
2018-09-25 14:55:09,584 - VBJDU18422021801 - DEBUG - 添加此题
2018-09-25 14:55:10,630 - VBJDU18422021801 - INFO - 本题结束
2018-09-25 14:55:10,630 - VBJDU18422021801 - DEBUG - 获取题目
2018-09-25 14:55:12,904 - VBJDU18422021801 - INFO - 第 5 题
2018-09-25 14:55:13,217 - VBJDU18422021801 - INFO - 福建省的哪个建筑群被誉为“城市里坊制度的活化石”？
2018-09-25 14:55:14,201 - VBJDU18422021801 - INFO - A.徽派建筑 B.南靖土楼 C.三坊七巷
2018-09-25 14:55:14,808 - VBJDU18422021801 - DEBUG - 在线检索答案
2018-09-25 14:55:14,808 - VBJDU18422021801 - INFO - 我的答案：三坊七巷
2018-09-25 14:55:15,508 - VBJDU18422021801 - DEBUG - 选择选项
2018-09-25 14:55:17,611 - VBJDU18422021801 - INFO - 答案正确
2018-09-25 14:55:17,611 - VBJDU18422021801 - DEBUG - 添加此题
2018-09-25 14:55:18,301 - VBJDU18422021801 - INFO - 本题结束
2018-09-25 14:55:19,519 - VBJDU18422021801 - INFO - 本场比赛结束
2018-09-25 14:55:19,566 - VBJDU18422021801 - INFO - 返回游戏页面
2018-09-25 14:55:21,207 - VBJDU18422021801 - INFO - 进入排位赛
2018-09-25 14:55:21,207 - VBJDU18422021801 - INFO - 正在匹配中......
2018-09-25 14:57:25,430 - VBJDU18422021801 - WARNING - 匹配失败
2018-09-25 14:57:25,537 - VBJDU18422021801 - INFO - 返回游戏页面
2018-09-25 14:57:27,187 - VBJDU18422021801 - INFO - 进入排位赛
2018-09-25 14:57:27,188 - VBJDU18422021801 - INFO - 正在匹配中......
2018-09-25 14:57:32,010 - VBJDU18422021801 - INFO - 匹配成功
2018-09-25 14:57:32,010 - VBJDU18422021801 - DEBUG - 获取题目
2018-09-25 14:57:33,250 - VBJDU18422021801 - INFO - 第 1 题
2018-09-25 14:57:33,551 - VBJDU18422021801 - INFO - 2017年春晚分会场不包含以下哪个地方？
2018-09-25 14:57:34,475 - VBJDU18422021801 - INFO - A.天津 B.哈尔滨 C.桂林
2018-09-25 14:57:35,149 - VBJDU18422021801 - DEBUG - 在线检索答案
2018-09-25 14:57:35,150 - VBJDU18422021801 - INFO - 我的答案：天津
2018-09-25 14:57:35,751 - VBJDU18422021801 - DEBUG - 选择选项
2018-09-25 14:57:37,819 - VBJDU18422021801 - INFO - 答案正确
2018-09-25 14:57:37,819 - VBJDU18422021801 - DEBUG - 添加此题
2018-09-25 14:57:47,730 - VBJDU18422021801 - INFO - 本题结束
2018-09-25 14:57:47,730 - VBJDU18422021801 - DEBUG - 获取题目
2018-09-25 14:57:50,047 - VBJDU18422021801 - INFO - 第 2 题
2018-09-25 14:57:50,335 - VBJDU18422021801 - INFO - 泰坦尼克号出航后第几天撞上了冰山?
2018-09-25 14:57:51,268 - VBJDU18422021801 - INFO - A.5 B.4 C.2
2018-09-25 14:57:52,181 - VBJDU18422021801 - DEBUG - 在线检索答案
2018-09-25 14:57:52,181 - VBJDU18422021801 - INFO - 我的答案：4
2018-09-25 14:57:52,849 - VBJDU18422021801 - DEBUG - 选择选项
2018-09-25 14:57:54,953 - VBJDU18422021801 - INFO - 答案错误
2018-09-25 14:57:55,093 - VBJDU18422021801 - INFO - 正确答案；5
2018-09-25 14:57:55,093 - VBJDU18422021801 - DEBUG - 添加此题
2018-09-25 14:57:56,041 - VBJDU18422021801 - INFO - 本题结束
2018-09-25 14:57:56,041 - VBJDU18422021801 - DEBUG - 获取题目
2018-09-25 14:57:58,164 - VBJDU18422021801 - INFO - 第 3 题
2018-09-25 14:57:58,440 - VBJDU18422021801 - INFO - 在《家有喜事》常家三兄弟中，哪一位婚后有了外遇？
2018-09-25 14:57:59,437 - VBJDU18422021801 - INFO - A.常舒 B.常欢 C.常满
2018-09-25 14:57:59,452 - VBJDU18422021801 - DEBUG - 数据库中检索答案
2018-09-25 14:57:59,452 - VBJDU18422021801 - INFO - 我的答案：常满
2018-09-25 14:58:00,188 - VBJDU18422021801 - DEBUG - 选择选项
2018-09-25 14:58:02,265 - VBJDU18422021801 - INFO - 答案正确
2018-09-25 14:58:05,537 - VBJDU18422021801 - INFO - 本题结束
2018-09-25 14:58:05,538 - VBJDU18422021801 - DEBUG - 获取题目
2018-09-25 14:58:07,752 - VBJDU18422021801 - INFO - 第 4 题
2018-09-25 14:58:08,056 - VBJDU18422021801 - INFO - 由周星驰执导兼编剧的《美人鱼》这部电影在以下哪个城市取了景？
2018-09-25 14:58:08,959 - VBJDU18422021801 - INFO - A.上海 B.深圳 C.重庆
2018-09-25 14:58:09,547 - VBJDU18422021801 - DEBUG - 未检索到答案
2018-09-25 14:58:09,547 - VBJDU18422021801 - INFO - 我的答案：上海
2018-09-25 14:58:10,209 - VBJDU18422021801 - DEBUG - 选择选项
2018-09-25 14:58:12,258 - VBJDU18422021801 - INFO - 答案错误
2018-09-25 14:58:12,378 - VBJDU18422021801 - INFO - 正确答案；深圳
2018-09-25 14:58:12,379 - VBJDU18422021801 - DEBUG - 添加此题
2018-09-25 14:58:13,115 - VBJDU18422021801 - INFO - 本题结束
2018-09-25 14:58:13,115 - VBJDU18422021801 - DEBUG - 获取题目
2018-09-25 14:58:15,240 - VBJDU18422021801 - INFO - 第 5 题
2018-09-25 14:58:15,551 - VBJDU18422021801 - INFO - 我国第一部电视连续剧是：
2018-09-25 14:58:16,541 - VBJDU18422021801 - INFO - A.《敌营十八年》 B.《渴望》 C.《寻找回来的世界》
2018-09-25 14:58:17,257 - VBJDU18422021801 - DEBUG - 在线检索答案
2018-09-25 14:58:17,258 - VBJDU18422021801 - INFO - 我的答案：《敌营十八年》
2018-09-25 14:58:17,920 - VBJDU18422021801 - DEBUG - 选择选项
2018-09-25 14:58:19,944 - VBJDU18422021801 - INFO - 答案正确
2018-09-25 14:58:19,944 - VBJDU18422021801 - DEBUG - 添加此题
2018-09-25 14:58:25,671 - VBJDU18422021801 - INFO - 本题结束
2018-09-25 14:58:26,872 - VBJDU18422021801 - INFO - 本场比赛结束
2018-09-25 14:58:26,920 - VBJDU18422021801 - INFO - 返回游戏页面
2018-09-25 14:58:28,527 - VBJDU18422021801 - INFO - 进入排位赛
2018-09-25 14:58:28,527 - VBJDU18422021801 - INFO - 正在匹配中......
2018-09-25 14:59:30,677 - VBJDU18422021801 - INFO - 匹配成功
2018-09-25 14:59:30,677 - VBJDU18422021801 - DEBUG - 获取题目
2018-09-25 14:59:32,159 - VBJDU18422021801 - INFO - 第 1 题
2018-09-25 14:59:33,081 - VBJDU18422021801 - INFO - 某班今天实到38人，有2人缺席，缺席人数与全班人数的比是？
2018-09-25 14:59:33,956 - VBJDU18422021801 - INFO - A.19：1 B.1：20 C.20：1
2018-09-25 14:59:34,565 - VBJDU18422021801 - DEBUG - 未检索到答案
2018-09-25 14:59:34,565 - VBJDU18422021801 - INFO - 我的答案：19：1
2018-09-25 14:59:35,189 - VBJDU18422021801 - DEBUG - 选择选项
2018-09-25 14:59:37,246 - VBJDU18422021801 - INFO - 答案错误
2018-09-25 14:59:37,360 - VBJDU18422021801 - INFO - 正确答案；1：20
2018-09-25 14:59:37,362 - VBJDU18422021801 - DEBUG - 添加此题
2018-09-25 14:59:43,036 - VBJDU18422021801 - INFO - 本题结束
2018-09-25 14:59:43,036 - VBJDU18422021801 - DEBUG - 获取题目
2018-09-25 14:59:45,353 - VBJDU18422021801 - INFO - 第 2 题
2018-09-25 14:59:45,638 - VBJDU18422021801 - INFO - 哪个女演员参演过《春光乍泄》，但戏份在后期被剪掉了？
2018-09-25 14:59:46,561 - VBJDU18422021801 - INFO - A.关淑怡 B.王菲 C.刘嘉玲
2018-09-25 14:59:47,140 - VBJDU18422021801 - DEBUG - 在线检索答案
2018-09-25 14:59:47,140 - VBJDU18422021801 - INFO - 我的答案：关淑怡
2018-09-25 14:59:47,788 - VBJDU18422021801 - DEBUG - 选择选项
2018-09-25 14:59:49,860 - VBJDU18422021801 - INFO - 答案正确
2018-09-25 14:59:49,860 - VBJDU18422021801 - DEBUG - 添加此题
2018-09-25 14:59:55,443 - VBJDU18422021801 - INFO - 本题结束
2018-09-25 14:59:55,443 - VBJDU18422021801 - DEBUG - 获取题目
2018-09-25 14:59:57,698 - VBJDU18422021801 - INFO - 第 3 题
2018-09-25 14:59:58,045 - VBJDU18422021801 - INFO - “劳燕分飞”的“劳燕”是什么意思？
2018-09-25 14:59:58,920 - VBJDU18422021801 - INFO - A.两种鸟，伯劳和燕子 B.勤劳的燕子 C.疲劳的燕子
2018-09-25 14:59:58,936 - VBJDU18422021801 - DEBUG - 数据库中检索答案
2018-09-25 14:59:58,936 - VBJDU18422021801 - INFO - 我的答案：两种鸟，伯劳和燕子
2018-09-25 14:59:59,594 - VBJDU18422021801 - DEBUG - 选择选项
2018-09-25 15:00:01,715 - VBJDU18422021801 - INFO - 答案正确
2018-09-25 15:00:03,639 - VBJDU18422021801 - INFO - 本题结束
2018-09-25 15:00:03,639 - VBJDU18422021801 - DEBUG - 获取题目
2018-09-25 15:00:06,004 - VBJDU18422021801 - INFO - 第 4 题
2018-09-25 15:00:06,321 - VBJDU18422021801 - INFO - 以下哪一架飞机是目前世界上最重、尺寸最大的飞机？
2018-09-25 15:00:07,226 - VBJDU18422021801 - INFO - A.C-130 B.安-225 C.波音787
2018-09-25 15:00:08,149 - VBJDU18422021801 - DEBUG - 在线检索答案
2018-09-25 15:00:08,149 - VBJDU18422021801 - INFO - 我的答案：安-225
2018-09-25 15:00:08,802 - VBJDU18422021801 - DEBUG - 选择选项
2018-09-25 15:00:10,898 - VBJDU18422021801 - INFO - 答案正确
2018-09-25 15:00:10,899 - VBJDU18422021801 - DEBUG - 添加此题
2018-09-25 15:00:18,078 - VBJDU18422021801 - INFO - 本题结束
2018-09-25 15:00:18,078 - VBJDU18422021801 - DEBUG - 获取题目
2018-09-25 15:00:20,474 - VBJDU18422021801 - INFO - 第 5 题
2018-09-25 15:00:20,762 - VBJDU18422021801 - INFO - 太阳系主要行星中自转最慢的行星是？
2018-09-25 15:00:21,850 - VBJDU18422021801 - INFO - A.金星 B.地球 C.火星
2018-09-25 15:00:22,411 - VBJDU18422021801 - DEBUG - 在线检索答案
2018-09-25 15:00:22,411 - VBJDU18422021801 - INFO - 我的答案：金星
2018-09-25 15:00:23,058 - VBJDU18422021801 - DEBUG - 选择选项
2018-09-25 15:00:25,118 - VBJDU18422021801 - INFO - 答案正确
2018-09-25 15:00:25,120 - VBJDU18422021801 - DEBUG - 添加此题
2018-09-25 15:00:28,969 - VBJDU18422021801 - INFO - 本题结束
2018-09-25 15:00:30,167 - VBJDU18422021801 - INFO - 本场比赛结束
2018-09-25 15:00:30,204 - VBJDU18422021801 - INFO - 返回游戏页面
2018-09-25 15:00:31,751 - VBJDU18422021801 - INFO - 进入排位赛
2018-09-25 15:00:31,751 - VBJDU18422021801 - INFO - 正在匹配中......
2018-09-25 15:02:21,212 - VBJDU18422021801 - INFO - 匹配成功
2018-09-25 15:02:21,212 - VBJDU18422021801 - DEBUG - 获取题目
2018-09-25 15:02:22,508 - VBJDU18422021801 - INFO - 第 1 题
2018-09-25 15:02:22,807 - VBJDU18422021801 - INFO - “飞毛腿”最早形容的是什么人？
2018-09-25 15:02:23,840 - VBJDU18422021801 - INFO - A.跑得特别快的人 B.骑马的士兵 C.腿上长毛的怪人
2018-09-25 15:02:24,409 - VBJDU18422021801 - DEBUG - 未检索到答案
2018-09-25 15:02:24,409 - VBJDU18422021801 - INFO - 我的答案：跑得特别快的人
2018-09-25 15:02:25,046 - VBJDU18422021801 - DEBUG - 选择选项
2018-09-25 15:02:27,109 - VBJDU18422021801 - INFO - 答案正确
2018-09-25 15:02:27,109 - VBJDU18422021801 - DEBUG - 添加此题
2018-09-25 15:02:27,970 - VBJDU18422021801 - INFO - 本题结束
2018-09-25 15:02:27,985 - VBJDU18422021801 - DEBUG - 获取题目
2018-09-25 15:02:30,344 - VBJDU18422021801 - INFO - 第 2 题
2018-09-25 15:02:30,657 - VBJDU18422021801 - INFO - 由林心如饰演的汉朝皇后窦漪房的是哪部皇宫剧？
2018-09-25 15:02:31,594 - VBJDU18422021801 - INFO - A.美人心计 B.步步惊心 C.宫心计
2018-09-25 15:02:32,100 - VBJDU18422021801 - DEBUG - 在线检索答案
2018-09-25 15:02:32,100 - VBJDU18422021801 - INFO - 我的答案：美人心计
2018-09-25 15:02:32,844 - VBJDU18422021801 - DEBUG - 选择选项
2018-09-25 15:02:34,921 - VBJDU18422021801 - INFO - 答案正确
2018-09-25 15:02:34,921 - VBJDU18422021801 - DEBUG - 添加此题
2018-09-25 15:02:35,839 - VBJDU18422021801 - INFO - 本题结束
2018-09-25 15:02:35,839 - VBJDU18422021801 - DEBUG - 获取题目
2018-09-25 15:02:38,124 - VBJDU18422021801 - INFO - 第 3 题
2018-09-25 15:02:38,427 - VBJDU18422021801 - INFO - 我国著名的瓷都是
2018-09-25 15:02:39,353 - VBJDU18422021801 - INFO - A.江苏宜兴 B.江西景德镇 C.广东石湾
2018-09-25 15:02:40,128 - VBJDU18422021801 - DEBUG - 在线检索答案
2018-09-25 15:02:40,128 - VBJDU18422021801 - INFO - 我的答案：江西景德镇
2018-09-25 15:02:40,856 - VBJDU18422021801 - DEBUG - 选择选项
2018-09-25 15:02:42,890 - VBJDU18422021801 - INFO - 答案正确
2018-09-25 15:02:42,892 - VBJDU18422021801 - DEBUG - 添加此题
2018-09-25 15:02:43,763 - VBJDU18422021801 - INFO - 本题结束
2018-09-25 15:02:43,763 - VBJDU18422021801 - DEBUG - 获取题目
2018-09-25 15:02:46,081 - VBJDU18422021801 - INFO - 第 4 题
2018-09-25 15:02:46,379 - VBJDU18422021801 - INFO - 演员巩俐没有参演以下哪一部电影？
2018-09-25 15:02:47,395 - VBJDU18422021801 - INFO - A.《101次求婚》 B.《红高粱》 C.《满城尽带黄金甲》
2018-09-25 15:02:48,006 - VBJDU18422021801 - DEBUG - 在线检索答案
2018-09-25 15:02:48,006 - VBJDU18422021801 - INFO - 我的答案：《红高粱》
2018-09-25 15:02:48,771 - VBJDU18422021801 - DEBUG - 选择选项
2018-09-25 15:02:50,809 - VBJDU18422021801 - INFO - 答案错误
2018-09-25 15:02:50,920 - VBJDU18422021801 - INFO - 正确答案；《101次求婚》
2018-09-25 15:02:50,920 - VBJDU18422021801 - DEBUG - 添加此题
2018-09-25 15:02:52,442 - VBJDU18422021801 - INFO - 本题结束
2018-09-25 15:02:52,442 - VBJDU18422021801 - DEBUG - 获取题目
2018-09-25 15:02:54,725 - VBJDU18422021801 - INFO - 第 5 题
2018-09-25 15:02:55,014 - VBJDU18422021801 - INFO - 哪部动画电影里的主角是青蛙？
2018-09-25 15:02:55,945 - VBJDU18422021801 - INFO - A.《冰雪奇缘》 B.《睡美人》 C.《公主与青蛙》
2018-09-25 15:02:56,575 - VBJDU18422021801 - DEBUG - 未检索到答案
2018-09-25 15:02:56,575 - VBJDU18422021801 - INFO - 我的答案：《冰雪奇缘》
2018-09-25 15:02:57,240 - VBJDU18422021801 - DEBUG - 选择选项
2018-09-25 15:02:59,365 - VBJDU18422021801 - INFO - 答案错误
2018-09-25 15:02:59,589 - VBJDU18422021801 - INFO - 正确答案；《公主与青蛙》
2018-09-25 15:02:59,591 - VBJDU18422021801 - DEBUG - 添加此题
2018-09-25 15:03:00,389 - VBJDU18422021801 - INFO - 本题结束
2018-09-25 15:03:01,639 - VBJDU18422021801 - INFO - 本场比赛结束
2018-09-25 15:03:01,673 - VBJDU18422021801 - INFO - 返回游戏页面
2018-09-25 15:03:03,250 - VBJDU18422021801 - INFO - 进入排位赛
2018-09-25 15:03:03,251 - VBJDU18422021801 - INFO - 正在匹配中......
2018-09-25 15:03:13,717 - VBJDU18422021801 - INFO - 匹配成功
2018-09-25 15:03:13,717 - VBJDU18422021801 - DEBUG - 获取题目
2018-09-25 15:03:15,188 - VBJDU18422021801 - INFO - 第 1 题
2018-09-25 15:03:15,514 - VBJDU18422021801 - INFO - “你伤害了我还一笑而过”是出谁演唱的歌曲？
2018-09-25 15:03:16,598 - VBJDU18422021801 - INFO - A.王菲 B.那英 C.安又琪
2018-09-25 15:03:17,245 - VBJDU18422021801 - DEBUG - 在线检索答案
2018-09-25 15:03:17,245 - VBJDU18422021801 - INFO - 我的答案：那英
2018-09-25 15:03:17,932 - VBJDU18422021801 - DEBUG - 选择选项
2018-09-25 15:03:20,009 - VBJDU18422021801 - INFO - 答案正确
2018-09-25 15:03:20,024 - VBJDU18422021801 - DEBUG - 添加此题
2018-09-25 15:03:20,911 - VBJDU18422021801 - INFO - 本题结束
2018-09-25 15:03:20,912 - VBJDU18422021801 - DEBUG - 获取题目
2018-09-25 15:03:23,190 - VBJDU18422021801 - INFO - 第 2 题
2018-09-25 15:03:23,474 - VBJDU18422021801 - INFO - 我们看到的月光是
2018-09-25 15:03:24,411 - VBJDU18422021801 - INFO - A.月亮发出的光 B.月亮反射地球光 C.月亮反射太阳光
2018-09-25 15:03:24,684 - VBJDU18422021801 - DEBUG - 在线检索答案
2018-09-25 15:03:24,684 - VBJDU18422021801 - INFO - 我的答案：月亮反射太阳光
2018-09-25 15:03:25,338 - VBJDU18422021801 - DEBUG - 选择选项
2018-09-25 15:03:27,611 - VBJDU18422021801 - INFO - 答案正确
2018-09-25 15:03:27,611 - VBJDU18422021801 - DEBUG - 添加此题
2018-09-25 15:03:28,568 - VBJDU18422021801 - INFO - 本题结束
2018-09-25 15:03:28,568 - VBJDU18422021801 - DEBUG - 获取题目
2018-09-25 15:03:30,678 - VBJDU18422021801 - INFO - 第 3 题
2018-09-25 15:03:30,985 - VBJDU18422021801 - INFO - 北方方言中哈喇子指的是什么
2018-09-25 15:03:31,895 - VBJDU18422021801 - INFO - A.鼻涕 B.口水 C.小吃
2018-09-25 15:03:32,386 - VBJDU18422021801 - DEBUG - 在线检索答案
2018-09-25 15:03:32,386 - VBJDU18422021801 - INFO - 我的答案：口水
2018-09-25 15:03:33,080 - VBJDU18422021801 - DEBUG - 选择选项
2018-09-25 15:03:35,251 - VBJDU18422021801 - INFO - 答案正确
2018-09-25 15:03:35,251 - VBJDU18422021801 - DEBUG - 添加此题
2018-09-25 15:03:36,231 - VBJDU18422021801 - INFO - 本题结束
2018-09-25 15:03:36,232 - VBJDU18422021801 - DEBUG - 获取题目
2018-09-25 15:03:38,204 - VBJDU18422021801 - INFO - 第 4 题
2018-09-25 15:03:38,489 - VBJDU18422021801 - INFO - 嘴像小铲子，脚像小扇子，走路左右摆，水上划船儿(打一动物)。
2018-09-25 15:03:39,427 - VBJDU18422021801 - INFO - A.河马 B.猫头鹰 C.鸭
2018-09-25 15:03:39,945 - VBJDU18422021801 - DEBUG - 在线检索答案
2018-09-25 15:03:39,945 - VBJDU18422021801 - INFO - 我的答案：鸭
2018-09-25 15:03:40,640 - VBJDU18422021801 - DEBUG - 选择选项
2018-09-25 15:03:42,711 - VBJDU18422021801 - INFO - 答案正确
2018-09-25 15:03:42,712 - VBJDU18422021801 - DEBUG - 添加此题
2018-09-25 15:03:43,771 - VBJDU18422021801 - INFO - 本题结束
2018-09-25 15:03:43,771 - VBJDU18422021801 - DEBUG - 获取题目
2018-09-25 15:03:46,143 - VBJDU18422021801 - INFO - 第 5 题
2018-09-25 15:03:46,459 - VBJDU18422021801 - INFO - 在乘坐飞机时，空姐都会提示系好什么？
2018-09-25 15:03:47,483 - VBJDU18422021801 - INFO - A.鞋带 B.皮带 C.安全带
2018-09-25 15:03:48,936 - VBJDU18422021801 - DEBUG - 在线检索答案
2018-09-25 15:03:48,936 - VBJDU18422021801 - INFO - 我的答案：安全带
2018-09-25 15:03:49,537 - VBJDU18422021801 - DEBUG - 选择选项
2018-09-25 15:03:51,595 - VBJDU18422021801 - INFO - 答案正确
2018-09-25 15:03:51,595 - VBJDU18422021801 - DEBUG - 添加此题
2018-09-25 15:03:52,335 - VBJDU18422021801 - INFO - 本题结束
2018-09-25 15:03:53,552 - VBJDU18422021801 - INFO - 本场比赛结束
2018-09-25 15:03:53,583 - VBJDU18422021801 - INFO - 返回游戏页面
2018-09-25 15:03:55,331 - VBJDU18422021801 - INFO - 进入排位赛
2018-09-25 15:03:55,332 - VBJDU18422021801 - INFO - 正在匹配中......
2018-09-25 15:04:09,108 - VBJDU18422021801 - INFO - 匹配成功
2018-09-25 15:04:09,108 - VBJDU18422021801 - DEBUG - 获取题目
2018-09-25 15:04:10,334 - VBJDU18422021801 - INFO - 第 1 题
2018-09-25 15:04:10,646 - VBJDU18422021801 - INFO - 学名“东北林蛙”的是哪种两栖类动物？
2018-09-25 15:04:11,612 - VBJDU18422021801 - INFO - A.雪蛤 B.沼蛤 C.石蛤
2018-09-25 15:04:12,148 - VBJDU18422021801 - DEBUG - 在线检索答案
2018-09-25 15:04:12,148 - VBJDU18422021801 - INFO - 我的答案：雪蛤
2018-09-25 15:04:12,869 - VBJDU18422021801 - DEBUG - 选择选项
2018-09-25 15:04:14,952 - VBJDU18422021801 - INFO - 答案正确
2018-09-25 15:04:14,952 - VBJDU18422021801 - DEBUG - 添加此题
2018-09-25 15:04:15,829 - VBJDU18422021801 - INFO - 本题结束
2018-09-25 15:04:15,829 - VBJDU18422021801 - DEBUG - 获取题目
2018-09-25 15:04:18,050 - VBJDU18422021801 - INFO - 第 2 题
2018-09-25 15:04:18,397 - VBJDU18422021801 - INFO - 著名品牌「李维斯」是以发明了哪种服饰而闻名的？
2018-09-25 15:04:19,297 - VBJDU18422021801 - INFO - A.雪地靴 B.牛仔裤 C.冲锋衣
2018-09-25 15:04:19,320 - VBJDU18422021801 - DEBUG - 数据库中检索答案
2018-09-25 15:04:19,321 - VBJDU18422021801 - INFO - 我的答案：牛仔裤
2018-09-25 15:04:19,922 - VBJDU18422021801 - DEBUG - 选择选项
2018-09-25 15:04:21,998 - VBJDU18422021801 - INFO - 答案正确
2018-09-25 15:04:23,574 - VBJDU18422021801 - INFO - 本题结束
2018-09-25 15:04:23,574 - VBJDU18422021801 - DEBUG - 获取题目
2018-09-25 15:04:25,682 - VBJDU18422021801 - INFO - 第 3 题
2018-09-25 15:04:25,990 - VBJDU18422021801 - INFO - 以黄、白、绿三色为基本釉色，盛行于唐朝的陶器叫作什么？
2018-09-25 15:04:26,992 - VBJDU18422021801 - INFO - A.唐三彩 B.青花瓷 C.信乐烧
2018-09-25 15:04:27,552 - VBJDU18422021801 - DEBUG - 在线检索答案
2018-09-25 15:04:27,552 - VBJDU18422021801 - INFO - 我的答案：唐三彩
2018-09-25 15:04:28,192 - VBJDU18422021801 - DEBUG - 选择选项
2018-09-25 15:04:30,365 - VBJDU18422021801 - INFO - 答案正确
2018-09-25 15:04:30,365 - VBJDU18422021801 - DEBUG - 添加此题
2018-09-25 15:04:31,410 - VBJDU18422021801 - INFO - 本题结束
2018-09-25 15:04:31,410 - VBJDU18422021801 - DEBUG - 获取题目
2018-09-25 15:04:33,646 - VBJDU18422021801 - INFO - 第 4 题
2018-09-25 15:04:34,033 - VBJDU18422021801 - INFO - 油画《最后的晚餐》作者是
2018-09-25 15:04:34,963 - VBJDU18422021801 - INFO - A.毕加索 B.达·芬奇 C.伦勃朗
2018-09-25 15:04:35,505 - VBJDU18422021801 - DEBUG - 在线检索答案
2018-09-25 15:04:35,505 - VBJDU18422021801 - INFO - 我的答案：达·芬奇
2018-09-25 15:04:36,151 - VBJDU18422021801 - DEBUG - 选择选项
2018-09-25 15:04:38,250 - VBJDU18422021801 - INFO - 答案正确
2018-09-25 15:04:38,250 - VBJDU18422021801 - DEBUG - 添加此题
2018-09-25 15:04:39,186 - VBJDU18422021801 - INFO - 本题结束
2018-09-25 15:04:39,187 - VBJDU18422021801 - DEBUG - 获取题目
2018-09-25 15:04:41,305 - VBJDU18422021801 - INFO - 第 5 题
2018-09-25 15:04:41,630 - VBJDU18422021801 - INFO - 下面哪部漫画同名电视剧有杨洋参演，讲述元武道的故事？
2018-09-25 15:04:42,553 - VBJDU18422021801 - INFO - A.《最好的我们》 B.《我还小》 C.《旋风少女》
2018-09-25 15:04:42,786 - VBJDU18422021801 - DEBUG - 在线检索答案
2018-09-25 15:04:42,786 - VBJDU18422021801 - INFO - 我的答案：《旋风少女》
2018-09-25 15:04:43,490 - VBJDU18422021801 - DEBUG - 选择选项
2018-09-25 15:04:45,584 - VBJDU18422021801 - INFO - 答案正确
2018-09-25 15:04:45,584 - VBJDU18422021801 - DEBUG - 添加此题
2018-09-25 15:04:51,145 - VBJDU18422021801 - INFO - 本题结束
2018-09-25 15:04:52,330 - VBJDU18422021801 - INFO - 本场比赛结束
2018-09-25 15:04:52,379 - VBJDU18422021801 - INFO - 返回游戏页面
2018-09-25 15:04:54,022 - VBJDU18422021801 - INFO - 进入排位赛
2018-09-25 15:04:54,022 - VBJDU18422021801 - INFO - 正在匹配中......
2018-09-25 15:06:56,062 - VBJDU18422021801 - WARNING - 匹配失败
2018-09-25 15:06:56,183 - VBJDU18422021801 - INFO - 返回游戏页面
2018-09-25 15:06:57,869 - VBJDU18422021801 - INFO - 进入排位赛
2018-09-25 15:06:57,869 - VBJDU18422021801 - INFO - 正在匹配中......
2018-09-25 15:07:34,544 - VBJDU18422021801 - INFO - 匹配成功
2018-09-25 15:07:34,544 - VBJDU18422021801 - DEBUG - 获取题目
2018-09-25 15:07:35,382 - VBJDU18422021801 - INFO - 第 1 题
2018-09-25 15:07:35,762 - VBJDU18422021801 - INFO - 公元六世纪的食谱《食次》记载的“白茧糖”指现在春节会吃的哪种食物？
2018-09-25 15:07:36,953 - VBJDU18422021801 - INFO - A.饺子 B.汤圆 C.年糕
2018-09-25 15:07:37,459 - VBJDU18422021801 - DEBUG - 在线检索答案
2018-09-25 15:07:37,459 - VBJDU18422021801 - INFO - 我的答案：年糕
2018-09-25 15:07:38,172 - VBJDU18422021801 - DEBUG - 选择选项
2018-09-25 15:07:45,507 - VBJDU18422021801 - INFO - 答案错误
2018-09-25 15:07:45,692 - VBJDU18422021801 - DEBUG - 添加此题
2018-09-25 15:07:47,901 - VBJDU18422021801 - INFO - 本题结束
2018-09-25 15:07:47,902 - VBJDU18422021801 - DEBUG - 获取题目
2018-09-25 15:07:50,351 - VBJDU18422021801 - INFO - 第 2 题
2018-09-25 15:07:50,738 - VBJDU18422021801 - INFO - 《橄榄树》由谁作词？
2018-09-25 15:07:51,907 - VBJDU18422021801 - INFO - A.杨绛 B.三毛 C.齐豫
2018-09-25 15:07:51,928 - VBJDU18422021801 - DEBUG - 数据库中检索答案
2018-09-25 15:07:51,928 - VBJDU18422021801 - INFO - 我的答案：三毛
2018-09-25 15:07:52,633 - VBJDU18422021801 - DEBUG - 选择选项
2018-09-25 15:07:54,901 - VBJDU18422021801 - INFO - 答案正确
2018-09-25 15:07:55,474 - VBJDU18422021801 - INFO - 本题结束
2018-09-25 15:07:55,474 - VBJDU18422021801 - DEBUG - 获取题目
2018-09-25 15:07:57,887 - VBJDU18422021801 - INFO - 第 3 题
2018-09-25 15:07:58,332 - VBJDU18422021801 - INFO - 贫困问题已成为国际关注的问题，请问“国际消除贫困日”是在哪一天？
2018-09-25 15:07:59,552 - VBJDU18422021801 - INFO - A.10月17日 B.10月20日 C.11月19日
2018-09-25 15:07:59,568 - VBJDU18422021801 - DEBUG - 数据库中检索答案
2018-09-25 15:07:59,568 - VBJDU18422021801 - INFO - 我的答案：10月17日
2018-09-25 15:08:00,268 - VBJDU18422021801 - DEBUG - 选择选项
2018-09-25 15:08:02,452 - VBJDU18422021801 - INFO - 答案正确
2018-09-25 15:08:04,612 - VBJDU18422021801 - INFO - 本题结束
2018-09-25 15:08:04,612 - VBJDU18422021801 - DEBUG - 获取题目
2018-09-25 15:08:07,234 - VBJDU18422021801 - INFO - 第 段位榜首 题
2018-09-25 15:08:07,594 - VBJDU18422021801 - INFO - 3
2018-09-25 15:08:08,808 - VBJDU18422021801 - INFO - A. B. C.
2018-09-25 15:08:09,066 - VBJDU18422021801 - DEBUG - 未检索到答案
2018-09-25 15:08:09,066 - VBJDU18422021801 - INFO - 我的答案：
2018-09-25 15:08:30,188 - VBJDU18422021801 - ERROR - -32002 Client error: <> data: , method: None
2018-09-25 15:08:30,188 - VBJDU18422021801 - DEBUG - 获取题目
2018-09-25 15:08:30,919 - VBJDU18422021801 - INFO - 第 4 题
2018-09-25 15:08:31,715 - VBJDU18422021801 - INFO - 一般来说，彗星的彗尾的方向和彗星的运动方向
2018-09-25 15:08:32,749 - VBJDU18422021801 - INFO - A.一致 B.相反 C.没有关系
2018-09-25 15:08:32,764 - VBJDU18422021801 - DEBUG - 数据库中检索答案
2018-09-25 15:08:32,764 - VBJDU18422021801 - INFO - 我的答案：没有关系
2018-09-25 15:08:33,519 - VBJDU18422021801 - DEBUG - 选择选项
2018-09-25 16:43:40,102 - VBJDU18422021801 - INFO - 停止UC浏览器
2018-09-25 16:43:40,421 - VBJDU18422021801 - DEBUG - 返回主页面
2018-09-25 16:43:40,935 - VBJDU18422021801 - DEBUG - 打开UC浏览器
2018-09-25 16:43:47,503 - VBJDU18422021801 - WARNING - 进入用户页面失败
2018-09-25 16:43:57,881 - VBJDU18422021801 - WARNING - 进入排位赛失败
2018-09-25 16:43:58,209 - VBJDU18422021801 - INFO - 返回游戏页面
2018-09-25 16:44:02,050 - VBJDU18422021801 - INFO - 停止UC浏览器
2018-09-25 16:44:02,124 - VBJDU18422021801 - DEBUG - 返回主页面
2018-09-25 16:44:03,092 - VBJDU18422021801 - DEBUG - 打开UC浏览器
2018-09-25 16:44:05,931 - VBJDU18422021801 - DEBUG - 进入用户页面
2018-09-25 16:44:07,129 - VBJDU18422021801 - DEBUG - 进入游戏页面1
2018-09-25 16:44:08,734 - VBJDU18422021801 - DEBUG - 进入游戏页面2
2018-09-25 16:44:11,223 - VBJDU18422021801 - INFO - 选择游戏
2018-09-25 16:44:13,562 - VBJDU18422021801 - INFO - 进入排位赛
2018-09-25 16:44:13,562 - VBJDU18422021801 - INFO - 正在匹配中......
2018-09-25 16:46:17,961 - VBJDU18422021801 - WARNING - 匹配失败
2018-09-25 16:46:18,132 - VBJDU18422021801 - INFO - 返回游戏页面
2018-09-25 16:46:19,793 - VBJDU18422021801 - INFO - 进入排位赛
2018-09-25 16:46:19,793 - VBJDU18422021801 - INFO - 正在匹配中......
2018-09-25 16:47:10,608 - VBJDU18422021801 - INFO - 停止UC浏览器
2018-09-25 16:47:10,701 - VBJDU18422021801 - DEBUG - 返回主页面
2018-09-25 16:47:12,278 - VBJDU18422021801 - DEBUG - 打开UC浏览器
2018-09-25 16:47:15,064 - VBJDU18422021801 - DEBUG - 进入用户页面
2018-09-25 16:47:16,177 - VBJDU18422021801 - DEBUG - 进入游戏页面1
2018-09-25 16:47:18,015 - VBJDU18422021801 - DEBUG - 进入游戏页面2
2018-09-25 16:47:20,560 - VBJDU18422021801 - INFO - 选择游戏
2018-09-25 16:47:21,782 - VBJDU18422021801 - INFO - 进入排位赛
2018-09-25 16:47:21,783 - VBJDU18422021801 - INFO - 正在匹配中......
2018-09-25 16:48:55,595 - VBJDU18422021801 - INFO - 匹配成功
2018-09-25 16:48:55,595 - VBJDU18422021801 - DEBUG - 获取题目
2018-09-25 16:48:56,982 - VBJDU18422021801 - INFO - 第 1 题
2018-09-25 16:48:57,296 - VBJDU18422021801 - INFO - 以下哪一种犬是英国王室的宠物？
2018-09-25 16:48:58,297 - VBJDU18422021801 - INFO - A.吉娃娃 B.哈士奇 C.柯基
2018-09-25 16:48:59,858 - VBJDU18422021801 - DEBUG - 在线检索答案
2018-09-25 16:48:59,858 - VBJDU18422021801 - INFO - 我的答案：柯基
2018-09-25 16:49:00,531 - VBJDU18422021801 - DEBUG - 选择选项
2018-09-25 16:49:02,610 - VBJDU18422021801 - INFO - 答案正确
2018-09-25 16:49:02,610 - VBJDU18422021801 - DEBUG - 添加此题
2018-09-25 16:49:11,642 - VBJDU18422021801 - INFO - 本题结束
2018-09-25 16:49:11,642 - VBJDU18422021801 - DEBUG - 获取题目
2018-09-25 16:49:13,562 - VBJDU18422021801 - INFO - 第 2 题
2018-09-25 16:49:13,889 - VBJDU18422021801 - INFO - 因位外表色泽娇艳，被人们怀疑有毒而被长期当做观赏植物的食物是什么？
2018-09-25 16:49:14,837 - VBJDU18422021801 - INFO - A.黄彩椒 B.西红柿 C.车厘子
2018-09-25 16:49:15,654 - VBJDU18422021801 - DEBUG - 未检索到答案
2018-09-25 16:49:15,654 - VBJDU18422021801 - INFO - 我的答案：黄彩椒
2018-09-25 16:49:16,328 - VBJDU18422021801 - DEBUG - 选择选项
2018-09-25 16:49:18,463 - VBJDU18422021801 - INFO - 答案错误
2018-09-25 16:49:18,599 - VBJDU18422021801 - INFO - 正确答案；西红柿
2018-09-25 16:49:18,599 - VBJDU18422021801 - DEBUG - 添加此题
2018-09-25 16:49:23,389 - VBJDU18422021801 - INFO - 本题结束
2018-09-25 16:49:23,389 - VBJDU18422021801 - DEBUG - 获取题目
2018-09-25 16:49:25,718 - VBJDU18422021801 - INFO - 第 3 题
2018-09-25 16:49:26,028 - VBJDU18422021801 - INFO - 在电视剧《天龙八部》里，雁门关事件的“带头大哥”是谁？
2018-09-25 16:49:26,951 - VBJDU18422021801 - INFO - A.段正淳 B.玄慈大师 C.扫地僧
2018-09-25 16:49:27,579 - VBJDU18422021801 - DEBUG - 在线检索答案
2018-09-25 16:49:27,579 - VBJDU18422021801 - INFO - 我的答案：玄慈大师
2018-09-25 16:49:28,193 - VBJDU18422021801 - DEBUG - 选择选项
2018-09-25 16:49:30,281 - VBJDU18422021801 - INFO - 答案正确
2018-09-25 16:49:30,281 - VBJDU18422021801 - DEBUG - 添加此题
2018-09-25 16:49:36,904 - VBJDU18422021801 - INFO - 本题结束
2018-09-25 16:49:36,904 - VBJDU18422021801 - DEBUG - 获取题目
2018-09-25 16:49:39,230 - VBJDU18422021801 - INFO - 第 4 题
2018-09-25 16:49:39,514 - VBJDU18422021801 - INFO - 在偶像团体组合“小虎队”的成员中，谁被称为“小帅虎”？
2018-09-25 16:49:40,453 - VBJDU18422021801 - INFO - A.苏有朋 B.吴奇隆 C.陈志朋
2018-09-25 16:49:41,277 - VBJDU18422021801 - DEBUG - 在线检索答案
2018-09-25 16:49:41,277 - VBJDU18422021801 - INFO - 我的答案：陈志朋
2018-09-25 16:49:41,951 - VBJDU18422021801 - DEBUG - 选择选项
2018-09-25 16:49:44,057 - VBJDU18422021801 - INFO - 答案正确
2018-09-25 16:49:44,057 - VBJDU18422021801 - DEBUG - 添加此题
2018-09-25 16:49:51,128 - VBJDU18422021801 - INFO - 本题结束
2018-09-25 16:49:51,128 - VBJDU18422021801 - DEBUG - 获取题目
2018-09-25 16:49:53,352 - VBJDU18422021801 - INFO - 第 5 题
2018-09-25 16:49:53,712 - VBJDU18422021801 - INFO - “白眉”这个由典故引申来的词语是指称：
2018-09-25 16:49:54,605 - VBJDU18422021801 - INFO - A.学识渊博的老人 B.行侠仗义的侠客 C.兄弟中的优秀者
2018-09-25 16:49:55,734 - VBJDU18422021801 - DEBUG - 在线检索答案
2018-09-25 16:49:55,734 - VBJDU18422021801 - INFO - 我的答案：兄弟中的优秀者
2018-09-25 16:49:56,384 - VBJDU18422021801 - DEBUG - 选择选项
2018-09-25 16:49:58,484 - VBJDU18422021801 - INFO - 答案正确
2018-09-25 16:49:58,484 - VBJDU18422021801 - DEBUG - 添加此题
2018-09-25 16:50:41,661 - VBJDU18422021801 - INFO - 本题结束
2018-09-25 16:50:53,406 - VBJDU18422021801 - INFO - 本场比赛结束
2018-09-25 16:50:54,460 - VBJDU18422021801 - INFO - 返回游戏页面
2018-09-25 16:51:06,329 - VBJDU18422021801 - WARNING - 进入排位赛失败
2018-09-25 16:51:06,423 - VBJDU18422021801 - INFO - 返回游戏页面
2018-09-25 16:51:10,404 - VBJDU18422021801 - INFO - 进入排位赛
2018-09-25 16:51:10,404 - VBJDU18422021801 - INFO - 正在匹配中......
2018-09-25 16:52:05,626 - VBJDU18422021801 - INFO - 匹配成功
2018-09-25 16:52:05,626 - VBJDU18422021801 - DEBUG - 获取题目
2018-09-25 16:52:07,028 - VBJDU18422021801 - INFO - 第 1 题
2018-09-25 16:52:07,375 - VBJDU18422021801 - INFO - 太阳的主要化学成份是什么？
2018-09-25 16:52:08,312 - VBJDU18422021801 - INFO - A.氮 B.氢 C.氦
2018-09-25 16:52:09,128 - VBJDU18422021801 - DEBUG - 在线检索答案
2018-09-25 16:52:09,128 - VBJDU18422021801 - INFO - 我的答案：氢
2018-09-25 16:52:09,735 - VBJDU18422021801 - DEBUG - 选择选项
2018-09-25 16:52:11,846 - VBJDU18422021801 - INFO - 答案正确
2018-09-25 16:52:11,847 - VBJDU18422021801 - DEBUG - 添加此题
2018-09-25 16:52:14,404 - VBJDU18422021801 - INFO - 本题结束
2018-09-25 16:52:14,404 - VBJDU18422021801 - DEBUG - 获取题目
2018-09-25 16:52:16,487 - VBJDU18422021801 - INFO - 第 2 题
2018-09-25 16:52:16,779 - VBJDU18422021801 - INFO - 《银魂》之中，维持治安的警察组织名为？
2018-09-25 16:52:17,660 - VBJDU18422021801 - INFO - A.新选组 B.新撰组 C.真选组
2018-09-25 16:52:18,320 - VBJDU18422021801 - DEBUG - 在线检索答案
2018-09-25 16:52:18,320 - VBJDU18422021801 - INFO - 我的答案：真选组
2018-09-25 16:52:19,044 - VBJDU18422021801 - DEBUG - 选择选项
2018-09-25 16:52:21,076 - VBJDU18422021801 - INFO - 答案正确
2018-09-25 16:52:21,076 - VBJDU18422021801 - DEBUG - 添加此题
2018-09-25 16:52:21,982 - VBJDU18422021801 - INFO - 本题结束
2018-09-25 16:52:21,983 - VBJDU18422021801 - DEBUG - 获取题目
2018-09-25 16:52:24,130 - VBJDU18422021801 - INFO - 第 3 题
2018-09-25 16:52:24,437 - VBJDU18422021801 - INFO - 《彝族舞曲》是中国哪一种乐器的独奏曲？
2018-09-25 16:52:25,328 - VBJDU18422021801 - INFO - A.古琴 B.古筝 C.琵琶
2018-09-25 16:52:25,964 - VBJDU18422021801 - DEBUG - 在线检索答案
2018-09-25 16:52:25,964 - VBJDU18422021801 - INFO - 我的答案：琵琶
2018-09-25 16:52:26,577 - VBJDU18422021801 - DEBUG - 选择选项
2018-09-25 16:52:28,664 - VBJDU18422021801 - INFO - 答案正确
2018-09-25 16:52:28,664 - VBJDU18422021801 - DEBUG - 添加此题
2018-09-25 16:52:35,296 - VBJDU18422021801 - INFO - 本题结束
2018-09-25 16:52:35,296 - VBJDU18422021801 - DEBUG - 获取题目
2018-09-25 16:52:37,499 - VBJDU18422021801 - INFO - 第 4 题
2018-09-25 16:52:37,812 - VBJDU18422021801 - INFO - （ ）年10月27日，我国两弹结合实验在罗布泊取得成功 
2018-09-25 16:52:38,687 - VBJDU18422021801 - INFO - A.1960 B.1964 C.1966
2018-09-25 16:52:39,405 - VBJDU18422021801 - DEBUG - 在线检索答案
2018-09-25 16:52:39,405 - VBJDU18422021801 - INFO - 我的答案：1966
2018-09-25 16:52:40,119 - VBJDU18422021801 - DEBUG - 选择选项
2018-09-25 16:52:42,249 - VBJDU18422021801 - INFO - 答案正确
2018-09-25 16:52:42,249 - VBJDU18422021801 - DEBUG - 添加此题
2018-09-25 16:52:45,162 - VBJDU18422021801 - INFO - 本题结束
2018-09-25 16:52:45,162 - VBJDU18422021801 - DEBUG - 获取题目
2018-09-25 16:52:47,294 - VBJDU18422021801 - INFO - 第 5 题
2018-09-25 16:52:47,593 - VBJDU18422021801 - INFO - 名句“采菊东篱下，悠然见南山”出自哪个诗文作品？
2018-09-25 16:52:48,468 - VBJDU18422021801 - INFO - A.《离骚》 B.《饮酒·其五》 C.《江畔独步寻花七绝句》
2018-09-25 16:52:49,115 - VBJDU18422021801 - DEBUG - 在线检索答案
2018-09-25 16:52:49,115 - VBJDU18422021801 - INFO - 我的答案：《饮酒·其五》
2018-09-25 16:52:49,767 - VBJDU18422021801 - DEBUG - 选择选项
2018-09-25 16:52:51,841 - VBJDU18422021801 - INFO - 答案正确
2018-09-25 16:52:51,841 - VBJDU18422021801 - DEBUG - 添加此题
2018-09-25 16:52:53,672 - VBJDU18422021801 - INFO - 本题结束
2018-09-25 17:09:52,114 - VBJDU18422021801 - INFO - 停止UC浏览器
2018-09-25 17:09:52,192 - VBJDU18422021801 - DEBUG - 返回主页面
2018-09-25 17:09:52,753 - VBJDU18422021801 - DEBUG - 打开UC浏览器
2018-09-25 17:09:55,345 - VBJDU18422021801 - DEBUG - 进入用户页面
2018-09-25 17:09:56,378 - VBJDU18422021801 - DEBUG - 进入游戏页面1
2018-09-25 17:09:58,593 - VBJDU18422021801 - DEBUG - 进入游戏页面2
2018-09-25 17:10:00,899 - VBJDU18422021801 - INFO - 选择游戏
2018-09-25 17:10:03,345 - VBJDU18422021801 - INFO - 进入排位赛
2018-09-25 17:10:03,345 - VBJDU18422021801 - INFO - 正在匹配中......
2018-09-25 17:10:28,900 - VBJDU18422021801 - INFO - 匹配成功
2018-09-25 17:10:28,900 - VBJDU18422021801 - DEBUG - 获取题目
2018-09-25 17:10:30,276 - VBJDU18422021801 - INFO - 第 1 题
2018-09-25 17:10:30,580 - VBJDU18422021801 - INFO - 端午节是为了纪念哪个历史名人？
2018-09-25 17:10:31,607 - VBJDU18422021801 - INFO - A.杜甫 B.李白 C.屈原
2018-09-25 17:10:32,327 - VBJDU18422021801 - DEBUG - 在线检索答案
2018-09-25 17:10:32,327 - VBJDU18422021801 - INFO - 我的答案：屈原
2018-09-25 17:10:32,965 - VBJDU18422021801 - DEBUG - 选择选项
2018-09-25 17:10:35,039 - VBJDU18422021801 - INFO - 答案正确
2018-09-25 17:10:35,039 - VBJDU18422021801 - DEBUG - 添加此题
2018-09-25 17:10:35,837 - VBJDU18422021801 - INFO - 本题结束
2018-09-25 17:10:35,837 - VBJDU18422021801 - DEBUG - 获取题目
2018-09-25 17:10:38,046 - VBJDU18422021801 - INFO - 第 2 题
2018-09-25 17:10:38,402 - VBJDU18422021801 - INFO - 歌词“谁娶了多愁善的你，谁看了你的日记”是出自哪首歌？
2018-09-25 17:10:39,378 - VBJDU18422021801 - INFO - A.《童年》 B.《同桌的你》 C.《数到三不哭》
2018-09-25 17:10:40,176 - VBJDU18422021801 - DEBUG - 在线检索答案
2018-09-25 17:10:40,176 - VBJDU18422021801 - INFO - 我的答案：《同桌的你》
2018-09-25 17:10:40,933 - VBJDU18422021801 - DEBUG - 选择选项
2018-09-25 17:10:43,239 - VBJDU18422021801 - INFO - 答案正确
2018-09-25 17:10:43,254 - VBJDU18422021801 - DEBUG - 添加此题
2018-09-25 17:10:43,838 - VBJDU18422021801 - INFO - 本题结束
2018-09-25 17:10:43,838 - VBJDU18422021801 - DEBUG - 获取题目
2018-09-25 17:10:46,126 - VBJDU18422021801 - INFO - 第 3 题
2018-09-25 17:10:46,426 - VBJDU18422021801 - INFO - 演员张翰跟哪个合作过的女星分手了？
2018-09-25 17:10:47,328 - VBJDU18422021801 - INFO - A.杨蓉 B.郑爽 C.安以轩
2018-09-25 17:10:48,074 - VBJDU18422021801 - DEBUG - 在线检索答案
2018-09-25 17:10:48,074 - VBJDU18422021801 - INFO - 我的答案：郑爽
2018-09-25 17:10:48,822 - VBJDU18422021801 - DEBUG - 选择选项
2018-09-25 17:10:50,917 - VBJDU18422021801 - INFO - 答案正确
2018-09-25 17:10:50,918 - VBJDU18422021801 - DEBUG - 添加此题
2018-09-25 17:10:52,518 - VBJDU18422021801 - INFO - 本题结束
2018-09-25 17:10:52,518 - VBJDU18422021801 - DEBUG - 获取题目
2018-09-25 17:10:54,838 - VBJDU18422021801 - INFO - 第 4 题
2018-09-25 17:10:55,145 - VBJDU18422021801 - INFO - 下列哪种液体沸点最低？
2018-09-25 17:10:56,192 - VBJDU18422021801 - INFO - A.水 B.水银 C.酒精
2018-09-25 17:10:57,533 - VBJDU18422021801 - DEBUG - 在线检索答案
2018-09-25 17:10:57,533 - VBJDU18422021801 - INFO - 我的答案：水
2018-09-25 17:10:58,239 - VBJDU18422021801 - DEBUG - 选择选项
2018-09-25 17:11:00,329 - VBJDU18422021801 - INFO - 答案错误
2018-09-25 17:11:00,592 - VBJDU18422021801 - INFO - 正确答案；酒精
2018-09-25 17:11:00,592 - VBJDU18422021801 - DEBUG - 添加此题
2018-09-25 17:11:01,224 - VBJDU18422021801 - INFO - 本题结束
2018-09-25 17:11:01,224 - VBJDU18422021801 - DEBUG - 获取题目
2018-09-25 17:11:03,379 - VBJDU18422021801 - INFO - 第 5 题
2018-09-25 17:11:03,672 - VBJDU18422021801 - INFO - 汽车品牌中人们常说的BBA不包括哪个品牌？
2018-09-25 17:11:04,622 - VBJDU18422021801 - INFO - A.保时捷 B.奔驰 C.奥迪
2018-09-25 17:11:04,622 - VBJDU18422021801 - DEBUG - 数据库中检索答案
2018-09-25 17:11:04,622 - VBJDU18422021801 - INFO - 我的答案：保时捷
2018-09-25 17:11:05,264 - VBJDU18422021801 - DEBUG - 选择选项
2018-09-25 17:11:07,291 - VBJDU18422021801 - INFO - 答案正确
2018-09-25 17:11:10,505 - VBJDU18422021801 - INFO - 本题结束
2018-09-25 17:11:11,733 - VBJDU18422021801 - INFO - 本场比赛结束
2018-09-25 17:11:11,789 - VBJDU18422021801 - INFO - 返回游戏页面
2018-09-25 17:11:13,440 - VBJDU18422021801 - INFO - 进入排位赛
2018-09-25 17:11:13,440 - VBJDU18422021801 - INFO - 正在匹配中......
2018-09-25 17:11:36,921 - VBJDU18422021801 - INFO - 匹配成功
2018-09-25 17:11:36,922 - VBJDU18422021801 - DEBUG - 获取题目
2018-09-25 17:11:37,639 - VBJDU18422021801 - INFO - 第 1 题
2018-09-25 17:11:37,932 - VBJDU18422021801 - INFO - 一种汇集了驯兽表演、杂耍、小丑、舞蹈等技能的表演艺术叫？
2018-09-25 17:11:38,989 - VBJDU18422021801 - INFO - A.马戏团 B.杂技 C.联欢会
2018-09-25 17:11:39,608 - VBJDU18422021801 - DEBUG - 在线检索答案
2018-09-25 17:11:39,608 - VBJDU18422021801 - INFO - 我的答案：杂技
2018-09-25 17:11:40,297 - VBJDU18422021801 - DEBUG - 选择选项
2018-09-25 17:11:42,377 - VBJDU18422021801 - INFO - 答案错误
2018-09-25 17:11:42,518 - VBJDU18422021801 - INFO - 正确答案；马戏团
2018-09-25 17:11:42,518 - VBJDU18422021801 - DEBUG - 添加此题
2018-09-25 17:11:43,329 - VBJDU18422021801 - INFO - 本题结束
2018-09-25 17:11:43,344 - VBJDU18422021801 - DEBUG - 获取题目
2018-09-25 17:11:45,588 - VBJDU18422021801 - INFO - 第 2 题
2018-09-25 17:11:45,933 - VBJDU18422021801 - INFO - 《云去云来》是哪位著名女演员在60岁时所写的散文集？
2018-09-25 17:11:46,879 - VBJDU18422021801 - INFO - A.林青霞 B.钟楚红 C.张曼玉
2018-09-25 17:11:46,883 - VBJDU18422021801 - DEBUG - 数据库中检索答案
2018-09-25 17:11:46,883 - VBJDU18422021801 - INFO - 我的答案：林青霞
2018-09-25 17:11:47,588 - VBJDU18422021801 - DEBUG - 选择选项
2018-09-25 17:11:49,765 - VBJDU18422021801 - INFO - 答案正确
2018-09-25 17:11:51,108 - VBJDU18422021801 - INFO - 本题结束
2018-09-25 17:11:51,108 - VBJDU18422021801 - DEBUG - 获取题目
2018-09-25 17:11:53,504 - VBJDU18422021801 - INFO - 第 3 题
2018-09-25 17:11:53,904 - VBJDU18422021801 - INFO - 孙燕姿的《天黑黑》，歌曲语言除了普通话意外，还使用了什么方言？
2018-09-25 17:11:54,853 - VBJDU18422021801 - INFO - A.四川话 B.粤语 C.闽南语
2018-09-25 17:11:55,561 - VBJDU18422021801 - DEBUG - 在线检索答案
2018-09-25 17:11:55,561 - VBJDU18422021801 - INFO - 我的答案：闽南语
2018-09-25 17:11:56,239 - VBJDU18422021801 - DEBUG - 选择选项
2018-09-25 17:11:58,393 - VBJDU18422021801 - INFO - 答案正确
2018-09-25 17:11:58,393 - VBJDU18422021801 - DEBUG - 添加此题
2018-09-25 17:11:59,075 - VBJDU18422021801 - INFO - 本题结束
2018-09-25 17:11:59,075 - VBJDU18422021801 - DEBUG - 获取题目
2018-09-25 17:12:01,346 - VBJDU18422021801 - INFO - 第 4 题
2018-09-25 17:12:01,734 - VBJDU18422021801 - INFO - 卜加丘在他的名著《十日谈》中讲了多少个故事?
2018-09-25 17:12:02,750 - VBJDU18422021801 - INFO - A.100 B.101 C.103
2018-09-25 17:12:03,393 - VBJDU18422021801 - DEBUG - 在线检索答案
2018-09-25 17:12:03,393 - VBJDU18422021801 - INFO - 我的答案：100
2018-09-25 17:12:04,076 - VBJDU18422021801 - DEBUG - 选择选项
2018-09-25 17:12:06,260 - VBJDU18422021801 - INFO - 答案正确
2018-09-25 17:12:06,261 - VBJDU18422021801 - DEBUG - 添加此题
2018-09-25 17:12:07,221 - VBJDU18422021801 - INFO - 本题结束
2018-09-25 17:12:07,221 - VBJDU18422021801 - DEBUG - 获取题目
2018-09-25 17:12:09,392 - VBJDU18422021801 - INFO - 第 5 题
2018-09-25 17:12:09,793 - VBJDU18422021801 - INFO - 因喜欢朋友女儿的涂鸦而把涂鸦画放在自己产品入口的互联网人是？
2018-09-25 17:12:10,703 - VBJDU18422021801 - INFO - A.阿北 B.张小龙 C.唐岩
2018-09-25 17:12:11,639 - VBJDU18422021801 - DEBUG - 在线检索答案
2018-09-25 17:12:11,639 - VBJDU18422021801 - INFO - 我的答案：张小龙
2018-09-25 17:12:12,328 - VBJDU18422021801 - DEBUG - 选择选项
2018-09-25 17:12:14,466 - VBJDU18422021801 - INFO - 答案正确
2018-09-25 17:12:14,466 - VBJDU18422021801 - DEBUG - 添加此题
2018-09-25 17:12:15,902 - VBJDU18422021801 - INFO - 本题结束
2018-09-25 17:12:17,106 - VBJDU18422021801 - INFO - 本场比赛结束
2018-09-25 17:12:17,146 - VBJDU18422021801 - INFO - 返回游戏页面
2018-09-25 17:12:18,837 - VBJDU18422021801 - INFO - 进入排位赛
2018-09-25 17:12:18,837 - VBJDU18422021801 - INFO - 正在匹配中......
2018-09-25 17:12:32,748 - VBJDU18422021801 - INFO - 匹配成功
2018-09-25 17:12:32,748 - VBJDU18422021801 - DEBUG - 获取题目
2018-09-25 17:12:34,146 - VBJDU18422021801 - INFO - 第 1 题
2018-09-25 17:12:34,440 - VBJDU18422021801 - INFO - 作家编剧家李碧华的原著改编的电影代表作很多，其中不包括以下哪一部？
2018-09-25 17:12:35,424 - VBJDU18422021801 - INFO - A.《青蛇》 B.《钟无艳》 C.《胭脂扣》
2018-09-25 17:12:35,424 - VBJDU18422021801 - DEBUG - 数据库中检索答案
2018-09-25 17:12:35,424 - VBJDU18422021801 - INFO - 我的答案：《钟无艳》
2018-09-25 17:12:36,113 - VBJDU18422021801 - DEBUG - 选择选项
2018-09-25 17:12:38,222 - VBJDU18422021801 - INFO - 答案正确
2018-09-25 17:12:44,440 - VBJDU18422021801 - INFO - 本题结束
2018-09-25 17:12:44,440 - VBJDU18422021801 - DEBUG - 获取题目
2018-09-25 17:12:46,705 - VBJDU18422021801 - INFO - 第 2 题
2018-09-25 17:12:47,032 - VBJDU18422021801 - INFO - 金拱门中国管理公司的前身是哪个著名品牌？
2018-09-25 17:12:47,991 - VBJDU18422021801 - INFO - A.肯德基 B.麦当劳 C.星巴克
2018-09-25 17:12:48,801 - VBJDU18422021801 - DEBUG - 在线检索答案
2018-09-25 17:12:48,801 - VBJDU18422021801 - INFO - 我的答案：麦当劳
2018-09-25 17:12:49,440 - VBJDU18422021801 - DEBUG - 选择选项
2018-09-25 17:12:51,702 - VBJDU18422021801 - INFO - 答案正确
2018-09-25 17:12:51,702 - VBJDU18422021801 - DEBUG - 添加此题
2018-09-25 17:12:54,640 - VBJDU18422021801 - INFO - 本题结束
2018-09-25 17:12:54,640 - VBJDU18422021801 - DEBUG - 获取题目
2018-09-25 17:12:56,882 - VBJDU18422021801 - INFO - 第 3 题
2018-09-25 17:12:57,207 - VBJDU18422021801 - INFO - 猎鹰重型火箭的首次发射是在哪个发射基地进行的？
2018-09-25 17:12:58,222 - VBJDU18422021801 - INFO - A.文昌航天发射场 B.范登堡空军基地 C.肯尼迪航天中心
2018-09-25 17:12:58,933 - VBJDU18422021801 - DEBUG - 在线检索答案
2018-09-25 17:12:58,933 - VBJDU18422021801 - INFO - 我的答案：肯尼迪航天中心
2018-09-25 17:12:59,550 - VBJDU18422021801 - DEBUG - 选择选项
2018-09-25 17:13:01,609 - VBJDU18422021801 - INFO - 答案正确
2018-09-25 17:13:01,609 - VBJDU18422021801 - DEBUG - 添加此题
2018-09-25 17:13:05,362 - VBJDU18422021801 - INFO - 本题结束
2018-09-25 17:13:05,362 - VBJDU18422021801 - DEBUG - 获取题目
2018-09-25 17:13:07,565 - VBJDU18422021801 - INFO - 第 4 题
2018-09-25 17:13:07,874 - VBJDU18422021801 - INFO - 以下哪种植物是被子植物？
2018-09-25 17:13:08,805 - VBJDU18422021801 - INFO - A.苹果 B.地衣 C.银杏
2018-09-25 17:13:09,565 - VBJDU18422021801 - DEBUG - 在线检索答案
2018-09-25 17:13:09,565 - VBJDU18422021801 - INFO - 我的答案：银杏
2018-09-25 17:13:10,296 - VBJDU18422021801 - DEBUG - 选择选项
2018-09-25 17:13:12,409 - VBJDU18422021801 - INFO - 答案错误
2018-09-25 17:13:12,534 - VBJDU18422021801 - INFO - 正确答案；苹果
2018-09-25 17:13:12,534 - VBJDU18422021801 - DEBUG - 添加此题
2018-09-25 17:13:18,362 - VBJDU18422021801 - INFO - 本题结束
2018-09-25 17:13:18,362 - VBJDU18422021801 - DEBUG - 获取题目
2018-09-25 17:13:20,702 - VBJDU18422021801 - INFO - 第 5 题
2018-09-25 17:13:21,029 - VBJDU18422021801 - INFO - 裸子植物种类最多的国家是
2018-09-25 17:13:22,075 - VBJDU18422021801 - INFO - A.巴西 B.美国 C.中国
2018-09-25 17:13:22,639 - VBJDU18422021801 - DEBUG - 在线检索答案
2018-09-25 17:13:22,639 - VBJDU18422021801 - INFO - 我的答案：中国
2018-09-25 17:13:23,327 - VBJDU18422021801 - DEBUG - 选择选项
2018-09-25 17:13:25,455 - VBJDU18422021801 - INFO - 答案正确
2018-09-25 17:13:25,455 - VBJDU18422021801 - DEBUG - 添加此题
2018-09-25 17:13:27,878 - VBJDU18422021801 - INFO - 本题结束
2018-09-25 17:13:29,060 - VBJDU18422021801 - INFO - 本场比赛结束
2018-09-25 17:13:29,145 - VBJDU18422021801 - INFO - 返回游戏页面
2018-09-25 17:14:20,565 - VBJDU18422021801 - INFO - 停止UC浏览器
2018-09-25 17:14:20,623 - VBJDU18422021801 - DEBUG - 返回主页面
2018-09-25 17:14:22,238 - VBJDU18422021801 - DEBUG - 打开UC浏览器
2018-09-25 17:14:24,719 - VBJDU18422021801 - DEBUG - 进入用户页面
2018-09-25 17:14:25,719 - VBJDU18422021801 - DEBUG - 进入游戏页面1
2018-09-25 17:14:27,878 - VBJDU18422021801 - DEBUG - 进入游戏页面2
2018-09-25 17:14:30,518 - VBJDU18422021801 - INFO - 选择游戏
2018-09-25 17:14:31,719 - VBJDU18422021801 - INFO - 进入排位赛
2018-09-25 17:14:31,719 - VBJDU18422021801 - INFO - 正在匹配中......
2018-09-25 17:15:00,346 - VBJDU18422021801 - INFO - 匹配成功
2018-09-25 17:15:00,346 - VBJDU18422021801 - DEBUG - 获取题目
2018-09-25 17:15:01,686 - VBJDU18422021801 - INFO - 第 1 题
2018-09-25 17:15:01,996 - VBJDU18422021801 - INFO - 呼和浩特，蒙古语意为什么？
2018-09-25 17:15:02,919 - VBJDU18422021801 - INFO - A.青色的城 B.幸福的城 C.热情的城
2018-09-25 17:15:02,919 - VBJDU18422021801 - DEBUG - 数据库中检索答案
2018-09-25 17:15:02,919 - VBJDU18422021801 - INFO - 我的答案：青色的城
2018-09-25 17:15:03,609 - VBJDU18422021801 - DEBUG - 选择选项
2018-09-25 17:15:05,687 - VBJDU18422021801 - INFO - 答案正确
2018-09-25 17:15:06,535 - VBJDU18422021801 - INFO - 本题结束
2018-09-25 17:15:06,535 - VBJDU18422021801 - DEBUG - 获取题目
2018-09-25 17:15:08,892 - VBJDU18422021801 - INFO - 第 2 题
2018-09-25 17:15:09,192 - VBJDU18422021801 - INFO - 世界上第一台数码相机是由哪家公司生产的？
2018-09-25 17:15:10,161 - VBJDU18422021801 - INFO - A.索尼 B.柯达 C.尼康
2018-09-25 17:15:10,765 - VBJDU18422021801 - DEBUG - 在线检索答案
2018-09-25 17:15:11,409 - VBJDU18422021801 - INFO - 我的答案：柯达
2018-09-25 17:15:12,088 - VBJDU18422021801 - DEBUG - 选择选项
2018-09-25 17:15:14,271 - VBJDU18422021801 - INFO - 答案正确
2018-09-25 17:15:14,272 - VBJDU18422021801 - DEBUG - 添加此题
2018-09-25 17:15:16,327 - VBJDU18422021801 - INFO - 本题结束
2018-09-25 17:15:16,327 - VBJDU18422021801 - DEBUG - 获取题目
2018-09-25 17:15:18,624 - VBJDU18422021801 - INFO - 第 3 题
2018-09-25 17:15:18,959 - VBJDU18422021801 - INFO - 《水浒传》鲁智深被张清的石子打在何处？
2018-09-25 17:15:19,892 - VBJDU18422021801 - INFO - A.左肩 B.头上 C.手腕
2018-09-25 17:15:20,447 - VBJDU18422021801 - DEBUG - 在线检索答案
2018-09-25 17:15:20,447 - VBJDU18422021801 - INFO - 我的答案：头上
2018-09-25 17:15:21,176 - VBJDU18422021801 - DEBUG - 选择选项
2018-09-25 17:15:23,276 - VBJDU18422021801 - INFO - 答案正确
2018-09-25 17:15:23,277 - VBJDU18422021801 - DEBUG - 添加此题
2018-09-25 17:15:27,980 - VBJDU18422021801 - INFO - 本题结束
2018-09-25 17:15:27,980 - VBJDU18422021801 - DEBUG - 获取题目
2018-09-25 17:15:30,240 - VBJDU18422021801 - INFO - 第 4 题
2018-09-25 17:15:30,549 - VBJDU18422021801 - INFO - 发绀是指毛细血管内还原血红蛋白超过
2018-09-25 17:15:31,441 - VBJDU18422021801 - INFO - A.15g/L B.50g/L C.17.1mmol/L
2018-09-25 17:15:32,110 - VBJDU18422021801 - DEBUG - 在线检索答案
2018-09-25 17:15:32,110 - VBJDU18422021801 - INFO - 我的答案：50g/L
2018-09-25 17:15:32,821 - VBJDU18422021801 - DEBUG - 选择选项
2018-09-25 17:15:34,934 - VBJDU18422021801 - INFO - 答案正确
2018-09-25 17:15:34,934 - VBJDU18422021801 - DEBUG - 添加此题
2018-09-25 17:15:35,837 - VBJDU18422021801 - INFO - 本题结束
2018-09-25 17:15:35,837 - VBJDU18422021801 - DEBUG - 获取题目
2018-09-25 17:15:38,012 - VBJDU18422021801 - INFO - 第 5 题
2018-09-25 17:15:38,379 - VBJDU18422021801 - INFO - 由甄子丹、谢霆锋、梁家辉主演的《十月围城》，该电影的导演是谁？
2018-09-25 17:15:39,346 - VBJDU18422021801 - INFO - A.黄建新 B.吴宇森 C.陈德深
2018-09-25 17:15:39,998 - VBJDU18422021801 - DEBUG - 未检索到答案
2018-09-25 17:15:39,998 - VBJDU18422021801 - INFO - 我的答案：黄建新
2018-09-25 17:15:40,624 - VBJDU18422021801 - DEBUG - 选择选项
2018-09-25 17:15:42,785 - VBJDU18422021801 - INFO - 答案错误
2018-09-25 17:15:42,981 - VBJDU18422021801 - INFO - 正确答案；陈德深
2018-09-25 17:15:42,981 - VBJDU18422021801 - DEBUG - 添加此题
2018-09-25 17:15:43,686 - VBJDU18422021801 - INFO - 本题结束
2018-09-25 17:15:44,902 - VBJDU18422021801 - ERROR - 获取比赛结果失败
2018-09-25 17:15:44,902 - VBJDU18422021801 - INFO - 本场比赛结束
2018-09-25 17:15:44,965 - VBJDU18422021801 - INFO - 返回游戏页面
2018-09-25 17:15:46,586 - VBJDU18422021801 - INFO - 进入排位赛
2018-09-25 17:15:46,586 - VBJDU18422021801 - INFO - 正在匹配中......
2018-09-25 17:15:54,363 - VBJDU18422021801 - INFO - 匹配成功
2018-09-25 17:15:54,363 - VBJDU18422021801 - DEBUG - 获取题目
2018-09-25 17:15:55,623 - VBJDU18422021801 - INFO - 第 1 题
2018-09-25 17:15:55,965 - VBJDU18422021801 - INFO - 《还珠格格》中，紫薇说的“与君绝”的两个条件是“山无棱”和什么？
2018-09-25 17:15:56,965 - VBJDU18422021801 - INFO - A.江水为竭 B.夏雨雪 C.天地合
2018-09-25 17:15:57,701 - VBJDU18422021801 - DEBUG - 在线检索答案
2018-09-25 17:15:57,701 - VBJDU18422021801 - INFO - 我的答案：天地合
2018-09-25 17:15:58,408 - VBJDU18422021801 - DEBUG - 选择选项
2018-09-25 17:16:00,466 - VBJDU18422021801 - INFO - 答案正确
2018-09-25 17:16:00,466 - VBJDU18422021801 - DEBUG - 添加此题
2018-09-25 17:16:01,518 - VBJDU18422021801 - INFO - 本题结束
2018-09-25 17:16:01,518 - VBJDU18422021801 - DEBUG - 获取题目
2018-09-25 17:16:03,671 - VBJDU18422021801 - INFO - 第 2 题
2018-09-25 17:16:03,949 - VBJDU18422021801 - INFO - 《当》是以下哪个组合的歌曲？
2018-09-25 17:16:04,886 - VBJDU18422021801 - INFO - A.动力火车 B.凤凰传奇 C.TFBOYS
2018-09-25 17:16:05,716 - VBJDU18422021801 - DEBUG - 在线检索答案
2018-09-25 17:16:05,716 - VBJDU18422021801 - INFO - 我的答案：TFBOYS
2018-09-25 17:16:06,410 - VBJDU18422021801 - DEBUG - 选择选项
2018-09-25 17:16:08,487 - VBJDU18422021801 - INFO - 答案错误
2018-09-25 17:16:08,592 - VBJDU18422021801 - INFO - 正确答案；动力火车
2018-09-25 17:16:08,592 - VBJDU18422021801 - DEBUG - 添加此题
2018-09-25 17:16:09,362 - VBJDU18422021801 - INFO - 本题结束
2018-09-25 17:16:09,362 - VBJDU18422021801 - DEBUG - 获取题目
2018-09-25 17:16:11,518 - VBJDU18422021801 - INFO - 第 3 题
2018-09-25 17:16:11,853 - VBJDU18422021801 - INFO - 大熊猫的主要食物是什么？
2018-09-25 17:16:12,722 - VBJDU18422021801 - INFO - A.昆虫 B.动物尸体 C.竹子
2018-09-25 17:16:13,418 - VBJDU18422021801 - DEBUG - 在线检索答案
2018-09-25 17:16:13,418 - VBJDU18422021801 - INFO - 我的答案：竹子
2018-09-25 17:16:14,106 - VBJDU18422021801 - DEBUG - 选择选项
2018-09-25 17:16:16,192 - VBJDU18422021801 - INFO - 答案正确
2018-09-25 17:16:16,192 - VBJDU18422021801 - DEBUG - 添加此题
2018-09-25 17:16:17,113 - VBJDU18422021801 - INFO - 本题结束
2018-09-25 17:16:17,113 - VBJDU18422021801 - DEBUG - 获取题目
2018-09-25 17:16:19,238 - VBJDU18422021801 - INFO - 第 4 题
2018-09-25 17:16:19,533 - VBJDU18422021801 - INFO - 在动画电影中，后母通常都是什么样的人？
2018-09-25 17:16:20,415 - VBJDU18422021801 - INFO - A.心肠歹毒 B.喜欢唱歌 C.喜欢小孩
2018-09-25 17:16:21,208 - VBJDU18422021801 - DEBUG - 未检索到答案
2018-09-25 17:16:21,208 - VBJDU18422021801 - INFO - 我的答案：心肠歹毒
2018-09-25 17:16:21,853 - VBJDU18422021801 - DEBUG - 选择选项
2018-09-25 17:16:23,964 - VBJDU18422021801 - INFO - 答案正确
2018-09-25 17:16:23,964 - VBJDU18422021801 - DEBUG - 添加此题
2018-09-25 17:16:24,902 - VBJDU18422021801 - INFO - 本题结束
2018-09-25 17:16:24,902 - VBJDU18422021801 - DEBUG - 获取题目
2018-09-25 17:16:27,083 - VBJDU18422021801 - INFO - 第 5 题
2018-09-25 17:16:27,379 - VBJDU18422021801 - INFO - 尤文图斯队成立于哪一年？
2018-09-25 17:16:28,363 - VBJDU18422021801 - INFO - A.1904年 B.1897年 C.1914年
2018-09-25 17:16:29,145 - VBJDU18422021801 - DEBUG - 在线检索答案
2018-09-25 17:16:29,145 - VBJDU18422021801 - INFO - 我的答案：1897年
2018-09-25 17:16:29,795 - VBJDU18422021801 - DEBUG - 选择选项
2018-09-25 17:16:31,854 - VBJDU18422021801 - INFO - 答案正确
2018-09-25 17:16:31,854 - VBJDU18422021801 - DEBUG - 添加此题
2018-09-25 17:16:32,867 - VBJDU18422021801 - INFO - 本题结束
2018-09-25 17:16:34,059 - VBJDU18422021801 - ERROR - 获取比赛结果失败
2018-09-25 17:16:34,059 - VBJDU18422021801 - INFO - 本场比赛结束
2018-09-25 17:16:34,090 - VBJDU18422021801 - INFO - 返回游戏页面
2018-09-25 17:16:38,566 - VBJDU18422021801 - INFO - 停止UC浏览器
2018-09-25 17:16:38,654 - VBJDU18422021801 - DEBUG - 返回主页面
2018-09-25 17:16:39,122 - VBJDU18422021801 - DEBUG - 打开UC浏览器
2018-09-25 17:16:41,950 - VBJDU18422021801 - DEBUG - 进入用户页面
2018-09-25 17:16:43,163 - VBJDU18422021801 - DEBUG - 进入游戏页面1
2018-09-25 17:16:45,671 - VBJDU18422021801 - DEBUG - 进入游戏页面2
2018-09-25 17:16:49,393 - VBJDU18422021801 - INFO - 选择游戏
2018-09-25 17:16:52,129 - VBJDU18422021801 - INFO - 进入排位赛
2018-09-25 17:16:52,129 - VBJDU18422021801 - INFO - 正在匹配中......
2018-09-25 17:17:55,592 - VBJDU18422021801 - INFO - 匹配成功
2018-09-25 17:17:55,592 - VBJDU18422021801 - DEBUG - 获取题目
2018-09-25 17:17:56,328 - VBJDU18422021801 - INFO - 第 1 题
2018-09-25 17:17:56,685 - VBJDU18422021801 - INFO - 北方人一般用什么包粽子？
2018-09-25 17:17:57,594 - VBJDU18422021801 - INFO - A.新鲜竹叶 B.苇叶 C.乾竹叶
2018-09-25 17:17:58,395 - VBJDU18422021801 - DEBUG - 在线检索答案
2018-09-25 17:17:58,395 - VBJDU18422021801 - INFO - 我的答案：苇叶
2018-09-25 17:17:59,074 - VBJDU18422021801 - DEBUG - 选择选项
2018-09-25 17:18:01,091 - VBJDU18422021801 - INFO - 答案正确
2018-09-25 17:18:01,091 - VBJDU18422021801 - DEBUG - 添加此题
2018-09-25 17:18:03,085 - VBJDU18422021801 - INFO - 本题结束
2018-09-25 17:18:03,085 - VBJDU18422021801 - DEBUG - 获取题目
2018-09-25 17:18:05,378 - VBJDU18422021801 - INFO - 第 2 题
2018-09-25 17:18:05,671 - VBJDU18422021801 - INFO - 哪位歌手有“行走的点唱机”之称？
2018-09-25 17:18:06,565 - VBJDU18422021801 - INFO - A.孙燕姿 B.杨宗纬 C.林俊杰
2018-09-25 17:18:07,533 - VBJDU18422021801 - DEBUG - 在线检索答案
2018-09-25 17:18:07,533 - VBJDU18422021801 - INFO - 我的答案：林俊杰
2018-09-25 17:18:08,224 - VBJDU18422021801 - DEBUG - 选择选项
2018-09-25 17:18:10,296 - VBJDU18422021801 - INFO - 答案正确
2018-09-25 17:18:10,296 - VBJDU18422021801 - DEBUG - 添加此题
2018-09-25 17:18:11,964 - VBJDU18422021801 - INFO - 本题结束
2018-09-25 17:18:11,964 - VBJDU18422021801 - DEBUG - 获取题目
2018-09-25 17:18:14,191 - VBJDU18422021801 - INFO - 第 3 题
2018-09-25 17:18:14,488 - VBJDU18422021801 - INFO - 以下哪个洋流不属于风海流？
2018-09-25 17:18:15,639 - VBJDU18422021801 - INFO - A.直布罗陀海峡洋流 B.西风漂流 C.北太平洋暖流
2018-09-25 17:18:16,456 - VBJDU18422021801 - DEBUG - 在线检索答案
2018-09-25 17:18:16,456 - VBJDU18422021801 - INFO - 我的答案：直布罗陀海峡洋流
2018-09-25 17:18:17,146 - VBJDU18422021801 - DEBUG - 选择选项
2018-09-25 17:18:19,296 - VBJDU18422021801 - INFO - 答案正确
2018-09-25 17:18:19,297 - VBJDU18422021801 - DEBUG - 添加此题
2018-09-25 17:18:21,347 - VBJDU18422021801 - INFO - 本题结束
2018-09-25 17:18:21,347 - VBJDU18422021801 - DEBUG - 获取题目
2018-09-25 17:18:23,472 - VBJDU18422021801 - INFO - 第 4 题
2018-09-25 17:18:23,821 - VBJDU18422021801 - INFO - 在电影《龙门飞甲》中“赵怀安”的扮演者是我国哪位功夫巨星？
2018-09-25 17:18:24,734 - VBJDU18422021801 - INFO - A.成龙 B.甄子丹 C.李连杰
2018-09-25 17:18:25,472 - VBJDU18422021801 - DEBUG - 在线检索答案
2018-09-25 17:18:25,472 - VBJDU18422021801 - INFO - 我的答案：李连杰
2018-09-25 17:18:26,208 - VBJDU18422021801 - DEBUG - 选择选项
2018-09-25 17:18:28,224 - VBJDU18422021801 - INFO - 答案正确
2018-09-25 17:18:28,224 - VBJDU18422021801 - DEBUG - 添加此题
2018-09-25 17:18:31,441 - VBJDU18422021801 - INFO - 本题结束
2018-09-25 17:18:31,441 - VBJDU18422021801 - DEBUG - 获取题目
2018-09-25 17:18:33,672 - VBJDU18422021801 - INFO - 第 5 题
2018-09-25 17:18:33,969 - VBJDU18422021801 - INFO - 银柴胡的功效，有以下哪个？
2018-09-25 17:18:35,012 - VBJDU18422021801 - INFO - A.除湿热，清疳热 B.退虚热，清疳热 C.退虚热，清肝热
2018-09-25 17:18:36,043 - VBJDU18422021801 - DEBUG - 未检索到答案
2018-09-25 17:18:36,043 - VBJDU18422021801 - INFO - 我的答案：除湿热，清疳热
2018-09-25 17:18:36,702 - VBJDU18422021801 - DEBUG - 选择选项
2018-09-25 17:18:38,765 - VBJDU18422021801 - INFO - 答案错误
2018-09-25 17:18:38,896 - VBJDU18422021801 - INFO - 正确答案；退虚热，清疳热
2018-09-25 17:18:38,897 - VBJDU18422021801 - DEBUG - 添加此题
2018-09-25 17:18:41,784 - VBJDU18422021801 - INFO - 本题结束
2018-09-25 17:18:43,286 - VBJDU18422021801 - INFO - 比赛结果：第2名：780分
2018-09-25 17:18:43,286 - VBJDU18422021801 - INFO - 本场比赛结束
2018-09-25 17:18:43,378 - VBJDU18422021801 - INFO - 返回游戏页面
2018-09-25 17:18:45,012 - VBJDU18422021801 - INFO - 进入排位赛
2018-09-25 17:18:45,012 - VBJDU18422021801 - INFO - 正在匹配中......
2018-09-25 17:18:50,591 - VBJDU18422021801 - INFO - 匹配成功
2018-09-25 17:18:50,591 - VBJDU18422021801 - DEBUG - 获取题目
2018-09-25 17:18:51,240 - VBJDU18422021801 - INFO - 第 1 题
2018-09-25 17:18:51,592 - VBJDU18422021801 - INFO - 古代著名的水利工程都江堰是谁设计的？
2018-09-25 17:18:52,471 - VBJDU18422021801 - INFO - A. 李冰 B.李德 C.李安
2018-09-25 17:18:53,029 - VBJDU18422021801 - DEBUG - 在线检索答案
2018-09-25 17:18:53,029 - VBJDU18422021801 - INFO - 我的答案： 李冰
2018-09-25 17:18:53,685 - VBJDU18422021801 - DEBUG - 选择选项
2018-09-25 17:18:55,794 - VBJDU18422021801 - INFO - 答案正确
2018-09-25 17:18:55,795 - VBJDU18422021801 - DEBUG - 添加此题
2018-09-25 17:18:56,687 - VBJDU18422021801 - INFO - 本题结束
2018-09-25 17:18:56,687 - VBJDU18422021801 - DEBUG - 获取题目
2018-09-25 17:18:58,853 - VBJDU18422021801 - INFO - 第 2 题
2018-09-25 17:18:59,176 - VBJDU18422021801 - INFO - 旗袍是根据哪个民族的服装发展而来的？
2018-09-25 17:19:00,074 - VBJDU18422021801 - INFO - A.蒙古族 B.藏族 C.满族
2018-09-25 17:19:00,836 - VBJDU18422021801 - DEBUG - 在线检索答案
2018-09-25 17:19:00,852 - VBJDU18422021801 - INFO - 我的答案：满族
2018-09-25 17:19:01,518 - VBJDU18422021801 - DEBUG - 选择选项
2018-09-25 17:19:03,738 - VBJDU18422021801 - INFO - 答案正确
2018-09-25 17:19:03,738 - VBJDU18422021801 - DEBUG - 添加此题
2018-09-25 17:19:04,473 - VBJDU18422021801 - INFO - 本题结束
2018-09-25 17:19:04,473 - VBJDU18422021801 - DEBUG - 获取题目
2018-09-25 17:19:06,822 - VBJDU18422021801 - INFO - 第 3 题
2018-09-25 17:19:07,114 - VBJDU18422021801 - INFO - 下列哪位明星担任过电视节目《演员的诞生》的嘉宾？
2018-09-25 17:19:08,027 - VBJDU18422021801 - INFO - A.章子怡 B.宋民国 C.陈奕迅
2018-09-25 17:19:08,027 - VBJDU18422021801 - DEBUG - 数据库中检索答案
2018-09-25 17:19:08,027 - VBJDU18422021801 - INFO - 我的答案：章子怡
2018-09-25 17:19:08,749 - VBJDU18422021801 - DEBUG - 选择选项
2018-09-25 17:19:10,854 - VBJDU18422021801 - INFO - 答案正确
2018-09-25 17:19:11,771 - VBJDU18422021801 - INFO - 本题结束
2018-09-25 17:19:11,771 - VBJDU18422021801 - DEBUG - 获取题目
2018-09-25 17:19:14,043 - VBJDU18422021801 - INFO - 第 4 题
2018-09-25 17:19:14,346 - VBJDU18422021801 - INFO - 我国发行的第一枚生肖邮票是下面哪种动物？
2018-09-25 17:19:15,255 - VBJDU18422021801 - INFO - A.鸡 B.狗 C.猴
2018-09-25 17:19:16,085 - VBJDU18422021801 - DEBUG - 在线检索答案
2018-09-25 17:19:16,085 - VBJDU18422021801 - INFO - 我的答案：猴
2018-09-25 17:19:16,803 - VBJDU18422021801 - DEBUG - 选择选项
2018-09-25 17:19:18,891 - VBJDU18422021801 - INFO - 答案正确
2018-09-25 17:19:18,892 - VBJDU18422021801 - DEBUG - 添加此题
2018-09-25 17:19:19,805 - VBJDU18422021801 - INFO - 本题结束
2018-09-25 17:19:19,805 - VBJDU18422021801 - DEBUG - 获取题目
2018-09-25 17:19:21,965 - VBJDU18422021801 - INFO - 第 5 题
2018-09-25 17:19:22,267 - VBJDU18422021801 - INFO - 《富兰克林自传》是一部影响几代美国人的____作品。
2018-09-25 17:19:23,222 - VBJDU18422021801 - INFO - A.喜剧 B.励志 C.丧
2018-09-25 17:19:25,359 - VBJDU18422021801 - DEBUG - 在线检索答案
2018-09-25 17:19:25,359 - VBJDU18422021801 - INFO - 我的答案：励志
2018-09-25 17:19:25,994 - VBJDU18422021801 - DEBUG - 选择选项
2018-09-25 17:19:28,073 - VBJDU18422021801 - INFO - 答案正确
2018-09-25 17:19:28,073 - VBJDU18422021801 - DEBUG - 添加此题
2018-09-25 17:19:28,838 - VBJDU18422021801 - INFO - 本题结束
2018-09-25 17:19:30,347 - VBJDU18422021801 - INFO - 比赛结果：第3名：1120分
2018-09-25 17:19:30,347 - VBJDU18422021801 - INFO - 本场比赛结束
2018-09-25 17:19:30,426 - VBJDU18422021801 - INFO - 返回游戏页面
2018-09-25 17:19:32,145 - VBJDU18422021801 - INFO - 进入排位赛
2018-09-25 17:19:32,145 - VBJDU18422021801 - INFO - 正在匹配中......
2018-09-25 17:20:43,486 - VBJDU18422021801 - INFO - 匹配成功
2018-09-25 17:20:43,486 - VBJDU18422021801 - DEBUG - 获取题目
2018-09-25 17:20:44,223 - VBJDU18422021801 - INFO - 第 1 题
2018-09-25 17:20:44,550 - VBJDU18422021801 - INFO - 典故"负荆请罪"中的"负荆"者是向谁请罪的? 
2018-09-25 17:20:46,346 - VBJDU18422021801 - INFO - A.荆轲 B.蔺相如 C.项羽
2018-09-25 17:20:47,640 - VBJDU18422021801 - DEBUG - 在线检索答案
2018-09-25 17:20:47,640 - VBJDU18422021801 - INFO - 我的答案：蔺相如
2018-09-25 17:20:48,390 - VBJDU18422021801 - DEBUG - 选择选项
2018-09-25 17:20:50,487 - VBJDU18422021801 - INFO - 答案正确
2018-09-25 17:20:50,487 - VBJDU18422021801 - DEBUG - 添加此题
2018-09-25 17:20:53,933 - VBJDU18422021801 - INFO - 本题结束
2018-09-25 17:20:53,933 - VBJDU18422021801 - DEBUG - 获取题目
2018-09-25 17:20:56,197 - VBJDU18422021801 - INFO - 第 2 题
2018-09-25 17:20:56,547 - VBJDU18422021801 - INFO - 以下哪句中国古语描述“布鲁诺宁死也不放弃自己的学说和信念”比较合适？
2018-09-25 17:20:57,501 - VBJDU18422021801 - INFO - A.温故而知新 B.欲速则不达 C.匹夫不可夺志也
2018-09-25 17:20:58,075 - VBJDU18422021801 - DEBUG - 在线检索答案
2018-09-25 17:20:58,075 - VBJDU18422021801 - INFO - 我的答案：温故而知新
2018-09-25 17:20:58,719 - VBJDU18422021801 - DEBUG - 选择选项
2018-09-25 17:21:00,853 - VBJDU18422021801 - INFO - 答案错误
2018-09-25 17:21:01,062 - VBJDU18422021801 - INFO - 正确答案；匹夫不可夺志也
2018-09-25 17:21:01,062 - VBJDU18422021801 - DEBUG - 添加此题
2018-09-25 17:21:06,362 - VBJDU18422021801 - INFO - 本题结束
2018-09-25 17:21:06,362 - VBJDU18422021801 - DEBUG - 获取题目
2018-09-25 17:21:08,534 - VBJDU18422021801 - INFO - 第 3 题
2018-09-25 17:21:08,888 - VBJDU18422021801 - INFO - 患脚气病的成年人是因为缺乏什么？
2018-09-25 17:21:09,894 - VBJDU18422021801 - INFO - A.维生素A B.维生素B1 C.铁
2018-09-25 17:21:10,639 - VBJDU18422021801 - DEBUG - 在线检索答案
2018-09-25 17:21:10,639 - VBJDU18422021801 - INFO - 我的答案：维生素B1
2018-09-25 17:21:11,312 - VBJDU18422021801 - DEBUG - 选择选项
2018-09-25 17:21:13,424 - VBJDU18422021801 - INFO - 答案正确
2018-09-25 17:21:13,424 - VBJDU18422021801 - DEBUG - 添加此题
2018-09-25 17:21:16,609 - VBJDU18422021801 - INFO - 本题结束
2018-09-25 17:21:16,609 - VBJDU18422021801 - DEBUG - 获取题目
2018-09-25 17:21:18,656 - VBJDU18422021801 - INFO - 第 4 题
2018-09-25 17:21:18,980 - VBJDU18422021801 - INFO - 在二战末期，哪一个国家实施了疯狂的“神风”自杀攻击？
2018-09-25 17:21:19,919 - VBJDU18422021801 - INFO - A.日本 B.德国 C.美国
2018-09-25 17:21:20,640 - VBJDU18422021801 - DEBUG - 在线检索答案
2018-09-25 17:21:20,640 - VBJDU18422021801 - INFO - 我的答案：日本
2018-09-25 17:21:21,313 - VBJDU18422021801 - DEBUG - 选择选项
2018-09-25 17:21:23,549 - VBJDU18422021801 - INFO - 答案正确
2018-09-25 17:21:23,549 - VBJDU18422021801 - DEBUG - 添加此题
2018-09-25 17:21:24,531 - VBJDU18422021801 - INFO - 本题结束
2018-09-25 17:21:24,531 - VBJDU18422021801 - DEBUG - 获取题目
2018-09-25 17:21:26,783 - VBJDU18422021801 - INFO - 第 5 题
2018-09-25 17:21:27,113 - VBJDU18422021801 - INFO - 哪一个海是中国最大的外海？
2018-09-25 17:21:28,007 - VBJDU18422021801 - INFO - A.南海 B.东海 C.黄海
2018-09-25 17:21:28,639 - VBJDU18422021801 - DEBUG - 在线检索答案
2018-09-25 17:21:28,639 - VBJDU18422021801 - INFO - 我的答案：南海
2018-09-25 17:21:29,312 - VBJDU18422021801 - DEBUG - 选择选项
2018-09-25 17:21:31,551 - VBJDU18422021801 - INFO - 答案正确
2018-09-25 17:21:31,551 - VBJDU18422021801 - DEBUG - 添加此题
2018-09-25 17:21:36,044 - VBJDU18422021801 - INFO - 本题结束
2018-09-25 17:21:37,608 - VBJDU18422021801 - INFO - 比赛结果：第3名：870分
2018-09-25 17:21:37,608 - VBJDU18422021801 - INFO - 本场比赛结束
2018-09-25 17:21:37,687 - VBJDU18422021801 - INFO - 返回游戏页面
2018-09-25 17:21:39,239 - VBJDU18422021801 - INFO - 进入排位赛
2018-09-25 17:21:39,239 - VBJDU18422021801 - INFO - 正在匹配中......
2018-09-25 17:23:43,764 - VBJDU18422021801 - INFO - 匹配成功
2018-09-25 17:23:43,764 - VBJDU18422021801 - DEBUG - 获取题目
2018-09-25 17:23:44,488 - VBJDU18422021801 - INFO - 第 1 题
2018-09-25 17:23:45,765 - VBJDU18422021801 - INFO - 赵本山的作品《卖拐》，使以下哪个词成为“骗子”的流行语？
2018-09-25 17:23:46,672 - VBJDU18422021801 - INFO - A.扯淡 B.忽悠 C.糊弄
2018-09-25 17:23:47,424 - VBJDU18422021801 - DEBUG - 在线检索答案
2018-09-25 17:23:47,424 - VBJDU18422021801 - INFO - 我的答案：忽悠
2018-09-25 17:23:48,061 - VBJDU18422021801 - DEBUG - 选择选项
2018-09-25 17:23:50,114 - VBJDU18422021801 - INFO - 答案正确
2018-09-25 17:23:50,114 - VBJDU18422021801 - DEBUG - 添加此题
2018-09-25 17:23:53,090 - VBJDU18422021801 - INFO - 本题结束
2018-09-25 17:23:53,090 - VBJDU18422021801 - DEBUG - 获取题目
2018-09-25 17:23:55,313 - VBJDU18422021801 - INFO - 第 2 题
2018-09-25 17:23:55,592 - VBJDU18422021801 - INFO - 斯柯达旗下包括以下哪款车型？
2018-09-25 17:23:56,487 - VBJDU18422021801 - INFO - A.威驰 B.名图 C.明锐
2018-09-25 17:23:57,312 - VBJDU18422021801 - DEBUG - 在线检索答案
2018-09-25 17:23:57,312 - VBJDU18422021801 - INFO - 我的答案：明锐
2018-09-25 17:23:57,965 - VBJDU18422021801 - DEBUG - 选择选项
2018-09-25 17:24:00,208 - VBJDU18422021801 - INFO - 答案正确
2018-09-25 17:24:00,208 - VBJDU18422021801 - DEBUG - 添加此题
2018-09-25 17:24:00,949 - VBJDU18422021801 - INFO - 本题结束
2018-09-25 17:24:00,949 - VBJDU18422021801 - DEBUG - 获取题目
2018-09-25 17:24:03,280 - VBJDU18422021801 - INFO - 第 3 题
2018-09-25 17:24:03,591 - VBJDU18422021801 - INFO - 下列原始文化遗址，位于长江流域的是什么人？
2018-09-25 17:24:04,549 - VBJDU18422021801 - INFO - A.半坡氏族 B.河姆渡居民 C.北京人
2018-09-25 17:24:04,549 - VBJDU18422021801 - DEBUG - 数据库中检索答案
2018-09-25 17:24:04,549 - VBJDU18422021801 - INFO - 我的答案：河姆渡居民
2018-09-25 17:24:05,239 - VBJDU18422021801 - DEBUG - 选择选项
2018-09-25 17:24:07,425 - VBJDU18422021801 - INFO - 答案正确
2018-09-25 17:24:11,328 - VBJDU18422021801 - INFO - 本题结束
2018-09-25 17:24:11,328 - VBJDU18422021801 - DEBUG - 获取题目
2018-09-25 17:24:13,639 - VBJDU18422021801 - INFO - 第 4 题
2018-09-25 17:24:13,933 - VBJDU18422021801 - INFO - 被调侃为“猪场”的是哪个企业？
2018-09-25 17:24:14,883 - VBJDU18422021801 - INFO - A.腾讯 B.网易 C.搜狗
2018-09-25 17:24:15,518 - VBJDU18422021801 - DEBUG - 在线检索答案
2018-09-25 17:24:15,518 - VBJDU18422021801 - INFO - 我的答案：网易
2018-09-25 17:24:16,160 - VBJDU18422021801 - DEBUG - 选择选项
2018-09-25 17:24:18,284 - VBJDU18422021801 - INFO - 答案正确
2018-09-25 17:24:18,284 - VBJDU18422021801 - DEBUG - 添加此题
2018-09-25 17:24:20,130 - VBJDU18422021801 - INFO - 本题结束
2018-09-25 17:24:20,130 - VBJDU18422021801 - DEBUG - 获取题目
2018-09-25 17:24:22,161 - VBJDU18422021801 - INFO - 第 5 题
2018-09-25 17:24:22,455 - VBJDU18422021801 - INFO - 电影《西游降魔篇》中的唐僧是由哪位男星饰演的？
2018-09-25 17:24:23,327 - VBJDU18422021801 - INFO - A.文章 B.罗志祥 C.吴亦凡
2018-09-25 17:24:24,053 - VBJDU18422021801 - DEBUG - 在线检索答案
2018-09-25 17:24:24,069 - VBJDU18422021801 - INFO - 我的答案：文章
2018-09-25 17:24:24,805 - VBJDU18422021801 - DEBUG - 选择选项
2018-09-25 17:24:26,949 - VBJDU18422021801 - INFO - 答案正确
2018-09-25 17:24:26,949 - VBJDU18422021801 - DEBUG - 添加此题
2018-09-25 17:24:28,853 - VBJDU18422021801 - INFO - 本题结束
2018-09-25 17:24:30,392 - VBJDU18422021801 - INFO - 比赛结果：第2名：1130分
2018-09-25 17:24:30,392 - VBJDU18422021801 - INFO - 本场比赛结束
2018-09-25 17:24:30,516 - VBJDU18422021801 - INFO - 返回游戏页面
2018-09-25 17:24:32,192 - VBJDU18422021801 - INFO - 进入排位赛
2018-09-25 17:24:32,192 - VBJDU18422021801 - INFO - 正在匹配中......
2018-09-25 17:25:20,262 - VBJDU18422021801 - INFO - 匹配成功
2018-09-25 17:25:20,262 - VBJDU18422021801 - DEBUG - 获取题目
2018-09-25 17:25:21,583 - VBJDU18422021801 - INFO - 第 1 题
2018-09-25 17:25:21,873 - VBJDU18422021801 - INFO - 以下哪个节气在芒种之前？
2018-09-25 17:25:23,045 - VBJDU18422021801 - INFO - A.立夏 B.小雪 C.小满
2018-09-25 17:25:24,486 - VBJDU18422021801 - DEBUG - 在线检索答案
2018-09-25 17:25:24,486 - VBJDU18422021801 - INFO - 我的答案：小满
2018-09-25 17:25:25,176 - VBJDU18422021801 - DEBUG - 选择选项
2018-09-25 17:25:27,224 - VBJDU18422021801 - INFO - 答案正确
2018-09-25 17:25:27,224 - VBJDU18422021801 - DEBUG - 添加此题
2018-09-25 17:25:28,090 - VBJDU18422021801 - INFO - 本题结束
2018-09-25 17:25:28,090 - VBJDU18422021801 - DEBUG - 获取题目
2018-09-25 17:25:30,346 - VBJDU18422021801 - INFO - 第 2 题
2018-09-25 17:25:30,639 - VBJDU18422021801 - INFO - 春晚小品《说事儿》中，黑土大叔送给小崔的礼物是？
2018-09-25 17:25:31,530 - VBJDU18422021801 - INFO - A.耳机 B.二人转手绢 C.书
2018-09-25 17:25:32,238 - VBJDU18422021801 - DEBUG - 在线检索答案
2018-09-25 17:25:32,238 - VBJDU18422021801 - INFO - 我的答案：书
2018-09-25 17:25:32,926 - VBJDU18422021801 - DEBUG - 选择选项
2018-09-25 17:25:34,949 - VBJDU18422021801 - INFO - 答案错误
2018-09-25 17:25:35,192 - VBJDU18422021801 - INFO - 正确答案；二人转手绢
2018-09-25 17:25:35,192 - VBJDU18422021801 - DEBUG - 添加此题
2018-09-25 17:25:38,821 - VBJDU18422021801 - INFO - 本题结束
2018-09-25 17:25:38,821 - VBJDU18422021801 - DEBUG - 获取题目
2018-09-25 17:25:40,837 - VBJDU18422021801 - INFO - 第 3 题
2018-09-25 17:25:41,129 - VBJDU18422021801 - INFO - 鸡属于什么生的动物？
2018-09-25 17:25:42,038 - VBJDU18422021801 - INFO - A.卵生 B.蛋生 C.壳生
2018-09-25 17:25:42,858 - VBJDU18422021801 - DEBUG - 在线检索答案
2018-09-25 17:25:42,858 - VBJDU18422021801 - INFO - 我的答案：卵生
2018-09-25 17:25:43,534 - VBJDU18422021801 - DEBUG - 选择选项
2018-09-25 17:25:45,624 - VBJDU18422021801 - INFO - 答案正确
2018-09-25 17:25:45,624 - VBJDU18422021801 - DEBUG - 添加此题
2018-09-25 17:25:47,565 - VBJDU18422021801 - INFO - 本题结束
2018-09-25 17:25:47,565 - VBJDU18422021801 - DEBUG - 获取题目
2018-09-25 17:25:49,837 - VBJDU18422021801 - INFO - 第 4 题
2018-09-25 17:25:50,144 - VBJDU18422021801 - INFO - 李彦宏在北大所读的专业是？
2018-09-25 17:25:51,042 - VBJDU18422021801 - INFO - A.物联网 B.经济学 C.图书情报学
2018-09-25 17:25:51,805 - VBJDU18422021801 - DEBUG - 在线检索答案
2018-09-25 17:25:51,805 - VBJDU18422021801 - INFO - 我的答案：经济学
2018-09-25 17:25:52,519 - VBJDU18422021801 - DEBUG - 选择选项
2018-09-25 17:25:54,639 - VBJDU18422021801 - INFO - 答案错误
2018-09-25 17:25:54,884 - VBJDU18422021801 - INFO - 正确答案；图书情报学
2018-09-25 17:25:54,885 - VBJDU18422021801 - DEBUG - 添加此题
2018-09-25 17:25:55,472 - VBJDU18422021801 - INFO - 本题结束
2018-09-25 17:25:55,472 - VBJDU18422021801 - DEBUG - 获取题目
2018-09-25 17:25:57,668 - VBJDU18422021801 - INFO - 第 5 题
2018-09-25 17:25:57,946 - VBJDU18422021801 - INFO - 古代十大名厨不包括？
2018-09-25 17:25:59,076 - VBJDU18422021801 - INFO - A.膳祖 B.刘昂星 C.宋五嫂
2018-09-25 17:25:59,749 - VBJDU18422021801 - DEBUG - 在线检索答案
2018-09-25 17:25:59,749 - VBJDU18422021801 - INFO - 我的答案：刘昂星
2018-09-25 17:26:00,379 - VBJDU18422021801 - DEBUG - 选择选项
2018-09-25 17:26:02,493 - VBJDU18422021801 - INFO - 答案正确
2018-09-25 17:26:02,493 - VBJDU18422021801 - DEBUG - 添加此题
2018-09-25 17:26:05,313 - VBJDU18422021801 - INFO - 本题结束
2018-09-25 17:26:06,794 - VBJDU18422021801 - INFO - 比赛结果：第1名：650分
2018-09-25 17:26:06,794 - VBJDU18422021801 - INFO - 本场比赛结束
2018-09-25 17:26:06,877 - VBJDU18422021801 - INFO - 返回游戏页面
2018-09-25 17:26:08,534 - VBJDU18422021801 - INFO - 进入排位赛
2018-09-25 17:26:08,534 - VBJDU18422021801 - INFO - 正在匹配中......
2018-09-25 17:26:28,037 - VBJDU18422021801 - INFO - 匹配成功
2018-09-25 17:26:28,037 - VBJDU18422021801 - DEBUG - 获取题目
2018-09-25 17:26:29,232 - VBJDU18422021801 - INFO - 第 1 题
2018-09-25 17:26:29,571 - VBJDU18422021801 - INFO - 周星驰和刘德华一起出演过以下哪部电影？
2018-09-25 17:26:30,409 - VBJDU18422021801 - INFO - A.《整蛊专家》 B.《逃学威龙》 C.《家有喜事》
2018-09-25 17:26:31,071 - VBJDU18422021801 - DEBUG - 在线检索答案
2018-09-25 17:26:31,072 - VBJDU18422021801 - INFO - 我的答案：《整蛊专家》
2018-09-25 17:26:31,709 - VBJDU18422021801 - DEBUG - 选择选项
2018-09-25 17:26:33,758 - VBJDU18422021801 - INFO - 答案正确
2018-09-25 17:26:33,758 - VBJDU18422021801 - DEBUG - 添加此题
2018-09-25 17:26:40,869 - VBJDU18422021801 - INFO - 本题结束
2018-09-25 17:26:40,870 - VBJDU18422021801 - DEBUG - 获取题目
2018-09-25 17:26:43,193 - VBJDU18422021801 - INFO - 第 2 题
2018-09-25 17:26:43,550 - VBJDU18422021801 - INFO - 歌曲《Baby One More Time》的原唱是哪位美国流行天后？
2018-09-25 17:26:44,502 - VBJDU18422021801 - INFO - A.蕾哈娜 B.Ladygaga C.布兰妮
2018-09-25 17:26:45,253 - VBJDU18422021801 - DEBUG - 在线检索答案
2018-09-25 17:26:45,253 - VBJDU18422021801 - INFO - 我的答案：布兰妮
2018-09-25 17:26:45,987 - VBJDU18422021801 - DEBUG - 选择选项
2018-09-25 17:26:48,034 - VBJDU18422021801 - INFO - 答案正确
2018-09-25 17:26:48,034 - VBJDU18422021801 - DEBUG - 添加此题
2018-09-25 17:26:51,624 - VBJDU18422021801 - INFO - 本题结束
2018-09-25 17:26:51,624 - VBJDU18422021801 - DEBUG - 获取题目
2018-09-25 17:26:53,806 - VBJDU18422021801 - INFO - 第 3 题
2018-09-25 17:26:54,107 - VBJDU18422021801 - INFO - 秋天枫叶变红的原因是（ ）增多
2018-09-25 17:26:54,966 - VBJDU18422021801 - INFO - A.叶红素 B.花青素 C.叶黄素
2018-09-25 17:26:55,902 - VBJDU18422021801 - DEBUG - 在线检索答案
2018-09-25 17:26:55,902 - VBJDU18422021801 - INFO - 我的答案：花青素
2018-09-25 17:26:56,518 - VBJDU18422021801 - DEBUG - 选择选项
2018-09-25 17:26:58,686 - VBJDU18422021801 - INFO - 答案正确
2018-09-25 17:26:58,686 - VBJDU18422021801 - DEBUG - 添加此题
2018-09-25 17:27:00,946 - VBJDU18422021801 - INFO - 本题结束
2018-09-25 17:27:00,946 - VBJDU18422021801 - DEBUG - 获取题目
2018-09-25 17:27:03,346 - VBJDU18422021801 - INFO - 第 4 题
2018-09-25 17:27:03,639 - VBJDU18422021801 - INFO - 2018年1月的最后一天是星期三，2018年的2月最后一天是星期几？
2018-09-25 17:27:04,502 - VBJDU18422021801 - INFO - A.五 B.四 C.三
2018-09-25 17:27:05,293 - VBJDU18422021801 - DEBUG - 在线检索答案
2018-09-25 17:27:05,293 - VBJDU18422021801 - INFO - 我的答案：三
2018-09-25 17:27:05,965 - VBJDU18422021801 - DEBUG - 选择选项
2018-09-25 17:27:08,038 - VBJDU18422021801 - INFO - 答案正确
2018-09-25 17:27:08,038 - VBJDU18422021801 - DEBUG - 添加此题
2018-09-25 17:27:15,686 - VBJDU18422021801 - INFO - 本题结束
2018-09-25 17:27:15,686 - VBJDU18422021801 - DEBUG - 获取题目
2018-09-25 17:27:17,988 - VBJDU18422021801 - INFO - 第 5 题
2018-09-25 17:27:18,270 - VBJDU18422021801 - INFO - 通常高级龙井茶的采制时间多在何时之前？
2018-09-25 17:27:19,130 - VBJDU18422021801 - INFO - A.清明节 B.重阳节 C.谷雨
2018-09-25 17:27:19,868 - VBJDU18422021801 - DEBUG - 在线检索答案
2018-09-25 17:27:19,868 - VBJDU18422021801 - INFO - 我的答案：谷雨
2018-09-25 17:27:20,609 - VBJDU18422021801 - DEBUG - 选择选项
2018-09-25 17:27:22,703 - VBJDU18422021801 - INFO - 答案正确
2018-09-25 17:27:22,703 - VBJDU18422021801 - DEBUG - 添加此题
2018-09-25 17:27:25,392 - VBJDU18422021801 - INFO - 本题结束
2018-09-25 17:27:26,931 - VBJDU18422021801 - INFO - 比赛结果：第1名：1150分
2018-09-25 17:27:26,931 - VBJDU18422021801 - INFO - 本场比赛结束
2018-09-25 17:27:27,012 - VBJDU18422021801 - INFO - 返回游戏页面
2018-09-25 17:27:28,608 - VBJDU18422021801 - INFO - 进入排位赛
2018-09-25 17:27:28,608 - VBJDU18422021801 - INFO - 正在匹配中......
2018-09-25 17:28:02,288 - VBJDU18422021801 - INFO - 匹配成功
2018-09-25 17:28:02,289 - VBJDU18422021801 - DEBUG - 获取题目
2018-09-25 17:28:02,963 - VBJDU18422021801 - INFO - 第 1 题
2018-09-25 17:28:03,269 - VBJDU18422021801 - INFO - 在古装片《倚天屠龙记之魔教教主》中，小昭的衣服是什么颜色的？
2018-09-25 17:28:04,113 - VBJDU18422021801 - INFO - A.黑色 B.红色 C.黄色
2018-09-25 17:28:05,207 - VBJDU18422021801 - DEBUG - 未检索到答案
2018-09-25 17:28:05,207 - VBJDU18422021801 - INFO - 我的答案：黑色
2018-09-25 17:28:05,950 - VBJDU18422021801 - DEBUG - 选择选项
2018-09-25 17:28:08,045 - VBJDU18422021801 - INFO - 答案错误
2018-09-25 17:28:08,162 - VBJDU18422021801 - INFO - 正确答案；红色
2018-09-25 17:28:08,162 - VBJDU18422021801 - DEBUG - 添加此题
2018-09-25 17:28:08,962 - VBJDU18422021801 - INFO - 本题结束
2018-09-25 17:28:08,962 - VBJDU18422021801 - DEBUG - 获取题目
2018-09-25 17:28:11,192 - VBJDU18422021801 - INFO - 第 2 题
2018-09-25 17:28:11,487 - VBJDU18422021801 - INFO - 旧上海的霞飞路是指现在的哪条路？
2018-09-25 17:28:12,377 - VBJDU18422021801 - INFO - A.淮海路 B.北京路 C.中山路
2018-09-25 17:28:13,224 - VBJDU18422021801 - DEBUG - 在线检索答案
2018-09-25 17:28:13,224 - VBJDU18422021801 - INFO - 我的答案：淮海路
2018-09-25 17:28:13,902 - VBJDU18422021801 - DEBUG - 选择选项
2018-09-25 17:28:15,928 - VBJDU18422021801 - INFO - 答案正确
2018-09-25 17:28:15,943 - VBJDU18422021801 - DEBUG - 添加此题
2018-09-25 17:28:18,472 - VBJDU18422021801 - INFO - 本题结束
2018-09-25 17:28:18,472 - VBJDU18422021801 - DEBUG - 获取题目
2018-09-25 17:28:20,805 - VBJDU18422021801 - INFO - 第 3 题
2018-09-25 17:28:21,084 - VBJDU18422021801 - INFO - 中国现代女作家丁玲的原名叫什么？
2018-09-25 17:28:21,980 - VBJDU18422021801 - INFO - A.谢婉莹 B.张煐 C.蒋伟
2018-09-25 17:28:23,343 - VBJDU18422021801 - DEBUG - 在线检索答案
2018-09-25 17:28:23,343 - VBJDU18422021801 - INFO - 我的答案：蒋伟
2018-09-25 17:28:24,074 - VBJDU18422021801 - DEBUG - 选择选项
2018-09-25 17:28:26,177 - VBJDU18422021801 - INFO - 答案正确
2018-09-25 17:28:26,177 - VBJDU18422021801 - DEBUG - 添加此题
2018-09-25 17:28:27,145 - VBJDU18422021801 - INFO - 本题结束
2018-09-25 17:28:27,145 - VBJDU18422021801 - DEBUG - 获取题目
2018-09-25 17:28:29,314 - VBJDU18422021801 - INFO - 第 4 题
2018-09-25 17:28:29,624 - VBJDU18422021801 - INFO - 舒伯特一生作品甚丰，是浪漫东派的代表人物，有什么样的美称？
2018-09-25 17:28:30,585 - VBJDU18422021801 - INFO - A.音乐神童 B.圆舞曲之王 C.歌曲之王
2018-09-25 17:28:31,208 - VBJDU18422021801 - DEBUG - 未检索到答案
2018-09-25 17:28:31,208 - VBJDU18422021801 - INFO - 我的答案：音乐神童
2018-09-25 17:28:31,878 - VBJDU18422021801 - DEBUG - 选择选项
2018-09-25 17:28:33,918 - VBJDU18422021801 - INFO - 答案错误
2018-09-25 17:28:34,130 - VBJDU18422021801 - INFO - 正确答案；歌曲之王
2018-09-25 17:28:34,130 - VBJDU18422021801 - DEBUG - 添加此题
2018-09-25 17:28:37,314 - VBJDU18422021801 - INFO - 本题结束
2018-09-25 17:28:37,314 - VBJDU18422021801 - DEBUG - 获取题目
2018-09-25 17:28:39,328 - VBJDU18422021801 - INFO - 第 5 题
2018-09-25 17:28:39,639 - VBJDU18422021801 - INFO - 《掷铁饼者》是什么时期的作品？
2018-09-25 17:28:40,593 - VBJDU18422021801 - INFO - A.文艺复兴时期 B.古希腊时期 C.古罗马时期
2018-09-25 17:28:41,328 - VBJDU18422021801 - DEBUG - 在线检索答案
2018-09-25 17:28:41,328 - VBJDU18422021801 - INFO - 我的答案：古希腊时期
2018-09-25 17:28:42,013 - VBJDU18422021801 - DEBUG - 选择选项
2018-09-25 17:28:44,012 - VBJDU18422021801 - INFO - 答案正确
2018-09-25 17:28:44,012 - VBJDU18422021801 - DEBUG - 添加此题
2018-09-25 17:28:44,922 - VBJDU18422021801 - INFO - 本题结束
2018-09-25 17:28:46,422 - VBJDU18422021801 - INFO - 比赛结果：第2名：670分
2018-09-25 17:28:46,422 - VBJDU18422021801 - INFO - 本场比赛结束
2018-09-25 17:28:46,501 - VBJDU18422021801 - INFO - 返回游戏页面
2018-09-25 17:28:48,100 - VBJDU18422021801 - INFO - 进入排位赛
2018-09-25 17:28:48,100 - VBJDU18422021801 - INFO - 正在匹配中......
2018-09-25 17:30:50,550 - VBJDU18422021801 - WARNING - 匹配失败
2018-09-25 17:30:50,655 - VBJDU18422021801 - INFO - 返回游戏页面
2018-09-25 17:30:52,328 - VBJDU18422021801 - INFO - 进入排位赛
2018-09-25 17:30:52,328 - VBJDU18422021801 - INFO - 正在匹配中......
2018-09-25 17:32:44,085 - VBJDU18422021801 - INFO - 匹配成功
2018-09-25 17:32:44,085 - VBJDU18422021801 - DEBUG - 获取题目
2018-09-25 17:32:45,445 - VBJDU18422021801 - INFO - 第 1 题
2018-09-25 17:32:45,738 - VBJDU18422021801 - INFO - 法国和俄罗斯关于“西北风级两栖攻击舰”交付出现问题的主要原因是什么？
2018-09-25 17:32:46,639 - VBJDU18422021801 - INFO - A.天燃气问题 B.乌克兰问题 C.波罗的海问题
2018-09-25 17:32:47,409 - VBJDU18422021801 - DEBUG - 未检索到答案
2018-09-25 17:32:47,409 - VBJDU18422021801 - INFO - 我的答案：天燃气问题
2018-09-25 17:32:48,092 - VBJDU18422021801 - DEBUG - 选择选项
2018-09-25 17:32:50,177 - VBJDU18422021801 - INFO - 答案错误
2018-09-25 17:32:50,296 - VBJDU18422021801 - INFO - 正确答案；乌克兰问题
2018-09-25 17:32:50,296 - VBJDU18422021801 - DEBUG - 添加此题
2018-09-25 17:32:54,549 - VBJDU18422021801 - INFO - 本题结束
2018-09-25 17:32:54,549 - VBJDU18422021801 - DEBUG - 获取题目
2018-09-25 17:32:56,717 - VBJDU18422021801 - INFO - 第 2 题
2018-09-25 17:32:57,503 - VBJDU18422021801 - INFO - 轻小说《魔法的禁书目录》的作者是谁？
2018-09-25 17:32:58,456 - VBJDU18422021801 - INFO - A.镰池和马 B.臼井仪人 C.逢空万太
2018-09-25 17:32:59,129 - VBJDU18422021801 - DEBUG - 在线检索答案
2018-09-25 17:32:59,129 - VBJDU18422021801 - INFO - 我的答案：镰池和马
2018-09-25 17:32:59,732 - VBJDU18422021801 - DEBUG - 选择选项
2018-09-25 17:33:01,809 - VBJDU18422021801 - INFO - 答案正确
2018-09-25 17:33:01,810 - VBJDU18422021801 - DEBUG - 添加此题
2018-09-25 17:33:04,029 - VBJDU18422021801 - INFO - 本题结束
2018-09-25 17:33:04,030 - VBJDU18422021801 - DEBUG - 获取题目
2018-09-25 17:33:06,091 - VBJDU18422021801 - INFO - 第 3 题
2018-09-25 17:33:06,410 - VBJDU18422021801 - INFO - 马努-吉诺比利当前效力的球队是以下哪个？
2018-09-25 17:33:07,297 - VBJDU18422021801 - INFO - A.芝加哥公牛队 B.印第安纳步行者队 C.圣安东尼奥马刺队
2018-09-25 17:33:08,043 - VBJDU18422021801 - DEBUG - 在线检索答案
2018-09-25 17:33:08,043 - VBJDU18422021801 - INFO - 我的答案：圣安东尼奥马刺队
2018-09-25 17:33:08,687 - VBJDU18422021801 - DEBUG - 选择选项
2018-09-25 17:33:10,806 - VBJDU18422021801 - INFO - 答案正确
2018-09-25 17:33:10,806 - VBJDU18422021801 - DEBUG - 添加此题
2018-09-25 17:33:13,429 - VBJDU18422021801 - INFO - 本题结束
2018-09-25 17:33:13,430 - VBJDU18422021801 - DEBUG - 获取题目
2018-09-25 17:33:15,650 - VBJDU18422021801 - INFO - 第 4 题
2018-09-25 17:33:15,982 - VBJDU18422021801 - INFO - 以下nba球队中，哪一支球队是埃里克-戈登未曾效力过的？
2018-09-25 17:33:16,893 - VBJDU18422021801 - INFO - A.新奥尔良鹈鹕队 B.俄克拉荷马雷霆队 C.休斯顿火箭队
2018-09-25 17:33:17,533 - VBJDU18422021801 - DEBUG - 未检索到答案
2018-09-25 17:33:17,533 - VBJDU18422021801 - INFO - 我的答案：新奥尔良鹈鹕队
2018-09-25 17:33:18,224 - VBJDU18422021801 - DEBUG - 选择选项
2018-09-25 17:33:20,369 - VBJDU18422021801 - INFO - 答案错误
2018-09-25 17:33:20,478 - VBJDU18422021801 - INFO - 正确答案；俄克拉荷马雷霆队
2018-09-25 17:33:20,493 - VBJDU18422021801 - DEBUG - 添加此题
2018-09-25 17:33:27,176 - VBJDU18422021801 - INFO - 本题结束
2018-09-25 17:33:27,176 - VBJDU18422021801 - DEBUG - 获取题目
2018-09-25 17:33:29,378 - VBJDU18422021801 - INFO - 第 5 题
2018-09-25 17:33:29,671 - VBJDU18422021801 - INFO - “铁骑无声望似水。想关河，雁门西，青海际”出自谁的作品？
2018-09-25 17:33:30,592 - VBJDU18422021801 - INFO - A.岳飞 B.陆游 C.王昌龄
2018-09-25 17:33:31,456 - VBJDU18422021801 - DEBUG - 在线检索答案
2018-09-25 17:33:31,456 - VBJDU18422021801 - INFO - 我的答案：陆游
2018-09-25 17:33:32,113 - VBJDU18422021801 - DEBUG - 选择选项
2018-09-25 17:33:34,279 - VBJDU18422021801 - INFO - 答案正确
2018-09-25 17:33:34,279 - VBJDU18422021801 - DEBUG - 添加此题
2018-09-25 17:33:38,178 - VBJDU18422021801 - INFO - 本题结束
2018-09-25 17:33:39,733 - VBJDU18422021801 - INFO - 比赛结果：第3名：670分
2018-09-25 17:33:39,733 - VBJDU18422021801 - INFO - 本场比赛结束
2018-09-25 17:33:39,822 - VBJDU18422021801 - INFO - 返回游戏页面
2018-09-25 17:33:41,534 - VBJDU18422021801 - INFO - 进入排位赛
2018-09-25 17:33:41,534 - VBJDU18422021801 - INFO - 正在匹配中......
2018-09-25 17:34:32,472 - VBJDU18422021801 - INFO - 匹配成功
2018-09-25 17:34:32,472 - VBJDU18422021801 - DEBUG - 获取题目
2018-09-25 17:34:33,822 - VBJDU18422021801 - INFO - 第 1 题
2018-09-25 17:34:34,503 - VBJDU18422021801 - INFO - “近而不可见者，不察其辞也；远而可知者，反往以验来也”出自？
2018-09-25 17:34:35,409 - VBJDU18422021801 - INFO - A.孙子兵法 B.鬼谷子 C.齐民要术
2018-09-25 17:34:36,074 - VBJDU18422021801 - DEBUG - 在线检索答案
2018-09-25 17:34:36,074 - VBJDU18422021801 - INFO - 我的答案：孙子兵法
2018-09-25 17:34:36,764 - VBJDU18422021801 - DEBUG - 选择选项
2018-09-25 17:34:38,881 - VBJDU18422021801 - INFO - 答案错误
2018-09-25 17:34:38,997 - VBJDU18422021801 - INFO - 正确答案；鬼谷子
2018-09-25 17:34:38,997 - VBJDU18422021801 - DEBUG - 添加此题
2018-09-25 17:34:44,208 - VBJDU18422021801 - INFO - 本题结束
2018-09-25 17:34:44,208 - VBJDU18422021801 - DEBUG - 获取题目
2018-09-25 17:34:46,347 - VBJDU18422021801 - INFO - 第 2 题
2018-09-25 17:34:46,654 - VBJDU18422021801 - INFO - 燃面是哪个城市的特色小吃？
2018-09-25 17:34:47,621 - VBJDU18422021801 - INFO - A.河南洛阳 B.河北保定 C.四川宜宾
2018-09-25 17:34:48,363 - VBJDU18422021801 - DEBUG - 在线检索答案
2018-09-25 17:34:48,363 - VBJDU18422021801 - INFO - 我的答案：四川宜宾
2018-09-25 17:34:49,037 - VBJDU18422021801 - DEBUG - 选择选项
2018-09-25 17:34:51,161 - VBJDU18422021801 - INFO - 答案正确
2018-09-25 17:34:51,161 - VBJDU18422021801 - DEBUG - 添加此题
2018-09-25 17:34:53,410 - VBJDU18422021801 - INFO - 本题结束
2018-09-25 17:34:53,410 - VBJDU18422021801 - DEBUG - 获取题目
2018-09-25 17:34:55,640 - VBJDU18422021801 - INFO - 第 3 题
2018-09-25 17:34:55,946 - VBJDU18422021801 - INFO - 下列哪场战役，是中国古代军事史上最早、规模最大、最彻底的大型歼灭战？
2018-09-25 17:34:56,898 - VBJDU18422021801 - INFO - A.长平之战 B.淝水之战 C.赤壁之战
2018-09-25 17:34:57,470 - VBJDU18422021801 - DEBUG - 未检索到答案
2018-09-25 17:34:57,470 - VBJDU18422021801 - INFO - 我的答案：长平之战
2018-09-25 17:34:58,191 - VBJDU18422021801 - DEBUG - 选择选项
2018-09-25 17:35:00,291 - VBJDU18422021801 - INFO - 答案正确
2018-09-25 17:35:00,292 - VBJDU18422021801 - DEBUG - 添加此题
2018-09-25 17:35:01,624 - VBJDU18422021801 - INFO - 本题结束
2018-09-25 17:35:01,624 - VBJDU18422021801 - DEBUG - 获取题目
2018-09-25 17:35:03,927 - VBJDU18422021801 - INFO - 第 4 题
2018-09-25 17:35:04,208 - VBJDU18422021801 - INFO - 发回重审的民事案件应当
2018-09-25 17:35:05,107 - VBJDU18422021801 - INFO - A.按重审程序审理 B.按再审程序审理 C.按第一审程序审理
2018-09-25 17:35:05,110 - VBJDU18422021801 - DEBUG - 数据库中检索答案
2018-09-25 17:35:05,110 - VBJDU18422021801 - INFO - 我的答案：按第一审程序审理
2018-09-25 17:35:05,779 - VBJDU18422021801 - DEBUG - 选择选项
2018-09-25 17:35:07,890 - VBJDU18422021801 - INFO - 答案正确
2018-09-25 17:35:08,996 - VBJDU18422021801 - INFO - 本题结束
2018-09-25 17:35:08,996 - VBJDU18422021801 - DEBUG - 获取题目
2018-09-25 17:35:11,145 - VBJDU18422021801 - INFO - 第 5 题
2018-09-25 17:35:11,471 - VBJDU18422021801 - INFO - 世界上最大的暖流是？
2018-09-25 17:35:12,441 - VBJDU18422021801 - INFO - A.墨西哥暖流 B.佛罗里达暖流 C.北大西洋暖流
2018-09-25 17:35:13,115 - VBJDU18422021801 - DEBUG - 在线检索答案
2018-09-25 17:35:13,115 - VBJDU18422021801 - INFO - 我的答案：北大西洋暖流
2018-09-25 17:35:13,805 - VBJDU18422021801 - DEBUG - 选择选项
2018-09-25 17:35:15,902 - VBJDU18422021801 - INFO - 答案错误
2018-09-25 17:35:16,043 - VBJDU18422021801 - INFO - 正确答案；墨西哥暖流
2018-09-25 17:35:16,043 - VBJDU18422021801 - DEBUG - 添加此题
2018-09-25 17:35:20,981 - VBJDU18422021801 - INFO - 本题结束
2018-09-25 17:35:22,456 - VBJDU18422021801 - INFO - 比赛结果：第2名：610分
2018-09-25 17:35:22,456 - VBJDU18422021801 - INFO - 本场比赛结束
2018-09-25 17:35:22,550 - VBJDU18422021801 - INFO - 返回游戏页面
2018-09-25 17:35:24,176 - VBJDU18422021801 - INFO - 进入排位赛
2018-09-25 17:35:24,176 - VBJDU18422021801 - INFO - 正在匹配中......
2018-09-25 17:37:28,456 - VBJDU18422021801 - WARNING - 匹配失败
2018-09-25 17:37:28,585 - VBJDU18422021801 - INFO - 返回游戏页面
2018-09-25 17:37:30,285 - VBJDU18422021801 - INFO - 进入排位赛
2018-09-25 17:37:30,286 - VBJDU18422021801 - INFO - 正在匹配中......
2018-09-25 17:37:57,935 - VBJDU18422021801 - INFO - 匹配成功
2018-09-25 17:37:57,935 - VBJDU18422021801 - DEBUG - 获取题目
2018-09-25 17:37:58,625 - VBJDU18422021801 - INFO - 第 1 题
2018-09-25 17:37:58,949 - VBJDU18422021801 - INFO - 红茶的制造发源于（）
2018-09-25 17:37:59,837 - VBJDU18422021801 - INFO - A.美国 B.法国 C.中国
2018-09-25 17:38:00,487 - VBJDU18422021801 - DEBUG - 在线检索答案
2018-09-25 17:38:00,487 - VBJDU18422021801 - INFO - 我的答案：中国
2018-09-25 17:38:01,250 - VBJDU18422021801 - DEBUG - 选择选项
2018-09-25 17:38:03,370 - VBJDU18422021801 - INFO - 答案正确
2018-09-25 17:38:03,371 - VBJDU18422021801 - DEBUG - 添加此题
2018-09-25 17:38:12,899 - VBJDU18422021801 - INFO - 本题结束
2018-09-25 17:38:12,899 - VBJDU18422021801 - DEBUG - 获取题目
2018-09-25 17:38:15,152 - VBJDU18422021801 - INFO - 第 2 题
2018-09-25 17:38:15,435 - VBJDU18422021801 - INFO - “母大虫”“吊睛白额大虫”指的都是什么动物？
2018-09-25 17:38:16,314 - VBJDU18422021801 - INFO - A.狮子 B.老虎 C.猫
2018-09-25 17:38:17,012 - VBJDU18422021801 - DEBUG - 在线检索答案
2018-09-25 17:38:17,012 - VBJDU18422021801 - INFO - 我的答案：老虎
2018-09-25 17:38:17,709 - VBJDU18422021801 - DEBUG - 选择选项
2018-09-25 17:38:19,823 - VBJDU18422021801 - INFO - 答案正确
2018-09-25 17:38:19,823 - VBJDU18422021801 - DEBUG - 添加此题
2018-09-25 17:38:29,949 - VBJDU18422021801 - INFO - 本题结束
2018-09-25 17:38:29,949 - VBJDU18422021801 - DEBUG - 获取题目
2018-09-25 17:38:32,152 - VBJDU18422021801 - INFO - 第 3 题
2018-09-25 17:38:32,459 - VBJDU18422021801 - INFO - 以下选项中，哪一个是经典歌曲《海阔天空》的演唱者？
2018-09-25 17:38:33,364 - VBJDU18422021801 - INFO - A.草蜢乐队 B.周华健 C.Beyond
2018-09-25 17:38:33,367 - VBJDU18422021801 - DEBUG - 数据库中检索答案
2018-09-25 17:38:33,367 - VBJDU18422021801 - INFO - 我的答案：Beyond
2018-09-25 17:38:34,048 - VBJDU18422021801 - DEBUG - 选择选项
2018-09-25 17:38:36,161 - VBJDU18422021801 - INFO - 答案正确
2018-09-25 17:38:47,162 - VBJDU18422021801 - INFO - 本题结束
2018-09-25 17:38:47,162 - VBJDU18422021801 - DEBUG - 获取题目
2018-09-25 17:38:49,346 - VBJDU18422021801 - INFO - 第 4 题
2018-09-25 17:38:49,655 - VBJDU18422021801 - INFO - 漫画《航海王》中路飞四个伙伴里鼻子最长的是谁？
2018-09-25 17:38:50,584 - VBJDU18422021801 - INFO - A.乌索普 B.乔巴 C.索隆
2018-09-25 17:38:50,588 - VBJDU18422021801 - DEBUG - 数据库中检索答案
2018-09-25 17:38:50,588 - VBJDU18422021801 - INFO - 我的答案：乌索普
2018-09-25 17:38:51,241 - VBJDU18422021801 - DEBUG - 选择选项
2018-09-25 17:38:53,357 - VBJDU18422021801 - INFO - 答案正确
2018-09-25 17:39:04,149 - VBJDU18422021801 - INFO - 本题结束
2018-09-25 17:39:04,150 - VBJDU18422021801 - DEBUG - 获取题目
2018-09-25 17:39:06,502 - VBJDU18422021801 - INFO - 第 5 题
2018-09-25 17:39:06,837 - VBJDU18422021801 - INFO - 从1959年第二十五届开始，世界乒乓球锦标赛多少年举行一次？
2018-09-25 17:39:07,734 - VBJDU18422021801 - INFO - A.三年 B.四年 C.两年
2018-09-25 17:39:07,734 - VBJDU18422021801 - DEBUG - 数据库中检索答案
2018-09-25 17:39:07,734 - VBJDU18422021801 - INFO - 我的答案：两年
2018-09-25 17:39:08,393 - VBJDU18422021801 - DEBUG - 选择选项
2018-09-25 17:39:10,472 - VBJDU18422021801 - INFO - 答案正确
2018-09-25 17:39:21,358 - VBJDU18422021801 - INFO - 本题结束
2018-09-25 17:39:22,883 - VBJDU18422021801 - INFO - 比赛结果：第2名：1160分
2018-09-25 17:39:22,883 - VBJDU18422021801 - INFO - 本场比赛结束
2018-09-25 17:39:22,957 - VBJDU18422021801 - INFO - 返回游戏页面
2018-09-25 17:39:24,630 - VBJDU18422021801 - INFO - 进入排位赛
2018-09-25 17:39:24,630 - VBJDU18422021801 - INFO - 正在匹配中......
2018-09-25 17:39:53,574 - VBJDU18422021801 - INFO - 停止UC浏览器
2018-09-25 17:39:53,674 - VBJDU18422021801 - DEBUG - 返回主页面
2018-09-25 17:39:55,598 - VBJDU18422021801 - DEBUG - 打开UC浏览器
2018-09-25 17:39:58,200 - VBJDU18422021801 - DEBUG - 进入用户页面
2018-09-25 17:39:59,565 - VBJDU18422021801 - DEBUG - 进入游戏页面1
2018-09-25 17:40:02,128 - VBJDU18422021801 - DEBUG - 进入游戏页面2
2018-09-25 17:40:05,591 - VBJDU18422021801 - INFO - 选择游戏
2018-09-25 17:40:08,091 - VBJDU18422021801 - INFO - 进入排位赛
2018-09-25 17:40:08,091 - VBJDU18422021801 - INFO - 正在匹配中......
2018-09-25 17:40:11,871 - VBJDU18422021801 - INFO - 匹配成功
2018-09-25 17:40:11,872 - VBJDU18422021801 - DEBUG - 获取题目
2018-09-25 17:40:13,454 - VBJDU18422021801 - INFO - 第 1 题
2018-09-25 17:40:13,838 - VBJDU18422021801 - INFO - 围棋中棋子放在（）上，放下后不能再移动，每方每次放一个子，直至终局
2018-09-25 17:40:15,346 - VBJDU18422021801 - INFO - A.小短线 B.交叉点 C.小方格
2018-09-25 17:40:16,073 - VBJDU18422021801 - DEBUG - 在线检索答案
2018-09-25 17:40:16,073 - VBJDU18422021801 - INFO - 我的答案：小短线
2018-09-25 17:40:16,803 - VBJDU18422021801 - DEBUG - 选择选项
2018-09-25 17:40:18,965 - VBJDU18422021801 - INFO - 答案错误
2018-09-25 17:40:19,105 - VBJDU18422021801 - INFO - 正确答案；交叉点
2018-09-25 17:40:19,105 - VBJDU18422021801 - DEBUG - 添加此题
2018-09-25 17:40:19,820 - VBJDU18422021801 - INFO - 本题结束
2018-09-25 17:40:19,820 - VBJDU18422021801 - DEBUG - 获取题目
2018-09-25 17:40:22,145 - VBJDU18422021801 - INFO - 第 2 题
2018-09-25 17:40:22,624 - VBJDU18422021801 - INFO - 偶像团体EXO的“归国四子”中，不包括以下哪位？
2018-09-25 17:40:23,916 - VBJDU18422021801 - INFO - A.韩庚 B.黄子韬 C.吴亦凡
2018-09-25 17:40:24,655 - VBJDU18422021801 - DEBUG - 在线检索答案
2018-09-25 17:40:24,655 - VBJDU18422021801 - INFO - 我的答案：韩庚
2018-09-25 17:40:25,362 - VBJDU18422021801 - DEBUG - 选择选项
2018-09-25 17:40:27,593 - VBJDU18422021801 - INFO - 答案正确
2018-09-25 17:40:27,593 - VBJDU18422021801 - DEBUG - 添加此题
2018-09-25 17:40:36,948 - VBJDU18422021801 - INFO - 本题结束
2018-09-25 17:40:36,948 - VBJDU18422021801 - DEBUG - 获取题目
2018-09-25 17:40:39,191 - VBJDU18422021801 - INFO - 第 3 题
2018-09-25 17:40:39,608 - VBJDU18422021801 - INFO - 传统节日“祭灶节”是在每年农历新年前的哪天？
2018-09-25 17:40:40,907 - VBJDU18422021801 - INFO - A.腊月二十三 B.腊月二十五 C.腊月三十
2018-09-25 17:40:41,685 - VBJDU18422021801 - DEBUG - 在线检索答案
2018-09-25 17:40:41,685 - VBJDU18422021801 - INFO - 我的答案：腊月二十三
2018-09-25 17:40:42,409 - VBJDU18422021801 - DEBUG - 选择选项
2018-09-25 17:40:44,639 - VBJDU18422021801 - INFO - 答案正确
2018-09-25 17:40:44,654 - VBJDU18422021801 - DEBUG - 添加此题
2018-09-25 17:40:54,162 - VBJDU18422021801 - INFO - 本题结束
2018-09-25 17:40:54,162 - VBJDU18422021801 - DEBUG - 获取题目
2018-09-25 17:40:56,456 - VBJDU18422021801 - INFO - 第 4 题
2018-09-25 17:40:56,837 - VBJDU18422021801 - INFO - 以下哪位是电视节目《天籁之战》的主持人？
2018-09-25 17:40:58,044 - VBJDU18422021801 - INFO - A.谢娜 B.陈鲁豫 C.程雷
2018-09-25 17:41:00,192 - VBJDU18422021801 - DEBUG - 在线检索答案
2018-09-25 17:41:00,192 - VBJDU18422021801 - INFO - 我的答案：程雷
2018-09-25 17:41:00,918 - VBJDU18422021801 - DEBUG - 选择选项
2018-09-25 17:41:03,191 - VBJDU18422021801 - INFO - 答案正确
2018-09-25 17:41:03,191 - VBJDU18422021801 - DEBUG - 添加此题
2018-09-25 17:41:11,347 - VBJDU18422021801 - INFO - 本题结束
2018-09-25 17:41:11,347 - VBJDU18422021801 - DEBUG - 获取题目
2018-09-25 17:41:13,624 - VBJDU18422021801 - INFO - 第 5 题
2018-09-25 17:41:13,933 - VBJDU18422021801 - INFO - 素有“七朝古都”之称的古都是哪里？
2018-09-25 17:41:14,959 - VBJDU18422021801 - INFO - A.北京 B.开封 C.西安
2018-09-25 17:41:15,638 - VBJDU18422021801 - DEBUG - 在线检索答案
2018-09-25 17:41:15,638 - VBJDU18422021801 - INFO - 我的答案：开封
2018-09-25 17:41:16,280 - VBJDU18422021801 - DEBUG - 选择选项
2018-09-25 17:41:18,503 - VBJDU18422021801 - INFO - 答案正确
2018-09-25 17:41:18,503 - VBJDU18422021801 - DEBUG - 添加此题
2018-09-25 17:41:28,280 - VBJDU18422021801 - INFO - 本题结束
2018-09-25 17:41:28,734 - VBJDU18422021801 - INFO - 比赛结果：第3名：880分
2018-09-25 17:41:29,749 - VBJDU18422021801 - INFO - 本场比赛结束
2018-09-25 17:41:29,806 - VBJDU18422021801 - INFO - 返回游戏页面
2018-09-25 17:41:31,472 - VBJDU18422021801 - INFO - 进入排位赛
2018-09-25 17:41:31,472 - VBJDU18422021801 - INFO - 正在匹配中......
2018-09-25 17:42:48,296 - VBJDU18422021801 - INFO - 匹配成功
2018-09-25 17:42:48,312 - VBJDU18422021801 - DEBUG - 获取题目
2018-09-25 17:42:49,733 - VBJDU18422021801 - INFO - 第 1 题
2018-09-25 17:42:50,074 - VBJDU18422021801 - INFO - 一条鞭法将赋和以下哪个种类征收合而为一？
2018-09-25 17:42:51,003 - VBJDU18422021801 - INFO - A.役 B.庸 C.租
2018-09-25 17:42:51,007 - VBJDU18422021801 - DEBUG - 数据库中检索答案
2018-09-25 17:42:51,007 - VBJDU18422021801 - INFO - 我的答案：役
2018-09-25 17:42:51,710 - VBJDU18422021801 - DEBUG - 选择选项
2018-09-25 17:42:53,827 - VBJDU18422021801 - INFO - 答案正确
2018-09-25 17:42:57,441 - VBJDU18422021801 - INFO - 本题结束
2018-09-25 17:42:57,441 - VBJDU18422021801 - DEBUG - 获取题目
2018-09-25 17:43:00,566 - VBJDU18422021801 - INFO - 第 2 题
2018-09-25 17:43:00,897 - VBJDU18422021801 - INFO - 在电影《那些年，我们一起追的女孩》中，演员赫劭文饰演了哪个角色？
2018-09-25 17:43:01,895 - VBJDU18422021801 - INFO - A.谢明和 B.沈佳宜 C.柯景腾
2018-09-25 17:43:02,424 - VBJDU18422021801 - DEBUG - 未检索到答案
2018-09-25 17:43:02,424 - VBJDU18422021801 - INFO - 我的答案：谢明和
2018-09-25 17:43:03,086 - VBJDU18422021801 - DEBUG - 选择选项
2018-09-25 17:43:05,187 - VBJDU18422021801 - INFO - 答案正确
2018-09-25 17:43:05,188 - VBJDU18422021801 - DEBUG - 添加此题
2018-09-25 17:43:06,822 - VBJDU18422021801 - INFO - 本题结束
2018-09-25 17:43:06,822 - VBJDU18422021801 - DEBUG - 获取题目
2018-09-25 17:43:09,296 - VBJDU18422021801 - INFO - 第 3 题
2018-09-25 17:43:09,624 - VBJDU18422021801 - INFO - 固体发烟剂主要是有以下什么物质？
2018-09-25 17:43:10,534 - VBJDU18422021801 - INFO - A.黄磷 B.硫磺 C.白磷
2018-09-25 17:43:11,283 - VBJDU18422021801 - DEBUG - 在线检索答案
2018-09-25 17:43:11,283 - VBJDU18422021801 - INFO - 我的答案：黄磷
2018-09-25 17:43:12,011 - VBJDU18422021801 - DEBUG - 选择选项
2018-09-25 17:43:14,143 - VBJDU18422021801 - INFO - 答案正确
2018-09-25 17:43:14,144 - VBJDU18422021801 - DEBUG - 添加此题
2018-09-25 17:43:19,805 - VBJDU18422021801 - INFO - 本题结束
2018-09-25 17:43:19,805 - VBJDU18422021801 - DEBUG - 获取题目
2018-09-25 17:43:22,188 - VBJDU18422021801 - INFO - 第 4 题
2018-09-25 17:43:22,464 - VBJDU18422021801 - INFO - 代表永远的幸福的花是
2018-09-25 17:43:23,464 - VBJDU18422021801 - INFO - A.玫瑰 B.月季 C.野百合
2018-09-25 17:43:24,331 - VBJDU18422021801 - DEBUG - 在线检索答案
2018-09-25 17:43:24,331 - VBJDU18422021801 - INFO - 我的答案：野百合
2018-09-25 17:43:25,037 - VBJDU18422021801 - DEBUG - 选择选项
2018-09-25 17:43:27,161 - VBJDU18422021801 - INFO - 答案正确
2018-09-25 17:43:27,161 - VBJDU18422021801 - DEBUG - 添加此题
2018-09-25 17:43:30,393 - VBJDU18422021801 - INFO - 本题结束
2018-09-25 17:43:30,393 - VBJDU18422021801 - DEBUG - 获取题目
2018-09-25 17:43:32,706 - VBJDU18422021801 - INFO - 第 5 题
2018-09-25 17:43:32,977 - VBJDU18422021801 - INFO - 零食“加应子”的原料是哪种水果？
2018-09-25 17:43:33,837 - VBJDU18422021801 - INFO - A.葡萄 B.李子 C.梅子
2018-09-25 17:43:34,384 - VBJDU18422021801 - DEBUG - 在线检索答案
2018-09-25 17:43:34,385 - VBJDU18422021801 - INFO - 我的答案：李子
2018-09-25 17:43:35,064 - VBJDU18422021801 - DEBUG - 选择选项
2018-09-25 17:43:37,176 - VBJDU18422021801 - INFO - 答案正确
2018-09-25 17:43:37,176 - VBJDU18422021801 - DEBUG - 添加此题
2018-09-25 17:43:39,734 - VBJDU18422021801 - INFO - 本题结束
2018-09-25 17:43:40,265 - VBJDU18422021801 - INFO - 比赛结果：第1名：1130分
2018-09-25 17:43:41,266 - VBJDU18422021801 - INFO - 本场比赛结束
2018-09-25 17:43:41,309 - VBJDU18422021801 - INFO - 返回游戏页面
2018-09-25 17:43:42,966 - VBJDU18422021801 - INFO - 进入排位赛
2018-09-25 17:43:42,966 - VBJDU18422021801 - INFO - 正在匹配中......
2018-09-25 17:44:33,603 - VBJDU18422021801 - INFO - 匹配成功
2018-09-25 17:44:33,603 - VBJDU18422021801 - DEBUG - 获取题目
2018-09-25 17:44:35,051 - VBJDU18422021801 - INFO - 第 1 题
2018-09-25 17:44:36,103 - VBJDU18422021801 - INFO - 《王者荣耀》英雄王昭君是的定位是什么？
2018-09-25 17:44:37,013 - VBJDU18422021801 - INFO - A.法师 B.战士 C.射手
2018-09-25 17:44:38,581 - VBJDU18422021801 - DEBUG - 在线检索答案
2018-09-25 17:44:38,581 - VBJDU18422021801 - INFO - 我的答案：法师
2018-09-25 17:44:39,262 - VBJDU18422021801 - DEBUG - 选择选项
2018-09-25 17:44:41,362 - VBJDU18422021801 - INFO - 答案正确
2018-09-25 17:44:41,362 - VBJDU18422021801 - DEBUG - 添加此题
2018-09-25 17:44:42,311 - VBJDU18422021801 - INFO - 本题结束
2018-09-25 17:44:42,311 - VBJDU18422021801 - DEBUG - 获取题目
2018-09-25 17:44:44,503 - VBJDU18422021801 - INFO - 第 2 题
2018-09-25 17:44:44,838 - VBJDU18422021801 - INFO - 下列哪一位男艺人的绰号是“小绵羊”？
2018-09-25 17:44:45,805 - VBJDU18422021801 - INFO - A.张艺兴 B.黄子韬 C.吴亦凡
2018-09-25 17:44:46,290 - VBJDU18422021801 - DEBUG - 在线检索答案
2018-09-25 17:44:46,290 - VBJDU18422021801 - INFO - 我的答案：张艺兴
2018-09-25 17:44:46,995 - VBJDU18422021801 - DEBUG - 选择选项
2018-09-25 17:44:49,075 - VBJDU18422021801 - INFO - 答案正确
2018-09-25 17:44:49,075 - VBJDU18422021801 - DEBUG - 添加此题
2018-09-25 17:44:52,440 - VBJDU18422021801 - INFO - 本题结束
2018-09-25 17:44:52,440 - VBJDU18422021801 - DEBUG - 获取题目
2018-09-25 17:44:54,639 - VBJDU18422021801 - INFO - 第 3 题
2018-09-25 17:44:54,963 - VBJDU18422021801 - INFO -  我国哪个民族喜爱饮用马奶酒？
2018-09-25 17:44:55,900 - VBJDU18422021801 - INFO - A.维吾尔 B.藏族 C.蒙古族
2018-09-25 17:44:56,456 - VBJDU18422021801 - DEBUG - 在线检索答案
2018-09-25 17:44:56,456 - VBJDU18422021801 - INFO - 我的答案：蒙古族
2018-09-25 17:44:57,108 - VBJDU18422021801 - DEBUG - 选择选项
2018-09-25 17:44:59,347 - VBJDU18422021801 - INFO - 答案正确
2018-09-25 17:44:59,347 - VBJDU18422021801 - DEBUG - 添加此题
2018-09-25 17:45:00,006 - VBJDU18422021801 - INFO - 本题结束
2018-09-25 17:45:00,006 - VBJDU18422021801 - DEBUG - 获取题目
2018-09-25 17:45:02,212 - VBJDU18422021801 - INFO - 第 4 题
2018-09-25 17:45:02,549 - VBJDU18422021801 - INFO - 在名著《三国演义》中，“刘皇叔”指的是当中的哪个人物？
2018-09-25 17:45:03,653 - VBJDU18422021801 - INFO - A.刘备 B.刘表 C.刘璋
2018-09-25 17:45:04,386 - VBJDU18422021801 - DEBUG - 在线检索答案
2018-09-25 17:45:04,386 - VBJDU18422021801 - INFO - 我的答案：刘备
2018-09-25 17:45:05,020 - VBJDU18422021801 - DEBUG - 选择选项
2018-09-25 17:45:07,160 - VBJDU18422021801 - INFO - 答案正确
2018-09-25 17:45:07,160 - VBJDU18422021801 - DEBUG - 添加此题
2018-09-25 17:45:08,047 - VBJDU18422021801 - INFO - 本题结束
2018-09-25 17:45:08,047 - VBJDU18422021801 - DEBUG - 获取题目
2018-09-25 17:45:10,223 - VBJDU18422021801 - INFO - 第 5 题
2018-09-25 17:45:10,518 - VBJDU18422021801 - INFO - 陈奕迅歌曲《明年今日》的国语版歌名叫什么？
2018-09-25 17:45:11,441 - VBJDU18422021801 - INFO - A.《百年》 B.《十年》 C.《千年》
2018-09-25 17:45:11,441 - VBJDU18422021801 - DEBUG - 数据库中检索答案
2018-09-25 17:45:11,441 - VBJDU18422021801 - INFO - 我的答案：《十年》
2018-09-25 17:45:12,209 - VBJDU18422021801 - DEBUG - 选择选项
2018-09-25 17:45:14,518 - VBJDU18422021801 - INFO - 答案正确
2018-09-25 17:45:15,192 - VBJDU18422021801 - INFO - 本题结束
2018-09-25 17:45:15,624 - VBJDU18422021801 - INFO - 比赛结果：第2名：1130分
2018-09-25 17:45:16,639 - VBJDU18422021801 - INFO - 本场比赛结束
2018-09-25 17:45:16,671 - VBJDU18422021801 - INFO - 返回游戏页面
2018-09-25 17:45:18,240 - VBJDU18422021801 - INFO - 进入排位赛
2018-09-25 17:45:18,240 - VBJDU18422021801 - INFO - 正在匹配中......
2018-09-25 17:47:20,314 - VBJDU18422021801 - WARNING - 匹配失败
2018-09-25 17:47:20,423 - VBJDU18422021801 - INFO - 返回游戏页面
2018-09-25 17:47:22,044 - VBJDU18422021801 - INFO - 进入排位赛
2018-09-25 17:47:22,044 - VBJDU18422021801 - INFO - 正在匹配中......
2018-09-25 17:47:56,456 - VBJDU18422021801 - INFO - 匹配成功
2018-09-25 17:47:56,456 - VBJDU18422021801 - DEBUG - 获取题目
2018-09-25 17:47:57,639 - VBJDU18422021801 - INFO - 第 1 题
2018-09-25 17:47:58,028 - VBJDU18422021801 - INFO - 中国哪个朝代对外国文化吸收最多?
2018-09-25 17:48:00,269 - VBJDU18422021801 - INFO - A.唐代 B.宋代 C.清朝
2018-09-25 17:48:01,130 - VBJDU18422021801 - DEBUG - 在线检索答案
2018-09-25 17:48:01,130 - VBJDU18422021801 - INFO - 我的答案：唐代
2018-09-25 17:48:01,852 - VBJDU18422021801 - DEBUG - 选择选项
2018-09-25 17:48:04,044 - VBJDU18422021801 - INFO - 答案正确
2018-09-25 17:48:04,044 - VBJDU18422021801 - DEBUG - 添加此题
2018-09-25 17:48:04,836 - VBJDU18422021801 - INFO - 本题结束
2018-09-25 17:48:04,836 - VBJDU18422021801 - DEBUG - 获取题目
2018-09-25 17:48:07,153 - VBJDU18422021801 - INFO - 第 2 题
2018-09-25 17:48:07,550 - VBJDU18422021801 - INFO - 哪种维生素能促进血液的凝固？
2018-09-25 17:48:08,702 - VBJDU18422021801 - INFO - A.维生素A B.维生素D C.维生素K
2018-09-25 17:48:09,375 - VBJDU18422021801 - DEBUG - 在线检索答案
2018-09-25 17:48:09,375 - VBJDU18422021801 - INFO - 我的答案：维生素K
2018-09-25 17:48:10,146 - VBJDU18422021801 - DEBUG - 选择选项
2018-09-25 17:48:12,411 - VBJDU18422021801 - INFO - 答案正确
2018-09-25 17:48:12,411 - VBJDU18422021801 - DEBUG - 添加此题
2018-09-25 17:48:13,804 - VBJDU18422021801 - INFO - 本题结束
2018-09-25 17:48:13,804 - VBJDU18422021801 - DEBUG - 获取题目
2018-09-25 17:48:16,112 - VBJDU18422021801 - INFO - 第 3 题
2018-09-25 17:48:16,518 - VBJDU18422021801 - INFO - 按照约定俗成的规定，愚人节可以在什么时候开玩笑？
2018-09-25 17:48:17,700 - VBJDU18422021801 - INFO - A.中午12点之前 B.中午12点之后 C.中午11点之前
2018-09-25 17:48:17,700 - VBJDU18422021801 - DEBUG - 数据库中检索答案
2018-09-25 17:48:17,700 - VBJDU18422021801 - INFO - 我的答案：中午12点之前
2018-09-25 17:48:18,440 - VBJDU18422021801 - DEBUG - 选择选项
2018-09-25 17:48:20,565 - VBJDU18422021801 - INFO - 答案正确
2018-09-25 17:48:23,878 - VBJDU18422021801 - INFO - 本题结束
2018-09-25 17:48:23,878 - VBJDU18422021801 - DEBUG - 获取题目
2018-09-25 17:48:26,085 - VBJDU18422021801 - INFO - 第 4 题
2018-09-25 17:48:26,409 - VBJDU18422021801 - INFO - 两次月圆之间的时间相隔大约是
2018-09-25 17:48:27,346 - VBJDU18422021801 - INFO - A.15天 B.365天 C.28天
2018-09-25 17:48:27,931 - VBJDU18422021801 - DEBUG - 在线检索答案
2018-09-25 17:48:27,931 - VBJDU18422021801 - INFO - 我的答案：15天
2018-09-25 17:48:28,671 - VBJDU18422021801 - DEBUG - 选择选项
2018-09-25 17:48:30,749 - VBJDU18422021801 - INFO - 答案错误
2018-09-25 17:48:30,980 - VBJDU18422021801 - INFO - 正确答案；28天
2018-09-25 17:48:30,980 - VBJDU18422021801 - DEBUG - 添加此题
2018-09-25 17:48:31,615 - VBJDU18422021801 - INFO - 本题结束
2018-09-25 17:48:31,615 - VBJDU18422021801 - DEBUG - 获取题目
2018-09-25 17:48:33,909 - VBJDU18422021801 - INFO - 第 5 题
2018-09-25 17:48:34,190 - VBJDU18422021801 - INFO - 春秋战国时期发起“胡服骑射”军事变革的国家是哪个？
2018-09-25 17:48:35,146 - VBJDU18422021801 - INFO - A.晋国 B.赵国 C.秦国
2018-09-25 17:48:35,796 - VBJDU18422021801 - DEBUG - 在线检索答案
2018-09-25 17:48:35,796 - VBJDU18422021801 - INFO - 我的答案：赵国
2018-09-25 17:48:36,518 - VBJDU18422021801 - DEBUG - 选择选项
2018-09-25 17:48:38,607 - VBJDU18422021801 - INFO - 答案正确
2018-09-25 17:48:38,607 - VBJDU18422021801 - DEBUG - 添加此题
2018-09-25 17:48:39,439 - VBJDU18422021801 - INFO - 本题结束
2018-09-25 17:48:39,918 - VBJDU18422021801 - INFO - 比赛结果：第4名：860分
2018-09-25 17:48:40,918 - VBJDU18422021801 - INFO - 本场比赛结束
2018-09-25 17:48:40,960 - VBJDU18422021801 - INFO - 返回游戏页面
2018-09-25 17:48:42,609 - VBJDU18422021801 - INFO - 进入排位赛
2018-09-25 17:48:42,610 - VBJDU18422021801 - INFO - 正在匹配中......
2018-09-25 17:49:37,207 - VBJDU18422021801 - INFO - 匹配成功
2018-09-25 17:49:37,207 - VBJDU18422021801 - DEBUG - 获取题目
2018-09-25 17:49:38,625 - VBJDU18422021801 - INFO - 第 1 题
2018-09-25 17:49:38,928 - VBJDU18422021801 - INFO - 歌曲《光辉岁月》的作曲者是谁？
2018-09-25 17:49:39,894 - VBJDU18422021801 - INFO - A.周杰伦 B.黄家驹 C.伍乐城
2018-09-25 17:49:40,718 - VBJDU18422021801 - DEBUG - 在线检索答案
2018-09-25 17:49:40,718 - VBJDU18422021801 - INFO - 我的答案：黄家驹
2018-09-25 17:49:41,378 - VBJDU18422021801 - DEBUG - 选择选项
2018-09-25 17:49:43,548 - VBJDU18422021801 - INFO - 答案正确
2018-09-25 17:49:43,548 - VBJDU18422021801 - DEBUG - 添加此题
2018-09-25 17:49:44,247 - VBJDU18422021801 - INFO - 本题结束
2018-09-25 17:49:44,247 - VBJDU18422021801 - DEBUG - 获取题目
2018-09-25 17:49:46,589 - VBJDU18422021801 - INFO - 第 2 题
2018-09-25 17:49:46,881 - VBJDU18422021801 - INFO - 除了个别城市外，《献血法规定》献血的两次采集间隔不少于多久？
2018-09-25 17:49:47,796 - VBJDU18422021801 - INFO - A.6个月 B.9个月 C.1个月
2018-09-25 17:49:48,502 - VBJDU18422021801 - DEBUG - 在线检索答案
2018-09-25 17:49:48,502 - VBJDU18422021801 - INFO - 我的答案：9个月
2018-09-25 17:49:49,178 - VBJDU18422021801 - DEBUG - 选择选项
2018-09-25 17:49:51,296 - VBJDU18422021801 - INFO - 答案错误
2018-09-25 17:49:51,426 - VBJDU18422021801 - INFO - 正确答案；6个月
2018-09-25 17:49:51,426 - VBJDU18422021801 - DEBUG - 添加此题
2018-09-25 17:49:53,646 - VBJDU18422021801 - INFO - 本题结束
2018-09-25 17:49:53,646 - VBJDU18422021801 - DEBUG - 获取题目
2018-09-25 17:49:55,733 - VBJDU18422021801 - INFO - 第 3 题
2018-09-25 17:49:56,013 - VBJDU18422021801 - INFO - 由张国荣、梅艳芳主演的《胭脂扣》，该电影的导演是谁？
2018-09-25 17:49:57,060 - VBJDU18422021801 - INFO - A.陈凯歌 B.关锦鹏 C.陈可辛
2018-09-25 17:49:57,946 - VBJDU18422021801 - DEBUG - 在线检索答案
2018-09-25 17:49:57,946 - VBJDU18422021801 - INFO - 我的答案：关锦鹏
2018-09-25 17:49:58,623 - VBJDU18422021801 - DEBUG - 选择选项
2018-09-25 17:50:00,734 - VBJDU18422021801 - INFO - 答案正确
2018-09-25 17:50:00,734 - VBJDU18422021801 - DEBUG - 添加此题
2018-09-25 17:50:02,600 - VBJDU18422021801 - INFO - 本题结束
2018-09-25 17:50:02,600 - VBJDU18422021801 - DEBUG - 获取题目
2018-09-25 17:50:04,824 - VBJDU18422021801 - INFO - 第 4 题
2018-09-25 17:50:05,133 - VBJDU18422021801 - INFO - 南美洲的哪座城市，是世界上距赤道最近的首都？
2018-09-25 17:50:06,078 - VBJDU18422021801 - INFO - A.基多 B.巴西利亚 C.卡宴
2018-09-25 17:50:06,702 - VBJDU18422021801 - DEBUG - 在线检索答案
2018-09-25 17:50:06,702 - VBJDU18422021801 - INFO - 我的答案：基多
2018-09-25 17:50:07,379 - VBJDU18422021801 - DEBUG - 选择选项
2018-09-25 17:50:09,425 - VBJDU18422021801 - INFO - 答案正确
2018-09-25 17:50:09,425 - VBJDU18422021801 - DEBUG - 添加此题
2018-09-25 17:50:12,861 - VBJDU18422021801 - INFO - 本题结束
2018-09-25 17:50:12,862 - VBJDU18422021801 - DEBUG - 获取题目
2018-09-25 17:50:15,169 - VBJDU18422021801 - INFO - 第 5 题
2018-09-25 17:50:15,474 - VBJDU18422021801 - INFO - 春秋时代发生在宋襄公和楚成王之间的著名战役是什么战？
2018-09-25 17:50:16,486 - VBJDU18422021801 - INFO - A.泓之战 B.赤壁之战 C.巨鹿之战
2018-09-25 17:50:17,409 - VBJDU18422021801 - DEBUG - 在线检索答案
2018-09-25 17:50:17,409 - VBJDU18422021801 - INFO - 我的答案：泓之战
2018-09-25 17:50:18,076 - VBJDU18422021801 - DEBUG - 选择选项
2018-09-25 17:50:20,110 - VBJDU18422021801 - INFO - 答案正确
2018-09-25 17:50:20,111 - VBJDU18422021801 - DEBUG - 添加此题
2018-09-25 17:50:23,130 - VBJDU18422021801 - INFO - 本题结束
2018-09-25 17:50:23,590 - VBJDU18422021801 - INFO - 比赛结果：第3名：870分
2018-09-25 17:50:24,592 - VBJDU18422021801 - INFO - 本场比赛结束
2018-09-25 17:50:24,702 - VBJDU18422021801 - INFO - 返回游戏页面
2018-09-25 17:50:26,410 - VBJDU18422021801 - INFO - 进入排位赛
2018-09-25 17:50:26,410 - VBJDU18422021801 - INFO - 正在匹配中......
2018-09-25 17:53:59,188 - VBJDU18422021801 - INFO - 停止UC浏览器
2018-09-25 17:53:59,329 - VBJDU18422021801 - DEBUG - 返回主页面
2018-09-25 17:53:59,910 - VBJDU18422021801 - DEBUG - 打开UC浏览器
2018-09-25 17:54:02,899 - VBJDU18422021801 - DEBUG - 进入用户页面
2018-09-25 17:54:04,218 - VBJDU18422021801 - DEBUG - 进入游戏页面1
2018-09-25 17:54:06,592 - VBJDU18422021801 - DEBUG - 进入游戏页面2
2018-09-25 17:54:09,149 - VBJDU18422021801 - INFO - 选择游戏
2018-09-25 17:54:11,487 - VBJDU18422021801 - INFO - 进入排位赛
2018-09-25 17:54:11,487 - VBJDU18422021801 - INFO - 正在匹配中......
2018-09-25 17:54:16,472 - VBJDU18422021801 - INFO - 匹配成功
2018-09-25 17:54:16,472 - VBJDU18422021801 - DEBUG - 获取题目
2018-09-25 17:54:17,374 - VBJDU18422021801 - INFO - 第 1 题
2018-09-25 17:54:17,795 - VBJDU18422021801 - INFO - 地球以外未燃尽的宇宙流星脱离原有运行轨道散落在地球的碎片是什么？
2018-09-25 17:54:18,962 - VBJDU18422021801 - INFO - A.陨石 B.金刚石 C.大理石
2018-09-25 17:54:19,670 - VBJDU18422021801 - DEBUG - 在线检索答案
2018-09-25 17:54:19,670 - VBJDU18422021801 - INFO - 我的答案：陨石
2018-09-25 17:54:20,500 - VBJDU18422021801 - DEBUG - 选择选项
2018-09-25 17:54:22,642 - VBJDU18422021801 - INFO - 答案正确
2018-09-25 17:54:22,643 - VBJDU18422021801 - DEBUG - 添加此题
2018-09-25 17:54:23,560 - VBJDU18422021801 - INFO - 本题结束
2018-09-25 17:54:23,560 - VBJDU18422021801 - DEBUG - 获取题目
2018-09-25 17:54:25,864 - VBJDU18422021801 - INFO - 第 2 题
2018-09-25 17:54:26,268 - VBJDU18422021801 - INFO - 寒食节是谁设立的节日?
2018-09-25 17:54:27,453 - VBJDU18422021801 - INFO - A.晋文公 B.秦怀公 C.楚襄王
2018-09-25 17:54:27,453 - VBJDU18422021801 - DEBUG - 数据库中检索答案
2018-09-25 17:54:27,453 - VBJDU18422021801 - INFO - 我的答案：晋文公
2018-09-25 17:54:28,175 - VBJDU18422021801 - DEBUG - 选择选项
2018-09-25 17:54:30,377 - VBJDU18422021801 - INFO - 答案正确
2018-09-25 17:54:31,769 - VBJDU18422021801 - INFO - 本题结束
2018-09-25 17:54:31,769 - VBJDU18422021801 - DEBUG - 获取题目
2018-09-25 17:54:34,076 - VBJDU18422021801 - INFO - 第 3 题
2018-09-25 17:54:34,448 - VBJDU18422021801 - INFO - 辽朝末期的辽金战争持续了多少年？
2018-09-25 17:54:35,658 - VBJDU18422021801 - INFO - A.11年 B.12年 C.15年
2018-09-25 17:54:36,250 - VBJDU18422021801 - DEBUG - 未检索到答案
2018-09-25 17:54:36,250 - VBJDU18422021801 - INFO - 我的答案：11年
2018-09-25 17:54:36,965 - VBJDU18422021801 - DEBUG - 选择选项
2018-09-25 17:54:39,043 - VBJDU18422021801 - INFO - 答案正确
2018-09-25 17:54:39,043 - VBJDU18422021801 - DEBUG - 添加此题
2018-09-25 17:54:39,924 - VBJDU18422021801 - INFO - 本题结束
2018-09-25 17:54:39,924 - VBJDU18422021801 - DEBUG - 获取题目
2018-09-25 17:54:42,161 - VBJDU18422021801 - INFO - 第 4 题
2018-09-25 17:54:42,441 - VBJDU18422021801 - INFO - 设计大师路易吉·克拉尼的代表作品是什么？
2018-09-25 17:54:43,305 - VBJDU18422021801 - INFO - A.CD播放器 B.收音机 C.T90相机
2018-09-25 17:54:43,309 - VBJDU18422021801 - DEBUG - 数据库中检索答案
2018-09-25 17:54:43,309 - VBJDU18422021801 - INFO - 我的答案：T90相机
2018-09-25 17:54:43,964 - VBJDU18422021801 - DEBUG - 选择选项
2018-09-25 17:54:46,045 - VBJDU18422021801 - INFO - 答案正确
2018-09-25 17:54:49,377 - VBJDU18422021801 - INFO - 本题结束
2018-09-25 17:54:49,377 - VBJDU18422021801 - DEBUG - 获取题目
2018-09-25 17:54:51,661 - VBJDU18422021801 - INFO - 第 5 题
2018-09-25 17:54:51,945 - VBJDU18422021801 - INFO - 1996年春晚有多少个节目？
2018-09-25 17:54:52,873 - VBJDU18422021801 - INFO - A.42 B.39 C.40
2018-09-25 17:54:52,877 - VBJDU18422021801 - DEBUG - 数据库中检索答案
2018-09-25 17:54:52,877 - VBJDU18422021801 - INFO - 我的答案：40
2018-09-25 17:54:53,646 - VBJDU18422021801 - DEBUG - 选择选项
2018-09-25 17:54:55,911 - VBJDU18422021801 - INFO - 答案正确
2018-09-25 17:54:56,586 - VBJDU18422021801 - INFO - 本题结束
2018-09-25 17:54:57,039 - VBJDU18422021801 - INFO - 比赛结果：第1名：1140分
2018-09-25 17:54:58,043 - VBJDU18422021801 - INFO - 本场比赛结束
2018-09-25 17:54:58,107 - VBJDU18422021801 - INFO - 返回游戏页面
2018-09-25 17:54:59,780 - VBJDU18422021801 - INFO - 进入排位赛
2018-09-25 17:54:59,780 - VBJDU18422021801 - INFO - 正在匹配中......
2018-09-25 17:56:26,170 - VBJDU18422021801 - INFO - 匹配成功
2018-09-25 17:56:26,170 - VBJDU18422021801 - DEBUG - 获取题目
2018-09-25 17:56:27,328 - VBJDU18422021801 - INFO - 第 1 题
2018-09-25 17:56:27,623 - VBJDU18422021801 - INFO - 动画，漫画，游戏等作品相关的衍生商品又被称为？
2018-09-25 17:56:28,534 - VBJDU18422021801 - INFO - A.作品发行 B.周边商品 C.连载杂志
2018-09-25 17:56:29,455 - VBJDU18422021801 - DEBUG - 未检索到答案
2018-09-25 17:56:29,455 - VBJDU18422021801 - INFO - 我的答案：作品发行
2018-09-25 17:56:30,106 - VBJDU18422021801 - DEBUG - 选择选项
2018-09-25 17:56:32,176 - VBJDU18422021801 - INFO - 答案错误
2018-09-25 17:56:32,313 - VBJDU18422021801 - INFO - 正确答案；周边商品
2018-09-25 17:56:32,313 - VBJDU18422021801 - DEBUG - 添加此题
2018-09-25 17:56:34,797 - VBJDU18422021801 - INFO - 本题结束
2018-09-25 17:56:34,797 - VBJDU18422021801 - DEBUG - 获取题目
2018-09-25 17:56:36,949 - VBJDU18422021801 - INFO - 第 2 题
2018-09-25 17:56:37,274 - VBJDU18422021801 - INFO - 历史上，罗马天主教会一共发动了几次“十字军东征”？
2018-09-25 17:56:38,176 - VBJDU18422021801 - INFO - A.2次 B.8次 C.20次
2018-09-25 17:56:38,949 - VBJDU18422021801 - DEBUG - 未检索到答案
2018-09-25 17:56:38,949 - VBJDU18422021801 - INFO - 我的答案：2次
2018-09-25 17:56:39,624 - VBJDU18422021801 - DEBUG - 选择选项
2018-09-25 17:56:41,687 - VBJDU18422021801 - INFO - 答案错误
2018-09-25 17:56:41,836 - VBJDU18422021801 - INFO - 正确答案；8次
2018-09-25 17:56:41,836 - VBJDU18422021801 - DEBUG - 添加此题
2018-09-25 17:56:45,890 - VBJDU18422021801 - INFO - 本题结束
2018-09-25 17:56:45,891 - VBJDU18422021801 - DEBUG - 获取题目
2018-09-25 17:56:48,129 - VBJDU18422021801 - INFO - 第 3 题
2018-09-25 17:56:48,409 - VBJDU18422021801 - INFO - A速度1m/min，B想要10分钟内追上100米外的A，速度最少应是？
2018-09-25 17:56:49,328 - VBJDU18422021801 - INFO - A.11m/min B.13m/min C.12m/min
2018-09-25 17:56:50,044 - VBJDU18422021801 - DEBUG - 未检索到答案
2018-09-25 17:56:50,044 - VBJDU18422021801 - INFO - 我的答案：11m/min
2018-09-25 17:56:50,717 - VBJDU18422021801 - DEBUG - 选择选项
2018-09-25 17:56:52,799 - VBJDU18422021801 - INFO - 答案正确
2018-09-25 17:56:52,800 - VBJDU18422021801 - DEBUG - 添加此题
2018-09-25 17:57:00,488 - VBJDU18422021801 - INFO - 本题结束
2018-09-25 17:57:00,488 - VBJDU18422021801 - DEBUG - 获取题目
2018-09-25 17:57:02,836 - VBJDU18422021801 - INFO - 第 4 题
2018-09-25 17:57:03,144 - VBJDU18422021801 - INFO - 唐代与吴道子齐名的雕塑家是
2018-09-25 17:57:04,105 - VBJDU18422021801 - INFO - A.杨惠之 B.宋法智 C.吴智敏
2018-09-25 17:57:04,805 - VBJDU18422021801 - DEBUG - 在线检索答案
2018-09-25 17:57:04,805 - VBJDU18422021801 - INFO - 我的答案：杨惠之
2018-09-25 17:57:05,519 - VBJDU18422021801 - DEBUG - 选择选项
2018-09-25 17:57:07,588 - VBJDU18422021801 - INFO - 答案正确
2018-09-25 17:57:07,589 - VBJDU18422021801 - DEBUG - 添加此题
2018-09-25 17:57:10,146 - VBJDU18422021801 - INFO - 本题结束
2018-09-25 17:57:10,146 - VBJDU18422021801 - DEBUG - 获取题目
2018-09-25 17:57:12,312 - VBJDU18422021801 - INFO - 第 5 题
2018-09-25 17:57:12,608 - VBJDU18422021801 - INFO - 佝偻病初期患儿的临床表现是
2018-09-25 17:57:13,518 - VBJDU18422021801 - INFO - A.有郝氏沟 B.出现枕秃 C.颅骨软化
2018-09-25 17:57:14,477 - VBJDU18422021801 - DEBUG - 在线检索答案
2018-09-25 17:57:14,477 - VBJDU18422021801 - INFO - 我的答案：颅骨软化
2018-09-25 17:57:15,176 - VBJDU18422021801 - DEBUG - 选择选项
2018-09-25 17:57:17,273 - VBJDU18422021801 - INFO - 答案错误
2018-09-25 17:57:17,518 - VBJDU18422021801 - INFO - 正确答案；出现枕秃
2018-09-25 17:57:17,518 - VBJDU18422021801 - DEBUG - 添加此题
2018-09-25 17:57:23,608 - VBJDU18422021801 - INFO - 本题结束
2018-09-25 17:57:24,043 - VBJDU18422021801 - INFO - 比赛结果：第2名：390分
2018-09-25 17:57:25,059 - VBJDU18422021801 - INFO - 本场比赛结束
2018-09-25 17:57:25,090 - VBJDU18422021801 - INFO - 返回游戏页面
2018-09-25 17:57:26,736 - VBJDU18422021801 - INFO - 进入排位赛
2018-09-25 17:57:26,736 - VBJDU18422021801 - INFO - 正在匹配中......
2018-09-25 17:58:55,928 - VBJDU18422021801 - INFO - 匹配成功
2018-09-25 17:58:55,928 - VBJDU18422021801 - DEBUG - 获取题目
2018-09-25 17:58:57,504 - VBJDU18422021801 - INFO - 第 1 题
2018-09-25 17:58:57,799 - VBJDU18422021801 - INFO - 威尼斯国际电影节的最高奖项是什么？
2018-09-25 17:58:58,671 - VBJDU18422021801 - INFO - A.金狮奖 B.金熊奖 C.金棕榈奖
2018-09-25 17:58:59,589 - VBJDU18422021801 - DEBUG - 在线检索答案
2018-09-25 17:58:59,590 - VBJDU18422021801 - INFO - 我的答案：金狮奖
2018-09-25 17:59:00,209 - VBJDU18422021801 - DEBUG - 选择选项
2018-09-25 17:59:02,301 - VBJDU18422021801 - INFO - 答案正确
2018-09-25 17:59:02,302 - VBJDU18422021801 - DEBUG - 添加此题
2018-09-25 17:59:03,825 - VBJDU18422021801 - INFO - 本题结束
2018-09-25 17:59:03,826 - VBJDU18422021801 - DEBUG - 获取题目
2018-09-25 17:59:05,621 - VBJDU18422021801 - INFO - 第 2 题
2018-09-25 17:59:05,909 - VBJDU18422021801 - INFO - 下面哪一种不是我国的四大名绣之一？
2018-09-25 17:59:06,788 - VBJDU18422021801 - INFO - A.粤绣 B.闽绣 C.湘绣
2018-09-25 17:59:07,440 - VBJDU18422021801 - DEBUG - 在线检索答案
2018-09-25 17:59:07,440 - VBJDU18422021801 - INFO - 我的答案：闽绣
2018-09-25 17:59:08,071 - VBJDU18422021801 - DEBUG - 选择选项
2018-09-25 17:59:10,260 - VBJDU18422021801 - INFO - 答案正确
2018-09-25 17:59:10,261 - VBJDU18422021801 - DEBUG - 添加此题
2018-09-25 17:59:12,754 - VBJDU18422021801 - INFO - 本题结束
2018-09-25 17:59:12,754 - VBJDU18422021801 - DEBUG - 获取题目
2018-09-25 17:59:14,972 - VBJDU18422021801 - INFO - 第 3 题
2018-09-25 17:59:15,296 - VBJDU18422021801 - INFO - Lady Gaga于哪一年发行首张录音室专辑《The Fame》？
2018-09-25 17:59:16,281 - VBJDU18422021801 - INFO - A.2010年 B.2009年 C.2008年
2018-09-25 17:59:16,991 - VBJDU18422021801 - DEBUG - 在线检索答案
2018-09-25 17:59:16,991 - VBJDU18422021801 - INFO - 我的答案：2008年
2018-09-25 17:59:17,703 - VBJDU18422021801 - DEBUG - 选择选项
2018-09-25 17:59:19,765 - VBJDU18422021801 - INFO - 答案正确
2018-09-25 17:59:19,765 - VBJDU18422021801 - DEBUG - 添加此题
2018-09-25 17:59:23,821 - VBJDU18422021801 - INFO - 本题结束
2018-09-25 17:59:23,821 - VBJDU18422021801 - DEBUG - 获取题目
2018-09-25 17:59:26,113 - VBJDU18422021801 - INFO - 第 4 题
2018-09-25 17:59:26,456 - VBJDU18422021801 - INFO - 在苏霍伊苏-25攻击机上，一般乘员坐几人？
2018-09-25 17:59:27,410 - VBJDU18422021801 - INFO - A.1人 B.4人 C.2人
2018-09-25 17:59:28,026 - VBJDU18422021801 - DEBUG - 在线检索答案
2018-09-25 17:59:28,026 - VBJDU18422021801 - INFO - 我的答案：2人
2018-09-25 17:59:28,748 - VBJDU18422021801 - DEBUG - 选择选项
2018-09-25 17:59:30,853 - VBJDU18422021801 - INFO - 答案错误
2018-09-25 17:59:30,980 - VBJDU18422021801 - INFO - 正确答案；1人
2018-09-25 17:59:30,980 - VBJDU18422021801 - DEBUG - 添加此题
2018-09-25 17:59:35,686 - VBJDU18422021801 - INFO - 本题结束
2018-09-25 17:59:35,686 - VBJDU18422021801 - DEBUG - 获取题目
2018-09-25 17:59:37,962 - VBJDU18422021801 - INFO - 第 5 题
2018-09-25 17:59:38,294 - VBJDU18422021801 - INFO - 古诗《春夜喜雨》的作者是谁？
2018-09-25 17:59:39,192 - VBJDU18422021801 - INFO - A.李商隐 B.杜甫 C.李贺
2018-09-25 17:59:40,027 - VBJDU18422021801 - DEBUG - 在线检索答案
2018-09-25 17:59:40,027 - VBJDU18422021801 - INFO - 我的答案：杜甫
2018-09-25 17:59:40,686 - VBJDU18422021801 - DEBUG - 选择选项
2018-09-25 17:59:42,777 - VBJDU18422021801 - INFO - 答案正确
2018-09-25 17:59:42,778 - VBJDU18422021801 - DEBUG - 添加此题
2018-09-25 17:59:46,473 - VBJDU18422021801 - INFO - 本题结束
2018-09-25 17:59:46,959 - VBJDU18422021801 - INFO - 比赛结果：第1名：880分
2018-09-25 17:59:47,964 - VBJDU18422021801 - INFO - 本场比赛结束
2018-09-25 17:59:47,999 - VBJDU18422021801 - INFO - 返回游戏页面
2018-09-25 17:59:49,640 - VBJDU18422021801 - INFO - 进入排位赛
2018-09-25 17:59:49,640 - VBJDU18422021801 - INFO - 正在匹配中......
2018-09-25 18:00:07,837 - VBJDU18422021801 - INFO - 匹配成功
2018-09-25 18:00:07,837 - VBJDU18422021801 - DEBUG - 获取题目
2018-09-25 18:00:09,363 - VBJDU18422021801 - INFO - 第 1 题
2018-09-25 18:00:09,749 - VBJDU18422021801 - INFO - 在三倍放大镜下，三角板角的度数会：
2018-09-25 18:00:10,734 - VBJDU18422021801 - INFO - A.放大一倍 B.放大三倍 C.角度不变
2018-09-25 18:00:11,285 - VBJDU18422021801 - DEBUG - 在线检索答案
2018-09-25 18:00:11,285 - VBJDU18422021801 - INFO - 我的答案：角度不变
2018-09-25 18:00:11,962 - VBJDU18422021801 - DEBUG - 选择选项
2018-09-25 18:00:14,059 - VBJDU18422021801 - INFO - 答案正确
2018-09-25 18:00:14,060 - VBJDU18422021801 - DEBUG - 添加此题
2018-09-25 18:00:19,870 - VBJDU18422021801 - INFO - 本题结束
2018-09-25 18:00:19,870 - VBJDU18422021801 - DEBUG - 获取题目
2018-09-25 18:00:21,982 - VBJDU18422021801 - INFO - 第 2 题
2018-09-25 18:00:22,277 - VBJDU18422021801 - INFO - 下列不能作为商标的是
2018-09-25 18:00:23,193 - VBJDU18422021801 - INFO - A.国名 B.人名 C.山名
2018-09-25 18:00:23,193 - VBJDU18422021801 - DEBUG - 数据库中检索答案
2018-09-25 18:00:23,193 - VBJDU18422021801 - INFO - 我的答案：国名
2018-09-25 18:00:23,902 - VBJDU18422021801 - DEBUG - 选择选项
2018-09-25 18:00:25,978 - VBJDU18422021801 - INFO - 答案正确
2018-09-25 18:00:30,609 - VBJDU18422021801 - INFO - 本题结束
2018-09-25 18:00:30,609 - VBJDU18422021801 - DEBUG - 获取题目
2018-09-25 18:00:32,852 - VBJDU18422021801 - INFO - 第 3 题
2018-09-25 18:00:33,160 - VBJDU18422021801 - INFO - 电视剧《上海滩》，冯程程的父亲，上海青帮最大头目叫什么？
2018-09-25 18:00:34,060 - VBJDU18422021801 - INFO - A.冯敬尧 B.乔四 C.黄金荣
2018-09-25 18:00:34,581 - VBJDU18422021801 - DEBUG - 在线检索答案
2018-09-25 18:00:34,581 - VBJDU18422021801 - INFO - 我的答案：冯敬尧
2018-09-25 18:00:35,272 - VBJDU18422021801 - DEBUG - 选择选项
2018-09-25 18:00:37,395 - VBJDU18422021801 - INFO - 答案正确
2018-09-25 18:00:37,395 - VBJDU18422021801 - DEBUG - 添加此题
2018-09-25 18:00:39,379 - VBJDU18422021801 - INFO - 本题结束
2018-09-25 18:00:39,379 - VBJDU18422021801 - DEBUG - 获取题目
2018-09-25 18:00:41,518 - VBJDU18422021801 - INFO - 第 4 题
2018-09-25 18:00:41,920 - VBJDU18422021801 - INFO - 有个小姑娘，身穿黄衣裳，你要欺侮它，它就扎一枪。(打一动物)
2018-09-25 18:00:42,884 - VBJDU18422021801 - INFO - A.海豚 B.马蜂 C.牛
2018-09-25 18:00:43,624 - VBJDU18422021801 - DEBUG - 在线检索答案
2018-09-25 18:00:43,624 - VBJDU18422021801 - INFO - 我的答案：马蜂
2018-09-25 18:00:44,328 - VBJDU18422021801 - DEBUG - 选择选项
2018-09-25 18:00:46,488 - VBJDU18422021801 - INFO - 答案正确
2018-09-25 18:00:46,488 - VBJDU18422021801 - DEBUG - 添加此题
2018-09-25 18:00:49,896 - VBJDU18422021801 - INFO - 本题结束
2018-09-25 18:00:49,896 - VBJDU18422021801 - DEBUG - 获取题目
2018-09-25 18:00:52,248 - VBJDU18422021801 - INFO - 第 5 题
2018-09-25 18:00:52,541 - VBJDU18422021801 - INFO - 西方的哪个节日期间，汉子们会拿着南瓜灯挨家挨户地索要糖果？
2018-09-25 18:00:53,433 - VBJDU18422021801 - INFO - A.万圣节 B.圣诞节 C.复活节
2018-09-25 18:00:54,390 - VBJDU18422021801 - DEBUG - 在线检索答案
2018-09-25 18:00:54,390 - VBJDU18422021801 - INFO - 我的答案：万圣节
2018-09-25 18:00:55,076 - VBJDU18422021801 - DEBUG - 选择选项
2018-09-25 18:00:57,193 - VBJDU18422021801 - INFO - 答案正确
2018-09-25 18:00:57,193 - VBJDU18422021801 - DEBUG - 添加此题
2018-09-25 18:01:01,769 - VBJDU18422021801 - INFO - 本题结束
2018-09-25 18:01:02,305 - VBJDU18422021801 - INFO - 比赛结果：第1名：1150分
2018-09-25 18:01:03,305 - VBJDU18422021801 - INFO - 本场比赛结束
2018-09-25 18:01:03,352 - VBJDU18422021801 - INFO - 返回游戏页面
2018-09-25 18:01:04,965 - VBJDU18422021801 - INFO - 进入排位赛
2018-09-25 18:01:04,965 - VBJDU18422021801 - INFO - 正在匹配中......
2018-09-25 18:02:29,535 - VBJDU18422021801 - INFO - 匹配成功
2018-09-25 18:02:29,535 - VBJDU18422021801 - DEBUG - 获取题目
2018-09-25 18:02:30,934 - VBJDU18422021801 - INFO - 第 1 题
2018-09-25 18:02:31,238 - VBJDU18422021801 - INFO - 以下保暖性最好的布料纤维是？
2018-09-25 18:02:32,176 - VBJDU18422021801 - INFO - A.真丝 B.棉 C.羊毛
2018-09-25 18:02:32,894 - VBJDU18422021801 - DEBUG - 在线检索答案
2018-09-25 18:02:32,895 - VBJDU18422021801 - INFO - 我的答案：棉
2018-09-25 18:02:33,701 - VBJDU18422021801 - DEBUG - 选择选项
2018-09-25 18:02:35,822 - VBJDU18422021801 - INFO - 答案错误
2018-09-25 18:02:36,024 - VBJDU18422021801 - INFO - 正确答案；羊毛
2018-09-25 18:02:36,039 - VBJDU18422021801 - DEBUG - 添加此题
2018-09-25 18:02:37,655 - VBJDU18422021801 - INFO - 本题结束
2018-09-25 18:02:37,655 - VBJDU18422021801 - DEBUG - 获取题目
2018-09-25 18:02:38,981 - VBJDU18422021801 - INFO - 第 2 题
2018-09-25 18:02:39,281 - VBJDU18422021801 - INFO - 《好好先生》《神探飞机头》是由哪位美国好来坞巨星主演？
2018-09-25 18:02:40,177 - VBJDU18422021801 - INFO - A.迪塞尔 B.施瓦辛格 C.金·凯瑞
2018-09-25 18:02:40,747 - VBJDU18422021801 - DEBUG - 在线检索答案
2018-09-25 18:02:40,747 - VBJDU18422021801 - INFO - 我的答案：金·凯瑞
2018-09-25 18:02:41,438 - VBJDU18422021801 - DEBUG - 选择选项
2018-09-25 18:02:43,534 - VBJDU18422021801 - INFO - 答案正确
2018-09-25 18:02:43,534 - VBJDU18422021801 - DEBUG - 添加此题
2018-09-25 18:02:44,590 - VBJDU18422021801 - INFO - 本题结束
2018-09-25 18:02:44,590 - VBJDU18422021801 - DEBUG - 获取题目
2018-09-25 18:02:46,785 - VBJDU18422021801 - INFO - 第 3 题
2018-09-25 18:02:47,074 - VBJDU18422021801 - INFO - 通常所说的海鲜过敏是因为下面哪种情况？
2018-09-25 18:02:48,012 - VBJDU18422021801 - INFO - A.组织胺中毒 B.芽孢杆菌中毒 C.龙葵素中毒
2018-09-25 18:02:48,779 - VBJDU18422021801 - DEBUG - 未检索到答案
2018-09-25 18:02:48,779 - VBJDU18422021801 - INFO - 我的答案：组织胺中毒
2018-09-25 18:02:49,502 - VBJDU18422021801 - DEBUG - 选择选项
2018-09-25 18:02:51,687 - VBJDU18422021801 - INFO - 答案正确
2018-09-25 18:02:51,687 - VBJDU18422021801 - DEBUG - 添加此题
2018-09-25 18:02:52,648 - VBJDU18422021801 - INFO - 本题结束
2018-09-25 18:02:52,648 - VBJDU18422021801 - DEBUG - 获取题目
2018-09-25 18:02:54,902 - VBJDU18422021801 - INFO - 第 4 题
2018-09-25 18:02:55,208 - VBJDU18422021801 - INFO - 每年的五月一日是希腊人的迎春节，人们常常在门前挂上
2018-09-25 18:02:56,160 - VBJDU18422021801 - INFO - A.橄榄枝 B.柳条枝 C.花环
2018-09-25 18:02:56,733 - VBJDU18422021801 - DEBUG - 未检索到答案
2018-09-25 18:02:56,733 - VBJDU18422021801 - INFO - 我的答案：橄榄枝
2018-09-25 18:02:57,393 - VBJDU18422021801 - DEBUG - 选择选项
2018-09-25 18:02:59,426 - VBJDU18422021801 - INFO - 答案错误
2018-09-25 18:02:59,640 - VBJDU18422021801 - INFO - 正确答案；花环
2018-09-25 18:02:59,640 - VBJDU18422021801 - DEBUG - 添加此题
2018-09-25 18:03:01,296 - VBJDU18422021801 - INFO - 本题结束
2018-09-25 18:03:01,296 - VBJDU18422021801 - DEBUG - 获取题目
2018-09-25 18:03:03,510 - VBJDU18422021801 - INFO - 第 5 题
2018-09-25 18:03:03,806 - VBJDU18422021801 - INFO - 以下哪一艘美国海军战列舰在大西洋参加了诺曼底登陆的炮火掩护？
2018-09-25 18:03:04,767 - VBJDU18422021801 - INFO - A.新墨西哥号 B.内华达号 C.华盛顿号
2018-09-25 18:03:05,327 - VBJDU18422021801 - DEBUG - 在线检索答案
2018-09-25 18:03:05,328 - VBJDU18422021801 - INFO - 我的答案：新墨西哥号
2018-09-25 18:03:05,962 - VBJDU18422021801 - DEBUG - 选择选项
2018-09-25 18:03:08,130 - VBJDU18422021801 - INFO - 答案错误
2018-09-25 18:03:08,258 - VBJDU18422021801 - INFO - 正确答案；内华达号
2018-09-25 18:03:08,259 - VBJDU18422021801 - DEBUG - 添加此题
2018-09-25 18:03:08,805 - VBJDU18422021801 - INFO - 本题结束
2018-09-25 18:03:09,286 - VBJDU18422021801 - INFO - 比赛结果：第4名：380分
2018-09-25 18:03:10,286 - VBJDU18422021801 - INFO - 本场比赛结束
2018-09-25 18:03:10,328 - VBJDU18422021801 - INFO - 返回游戏页面
2018-09-25 18:03:11,996 - VBJDU18422021801 - INFO - 进入排位赛
2018-09-25 18:03:11,996 - VBJDU18422021801 - INFO - 正在匹配中......
2018-09-25 18:03:48,424 - VBJDU18422021801 - INFO - 匹配成功
2018-09-25 18:03:48,424 - VBJDU18422021801 - DEBUG - 获取题目
2018-09-25 18:03:49,639 - VBJDU18422021801 - INFO - 第 1 题
2018-09-25 18:03:49,981 - VBJDU18422021801 - INFO - 《One Night In 北京》是哪个乐团演唱的？
2018-09-25 18:03:50,933 - VBJDU18422021801 - INFO - A.痛仰乐队 B.信乐团 C.花儿乐队
2018-09-25 18:03:51,533 - VBJDU18422021801 - DEBUG - 在线检索答案
2018-09-25 18:03:51,533 - VBJDU18422021801 - INFO - 我的答案：信乐团
2018-09-25 18:03:52,177 - VBJDU18422021801 - DEBUG - 选择选项
2018-09-25 18:03:54,296 - VBJDU18422021801 - INFO - 答案正确
2018-09-25 18:03:54,296 - VBJDU18422021801 - DEBUG - 添加此题
2018-09-25 18:03:57,257 - VBJDU18422021801 - INFO - 本题结束
2018-09-25 18:03:57,257 - VBJDU18422021801 - DEBUG - 获取题目
2018-09-25 18:03:59,624 - VBJDU18422021801 - INFO - 第 2 题
2018-09-25 18:03:59,943 - VBJDU18422021801 - INFO - “湖上朱桥响昼轮，溶溶春水浸春云”描绘的是哪个季节的景色？
2018-09-25 18:04:00,975 - VBJDU18422021801 - INFO - A.夏季 B.秋季 C.春季
2018-09-25 18:04:01,519 - VBJDU18422021801 - DEBUG - 未检索到答案
2018-09-25 18:04:01,519 - VBJDU18422021801 - INFO - 我的答案：夏季
2018-09-25 18:04:02,160 - VBJDU18422021801 - DEBUG - 选择选项
2018-09-25 18:04:04,312 - VBJDU18422021801 - INFO - 答案错误
2018-09-25 18:04:04,518 - VBJDU18422021801 - INFO - 正确答案；春季
2018-09-25 18:04:04,518 - VBJDU18422021801 - DEBUG - 添加此题
2018-09-25 18:04:06,347 - VBJDU18422021801 - INFO - 本题结束
2018-09-25 18:04:06,347 - VBJDU18422021801 - DEBUG - 获取题目
2018-09-25 18:04:08,676 - VBJDU18422021801 - INFO - 第 3 题
2018-09-25 18:04:08,980 - VBJDU18422021801 - INFO - 内蒙古境内最大的湖泊为？
2018-09-25 18:04:10,040 - VBJDU18422021801 - INFO - A.呼伦湖 B.哈素海 C.黄旗海
2018-09-25 18:04:10,701 - VBJDU18422021801 - DEBUG - 在线检索答案
2018-09-25 18:04:10,701 - VBJDU18422021801 - INFO - 我的答案：呼伦湖
2018-09-25 18:04:11,345 - VBJDU18422021801 - DEBUG - 选择选项
2018-09-25 18:04:13,426 - VBJDU18422021801 - INFO - 答案正确
2018-09-25 18:04:13,426 - VBJDU18422021801 - DEBUG - 添加此题
2018-09-25 18:04:14,294 - VBJDU18422021801 - INFO - 本题结束
2018-09-25 18:04:14,294 - VBJDU18422021801 - DEBUG - 获取题目
2018-09-25 18:04:16,624 - VBJDU18422021801 - INFO - 第 4 题
2018-09-25 18:04:16,925 - VBJDU18422021801 - INFO - 我国家用电器使用的是
2018-09-25 18:04:17,823 - VBJDU18422021801 - INFO - A.直流电流 B.交流电流 C.脉动电流
2018-09-25 18:04:18,640 - VBJDU18422021801 - DEBUG - 未检索到答案
2018-09-25 18:04:18,640 - VBJDU18422021801 - INFO - 我的答案：直流电流
2018-09-25 18:04:19,394 - VBJDU18422021801 - DEBUG - 选择选项
2018-09-25 18:04:21,474 - VBJDU18422021801 - INFO - 答案错误
2018-09-25 18:04:21,609 - VBJDU18422021801 - INFO - 正确答案；交流电流
2018-09-25 18:04:21,609 - VBJDU18422021801 - DEBUG - 添加此题
2018-09-25 18:04:22,609 - VBJDU18422021801 - INFO - 本题结束
2018-09-25 18:04:22,609 - VBJDU18422021801 - DEBUG - 获取题目
2018-09-25 18:04:24,718 - VBJDU18422021801 - INFO - 第 5 题
2018-09-25 18:04:25,012 - VBJDU18422021801 - INFO - 在休闲游戏《欢乐斗地主》中，最大的牌型是什么？
2018-09-25 18:04:25,996 - VBJDU18422021801 - INFO - A.飞机 B.王炸 C.A炸
2018-09-25 18:04:25,996 - VBJDU18422021801 - DEBUG - 数据库中检索答案
2018-09-25 18:04:25,996 - VBJDU18422021801 - INFO - 我的答案：王炸
2018-09-25 18:04:26,625 - VBJDU18422021801 - DEBUG - 选择选项
2018-09-25 18:04:28,717 - VBJDU18422021801 - INFO - 答案正确
2018-09-25 18:04:29,590 - VBJDU18422021801 - INFO - 本题结束
2018-09-25 18:04:30,060 - VBJDU18422021801 - INFO - 比赛结果：第4名：660分
2018-09-25 18:04:31,075 - VBJDU18422021801 - INFO - 本场比赛结束
2018-09-25 18:04:31,114 - VBJDU18422021801 - INFO - 返回游戏页面
2018-09-25 18:04:32,763 - VBJDU18422021801 - INFO - 进入排位赛
2018-09-25 18:04:32,763 - VBJDU18422021801 - INFO - 正在匹配中......
2018-09-25 18:05:12,584 - VBJDU18422021801 - INFO - 匹配成功
2018-09-25 18:05:12,585 - VBJDU18422021801 - DEBUG - 获取题目
2018-09-25 18:05:13,329 - VBJDU18422021801 - INFO - 第 1 题
2018-09-25 18:05:13,640 - VBJDU18422021801 - INFO - 哪个不是凤凰古城的人文景点？
2018-09-25 18:05:14,587 - VBJDU18422021801 - INFO - A.沈从文故居 B.虹桥 C.鲁迅故居
2018-09-25 18:05:14,591 - VBJDU18422021801 - DEBUG - 数据库中检索答案
2018-09-25 18:05:14,591 - VBJDU18422021801 - INFO - 我的答案：鲁迅故居
2018-09-25 18:05:15,288 - VBJDU18422021801 - DEBUG - 选择选项
2018-09-25 18:05:17,395 - VBJDU18422021801 - INFO - 答案正确
2018-09-25 18:05:27,487 - VBJDU18422021801 - INFO - 本题结束
2018-09-25 18:05:27,487 - VBJDU18422021801 - DEBUG - 获取题目
2018-09-25 18:05:29,702 - VBJDU18422021801 - INFO - 第 2 题
2018-09-25 18:05:30,007 - VBJDU18422021801 - INFO - 地球同步卫星的运转速度和什么保持一致？
2018-09-25 18:05:30,928 - VBJDU18422021801 - INFO - A.地球的自转速度 B.地球的公转速度 C.月亮的公转速度
2018-09-25 18:05:31,679 - VBJDU18422021801 - DEBUG - 未检索到答案
2018-09-25 18:05:31,694 - VBJDU18422021801 - INFO - 我的答案：地球的自转速度
2018-09-25 18:05:32,352 - VBJDU18422021801 - DEBUG - 选择选项
2018-09-25 18:05:34,485 - VBJDU18422021801 - INFO - 答案正确
2018-09-25 18:05:34,486 - VBJDU18422021801 - DEBUG - 添加此题
2018-09-25 18:05:35,966 - VBJDU18422021801 - INFO - 本题结束
2018-09-25 18:05:35,966 - VBJDU18422021801 - DEBUG - 获取题目
2018-09-25 18:05:38,314 - VBJDU18422021801 - INFO - 第 3 题
2018-09-25 18:05:38,640 - VBJDU18422021801 - INFO - 比赛进行中，对手悔棋应该
2018-09-25 18:05:39,519 - VBJDU18422021801 - INFO - A.跟对手争吵 B.假装没看见 C.请裁判来看
2018-09-25 18:05:40,075 - VBJDU18422021801 - DEBUG - 未检索到答案
2018-09-25 18:05:40,075 - VBJDU18422021801 - INFO - 我的答案：跟对手争吵
2018-09-25 18:05:40,805 - VBJDU18422021801 - DEBUG - 选择选项
2018-09-25 18:05:42,918 - VBJDU18422021801 - INFO - 答案错误
2018-09-25 18:05:43,113 - VBJDU18422021801 - INFO - 正确答案；请裁判来看
2018-09-25 18:05:43,113 - VBJDU18422021801 - DEBUG - 添加此题
2018-09-25 18:05:43,797 - VBJDU18422021801 - INFO - 本题结束
2018-09-25 18:05:43,797 - VBJDU18422021801 - DEBUG - 获取题目
2018-09-25 18:05:46,027 - VBJDU18422021801 - INFO - 第 4 题
2018-09-25 18:05:46,361 - VBJDU18422021801 - INFO - 国鸟为公鸡的国家，是以下哪个？
2018-09-25 18:05:47,327 - VBJDU18422021801 - INFO - A.美国 B.德国 C.法国
2018-09-25 18:05:47,327 - VBJDU18422021801 - DEBUG - 数据库中检索答案
2018-09-25 18:05:47,327 - VBJDU18422021801 - INFO - 我的答案：法国
2018-09-25 18:05:48,046 - VBJDU18422021801 - DEBUG - 选择选项
2018-09-25 18:05:50,117 - VBJDU18422021801 - INFO - 答案正确
2018-09-25 18:05:51,593 - VBJDU18422021801 - INFO - 本题结束
2018-09-25 18:05:51,593 - VBJDU18422021801 - DEBUG - 获取题目
2018-09-25 18:05:53,823 - VBJDU18422021801 - INFO - 第 5 题
2018-09-25 18:05:54,160 - VBJDU18422021801 - INFO - 迄今为止，以下哪种生物被人们发现的含蛋白质最高的生物？
2018-09-25 18:05:55,096 - VBJDU18422021801 - INFO - A.毛虾 B.龙虾 C.磷虾
2018-09-25 18:05:55,747 - VBJDU18422021801 - DEBUG - 未检索到答案
2018-09-25 18:05:55,747 - VBJDU18422021801 - INFO - 我的答案：毛虾
2018-09-25 18:05:56,471 - VBJDU18422021801 - DEBUG - 选择选项
2018-09-25 18:05:58,563 - VBJDU18422021801 - INFO - 答案错误
2018-09-25 18:05:58,821 - VBJDU18422021801 - INFO - 正确答案；磷虾
2018-09-25 18:05:58,821 - VBJDU18422021801 - DEBUG - 添加此题
2018-09-25 18:05:59,717 - VBJDU18422021801 - INFO - 本题结束
2018-09-25 18:06:00,240 - VBJDU18422021801 - INFO - 比赛结果：第4名：580分
2018-09-25 18:06:01,240 - VBJDU18422021801 - INFO - 本场比赛结束
2018-09-25 18:06:01,282 - VBJDU18422021801 - INFO - 返回游戏页面
2018-09-25 18:06:02,878 - VBJDU18422021801 - INFO - 进入排位赛
2018-09-25 18:06:02,878 - VBJDU18422021801 - INFO - 正在匹配中......
2018-09-25 18:06:17,176 - VBJDU18422021801 - INFO - 匹配成功
2018-09-25 18:06:17,176 - VBJDU18422021801 - DEBUG - 获取题目
2018-09-25 18:06:17,906 - VBJDU18422021801 - INFO - 第 1 题
2018-09-25 18:06:18,207 - VBJDU18422021801 - INFO - 下列品牌中哪个的别称是“雕牌”？
2018-09-25 18:06:19,239 - VBJDU18422021801 - INFO - A.香奈儿 B.兰蔻 C.迪奥
2018-09-25 18:06:19,717 - VBJDU18422021801 - DEBUG - 在线检索答案
2018-09-25 18:06:19,717 - VBJDU18422021801 - INFO - 我的答案：迪奥
2018-09-25 18:06:20,440 - VBJDU18422021801 - DEBUG - 选择选项
2018-09-25 18:06:22,578 - VBJDU18422021801 - INFO - 答案正确
2018-09-25 18:06:22,579 - VBJDU18422021801 - DEBUG - 添加此题
2018-09-25 18:06:24,967 - VBJDU18422021801 - INFO - 本题结束
2018-09-25 18:06:24,968 - VBJDU18422021801 - DEBUG - 获取题目
2018-09-25 18:06:27,114 - VBJDU18422021801 - INFO - 第 2 题
2018-09-25 18:06:27,395 - VBJDU18422021801 - INFO - 西晋的第一位皇帝是谁？
2018-09-25 18:06:28,296 - VBJDU18422021801 - INFO - A.司马昭 B.司马炎 C.司马师
2018-09-25 18:06:29,261 - VBJDU18422021801 - DEBUG - 在线检索答案
2018-09-25 18:06:29,261 - VBJDU18422021801 - INFO - 我的答案：司马炎
2018-09-25 18:06:29,934 - VBJDU18422021801 - DEBUG - 选择选项
2018-09-25 18:06:32,103 - VBJDU18422021801 - INFO - 答案正确
2018-09-25 18:06:32,104 - VBJDU18422021801 - DEBUG - 添加此题
2018-09-25 18:06:42,120 - VBJDU18422021801 - INFO - 本题结束
2018-09-25 18:06:42,121 - VBJDU18422021801 - DEBUG - 获取题目
2018-09-25 18:06:44,166 - VBJDU18422021801 - INFO - 第 3 题
2018-09-25 18:06:44,480 - VBJDU18422021801 - INFO - 吉娃娃是古老的犬种之一，你知道吉娃娃的原产地是哪里吗？
2018-09-25 18:06:45,399 - VBJDU18422021801 - INFO - A.墨西哥 B.瑞士 C.土耳其
2018-09-25 18:06:46,339 - VBJDU18422021801 - DEBUG - 在线检索答案
2018-09-25 18:06:46,339 - VBJDU18422021801 - INFO - 我的答案：墨西哥
2018-09-25 18:06:47,059 - VBJDU18422021801 - DEBUG - 选择选项
2018-09-25 18:06:49,177 - VBJDU18422021801 - INFO - 答案正确
2018-09-25 18:06:49,177 - VBJDU18422021801 - DEBUG - 添加此题
2018-09-25 18:06:59,269 - VBJDU18422021801 - INFO - 本题结束
2018-09-25 18:06:59,269 - VBJDU18422021801 - DEBUG - 获取题目
2018-09-25 18:07:01,454 - VBJDU18422021801 - INFO - 第 4 题
2018-09-25 18:07:01,821 - VBJDU18422021801 - INFO - 病人男性，56岁，甲状腺手术后，该病人取半坐卧位的目的是
2018-09-25 18:07:02,880 - VBJDU18422021801 - INFO - A.减轻心脏负担 B.减少静脉回流量 C.减少局部出血
2018-09-25 18:07:03,614 - VBJDU18422021801 - DEBUG - 在线检索答案
2018-09-25 18:07:03,615 - VBJDU18422021801 - INFO - 我的答案：减少局部出血
2018-09-25 18:07:04,272 - VBJDU18422021801 - DEBUG - 选择选项
2018-09-25 18:07:06,465 - VBJDU18422021801 - INFO - 答案正确
2018-09-25 18:07:06,466 - VBJDU18422021801 - DEBUG - 添加此题
2018-09-25 18:07:16,509 - VBJDU18422021801 - INFO - 本题结束
2018-09-25 18:07:16,509 - VBJDU18422021801 - DEBUG - 获取题目
2018-09-25 18:07:18,585 - VBJDU18422021801 - INFO - 第 5 题
2018-09-25 18:07:18,965 - VBJDU18422021801 - INFO - 春节三日有客来（打一字）
2018-09-25 18:07:20,053 - VBJDU18422021801 - INFO - A.缤 B.滨 C.傧
2018-09-25 18:07:20,688 - VBJDU18422021801 - DEBUG - 未检索到答案
2018-09-25 18:07:20,688 - VBJDU18422021801 - INFO - 我的答案：缤
2018-09-25 18:07:21,377 - VBJDU18422021801 - DEBUG - 选择选项
2018-09-25 18:07:23,465 - VBJDU18422021801 - INFO - 答案错误
2018-09-25 18:07:23,666 - VBJDU18422021801 - INFO - 正确答案；傧
2018-09-25 18:07:23,667 - VBJDU18422021801 - DEBUG - 添加此题
2018-09-25 18:07:33,409 - VBJDU18422021801 - INFO - 本题结束
2018-09-25 18:07:33,901 - VBJDU18422021801 - INFO - 比赛结果：第2名：810分
2018-09-25 18:07:34,903 - VBJDU18422021801 - INFO - 本场比赛结束
2018-09-25 18:07:34,945 - VBJDU18422021801 - INFO - 返回游戏页面
2018-09-25 18:07:36,534 - VBJDU18422021801 - INFO - 进入排位赛
2018-09-25 18:07:36,534 - VBJDU18422021801 - INFO - 正在匹配中......
2018-09-25 18:07:59,687 - VBJDU18422021801 - INFO - 匹配成功
2018-09-25 18:07:59,687 - VBJDU18422021801 - DEBUG - 获取题目
2018-09-25 18:08:00,426 - VBJDU18422021801 - INFO - 第 1 题
2018-09-25 18:08:00,702 - VBJDU18422021801 - INFO - 日本民间国花是以下哪种？
2018-09-25 18:08:01,945 - VBJDU18422021801 - INFO - A.樱花 B.百合花 C.杜鹃花
2018-09-25 18:08:02,560 - VBJDU18422021801 - DEBUG - 在线检索答案
2018-09-25 18:08:02,561 - VBJDU18422021801 - INFO - 我的答案：樱花
2018-09-25 18:08:03,239 - VBJDU18422021801 - DEBUG - 选择选项
2018-09-25 18:08:05,368 - VBJDU18422021801 - INFO - 答案正确
2018-09-25 18:08:05,368 - VBJDU18422021801 - DEBUG - 添加此题
2018-09-25 18:08:06,307 - VBJDU18422021801 - INFO - 本题结束
2018-09-25 18:08:06,307 - VBJDU18422021801 - DEBUG - 获取题目
2018-09-25 18:08:08,565 - VBJDU18422021801 - INFO - 第 2 题
2018-09-25 18:08:08,903 - VBJDU18422021801 - INFO - 人们通常把哪个系统，认为是现代军队的神经中枢，是兵力的倍增器？
2018-09-25 18:08:09,838 - VBJDU18422021801 - INFO - A.NMD B.C4ISR C.TMD
2018-09-25 18:08:10,426 - VBJDU18422021801 - DEBUG - 未检索到答案
2018-09-25 18:08:10,426 - VBJDU18422021801 - INFO - 我的答案：NMD
2018-09-25 18:08:11,170 - VBJDU18422021801 - DEBUG - 选择选项
2018-09-25 18:08:13,305 - VBJDU18422021801 - INFO - 答案错误
2018-09-25 18:08:13,443 - VBJDU18422021801 - INFO - 正确答案；C4ISR
2018-09-25 18:08:13,444 - VBJDU18422021801 - DEBUG - 添加此题
2018-09-25 18:08:14,079 - VBJDU18422021801 - INFO - 本题结束
2018-09-25 18:08:14,079 - VBJDU18422021801 - DEBUG - 获取题目
2018-09-25 18:08:16,364 - VBJDU18422021801 - INFO - 第 3 题
2018-09-25 18:08:16,711 - VBJDU18422021801 - INFO - 在太空工作时间最长的空间站“和平号”，它是在哪年发射升空的？
2018-09-25 18:08:17,687 - VBJDU18422021801 - INFO - A.1986年 B.1984年 C.1985年
2018-09-25 18:08:17,687 - VBJDU18422021801 - DEBUG - 数据库中检索答案
2018-09-25 18:08:17,687 - VBJDU18422021801 - INFO - 我的答案：1986年
2018-09-25 18:08:18,371 - VBJDU18422021801 - DEBUG - 选择选项
2018-09-25 18:08:20,473 - VBJDU18422021801 - INFO - 答案正确
2018-09-25 18:08:23,351 - VBJDU18422021801 - INFO - 本题结束
2018-09-25 18:08:23,352 - VBJDU18422021801 - DEBUG - 获取题目
2018-09-25 18:08:25,757 - VBJDU18422021801 - INFO - 第 4 题
2018-09-25 18:08:26,052 - VBJDU18422021801 - INFO - 小明的爷爷，小花叫他外公，那小花叫小明的爸爸是什么？
2018-09-25 18:08:26,965 - VBJDU18422021801 - INFO - A.伯伯 B.舅舅 C.叔叔
2018-09-25 18:08:27,608 - VBJDU18422021801 - DEBUG - 未检索到答案
2018-09-25 18:08:27,608 - VBJDU18422021801 - INFO - 我的答案：伯伯
2018-09-25 18:08:28,283 - VBJDU18422021801 - DEBUG - 选择选项
2018-09-25 18:08:30,362 - VBJDU18422021801 - INFO - 答案错误
2018-09-25 18:08:30,502 - VBJDU18422021801 - INFO - 正确答案；舅舅
2018-09-25 18:08:30,502 - VBJDU18422021801 - DEBUG - 添加此题
2018-09-25 18:08:32,464 - VBJDU18422021801 - INFO - 本题结束
2018-09-25 18:08:32,464 - VBJDU18422021801 - DEBUG - 获取题目
2018-09-25 18:08:34,804 - VBJDU18422021801 - INFO - 第 5 题
2018-09-25 18:08:35,108 - VBJDU18422021801 - INFO - 在英语当中，哪两个字母的出现频率最高？
2018-09-25 18:08:36,045 - VBJDU18422021801 - INFO - A.(e,t) B.(t,h) C.(h,m)
2018-09-25 18:08:36,049 - VBJDU18422021801 - DEBUG - 数据库中检索答案
2018-09-25 18:08:36,049 - VBJDU18422021801 - INFO - 我的答案：(e,t)
2018-09-25 18:08:36,737 - VBJDU18422021801 - DEBUG - 选择选项
2018-09-25 18:08:38,837 - VBJDU18422021801 - INFO - 答案正确
2018-09-25 18:08:39,765 - VBJDU18422021801 - INFO - 本题结束
2018-09-25 18:08:40,193 - VBJDU18422021801 - INFO - 比赛结果：第4名：660分
2018-09-25 18:08:41,203 - VBJDU18422021801 - INFO - 本场比赛结束
2018-09-25 18:08:41,252 - VBJDU18422021801 - INFO - 返回游戏页面
2018-09-25 18:08:42,874 - VBJDU18422021801 - INFO - 进入排位赛
2018-09-25 18:08:42,874 - VBJDU18422021801 - INFO - 正在匹配中......
2018-09-25 18:10:47,009 - VBJDU18422021801 - WARNING - 匹配失败
2018-09-25 18:10:47,113 - VBJDU18422021801 - INFO - 返回游戏页面
2018-09-25 18:10:48,746 - VBJDU18422021801 - INFO - 进入排位赛
2018-09-25 18:10:48,746 - VBJDU18422021801 - INFO - 正在匹配中......
2018-09-25 18:10:57,718 - VBJDU18422021801 - INFO - 匹配成功
2018-09-25 18:10:57,718 - VBJDU18422021801 - DEBUG - 获取题目
2018-09-25 18:10:58,441 - VBJDU18422021801 - INFO - 第 1 题
2018-09-25 18:10:58,765 - VBJDU18422021801 - INFO - 电视剧《夏至未至》的插曲《追光者》是由谁填词的？
2018-09-25 18:10:59,669 - VBJDU18422021801 - INFO - A.马敬 B.乔羽 C.唐恬
2018-09-25 18:11:00,393 - VBJDU18422021801 - DEBUG - 在线检索答案
2018-09-25 18:11:01,363 - VBJDU18422021801 - INFO - 我的答案：马敬
2018-09-25 18:11:02,034 - VBJDU18422021801 - DEBUG - 选择选项
2018-09-25 18:11:04,287 - VBJDU18422021801 - INFO - 答案错误
2018-09-25 18:11:04,491 - VBJDU18422021801 - INFO - 正确答案；唐恬
2018-09-25 18:11:04,492 - VBJDU18422021801 - DEBUG - 添加此题
2018-09-25 18:11:06,408 - VBJDU18422021801 - INFO - 本题结束
2018-09-25 18:11:06,408 - VBJDU18422021801 - DEBUG - 获取题目
2018-09-25 18:11:08,717 - VBJDU18422021801 - INFO - 第 2 题
2018-09-25 18:11:09,028 - VBJDU18422021801 - INFO - 因其利尿的作用，在欧洲被称为“尿床草”的是哪种草本植物？
2018-09-25 18:11:10,060 - VBJDU18422021801 - INFO - A.白河车 B.蒲公英 C.车前草
2018-09-25 18:11:10,655 - VBJDU18422021801 - DEBUG - 在线检索答案
2018-09-25 18:11:10,655 - VBJDU18422021801 - INFO - 我的答案：蒲公英
2018-09-25 18:11:11,345 - VBJDU18422021801 - DEBUG - 选择选项
2018-09-25 18:11:13,379 - VBJDU18422021801 - INFO - 答案正确
2018-09-25 18:11:13,379 - VBJDU18422021801 - DEBUG - 添加此题
2018-09-25 18:11:14,207 - VBJDU18422021801 - INFO - 本题结束
2018-09-25 18:11:14,208 - VBJDU18422021801 - DEBUG - 获取题目
2018-09-25 18:11:16,426 - VBJDU18422021801 - INFO - 第 3 题
2018-09-25 18:11:16,775 - VBJDU18422021801 - INFO - 做减法题时把减数十位上的6看成了9，结果得46，原来正确的答案是多少？
2018-09-25 18:11:17,703 - VBJDU18422021801 - INFO - A. 49 B. 76 C. 43
2018-09-25 18:11:18,804 - VBJDU18422021801 - DEBUG - 在线检索答案
2018-09-25 18:11:18,804 - VBJDU18422021801 - INFO - 我的答案： 43
2018-09-25 18:11:19,454 - VBJDU18422021801 - DEBUG - 选择选项
2018-09-25 18:11:21,566 - VBJDU18422021801 - INFO - 答案错误
2018-09-25 18:11:21,821 - VBJDU18422021801 - INFO - 正确答案； 76
2018-09-25 18:11:21,821 - VBJDU18422021801 - DEBUG - 添加此题
2018-09-25 18:11:23,256 - VBJDU18422021801 - INFO - 本题结束
2018-09-25 18:11:23,256 - VBJDU18422021801 - DEBUG - 获取题目
2018-09-25 18:11:25,457 - VBJDU18422021801 - INFO - 第 4 题
2018-09-25 18:11:25,734 - VBJDU18422021801 - INFO - 狗在人类的生活中有重要的作用，如魏玛犬能作为一种什么犬帮助人类？
2018-09-25 18:11:26,655 - VBJDU18422021801 - INFO - A.家庭犬 B.梗类犬 C.枪猎犬
2018-09-25 18:11:26,655 - VBJDU18422021801 - DEBUG - 数据库中检索答案
2018-09-25 18:11:26,655 - VBJDU18422021801 - INFO - 我的答案：枪猎犬
2018-09-25 18:11:27,345 - VBJDU18422021801 - DEBUG - 选择选项
2018-09-25 18:11:29,473 - VBJDU18422021801 - INFO - 答案正确
2018-09-25 18:11:32,128 - VBJDU18422021801 - INFO - 本题结束
2018-09-25 18:11:32,128 - VBJDU18422021801 - DEBUG - 获取题目
2018-09-25 18:11:34,340 - VBJDU18422021801 - INFO - 第 5 题
2018-09-25 18:11:34,632 - VBJDU18422021801 - INFO - 日食必发生在朔日，即一定发生在哪一天？
2018-09-25 18:11:35,601 - VBJDU18422021801 - INFO - A.五月初一 B.六月初五 C.农历初一
2018-09-25 18:11:36,314 - VBJDU18422021801 - DEBUG - 在线检索答案
2018-09-25 18:11:36,314 - VBJDU18422021801 - INFO - 我的答案：农历初一
2018-09-25 18:11:37,021 - VBJDU18422021801 - DEBUG - 选择选项
2018-09-25 18:11:39,131 - VBJDU18422021801 - INFO - 答案正确
2018-09-25 18:11:39,131 - VBJDU18422021801 - DEBUG - 添加此题
2018-09-25 18:11:46,013 - VBJDU18422021801 - INFO - 本题结束
2018-09-25 18:11:46,535 - VBJDU18422021801 - INFO - 比赛结果：第3名：680分
2018-09-25 18:11:47,548 - VBJDU18422021801 - INFO - 本场比赛结束
2018-09-25 18:11:47,592 - VBJDU18422021801 - INFO - 返回游戏页面
2018-09-25 18:11:49,177 - VBJDU18422021801 - INFO - 进入排位赛
2018-09-25 18:11:49,177 - VBJDU18422021801 - INFO - 正在匹配中......
2018-09-25 18:11:52,685 - VBJDU18422021801 - INFO - 匹配成功
2018-09-25 18:11:52,685 - VBJDU18422021801 - DEBUG - 获取题目
2018-09-25 18:11:54,123 - VBJDU18422021801 - INFO - 第 1 题
2018-09-25 18:11:54,427 - VBJDU18422021801 - INFO - 在《我的失忆男友》中，丁叮是从哪归来的？
2018-09-25 18:11:55,361 - VBJDU18422021801 - INFO - A.法国 B.美国 C.日本
2018-09-25 18:11:55,919 - VBJDU18422021801 - DEBUG - 在线检索答案
2018-09-25 18:11:55,919 - VBJDU18422021801 - INFO - 我的答案：美国
2018-09-25 18:11:56,552 - VBJDU18422021801 - DEBUG - 选择选项
2018-09-25 18:11:58,623 - VBJDU18422021801 - INFO - 答案正确
2018-09-25 18:11:58,638 - VBJDU18422021801 - DEBUG - 添加此题
2018-09-25 18:12:08,519 - VBJDU18422021801 - INFO - 本题结束
2018-09-25 18:12:08,519 - VBJDU18422021801 - DEBUG - 获取题目
2018-09-25 18:12:10,734 - VBJDU18422021801 - INFO - 第 2 题
2018-09-25 18:12:11,077 - VBJDU18422021801 - INFO - 大家互祝新年好 (打两中国地名)
2018-09-25 18:12:11,973 - VBJDU18422021801 - INFO - A.庆元、同安 B.同安、重庆 C.开平、庆元
2018-09-25 18:12:11,977 - VBJDU18422021801 - DEBUG - 数据库中检索答案
2018-09-25 18:12:11,977 - VBJDU18422021801 - INFO - 我的答案：庆元、同安
2018-09-25 18:12:12,658 - VBJDU18422021801 - DEBUG - 选择选项
2018-09-25 18:12:14,818 - VBJDU18422021801 - INFO - 答案正确
2018-09-25 18:12:25,654 - VBJDU18422021801 - INFO - 本题结束
2018-09-25 18:12:25,654 - VBJDU18422021801 - DEBUG - 获取题目
2018-09-25 18:12:27,838 - VBJDU18422021801 - INFO - 第 3 题
2018-09-25 18:12:28,207 - VBJDU18422021801 - INFO - 下列哪一宿是东方苍龙七宿之一？
2018-09-25 18:12:29,091 - VBJDU18422021801 - INFO - A.柳宿 B.参宿 C.心宿
2018-09-25 18:12:29,655 - VBJDU18422021801 - DEBUG - 在线检索答案
2018-09-25 18:12:29,655 - VBJDU18422021801 - INFO - 我的答案：心宿
2018-09-25 18:12:30,307 - VBJDU18422021801 - DEBUG - 选择选项
2018-09-25 18:12:32,370 - VBJDU18422021801 - INFO - 答案正确
2018-09-25 18:12:32,370 - VBJDU18422021801 - DEBUG - 添加此题
2018-09-25 18:12:42,727 - VBJDU18422021801 - INFO - 本题结束
2018-09-25 18:12:42,728 - VBJDU18422021801 - DEBUG - 获取题目
2018-09-25 18:12:45,004 - VBJDU18422021801 - INFO - 第 4 题
2018-09-25 18:12:45,331 - VBJDU18422021801 - INFO - 哪部法律规定了高等院校的学生在就学期间，必须接受基本军事训练
2018-09-25 18:12:46,275 - VBJDU18422021801 - INFO - A.《国防法》 B.《兵役法》 C.《国防教育法》
2018-09-25 18:12:46,278 - VBJDU18422021801 - DEBUG - 数据库中检索答案
2018-09-25 18:12:46,278 - VBJDU18422021801 - INFO - 我的答案：《兵役法》
2018-09-25 18:12:46,918 - VBJDU18422021801 - DEBUG - 选择选项
2018-09-25 18:12:48,965 - VBJDU18422021801 - INFO - 答案正确
2018-09-25 18:13:00,043 - VBJDU18422021801 - INFO - 本题结束
2018-09-25 18:13:00,043 - VBJDU18422021801 - DEBUG - 获取题目
2018-09-25 18:13:01,973 - VBJDU18422021801 - INFO - 第 5 题
2018-09-25 18:13:02,282 - VBJDU18422021801 - INFO - 与婴幼儿智力发育密切相关的内分泌腺是：
2018-09-25 18:13:03,299 - VBJDU18422021801 - INFO - A.胰腺 B.腺垂体 C.甲状腺
2018-09-25 18:13:03,864 - VBJDU18422021801 - DEBUG - 在线检索答案
2018-09-25 18:13:03,864 - VBJDU18422021801 - INFO - 我的答案：腺垂体
2018-09-25 18:13:04,551 - VBJDU18422021801 - DEBUG - 选择选项
2018-09-25 18:13:06,623 - VBJDU18422021801 - INFO - 答案错误
2018-09-25 18:13:06,852 - VBJDU18422021801 - INFO - 正确答案；甲状腺
2018-09-25 18:13:06,853 - VBJDU18422021801 - DEBUG - 添加此题
2018-09-25 18:13:17,144 - VBJDU18422021801 - INFO - 本题结束
2018-09-25 18:13:17,655 - VBJDU18422021801 - INFO - 比赛结果：第2名：830分
2018-09-25 18:13:18,664 - VBJDU18422021801 - INFO - 本场比赛结束
2018-09-25 18:13:18,711 - VBJDU18422021801 - INFO - 返回游戏页面
2018-09-25 18:13:20,277 - VBJDU18422021801 - INFO - 进入排位赛
2018-09-25 18:13:20,277 - VBJDU18422021801 - INFO - 正在匹配中......
2018-09-25 18:13:28,549 - VBJDU18422021801 - INFO - 匹配成功
2018-09-25 18:13:28,549 - VBJDU18422021801 - DEBUG - 获取题目
2018-09-25 18:13:29,822 - VBJDU18422021801 - INFO - 第 1 题
2018-09-25 18:13:30,130 - VBJDU18422021801 - INFO - 1984年央视春晚朱时茂和哪位小品演员共同表演小品《吃面条》
2018-09-25 18:13:31,113 - VBJDU18422021801 - INFO - A.陈佩斯 B.潘长江 C.蔡明
2018-09-25 18:13:31,701 - VBJDU18422021801 - DEBUG - 在线检索答案
2018-09-25 18:13:31,701 - VBJDU18422021801 - INFO - 我的答案：陈佩斯
2018-09-25 18:13:32,384 - VBJDU18422021801 - DEBUG - 选择选项
2018-09-25 18:13:34,518 - VBJDU18422021801 - INFO - 答案正确
2018-09-25 18:13:34,518 - VBJDU18422021801 - DEBUG - 添加此题
2018-09-25 18:13:36,837 - VBJDU18422021801 - INFO - 本题结束
2018-09-25 18:13:36,837 - VBJDU18422021801 - DEBUG - 获取题目
2018-09-25 18:13:39,114 - VBJDU18422021801 - INFO - 第 2 题
2018-09-25 18:13:39,425 - VBJDU18422021801 - INFO - 中国神话故事“精卫填海”中，精卫是用树枝和什么东西填海的？
2018-09-25 18:13:40,312 - VBJDU18422021801 - INFO - A.石头 B.花朵 C.破布
2018-09-25 18:13:41,152 - VBJDU18422021801 - DEBUG - 在线检索答案
2018-09-25 18:13:41,152 - VBJDU18422021801 - INFO - 我的答案：石头
2018-09-25 18:13:41,928 - VBJDU18422021801 - DEBUG - 选择选项
2018-09-25 18:13:44,059 - VBJDU18422021801 - INFO - 答案正确
2018-09-25 18:13:44,059 - VBJDU18422021801 - DEBUG - 添加此题
2018-09-25 18:13:45,779 - VBJDU18422021801 - INFO - 本题结束
2018-09-25 18:13:45,779 - VBJDU18422021801 - DEBUG - 获取题目
2018-09-25 18:13:48,224 - VBJDU18422021801 - INFO - 第 3 题
2018-09-25 18:13:48,582 - VBJDU18422021801 - INFO - 洗印70张照片需要840元，每张照片洗印需要多少钱？
2018-09-25 18:13:49,591 - VBJDU18422021801 - INFO - A.17元 B.11元 C.12元
2018-09-25 18:13:50,221 - VBJDU18422021801 - DEBUG - 在线检索答案
2018-09-25 18:13:50,221 - VBJDU18422021801 - INFO - 我的答案：12元
2018-09-25 18:13:50,918 - VBJDU18422021801 - DEBUG - 选择选项
2018-09-25 18:13:53,012 - VBJDU18422021801 - INFO - 答案正确
2018-09-25 18:13:53,027 - VBJDU18422021801 - DEBUG - 添加此题
2018-09-25 18:13:58,503 - VBJDU18422021801 - INFO - 本题结束
2018-09-25 18:13:58,503 - VBJDU18422021801 - DEBUG - 获取题目
2018-09-25 18:14:00,786 - VBJDU18422021801 - INFO - 第 4 题
2018-09-25 18:14:01,114 - VBJDU18422021801 - INFO - 萤火虫的发光器位于哪个部位？
2018-09-25 18:14:02,067 - VBJDU18422021801 - INFO - A.翅膀 B.腹部末端 C.头部顶端
2018-09-25 18:14:02,669 - VBJDU18422021801 - DEBUG - 在线检索答案
2018-09-25 18:14:02,669 - VBJDU18422021801 - INFO - 我的答案：腹部末端
2018-09-25 18:14:03,450 - VBJDU18422021801 - DEBUG - 选择选项
2018-09-25 18:14:05,492 - VBJDU18422021801 - INFO - 答案正确
2018-09-25 18:14:05,493 - VBJDU18422021801 - DEBUG - 添加此题
2018-09-25 18:14:07,624 - VBJDU18422021801 - INFO - 本题结束
2018-09-25 18:14:07,624 - VBJDU18422021801 - DEBUG - 获取题目
2018-09-25 18:14:09,946 - VBJDU18422021801 - INFO - 第 5 题
2018-09-25 18:14:10,263 - VBJDU18422021801 - INFO - 古代寒食节的传统食品不包括以下哪项？
2018-09-25 18:14:11,232 - VBJDU18422021801 - INFO - A.枣饼 B.凉糕 C.粽子
2018-09-25 18:14:12,008 - VBJDU18422021801 - DEBUG - 在线检索答案
2018-09-25 18:14:12,008 - VBJDU18422021801 - INFO - 我的答案：枣饼
2018-09-25 18:14:12,706 - VBJDU18422021801 - DEBUG - 选择选项
2018-09-25 18:14:14,915 - VBJDU18422021801 - INFO - 答案错误
2018-09-25 18:14:15,111 - VBJDU18422021801 - INFO - 正确答案；粽子
2018-09-25 18:14:15,112 - VBJDU18422021801 - DEBUG - 添加此题
2018-09-25 18:14:16,843 - VBJDU18422021801 - INFO - 本题结束
2018-09-25 18:14:17,278 - VBJDU18422021801 - INFO - 比赛结果：第4名：800分
2018-09-25 18:14:18,280 - VBJDU18422021801 - INFO - 本场比赛结束
2018-09-25 18:14:18,311 - VBJDU18422021801 - INFO - 返回游戏页面
2018-09-25 18:14:19,996 - VBJDU18422021801 - INFO - 进入排位赛
2018-09-25 18:14:19,996 - VBJDU18422021801 - INFO - 正在匹配中......
2018-09-25 18:14:39,718 - VBJDU18422021801 - INFO - 匹配成功
2018-09-25 18:14:39,718 - VBJDU18422021801 - DEBUG - 获取题目
2018-09-25 18:14:41,011 - VBJDU18422021801 - INFO - 第 1 题
2018-09-25 18:14:41,328 - VBJDU18422021801 - INFO - 《霓裳羽衣曲》是创作于我国哪个朝代的著名舞曲？
2018-09-25 18:14:42,266 - VBJDU18422021801 - INFO - A.唐朝 B.宋朝 C.明朝
2018-09-25 18:14:42,933 - VBJDU18422021801 - DEBUG - 在线检索答案
2018-09-25 18:14:42,933 - VBJDU18422021801 - INFO - 我的答案：唐朝
2018-09-25 18:14:43,588 - VBJDU18422021801 - DEBUG - 选择选项
2018-09-25 18:14:45,671 - VBJDU18422021801 - INFO - 答案正确
2018-09-25 18:14:45,671 - VBJDU18422021801 - DEBUG - 添加此题
2018-09-25 18:14:47,114 - VBJDU18422021801 - INFO - 本题结束
2018-09-25 18:14:47,114 - VBJDU18422021801 - DEBUG - 获取题目
2018-09-25 18:14:49,176 - VBJDU18422021801 - INFO - 第 2 题
2018-09-25 18:14:49,456 - VBJDU18422021801 - INFO - 下列哪对混合后可产生二氧化碳？
2018-09-25 18:14:50,395 - VBJDU18422021801 - INFO - A.醋和鸡蛋壳 B.醋和塑料 C.铜和醋
2018-09-25 18:14:51,272 - VBJDU18422021801 - DEBUG - 在线检索答案
2018-09-25 18:14:51,272 - VBJDU18422021801 - INFO - 我的答案：醋和鸡蛋壳
2018-09-25 18:14:52,030 - VBJDU18422021801 - DEBUG - 选择选项
2018-09-25 18:14:54,096 - VBJDU18422021801 - INFO - 答案正确
2018-09-25 18:14:54,096 - VBJDU18422021801 - DEBUG - 添加此题
2018-09-25 18:14:55,877 - VBJDU18422021801 - INFO - 本题结束
2018-09-25 18:14:55,878 - VBJDU18422021801 - DEBUG - 获取题目
2018-09-25 18:14:58,297 - VBJDU18422021801 - INFO - 第 3 题
2018-09-25 18:14:58,656 - VBJDU18422021801 - INFO - 兰州拉面有“一清二白三红四绿五黄”之说，“三红”指哪种佐料？
2018-09-25 18:14:59,640 - VBJDU18422021801 - INFO - A.红糖 B.番茄酱 C.辣椒
2018-09-25 18:15:00,313 - VBJDU18422021801 - DEBUG - 在线检索答案
2018-09-25 18:15:00,313 - VBJDU18422021801 - INFO - 我的答案：辣椒
2018-09-25 18:15:01,160 - VBJDU18422021801 - DEBUG - 选择选项
2018-09-25 18:15:03,269 - VBJDU18422021801 - INFO - 答案正确
2018-09-25 18:15:03,270 - VBJDU18422021801 - DEBUG - 添加此题
2018-09-25 18:15:04,630 - VBJDU18422021801 - INFO - 本题结束
2018-09-25 18:15:04,630 - VBJDU18422021801 - DEBUG - 获取题目
2018-09-25 18:15:07,024 - VBJDU18422021801 - INFO - 第 4 题
2018-09-25 18:15:07,425 - VBJDU18422021801 - INFO - “奇迹水”“奇迹乳”是以下哪个品牌的产品？
2018-09-25 18:15:08,344 - VBJDU18422021801 - INFO - A.OLAY B.温碧泉 C.碧欧泉
2018-09-25 18:15:08,360 - VBJDU18422021801 - DEBUG - 数据库中检索答案
2018-09-25 18:15:08,360 - VBJDU18422021801 - INFO - 我的答案：碧欧泉
2018-09-25 18:15:08,990 - VBJDU18422021801 - DEBUG - 选择选项
2018-09-25 18:15:11,096 - VBJDU18422021801 - INFO - 答案正确
2018-09-25 18:15:11,929 - VBJDU18422021801 - INFO - 本题结束
2018-09-25 18:15:11,929 - VBJDU18422021801 - DEBUG - 获取题目
2018-09-25 18:15:13,981 - VBJDU18422021801 - INFO - 第 5 题
2018-09-25 18:15:14,293 - VBJDU18422021801 - INFO - 世界杯历史上进球年龄最小的纪录是由谁创造的？
2018-09-25 18:15:15,186 - VBJDU18422021801 - INFO - A.贝利 B.内马尔 C.贝克汉姆
2018-09-25 18:15:16,295 - VBJDU18422021801 - DEBUG - 在线检索答案
2018-09-25 18:15:16,295 - VBJDU18422021801 - INFO - 我的答案：贝利
2018-09-25 18:15:17,014 - VBJDU18422021801 - DEBUG - 选择选项
2018-09-25 18:15:19,130 - VBJDU18422021801 - INFO - 答案正确
2018-09-25 18:15:19,130 - VBJDU18422021801 - DEBUG - 添加此题
2018-09-25 18:15:20,113 - VBJDU18422021801 - INFO - 本题结束
2018-09-25 18:15:20,550 - VBJDU18422021801 - INFO - 比赛结果：第2名：1140分
2018-09-25 18:15:21,551 - VBJDU18422021801 - INFO - 本场比赛结束
2018-09-25 18:15:21,593 - VBJDU18422021801 - INFO - 返回游戏页面
2018-09-25 18:15:23,258 - VBJDU18422021801 - INFO - 进入排位赛
2018-09-25 18:15:23,258 - VBJDU18422021801 - INFO - 正在匹配中......
2018-09-25 18:15:26,002 - VBJDU18422021801 - INFO - 匹配成功
2018-09-25 18:15:26,002 - VBJDU18422021801 - DEBUG - 获取题目
2018-09-25 18:15:27,487 - VBJDU18422021801 - INFO - 第 1 题
2018-09-25 18:15:27,821 - VBJDU18422021801 - INFO - 孔雀开屏的主要目的是什么？
2018-09-25 18:15:28,766 - VBJDU18422021801 - INFO - A.寻找食物 B.吸引雌性 C.吓走敌人
2018-09-25 18:15:28,769 - VBJDU18422021801 - DEBUG - 数据库中检索答案
2018-09-25 18:15:28,769 - VBJDU18422021801 - INFO - 我的答案：吸引雌性
2018-09-25 18:15:29,531 - VBJDU18422021801 - DEBUG - 选择选项
2018-09-25 18:15:31,656 - VBJDU18422021801 - INFO - 答案正确
2018-09-25 18:15:32,458 - VBJDU18422021801 - INFO - 本题结束
2018-09-25 18:15:32,458 - VBJDU18422021801 - DEBUG - 获取题目
2018-09-25 18:15:34,746 - VBJDU18422021801 - INFO - 第 2 题
2018-09-25 18:15:35,038 - VBJDU18422021801 - INFO - 一般乒乓球的正规比赛，采用什么制？
2018-09-25 18:15:35,954 - VBJDU18422021801 - INFO - A.三局两胜制 B.七局四胜制或五局三胜制 C.八局六胜制
2018-09-25 18:15:36,837 - VBJDU18422021801 - DEBUG - 未检索到答案
2018-09-25 18:15:36,837 - VBJDU18422021801 - INFO - 我的答案：三局两胜制
2018-09-25 18:15:37,520 - VBJDU18422021801 - DEBUG - 选择选项
2018-09-25 18:15:39,656 - VBJDU18422021801 - INFO - 答案错误
2018-09-25 18:15:39,838 - VBJDU18422021801 - INFO - 正确答案；七局四胜制或五局三胜制
2018-09-25 18:15:39,838 - VBJDU18422021801 - DEBUG - 添加此题
2018-09-25 18:15:41,874 - VBJDU18422021801 - INFO - 本题结束
2018-09-25 18:15:41,875 - VBJDU18422021801 - DEBUG - 获取题目
2018-09-25 18:15:44,243 - VBJDU18422021801 - INFO - 第 3 题
2018-09-25 18:15:44,556 - VBJDU18422021801 - INFO - 吴孟达经常在电影里饰演周星驰的什么亲戚？
2018-09-25 18:15:45,504 - VBJDU18422021801 - INFO - A.父亲 B.姑丈 C.叔叔
2018-09-25 18:15:46,404 - VBJDU18422021801 - DEBUG - 在线检索答案
2018-09-25 18:15:46,404 - VBJDU18422021801 - INFO - 我的答案：父亲
2018-09-25 18:15:47,106 - VBJDU18422021801 - DEBUG - 选择选项
2018-09-25 18:15:49,263 - VBJDU18422021801 - INFO - 答案正确
2018-09-25 18:15:49,263 - VBJDU18422021801 - DEBUG - 添加此题
2018-09-25 18:15:50,145 - VBJDU18422021801 - INFO - 本题结束
2018-09-25 18:15:50,145 - VBJDU18422021801 - DEBUG - 获取题目
2018-09-25 18:15:52,440 - VBJDU18422021801 - INFO - 第 4 题
2018-09-25 18:15:52,763 - VBJDU18422021801 - INFO - 黎族人放牛时为什么给牛脖子上带个木铃？
2018-09-25 18:15:53,672 - VBJDU18422021801 - INFO - A.赶蚊子 B.便于寻找 C.归属标记
2018-09-25 18:15:54,315 - VBJDU18422021801 - DEBUG - 在线检索答案
2018-09-25 18:15:54,316 - VBJDU18422021801 - INFO - 我的答案：便于寻找
2018-09-25 18:15:55,027 - VBJDU18422021801 - DEBUG - 选择选项
2018-09-25 18:15:57,178 - VBJDU18422021801 - INFO - 答案正确
2018-09-25 18:15:57,193 - VBJDU18422021801 - DEBUG - 添加此题
2018-09-25 18:15:59,639 - VBJDU18422021801 - INFO - 本题结束
2018-09-25 18:15:59,639 - VBJDU18422021801 - DEBUG - 获取题目
2018-09-25 18:16:01,883 - VBJDU18422021801 - INFO - 第 5 题
2018-09-25 18:16:02,212 - VBJDU18422021801 - INFO - “对棋陪谢傅”中的“谢傅”指的是？
2018-09-25 18:16:03,129 - VBJDU18422021801 - INFO - A.谢灵运 B.谢夷武 C.谢安
2018-09-25 18:16:03,844 - VBJDU18422021801 - DEBUG - 在线检索答案
2018-09-25 18:16:03,845 - VBJDU18422021801 - INFO - 我的答案：谢安
2018-09-25 18:16:04,615 - VBJDU18422021801 - DEBUG - 选择选项
2018-09-25 18:16:06,748 - VBJDU18422021801 - INFO - 答案正确
2018-09-25 18:16:06,748 - VBJDU18422021801 - DEBUG - 添加此题
2018-09-25 18:16:07,487 - VBJDU18422021801 - INFO - 本题结束
2018-09-25 18:16:07,980 - VBJDU18422021801 - INFO - 比赛结果：第2名：880分
2018-09-25 18:16:08,995 - VBJDU18422021801 - INFO - 本场比赛结束
2018-09-25 18:16:09,042 - VBJDU18422021801 - INFO - 返回游戏页面
2018-09-25 18:16:10,687 - VBJDU18422021801 - INFO - 进入排位赛
2018-09-25 18:16:10,687 - VBJDU18422021801 - INFO - 正在匹配中......
2018-09-25 18:16:19,083 - VBJDU18422021801 - INFO - 匹配成功
2018-09-25 18:16:19,083 - VBJDU18422021801 - DEBUG - 获取题目
2018-09-25 18:16:20,181 - VBJDU18422021801 - INFO - 第 1 题
2018-09-25 18:16:20,471 - VBJDU18422021801 - INFO - 被誉为“中国导弹之父”的科学家是谁？
2018-09-25 18:16:21,424 - VBJDU18422021801 - INFO - A.王淦昌 B.邓稼先 C.钱学森
2018-09-25 18:16:22,420 - VBJDU18422021801 - DEBUG - 在线检索答案
2018-09-25 18:16:22,421 - VBJDU18422021801 - INFO - 我的答案：钱学森
2018-09-25 18:16:23,119 - VBJDU18422021801 - DEBUG - 选择选项
2018-09-25 18:16:25,216 - VBJDU18422021801 - INFO - 答案正确
2018-09-25 18:16:25,216 - VBJDU18422021801 - DEBUG - 添加此题
2018-09-25 18:16:27,981 - VBJDU18422021801 - INFO - 本题结束
2018-09-25 18:16:27,981 - VBJDU18422021801 - DEBUG - 获取题目
2018-09-25 18:16:30,240 - VBJDU18422021801 - INFO - 第 2 题
2018-09-25 18:16:30,550 - VBJDU18422021801 - INFO - 以下哪个对人、畜均有强烈的毒害作用，毒性为霉菌毒素中之最？
2018-09-25 18:16:31,613 - VBJDU18422021801 - INFO - A.霉菌毒素 B.黄曲霉毒素 C.肉毒杆菌
2018-09-25 18:16:32,254 - VBJDU18422021801 - DEBUG - 在线检索答案
2018-09-25 18:16:32,254 - VBJDU18422021801 - INFO - 我的答案：霉菌毒素
2018-09-25 18:16:32,900 - VBJDU18422021801 - DEBUG - 选择选项
2018-09-25 18:16:35,114 - VBJDU18422021801 - INFO - 答案错误
2018-09-25 18:16:35,270 - VBJDU18422021801 - INFO - 正确答案；黄曲霉毒素
2018-09-25 18:16:35,271 - VBJDU18422021801 - DEBUG - 添加此题
2018-09-25 18:16:39,592 - VBJDU18422021801 - INFO - 本题结束
2018-09-25 18:16:39,592 - VBJDU18422021801 - DEBUG - 获取题目
2018-09-25 18:16:41,797 - VBJDU18422021801 - INFO - 第 3 题
2018-09-25 18:16:42,087 - VBJDU18422021801 - INFO - WII游戏机是哪一公司的产品？
2018-09-25 18:16:43,125 - VBJDU18422021801 - INFO - A.任天堂 B.索尼 C.微软
2018-09-25 18:16:43,130 - VBJDU18422021801 - DEBUG - 数据库中检索答案
2018-09-25 18:16:43,130 - VBJDU18422021801 - INFO - 我的答案：任天堂
2018-09-25 18:16:43,814 - VBJDU18422021801 - DEBUG - 选择选项
2018-09-25 18:16:45,942 - VBJDU18422021801 - INFO - 答案正确
2018-09-25 18:16:47,023 - VBJDU18422021801 - INFO - 本题结束
2018-09-25 18:16:47,023 - VBJDU18422021801 - DEBUG - 获取题目
2018-09-25 18:16:49,207 - VBJDU18422021801 - INFO - 第 4 题
2018-09-25 18:16:49,565 - VBJDU18422021801 - INFO - 以下哪一个选项不属于建筑师马岩松的主要作品？
2018-09-25 18:16:50,585 - VBJDU18422021801 - INFO - A.黄山太平湖公寓 B.平潭艺术博物馆 C.南宋御街陈列馆
2018-09-25 18:16:51,113 - VBJDU18422021801 - DEBUG - 在线检索答案
2018-09-25 18:16:51,113 - VBJDU18422021801 - INFO - 我的答案：黄山太平湖公寓
2018-09-25 18:16:51,852 - VBJDU18422021801 - DEBUG - 选择选项
2018-09-25 18:16:54,075 - VBJDU18422021801 - INFO - 答案错误
2018-09-25 18:16:54,281 - VBJDU18422021801 - INFO - 正确答案；南宋御街陈列馆
2018-09-25 18:16:54,282 - VBJDU18422021801 - DEBUG - 添加此题
2018-09-25 18:16:56,208 - VBJDU18422021801 - INFO - 本题结束
2018-09-25 18:16:56,208 - VBJDU18422021801 - DEBUG - 获取题目
2018-09-25 18:16:58,424 - VBJDU18422021801 - INFO - 第 5 题
2018-09-25 18:16:58,732 - VBJDU18422021801 - INFO - （）被称为韩国现代围棋的开山鼻祖
2018-09-25 18:16:59,671 - VBJDU18422021801 - INFO - A.金寅 B.尹奇炫 C.赵南哲
2018-09-25 18:16:59,671 - VBJDU18422021801 - DEBUG - 数据库中检索答案
2018-09-25 18:16:59,671 - VBJDU18422021801 - INFO - 我的答案：赵南哲
2018-09-25 18:17:00,345 - VBJDU18422021801 - DEBUG - 选择选项
2018-09-25 18:17:02,472 - VBJDU18422021801 - INFO - 答案正确
2018-09-25 18:17:05,014 - VBJDU18422021801 - INFO - 本题结束
2018-09-25 18:17:05,561 - VBJDU18422021801 - INFO - 比赛结果：第4名：660分
2018-09-25 18:17:06,563 - VBJDU18422021801 - INFO - 本场比赛结束
2018-09-25 18:17:06,609 - VBJDU18422021801 - INFO - 返回游戏页面
2018-09-25 18:17:08,278 - VBJDU18422021801 - INFO - 进入排位赛
2018-09-25 18:17:08,279 - VBJDU18422021801 - INFO - 正在匹配中......
2018-09-25 18:17:26,704 - VBJDU18422021801 - INFO - 匹配成功
2018-09-25 18:17:26,704 - VBJDU18422021801 - DEBUG - 获取题目
2018-09-25 18:17:27,992 - VBJDU18422021801 - INFO - 第 1 题
2018-09-25 18:17:28,283 - VBJDU18422021801 - INFO - 10名女生站一排，每隔2名女生放3名男生，共放几名男生？
2018-09-25 18:17:29,160 - VBJDU18422021801 - INFO - A.24名 B.12名 C.20名
2018-09-25 18:17:29,904 - VBJDU18422021801 - DEBUG - 未检索到答案
2018-09-25 18:17:29,904 - VBJDU18422021801 - INFO - 我的答案：24名
2018-09-25 18:17:30,592 - VBJDU18422021801 - DEBUG - 选择选项
2018-09-25 18:17:32,687 - VBJDU18422021801 - INFO - 答案错误
2018-09-25 18:17:32,821 - VBJDU18422021801 - INFO - 正确答案；12名
2018-09-25 18:17:32,821 - VBJDU18422021801 - DEBUG - 添加此题
2018-09-25 18:17:36,591 - VBJDU18422021801 - INFO - 本题结束
2018-09-25 18:17:36,591 - VBJDU18422021801 - DEBUG - 获取题目
2018-09-25 18:17:38,703 - VBJDU18422021801 - INFO - 第 2 题
2018-09-25 18:17:38,991 - VBJDU18422021801 - INFO - 把多项式x^2﹣6x+9分解因式，结果正确的是
2018-09-25 18:17:39,992 - VBJDU18422021801 - INFO - A.（x+3）（x﹣3） B.（x﹣3）^2 C.（x﹣9）^2
2018-09-25 18:17:40,689 - VBJDU18422021801 - DEBUG - 未检索到答案
2018-09-25 18:17:40,689 - VBJDU18422021801 - INFO - 我的答案：（x+3）（x﹣3）
2018-09-25 18:17:41,394 - VBJDU18422021801 - DEBUG - 选择选项
2018-09-25 18:17:43,518 - VBJDU18422021801 - INFO - 答案错误
2018-09-25 18:17:43,640 - VBJDU18422021801 - INFO - 正确答案；（x﹣3）^2
2018-09-25 18:17:43,640 - VBJDU18422021801 - DEBUG - 添加此题
2018-09-25 18:17:45,671 - VBJDU18422021801 - INFO - 本题结束
2018-09-25 18:17:45,671 - VBJDU18422021801 - DEBUG - 获取题目
2018-09-25 18:17:47,888 - VBJDU18422021801 - INFO - 第 3 题
2018-09-25 18:17:48,176 - VBJDU18422021801 - INFO - 扑克牌最早起源于哪个国家?
2018-09-25 18:17:49,091 - VBJDU18422021801 - INFO - A.中国 B.法国 C.西班牙
2018-09-25 18:17:49,114 - VBJDU18422021801 - DEBUG - 数据库中检索答案
2018-09-25 18:17:49,114 - VBJDU18422021801 - INFO - 我的答案：中国
2018-09-25 18:17:49,896 - VBJDU18422021801 - DEBUG - 选择选项
2018-09-25 18:17:51,979 - VBJDU18422021801 - INFO - 答案正确
2018-09-25 18:17:53,797 - VBJDU18422021801 - INFO - 本题结束
2018-09-25 18:17:53,797 - VBJDU18422021801 - DEBUG - 获取题目
2018-09-25 18:17:56,013 - VBJDU18422021801 - INFO - 第 4 题
2018-09-25 18:17:56,328 - VBJDU18422021801 - INFO - 电视剧《情深深雨蒙蒙》中，赵薇饰演的角色跳的是上海的哪座桥？
2018-09-25 18:17:57,296 - VBJDU18422021801 - INFO - A.南浦大桥 B.徐浦大桥 C.外白渡桥
2018-09-25 18:17:58,518 - VBJDU18422021801 - DEBUG - 在线检索答案
2018-09-25 18:17:58,518 - VBJDU18422021801 - INFO - 我的答案：外白渡桥
2018-09-25 18:17:59,346 - VBJDU18422021801 - DEBUG - 选择选项
2018-09-25 18:18:01,425 - VBJDU18422021801 - INFO - 答案正确
2018-09-25 18:18:01,425 - VBJDU18422021801 - DEBUG - 添加此题
2018-09-25 18:18:02,981 - VBJDU18422021801 - INFO - 本题结束
2018-09-25 18:18:02,981 - VBJDU18422021801 - DEBUG - 获取题目
2018-09-25 18:18:05,312 - VBJDU18422021801 - INFO - 第 5 题
2018-09-25 18:18:05,592 - VBJDU18422021801 - INFO - 第一个“全国法制宣传日”是哪一年？
2018-09-25 18:18:06,519 - VBJDU18422021801 - INFO - A.2000年 B.2001年 C.2003年
2018-09-25 18:18:07,294 - VBJDU18422021801 - DEBUG - 在线检索答案
2018-09-25 18:18:07,294 - VBJDU18422021801 - INFO - 我的答案：2001年
2018-09-25 18:18:08,025 - VBJDU18422021801 - DEBUG - 选择选项
2018-09-25 18:18:10,129 - VBJDU18422021801 - INFO - 答案正确
2018-09-25 18:18:10,129 - VBJDU18422021801 - DEBUG - 添加此题
2018-09-25 18:18:11,362 - VBJDU18422021801 - INFO - 本题结束
2018-09-25 18:18:11,822 - VBJDU18422021801 - INFO - 比赛结果：第3名：690分
2018-09-25 18:18:12,837 - VBJDU18422021801 - INFO - 本场比赛结束
2018-09-25 18:18:12,885 - VBJDU18422021801 - INFO - 返回游戏页面
2018-09-25 18:18:14,535 - VBJDU18422021801 - INFO - 进入排位赛
2018-09-25 18:18:14,535 - VBJDU18422021801 - INFO - 正在匹配中......
2018-09-25 18:19:26,806 - VBJDU18422021801 - INFO - 匹配成功
2018-09-25 18:19:26,806 - VBJDU18422021801 - DEBUG - 获取题目
2018-09-25 18:19:28,023 - VBJDU18422021801 - INFO - 第 1 题
2018-09-25 18:19:28,362 - VBJDU18422021801 - INFO - 婴儿一般在多大时添加辅助食品比较好？
2018-09-25 18:19:29,277 - VBJDU18422021801 - INFO - A.2、3个月 B.5、6个月 C.7、8个月
2018-09-25 18:19:29,281 - VBJDU18422021801 - DEBUG - 数据库中检索答案
2018-09-25 18:19:29,281 - VBJDU18422021801 - INFO - 我的答案：5、6个月
2018-09-25 18:19:29,997 - VBJDU18422021801 - DEBUG - 选择选项
2018-09-25 18:19:32,100 - VBJDU18422021801 - INFO - 答案正确
2018-09-25 18:19:35,132 - VBJDU18422021801 - INFO - 本题结束
2018-09-25 18:19:35,133 - VBJDU18422021801 - DEBUG - 获取题目
2018-09-25 18:19:37,364 - VBJDU18422021801 - INFO - 第 2 题
2018-09-25 18:19:37,686 - VBJDU18422021801 - INFO - 三防系统不包括下列哪一项？
2018-09-25 18:19:38,750 - VBJDU18422021801 - INFO - A.防电磁脉冲武器 B.防生物武器 C.防化学武器
2018-09-25 18:19:39,982 - VBJDU18422021801 - DEBUG - 在线检索答案
2018-09-25 18:19:39,982 - VBJDU18422021801 - INFO - 我的答案：防电磁脉冲武器
2018-09-25 18:19:40,656 - VBJDU18422021801 - DEBUG - 选择选项
2018-09-25 18:19:42,781 - VBJDU18422021801 - INFO - 答案正确
2018-09-25 18:19:42,781 - VBJDU18422021801 - DEBUG - 添加此题
2018-09-25 18:19:47,486 - VBJDU18422021801 - INFO - 本题结束
2018-09-25 18:19:47,486 - VBJDU18422021801 - DEBUG - 获取题目
2018-09-25 18:19:49,686 - VBJDU18422021801 - INFO - 第 3 题
2018-09-25 18:19:50,006 - VBJDU18422021801 - INFO - 《红与黑》的作者是哪国人？
2018-09-25 18:19:50,927 - VBJDU18422021801 - INFO - A.比利时 B.德国 C.法国
2018-09-25 18:19:50,943 - VBJDU18422021801 - DEBUG - 数据库中检索答案
2018-09-25 18:19:50,943 - VBJDU18422021801 - INFO - 我的答案：法国
2018-09-25 18:19:51,609 - VBJDU18422021801 - DEBUG - 选择选项
2018-09-25 18:19:53,690 - VBJDU18422021801 - INFO - 答案正确
2018-09-25 18:19:55,741 - VBJDU18422021801 - INFO - 本题结束
2018-09-25 18:19:55,741 - VBJDU18422021801 - DEBUG - 获取题目
2018-09-25 18:19:57,946 - VBJDU18422021801 - INFO - 第 4 题
2018-09-25 18:19:58,282 - VBJDU18422021801 - INFO - 酸性体质是万病之源吗？
2018-09-25 18:19:59,207 - VBJDU18422021801 - INFO - A.更容易患病 B.碱性体质更容易患病 C.没有明确关系
2018-09-25 18:19:59,852 - VBJDU18422021801 - DEBUG - 未检索到答案
2018-09-25 18:19:59,852 - VBJDU18422021801 - INFO - 我的答案：更容易患病
2018-09-25 18:20:00,609 - VBJDU18422021801 - DEBUG - 选择选项
2018-09-25 18:20:02,732 - VBJDU18422021801 - INFO - 答案错误
2018-09-25 18:20:02,958 - VBJDU18422021801 - INFO - 正确答案；没有明确关系
2018-09-25 18:20:02,958 - VBJDU18422021801 - DEBUG - 添加此题
2018-09-25 18:20:06,836 - VBJDU18422021801 - INFO - 本题结束
2018-09-25 18:20:06,836 - VBJDU18422021801 - DEBUG - 获取题目
2018-09-25 18:20:09,065 - VBJDU18422021801 - INFO - 第 5 题
2018-09-25 18:20:09,425 - VBJDU18422021801 - INFO - 以下哪一首歌曲，不是女子流行演唱组合SHE的代表作？
2018-09-25 18:20:10,362 - VBJDU18422021801 - INFO - A.《中国话》 B.《其实我还好》 C.《不想长大》
2018-09-25 18:20:10,933 - VBJDU18422021801 - DEBUG - 在线检索答案
2018-09-25 18:20:10,933 - VBJDU18422021801 - INFO - 我的答案：《其实我还好》
2018-09-25 18:20:11,639 - VBJDU18422021801 - DEBUG - 选择选项
2018-09-25 18:20:13,734 - VBJDU18422021801 - INFO - 答案正确
2018-09-25 18:20:13,749 - VBJDU18422021801 - DEBUG - 添加此题
2018-09-25 18:20:17,837 - VBJDU18422021801 - INFO - 本题结束
2018-09-25 18:20:18,312 - VBJDU18422021801 - INFO - 比赛结果：第2名：880分
2018-09-25 18:20:19,313 - VBJDU18422021801 - INFO - 本场比赛结束
2018-09-25 18:20:19,347 - VBJDU18422021801 - INFO - 返回游戏页面
2018-09-25 18:20:20,976 - VBJDU18422021801 - INFO - 进入排位赛
2018-09-25 18:20:20,976 - VBJDU18422021801 - INFO - 正在匹配中......
2018-09-25 18:22:05,146 - VBJDU18422021801 - INFO - 匹配成功
2018-09-25 18:22:05,146 - VBJDU18422021801 - DEBUG - 获取题目
2018-09-25 18:22:06,718 - VBJDU18422021801 - INFO - 第 1 题
2018-09-25 18:22:07,028 - VBJDU18422021801 - INFO - 飞行棋共有多少只棋子？
2018-09-25 18:22:08,854 - VBJDU18422021801 - INFO - A.16 B.17 C.18
2018-09-25 18:22:09,424 - VBJDU18422021801 - DEBUG - 在线检索答案
2018-09-25 18:22:09,424 - VBJDU18422021801 - INFO - 我的答案：16
2018-09-25 18:22:10,191 - VBJDU18422021801 - DEBUG - 选择选项
2018-09-25 18:22:12,271 - VBJDU18422021801 - INFO - 答案正确
2018-09-25 18:22:12,271 - VBJDU18422021801 - DEBUG - 添加此题
2018-09-25 18:22:13,208 - VBJDU18422021801 - INFO - 本题结束
2018-09-25 18:22:13,208 - VBJDU18422021801 - DEBUG - 获取题目
2018-09-25 18:22:15,363 - VBJDU18422021801 - INFO - 第 2 题
2018-09-25 18:22:15,672 - VBJDU18422021801 - INFO - 2047转换成2进制有多少个1
2018-09-25 18:22:16,625 - VBJDU18422021801 - INFO - A.10 B.11 C.12
2018-09-25 18:22:17,328 - VBJDU18422021801 - DEBUG - 在线检索答案
2018-09-25 18:22:17,344 - VBJDU18422021801 - INFO - 我的答案：11
2018-09-25 18:22:18,009 - VBJDU18422021801 - DEBUG - 选择选项
2018-09-25 18:22:20,114 - VBJDU18422021801 - INFO - 答案正确
2018-09-25 18:22:20,114 - VBJDU18422021801 - DEBUG - 添加此题
2018-09-25 18:22:24,272 - VBJDU18422021801 - INFO - 本题结束
2018-09-25 18:22:24,273 - VBJDU18422021801 - DEBUG - 获取题目
2018-09-25 18:22:26,592 - VBJDU18422021801 - INFO - 第 3 题
2018-09-25 18:22:26,924 - VBJDU18422021801 - INFO - 万有引力常量是谁第一个测量的？
2018-09-25 18:22:27,889 - VBJDU18422021801 - INFO - A.爱因斯坦 B.卡文迪许 C.莱布尼茨
2018-09-25 18:22:28,877 - VBJDU18422021801 - DEBUG - 在线检索答案
2018-09-25 18:22:28,878 - VBJDU18422021801 - INFO - 我的答案：卡文迪许
2018-09-25 18:22:29,640 - VBJDU18422021801 - DEBUG - 选择选项
2018-09-25 18:22:31,838 - VBJDU18422021801 - INFO - 答案正确
2018-09-25 18:22:31,838 - VBJDU18422021801 - DEBUG - 添加此题
2018-09-25 18:22:34,059 - VBJDU18422021801 - INFO - 本题结束
2018-09-25 18:22:34,059 - VBJDU18422021801 - DEBUG - 获取题目
2018-09-25 18:22:36,072 - VBJDU18422021801 - INFO - 第 4 题
2018-09-25 18:22:36,392 - VBJDU18422021801 - INFO - 现存关于遗嘱继承的最早的法规产生于
2018-09-25 18:22:37,312 - VBJDU18422021801 - INFO - A.汉代 B.唐代 C.宋代
2018-09-25 18:22:38,055 - VBJDU18422021801 - DEBUG - 在线检索答案
2018-09-25 18:22:38,055 - VBJDU18422021801 - INFO - 我的答案：唐代
2018-09-25 18:22:38,763 - VBJDU18422021801 - DEBUG - 选择选项
2018-09-25 18:22:40,869 - VBJDU18422021801 - INFO - 答案正确
2018-09-25 18:22:40,869 - VBJDU18422021801 - DEBUG - 添加此题
2018-09-25 18:22:44,006 - VBJDU18422021801 - INFO - 本题结束
2018-09-25 18:22:44,006 - VBJDU18422021801 - DEBUG - 获取题目
2018-09-25 18:22:46,161 - VBJDU18422021801 - INFO - 第 5 题
2018-09-25 18:22:46,456 - VBJDU18422021801 - INFO - 单机版《忍者神龟》游戏中，使用双叉的拉斐尔神龟戴的是什么颜色的眼巾
2018-09-25 18:22:47,503 - VBJDU18422021801 - INFO - A.黄色 B.红色 C.蓝色
2018-09-25 18:22:47,518 - VBJDU18422021801 - DEBUG - 数据库中检索答案
2018-09-25 18:22:47,518 - VBJDU18422021801 - INFO - 我的答案：红色
2018-09-25 18:22:48,258 - VBJDU18422021801 - DEBUG - 选择选项
2018-09-25 18:22:50,362 - VBJDU18422021801 - INFO - 答案正确
2018-09-25 18:22:55,162 - VBJDU18422021801 - INFO - 本题结束
2018-09-25 18:22:55,639 - VBJDU18422021801 - INFO - 比赛结果：第1名：1120分
2018-09-25 18:22:56,639 - VBJDU18422021801 - INFO - 本场比赛结束
2018-09-25 18:22:56,671 - VBJDU18422021801 - INFO - 返回游戏页面
2018-09-25 18:22:58,379 - VBJDU18422021801 - INFO - 进入排位赛
2018-09-25 18:22:58,379 - VBJDU18422021801 - INFO - 正在匹配中......
2018-09-25 18:23:23,994 - VBJDU18422021801 - INFO - 匹配成功
2018-09-25 18:23:23,995 - VBJDU18422021801 - DEBUG - 获取题目
2018-09-25 18:23:24,770 - VBJDU18422021801 - INFO - 第 1 题
2018-09-25 18:23:25,058 - VBJDU18422021801 - INFO - 每年什么季节小孩子长的比较快？
2018-09-25 18:23:25,989 - VBJDU18422021801 - INFO - A.秋天 B.春天 C.冬天
2018-09-25 18:23:25,993 - VBJDU18422021801 - DEBUG - 数据库中检索答案
2018-09-25 18:23:25,993 - VBJDU18422021801 - INFO - 我的答案：春天
2018-09-25 18:23:26,768 - VBJDU18422021801 - DEBUG - 选择选项
2018-09-25 18:23:28,837 - VBJDU18422021801 - INFO - 答案正确
2018-09-25 18:23:29,805 - VBJDU18422021801 - INFO - 本题结束
2018-09-25 18:23:29,805 - VBJDU18422021801 - DEBUG - 获取题目
2018-09-25 18:23:32,176 - VBJDU18422021801 - INFO - 第 2 题
2018-09-25 18:23:32,531 - VBJDU18422021801 - INFO - 下列选项中，哪一种是属于常见的消化道传染病？
2018-09-25 18:23:33,486 - VBJDU18422021801 - INFO - A.肺结核 B.血吸虫病 C.细菌性痢疾
2018-09-25 18:23:34,387 - VBJDU18422021801 - DEBUG - 在线检索答案
2018-09-25 18:23:34,387 - VBJDU18422021801 - INFO - 我的答案：肺结核
2018-09-25 18:23:35,140 - VBJDU18422021801 - DEBUG - 选择选项
2018-09-25 18:23:37,235 - VBJDU18422021801 - INFO - 答案错误
2018-09-25 18:23:37,502 - VBJDU18422021801 - INFO - 正确答案；细菌性痢疾
2018-09-25 18:23:37,502 - VBJDU18422021801 - DEBUG - 添加此题
2018-09-25 18:23:38,130 - VBJDU18422021801 - INFO - 本题结束
2018-09-25 18:23:38,130 - VBJDU18422021801 - DEBUG - 获取题目
2018-09-25 18:23:40,472 - VBJDU18422021801 - INFO - 第 3 题
2018-09-25 18:23:40,783 - VBJDU18422021801 - INFO - 以果蝇杂交实验为基础，创立染色体遗传学的诺贝尔奖获得者是谁？
2018-09-25 18:23:41,734 - VBJDU18422021801 - INFO - A.比德尔 B.雷德博格 C.摩尔根
2018-09-25 18:23:42,295 - VBJDU18422021801 - DEBUG - 在线检索答案
2018-09-25 18:23:42,295 - VBJDU18422021801 - INFO - 我的答案：摩尔根
2018-09-25 18:23:42,965 - VBJDU18422021801 - DEBUG - 选择选项
2018-09-25 18:23:45,075 - VBJDU18422021801 - INFO - 答案正确
2018-09-25 18:23:45,075 - VBJDU18422021801 - DEBUG - 添加此题
2018-09-25 18:23:46,059 - VBJDU18422021801 - INFO - 本题结束
2018-09-25 18:23:46,059 - VBJDU18422021801 - DEBUG - 获取题目
2018-09-25 18:23:48,423 - VBJDU18422021801 - INFO - 第 4 题
2018-09-25 18:23:48,702 - VBJDU18422021801 - INFO - 星座最早是谁发现的？
2018-09-25 18:23:49,687 - VBJDU18422021801 - INFO - A.巴比伦人 B.央格鲁撒克逊人 C.希腊人
2018-09-25 18:23:50,362 - VBJDU18422021801 - DEBUG - 在线检索答案
2018-09-25 18:23:50,362 - VBJDU18422021801 - INFO - 我的答案：巴比伦人
2018-09-25 18:23:51,042 - VBJDU18422021801 - DEBUG - 选择选项
2018-09-25 18:23:53,176 - VBJDU18422021801 - INFO - 答案正确
2018-09-25 18:23:53,176 - VBJDU18422021801 - DEBUG - 添加此题
2018-09-25 18:23:54,045 - VBJDU18422021801 - INFO - 本题结束
2018-09-25 18:23:54,045 - VBJDU18422021801 - DEBUG - 获取题目
2018-09-25 18:23:56,296 - VBJDU18422021801 - INFO - 第 5 题
2018-09-25 18:23:56,672 - VBJDU18422021801 - INFO - 目前我国“存本取息”定期储蓄的起存金额是多少？
2018-09-25 18:23:57,592 - VBJDU18422021801 - INFO - A.5000元 B.10000元 C.1000元
2018-09-25 18:23:58,471 - VBJDU18422021801 - DEBUG - 在线检索答案
2018-09-25 18:23:58,471 - VBJDU18422021801 - INFO - 我的答案：5000元
2018-09-25 18:23:59,208 - VBJDU18422021801 - DEBUG - 选择选项
2018-09-25 18:24:01,424 - VBJDU18422021801 - INFO - 答案正确
2018-09-25 18:24:01,424 - VBJDU18422021801 - DEBUG - 添加此题
2018-09-25 18:24:02,565 - VBJDU18422021801 - INFO - 本题结束
2018-09-25 18:24:03,280 - VBJDU18422021801 - INFO - 比赛结果：第4名：880分
2018-09-25 18:24:04,280 - VBJDU18422021801 - INFO - 本场比赛结束
2018-09-25 18:24:04,313 - VBJDU18422021801 - INFO - 返回游戏页面
2018-09-25 18:24:05,888 - VBJDU18422021801 - INFO - 进入排位赛
2018-09-25 18:24:05,888 - VBJDU18422021801 - INFO - 正在匹配中......
2018-09-25 18:24:34,793 - VBJDU18422021801 - INFO - 匹配成功
2018-09-25 18:24:34,794 - VBJDU18422021801 - DEBUG - 获取题目
2018-09-25 18:24:35,466 - VBJDU18422021801 - INFO - 第 1 题
2018-09-25 18:24:35,802 - VBJDU18422021801 - INFO - 电视节目《演员的诞生》的主持人是以下哪位？
2018-09-25 18:24:36,738 - VBJDU18422021801 - INFO - A.谢娜 B.王嘉尔 C.张国立
2018-09-25 18:24:37,362 - VBJDU18422021801 - DEBUG - 在线检索答案
2018-09-25 18:24:37,362 - VBJDU18422021801 - INFO - 我的答案：张国立
2018-09-25 18:24:38,145 - VBJDU18422021801 - DEBUG - 选择选项
2018-09-25 18:24:40,238 - VBJDU18422021801 - INFO - 答案正确
2018-09-25 18:24:40,238 - VBJDU18422021801 - DEBUG - 添加此题
2018-09-25 18:24:41,471 - VBJDU18422021801 - INFO - 本题结束
2018-09-25 18:24:41,471 - VBJDU18422021801 - DEBUG - 获取题目
2018-09-25 18:24:43,765 - VBJDU18422021801 - INFO - 第 2 题
2018-09-25 18:24:44,058 - VBJDU18422021801 - INFO - 王家卫执导的首部英语电影是哪一部？
2018-09-25 18:24:45,044 - VBJDU18422021801 - INFO - A.《蓝莓之夜》 B.《重庆森林》 C.《堕落天使》
2018-09-25 18:24:45,784 - VBJDU18422021801 - DEBUG - 在线检索答案
2018-09-25 18:24:45,784 - VBJDU18422021801 - INFO - 我的答案：《蓝莓之夜》
2018-09-25 18:24:46,519 - VBJDU18422021801 - DEBUG - 选择选项
2018-09-25 18:24:48,902 - VBJDU18422021801 - INFO - 答案正确
2018-09-25 18:24:48,903 - VBJDU18422021801 - DEBUG - 添加此题
2018-09-25 18:24:51,488 - VBJDU18422021801 - INFO - 本题结束
2018-09-25 18:24:51,488 - VBJDU18422021801 - DEBUG - 获取题目
2018-09-25 18:24:53,551 - VBJDU18422021801 - INFO - 第 3 题
2018-09-25 18:24:53,852 - VBJDU18422021801 - INFO - 以下四道名菜中，没有用豆腐作为食材是？
2018-09-25 18:24:54,821 - VBJDU18422021801 - INFO - A.青岩豆腐 B.玉盏豆腐 C.平桥豆腐
2018-09-25 18:24:55,623 - VBJDU18422021801 - DEBUG - 在线检索答案
2018-09-25 18:24:55,623 - VBJDU18422021801 - INFO - 我的答案：平桥豆腐
2018-09-25 18:24:56,286 - VBJDU18422021801 - DEBUG - 选择选项
2018-09-25 18:24:58,376 - VBJDU18422021801 - INFO - 答案错误
2018-09-25 18:24:58,670 - VBJDU18422021801 - INFO - 正确答案；玉盏豆腐
2018-09-25 18:24:58,670 - VBJDU18422021801 - DEBUG - 添加此题
2018-09-25 18:25:00,928 - VBJDU18422021801 - INFO - 本题结束
2018-09-25 18:25:00,928 - VBJDU18422021801 - DEBUG - 获取题目
2018-09-25 18:25:03,186 - VBJDU18422021801 - INFO - 第 4 题
2018-09-25 18:25:03,483 - VBJDU18422021801 - INFO - 周杰伦和谢霆锋一起出演的电影名字
2018-09-25 18:25:04,438 - VBJDU18422021801 - INFO - A.《头文字D》 B.《大灌篮》 C.《逆战》
2018-09-25 18:25:05,192 - VBJDU18422021801 - DEBUG - 在线检索答案
2018-09-25 18:25:05,192 - VBJDU18422021801 - INFO - 我的答案：《逆战》
2018-09-25 18:25:05,902 - VBJDU18422021801 - DEBUG - 选择选项
2018-09-25 18:25:07,975 - VBJDU18422021801 - INFO - 答案正确
2018-09-25 18:25:07,975 - VBJDU18422021801 - DEBUG - 添加此题
2018-09-25 18:25:09,502 - VBJDU18422021801 - INFO - 本题结束
2018-09-25 18:25:09,502 - VBJDU18422021801 - DEBUG - 获取题目
2018-09-25 18:25:11,703 - VBJDU18422021801 - INFO - 第 5 题
2018-09-25 18:25:12,024 - VBJDU18422021801 - INFO - 新版电视剧《水浒传》共有几首歌词？
2018-09-25 18:25:12,931 - VBJDU18422021801 - INFO - A.二 B.四 C.六
2018-09-25 18:25:13,690 - VBJDU18422021801 - DEBUG - 在线检索答案
2018-09-25 18:25:13,690 - VBJDU18422021801 - INFO - 我的答案：四
2018-09-25 18:25:14,355 - VBJDU18422021801 - DEBUG - 选择选项
2018-09-25 18:25:16,491 - VBJDU18422021801 - INFO - 答案错误
2018-09-25 18:25:16,712 - VBJDU18422021801 - INFO - 正确答案；六
2018-09-25 18:25:16,714 - VBJDU18422021801 - DEBUG - 添加此题
2018-09-25 18:25:17,283 - VBJDU18422021801 - INFO - 本题结束
2018-09-25 18:25:17,748 - VBJDU18422021801 - INFO - 比赛结果：第4名：570分
2018-09-25 18:25:18,763 - VBJDU18422021801 - INFO - 本场比赛结束
2018-09-25 18:25:18,805 - VBJDU18422021801 - INFO - 返回游戏页面
2018-09-25 18:25:20,472 - VBJDU18422021801 - INFO - 进入排位赛
2018-09-25 18:25:20,472 - VBJDU18422021801 - INFO - 正在匹配中......
2018-09-25 18:25:50,108 - VBJDU18422021801 - INFO - 匹配成功
2018-09-25 18:25:50,108 - VBJDU18422021801 - DEBUG - 获取题目
2018-09-25 18:25:51,425 - VBJDU18422021801 - INFO - 第 1 题
2018-09-25 18:25:51,765 - VBJDU18422021801 - INFO - 春晚对联“天地人和万事兴”的下联是什么？
2018-09-25 18:25:52,690 - VBJDU18422021801 - INFO - A.盛世联欢大拜年 B.张灯结彩迎财神 C.开开心心拜大年
2018-09-25 18:25:53,478 - VBJDU18422021801 - DEBUG - 未检索到答案
2018-09-25 18:25:53,478 - VBJDU18422021801 - INFO - 我的答案：盛世联欢大拜年
2018-09-25 18:25:54,160 - VBJDU18422021801 - DEBUG - 选择选项
2018-09-25 18:25:56,253 - VBJDU18422021801 - INFO - 答案正确
2018-09-25 18:25:56,254 - VBJDU18422021801 - DEBUG - 添加此题
2018-09-25 18:25:57,065 - VBJDU18422021801 - INFO - 本题结束
2018-09-25 18:25:57,065 - VBJDU18422021801 - DEBUG - 获取题目
2018-09-25 18:25:59,224 - VBJDU18422021801 - INFO - 第 2 题
2018-09-25 18:25:59,502 - VBJDU18422021801 - INFO - 下列哪个城市的地球自转线速度最大？
2018-09-25 18:26:00,409 - VBJDU18422021801 - INFO - A.广州 B.北京 C.上海
2018-09-25 18:26:01,223 - VBJDU18422021801 - DEBUG - 在线检索答案
2018-09-25 18:26:01,223 - VBJDU18422021801 - INFO - 我的答案：北京
2018-09-25 18:26:01,883 - VBJDU18422021801 - DEBUG - 选择选项
2018-09-25 18:26:04,014 - VBJDU18422021801 - INFO - 答案错误
2018-09-25 18:26:04,133 - VBJDU18422021801 - INFO - 正确答案；广州
2018-09-25 18:26:04,134 - VBJDU18422021801 - DEBUG - 添加此题
2018-09-25 18:26:04,782 - VBJDU18422021801 - INFO - 本题结束
2018-09-25 18:26:04,782 - VBJDU18422021801 - DEBUG - 获取题目
2018-09-25 18:26:07,036 - VBJDU18422021801 - INFO - 第 3 题
2018-09-25 18:26:07,339 - VBJDU18422021801 - INFO - 爸爸今年48岁，儿子20岁，几年前爸爸的年龄是儿子的5倍？
2018-09-25 18:26:08,222 - VBJDU18422021801 - INFO - A.13年前 B.14年前 C.12年前
2018-09-25 18:26:09,425 - VBJDU18422021801 - DEBUG - 在线检索答案
2018-09-25 18:26:09,425 - VBJDU18422021801 - INFO - 我的答案：13年前
2018-09-25 18:26:10,114 - VBJDU18422021801 - DEBUG - 选择选项
2018-09-25 18:26:12,145 - VBJDU18422021801 - INFO - 答案正确
2018-09-25 18:26:12,145 - VBJDU18422021801 - DEBUG - 添加此题
2018-09-25 18:26:18,578 - VBJDU18422021801 - INFO - 本题结束
2018-09-25 18:26:18,578 - VBJDU18422021801 - DEBUG - 获取题目
2018-09-25 18:26:20,806 - VBJDU18422021801 - INFO - 第 4 题
2018-09-25 18:26:21,146 - VBJDU18422021801 - INFO - 世界上速度最快的地铁在哪个城市？
2018-09-25 18:26:22,091 - VBJDU18422021801 - INFO - A.旧金山 B.东京 C.巴黎
2018-09-25 18:26:22,846 - VBJDU18422021801 - DEBUG - 在线检索答案
2018-09-25 18:26:22,846 - VBJDU18422021801 - INFO - 我的答案：旧金山
2018-09-25 18:26:23,533 - VBJDU18422021801 - DEBUG - 选择选项
2018-09-25 18:26:25,698 - VBJDU18422021801 - INFO - 答案正确
2018-09-25 18:26:25,699 - VBJDU18422021801 - DEBUG - 添加此题
2018-09-25 18:26:27,504 - VBJDU18422021801 - INFO - 本题结束
2018-09-25 18:26:27,504 - VBJDU18422021801 - DEBUG - 获取题目
2018-09-25 18:26:29,919 - VBJDU18422021801 - INFO - 第 5 题
2018-09-25 18:26:30,206 - VBJDU18422021801 - INFO - 用3，4，5组成的6个3位数的平均数是？
2018-09-25 18:26:31,145 - VBJDU18422021801 - INFO - A.414 B.463 C.444
2018-09-25 18:26:31,718 - VBJDU18422021801 - DEBUG - 在线检索答案
2018-09-25 18:26:31,718 - VBJDU18422021801 - INFO - 我的答案：444
2018-09-25 18:26:32,408 - VBJDU18422021801 - DEBUG - 选择选项
2018-09-25 18:26:34,504 - VBJDU18422021801 - INFO - 答案正确
2018-09-25 18:26:34,504 - VBJDU18422021801 - DEBUG - 添加此题
2018-09-25 18:26:38,472 - VBJDU18422021801 - INFO - 本题结束
2018-09-25 18:26:39,022 - VBJDU18422021801 - INFO - 比赛结果：第3名：870分
2018-09-25 18:26:40,028 - VBJDU18422021801 - INFO - 本场比赛结束
2018-09-25 18:26:40,076 - VBJDU18422021801 - INFO - 返回游戏页面
2018-09-25 18:26:41,734 - VBJDU18422021801 - INFO - 进入排位赛
2018-09-25 18:26:41,749 - VBJDU18422021801 - INFO - 正在匹配中......
2018-09-25 18:26:44,485 - VBJDU18422021801 - INFO - 匹配成功
2018-09-25 18:26:44,485 - VBJDU18422021801 - DEBUG - 获取题目
2018-09-25 18:26:45,885 - VBJDU18422021801 - INFO - 第 1 题
2018-09-25 18:26:46,275 - VBJDU18422021801 - INFO - 我国国防类别型是属于积极防御，哪种类型的国防？
2018-09-25 18:26:47,328 - VBJDU18422021801 - INFO - A.联盟型 B.自卫型 C.进攻型
2018-09-25 18:26:48,080 - VBJDU18422021801 - DEBUG - 在线检索答案
2018-09-25 18:26:48,080 - VBJDU18422021801 - INFO - 我的答案：自卫型
2018-09-25 18:26:48,782 - VBJDU18422021801 - DEBUG - 选择选项
2018-09-25 18:26:50,923 - VBJDU18422021801 - INFO - 答案正确
2018-09-25 18:26:50,924 - VBJDU18422021801 - DEBUG - 添加此题
2018-09-25 18:26:54,623 - VBJDU18422021801 - INFO - 本题结束
2018-09-25 18:26:54,623 - VBJDU18422021801 - DEBUG - 获取题目
2018-09-25 18:26:56,748 - VBJDU18422021801 - INFO - 第 2 题
2018-09-25 18:26:57,112 - VBJDU18422021801 - INFO - 下列哪一项不是契诃夫的作品？
2018-09-25 18:26:58,176 - VBJDU18422021801 - INFO - A.《醋栗》 B.《死魂灵》 C.《小公务员之死》
2018-09-25 18:26:58,930 - VBJDU18422021801 - DEBUG - 在线检索答案
2018-09-25 18:26:58,930 - VBJDU18422021801 - INFO - 我的答案：《醋栗》
2018-09-25 18:26:59,607 - VBJDU18422021801 - DEBUG - 选择选项
2018-09-25 18:27:01,656 - VBJDU18422021801 - INFO - 答案错误
2018-09-25 18:27:01,783 - VBJDU18422021801 - INFO - 正确答案；《死魂灵》
2018-09-25 18:27:01,784 - VBJDU18422021801 - DEBUG - 添加此题
2018-09-25 18:27:03,507 - VBJDU18422021801 - INFO - 本题结束
2018-09-25 18:27:03,507 - VBJDU18422021801 - DEBUG - 获取题目
2018-09-25 18:27:05,837 - VBJDU18422021801 - INFO - 第 3 题
2018-09-25 18:27:06,145 - VBJDU18422021801 - INFO - Windows操作系统是由哪家公司开发的？
2018-09-25 18:27:07,113 - VBJDU18422021801 - INFO - A.谷歌 B.苹果 C.微软
2018-09-25 18:27:07,702 - VBJDU18422021801 - DEBUG - 在线检索答案
2018-09-25 18:27:07,702 - VBJDU18422021801 - INFO - 我的答案：微软
2018-09-25 18:27:08,379 - VBJDU18422021801 - DEBUG - 选择选项
2018-09-25 18:27:10,456 - VBJDU18422021801 - INFO - 答案正确
2018-09-25 18:27:10,456 - VBJDU18422021801 - DEBUG - 添加此题
2018-09-25 18:27:12,023 - VBJDU18422021801 - INFO - 本题结束
2018-09-25 18:27:12,023 - VBJDU18422021801 - DEBUG - 获取题目
2018-09-25 18:27:14,008 - VBJDU18422021801 - INFO - 第 4 题
2018-09-25 18:27:14,312 - VBJDU18422021801 - INFO - 演员陆毅没有参演过下列哪一部影视剧？
2018-09-25 18:27:15,239 - VBJDU18422021801 - INFO - A.《军师联盟》 B.《人民的名义》 C.《永不瞑目》
2018-09-25 18:27:15,948 - VBJDU18422021801 - DEBUG - 在线检索答案
2018-09-25 18:27:15,948 - VBJDU18422021801 - INFO - 我的答案：《军师联盟》
2018-09-25 18:27:16,640 - VBJDU18422021801 - DEBUG - 选择选项
2018-09-25 18:27:18,790 - VBJDU18422021801 - INFO - 答案正确
2018-09-25 18:27:18,790 - VBJDU18422021801 - DEBUG - 添加此题
2018-09-25 18:27:19,933 - VBJDU18422021801 - INFO - 本题结束
2018-09-25 18:27:19,933 - VBJDU18422021801 - DEBUG - 获取题目
2018-09-25 18:27:21,982 - VBJDU18422021801 - INFO - 第 5 题
2018-09-25 18:27:22,280 - VBJDU18422021801 - INFO - 在电影《春娇与志明》中，女主角春娇是谁饰演的？
2018-09-25 18:27:23,364 - VBJDU18422021801 - INFO - A.容祖儿 B.邓丽欣 C.杨千嬅
2018-09-25 18:27:24,550 - VBJDU18422021801 - DEBUG - 在线检索答案
2018-09-25 18:27:24,550 - VBJDU18422021801 - INFO - 我的答案：杨千嬅
2018-09-25 18:27:25,208 - VBJDU18422021801 - DEBUG - 选择选项
2018-09-25 18:27:27,346 - VBJDU18422021801 - INFO - 答案正确
2018-09-25 18:27:27,346 - VBJDU18422021801 - DEBUG - 添加此题
2018-09-25 18:27:28,224 - VBJDU18422021801 - INFO - 本题结束
2018-09-25 18:27:28,718 - VBJDU18422021801 - INFO - 比赛结果：第3名：870分
2018-09-25 18:27:29,733 - VBJDU18422021801 - INFO - 本场比赛结束
2018-09-25 18:27:29,781 - VBJDU18422021801 - INFO - 返回游戏页面
2018-09-25 18:27:31,519 - VBJDU18422021801 - INFO - 进入排位赛
2018-09-25 18:27:31,519 - VBJDU18422021801 - INFO - 正在匹配中......
2018-09-25 18:28:54,716 - VBJDU18422021801 - INFO - 匹配成功
2018-09-25 18:28:54,716 - VBJDU18422021801 - DEBUG - 获取题目
2018-09-25 18:28:56,129 - VBJDU18422021801 - INFO - 第 1 题
2018-09-25 18:28:56,514 - VBJDU18422021801 - INFO - 我国围棋界封为“棋圣”称号的棋手是？
2018-09-25 18:28:57,797 - VBJDU18422021801 - INFO - A.陈祖德 B.马晓春 C.聂卫平
2018-09-25 18:28:58,787 - VBJDU18422021801 - DEBUG - 在线检索答案
2018-09-25 18:28:58,787 - VBJDU18422021801 - INFO - 我的答案：聂卫平
2018-09-25 18:28:59,734 - VBJDU18422021801 - DEBUG - 选择选项
2018-09-25 18:29:01,975 - VBJDU18422021801 - INFO - 答案正确
2018-09-25 18:29:01,975 - VBJDU18422021801 - DEBUG - 添加此题
2018-09-25 18:29:02,656 - VBJDU18422021801 - INFO - 本题结束
2018-09-25 18:29:02,656 - VBJDU18422021801 - DEBUG - 获取题目
2018-09-25 18:29:05,043 - VBJDU18422021801 - INFO - 第 2 题
2018-09-25 18:29:05,409 - VBJDU18422021801 - INFO - “寻寻览览，冷冷清清，凄凄惨惨戚戚”是以下哪首词中的语句？
2018-09-25 18:29:06,702 - VBJDU18422021801 - INFO - A.易安词 B.声声慢 C.漱玉词
2018-09-25 18:29:06,702 - VBJDU18422021801 - DEBUG - 数据库中检索答案
2018-09-25 18:29:06,702 - VBJDU18422021801 - INFO - 我的答案：声声慢
2018-09-25 18:29:07,472 - VBJDU18422021801 - DEBUG - 选择选项
2018-09-25 18:29:09,718 - VBJDU18422021801 - INFO - 答案正确
2018-09-25 18:29:10,346 - VBJDU18422021801 - INFO - 本题结束
2018-09-25 18:29:10,346 - VBJDU18422021801 - DEBUG - 获取题目
2018-09-25 18:29:12,749 - VBJDU18422021801 - INFO - 第 3 题
2018-09-25 18:29:13,145 - VBJDU18422021801 - INFO - 君君今年6岁，妈妈是他年龄的5倍，4年前妈妈比君君大几岁？
2018-09-25 18:29:14,473 - VBJDU18422021801 - INFO - A.28岁 B.24岁 C.20岁
2018-09-25 18:29:14,473 - VBJDU18422021801 - DEBUG - 数据库中检索答案
2018-09-25 18:29:14,473 - VBJDU18422021801 - INFO - 我的答案：24岁
2018-09-25 18:29:15,224 - VBJDU18422021801 - DEBUG - 选择选项
2018-09-25 18:29:17,456 - VBJDU18422021801 - INFO - 答案正确
2018-09-25 18:29:24,302 - VBJDU18422021801 - INFO - 本题结束
2018-09-25 18:29:24,302 - VBJDU18422021801 - DEBUG - 获取题目
2018-09-25 18:29:26,687 - VBJDU18422021801 - INFO - 第 4 题
2018-09-25 18:29:27,074 - VBJDU18422021801 - INFO - 在白居易的《长恨歌》中，“七月七日长生殿”的下句是什么？
2018-09-25 18:29:28,224 - VBJDU18422021801 - INFO - A.半夜无人私语时 B.两处茫茫皆不见 C.天上人间会相见
2018-09-25 18:29:28,869 - VBJDU18422021801 - DEBUG - 未检索到答案
2018-09-25 18:29:28,870 - VBJDU18422021801 - INFO - 我的答案：半夜无人私语时
2018-09-25 18:29:29,624 - VBJDU18422021801 - DEBUG - 选择选项
2018-09-25 18:29:31,733 - VBJDU18422021801 - INFO - 答案正确
2018-09-25 18:29:31,733 - VBJDU18422021801 - DEBUG - 添加此题
2018-09-25 18:29:32,686 - VBJDU18422021801 - INFO - 本题结束
2018-09-25 18:29:32,686 - VBJDU18422021801 - DEBUG - 获取题目
2018-09-25 18:29:34,994 - VBJDU18422021801 - INFO - 第 5 题
2018-09-25 18:29:35,289 - VBJDU18422021801 - INFO - 《十万个冷笑话2》中，雷神托尔的真身是什么动物？
2018-09-25 18:29:36,183 - VBJDU18422021801 - INFO - A.狮子 B.狗 C.猫
2018-09-25 18:29:36,736 - VBJDU18422021801 - DEBUG - 在线检索答案
2018-09-25 18:29:36,736 - VBJDU18422021801 - INFO - 我的答案：狗
2018-09-25 18:29:37,468 - VBJDU18422021801 - DEBUG - 选择选项
2018-09-25 18:29:39,639 - VBJDU18422021801 - INFO - 答案正确
2018-09-25 18:29:39,639 - VBJDU18422021801 - DEBUG - 添加此题
2018-09-25 18:29:40,258 - VBJDU18422021801 - INFO - 本题结束
2018-09-25 18:29:40,718 - VBJDU18422021801 - INFO - 比赛结果：第1名：1120分
2018-09-25 18:29:41,733 - VBJDU18422021801 - INFO - 本场比赛结束
2018-09-25 18:29:41,764 - VBJDU18422021801 - INFO - 返回游戏页面
2018-09-25 18:29:43,362 - VBJDU18422021801 - INFO - 进入排位赛
2018-09-25 18:29:43,362 - VBJDU18422021801 - INFO - 正在匹配中......
2018-09-25 18:30:06,502 - VBJDU18422021801 - INFO - 匹配成功
2018-09-25 18:30:06,502 - VBJDU18422021801 - DEBUG - 获取题目
2018-09-25 18:30:07,675 - VBJDU18422021801 - INFO - 第 1 题
2018-09-25 18:30:07,988 - VBJDU18422021801 - INFO - 以下哪个是西方古代美学思想的发源地？
2018-09-25 18:30:08,998 - VBJDU18422021801 - INFO - A.古希腊 B.古印度 C.古雅典
2018-09-25 18:30:09,607 - VBJDU18422021801 - DEBUG - 在线检索答案
2018-09-25 18:30:09,607 - VBJDU18422021801 - INFO - 我的答案：古希腊
2018-09-25 18:30:10,347 - VBJDU18422021801 - DEBUG - 选择选项
2018-09-25 18:30:12,474 - VBJDU18422021801 - INFO - 答案正确
2018-09-25 18:30:12,474 - VBJDU18422021801 - DEBUG - 添加此题
2018-09-25 18:30:22,224 - VBJDU18422021801 - INFO - 本题结束
2018-09-25 18:30:22,224 - VBJDU18422021801 - DEBUG - 获取题目
2018-09-25 18:30:24,488 - VBJDU18422021801 - INFO - 第 2 题
2018-09-25 18:30:24,822 - VBJDU18422021801 - INFO - MAC是哪家公司的产品？
2018-09-25 18:30:25,800 - VBJDU18422021801 - INFO - A.apple B.goole C.alibaba
2018-09-25 18:30:26,441 - VBJDU18422021801 - DEBUG - 未检索到答案
2018-09-25 18:30:26,441 - VBJDU18422021801 - INFO - 我的答案：apple
2018-09-25 18:30:27,108 - VBJDU18422021801 - DEBUG - 选择选项
2018-09-25 18:30:29,224 - VBJDU18422021801 - INFO - 答案正确
2018-09-25 18:30:29,224 - VBJDU18422021801 - DEBUG - 添加此题
2018-09-25 18:30:39,473 - VBJDU18422021801 - INFO - 本题结束
2018-09-25 18:30:39,473 - VBJDU18422021801 - DEBUG - 获取题目
2018-09-25 18:30:41,638 - VBJDU18422021801 - INFO - 第 3 题
2018-09-25 18:30:41,943 - VBJDU18422021801 - INFO - 以下哪种动物的牙齿最多？
2018-09-25 18:30:42,853 - VBJDU18422021801 - INFO - A.蜗牛 B.鲸鱼 C.海星
2018-09-25 18:30:42,869 - VBJDU18422021801 - DEBUG - 数据库中检索答案
2018-09-25 18:30:42,870 - VBJDU18422021801 - INFO - 我的答案：蜗牛
2018-09-25 18:30:43,534 - VBJDU18422021801 - DEBUG - 选择选项
2018-09-25 18:30:45,564 - VBJDU18422021801 - INFO - 答案正确
2018-09-25 18:30:51,162 - VBJDU18422021801 - INFO - 本题结束
2018-09-25 18:30:51,162 - VBJDU18422021801 - DEBUG - 获取题目
2018-09-25 18:30:53,377 - VBJDU18422021801 - INFO - 第 4 题
2018-09-25 18:30:53,671 - VBJDU18422021801 - INFO - 关于AGM-114反坦克导弹，下列描述正确的是哪个？
2018-09-25 18:30:54,609 - VBJDU18422021801 - INFO - A.不可以空中发射 B.采用激光制导 C.是波音公司研制
2018-09-25 18:30:55,296 - VBJDU18422021801 - DEBUG - 未检索到答案
2018-09-25 18:30:55,296 - VBJDU18422021801 - INFO - 我的答案：不可以空中发射
2018-09-25 18:30:56,043 - VBJDU18422021801 - DEBUG - 选择选项
2018-09-25 18:30:58,176 - VBJDU18422021801 - INFO - 答案错误
2018-09-25 18:30:58,296 - VBJDU18422021801 - INFO - 正确答案；采用激光制导
2018-09-25 18:30:58,296 - VBJDU18422021801 - DEBUG - 添加此题
2018-09-25 18:30:59,440 - VBJDU18422021801 - INFO - 本题结束
2018-09-25 18:30:59,440 - VBJDU18422021801 - DEBUG - 获取题目
2018-09-25 18:31:01,716 - VBJDU18422021801 - INFO - 第 5 题
2018-09-25 18:31:02,027 - VBJDU18422021801 - INFO - 我国拍摄的第一部故事影片叫什么？
2018-09-25 18:31:03,192 - VBJDU18422021801 - INFO - A.《定军山》 B.《难夫难妻》 C.《孤儿救祖记》
2018-09-25 18:31:03,933 - VBJDU18422021801 - DEBUG - 在线检索答案
2018-09-25 18:31:03,933 - VBJDU18422021801 - INFO - 我的答案：《难夫难妻》
2018-09-25 18:31:04,608 - VBJDU18422021801 - DEBUG - 选择选项
2018-09-25 18:31:06,765 - VBJDU18422021801 - INFO - 答案正确
2018-09-25 18:31:06,780 - VBJDU18422021801 - DEBUG - 添加此题
2018-09-25 18:31:08,456 - VBJDU18422021801 - INFO - 本题结束
2018-09-25 18:31:08,934 - VBJDU18422021801 - INFO - 比赛结果：第2名：870分
2018-09-25 18:31:09,943 - VBJDU18422021801 - INFO - 本场比赛结束
2018-09-25 18:31:09,990 - VBJDU18422021801 - INFO - 返回游戏页面
2018-09-25 18:31:11,593 - VBJDU18422021801 - INFO - 进入排位赛
2018-09-25 18:31:11,593 - VBJDU18422021801 - INFO - 正在匹配中......
2018-09-25 18:31:43,822 - VBJDU18422021801 - INFO - 匹配成功
2018-09-25 18:31:43,822 - VBJDU18422021801 - DEBUG - 获取题目
2018-09-25 18:31:44,559 - VBJDU18422021801 - INFO - 第 1 题
2018-09-25 18:31:44,880 - VBJDU18422021801 - INFO - 文艺复兴运动的起源地是以下哪个国家？
2018-09-25 18:31:46,966 - VBJDU18422021801 - INFO - A.意大利 B.西班牙 C.丹麦
2018-09-25 18:31:47,702 - VBJDU18422021801 - DEBUG - 在线检索答案
2018-09-25 18:31:47,702 - VBJDU18422021801 - INFO - 我的答案：意大利
2018-09-25 18:31:48,441 - VBJDU18422021801 - DEBUG - 选择选项
2018-09-25 18:31:50,566 - VBJDU18422021801 - INFO - 答案正确
2018-09-25 18:31:50,566 - VBJDU18422021801 - DEBUG - 添加此题
2018-09-25 18:31:51,378 - VBJDU18422021801 - INFO - 本题结束
2018-09-25 18:31:51,378 - VBJDU18422021801 - DEBUG - 获取题目
2018-09-25 18:31:53,556 - VBJDU18422021801 - INFO - 第 2 题
2018-09-25 18:31:53,849 - VBJDU18422021801 - INFO - 女生常说的“杨树林”是指哪个品牌？
2018-09-25 18:31:54,836 - VBJDU18422021801 - INFO - A.YSL B.迪奥 C.MAC
2018-09-25 18:31:54,840 - VBJDU18422021801 - DEBUG - 数据库中检索答案
2018-09-25 18:31:54,840 - VBJDU18422021801 - INFO - 我的答案：YSL
2018-09-25 18:31:55,556 - VBJDU18422021801 - DEBUG - 选择选项
2018-09-25 18:31:57,624 - VBJDU18422021801 - INFO - 答案正确
2018-09-25 18:31:58,748 - VBJDU18422021801 - INFO - 本题结束
2018-09-25 18:31:58,748 - VBJDU18422021801 - DEBUG - 获取题目
2018-09-25 18:32:01,121 - VBJDU18422021801 - INFO - 第 3 题
2018-09-25 18:32:01,454 - VBJDU18422021801 - INFO - 制作“溜肥肠”时，应当选用哪一个？
2018-09-25 18:32:02,362 - VBJDU18422021801 - INFO - A.羊肠 B.猪小肠 C.猪大肠
2018-09-25 18:32:02,983 - VBJDU18422021801 - DEBUG - 未检索到答案
2018-09-25 18:32:02,983 - VBJDU18422021801 - INFO - 我的答案：羊肠
2018-09-25 18:32:03,807 - VBJDU18422021801 - DEBUG - 选择选项
2018-09-25 18:32:05,849 - VBJDU18422021801 - INFO - 答案错误
2018-09-25 18:32:06,065 - VBJDU18422021801 - INFO - 正确答案；猪大肠
2018-09-25 18:32:06,066 - VBJDU18422021801 - DEBUG - 添加此题
2018-09-25 18:32:06,835 - VBJDU18422021801 - INFO - 本题结束
2018-09-25 18:32:06,835 - VBJDU18422021801 - DEBUG - 获取题目
2018-09-25 18:32:08,981 - VBJDU18422021801 - INFO - 第 4 题
2018-09-25 18:32:09,274 - VBJDU18422021801 - INFO - 2004年以《江南》红遍两岸三地的歌手是谁？
2018-09-25 18:32:10,192 - VBJDU18422021801 - INFO - A.周杰伦 B.林俊杰 C.罗志祥
2018-09-25 18:32:10,192 - VBJDU18422021801 - DEBUG - 数据库中检索答案
2018-09-25 18:32:10,192 - VBJDU18422021801 - INFO - 我的答案：林俊杰
2018-09-25 18:32:10,903 - VBJDU18422021801 - DEBUG - 选择选项
2018-09-25 18:32:13,037 - VBJDU18422021801 - INFO - 答案正确
2018-09-25 18:32:13,844 - VBJDU18422021801 - INFO - 本题结束
2018-09-25 18:32:13,845 - VBJDU18422021801 - DEBUG - 获取题目
2018-09-25 18:32:16,148 - VBJDU18422021801 - INFO - 第 5 题
2018-09-25 18:32:16,465 - VBJDU18422021801 - INFO - 依照献血法，我国实行的是：
2018-09-25 18:32:17,382 - VBJDU18422021801 - INFO - A.有偿献血制度 B.卖血制度 C.无偿献血制度
2018-09-25 18:32:18,013 - VBJDU18422021801 - DEBUG - 在线检索答案
2018-09-25 18:32:18,013 - VBJDU18422021801 - INFO - 我的答案：无偿献血制度
2018-09-25 18:32:18,749 - VBJDU18422021801 - DEBUG - 选择选项
2018-09-25 18:32:20,837 - VBJDU18422021801 - INFO - 答案正确
2018-09-25 18:32:20,837 - VBJDU18422021801 - DEBUG - 添加此题
2018-09-25 18:32:21,702 - VBJDU18422021801 - INFO - 本题结束
2018-09-25 18:32:22,224 - VBJDU18422021801 - INFO - 比赛结果：第4名：880分
2018-09-25 18:32:23,224 - VBJDU18422021801 - INFO - 本场比赛结束
2018-09-25 18:32:23,268 - VBJDU18422021801 - INFO - 返回游戏页面
2018-09-25 18:32:24,998 - VBJDU18422021801 - INFO - 进入排位赛
2018-09-25 18:32:24,998 - VBJDU18422021801 - INFO - 正在匹配中......
2018-09-25 18:33:08,071 - VBJDU18422021801 - INFO - 匹配成功
2018-09-25 18:33:08,071 - VBJDU18422021801 - DEBUG - 获取题目
2018-09-25 18:33:09,255 - VBJDU18422021801 - INFO - 第 1 题
2018-09-25 18:33:09,551 - VBJDU18422021801 - INFO - 演员蒋欣在《甄嬛传》中扮演哪个角色？
2018-09-25 18:33:10,534 - VBJDU18422021801 - INFO - A.皇后 B.华妃 C.德妃
2018-09-25 18:33:11,393 - VBJDU18422021801 - DEBUG - 在线检索答案
2018-09-25 18:33:11,393 - VBJDU18422021801 - INFO - 我的答案：华妃
2018-09-25 18:33:12,043 - VBJDU18422021801 - DEBUG - 选择选项
2018-09-25 18:33:14,161 - VBJDU18422021801 - INFO - 答案正确
2018-09-25 18:33:14,161 - VBJDU18422021801 - DEBUG - 添加此题
2018-09-25 18:33:15,523 - VBJDU18422021801 - INFO - 本题结束
2018-09-25 18:33:15,523 - VBJDU18422021801 - DEBUG - 获取题目
2018-09-25 18:33:17,286 - VBJDU18422021801 - INFO - 第 2 题
2018-09-25 18:33:17,655 - VBJDU18422021801 - INFO - “王考”是对什么人的称呼？
2018-09-25 18:33:18,550 - VBJDU18422021801 - INFO - A.健在的祖母 B.已故的祖父 C.已故的祖母
2018-09-25 18:33:18,550 - VBJDU18422021801 - DEBUG - 数据库中检索答案
2018-09-25 18:33:18,550 - VBJDU18422021801 - INFO - 我的答案：已故的祖父
2018-09-25 18:33:19,223 - VBJDU18422021801 - DEBUG - 选择选项
2018-09-25 18:33:21,346 - VBJDU18422021801 - INFO - 答案正确
2018-09-25 18:33:22,460 - VBJDU18422021801 - INFO - 本题结束
2018-09-25 18:33:22,461 - VBJDU18422021801 - DEBUG - 获取题目
2018-09-25 18:33:24,671 - VBJDU18422021801 - INFO - 第 3 题
2018-09-25 18:33:24,998 - VBJDU18422021801 - INFO - 在五线谱中，低音谱号又叫做什么谱号？
2018-09-25 18:33:25,980 - VBJDU18422021801 - INFO - A.C三线谱号 B.F谱号 C.G谱号
2018-09-25 18:33:28,006 - VBJDU18422021801 - DEBUG - 在线检索答案
2018-09-25 18:33:28,006 - VBJDU18422021801 - INFO - 我的答案：F谱号
2018-09-25 18:33:28,685 - VBJDU18422021801 - DEBUG - 选择选项
2018-09-25 18:33:30,838 - VBJDU18422021801 - INFO - 答案正确
2018-09-25 18:33:30,838 - VBJDU18422021801 - DEBUG - 添加此题
2018-09-25 18:33:31,640 - VBJDU18422021801 - INFO - 本题结束
2018-09-25 18:33:31,640 - VBJDU18422021801 - DEBUG - 获取题目
2018-09-25 18:33:33,857 - VBJDU18422021801 - INFO - 第 4 题
2018-09-25 18:33:34,220 - VBJDU18422021801 - INFO - 一年四季中，茶花常在什么时候开花？
2018-09-25 18:33:35,199 - VBJDU18422021801 - INFO - A.春季 B.夏季 C.秋季
2018-09-25 18:33:35,203 - VBJDU18422021801 - DEBUG - 数据库中检索答案
2018-09-25 18:33:35,203 - VBJDU18422021801 - INFO - 我的答案：春季
2018-09-25 18:33:35,940 - VBJDU18422021801 - DEBUG - 选择选项
2018-09-25 18:33:38,012 - VBJDU18422021801 - INFO - 答案正确
2018-09-25 18:33:38,964 - VBJDU18422021801 - INFO - 本题结束
2018-09-25 18:33:38,964 - VBJDU18422021801 - DEBUG - 获取题目
2018-09-25 18:33:41,378 - VBJDU18422021801 - INFO - 第 5 题
2018-09-25 18:33:41,732 - VBJDU18422021801 - INFO - 截至2017年，人类至今发射过起始速度最快的太空船是哪一个？
2018-09-25 18:33:42,686 - VBJDU18422021801 - INFO - A.旅行者1号 B.好奇号 C.新地平线号
2018-09-25 18:33:43,671 - VBJDU18422021801 - DEBUG - 在线检索答案
2018-09-25 18:33:43,671 - VBJDU18422021801 - INFO - 我的答案：旅行者1号
2018-09-25 18:33:44,440 - VBJDU18422021801 - DEBUG - 选择选项
2018-09-25 18:33:46,549 - VBJDU18422021801 - INFO - 答案错误
2018-09-25 18:33:46,801 - VBJDU18422021801 - INFO - 正确答案；新地平线号
2018-09-25 18:33:46,802 - VBJDU18422021801 - DEBUG - 添加此题
2018-09-25 18:33:48,592 - VBJDU18422021801 - INFO - 本题结束
2018-09-25 18:33:49,028 - VBJDU18422021801 - INFO - 比赛结果：第3名：790分
2018-09-25 18:33:50,042 - VBJDU18422021801 - INFO - 本场比赛结束
2018-09-25 18:33:50,074 - VBJDU18422021801 - INFO - 返回游戏页面
2018-09-25 18:33:51,733 - VBJDU18422021801 - INFO - 进入排位赛
2018-09-25 18:33:51,733 - VBJDU18422021801 - INFO - 正在匹配中......
2018-09-25 18:34:02,091 - VBJDU18422021801 - INFO - 匹配成功
2018-09-25 18:34:02,091 - VBJDU18422021801 - DEBUG - 获取题目
2018-09-25 18:34:03,223 - VBJDU18422021801 - INFO - 第 1 题
2018-09-25 18:34:03,517 - VBJDU18422021801 - INFO - 哪位帝王在即位之初设置了我国历史上第一个年号？
2018-09-25 18:34:04,472 - VBJDU18422021801 - INFO - A.汉武帝 B.汉景帝 C.汉昭帝
2018-09-25 18:34:05,297 - VBJDU18422021801 - DEBUG - 在线检索答案
2018-09-25 18:34:05,297 - VBJDU18422021801 - INFO - 我的答案：汉武帝
2018-09-25 18:34:05,990 - VBJDU18422021801 - DEBUG - 选择选项
2018-09-25 18:34:08,091 - VBJDU18422021801 - INFO - 答案正确
2018-09-25 18:34:08,091 - VBJDU18422021801 - DEBUG - 添加此题
2018-09-25 18:34:10,074 - VBJDU18422021801 - INFO - 本题结束
2018-09-25 18:34:10,074 - VBJDU18422021801 - DEBUG - 获取题目
2018-09-25 18:34:12,312 - VBJDU18422021801 - INFO - 第 2 题
2018-09-25 18:34:12,609 - VBJDU18422021801 - INFO - “做人的差距咋就那么大呢？”是哪一个小品中的金句？
2018-09-25 18:34:13,579 - VBJDU18422021801 - INFO - A.《卖拐》 B.《卖车》 C.《心病》
2018-09-25 18:34:13,583 - VBJDU18422021801 - DEBUG - 数据库中检索答案
2018-09-25 18:34:13,583 - VBJDU18422021801 - INFO - 我的答案：《卖拐》
2018-09-25 18:34:14,273 - VBJDU18422021801 - DEBUG - 选择选项
2018-09-25 18:34:16,490 - VBJDU18422021801 - INFO - 答案正确
2018-09-25 18:34:18,567 - VBJDU18422021801 - INFO - 本题结束
2018-09-25 18:34:18,567 - VBJDU18422021801 - DEBUG - 获取题目
2018-09-25 18:34:20,805 - VBJDU18422021801 - INFO - 第 3 题
2018-09-25 18:34:21,130 - VBJDU18422021801 - INFO - 哪个景点不在北京？
2018-09-25 18:34:22,044 - VBJDU18422021801 - INFO - A.天池 B.圆明园 C.故宫
2018-09-25 18:34:22,044 - VBJDU18422021801 - DEBUG - 数据库中检索答案
2018-09-25 18:34:22,044 - VBJDU18422021801 - INFO - 我的答案：天池
2018-09-25 18:34:22,727 - VBJDU18422021801 - DEBUG - 选择选项
2018-09-25 18:34:24,786 - VBJDU18422021801 - INFO - 答案正确
2018-09-25 18:34:25,750 - VBJDU18422021801 - INFO - 本题结束
2018-09-25 18:34:25,751 - VBJDU18422021801 - DEBUG - 获取题目
2018-09-25 18:34:27,902 - VBJDU18422021801 - INFO - 第 4 题
2018-09-25 18:34:28,259 - VBJDU18422021801 - INFO - 我国哪一银行执行中央银行的职能
2018-09-25 18:34:29,223 - VBJDU18422021801 - INFO - A.中国银行 B.中国人民银行 C.中国建设银行
2018-09-25 18:34:30,113 - VBJDU18422021801 - DEBUG - 在线检索答案
2018-09-25 18:34:30,113 - VBJDU18422021801 - INFO - 我的答案：中国人民银行
2018-09-25 18:34:30,822 - VBJDU18422021801 - DEBUG - 选择选项
2018-09-25 18:34:33,008 - VBJDU18422021801 - INFO - 答案正确
2018-09-25 18:34:33,008 - VBJDU18422021801 - DEBUG - 添加此题
2018-09-25 18:34:33,887 - VBJDU18422021801 - INFO - 本题结束
2018-09-25 18:34:33,887 - VBJDU18422021801 - DEBUG - 获取题目
2018-09-25 18:34:36,223 - VBJDU18422021801 - INFO - 第 5 题
2018-09-25 18:34:36,534 - VBJDU18422021801 - INFO - 《今天你要嫁给我》是蔡依林和哪位男歌手的合唱曲？
2018-09-25 18:34:37,425 - VBJDU18422021801 - INFO - A.方大同 B.陶喆 C.林宥嘉
2018-09-25 18:34:38,121 - VBJDU18422021801 - DEBUG - 在线检索答案
2018-09-25 18:34:38,121 - VBJDU18422021801 - INFO - 我的答案：陶喆
2018-09-25 18:34:38,796 - VBJDU18422021801 - DEBUG - 选择选项
2018-09-25 18:34:40,853 - VBJDU18422021801 - INFO - 答案正确
2018-09-25 18:34:40,853 - VBJDU18422021801 - DEBUG - 添加此题
2018-09-25 18:34:43,235 - VBJDU18422021801 - INFO - 本题结束
2018-09-25 18:34:43,712 - VBJDU18422021801 - INFO - 比赛结果：第3名：1140分
2018-09-25 18:34:44,712 - VBJDU18422021801 - INFO - 本场比赛结束
2018-09-25 18:34:44,764 - VBJDU18422021801 - INFO - 返回游戏页面
2018-09-25 18:34:46,424 - VBJDU18422021801 - INFO - 进入排位赛
2018-09-25 18:34:46,424 - VBJDU18422021801 - INFO - 正在匹配中......
2018-09-25 18:35:24,013 - VBJDU18422021801 - INFO - 匹配成功
2018-09-25 18:35:24,013 - VBJDU18422021801 - DEBUG - 获取题目
2018-09-25 18:35:25,361 - VBJDU18422021801 - INFO - 第 1 题
2018-09-25 18:35:25,671 - VBJDU18422021801 - INFO - 人体是左右对称的，以下哪一个选项不属于对称的人体结构要素？
2018-09-25 18:35:26,700 - VBJDU18422021801 - INFO - A.鼻 B.耳 C.口
2018-09-25 18:35:26,700 - VBJDU18422021801 - DEBUG - 数据库中检索答案
2018-09-25 18:35:26,700 - VBJDU18422021801 - INFO - 我的答案：口
2018-09-25 18:35:27,409 - VBJDU18422021801 - DEBUG - 选择选项
2018-09-25 18:35:29,488 - VBJDU18422021801 - INFO - 答案正确
2018-09-25 18:35:30,898 - VBJDU18422021801 - INFO - 本题结束
2018-09-25 18:35:30,898 - VBJDU18422021801 - DEBUG - 获取题目
2018-09-25 18:35:33,240 - VBJDU18422021801 - INFO - 第 2 题
2018-09-25 18:35:33,535 - VBJDU18422021801 - INFO - 被人类称为健康第四餐的是什么维生素？
2018-09-25 18:35:34,550 - VBJDU18422021801 - INFO - A.维生素D B.维生素E C.维生素C
2018-09-25 18:35:35,106 - VBJDU18422021801 - DEBUG - 在线检索答案
2018-09-25 18:35:35,106 - VBJDU18422021801 - INFO - 我的答案：维生素E
2018-09-25 18:35:35,821 - VBJDU18422021801 - DEBUG - 选择选项
2018-09-25 18:35:37,894 - VBJDU18422021801 - INFO - 答案正确
2018-09-25 18:35:37,894 - VBJDU18422021801 - DEBUG - 添加此题
2018-09-25 18:35:39,042 - VBJDU18422021801 - INFO - 本题结束
2018-09-25 18:35:39,042 - VBJDU18422021801 - DEBUG - 获取题目
2018-09-25 18:35:41,207 - VBJDU18422021801 - INFO - 第 3 题
2018-09-25 18:35:41,517 - VBJDU18422021801 - INFO - 太阳系中唯一自转逆向的行星是
2018-09-25 18:35:42,518 - VBJDU18422021801 - INFO - A.水星 B.金星 C.火星
2018-09-25 18:35:43,327 - VBJDU18422021801 - DEBUG - 在线检索答案
2018-09-25 18:35:43,327 - VBJDU18422021801 - INFO - 我的答案：金星
2018-09-25 18:35:43,996 - VBJDU18422021801 - DEBUG - 选择选项
2018-09-25 18:35:46,113 - VBJDU18422021801 - INFO - 答案正确
2018-09-25 18:35:46,113 - VBJDU18422021801 - DEBUG - 添加此题
2018-09-25 18:35:47,521 - VBJDU18422021801 - INFO - 本题结束
2018-09-25 18:35:47,521 - VBJDU18422021801 - DEBUG - 获取题目
2018-09-25 18:35:49,704 - VBJDU18422021801 - INFO - 第 4 题
2018-09-25 18:35:50,007 - VBJDU18422021801 - INFO - “四大徽班”是那一年进京的？
2018-09-25 18:35:50,927 - VBJDU18422021801 - INFO - A.1780 B.1890 C.1790
2018-09-25 18:35:51,564 - VBJDU18422021801 - DEBUG - 在线检索答案
2018-09-25 18:35:51,564 - VBJDU18422021801 - INFO - 我的答案：1790
2018-09-25 18:35:52,392 - VBJDU18422021801 - DEBUG - 选择选项
2018-09-25 18:35:54,472 - VBJDU18422021801 - INFO - 答案正确
2018-09-25 18:35:54,472 - VBJDU18422021801 - DEBUG - 添加此题
2018-09-25 18:35:55,456 - VBJDU18422021801 - INFO - 本题结束
2018-09-25 18:35:55,456 - VBJDU18422021801 - DEBUG - 获取题目
2018-09-25 18:35:57,734 - VBJDU18422021801 - INFO - 第 5 题
2018-09-25 18:35:58,069 - VBJDU18422021801 - INFO - 世界上第一个会计职业团体是以下哪一个？
2018-09-25 18:35:59,206 - VBJDU18422021801 - INFO - A.威尼斯会计协会 B.慕尼黑会计师协会 C.爱丁堡特许会计师协会
2018-09-25 18:35:59,206 - VBJDU18422021801 - DEBUG - 数据库中检索答案
2018-09-25 18:35:59,206 - VBJDU18422021801 - INFO - 我的答案：爱丁堡特许会计师协会
2018-09-25 18:35:59,837 - VBJDU18422021801 - DEBUG - 选择选项
2018-09-25 18:36:02,113 - VBJDU18422021801 - INFO - 答案正确
2018-09-25 18:36:02,772 - VBJDU18422021801 - INFO - 本题结束
2018-09-25 18:36:03,275 - VBJDU18422021801 - INFO - 比赛结果：第2名：1150分
2018-09-25 18:36:04,276 - VBJDU18422021801 - INFO - 本场比赛结束
2018-09-25 18:36:04,328 - VBJDU18422021801 - INFO - 返回游戏页面
2018-09-25 18:36:05,945 - VBJDU18422021801 - INFO - 进入排位赛
2018-09-25 18:36:05,945 - VBJDU18422021801 - INFO - 正在匹配中......
2018-09-25 18:36:16,915 - VBJDU18422021801 - INFO - 匹配成功
2018-09-25 18:36:16,915 - VBJDU18422021801 - DEBUG - 获取题目
2018-09-25 18:36:18,362 - VBJDU18422021801 - INFO - 第 1 题
2018-09-25 18:36:18,671 - VBJDU18422021801 - INFO - 下面属于二类保护鸟类的是？
2018-09-25 18:36:19,734 - VBJDU18422021801 - INFO - A.小天鹅 B.乌鸦 C.麻雀
2018-09-25 18:36:20,361 - VBJDU18422021801 - DEBUG - 未检索到答案
2018-09-25 18:36:20,361 - VBJDU18422021801 - INFO - 我的答案：小天鹅
2018-09-25 18:36:21,042 - VBJDU18422021801 - DEBUG - 选择选项
2018-09-25 18:36:23,146 - VBJDU18422021801 - INFO - 答案正确
2018-09-25 18:36:23,146 - VBJDU18422021801 - DEBUG - 添加此题
2018-09-25 18:36:24,424 - VBJDU18422021801 - INFO - 本题结束
2018-09-25 18:36:24,424 - VBJDU18422021801 - DEBUG - 获取题目
2018-09-25 18:36:26,534 - VBJDU18422021801 - INFO - 第 2 题
2018-09-25 18:36:26,854 - VBJDU18422021801 - INFO - “狗不理”是天津什么食品的品牌？
2018-09-25 18:36:27,997 - VBJDU18422021801 - INFO - A.包子 B.馒头 C.油条
2018-09-25 18:36:27,997 - VBJDU18422021801 - DEBUG - 数据库中检索答案
2018-09-25 18:36:27,997 - VBJDU18422021801 - INFO - 我的答案：包子
2018-09-25 18:36:28,702 - VBJDU18422021801 - DEBUG - 选择选项
2018-09-25 18:36:30,784 - VBJDU18422021801 - INFO - 答案正确
2018-09-25 18:36:31,518 - VBJDU18422021801 - INFO - 本题结束
2018-09-25 18:36:31,518 - VBJDU18422021801 - DEBUG - 获取题目
2018-09-25 18:36:33,914 - VBJDU18422021801 - INFO - 第 3 题
2018-09-25 18:36:34,224 - VBJDU18422021801 - INFO - 孟子认为（ ）是社会伦常秩序得以建立的基础和基石 
2018-09-25 18:36:35,188 - VBJDU18422021801 - INFO - A.教育 B.政治 C.经济
2018-09-25 18:36:35,798 - VBJDU18422021801 - DEBUG - 在线检索答案
2018-09-25 18:36:35,798 - VBJDU18422021801 - INFO - 我的答案：教育
2018-09-25 18:36:36,544 - VBJDU18422021801 - DEBUG - 选择选项
2018-09-25 18:36:38,656 - VBJDU18422021801 - INFO - 答案正确
2018-09-25 18:36:38,656 - VBJDU18422021801 - DEBUG - 添加此题
2018-09-25 18:36:39,640 - VBJDU18422021801 - INFO - 本题结束
2018-09-25 18:36:39,640 - VBJDU18422021801 - DEBUG - 获取题目
2018-09-25 18:36:41,780 - VBJDU18422021801 - INFO - 第 4 题
2018-09-25 18:36:42,112 - VBJDU18422021801 - INFO - 水晶和以下哪种矿物属于同一种物质？
2018-09-25 18:36:43,044 - VBJDU18422021801 - INFO - A.石英 B.石膏 C.石墨
2018-09-25 18:36:43,047 - VBJDU18422021801 - DEBUG - 数据库中检索答案
2018-09-25 18:36:43,048 - VBJDU18422021801 - INFO - 我的答案：石英
2018-09-25 18:36:43,729 - VBJDU18422021801 - DEBUG - 选择选项
2018-09-25 18:36:45,852 - VBJDU18422021801 - INFO - 答案正确
2018-09-25 18:36:47,013 - VBJDU18422021801 - INFO - 本题结束
2018-09-25 18:36:47,013 - VBJDU18422021801 - DEBUG - 获取题目
2018-09-25 18:36:49,037 - VBJDU18422021801 - INFO - 第 5 题
2018-09-25 18:36:49,349 - VBJDU18422021801 - INFO - “书籍是人类进步的阶梯”这句名言出自哪一位作家？
2018-09-25 18:36:50,265 - VBJDU18422021801 - INFO - A.亚里士多德 B.玛克西姆.高尔基 C.法捷耶夫
2018-09-25 18:36:51,485 - VBJDU18422021801 - DEBUG - 未检索到答案
2018-09-25 18:36:51,485 - VBJDU18422021801 - INFO - 我的答案：亚里士多德
2018-09-25 18:36:52,239 - VBJDU18422021801 - DEBUG - 选择选项
2018-09-25 18:36:54,432 - VBJDU18422021801 - INFO - 答案错误
2018-09-25 18:36:54,600 - VBJDU18422021801 - INFO - 正确答案；玛克西姆.高尔基
2018-09-25 18:36:54,601 - VBJDU18422021801 - DEBUG - 添加此题
2018-09-25 18:36:55,088 - VBJDU18422021801 - INFO - 本题结束
2018-09-25 18:36:55,565 - VBJDU18422021801 - INFO - 比赛结果：第4名：810分
2018-09-25 18:36:56,567 - VBJDU18422021801 - INFO - 本场比赛结束
2018-09-25 18:36:56,609 - VBJDU18422021801 - INFO - 返回游戏页面
2018-09-25 18:36:58,296 - VBJDU18422021801 - INFO - 进入排位赛
2018-09-25 18:36:58,296 - VBJDU18422021801 - INFO - 正在匹配中......
2018-09-25 18:38:32,549 - VBJDU18422021801 - INFO - 匹配成功
2018-09-25 18:38:32,549 - VBJDU18422021801 - DEBUG - 获取题目
2018-09-25 18:38:34,121 - VBJDU18422021801 - INFO - 第 1 题
2018-09-25 18:38:34,498 - VBJDU18422021801 - INFO - 香烟过滤嘴的作用是什么？
2018-09-25 18:38:35,618 - VBJDU18422021801 - INFO - A.危害增大 B.使尼古丁摄入量增加 C.使尼古丁摄入量减少
2018-09-25 18:38:36,377 - VBJDU18422021801 - DEBUG - 未检索到答案
2018-09-25 18:38:36,377 - VBJDU18422021801 - INFO - 我的答案：危害增大
2018-09-25 18:38:37,117 - VBJDU18422021801 - DEBUG - 选择选项
2018-09-25 18:38:39,292 - VBJDU18422021801 - INFO - 答案错误
2018-09-25 18:38:39,518 - VBJDU18422021801 - INFO - 正确答案；使尼古丁摄入量减少
2018-09-25 18:38:39,518 - VBJDU18422021801 - DEBUG - 添加此题
2018-09-25 18:38:44,582 - VBJDU18422021801 - INFO - 本题结束
2018-09-25 18:38:44,583 - VBJDU18422021801 - DEBUG - 获取题目
2018-09-25 18:38:47,025 - VBJDU18422021801 - INFO - 第 2 题
2018-09-25 18:38:47,406 - VBJDU18422021801 - INFO - 动作、惊悚类型的影片《恶灵骑士》是由谁主演的？
2018-09-25 18:38:48,534 - VBJDU18422021801 - INFO - A.莱昂纳多 B.尼古拉斯·凯奇 C.小罗伯特·唐尼
2018-09-25 18:38:49,285 - VBJDU18422021801 - DEBUG - 在线检索答案
2018-09-25 18:38:49,285 - VBJDU18422021801 - INFO - 我的答案：尼古拉斯·凯奇
2018-09-25 18:38:50,012 - VBJDU18422021801 - DEBUG - 选择选项
2018-09-25 18:38:52,295 - VBJDU18422021801 - INFO - 答案正确
2018-09-25 18:38:52,295 - VBJDU18422021801 - DEBUG - 添加此题
2018-09-25 18:38:54,303 - VBJDU18422021801 - INFO - 本题结束
2018-09-25 18:38:54,303 - VBJDU18422021801 - DEBUG - 获取题目
2018-09-25 18:38:56,695 - VBJDU18422021801 - INFO - 第 3 题
2018-09-25 18:38:57,058 - VBJDU18422021801 - INFO - 一年四季中，曼珠沙华常在什么时候开花？
2018-09-25 18:38:58,177 - VBJDU18422021801 - INFO - A.冬季 B.秋季 C.夏季
2018-09-25 18:38:59,454 - VBJDU18422021801 - DEBUG - 在线检索答案
2018-09-25 18:38:59,454 - VBJDU18422021801 - INFO - 我的答案：秋季
2018-09-25 18:39:00,192 - VBJDU18422021801 - DEBUG - 选择选项
2018-09-25 18:39:02,423 - VBJDU18422021801 - INFO - 答案错误
2018-09-25 18:39:02,656 - VBJDU18422021801 - INFO - 正确答案；夏季
2018-09-25 18:39:02,656 - VBJDU18422021801 - DEBUG - 添加此题
2018-09-25 18:39:03,455 - VBJDU18422021801 - INFO - 本题结束
2018-09-25 18:39:03,455 - VBJDU18422021801 - DEBUG - 获取题目
2018-09-25 18:39:05,611 - VBJDU18422021801 - INFO - 第 4 题
2018-09-25 18:39:05,998 - VBJDU18422021801 - INFO - 五粮液的总部地点在哪里？
2018-09-25 18:39:07,207 - VBJDU18422021801 - INFO - A.四川 B.贵州 C.湖北
2018-09-25 18:39:07,894 - VBJDU18422021801 - DEBUG - 在线检索答案
2018-09-25 18:39:07,894 - VBJDU18422021801 - INFO - 我的答案：四川
2018-09-25 18:39:08,624 - VBJDU18422021801 - DEBUG - 选择选项
2018-09-25 18:39:10,803 - VBJDU18422021801 - INFO - 答案正确
2018-09-25 18:39:10,805 - VBJDU18422021801 - DEBUG - 添加此题
2018-09-25 18:39:12,085 - VBJDU18422021801 - INFO - 本题结束
2018-09-25 18:39:12,085 - VBJDU18422021801 - DEBUG - 获取题目
2018-09-25 18:39:14,476 - VBJDU18422021801 - INFO - 第 5 题
2018-09-25 18:39:14,848 - VBJDU18422021801 - INFO - 在《东方Project》系列中，哪个角色的外表和人类并无差别？
2018-09-25 18:39:15,981 - VBJDU18422021801 - INFO - A.十六夜咲夜 B.帕秋莉·诺蕾姬 C.红美铃
2018-09-25 18:39:16,755 - VBJDU18422021801 - DEBUG - 在线检索答案
2018-09-25 18:39:16,755 - VBJDU18422021801 - INFO - 我的答案：帕秋莉·诺蕾姬
2018-09-25 18:39:17,493 - VBJDU18422021801 - DEBUG - 选择选项
2018-09-25 18:39:19,805 - VBJDU18422021801 - INFO - 答案正确
2018-09-25 18:39:19,821 - VBJDU18422021801 - DEBUG - 添加此题
2018-09-25 18:39:22,835 - VBJDU18422021801 - INFO - 本题结束
2018-09-25 18:39:23,359 - VBJDU18422021801 - INFO - 比赛结果：第4名：650分
2018-09-25 18:39:24,360 - VBJDU18422021801 - INFO - 本场比赛结束
2018-09-25 18:39:24,412 - VBJDU18422021801 - INFO - 返回游戏页面
2018-09-25 18:39:26,068 - VBJDU18422021801 - INFO - 进入排位赛
2018-09-25 18:39:26,068 - VBJDU18422021801 - INFO - 正在匹配中......
2018-09-25 18:39:38,007 - VBJDU18422021801 - INFO - 匹配成功
2018-09-25 18:39:38,007 - VBJDU18422021801 - DEBUG - 获取题目
2018-09-25 18:39:39,549 - VBJDU18422021801 - INFO - 第 1 题
2018-09-25 18:39:39,932 - VBJDU18422021801 - INFO - 下列哪座城市有着塞北春城的雅号？
2018-09-25 18:39:41,128 - VBJDU18422021801 - INFO - A.长春 B.深圳 C.西安
2018-09-25 18:39:41,747 - VBJDU18422021801 - DEBUG - 在线检索答案
2018-09-25 18:39:41,747 - VBJDU18422021801 - INFO - 我的答案：长春
2018-09-25 18:39:42,548 - VBJDU18422021801 - DEBUG - 选择选项
2018-09-25 18:39:44,747 - VBJDU18422021801 - INFO - 答案正确
2018-09-25 18:39:44,747 - VBJDU18422021801 - DEBUG - 添加此题
2018-09-25 18:39:45,901 - VBJDU18422021801 - INFO - 本题结束
2018-09-25 18:39:45,901 - VBJDU18422021801 - DEBUG - 获取题目
2018-09-25 18:39:48,106 - VBJDU18422021801 - INFO - 第 2 题
2018-09-25 18:39:48,488 - VBJDU18422021801 - INFO - 2017维多利亚的秘密走秀摔倒的是？
2018-09-25 18:39:49,623 - VBJDU18422021801 - INFO - A.张靓颖 B.奚梦瑶 C.吕燕
2018-09-25 18:39:49,623 - VBJDU18422021801 - DEBUG - 数据库中检索答案
2018-09-25 18:39:49,623 - VBJDU18422021801 - INFO - 我的答案：奚梦瑶
2018-09-25 18:39:50,456 - VBJDU18422021801 - DEBUG - 选择选项
2018-09-25 18:39:52,640 - VBJDU18422021801 - INFO - 答案正确
2018-09-25 18:39:53,455 - VBJDU18422021801 - INFO - 本题结束
2018-09-25 18:39:53,469 - VBJDU18422021801 - DEBUG - 获取题目
2018-09-25 18:39:55,990 - VBJDU18422021801 - INFO - 第 3 题
2018-09-25 18:39:56,393 - VBJDU18422021801 - INFO - 纵贯线乐队成员不包括？
2018-09-25 18:39:57,550 - VBJDU18422021801 - INFO - A.张学友 B.罗大佑 C.周华健
2018-09-25 18:39:58,106 - VBJDU18422021801 - DEBUG - 在线检索答案
2018-09-25 18:39:58,106 - VBJDU18422021801 - INFO - 我的答案：张学友
2018-09-25 18:39:58,852 - VBJDU18422021801 - DEBUG - 选择选项
2018-09-25 18:40:01,039 - VBJDU18422021801 - INFO - 答案正确
2018-09-25 18:40:01,039 - VBJDU18422021801 - DEBUG - 添加此题
2018-09-25 18:40:02,458 - VBJDU18422021801 - INFO - 本题结束
2018-09-25 18:40:02,458 - VBJDU18422021801 - DEBUG - 获取题目
2018-09-25 18:40:04,865 - VBJDU18422021801 - INFO - 第 4 题
2018-09-25 18:40:05,252 - VBJDU18422021801 - INFO - 朱茵曾在张智霖版《射雕英雄传》中扮演什么角色？
2018-09-25 18:40:06,413 - VBJDU18422021801 - INFO - A.黄蓉 B.梅超风 C.穆念慈
2018-09-25 18:40:07,254 - VBJDU18422021801 - DEBUG - 在线检索答案
2018-09-25 18:40:07,255 - VBJDU18422021801 - INFO - 我的答案：黄蓉
2018-09-25 18:40:08,060 - VBJDU18422021801 - DEBUG - 选择选项
2018-09-25 18:40:10,297 - VBJDU18422021801 - INFO - 答案正确
2018-09-25 18:40:10,297 - VBJDU18422021801 - DEBUG - 添加此题
2018-09-25 18:40:13,328 - VBJDU18422021801 - INFO - 本题结束
2018-09-25 18:40:13,328 - VBJDU18422021801 - DEBUG - 获取题目
2018-09-25 18:40:15,609 - VBJDU18422021801 - INFO - 第 5 题
2018-09-25 18:40:15,917 - VBJDU18422021801 - INFO - 下面不属于丈夫对妻子雅称的是：
2018-09-25 18:40:16,806 - VBJDU18422021801 - INFO - A.内助 B.所天 C.贤妻
2018-09-25 18:40:17,470 - VBJDU18422021801 - DEBUG - 在线检索答案
2018-09-25 18:40:17,470 - VBJDU18422021801 - INFO - 我的答案：内助
2018-09-25 18:40:18,129 - VBJDU18422021801 - DEBUG - 选择选项
2018-09-25 18:40:20,178 - VBJDU18422021801 - INFO - 答案错误
2018-09-25 18:40:20,329 - VBJDU18422021801 - INFO - 正确答案；所天
2018-09-25 18:40:20,344 - VBJDU18422021801 - DEBUG - 添加此题
2018-09-25 18:40:25,106 - VBJDU18422021801 - INFO - 本题结束
2018-09-25 18:40:25,601 - VBJDU18422021801 - INFO - 比赛结果：第3名：790分
2018-09-25 18:40:26,601 - VBJDU18422021801 - INFO - 本场比赛结束
2018-09-25 18:40:26,648 - VBJDU18422021801 - INFO - 返回游戏页面
2018-09-25 18:40:28,328 - VBJDU18422021801 - INFO - 进入排位赛
2018-09-25 18:40:28,328 - VBJDU18422021801 - INFO - 正在匹配中......
2018-09-25 18:41:49,945 - VBJDU18422021801 - INFO - 匹配成功
2018-09-25 18:41:49,945 - VBJDU18422021801 - DEBUG - 获取题目
2018-09-25 18:41:51,312 - VBJDU18422021801 - INFO - 第 1 题
2018-09-25 18:41:51,718 - VBJDU18422021801 - INFO - 名曲《流水》是我国古老的什么曲的代表作之一？
2018-09-25 18:41:53,550 - VBJDU18422021801 - INFO - A.琵琶 B.古筝 C.古琴
2018-09-25 18:41:54,341 - VBJDU18422021801 - DEBUG - 在线检索答案
2018-09-25 18:41:54,342 - VBJDU18422021801 - INFO - 我的答案：古筝
2018-09-25 18:41:55,149 - VBJDU18422021801 - DEBUG - 选择选项
2018-09-25 18:41:57,646 - VBJDU18422021801 - INFO - 答案错误
2018-09-25 18:41:58,044 - VBJDU18422021801 - INFO - 正确答案；古琴
2018-09-25 18:41:58,044 - VBJDU18422021801 - DEBUG - 添加此题
2018-09-25 18:41:58,327 - VBJDU18422021801 - INFO - 本题结束
2018-09-25 18:41:58,327 - VBJDU18422021801 - DEBUG - 获取题目
2018-09-25 18:42:00,456 - VBJDU18422021801 - INFO - 第 2 题
2018-09-25 18:42:00,837 - VBJDU18422021801 - INFO - 下列卫星中，哪一个的自转周期与公转周期相同
2018-09-25 18:42:01,964 - VBJDU18422021801 - INFO - A.冥卫一 B.土卫一 C.月球
2018-09-25 18:42:01,964 - VBJDU18422021801 - DEBUG - 数据库中检索答案
2018-09-25 18:42:01,964 - VBJDU18422021801 - INFO - 我的答案：月球
2018-09-25 18:42:02,765 - VBJDU18422021801 - DEBUG - 选择选项
2018-09-25 18:42:05,003 - VBJDU18422021801 - INFO - 答案正确
2018-09-25 18:42:07,439 - VBJDU18422021801 - INFO - 本题结束
2018-09-25 18:42:07,440 - VBJDU18422021801 - DEBUG - 获取题目
2018-09-25 18:42:11,161 - VBJDU18422021801 - INFO - 第 3 题
2018-09-25 18:42:11,566 - VBJDU18422021801 - INFO - 联合国规定每年的哪一天为“国际保护臭氧层日”？
2018-09-25 18:42:12,879 - VBJDU18422021801 - INFO - A.6月5日 B.3月15日 C.9月16日
2018-09-25 18:42:13,587 - VBJDU18422021801 - DEBUG - 在线检索答案
2018-09-25 18:42:13,587 - VBJDU18422021801 - INFO - 我的答案：9月16日
2018-09-25 18:42:14,722 - VBJDU18422021801 - DEBUG - 选择选项
2018-09-25 18:42:17,091 - VBJDU18422021801 - INFO - 答案正确
2018-09-25 18:42:17,091 - VBJDU18422021801 - DEBUG - 添加此题
2018-09-25 18:42:17,690 - VBJDU18422021801 - INFO - 本题结束
2018-09-25 18:42:17,691 - VBJDU18422021801 - DEBUG - 获取题目
2018-09-25 18:42:20,114 - VBJDU18422021801 - INFO - 第 4 题
2018-09-25 18:42:20,487 - VBJDU18422021801 - INFO - 人们常把中医学称为“岐黄之术”，所谓“岐黄”实际是指：
2018-09-25 18:42:21,719 - VBJDU18422021801 - INFO - A.两处地名 B.两个人名 C.两味中药
2018-09-25 18:42:22,569 - VBJDU18422021801 - DEBUG - 在线检索答案
2018-09-25 18:42:22,569 - VBJDU18422021801 - INFO - 我的答案：两个人名
2018-09-25 18:42:23,387 - VBJDU18422021801 - DEBUG - 选择选项
2018-09-25 18:42:25,619 - VBJDU18422021801 - INFO - 答案正确
2018-09-25 18:42:25,620 - VBJDU18422021801 - DEBUG - 添加此题
2018-09-25 18:42:26,388 - VBJDU18422021801 - INFO - 本题结束
2018-09-25 18:42:26,388 - VBJDU18422021801 - DEBUG - 获取题目
2018-09-25 18:42:28,687 - VBJDU18422021801 - INFO - 第 5 题
2018-09-25 18:42:29,074 - VBJDU18422021801 - INFO - 《让她降落》是哪一部影视剧的片尾曲？
2018-09-25 18:42:30,259 - VBJDU18422021801 - INFO - A.《金粉世家》 B.《红粉世家》 C.《京华烟云》
2018-09-25 18:42:30,893 - VBJDU18422021801 - DEBUG - 在线检索答案
2018-09-25 18:42:30,893 - VBJDU18422021801 - INFO - 我的答案：《金粉世家》
2018-09-25 18:42:31,655 - VBJDU18422021801 - DEBUG - 选择选项
2018-09-25 18:42:33,831 - VBJDU18422021801 - INFO - 答案正确
2018-09-25 18:42:33,832 - VBJDU18422021801 - DEBUG - 添加此题
2018-09-25 18:42:34,735 - VBJDU18422021801 - INFO - 本题结束
2018-09-25 18:42:35,324 - VBJDU18422021801 - INFO - 比赛结果：第2名：870分
2018-09-25 18:42:36,326 - VBJDU18422021801 - INFO - 本场比赛结束
2018-09-25 18:42:36,368 - VBJDU18422021801 - INFO - 返回游戏页面
2018-09-25 18:42:38,011 - VBJDU18422021801 - INFO - 进入排位赛
2018-09-25 18:42:38,011 - VBJDU18422021801 - INFO - 正在匹配中......
2018-09-25 18:42:41,267 - VBJDU18422021801 - INFO - 匹配成功
2018-09-25 18:42:41,267 - VBJDU18422021801 - DEBUG - 获取题目
2018-09-25 18:42:42,409 - VBJDU18422021801 - INFO - 第 1 题
2018-09-25 18:42:42,806 - VBJDU18422021801 - INFO - 蛋壳的主要化学成分是？
2018-09-25 18:42:43,971 - VBJDU18422021801 - INFO - A.碳酸钙 B.氯化钙 C.氯化钠
2018-09-25 18:42:45,221 - VBJDU18422021801 - DEBUG - 在线检索答案
2018-09-25 18:42:45,221 - VBJDU18422021801 - INFO - 我的答案：碳酸钙
2018-09-25 18:42:45,983 - VBJDU18422021801 - DEBUG - 选择选项
2018-09-25 18:42:48,161 - VBJDU18422021801 - INFO - 答案正确
2018-09-25 18:42:48,161 - VBJDU18422021801 - DEBUG - 添加此题
2018-09-25 18:42:49,027 - VBJDU18422021801 - INFO - 本题结束
2018-09-25 18:42:49,027 - VBJDU18422021801 - DEBUG - 获取题目
2018-09-25 18:42:51,364 - VBJDU18422021801 - INFO - 第 2 题
2018-09-25 18:42:51,781 - VBJDU18422021801 - INFO - 下面哪部是日本漫画改编的电视动画？
2018-09-25 18:42:52,940 - VBJDU18422021801 - INFO - A.《熊出没》 B.《阿拉蕾》 C.《喜羊羊与灰太狼》
2018-09-25 18:42:53,608 - VBJDU18422021801 - DEBUG - 未检索到答案
2018-09-25 18:42:53,609 - VBJDU18422021801 - INFO - 我的答案：《熊出没》
2018-09-25 18:42:54,448 - VBJDU18422021801 - DEBUG - 选择选项
2018-09-25 18:42:56,629 - VBJDU18422021801 - INFO - 答案错误
2018-09-25 18:42:56,784 - VBJDU18422021801 - INFO - 正确答案；《阿拉蕾》
2018-09-25 18:42:56,785 - VBJDU18422021801 - DEBUG - 添加此题
2018-09-25 18:42:57,568 - VBJDU18422021801 - INFO - 本题结束
2018-09-25 18:42:57,568 - VBJDU18422021801 - DEBUG - 获取题目
2018-09-25 18:42:59,748 - VBJDU18422021801 - INFO - 第 3 题
2018-09-25 18:43:00,114 - VBJDU18422021801 - INFO - 哪个演员凭借电视剧《千山暮雪》中的女主“童雪”而成名？
2018-09-25 18:43:01,284 - VBJDU18422021801 - INFO - A.张嘉倪 B.颖儿 C.温峥嵘
2018-09-25 18:43:01,918 - VBJDU18422021801 - DEBUG - 在线检索答案
2018-09-25 18:43:01,919 - VBJDU18422021801 - INFO - 我的答案：颖儿
2018-09-25 18:43:02,738 - VBJDU18422021801 - DEBUG - 选择选项
2018-09-25 18:43:04,929 - VBJDU18422021801 - INFO - 答案正确
2018-09-25 18:43:04,929 - VBJDU18422021801 - DEBUG - 添加此题
2018-09-25 18:43:05,933 - VBJDU18422021801 - INFO - 本题结束
2018-09-25 18:43:05,933 - VBJDU18422021801 - DEBUG - 获取题目
2018-09-25 18:43:08,012 - VBJDU18422021801 - INFO - 第 4 题
2018-09-25 18:43:08,424 - VBJDU18422021801 - INFO - 现任《Vogue》杂志美国版主编是哪位？
2018-09-25 18:43:09,593 - VBJDU18422021801 - INFO - A.安娜·温图尔 B.张宇 C.卡琳·洛菲德
2018-09-25 18:43:10,409 - VBJDU18422021801 - DEBUG - 在线检索答案
2018-09-25 18:43:10,409 - VBJDU18422021801 - INFO - 我的答案：安娜·温图尔
2018-09-25 18:43:11,256 - VBJDU18422021801 - DEBUG - 选择选项
2018-09-25 18:43:13,493 - VBJDU18422021801 - INFO - 答案正确
2018-09-25 18:43:13,494 - VBJDU18422021801 - DEBUG - 添加此题
2018-09-25 18:43:14,277 - VBJDU18422021801 - INFO - 本题结束
2018-09-25 18:43:14,277 - VBJDU18422021801 - DEBUG - 获取题目
2018-09-25 18:43:16,643 - VBJDU18422021801 - INFO - 第 5 题
2018-09-25 18:43:17,031 - VBJDU18422021801 - INFO - 下列哪一个公益性节日被联合国定在每年的3月22日？
2018-09-25 18:43:18,192 - VBJDU18422021801 - INFO - A.世界水日 B.世界森林日 C.世界睡眠日
2018-09-25 18:43:18,192 - VBJDU18422021801 - DEBUG - 数据库中检索答案
2018-09-25 18:43:18,192 - VBJDU18422021801 - INFO - 我的答案：世界水日
2018-09-25 18:43:18,944 - VBJDU18422021801 - DEBUG - 选择选项
2018-09-25 18:43:21,161 - VBJDU18422021801 - INFO - 答案正确
2018-09-25 18:43:24,105 - VBJDU18422021801 - INFO - 本题结束
2018-09-25 18:43:24,641 - VBJDU18422021801 - INFO - 比赛结果：第3名：850分
2018-09-25 18:43:25,643 - VBJDU18422021801 - INFO - 本场比赛结束
2018-09-25 18:43:25,689 - VBJDU18422021801 - INFO - 返回游戏页面
2018-09-25 18:43:27,346 - VBJDU18422021801 - INFO - 进入排位赛
2018-09-25 18:43:27,346 - VBJDU18422021801 - INFO - 正在匹配中......
2018-09-25 18:43:40,519 - VBJDU18422021801 - INFO - 匹配成功
2018-09-25 18:43:40,519 - VBJDU18422021801 - DEBUG - 获取题目
2018-09-25 18:43:42,060 - VBJDU18422021801 - INFO - 第 1 题
2018-09-25 18:43:42,534 - VBJDU18422021801 - INFO - 麻将中同一花色胡牌的方式叫什么名字？
2018-09-25 18:43:43,795 - VBJDU18422021801 - INFO - A.清一色 B.十三幺 C.清幺九
2018-09-25 18:43:44,719 - VBJDU18422021801 - DEBUG - 在线检索答案
2018-09-25 18:43:44,719 - VBJDU18422021801 - INFO - 我的答案：清一色
2018-09-25 18:43:45,454 - VBJDU18422021801 - DEBUG - 选择选项
2018-09-25 18:43:47,634 - VBJDU18422021801 - INFO - 答案正确
2018-09-25 18:43:47,635 - VBJDU18422021801 - DEBUG - 添加此题
2018-09-25 18:43:48,518 - VBJDU18422021801 - INFO - 本题结束
2018-09-25 18:43:48,518 - VBJDU18422021801 - DEBUG - 获取题目
2018-09-25 18:43:50,805 - VBJDU18422021801 - INFO - 第 2 题
2018-09-25 18:43:51,207 - VBJDU18422021801 - INFO - 传说中的圣诞老人坐的雪橇是用什么动物来拉的？
2018-09-25 18:43:52,393 - VBJDU18422021801 - INFO - A.角马 B.驯鹿 C.麋鹿
2018-09-25 18:43:53,096 - VBJDU18422021801 - DEBUG - 在线检索答案
2018-09-25 18:43:53,096 - VBJDU18422021801 - INFO - 我的答案：驯鹿
2018-09-25 18:43:53,886 - VBJDU18422021801 - DEBUG - 选择选项
2018-09-25 18:43:56,103 - VBJDU18422021801 - INFO - 答案正确
2018-09-25 18:43:56,104 - VBJDU18422021801 - DEBUG - 添加此题
2018-09-25 18:43:57,088 - VBJDU18422021801 - INFO - 本题结束
2018-09-25 18:43:57,088 - VBJDU18422021801 - DEBUG - 获取题目
2018-09-25 18:43:59,363 - VBJDU18422021801 - INFO - 第 3 题
2018-09-25 18:43:59,765 - VBJDU18422021801 - INFO - 长庚是中国古代对哪一颗行星的称呼？
2018-09-25 18:44:01,056 - VBJDU18422021801 - INFO - A.水星 B.金星 C.火星
2018-09-25 18:44:01,607 - VBJDU18422021801 - DEBUG - 在线检索答案
2018-09-25 18:44:01,607 - VBJDU18422021801 - INFO - 我的答案：金星
2018-09-25 18:44:02,362 - VBJDU18422021801 - DEBUG - 选择选项
2018-09-25 18:44:04,582 - VBJDU18422021801 - INFO - 答案正确
2018-09-25 18:44:04,582 - VBJDU18422021801 - DEBUG - 添加此题
2018-09-25 18:44:05,299 - VBJDU18422021801 - INFO - 本题结束
2018-09-25 18:44:05,299 - VBJDU18422021801 - DEBUG - 获取题目
2018-09-25 18:44:07,756 - VBJDU18422021801 - INFO - 第 4 题
2018-09-25 18:44:08,129 - VBJDU18422021801 - INFO - 以下哪一部作品，不是讲述企鹅故事的？
2018-09-25 18:44:09,296 - VBJDU18422021801 - INFO - A.《冰川时代》 B.《冲浪企鹅》 C.《帝企鹅日记》
2018-09-25 18:44:10,071 - VBJDU18422021801 - DEBUG - 在线检索答案
2018-09-25 18:44:10,071 - VBJDU18422021801 - INFO - 我的答案：《冰川时代》
2018-09-25 18:44:10,800 - VBJDU18422021801 - DEBUG - 选择选项
2018-09-25 18:44:13,120 - VBJDU18422021801 - INFO - 答案正确
2018-09-25 18:44:13,121 - VBJDU18422021801 - DEBUG - 添加此题
2018-09-25 18:44:14,256 - VBJDU18422021801 - INFO - 本题结束
2018-09-25 18:44:14,257 - VBJDU18422021801 - DEBUG - 获取题目
2018-09-25 18:44:16,444 - VBJDU18422021801 - INFO - 第 5 题
2018-09-25 18:44:16,824 - VBJDU18422021801 - INFO - 在北京地区，北极星的高度为
2018-09-25 18:44:17,962 - VBJDU18422021801 - INFO - A.50° B.30° C.40°
2018-09-25 18:44:18,686 - VBJDU18422021801 - DEBUG - 在线检索答案
2018-09-25 18:44:18,686 - VBJDU18422021801 - INFO - 我的答案：40°
2018-09-25 18:44:19,429 - VBJDU18422021801 - DEBUG - 选择选项
2018-09-25 18:44:21,639 - VBJDU18422021801 - INFO - 答案正确
2018-09-25 18:44:21,639 - VBJDU18422021801 - DEBUG - 添加此题
2018-09-25 18:44:31,224 - VBJDU18422021801 - INFO - 本题结束
2018-09-25 18:44:31,718 - VBJDU18422021801 - INFO - 比赛结果：第1名：1090分
2018-09-25 18:44:32,720 - VBJDU18422021801 - INFO - 本场比赛结束
2018-09-25 18:44:32,767 - VBJDU18422021801 - INFO - 返回游戏页面
2018-09-25 18:44:34,367 - VBJDU18422021801 - INFO - 进入排位赛
2018-09-25 18:44:34,368 - VBJDU18422021801 - INFO - 正在匹配中......
2018-09-25 18:44:37,396 - VBJDU18422021801 - INFO - 匹配成功
2018-09-25 18:44:37,397 - VBJDU18422021801 - DEBUG - 获取题目
2018-09-25 18:44:38,686 - VBJDU18422021801 - INFO - 第 1 题
2018-09-25 18:44:38,980 - VBJDU18422021801 - INFO - 世界上第一枚邮票诞生在
2018-09-25 18:44:39,919 - VBJDU18422021801 - INFO - A.英国 B.中国 C.美国
2018-09-25 18:44:39,919 - VBJDU18422021801 - DEBUG - 数据库中检索答案
2018-09-25 18:44:39,919 - VBJDU18422021801 - INFO - 我的答案：英国
2018-09-25 18:44:40,703 - VBJDU18422021801 - DEBUG - 选择选项
2018-09-25 18:44:42,788 - VBJDU18422021801 - INFO - 答案正确
2018-09-25 18:44:43,717 - VBJDU18422021801 - INFO - 本题结束
2018-09-25 18:44:43,717 - VBJDU18422021801 - DEBUG - 获取题目
2018-09-25 18:44:45,970 - VBJDU18422021801 - INFO - 第 2 题
2018-09-25 18:44:46,277 - VBJDU18422021801 - INFO - 必须在活细胞内寄生并以复制方式增殖的非细胞型生物是指什么？
2018-09-25 18:44:47,229 - VBJDU18422021801 - INFO - A.细菌 B.病毒 C.酵母
2018-09-25 18:44:47,974 - VBJDU18422021801 - DEBUG - 在线检索答案
2018-09-25 18:44:47,974 - VBJDU18422021801 - INFO - 我的答案：病毒
2018-09-25 18:44:48,734 - VBJDU18422021801 - DEBUG - 选择选项
2018-09-25 18:44:50,897 - VBJDU18422021801 - INFO - 答案正确
2018-09-25 18:44:50,898 - VBJDU18422021801 - DEBUG - 添加此题
2018-09-25 18:44:51,925 - VBJDU18422021801 - INFO - 本题结束
2018-09-25 18:44:51,926 - VBJDU18422021801 - DEBUG - 获取题目
2018-09-25 18:44:54,162 - VBJDU18422021801 - INFO - 第 3 题
2018-09-25 18:44:54,489 - VBJDU18422021801 - INFO - 联合国教科文组织将哪天设为“世界图书和版权日”？
2018-09-25 18:44:55,401 - VBJDU18422021801 - INFO - A.4月23日 B.8月15日 C.12月11日
2018-09-25 18:44:56,177 - VBJDU18422021801 - DEBUG - 在线检索答案
2018-09-25 18:44:56,177 - VBJDU18422021801 - INFO - 我的答案：4月23日
2018-09-25 18:44:56,861 - VBJDU18422021801 - DEBUG - 选择选项
2018-09-25 18:44:59,011 - VBJDU18422021801 - INFO - 答案正确
2018-09-25 18:44:59,011 - VBJDU18422021801 - DEBUG - 添加此题
2018-09-25 18:45:02,281 - VBJDU18422021801 - INFO - 本题结束
2018-09-25 18:45:02,282 - VBJDU18422021801 - DEBUG - 获取题目
2018-09-25 18:45:04,594 - VBJDU18422021801 - INFO - 第 4 题
2018-09-25 18:45:04,958 - VBJDU18422021801 - INFO - 人体中最大的淋巴器官是什么？
2018-09-25 18:45:06,010 - VBJDU18422021801 - INFO - A.肝 B.脾 C.肾
2018-09-25 18:45:06,014 - VBJDU18422021801 - DEBUG - 数据库中检索答案
2018-09-25 18:45:06,014 - VBJDU18422021801 - INFO - 我的答案：脾
2018-09-25 18:45:06,723 - VBJDU18422021801 - DEBUG - 选择选项
2018-09-25 18:45:08,838 - VBJDU18422021801 - INFO - 答案正确
2018-09-25 18:45:09,690 - VBJDU18422021801 - INFO - 本题结束
2018-09-25 18:45:09,690 - VBJDU18422021801 - DEBUG - 获取题目
2018-09-25 18:45:11,854 - VBJDU18422021801 - INFO - 第 5 题
2018-09-25 18:45:12,175 - VBJDU18422021801 - INFO - 夏达漫画作品《长歌行》中的主人公李长歌是什么身份？
2018-09-25 18:45:13,183 - VBJDU18422021801 - INFO - A.兵马大将军 B.公主 C.太子
2018-09-25 18:45:13,187 - VBJDU18422021801 - DEBUG - 数据库中检索答案
2018-09-25 18:45:13,187 - VBJDU18422021801 - INFO - 我的答案：公主
2018-09-25 18:45:13,862 - VBJDU18422021801 - DEBUG - 选择选项
2018-09-25 18:45:16,014 - VBJDU18422021801 - INFO - 答案正确
2018-09-25 18:45:17,922 - VBJDU18422021801 - INFO - 本题结束
2018-09-25 18:45:18,455 - VBJDU18422021801 - INFO - 比赛结果：第1名：1150分
2018-09-25 18:45:19,456 - VBJDU18422021801 - INFO - 本场比赛结束
2018-09-25 18:45:19,502 - VBJDU18422021801 - INFO - 返回游戏页面
2018-09-25 18:45:21,129 - VBJDU18422021801 - INFO - 进入排位赛
2018-09-25 18:45:21,129 - VBJDU18422021801 - INFO - 正在匹配中......
2018-09-25 18:46:22,817 - VBJDU18422021801 - INFO - 匹配成功
2018-09-25 18:46:22,824 - VBJDU18422021801 - DEBUG - 获取题目
2018-09-25 18:46:24,401 - VBJDU18422021801 - INFO - 第 1 题
2018-09-25 18:46:24,802 - VBJDU18422021801 - INFO - 围棋的棋子是哪两种颜色的？
2018-09-25 18:46:26,137 - VBJDU18422021801 - INFO - A.黑和白 B.红和蓝 C.红和白
2018-09-25 18:46:26,165 - VBJDU18422021801 - DEBUG - 数据库中检索答案
2018-09-25 18:46:26,165 - VBJDU18422021801 - INFO - 我的答案：黑和白
2018-09-25 18:46:27,012 - VBJDU18422021801 - DEBUG - 选择选项
2018-09-25 18:46:29,194 - VBJDU18422021801 - INFO - 答案正确
2018-09-25 18:46:29,862 - VBJDU18422021801 - INFO - 本题结束
2018-09-25 18:46:29,862 - VBJDU18422021801 - DEBUG - 获取题目
2018-09-25 18:46:32,227 - VBJDU18422021801 - INFO - 第 2 题
2018-09-25 18:46:32,623 - VBJDU18422021801 - INFO - 以下哪个手机系统已宣布停止开发和生产？
2018-09-25 18:46:33,872 - VBJDU18422021801 - INFO - A.ios B.塞班 C.安卓
2018-09-25 18:46:34,672 - VBJDU18422021801 - DEBUG - 在线检索答案
2018-09-25 18:46:34,672 - VBJDU18422021801 - INFO - 我的答案：安卓
2018-09-25 18:46:35,462 - VBJDU18422021801 - DEBUG - 选择选项
2018-09-25 18:46:37,671 - VBJDU18422021801 - INFO - 答案错误
2018-09-25 18:46:37,977 - VBJDU18422021801 - INFO - 正确答案；塞班
2018-09-25 18:46:37,978 - VBJDU18422021801 - DEBUG - 添加此题
2018-09-25 18:46:41,333 - VBJDU18422021801 - INFO - 本题结束
2018-09-25 18:46:41,333 - VBJDU18422021801 - DEBUG - 获取题目
2018-09-25 18:46:43,707 - VBJDU18422021801 - INFO - 第 3 题
2018-09-25 18:46:44,099 - VBJDU18422021801 - INFO - 在联合国维持和平与安全方面有权采取行动的机关是
2018-09-25 18:46:45,322 - VBJDU18422021801 - INFO - A.联合国大会 B.联合国安理会 C.秘书处
2018-09-25 18:46:45,326 - VBJDU18422021801 - DEBUG - 数据库中检索答案
2018-09-25 18:46:45,326 - VBJDU18422021801 - INFO - 我的答案：联合国安理会
2018-09-25 18:46:46,126 - VBJDU18422021801 - DEBUG - 选择选项
2018-09-25 18:46:48,307 - VBJDU18422021801 - INFO - 答案正确
2018-09-25 18:46:49,177 - VBJDU18422021801 - INFO - 本题结束
2018-09-25 18:46:49,177 - VBJDU18422021801 - DEBUG - 获取题目
2018-09-25 18:46:51,494 - VBJDU18422021801 - INFO - 第 4 题
2018-09-25 18:46:51,891 - VBJDU18422021801 - INFO - 什么东西只增不减？
2018-09-25 18:46:53,137 - VBJDU18422021801 - INFO - A.water B.tea C.age
2018-09-25 18:46:53,921 - VBJDU18422021801 - DEBUG - 在线检索答案
2018-09-25 18:46:53,922 - VBJDU18422021801 - INFO - 我的答案：water
2018-09-25 18:46:54,705 - VBJDU18422021801 - DEBUG - 选择选项
2018-09-25 18:46:56,907 - VBJDU18422021801 - INFO - 答案错误
2018-09-25 18:46:57,146 - VBJDU18422021801 - INFO - 正确答案；age
2018-09-25 18:46:57,147 - VBJDU18422021801 - DEBUG - 添加此题
2018-09-25 18:46:57,643 - VBJDU18422021801 - INFO - 本题结束
2018-09-25 18:46:57,643 - VBJDU18422021801 - DEBUG - 获取题目
2018-09-25 18:46:59,924 - VBJDU18422021801 - INFO - 第 5 题
2018-09-25 18:47:00,306 - VBJDU18422021801 - INFO - 经典歌曲《光辉岁月》的作词者是谁？
2018-09-25 18:47:01,515 - VBJDU18422021801 - INFO - A.汪峰 B.林夕 C.黄家驹
2018-09-25 18:47:02,150 - VBJDU18422021801 - DEBUG - 在线检索答案
2018-09-25 18:47:02,150 - VBJDU18422021801 - INFO - 我的答案：黄家驹
2018-09-25 18:47:02,959 - VBJDU18422021801 - DEBUG - 选择选项
2018-09-25 18:47:05,183 - VBJDU18422021801 - INFO - 答案正确
2018-09-25 18:47:05,184 - VBJDU18422021801 - DEBUG - 添加此题
2018-09-25 18:47:06,026 - VBJDU18422021801 - INFO - 本题结束
2018-09-25 18:47:06,600 - VBJDU18422021801 - INFO - 比赛结果：第4名：650分
2018-09-25 18:47:07,600 - VBJDU18422021801 - INFO - 本场比赛结束
2018-09-25 18:47:07,648 - VBJDU18422021801 - INFO - 返回游戏页面
2018-09-25 18:47:09,358 - VBJDU18422021801 - INFO - 进入排位赛
2018-09-25 18:47:09,359 - VBJDU18422021801 - INFO - 正在匹配中......
2018-09-25 18:47:42,021 - VBJDU18422021801 - INFO - 匹配成功
2018-09-25 18:47:42,021 - VBJDU18422021801 - DEBUG - 获取题目
2018-09-25 18:47:43,280 - VBJDU18422021801 - INFO - 第 1 题
2018-09-25 18:47:43,597 - VBJDU18422021801 - INFO - 电视节目《晓说2017》的主持人是以下哪位？
2018-09-25 18:47:44,508 - VBJDU18422021801 - INFO - A.高晓松 B.郭德纲 C.吴秀波
2018-09-25 18:47:45,152 - VBJDU18422021801 - DEBUG - 在线检索答案
2018-09-25 18:47:45,152 - VBJDU18422021801 - INFO - 我的答案：高晓松
2018-09-25 18:47:45,904 - VBJDU18422021801 - DEBUG - 选择选项
2018-09-25 18:47:47,993 - VBJDU18422021801 - INFO - 答案正确
2018-09-25 18:47:47,994 - VBJDU18422021801 - DEBUG - 添加此题
2018-09-25 18:47:49,306 - VBJDU18422021801 - INFO - 本题结束
2018-09-25 18:47:49,306 - VBJDU18422021801 - DEBUG - 获取题目
2018-09-25 18:47:51,101 - VBJDU18422021801 - INFO - 第 2 题
2018-09-25 18:47:51,429 - VBJDU18422021801 - INFO - 袋鼠的前肢短，后肢长，这与它的哪种运动方式相适应？
2018-09-25 18:47:52,373 - VBJDU18422021801 - INFO - A.跳跃 B.爬行 C.行走
2018-09-25 18:47:52,931 - VBJDU18422021801 - DEBUG - 在线检索答案
2018-09-25 18:47:52,931 - VBJDU18422021801 - INFO - 我的答案：跳跃
2018-09-25 18:47:53,689 - VBJDU18422021801 - DEBUG - 选择选项
2018-09-25 18:47:55,813 - VBJDU18422021801 - INFO - 答案正确
2018-09-25 18:47:55,814 - VBJDU18422021801 - DEBUG - 添加此题
2018-09-25 18:47:56,818 - VBJDU18422021801 - INFO - 本题结束
2018-09-25 18:47:56,818 - VBJDU18422021801 - DEBUG - 获取题目
2018-09-25 18:47:59,098 - VBJDU18422021801 - INFO - 第 3 题
2018-09-25 18:47:59,374 - VBJDU18422021801 - INFO - 赵本山小品《昨天今天明天》中，“白云”是哪位小品女演员扮演？
2018-09-25 18:48:00,314 - VBJDU18422021801 - INFO - A.宋丹丹 B.蔡明 C.马丽
2018-09-25 18:48:01,043 - VBJDU18422021801 - DEBUG - 在线检索答案
2018-09-25 18:48:01,043 - VBJDU18422021801 - INFO - 我的答案：宋丹丹
2018-09-25 18:48:01,774 - VBJDU18422021801 - DEBUG - 选择选项
2018-09-25 18:48:03,917 - VBJDU18422021801 - INFO - 答案正确
2018-09-25 18:48:03,918 - VBJDU18422021801 - DEBUG - 添加此题
2018-09-25 18:48:04,617 - VBJDU18422021801 - INFO - 本题结束
2018-09-25 18:48:04,618 - VBJDU18422021801 - DEBUG - 获取题目
2018-09-25 18:48:06,818 - VBJDU18422021801 - INFO - 第 4 题
2018-09-25 18:48:07,114 - VBJDU18422021801 - INFO - 《变形金刚》、《阿凡达》这些经典影片诞生于美国的电影业中心？
2018-09-25 18:48:08,041 - VBJDU18422021801 - INFO - A.纽约 B.好莱坞 C.费城
2018-09-25 18:48:08,045 - VBJDU18422021801 - DEBUG - 数据库中检索答案
2018-09-25 18:48:08,045 - VBJDU18422021801 - INFO - 我的答案：好莱坞
2018-09-25 18:48:08,753 - VBJDU18422021801 - DEBUG - 选择选项
2018-09-25 18:48:10,826 - VBJDU18422021801 - INFO - 答案正确
2018-09-25 18:48:12,071 - VBJDU18422021801 - INFO - 本题结束
2018-09-25 18:48:12,071 - VBJDU18422021801 - DEBUG - 获取题目
2018-09-25 18:48:14,098 - VBJDU18422021801 - INFO - 第 5 题
2018-09-25 18:48:14,398 - VBJDU18422021801 - INFO - 坐车时最不安全的位置是？
2018-09-25 18:48:15,254 - VBJDU18422021801 - INFO - A.副驾 B.驾驶员后面的位子 C.副驾后面的位子
2018-09-25 18:48:16,012 - VBJDU18422021801 - DEBUG - 在线检索答案
2018-09-25 18:48:16,012 - VBJDU18422021801 - INFO - 我的答案：驾驶员后面的位子
2018-09-25 18:48:16,709 - VBJDU18422021801 - DEBUG - 选择选项
2018-09-25 18:48:18,858 - VBJDU18422021801 - INFO - 答案错误
2018-09-25 18:48:18,990 - VBJDU18422021801 - INFO - 正确答案；副驾
2018-09-25 18:48:18,991 - VBJDU18422021801 - DEBUG - 添加此题
2018-09-25 18:48:19,542 - VBJDU18422021801 - INFO - 本题结束
2018-09-25 18:48:20,018 - VBJDU18422021801 - INFO - 比赛结果：第4名：810分
2018-09-25 18:48:21,019 - VBJDU18422021801 - INFO - 本场比赛结束
2018-09-25 18:48:21,062 - VBJDU18422021801 - INFO - 返回游戏页面
2018-09-25 18:48:22,710 - VBJDU18422021801 - INFO - 进入排位赛
2018-09-25 18:48:22,711 - VBJDU18422021801 - INFO - 正在匹配中......
2018-09-25 18:48:26,497 - VBJDU18422021801 - INFO - 匹配成功
2018-09-25 18:48:26,497 - VBJDU18422021801 - DEBUG - 获取题目
2018-09-25 18:48:27,707 - VBJDU18422021801 - INFO - 第 1 题
2018-09-25 18:48:28,020 - VBJDU18422021801 - INFO - 一块蛋糕17元，5块蛋糕多少元？
2018-09-25 18:48:28,887 - VBJDU18422021801 - INFO - A.85元 B.95元 C.75元
2018-09-25 18:48:29,574 - VBJDU18422021801 - DEBUG - 未检索到答案
2018-09-25 18:48:29,574 - VBJDU18422021801 - INFO - 我的答案：85元
2018-09-25 18:48:30,255 - VBJDU18422021801 - DEBUG - 选择选项
2018-09-25 18:48:32,326 - VBJDU18422021801 - INFO - 答案正确
2018-09-25 18:48:32,327 - VBJDU18422021801 - DEBUG - 添加此题
2018-09-25 18:48:33,162 - VBJDU18422021801 - INFO - 本题结束
2018-09-25 18:48:33,163 - VBJDU18422021801 - DEBUG - 获取题目
2018-09-25 18:48:35,435 - VBJDU18422021801 - INFO - 第 2 题
2018-09-25 18:48:35,719 - VBJDU18422021801 - INFO - 老年斑最容易出现在人的哪个部位？
2018-09-25 18:48:36,751 - VBJDU18422021801 - INFO - A.脚部 B.手部 C.脸部
2018-09-25 18:48:37,395 - VBJDU18422021801 - DEBUG - 在线检索答案
2018-09-25 18:48:37,395 - VBJDU18422021801 - INFO - 我的答案：脸部
2018-09-25 18:48:38,076 - VBJDU18422021801 - DEBUG - 选择选项
2018-09-25 18:48:40,151 - VBJDU18422021801 - INFO - 答案正确
2018-09-25 18:48:40,152 - VBJDU18422021801 - DEBUG - 添加此题
2018-09-25 18:48:40,967 - VBJDU18422021801 - INFO - 本题结束
2018-09-25 18:48:40,967 - VBJDU18422021801 - DEBUG - 获取题目
2018-09-25 18:48:43,275 - VBJDU18422021801 - INFO - 第 3 题
2018-09-25 18:48:43,587 - VBJDU18422021801 - INFO - 《古拉格群岛》的作者是诺贝尔文学奖得主_____。
2018-09-25 18:48:44,577 - VBJDU18422021801 - INFO - A.肖洛霍夫 B.索尔仁尼琴 C.海明威
2018-09-25 18:48:45,120 - VBJDU18422021801 - DEBUG - 在线检索答案
2018-09-25 18:48:45,121 - VBJDU18422021801 - INFO - 我的答案：索尔仁尼琴
2018-09-25 18:48:45,883 - VBJDU18422021801 - DEBUG - 选择选项
2018-09-25 18:48:47,975 - VBJDU18422021801 - INFO - 答案正确
2018-09-25 18:48:47,976 - VBJDU18422021801 - DEBUG - 添加此题
2018-09-25 18:48:48,883 - VBJDU18422021801 - INFO - 本题结束
2018-09-25 18:48:48,883 - VBJDU18422021801 - DEBUG - 获取题目
2018-09-25 18:48:51,112 - VBJDU18422021801 - INFO - 第 4 题
2018-09-25 18:48:51,417 - VBJDU18422021801 - INFO - 著名旅游景点“乔家大院”位于我国哪个省份？
2018-09-25 18:48:52,365 - VBJDU18422021801 - INFO - A.甘肃省 B.云南省 C.山西省
2018-09-25 18:48:53,036 - VBJDU18422021801 - DEBUG - 在线检索答案
2018-09-25 18:48:53,037 - VBJDU18422021801 - INFO - 我的答案：山西省
2018-09-25 18:48:53,744 - VBJDU18422021801 - DEBUG - 选择选项
2018-09-25 18:48:55,831 - VBJDU18422021801 - INFO - 答案正确
2018-09-25 18:48:55,832 - VBJDU18422021801 - DEBUG - 添加此题
2018-09-25 18:48:56,688 - VBJDU18422021801 - INFO - 本题结束
2018-09-25 18:48:56,688 - VBJDU18422021801 - DEBUG - 获取题目
2018-09-25 18:48:58,839 - VBJDU18422021801 - INFO - 第 5 题
2018-09-25 18:48:59,170 - VBJDU18422021801 - INFO - 以下哪一首歌曲是偶像团体组合“小虎队”的代表作？
2018-09-25 18:49:00,120 - VBJDU18422021801 - INFO - A.《爱》 B.《火鸟》 C.《左边》
2018-09-25 18:49:00,124 - VBJDU18422021801 - DEBUG - 数据库中检索答案
2018-09-25 18:49:00,124 - VBJDU18422021801 - INFO - 我的答案：《爱》
2018-09-25 18:49:00,832 - VBJDU18422021801 - DEBUG - 选择选项
2018-09-25 18:49:02,909 - VBJDU18422021801 - INFO - 答案正确
2018-09-25 18:49:03,594 - VBJDU18422021801 - INFO - 本题结束
2018-09-25 18:49:04,052 - VBJDU18422021801 - INFO - 比赛结果：第1名：1160分
2018-09-25 18:49:05,052 - VBJDU18422021801 - INFO - 本场比赛结束
2018-09-25 18:49:05,089 - VBJDU18422021801 - INFO - 返回游戏页面
2018-09-25 18:49:06,753 - VBJDU18422021801 - INFO - 进入排位赛
2018-09-25 18:49:06,753 - VBJDU18422021801 - INFO - 正在匹配中......
2018-09-25 18:50:48,284 - VBJDU18422021801 - INFO - 匹配成功
2018-09-25 18:50:48,284 - VBJDU18422021801 - DEBUG - 获取题目
2018-09-25 18:50:49,465 - VBJDU18422021801 - INFO - 第 1 题
2018-09-25 18:50:49,865 - VBJDU18422021801 - INFO - 《天龙八部》阿朱临死时乔峰叫她？
2018-09-25 18:50:51,085 - VBJDU18422021801 - INFO - A.阿朱 B.朱朱 C.朱儿
2018-09-25 18:50:51,985 - VBJDU18422021801 - DEBUG - 在线检索答案
2018-09-25 18:50:51,985 - VBJDU18422021801 - INFO - 我的答案：阿朱
2018-09-25 18:50:52,689 - VBJDU18422021801 - DEBUG - 选择选项
2018-09-25 18:50:54,930 - VBJDU18422021801 - INFO - 答案正确
2018-09-25 18:50:54,931 - VBJDU18422021801 - DEBUG - 添加此题
2018-09-25 18:50:56,314 - VBJDU18422021801 - INFO - 本题结束
2018-09-25 18:50:56,314 - VBJDU18422021801 - DEBUG - 获取题目
2018-09-25 18:50:58,013 - VBJDU18422021801 - INFO - 第 2 题
2018-09-25 18:50:59,659 - VBJDU18422021801 - INFO - A.纽约现代艺术博物馆 B.悉尼歌剧院 C.阿斯托加主教宫
2018-09-25 18:50:59,663 - VBJDU18422021801 - DEBUG - 数据库中检索答案
2018-09-25 18:50:59,663 - VBJDU18422021801 - INFO - 我的答案：悉尼歌剧院
2018-09-25 18:51:00,405 - VBJDU18422021801 - DEBUG - 选择选项
2018-09-25 18:51:02,612 - VBJDU18422021801 - INFO - 答案正确
2018-09-25 18:51:07,077 - VBJDU18422021801 - INFO - 本题结束
2018-09-25 18:51:07,077 - VBJDU18422021801 - DEBUG - 获取题目
2018-09-25 18:51:09,478 - VBJDU18422021801 - INFO - 第 3 题
2018-09-25 18:51:09,874 - VBJDU18422021801 - INFO - 2000年悉尼奥运会的三个吉祥物分别是针鼹猬、笑翠鸟和什么？
2018-09-25 18:51:11,061 - VBJDU18422021801 - INFO - A.鸭嘴兽 B.袋鼠 C.树懒
2018-09-25 18:51:11,065 - VBJDU18422021801 - DEBUG - 数据库中检索答案
2018-09-25 18:51:11,065 - VBJDU18422021801 - INFO - 我的答案：鸭嘴兽
2018-09-25 18:51:11,881 - VBJDU18422021801 - DEBUG - 选择选项
2018-09-25 18:51:14,089 - VBJDU18422021801 - INFO - 答案正确
2018-09-25 18:51:16,029 - VBJDU18422021801 - INFO - 本题结束
2018-09-25 18:51:16,030 - VBJDU18422021801 - DEBUG - 获取题目
2018-09-25 18:51:18,322 - VBJDU18422021801 - INFO - 第 4 题
2018-09-25 18:51:18,714 - VBJDU18422021801 - INFO - 心理健康的主要判别方法不包括？
2018-09-25 18:51:19,874 - VBJDU18422021801 - INFO - A.生理学方法 B.心理学方法 C.社会学方法
2018-09-25 18:51:19,878 - VBJDU18422021801 - DEBUG - 数据库中检索答案
2018-09-25 18:51:19,879 - VBJDU18422021801 - INFO - 我的答案：生理学方法
2018-09-25 18:51:20,598 - VBJDU18422021801 - DEBUG - 选择选项
2018-09-25 18:51:22,830 - VBJDU18422021801 - INFO - 答案正确
2018-09-25 18:51:24,597 - VBJDU18422021801 - INFO - 本题结束
2018-09-25 18:51:24,597 - VBJDU18422021801 - DEBUG - 获取题目
2018-09-25 18:51:26,679 - VBJDU18422021801 - INFO - 第 5 题
2018-09-25 18:51:27,071 - VBJDU18422021801 - INFO - 最早将国际法介绍到中国来的是
2018-09-25 18:51:28,255 - VBJDU18422021801 - INFO - A.丁韪良 B.蒲安臣 C.林则徐
2018-09-25 18:51:28,259 - VBJDU18422021801 - DEBUG - 数据库中检索答案
2018-09-25 18:51:28,259 - VBJDU18422021801 - INFO - 我的答案：丁韪良
2018-09-25 18:51:29,022 - VBJDU18422021801 - DEBUG - 选择选项
2018-09-25 18:51:31,218 - VBJDU18422021801 - INFO - 答案正确
2018-09-25 18:51:32,882 - VBJDU18422021801 - INFO - 本题结束
2018-09-25 18:51:33,471 - VBJDU18422021801 - INFO - 比赛结果：第1名：1140分
2018-09-25 18:51:34,471 - VBJDU18422021801 - INFO - 本场比赛结束
2018-09-25 18:51:34,515 - VBJDU18422021801 - INFO - 返回游戏页面
2018-09-25 18:51:36,198 - VBJDU18422021801 - INFO - 进入排位赛
2018-09-25 18:51:36,198 - VBJDU18422021801 - INFO - 正在匹配中......
2018-09-25 18:52:18,209 - VBJDU18422021801 - INFO - 匹配成功
2018-09-25 18:52:18,209 - VBJDU18422021801 - DEBUG - 获取题目
2018-09-25 18:52:19,112 - VBJDU18422021801 - INFO - 第 1 题
2018-09-25 18:52:19,496 - VBJDU18422021801 - INFO - 以下哪位是电视节目《极限挑战 第一季》的嘉宾？
2018-09-25 18:52:20,700 - VBJDU18422021801 - INFO - A.林峰 B.张艺兴 C.李诞
2018-09-25 18:52:21,536 - VBJDU18422021801 - DEBUG - 在线检索答案
2018-09-25 18:52:21,536 - VBJDU18422021801 - INFO - 我的答案：张艺兴
2018-09-25 18:52:22,292 - VBJDU18422021801 - DEBUG - 选择选项
2018-09-25 18:52:24,489 - VBJDU18422021801 - INFO - 答案正确
2018-09-25 18:52:24,490 - VBJDU18422021801 - DEBUG - 添加此题
2018-09-25 18:52:25,253 - VBJDU18422021801 - INFO - 本题结束
2018-09-25 18:52:25,254 - VBJDU18422021801 - DEBUG - 获取题目
2018-09-25 18:52:27,718 - VBJDU18422021801 - INFO - 第 2 题
2018-09-25 18:52:28,116 - VBJDU18422021801 - INFO - “镂金作胜传荆俗，剪绿为人起晋风”，这说的是？
2018-09-25 18:52:29,321 - VBJDU18422021801 - INFO - A.贴春联 B.贴窗花 C.挂灯笼
2018-09-25 18:52:29,997 - VBJDU18422021801 - DEBUG - 未检索到答案
2018-09-25 18:52:29,997 - VBJDU18422021801 - INFO - 我的答案：贴春联
2018-09-25 18:52:30,728 - VBJDU18422021801 - DEBUG - 选择选项
2018-09-25 18:52:33,025 - VBJDU18422021801 - INFO - 答案错误
2018-09-25 18:52:33,169 - VBJDU18422021801 - INFO - 正确答案；贴窗花
2018-09-25 18:52:33,170 - VBJDU18422021801 - DEBUG - 添加此题
2018-09-25 18:52:35,127 - VBJDU18422021801 - INFO - 本题结束
2018-09-25 18:52:35,127 - VBJDU18422021801 - DEBUG - 获取题目
2018-09-25 18:52:37,341 - VBJDU18422021801 - INFO - 第 3 题
2018-09-25 18:52:37,723 - VBJDU18422021801 - INFO - 铁线蕨一般会在什么时候开花?
2018-09-25 18:52:38,949 - VBJDU18422021801 - INFO - A.不开花 B.夏季 C.秋季
2018-09-25 18:52:39,498 - VBJDU18422021801 - DEBUG - 在线检索答案
2018-09-25 18:52:39,499 - VBJDU18422021801 - INFO - 我的答案：不开花
2018-09-25 18:52:40,273 - VBJDU18422021801 - DEBUG - 选择选项
2018-09-25 18:52:42,506 - VBJDU18422021801 - INFO - 答案正确
2018-09-25 18:52:42,507 - VBJDU18422021801 - DEBUG - 添加此题
2018-09-25 18:52:43,437 - VBJDU18422021801 - INFO - 本题结束
2018-09-25 18:52:43,437 - VBJDU18422021801 - DEBUG - 获取题目
2018-09-25 18:52:45,798 - VBJDU18422021801 - INFO - 第 4 题
2018-09-25 18:52:46,202 - VBJDU18422021801 - INFO - 项羽刘邦决战，刘邦围困项羽的地方是哪个战场？
2018-09-25 18:52:47,510 - VBJDU18422021801 - INFO - A.垓下 B.巨鹿 C.四平
2018-09-25 18:52:48,440 - VBJDU18422021801 - DEBUG - 在线检索答案
2018-09-25 18:52:48,440 - VBJDU18422021801 - INFO - 我的答案：垓下
2018-09-25 18:52:49,257 - VBJDU18422021801 - DEBUG - 选择选项
2018-09-25 18:52:51,458 - VBJDU18422021801 - INFO - 答案正确
2018-09-25 18:52:51,459 - VBJDU18422021801 - DEBUG - 添加此题
2018-09-25 18:52:52,438 - VBJDU18422021801 - INFO - 本题结束
2018-09-25 18:52:52,439 - VBJDU18422021801 - DEBUG - 获取题目
2018-09-25 18:52:54,538 - VBJDU18422021801 - INFO - 第 5 题
2018-09-25 18:52:54,942 - VBJDU18422021801 - INFO - 被称为“历史的长城”的是下列那本著作？
2018-09-25 18:52:56,149 - VBJDU18422021801 - INFO - A.资治通鉴 B.史记 C.后汉书
2018-09-25 18:52:57,001 - VBJDU18422021801 - DEBUG - 在线检索答案
2018-09-25 18:52:57,001 - VBJDU18422021801 - INFO - 我的答案：史记
2018-09-25 18:52:57,774 - VBJDU18422021801 - DEBUG - 选择选项
2018-09-25 18:52:59,983 - VBJDU18422021801 - INFO - 答案正确
2018-09-25 18:52:59,984 - VBJDU18422021801 - DEBUG - 添加此题
2018-09-25 18:53:00,786 - VBJDU18422021801 - INFO - 本题结束
2018-09-25 18:53:01,330 - VBJDU18422021801 - INFO - 比赛结果：第3名：840分
2018-09-25 18:53:02,330 - VBJDU18422021801 - INFO - 本场比赛结束
2018-09-25 18:53:02,376 - VBJDU18422021801 - INFO - 返回游戏页面
2018-09-25 18:53:04,026 - VBJDU18422021801 - INFO - 进入排位赛
2018-09-25 18:53:04,026 - VBJDU18422021801 - INFO - 正在匹配中......
2018-09-25 18:53:27,603 - VBJDU18422021801 - INFO - 匹配成功
2018-09-25 18:53:27,603 - VBJDU18422021801 - DEBUG - 获取题目
2018-09-25 18:53:29,255 - VBJDU18422021801 - INFO - 第 1 题
2018-09-25 18:53:29,615 - VBJDU18422021801 - INFO - 下列哪个品牌不是雅诗兰黛集团旗下的？
2018-09-25 18:53:30,752 - VBJDU18422021801 - INFO - A.CPB B.倩碧 C.魅可
2018-09-25 18:53:32,385 - VBJDU18422021801 - DEBUG - 在线检索答案
2018-09-25 18:53:32,385 - VBJDU18422021801 - INFO - 我的答案：CPB
2018-09-25 18:53:33,311 - VBJDU18422021801 - DEBUG - 选择选项
2018-09-25 18:53:35,544 - VBJDU18422021801 - INFO - 答案正确
2018-09-25 18:53:35,545 - VBJDU18422021801 - DEBUG - 添加此题
2018-09-25 18:53:41,288 - VBJDU18422021801 - INFO - 本题结束
2018-09-25 18:53:41,288 - VBJDU18422021801 - DEBUG - 获取题目
2018-09-25 18:53:43,596 - VBJDU18422021801 - INFO - 第 2 题
2018-09-25 18:53:43,969 - VBJDU18422021801 - INFO - 铺无菌盘时哪项是错误的：
2018-09-25 18:53:45,097 - VBJDU18422021801 - INFO - A.注意使治疗巾边缘对齐 B.有效期不超过6h C.避免潮湿和暴露过久
2018-09-25 18:53:45,782 - VBJDU18422021801 - DEBUG - 在线检索答案
2018-09-25 18:53:45,783 - VBJDU18422021801 - INFO - 我的答案：注意使治疗巾边缘对齐
2018-09-25 18:53:46,585 - VBJDU18422021801 - DEBUG - 选择选项
2018-09-25 18:53:48,821 - VBJDU18422021801 - INFO - 答案错误
2018-09-25 18:53:48,972 - VBJDU18422021801 - INFO - 正确答案；有效期不超过6h
2018-09-25 18:53:48,973 - VBJDU18422021801 - DEBUG - 添加此题
2018-09-25 18:53:56,064 - VBJDU18422021801 - INFO - 本题结束
2018-09-25 18:53:56,064 - VBJDU18422021801 - DEBUG - 获取题目
2018-09-25 18:53:58,297 - VBJDU18422021801 - INFO - 第 3 题
2018-09-25 18:53:58,672 - VBJDU18422021801 - INFO - 在地球上不可能观测到
2018-09-25 18:53:59,885 - VBJDU18422021801 - INFO - A.月环食 B.日偏食 C.月偏食
2018-09-25 18:54:00,598 - VBJDU18422021801 - DEBUG - 在线检索答案
2018-09-25 18:54:00,599 - VBJDU18422021801 - INFO - 我的答案：月环食
2018-09-25 18:54:01,308 - VBJDU18422021801 - DEBUG - 选择选项
2018-09-25 18:54:03,529 - VBJDU18422021801 - INFO - 答案正确
2018-09-25 18:54:03,530 - VBJDU18422021801 - DEBUG - 添加此题
2018-09-25 18:54:10,569 - VBJDU18422021801 - INFO - 本题结束
2018-09-25 18:54:10,569 - VBJDU18422021801 - DEBUG - 获取题目
2018-09-25 18:54:13,042 - VBJDU18422021801 - INFO - 第 4 题
2018-09-25 18:54:13,410 - VBJDU18422021801 - INFO - 两栖动物最初出现在泥盆纪晚期，最早的两栖动物有？
2018-09-25 18:54:14,513 - VBJDU18422021801 - INFO - A.总鳍鱼 B.蜥螈 C.鱼石螈
2018-09-25 18:54:15,138 - VBJDU18422021801 - DEBUG - 在线检索答案
2018-09-25 18:54:15,139 - VBJDU18422021801 - INFO - 我的答案：鱼石螈
2018-09-25 18:54:15,866 - VBJDU18422021801 - DEBUG - 选择选项
2018-09-25 18:54:18,081 - VBJDU18422021801 - INFO - 答案正确
2018-09-25 18:54:18,082 - VBJDU18422021801 - DEBUG - 添加此题
2018-09-25 18:54:25,320 - VBJDU18422021801 - INFO - 本题结束
2018-09-25 18:54:25,320 - VBJDU18422021801 - DEBUG - 获取题目
2018-09-25 18:54:27,679 - VBJDU18422021801 - INFO - 第 5 题
2018-09-25 18:54:28,066 - VBJDU18422021801 - INFO - 公元前221年，迦太基为了挽回失地，任命当时几岁的汉尼拔为主帅？
2018-09-25 18:54:29,215 - VBJDU18422021801 - INFO - A.20岁 B.25岁 C.30岁
2018-09-25 18:54:29,886 - VBJDU18422021801 - DEBUG - 在线检索答案
2018-09-25 18:54:29,886 - VBJDU18422021801 - INFO - 我的答案：25岁
2018-09-25 18:54:30,675 - VBJDU18422021801 - DEBUG - 选择选项
2018-09-25 18:54:32,909 - VBJDU18422021801 - INFO - 答案正确
2018-09-25 18:54:32,910 - VBJDU18422021801 - DEBUG - 添加此题
2018-09-25 18:54:39,758 - VBJDU18422021801 - INFO - 本题结束
2018-09-25 18:54:40,470 - VBJDU18422021801 - INFO - 比赛结果：第1名：840分
2018-09-25 18:54:41,471 - VBJDU18422021801 - INFO - 本场比赛结束
2018-09-25 18:54:41,512 - VBJDU18422021801 - INFO - 返回游戏页面
2018-09-25 18:54:43,194 - VBJDU18422021801 - INFO - 进入排位赛
2018-09-25 18:54:43,195 - VBJDU18422021801 - INFO - 正在匹配中......
2018-09-25 18:56:00,730 - VBJDU18422021801 - INFO - 匹配成功
2018-09-25 18:56:00,730 - VBJDU18422021801 - DEBUG - 获取题目
2018-09-25 18:56:01,955 - VBJDU18422021801 - INFO - 第 1 题
2018-09-25 18:56:02,327 - VBJDU18422021801 - INFO - 歌词“天青色等烟雨，而我在等你”是出自哪个歌手的歌曲？
2018-09-25 18:56:03,450 - VBJDU18422021801 - INFO - A.王力宏 B.周杰伦 C.潘玮柏
2018-09-25 18:56:03,454 - VBJDU18422021801 - DEBUG - 数据库中检索答案
2018-09-25 18:56:03,454 - VBJDU18422021801 - INFO - 我的答案：周杰伦
2018-09-25 18:56:04,210 - VBJDU18422021801 - DEBUG - 选择选项
2018-09-25 18:56:06,428 - VBJDU18422021801 - INFO - 答案正确
2018-09-25 18:56:07,846 - VBJDU18422021801 - INFO - 本题结束
2018-09-25 18:56:07,846 - VBJDU18422021801 - DEBUG - 获取题目
2018-09-25 18:56:10,169 - VBJDU18422021801 - INFO - 第 2 题
2018-09-25 18:56:10,555 - VBJDU18422021801 - INFO - 2009年，网易的哪位高管宣布了“网易养猪计划”？
2018-09-25 18:56:11,687 - VBJDU18422021801 - INFO - A.高云 B.高磊 C.丁磊
2018-09-25 18:56:12,664 - VBJDU18422021801 - DEBUG - 在线检索答案
2018-09-25 18:56:12,843 - VBJDU18422021801 - INFO - 我的答案：丁磊
2018-09-25 18:56:13,646 - VBJDU18422021801 - DEBUG - 选择选项
2018-09-25 18:56:15,863 - VBJDU18422021801 - INFO - 答案正确
2018-09-25 18:56:15,864 - VBJDU18422021801 - DEBUG - 添加此题
2018-09-25 18:56:16,594 - VBJDU18422021801 - INFO - 本题结束
2018-09-25 18:56:16,594 - VBJDU18422021801 - DEBUG - 获取题目
2018-09-25 18:56:18,907 - VBJDU18422021801 - INFO - 第 3 题
2018-09-25 18:56:19,298 - VBJDU18422021801 - INFO - 哪位前NBA球星在CBA赛场上带队4年3夺总冠军？
2018-09-25 18:56:20,428 - VBJDU18422021801 - INFO - A.迈克尔·乔丹 B.斯蒂芬·马布里 C.特雷西·麦克格雷迪
2018-09-25 18:56:21,254 - VBJDU18422021801 - DEBUG - 在线检索答案
2018-09-25 18:56:21,254 - VBJDU18422021801 - INFO - 我的答案：斯蒂芬·马布里
2018-09-25 18:56:22,062 - VBJDU18422021801 - DEBUG - 选择选项
2018-09-25 18:56:24,283 - VBJDU18422021801 - INFO - 答案正确
2018-09-25 18:56:24,284 - VBJDU18422021801 - DEBUG - 添加此题
2018-09-25 18:56:25,001 - VBJDU18422021801 - INFO - 本题结束
2018-09-25 18:56:25,001 - VBJDU18422021801 - DEBUG - 获取题目
2018-09-25 18:56:27,267 - VBJDU18422021801 - INFO - 第 4 题
2018-09-25 18:56:27,672 - VBJDU18422021801 - INFO - 环法自行车大赛“爬坡王”获得的是什么运动衫？
2018-09-25 18:56:28,908 - VBJDU18422021801 - INFO - A.绿衫 B.黄衫 C.圆点衫
2018-09-25 18:56:28,912 - VBJDU18422021801 - DEBUG - 数据库中检索答案
2018-09-25 18:56:28,912 - VBJDU18422021801 - INFO - 我的答案：圆点衫
2018-09-25 18:56:29,656 - VBJDU18422021801 - DEBUG - 选择选项
2018-09-25 18:56:31,858 - VBJDU18422021801 - INFO - 答案正确
2018-09-25 18:56:33,207 - VBJDU18422021801 - INFO - 本题结束
2018-09-25 18:56:33,207 - VBJDU18422021801 - DEBUG - 获取题目
2018-09-25 18:56:35,771 - VBJDU18422021801 - INFO - 第 5 题
2018-09-25 18:56:36,155 - VBJDU18422021801 - INFO - 结婚四十五年称？
2018-09-25 18:56:37,332 - VBJDU18422021801 - INFO - A.齐头婚 B.珊瑚婚 C.青玉婚
2018-09-25 18:56:37,336 - VBJDU18422021801 - DEBUG - 数据库中检索答案
2018-09-25 18:56:37,336 - VBJDU18422021801 - INFO - 我的答案：青玉婚
2018-09-25 18:56:38,119 - VBJDU18422021801 - DEBUG - 选择选项
2018-09-25 18:58:24,617 - VBJDU18422021801 - INFO - 停止UC浏览器
2018-09-25 18:58:24,681 - VBJDU18422021801 - DEBUG - 返回主页面
2018-09-25 18:58:25,909 - VBJDU18422021801 - DEBUG - 打开UC浏览器
2018-09-25 18:58:28,616 - VBJDU18422021801 - DEBUG - 进入用户页面
2018-09-26 13:48:02,705 - VBJDU18422021801 - INFO - 停止UC浏览器
2018-09-26 13:48:02,752 - VBJDU18422021801 - DEBUG - 返回主页面
2018-09-26 13:48:03,615 - VBJDU18422021801 - DEBUG - 打开UC浏览器
2018-09-26 13:48:05,912 - VBJDU18422021801 - DEBUG - 进入用户页面
2018-09-26 13:48:06,929 - VBJDU18422021801 - DEBUG - 进入游戏页面1
2018-09-26 13:48:10,056 - VBJDU18422021801 - DEBUG - 进入游戏页面2
2018-09-26 13:48:12,305 - VBJDU18422021801 - INFO - 选择游戏
2018-09-26 13:48:14,073 - VBJDU18422021801 - INFO - 进入排位赛
2018-09-26 13:48:14,073 - VBJDU18422021801 - INFO - 正在匹配中......
2018-09-26 13:50:17,370 - VBJDU18422021801 - WARNING - 匹配失败
2018-09-26 13:50:17,514 - VBJDU18422021801 - INFO - 返回游戏页面
2018-09-26 13:50:19,075 - VBJDU18422021801 - INFO - 进入排位赛
2018-09-26 13:50:19,075 - VBJDU18422021801 - INFO - 正在匹配中......
2018-09-26 13:50:44,253 - VBJDU18422021801 - INFO - 匹配成功
2018-09-26 13:50:44,253 - VBJDU18422021801 - DEBUG - 获取题目
2018-09-26 13:51:34,631 - VBJDU18422021801 - INFO - 停止UC浏览器
2018-09-26 13:51:34,678 - VBJDU18422021801 - DEBUG - 返回主页面
2018-09-26 13:51:35,513 - VBJDU18422021801 - DEBUG - 打开UC浏览器
2018-09-26 13:51:37,755 - VBJDU18422021801 - DEBUG - 进入用户页面
2018-09-26 13:51:38,944 - VBJDU18422021801 - DEBUG - 进入游戏页面1
2018-09-26 13:51:40,908 - VBJDU18422021801 - DEBUG - 进入游戏页面2
2018-09-26 13:51:44,023 - VBJDU18422021801 - INFO - 选择游戏
2018-09-26 13:51:48,960 - VBJDU18422021801 - INFO - 停止UC浏览器
2018-09-26 13:51:49,012 - VBJDU18422021801 - DEBUG - 返回主页面
2018-09-26 13:51:49,355 - VBJDU18422021801 - DEBUG - 打开UC浏览器
2018-09-26 13:51:51,881 - VBJDU18422021801 - DEBUG - 进入用户页面
2018-09-26 13:51:53,232 - VBJDU18422021801 - DEBUG - 进入游戏页面1
2018-09-26 13:51:55,688 - VBJDU18422021801 - DEBUG - 进入游戏页面2
2018-09-26 13:51:58,756 - VBJDU18422021801 - INFO - 选择游戏
2018-09-26 13:52:01,305 - VBJDU18422021801 - INFO - 进入排位赛
2018-09-26 13:52:01,305 - VBJDU18422021801 - INFO - 正在匹配中......
2018-09-26 13:52:10,793 - VBJDU18422021801 - INFO - 匹配成功
2018-09-26 13:52:10,793 - VBJDU18422021801 - DEBUG - 获取题目
2018-09-26 13:52:11,663 - VBJDU18422021801 - INFO - 第 1 题
2018-09-26 13:52:11,663 - VBJDU18422021801 - INFO - 截至2017年底，杨幂没有为下列哪个品牌代言过？
2018-09-26 13:52:11,663 - VBJDU18422021801 - INFO - A.Dior B.阿迪达斯 C.MK
2018-09-26 13:52:11,680 - VBJDU18422021801 - DEBUG - 数据库中检索答案
2018-09-26 13:52:11,680 - VBJDU18422021801 - INFO - 我的答案：Dior
2018-09-26 13:52:12,152 - VBJDU18422021801 - DEBUG - 选择选项
2018-09-26 13:52:14,431 - VBJDU18422021801 - INFO - 答案正确
2018-09-26 13:52:18,882 - VBJDU18422021801 - INFO - 本题结束
2018-09-26 13:52:18,882 - VBJDU18422021801 - DEBUG - 获取题目
2018-09-26 13:52:20,728 - VBJDU18422021801 - INFO - 第 2 题
2018-09-26 13:52:20,728 - VBJDU18422021801 - INFO - 小品《说事儿》中，白云让黑土装的什么病？
2018-09-26 13:52:20,728 - VBJDU18422021801 - INFO - A.头疼 B.肚子疼 C.胃疼
2018-09-26 13:52:21,284 - VBJDU18422021801 - DEBUG - 未检索到答案
2018-09-26 13:52:21,284 - VBJDU18422021801 - INFO - 我的答案：头疼
2018-09-26 13:52:21,834 - VBJDU18422021801 - DEBUG - 选择选项
2018-09-26 13:52:24,147 - VBJDU18422021801 - INFO - 答案错误
2018-09-26 13:52:24,413 - VBJDU18422021801 - INFO - 正确答案；胃疼
2018-09-26 13:52:24,428 - VBJDU18422021801 - DEBUG - 添加此题
2018-09-26 13:52:26,270 - VBJDU18422021801 - INFO - 本题结束
2018-09-26 13:52:26,270 - VBJDU18422021801 - DEBUG - 获取题目
2018-09-26 13:52:28,191 - VBJDU18422021801 - INFO - 第 3 题
2018-09-26 13:52:28,191 - VBJDU18422021801 - INFO - “洪荒少女”傅园慧在2017年春晚小品中表演了一段什么？
2018-09-26 13:52:28,191 - VBJDU18422021801 - INFO - A.说快板 B.珠心算 C.绕口令
2018-09-26 13:52:28,995 - VBJDU18422021801 - DEBUG - 在线检索答案
2018-09-26 13:52:28,995 - VBJDU18422021801 - INFO - 我的答案：绕口令
2018-09-26 13:52:29,530 - VBJDU18422021801 - DEBUG - 选择选项
2018-09-26 13:52:31,772 - VBJDU18422021801 - INFO - 答案正确
2018-09-26 13:52:31,772 - VBJDU18422021801 - DEBUG - 添加此题
2018-09-26 13:52:35,416 - VBJDU18422021801 - INFO - 本题结束
2018-09-26 13:52:35,416 - VBJDU18422021801 - DEBUG - 获取题目
2018-09-26 13:52:37,027 - VBJDU18422021801 - INFO - 第 4 题
2018-09-26 13:52:37,027 - VBJDU18422021801 - INFO - 海南方言称过年为？
2018-09-26 13:52:37,027 - VBJDU18422021801 - INFO - A.走新 B.做年 C.做新
2018-09-26 13:52:37,740 - VBJDU18422021801 - DEBUG - 在线检索答案
2018-09-26 13:52:37,740 - VBJDU18422021801 - INFO - 我的答案：做年
2018-09-26 13:52:38,284 - VBJDU18422021801 - DEBUG - 选择选项
2018-09-26 13:52:40,419 - VBJDU18422021801 - INFO - 答案正确
2018-09-26 13:52:40,419 - VBJDU18422021801 - DEBUG - 添加此题
2018-09-26 13:52:43,241 - VBJDU18422021801 - INFO - 本题结束
2018-09-26 13:52:43,241 - VBJDU18422021801 - DEBUG - 获取题目
2018-09-26 13:52:44,994 - VBJDU18422021801 - INFO - 第 5 题
2018-09-26 13:52:44,994 - VBJDU18422021801 - INFO - “糟”是哪一个菜系最爱用的调料？
2018-09-26 13:52:44,994 - VBJDU18422021801 - INFO - A.苏菜 B.粤菜 C.闽菜
2018-09-26 13:52:45,741 - VBJDU18422021801 - DEBUG - 在线检索答案
2018-09-26 13:52:45,741 - VBJDU18422021801 - INFO - 我的答案：闽菜
2018-09-26 13:52:46,280 - VBJDU18422021801 - DEBUG - 选择选项
2018-09-26 13:52:48,491 - VBJDU18422021801 - INFO - 答案正确
2018-09-26 13:52:48,491 - VBJDU18422021801 - DEBUG - 添加此题
2018-09-26 13:52:51,331 - VBJDU18422021801 - INFO - 本题结束
2018-09-26 13:52:51,662 - VBJDU18422021801 - INFO - 比赛结果：第3名：960分
2018-09-26 13:52:52,664 - VBJDU18422021801 - INFO - 本场比赛结束
2018-09-26 13:52:52,727 - VBJDU18422021801 - INFO - 返回游戏页面
2018-09-26 13:52:54,245 - VBJDU18422021801 - INFO - 进入排位赛
2018-09-26 13:52:54,245 - VBJDU18422021801 - INFO - 正在匹配中......
2018-09-26 13:53:26,914 - VBJDU18422021801 - INFO - 匹配成功
2018-09-26 13:53:26,914 - VBJDU18422021801 - DEBUG - 获取题目
2018-09-26 13:53:28,042 - VBJDU18422021801 - INFO - 第 1 题
2018-09-26 13:53:28,042 - VBJDU18422021801 - INFO - 下列哪种食品中不得添加任何食品添加剂？
2018-09-26 13:53:28,042 - VBJDU18422021801 - INFO - A.酱油 B.纯牛奶 C.奶油
2018-09-26 13:53:29,858 - VBJDU18422021801 - DEBUG - 在线检索答案
2018-09-26 13:53:29,858 - VBJDU18422021801 - INFO - 我的答案：奶油
2018-09-26 13:53:30,431 - VBJDU18422021801 - DEBUG - 选择选项
2018-09-26 13:53:32,799 - VBJDU18422021801 - INFO - 答案错误
2018-09-26 13:53:33,020 - VBJDU18422021801 - INFO - 正确答案；纯牛奶
2018-09-26 13:53:33,021 - VBJDU18422021801 - DEBUG - 添加此题
2018-09-26 13:53:35,044 - VBJDU18422021801 - INFO - 本题结束
2018-09-26 13:53:35,044 - VBJDU18422021801 - DEBUG - 获取题目
2018-09-26 13:53:36,975 - VBJDU18422021801 - INFO - 第 2 题
2018-09-26 13:53:36,975 - VBJDU18422021801 - INFO - 围棋比赛中一盘棋下完，裁判正在数子，应该：（）
2018-09-26 13:53:36,975 - VBJDU18422021801 - INFO - A.把棋子拨开 B.离开座位去玩 C.坐好看裁判数子
2018-09-26 13:53:37,694 - VBJDU18422021801 - DEBUG - 在线检索答案
2018-09-26 13:53:37,694 - VBJDU18422021801 - INFO - 我的答案：把棋子拨开
2018-09-26 13:53:38,299 - VBJDU18422021801 - DEBUG - 选择选项
2018-09-26 13:53:40,471 - VBJDU18422021801 - INFO - 答案错误
2018-09-26 13:53:40,898 - VBJDU18422021801 - INFO - 正确答案；坐好看裁判数子
2018-09-26 13:53:40,898 - VBJDU18422021801 - DEBUG - 添加此题
2018-09-26 13:53:43,365 - VBJDU18422021801 - INFO - 本题结束
2018-09-26 13:53:43,365 - VBJDU18422021801 - DEBUG - 获取题目
2018-09-26 13:53:45,431 - VBJDU18422021801 - INFO - 第 3 题
2018-09-26 13:53:45,431 - VBJDU18422021801 - INFO - 以下哪个NBA球员的绰号是“黑曼巴”、“小飞侠”？
2018-09-26 13:53:45,431 - VBJDU18422021801 - INFO - A.科比 B.詹姆斯 C.韦德
2018-09-26 13:53:46,159 - VBJDU18422021801 - DEBUG - 在线检索答案
2018-09-26 13:53:46,159 - VBJDU18422021801 - INFO - 我的答案：科比
2018-09-26 13:53:46,803 - VBJDU18422021801 - DEBUG - 选择选项
2018-09-26 13:53:49,051 - VBJDU18422021801 - INFO - 答案正确
2018-09-26 13:53:49,052 - VBJDU18422021801 - DEBUG - 添加此题
2018-09-26 13:53:52,074 - VBJDU18422021801 - INFO - 本题结束
2018-09-26 13:53:52,074 - VBJDU18422021801 - DEBUG - 获取题目
2018-09-26 13:53:53,828 - VBJDU18422021801 - INFO - 第 4 题
2018-09-26 13:53:53,828 - VBJDU18422021801 - INFO - 宣纸 是中国传统的古典书画用纸，请问“宣纸”是因什么而得名？
2018-09-26 13:53:53,828 - VBJDU18422021801 - INFO - A.材质 B.产地 C.用途
2018-09-26 13:53:54,770 - VBJDU18422021801 - DEBUG - 在线检索答案
2018-09-26 13:53:54,770 - VBJDU18422021801 - INFO - 我的答案：产地
2018-09-26 13:53:55,320 - VBJDU18422021801 - DEBUG - 选择选项
2018-09-26 13:53:57,458 - VBJDU18422021801 - INFO - 答案正确
2018-09-26 13:53:57,458 - VBJDU18422021801 - DEBUG - 添加此题
2018-09-26 13:54:00,353 - VBJDU18422021801 - INFO - 本题结束
2018-09-26 13:54:00,353 - VBJDU18422021801 - DEBUG - 获取题目
2018-09-26 13:54:02,130 - VBJDU18422021801 - INFO - 第 5 题
2018-09-26 13:54:02,130 - VBJDU18422021801 - INFO - 下列乐曲速度术语中，哪一个最慢？
2018-09-26 13:54:02,130 - VBJDU18422021801 - INFO - A.Moderato B.Lento C.Andante
2018-09-26 13:54:02,662 - VBJDU18422021801 - DEBUG - 在线检索答案
2018-09-26 13:54:02,662 - VBJDU18422021801 - INFO - 我的答案：Lento
2018-09-26 13:54:03,237 - VBJDU18422021801 - DEBUG - 选择选项
2018-09-26 13:54:05,422 - VBJDU18422021801 - INFO - 答案正确
2018-09-26 13:54:05,422 - VBJDU18422021801 - DEBUG - 添加此题
2018-09-26 13:54:09,225 - VBJDU18422021801 - INFO - 本题结束
2018-09-26 13:54:09,582 - VBJDU18422021801 - INFO - 比赛结果：第4名：740分
2018-09-26 13:54:10,583 - VBJDU18422021801 - INFO - 本场比赛结束
2018-09-26 13:54:10,626 - VBJDU18422021801 - INFO - 返回游戏页面
2018-09-26 13:54:12,164 - VBJDU18422021801 - INFO - 进入排位赛
2018-09-26 13:54:12,164 - VBJDU18422021801 - INFO - 正在匹配中......
2018-09-26 13:55:56,101 - VBJDU18422021801 - INFO - 匹配成功
2018-09-26 13:55:56,101 - VBJDU18422021801 - DEBUG - 获取题目
2018-09-26 13:55:56,442 - VBJDU18422021801 - INFO - 第 1 题
2018-09-26 13:55:56,442 - VBJDU18422021801 - INFO - 被称为信息化条件下的第一场高技术局部战争的是
2018-09-26 13:55:56,442 - VBJDU18422021801 - INFO - A.伊拉克战争 B.海湾战争 C.科索沃战争
2018-09-26 13:55:57,180 - VBJDU18422021801 - DEBUG - 在线检索答案
2018-09-26 13:55:57,180 - VBJDU18422021801 - INFO - 我的答案：海湾战争
2018-09-26 13:55:57,740 - VBJDU18422021801 - DEBUG - 选择选项
2018-09-26 13:55:59,710 - VBJDU18422021801 - INFO - 答案正确
2018-09-26 13:55:59,710 - VBJDU18422021801 - DEBUG - 添加此题
2018-09-26 13:56:03,820 - VBJDU18422021801 - INFO - 本题结束
2018-09-26 13:56:03,820 - VBJDU18422021801 - DEBUG - 获取题目
2018-09-26 13:56:05,857 - VBJDU18422021801 - INFO - 第 2 题
2018-09-26 13:56:05,857 - VBJDU18422021801 - INFO - 赵本山第一次亮相春晚，是表演哪个小品？
2018-09-26 13:56:05,857 - VBJDU18422021801 - INFO - A.《不差钱》 B.《相亲》 C.《卖拐》
2018-09-26 13:56:06,613 - VBJDU18422021801 - DEBUG - 在线检索答案
2018-09-26 13:56:06,613 - VBJDU18422021801 - INFO - 我的答案：《相亲》
2018-09-26 13:56:07,120 - VBJDU18422021801 - DEBUG - 选择选项
2018-09-26 13:56:09,346 - VBJDU18422021801 - INFO - 答案正确
2018-09-26 13:56:09,346 - VBJDU18422021801 - DEBUG - 添加此题
2018-09-26 13:56:12,709 - VBJDU18422021801 - INFO - 本题结束
2018-09-26 13:56:12,709 - VBJDU18422021801 - DEBUG - 获取题目
2018-09-26 13:56:14,581 - VBJDU18422021801 - INFO - 第 3 题
2018-09-26 13:56:14,581 - VBJDU18422021801 - INFO - 抓兔子的正确方法是抓哪里呢？
2018-09-26 13:56:14,581 - VBJDU18422021801 - INFO - A.拦腰抱起 B.抓后腿 C.抓后颈
2018-09-26 13:56:15,424 - VBJDU18422021801 - DEBUG - 未检索到答案
2018-09-26 13:56:15,424 - VBJDU18422021801 - INFO - 我的答案：拦腰抱起
2018-09-26 13:56:15,978 - VBJDU18422021801 - DEBUG - 选择选项
2018-09-26 13:56:18,080 - VBJDU18422021801 - INFO - 答案错误
2018-09-26 13:56:18,346 - VBJDU18422021801 - INFO - 正确答案；抓后颈
2018-09-26 13:56:18,346 - VBJDU18422021801 - DEBUG - 添加此题
2018-09-26 13:56:24,573 - VBJDU18422021801 - INFO - 本题结束
2018-09-26 13:56:24,573 - VBJDU18422021801 - DEBUG - 获取题目
2018-09-26 13:56:26,409 - VBJDU18422021801 - INFO - 第 4 题
2018-09-26 13:56:26,409 - VBJDU18422021801 - INFO - 在古代，除夕这天人们要驱逐“疫疬之鬼”，请问驱逐时使用的工具是什么
2018-09-26 13:56:26,409 - VBJDU18422021801 - INFO - A.锣 B.鼓 C.锤
2018-09-26 13:56:26,998 - VBJDU18422021801 - DEBUG - 在线检索答案
2018-09-26 13:56:26,998 - VBJDU18422021801 - INFO - 我的答案：鼓
2018-09-26 13:56:27,515 - VBJDU18422021801 - DEBUG - 选择选项
2018-09-26 13:56:29,530 - VBJDU18422021801 - INFO - 答案正确
2018-09-26 13:56:29,530 - VBJDU18422021801 - DEBUG - 添加此题
2018-09-26 13:56:35,222 - VBJDU18422021801 - INFO - 本题结束
2018-09-26 13:56:35,222 - VBJDU18422021801 - DEBUG - 获取题目
2018-09-26 13:56:37,074 - VBJDU18422021801 - INFO - 第 5 题
2018-09-26 13:56:37,074 - VBJDU18422021801 - INFO - 下列哪一个不是日本著名漫画家鸟山明的作品？
2018-09-26 13:56:37,074 - VBJDU18422021801 - INFO - A.阿拉蕾 B.幽游白书 C.七龙珠
2018-09-26 13:56:37,833 - VBJDU18422021801 - DEBUG - 在线检索答案
2018-09-26 13:56:37,833 - VBJDU18422021801 - INFO - 我的答案：幽游白书
2018-09-26 13:56:38,352 - VBJDU18422021801 - DEBUG - 选择选项
2018-09-26 13:56:40,526 - VBJDU18422021801 - INFO - 答案正确
2018-09-26 13:56:40,527 - VBJDU18422021801 - DEBUG - 添加此题
2018-09-26 13:56:46,090 - VBJDU18422021801 - INFO - 本题结束
2018-09-26 13:56:46,443 - VBJDU18422021801 - INFO - 比赛结果：第1名：930分
2018-09-26 13:56:47,459 - VBJDU18422021801 - INFO - 本场比赛结束
2018-09-26 13:56:47,545 - VBJDU18422021801 - INFO - 返回游戏页面
2018-09-26 13:56:49,087 - VBJDU18422021801 - INFO - 进入排位赛
2018-09-26 13:56:49,087 - VBJDU18422021801 - INFO - 正在匹配中......
2018-09-26 13:58:53,039 - VBJDU18422021801 - WARNING - 匹配失败
2018-09-26 13:58:53,143 - VBJDU18422021801 - INFO - 返回游戏页面
2018-09-26 13:58:54,647 - VBJDU18422021801 - INFO - 进入排位赛
2018-09-26 13:58:54,647 - VBJDU18422021801 - INFO - 正在匹配中......
2018-09-26 14:14:35,990 - VBJDU18422021801 - INFO - 停止UC浏览器
2018-09-26 14:14:36,100 - VBJDU18422021801 - DEBUG - 返回主页面
2018-09-26 14:14:36,553 - VBJDU18422021801 - DEBUG - 打开UC浏览器
2018-09-26 14:14:38,661 - VBJDU18422021801 - DEBUG - 进入用户页面
2018-09-26 14:14:47,677 - VBJDU18422021801 - DEBUG - 进入游戏页面1
2018-09-26 14:14:49,116 - VBJDU18422021801 - DEBUG - 进入游戏页面2
2018-09-26 14:14:51,039 - VBJDU18422021801 - INFO - 选择游戏
2018-09-26 14:14:52,209 - VBJDU18422021801 - INFO - 进入排位赛
2018-09-26 14:14:52,209 - VBJDU18422021801 - INFO - 正在匹配中......
2018-09-26 14:15:42,180 - VBJDU18422021801 - INFO - 匹配成功
2018-09-26 14:15:42,180 - VBJDU18422021801 - DEBUG - 获取题目
2018-09-26 14:15:42,492 - VBJDU18422021801 - INFO - 第 1 题
2018-09-26 14:15:42,492 - VBJDU18422021801 - INFO - 《清嘉录》：“男女以次拜家长毕，主者率卑幼，出谒邻族戚友“描述的是
2018-09-26 14:15:42,492 - VBJDU18422021801 - INFO - A.春节拜年 B.婚礼习俗 C.不知道
2018-09-26 14:18:57,818 - VBJDU18422021801 - INFO - 停止UC浏览器
2018-09-26 14:18:57,972 - VBJDU18422021801 - DEBUG - 返回主页面
2018-09-26 14:18:58,318 - VBJDU18422021801 - DEBUG - 打开UC浏览器
2018-09-26 14:19:00,740 - VBJDU18422021801 - DEBUG - 进入用户页面
2018-09-26 14:19:01,733 - VBJDU18422021801 - DEBUG - 进入游戏页面1
2018-09-26 14:19:04,022 - VBJDU18422021801 - DEBUG - 进入游戏页面2
2018-09-26 14:19:06,991 - VBJDU18422021801 - INFO - 选择游戏
2018-09-26 14:19:08,133 - VBJDU18422021801 - INFO - 进入排位赛
2018-09-26 14:19:08,133 - VBJDU18422021801 - INFO - 正在匹配中......
2018-09-26 14:19:58,239 - VBJDU18422021801 - INFO - 匹配成功
2018-09-26 14:19:58,239 - VBJDU18422021801 - DEBUG - 获取题目
2018-09-26 14:19:58,582 - VBJDU18422021801 - INFO - 第 1 题
2018-09-26 14:19:58,582 - VBJDU18422021801 - INFO - “十八学士”是下列说的哪种花？
2018-09-26 14:19:58,582 - VBJDU18422021801 - INFO - A.茶花 B.紫檀花 C.凤仙花
2018-09-26 14:19:59,176 - VBJDU18422021801 - DEBUG - 在线检索答案
2018-09-26 14:19:59,176 - VBJDU18422021801 - INFO - 我的答案：茶花
2018-09-26 14:19:59,255 - VBJDU18422021801 - DEBUG - 选择选项
2018-09-26 14:20:09,240 - VBJDU18422021801 - INFO - 答案正确
2018-09-26 14:20:09,240 - VBJDU18422021801 - DEBUG - 添加此题
2018-09-26 14:20:11,193 - VBJDU18422021801 - INFO - 本题结束
2018-09-26 14:20:11,193 - VBJDU18422021801 - DEBUG - 获取题目
2018-09-26 14:20:13,176 - VBJDU18422021801 - INFO - 第 2 题
2018-09-26 14:20:13,176 - VBJDU18422021801 - INFO - “忽如一夜春风来，千树万树梨花开“写的是？
2018-09-26 14:20:13,176 - VBJDU18422021801 - INFO - A.雪景 B.梨花 C.春色
2018-09-26 14:20:14,067 - VBJDU18422021801 - DEBUG - 在线检索答案
2018-09-26 14:20:14,067 - VBJDU18422021801 - INFO - 我的答案：梨花
2018-09-26 14:20:14,099 - VBJDU18422021801 - DEBUG - 选择选项
2018-09-26 14:20:17,005 - VBJDU18422021801 - INFO - 答案错误
2018-09-26 14:20:17,270 - VBJDU18422021801 - DEBUG - 添加此题
2018-09-26 14:20:22,709 - VBJDU18422021801 - INFO - 本题结束
2018-09-26 14:20:22,709 - VBJDU18422021801 - DEBUG - 获取题目
2018-09-26 14:20:24,720 - VBJDU18422021801 - INFO - 第 3 题
2018-09-26 14:20:24,720 - VBJDU18422021801 - INFO - 下列哪个地区不是著名的火腿产地？
2018-09-26 14:20:24,720 - VBJDU18422021801 - INFO - A.莱阳 B.宣威 C.诺邓
2018-09-26 14:20:24,735 - VBJDU18422021801 - DEBUG - 数据库中检索答案
2018-09-26 14:20:24,735 - VBJDU18422021801 - INFO - 我的答案：莱阳
2018-09-26 14:20:24,797 - VBJDU18422021801 - DEBUG - 选择选项
2018-09-26 14:20:28,053 - VBJDU18422021801 - INFO - 答案正确
2018-09-26 14:20:32,693 - VBJDU18422021801 - INFO - 本题结束
2018-09-26 14:20:32,693 - VBJDU18422021801 - DEBUG - 获取题目
2018-09-26 14:20:34,708 - VBJDU18422021801 - INFO - 第 4 题
2018-09-26 14:20:34,708 - VBJDU18422021801 - INFO - 中秋节在亚洲其他国家也很盛行，在哪个国家中秋节也叫感恩节
2018-09-26 14:20:34,708 - VBJDU18422021801 - INFO - A.日本 B.韩国 C.新加坡
2018-09-26 14:20:35,364 - VBJDU18422021801 - DEBUG - 在线检索答案
2018-09-26 14:20:35,364 - VBJDU18422021801 - INFO - 我的答案：韩国
2018-09-26 14:20:35,396 - VBJDU18422021801 - DEBUG - 选择选项
2018-09-26 14:20:38,083 - VBJDU18422021801 - INFO - 答案错误
2018-09-26 14:20:38,302 - VBJDU18422021801 - DEBUG - 添加此题
2018-09-26 14:20:45,413 - VBJDU18422021801 - INFO - 本题结束
2018-09-26 14:20:45,413 - VBJDU18422021801 - DEBUG - 获取题目
2018-09-26 14:20:47,442 - VBJDU18422021801 - INFO - 第 5 题
2018-09-26 14:20:47,442 - VBJDU18422021801 - INFO - 哪条山脉的主轴分水岭为南欧和西亚的分界线？
2018-09-26 14:20:47,442 - VBJDU18422021801 - INFO - A.阿尔卑斯山脉 B.喀尔巴阡山脉 C.高加索山脉
2018-09-26 14:20:48,035 - VBJDU18422021801 - DEBUG - 在线检索答案
2018-09-26 14:20:48,035 - VBJDU18422021801 - INFO - 我的答案：高加索山脉
2018-09-26 14:20:48,067 - VBJDU18422021801 - DEBUG - 选择选项
2018-09-26 14:20:52,226 - VBJDU18422021801 - INFO - 答案错误
2018-09-26 14:20:52,413 - VBJDU18422021801 - DEBUG - 添加此题
2018-09-26 14:20:55,085 - VBJDU18422021801 - INFO - 本题结束
2018-09-26 14:20:55,476 - VBJDU18422021801 - INFO - 比赛结果：第1名：810分
2018-09-26 14:20:56,491 - VBJDU18422021801 - INFO - 本场比赛结束
2018-09-26 14:20:56,522 - VBJDU18422021801 - INFO - 返回游戏页面
2018-09-26 14:20:58,022 - VBJDU18422021801 - INFO - 进入排位赛
2018-09-26 14:20:58,022 - VBJDU18422021801 - INFO - 正在匹配中......
2018-09-26 14:27:44,414 - VBJDU18422021801 - INFO - 停止UC浏览器
2018-09-26 14:27:44,476 - VBJDU18422021801 - DEBUG - 返回主页面
2018-09-26 14:27:44,819 - VBJDU18422021801 - DEBUG - 打开UC浏览器
2018-09-26 14:32:23,162 - VBJDU18422021801 - INFO - 停止UC浏览器
2018-09-26 14:32:23,209 - VBJDU18422021801 - DEBUG - 返回主页面
2018-09-26 14:32:24,432 - VBJDU18422021801 - DEBUG - 打开UC浏览器
2018-09-26 14:32:26,490 - VBJDU18422021801 - DEBUG - 进入用户页面
2018-09-26 14:32:27,685 - VBJDU18422021801 - DEBUG - 进入游戏页面1
2018-09-26 14:32:29,614 - VBJDU18422021801 - DEBUG - 进入游戏页面2
2018-09-26 14:32:32,521 - VBJDU18422021801 - INFO - 选择游戏
2018-09-26 14:32:33,490 - VBJDU18422021801 - INFO - 进入排位赛
2018-09-26 14:32:33,490 - VBJDU18422021801 - INFO - 正在匹配中......
2018-09-26 14:33:05,781 - VBJDU18422021801 - INFO - 匹配成功
2018-09-26 14:33:05,781 - VBJDU18422021801 - DEBUG - 获取题目
2018-09-26 14:33:06,787 - VBJDU18422021801 - INFO - 第 1 题
2018-09-26 14:33:06,787 - VBJDU18422021801 - INFO - 隆庆元年，明朝开放海禁，允许民间对外贸易，称作什么？
2018-09-26 14:33:06,787 - VBJDU18422021801 - INFO - A.隆庆开关 B.隆庆互市 C.隆庆和议
2018-09-26 14:33:08,646 - VBJDU18422021801 - DEBUG - 在线检索答案
2018-09-26 14:33:08,646 - VBJDU18422021801 - INFO - 我的答案：隆庆开关
2018-09-26 14:33:08,662 - VBJDU18422021801 - DEBUG - 选择选项
2018-09-26 14:33:15,336 - VBJDU18422021801 - INFO - 答案正确
2018-09-26 14:33:15,336 - VBJDU18422021801 - DEBUG - 添加此题
2018-09-26 14:33:17,462 - VBJDU18422021801 - INFO - 本题结束
2018-09-26 14:33:17,462 - VBJDU18422021801 - DEBUG - 获取题目
2018-09-26 14:33:19,349 - VBJDU18422021801 - INFO - 第 2 题
2018-09-26 14:33:19,349 - VBJDU18422021801 - INFO - 下列哪个部位测量体温所得到的结果，是最接近人体温度的？
2018-09-26 14:33:19,349 - VBJDU18422021801 - INFO - A.体表 B.直肠 C.口腔
2018-09-26 14:33:19,365 - VBJDU18422021801 - DEBUG - 数据库中检索答案
2018-09-26 14:33:19,365 - VBJDU18422021801 - INFO - 我的答案：直肠
2018-09-26 14:33:19,427 - VBJDU18422021801 - DEBUG - 选择选项
2018-09-26 14:33:24,492 - VBJDU18422021801 - INFO - 答案错误
2018-09-26 14:33:24,669 - VBJDU18422021801 - DEBUG - 更新答案
2018-09-26 14:33:26,224 - VBJDU18422021801 - INFO - 本题结束
2018-09-26 14:33:26,224 - VBJDU18422021801 - DEBUG - 获取题目
2018-09-26 14:33:28,114 - VBJDU18422021801 - INFO - 第 3 题
2018-09-26 14:33:28,114 - VBJDU18422021801 - INFO - 中国传统民俗中，人们通常在腊月二十七这天做什么？
2018-09-26 14:33:28,114 - VBJDU18422021801 - INFO - A.蒸馒头 B.杀猪 C.洗浴
2018-09-26 14:33:28,832 - VBJDU18422021801 - DEBUG - 在线检索答案
2018-09-26 14:33:28,832 - VBJDU18422021801 - INFO - 我的答案：洗浴
2018-09-26 14:33:28,848 - VBJDU18422021801 - DEBUG - 选择选项
2018-09-26 14:33:33,926 - VBJDU18422021801 - INFO - 答案错误
2018-09-26 14:33:34,162 - VBJDU18422021801 - DEBUG - 添加此题
2018-09-26 14:33:36,393 - VBJDU18422021801 - INFO - 本题结束
2018-09-26 14:33:36,393 - VBJDU18422021801 - DEBUG - 获取题目
2018-09-26 14:33:38,396 - VBJDU18422021801 - INFO - 第 4 题
2018-09-26 14:33:38,396 - VBJDU18422021801 - INFO - 电影《罗拉快跑》中罗拉要在多长时间内筹集到10万马克？
2018-09-26 14:33:38,396 - VBJDU18422021801 - INFO - A.一小时 B.一个月 C.10分钟
2018-09-26 14:33:39,130 - VBJDU18422021801 - DEBUG - 未检索到答案
2018-09-26 14:33:39,130 - VBJDU18422021801 - INFO - 我的答案：一小时
2018-09-26 14:33:39,146 - VBJDU18422021801 - DEBUG - 选择选项
2018-09-26 14:33:42,334 - VBJDU18422021801 - INFO - 答案错误
2018-09-26 14:33:42,631 - VBJDU18422021801 - INFO - 正确答案；10分钟
2018-09-26 14:33:42,631 - VBJDU18422021801 - DEBUG - 添加此题
2018-09-26 14:33:46,176 - VBJDU18422021801 - INFO - 本题结束
2018-09-26 14:33:46,177 - VBJDU18422021801 - DEBUG - 获取题目
2018-09-26 14:33:48,131 - VBJDU18422021801 - INFO - 第 5 题
2018-09-26 14:33:48,131 - VBJDU18422021801 - INFO - 《龙与虎》中的高须龙儿擅长一下哪种事务？
2018-09-26 14:33:48,131 - VBJDU18422021801 - INFO - A.人体炼成 B.体育 C.家务
2018-09-26 14:33:48,740 - VBJDU18422021801 - DEBUG - 在线检索答案
2018-09-26 14:33:48,740 - VBJDU18422021801 - INFO - 我的答案：家务
2018-09-26 14:33:48,756 - VBJDU18422021801 - DEBUG - 选择选项
2018-09-26 14:33:51,617 - VBJDU18422021801 - INFO - 答案正确
2018-09-26 14:33:51,617 - VBJDU18422021801 - DEBUG - 添加此题
2018-09-26 14:33:58,102 - VBJDU18422021801 - INFO - 本题结束
2018-09-26 14:33:58,447 - VBJDU18422021801 - INFO - 比赛结果：第1名：810分
2018-09-26 14:33:59,458 - VBJDU18422021801 - INFO - 本场比赛结束
2018-09-26 14:33:59,489 - VBJDU18422021801 - INFO - 返回游戏页面
2018-09-26 14:34:00,991 - VBJDU18422021801 - INFO - 进入排位赛
2018-09-26 14:34:00,991 - VBJDU18422021801 - INFO - 正在匹配中......
2018-09-26 14:40:55,547 - VBJDU18422021801 - INFO - 停止UC浏览器
2018-09-26 14:40:55,609 - VBJDU18422021801 - DEBUG - 返回主页面
2018-09-26 14:41:01,471 - VBJDU18422021801 - INFO - 停止UC浏览器
2018-09-26 14:41:01,551 - VBJDU18422021801 - DEBUG - 返回主页面
2018-09-26 14:41:02,100 - VBJDU18422021801 - DEBUG - 打开UC浏览器
2018-09-26 14:41:04,333 - VBJDU18422021801 - DEBUG - 进入用户页面
2018-09-26 14:41:05,493 - VBJDU18422021801 - DEBUG - 进入游戏页面1
2018-09-26 14:41:07,706 - VBJDU18422021801 - DEBUG - 进入游戏页面2
2018-09-26 14:41:10,341 - VBJDU18422021801 - INFO - 选择游戏
2018-09-26 14:41:12,095 - VBJDU18422021801 - INFO - 进入排位赛
2018-09-26 14:41:12,096 - VBJDU18422021801 - INFO - 正在匹配中......
2018-09-26 14:41:39,451 - VBJDU18422021801 - INFO - 匹配成功
2018-09-26 14:41:39,451 - VBJDU18422021801 - DEBUG - 获取题目
2018-09-26 14:41:40,465 - VBJDU18422021801 - INFO - 第 1 题
2018-09-26 14:41:40,465 - VBJDU18422021801 - INFO - 华杰工作室是哪个演员的工作室？
2018-09-26 14:41:40,465 - VBJDU18422021801 - INFO - A.陈坤 B.霍建华 C.冯绍峰
2018-09-26 14:41:41,575 - VBJDU18422021801 - DEBUG - 数据库中检索答案
2018-09-26 14:41:41,575 - VBJDU18422021801 - INFO - 我的答案：霍建华
2018-09-26 14:41:41,810 - VBJDU18422021801 - DEBUG - 选择选项
2018-09-26 14:41:43,859 - VBJDU18422021801 - INFO - 答案正确
2018-09-26 14:41:49,064 - VBJDU18422021801 - INFO - 本题结束
2018-09-26 14:41:49,064 - VBJDU18422021801 - DEBUG - 获取题目
2018-09-26 14:41:51,141 - VBJDU18422021801 - INFO - 第 2 题
2018-09-26 14:41:51,141 - VBJDU18422021801 - INFO - 朗朗曾在其中表演，位于维也纳的著名的音乐厅叫什么？
2018-09-26 14:41:51,141 - VBJDU18422021801 - INFO - A.金色大礼堂 B.金色礼堂 C.金色大厅
2018-09-26 14:41:51,929 - VBJDU18422021801 - DEBUG - 在线检索答案
2018-09-26 14:41:51,929 - VBJDU18422021801 - INFO - 我的答案：金色大厅
2018-09-26 14:41:52,184 - VBJDU18422021801 - DEBUG - 选择选项
2018-09-26 14:41:54,264 - VBJDU18422021801 - INFO - 答案正确
2018-09-26 14:41:54,265 - VBJDU18422021801 - DEBUG - 添加此题
2018-09-26 14:41:58,013 - VBJDU18422021801 - INFO - 本题结束
2018-09-26 14:41:58,013 - VBJDU18422021801 - DEBUG - 获取题目
2018-09-26 14:41:59,897 - VBJDU18422021801 - INFO - 第 3 题
2018-09-26 14:41:59,898 - VBJDU18422021801 - INFO - 著名歌手王菲演唱的歌曲《传奇》是哪位男歌手创作的？
2018-09-26 14:41:59,898 - VBJDU18422021801 - INFO - A.方大同 B.陈奕迅 C.李健
2018-09-26 14:42:00,603 - VBJDU18422021801 - DEBUG - 在线检索答案
2018-09-26 14:42:00,604 - VBJDU18422021801 - INFO - 我的答案：李健
2018-09-26 14:42:00,824 - VBJDU18422021801 - DEBUG - 选择选项
2018-09-26 14:42:02,984 - VBJDU18422021801 - INFO - 答案正确
2018-09-26 14:42:02,985 - VBJDU18422021801 - DEBUG - 添加此题
2018-09-26 14:42:06,044 - VBJDU18422021801 - INFO - 本题结束
2018-09-26 14:42:06,044 - VBJDU18422021801 - DEBUG - 获取题目
2018-09-26 14:42:07,935 - VBJDU18422021801 - INFO - 第 4 题
2018-09-26 14:42:07,935 - VBJDU18422021801 - INFO - 金鱼对危险信号的记忆可以保持多长时间？
2018-09-26 14:42:07,935 - VBJDU18422021801 - INFO - A.7秒钟 B.1天 C.1个月
2018-09-26 14:42:08,571 - VBJDU18422021801 - DEBUG - 未检索到答案
2018-09-26 14:42:08,572 - VBJDU18422021801 - INFO - 我的答案：7秒钟
2018-09-26 14:42:08,804 - VBJDU18422021801 - DEBUG - 选择选项
2018-09-26 14:42:10,932 - VBJDU18422021801 - INFO - 答案错误
2018-09-26 14:42:11,152 - VBJDU18422021801 - INFO - 正确答案；1个月
2018-09-26 14:42:11,154 - VBJDU18422021801 - DEBUG - 添加此题
2018-09-26 14:42:15,632 - VBJDU18422021801 - INFO - 本题结束
2018-09-26 14:42:15,633 - VBJDU18422021801 - DEBUG - 获取题目
2018-09-26 14:42:17,495 - VBJDU18422021801 - INFO - 第 5 题
2018-09-26 14:42:17,496 - VBJDU18422021801 - INFO - 影片《手机》中“做人要厚道” 是以下哪位主演的台词？
2018-09-26 14:42:17,568 - VBJDU18422021801 - INFO - A.葛优 B.范冰冰 C.张国立
2018-09-26 14:42:18,307 - VBJDU18422021801 - DEBUG - 在线检索答案
2018-09-26 14:42:18,307 - VBJDU18422021801 - INFO - 我的答案：张国立
2018-09-26 14:42:18,549 - VBJDU18422021801 - DEBUG - 选择选项
2018-09-26 14:42:20,573 - VBJDU18422021801 - INFO - 答案正确
2018-09-26 14:42:20,574 - VBJDU18422021801 - DEBUG - 添加此题
2018-09-26 14:42:23,577 - VBJDU18422021801 - INFO - 本题结束
2018-09-26 14:42:23,917 - VBJDU18422021801 - INFO - 比赛结果：第1名：960分
2018-09-26 14:42:24,917 - VBJDU18422021801 - INFO - 本场比赛结束
2018-09-26 14:42:25,004 - VBJDU18422021801 - INFO - 返回游戏页面
2018-09-26 14:42:26,503 - VBJDU18422021801 - INFO - 进入排位赛
2018-09-26 14:42:26,503 - VBJDU18422021801 - INFO - 正在匹配中......
2018-09-26 14:42:53,134 - VBJDU18422021801 - INFO - 匹配成功
2018-09-26 14:42:53,134 - VBJDU18422021801 - DEBUG - 获取题目
2018-09-26 14:42:54,070 - VBJDU18422021801 - INFO - 第 1 题
2018-09-26 14:42:55,154 - VBJDU18422021801 - INFO - 儿歌《小毛驴》中，“从来也不骑，有一天我心血来潮骑着去干嘛？”
2018-09-26 14:42:55,155 - VBJDU18422021801 - INFO - A.买菜 B.卖菜 C.赶集
2018-09-26 14:42:56,358 - VBJDU18422021801 - DEBUG - 在线检索答案
2018-09-26 14:42:56,358 - VBJDU18422021801 - INFO - 我的答案：买菜
2018-09-26 14:42:56,614 - VBJDU18422021801 - DEBUG - 选择选项
2018-09-26 14:44:58,040 - VBJDU18422021801 - INFO - 停止UC浏览器
2018-09-26 14:44:58,105 - VBJDU18422021801 - DEBUG - 返回主页面
2018-09-26 14:44:58,895 - VBJDU18422021801 - DEBUG - 打开UC浏览器
2018-09-26 14:45:01,067 - VBJDU18422021801 - DEBUG - 进入用户页面
2018-09-26 14:45:02,156 - VBJDU18422021801 - DEBUG - 进入游戏页面1
2018-09-26 14:45:03,919 - VBJDU18422021801 - DEBUG - 进入游戏页面2
2018-09-26 14:45:06,280 - VBJDU18422021801 - INFO - 选择游戏
2018-09-26 14:45:07,174 - VBJDU18422021801 - INFO - 进入排位赛
2018-09-26 14:45:07,175 - VBJDU18422021801 - INFO - 正在匹配中......
2018-09-26 14:45:23,037 - VBJDU18422021801 - INFO - 匹配成功
2018-09-26 14:45:23,038 - VBJDU18422021801 - DEBUG - 获取题目
2018-09-26 14:45:23,334 - VBJDU18422021801 - INFO - 第 1 题
2018-09-26 14:45:23,334 - VBJDU18422021801 - INFO - "蛇形线是最美的线条"这是哪个美学家提出的？
2018-09-26 14:45:23,351 - VBJDU18422021801 - INFO - A.贝鲁斯 B.荷迦兹 C.克罗齐
2018-09-26 14:45:24,846 - VBJDU18422021801 - DEBUG - 在线检索答案
2018-09-26 14:45:24,846 - VBJDU18422021801 - INFO - 我的答案：荷迦兹
2018-09-26 14:45:25,084 - VBJDU18422021801 - DEBUG - 选择选项
2018-09-26 14:45:27,154 - VBJDU18422021801 - INFO - 答案正确
2018-09-26 14:45:27,155 - VBJDU18422021801 - DEBUG - 添加此题
2018-09-26 14:45:29,972 - VBJDU18422021801 - INFO - 本题结束
2018-09-26 14:45:29,973 - VBJDU18422021801 - DEBUG - 获取题目
2018-09-26 14:45:31,824 - VBJDU18422021801 - INFO - 第 2 题
2018-09-26 14:45:31,824 - VBJDU18422021801 - INFO - 韩国偶像组合WANNA ONE的队长是？
2018-09-26 14:45:31,855 - VBJDU18422021801 - INFO - A.尹智圣 B.姜丹尼尔 C.邕圣祐
2018-09-26 14:45:32,566 - VBJDU18422021801 - DEBUG - 在线检索答案
2018-09-26 14:45:32,566 - VBJDU18422021801 - INFO - 我的答案：尹智圣
2018-09-26 14:45:32,824 - VBJDU18422021801 - DEBUG - 选择选项
2018-09-26 14:45:42,709 - VBJDU18422021801 - INFO - 答案错误
2018-09-26 14:45:42,862 - VBJDU18422021801 - DEBUG - 添加此题
2018-09-26 14:45:44,753 - VBJDU18422021801 - INFO - 本题结束
2018-09-26 14:45:44,754 - VBJDU18422021801 - DEBUG - 获取题目
2018-09-26 14:45:46,657 - VBJDU18422021801 - INFO - 第 3 题
2018-09-26 14:45:46,658 - VBJDU18422021801 - INFO - 在进化论的研究中，最早提出系统的进化思想的是：
2018-09-26 14:45:46,675 - VBJDU18422021801 - INFO - A.拉马克 B.海克尔 C.赫普黎
2018-09-26 14:45:47,951 - VBJDU18422021801 - DEBUG - 在线检索答案
2018-09-26 14:45:47,951 - VBJDU18422021801 - INFO - 我的答案：拉马克
2018-09-26 14:45:48,193 - VBJDU18422021801 - DEBUG - 选择选项
2018-09-26 14:45:50,662 - VBJDU18422021801 - INFO - 答案正确
2018-09-26 14:45:50,663 - VBJDU18422021801 - DEBUG - 添加此题
2018-09-26 14:45:53,441 - VBJDU18422021801 - INFO - 本题结束
2018-09-26 14:45:53,442 - VBJDU18422021801 - DEBUG - 获取题目
2018-09-26 14:45:55,262 - VBJDU18422021801 - INFO - 第 4 题
2018-09-26 14:45:55,263 - VBJDU18422021801 - INFO - 处暑的前面是以下哪个节气？
2018-09-26 14:45:55,280 - VBJDU18422021801 - INFO - A.立秋 B.春分 C.小暑
2018-09-26 14:45:55,953 - VBJDU18422021801 - DEBUG - 在线检索答案
2018-09-26 14:45:55,953 - VBJDU18422021801 - INFO - 我的答案：立秋
2018-09-26 14:45:56,197 - VBJDU18422021801 - DEBUG - 选择选项
2018-09-26 14:46:06,326 - VBJDU18422021801 - INFO - 答案错误
2018-09-26 14:46:06,487 - VBJDU18422021801 - DEBUG - 添加此题
2018-09-26 14:46:08,239 - VBJDU18422021801 - INFO - 本题结束
2018-09-26 14:46:08,239 - VBJDU18422021801 - DEBUG - 获取题目
2018-09-26 14:46:10,091 - VBJDU18422021801 - INFO - 第 5 题
2018-09-26 14:46:10,092 - VBJDU18422021801 - INFO - 《阳关三叠》是甚么时候的琴曲？
2018-09-26 14:46:10,110 - VBJDU18422021801 - INFO - A.汉代 B.隋唐 C.宋元
2018-09-26 14:46:10,877 - VBJDU18422021801 - DEBUG - 在线检索答案
2018-09-26 14:46:10,878 - VBJDU18422021801 - INFO - 我的答案：汉代
2018-09-26 14:46:11,107 - VBJDU18422021801 - DEBUG - 选择选项
2018-09-26 14:46:42,410 - VBJDU18422021801 - INFO - 停止UC浏览器
2018-09-26 14:46:42,471 - VBJDU18422021801 - DEBUG - 返回主页面
2018-09-26 14:46:43,152 - VBJDU18422021801 - DEBUG - 打开UC浏览器
2018-09-26 14:46:45,316 - VBJDU18422021801 - DEBUG - 进入用户页面
2018-09-26 14:46:46,335 - VBJDU18422021801 - DEBUG - 进入游戏页面1
2018-09-26 14:46:48,611 - VBJDU18422021801 - DEBUG - 进入游戏页面2
2018-09-26 14:46:51,786 - VBJDU18422021801 - INFO - 选择游戏
2018-09-26 14:46:53,663 - VBJDU18422021801 - INFO - 进入排位赛
2018-09-26 14:46:53,663 - VBJDU18422021801 - INFO - 正在匹配中......
2018-09-26 14:47:22,368 - VBJDU18422021801 - INFO - 停止UC浏览器
2018-09-26 14:47:23,451 - VBJDU18422021801 - DEBUG - 返回主页面
2018-09-26 14:47:24,149 - VBJDU18422021801 - DEBUG - 打开UC浏览器
2018-09-26 14:47:26,957 - VBJDU18422021801 - DEBUG - 进入用户页面
2018-09-26 14:47:29,149 - VBJDU18422021801 - DEBUG - 进入游戏页面1
2018-09-26 14:47:33,065 - VBJDU18422021801 - DEBUG - 进入游戏页面2
2018-09-26 14:47:39,198 - VBJDU18422021801 - INFO - 选择游戏
2018-09-26 14:47:40,974 - VBJDU18422021801 - INFO - 进入排位赛
2018-09-26 14:47:40,975 - VBJDU18422021801 - INFO - 正在匹配中......
2018-09-26 14:52:10,737 - VBJDU18422021801 - INFO - 停止UC浏览器
2018-09-26 14:52:10,911 - VBJDU18422021801 - DEBUG - 返回主页面
2018-09-26 14:52:11,273 - VBJDU18422021801 - DEBUG - 打开UC浏览器
2018-09-26 14:52:14,155 - VBJDU18422021801 - DEBUG - 进入用户页面
2018-09-26 14:52:15,471 - VBJDU18422021801 - DEBUG - 进入游戏页面1
2018-09-26 14:52:17,739 - VBJDU18422021801 - DEBUG - 进入游戏页面2
2018-09-26 14:52:20,772 - VBJDU18422021801 - INFO - 选择游戏
2018-09-26 14:52:22,914 - VBJDU18422021801 - INFO - 进入排位赛
2018-09-26 14:52:22,914 - VBJDU18422021801 - INFO - 正在匹配中......
2018-09-26 14:52:40,006 - VBJDU18422021801 - INFO - 匹配成功
2018-09-26 14:52:40,006 - VBJDU18422021801 - DEBUG - 获取题目
2018-09-26 14:52:41,130 - VBJDU18422021801 - INFO - 第 1 题
2018-09-26 14:52:41,130 - VBJDU18422021801 - INFO - 《家》《春》《秋》是哪位作家的文学作品？
2018-09-26 14:52:41,130 - VBJDU18422021801 - INFO - A.老舍 B.巴金 C.鲁迅
2018-09-26 14:52:41,909 - VBJDU18422021801 - DEBUG - 在线检索答案
2018-09-26 14:52:41,909 - VBJDU18422021801 - INFO - 我的答案：巴金
2018-09-26 14:52:42,160 - VBJDU18422021801 - DEBUG - 选择选项
2018-09-26 14:52:44,240 - VBJDU18422021801 - INFO - 答案正确
2018-09-26 14:52:44,240 - VBJDU18422021801 - DEBUG - 添加此题
2018-09-26 14:52:48,534 - VBJDU18422021801 - INFO - 本题结束
2018-09-26 14:52:48,534 - VBJDU18422021801 - DEBUG - 获取题目
2018-09-26 14:52:50,458 - VBJDU18422021801 - INFO - 第 2 题
2018-09-26 14:52:50,458 - VBJDU18422021801 - INFO - “东方树叶”是哪个公司出品的茶饮料？
2018-09-26 14:52:50,458 - VBJDU18422021801 - INFO - A.百岁山 B.农夫山泉 C.娃哈哈
2018-09-26 14:52:51,050 - VBJDU18422021801 - DEBUG - 在线检索答案
2018-09-26 14:52:51,050 - VBJDU18422021801 - INFO - 我的答案：农夫山泉
2018-09-26 14:52:51,285 - VBJDU18422021801 - DEBUG - 选择选项
2018-09-26 14:52:53,399 - VBJDU18422021801 - INFO - 答案正确
2018-09-26 14:52:53,399 - VBJDU18422021801 - DEBUG - 添加此题
2018-09-26 14:52:56,536 - VBJDU18422021801 - INFO - 本题结束
2018-09-26 14:52:56,536 - VBJDU18422021801 - DEBUG - 获取题目
2018-09-26 14:52:58,394 - VBJDU18422021801 - INFO - 第 3 题
2018-09-26 14:52:58,394 - VBJDU18422021801 - INFO - 临床应用属禁忌的是：
2018-09-26 14:52:58,394 - VBJDU18422021801 - INFO - A.相恶 B.相使 C.相畏
2018-09-26 14:52:59,100 - VBJDU18422021801 - DEBUG - 在线检索答案
2018-09-26 14:52:59,100 - VBJDU18422021801 - INFO - 我的答案：相恶
2018-09-26 14:52:59,316 - VBJDU18422021801 - DEBUG - 选择选项
2018-09-26 14:53:01,440 - VBJDU18422021801 - INFO - 答案正确
2018-09-26 14:53:01,440 - VBJDU18422021801 - DEBUG - 添加此题
2018-09-26 14:53:05,599 - VBJDU18422021801 - INFO - 本题结束
2018-09-26 14:53:05,599 - VBJDU18422021801 - DEBUG - 获取题目
2018-09-26 14:53:07,425 - VBJDU18422021801 - INFO - 第 4 题
2018-09-26 14:53:07,425 - VBJDU18422021801 - INFO - 哪个诗人在7岁已三步成诗，40出头就成为宰相？
2018-09-26 14:53:07,425 - VBJDU18422021801 - INFO - A.王安石 B.苏轼 C.寇准
2018-09-26 14:53:07,425 - VBJDU18422021801 - DEBUG - 数据库中检索答案
2018-09-26 14:53:07,425 - VBJDU18422021801 - INFO - 我的答案：苏轼
2018-09-26 14:53:07,673 - VBJDU18422021801 - DEBUG - 选择选项
2018-09-26 14:53:09,772 - VBJDU18422021801 - INFO - 答案正确
2018-09-26 14:53:14,909 - VBJDU18422021801 - INFO - 本题结束
2018-09-26 14:53:14,909 - VBJDU18422021801 - DEBUG - 获取题目
2018-09-26 14:53:16,800 - VBJDU18422021801 - INFO - 第 5 题
2018-09-26 14:53:16,800 - VBJDU18422021801 - INFO - 大豆蛋白属于什么蛋白?
2018-09-26 14:53:16,800 - VBJDU18422021801 - INFO - A.完全蛋白 B.单体蛋白 C.半完全蛋白
2018-09-26 14:53:17,583 - VBJDU18422021801 - DEBUG - 在线检索答案
2018-09-26 14:53:17,583 - VBJDU18422021801 - INFO - 我的答案：完全蛋白
2018-09-26 14:53:17,802 - VBJDU18422021801 - DEBUG - 选择选项
2018-09-26 14:53:19,928 - VBJDU18422021801 - INFO - 答案正确
2018-09-26 14:53:19,928 - VBJDU18422021801 - DEBUG - 添加此题
2018-09-26 14:53:23,925 - VBJDU18422021801 - INFO - 本题结束
2018-09-26 14:53:24,285 - VBJDU18422021801 - INFO - 比赛结果：第1名：1250分
2018-09-26 14:53:25,288 - VBJDU18422021801 - INFO - 本场比赛结束
2018-09-26 14:53:25,335 - VBJDU18422021801 - INFO - 返回游戏页面
2018-09-26 14:53:26,833 - VBJDU18422021801 - INFO - 进入排位赛
2018-09-26 14:53:26,833 - VBJDU18422021801 - INFO - 正在匹配中......
2018-09-26 14:54:53,987 - VBJDU18422021801 - INFO - 匹配成功
2018-09-26 14:54:53,987 - VBJDU18422021801 - DEBUG - 获取题目
2018-09-26 14:54:55,160 - VBJDU18422021801 - INFO - 第 1 题
2018-09-26 14:54:55,160 - VBJDU18422021801 - INFO - 神舟七号飞船执行出舱任务的宇航员是
2018-09-26 14:54:55,160 - VBJDU18422021801 - INFO - A.翟志刚 B.景海鹏 C.聂海胜
2018-09-26 14:54:55,942 - VBJDU18422021801 - DEBUG - 在线检索答案
2018-09-26 14:54:55,942 - VBJDU18422021801 - INFO - 我的答案：翟志刚
2018-09-26 14:54:56,162 - VBJDU18422021801 - DEBUG - 选择选项
2018-09-26 14:54:58,190 - VBJDU18422021801 - INFO - 答案正确
2018-09-26 14:54:58,190 - VBJDU18422021801 - DEBUG - 添加此题
2018-09-26 14:55:03,785 - VBJDU18422021801 - INFO - 本题结束
2018-09-26 14:55:03,785 - VBJDU18422021801 - DEBUG - 获取题目
2018-09-26 14:55:05,676 - VBJDU18422021801 - INFO - 第 2 题
2018-09-26 14:55:05,676 - VBJDU18422021801 - INFO - 王羲之从哪种动物的体态姿势上领悟到书法执笔运笔的道理？
2018-09-26 14:55:05,676 - VBJDU18422021801 - INFO - A.鹤 B.鹅 C.鸡
2018-09-26 14:55:06,300 - VBJDU18422021801 - DEBUG - 在线检索答案
2018-09-26 14:55:06,300 - VBJDU18422021801 - INFO - 我的答案：鹅
2018-09-26 14:55:06,550 - VBJDU18422021801 - DEBUG - 选择选项
2018-09-26 14:55:08,599 - VBJDU18422021801 - INFO - 答案正确
2018-09-26 14:55:08,599 - VBJDU18422021801 - DEBUG - 添加此题
2018-09-26 14:55:12,453 - VBJDU18422021801 - INFO - 本题结束
2018-09-26 14:55:12,453 - VBJDU18422021801 - DEBUG - 获取题目
2018-09-26 14:55:14,286 - VBJDU18422021801 - INFO - 第 3 题
2018-09-26 14:55:14,286 - VBJDU18422021801 - INFO - 世界上公认的第一部手机是由哪个公司研发的？
2018-09-26 14:55:14,286 - VBJDU18422021801 - INFO - A.IBM B.诺基亚 C.英特尔
2018-09-26 14:55:14,849 - VBJDU18422021801 - DEBUG - 在线检索答案
2018-09-26 14:55:14,849 - VBJDU18422021801 - INFO - 我的答案：IBM
2018-09-26 14:55:15,097 - VBJDU18422021801 - DEBUG - 选择选项
2018-09-26 14:55:17,365 - VBJDU18422021801 - INFO - 答案正确
2018-09-26 14:55:17,365 - VBJDU18422021801 - DEBUG - 添加此题
2018-09-26 14:55:20,894 - VBJDU18422021801 - INFO - 本题结束
2018-09-26 14:55:20,894 - VBJDU18422021801 - DEBUG - 获取题目
2018-09-26 14:55:22,800 - VBJDU18422021801 - INFO - 第 4 题
2018-09-26 14:55:22,800 - VBJDU18422021801 - INFO - 永乐七年，明成祖在黑龙江设立了什么？
2018-09-26 14:55:22,800 - VBJDU18422021801 - INFO - A.奴儿干都司 B.乌思藏都指挥使司 C.朵甘卫都指挥使司
2018-09-26 14:55:22,800 - VBJDU18422021801 - DEBUG - 数据库中检索答案
2018-09-26 14:55:22,800 - VBJDU18422021801 - INFO - 我的答案：奴儿干都司
2018-09-26 14:55:23,007 - VBJDU18422021801 - DEBUG - 选择选项
2018-09-26 14:55:25,285 - VBJDU18422021801 - INFO - 答案正确
2018-09-26 14:55:30,753 - VBJDU18422021801 - INFO - 本题结束
2018-09-26 14:55:30,753 - VBJDU18422021801 - DEBUG - 获取题目
2018-09-26 14:55:32,567 - VBJDU18422021801 - INFO - 第 5 题
2018-09-26 14:55:32,567 - VBJDU18422021801 - INFO - 二战时期，美国海军哪一个驱逐舰舰级的驱逐舰生产的总数最多？
2018-09-26 14:55:32,567 - VBJDU18422021801 - INFO - A.斯普鲁恩斯级 B.克莱蒙森级 C.弗莱彻级
2018-09-26 14:55:32,567 - VBJDU18422021801 - DEBUG - 数据库中检索答案
2018-09-26 14:55:32,567 - VBJDU18422021801 - INFO - 我的答案：弗莱彻级
2018-09-26 14:55:32,818 - VBJDU18422021801 - DEBUG - 选择选项
2018-09-26 14:55:35,365 - VBJDU18422021801 - INFO - 答案错误
2018-09-26 14:55:35,537 - VBJDU18422021801 - DEBUG - 更新答案
2018-09-26 14:55:39,628 - VBJDU18422021801 - INFO - 本题结束
2018-09-26 14:55:40,019 - VBJDU18422021801 - INFO - 比赛结果：第1名：1240分
2018-09-26 14:55:41,020 - VBJDU18422021801 - INFO - 本场比赛结束
2018-09-26 14:55:41,068 - VBJDU18422021801 - INFO - 返回游戏页面
2018-09-26 14:55:42,599 - VBJDU18422021801 - INFO - 进入排位赛
2018-09-26 14:55:42,599 - VBJDU18422021801 - INFO - 正在匹配中......
2018-09-26 14:57:01,722 - VBJDU18422021801 - INFO - 匹配成功
2018-09-26 14:57:01,722 - VBJDU18422021801 - DEBUG - 获取题目
2018-09-26 14:57:02,052 - VBJDU18422021801 - INFO - 第 1 题
2018-09-26 14:57:02,052 - VBJDU18422021801 - INFO - 一年四季中，蝴蝶兰花常在什么时候开花？
2018-09-26 14:57:02,052 - VBJDU18422021801 - INFO - A.秋季 B.春季 C.夏季
2018-09-26 14:57:02,786 - VBJDU18422021801 - DEBUG - 数据库中检索答案
2018-09-26 14:57:02,786 - VBJDU18422021801 - INFO - 我的答案：春季
2018-09-26 14:57:03,034 - VBJDU18422021801 - DEBUG - 选择选项
2018-09-26 15:01:40,741 - VBJDU18422021801 - INFO - 停止UC浏览器
2018-09-26 15:01:40,851 - VBJDU18422021801 - DEBUG - 返回主页面
2018-09-26 15:01:41,723 - VBJDU18422021801 - DEBUG - 打开UC浏览器
2018-09-26 15:01:43,989 - VBJDU18422021801 - DEBUG - 进入用户页面
2018-09-26 15:01:45,315 - VBJDU18422021801 - DEBUG - 进入游戏页面1
2018-09-26 15:01:47,394 - VBJDU18422021801 - DEBUG - 进入游戏页面2
2018-09-26 15:01:50,162 - VBJDU18422021801 - INFO - 选择游戏
2018-09-26 15:01:52,002 - VBJDU18422021801 - INFO - 进入排位赛
2018-09-26 15:01:52,002 - VBJDU18422021801 - INFO - 正在匹配中......
2018-09-26 15:02:40,377 - VBJDU18422021801 - INFO - 匹配成功
2018-09-26 15:02:40,377 - VBJDU18422021801 - DEBUG - 获取题目
2018-09-26 15:02:40,674 - VBJDU18422021801 - INFO - 第 1 题
2018-09-26 15:02:40,674 - VBJDU18422021801 - INFO - 别名“惠美丽”的是我国哪位排球女运动员？
2018-09-26 15:02:40,674 - VBJDU18422021801 - INFO - A.傅园惠 B.丁惠 C.惠若琪
2018-09-26 15:02:41,302 - VBJDU18422021801 - DEBUG - 在线检索答案
2018-09-26 15:02:41,302 - VBJDU18422021801 - INFO - 我的答案：惠若琪
2018-09-26 15:02:41,809 - VBJDU18422021801 - DEBUG - 选择选项
2018-09-26 15:02:43,928 - VBJDU18422021801 - INFO - 答案正确
2018-09-26 15:02:43,928 - VBJDU18422021801 - DEBUG - 添加此题
2018-09-26 15:02:48,386 - VBJDU18422021801 - INFO - 本题结束
2018-09-26 15:02:48,386 - VBJDU18422021801 - DEBUG - 获取题目
2018-09-26 15:02:50,302 - VBJDU18422021801 - INFO - 第 2 题
2018-09-26 15:02:50,302 - VBJDU18422021801 - INFO - 以下哪一个是世界上最大的单发单座舰载战斗机？
2018-09-26 15:02:50,302 - VBJDU18422021801 - INFO - A.大黄蜂系列 B.F-35系列 C.侧卫系列
2018-09-26 15:02:51,818 - VBJDU18422021801 - DEBUG - 未检索到答案
2018-09-26 15:02:51,818 - VBJDU18422021801 - INFO - 我的答案：大黄蜂系列
2018-09-26 15:02:52,315 - VBJDU18422021801 - DEBUG - 选择选项
2018-09-26 15:02:54,337 - VBJDU18422021801 - INFO - 答案错误
2018-09-26 15:02:54,462 - VBJDU18422021801 - INFO - 正确答案；F-35系列
2018-09-26 15:02:54,462 - VBJDU18422021801 - DEBUG - 添加此题
2018-09-26 15:02:58,769 - VBJDU18422021801 - INFO - 本题结束
2018-09-26 15:02:58,769 - VBJDU18422021801 - DEBUG - 获取题目
2018-09-26 15:03:00,659 - VBJDU18422021801 - INFO - 第 3 题
2018-09-26 15:03:00,659 - VBJDU18422021801 - INFO - 笼子共有鸡和兔6个头，18条腿，兔几只？鸡几只？
2018-09-26 15:03:00,659 - VBJDU18422021801 - INFO - A.3、3 B.2、4 C.5、1
2018-09-26 15:03:00,659 - VBJDU18422021801 - DEBUG - 数据库中检索答案
2018-09-26 15:03:00,659 - VBJDU18422021801 - INFO - 我的答案：3、3
2018-09-26 15:03:01,269 - VBJDU18422021801 - DEBUG - 选择选项
2018-09-26 15:03:03,300 - VBJDU18422021801 - INFO - 答案正确
2018-09-26 15:03:12,590 - VBJDU18422021801 - INFO - 本题结束
2018-09-26 15:03:12,590 - VBJDU18422021801 - DEBUG - 获取题目
2018-09-26 15:03:14,380 - VBJDU18422021801 - INFO - 第 4 题
2018-09-26 15:03:14,380 - VBJDU18422021801 - INFO - “一山有四季，十里不同天”形容的是下列地区中的
2018-09-26 15:03:14,380 - VBJDU18422021801 - INFO - A.滇南谷地 B.云南东部 C.横断山区
2018-09-26 15:03:15,127 - VBJDU18422021801 - DEBUG - 在线检索答案
2018-09-26 15:03:15,143 - VBJDU18422021801 - INFO - 我的答案：滇南谷地
2018-09-26 15:03:15,628 - VBJDU18422021801 - DEBUG - 选择选项
2018-09-26 15:03:17,614 - VBJDU18422021801 - INFO - 答案错误
2018-09-26 15:03:17,723 - VBJDU18422021801 - INFO - 正确答案；云南东部
2018-09-26 15:03:17,723 - VBJDU18422021801 - DEBUG - 添加此题
2018-09-26 15:03:21,284 - VBJDU18422021801 - INFO - 本题结束
2018-09-26 15:03:21,284 - VBJDU18422021801 - DEBUG - 获取题目
2018-09-26 15:03:23,115 - VBJDU18422021801 - INFO - 第 5 题
2018-09-26 15:03:23,115 - VBJDU18422021801 - INFO - 广告中，下列不属于边缘线索的是
2018-09-26 15:03:23,115 - VBJDU18422021801 - INFO - A.主要产品特征 B.景物 C.模特儿
2018-09-26 15:03:23,721 - VBJDU18422021801 - DEBUG - 在线检索答案
2018-09-26 15:03:23,721 - VBJDU18422021801 - INFO - 我的答案：主要产品特征
2018-09-26 15:03:24,175 - VBJDU18422021801 - DEBUG - 选择选项
2018-09-26 15:03:26,162 - VBJDU18422021801 - INFO - 答案正确
2018-09-26 15:03:26,162 - VBJDU18422021801 - DEBUG - 添加此题
2018-09-26 15:03:31,815 - VBJDU18422021801 - INFO - 本题结束
2018-09-26 15:03:32,192 - VBJDU18422021801 - INFO - 比赛结果：第1名：720分
2018-09-26 15:03:33,208 - VBJDU18422021801 - INFO - 本场比赛结束
2018-09-26 15:03:33,318 - VBJDU18422021801 - INFO - 返回游戏页面
2018-09-26 15:03:34,837 - VBJDU18422021801 - INFO - 进入排位赛
2018-09-26 15:03:34,837 - VBJDU18422021801 - INFO - 正在匹配中......
2018-09-26 15:04:13,066 - VBJDU18422021801 - INFO - 匹配成功
2018-09-26 15:04:13,066 - VBJDU18422021801 - DEBUG - 获取题目
2018-09-26 15:04:13,464 - VBJDU18422021801 - INFO - 第 1 题
2018-09-26 15:04:13,464 - VBJDU18422021801 - INFO - 比特币是谁发明的
2018-09-26 15:04:13,464 - VBJDU18422021801 - INFO - A.中本聪 B.东本聪 C.中本东
2018-09-26 15:04:13,464 - VBJDU18422021801 - DEBUG - 数据库中检索答案
2018-09-26 15:04:13,464 - VBJDU18422021801 - INFO - 我的答案：中本聪
2018-09-26 15:04:13,974 - VBJDU18422021801 - DEBUG - 选择选项
2018-09-26 15:04:16,990 - VBJDU18422021801 - INFO - 答案正确
2018-09-26 15:04:21,238 - VBJDU18422021801 - INFO - 本题结束
2018-09-26 15:04:21,238 - VBJDU18422021801 - DEBUG - 获取题目
2018-09-26 15:04:23,161 - VBJDU18422021801 - INFO - 第 2 题
2018-09-26 15:04:23,161 - VBJDU18422021801 - INFO - 小说《西游记》中，牛魔王的坐骑叫什么？
2018-09-26 15:04:23,161 - VBJDU18422021801 - INFO - A.碧火金睛兽 B.碧水金睛兽 C.避水金晶兽
2018-09-26 15:04:23,895 - VBJDU18422021801 - DEBUG - 在线检索答案
2018-09-26 15:04:23,895 - VBJDU18422021801 - INFO - 我的答案：避水金晶兽
2018-09-26 15:04:24,365 - VBJDU18422021801 - DEBUG - 选择选项
2018-09-26 15:04:26,317 - VBJDU18422021801 - INFO - 答案正确
2018-09-26 15:04:26,317 - VBJDU18422021801 - DEBUG - 添加此题
2018-09-26 15:04:32,848 - VBJDU18422021801 - INFO - 本题结束
2018-09-26 15:04:32,848 - VBJDU18422021801 - DEBUG - 获取题目
2018-09-26 15:04:34,661 - VBJDU18422021801 - INFO - 第 3 题
2018-09-26 15:04:34,661 - VBJDU18422021801 - INFO - 化学元素钠的元素类别是以下哪个？
2018-09-26 15:04:34,661 - VBJDU18422021801 - INFO - A.锕系金属 B.过渡金属 C.碱金属
2018-09-26 15:04:35,302 - VBJDU18422021801 - DEBUG - 在线检索答案
2018-09-26 15:04:35,302 - VBJDU18422021801 - INFO - 我的答案：碱金属
2018-09-26 15:04:35,802 - VBJDU18422021801 - DEBUG - 选择选项
2018-09-26 15:04:37,896 - VBJDU18422021801 - INFO - 答案正确
2018-09-26 15:04:37,896 - VBJDU18422021801 - DEBUG - 添加此题
2018-09-26 15:04:43,611 - VBJDU18422021801 - INFO - 本题结束
2018-09-26 15:04:43,611 - VBJDU18422021801 - DEBUG - 获取题目
2018-09-26 15:04:45,394 - VBJDU18422021801 - INFO - 第 4 题
2018-09-26 15:04:45,394 - VBJDU18422021801 - INFO - 布丁起源于哪国传统美食？
2018-09-26 15:04:45,394 - VBJDU18422021801 - INFO - A.美国 B.法国 C.英国
2018-09-26 15:04:47,006 - VBJDU18422021801 - DEBUG - 在线检索答案
2018-09-26 15:04:47,006 - VBJDU18422021801 - INFO - 我的答案：英国
2018-09-26 15:04:47,491 - VBJDU18422021801 - DEBUG - 选择选项
2018-09-26 15:04:49,521 - VBJDU18422021801 - INFO - 答案正确
2018-09-26 15:04:49,521 - VBJDU18422021801 - DEBUG - 添加此题
2018-09-26 15:04:53,382 - VBJDU18422021801 - INFO - 本题结束
2018-09-26 15:04:53,382 - VBJDU18422021801 - DEBUG - 获取题目
2018-09-26 15:04:55,333 - VBJDU18422021801 - INFO - 第 5 题
2018-09-26 15:04:55,333 - VBJDU18422021801 - INFO - 中秋节在亚洲其他国家也很盛行，在哪个国家中秋节也叫感恩节
2018-09-26 15:04:55,333 - VBJDU18422021801 - INFO - A.日本 B.韩国 C.新加坡
2018-09-26 15:04:55,348 - VBJDU18422021801 - DEBUG - 数据库中检索答案
2018-09-26 15:04:55,348 - VBJDU18422021801 - INFO - 我的答案：韩国
2018-09-26 15:04:55,895 - VBJDU18422021801 - DEBUG - 选择选项
2018-09-26 15:04:57,971 - VBJDU18422021801 - INFO - 答案正确
2018-09-26 15:05:03,690 - VBJDU18422021801 - INFO - 本题结束
2018-09-26 15:05:04,004 - VBJDU18422021801 - INFO - 比赛结果：第1名：1240分
2018-09-26 15:05:05,006 - VBJDU18422021801 - INFO - 本场比赛结束
2018-09-26 15:05:05,115 - VBJDU18422021801 - INFO - 返回游戏页面
2018-09-26 15:05:06,598 - VBJDU18422021801 - INFO - 进入排位赛
2018-09-26 15:05:06,598 - VBJDU18422021801 - INFO - 正在匹配中......
2018-09-26 15:06:46,808 - VBJDU18422021801 - INFO - 匹配成功
2018-09-26 15:06:46,808 - VBJDU18422021801 - DEBUG - 获取题目
2018-09-26 15:06:47,089 - VBJDU18422021801 - INFO - 第 1 题
2018-09-26 15:06:47,089 - VBJDU18422021801 - INFO - 迄今为止，以下哪种生物被人们发现的含蛋白质最高的生物？
2018-09-26 15:06:47,089 - VBJDU18422021801 - INFO - A.对虾 B.磷虾 C.龙虾
2018-09-26 15:06:47,105 - VBJDU18422021801 - DEBUG - 数据库中检索答案
2018-09-26 15:06:47,105 - VBJDU18422021801 - INFO - 我的答案：磷虾
2018-09-26 15:06:47,574 - VBJDU18422021801 - DEBUG - 选择选项
2018-09-26 15:06:49,605 - VBJDU18422021801 - INFO - 答案正确
2018-09-26 15:06:55,090 - VBJDU18422021801 - INFO - 本题结束
2018-09-26 15:06:55,090 - VBJDU18422021801 - DEBUG - 获取题目
2018-09-26 15:06:56,946 - VBJDU18422021801 - INFO - 第 2 题
2018-09-26 15:06:56,946 - VBJDU18422021801 - INFO - 人们常用“惨淡经营”来形容苦心谋划，而古时它却是指一种：
2018-09-26 15:06:56,946 - VBJDU18422021801 - INFO - A.绘画技法 B.建筑结构 C.军事布阵
2018-09-26 15:06:57,556 - VBJDU18422021801 - DEBUG - 在线检索答案
2018-09-26 15:06:57,556 - VBJDU18422021801 - INFO - 我的答案：绘画技法
2018-09-26 15:06:58,106 - VBJDU18422021801 - DEBUG - 选择选项
2018-09-26 15:21:05,481 - VBJDU18422021801 - INFO - 停止UC浏览器
2018-09-26 15:21:05,529 - VBJDU18422021801 - DEBUG - 返回主页面
2018-09-26 15:21:08,280 - VBJDU18422021801 - DEBUG - 打开UC浏览器
2018-09-26 15:21:10,466 - VBJDU18422021801 - DEBUG - 进入用户页面
2018-09-26 15:21:11,596 - VBJDU18422021801 - DEBUG - 进入游戏页面1
2018-09-26 15:21:13,599 - VBJDU18422021801 - DEBUG - 进入游戏页面2
2018-09-26 15:21:15,836 - VBJDU18422021801 - INFO - 选择游戏
2018-09-26 15:21:16,857 - VBJDU18422021801 - INFO - 进入排位赛
2018-09-26 15:21:16,857 - VBJDU18422021801 - INFO - 正在匹配中......
2018-09-26 15:21:59,746 - VBJDU18422021801 - INFO - 匹配成功
2018-09-26 15:21:59,746 - VBJDU18422021801 - DEBUG - 获取题目
2018-09-26 15:22:00,694 - VBJDU18422021801 - INFO - 第 1 题
2018-09-26 15:22:01,473 - VBJDU18422021801 - INFO - “泰迪”等是对哪种动物的品种分类？
2018-09-26 15:22:01,488 - VBJDU18422021801 - INFO - A.狗 B.猫 C.熊
2018-09-26 15:22:01,519 - VBJDU18422021801 - DEBUG - 数据库中检索答案
2018-09-26 15:22:01,519 - VBJDU18422021801 - INFO - 我的答案：狗
2018-09-26 15:22:02,516 - VBJDU18422021801 - DEBUG - 选择选项
2018-09-26 15:22:04,443 - VBJDU18422021801 - INFO - 答案正确
2018-09-26 15:22:07,437 - VBJDU18422021801 - INFO - 本题结束
2018-09-26 15:22:07,437 - VBJDU18422021801 - DEBUG - 获取题目
2018-09-26 15:22:09,206 - VBJDU18422021801 - INFO - 第 2 题
2018-09-26 15:22:09,206 - VBJDU18422021801 - INFO - 《王者荣耀》英雄诸葛亮是的定位是什么？
2018-09-26 15:22:09,206 - VBJDU18422021801 - INFO - A.辅助 B.法师 C.射手
2018-09-26 15:22:09,998 - VBJDU18422021801 - DEBUG - 在线检索答案
2018-09-26 15:22:09,998 - VBJDU18422021801 - INFO - 我的答案：法师
2018-09-26 15:22:12,123 - VBJDU18422021801 - DEBUG - 选择选项
2018-09-26 15:22:14,092 - VBJDU18422021801 - INFO - 答案正确
2018-09-26 15:22:14,092 - VBJDU18422021801 - DEBUG - 添加此题
2018-09-26 15:22:18,578 - VBJDU18422021801 - INFO - 本题结束
2018-09-26 15:22:18,578 - VBJDU18422021801 - DEBUG - 获取题目
2018-09-26 15:22:20,489 - VBJDU18422021801 - INFO - 第 3 题
2018-09-26 15:22:20,489 - VBJDU18422021801 - INFO - 2010年世博会是在哪举办的？
2018-09-26 15:22:20,489 - VBJDU18422021801 - INFO - A.上海 B.伦敦 C.纽约
2018-09-26 15:22:20,489 - VBJDU18422021801 - DEBUG - 数据库中检索答案
2018-09-26 15:22:20,489 - VBJDU18422021801 - INFO - 我的答案：上海
2018-09-26 15:22:22,670 - VBJDU18422021801 - DEBUG - 选择选项
2018-09-26 15:22:24,675 - VBJDU18422021801 - INFO - 答案正确
2018-09-26 15:22:29,381 - VBJDU18422021801 - INFO - 本题结束
2018-09-26 15:22:29,381 - VBJDU18422021801 - DEBUG - 获取题目
2018-09-26 15:22:31,219 - VBJDU18422021801 - INFO - 第 4 题
2018-09-26 15:22:31,219 - VBJDU18422021801 - INFO - 世界贸易组织简称是？
2018-09-26 15:22:31,219 - VBJDU18422021801 - INFO - A.WOT B.WTO C.WTQ
2018-09-26 15:22:31,235 - VBJDU18422021801 - DEBUG - 数据库中检索答案
2018-09-26 15:22:31,235 - VBJDU18422021801 - INFO - 我的答案：WTO
2018-09-26 15:22:32,222 - VBJDU18422021801 - DEBUG - 选择选项
2018-09-26 15:22:34,287 - VBJDU18422021801 - INFO - 答案正确
2018-09-26 15:22:37,459 - VBJDU18422021801 - INFO - 本题结束
2018-09-26 15:22:37,459 - VBJDU18422021801 - DEBUG - 获取题目
2018-09-26 15:22:39,175 - VBJDU18422021801 - INFO - 第 5 题
2018-09-26 15:22:39,175 - VBJDU18422021801 - INFO - 日元的常用硬币面值最高的是？
2018-09-26 15:22:39,175 - VBJDU18422021801 - INFO - A.500日元 B.200日元 C.100日元
2018-09-26 15:22:39,966 - VBJDU18422021801 - DEBUG - 在线检索答案
2018-09-26 15:22:39,966 - VBJDU18422021801 - INFO - 我的答案：500日元
2018-09-26 15:22:41,126 - VBJDU18422021801 - DEBUG - 选择选项
2018-09-26 15:22:43,191 - VBJDU18422021801 - INFO - 答案正确
2018-09-26 15:22:43,191 - VBJDU18422021801 - DEBUG - 添加此题
2018-09-26 15:22:48,999 - VBJDU18422021801 - INFO - 本题结束
2018-09-26 15:22:49,363 - VBJDU18422021801 - INFO - 比赛结果：第1名：1200分
2018-09-26 15:22:50,375 - VBJDU18422021801 - INFO - 本场比赛结束
2018-09-26 15:22:50,422 - VBJDU18422021801 - INFO - 返回游戏页面
2018-09-26 15:22:51,967 - VBJDU18422021801 - INFO - 进入排位赛
2018-09-26 15:22:51,967 - VBJDU18422021801 - INFO - 正在匹配中......
2018-09-26 15:23:38,272 - VBJDU18422021801 - INFO - 匹配成功
2018-09-26 15:23:38,272 - VBJDU18422021801 - DEBUG - 获取题目
2018-09-26 15:23:38,584 - VBJDU18422021801 - INFO - 第 1 题
2018-09-26 15:23:38,584 - VBJDU18422021801 - INFO - 谁被誉为“中国航天之父”“中国导弹之父”？
2018-09-26 15:23:38,584 - VBJDU18422021801 - INFO - A.钱学深 B.钱学森 C.钱伟强
2018-09-26 15:23:39,577 - VBJDU18422021801 - DEBUG - 数据库中检索答案
2018-09-26 15:23:39,577 - VBJDU18422021801 - INFO - 我的答案：钱学森
2018-09-26 15:23:41,441 - VBJDU18422021801 - DEBUG - 选择选项
2018-09-26 15:23:43,411 - VBJDU18422021801 - INFO - 答案正确
2018-09-26 15:23:44,874 - VBJDU18422021801 - INFO - 本题结束
2018-09-26 15:23:44,874 - VBJDU18422021801 - DEBUG - 获取题目
2018-09-26 15:23:46,767 - VBJDU18422021801 - INFO - 第 2 题
2018-09-26 15:23:46,767 - VBJDU18422021801 - INFO - 狗在人类的生活中有重要的作用，如阿拉斯加能作为一种什么犬帮助人类？
2018-09-26 15:23:46,767 - VBJDU18422021801 - INFO - A.玩具犬 B.梗类犬 C.工作犬
2018-09-26 15:23:46,767 - VBJDU18422021801 - DEBUG - 数据库中检索答案
2018-09-26 15:23:46,767 - VBJDU18422021801 - INFO - 我的答案：工作犬
2018-09-26 15:23:48,967 - VBJDU18422021801 - DEBUG - 选择选项
2018-09-26 15:23:50,983 - VBJDU18422021801 - INFO - 答案正确
2018-09-26 15:23:55,629 - VBJDU18422021801 - INFO - 本题结束
2018-09-26 15:23:55,629 - VBJDU18422021801 - DEBUG - 获取题目
2018-09-26 15:23:57,475 - VBJDU18422021801 - INFO - 第 3 题
2018-09-26 15:23:57,475 - VBJDU18422021801 - INFO - 电视节目《火星情报局第一季》的主持人是以下哪位？
2018-09-26 15:23:57,475 - VBJDU18422021801 - INFO - A.汪涵 B.谢娜 C.陈鲁豫
2018-09-26 15:23:58,190 - VBJDU18422021801 - DEBUG - 在线检索答案
2018-09-26 15:23:58,190 - VBJDU18422021801 - INFO - 我的答案：汪涵
2018-09-26 15:23:59,683 - VBJDU18422021801 - DEBUG - 选择选项
2018-09-26 15:24:01,703 - VBJDU18422021801 - INFO - 答案正确
2018-09-26 15:24:01,704 - VBJDU18422021801 - DEBUG - 添加此题
2018-09-26 15:24:05,153 - VBJDU18422021801 - INFO - 本题结束
2018-09-26 15:24:05,153 - VBJDU18422021801 - DEBUG - 获取题目
2018-09-26 15:24:07,014 - VBJDU18422021801 - INFO - 第 4 题
2018-09-26 15:24:07,014 - VBJDU18422021801 - INFO - 常吃的“老干妈”豆豉辣椒酱的创始人姓什么？
2018-09-26 15:24:07,014 - VBJDU18422021801 - INFO - A.许 B.张 C.陶
2018-09-26 15:24:07,014 - VBJDU18422021801 - DEBUG - 数据库中检索答案
2018-09-26 15:24:07,014 - VBJDU18422021801 - INFO - 我的答案：陶
2018-09-26 15:24:09,129 - VBJDU18422021801 - DEBUG - 选择选项
2018-09-26 15:24:11,173 - VBJDU18422021801 - INFO - 答案正确
2018-09-26 15:24:13,936 - VBJDU18422021801 - INFO - 本题结束
2018-09-26 15:24:13,936 - VBJDU18422021801 - DEBUG - 获取题目
2018-09-26 15:24:15,817 - VBJDU18422021801 - INFO - 第 5 题
2018-09-26 15:24:15,818 - VBJDU18422021801 - INFO - 世贸组织缩写是？
2018-09-26 15:24:15,818 - VBJDU18422021801 - INFO - A.TOO B.WTO C.WOO
2018-09-26 15:24:16,442 - VBJDU18422021801 - DEBUG - 在线检索答案
2018-09-26 15:24:16,442 - VBJDU18422021801 - INFO - 我的答案：WTO
2018-09-26 15:24:17,762 - VBJDU18422021801 - DEBUG - 选择选项
2018-09-26 15:24:19,745 - VBJDU18422021801 - INFO - 答案正确
2018-09-26 15:24:19,745 - VBJDU18422021801 - DEBUG - 添加此题
2018-09-26 15:24:20,713 - VBJDU18422021801 - INFO - 本题结束
2018-09-26 15:24:21,015 - VBJDU18422021801 - INFO - 比赛结果：第2名：1180分
2018-09-26 15:24:22,030 - VBJDU18422021801 - INFO - 本场比赛结束
2018-09-26 15:24:22,068 - VBJDU18422021801 - INFO - 返回游戏页面
2018-09-26 15:24:23,650 - VBJDU18422021801 - INFO - 进入排位赛
2018-09-26 15:24:23,650 - VBJDU18422021801 - INFO - 正在匹配中......
2018-09-26 15:24:46,585 - VBJDU18422021801 - INFO - 匹配成功
2018-09-26 15:24:46,585 - VBJDU18422021801 - DEBUG - 获取题目
2018-09-26 15:24:46,904 - VBJDU18422021801 - INFO - 第 1 题
2018-09-26 15:24:46,904 - VBJDU18422021801 - INFO - 婴儿一般在多大时添加辅助食品比较好？
2018-09-26 15:24:46,904 - VBJDU18422021801 - INFO - A.2、3个月 B.5、6个月 C.7、8个月
2018-09-26 15:24:46,920 - VBJDU18422021801 - DEBUG - 数据库中检索答案
2018-09-26 15:24:46,920 - VBJDU18422021801 - INFO - 我的答案：5、6个月
2018-09-26 15:24:48,842 - VBJDU18422021801 - DEBUG - 选择选项
2018-09-26 15:24:50,968 - VBJDU18422021801 - INFO - 答案正确
2018-09-26 15:24:53,226 - VBJDU18422021801 - INFO - 本题结束
2018-09-26 15:24:53,226 - VBJDU18422021801 - DEBUG - 获取题目
2018-09-26 15:24:55,253 - VBJDU18422021801 - INFO - 第 2 题
2018-09-26 15:24:55,253 - VBJDU18422021801 - INFO - “三高”除了指高血脂，高血糖，还指什么？
2018-09-26 15:24:55,253 - VBJDU18422021801 - INFO - A.高盐 B.高纤维素 C.高血压
2018-09-26 15:24:55,253 - VBJDU18422021801 - DEBUG - 数据库中检索答案
2018-09-26 15:24:55,253 - VBJDU18422021801 - INFO - 我的答案：高血压
2018-09-26 15:24:56,635 - VBJDU18422021801 - DEBUG - 选择选项
2018-09-26 15:24:58,731 - VBJDU18422021801 - INFO - 答案正确
2018-09-26 15:25:10,419 - VBJDU18422021801 - INFO - 本题结束
2018-09-26 15:25:10,419 - VBJDU18422021801 - DEBUG - 获取题目
2018-09-26 15:25:12,272 - VBJDU18422021801 - INFO - 第 3 题
2018-09-26 15:25:12,272 - VBJDU18422021801 - INFO - 骡子是哪两种动物交配产下的后代？
2018-09-26 15:25:12,272 - VBJDU18422021801 - INFO - A.牛和驴 B.马和驴 C.牛和马
2018-09-26 15:25:12,272 - VBJDU18422021801 - DEBUG - 数据库中检索答案
2018-09-26 15:25:12,272 - VBJDU18422021801 - INFO - 我的答案：马和驴
2018-09-26 15:25:14,650 - VBJDU18422021801 - DEBUG - 选择选项
2018-09-26 15:25:16,889 - VBJDU18422021801 - INFO - 答案正确
2018-09-26 15:25:27,436 - VBJDU18422021801 - INFO - 本题结束
2018-09-26 15:25:27,436 - VBJDU18422021801 - DEBUG - 获取题目
2018-09-26 15:25:29,412 - VBJDU18422021801 - INFO - 第 4 题
2018-09-26 15:25:29,412 - VBJDU18422021801 - INFO - 煲仔饭是我国东南沿海哪个省的传统美食？
2018-09-26 15:25:29,412 - VBJDU18422021801 - INFO - A.广东 B.安徽 C.江西
2018-09-26 15:25:30,045 - VBJDU18422021801 - DEBUG - 在线检索答案
2018-09-26 15:25:30,045 - VBJDU18422021801 - INFO - 我的答案：广东
2018-09-26 15:25:32,364 - VBJDU18422021801 - DEBUG - 选择选项
2018-09-26 15:25:34,296 - VBJDU18422021801 - INFO - 答案正确
2018-09-26 15:25:34,296 - VBJDU18422021801 - DEBUG - 添加此题
2018-09-26 15:25:44,631 - VBJDU18422021801 - INFO - 本题结束
2018-09-26 15:25:44,631 - VBJDU18422021801 - DEBUG - 获取题目
2018-09-26 15:25:46,518 - VBJDU18422021801 - INFO - 第 5 题
2018-09-26 15:25:46,518 - VBJDU18422021801 - INFO - GPS的中文全称是什么？
2018-09-26 15:25:46,518 - VBJDU18422021801 - INFO - A.全球定位系统 B.导航系统 C.遥感技术
2018-09-26 15:25:47,264 - VBJDU18422021801 - DEBUG - 在线检索答案
2018-09-26 15:25:47,264 - VBJDU18422021801 - INFO - 我的答案：全球定位系统
2018-09-26 15:25:48,598 - VBJDU18422021801 - DEBUG - 选择选项
2018-09-26 15:25:50,576 - VBJDU18422021801 - INFO - 答案正确
2018-09-26 15:25:50,576 - VBJDU18422021801 - DEBUG - 添加此题
2018-09-26 15:26:01,620 - VBJDU18422021801 - INFO - 本题结束
2018-09-26 15:26:01,969 - VBJDU18422021801 - INFO - 比赛结果：第2名：1170分
2018-09-26 15:26:02,981 - VBJDU18422021801 - INFO - 本场比赛结束
2018-09-26 15:26:03,099 - VBJDU18422021801 - INFO - 返回游戏页面
2018-09-26 15:26:04,551 - VBJDU18422021801 - INFO - 进入排位赛
2018-09-26 15:26:04,551 - VBJDU18422021801 - INFO - 正在匹配中......
2018-09-26 15:26:10,165 - VBJDU18422021801 - INFO - 匹配成功
2018-09-26 15:26:10,165 - VBJDU18422021801 - DEBUG - 获取题目
2018-09-26 15:26:10,474 - VBJDU18422021801 - INFO - 第 1 题
2018-09-26 15:26:10,489 - VBJDU18422021801 - INFO - 以下哪个剧种被视为中国国粹，位列中国戏曲三鼎甲“榜首”？
2018-09-26 15:26:10,489 - VBJDU18422021801 - INFO - A.晋剧 B.京剧 C.川剧
2018-09-26 15:26:10,489 - VBJDU18422021801 - DEBUG - 数据库中检索答案
2018-09-26 15:26:10,489 - VBJDU18422021801 - INFO - 我的答案：京剧
2018-09-26 15:26:11,682 - VBJDU18422021801 - DEBUG - 选择选项
2018-09-26 15:26:13,693 - VBJDU18422021801 - INFO - 答案正确
2018-09-26 15:26:17,549 - VBJDU18422021801 - INFO - 本题结束
2018-09-26 15:26:17,549 - VBJDU18422021801 - DEBUG - 获取题目
2018-09-26 15:26:19,536 - VBJDU18422021801 - INFO - 第 2 题
2018-09-26 15:26:19,536 - VBJDU18422021801 - INFO - 下列哪位明星担任过电视节目《演员的诞生》的嘉宾？
2018-09-26 15:26:19,536 - VBJDU18422021801 - INFO - A.章子怡 B.宋民国 C.陈奕迅
2018-09-26 15:26:19,536 - VBJDU18422021801 - DEBUG - 数据库中检索答案
2018-09-26 15:26:19,536 - VBJDU18422021801 - INFO - 我的答案：章子怡
2018-09-26 15:26:20,829 - VBJDU18422021801 - DEBUG - 选择选项
2018-09-26 15:26:22,873 - VBJDU18422021801 - INFO - 答案正确
2018-09-26 15:26:26,519 - VBJDU18422021801 - INFO - 本题结束
2018-09-26 15:26:26,519 - VBJDU18422021801 - DEBUG - 获取题目
2018-09-26 15:26:28,428 - VBJDU18422021801 - INFO - 第 3 题
2018-09-26 15:26:28,428 - VBJDU18422021801 - INFO - 我国载人飞船的名字是什么？
2018-09-26 15:26:28,428 - VBJDU18422021801 - INFO - A.探险号 B.神舟号 C.和平号
2018-09-26 15:26:28,443 - VBJDU18422021801 - DEBUG - 数据库中检索答案
2018-09-26 15:26:28,443 - VBJDU18422021801 - INFO - 我的答案：神舟号
2018-09-26 15:26:30,206 - VBJDU18422021801 - DEBUG - 选择选项
2018-09-26 15:26:32,260 - VBJDU18422021801 - INFO - 答案正确
2018-09-26 15:26:34,505 - VBJDU18422021801 - INFO - 本题结束
2018-09-26 15:26:34,505 - VBJDU18422021801 - DEBUG - 获取题目
2018-09-26 15:26:36,428 - VBJDU18422021801 - INFO - 第 4 题
2018-09-26 15:26:36,428 - VBJDU18422021801 - INFO - 涂抹爽肤水、乳液、面霜的正确顺序是？
2018-09-26 15:26:36,428 - VBJDU18422021801 - INFO - A.爽肤水、乳液、面霜 B.爽肤水、面霜、乳液 C.乳液、面霜、爽肤水
2018-09-26 15:26:37,300 - VBJDU18422021801 - DEBUG - 在线检索答案
2018-09-26 15:26:37,300 - VBJDU18422021801 - INFO - 我的答案：爽肤水、乳液、面霜
2018-09-26 15:26:39,316 - VBJDU18422021801 - DEBUG - 选择选项
2018-09-26 15:26:41,375 - VBJDU18422021801 - INFO - 答案正确
2018-09-26 15:26:41,375 - VBJDU18422021801 - DEBUG - 添加此题
2018-09-26 15:26:46,550 - VBJDU18422021801 - INFO - 本题结束
2018-09-26 15:26:46,550 - VBJDU18422021801 - DEBUG - 获取题目
2018-09-26 15:26:48,391 - VBJDU18422021801 - INFO - 第 5 题
2018-09-26 15:26:48,391 - VBJDU18422021801 - INFO - 北方人一般用什么包粽子？
2018-09-26 15:26:48,391 - VBJDU18422021801 - INFO - A.新鲜竹叶 B.苇叶 C.乾竹叶
2018-09-26 15:26:48,391 - VBJDU18422021801 - DEBUG - 数据库中检索答案
2018-09-26 15:26:48,391 - VBJDU18422021801 - INFO - 我的答案：苇叶
2018-09-26 15:26:49,936 - VBJDU18422021801 - DEBUG - 选择选项
2018-09-26 15:26:52,031 - VBJDU18422021801 - INFO - 答案正确
2018-09-26 15:26:56,535 - VBJDU18422021801 - INFO - 本题结束
2018-09-26 15:26:56,872 - VBJDU18422021801 - INFO - 比赛结果：第1名：1190分
2018-09-26 15:26:57,875 - VBJDU18422021801 - INFO - 本场比赛结束
2018-09-26 15:26:57,984 - VBJDU18422021801 - INFO - 返回游戏页面
2018-09-26 15:26:59,487 - VBJDU18422021801 - INFO - 进入排位赛
2018-09-26 15:26:59,487 - VBJDU18422021801 - INFO - 正在匹配中......
2018-09-26 15:27:44,857 - VBJDU18422021801 - INFO - 匹配成功
2018-09-26 15:27:44,857 - VBJDU18422021801 - DEBUG - 获取题目
2018-09-26 15:27:45,837 - VBJDU18422021801 - INFO - 第 1 题
2018-09-26 15:27:45,837 - VBJDU18422021801 - INFO - 蒙台梭利倡导学校应为儿童设计量身定做的专属环境提出了“敏感期”和：
2018-09-26 15:27:45,837 - VBJDU18422021801 - INFO - A.体能 B.触觉 C.吸收性心智
2018-09-26 15:27:45,841 - VBJDU18422021801 - DEBUG - 数据库中检索答案
2018-09-26 15:27:45,841 - VBJDU18422021801 - INFO - 我的答案：吸收性心智
2018-09-26 15:27:48,131 - VBJDU18422021801 - DEBUG - 选择选项
2018-09-26 15:27:50,111 - VBJDU18422021801 - INFO - 答案正确
2018-09-26 15:27:55,654 - VBJDU18422021801 - INFO - 本题结束
2018-09-26 15:27:55,654 - VBJDU18422021801 - DEBUG - 获取题目
2018-09-26 15:27:57,443 - VBJDU18422021801 - INFO - 第 2 题
2018-09-26 15:27:57,443 - VBJDU18422021801 - INFO - 位于湖南省张家界，有着999级上天梯景观的天然溶洞叫什么洞？
2018-09-26 15:27:57,443 - VBJDU18422021801 - INFO - A.天门洞 B.天然洞 C.黄石寨
2018-09-26 15:27:58,083 - VBJDU18422021801 - DEBUG - 在线检索答案
2018-09-26 15:27:58,083 - VBJDU18422021801 - INFO - 我的答案：天门洞
2018-09-26 15:28:00,221 - VBJDU18422021801 - DEBUG - 选择选项
2018-09-26 15:28:02,889 - VBJDU18422021801 - INFO - 答案正确
2018-09-26 15:28:02,889 - VBJDU18422021801 - DEBUG - 添加此题
2018-09-26 15:28:10,030 - VBJDU18422021801 - INFO - 本题结束
2018-09-26 15:28:10,030 - VBJDU18422021801 - DEBUG - 获取题目
2018-09-26 15:28:11,906 - VBJDU18422021801 - INFO - 第 3 题
2018-09-26 15:28:11,906 - VBJDU18422021801 - INFO - “图腾万古辉华夏，四海传人共仰君。”打一生肖？
2018-09-26 15:28:11,906 - VBJDU18422021801 - INFO - A.牛 B.虎 C.龙
2018-09-26 15:28:11,921 - VBJDU18422021801 - DEBUG - 数据库中检索答案
2018-09-26 15:28:11,921 - VBJDU18422021801 - INFO - 我的答案：龙
2018-09-26 15:28:14,206 - VBJDU18422021801 - DEBUG - 选择选项
2018-09-26 15:28:16,240 - VBJDU18422021801 - INFO - 答案正确
2018-09-26 15:28:22,969 - VBJDU18422021801 - INFO - 本题结束
2018-09-26 15:28:22,969 - VBJDU18422021801 - DEBUG - 获取题目
2018-09-26 15:28:24,843 - VBJDU18422021801 - INFO - 第 4 题
2018-09-26 15:28:24,843 - VBJDU18422021801 - INFO - 被称为“祖率”的就是数学上的哪个常数？
2018-09-26 15:28:24,843 - VBJDU18422021801 - INFO - A.圆周率 π B. 自然底数 e C.黄金分割 φ
2018-09-26 15:28:25,349 - VBJDU18422021801 - DEBUG - 未检索到答案
2018-09-26 15:28:25,349 - VBJDU18422021801 - INFO - 我的答案：圆周率 π
2018-09-26 15:28:27,332 - VBJDU18422021801 - DEBUG - 选择选项
2018-09-26 15:28:29,536 - VBJDU18422021801 - INFO - 答案正确
2018-09-26 15:28:29,536 - VBJDU18422021801 - DEBUG - 添加此题
2018-09-26 15:28:31,952 - VBJDU18422021801 - INFO - 本题结束
2018-09-26 15:28:31,952 - VBJDU18422021801 - DEBUG - 获取题目
2018-09-26 15:28:33,994 - VBJDU18422021801 - INFO - 第 5 题
2018-09-26 15:28:33,994 - VBJDU18422021801 - INFO - 以下选项中，哪一个不属于建筑师王澍的代表作？
2018-09-26 15:28:33,994 - VBJDU18422021801 - INFO - A.宁波美术馆 B.南京华侨大厦 C.梦露大厦
2018-09-26 15:28:34,005 - VBJDU18422021801 - DEBUG - 数据库中检索答案
2018-09-26 15:28:34,005 - VBJDU18422021801 - INFO - 我的答案：梦露大厦
2018-09-26 15:28:35,077 - VBJDU18422021801 - DEBUG - 选择选项
2018-09-26 15:28:37,099 - VBJDU18422021801 - INFO - 答案正确
2018-09-26 15:28:42,083 - VBJDU18422021801 - INFO - 本题结束
2018-09-26 15:28:42,409 - VBJDU18422021801 - INFO - 比赛结果：第1名：1180分
2018-09-26 15:28:43,411 - VBJDU18422021801 - INFO - 本场比赛结束
2018-09-26 15:28:43,474 - VBJDU18422021801 - INFO - 返回游戏页面
2018-09-26 15:28:45,030 - VBJDU18422021801 - INFO - 进入排位赛
2018-09-26 15:28:45,030 - VBJDU18422021801 - INFO - 正在匹配中......
2018-09-26 15:28:53,681 - VBJDU18422021801 - INFO - 匹配成功
2018-09-26 15:28:53,681 - VBJDU18422021801 - DEBUG - 获取题目
2018-09-26 15:28:53,957 - VBJDU18422021801 - INFO - 第 1 题
2018-09-26 15:28:53,957 - VBJDU18422021801 - INFO - 家长鼓励孩子参与形式多样、影响广泛的社会活动，体现了家庭对孩子的：
2018-09-26 15:28:53,957 - VBJDU18422021801 - INFO - A.心理教育 B.社会教育 C.科学教育
2018-09-26 15:28:54,888 - VBJDU18422021801 - DEBUG - 在线检索答案
2018-09-26 15:28:54,888 - VBJDU18422021801 - INFO - 我的答案：心理教育
2018-09-26 15:28:56,139 - VBJDU18422021801 - DEBUG - 选择选项
2018-09-26 15:28:58,122 - VBJDU18422021801 - INFO - 答案错误
2018-09-26 15:28:58,270 - VBJDU18422021801 - INFO - 正确答案；社会教育
2018-09-26 15:28:58,270 - VBJDU18422021801 - DEBUG - 添加此题
2018-09-26 15:29:04,921 - VBJDU18422021801 - INFO - 本题结束
2018-09-26 15:29:04,921 - VBJDU18422021801 - DEBUG - 获取题目
2018-09-26 15:29:06,747 - VBJDU18422021801 - INFO - 第 2 题
2018-09-26 15:29:06,747 - VBJDU18422021801 - INFO - 朱重八是谁的本名？
2018-09-26 15:29:06,747 - VBJDU18422021801 - INFO - A.朱元璋 B.朱自清 C.朱集
2018-09-26 15:29:07,520 - VBJDU18422021801 - DEBUG - 在线检索答案
2018-09-26 15:29:07,520 - VBJDU18422021801 - INFO - 我的答案：朱元璋
2018-09-26 15:29:09,332 - VBJDU18422021801 - DEBUG - 选择选项
2018-09-26 15:29:11,332 - VBJDU18422021801 - INFO - 答案正确
2018-09-26 15:29:11,332 - VBJDU18422021801 - DEBUG - 添加此题
2018-09-26 15:29:14,096 - VBJDU18422021801 - INFO - 本题结束
2018-09-26 15:29:14,096 - VBJDU18422021801 - DEBUG - 获取题目
2018-09-26 15:29:16,048 - VBJDU18422021801 - INFO - 第 3 题
2018-09-26 15:29:16,048 - VBJDU18422021801 - INFO - 目前人类已知的最硬的石头是什么？
2018-09-26 15:29:16,048 - VBJDU18422021801 - INFO - A.萤石 B.钻石 C.刚玉
2018-09-26 15:29:16,627 - VBJDU18422021801 - DEBUG - 在线检索答案
2018-09-26 15:29:16,627 - VBJDU18422021801 - INFO - 我的答案：钻石
2018-09-26 15:29:18,350 - VBJDU18422021801 - DEBUG - 选择选项
2018-09-26 15:29:20,357 - VBJDU18422021801 - INFO - 答案正确
2018-09-26 15:29:20,357 - VBJDU18422021801 - DEBUG - 添加此题
2018-09-26 15:29:24,598 - VBJDU18422021801 - INFO - 本题结束
2018-09-26 15:29:24,598 - VBJDU18422021801 - DEBUG - 获取题目
2018-09-26 15:29:26,397 - VBJDU18422021801 - INFO - 第 4 题
2018-09-26 15:29:26,397 - VBJDU18422021801 - INFO - 不属于蚂蚁金服集团旗下业务的是？
2018-09-26 15:29:26,397 - VBJDU18422021801 - INFO - A.支付宝钱包 B.京东白条 C.余额宝
2018-09-26 15:29:27,237 - VBJDU18422021801 - DEBUG - 在线检索答案
2018-09-26 15:29:27,237 - VBJDU18422021801 - INFO - 我的答案：京东白条
2018-09-26 15:29:29,363 - VBJDU18422021801 - DEBUG - 选择选项
2018-09-26 15:29:31,443 - VBJDU18422021801 - INFO - 答案正确
2018-09-26 15:29:31,443 - VBJDU18422021801 - DEBUG - 添加此题
2018-09-26 15:29:35,937 - VBJDU18422021801 - INFO - 本题结束
2018-09-26 15:29:35,937 - VBJDU18422021801 - DEBUG - 获取题目
2018-09-26 15:29:37,729 - VBJDU18422021801 - INFO - 第 5 题
2018-09-26 15:29:37,729 - VBJDU18422021801 - INFO - 演员李若彤在古天乐版的《神雕侠侣》中扮演哪个角色？
2018-09-26 15:29:37,729 - VBJDU18422021801 - INFO - A.杨八妹 B.王语嫣 C.小龙女
2018-09-26 15:29:38,534 - VBJDU18422021801 - DEBUG - 在线检索答案
2018-09-26 15:29:38,534 - VBJDU18422021801 - INFO - 我的答案：小龙女
2018-09-26 15:29:40,890 - VBJDU18422021801 - DEBUG - 选择选项
2018-09-26 15:29:42,969 - VBJDU18422021801 - INFO - 答案正确
2018-09-26 15:29:42,969 - VBJDU18422021801 - DEBUG - 添加此题
2018-09-26 15:29:47,045 - VBJDU18422021801 - INFO - 本题结束
2018-09-26 15:29:47,440 - VBJDU18422021801 - INFO - 比赛结果：第1名：920分
2018-09-26 15:29:48,454 - VBJDU18422021801 - INFO - 本场比赛结束
2018-09-26 15:29:48,485 - VBJDU18422021801 - INFO - 返回游戏页面
2018-09-26 15:29:50,000 - VBJDU18422021801 - INFO - 进入排位赛
2018-09-26 15:29:50,000 - VBJDU18422021801 - INFO - 正在匹配中......
2018-09-26 15:30:37,825 - VBJDU18422021801 - INFO - 匹配成功
2018-09-26 15:30:37,825 - VBJDU18422021801 - DEBUG - 获取题目
2018-09-26 15:30:38,115 - VBJDU18422021801 - INFO - 第 1 题
2018-09-26 15:30:38,115 - VBJDU18422021801 - INFO - “三风桥酱排骨”、“玉兰饼”是江苏哪个城市的特色小吃？
2018-09-26 15:30:38,115 - VBJDU18422021801 - INFO - A.成都 B.无锡 C.西安
2018-09-26 15:30:39,810 - VBJDU18422021801 - DEBUG - 在线检索答案
2018-09-26 15:30:39,810 - VBJDU18422021801 - INFO - 我的答案：无锡
2018-09-26 15:30:42,029 - VBJDU18422021801 - DEBUG - 选择选项
2018-09-26 15:30:44,095 - VBJDU18422021801 - INFO - 答案正确
2018-09-26 15:30:44,095 - VBJDU18422021801 - DEBUG - 添加此题
2018-09-26 15:30:47,817 - VBJDU18422021801 - INFO - 本题结束
2018-09-26 15:30:47,817 - VBJDU18422021801 - DEBUG - 获取题目
2018-09-26 15:30:49,649 - VBJDU18422021801 - INFO - 第 2 题
2018-09-26 15:30:49,649 - VBJDU18422021801 - INFO - 以下哪种植物是中国传统上用于洗衣和清洁的？
2018-09-26 15:30:49,649 - VBJDU18422021801 - INFO - A.国槐 B.皂角 C.柑橘
2018-09-26 15:30:49,663 - VBJDU18422021801 - DEBUG - 数据库中检索答案
2018-09-26 15:30:49,663 - VBJDU18422021801 - INFO - 我的答案：皂角
2018-09-26 15:30:52,031 - VBJDU18422021801 - DEBUG - 选择选项
2018-09-26 15:30:54,068 - VBJDU18422021801 - INFO - 答案正确
2018-09-26 15:30:59,520 - VBJDU18422021801 - INFO - 本题结束
2018-09-26 15:30:59,520 - VBJDU18422021801 - DEBUG - 获取题目
2018-09-26 15:31:01,330 - VBJDU18422021801 - INFO - 第 3 题
2018-09-26 15:31:01,330 - VBJDU18422021801 - INFO - 被称为“红军”的是哪支英超豪门？
2018-09-26 15:31:01,330 - VBJDU18422021801 - INFO - A.曼城 B.利物浦 C.阿森纳
2018-09-26 15:31:01,330 - VBJDU18422021801 - DEBUG - 数据库中检索答案
2018-09-26 15:31:01,330 - VBJDU18422021801 - INFO - 我的答案：利物浦
2018-09-26 15:31:03,676 - VBJDU18422021801 - DEBUG - 选择选项
2018-09-26 15:31:05,807 - VBJDU18422021801 - INFO - 答案正确
2018-09-26 15:31:10,998 - VBJDU18422021801 - INFO - 本题结束
2018-09-26 15:31:10,998 - VBJDU18422021801 - DEBUG - 获取题目
2018-09-26 15:31:12,889 - VBJDU18422021801 - INFO - 第 4 题
2018-09-26 15:31:12,889 - VBJDU18422021801 - INFO - 英语中的“Black Tea”是我们常说的哪类茶？
2018-09-26 15:31:12,889 - VBJDU18422021801 - INFO - A.红茶 B.黑茶 C.绿茶
2018-09-26 15:31:12,889 - VBJDU18422021801 - DEBUG - 数据库中检索答案
2018-09-26 15:31:12,889 - VBJDU18422021801 - INFO - 我的答案：红茶
2018-09-26 15:31:15,098 - VBJDU18422021801 - DEBUG - 选择选项
2018-09-26 15:31:17,068 - VBJDU18422021801 - INFO - 答案正确
2018-09-26 15:31:21,410 - VBJDU18422021801 - INFO - 本题结束
2018-09-26 15:31:21,410 - VBJDU18422021801 - DEBUG - 获取题目
2018-09-26 15:31:23,207 - VBJDU18422021801 - INFO - 第 5 题
2018-09-26 15:31:23,207 - VBJDU18422021801 - INFO - 下列原始文化遗址，位于长江流域的是什么人？
2018-09-26 15:31:23,207 - VBJDU18422021801 - INFO - A.半坡氏族 B.河姆渡居民 C.北京人
2018-09-26 15:31:23,222 - VBJDU18422021801 - DEBUG - 数据库中检索答案
2018-09-26 15:31:23,222 - VBJDU18422021801 - INFO - 我的答案：河姆渡居民
2018-09-26 15:31:24,379 - VBJDU18422021801 - DEBUG - 选择选项
2018-09-26 15:31:26,482 - VBJDU18422021801 - INFO - 答案正确
2018-09-26 15:31:34,052 - VBJDU18422021801 - INFO - 本题结束
2018-09-26 15:31:34,431 - VBJDU18422021801 - INFO - 比赛结果：第1名：1150分
2018-09-26 15:31:35,440 - VBJDU18422021801 - INFO - 本场比赛结束
2018-09-26 15:31:35,534 - VBJDU18422021801 - INFO - 返回游戏页面
2018-09-26 15:31:36,967 - VBJDU18422021801 - INFO - 进入排位赛
2018-09-26 15:31:36,967 - VBJDU18422021801 - INFO - 正在匹配中......
2018-09-26 15:31:45,598 - VBJDU18422021801 - INFO - 匹配成功
2018-09-26 15:31:45,598 - VBJDU18422021801 - DEBUG - 获取题目
2018-09-26 15:31:45,921 - VBJDU18422021801 - INFO - 第 1 题
2018-09-26 15:31:45,921 - VBJDU18422021801 - INFO - 观看别人下棋时，应该（）
2018-09-26 15:31:45,921 - VBJDU18422021801 - INFO - A.保持一定距离 B.吵闹喧哗 C.移动对局者已下的棋
2018-09-26 15:31:45,921 - VBJDU18422021801 - DEBUG - 数据库中检索答案
2018-09-26 15:31:45,921 - VBJDU18422021801 - INFO - 我的答案：保持一定距离
2018-09-26 15:31:48,015 - VBJDU18422021801 - DEBUG - 选择选项
2018-09-26 15:31:50,009 - VBJDU18422021801 - INFO - 答案正确
2018-09-26 15:32:00,836 - VBJDU18422021801 - INFO - 本题结束
2018-09-26 15:32:00,836 - VBJDU18422021801 - DEBUG - 获取题目
2018-09-26 15:32:02,682 - VBJDU18422021801 - INFO - 第 2 题
2018-09-26 15:32:02,682 - VBJDU18422021801 - INFO - “思铂睿”是什么类型的车？
2018-09-26 15:32:02,682 - VBJDU18422021801 - INFO - A.中型车 B.大型SUV C.微面
2018-09-26 15:32:03,474 - VBJDU18422021801 - DEBUG - 在线检索答案
2018-09-26 15:32:03,474 - VBJDU18422021801 - INFO - 我的答案：中型车
2018-09-26 15:32:05,889 - VBJDU18422021801 - DEBUG - 选择选项
2018-09-26 15:32:07,905 - VBJDU18422021801 - INFO - 答案正确
2018-09-26 15:32:07,905 - VBJDU18422021801 - DEBUG - 添加此题
2018-09-26 15:32:17,743 - VBJDU18422021801 - INFO - 本题结束
2018-09-26 15:32:17,743 - VBJDU18422021801 - DEBUG - 获取题目
2018-09-26 15:32:19,713 - VBJDU18422021801 - INFO - 第 3 题
2018-09-26 15:32:19,713 - VBJDU18422021801 - INFO - 头戴红缨帽，身穿绿战袍，说话音清脆，时时呱呱叫。(打一动物)
2018-09-26 15:32:19,713 - VBJDU18422021801 - INFO - A.乌贼 B.鸽子 C.鹦鹉
2018-09-26 15:32:19,713 - VBJDU18422021801 - DEBUG - 数据库中检索答案
2018-09-26 15:32:19,713 - VBJDU18422021801 - INFO - 我的答案：鹦鹉
2018-09-26 15:32:20,817 - VBJDU18422021801 - DEBUG - 选择选项
2018-09-26 15:32:22,906 - VBJDU18422021801 - INFO - 答案正确
2018-09-26 15:32:34,874 - VBJDU18422021801 - INFO - 本题结束
2018-09-26 15:32:34,874 - VBJDU18422021801 - DEBUG - 获取题目
2018-09-26 15:32:36,892 - VBJDU18422021801 - INFO - 第 4 题
2018-09-26 15:32:36,893 - VBJDU18422021801 - INFO - 国际货币基金组织的英文缩写是：
2018-09-26 15:32:36,893 - VBJDU18422021801 - INFO - A.INF B.IOC C.IMF
2018-09-26 15:32:37,442 - VBJDU18422021801 - DEBUG - 在线检索答案
2018-09-26 15:32:37,442 - VBJDU18422021801 - INFO - 我的答案：IMF
2018-09-26 15:32:38,599 - VBJDU18422021801 - DEBUG - 选择选项
2018-09-26 15:32:40,586 - VBJDU18422021801 - INFO - 答案正确
2018-09-26 15:32:40,587 - VBJDU18422021801 - DEBUG - 添加此题
2018-09-26 15:32:52,256 - VBJDU18422021801 - INFO - 本题结束
2018-09-26 15:32:52,256 - VBJDU18422021801 - DEBUG - 获取题目
2018-09-26 15:32:54,025 - VBJDU18422021801 - INFO - 第 5 题
2018-09-26 15:32:54,025 - VBJDU18422021801 - INFO - 小人国是哪部世界名著描绘的环境？
2018-09-26 15:32:54,025 - VBJDU18422021801 - INFO - A.《格列佛游记》 B.《飞屋环游记》 C.《鲁滨逊游记》
2018-09-26 15:32:54,714 - VBJDU18422021801 - DEBUG - 在线检索答案
2018-09-26 15:32:54,714 - VBJDU18422021801 - INFO - 我的答案：《格列佛游记》
2018-09-26 15:32:56,402 - VBJDU18422021801 - DEBUG - 选择选项
2018-09-26 15:32:58,325 - VBJDU18422021801 - INFO - 答案正确
2018-09-26 15:32:58,325 - VBJDU18422021801 - DEBUG - 添加此题
2018-09-26 15:33:09,214 - VBJDU18422021801 - INFO - 本题结束
2018-09-26 15:33:09,542 - VBJDU18422021801 - INFO - 比赛结果：第1名：1170分
2018-09-26 15:33:10,542 - VBJDU18422021801 - INFO - 本场比赛结束
2018-09-26 15:33:10,611 - VBJDU18422021801 - INFO - 返回游戏页面
2018-09-26 15:33:12,058 - VBJDU18422021801 - INFO - 进入排位赛
2018-09-26 15:33:12,058 - VBJDU18422021801 - INFO - 正在匹配中......
2018-09-26 15:33:21,011 - VBJDU18422021801 - INFO - 匹配成功
2018-09-26 15:33:21,011 - VBJDU18422021801 - DEBUG - 获取题目
2018-09-26 15:33:22,247 - VBJDU18422021801 - INFO - 第 1 题
2018-09-26 15:33:22,262 - VBJDU18422021801 - INFO - 为什么刚进电影院时，眼睛会什么也看不见？
2018-09-26 15:33:22,262 - VBJDU18422021801 - INFO - A.视力问题 B.眼睛瞎了 C.没适应过来
2018-09-26 15:33:23,230 - VBJDU18422021801 - DEBUG - 在线检索答案
2018-09-26 15:33:23,230 - VBJDU18422021801 - INFO - 我的答案：视力问题
2018-09-26 15:33:24,581 - VBJDU18422021801 - DEBUG - 选择选项
2018-09-26 15:33:26,683 - VBJDU18422021801 - INFO - 答案错误
2018-09-26 15:33:26,995 - VBJDU18422021801 - INFO - 正确答案；没适应过来
2018-09-26 15:33:26,995 - VBJDU18422021801 - DEBUG - 添加此题
2018-09-26 15:33:29,338 - VBJDU18422021801 - INFO - 本题结束
2018-09-26 15:33:29,338 - VBJDU18422021801 - DEBUG - 获取题目
2018-09-26 15:33:31,277 - VBJDU18422021801 - INFO - 第 2 题
2018-09-26 15:33:31,277 - VBJDU18422021801 - INFO - 贸易顺差指的是:
2018-09-26 15:33:31,277 - VBJDU18422021801 - INFO - A.出口额多，进口额少 B.出口额少，进口额多 C.出口额进口额一样多
2018-09-26 15:33:31,277 - VBJDU18422021801 - DEBUG - 数据库中检索答案
2018-09-26 15:33:31,277 - VBJDU18422021801 - INFO - 我的答案：出口额多，进口额少
2018-09-26 15:33:33,213 - VBJDU18422021801 - DEBUG - 选择选项
2018-09-26 15:33:35,340 - VBJDU18422021801 - INFO - 答案正确
2018-09-26 15:33:40,144 - VBJDU18422021801 - INFO - 本题结束
2018-09-26 15:33:40,145 - VBJDU18422021801 - DEBUG - 获取题目
2018-09-26 15:33:42,122 - VBJDU18422021801 - INFO - 第 3 题
2018-09-26 15:33:42,122 - VBJDU18422021801 - INFO - 立方体共有几个面？
2018-09-26 15:33:42,122 - VBJDU18422021801 - INFO - A.4 B.5 C.6
2018-09-26 15:33:42,122 - VBJDU18422021801 - DEBUG - 数据库中检索答案
2018-09-26 15:33:42,122 - VBJDU18422021801 - INFO - 我的答案：6
2018-09-26 15:33:44,392 - VBJDU18422021801 - DEBUG - 选择选项
2018-09-26 15:33:46,493 - VBJDU18422021801 - INFO - 答案正确
2018-09-26 15:33:50,057 - VBJDU18422021801 - INFO - 本题结束
2018-09-26 15:33:50,057 - VBJDU18422021801 - DEBUG - 获取题目
2018-09-26 15:33:52,074 - VBJDU18422021801 - INFO - 第 4 题
2018-09-26 15:33:52,074 - VBJDU18422021801 - INFO - 《宁夏》是一首由李正帆谱曲，五月天编曲的，请问这首歌的原唱是谁？
2018-09-26 15:33:52,074 - VBJDU18422021801 - INFO - A.梁静茹 B.张韶涵 C.蔡依林
2018-09-26 15:33:52,776 - VBJDU18422021801 - DEBUG - 在线检索答案
2018-09-26 15:33:52,776 - VBJDU18422021801 - INFO - 我的答案：梁静茹
2018-09-26 15:33:55,202 - VBJDU18422021801 - DEBUG - 选择选项
2018-09-26 15:33:57,295 - VBJDU18422021801 - INFO - 答案正确
2018-09-26 15:33:57,295 - VBJDU18422021801 - DEBUG - 添加此题
2018-09-26 15:34:01,434 - VBJDU18422021801 - INFO - 本题结束
2018-09-26 15:34:01,434 - VBJDU18422021801 - DEBUG - 获取题目
2018-09-26 15:34:03,353 - VBJDU18422021801 - INFO - 第 5 题
2018-09-26 15:34:03,353 - VBJDU18422021801 - INFO - 铜锈的颜色是什么色？
2018-09-26 15:34:03,353 - VBJDU18422021801 - INFO - A.黄色 B.黑色 C.翠绿色
2018-09-26 15:34:03,353 - VBJDU18422021801 - DEBUG - 数据库中检索答案
2018-09-26 15:34:03,353 - VBJDU18422021801 - INFO - 我的答案：翠绿色
2018-09-26 15:34:05,730 - VBJDU18422021801 - DEBUG - 选择选项
2018-09-26 15:34:07,855 - VBJDU18422021801 - INFO - 答案正确
2018-09-26 15:34:09,027 - VBJDU18422021801 - INFO - 本题结束
2018-09-26 15:34:09,355 - VBJDU18422021801 - INFO - 比赛结果：第3名：930分
2018-09-26 15:34:10,356 - VBJDU18422021801 - INFO - 本场比赛结束
2018-09-26 15:34:10,471 - VBJDU18422021801 - INFO - 返回游戏页面
2018-09-26 15:34:11,978 - VBJDU18422021801 - INFO - 进入排位赛
2018-09-26 15:34:11,978 - VBJDU18422021801 - INFO - 正在匹配中......
2018-09-26 15:34:31,107 - VBJDU18422021801 - INFO - 匹配成功
2018-09-26 15:34:31,107 - VBJDU18422021801 - DEBUG - 获取题目
2018-09-26 15:34:31,450 - VBJDU18422021801 - INFO - 第 1 题
2018-09-26 15:34:31,450 - VBJDU18422021801 - INFO - 下列哪一个字母不属于元音字母？
2018-09-26 15:34:31,450 - VBJDU18422021801 - INFO - A.e B.p C.o
2018-09-26 15:34:32,291 - VBJDU18422021801 - DEBUG - 在线检索答案
2018-09-26 15:34:32,291 - VBJDU18422021801 - INFO - 我的答案：p
2018-09-26 15:34:33,856 - VBJDU18422021801 - DEBUG - 选择选项
2018-09-26 15:34:35,902 - VBJDU18422021801 - INFO - 答案正确
2018-09-26 15:34:35,902 - VBJDU18422021801 - DEBUG - 添加此题
2018-09-26 15:34:37,775 - VBJDU18422021801 - INFO - 本题结束
2018-09-26 15:34:37,775 - VBJDU18422021801 - DEBUG - 获取题目
2018-09-26 15:34:39,650 - VBJDU18422021801 - INFO - 第 2 题
2018-09-26 15:34:39,650 - VBJDU18422021801 - INFO - 宫崎骏是哪个国家的动画导演？
2018-09-26 15:34:39,650 - VBJDU18422021801 - INFO - A.中国 B.日本 C.阿拉斯加
2018-09-26 15:34:40,320 - VBJDU18422021801 - DEBUG - 在线检索答案
2018-09-26 15:34:40,320 - VBJDU18422021801 - INFO - 我的答案：日本
2018-09-26 15:34:42,251 - VBJDU18422021801 - DEBUG - 选择选项
2018-09-26 15:34:44,277 - VBJDU18422021801 - INFO - 答案正确
2018-09-26 15:34:44,292 - VBJDU18422021801 - DEBUG - 添加此题
2018-09-26 15:34:45,297 - VBJDU18422021801 - INFO - 本题结束
2018-09-26 15:34:45,297 - VBJDU18422021801 - DEBUG - 获取题目
2018-09-26 15:34:47,103 - VBJDU18422021801 - INFO - 第 3 题
2018-09-26 15:34:47,103 - VBJDU18422021801 - INFO - 著名的贞观之治发生在哪个朝代？
2018-09-26 15:34:47,103 - VBJDU18422021801 - INFO - A.唐朝 B.宋朝 C.隋朝
2018-09-26 15:34:47,103 - VBJDU18422021801 - DEBUG - 数据库中检索答案
2018-09-26 15:34:47,119 - VBJDU18422021801 - INFO - 我的答案：唐朝
2018-09-26 15:34:48,965 - VBJDU18422021801 - DEBUG - 选择选项
2018-09-26 15:34:50,979 - VBJDU18422021801 - INFO - 答案正确
2018-09-26 15:34:52,711 - VBJDU18422021801 - INFO - 本题结束
2018-09-26 15:34:52,712 - VBJDU18422021801 - DEBUG - 获取题目
2018-09-26 15:34:54,731 - VBJDU18422021801 - INFO - 第 4 题
2018-09-26 15:34:54,731 - VBJDU18422021801 - INFO - 第一艘登上月球的载人飞船是哪个国家的？
2018-09-26 15:34:54,731 - VBJDU18422021801 - INFO - A.前苏联 B.美国 C.德国
2018-09-26 15:34:54,731 - VBJDU18422021801 - DEBUG - 数据库中检索答案
2018-09-26 15:34:54,731 - VBJDU18422021801 - INFO - 我的答案：美国
2018-09-26 15:34:55,808 - VBJDU18422021801 - DEBUG - 选择选项
2018-09-26 15:34:57,872 - VBJDU18422021801 - INFO - 答案正确
2018-09-26 15:35:00,918 - VBJDU18422021801 - INFO - 本题结束
2018-09-26 15:35:00,918 - VBJDU18422021801 - DEBUG - 获取题目
2018-09-26 15:35:02,744 - VBJDU18422021801 - INFO - 第 5 题
2018-09-26 15:35:02,744 - VBJDU18422021801 - INFO - “收官”是源于中国哪种传统棋类运动的术语？
2018-09-26 15:35:02,744 - VBJDU18422021801 - INFO - A.围棋 B.象棋 C.陆战棋
2018-09-26 15:35:03,385 - VBJDU18422021801 - DEBUG - 在线检索答案
2018-09-26 15:35:03,385 - VBJDU18422021801 - INFO - 我的答案：象棋
2018-09-26 15:35:05,204 - VBJDU18422021801 - DEBUG - 选择选项
2018-09-26 15:35:07,215 - VBJDU18422021801 - INFO - 答案错误
2018-09-26 15:35:07,323 - VBJDU18422021801 - INFO - 正确答案；围棋
2018-09-26 15:35:07,323 - VBJDU18422021801 - DEBUG - 添加此题
2018-09-26 15:35:09,919 - VBJDU18422021801 - INFO - 本题结束
2018-09-26 15:35:10,317 - VBJDU18422021801 - INFO - 比赛结果：第3名：850分
2018-09-26 15:35:11,321 - VBJDU18422021801 - INFO - 本场比赛结束
2018-09-26 15:35:11,369 - VBJDU18422021801 - INFO - 返回游戏页面
2018-09-26 15:35:12,825 - VBJDU18422021801 - INFO - 进入排位赛
2018-09-26 15:35:12,825 - VBJDU18422021801 - INFO - 正在匹配中......
2018-09-26 15:35:16,728 - VBJDU18422021801 - INFO - 匹配成功
2018-09-26 15:35:16,728 - VBJDU18422021801 - DEBUG - 获取题目
2018-09-26 15:35:17,024 - VBJDU18422021801 - INFO - 第 1 题
2018-09-26 15:35:17,024 - VBJDU18422021801 - INFO - 传说中原始象形文字的创造者是黄帝时期哪位造字的史官？
2018-09-26 15:35:17,024 - VBJDU18422021801 - INFO - A.仓颉 B.李斯 C.索靖
2018-09-26 15:35:17,024 - VBJDU18422021801 - DEBUG - 数据库中检索答案
2018-09-26 15:35:17,024 - VBJDU18422021801 - INFO - 我的答案：仓颉
2018-09-26 15:35:19,498 - VBJDU18422021801 - DEBUG - 选择选项
2018-09-26 15:35:21,448 - VBJDU18422021801 - INFO - 答案正确
2018-09-26 15:35:24,073 - VBJDU18422021801 - INFO - 本题结束
2018-09-26 15:35:24,073 - VBJDU18422021801 - DEBUG - 获取题目
2018-09-26 15:35:25,884 - VBJDU18422021801 - INFO - 第 2 题
2018-09-26 15:35:25,884 - VBJDU18422021801 - INFO - 唐代陆羽的（）问世是中国茶文化正式形成的主要标志。
2018-09-26 15:35:25,884 - VBJDU18422021801 - INFO - A.《中国名茶志》 B.《茶经》 C.《神农本草》
2018-09-26 15:35:25,884 - VBJDU18422021801 - DEBUG - 数据库中检索答案
2018-09-26 15:35:25,884 - VBJDU18422021801 - INFO - 我的答案：《茶经》
2018-09-26 15:35:28,324 - VBJDU18422021801 - DEBUG - 选择选项
2018-09-26 15:35:30,347 - VBJDU18422021801 - INFO - 答案正确
2018-09-26 15:35:32,166 - VBJDU18422021801 - INFO - 本题结束
2018-09-26 15:35:32,166 - VBJDU18422021801 - DEBUG - 获取题目
2018-09-26 15:35:34,061 - VBJDU18422021801 - INFO - 第 3 题
2018-09-26 15:35:34,061 - VBJDU18422021801 - INFO - 北极星总是位于天空的哪个位置？
2018-09-26 15:35:34,061 - VBJDU18422021801 - INFO - A.东方 B.南方 C.北方
2018-09-26 15:35:34,775 - VBJDU18422021801 - DEBUG - 在线检索答案
2018-09-26 15:35:34,790 - VBJDU18422021801 - INFO - 我的答案：北方
2018-09-26 15:35:36,381 - VBJDU18422021801 - DEBUG - 选择选项
2018-09-26 15:35:38,432 - VBJDU18422021801 - INFO - 答案正确
2018-09-26 15:35:38,432 - VBJDU18422021801 - DEBUG - 添加此题
2018-09-26 15:35:39,416 - VBJDU18422021801 - INFO - 本题结束
2018-09-26 15:35:39,416 - VBJDU18422021801 - DEBUG - 获取题目
2018-09-26 15:35:41,306 - VBJDU18422021801 - INFO - 第 4 题
2018-09-26 15:35:41,306 - VBJDU18422021801 - INFO - 围棋棋盘上的九个小圆点被叫做
2018-09-26 15:35:41,306 - VBJDU18422021801 - INFO - A.标 B.原 C.星
2018-09-26 15:35:41,306 - VBJDU18422021801 - DEBUG - 数据库中检索答案
2018-09-26 15:35:41,306 - VBJDU18422021801 - INFO - 我的答案：星
2018-09-26 15:35:43,279 - VBJDU18422021801 - DEBUG - 选择选项
2018-09-26 15:35:45,310 - VBJDU18422021801 - INFO - 答案正确
2018-09-26 15:35:47,510 - VBJDU18422021801 - INFO - 本题结束
2018-09-26 15:35:47,510 - VBJDU18422021801 - DEBUG - 获取题目
2018-09-26 15:35:49,294 - VBJDU18422021801 - INFO - 第 5 题
2018-09-26 15:35:49,294 - VBJDU18422021801 - INFO - 英国大部分属于什么气候？
2018-09-26 15:35:49,294 - VBJDU18422021801 - INFO - A.温带海洋气候 B.温带大陆气候 C.热带海洋气候
2018-09-26 15:35:50,063 - VBJDU18422021801 - DEBUG - 在线检索答案
2018-09-26 15:35:50,063 - VBJDU18422021801 - INFO - 我的答案：温带海洋气候
2018-09-26 15:35:51,747 - VBJDU18422021801 - DEBUG - 选择选项
2018-09-26 15:35:53,777 - VBJDU18422021801 - INFO - 答案正确
2018-09-26 15:35:53,777 - VBJDU18422021801 - DEBUG - 添加此题
2018-09-26 15:35:55,504 - VBJDU18422021801 - INFO - 本题结束
2018-09-26 15:35:55,839 - VBJDU18422021801 - INFO - 比赛结果：第1名：1170分
2018-09-26 15:35:56,855 - VBJDU18422021801 - INFO - 本场比赛结束
2018-09-26 15:35:56,902 - VBJDU18422021801 - INFO - 返回游戏页面
2018-09-26 15:35:58,424 - VBJDU18422021801 - INFO - 进入排位赛
2018-09-26 15:35:58,424 - VBJDU18422021801 - INFO - 正在匹配中......
2018-09-26 15:36:26,229 - VBJDU18422021801 - INFO - 匹配成功
2018-09-26 15:36:26,229 - VBJDU18422021801 - DEBUG - 获取题目
2018-09-26 15:36:26,540 - VBJDU18422021801 - INFO - 第 1 题
2018-09-26 15:36:27,355 - VBJDU18422021801 - INFO - “鲁”是中国哪个省的简称？
2018-09-26 15:36:27,355 - VBJDU18422021801 - INFO - A.山东 B.山西 C.河北
2018-09-26 15:36:27,355 - VBJDU18422021801 - DEBUG - 数据库中检索答案
2018-09-26 15:36:27,355 - VBJDU18422021801 - INFO - 我的答案：山东
2018-09-26 15:36:28,575 - VBJDU18422021801 - DEBUG - 选择选项
2018-09-26 15:36:30,540 - VBJDU18422021801 - INFO - 答案正确
2018-09-26 15:36:31,543 - VBJDU18422021801 - INFO - 本题结束
2018-09-26 15:36:31,543 - VBJDU18422021801 - DEBUG - 获取题目
2018-09-26 15:36:33,306 - VBJDU18422021801 - INFO - 第 2 题
2018-09-26 15:36:33,306 - VBJDU18422021801 - INFO - 在化学中“氢元素”是用哪个英文字母来表示的？
2018-09-26 15:36:33,306 - VBJDU18422021801 - INFO - A.H B.C C.N
2018-09-26 15:36:34,513 - VBJDU18422021801 - DEBUG - 在线检索答案
2018-09-26 15:36:34,513 - VBJDU18422021801 - INFO - 我的答案：H
2018-09-26 15:36:35,979 - VBJDU18422021801 - DEBUG - 选择选项
2018-09-26 15:36:37,963 - VBJDU18422021801 - INFO - 答案正确
2018-09-26 15:36:37,963 - VBJDU18422021801 - DEBUG - 添加此题
2018-09-26 15:36:38,956 - VBJDU18422021801 - INFO - 本题结束
2018-09-26 15:36:38,956 - VBJDU18422021801 - DEBUG - 获取题目
2018-09-26 15:36:40,712 - VBJDU18422021801 - INFO - 第 3 题
2018-09-26 15:36:40,712 - VBJDU18422021801 - INFO - 良好家庭教育的作用，不包括以下哪一个选项？
2018-09-26 15:36:40,712 - VBJDU18422021801 - INFO - A.能够代替学校教育 B.是人发展的起点和基石 C.是优化孩子心灵的催化剂
2018-09-26 15:36:41,603 - VBJDU18422021801 - DEBUG - 在线检索答案
2018-09-26 15:36:41,603 - VBJDU18422021801 - INFO - 我的答案：能够代替学校教育
2018-09-26 15:36:43,932 - VBJDU18422021801 - DEBUG - 选择选项
2018-09-26 15:36:45,934 - VBJDU18422021801 - INFO - 答案正确
2018-09-26 15:36:45,934 - VBJDU18422021801 - DEBUG - 添加此题
2018-09-26 15:36:48,073 - VBJDU18422021801 - INFO - 本题结束
2018-09-26 15:36:48,073 - VBJDU18422021801 - DEBUG - 获取题目
2018-09-26 15:36:49,962 - VBJDU18422021801 - INFO - 第 4 题
2018-09-26 15:36:49,962 - VBJDU18422021801 - INFO - 春节食物年糕最早源于哪个城市？
2018-09-26 15:36:49,962 - VBJDU18422021801 - INFO - A.苏州 B.北京 C.上海
2018-09-26 15:36:51,274 - VBJDU18422021801 - DEBUG - 在线检索答案
2018-09-26 15:36:51,274 - VBJDU18422021801 - INFO - 我的答案：北京
2018-09-26 15:36:52,713 - VBJDU18422021801 - DEBUG - 选择选项
2018-09-26 15:36:54,681 - VBJDU18422021801 - INFO - 答案错误
2018-09-26 15:36:54,790 - VBJDU18422021801 - INFO - 正确答案；苏州
2018-09-26 15:36:54,790 - VBJDU18422021801 - DEBUG - 添加此题
2018-09-26 15:36:55,760 - VBJDU18422021801 - INFO - 本题结束
2018-09-26 15:36:55,760 - VBJDU18422021801 - DEBUG - 获取题目
2018-09-26 15:36:57,558 - VBJDU18422021801 - INFO - 第 5 题
2018-09-26 15:36:57,558 - VBJDU18422021801 - INFO - “兼爱”“非攻”是战国时期哪家学派的主要思想？
2018-09-26 15:36:57,558 - VBJDU18422021801 - INFO - A.儒家 B.墨家 C.法家
2018-09-26 15:36:58,231 - VBJDU18422021801 - DEBUG - 在线检索答案
2018-09-26 15:36:58,231 - VBJDU18422021801 - INFO - 我的答案：墨家
2018-09-26 15:36:59,760 - VBJDU18422021801 - DEBUG - 选择选项
2018-09-26 15:37:01,709 - VBJDU18422021801 - INFO - 答案正确
2018-09-26 15:37:01,710 - VBJDU18422021801 - DEBUG - 添加此题
2018-09-26 15:37:03,826 - VBJDU18422021801 - INFO - 本题结束
2018-09-26 15:37:04,153 - VBJDU18422021801 - INFO - 比赛结果：第3名：900分
2018-09-26 15:37:05,154 - VBJDU18422021801 - INFO - 本场比赛结束
2018-09-26 15:37:05,256 - VBJDU18422021801 - INFO - 返回游戏页面
2018-09-26 15:37:06,778 - VBJDU18422021801 - INFO - 进入排位赛
2018-09-26 15:37:06,778 - VBJDU18422021801 - INFO - 正在匹配中......
2018-09-26 15:37:15,057 - VBJDU18422021801 - INFO - 匹配成功
2018-09-26 15:37:15,057 - VBJDU18422021801 - DEBUG - 获取题目
2018-09-26 15:37:15,375 - VBJDU18422021801 - INFO - 第 1 题
2018-09-26 15:37:15,375 - VBJDU18422021801 - INFO - 以下哪一个选项，不属于与幼儿沟通的科学方法？
2018-09-26 15:37:15,375 - VBJDU18422021801 - INFO - A.善于用心倾听 B.善于发现细微 C.威严要求命令
2018-09-26 15:37:16,262 - VBJDU18422021801 - DEBUG - 在线检索答案
2018-09-26 15:37:16,262 - VBJDU18422021801 - INFO - 我的答案：善于用心倾听
2018-09-26 15:37:18,131 - VBJDU18422021801 - DEBUG - 选择选项
2018-09-26 15:37:20,110 - VBJDU18422021801 - INFO - 答案错误
2018-09-26 15:37:20,327 - VBJDU18422021801 - INFO - 正确答案；威严要求命令
2018-09-26 15:37:20,328 - VBJDU18422021801 - DEBUG - 添加此题
2018-09-26 15:37:21,307 - VBJDU18422021801 - INFO - 本题结束
2018-09-26 15:37:21,307 - VBJDU18422021801 - DEBUG - 获取题目
2018-09-26 15:37:23,229 - VBJDU18422021801 - INFO - 第 2 题
2018-09-26 15:37:23,229 - VBJDU18422021801 - INFO - 粽子什么时候被正式定为端午节的习俗
2018-09-26 15:37:23,229 - VBJDU18422021801 - INFO - A.南北朝时期 B.春秋时期 C.晋代时期
2018-09-26 15:37:23,229 - VBJDU18422021801 - DEBUG - 数据库中检索答案
2018-09-26 15:37:23,229 - VBJDU18422021801 - INFO - 我的答案：晋代时期
2018-09-26 15:37:25,760 - VBJDU18422021801 - DEBUG - 选择选项
2018-09-26 15:37:27,809 - VBJDU18422021801 - INFO - 答案正确
2018-09-26 15:37:29,729 - VBJDU18422021801 - INFO - 本题结束
2018-09-26 15:37:29,744 - VBJDU18422021801 - DEBUG - 获取题目
2018-09-26 15:37:31,506 - VBJDU18422021801 - INFO - 第 3 题
2018-09-26 15:37:31,506 - VBJDU18422021801 - INFO - 以下哪一个国家不设首都？
2018-09-26 15:37:31,506 - VBJDU18422021801 - INFO - A.西班牙 B.瑙鲁 C.埃及
2018-09-26 15:37:32,353 - VBJDU18422021801 - DEBUG - 在线检索答案
2018-09-26 15:37:32,353 - VBJDU18422021801 - INFO - 我的答案：西班牙
2018-09-26 15:37:33,841 - VBJDU18422021801 - DEBUG - 选择选项
2018-09-26 15:37:35,839 - VBJDU18422021801 - INFO - 答案错误
2018-09-26 15:37:35,965 - VBJDU18422021801 - INFO - 正确答案；瑙鲁
2018-09-26 15:37:35,979 - VBJDU18422021801 - DEBUG - 添加此题
2018-09-26 15:37:38,713 - VBJDU18422021801 - INFO - 本题结束
2018-09-26 15:37:38,713 - VBJDU18422021801 - DEBUG - 获取题目
2018-09-26 15:37:40,533 - VBJDU18422021801 - INFO - 第 4 题
2018-09-26 15:37:40,534 - VBJDU18422021801 - INFO - 哪个不是峨眉山的著名景点？
2018-09-26 15:37:40,535 - VBJDU18422021801 - INFO - A.天池 B.萝峰晴云 C.双桥清音
2018-09-26 15:37:42,536 - VBJDU18422021801 - DEBUG - 在线检索答案
2018-09-26 15:37:42,536 - VBJDU18422021801 - INFO - 我的答案：天池
2018-09-26 15:37:44,478 - VBJDU18422021801 - DEBUG - 选择选项
2018-09-26 15:37:46,465 - VBJDU18422021801 - INFO - 答案正确
2018-09-26 15:37:46,465 - VBJDU18422021801 - DEBUG - 添加此题
2018-09-26 15:37:47,371 - VBJDU18422021801 - INFO - 本题结束
2018-09-26 15:37:47,371 - VBJDU18422021801 - DEBUG - 获取题目
2018-09-26 15:37:49,154 - VBJDU18422021801 - INFO - 第 5 题
2018-09-26 15:37:49,154 - VBJDU18422021801 - INFO - 春晚经典台词“俺叫魏淑芬”是出自哪个小品？
2018-09-26 15:37:49,154 - VBJDU18422021801 - INFO - A.《大腕来袭》 B.《相亲》 C.《懒汉相亲》
2018-09-26 15:37:49,760 - VBJDU18422021801 - DEBUG - 在线检索答案
2018-09-26 15:37:49,760 - VBJDU18422021801 - INFO - 我的答案：《懒汉相亲》
2018-09-26 15:37:51,276 - VBJDU18422021801 - DEBUG - 选择选项
2018-09-26 15:37:53,291 - VBJDU18422021801 - INFO - 答案错误
2018-09-26 15:37:53,493 - VBJDU18422021801 - DEBUG - 添加此题
2018-09-26 15:37:55,506 - VBJDU18422021801 - INFO - 本题结束
2018-09-26 15:37:55,807 - VBJDU18422021801 - INFO - 比赛结果：第1名：670分
2018-09-26 15:37:56,809 - VBJDU18422021801 - INFO - 本场比赛结束
2018-09-26 15:37:56,902 - VBJDU18422021801 - INFO - 返回游戏页面
2018-09-26 15:37:58,511 - VBJDU18422021801 - INFO - 进入排位赛
2018-09-26 15:37:58,511 - VBJDU18422021801 - INFO - 正在匹配中......
2018-09-26 15:38:08,230 - VBJDU18422021801 - INFO - 匹配成功
2018-09-26 15:38:08,231 - VBJDU18422021801 - DEBUG - 获取题目
2018-09-26 15:38:08,542 - VBJDU18422021801 - INFO - 第 1 题
2018-09-26 15:38:08,542 - VBJDU18422021801 - INFO - “为人但知足”的下一句是？
2018-09-26 15:38:08,542 - VBJDU18422021801 - INFO - A.颓垣绕故城 B.何处不安生 C.西畴自省耕
2018-09-26 15:38:09,205 - VBJDU18422021801 - DEBUG - 在线检索答案
2018-09-26 15:38:09,205 - VBJDU18422021801 - INFO - 我的答案：何处不安生
2018-09-26 15:38:10,497 - VBJDU18422021801 - DEBUG - 选择选项
2018-09-26 15:38:12,625 - VBJDU18422021801 - INFO - 答案正确
2018-09-26 15:38:12,625 - VBJDU18422021801 - DEBUG - 添加此题
2018-09-26 15:38:16,439 - VBJDU18422021801 - INFO - 本题结束
2018-09-26 15:38:16,439 - VBJDU18422021801 - DEBUG - 获取题目
2018-09-26 15:38:18,322 - VBJDU18422021801 - INFO - 第 2 题
2018-09-26 15:38:18,322 - VBJDU18422021801 - INFO - 微信学院、微信商学院是哪个公司推出的？
2018-09-26 15:38:18,322 - VBJDU18422021801 - INFO - A.腾讯 B.奇虎360 C.网易
2018-09-26 15:38:18,322 - VBJDU18422021801 - DEBUG - 数据库中检索答案
2018-09-26 15:38:18,322 - VBJDU18422021801 - INFO - 我的答案：腾讯
2018-09-26 15:38:20,839 - VBJDU18422021801 - DEBUG - 选择选项
2018-09-26 15:38:22,900 - VBJDU18422021801 - INFO - 答案正确
2018-09-26 15:38:25,228 - VBJDU18422021801 - INFO - 本题结束
2018-09-26 15:38:25,229 - VBJDU18422021801 - DEBUG - 获取题目
2018-09-26 15:38:27,126 - VBJDU18422021801 - INFO - 第 3 题
2018-09-26 15:38:27,126 - VBJDU18422021801 - INFO - 目前我国最大的水电站是？
2018-09-26 15:38:27,126 - VBJDU18422021801 - INFO - A.葛洲坝 B.三峡 C.隔河岩水电站
2018-09-26 15:38:28,447 - VBJDU18422021801 - DEBUG - 在线检索答案
2018-09-26 15:38:28,447 - VBJDU18422021801 - INFO - 我的答案：三峡
2018-09-26 15:38:29,964 - VBJDU18422021801 - DEBUG - 选择选项
2018-09-26 15:38:31,995 - VBJDU18422021801 - INFO - 答案正确
2018-09-26 15:38:31,995 - VBJDU18422021801 - DEBUG - 添加此题
2018-09-26 15:38:33,168 - VBJDU18422021801 - INFO - 本题结束
2018-09-26 15:38:33,168 - VBJDU18422021801 - DEBUG - 获取题目
2018-09-26 15:38:34,885 - VBJDU18422021801 - INFO - 第 4 题
2018-09-26 15:38:34,885 - VBJDU18422021801 - INFO - 《不扩散核武器条约》的有效期为多少年？
2018-09-26 15:38:34,885 - VBJDU18422021801 - INFO - A.10年 B.20年 C.25年
2018-09-26 15:38:34,899 - VBJDU18422021801 - DEBUG - 数据库中检索答案
2018-09-26 15:38:34,899 - VBJDU18422021801 - INFO - 我的答案：25年
2018-09-26 15:38:36,276 - VBJDU18422021801 - DEBUG - 选择选项
2018-09-26 15:38:38,230 - VBJDU18422021801 - INFO - 答案正确
2018-09-26 15:38:41,572 - VBJDU18422021801 - INFO - 本题结束
2018-09-26 15:38:41,572 - VBJDU18422021801 - DEBUG - 获取题目
2018-09-26 15:38:43,361 - VBJDU18422021801 - INFO - 第 5 题
2018-09-26 15:38:43,361 - VBJDU18422021801 - INFO - 航天侦查主要担负哪一种侦查任务？
2018-09-26 15:38:43,361 - VBJDU18422021801 - INFO - A.战役 B.战略 C.战术
2018-09-26 15:38:43,376 - VBJDU18422021801 - DEBUG - 数据库中检索答案
2018-09-26 15:38:43,376 - VBJDU18422021801 - INFO - 我的答案：战略
2018-09-26 15:38:45,373 - VBJDU18422021801 - DEBUG - 选择选项
2018-09-26 15:38:47,385 - VBJDU18422021801 - INFO - 答案正确
2018-09-26 15:38:49,981 - VBJDU18422021801 - INFO - 本题结束
2018-09-26 15:38:50,293 - VBJDU18422021801 - INFO - 比赛结果：第1名：1170分
2018-09-26 15:38:51,306 - VBJDU18422021801 - INFO - 本场比赛结束
2018-09-26 15:38:51,414 - VBJDU18422021801 - INFO - 返回游戏页面
2018-09-26 15:38:52,948 - VBJDU18422021801 - INFO - 进入排位赛
2018-09-26 15:38:52,948 - VBJDU18422021801 - INFO - 正在匹配中......
2018-09-26 15:39:15,127 - VBJDU18422021801 - INFO - 匹配成功
2018-09-26 15:39:15,128 - VBJDU18422021801 - DEBUG - 获取题目
2018-09-26 15:39:15,453 - VBJDU18422021801 - INFO - 第 1 题
2018-09-26 15:39:15,453 - VBJDU18422021801 - INFO - 美国首次登陆月球的载人太空船叫什么名字?
2018-09-26 15:39:15,453 - VBJDU18422021801 - INFO - A.奋进号 B.亚特兰蒂斯号 C. 阿波罗11
2018-09-26 15:39:15,458 - VBJDU18422021801 - DEBUG - 数据库中检索答案
2018-09-26 15:39:15,458 - VBJDU18422021801 - INFO - 我的答案： 阿波罗11
2018-09-26 15:39:17,643 - VBJDU18422021801 - DEBUG - 选择选项
2018-09-26 15:39:19,656 - VBJDU18422021801 - INFO - 答案正确
2018-09-26 15:39:21,976 - VBJDU18422021801 - INFO - 本题结束
2018-09-26 15:39:21,976 - VBJDU18422021801 - DEBUG - 获取题目
2018-09-26 15:39:23,861 - VBJDU18422021801 - INFO - 第 2 题
2018-09-26 15:39:23,861 - VBJDU18422021801 - INFO - 蔡依林和哪位男歌手合唱歌曲《今天你要嫁给我》？
2018-09-26 15:39:23,861 - VBJDU18422021801 - INFO - A.彭于晏 B.曹格 C.陶喆
2018-09-26 15:39:24,515 - VBJDU18422021801 - DEBUG - 在线检索答案
2018-09-26 15:39:24,516 - VBJDU18422021801 - INFO - 我的答案：陶喆
2018-09-26 15:39:26,039 - VBJDU18422021801 - DEBUG - 选择选项
2018-09-26 15:39:28,119 - VBJDU18422021801 - INFO - 答案正确
2018-09-26 15:39:28,120 - VBJDU18422021801 - DEBUG - 添加此题
2018-09-26 15:39:31,752 - VBJDU18422021801 - INFO - 本题结束
2018-09-26 15:39:31,752 - VBJDU18422021801 - DEBUG - 获取题目
2018-09-26 15:39:33,737 - VBJDU18422021801 - INFO - 第 3 题
2018-09-26 15:39:33,737 - VBJDU18422021801 - INFO - “蓬门自可留忠骨，未向繁华吠一春。”打一生肖？
2018-09-26 15:39:33,737 - VBJDU18422021801 - INFO - A.马 B.狗 C.羊
2018-09-26 15:39:34,269 - VBJDU18422021801 - DEBUG - 未检索到答案
2018-09-26 15:39:34,269 - VBJDU18422021801 - INFO - 我的答案：马
2018-09-26 15:39:36,344 - VBJDU18422021801 - DEBUG - 选择选项
2018-09-26 15:39:38,422 - VBJDU18422021801 - INFO - 答案错误
2018-09-26 15:39:38,534 - VBJDU18422021801 - INFO - 正确答案；狗
2018-09-26 15:39:38,534 - VBJDU18422021801 - DEBUG - 添加此题
2018-09-26 15:39:42,254 - VBJDU18422021801 - INFO - 本题结束
2018-09-26 15:39:42,254 - VBJDU18422021801 - DEBUG - 获取题目
2018-09-26 15:39:44,180 - VBJDU18422021801 - INFO - 第 4 题
2018-09-26 15:39:44,180 - VBJDU18422021801 - INFO - 第一次“海湾战争”的起因是什么？
2018-09-26 15:39:44,180 - VBJDU18422021801 - INFO - A.911事件 B.石油危机 C.伊拉克入侵科威特
2018-09-26 15:39:44,806 - VBJDU18422021801 - DEBUG - 未检索到答案
2018-09-26 15:39:44,806 - VBJDU18422021801 - INFO - 我的答案：911事件
2018-09-26 15:39:45,955 - VBJDU18422021801 - DEBUG - 选择选项
2018-09-26 15:39:48,001 - VBJDU18422021801 - INFO - 答案错误
2018-09-26 15:39:48,208 - VBJDU18422021801 - INFO - 正确答案；伊拉克入侵科威特
2018-09-26 15:39:48,208 - VBJDU18422021801 - DEBUG - 添加此题
2018-09-26 15:39:50,732 - VBJDU18422021801 - INFO - 本题结束
2018-09-26 15:39:50,733 - VBJDU18422021801 - DEBUG - 获取题目
2018-09-26 15:39:52,594 - VBJDU18422021801 - INFO - 第 5 题
2018-09-26 15:39:52,595 - VBJDU18422021801 - INFO - 鸡尾酒“莫吉托”的原料包含了哪种植物的叶子？
2018-09-26 15:39:52,595 - VBJDU18422021801 - INFO - A.香草 B.薄荷 C.橙子
2018-09-26 15:39:52,600 - VBJDU18422021801 - DEBUG - 数据库中检索答案
2018-09-26 15:39:52,600 - VBJDU18422021801 - INFO - 我的答案：薄荷
2018-09-26 15:39:53,791 - VBJDU18422021801 - DEBUG - 选择选项
2018-09-26 15:39:55,877 - VBJDU18422021801 - INFO - 答案正确
2018-09-26 15:39:59,748 - VBJDU18422021801 - INFO - 本题结束
2018-09-26 15:40:00,137 - VBJDU18422021801 - INFO - 比赛结果：第1名：710分
2018-09-26 15:40:01,146 - VBJDU18422021801 - INFO - 本场比赛结束
2018-09-26 15:40:01,224 - VBJDU18422021801 - INFO - 返回游戏页面
2018-09-26 15:40:02,740 - VBJDU18422021801 - INFO - 进入排位赛
2018-09-26 15:40:02,742 - VBJDU18422021801 - INFO - 正在匹配中......
2018-09-26 15:40:06,161 - VBJDU18422021801 - INFO - 匹配成功
2018-09-26 15:40:06,161 - VBJDU18422021801 - DEBUG - 获取题目
2018-09-26 15:40:06,473 - VBJDU18422021801 - INFO - 第 1 题
2018-09-26 15:40:06,473 - VBJDU18422021801 - INFO - 以下哪种方法可以保持健康体重、防止肥胖？
2018-09-26 15:40:06,473 - VBJDU18422021801 - INFO - A.吃减肥药 B.少吃饭、多吃菜 C.进食量和运动平衡
2018-09-26 15:40:07,176 - VBJDU18422021801 - DEBUG - 在线检索答案
2018-09-26 15:40:07,176 - VBJDU18422021801 - INFO - 我的答案：吃减肥药
2018-09-26 15:40:08,970 - VBJDU18422021801 - DEBUG - 选择选项
2018-09-26 15:40:11,016 - VBJDU18422021801 - INFO - 答案错误
2018-09-26 15:40:11,239 - VBJDU18422021801 - INFO - 正确答案；进食量和运动平衡
2018-09-26 15:40:11,239 - VBJDU18422021801 - DEBUG - 添加此题
2018-09-26 15:40:15,016 - VBJDU18422021801 - INFO - 本题结束
2018-09-26 15:40:15,016 - VBJDU18422021801 - DEBUG - 获取题目
2018-09-26 15:40:16,859 - VBJDU18422021801 - INFO - 第 2 题
2018-09-26 15:40:16,859 - VBJDU18422021801 - INFO - 京剧脸谱色彩十分讲究，请问黑色含义一般表示什么？
2018-09-26 15:40:16,859 - VBJDU18422021801 - INFO - A.刚直不阿 B.刚愎自用 C.阴险奸诈
2018-09-26 15:40:17,661 - VBJDU18422021801 - DEBUG - 未检索到答案
2018-09-26 15:40:17,661 - VBJDU18422021801 - INFO - 我的答案：刚直不阿
2018-09-26 15:40:19,971 - VBJDU18422021801 - DEBUG - 选择选项
2018-09-26 15:40:21,970 - VBJDU18422021801 - INFO - 答案正确
2018-09-26 15:40:21,970 - VBJDU18422021801 - DEBUG - 添加此题
2018-09-26 15:40:25,049 - VBJDU18422021801 - INFO - 本题结束
2018-09-26 15:40:25,049 - VBJDU18422021801 - DEBUG - 获取题目
2018-09-26 15:40:26,985 - VBJDU18422021801 - INFO - 第 3 题
2018-09-26 15:40:26,985 - VBJDU18422021801 - INFO - 任贤齐主演的《神雕侠侣》的主题曲是？
2018-09-26 15:40:26,985 - VBJDU18422021801 - INFO - A.《逍遥游》 B.《任我游》 C.《任逍遥》
2018-09-26 15:40:27,769 - VBJDU18422021801 - DEBUG - 在线检索答案
2018-09-26 15:40:27,769 - VBJDU18422021801 - INFO - 我的答案：《任逍遥》
2018-09-26 15:40:28,810 - VBJDU18422021801 - DEBUG - 选择选项
2018-09-26 15:40:30,822 - VBJDU18422021801 - INFO - 答案正确
2018-09-26 15:40:30,823 - VBJDU18422021801 - DEBUG - 添加此题
2018-09-26 15:40:32,954 - VBJDU18422021801 - INFO - 本题结束
2018-09-26 15:40:32,954 - VBJDU18422021801 - DEBUG - 获取题目
2018-09-26 15:40:34,880 - VBJDU18422021801 - INFO - 第 4 题
2018-09-26 15:40:34,880 - VBJDU18422021801 - INFO - 前中国职业篮球运动员王治郅，他在球场上的位置是什么？
2018-09-26 15:40:34,880 - VBJDU18422021801 - INFO - A.后卫 B.大前锋 C.小前锋
2018-09-26 15:40:35,636 - VBJDU18422021801 - DEBUG - 在线检索答案
2018-09-26 15:40:35,636 - VBJDU18422021801 - INFO - 我的答案：大前锋
2018-09-26 15:40:38,146 - VBJDU18422021801 - DEBUG - 选择选项
2018-09-26 15:40:40,177 - VBJDU18422021801 - INFO - 答案正确
2018-09-26 15:40:40,177 - VBJDU18422021801 - DEBUG - 添加此题
2018-09-26 15:40:42,532 - VBJDU18422021801 - INFO - 本题结束
2018-09-26 15:40:42,532 - VBJDU18422021801 - DEBUG - 获取题目
2018-09-26 15:40:44,375 - VBJDU18422021801 - INFO - 第 5 题
2018-09-26 15:40:44,375 - VBJDU18422021801 - INFO - 下面哪种动物被称为活化石？
2018-09-26 15:40:44,375 - VBJDU18422021801 - INFO - A.扬子鳄 B.东北虎 C.中华鲟
2018-09-26 15:40:44,390 - VBJDU18422021801 - DEBUG - 数据库中检索答案
2018-09-26 15:40:44,390 - VBJDU18422021801 - INFO - 我的答案：扬子鳄
2018-09-26 15:40:46,380 - VBJDU18422021801 - DEBUG - 选择选项
2018-09-26 15:40:48,458 - VBJDU18422021801 - INFO - 答案正确
2018-09-26 15:40:51,318 - VBJDU18422021801 - INFO - 本题结束
2018-09-26 15:40:51,710 - VBJDU18422021801 - INFO - 比赛结果：第1名：940分
2018-09-26 15:40:52,711 - VBJDU18422021801 - INFO - 本场比赛结束
2018-09-26 15:40:52,746 - VBJDU18422021801 - INFO - 返回游戏页面
2018-09-26 15:40:54,209 - VBJDU18422021801 - INFO - 进入排位赛
2018-09-26 15:40:54,209 - VBJDU18422021801 - INFO - 正在匹配中......
2018-09-26 15:41:04,099 - VBJDU18422021801 - INFO - 匹配成功
2018-09-26 15:41:04,099 - VBJDU18422021801 - DEBUG - 获取题目
2018-09-26 15:41:04,395 - VBJDU18422021801 - INFO - 第 1 题
2018-09-26 15:41:04,395 - VBJDU18422021801 - INFO - 演员关咏荷的老公是谁？
2018-09-26 15:41:04,395 - VBJDU18422021801 - INFO - A.张家辉 B.刘德华 C.梁家辉
2018-09-26 15:41:04,395 - VBJDU18422021801 - DEBUG - 数据库中检索答案
2018-09-26 15:41:04,395 - VBJDU18422021801 - INFO - 我的答案：张家辉
2018-09-26 15:41:06,145 - VBJDU18422021801 - DEBUG - 选择选项
2018-09-26 15:41:08,130 - VBJDU18422021801 - INFO - 答案正确
2018-09-26 15:41:11,907 - VBJDU18422021801 - INFO - 本题结束
2018-09-26 15:41:11,907 - VBJDU18422021801 - DEBUG - 获取题目
2018-09-26 15:41:13,692 - VBJDU18422021801 - INFO - 第 2 题
2018-09-26 15:41:13,692 - VBJDU18422021801 - INFO - 以一个鹰头为臂章的空降兵师是哪个？
2018-09-26 15:41:13,692 - VBJDU18422021801 - INFO - A.美军第101空降师 B.德军第6伞兵师 C.美军第82空降师
2018-09-26 15:41:14,317 - VBJDU18422021801 - DEBUG - 未检索到答案
2018-09-26 15:41:14,317 - VBJDU18422021801 - INFO - 我的答案：美军第101空降师
2018-09-26 15:41:16,652 - VBJDU18422021801 - DEBUG - 选择选项
2018-09-26 15:41:18,630 - VBJDU18422021801 - INFO - 答案正确
2018-09-26 15:41:18,630 - VBJDU18422021801 - DEBUG - 添加此题
2018-09-26 15:41:23,788 - VBJDU18422021801 - INFO - 本题结束
2018-09-26 15:41:23,789 - VBJDU18422021801 - DEBUG - 获取题目
2018-09-26 15:41:25,769 - VBJDU18422021801 - INFO - 第 3 题
2018-09-26 15:41:25,769 - VBJDU18422021801 - INFO - 电视节目《大牌驾到》的主持人是以下哪位？
2018-09-26 15:41:25,769 - VBJDU18422021801 - INFO - A.朱迅 B.华少 C.谢娜
2018-09-26 15:41:26,596 - VBJDU18422021801 - DEBUG - 在线检索答案
2018-09-26 15:41:26,596 - VBJDU18422021801 - INFO - 我的答案：华少
2018-09-26 15:41:28,355 - VBJDU18422021801 - DEBUG - 选择选项
2018-09-26 15:41:30,367 - VBJDU18422021801 - INFO - 答案正确
2018-09-26 15:41:30,367 - VBJDU18422021801 - DEBUG - 添加此题
2018-09-26 15:41:33,081 - VBJDU18422021801 - INFO - 本题结束
2018-09-26 15:41:33,081 - VBJDU18422021801 - DEBUG - 获取题目
2018-09-26 15:41:34,953 - VBJDU18422021801 - INFO - 第 4 题
2018-09-26 15:41:34,953 - VBJDU18422021801 - INFO - 建议选用什么类型的洗发产品才能较好的保护健康头皮的PH值？
2018-09-26 15:41:34,953 - VBJDU18422021801 - INFO - A.弱碱性 B.强酸性 C.弱酸性
2018-09-26 15:41:35,615 - VBJDU18422021801 - DEBUG - 在线检索答案
2018-09-26 15:41:35,615 - VBJDU18422021801 - INFO - 我的答案：弱酸性
2018-09-26 15:41:37,605 - VBJDU18422021801 - DEBUG - 选择选项
2018-09-26 15:41:39,634 - VBJDU18422021801 - INFO - 答案正确
2018-09-26 15:41:39,634 - VBJDU18422021801 - DEBUG - 添加此题
2018-09-26 15:41:45,458 - VBJDU18422021801 - INFO - 本题结束
2018-09-26 15:41:45,458 - VBJDU18422021801 - DEBUG - 获取题目
2018-09-26 15:41:47,302 - VBJDU18422021801 - INFO - 第 5 题
2018-09-26 15:41:47,302 - VBJDU18422021801 - INFO - 奢侈品牌范思哲的品牌标志是希腊神话中的哪个形象？
2018-09-26 15:41:47,317 - VBJDU18422021801 - INFO - A.美杜莎 B.赫卡忒 C.美狄丝
2018-09-26 15:41:48,046 - VBJDU18422021801 - DEBUG - 在线检索答案
2018-09-26 15:41:48,046 - VBJDU18422021801 - INFO - 我的答案：美杜莎
2018-09-26 15:41:50,396 - VBJDU18422021801 - DEBUG - 选择选项
2018-09-26 15:41:52,521 - VBJDU18422021801 - INFO - 答案正确
2018-09-26 15:41:52,521 - VBJDU18422021801 - DEBUG - 添加此题
2018-09-26 15:41:54,394 - VBJDU18422021801 - INFO - 本题结束
2018-09-26 15:41:54,800 - VBJDU18422021801 - INFO - 比赛结果：第1名：1150分
2018-09-26 15:41:55,801 - VBJDU18422021801 - INFO - 本场比赛结束
2018-09-26 15:41:55,908 - VBJDU18422021801 - INFO - 返回游戏页面
2018-09-26 15:41:57,443 - VBJDU18422021801 - INFO - 进入排位赛
2018-09-26 15:41:57,443 - VBJDU18422021801 - INFO - 正在匹配中......
2018-09-26 15:42:02,442 - VBJDU18422021801 - INFO - 匹配成功
2018-09-26 15:42:02,442 - VBJDU18422021801 - DEBUG - 获取题目
2018-09-26 15:42:03,552 - VBJDU18422021801 - INFO - 第 1 题
2018-09-26 15:42:03,552 - VBJDU18422021801 - INFO - 奥斯卡的奖项不包括哪一种？
2018-09-26 15:42:03,552 - VBJDU18422021801 - INFO - A.最佳剧情 B.最佳导演 C.最佳男演员
2018-09-26 15:42:04,432 - VBJDU18422021801 - DEBUG - 在线检索答案
2018-09-26 15:42:04,432 - VBJDU18422021801 - INFO - 我的答案：最佳剧情
2018-09-26 15:42:05,972 - VBJDU18422021801 - DEBUG - 选择选项
2018-09-26 15:42:07,923 - VBJDU18422021801 - INFO - 答案正确
2018-09-26 15:42:07,923 - VBJDU18422021801 - DEBUG - 添加此题
2018-09-26 15:42:10,953 - VBJDU18422021801 - INFO - 本题结束
2018-09-26 15:42:10,953 - VBJDU18422021801 - DEBUG - 获取题目
2018-09-26 15:42:12,734 - VBJDU18422021801 - INFO - 第 2 题
2018-09-26 15:42:12,735 - VBJDU18422021801 - INFO - “秋贵重阳冬贵蜡，不如寒食在春前。”寒食节的传统食品中没有以下哪一种？
2018-09-26 15:42:12,735 - VBJDU18422021801 - INFO - A.糯米酪 B.麦酪 C.汤圆
2018-09-26 15:42:12,739 - VBJDU18422021801 - DEBUG - 数据库中检索答案
2018-09-26 15:42:12,739 - VBJDU18422021801 - INFO - 我的答案：汤圆
2018-09-26 15:42:13,877 - VBJDU18422021801 - DEBUG - 选择选项
2018-09-26 15:42:15,882 - VBJDU18422021801 - INFO - 答案正确
2018-09-26 15:42:22,067 - VBJDU18422021801 - INFO - 本题结束
2018-09-26 15:42:22,067 - VBJDU18422021801 - DEBUG - 获取题目
2018-09-26 15:42:23,892 - VBJDU18422021801 - INFO - 第 3 题
2018-09-26 15:42:23,892 - VBJDU18422021801 - INFO - 下列属于天然纤维的是？
2018-09-26 15:42:23,892 - VBJDU18422021801 - INFO - A.亚麻 B.涤纶 C.特多龙
2018-09-26 15:42:25,178 - VBJDU18422021801 - DEBUG - 在线检索答案
2018-09-26 15:42:25,178 - VBJDU18422021801 - INFO - 我的答案：涤纶
2018-09-26 15:42:27,566 - VBJDU18422021801 - DEBUG - 选择选项
2018-09-26 15:42:29,583 - VBJDU18422021801 - INFO - 答案错误
2018-09-26 15:42:29,677 - VBJDU18422021801 - INFO - 正确答案；亚麻
2018-09-26 15:42:29,692 - VBJDU18422021801 - DEBUG - 添加此题
2018-09-26 15:42:39,209 - VBJDU18422021801 - INFO - 本题结束
2018-09-26 15:42:39,209 - VBJDU18422021801 - DEBUG - 获取题目
2018-09-26 15:42:41,049 - VBJDU18422021801 - INFO - 第 4 题
2018-09-26 15:42:41,049 - VBJDU18422021801 - INFO - 哪一种化学元素是人体微量元素的“防癌之王”？
2018-09-26 15:42:41,049 - VBJDU18422021801 - INFO - A.铁 B.钙 C.硒
2018-09-26 15:42:41,753 - VBJDU18422021801 - DEBUG - 在线检索答案
2018-09-26 15:42:41,753 - VBJDU18422021801 - INFO - 我的答案：硒
2018-09-26 15:42:44,010 - VBJDU18422021801 - DEBUG - 选择选项
2018-09-26 15:42:45,985 - VBJDU18422021801 - INFO - 答案正确
2018-09-26 15:42:45,985 - VBJDU18422021801 - DEBUG - 添加此题
2018-09-26 15:42:56,452 - VBJDU18422021801 - INFO - 本题结束
2018-09-26 15:42:56,452 - VBJDU18422021801 - DEBUG - 获取题目
2018-09-26 15:42:58,319 - VBJDU18422021801 - INFO - 第 5 题
2018-09-26 15:42:58,319 - VBJDU18422021801 - INFO - 初伏是关于日历法的一种说法，“初伏”的日期一般是怎样确定的？
2018-09-26 15:42:58,319 - VBJDU18422021801 - INFO - A.夏至后的第三个庚日 B.夏至后的第二个庚日 C.夏至后的第五个庚日
2018-09-26 15:42:59,238 - VBJDU18422021801 - DEBUG - 在线检索答案
2018-09-26 15:42:59,238 - VBJDU18422021801 - INFO - 我的答案：夏至后的第三个庚日
2018-09-26 15:43:00,412 - VBJDU18422021801 - DEBUG - 选择选项
2018-09-26 15:43:02,413 - VBJDU18422021801 - INFO - 答案正确
2018-09-26 15:43:02,413 - VBJDU18422021801 - DEBUG - 添加此题
2018-09-26 15:43:13,377 - VBJDU18422021801 - INFO - 本题结束
2018-09-26 15:43:13,713 - VBJDU18422021801 - INFO - 比赛结果：第1名：910分
2018-09-26 15:43:14,714 - VBJDU18422021801 - INFO - 本场比赛结束
2018-09-26 15:43:14,819 - VBJDU18422021801 - INFO - 返回游戏页面
2018-09-26 15:43:16,270 - VBJDU18422021801 - INFO - 进入排位赛
2018-09-26 15:43:16,270 - VBJDU18422021801 - INFO - 正在匹配中......
2018-09-26 15:43:28,234 - VBJDU18422021801 - INFO - 匹配成功
2018-09-26 15:43:28,234 - VBJDU18422021801 - DEBUG - 获取题目
2018-09-26 15:43:28,551 - VBJDU18422021801 - INFO - 第 1 题
2018-09-26 15:43:28,551 - VBJDU18422021801 - INFO - 在古文中，“汝”.“尔”是什么意思？
2018-09-26 15:43:28,566 - VBJDU18422021801 - INFO - A.你 B. 我 C.他
2018-09-26 15:43:29,519 - VBJDU18422021801 - DEBUG - 在线检索答案
2018-09-26 15:43:29,519 - VBJDU18422021801 - INFO - 我的答案：你
2018-09-26 15:43:30,677 - VBJDU18422021801 - DEBUG - 选择选项
2018-09-26 15:43:32,675 - VBJDU18422021801 - INFO - 答案正确
2018-09-26 15:43:32,675 - VBJDU18422021801 - DEBUG - 添加此题
2018-09-26 15:43:34,870 - VBJDU18422021801 - INFO - 本题结束
2018-09-26 15:43:34,870 - VBJDU18422021801 - DEBUG - 获取题目
2018-09-26 15:43:36,778 - VBJDU18422021801 - INFO - 第 2 题
2018-09-26 15:43:36,778 - VBJDU18422021801 - INFO - 下面哪部是日本漫画改编的电视动画？
2018-09-26 15:43:36,779 - VBJDU18422021801 - INFO - A.《小鸡快跑》 B.《喜羊羊与灰太狼》 C.《阿拉蕾》
2018-09-26 15:43:36,799 - VBJDU18422021801 - DEBUG - 数据库中检索答案
2018-09-26 15:43:36,800 - VBJDU18422021801 - INFO - 我的答案：《阿拉蕾》
2018-09-26 15:43:38,784 - VBJDU18422021801 - DEBUG - 选择选项
2018-09-26 15:43:41,241 - VBJDU18422021801 - INFO - 答案正确
2018-09-26 15:43:44,892 - VBJDU18422021801 - INFO - 本题结束
2018-09-26 15:43:44,892 - VBJDU18422021801 - DEBUG - 获取题目
2018-09-26 15:43:46,998 - VBJDU18422021801 - INFO - 第 3 题
2018-09-26 15:43:46,998 - VBJDU18422021801 - INFO - 村里有19个木屋和46个石屋，无其他房子，村里一共多少房子？
2018-09-26 15:43:46,998 - VBJDU18422021801 - INFO - A.72个 B.65个 C.71个
2018-09-26 15:43:47,845 - VBJDU18422021801 - DEBUG - 未检索到答案
2018-09-26 15:43:47,845 - VBJDU18422021801 - INFO - 我的答案：72个
2018-09-26 15:43:49,145 - VBJDU18422021801 - DEBUG - 选择选项
2018-09-26 15:43:51,214 - VBJDU18422021801 - INFO - 答案错误
2018-09-26 15:43:51,363 - VBJDU18422021801 - INFO - 正确答案；65个
2018-09-26 15:43:51,363 - VBJDU18422021801 - DEBUG - 添加此题
2018-09-26 15:43:56,533 - VBJDU18422021801 - INFO - 本题结束
2018-09-26 15:43:56,533 - VBJDU18422021801 - DEBUG - 获取题目
2018-09-26 15:43:58,415 - VBJDU18422021801 - INFO - 第 4 题
2018-09-26 15:43:58,415 - VBJDU18422021801 - INFO - 糖尿病患者的血中胰岛素：
2018-09-26 15:43:58,419 - VBJDU18422021801 - INFO - A.过剩 B.适中 C.不足
2018-09-26 15:43:58,423 - VBJDU18422021801 - DEBUG - 数据库中检索答案
2018-09-26 15:43:58,423 - VBJDU18422021801 - INFO - 我的答案：不足
2018-09-26 15:43:59,819 - VBJDU18422021801 - DEBUG - 选择选项
2018-09-26 15:44:01,871 - VBJDU18422021801 - INFO - 答案正确
2018-09-26 15:44:08,693 - VBJDU18422021801 - INFO - 本题结束
2018-09-26 15:44:08,693 - VBJDU18422021801 - DEBUG - 获取题目
2018-09-26 15:44:10,644 - VBJDU18422021801 - INFO - 第 5 题
2018-09-26 15:44:10,644 - VBJDU18422021801 - INFO - 电影《向左走，向右走》，男女主角是在何处初遇的？
2018-09-26 15:44:10,644 - VBJDU18422021801 - INFO - A.电梯 B.公园 C.购物中心
2018-09-26 15:44:10,644 - VBJDU18422021801 - DEBUG - 数据库中检索答案
2018-09-26 15:44:10,644 - VBJDU18422021801 - INFO - 我的答案：公园
2018-09-26 15:44:12,675 - VBJDU18422021801 - DEBUG - 选择选项
2018-09-26 15:44:14,675 - VBJDU18422021801 - INFO - 答案正确
2018-09-26 15:44:17,571 - VBJDU18422021801 - INFO - 本题结束
2018-09-26 15:44:17,888 - VBJDU18422021801 - INFO - 比赛结果：第1名：910分
2018-09-26 15:44:18,888 - VBJDU18422021801 - INFO - 本场比赛结束
2018-09-26 15:44:18,945 - VBJDU18422021801 - INFO - 返回游戏页面
2018-09-26 15:44:20,445 - VBJDU18422021801 - INFO - 进入排位赛
2018-09-26 15:44:20,445 - VBJDU18422021801 - INFO - 正在匹配中......
2018-09-26 15:44:24,992 - VBJDU18422021801 - INFO - 匹配成功
2018-09-26 15:44:24,992 - VBJDU18422021801 - DEBUG - 获取题目
2018-09-26 15:44:26,029 - VBJDU18422021801 - INFO - 第 1 题
2018-09-26 15:44:26,029 - VBJDU18422021801 - INFO - 有“圆舞曲之王”称号的作曲家是？
2018-09-26 15:44:26,030 - VBJDU18422021801 - INFO - A.伊凡诺维奇 B.莱哈尔 C.小约翰·施特劳斯
2018-09-26 15:44:26,870 - VBJDU18422021801 - DEBUG - 在线检索答案
2018-09-26 15:44:26,871 - VBJDU18422021801 - INFO - 我的答案：小约翰·施特劳斯
2018-09-26 15:44:28,730 - VBJDU18422021801 - DEBUG - 选择选项
2018-09-26 15:44:30,673 - VBJDU18422021801 - INFO - 答案正确
2018-09-26 15:44:30,673 - VBJDU18422021801 - DEBUG - 添加此题
2018-09-26 15:44:32,883 - VBJDU18422021801 - INFO - 本题结束
2018-09-26 15:44:32,883 - VBJDU18422021801 - DEBUG - 获取题目
2018-09-26 15:44:34,855 - VBJDU18422021801 - INFO - 第 2 题
2018-09-26 15:44:34,856 - VBJDU18422021801 - INFO - 碳族元素不包括？
2018-09-26 15:44:34,856 - VBJDU18422021801 - INFO - A.硒 B.碳 C.硅
2018-09-26 15:44:35,654 - VBJDU18422021801 - DEBUG - 在线检索答案
2018-09-26 15:44:35,654 - VBJDU18422021801 - INFO - 我的答案：硒
2018-09-26 15:44:37,463 - VBJDU18422021801 - DEBUG - 选择选项
2018-09-26 15:44:39,640 - VBJDU18422021801 - INFO - 答案正确
2018-09-26 15:44:39,640 - VBJDU18422021801 - DEBUG - 添加此题
2018-09-26 15:44:42,972 - VBJDU18422021801 - INFO - 本题结束
2018-09-26 15:44:42,972 - VBJDU18422021801 - DEBUG - 获取题目
2018-09-26 15:44:44,833 - VBJDU18422021801 - INFO - 第 3 题
2018-09-26 15:44:44,834 - VBJDU18422021801 - INFO - 不是国际网球联合会设立的四大网球公开赛的是？
2018-09-26 15:44:44,834 - VBJDU18422021801 - INFO - A.德网 B.法网 C.美网
2018-09-26 15:44:45,602 - VBJDU18422021801 - DEBUG - 在线检索答案
2018-09-26 15:44:45,602 - VBJDU18422021801 - INFO - 我的答案：德网
2018-09-26 15:44:47,495 - VBJDU18422021801 - DEBUG - 选择选项
2018-09-26 15:44:49,495 - VBJDU18422021801 - INFO - 答案正确
2018-09-26 15:44:49,495 - VBJDU18422021801 - DEBUG - 添加此题
2018-09-26 15:44:50,503 - VBJDU18422021801 - INFO - 本题结束
2018-09-26 15:44:50,503 - VBJDU18422021801 - DEBUG - 获取题目
2018-09-26 15:44:52,356 - VBJDU18422021801 - INFO - 第 4 题
2018-09-26 15:44:52,356 - VBJDU18422021801 - INFO - 在电影《鼠胆龙威》中，辞去公安工作的男主角李杰改名叫什么？
2018-09-26 15:44:52,356 - VBJDU18422021801 - INFO - A.李大蛋 B.李不管 C.李大胆
2018-09-26 15:44:52,988 - VBJDU18422021801 - DEBUG - 在线检索答案
2018-09-26 15:44:52,988 - VBJDU18422021801 - INFO - 我的答案：李大胆
2018-09-26 15:44:55,175 - VBJDU18422021801 - DEBUG - 选择选项
2018-09-26 15:44:57,191 - VBJDU18422021801 - INFO - 答案正确
2018-09-26 15:44:57,191 - VBJDU18422021801 - DEBUG - 添加此题
2018-09-26 15:45:01,253 - VBJDU18422021801 - INFO - 本题结束
2018-09-26 15:45:01,253 - VBJDU18422021801 - DEBUG - 获取题目
2018-09-26 15:45:03,082 - VBJDU18422021801 - INFO - 第 5 题
2018-09-26 15:45:03,082 - VBJDU18422021801 - INFO - 下列不属于邮票的是
2018-09-26 15:45:03,082 - VBJDU18422021801 - INFO - A.副票 B.纪念邮票 C.首日封
2018-09-26 15:45:03,097 - VBJDU18422021801 - DEBUG - 数据库中检索答案
2018-09-26 15:45:03,097 - VBJDU18422021801 - INFO - 我的答案：首日封
2018-09-26 15:45:05,060 - VBJDU18422021801 - DEBUG - 选择选项
2018-09-26 15:45:07,052 - VBJDU18422021801 - INFO - 答案正确
2018-09-26 15:45:10,183 - VBJDU18422021801 - INFO - 本题结束
2018-09-26 15:45:10,636 - VBJDU18422021801 - INFO - 比赛结果：第1名：1160分
2018-09-26 15:45:11,645 - VBJDU18422021801 - INFO - 本场比赛结束
2018-09-26 15:45:11,753 - VBJDU18422021801 - INFO - 返回游戏页面
2018-09-26 15:45:13,244 - VBJDU18422021801 - INFO - 进入排位赛
2018-09-26 15:45:13,244 - VBJDU18422021801 - INFO - 正在匹配中......
2018-09-26 15:45:27,929 - VBJDU18422021801 - INFO - 匹配成功
2018-09-26 15:45:27,930 - VBJDU18422021801 - DEBUG - 获取题目
2018-09-26 15:45:29,042 - VBJDU18422021801 - INFO - 第 1 题
2018-09-26 15:45:29,042 - VBJDU18422021801 - INFO - 股票交易以手为单位，一手股票是多少股？
2018-09-26 15:45:29,042 - VBJDU18422021801 - INFO - A.100股 B.200股 C.500股
2018-09-26 15:45:29,042 - VBJDU18422021801 - DEBUG - 数据库中检索答案
2018-09-26 15:45:29,042 - VBJDU18422021801 - INFO - 我的答案：100股
2018-09-26 15:45:30,134 - VBJDU18422021801 - DEBUG - 选择选项
2018-09-26 15:45:32,227 - VBJDU18422021801 - INFO - 答案正确
2018-09-26 15:45:39,582 - VBJDU18422021801 - INFO - 本题结束
2018-09-26 15:45:39,582 - VBJDU18422021801 - DEBUG - 获取题目
2018-09-26 15:45:41,440 - VBJDU18422021801 - INFO - 第 2 题
2018-09-26 15:45:41,440 - VBJDU18422021801 - INFO - 哈雷彗星的回归周期是？
2018-09-26 15:45:41,440 - VBJDU18422021801 - INFO - A.16 年 B.76 年 C.108 年
2018-09-26 15:45:42,424 - VBJDU18422021801 - DEBUG - 未检索到答案
2018-09-26 15:45:42,424 - VBJDU18422021801 - INFO - 我的答案：16 年
2018-09-26 15:45:44,800 - VBJDU18422021801 - DEBUG - 选择选项
2018-09-26 15:45:46,827 - VBJDU18422021801 - INFO - 答案错误
2018-09-26 15:45:46,933 - VBJDU18422021801 - INFO - 正确答案；76 年
2018-09-26 15:45:46,933 - VBJDU18422021801 - DEBUG - 添加此题
2018-09-26 15:45:48,333 - VBJDU18422021801 - INFO - 本题结束
2018-09-26 15:45:48,333 - VBJDU18422021801 - DEBUG - 获取题目
2018-09-26 15:45:50,291 - VBJDU18422021801 - INFO - 第 3 题
2018-09-26 15:45:50,291 - VBJDU18422021801 - INFO - 著作《几何原本》是欧洲数学的基础，它的作者是谁？
2018-09-26 15:45:50,291 - VBJDU18422021801 - INFO - A.笛卡尔 B.欧几里得 C.开普勒
2018-09-26 15:45:50,938 - VBJDU18422021801 - DEBUG - 在线检索答案
2018-09-26 15:45:50,938 - VBJDU18422021801 - INFO - 我的答案：欧几里得
2018-09-26 15:45:53,396 - VBJDU18422021801 - DEBUG - 选择选项
2018-09-26 15:45:55,500 - VBJDU18422021801 - INFO - 答案正确
2018-09-26 15:45:55,501 - VBJDU18422021801 - DEBUG - 添加此题
2018-09-26 15:45:59,610 - VBJDU18422021801 - INFO - 本题结束
2018-09-26 15:45:59,610 - VBJDU18422021801 - DEBUG - 获取题目
2018-09-26 15:46:01,593 - VBJDU18422021801 - INFO - 第 4 题
2018-09-26 15:46:01,593 - VBJDU18422021801 - INFO - 汽车的油量表上，用字母F表示满，用哪个字母表示空？
2018-09-26 15:46:01,593 - VBJDU18422021801 - INFO - A.E B.P C.R
2018-09-26 15:46:02,337 - VBJDU18422021801 - DEBUG - 在线检索答案
2018-09-26 15:46:02,337 - VBJDU18422021801 - INFO - 我的答案：E
2018-09-26 15:46:04,360 - VBJDU18422021801 - DEBUG - 选择选项
2018-09-26 15:46:06,457 - VBJDU18422021801 - INFO - 答案正确
2018-09-26 15:46:06,457 - VBJDU18422021801 - DEBUG - 添加此题
2018-09-26 15:46:09,270 - VBJDU18422021801 - INFO - 本题结束
2018-09-26 15:46:09,270 - VBJDU18422021801 - DEBUG - 获取题目
2018-09-26 15:46:11,307 - VBJDU18422021801 - INFO - 第 5 题
2018-09-26 15:46:11,307 - VBJDU18422021801 - INFO - 著名小吃“可丽饼”起源于法国哪个地区？
2018-09-26 15:46:11,307 - VBJDU18422021801 - INFO - A.布列塔尼地区 B.斯特拉斯堡 C.波尔多
2018-09-26 15:46:11,939 - VBJDU18422021801 - DEBUG - 在线检索答案
2018-09-26 15:46:11,939 - VBJDU18422021801 - INFO - 我的答案：布列塔尼地区
2018-09-26 15:46:13,479 - VBJDU18422021801 - DEBUG - 选择选项
2018-09-26 15:46:15,644 - VBJDU18422021801 - INFO - 答案正确
2018-09-26 15:46:15,644 - VBJDU18422021801 - DEBUG - 添加此题
2018-09-26 15:46:17,666 - VBJDU18422021801 - INFO - 本题结束
2018-09-26 15:46:17,956 - VBJDU18422021801 - INFO - 比赛结果：第2名：900分
2018-09-26 15:46:18,957 - VBJDU18422021801 - INFO - 本场比赛结束
2018-09-26 15:46:19,082 - VBJDU18422021801 - INFO - 返回游戏页面
2018-09-26 15:46:20,587 - VBJDU18422021801 - INFO - 进入排位赛
2018-09-26 15:46:20,587 - VBJDU18422021801 - INFO - 正在匹配中......
2018-09-26 15:46:34,369 - VBJDU18422021801 - INFO - 匹配成功
2018-09-26 15:46:34,369 - VBJDU18422021801 - DEBUG - 获取题目
2018-09-26 15:46:35,353 - VBJDU18422021801 - INFO - 第 1 题
2018-09-26 15:46:35,353 - VBJDU18422021801 - INFO - 不知今岁已除夕（打一成语）
2018-09-26 15:46:35,353 - VBJDU18422021801 - INFO - A.忘年之交 B.忘乎所以 C.过眼云烟
2018-09-26 15:46:35,939 - VBJDU18422021801 - DEBUG - 在线检索答案
2018-09-26 15:46:35,939 - VBJDU18422021801 - INFO - 我的答案：忘乎所以
2018-09-26 15:46:37,201 - VBJDU18422021801 - DEBUG - 选择选项
2018-09-26 15:46:39,190 - VBJDU18422021801 - INFO - 答案错误
2018-09-26 15:46:39,300 - VBJDU18422021801 - INFO - 正确答案；忘年之交
2018-09-26 15:46:39,300 - VBJDU18422021801 - DEBUG - 添加此题
2018-09-26 15:46:45,785 - VBJDU18422021801 - INFO - 本题结束
2018-09-26 15:46:45,785 - VBJDU18422021801 - DEBUG - 获取题目
2018-09-26 15:46:47,742 - VBJDU18422021801 - INFO - 第 2 题
2018-09-26 15:46:47,742 - VBJDU18422021801 - INFO - 下列数字中哪一个是西方人最忌讳的？
2018-09-26 15:46:47,742 - VBJDU18422021801 - INFO - A.4 B.7 C.13
2018-09-26 15:46:47,746 - VBJDU18422021801 - DEBUG - 数据库中检索答案
2018-09-26 15:46:47,746 - VBJDU18422021801 - INFO - 我的答案：13
2018-09-26 15:46:49,926 - VBJDU18422021801 - DEBUG - 选择选项
2018-09-26 15:46:51,940 - VBJDU18422021801 - INFO - 答案正确
2018-09-26 15:46:53,902 - VBJDU18422021801 - INFO - 本题结束
2018-09-26 15:46:53,903 - VBJDU18422021801 - DEBUG - 获取题目
2018-09-26 15:46:55,736 - VBJDU18422021801 - INFO - 第 3 题
2018-09-26 15:46:55,736 - VBJDU18422021801 - INFO - 下列哪个不是仙剑三的主角？
2018-09-26 15:46:55,736 - VBJDU18422021801 - INFO - A.赵无延 B.徐长卿 C.景天
2018-09-26 15:46:56,521 - VBJDU18422021801 - DEBUG - 在线检索答案
2018-09-26 15:46:56,521 - VBJDU18422021801 - INFO - 我的答案：赵无延
2018-09-26 15:46:58,558 - VBJDU18422021801 - DEBUG - 选择选项
2018-09-26 15:47:00,752 - VBJDU18422021801 - INFO - 答案正确
2018-09-26 15:47:00,752 - VBJDU18422021801 - DEBUG - 添加此题
2018-09-26 15:47:08,463 - VBJDU18422021801 - INFO - 本题结束
2018-09-26 15:47:08,463 - VBJDU18422021801 - DEBUG - 获取题目
2018-09-26 15:47:10,364 - VBJDU18422021801 - INFO - 第 4 题
2018-09-26 15:47:10,364 - VBJDU18422021801 - INFO - 电视节目《你说的都对》的主持人是以下哪位？
2018-09-26 15:47:10,364 - VBJDU18422021801 - INFO - A.陈赫 B.蔡康永 C.何炅
2018-09-26 15:47:11,285 - VBJDU18422021801 - DEBUG - 在线检索答案
2018-09-26 15:47:11,285 - VBJDU18422021801 - INFO - 我的答案：蔡康永
2018-09-26 15:47:13,307 - VBJDU18422021801 - DEBUG - 选择选项
2018-09-26 15:47:15,284 - VBJDU18422021801 - INFO - 答案正确
2018-09-26 15:47:15,284 - VBJDU18422021801 - DEBUG - 添加此题
2018-09-26 15:47:19,073 - VBJDU18422021801 - INFO - 本题结束
2018-09-26 15:47:19,073 - VBJDU18422021801 - DEBUG - 获取题目
2018-09-26 15:47:20,867 - VBJDU18422021801 - INFO - 第 5 题
2018-09-26 15:47:20,867 - VBJDU18422021801 - INFO - 超低空飞行是指飞行高度在多少米以下？
2018-09-26 15:47:20,867 - VBJDU18422021801 - INFO - A.100米 B.200米 C.50米
2018-09-26 15:47:20,867 - VBJDU18422021801 - DEBUG - 数据库中检索答案
2018-09-26 15:47:20,867 - VBJDU18422021801 - INFO - 我的答案：100米
2018-09-26 15:47:22,699 - VBJDU18422021801 - DEBUG - 选择选项
2018-09-26 15:47:24,770 - VBJDU18422021801 - INFO - 答案正确
2018-09-26 15:47:28,838 - VBJDU18422021801 - INFO - 本题结束
2018-09-26 15:47:29,181 - VBJDU18422021801 - INFO - 比赛结果：第1名：940分
2018-09-26 15:47:30,191 - VBJDU18422021801 - INFO - 本场比赛结束
2018-09-26 15:47:30,285 - VBJDU18422021801 - INFO - 返回游戏页面
2018-09-26 15:47:31,784 - VBJDU18422021801 - INFO - 进入排位赛
2018-09-26 15:47:31,784 - VBJDU18422021801 - INFO - 正在匹配中......
2018-09-26 15:47:36,145 - VBJDU18422021801 - INFO - 匹配成功
2018-09-26 15:47:36,145 - VBJDU18422021801 - DEBUG - 获取题目
2018-09-26 15:47:36,473 - VBJDU18422021801 - INFO - 第 1 题
2018-09-26 15:47:36,473 - VBJDU18422021801 - INFO - 小小诸葛亮，独坐中军帐，摆下八卦阵，专捉飞来将。（猜一动物）
2018-09-26 15:47:36,473 - VBJDU18422021801 - INFO - A.熊 B.蜜蜂 C.蜘蛛
2018-09-26 15:47:37,587 - VBJDU18422021801 - DEBUG - 在线检索答案
2018-09-26 15:47:37,587 - VBJDU18422021801 - INFO - 我的答案：蜘蛛
2018-09-26 15:47:38,731 - VBJDU18422021801 - DEBUG - 选择选项
2018-09-26 15:47:40,724 - VBJDU18422021801 - INFO - 答案正确
2018-09-26 15:47:40,725 - VBJDU18422021801 - DEBUG - 添加此题
2018-09-26 15:47:42,836 - VBJDU18422021801 - INFO - 本题结束
2018-09-26 15:47:42,837 - VBJDU18422021801 - DEBUG - 获取题目
2018-09-26 15:47:44,682 - VBJDU18422021801 - INFO - 第 2 题
2018-09-26 15:47:44,682 - VBJDU18422021801 - INFO - 以下选项中，哪一个是19世纪80年代曾是世界上第一大港口？
2018-09-26 15:47:44,682 - VBJDU18422021801 - INFO - A.鹿特丹 B.神户 C.上海
2018-09-26 15:47:45,631 - VBJDU18422021801 - DEBUG - 在线检索答案
2018-09-26 15:47:45,631 - VBJDU18422021801 - INFO - 我的答案：鹿特丹
2018-09-26 15:47:47,327 - VBJDU18422021801 - DEBUG - 选择选项
2018-09-26 15:47:49,319 - VBJDU18422021801 - INFO - 答案正确
2018-09-26 15:47:49,319 - VBJDU18422021801 - DEBUG - 添加此题
2018-09-26 15:47:53,925 - VBJDU18422021801 - INFO - 本题结束
2018-09-26 15:47:53,925 - VBJDU18422021801 - DEBUG - 获取题目
2018-09-26 15:47:55,837 - VBJDU18422021801 - INFO - 第 3 题
2018-09-26 15:47:55,837 - VBJDU18422021801 - INFO - “氧化钙”的俗名叫什么？
2018-09-26 15:47:55,837 - VBJDU18422021801 - INFO - A.石灰石 B.生石灰 C.熟石灰
2018-09-26 15:47:55,841 - VBJDU18422021801 - DEBUG - 数据库中检索答案
2018-09-26 15:47:55,841 - VBJDU18422021801 - INFO - 我的答案：生石灰
2018-09-26 15:47:58,212 - VBJDU18422021801 - DEBUG - 选择选项
2018-09-26 15:48:00,255 - VBJDU18422021801 - INFO - 答案正确
2018-09-26 15:48:04,292 - VBJDU18422021801 - INFO - 本题结束
2018-09-26 15:48:04,292 - VBJDU18422021801 - DEBUG - 获取题目
2018-09-26 15:48:06,129 - VBJDU18422021801 - INFO - 第 4 题
2018-09-26 15:48:06,129 - VBJDU18422021801 - INFO - 2018年初的时候，泸州老窖出了什么美妆产品？
2018-09-26 15:48:06,129 - VBJDU18422021801 - INFO - A.香水 B.口红 C.面膜
2018-09-26 15:48:06,736 - VBJDU18422021801 - DEBUG - 在线检索答案
2018-09-26 15:48:06,737 - VBJDU18422021801 - INFO - 我的答案：香水
2018-09-26 15:48:08,753 - VBJDU18422021801 - DEBUG - 选择选项
2018-09-26 15:48:10,786 - VBJDU18422021801 - INFO - 答案正确
2018-09-26 15:48:10,786 - VBJDU18422021801 - DEBUG - 添加此题
2018-09-26 15:48:14,260 - VBJDU18422021801 - INFO - 本题结束
2018-09-26 15:48:14,260 - VBJDU18422021801 - DEBUG - 获取题目
2018-09-26 15:48:16,176 - VBJDU18422021801 - INFO - 第 5 题
2018-09-26 15:48:16,176 - VBJDU18422021801 - INFO - 《地质遗迹保护管理规定》是哪年颁发的？
2018-09-26 15:48:16,176 - VBJDU18422021801 - INFO - A.1995年 B.2000年 C.2005年
2018-09-26 15:48:16,176 - VBJDU18422021801 - DEBUG - 数据库中检索答案
2018-09-26 15:48:16,176 - VBJDU18422021801 - INFO - 我的答案：1995年
2018-09-26 15:48:17,651 - VBJDU18422021801 - DEBUG - 选择选项
2018-09-26 15:48:19,862 - VBJDU18422021801 - INFO - 答案正确
2018-09-26 15:48:24,269 - VBJDU18422021801 - INFO - 本题结束
2018-09-26 15:48:24,623 - VBJDU18422021801 - INFO - 比赛结果：第1名：1160分
2018-09-26 15:48:25,639 - VBJDU18422021801 - INFO - 本场比赛结束
2018-09-26 15:48:25,703 - VBJDU18422021801 - INFO - 返回游戏页面
2018-09-26 15:48:27,254 - VBJDU18422021801 - INFO - 进入排位赛
2018-09-26 15:48:27,254 - VBJDU18422021801 - INFO - 正在匹配中......
2018-09-26 15:48:53,332 - VBJDU18422021801 - INFO - 匹配成功
2018-09-26 15:48:53,332 - VBJDU18422021801 - DEBUG - 获取题目
2018-09-26 15:48:53,675 - VBJDU18422021801 - INFO - 第 1 题
2018-09-26 15:48:53,675 - VBJDU18422021801 - INFO - 以下哪个是西方古代美学思想的发源地？
2018-09-26 15:48:53,675 - VBJDU18422021801 - INFO - A.古希腊 B.古印度 C.古雅典
2018-09-26 15:48:53,690 - VBJDU18422021801 - DEBUG - 数据库中检索答案
2018-09-26 15:48:53,690 - VBJDU18422021801 - INFO - 我的答案：古希腊
2018-09-26 15:48:55,662 - VBJDU18422021801 - DEBUG - 选择选项
2018-09-26 15:48:57,740 - VBJDU18422021801 - INFO - 答案正确
2018-09-26 15:49:04,750 - VBJDU18422021801 - INFO - 本题结束
2018-09-26 15:49:04,750 - VBJDU18422021801 - DEBUG - 获取题目
2018-09-26 15:49:06,785 - VBJDU18422021801 - INFO - 第 2 题
2018-09-26 15:49:06,785 - VBJDU18422021801 - INFO - 蓝田玉产自哪里？
2018-09-26 15:49:06,785 - VBJDU18422021801 - INFO - A.安徽合肥 B.浙江杭州 C.陕西西安
2018-09-26 15:49:06,800 - VBJDU18422021801 - DEBUG - 数据库中检索答案
2018-09-26 15:49:06,800 - VBJDU18422021801 - INFO - 我的答案：陕西西安
2018-09-26 15:49:08,990 - VBJDU18422021801 - DEBUG - 选择选项
2018-09-26 15:49:10,923 - VBJDU18422021801 - INFO - 答案正确
2018-09-26 15:49:18,284 - VBJDU18422021801 - INFO - 本题结束
2018-09-26 15:49:18,284 - VBJDU18422021801 - DEBUG - 获取题目
2018-09-26 15:49:20,259 - VBJDU18422021801 - INFO - 第 3 题
2018-09-26 15:49:20,259 - VBJDU18422021801 - INFO - 在南半球始终看不到的天体是？
2018-09-26 15:49:20,259 - VBJDU18422021801 - INFO - A.北斗星 B.北极星 C.哈雷彗星
2018-09-26 15:49:20,275 - VBJDU18422021801 - DEBUG - 数据库中检索答案
2018-09-26 15:49:20,275 - VBJDU18422021801 - INFO - 我的答案：北极星
2018-09-26 15:49:21,396 - VBJDU18422021801 - DEBUG - 选择选项
2018-09-26 15:49:23,533 - VBJDU18422021801 - INFO - 答案正确
2018-09-26 15:49:31,222 - VBJDU18422021801 - INFO - 本题结束
2018-09-26 15:49:31,222 - VBJDU18422021801 - DEBUG - 获取题目
2018-09-26 15:49:33,002 - VBJDU18422021801 - INFO - 第 4 题
2018-09-26 15:49:33,002 - VBJDU18422021801 - INFO - 股份有限公司的最高权力机关是
2018-09-26 15:49:33,002 - VBJDU18422021801 - INFO - A.股东大会 B.董事会 C.监事会
2018-09-26 15:49:33,941 - VBJDU18422021801 - DEBUG - 在线检索答案
2018-09-26 15:49:33,941 - VBJDU18422021801 - INFO - 我的答案：股东大会
2018-09-26 15:49:35,923 - VBJDU18422021801 - DEBUG - 选择选项
2018-09-26 15:49:37,913 - VBJDU18422021801 - INFO - 答案正确
2018-09-26 15:49:37,914 - VBJDU18422021801 - DEBUG - 添加此题
2018-09-26 15:49:43,449 - VBJDU18422021801 - INFO - 本题结束
2018-09-26 15:49:43,449 - VBJDU18422021801 - DEBUG - 获取题目
2018-09-26 15:49:45,270 - VBJDU18422021801 - INFO - 第 5 题
2018-09-26 15:49:45,270 - VBJDU18422021801 - INFO - 巴拿马运河连接了哪两个大洋？
2018-09-26 15:49:45,270 - VBJDU18422021801 - INFO - A.太平洋，北冰洋 B.大西洋，太平洋 C.印度洋，太平洋
2018-09-26 15:49:45,285 - VBJDU18422021801 - DEBUG - 数据库中检索答案
2018-09-26 15:49:45,285 - VBJDU18422021801 - INFO - 我的答案：大西洋，太平洋
2018-09-26 15:49:47,355 - VBJDU18422021801 - DEBUG - 选择选项
2018-09-26 15:49:49,424 - VBJDU18422021801 - INFO - 答案正确
2018-09-26 15:49:56,459 - VBJDU18422021801 - INFO - 本题结束
2018-09-26 15:49:56,800 - VBJDU18422021801 - INFO - 比赛结果：第1名：1190分
2018-09-26 15:49:57,816 - VBJDU18422021801 - INFO - 本场比赛结束
2018-09-26 15:49:57,884 - VBJDU18422021801 - INFO - 返回游戏页面
2018-09-26 15:49:59,378 - VBJDU18422021801 - INFO - 进入排位赛
2018-09-26 15:49:59,378 - VBJDU18422021801 - INFO - 正在匹配中......
2018-09-26 15:50:05,221 - VBJDU18422021801 - INFO - 匹配成功
2018-09-26 15:50:05,221 - VBJDU18422021801 - DEBUG - 获取题目
2018-09-26 15:50:05,548 - VBJDU18422021801 - INFO - 第 1 题
2018-09-26 15:50:05,548 - VBJDU18422021801 - INFO - 演员梁朝伟的妻子是谁？
2018-09-26 15:50:05,548 - VBJDU18422021801 - INFO - A.范冰冰 B.张柏芝 C.刘嘉玲
2018-09-26 15:50:06,474 - VBJDU18422021801 - DEBUG - 在线检索答案
2018-09-26 15:50:06,474 - VBJDU18422021801 - INFO - 我的答案：刘嘉玲
2018-09-26 15:50:08,296 - VBJDU18422021801 - DEBUG - 选择选项
2018-09-26 15:50:10,338 - VBJDU18422021801 - INFO - 答案正确
2018-09-26 15:50:10,338 - VBJDU18422021801 - DEBUG - 添加此题
2018-09-26 15:50:11,270 - VBJDU18422021801 - INFO - 本题结束
2018-09-26 15:50:11,270 - VBJDU18422021801 - DEBUG - 获取题目
2018-09-26 15:50:13,072 - VBJDU18422021801 - INFO - 第 2 题
2018-09-26 15:50:13,072 - VBJDU18422021801 - INFO - 曾被称为“乒乓外交”的是我国和哪个国家的外交？
2018-09-26 15:50:13,072 - VBJDU18422021801 - INFO - A.英国 B.德国 C.美国
2018-09-26 15:50:13,072 - VBJDU18422021801 - DEBUG - 数据库中检索答案
2018-09-26 15:50:13,072 - VBJDU18422021801 - INFO - 我的答案：美国
2018-09-26 15:50:14,852 - VBJDU18422021801 - DEBUG - 选择选项
2018-09-26 15:50:16,947 - VBJDU18422021801 - INFO - 答案正确
2018-09-26 15:50:22,091 - VBJDU18422021801 - INFO - 本题结束
2018-09-26 15:50:22,091 - VBJDU18422021801 - DEBUG - 获取题目
2018-09-26 15:50:23,851 - VBJDU18422021801 - INFO - 第 3 题
2018-09-26 15:50:23,851 - VBJDU18422021801 - INFO - 以下哪款软件不属于网络直播软件？
2018-09-26 15:50:23,851 - VBJDU18422021801 - INFO - A.火山小视频 B.梨视频 C.虎牙
2018-09-26 15:50:23,851 - VBJDU18422021801 - DEBUG - 数据库中检索答案
2018-09-26 15:50:23,851 - VBJDU18422021801 - INFO - 我的答案：梨视频
2018-09-26 15:50:25,743 - VBJDU18422021801 - DEBUG - 选择选项
2018-09-26 15:50:27,838 - VBJDU18422021801 - INFO - 答案正确
2018-09-26 15:50:35,108 - VBJDU18422021801 - INFO - 本题结束
2018-09-26 15:50:35,108 - VBJDU18422021801 - DEBUG - 获取题目
2018-09-26 15:50:36,967 - VBJDU18422021801 - INFO - 第 4 题
2018-09-26 15:50:36,967 - VBJDU18422021801 - INFO - 瓷器等级是以几何图形为标记的，圆形为几等品？
2018-09-26 15:50:36,967 - VBJDU18422021801 - INFO - A.二等品 B.一等品 C.三等品
2018-09-26 15:50:36,971 - VBJDU18422021801 - DEBUG - 数据库中检索答案
2018-09-26 15:50:36,972 - VBJDU18422021801 - INFO - 我的答案：一等品
2018-09-26 15:50:38,204 - VBJDU18422021801 - DEBUG - 选择选项
2018-09-26 15:50:40,151 - VBJDU18422021801 - INFO - 答案正确
2018-09-26 15:50:44,236 - VBJDU18422021801 - INFO - 本题结束
2018-09-26 15:50:44,236 - VBJDU18422021801 - DEBUG - 获取题目
2018-09-26 15:50:46,147 - VBJDU18422021801 - INFO - 第 5 题
2018-09-26 15:50:46,147 - VBJDU18422021801 - INFO - 麻将的诞生最早的载体是什么？
2018-09-26 15:50:46,147 - VBJDU18422021801 - INFO - A.条状的竹编 B.对折的纸片 C.方形的木头
2018-09-26 15:50:46,147 - VBJDU18422021801 - DEBUG - 数据库中检索答案
2018-09-26 15:50:46,147 - VBJDU18422021801 - INFO - 我的答案：条状的竹编
2018-09-26 15:50:48,161 - VBJDU18422021801 - DEBUG - 选择选项
2018-09-26 15:50:50,229 - VBJDU18422021801 - INFO - 答案正确
2018-09-26 15:50:52,390 - VBJDU18422021801 - INFO - 本题结束
2018-09-26 15:50:52,860 - VBJDU18422021801 - INFO - 比赛结果：第1名：1200分
2018-09-26 15:50:53,861 - VBJDU18422021801 - INFO - 本场比赛结束
2018-09-26 15:50:53,958 - VBJDU18422021801 - INFO - 返回游戏页面
2018-09-26 15:50:55,490 - VBJDU18422021801 - INFO - 进入排位赛
2018-09-26 15:50:55,490 - VBJDU18422021801 - INFO - 正在匹配中......
2018-09-26 15:51:04,009 - VBJDU18422021801 - INFO - 匹配成功
2018-09-26 15:51:04,009 - VBJDU18422021801 - DEBUG - 获取题目
2018-09-26 15:51:04,306 - VBJDU18422021801 - INFO - 第 1 题
2018-09-26 15:51:04,306 - VBJDU18422021801 - INFO - 以下哪一个作品，不属于家训代表作？
2018-09-26 15:51:04,306 - VBJDU18422021801 - INFO - A.曹操的《诸儿令》 B.诸葛亮的《诫子书》 C.洪应明的《菜根谭》
2018-09-26 15:51:04,931 - VBJDU18422021801 - DEBUG - 在线检索答案
2018-09-26 15:51:04,931 - VBJDU18422021801 - INFO - 我的答案：曹操的《诸儿令》
2018-09-26 15:51:07,401 - VBJDU18422021801 - DEBUG - 选择选项
2018-09-26 15:51:09,551 - VBJDU18422021801 - INFO - 答案错误
2018-09-26 15:51:09,816 - VBJDU18422021801 - INFO - 正确答案；洪应明的《菜根谭》
2018-09-26 15:51:09,816 - VBJDU18422021801 - DEBUG - 添加此题
2018-09-26 15:51:10,307 - VBJDU18422021801 - INFO - 本题结束
2018-09-26 15:51:10,307 - VBJDU18422021801 - DEBUG - 获取题目
2018-09-26 15:51:12,274 - VBJDU18422021801 - INFO - 第 2 题
2018-09-26 15:51:12,274 - VBJDU18422021801 - INFO - 以下哪种动物，属于国家一级保护动物？
2018-09-26 15:51:12,274 - VBJDU18422021801 - INFO - A.天鹅 B.娃娃鱼 C.丹顶鹤
2018-09-26 15:51:13,776 - VBJDU18422021801 - DEBUG - 在线检索答案
2018-09-26 15:51:13,776 - VBJDU18422021801 - INFO - 我的答案：丹顶鹤
2018-09-26 15:51:15,477 - VBJDU18422021801 - DEBUG - 选择选项
2018-09-26 15:51:17,485 - VBJDU18422021801 - INFO - 答案正确
2018-09-26 15:51:17,485 - VBJDU18422021801 - DEBUG - 添加此题
2018-09-26 15:51:18,563 - VBJDU18422021801 - INFO - 本题结束
2018-09-26 15:51:18,563 - VBJDU18422021801 - DEBUG - 获取题目
2018-09-26 15:51:20,297 - VBJDU18422021801 - INFO - 第 3 题
2018-09-26 15:51:20,297 - VBJDU18422021801 - INFO - 现代主义建筑“白色派”教父理查德·迈耶登陆中国的处女作是：
2018-09-26 15:51:20,297 - VBJDU18422021801 - INFO - A.东部华侨城顶级海景别墅 B.中央电视台 C.广东时代美术馆
2018-09-26 15:51:20,312 - VBJDU18422021801 - DEBUG - 数据库中检索答案
2018-09-26 15:51:20,312 - VBJDU18422021801 - INFO - 我的答案：东部华侨城顶级海景别墅
2018-09-26 15:51:21,564 - VBJDU18422021801 - DEBUG - 选择选项
2018-09-26 15:51:23,697 - VBJDU18422021801 - INFO - 答案正确
2018-09-26 15:51:29,203 - VBJDU18422021801 - INFO - 本题结束
2018-09-26 15:51:29,203 - VBJDU18422021801 - DEBUG - 获取题目
2018-09-26 15:51:30,956 - VBJDU18422021801 - INFO - 第 4 题
2018-09-26 15:51:30,956 - VBJDU18422021801 - INFO - ”天门蒸菜“属于哪个菜系？
2018-09-26 15:51:30,956 - VBJDU18422021801 - INFO - A.粤菜 B.鄂菜 C.浙菜
2018-09-26 15:51:30,972 - VBJDU18422021801 - DEBUG - 数据库中检索答案
2018-09-26 15:51:30,972 - VBJDU18422021801 - INFO - 我的答案：鄂菜
2018-09-26 15:51:32,393 - VBJDU18422021801 - DEBUG - 选择选项
2018-09-26 15:51:34,400 - VBJDU18422021801 - INFO - 答案正确
2018-09-26 15:51:37,057 - VBJDU18422021801 - INFO - 本题结束
2018-09-26 15:51:37,057 - VBJDU18422021801 - DEBUG - 获取题目
2018-09-26 15:51:38,972 - VBJDU18422021801 - INFO - 第 5 题
2018-09-26 15:51:38,972 - VBJDU18422021801 - INFO - 交流电的英文缩写是什么？
2018-09-26 15:51:38,972 - VBJDU18422021801 - INFO - A.DC B.AV C.AC
2018-09-26 15:51:39,488 - VBJDU18422021801 - DEBUG - 在线检索答案
2018-09-26 15:51:39,488 - VBJDU18422021801 - INFO - 我的答案：AC
2018-09-26 15:51:41,883 - VBJDU18422021801 - DEBUG - 选择选项
2018-09-26 15:51:43,934 - VBJDU18422021801 - INFO - 答案正确
2018-09-26 15:51:43,935 - VBJDU18422021801 - DEBUG - 添加此题
2018-09-26 15:51:44,945 - VBJDU18422021801 - INFO - 本题结束
2018-09-26 15:51:45,290 - VBJDU18422021801 - INFO - 比赛结果：第1名：950分
2018-09-26 15:51:46,301 - VBJDU18422021801 - INFO - 本场比赛结束
2018-09-26 15:51:46,368 - VBJDU18422021801 - INFO - 返回游戏页面
2018-09-26 15:51:47,884 - VBJDU18422021801 - INFO - 进入排位赛
2018-09-26 15:51:47,884 - VBJDU18422021801 - INFO - 正在匹配中......
2018-09-26 15:51:51,379 - VBJDU18422021801 - INFO - 匹配成功
2018-09-26 15:51:51,379 - VBJDU18422021801 - DEBUG - 获取题目
2018-09-26 15:51:51,740 - VBJDU18422021801 - INFO - 第 1 题
2018-09-26 15:51:51,740 - VBJDU18422021801 - INFO - 范冰冰因参演哪部电视剧而一举成名？
2018-09-26 15:51:51,741 - VBJDU18422021801 - INFO - A.《射雕英雄传》 B.《还珠格格》 C.《天龙八部》
2018-09-26 15:51:51,744 - VBJDU18422021801 - DEBUG - 数据库中检索答案
2018-09-26 15:51:51,744 - VBJDU18422021801 - INFO - 我的答案：《还珠格格》
2018-09-26 15:51:54,082 - VBJDU18422021801 - DEBUG - 选择选项
2018-09-26 15:51:56,098 - VBJDU18422021801 - INFO - 答案正确
2018-09-26 15:52:00,254 - VBJDU18422021801 - INFO - 本题结束
2018-09-26 15:52:00,268 - VBJDU18422021801 - DEBUG - 获取题目
2018-09-26 15:52:02,121 - VBJDU18422021801 - INFO - 第 2 题
2018-09-26 15:52:02,121 - VBJDU18422021801 - INFO - “谁家见月能闲坐，何处闻灯不看来”是描述什么的诗句？
2018-09-26 15:52:02,121 - VBJDU18422021801 - INFO - A.中秋节 B.元宵节 C.除夕
2018-09-26 15:52:02,121 - VBJDU18422021801 - DEBUG - 数据库中检索答案
2018-09-26 15:52:02,121 - VBJDU18422021801 - INFO - 我的答案：元宵节
2018-09-26 15:52:03,752 - VBJDU18422021801 - DEBUG - 选择选项
2018-09-26 15:52:05,769 - VBJDU18422021801 - INFO - 答案正确
2018-09-26 15:52:14,310 - VBJDU18422021801 - INFO - 本题结束
2018-09-26 15:52:14,310 - VBJDU18422021801 - DEBUG - 获取题目
2018-09-26 15:52:16,097 - VBJDU18422021801 - INFO - 第 3 题
2018-09-26 15:52:16,097 - VBJDU18422021801 - INFO - 4+6+9+13的平均数是多少？
2018-09-26 15:52:16,097 - VBJDU18422021801 - INFO - A.9 B.7 C.8
2018-09-26 15:52:16,959 - VBJDU18422021801 - DEBUG - 在线检索答案
2018-09-26 15:52:16,959 - VBJDU18422021801 - INFO - 我的答案：9
2018-09-26 15:52:18,449 - VBJDU18422021801 - DEBUG - 选择选项
2018-09-26 15:52:20,401 - VBJDU18422021801 - INFO - 答案错误
2018-09-26 15:52:20,588 - VBJDU18422021801 - INFO - 正确答案；8
2018-09-26 15:52:20,588 - VBJDU18422021801 - DEBUG - 添加此题
2018-09-26 15:52:28,345 - VBJDU18422021801 - INFO - 本题结束
2018-09-26 15:52:28,345 - VBJDU18422021801 - DEBUG - 获取题目
2018-09-26 15:52:30,236 - VBJDU18422021801 - INFO - 第 4 题
2018-09-26 15:52:30,236 - VBJDU18422021801 - INFO - 美国著名物理学家奥本海默被称为？
2018-09-26 15:52:30,236 - VBJDU18422021801 - INFO - A.氢弹之父 B.火箭之父 C.原子弹之父
2018-09-26 15:52:30,236 - VBJDU18422021801 - DEBUG - 数据库中检索答案
2018-09-26 15:52:30,236 - VBJDU18422021801 - INFO - 我的答案：原子弹之父
2018-09-26 15:52:32,197 - VBJDU18422021801 - DEBUG - 选择选项
2018-09-26 15:52:34,229 - VBJDU18422021801 - INFO - 答案正确
2018-09-26 15:52:38,845 - VBJDU18422021801 - INFO - 本题结束
2018-09-26 15:52:38,845 - VBJDU18422021801 - DEBUG - 获取题目
2018-09-26 15:52:40,510 - VBJDU18422021801 - INFO - 第 5 题
2018-09-26 15:52:40,510 - VBJDU18422021801 - INFO - 夜盲症即夜视力下降，主要是由于体内缺乏。
2018-09-26 15:52:40,510 - VBJDU18422021801 - INFO - A.维生素D B.维生素C C.维生素A
2018-09-26 15:52:40,525 - VBJDU18422021801 - DEBUG - 数据库中检索答案
2018-09-26 15:52:40,525 - VBJDU18422021801 - INFO - 我的答案：维生素A
2018-09-26 15:52:43,042 - VBJDU18422021801 - DEBUG - 选择选项
2018-09-26 15:52:44,988 - VBJDU18422021801 - INFO - 答案正确
2018-09-26 15:52:48,083 - VBJDU18422021801 - INFO - 本题结束
2018-09-26 15:52:48,410 - VBJDU18422021801 - INFO - 比赛结果：第1名：900分
2018-09-26 15:52:49,416 - VBJDU18422021801 - INFO - 本场比赛结束
2018-09-26 15:52:49,478 - VBJDU18422021801 - INFO - 返回游戏页面
2018-09-26 15:52:51,074 - VBJDU18422021801 - INFO - 进入排位赛
2018-09-26 15:52:51,074 - VBJDU18422021801 - INFO - 正在匹配中......
2018-09-26 15:53:16,979 - VBJDU18422021801 - INFO - 匹配成功
2018-09-26 15:53:16,979 - VBJDU18422021801 - DEBUG - 获取题目
2018-09-26 15:53:17,291 - VBJDU18422021801 - INFO - 第 1 题
2018-09-26 15:53:17,291 - VBJDU18422021801 - INFO - 地球的英文名是
2018-09-26 15:53:17,291 - VBJDU18422021801 - INFO - A.Earth B.Mars C.Uranus
2018-09-26 15:53:18,003 - VBJDU18422021801 - DEBUG - 在线检索答案
2018-09-26 15:53:18,003 - VBJDU18422021801 - INFO - 我的答案：Earth
2018-09-26 15:53:19,342 - VBJDU18422021801 - DEBUG - 选择选项
2018-09-26 15:53:21,285 - VBJDU18422021801 - INFO - 答案正确
2018-09-26 15:53:21,285 - VBJDU18422021801 - DEBUG - 添加此题
2018-09-26 15:53:25,457 - VBJDU18422021801 - INFO - 本题结束
2018-09-26 15:53:25,457 - VBJDU18422021801 - DEBUG - 获取题目
2018-09-26 15:53:27,379 - VBJDU18422021801 - INFO - 第 2 题
2018-09-26 15:53:27,379 - VBJDU18422021801 - INFO - 下面与除夕中的「除」字意思最相近的词语是?
2018-09-26 15:53:27,379 - VBJDU18422021801 - INFO - A.除法 B.扫除 C.去除
2018-09-26 15:53:27,394 - VBJDU18422021801 - DEBUG - 数据库中检索答案
2018-09-26 15:53:27,394 - VBJDU18422021801 - INFO - 我的答案：去除
2018-09-26 15:53:28,566 - VBJDU18422021801 - DEBUG - 选择选项
2018-09-26 15:53:30,597 - VBJDU18422021801 - INFO - 答案正确
2018-09-26 15:53:34,279 - VBJDU18422021801 - INFO - 本题结束
2018-09-26 15:53:34,279 - VBJDU18422021801 - DEBUG - 获取题目
2018-09-26 15:53:36,503 - VBJDU18422021801 - INFO - 第 3 题
2018-09-26 15:53:36,503 - VBJDU18422021801 - INFO - 小明家里养了一只哈士奇，请问这是属于什么体型的狗?
2018-09-26 15:53:36,503 - VBJDU18422021801 - INFO - A.超小型犬 B.大型犬 C.中型犬
2018-09-26 15:53:36,503 - VBJDU18422021801 - DEBUG - 数据库中检索答案
2018-09-26 15:53:36,503 - VBJDU18422021801 - INFO - 我的答案：中型犬
2018-09-26 15:53:38,700 - VBJDU18422021801 - DEBUG - 选择选项
2018-09-26 15:53:40,651 - VBJDU18422021801 - INFO - 答案正确
2018-09-26 15:53:42,754 - VBJDU18422021801 - INFO - 本题结束
2018-09-26 15:53:42,754 - VBJDU18422021801 - DEBUG - 获取题目
2018-09-26 15:53:44,572 - VBJDU18422021801 - INFO - 第 4 题
2018-09-26 15:53:44,572 - VBJDU18422021801 - INFO - 2012年5月，哪家互联网公司以125亿美元收购摩托罗拉移动？
2018-09-26 15:53:44,572 - VBJDU18422021801 - INFO - A.谷歌 B.eBay C.雅虎
2018-09-26 15:53:45,222 - VBJDU18422021801 - DEBUG - 在线检索答案
2018-09-26 15:53:45,222 - VBJDU18422021801 - INFO - 我的答案：谷歌
2018-09-26 15:53:46,628 - VBJDU18422021801 - DEBUG - 选择选项
2018-09-26 15:53:48,664 - VBJDU18422021801 - INFO - 答案正确
2018-09-26 15:53:48,665 - VBJDU18422021801 - DEBUG - 添加此题
2018-09-26 15:53:52,940 - VBJDU18422021801 - INFO - 本题结束
2018-09-26 15:53:52,940 - VBJDU18422021801 - DEBUG - 获取题目
2018-09-26 15:53:54,838 - VBJDU18422021801 - INFO - 第 5 题
2018-09-26 15:53:54,838 - VBJDU18422021801 - INFO - 108岁有个俗称，请问是什么？
2018-09-26 15:53:54,838 - VBJDU18422021801 - INFO - A.茶寿 B.米寿 C.古稀
2018-09-26 15:53:55,337 - VBJDU18422021801 - DEBUG - 在线检索答案
2018-09-26 15:53:55,337 - VBJDU18422021801 - INFO - 我的答案：茶寿
2018-09-26 15:53:56,550 - VBJDU18422021801 - DEBUG - 选择选项
2018-09-26 15:53:58,553 - VBJDU18422021801 - INFO - 答案正确
2018-09-26 15:53:58,553 - VBJDU18422021801 - DEBUG - 添加此题
2018-09-26 15:54:03,065 - VBJDU18422021801 - INFO - 本题结束
2018-09-26 15:54:03,394 - VBJDU18422021801 - INFO - 比赛结果：第1名：1180分
2018-09-26 15:54:04,405 - VBJDU18422021801 - INFO - 本场比赛结束
2018-09-26 15:54:04,483 - VBJDU18422021801 - INFO - 返回游戏页面
2018-09-26 15:54:05,941 - VBJDU18422021801 - INFO - 进入排位赛
2018-09-26 15:54:05,941 - VBJDU18422021801 - INFO - 正在匹配中......
2018-09-26 15:54:23,883 - VBJDU18422021801 - INFO - 匹配成功
2018-09-26 15:54:23,883 - VBJDU18422021801 - DEBUG - 获取题目
2018-09-26 15:54:24,245 - VBJDU18422021801 - INFO - 第 1 题
2018-09-26 15:54:24,245 - VBJDU18422021801 - INFO - 哪一首诗不是屈原的？
2018-09-26 15:54:24,245 - VBJDU18422021801 - INFO - A.将进酒 B.九章·思美人 C.离骚
2018-09-26 15:54:25,057 - VBJDU18422021801 - DEBUG - 在线检索答案
2018-09-26 15:54:25,057 - VBJDU18422021801 - INFO - 我的答案：将进酒
2018-09-26 15:54:26,717 - VBJDU18422021801 - DEBUG - 选择选项
2018-09-26 15:54:28,823 - VBJDU18422021801 - INFO - 答案正确
2018-09-26 15:54:28,824 - VBJDU18422021801 - DEBUG - 添加此题
2018-09-26 15:54:36,269 - VBJDU18422021801 - INFO - 本题结束
2018-09-26 15:54:36,269 - VBJDU18422021801 - DEBUG - 获取题目
2018-09-26 15:54:38,167 - VBJDU18422021801 - INFO - 第 2 题
2018-09-26 15:54:38,167 - VBJDU18422021801 - INFO - 在《功夫熊猫》中，阿宝的师傅是什么动物？
2018-09-26 15:54:38,167 - VBJDU18422021801 - INFO - A.老鼠 B.狸猫 C.浣熊
2018-09-26 15:54:38,917 - VBJDU18422021801 - DEBUG - 在线检索答案
2018-09-26 15:54:38,918 - VBJDU18422021801 - INFO - 我的答案：浣熊
2018-09-26 15:54:41,145 - VBJDU18422021801 - DEBUG - 选择选项
2018-09-26 15:54:43,226 - VBJDU18422021801 - INFO - 答案正确
2018-09-26 15:54:43,226 - VBJDU18422021801 - DEBUG - 添加此题
2018-09-26 15:54:46,488 - VBJDU18422021801 - INFO - 本题结束
2018-09-26 15:54:46,488 - VBJDU18422021801 - DEBUG - 获取题目
2018-09-26 15:54:48,347 - VBJDU18422021801 - INFO - 第 3 题
2018-09-26 15:54:48,347 - VBJDU18422021801 - INFO - “科雷傲”是什么类型的车？
2018-09-26 15:54:48,362 - VBJDU18422021801 - INFO - A.微型车 B.跑车 C.紧凑型SUV
2018-09-26 15:54:49,738 - VBJDU18422021801 - DEBUG - 未检索到答案
2018-09-26 15:54:49,738 - VBJDU18422021801 - INFO - 我的答案：微型车
2018-09-26 15:54:50,910 - VBJDU18422021801 - DEBUG - 选择选项
2018-09-26 15:54:53,020 - VBJDU18422021801 - INFO - 答案错误
2018-09-26 15:54:53,252 - VBJDU18422021801 - INFO - 正确答案；紧凑型SUV
2018-09-26 15:54:53,252 - VBJDU18422021801 - DEBUG - 添加此题
2018-09-26 15:54:56,939 - VBJDU18422021801 - INFO - 本题结束
2018-09-26 15:54:56,939 - VBJDU18422021801 - DEBUG - 获取题目
2018-09-26 15:54:58,942 - VBJDU18422021801 - INFO - 第 4 题
2018-09-26 15:54:58,942 - VBJDU18422021801 - INFO - 在《我的失忆男友》中，丁叮是从哪归来的？
2018-09-26 15:54:58,942 - VBJDU18422021801 - INFO - A.加拿大 B.美国 C.日本
2018-09-26 15:54:58,942 - VBJDU18422021801 - DEBUG - 数据库中检索答案
2018-09-26 15:54:58,942 - VBJDU18422021801 - INFO - 我的答案：美国
2018-09-26 15:55:00,957 - VBJDU18422021801 - DEBUG - 选择选项
2018-09-26 15:55:02,956 - VBJDU18422021801 - INFO - 答案正确
2018-09-26 15:55:05,495 - VBJDU18422021801 - INFO - 本题结束
2018-09-26 15:55:05,495 - VBJDU18422021801 - DEBUG - 获取题目
2018-09-26 15:55:07,382 - VBJDU18422021801 - INFO - 第 5 题
2018-09-26 15:55:07,382 - VBJDU18422021801 - INFO - 以下哪句诗不是出自李商隐的作品？
2018-09-26 15:55:07,382 - VBJDU18422021801 - INFO - A.更隔蓬山一万重 B.一寸相思一寸灰 C.贫贱夫妻百事哀
2018-09-26 15:55:09,002 - VBJDU18422021801 - DEBUG - 在线检索答案
2018-09-26 15:55:09,002 - VBJDU18422021801 - INFO - 我的答案：更隔蓬山一万重
2018-09-26 15:55:11,035 - VBJDU18422021801 - DEBUG - 选择选项
2018-09-26 15:55:13,121 - VBJDU18422021801 - INFO - 答案错误
2018-09-26 15:55:13,352 - VBJDU18422021801 - INFO - 正确答案；贫贱夫妻百事哀
2018-09-26 15:55:13,352 - VBJDU18422021801 - DEBUG - 添加此题
2018-09-26 15:55:16,916 - VBJDU18422021801 - INFO - 本题结束
2018-09-26 15:55:17,339 - VBJDU18422021801 - INFO - 比赛结果：第1名：590分
2018-09-26 15:55:18,349 - VBJDU18422021801 - INFO - 本场比赛结束
2018-09-26 15:55:18,381 - VBJDU18422021801 - INFO - 返回游戏页面
2018-09-26 15:55:19,948 - VBJDU18422021801 - INFO - 进入排位赛
2018-09-26 15:55:19,948 - VBJDU18422021801 - INFO - 正在匹配中......
2018-09-26 15:55:39,723 - VBJDU18422021801 - INFO - 匹配成功
2018-09-26 15:55:39,724 - VBJDU18422021801 - DEBUG - 获取题目
2018-09-26 15:55:40,833 - VBJDU18422021801 - INFO - 第 1 题
2018-09-26 15:55:40,833 - VBJDU18422021801 - INFO - 奔驰是哪个国家的汽车品牌？
2018-09-26 15:55:40,833 - VBJDU18422021801 - INFO - A.德国 B.日本 C.美国
2018-09-26 15:55:42,619 - VBJDU18422021801 - DEBUG - 在线检索答案
2018-09-26 15:55:42,619 - VBJDU18422021801 - INFO - 我的答案：德国
2018-09-26 15:55:44,800 - VBJDU18422021801 - DEBUG - 选择选项
2018-09-26 15:55:46,861 - VBJDU18422021801 - INFO - 答案正确
2018-09-26 15:55:46,863 - VBJDU18422021801 - DEBUG - 添加此题
2018-09-26 15:55:53,626 - VBJDU18422021801 - INFO - 本题结束
2018-09-26 15:55:53,626 - VBJDU18422021801 - DEBUG - 获取题目
2018-09-26 15:55:55,541 - VBJDU18422021801 - INFO - 第 2 题
2018-09-26 15:55:55,541 - VBJDU18422021801 - INFO - 中国历史上疆域面积最大的时期是什么朝代？
2018-09-26 15:55:55,541 - VBJDU18422021801 - INFO - A.汉 B.唐 C.元
2018-09-26 15:55:56,252 - VBJDU18422021801 - DEBUG - 在线检索答案
2018-09-26 15:55:56,252 - VBJDU18422021801 - INFO - 我的答案：元
2018-09-26 15:55:58,720 - VBJDU18422021801 - DEBUG - 选择选项
2018-09-26 15:56:00,973 - VBJDU18422021801 - INFO - 答案正确
2018-09-26 15:56:00,973 - VBJDU18422021801 - DEBUG - 添加此题
2018-09-26 15:56:03,947 - VBJDU18422021801 - INFO - 本题结束
2018-09-26 15:56:03,947 - VBJDU18422021801 - DEBUG - 获取题目
2018-09-26 15:56:05,934 - VBJDU18422021801 - INFO - 第 3 题
2018-09-26 15:56:05,934 - VBJDU18422021801 - INFO - 天空中的恒星有的相对发红，有的相对发蓝。蓝星与红星相比较，哪种说法正确
2018-09-26 15:56:05,934 - VBJDU18422021801 - INFO - A.表面温度高 B.质量较小 C.更为年老
2018-09-26 15:56:06,768 - VBJDU18422021801 - DEBUG - 在线检索答案
2018-09-26 15:56:06,768 - VBJDU18422021801 - INFO - 我的答案：更为年老
2018-09-26 15:56:08,433 - VBJDU18422021801 - DEBUG - 选择选项
2018-09-26 15:56:10,416 - VBJDU18422021801 - INFO - 答案错误
2018-09-26 15:56:10,525 - VBJDU18422021801 - INFO - 正确答案；表面温度高
2018-09-26 15:56:10,525 - VBJDU18422021801 - DEBUG - 添加此题
2018-09-26 15:56:17,343 - VBJDU18422021801 - INFO - 本题结束
2018-09-26 15:56:17,343 - VBJDU18422021801 - DEBUG - 获取题目
2018-09-26 15:56:19,401 - VBJDU18422021801 - INFO - 第 4 题
2018-09-26 15:56:19,401 - VBJDU18422021801 - INFO - “崂山道士”中的“崂山”位于我国山东的哪个城市？
2018-09-26 15:56:19,401 - VBJDU18422021801 - INFO - A.青岛 B.贵阳 C.威海
2018-09-26 15:56:20,369 - VBJDU18422021801 - DEBUG - 在线检索答案
2018-09-26 15:56:20,369 - VBJDU18422021801 - INFO - 我的答案：青岛
2018-09-26 15:56:21,750 - VBJDU18422021801 - DEBUG - 选择选项
2018-09-26 15:56:23,831 - VBJDU18422021801 - INFO - 答案正确
2018-09-26 15:56:23,831 - VBJDU18422021801 - DEBUG - 添加此题
2018-09-26 15:56:30,927 - VBJDU18422021801 - INFO - 本题结束
2018-09-26 15:56:30,927 - VBJDU18422021801 - DEBUG - 获取题目
2018-09-26 15:56:32,882 - VBJDU18422021801 - INFO - 第 5 题
2018-09-26 15:56:32,882 - VBJDU18422021801 - INFO - 哪一部不是《熊出没》系列的动画电影？
2018-09-26 15:56:32,882 - VBJDU18422021801 - INFO - A.虎虎生威 B.变形记 C.奇幻空间
2018-09-26 15:56:34,448 - VBJDU18422021801 - DEBUG - 在线检索答案
2018-09-26 15:56:34,448 - VBJDU18422021801 - INFO - 我的答案：虎虎生威
2018-09-26 15:56:36,145 - VBJDU18422021801 - DEBUG - 选择选项
2018-09-26 15:56:38,151 - VBJDU18422021801 - INFO - 答案正确
2018-09-26 15:56:38,151 - VBJDU18422021801 - DEBUG - 添加此题
2018-09-26 15:56:42,957 - VBJDU18422021801 - INFO - 本题结束
2018-09-26 15:56:43,285 - VBJDU18422021801 - INFO - 比赛结果：第1名：850分
2018-09-26 15:56:44,292 - VBJDU18422021801 - INFO - 本场比赛结束
2018-09-26 15:56:44,401 - VBJDU18422021801 - INFO - 返回游戏页面
2018-09-26 15:56:45,936 - VBJDU18422021801 - INFO - 进入排位赛
2018-09-26 15:56:45,936 - VBJDU18422021801 - INFO - 正在匹配中......
2018-09-26 15:56:59,449 - VBJDU18422021801 - INFO - 匹配成功
2018-09-26 15:56:59,449 - VBJDU18422021801 - DEBUG - 获取题目
2018-09-26 15:56:59,800 - VBJDU18422021801 - INFO - 第 1 题
2018-09-26 15:56:59,800 - VBJDU18422021801 - INFO - 中国哲学家老子的真名是？
2018-09-26 15:56:59,800 - VBJDU18422021801 - INFO - A.李耳 B.老耳 C.李子
2018-09-26 15:57:00,534 - VBJDU18422021801 - DEBUG - 在线检索答案
2018-09-26 15:57:00,534 - VBJDU18422021801 - INFO - 我的答案：李耳
2018-09-26 15:57:01,550 - VBJDU18422021801 - DEBUG - 选择选项
2018-09-26 15:57:03,566 - VBJDU18422021801 - INFO - 答案正确
2018-09-26 15:57:03,566 - VBJDU18422021801 - DEBUG - 添加此题
2018-09-26 15:57:05,651 - VBJDU18422021801 - INFO - 本题结束
2018-09-26 15:57:05,651 - VBJDU18422021801 - DEBUG - 获取题目
2018-09-26 15:57:07,571 - VBJDU18422021801 - INFO - 第 2 题
2018-09-26 15:57:07,571 - VBJDU18422021801 - INFO - 歌词“越动荡越勇敢，世界变更要让我闯”是出自哪一首歌？
2018-09-26 15:57:07,571 - VBJDU18422021801 - INFO - A.《黄种人》 B.《游乐场》 C.《活着》
2018-09-26 15:57:09,192 - VBJDU18422021801 - DEBUG - 在线检索答案
2018-09-26 15:57:09,192 - VBJDU18422021801 - INFO - 我的答案：《黄种人》
2018-09-26 15:57:10,502 - VBJDU18422021801 - DEBUG - 选择选项
2018-09-26 15:57:12,472 - VBJDU18422021801 - INFO - 答案正确
2018-09-26 15:57:12,472 - VBJDU18422021801 - DEBUG - 添加此题
2018-09-26 15:57:19,293 - VBJDU18422021801 - INFO - 本题结束
2018-09-26 15:57:19,293 - VBJDU18422021801 - DEBUG - 获取题目
2018-09-26 15:57:21,144 - VBJDU18422021801 - INFO - 第 3 题
2018-09-26 15:57:21,144 - VBJDU18422021801 - INFO - 卷柏一般会在什么时候开花?
2018-09-26 15:57:21,144 - VBJDU18422021801 - INFO - A.冬季 B.不开花 C.夏季
2018-09-26 15:57:21,799 - VBJDU18422021801 - DEBUG - 在线检索答案
2018-09-26 15:57:21,799 - VBJDU18422021801 - INFO - 我的答案：不开花
2018-09-26 15:57:23,011 - VBJDU18422021801 - DEBUG - 选择选项
2018-09-26 15:57:25,025 - VBJDU18422021801 - INFO - 答案正确
2018-09-26 15:57:25,025 - VBJDU18422021801 - DEBUG - 添加此题
2018-09-26 15:57:28,027 - VBJDU18422021801 - INFO - 本题结束
2018-09-26 15:57:28,027 - VBJDU18422021801 - DEBUG - 获取题目
2018-09-26 15:57:29,873 - VBJDU18422021801 - INFO - 第 4 题
2018-09-26 15:57:29,873 - VBJDU18422021801 - INFO - 甘味药的作用是以下哪种？
2018-09-26 15:57:29,873 - VBJDU18422021801 - INFO - A.燥湿、降下 B.补益、缓急 C.发散
2018-09-26 15:57:29,873 - VBJDU18422021801 - DEBUG - 数据库中检索答案
2018-09-26 15:57:29,873 - VBJDU18422021801 - INFO - 我的答案：补益、缓急
2018-09-26 15:57:32,285 - VBJDU18422021801 - DEBUG - 选择选项
2018-09-26 15:57:34,401 - VBJDU18422021801 - INFO - 答案正确
2018-09-26 15:57:39,630 - VBJDU18422021801 - INFO - 本题结束
2018-09-26 15:57:39,630 - VBJDU18422021801 - DEBUG - 获取题目
2018-09-26 15:57:41,415 - VBJDU18422021801 - INFO - 第 5 题
2018-09-26 15:57:41,415 - VBJDU18422021801 - INFO - 娘惹菜融合了哪两个菜系的特色？
2018-09-26 15:57:41,415 - VBJDU18422021801 - INFO - A.老挝菜系和马来菜系 B.不丹菜系和马来菜系 C.中国菜系和马来菜系
2018-09-26 15:57:42,034 - VBJDU18422021801 - DEBUG - 在线检索答案
2018-09-26 15:57:42,034 - VBJDU18422021801 - INFO - 我的答案：中国菜系和马来菜系
2018-09-26 15:57:43,151 - VBJDU18422021801 - DEBUG - 选择选项
2018-09-26 15:57:45,098 - VBJDU18422021801 - INFO - 答案正确
2018-09-26 15:57:45,098 - VBJDU18422021801 - DEBUG - 添加此题
2018-09-26 15:57:51,550 - VBJDU18422021801 - INFO - 本题结束
2018-09-26 15:57:51,855 - VBJDU18422021801 - INFO - 比赛结果：第1名：1170分
2018-09-26 15:57:52,856 - VBJDU18422021801 - INFO - 本场比赛结束
2018-09-26 15:57:52,963 - VBJDU18422021801 - INFO - 返回游戏页面
2018-09-26 15:57:54,453 - VBJDU18422021801 - INFO - 进入排位赛
2018-09-26 15:57:54,454 - VBJDU18422021801 - INFO - 正在匹配中......
2018-09-26 15:58:27,840 - VBJDU18422021801 - INFO - 匹配成功
2018-09-26 15:58:27,840 - VBJDU18422021801 - DEBUG - 获取题目
2018-09-26 15:58:28,128 - VBJDU18422021801 - INFO - 第 1 题
2018-09-26 15:58:28,128 - VBJDU18422021801 - INFO - “科鲁兹”是以下哪个汽车品牌旗下的车型？
2018-09-26 15:58:28,128 - VBJDU18422021801 - INFO - A.雪佛兰 B.宝马 C.奔驰
2018-09-26 15:58:29,589 - VBJDU18422021801 - DEBUG - 在线检索答案
2018-09-26 15:58:29,589 - VBJDU18422021801 - INFO - 我的答案：雪佛兰
2018-09-26 15:58:31,097 - VBJDU18422021801 - DEBUG - 选择选项
2018-09-26 15:58:33,113 - VBJDU18422021801 - INFO - 答案正确
2018-09-26 15:58:33,113 - VBJDU18422021801 - DEBUG - 添加此题
2018-09-26 15:58:34,786 - VBJDU18422021801 - INFO - 本题结束
2018-09-26 15:58:34,786 - VBJDU18422021801 - DEBUG - 获取题目
2018-09-26 15:58:36,659 - VBJDU18422021801 - INFO - 第 2 题
2018-09-26 15:58:36,659 - VBJDU18422021801 - INFO - 下列不属摇滚歌手的是？
2018-09-26 15:58:36,659 - VBJDU18422021801 - INFO - A.汪峰 B.赵雷 C.窦唯
2018-09-26 15:58:37,659 - VBJDU18422021801 - DEBUG - 在线检索答案
2018-09-26 15:58:37,659 - VBJDU18422021801 - INFO - 我的答案：赵雷
2018-09-26 15:58:39,581 - VBJDU18422021801 - DEBUG - 选择选项
2018-09-26 15:58:41,519 - VBJDU18422021801 - INFO - 答案正确
2018-09-26 15:58:41,519 - VBJDU18422021801 - DEBUG - 添加此题
2018-09-26 15:58:44,628 - VBJDU18422021801 - INFO - 本题结束
2018-09-26 15:58:44,628 - VBJDU18422021801 - DEBUG - 获取题目
2018-09-26 15:58:46,534 - VBJDU18422021801 - INFO - 第 3 题
2018-09-26 15:58:46,534 - VBJDU18422021801 - INFO - “生存还是毁灭，这是一个值得考虑的问题”出自莎士比亚哪部作品
2018-09-26 15:58:46,534 - VBJDU18422021801 - INFO - A.哈姆雷特 B.基督山伯爵 C.茶花女
2018-09-26 15:58:46,550 - VBJDU18422021801 - DEBUG - 数据库中检索答案
2018-09-26 15:58:46,550 - VBJDU18422021801 - INFO - 我的答案：哈姆雷特
2018-09-26 15:58:48,427 - VBJDU18422021801 - DEBUG - 选择选项
2018-09-26 15:58:50,666 - VBJDU18422021801 - INFO - 答案正确
2018-09-26 15:58:55,042 - VBJDU18422021801 - INFO - 本题结束
2018-09-26 15:58:55,042 - VBJDU18422021801 - DEBUG - 获取题目
2018-09-26 15:58:56,800 - VBJDU18422021801 - INFO - 第 4 题
2018-09-26 15:58:56,800 - VBJDU18422021801 - INFO - 写出“粉身碎骨全不怕，要留清白在人间”的人是？
2018-09-26 15:58:56,800 - VBJDU18422021801 - INFO - A.文天祥 B.于谦 C.王昌龄
2018-09-26 15:58:56,800 - VBJDU18422021801 - DEBUG - 数据库中检索答案
2018-09-26 15:58:56,800 - VBJDU18422021801 - INFO - 我的答案：于谦
2018-09-26 15:58:58,635 - VBJDU18422021801 - DEBUG - 选择选项
2018-09-26 15:59:00,641 - VBJDU18422021801 - INFO - 答案正确
2018-09-26 15:59:05,136 - VBJDU18422021801 - INFO - 本题结束
2018-09-26 15:59:05,136 - VBJDU18422021801 - DEBUG - 获取题目
2018-09-26 15:59:07,089 - VBJDU18422021801 - INFO - 第 5 题
2018-09-26 15:59:07,089 - VBJDU18422021801 - INFO - 以下哪种物质不是制造“飞天小女警”的原料？
2018-09-26 15:59:07,089 - VBJDU18422021801 - INFO - A.芝麻油 B.美好的味道 C.糖和香料
2018-09-26 15:59:07,089 - VBJDU18422021801 - DEBUG - 数据库中检索答案
2018-09-26 15:59:07,089 - VBJDU18422021801 - INFO - 我的答案：芝麻油
2018-09-26 15:59:08,800 - VBJDU18422021801 - DEBUG - 选择选项
2018-09-26 15:59:10,785 - VBJDU18422021801 - INFO - 答案正确
2018-09-26 15:59:19,521 - VBJDU18422021801 - INFO - 本题结束
2018-09-26 15:59:19,915 - VBJDU18422021801 - INFO - 比赛结果：第1名：1140分
2018-09-26 15:59:20,916 - VBJDU18422021801 - INFO - 本场比赛结束
2018-09-26 15:59:20,971 - VBJDU18422021801 - INFO - 返回游戏页面
2018-09-26 15:59:22,572 - VBJDU18422021801 - INFO - 进入排位赛
2018-09-26 15:59:22,572 - VBJDU18422021801 - INFO - 正在匹配中......
2018-09-26 15:59:38,074 - VBJDU18422021801 - INFO - 匹配成功
2018-09-26 15:59:38,074 - VBJDU18422021801 - DEBUG - 获取题目
2018-09-26 15:59:38,479 - VBJDU18422021801 - INFO - 第 1 题
2018-09-26 15:59:38,479 - VBJDU18422021801 - INFO - Y染色体是哪种遗传？
2018-09-26 15:59:38,479 - VBJDU18422021801 - INFO - A.隔代遗传 B.父系遗传 C.母系遗传
2018-09-26 15:59:39,833 - VBJDU18422021801 - DEBUG - 未检索到答案
2018-09-26 15:59:39,833 - VBJDU18422021801 - INFO - 我的答案：隔代遗传
2018-09-26 15:59:41,347 - VBJDU18422021801 - DEBUG - 选择选项
2018-09-26 15:59:43,399 - VBJDU18422021801 - INFO - 答案错误
2018-09-26 15:59:43,525 - VBJDU18422021801 - INFO - 正确答案；父系遗传
2018-09-26 15:59:43,540 - VBJDU18422021801 - DEBUG - 添加此题
2018-09-26 15:59:51,786 - VBJDU18422021801 - INFO - 本题结束
2018-09-26 15:59:51,801 - VBJDU18422021801 - DEBUG - 获取题目
2018-09-26 15:59:53,620 - VBJDU18422021801 - INFO - 第 2 题
2018-09-26 15:59:53,620 - VBJDU18422021801 - INFO - “利马”是哪个国家的首都？
2018-09-26 15:59:53,620 - VBJDU18422021801 - INFO - A.墨西哥 B.秘鲁 C.智利
2018-09-26 15:59:54,611 - VBJDU18422021801 - DEBUG - 在线检索答案
2018-09-26 15:59:54,611 - VBJDU18422021801 - INFO - 我的答案：秘鲁
2018-09-26 15:59:56,089 - VBJDU18422021801 - DEBUG - 选择选项
2018-09-26 15:59:58,128 - VBJDU18422021801 - INFO - 答案正确
2018-09-26 15:59:58,128 - VBJDU18422021801 - DEBUG - 添加此题
2018-09-26 16:00:00,424 - VBJDU18422021801 - INFO - 本题结束
2018-09-26 16:00:00,424 - VBJDU18422021801 - DEBUG - 获取题目
2018-09-26 16:00:02,228 - VBJDU18422021801 - INFO - 第 3 题
2018-09-26 16:00:02,228 - VBJDU18422021801 - INFO - Android系统是哪一年发布的
2018-09-26 16:00:02,228 - VBJDU18422021801 - INFO - A.2010年 B.2009年 C.2008年
2018-09-26 16:00:02,228 - VBJDU18422021801 - DEBUG - 数据库中检索答案
2018-09-26 16:00:02,228 - VBJDU18422021801 - INFO - 我的答案：2008年
2018-09-26 16:00:04,565 - VBJDU18422021801 - DEBUG - 选择选项
2018-09-26 16:00:06,596 - VBJDU18422021801 - INFO - 答案正确
2018-09-26 16:00:08,629 - VBJDU18422021801 - INFO - 本题结束
2018-09-26 16:00:08,629 - VBJDU18422021801 - DEBUG - 获取题目
2018-09-26 16:00:10,377 - VBJDU18422021801 - INFO - 第 4 题
2018-09-26 16:00:10,377 - VBJDU18422021801 - INFO - 正常男性的血红蛋白含量是多少g/L
2018-09-26 16:00:10,377 - VBJDU18422021801 - INFO - A.110~150 B.120~160 C.130~170
2018-09-26 16:00:10,377 - VBJDU18422021801 - DEBUG - 数据库中检索答案
2018-09-26 16:00:10,377 - VBJDU18422021801 - INFO - 我的答案：120~160
2018-09-26 16:00:12,301 - VBJDU18422021801 - DEBUG - 选择选项
2018-09-26 16:00:14,288 - VBJDU18422021801 - INFO - 答案正确
2018-09-26 16:00:16,988 - VBJDU18422021801 - INFO - 本题结束
2018-09-26 16:00:16,988 - VBJDU18422021801 - DEBUG - 获取题目
2018-09-26 16:00:18,838 - VBJDU18422021801 - INFO - 第 5 题
2018-09-26 16:00:18,838 - VBJDU18422021801 - INFO - 23的平方比13的平方大多少？
2018-09-26 16:00:18,838 - VBJDU18422021801 - INFO - A.360 B.100 C.144
2018-09-26 16:00:20,245 - VBJDU18422021801 - DEBUG - 在线检索答案
2018-09-26 16:00:20,245 - VBJDU18422021801 - INFO - 我的答案：100
2018-09-26 16:00:21,527 - VBJDU18422021801 - DEBUG - 选择选项
2018-09-26 16:00:23,542 - VBJDU18422021801 - INFO - 答案错误
2018-09-26 16:00:23,651 - VBJDU18422021801 - INFO - 正确答案；360
2018-09-26 16:00:23,651 - VBJDU18422021801 - DEBUG - 添加此题
2018-09-26 16:00:34,057 - VBJDU18422021801 - INFO - 本题结束
2018-09-26 16:00:34,433 - VBJDU18422021801 - INFO - 比赛结果：第2名：620分
2018-09-26 16:00:35,448 - VBJDU18422021801 - INFO - 本场比赛结束
2018-09-26 16:00:35,479 - VBJDU18422021801 - INFO - 返回游戏页面
2018-09-26 16:00:37,035 - VBJDU18422021801 - INFO - 进入排位赛
2018-09-26 16:00:37,035 - VBJDU18422021801 - INFO - 正在匹配中......
2018-09-26 16:01:04,752 - VBJDU18422021801 - INFO - 匹配成功
2018-09-26 16:01:04,752 - VBJDU18422021801 - DEBUG - 获取题目
2018-09-26 16:01:05,799 - VBJDU18422021801 - INFO - 第 1 题
2018-09-26 16:01:06,316 - VBJDU18422021801 - INFO - 扑克牌的J是代表
2018-09-26 16:01:06,316 - VBJDU18422021801 - INFO - A.绅士 B.骑士 C.王侯
2018-09-26 16:01:06,979 - VBJDU18422021801 - DEBUG - 在线检索答案
2018-09-26 16:01:06,995 - VBJDU18422021801 - INFO - 我的答案：骑士
2018-09-26 16:01:09,223 - VBJDU18422021801 - DEBUG - 选择选项
2018-09-26 16:01:11,363 - VBJDU18422021801 - INFO - 答案正确
2018-09-26 16:01:11,363 - VBJDU18422021801 - DEBUG - 添加此题
2018-09-26 16:01:13,516 - VBJDU18422021801 - INFO - 本题结束
2018-09-26 16:01:13,516 - VBJDU18422021801 - DEBUG - 获取题目
2018-09-26 16:01:15,323 - VBJDU18422021801 - INFO - 第 2 题
2018-09-26 16:01:15,323 - VBJDU18422021801 - INFO - “天生我材必有用，千金散尽还复来”是出自？
2018-09-26 16:01:15,323 - VBJDU18422021801 - INFO - A.《梦游天姥吟留别》 B.《将进酒》 C.《蜀道难》
2018-09-26 16:01:15,338 - VBJDU18422021801 - DEBUG - 数据库中检索答案
2018-09-26 16:01:15,338 - VBJDU18422021801 - INFO - 我的答案：《将进酒》
2018-09-26 16:01:16,550 - VBJDU18422021801 - DEBUG - 选择选项
2018-09-26 16:01:18,598 - VBJDU18422021801 - INFO - 答案正确
2018-09-26 16:01:21,426 - VBJDU18422021801 - INFO - 本题结束
2018-09-26 16:01:21,426 - VBJDU18422021801 - DEBUG - 获取题目
2018-09-26 16:01:23,385 - VBJDU18422021801 - INFO - 第 3 题
2018-09-26 16:01:23,385 - VBJDU18422021801 - INFO - 汽车后面的方向灯闪烁时，表示要。
2018-09-26 16:01:23,385 - VBJDU18422021801 - INFO - A.转弯 B.煞车 C.请后面的车辆先行
2018-09-26 16:01:23,385 - VBJDU18422021801 - DEBUG - 数据库中检索答案
2018-09-26 16:01:23,385 - VBJDU18422021801 - INFO - 我的答案：转弯
2018-09-26 16:01:25,551 - VBJDU18422021801 - DEBUG - 选择选项
2018-09-26 16:01:27,598 - VBJDU18422021801 - INFO - 答案正确
2018-09-26 16:01:30,596 - VBJDU18422021801 - INFO - 本题结束
2018-09-26 16:01:30,596 - VBJDU18422021801 - DEBUG - 获取题目
2018-09-26 16:01:32,478 - VBJDU18422021801 - INFO - 第 4 题
2018-09-26 16:01:32,478 - VBJDU18422021801 - INFO - 马可波罗在叙述中国时言过其实，因此人们叫他？
2018-09-26 16:01:32,478 - VBJDU18422021801 - INFO - A.百万先生 B.东郭先生 C.六一先生
2018-09-26 16:01:33,499 - VBJDU18422021801 - DEBUG - 在线检索答案
2018-09-26 16:01:33,499 - VBJDU18422021801 - INFO - 我的答案：百万先生
2018-09-26 16:01:34,879 - VBJDU18422021801 - DEBUG - 选择选项
2018-09-26 16:01:37,072 - VBJDU18422021801 - INFO - 答案正确
2018-09-26 16:01:37,072 - VBJDU18422021801 - DEBUG - 添加此题
2018-09-26 16:01:39,916 - VBJDU18422021801 - INFO - 本题结束
2018-09-26 16:01:39,916 - VBJDU18422021801 - DEBUG - 获取题目
2018-09-26 16:01:41,753 - VBJDU18422021801 - INFO - 第 5 题
2018-09-26 16:01:41,753 - VBJDU18422021801 - INFO - 一般情况下，女子体温会比男子体温怎样呢？
2018-09-26 16:01:41,753 - VBJDU18422021801 - INFO - A.略低 B.相当 C.稍高
2018-09-26 16:01:42,739 - VBJDU18422021801 - DEBUG - 在线检索答案
2018-09-26 16:01:42,739 - VBJDU18422021801 - INFO - 我的答案：稍高
2018-09-26 16:01:44,119 - VBJDU18422021801 - DEBUG - 选择选项
2018-09-26 16:01:46,392 - VBJDU18422021801 - INFO - 答案正确
2018-09-26 16:01:46,392 - VBJDU18422021801 - DEBUG - 添加此题
2018-09-26 16:01:47,974 - VBJDU18422021801 - INFO - 本题结束
2018-09-26 16:01:48,365 - VBJDU18422021801 - INFO - 比赛结果：第1名：1160分
2018-09-26 16:01:49,370 - VBJDU18422021801 - INFO - 本场比赛结束
2018-09-26 16:01:49,463 - VBJDU18422021801 - INFO - 返回游戏页面
2018-09-26 16:01:50,999 - VBJDU18422021801 - INFO - 进入排位赛
2018-09-26 16:01:50,999 - VBJDU18422021801 - INFO - 正在匹配中......
2018-09-26 16:01:58,675 - VBJDU18422021801 - INFO - 匹配成功
2018-09-26 16:01:58,675 - VBJDU18422021801 - DEBUG - 获取题目
2018-09-26 16:01:59,989 - VBJDU18422021801 - INFO - 第 1 题
2018-09-26 16:01:59,989 - VBJDU18422021801 - INFO - 过量的酒精会麻痹并抑制人体的哪个系统？
2018-09-26 16:01:59,989 - VBJDU18422021801 - INFO - A.循环系统 B.中枢神经系统 C.运动和内分泌系统
2018-09-26 16:02:01,065 - VBJDU18422021801 - DEBUG - 在线检索答案
2018-09-26 16:02:01,065 - VBJDU18422021801 - INFO - 我的答案：中枢神经系统
2018-09-26 16:02:02,589 - VBJDU18422021801 - DEBUG - 选择选项
2018-09-26 16:02:04,661 - VBJDU18422021801 - INFO - 答案正确
2018-09-26 16:02:04,661 - VBJDU18422021801 - DEBUG - 添加此题
2018-09-26 16:02:07,838 - VBJDU18422021801 - INFO - 本题结束
2018-09-26 16:02:07,838 - VBJDU18422021801 - DEBUG - 获取题目
2018-09-26 16:02:09,725 - VBJDU18422021801 - INFO - 第 2 题
2018-09-26 16:02:09,726 - VBJDU18422021801 - INFO - 以下哪个书院不属于中国古代四大书院之一
2018-09-26 16:02:09,726 - VBJDU18422021801 - INFO - A.武夷书院 B.嵩阳书院 C.岳麓书院
2018-09-26 16:02:09,735 - VBJDU18422021801 - DEBUG - 数据库中检索答案
2018-09-26 16:02:09,735 - VBJDU18422021801 - INFO - 我的答案：武夷书院
2018-09-26 16:02:11,535 - VBJDU18422021801 - DEBUG - 选择选项
2018-09-26 16:02:13,754 - VBJDU18422021801 - INFO - 答案错误
2018-09-26 16:02:13,956 - VBJDU18422021801 - DEBUG - 更新答案
2018-09-26 16:02:19,701 - VBJDU18422021801 - INFO - 本题结束
2018-09-26 16:02:19,702 - VBJDU18422021801 - DEBUG - 获取题目
2018-09-26 16:02:21,644 - VBJDU18422021801 - INFO - 第 3 题
2018-09-26 16:02:21,644 - VBJDU18422021801 - INFO - 最早的飞行器“风筝”是哪国的？
2018-09-26 16:02:21,644 - VBJDU18422021801 - INFO - A.中国 B.美国 C.德国
2018-09-26 16:02:22,439 - VBJDU18422021801 - DEBUG - 在线检索答案
2018-09-26 16:02:22,439 - VBJDU18422021801 - INFO - 我的答案：中国
2018-09-26 16:02:23,869 - VBJDU18422021801 - DEBUG - 选择选项
2018-09-26 16:02:25,929 - VBJDU18422021801 - INFO - 答案正确
2018-09-26 16:02:25,930 - VBJDU18422021801 - DEBUG - 添加此题
2018-09-26 16:02:27,838 - VBJDU18422021801 - INFO - 本题结束
2018-09-26 16:02:27,838 - VBJDU18422021801 - DEBUG - 获取题目
2018-09-26 16:02:29,883 - VBJDU18422021801 - INFO - 第 4 题
2018-09-26 16:02:29,883 - VBJDU18422021801 - INFO - 产后产妇出现排尿困难时以下做法错误的是哪个？
2018-09-26 16:02:29,883 - VBJDU18422021801 - INFO - A.禁止产妇听流水声 B.用热水袋敷压下腹 C.用温水冲洗尿道口
2018-09-26 16:02:29,883 - VBJDU18422021801 - DEBUG - 数据库中检索答案
2018-09-26 16:02:29,883 - VBJDU18422021801 - INFO - 我的答案：禁止产妇听流水声
2018-09-26 16:02:30,871 - VBJDU18422021801 - DEBUG - 选择选项
2018-09-26 16:02:33,003 - VBJDU18422021801 - INFO - 答案正确
2018-09-26 16:02:41,770 - VBJDU18422021801 - INFO - 本题结束
2018-09-26 16:02:41,770 - VBJDU18422021801 - DEBUG - 获取题目
2018-09-26 16:02:43,699 - VBJDU18422021801 - INFO - 第 5 题
2018-09-26 16:02:43,699 - VBJDU18422021801 - INFO - 林志颖版的电视剧《绝代双骄》中，花无缺由哪位男演员饰演？
2018-09-26 16:02:43,699 - VBJDU18422021801 - INFO - A.张卫健 B.苏有朋 C.谢霆锋
2018-09-26 16:02:43,699 - VBJDU18422021801 - DEBUG - 数据库中检索答案
2018-09-26 16:02:43,699 - VBJDU18422021801 - INFO - 我的答案：苏有朋
2018-09-26 16:02:45,573 - VBJDU18422021801 - DEBUG - 选择选项
2018-09-26 16:02:47,710 - VBJDU18422021801 - INFO - 答案正确
2018-09-26 16:02:54,505 - VBJDU18422021801 - INFO - 本题结束
2018-09-26 16:02:54,935 - VBJDU18422021801 - INFO - 比赛结果：第1名：1180分
2018-09-26 16:02:55,963 - VBJDU18422021801 - INFO - 本场比赛结束
2018-09-26 16:02:56,057 - VBJDU18422021801 - INFO - 返回游戏页面
2018-09-26 16:02:57,613 - VBJDU18422021801 - INFO - 进入排位赛
2018-09-26 16:02:57,613 - VBJDU18422021801 - INFO - 正在匹配中......
2018-09-26 16:36:14,865 - VBJDU18422021801 - INFO - 停止UC浏览器
2018-09-26 16:36:14,990 - VBJDU18422021801 - DEBUG - 返回主页面
2018-09-26 16:36:18,112 - VBJDU18422021801 - DEBUG - 打开UC浏览器
2018-09-26 16:36:20,334 - VBJDU18422021801 - DEBUG - 进入用户页面
2018-09-26 16:36:21,303 - VBJDU18422021801 - DEBUG - 进入游戏页面1
2018-09-26 16:36:23,184 - VBJDU18422021801 - DEBUG - 进入游戏页面2
2018-09-26 16:36:26,198 - VBJDU18422021801 - INFO - 选择游戏
2018-09-26 16:36:27,221 - VBJDU18422021801 - INFO - 进入排位赛
2018-09-26 16:36:27,222 - VBJDU18422021801 - INFO - 正在匹配中......
2018-09-26 16:36:59,034 - VBJDU18422021801 - INFO - 匹配成功
2018-09-26 16:36:59,035 - VBJDU18422021801 - DEBUG - 获取题目
2018-09-26 16:36:59,458 - VBJDU18422021801 - INFO - 第 1 题
2018-09-26 16:36:59,498 - VBJDU18422021801 - INFO - 一般用什么动物的羽毛来形容大雪纷飞？
2018-09-26 16:36:59,582 - VBJDU18422021801 - INFO - A.鹅毛 B.鸭毛 C.鸡毛
2018-09-26 16:37:00,397 - VBJDU18422021801 - DEBUG - 在线检索答案
2018-09-26 16:37:00,397 - VBJDU18422021801 - INFO - 我的答案：鹅毛
2018-09-26 16:37:01,783 - VBJDU18422021801 - DEBUG - 选择选项
2018-09-26 16:37:03,862 - VBJDU18422021801 - INFO - 答案正确
2018-09-26 16:37:03,864 - VBJDU18422021801 - DEBUG - 添加此题
2018-09-26 16:37:05,342 - VBJDU18422021801 - INFO - 本题结束
2018-09-26 16:37:05,358 - VBJDU18422021801 - DEBUG - 获取题目
2018-09-26 16:37:07,048 - VBJDU18422021801 - INFO - 第 2 题
2018-09-26 16:37:07,048 - VBJDU18422021801 - INFO - 新春伊始大团圆（打一字）
2018-09-26 16:37:07,060 - VBJDU18422021801 - INFO - A.茶 B.众 C.庆
2018-09-26 16:37:07,069 - VBJDU18422021801 - DEBUG - 数据库中检索答案
2018-09-26 16:37:07,069 - VBJDU18422021801 - INFO - 我的答案：庆
2018-09-26 16:37:08,717 - VBJDU18422021801 - DEBUG - 选择选项
2018-09-26 16:37:10,776 - VBJDU18422021801 - INFO - 答案正确
2018-09-26 16:37:17,369 - VBJDU18422021801 - INFO - 本题结束
2018-09-26 16:37:17,385 - VBJDU18422021801 - DEBUG - 获取题目
2018-09-26 16:37:19,373 - VBJDU18422021801 - INFO - 第 3 题
2018-09-26 16:37:19,387 - VBJDU18422021801 - INFO - 旧上海的霞飞路是指现在的哪条路？
2018-09-26 16:37:19,418 - VBJDU18422021801 - INFO - A.淮海路 B.北京路 C.中山路
2018-09-26 16:37:19,454 - VBJDU18422021801 - DEBUG - 数据库中检索答案
2018-09-26 16:37:19,454 - VBJDU18422021801 - INFO - 我的答案：淮海路
2018-09-26 16:37:21,647 - VBJDU18422021801 - DEBUG - 选择选项
2018-09-26 16:37:23,665 - VBJDU18422021801 - INFO - 答案正确
2018-09-26 16:37:26,806 - VBJDU18422021801 - INFO - 本题结束
2018-09-26 16:37:26,806 - VBJDU18422021801 - DEBUG - 获取题目
2018-09-26 16:37:28,668 - VBJDU18422021801 - INFO - 第 4 题
2018-09-26 16:37:28,671 - VBJDU18422021801 - INFO - 著名F1车手莱科宁来自哪个国家？
2018-09-26 16:37:28,704 - VBJDU18422021801 - INFO - A.芬兰 B.意大利 C.加拿大
2018-09-26 16:37:28,713 - VBJDU18422021801 - DEBUG - 数据库中检索答案
2018-09-26 16:37:28,713 - VBJDU18422021801 - INFO - 我的答案：芬兰
2018-09-26 16:37:29,939 - VBJDU18422021801 - DEBUG - 选择选项
2018-09-26 16:37:31,961 - VBJDU18422021801 - INFO - 答案正确
2018-09-26 16:37:35,338 - VBJDU18422021801 - INFO - 本题结束
2018-09-26 16:37:35,354 - VBJDU18422021801 - DEBUG - 获取题目
2018-09-26 16:37:37,205 - VBJDU18422021801 - INFO - 第 5 题
2018-09-26 16:37:37,210 - VBJDU18422021801 - INFO - 《三国演义》中谁最后统一了三国？
2018-09-26 16:37:37,212 - VBJDU18422021801 - INFO - A.司马炎 B.司马懿 C.司马迁
2018-09-26 16:37:38,256 - VBJDU18422021801 - DEBUG - 在线检索答案
2018-09-26 16:37:38,256 - VBJDU18422021801 - INFO - 我的答案：司马炎
2018-09-26 16:37:40,244 - VBJDU18422021801 - DEBUG - 选择选项
2018-09-26 16:37:42,469 - VBJDU18422021801 - INFO - 答案正确
2018-09-26 16:37:42,471 - VBJDU18422021801 - DEBUG - 添加此题
2018-09-26 16:37:46,101 - VBJDU18422021801 - INFO - 本题结束
2018-09-26 16:37:46,436 - VBJDU18422021801 - INFO - 比赛结果：第1名：1180分
2018-09-26 16:37:47,448 - VBJDU18422021801 - INFO - 本场比赛结束
2018-09-26 16:37:47,495 - VBJDU18422021801 - INFO - 返回游戏页面
2018-09-26 16:37:49,068 - VBJDU18422021801 - INFO - 进入排位赛
2018-09-26 16:37:49,069 - VBJDU18422021801 - INFO - 正在匹配中......
2018-09-26 16:38:08,334 - VBJDU18422021801 - INFO - 匹配成功
2018-09-26 16:38:08,334 - VBJDU18422021801 - DEBUG - 获取题目
2018-09-26 16:38:08,673 - VBJDU18422021801 - INFO - 第 1 题
2018-09-26 16:38:08,673 - VBJDU18422021801 - INFO - 吃粽子除了纪念屈原，还有一种说法是？
2018-09-26 16:38:08,681 - VBJDU18422021801 - INFO - A.幸福吉祥 B.治病防身 C.避邪驱瘟
2018-09-26 16:38:09,644 - VBJDU18422021801 - DEBUG - 在线检索答案
2018-09-26 16:38:09,644 - VBJDU18422021801 - INFO - 我的答案：避邪驱瘟
2018-09-26 16:38:11,984 - VBJDU18422021801 - DEBUG - 选择选项
2018-09-26 16:38:14,041 - VBJDU18422021801 - INFO - 答案正确
2018-09-26 16:38:14,047 - VBJDU18422021801 - DEBUG - 添加此题
2018-09-26 16:38:15,610 - VBJDU18422021801 - INFO - 本题结束
2018-09-26 16:38:15,627 - VBJDU18422021801 - DEBUG - 获取题目
2018-09-26 16:38:17,116 - VBJDU18422021801 - INFO - 第 2 题
2018-09-26 16:38:17,117 - VBJDU18422021801 - INFO - 汽车品牌中人们常说的BBA不包括哪个品牌？
2018-09-26 16:38:17,151 - VBJDU18422021801 - INFO - A.奥迪 B.奔驰 C.保时捷
2018-09-26 16:38:17,167 - VBJDU18422021801 - DEBUG - 数据库中检索答案
2018-09-26 16:38:17,167 - VBJDU18422021801 - INFO - 我的答案：保时捷
2018-09-26 16:38:18,929 - VBJDU18422021801 - DEBUG - 选择选项
2018-09-26 16:38:20,978 - VBJDU18422021801 - INFO - 答案正确
2018-09-26 16:38:27,063 - VBJDU18422021801 - INFO - 本题结束
2018-09-26 16:38:27,063 - VBJDU18422021801 - DEBUG - 获取题目
2018-09-26 16:38:28,923 - VBJDU18422021801 - INFO - 第 3 题
2018-09-26 16:38:28,923 - VBJDU18422021801 - INFO - 哪个国家是世界上火山最多的国家？
2018-09-26 16:38:28,927 - VBJDU18422021801 - INFO - A.日本 B.印度尼西亚 C.马累
2018-09-26 16:38:30,018 - VBJDU18422021801 - DEBUG - 在线检索答案
2018-09-26 16:38:30,018 - VBJDU18422021801 - INFO - 我的答案：印度尼西亚
2018-09-26 16:38:32,071 - VBJDU18422021801 - DEBUG - 选择选项
2018-09-26 16:38:34,193 - VBJDU18422021801 - INFO - 答案正确
2018-09-26 16:38:34,205 - VBJDU18422021801 - DEBUG - 添加此题
2018-09-26 16:38:35,008 - VBJDU18422021801 - INFO - 本题结束
2018-09-26 16:38:35,008 - VBJDU18422021801 - DEBUG - 获取题目
2018-09-26 16:38:37,006 - VBJDU18422021801 - INFO - 第 4 题
2018-09-26 16:38:37,006 - VBJDU18422021801 - INFO - “周扒皮”是哪位著名作家笔下的恶霸地主？
2018-09-26 16:38:37,069 - VBJDU18422021801 - INFO - A.老舍 B.高玉宝 C.巴金
2018-09-26 16:38:37,868 - VBJDU18422021801 - DEBUG - 在线检索答案
2018-09-26 16:38:37,868 - VBJDU18422021801 - INFO - 我的答案：高玉宝
2018-09-26 16:38:39,362 - VBJDU18422021801 - DEBUG - 选择选项
2018-09-26 16:38:41,363 - VBJDU18422021801 - INFO - 答案正确
2018-09-26 16:38:41,374 - VBJDU18422021801 - DEBUG - 添加此题
2018-09-26 16:38:47,011 - VBJDU18422021801 - INFO - 本题结束
2018-09-26 16:38:47,011 - VBJDU18422021801 - DEBUG - 获取题目
2018-09-26 16:38:48,941 - VBJDU18422021801 - INFO - 第 5 题
2018-09-26 16:38:48,941 - VBJDU18422021801 - INFO - 形象是指能引起人的思想或感情活动的具体形态或：
2018-09-26 16:38:48,948 - VBJDU18422021801 - INFO - A.姿态 B.形态 C.动态
2018-09-26 16:38:48,968 - VBJDU18422021801 - DEBUG - 数据库中检索答案
2018-09-26 16:38:48,968 - VBJDU18422021801 - INFO - 我的答案：姿态
2018-09-26 16:38:50,880 - VBJDU18422021801 - DEBUG - 选择选项
2018-09-26 16:38:53,003 - VBJDU18422021801 - INFO - 答案正确
2018-09-26 16:38:56,214 - VBJDU18422021801 - INFO - 本题结束
2018-09-26 16:38:56,639 - VBJDU18422021801 - INFO - 比赛结果：第1名：1160分
2018-09-26 16:38:57,642 - VBJDU18422021801 - INFO - 本场比赛结束
2018-09-26 16:38:57,738 - VBJDU18422021801 - INFO - 返回游戏页面
2018-09-26 16:38:59,309 - VBJDU18422021801 - INFO - 进入排位赛
2018-09-26 16:38:59,309 - VBJDU18422021801 - INFO - 正在匹配中......
2018-09-26 16:39:43,438 - VBJDU18422021801 - INFO - 匹配成功
2018-09-26 16:39:43,438 - VBJDU18422021801 - DEBUG - 获取题目
2018-09-26 16:39:43,783 - VBJDU18422021801 - INFO - 第 1 题
2018-09-26 16:39:44,864 - VBJDU18422021801 - INFO - 一只工蜂找到蜜源后，会跳起“8”字舞来招引伙伴，说明蜜蜂具有什么行为？
2018-09-26 16:39:44,870 - VBJDU18422021801 - INFO - A.繁殖行为 B.攻击行为 C.社群(会)行为
2018-09-26 16:39:44,902 - VBJDU18422021801 - DEBUG - 数据库中检索答案
2018-09-26 16:39:44,902 - VBJDU18422021801 - INFO - 我的答案：社群(会)行为
2018-09-26 16:39:46,835 - VBJDU18422021801 - DEBUG - 选择选项
2018-09-26 16:39:48,844 - VBJDU18422021801 - INFO - 答案正确
2018-09-26 16:39:52,965 - VBJDU18422021801 - INFO - 本题结束
2018-09-26 16:39:52,968 - VBJDU18422021801 - DEBUG - 获取题目
2018-09-26 16:39:54,860 - VBJDU18422021801 - INFO - 第 2 题
2018-09-26 16:39:54,862 - VBJDU18422021801 - INFO - 在3D动画电影《西游记之大圣归来》中，孙悟空的封印是谁解除的？
2018-09-26 16:39:54,869 - VBJDU18422021801 - INFO - A.观音 B.如来 C.江流儿
2018-09-26 16:39:54,899 - VBJDU18422021801 - DEBUG - 数据库中检索答案
2018-09-26 16:39:54,899 - VBJDU18422021801 - INFO - 我的答案：江流儿
2018-09-26 16:39:55,998 - VBJDU18422021801 - DEBUG - 选择选项
2018-09-26 16:39:58,163 - VBJDU18422021801 - INFO - 答案正确
2018-09-26 16:40:02,393 - VBJDU18422021801 - INFO - 本题结束
2018-09-26 16:40:02,395 - VBJDU18422021801 - DEBUG - 获取题目
2018-09-26 16:40:06,867 - VBJDU18422021801 - INFO - 第 3 题
2018-09-26 16:40:06,870 - VBJDU18422021801 - INFO - "宣德炉"是一种：
2018-09-26 16:40:06,873 - VBJDU18422021801 - INFO - A.陶器 B.瓷器 C.金属器皿
2018-09-26 16:40:29,016 - VBJDU18422021801 - DEBUG - 未检索到答案
2018-09-26 16:40:29,017 - VBJDU18422021801 - INFO - 我的答案：陶器
2018-09-26 16:40:51,191 - VBJDU18422021801 - ERROR - -32002 Client error: <> data: , method: None
2018-09-26 16:40:51,193 - VBJDU18422021801 - DEBUG - 获取题目
2018-09-26 16:47:08,451 - VBJDU18422021801 - INFO - 停止UC浏览器
2018-09-26 16:47:08,498 - VBJDU18422021801 - DEBUG - 返回主页面
2018-09-26 16:47:09,004 - VBJDU18422021801 - DEBUG - 打开UC浏览器
2018-09-26 16:47:11,042 - VBJDU18422021801 - DEBUG - 进入用户页面
2018-09-26 16:47:12,074 - VBJDU18422021801 - DEBUG - 进入游戏页面1
2018-09-26 16:47:13,963 - VBJDU18422021801 - DEBUG - 进入游戏页面2
2018-09-26 16:47:15,796 - VBJDU18422021801 - INFO - 选择游戏
2018-09-26 16:47:16,937 - VBJDU18422021801 - INFO - 进入排位赛
2018-09-26 16:47:16,949 - VBJDU18422021801 - INFO - 正在匹配中......
2018-09-26 16:47:36,061 - VBJDU18422021801 - INFO - 匹配成功
2018-09-26 16:47:36,063 - VBJDU18422021801 - DEBUG - 获取题目
2018-09-26 16:47:36,443 - VBJDU18422021801 - INFO - 第 1 题
2018-09-26 16:47:36,456 - VBJDU18422021801 - INFO - 杨幂和刘恺威的婚礼在哪举行？
2018-09-26 16:47:36,488 - VBJDU18422021801 - INFO - A.香格里拉 B.巴厘岛 C.大理
2018-09-26 16:47:36,496 - VBJDU18422021801 - DEBUG - 数据库中检索答案
2018-09-26 16:47:36,496 - VBJDU18422021801 - INFO - 我的答案：巴厘岛
2018-09-26 16:47:38,524 - VBJDU18422021801 - DEBUG - 选择选项
2018-09-26 16:47:40,474 - VBJDU18422021801 - INFO - 答案正确
2018-09-26 16:47:44,253 - VBJDU18422021801 - INFO - 本题结束
2018-09-26 16:47:44,260 - VBJDU18422021801 - DEBUG - 获取题目
2018-09-26 16:47:46,129 - VBJDU18422021801 - INFO - 第 2 题
2018-09-26 16:47:46,143 - VBJDU18422021801 - INFO - 在名目繁多的乒乓球比赛中，最负盛名的是哪个？
2018-09-26 16:47:46,145 - VBJDU18422021801 - INFO - A.洲际乒乓球锦标赛 B.世界乒乓球锦标赛 C.国际乒乓球锦标赛
2018-09-26 16:47:46,185 - VBJDU18422021801 - DEBUG - 数据库中检索答案
2018-09-26 16:47:46,185 - VBJDU18422021801 - INFO - 我的答案：世界乒乓球锦标赛
2018-09-26 16:47:47,288 - VBJDU18422021801 - DEBUG - 选择选项
2018-09-26 16:47:49,262 - VBJDU18422021801 - INFO - 答案正确
2018-09-26 16:47:53,676 - VBJDU18422021801 - INFO - 本题结束
2018-09-26 16:47:53,692 - VBJDU18422021801 - DEBUG - 获取题目
2018-09-26 16:47:55,718 - VBJDU18422021801 - INFO - 第 3 题
2018-09-26 16:47:55,728 - VBJDU18422021801 - INFO - 注册商标的期限为几年
2018-09-26 16:47:55,730 - VBJDU18422021801 - INFO - A.10 B.5 C.3
2018-09-26 16:47:57,403 - VBJDU18422021801 - DEBUG - 在线检索答案
2018-09-26 16:47:57,403 - VBJDU18422021801 - INFO - 我的答案：10
2018-09-26 16:47:58,635 - VBJDU18422021801 - DEBUG - 选择选项
2018-09-26 16:48:00,607 - VBJDU18422021801 - INFO - 答案正确
2018-09-26 16:48:00,607 - VBJDU18422021801 - DEBUG - 添加此题
2018-09-26 16:48:02,131 - VBJDU18422021801 - INFO - 本题结束
2018-09-26 16:48:02,132 - VBJDU18422021801 - DEBUG - 获取题目
2018-09-26 16:48:03,978 - VBJDU18422021801 - INFO - 第 4 题
2018-09-26 16:48:03,986 - VBJDU18422021801 - INFO - 世界上第一位机器人索菲亚，她被授予哪个国家的国籍？
2018-09-26 16:48:04,019 - VBJDU18422021801 - INFO - A.日本 B.沙特 C.英国
2018-09-26 16:48:04,026 - VBJDU18422021801 - DEBUG - 数据库中检索答案
2018-09-26 16:48:04,026 - VBJDU18422021801 - INFO - 我的答案：沙特
2018-09-26 16:48:05,440 - VBJDU18422021801 - DEBUG - 选择选项
2018-09-26 16:48:07,524 - VBJDU18422021801 - INFO - 答案正确
2018-09-26 16:48:14,483 - VBJDU18422021801 - INFO - 本题结束
2018-09-26 16:48:14,484 - VBJDU18422021801 - DEBUG - 获取题目
2018-09-26 16:48:16,367 - VBJDU18422021801 - INFO - 第 5 题
2018-09-26 16:48:16,367 - VBJDU18422021801 - INFO - 下列不是海带具有的功效是？
2018-09-26 16:48:16,379 - VBJDU18422021801 - INFO - A.明目去疲劳 B.增加饱腹感 C.降低血压
2018-09-26 16:48:17,894 - VBJDU18422021801 - DEBUG - 在线检索答案
2018-09-26 16:48:17,894 - VBJDU18422021801 - INFO - 我的答案：明目去疲劳
2018-09-26 16:48:19,221 - VBJDU18422021801 - DEBUG - 选择选项
2018-09-26 16:48:21,254 - VBJDU18422021801 - INFO - 答案正确
2018-09-26 16:48:21,265 - VBJDU18422021801 - DEBUG - 添加此题
2018-09-26 16:48:28,330 - VBJDU18422021801 - INFO - 本题结束
2018-09-26 16:48:28,769 - VBJDU18422021801 - INFO - 比赛结果：第1名：1180分
2018-09-26 16:48:29,786 - VBJDU18422021801 - INFO - 本场比赛结束
2018-09-26 16:48:29,938 - VBJDU18422021801 - INFO - 返回游戏页面
2018-09-26 16:48:31,469 - VBJDU18422021801 - INFO - 进入排位赛
2018-09-26 16:48:31,470 - VBJDU18422021801 - INFO - 正在匹配中......
2018-09-26 16:48:41,656 - VBJDU18422021801 - INFO - 匹配成功
2018-09-26 16:48:41,657 - VBJDU18422021801 - DEBUG - 获取题目
2018-09-26 16:48:42,000 - VBJDU18422021801 - INFO - 第 1 题
2018-09-26 16:48:42,009 - VBJDU18422021801 - INFO - 表示颜色时，英文单词“white”的反义词是哪个英文？
2018-09-26 16:48:42,012 - VBJDU18422021801 - INFO - A.red B.black C.blue
2018-09-26 16:48:42,052 - VBJDU18422021801 - DEBUG - 数据库中检索答案
2018-09-26 16:48:42,052 - VBJDU18422021801 - INFO - 我的答案：black
2018-09-26 16:48:44,316 - VBJDU18422021801 - DEBUG - 选择选项
2018-09-26 16:48:46,371 - VBJDU18422021801 - INFO - 答案正确
2018-09-26 16:48:47,245 - VBJDU18422021801 - INFO - 本题结束
2018-09-26 16:48:47,258 - VBJDU18422021801 - DEBUG - 获取题目
2018-09-26 16:48:49,087 - VBJDU18422021801 - INFO - 第 2 题
2018-09-26 16:48:49,088 - VBJDU18422021801 - INFO - 著名的《女史箴图》是东晋时期哪位著名画家的作品？
2018-09-26 16:48:49,091 - VBJDU18422021801 - INFO - A.顾恺之 B.吴道子 C.阎立本
2018-09-26 16:48:50,258 - VBJDU18422021801 - DEBUG - 在线检索答案
2018-09-26 16:48:50,258 - VBJDU18422021801 - INFO - 我的答案：顾恺之
2018-09-26 16:48:51,437 - VBJDU18422021801 - DEBUG - 选择选项
2018-09-26 16:48:53,540 - VBJDU18422021801 - INFO - 答案正确
2018-09-26 16:48:53,543 - VBJDU18422021801 - DEBUG - 添加此题
2018-09-26 16:48:55,650 - VBJDU18422021801 - INFO - 本题结束
2018-09-26 16:48:55,662 - VBJDU18422021801 - DEBUG - 获取题目
2018-09-26 16:48:57,592 - VBJDU18422021801 - INFO - 第 3 题
2018-09-26 16:48:57,593 - VBJDU18422021801 - INFO - 常说的北欧5国，不包括以下哪个国家？
2018-09-26 16:48:57,596 - VBJDU18422021801 - INFO - A.丹麦 B.瑞士 C.挪威
2018-09-26 16:48:58,730 - VBJDU18422021801 - DEBUG - 在线检索答案
2018-09-26 16:48:58,730 - VBJDU18422021801 - INFO - 我的答案：瑞士
2018-09-26 16:49:00,427 - VBJDU18422021801 - DEBUG - 选择选项
2018-09-26 16:49:02,448 - VBJDU18422021801 - INFO - 答案正确
2018-09-26 16:49:02,455 - VBJDU18422021801 - DEBUG - 添加此题
2018-09-26 16:49:05,528 - VBJDU18422021801 - INFO - 本题结束
2018-09-26 16:49:05,528 - VBJDU18422021801 - DEBUG - 获取题目
2018-09-26 16:49:07,453 - VBJDU18422021801 - INFO - 第 4 题
2018-09-26 16:49:07,463 - VBJDU18422021801 - INFO - 黄包袱，包黑豆，尝一口，甜水流。(打一植物)
2018-09-26 16:49:07,503 - VBJDU18422021801 - INFO - A.梨 B.菠菜 C.佛手
2018-09-26 16:49:07,519 - VBJDU18422021801 - DEBUG - 数据库中检索答案
2018-09-26 16:49:07,519 - VBJDU18422021801 - INFO - 我的答案：梨
2018-09-26 16:49:09,190 - VBJDU18422021801 - DEBUG - 选择选项
2018-09-26 16:49:11,259 - VBJDU18422021801 - INFO - 答案正确
2018-09-26 16:49:15,417 - VBJDU18422021801 - INFO - 本题结束
2018-09-26 16:49:15,418 - VBJDU18422021801 - DEBUG - 获取题目
2018-09-26 16:49:17,183 - VBJDU18422021801 - INFO - 第 5 题
2018-09-26 16:49:17,186 - VBJDU18422021801 - INFO - 日本「成人之日」是为了祝贺年满多少岁的青年而举行的仪式？
2018-09-26 16:49:17,220 - VBJDU18422021801 - INFO - A.20 岁 B.22 岁 C.16 岁
2018-09-26 16:49:17,231 - VBJDU18422021801 - DEBUG - 数据库中检索答案
2018-09-26 16:49:17,231 - VBJDU18422021801 - INFO - 我的答案：20 岁
2018-09-26 16:49:18,689 - VBJDU18422021801 - DEBUG - 选择选项
2018-09-26 16:49:20,716 - VBJDU18422021801 - INFO - 答案正确
2018-09-26 16:49:32,483 - VBJDU18422021801 - INFO - 本题结束
2018-09-26 16:49:32,834 - VBJDU18422021801 - INFO - 比赛结果：第1名：1170分
2018-09-26 16:49:33,849 - VBJDU18422021801 - INFO - 本场比赛结束
2018-09-26 16:49:33,892 - VBJDU18422021801 - INFO - 返回游戏页面
2018-09-26 16:49:35,455 - VBJDU18422021801 - INFO - 进入排位赛
2018-09-26 16:49:35,460 - VBJDU18422021801 - INFO - 正在匹配中......
2018-09-26 16:50:22,663 - VBJDU18422021801 - INFO - 匹配成功
2018-09-26 16:50:22,677 - VBJDU18422021801 - DEBUG - 获取题目
2018-09-26 16:50:22,905 - VBJDU18422021801 - INFO - 第 1 题
2018-09-26 16:50:22,915 - VBJDU18422021801 - INFO - Beyond乐队属于哪种类型的乐队？
2018-09-26 16:50:22,917 - VBJDU18422021801 - INFO - A.管弦乐队 B.摇滚乐队 C.电声乐队
2018-09-26 16:50:24,063 - VBJDU18422021801 - DEBUG - 在线检索答案
2018-09-26 16:50:24,063 - VBJDU18422021801 - INFO - 我的答案：摇滚乐队
2018-09-26 16:50:25,901 - VBJDU18422021801 - DEBUG - 选择选项
2018-09-26 16:50:27,873 - VBJDU18422021801 - INFO - 答案正确
2018-09-26 16:50:27,887 - VBJDU18422021801 - DEBUG - 添加此题
2018-09-26 16:50:29,177 - VBJDU18422021801 - INFO - 本题结束
2018-09-26 16:50:29,193 - VBJDU18422021801 - DEBUG - 获取题目
2018-09-26 16:50:30,757 - VBJDU18422021801 - INFO - 第 2 题
2018-09-26 16:50:30,758 - VBJDU18422021801 - INFO - 在目前的世界围棋大赛中，中国人出资举办的有应氏杯和（）两项赛事。
2018-09-26 16:50:30,766 - VBJDU18422021801 - INFO - A.春兰杯 B.富士通杯 C.LG杯
2018-09-26 16:50:30,782 - VBJDU18422021801 - DEBUG - 数据库中检索答案
2018-09-26 16:50:30,782 - VBJDU18422021801 - INFO - 我的答案：春兰杯
2018-09-26 16:50:32,027 - VBJDU18422021801 - DEBUG - 选择选项
2018-09-26 16:50:34,055 - VBJDU18422021801 - INFO - 答案正确
2018-09-26 16:50:38,170 - VBJDU18422021801 - INFO - 本题结束
2018-09-26 16:50:38,175 - VBJDU18422021801 - DEBUG - 获取题目
2018-09-26 16:50:40,073 - VBJDU18422021801 - INFO - 第 3 题
2018-09-26 16:50:40,090 - VBJDU18422021801 - INFO - 在《祭灶节》这一天，家庭贴出的对联上天言好事的下联是什么？
2018-09-26 16:50:40,095 - VBJDU18422021801 - INFO - A.入地保吉祥 B.入地言吉祥 C.下界保平安
2018-09-26 16:50:40,827 - VBJDU18422021801 - DEBUG - 在线检索答案
2018-09-26 16:50:40,827 - VBJDU18422021801 - INFO - 我的答案：下界保平安
2018-09-26 16:50:43,122 - VBJDU18422021801 - DEBUG - 选择选项
2018-09-26 16:50:45,108 - VBJDU18422021801 - INFO - 答案正确
2018-09-26 16:50:45,120 - VBJDU18422021801 - DEBUG - 添加此题
2018-09-26 16:50:48,440 - VBJDU18422021801 - INFO - 本题结束
2018-09-26 16:50:48,443 - VBJDU18422021801 - DEBUG - 获取题目
2018-09-26 16:50:50,289 - VBJDU18422021801 - INFO - 第 4 题
2018-09-26 16:50:50,289 - VBJDU18422021801 - INFO - 歌手陈粒推出的首张个人音乐专辑叫什么？
2018-09-26 16:50:50,327 - VBJDU18422021801 - INFO - A.《一万个舍不得》 B.《如也》 C.《G.E.M.》
2018-09-26 16:50:50,338 - VBJDU18422021801 - DEBUG - 数据库中检索答案
2018-09-26 16:50:50,338 - VBJDU18422021801 - INFO - 我的答案：《如也》
2018-09-26 16:50:51,952 - VBJDU18422021801 - DEBUG - 选择选项
2018-09-26 16:50:54,038 - VBJDU18422021801 - INFO - 答案正确
2018-09-26 16:50:57,990 - VBJDU18422021801 - INFO - 本题结束
2018-09-26 16:50:57,991 - VBJDU18422021801 - DEBUG - 获取题目
2018-09-26 16:50:59,801 - VBJDU18422021801 - INFO - 第 5 题
2018-09-26 16:50:59,809 - VBJDU18422021801 - INFO - “年年乞与人间巧，不道人间巧已多。”在古代，以下哪个不是七夕节的别称？
2018-09-26 16:50:59,815 - VBJDU18422021801 - INFO - A.女儿节 B.乞巧节 C.情人节
2018-09-26 16:50:59,837 - VBJDU18422021801 - DEBUG - 数据库中检索答案
2018-09-26 16:50:59,837 - VBJDU18422021801 - INFO - 我的答案：情人节
2018-09-26 16:51:01,716 - VBJDU18422021801 - DEBUG - 选择选项
2018-09-26 16:51:03,973 - VBJDU18422021801 - INFO - 答案正确
2018-09-26 16:51:11,024 - VBJDU18422021801 - INFO - 本题结束
2018-09-26 16:51:11,340 - VBJDU18422021801 - INFO - 比赛结果：第1名：1180分
2018-09-26 16:51:12,355 - VBJDU18422021801 - INFO - 本场比赛结束
2018-09-26 16:51:12,388 - VBJDU18422021801 - INFO - 返回游戏页面
2018-09-26 16:51:13,954 - VBJDU18422021801 - INFO - 进入排位赛
2018-09-26 16:51:13,961 - VBJDU18422021801 - INFO - 正在匹配中......
2018-09-26 16:51:39,359 - VBJDU18422021801 - INFO - 匹配成功
2018-09-26 16:51:39,359 - VBJDU18422021801 - DEBUG - 获取题目
2018-09-26 16:51:39,729 - VBJDU18422021801 - INFO - 第 1 题
2018-09-26 16:51:39,733 - VBJDU18422021801 - INFO - 以下哪个是脸上起痘的正确治疗方法？
2018-09-26 16:51:39,767 - VBJDU18422021801 - INFO - A.吃好的，对自己好一点 B.村头老中医专治痘痘肌 C.去正规医院挂皮肤科
2018-09-26 16:51:40,715 - VBJDU18422021801 - DEBUG - 未检索到答案
2018-09-26 16:51:40,715 - VBJDU18422021801 - INFO - 我的答案：吃好的，对自己好一点
2018-09-26 16:51:43,140 - VBJDU18422021801 - DEBUG - 选择选项
2018-09-26 16:51:45,170 - VBJDU18422021801 - INFO - 答案错误
2018-09-26 16:51:45,495 - VBJDU18422021801 - INFO - 正确答案；去正规医院挂皮肤科
2018-09-26 16:51:45,497 - VBJDU18422021801 - DEBUG - 添加此题
2018-09-26 16:51:47,894 - VBJDU18422021801 - INFO - 本题结束
2018-09-26 16:51:47,910 - VBJDU18422021801 - DEBUG - 获取题目
2018-09-26 16:51:49,695 - VBJDU18422021801 - INFO - 第 2 题
2018-09-26 16:51:49,697 - VBJDU18422021801 - INFO - 科学巨著《时间简史》是谁的著作？
2018-09-26 16:51:49,700 - VBJDU18422021801 - INFO - A.霍金 B.爱迪生 C.爱因斯坦
2018-09-26 16:51:49,724 - VBJDU18422021801 - DEBUG - 数据库中检索答案
2018-09-26 16:51:49,724 - VBJDU18422021801 - INFO - 我的答案：霍金
2018-09-26 16:51:51,326 - VBJDU18422021801 - DEBUG - 选择选项
2018-09-26 16:51:53,365 - VBJDU18422021801 - INFO - 答案正确
2018-09-26 16:51:55,943 - VBJDU18422021801 - INFO - 本题结束
2018-09-26 16:51:55,952 - VBJDU18422021801 - DEBUG - 获取题目
2018-09-26 16:51:57,861 - VBJDU18422021801 - INFO - 第 3 题
2018-09-26 16:51:57,865 - VBJDU18422021801 - INFO - 狗在人类的生活中有重要的作用，如大丹犬能作为什么犬帮助人类？
2018-09-26 16:51:57,868 - VBJDU18422021801 - INFO - A.工作犬 B.畜牧犬 C.狩猎犬
2018-09-26 16:51:57,888 - VBJDU18422021801 - DEBUG - 数据库中检索答案
2018-09-26 16:51:57,890 - VBJDU18422021801 - INFO - 我的答案：工作犬
2018-09-26 16:51:59,660 - VBJDU18422021801 - DEBUG - 选择选项
2018-09-26 16:52:01,634 - VBJDU18422021801 - INFO - 答案正确
2018-09-26 16:52:05,512 - VBJDU18422021801 - INFO - 本题结束
2018-09-26 16:52:05,512 - VBJDU18422021801 - DEBUG - 获取题目
2018-09-26 16:52:07,437 - VBJDU18422021801 - INFO - 第 4 题
2018-09-26 16:52:07,443 - VBJDU18422021801 - INFO - 以下哪一个国家的菜系有“西餐之母”的美称？
2018-09-26 16:52:07,445 - VBJDU18422021801 - INFO - A.意大利菜 B.德国菜 C.法国菜
2018-09-26 16:52:08,096 - VBJDU18422021801 - DEBUG - 在线检索答案
2018-09-26 16:52:08,112 - VBJDU18422021801 - INFO - 我的答案：意大利菜
2018-09-26 16:52:09,949 - VBJDU18422021801 - DEBUG - 选择选项
2018-09-26 16:52:11,931 - VBJDU18422021801 - INFO - 答案正确
2018-09-26 16:52:11,943 - VBJDU18422021801 - DEBUG - 添加此题
2018-09-26 16:52:15,463 - VBJDU18422021801 - INFO - 本题结束
2018-09-26 16:52:15,471 - VBJDU18422021801 - DEBUG - 获取题目
2018-09-26 16:52:17,445 - VBJDU18422021801 - INFO - 第 5 题
2018-09-26 16:52:17,452 - VBJDU18422021801 - INFO - 《魁拔》系列是哪个国家制作的动画？
2018-09-26 16:52:17,454 - VBJDU18422021801 - INFO - A.中国 B.日本 C.美国
2018-09-26 16:52:17,941 - VBJDU18422021801 - DEBUG - 在线检索答案
2018-09-26 16:52:17,941 - VBJDU18422021801 - INFO - 我的答案：中国
2018-09-26 16:52:19,217 - VBJDU18422021801 - DEBUG - 选择选项
2018-09-26 16:52:21,254 - VBJDU18422021801 - INFO - 答案正确
2018-09-26 16:52:21,258 - VBJDU18422021801 - DEBUG - 添加此题
2018-09-26 16:52:26,305 - VBJDU18422021801 - INFO - 本题结束
2018-09-26 16:52:26,685 - VBJDU18422021801 - INFO - 比赛结果：第1名：950分
2018-09-26 16:52:27,698 - VBJDU18422021801 - INFO - 本场比赛结束
2018-09-26 16:52:27,740 - VBJDU18422021801 - INFO - 返回游戏页面
2018-09-26 16:52:29,246 - VBJDU18422021801 - INFO - 进入排位赛
2018-09-26 16:52:29,260 - VBJDU18422021801 - INFO - 正在匹配中......
2018-09-26 16:52:52,939 - VBJDU18422021801 - INFO - 匹配成功
2018-09-26 16:52:52,949 - VBJDU18422021801 - DEBUG - 获取题目
2018-09-26 16:52:53,310 - VBJDU18422021801 - INFO - 第 1 题
2018-09-26 16:52:53,312 - VBJDU18422021801 - INFO - 老版电视剧《还珠格格》第三部中，饰演“小燕子”的是哪位女星？
2018-09-26 16:52:53,348 - VBJDU18422021801 - INFO - A.黄奕 B.黄圣依 C.黄韵玲
2018-09-26 16:52:53,360 - VBJDU18422021801 - DEBUG - 数据库中检索答案
2018-09-26 16:52:53,360 - VBJDU18422021801 - INFO - 我的答案：黄奕
2018-09-26 16:52:55,779 - VBJDU18422021801 - DEBUG - 选择选项
2018-09-26 16:52:57,848 - VBJDU18422021801 - INFO - 答案正确
2018-09-26 16:53:07,828 - VBJDU18422021801 - INFO - 本题结束
2018-09-26 16:53:07,829 - VBJDU18422021801 - DEBUG - 获取题目
2018-09-26 16:53:09,825 - VBJDU18422021801 - INFO - 第 2 题
2018-09-26 16:53:09,835 - VBJDU18422021801 - INFO - 歌曲《栀子花开》是谁的代表作？
2018-09-26 16:53:09,836 - VBJDU18422021801 - INFO - A.何炅 B.杜海涛 C.李维嘉
2018-09-26 16:53:10,771 - VBJDU18422021801 - DEBUG - 在线检索答案
2018-09-26 16:53:10,771 - VBJDU18422021801 - INFO - 我的答案：何炅
2018-09-26 16:53:12,733 - VBJDU18422021801 - DEBUG - 选择选项
2018-09-26 16:53:14,793 - VBJDU18422021801 - INFO - 答案正确
2018-09-26 16:53:14,798 - VBJDU18422021801 - DEBUG - 添加此题
2018-09-26 16:53:19,864 - VBJDU18422021801 - INFO - 本题结束
2018-09-26 16:53:19,865 - VBJDU18422021801 - DEBUG - 获取题目
2018-09-26 16:53:21,869 - VBJDU18422021801 - INFO - 第 3 题
2018-09-26 16:53:21,870 - VBJDU18422021801 - INFO - “地三鲜”是一道东北传统名菜，一般是将哪三样炒在一起？
2018-09-26 16:53:21,919 - VBJDU18422021801 - INFO - A.土豆、黄瓜和白菜 B.土豆、茄子和青椒 C.豆芽、茄子和青椒
2018-09-26 16:53:21,936 - VBJDU18422021801 - DEBUG - 数据库中检索答案
2018-09-26 16:53:21,936 - VBJDU18422021801 - INFO - 我的答案：土豆、茄子和青椒
2018-09-26 16:53:23,606 - VBJDU18422021801 - DEBUG - 选择选项
2018-09-26 16:53:25,717 - VBJDU18422021801 - INFO - 答案正确
2018-09-26 16:53:31,332 - VBJDU18422021801 - INFO - 本题结束
2018-09-26 16:53:31,337 - VBJDU18422021801 - DEBUG - 获取题目
2018-09-26 16:53:33,193 - VBJDU18422021801 - INFO - 第 4 题
2018-09-26 16:53:33,198 - VBJDU18422021801 - INFO - 第二次世界大战期间纳粹德国的三大名将，不包括下面哪位将领？
2018-09-26 16:53:33,202 - VBJDU18422021801 - INFO - A.曼施坦因 B.隆美尔 C.邓尼茨
2018-09-26 16:53:33,254 - VBJDU18422021801 - DEBUG - 数据库中检索答案
2018-09-26 16:53:33,254 - VBJDU18422021801 - INFO - 我的答案：邓尼茨
2018-09-26 16:53:34,322 - VBJDU18422021801 - DEBUG - 选择选项
2018-09-26 16:53:36,316 - VBJDU18422021801 - INFO - 答案正确
2018-09-26 16:53:40,755 - VBJDU18422021801 - INFO - 本题结束
2018-09-26 16:53:40,763 - VBJDU18422021801 - DEBUG - 获取题目
2018-09-26 16:53:43,121 - VBJDU18422021801 - INFO - 第 5 题
2018-09-26 16:53:43,121 - VBJDU18422021801 - INFO - 土星已经确认的有多少颗卫星？
2018-09-26 16:53:43,164 - VBJDU18422021801 - INFO - A.62颗 B.12颗 C.47颗
2018-09-26 16:53:43,173 - VBJDU18422021801 - DEBUG - 数据库中检索答案
2018-09-26 16:53:43,173 - VBJDU18422021801 - INFO - 我的答案：62颗
2018-09-26 16:53:44,274 - VBJDU18422021801 - DEBUG - 选择选项
2018-09-26 16:53:46,366 - VBJDU18422021801 - INFO - 答案正确
2018-09-26 16:53:48,657 - VBJDU18422021801 - INFO - 本题结束
2018-09-26 16:53:49,030 - VBJDU18422021801 - INFO - 比赛结果：第1名：1190分
2018-09-26 16:53:50,050 - VBJDU18422021801 - INFO - 本场比赛结束
2018-09-26 16:53:50,076 - VBJDU18422021801 - INFO - 返回游戏页面
2018-09-26 16:53:51,668 - VBJDU18422021801 - INFO - 进入排位赛
2018-09-26 16:53:51,684 - VBJDU18422021801 - INFO - 正在匹配中......
2018-09-26 16:54:22,508 - VBJDU18422021801 - INFO - 匹配成功
2018-09-26 16:54:22,511 - VBJDU18422021801 - DEBUG - 获取题目
2018-09-26 16:54:23,442 - VBJDU18422021801 - INFO - 第 1 题
2018-09-26 16:54:24,374 - VBJDU18422021801 - INFO - 下面哪一句不是贺知章的诗句？
2018-09-26 16:54:24,377 - VBJDU18422021801 - INFO - A.二月春风似剪刀 B.春风不改旧时波 C.明月何时照我还
2018-09-26 16:54:25,505 - VBJDU18422021801 - DEBUG - 在线检索答案
2018-09-26 16:54:25,505 - VBJDU18422021801 - INFO - 我的答案：二月春风似剪刀
2018-09-26 16:54:27,053 - VBJDU18422021801 - DEBUG - 选择选项
2018-09-26 16:54:29,151 - VBJDU18422021801 - INFO - 答案错误
2018-09-26 16:54:29,399 - VBJDU18422021801 - INFO - 正确答案；明月何时照我还
2018-09-26 16:54:29,405 - VBJDU18422021801 - DEBUG - 添加此题
2018-09-26 16:54:31,380 - VBJDU18422021801 - INFO - 本题结束
2018-09-26 16:54:31,382 - VBJDU18422021801 - DEBUG - 获取题目
2018-09-26 16:54:33,164 - VBJDU18422021801 - INFO - 第 2 题
2018-09-26 16:54:33,174 - VBJDU18422021801 - INFO - 古代女子一般多少岁会举行笄礼？
2018-09-26 16:54:33,206 - VBJDU18422021801 - INFO - A.15 B.16 C.17
2018-09-26 16:54:34,086 - VBJDU18422021801 - DEBUG - 在线检索答案
2018-09-26 16:54:34,086 - VBJDU18422021801 - INFO - 我的答案：15
2018-09-26 16:54:35,598 - VBJDU18422021801 - DEBUG - 选择选项
2018-09-26 16:54:37,684 - VBJDU18422021801 - INFO - 答案正确
2018-09-26 16:54:37,699 - VBJDU18422021801 - DEBUG - 添加此题
2018-09-26 16:54:39,335 - VBJDU18422021801 - INFO - 本题结束
2018-09-26 16:54:39,335 - VBJDU18422021801 - DEBUG - 获取题目
2018-09-26 16:54:41,179 - VBJDU18422021801 - INFO - 第 3 题
2018-09-26 16:54:41,187 - VBJDU18422021801 - INFO - 下列选项中，寿命最长的哺乳动物是哪个？
2018-09-26 16:54:41,220 - VBJDU18422021801 - INFO - A.河马 B.长颈鹿 C.大象
2018-09-26 16:54:41,233 - VBJDU18422021801 - DEBUG - 数据库中检索答案
2018-09-26 16:54:41,233 - VBJDU18422021801 - INFO - 我的答案：大象
2018-09-26 16:54:43,495 - VBJDU18422021801 - DEBUG - 选择选项
2018-09-26 16:54:45,624 - VBJDU18422021801 - INFO - 答案正确
2018-09-26 16:54:47,992 - VBJDU18422021801 - INFO - 本题结束
2018-09-26 16:54:47,993 - VBJDU18422021801 - DEBUG - 获取题目
2018-09-26 16:54:49,732 - VBJDU18422021801 - INFO - 第 4 题
2018-09-26 16:54:49,744 - VBJDU18422021801 - INFO - 化学元素铁属于哪个元素类别？
2018-09-26 16:54:49,747 - VBJDU18422021801 - INFO - A.贫金属 B.卤素 C.过渡金属
2018-09-26 16:54:50,808 - VBJDU18422021801 - DEBUG - 在线检索答案
2018-09-26 16:54:50,808 - VBJDU18422021801 - INFO - 我的答案：过渡金属
2018-09-26 16:54:52,303 - VBJDU18422021801 - DEBUG - 选择选项
2018-09-26 16:54:54,440 - VBJDU18422021801 - INFO - 答案正确
2018-09-26 16:54:54,449 - VBJDU18422021801 - DEBUG - 添加此题
2018-09-26 16:54:57,254 - VBJDU18422021801 - INFO - 本题结束
2018-09-26 16:54:57,257 - VBJDU18422021801 - DEBUG - 获取题目
2018-09-26 16:54:59,120 - VBJDU18422021801 - INFO - 第 5 题
2018-09-26 16:54:59,132 - VBJDU18422021801 - INFO - “东风无力，欲皱还休”是以下哪首词中的语句？
2018-09-26 16:54:59,136 - VBJDU18422021801 - INFO - A.点绛唇 B.眼儿媚 C.巽离络
2018-09-26 16:54:59,190 - VBJDU18422021801 - DEBUG - 数据库中检索答案
2018-09-26 16:54:59,190 - VBJDU18422021801 - INFO - 我的答案：眼儿媚
2018-09-26 16:55:01,689 - VBJDU18422021801 - DEBUG - 选择选项
2018-09-26 16:55:03,772 - VBJDU18422021801 - INFO - 答案正确
2018-09-26 16:55:06,753 - VBJDU18422021801 - INFO - 本题结束
2018-09-26 16:55:07,264 - VBJDU18422021801 - INFO - 比赛结果：第1名：920分
2018-09-26 16:55:08,276 - VBJDU18422021801 - INFO - 本场比赛结束
2018-09-26 16:55:08,347 - VBJDU18422021801 - INFO - 返回游戏页面
2018-09-26 16:55:09,857 - VBJDU18422021801 - INFO - 进入排位赛
2018-09-26 16:55:09,870 - VBJDU18422021801 - INFO - 正在匹配中......
2018-09-26 16:56:28,957 - VBJDU18422021801 - INFO - 匹配成功
2018-09-26 16:56:28,965 - VBJDU18422021801 - DEBUG - 获取题目
2018-09-26 16:56:29,324 - VBJDU18422021801 - INFO - 第 1 题
2018-09-26 16:56:29,331 - VBJDU18422021801 - INFO - “胸意如歌啼吉语，身姿若凤舞朝晖。”打一生肖？
2018-09-26 16:56:29,364 - VBJDU18422021801 - INFO - A.狗 B.龙 C.鸡
2018-09-26 16:56:30,096 - VBJDU18422021801 - DEBUG - 在线检索答案
2018-09-26 16:56:30,096 - VBJDU18422021801 - INFO - 我的答案：龙
2018-09-26 16:56:31,298 - VBJDU18422021801 - DEBUG - 选择选项
2018-09-26 16:56:33,234 - VBJDU18422021801 - INFO - 答案错误
2018-09-26 16:56:33,457 - VBJDU18422021801 - INFO - 正确答案；鸡
2018-09-26 16:56:33,466 - VBJDU18422021801 - DEBUG - 添加此题
2018-09-26 16:56:37,601 - VBJDU18422021801 - INFO - 本题结束
2018-09-26 16:56:37,612 - VBJDU18422021801 - DEBUG - 获取题目
2018-09-26 16:56:39,561 - VBJDU18422021801 - INFO - 第 2 题
2018-09-26 16:56:39,562 - VBJDU18422021801 - INFO - 以下数字中，哪一个数既是2和5的倍数，又是3的倍数？
2018-09-26 16:56:39,564 - VBJDU18422021801 - INFO - A.360 B.36 C.75
2018-09-26 16:56:40,900 - VBJDU18422021801 - DEBUG - 在线检索答案
2018-09-26 16:56:40,901 - VBJDU18422021801 - INFO - 我的答案：75
2018-09-26 16:56:43,314 - VBJDU18422021801 - DEBUG - 选择选项
2018-09-26 16:56:45,272 - VBJDU18422021801 - INFO - 答案错误
2018-09-26 16:56:45,381 - VBJDU18422021801 - INFO - 正确答案；360
2018-09-26 16:56:45,387 - VBJDU18422021801 - DEBUG - 添加此题
2018-09-26 16:56:49,112 - VBJDU18422021801 - INFO - 本题结束
2018-09-26 16:56:49,114 - VBJDU18422021801 - DEBUG - 获取题目
2018-09-26 16:56:50,949 - VBJDU18422021801 - INFO - 第 3 题
2018-09-26 16:56:50,958 - VBJDU18422021801 - INFO - 中国古代把新年首日称为？
2018-09-26 16:56:50,959 - VBJDU18422021801 - INFO - A.鸡日 B.牛日 C.猪日
2018-09-26 16:56:52,097 - VBJDU18422021801 - DEBUG - 在线检索答案
2018-09-26 16:56:52,097 - VBJDU18422021801 - INFO - 我的答案：鸡日
2018-09-26 16:56:54,314 - VBJDU18422021801 - DEBUG - 选择选项
2018-09-26 16:56:56,378 - VBJDU18422021801 - INFO - 答案正确
2018-09-26 16:56:56,387 - VBJDU18422021801 - DEBUG - 添加此题
2018-09-26 16:57:01,023 - VBJDU18422021801 - INFO - 本题结束
2018-09-26 16:57:01,024 - VBJDU18422021801 - DEBUG - 获取题目
2018-09-26 16:57:03,032 - VBJDU18422021801 - INFO - 第 4 题
2018-09-26 16:57:03,034 - VBJDU18422021801 - INFO - 无冕之王是对从事那种职业的人们的尊称
2018-09-26 16:57:03,038 - VBJDU18422021801 - INFO - A.记者 B.演员 C.教师
2018-09-26 16:57:03,715 - VBJDU18422021801 - DEBUG - 在线检索答案
2018-09-26 16:57:03,715 - VBJDU18422021801 - INFO - 我的答案：记者
2018-09-26 16:57:06,062 - VBJDU18422021801 - DEBUG - 选择选项
2018-09-26 16:57:08,096 - VBJDU18422021801 - INFO - 答案正确
2018-09-26 16:57:08,101 - VBJDU18422021801 - DEBUG - 添加此题
2018-09-26 16:57:09,236 - VBJDU18422021801 - INFO - 本题结束
2018-09-26 16:57:09,252 - VBJDU18422021801 - DEBUG - 获取题目
2018-09-26 16:57:11,136 - VBJDU18422021801 - INFO - 第 5 题
2018-09-26 16:57:11,136 - VBJDU18422021801 - INFO - 培养了冼星海、贺绿汀等人，被誉为“中国近代音乐教育宗师”的是
2018-09-26 16:57:11,177 - VBJDU18422021801 - INFO - A.聂耳 B.萧友梅 C.谭盾
2018-09-26 16:57:11,201 - VBJDU18422021801 - DEBUG - 数据库中检索答案
2018-09-26 16:57:11,201 - VBJDU18422021801 - INFO - 我的答案：萧友梅
2018-09-26 16:57:12,886 - VBJDU18422021801 - DEBUG - 选择选项
2018-09-26 16:57:14,948 - VBJDU18422021801 - INFO - 答案正确
2018-09-26 16:57:19,286 - VBJDU18422021801 - INFO - 本题结束
2018-09-26 16:57:19,618 - VBJDU18422021801 - INFO - 比赛结果：第3名：700分
2018-09-26 16:57:20,644 - VBJDU18422021801 - INFO - 本场比赛结束
2018-09-26 16:57:20,718 - VBJDU18422021801 - INFO - 返回游戏页面
2018-09-26 16:57:22,244 - VBJDU18422021801 - INFO - 进入排位赛
2018-09-26 16:57:22,247 - VBJDU18422021801 - INFO - 正在匹配中......
2018-09-26 16:57:42,829 - VBJDU18422021801 - INFO - 匹配成功
2018-09-26 16:57:42,837 - VBJDU18422021801 - DEBUG - 获取题目
2018-09-26 16:57:43,187 - VBJDU18422021801 - INFO - 第 1 题
2018-09-26 16:57:43,193 - VBJDU18422021801 - INFO - 比利时球员巴舒亚伊目前在哪支球队效力？
2018-09-26 16:57:43,195 - VBJDU18422021801 - INFO - A.勒沃库森 B.多特蒙德 C.云达不莱梅
2018-09-26 16:57:43,223 - VBJDU18422021801 - DEBUG - 数据库中检索答案
2018-09-26 16:57:43,223 - VBJDU18422021801 - INFO - 我的答案：多特蒙德
2018-09-26 16:57:44,898 - VBJDU18422021801 - DEBUG - 选择选项
2018-09-26 16:57:46,863 - VBJDU18422021801 - INFO - 答案正确
2018-09-26 16:57:50,580 - VBJDU18422021801 - INFO - 本题结束
2018-09-26 16:57:50,587 - VBJDU18422021801 - DEBUG - 获取题目
2018-09-26 16:57:52,419 - VBJDU18422021801 - INFO - 第 2 题
2018-09-26 16:57:52,420 - VBJDU18422021801 - INFO - 著名导演徐克的妻子是谁？
2018-09-26 16:57:52,423 - VBJDU18422021801 - INFO - A.施南生 B.徐濠萦 C.刘嘉玲
2018-09-26 16:57:53,316 - VBJDU18422021801 - DEBUG - 在线检索答案
2018-09-26 16:57:53,316 - VBJDU18422021801 - INFO - 我的答案：施南生
2018-09-26 16:57:54,788 - VBJDU18422021801 - DEBUG - 选择选项
2018-09-26 16:57:56,824 - VBJDU18422021801 - INFO - 答案正确
2018-09-26 16:57:56,835 - VBJDU18422021801 - DEBUG - 添加此题
2018-09-26 16:57:58,960 - VBJDU18422021801 - INFO - 本题结束
2018-09-26 16:57:58,965 - VBJDU18422021801 - DEBUG - 获取题目
2018-09-26 16:58:00,779 - VBJDU18422021801 - INFO - 第 3 题
2018-09-26 16:58:00,791 - VBJDU18422021801 - INFO - 小品《公交协奏曲》中，公交车的车票价钱是？
2018-09-26 16:58:00,830 - VBJDU18422021801 - INFO - A.3元 B.2元 C.1元
2018-09-26 16:58:00,832 - VBJDU18422021801 - DEBUG - 数据库中检索答案
2018-09-26 16:58:00,832 - VBJDU18422021801 - INFO - 我的答案：1元
2018-09-26 16:58:02,851 - VBJDU18422021801 - DEBUG - 选择选项
2018-09-26 16:58:04,959 - VBJDU18422021801 - INFO - 答案正确
2018-09-26 16:58:07,827 - VBJDU18422021801 - INFO - 本题结束
2018-09-26 16:58:07,842 - VBJDU18422021801 - DEBUG - 获取题目
2018-09-26 16:58:09,599 - VBJDU18422021801 - INFO - 第 4 题
2018-09-26 16:58:09,606 - VBJDU18422021801 - INFO - 歌曲《风继续吹》，是哥哥张国荣主演的哪一部电影的主题曲？
2018-09-26 16:58:09,610 - VBJDU18422021801 - INFO - A.《纵横四海》 B.《倩女幽魂》 C.《阿飞正传》
2018-09-26 16:58:10,699 - VBJDU18422021801 - DEBUG - 在线检索答案
2018-09-26 16:58:10,699 - VBJDU18422021801 - INFO - 我的答案：《纵横四海》
2018-09-26 16:58:12,649 - VBJDU18422021801 - DEBUG - 选择选项
2018-09-26 16:58:14,656 - VBJDU18422021801 - INFO - 答案正确
2018-09-26 16:58:14,663 - VBJDU18422021801 - DEBUG - 添加此题
2018-09-26 16:58:16,720 - VBJDU18422021801 - INFO - 本题结束
2018-09-26 16:58:16,720 - VBJDU18422021801 - DEBUG - 获取题目
2018-09-26 16:58:18,543 - VBJDU18422021801 - INFO - 第 5 题
2018-09-26 16:58:18,553 - VBJDU18422021801 - INFO - 圣彼得大教堂是世界最大的教堂之一，它位于何处？
2018-09-26 16:58:18,557 - VBJDU18422021801 - INFO - A.梵蒂冈 B.君士坦丁堡 C.耶路撒冷
2018-09-26 16:58:18,577 - VBJDU18422021801 - DEBUG - 数据库中检索答案
2018-09-26 16:58:18,583 - VBJDU18422021801 - INFO - 我的答案：梵蒂冈
2018-09-26 16:58:19,606 - VBJDU18422021801 - DEBUG - 选择选项
2018-09-26 16:58:21,628 - VBJDU18422021801 - INFO - 答案正确
2018-09-26 16:58:26,387 - VBJDU18422021801 - INFO - 本题结束
2018-09-26 16:58:26,672 - VBJDU18422021801 - INFO - 比赛结果：第1名：1200分
2018-09-26 16:58:27,688 - VBJDU18422021801 - INFO - 本场比赛结束
2018-09-26 16:58:27,812 - VBJDU18422021801 - INFO - 返回游戏页面
2018-09-26 16:58:29,388 - VBJDU18422021801 - INFO - 进入排位赛
2018-09-26 16:58:29,391 - VBJDU18422021801 - INFO - 正在匹配中......
2018-09-26 16:59:25,906 - VBJDU18422021801 - INFO - 匹配成功
2018-09-26 16:59:25,909 - VBJDU18422021801 - DEBUG - 获取题目
2018-09-26 16:59:26,225 - VBJDU18422021801 - INFO - 第 1 题
2018-09-26 16:59:26,231 - VBJDU18422021801 - INFO - 孔子依据哪国史官所编《春秋》加以整理修订，成为儒家经典之一。
2018-09-26 16:59:26,237 - VBJDU18422021801 - INFO - A.鲁国 B.齐国 C.魏国
2018-09-26 16:59:27,521 - VBJDU18422021801 - DEBUG - 在线检索答案
2018-09-26 16:59:27,692 - VBJDU18422021801 - INFO - 我的答案：鲁国
2018-09-26 16:59:29,095 - VBJDU18422021801 - DEBUG - 选择选项
2018-09-26 16:59:31,055 - VBJDU18422021801 - INFO - 答案正确
2018-09-26 16:59:31,066 - VBJDU18422021801 - DEBUG - 添加此题
2018-09-26 16:59:34,904 - VBJDU18422021801 - INFO - 本题结束
2018-09-26 16:59:34,906 - VBJDU18422021801 - DEBUG - 获取题目
2018-09-26 16:59:36,766 - VBJDU18422021801 - INFO - 第 2 题
2018-09-26 16:59:36,766 - VBJDU18422021801 - INFO - “泪眼问花花不语”的下一句是什么？
2018-09-26 16:59:36,804 - VBJDU18422021801 - INFO - A.雨横风狂三月暮 B.楼高不见章台路 C.乱红飞过秋千去
2018-09-26 16:59:37,679 - VBJDU18422021801 - DEBUG - 在线检索答案
2018-09-26 16:59:37,679 - VBJDU18422021801 - INFO - 我的答案：雨横风狂三月暮
2018-09-26 16:59:39,643 - VBJDU18422021801 - DEBUG - 选择选项
2018-09-26 16:59:41,636 - VBJDU18422021801 - INFO - 答案错误
2018-09-26 16:59:41,840 - VBJDU18422021801 - INFO - 正确答案；乱红飞过秋千去
2018-09-26 16:59:41,842 - VBJDU18422021801 - DEBUG - 添加此题
2018-09-26 16:59:46,975 - VBJDU18422021801 - INFO - 本题结束
2018-09-26 16:59:46,990 - VBJDU18422021801 - DEBUG - 获取题目
2018-09-26 16:59:48,720 - VBJDU18422021801 - INFO - 第 3 题
2018-09-26 16:59:48,736 - VBJDU18422021801 - INFO - 宋玉的《答楚王问》中，与《阳春白雪》相对的曲子叫什么？
2018-09-26 16:59:48,769 - VBJDU18422021801 - INFO - A.下里巴人 B.十面埋伏 C.曲高和寡
2018-09-26 16:59:49,423 - VBJDU18422021801 - DEBUG - 在线检索答案
2018-09-26 16:59:49,423 - VBJDU18422021801 - INFO - 我的答案：下里巴人
2018-09-26 16:59:51,512 - VBJDU18422021801 - DEBUG - 选择选项
2018-09-26 16:59:53,501 - VBJDU18422021801 - INFO - 答案正确
2018-09-26 16:59:53,504 - VBJDU18422021801 - DEBUG - 添加此题
2018-09-26 16:59:58,195 - VBJDU18422021801 - INFO - 本题结束
2018-09-26 16:59:58,196 - VBJDU18422021801 - DEBUG - 获取题目
2018-09-26 17:00:00,076 - VBJDU18422021801 - INFO - 第 4 题
2018-09-26 17:00:00,077 - VBJDU18422021801 - INFO - 下列哪个地区不是著名的火腿产地？
2018-09-26 17:00:00,080 - VBJDU18422021801 - INFO - A.诺邓 B.宣威 C.莱阳
2018-09-26 17:00:00,103 - VBJDU18422021801 - DEBUG - 数据库中检索答案
2018-09-26 17:00:00,103 - VBJDU18422021801 - INFO - 我的答案：莱阳
2018-09-26 17:00:01,841 - VBJDU18422021801 - DEBUG - 选择选项
2018-09-26 17:00:03,899 - VBJDU18422021801 - INFO - 答案正确
2018-09-26 17:00:06,810 - VBJDU18422021801 - INFO - 本题结束
2018-09-26 17:00:06,823 - VBJDU18422021801 - DEBUG - 获取题目
2018-09-26 17:00:08,810 - VBJDU18422021801 - INFO - 第 5 题
2018-09-26 17:00:08,813 - VBJDU18422021801 - INFO - 第一届中国围棋甲级联赛冠军队伍是？
2018-09-26 17:00:08,816 - VBJDU18422021801 - INFO - A.上海移动通信队 B.重庆建设摩托队 C.北京大宝队
2018-09-26 17:00:08,835 - VBJDU18422021801 - DEBUG - 数据库中检索答案
2018-09-26 17:00:08,835 - VBJDU18422021801 - INFO - 我的答案：重庆建设摩托队
2018-09-26 17:00:11,050 - VBJDU18422021801 - DEBUG - 选择选项
2018-09-26 17:00:13,046 - VBJDU18422021801 - INFO - 答案正确
2018-09-26 17:00:17,009 - VBJDU18422021801 - INFO - 本题结束
2018-09-26 17:00:17,343 - VBJDU18422021801 - INFO - 比赛结果：第1名：890分
2018-09-26 17:00:18,358 - VBJDU18422021801 - INFO - 本场比赛结束
2018-09-26 17:00:18,459 - VBJDU18422021801 - INFO - 返回游戏页面
2018-09-26 17:00:20,037 - VBJDU18422021801 - INFO - 进入排位赛
2018-09-26 17:00:20,037 - VBJDU18422021801 - INFO - 正在匹配中......
